[ITER 1] New best cost=3098002.07 (feasible=YES, time 1.73689s)
[ITER 2] New best cost=3093295.40 (feasible=YES, time 3.24518s)
[ITER 3] New best cost=3080019.77 (feasible=YES, time 4.71186s)
[ITER 4] New best cost=3065595.91 (feasible=YES, time 6.02542s)
[ITER 5] New best cost=3046429.82 (feasible=YES, time 7.56842s)
[ITER 7] New best cost=3044652.44 (feasible=YES, time 10.4677s)
[ITER 8] New best cost=3041876.26 (feasible=YES, time 11.9326s)
[ITER 9] New best cost=3023752.49 (feasible=YES, time 13.3008s)
[ITER 10] [TS] New best cost=3010077.49 (feasible=YES, time 15.2257s)
[ITER 10] bestGlobalCost=3010077.49 (feasible=YES) bestThisIter=3020549.02 feasibleAnts=10 noImprove=1 (elapsed 17.3469s)
[ITER 13] New best cost=3001500.67 (feasible=YES, time 21.3496s)
[ITER 14] New best cost=2999744.97 (feasible=YES, time 22.4514s)
[ITER 19] New best cost=2996986.84 (feasible=YES, time 28.0619s)
[ITER 20] [TS] New best cost=2996003.22 (feasible=YES, time 30.2633s)
[ITER 20] bestGlobalCost=2996003.22 (feasible=YES) bestThisIter=2998761.35 feasibleAnts=11 noImprove=1 (elapsed 31.6736s)
[ITER 30] bestGlobalCost=2996003.22 (feasible=YES) bestThisIter=2998120.16 feasibleAnts=11 noImprove=11 (elapsed 48.4229s)
[ITER 40] bestGlobalCost=2996003.22 (feasible=YES) bestThisIter=2996003.22 feasibleAnts=11 noImprove=21 (elapsed 65.0983s)
[RESET] no improvement for30-> reset pheromones
[ITER 50] bestGlobalCost=2996003.22 (feasible=YES) bestThisIter=3119783.15 feasibleAnts=10 noImprove=1 (elapsed 81.5934s)
[ITER 60] bestGlobalCost=2996003.22 (feasible=YES) bestThisIter=2996003.22 feasibleAnts=10 noImprove=11 (elapsed 98.3037s)
[ITER 70] bestGlobalCost=2996003.22 (feasible=YES) bestThisIter=2996003.22 feasibleAnts=10 noImprove=21 (elapsed 114.301s)
[RESET] no improvement for30-> reset pheromones
[ITER 80] bestGlobalCost=2996003.22 (feasible=YES) bestThisIter=3139224.65 feasibleAnts=10 noImprove=1 (elapsed 132.333s)
[ITER 90] bestGlobalCost=2996003.22 (feasible=YES) bestThisIter=2996003.22 feasibleAnts=11 noImprove=11 (elapsed 149.511s)
[ITER 100] bestGlobalCost=2996003.22 (feasible=YES) bestThisIter=2996003.22 feasibleAnts=11 noImprove=21 (elapsed 169.451s)
[RESET] no improvement for30-> reset pheromones
[ITER 110] bestGlobalCost=2996003.22 (feasible=YES) bestThisIter=3138275.57 feasibleAnts=10 noImprove=1 (elapsed 186.803s)
[ITER 120] bestGlobalCost=2996003.22 (feasible=YES) bestThisIter=2996003.22 feasibleAnts=12 noImprove=11 (elapsed 204.211s)
[ITER 130] bestGlobalCost=2996003.22 (feasible=YES) bestThisIter=2996003.22 feasibleAnts=10 noImprove=21 (elapsed 222.502s)
[RESET] no improvement for30-> reset pheromones
[ITER 140] bestGlobalCost=2996003.22 (feasible=YES) bestThisIter=3147132.96 feasibleAnts=10 noImprove=1 (elapsed 241.464s)
[ITER 150] bestGlobalCost=2996003.22 (feasible=YES) bestThisIter=2996003.22 feasibleAnts=11 noImprove=11 (elapsed 259.182s)
[ITER 160] bestGlobalCost=2996003.22 (feasible=YES) bestThisIter=2996003.22 feasibleAnts=11 noImprove=21 (elapsed 276.442s)
[RESET] no improvement for30-> reset pheromones
[ITER 170] bestGlobalCost=2996003.22 (feasible=YES) bestThisIter=3132975.56 feasibleAnts=10 noImprove=1 (elapsed 295.096s)
90 91 92 93 94 95 96 97 98 193 194 195 216 217 218 
51 52 53 76 77 79 154 155 176 177 178 179 180 201 203 
10 11 12 13 14 15 16 17 18 19 136 137 138 141 
26 27 28 29 30 31 32 127 128 129 130 135 151 152 153 156 
78 80 81 82 83 84 85 86 184 185 206 207 208 
69 70 71 72 73 74 75 173 174 175 191 196 197 198 199 200 
110 111 112 113 114 115 116 117 211 212 213 214 215 219 220 
41 42 43 44 45 46 47 142 143 144 145 166 167 168 169 170 
99 100 118 119 120 121 122 123 124 125 221 222 223 224 225 
1 2 3 4 5 6 7 8 9 126 131 132 133 134 
54 55 56 57 58 59 60 61 62 158 159 160 181 182 183 
63 64 65 66 67 68 87 88 89 186 187 188 189 190 192 
101 102 103 104 105 106 107 108 109 202 204 205 209 210 
33 34 35 36 37 38 39 40 139 140 157 161 162 163 164 165 
20 21 22 23 24 25 48 49 50 146 147 148 149 150 171 172 
[SAVELOGS] evolution saved to results/logs/aco_logs/evolution/ts225_15_2.txt
[SAVELOGS] best cost saved to results/logs/aco_logs/objectives/ts225_15_2.txt
[SAVELOGS] best solution saved to results/logs/aco_logs/solutions/ts225_15_2.txt
