[ITER 1] New best cost=300978.69 (feasible=YES, time 0.0959292s)
[ITER 2] New best cost=298676.97 (feasible=YES, time 0.160637s)
[ITER 3] New best cost=296890.05 (feasible=YES, time 0.226401s)
[ITER 6] New best cost=296628.60 (feasible=YES, time 0.488179s)
[ITER 9] New best cost=295491.68 (feasible=YES, time 0.642324s)
[ITER 10] bestGlobalCost=295491.68 (feasible=YES) bestThisIter=295491.68 feasibleAnts=9 noImprove=1 (elapsed 0.683708s)
[ITER 20] bestGlobalCost=295491.68 (feasible=YES) bestThisIter=295491.68 feasibleAnts=12 noImprove=11 (elapsed 5.94086s)
[ITER 30] bestGlobalCost=295491.68 (feasible=YES) bestThisIter=295491.68 feasibleAnts=10 noImprove=21 (elapsed 11.0441s)
[RESET] no improvement for30-> reset pheromones
[ITER 40] bestGlobalCost=295491.68 (feasible=YES) bestThisIter=303282.37 feasibleAnts=10 noImprove=1 (elapsed 11.7758s)
[ITER 50] bestGlobalCost=295491.68 (feasible=YES) bestThisIter=298622.46 feasibleAnts=10 noImprove=11 (elapsed 17.4156s)
[ITER 60] bestGlobalCost=295491.68 (feasible=YES) bestThisIter=295491.68 feasibleAnts=10 noImprove=21 (elapsed 22.9736s)
[RESET] no improvement for30-> reset pheromones
[ITER 70] bestGlobalCost=295491.68 (feasible=YES) bestThisIter=305225.18 feasibleAnts=10 noImprove=1 (elapsed 23.6098s)
[ITER 80] bestGlobalCost=295491.68 (feasible=YES) bestThisIter=295491.68 feasibleAnts=10 noImprove=11 (elapsed 29.0118s)
[ITER 90] bestGlobalCost=295491.68 (feasible=YES) bestThisIter=297126.27 feasibleAnts=10 noImprove=21 (elapsed 34.242s)
[RESET] no improvement for30-> reset pheromones
[ITER 100] bestGlobalCost=295491.68 (feasible=YES) bestThisIter=302824.26 feasibleAnts=10 noImprove=1 (elapsed 34.7723s)
[ITER 110] bestGlobalCost=295491.68 (feasible=YES) bestThisIter=296962.31 feasibleAnts=10 noImprove=11 (elapsed 40.5029s)
[ITER 120] bestGlobalCost=295491.68 (feasible=YES) bestThisIter=295491.68 feasibleAnts=10 noImprove=21 (elapsed 45.7541s)
[RESET] no improvement for30-> reset pheromones
[ITER 130] bestGlobalCost=295491.68 (feasible=YES) bestThisIter=306907.37 feasibleAnts=10 noImprove=1 (elapsed 46.4289s)
[ITER 137] New best cost=295051.67 (feasible=YES, time 51.4975s)
[ITER 140] bestGlobalCost=295051.67 (feasible=YES) bestThisIter=295051.67 feasibleAnts=10 noImprove=3 (elapsed 51.7194s)
[ITER 150] bestGlobalCost=295051.67 (feasible=YES) bestThisIter=295051.67 feasibleAnts=9 noImprove=13 (elapsed 57.314s)
[ITER 160] bestGlobalCost=295051.67 (feasible=YES) bestThisIter=295051.67 feasibleAnts=10 noImprove=23 (elapsed 57.9817s)
9 12 29 49 52 56 57 65 72 73 74 75 77 79 81 82 87 91 92 95 99 100 101 103 106 111 123 
4 6 10 14 17 35 37 38 40 42 44 46 47 51 53 55 58 60 67 80 93 102 118 120 122 
3 8 13 18 20 21 22 23 28 30 33 59 66 78 83 85 90 96 108 112 114 115 121 125 126 130 
7 15 19 24 25 27 31 32 34 36 43 48 63 68 70 84 86 89 94 98 104 107 110 113 116 119 
1 2 5 11 16 26 39 41 45 50 54 61 62 64 69 71 76 88 97 105 109 117 124 127 128 129 
[SAVELOGS] evolution saved to results/logs/ch130_05_5/evolution/ch130_05_5
[SAVELOGS] best cost saved to results/logs/ch130_05_5/objectives/ch130_05_5
[SAVELOGS] best solution saved to results/logs/ch130_05_5/solutions/ch130_05_5
