[ITER 1] New best cost=547942.25 (feasible=YES, time 3.56581s)
[ITER 1] bestGlobalCost=547942.25 (feasible=YES) bestThisIter=547942.25 feasibleAnts=10 noImprove=0 (elapsed 3.57022s)
[ITER 2] [TS] New best cost=511773.92 (feasible=YES, time 14.8199s)
[ITER 2] bestGlobalCost=511773.92 (feasible=YES) bestThisIter=536622.38 feasibleAnts=9 noImprove=1 (elapsed 14.8246s)
[ITER 3] bestGlobalCost=511773.92 (feasible=YES) bestThisIter=521690.35 feasibleAnts=10 noImprove=2 (elapsed 17.1892s)
[ITER 4] [TS] New best cost=508304.43 (feasible=YES, time 27.3613s)
[ITER 4] bestGlobalCost=508304.43 (feasible=YES) bestThisIter=516285.45 feasibleAnts=10 noImprove=1 (elapsed 27.3656s)
[ITER 5] bestGlobalCost=508304.43 (feasible=YES) bestThisIter=523776.66 feasibleAnts=10 noImprove=2 (elapsed 29.371s)
[ITER 6] [TS] New best cost=507086.56 (feasible=YES, time 39.443s)
[ITER 6] bestGlobalCost=507086.56 (feasible=YES) bestThisIter=529438.07 feasibleAnts=10 noImprove=1 (elapsed 39.4477s)
[ITER 7] bestGlobalCost=507086.56 (feasible=YES) bestThisIter=515999.23 feasibleAnts=10 noImprove=2 (elapsed 41.2293s)
[ITER 8] [TS] New best cost=506706.90 (feasible=YES, time 51.1387s)
[ITER 8] bestGlobalCost=506706.90 (feasible=YES) bestThisIter=523244.97 feasibleAnts=9 noImprove=1 (elapsed 51.1429s)
[ITER 9] bestGlobalCost=506706.90 (feasible=YES) bestThisIter=518715.24 feasibleAnts=10 noImprove=2 (elapsed 52.9339s)
[ITER 10] [TS] New best cost=503831.64 (feasible=YES, time 62.8774s)
[ITER 10] bestGlobalCost=503831.64 (feasible=YES) bestThisIter=521754.01 feasibleAnts=9 noImprove=1 (elapsed 62.8817s)
[ITER 11] bestGlobalCost=503831.64 (feasible=YES) bestThisIter=515601.66 feasibleAnts=10 noImprove=2 (elapsed 64.7863s)
[ITER 12] [TS] New best cost=502192.44 (feasible=YES, time 75.4249s)
[ITER 12] bestGlobalCost=502192.44 (feasible=YES) bestThisIter=518946.30 feasibleAnts=9 noImprove=1 (elapsed 75.4285s)
[ITER 13] bestGlobalCost=502192.44 (feasible=YES) bestThisIter=513936.70 feasibleAnts=8 noImprove=2 (elapsed 76.8125s)
[ITER 14] bestGlobalCost=502192.44 (feasible=YES) bestThisIter=514312.93 feasibleAnts=10 noImprove=3 (elapsed 86.5455s)
[ITER 15] bestGlobalCost=502192.44 (feasible=YES) bestThisIter=507741.94 feasibleAnts=9 noImprove=4 (elapsed 88.2517s)
[ITER 16] [TS] New best cost=501574.45 (feasible=YES, time 98.3513s)
[ITER 16] bestGlobalCost=501574.45 (feasible=YES) bestThisIter=502077.27 feasibleAnts=10 noImprove=1 (elapsed 98.354s)
[ITER 17] New best cost=501177.93 (feasible=YES, time 100.018s)
[ITER 17] bestGlobalCost=501177.93 (feasible=YES) bestThisIter=501177.93 feasibleAnts=10 noImprove=0 (elapsed 100.022s)
[ITER 18] [TS] New best cost=497985.83 (feasible=YES, time 109.995s)
[ITER 18] bestGlobalCost=497985.83 (feasible=YES) bestThisIter=501177.93 feasibleAnts=11 noImprove=1 (elapsed 109.999s)
[ITER 19] bestGlobalCost=497985.83 (feasible=YES) bestThisIter=501372.61 feasibleAnts=10 noImprove=2 (elapsed 111.544s)
[ITER 20] bestGlobalCost=497985.83 (feasible=YES) bestThisIter=504905.74 feasibleAnts=10 noImprove=3 (elapsed 121.586s)
[ITER 21] bestGlobalCost=497985.83 (feasible=YES) bestThisIter=501225.11 feasibleAnts=10 noImprove=4 (elapsed 123.086s)
[ITER 22] [TS] New best cost=497563.20 (feasible=YES, time 133.267s)
[ITER 22] bestGlobalCost=497563.20 (feasible=YES) bestThisIter=501424.97 feasibleAnts=10 noImprove=1 (elapsed 133.27s)
[ITER 23] bestGlobalCost=497563.20 (feasible=YES) bestThisIter=497985.83 feasibleAnts=10 noImprove=2 (elapsed 134.686s)
[ITER 24] bestGlobalCost=497563.20 (feasible=YES) bestThisIter=500362.68 feasibleAnts=10 noImprove=3 (elapsed 144.97s)
[ITER 25] bestGlobalCost=497563.20 (feasible=YES) bestThisIter=497940.77 feasibleAnts=10 noImprove=4 (elapsed 146.711s)
[ITER 26] bestGlobalCost=497563.20 (feasible=YES) bestThisIter=502595.61 feasibleAnts=10 noImprove=5 (elapsed 156.238s)
[ITER 27] bestGlobalCost=497563.20 (feasible=YES) bestThisIter=503660.96 feasibleAnts=9 noImprove=6 (elapsed 157.284s)
[ITER 28] [TS] New best cost=495667.11 (feasible=YES, time 168.258s)
[ITER 28] bestGlobalCost=495667.11 (feasible=YES) bestThisIter=497563.20 feasibleAnts=10 noImprove=1 (elapsed 168.261s)
[ITER 29] bestGlobalCost=495667.11 (feasible=YES) bestThisIter=497563.20 feasibleAnts=10 noImprove=2 (elapsed 169.535s)
[ITER 30] bestGlobalCost=495667.11 (feasible=YES) bestThisIter=504879.11 feasibleAnts=10 noImprove=3 (elapsed 178.938s)
[ITER 31] bestGlobalCost=495667.11 (feasible=YES) bestThisIter=498234.47 feasibleAnts=10 noImprove=4 (elapsed 181.029s)
[ITER 32] [TS] New best cost=490194.73 (feasible=YES, time 191.822s)
[ITER 32] bestGlobalCost=490194.73 (feasible=YES) bestThisIter=495425.12 feasibleAnts=10 noImprove=1 (elapsed 191.826s)
[ITER 33] bestGlobalCost=490194.73 (feasible=YES) bestThisIter=495321.11 feasibleAnts=10 noImprove=2 (elapsed 193.007s)
[ITER 34] bestGlobalCost=490194.73 (feasible=YES) bestThisIter=506652.59 feasibleAnts=10 noImprove=3 (elapsed 202.886s)
[ITER 35] bestGlobalCost=490194.73 (feasible=YES) bestThisIter=495302.09 feasibleAnts=10 noImprove=4 (elapsed 203.971s)
[ITER 36] bestGlobalCost=490194.73 (feasible=YES) bestThisIter=490914.17 feasibleAnts=9 noImprove=5 (elapsed 213.399s)
[ITER 37] bestGlobalCost=490194.73 (feasible=YES) bestThisIter=500516.17 feasibleAnts=10 noImprove=6 (elapsed 215.169s)
[ITER 38] bestGlobalCost=490194.73 (feasible=YES) bestThisIter=494821.66 feasibleAnts=10 noImprove=7 (elapsed 225.51s)
[ITER 39] bestGlobalCost=490194.73 (feasible=YES) bestThisIter=490194.73 feasibleAnts=10 noImprove=8 (elapsed 226.686s)
[ITER 40] bestGlobalCost=490194.73 (feasible=YES) bestThisIter=491917.26 feasibleAnts=10 noImprove=9 (elapsed 236.032s)
[ITER 41] bestGlobalCost=490194.73 (feasible=YES) bestThisIter=494920.02 feasibleAnts=10 noImprove=10 (elapsed 239.124s)
[ITER 42] bestGlobalCost=490194.73 (feasible=YES) bestThisIter=493487.99 feasibleAnts=10 noImprove=11 (elapsed 249.34s)
[ITER 43] bestGlobalCost=490194.73 (feasible=YES) bestThisIter=490194.73 feasibleAnts=9 noImprove=12 (elapsed 251.364s)
[ITER 44] bestGlobalCost=490194.73 (feasible=YES) bestThisIter=494711.87 feasibleAnts=10 noImprove=13 (elapsed 261.539s)
[ITER 45] bestGlobalCost=490194.73 (feasible=YES) bestThisIter=501421.71 feasibleAnts=10 noImprove=14 (elapsed 263.123s)
[ITER 46] bestGlobalCost=490194.73 (feasible=YES) bestThisIter=510159.98 feasibleAnts=10 noImprove=15 (elapsed 273.683s)
[ITER 47] bestGlobalCost=490194.73 (feasible=YES) bestThisIter=504585.16 feasibleAnts=10 noImprove=16 (elapsed 275.691s)
[ITER 48] bestGlobalCost=490194.73 (feasible=YES) bestThisIter=508284.21 feasibleAnts=10 noImprove=17 (elapsed 286.411s)
[ITER 49] bestGlobalCost=490194.73 (feasible=YES) bestThisIter=505660.71 feasibleAnts=10 noImprove=18 (elapsed 289.053s)
[ITER 50] bestGlobalCost=490194.73 (feasible=YES) bestThisIter=507702.92 feasibleAnts=10 noImprove=19 (elapsed 299.892s)
[ITER 51] bestGlobalCost=490194.73 (feasible=YES) bestThisIter=494851.56 feasibleAnts=10 noImprove=20 (elapsed 302.998s)
[ITER 52] bestGlobalCost=490194.73 (feasible=YES) bestThisIter=499478.45 feasibleAnts=10 noImprove=21 (elapsed 314.547s)
[ITER 53] bestGlobalCost=490194.73 (feasible=YES) bestThisIter=517710.98 feasibleAnts=10 noImprove=22 (elapsed 316.436s)
[ITER 54] bestGlobalCost=490194.73 (feasible=YES) bestThisIter=513300.72 feasibleAnts=10 noImprove=23 (elapsed 328.048s)
[ITER 55] bestGlobalCost=490194.73 (feasible=YES) bestThisIter=510794.97 feasibleAnts=10 noImprove=24 (elapsed 330.254s)
[ITER 56] bestGlobalCost=490194.73 (feasible=YES) bestThisIter=510457.33 feasibleAnts=10 noImprove=25 (elapsed 340.806s)
[ITER 57] bestGlobalCost=490194.73 (feasible=YES) bestThisIter=507639.73 feasibleAnts=10 noImprove=26 (elapsed 342.433s)
[ITER 58] bestGlobalCost=490194.73 (feasible=YES) bestThisIter=511382.95 feasibleAnts=10 noImprove=27 (elapsed 352.884s)
[ITER 59] bestGlobalCost=490194.73 (feasible=YES) bestThisIter=513375.80 feasibleAnts=10 noImprove=28 (elapsed 354.912s)
[ITER 60] bestGlobalCost=490194.73 (feasible=YES) bestThisIter=499810.74 feasibleAnts=10 noImprove=29 (elapsed 366.197s)
[ITER 61] bestGlobalCost=490194.73 (feasible=YES) bestThisIter=515873.04 feasibleAnts=10 noImprove=30 (elapsed 368.708s)
[RESET] no improvement for30-> reset pheromones
[ITER 62] bestGlobalCost=490194.73 (feasible=YES) bestThisIter=543539.11 feasibleAnts=10 noImprove=1 (elapsed 380.549s)
[ITER 63] bestGlobalCost=490194.73 (feasible=YES) bestThisIter=518086.28 feasibleAnts=10 noImprove=2 (elapsed 382.566s)
[ITER 64] [TS] New best cost=490001.56 (feasible=YES, time 392.678s)
[ITER 64] bestGlobalCost=490001.56 (feasible=YES) bestThisIter=500934.54 feasibleAnts=10 noImprove=1 (elapsed 392.682s)
[ITER 65] bestGlobalCost=490001.56 (feasible=YES) bestThisIter=490194.73 feasibleAnts=10 noImprove=2 (elapsed 394.078s)
[ITER 66] bestGlobalCost=490001.56 (feasible=YES) bestThisIter=502583.44 feasibleAnts=9 noImprove=3 (elapsed 404.136s)
[ITER 67] bestGlobalCost=490001.56 (feasible=YES) bestThisIter=493168.54 feasibleAnts=9 noImprove=4 (elapsed 405.203s)
[ITER 68] bestGlobalCost=490001.56 (feasible=YES) bestThisIter=491514.98 feasibleAnts=9 noImprove=5 (elapsed 415.866s)
[ITER 69] bestGlobalCost=490001.56 (feasible=YES) bestThisIter=490001.56 feasibleAnts=10 noImprove=6 (elapsed 417.136s)
[ITER 70] bestGlobalCost=490001.56 (feasible=YES) bestThisIter=499718.68 feasibleAnts=10 noImprove=7 (elapsed 426.871s)
[ITER 71] bestGlobalCost=490001.56 (feasible=YES) bestThisIter=495088.72 feasibleAnts=10 noImprove=8 (elapsed 428.35s)
[ITER 72] bestGlobalCost=490001.56 (feasible=YES) bestThisIter=495880.90 feasibleAnts=10 noImprove=9 (elapsed 439.911s)
[ITER 73] bestGlobalCost=490001.56 (feasible=YES) bestThisIter=492714.95 feasibleAnts=10 noImprove=10 (elapsed 441.376s)
[ITER 74] bestGlobalCost=490001.56 (feasible=YES) bestThisIter=504627.75 feasibleAnts=10 noImprove=11 (elapsed 452.428s)
[ITER 75] bestGlobalCost=490001.56 (feasible=YES) bestThisIter=508159.46 feasibleAnts=10 noImprove=12 (elapsed 454.588s)
[ITER 76] bestGlobalCost=490001.56 (feasible=YES) bestThisIter=506159.06 feasibleAnts=10 noImprove=13 (elapsed 465.659s)
[ITER 77] bestGlobalCost=490001.56 (feasible=YES) bestThisIter=495591.79 feasibleAnts=10 noImprove=14 (elapsed 467.305s)
[ITER 78] bestGlobalCost=490001.56 (feasible=YES) bestThisIter=505924.05 feasibleAnts=10 noImprove=15 (elapsed 478.492s)
[ITER 79] bestGlobalCost=490001.56 (feasible=YES) bestThisIter=499924.90 feasibleAnts=10 noImprove=16 (elapsed 480.207s)
[ITER 80] bestGlobalCost=490001.56 (feasible=YES) bestThisIter=504469.38 feasibleAnts=10 noImprove=17 (elapsed 491.406s)
[ITER 81] bestGlobalCost=490001.56 (feasible=YES) bestThisIter=505445.78 feasibleAnts=10 noImprove=18 (elapsed 494.835s)
[ITER 82] bestGlobalCost=490001.56 (feasible=YES) bestThisIter=511853.82 feasibleAnts=10 noImprove=19 (elapsed 505.788s)
[ITER 83] bestGlobalCost=490001.56 (feasible=YES) bestThisIter=507088.83 feasibleAnts=10 noImprove=20 (elapsed 507.645s)
[ITER 84] bestGlobalCost=490001.56 (feasible=YES) bestThisIter=509396.41 feasibleAnts=10 noImprove=21 (elapsed 518.999s)
[ITER 85] bestGlobalCost=490001.56 (feasible=YES) bestThisIter=513619.67 feasibleAnts=10 noImprove=22 (elapsed 520.674s)
[ITER 86] bestGlobalCost=490001.56 (feasible=YES) bestThisIter=514310.68 feasibleAnts=10 noImprove=23 (elapsed 532.202s)
[ITER 87] bestGlobalCost=490001.56 (feasible=YES) bestThisIter=510280.29 feasibleAnts=10 noImprove=24 (elapsed 534.328s)
[ITER 88] bestGlobalCost=490001.56 (feasible=YES) bestThisIter=499338.89 feasibleAnts=10 noImprove=25 (elapsed 544.376s)
[ITER 89] bestGlobalCost=490001.56 (feasible=YES) bestThisIter=508492.43 feasibleAnts=10 noImprove=26 (elapsed 546.438s)
[ITER 90] bestGlobalCost=490001.56 (feasible=YES) bestThisIter=504270.53 feasibleAnts=10 noImprove=27 (elapsed 557.138s)
[ITER 91] bestGlobalCost=490001.56 (feasible=YES) bestThisIter=514920.17 feasibleAnts=10 noImprove=28 (elapsed 559.583s)
[ITER 92] bestGlobalCost=490001.56 (feasible=YES) bestThisIter=522530.26 feasibleAnts=10 noImprove=29 (elapsed 570.028s)
[ITER 93] bestGlobalCost=490001.56 (feasible=YES) bestThisIter=516946.92 feasibleAnts=10 noImprove=30 (elapsed 572.501s)
[RESET] no improvement for30-> reset pheromones
[ITER 94] bestGlobalCost=490001.56 (feasible=YES) bestThisIter=568254.47 feasibleAnts=10 noImprove=1 (elapsed 584.61s)
[ITER 95] bestGlobalCost=490001.56 (feasible=YES) bestThisIter=512325.80 feasibleAnts=10 noImprove=2 (elapsed 587.464s)
[ITER 96] bestGlobalCost=490001.56 (feasible=YES) bestThisIter=498452.54 feasibleAnts=10 noImprove=3 (elapsed 598.253s)
[ITER 97] bestGlobalCost=490001.56 (feasible=YES) bestThisIter=490001.56 feasibleAnts=10 noImprove=4 (elapsed 600.345s)
[ITER 98] bestGlobalCost=490001.56 (feasible=YES) bestThisIter=490001.56 feasibleAnts=10 noImprove=5 (elapsed 609.81s)
[ITER 99] bestGlobalCost=490001.56 (feasible=YES) bestThisIter=496027.36 feasibleAnts=10 noImprove=6 (elapsed 612.088s)
[ITER 100] bestGlobalCost=490001.56 (feasible=YES) bestThisIter=496417.27 feasibleAnts=10 noImprove=7 (elapsed 622.467s)
[ITER 101] bestGlobalCost=490001.56 (feasible=YES) bestThisIter=490001.56 feasibleAnts=9 noImprove=8 (elapsed 623.743s)
[ITER 102] bestGlobalCost=490001.56 (feasible=YES) bestThisIter=490706.39 feasibleAnts=9 noImprove=9 (elapsed 634.489s)
[ITER 103] bestGlobalCost=490001.56 (feasible=YES) bestThisIter=498840.27 feasibleAnts=10 noImprove=10 (elapsed 636.403s)
[ITER 104] bestGlobalCost=490001.56 (feasible=YES) bestThisIter=496826.37 feasibleAnts=10 noImprove=11 (elapsed 646.872s)
[ITER 105] bestGlobalCost=490001.56 (feasible=YES) bestThisIter=497187.97 feasibleAnts=10 noImprove=12 (elapsed 648.59s)
[ITER 106] [TS] New best cost=489891.78 (feasible=YES, time 659.288s)
[ITER 106] bestGlobalCost=489891.78 (feasible=YES) bestThisIter=497595.30 feasibleAnts=10 noImprove=1 (elapsed 659.293s)
[ITER 107] bestGlobalCost=489891.78 (feasible=YES) bestThisIter=490001.56 feasibleAnts=10 noImprove=2 (elapsed 659.614s)
[ITER 108] bestGlobalCost=489891.78 (feasible=YES) bestThisIter=490001.56 feasibleAnts=10 noImprove=3 (elapsed 669.446s)
[ITER 109] bestGlobalCost=489891.78 (feasible=YES) bestThisIter=500799.16 feasibleAnts=10 noImprove=4 (elapsed 671.333s)
[ITER 110] bestGlobalCost=489891.78 (feasible=YES) bestThisIter=489891.78 feasibleAnts=10 noImprove=5 (elapsed 681.477s)
[ITER 111] bestGlobalCost=489891.78 (feasible=YES) bestThisIter=489891.78 feasibleAnts=10 noImprove=6 (elapsed 682.884s)
[ITER 112] bestGlobalCost=489891.78 (feasible=YES) bestThisIter=502842.90 feasibleAnts=10 noImprove=7 (elapsed 692.863s)
[ITER 113] bestGlobalCost=489891.78 (feasible=YES) bestThisIter=498460.57 feasibleAnts=10 noImprove=8 (elapsed 695.137s)
[ITER 114] bestGlobalCost=489891.78 (feasible=YES) bestThisIter=489891.78 feasibleAnts=10 noImprove=9 (elapsed 705.058s)
[ITER 115] bestGlobalCost=489891.78 (feasible=YES) bestThisIter=502605.11 feasibleAnts=10 noImprove=10 (elapsed 706.219s)
[ITER 116] bestGlobalCost=489891.78 (feasible=YES) bestThisIter=500831.84 feasibleAnts=9 noImprove=11 (elapsed 715.885s)
[ITER 117] bestGlobalCost=489891.78 (feasible=YES) bestThisIter=501506.82 feasibleAnts=10 noImprove=12 (elapsed 717.716s)
[ITER 118] bestGlobalCost=489891.78 (feasible=YES) bestThisIter=505614.09 feasibleAnts=9 noImprove=13 (elapsed 728.739s)
[ITER 119] bestGlobalCost=489891.78 (feasible=YES) bestThisIter=503248.44 feasibleAnts=10 noImprove=14 (elapsed 730.374s)
[ITER 120] bestGlobalCost=489891.78 (feasible=YES) bestThisIter=511289.35 feasibleAnts=10 noImprove=15 (elapsed 740.829s)
[ITER 121] bestGlobalCost=489891.78 (feasible=YES) bestThisIter=509862.05 feasibleAnts=10 noImprove=16 (elapsed 742.985s)
[ITER 122] bestGlobalCost=489891.78 (feasible=YES) bestThisIter=502261.92 feasibleAnts=10 noImprove=17 (elapsed 753.937s)
[ITER 123] bestGlobalCost=489891.78 (feasible=YES) bestThisIter=515513.25 feasibleAnts=10 noImprove=18 (elapsed 756.491s)
[ITER 124] bestGlobalCost=489891.78 (feasible=YES) bestThisIter=512774.20 feasibleAnts=10 noImprove=19 (elapsed 766.768s)
[ITER 125] bestGlobalCost=489891.78 (feasible=YES) bestThisIter=502057.77 feasibleAnts=10 noImprove=20 (elapsed 768.444s)
[ITER 126] bestGlobalCost=489891.78 (feasible=YES) bestThisIter=507796.50 feasibleAnts=10 noImprove=21 (elapsed 778.75s)
[ITER 127] bestGlobalCost=489891.78 (feasible=YES) bestThisIter=498794.04 feasibleAnts=10 noImprove=22 (elapsed 780.913s)
[ITER 128] bestGlobalCost=489891.78 (feasible=YES) bestThisIter=506466.95 feasibleAnts=10 noImprove=23 (elapsed 791.468s)
[ITER 129] bestGlobalCost=489891.78 (feasible=YES) bestThisIter=510816.92 feasibleAnts=10 noImprove=24 (elapsed 793.791s)
[ITER 130] bestGlobalCost=489891.78 (feasible=YES) bestThisIter=505445.01 feasibleAnts=10 noImprove=25 (elapsed 804.961s)
[ITER 131] bestGlobalCost=489891.78 (feasible=YES) bestThisIter=518442.75 feasibleAnts=10 noImprove=26 (elapsed 806.83s)
[ITER 132] bestGlobalCost=489891.78 (feasible=YES) bestThisIter=501204.20 feasibleAnts=10 noImprove=27 (elapsed 817.152s)
[ITER 133] bestGlobalCost=489891.78 (feasible=YES) bestThisIter=510222.75 feasibleAnts=10 noImprove=28 (elapsed 819.217s)
[ITER 134] bestGlobalCost=489891.78 (feasible=YES) bestThisIter=513038.61 feasibleAnts=10 noImprove=29 (elapsed 830.143s)
[ITER 135] bestGlobalCost=489891.78 (feasible=YES) bestThisIter=503879.12 feasibleAnts=10 noImprove=30 (elapsed 832.004s)
[RESET] no improvement for30-> reset pheromones
[ITER 136] bestGlobalCost=489891.78 (feasible=YES) bestThisIter=549289.13 feasibleAnts=10 noImprove=1 (elapsed 844.05s)
[ITER 137] bestGlobalCost=489891.78 (feasible=YES) bestThisIter=509243.06 feasibleAnts=10 noImprove=2 (elapsed 847.013s)
[ITER 138] bestGlobalCost=489891.78 (feasible=YES) bestThisIter=498572.51 feasibleAnts=10 noImprove=3 (elapsed 858.162s)
[ITER 139] bestGlobalCost=489891.78 (feasible=YES) bestThisIter=489891.78 feasibleAnts=10 noImprove=4 (elapsed 859.178s)
[ITER 140] bestGlobalCost=489891.78 (feasible=YES) bestThisIter=489891.78 feasibleAnts=10 noImprove=5 (elapsed 868.646s)
[ITER 141] bestGlobalCost=489891.78 (feasible=YES) bestThisIter=489891.78 feasibleAnts=10 noImprove=6 (elapsed 870.277s)
[ITER 142] [TS] New best cost=489570.90 (feasible=YES, time 880.084s)
[ITER 142] bestGlobalCost=489570.90 (feasible=YES) bestThisIter=489891.78 feasibleAnts=10 noImprove=1 (elapsed 880.089s)
[ITER 143] bestGlobalCost=489570.90 (feasible=YES) bestThisIter=489891.78 feasibleAnts=10 noImprove=2 (elapsed 880.379s)
[ITER 144] bestGlobalCost=489570.90 (feasible=YES) bestThisIter=489891.78 feasibleAnts=10 noImprove=3 (elapsed 889.25s)
[ITER 145] bestGlobalCost=489570.90 (feasible=YES) bestThisIter=489570.90 feasibleAnts=10 noImprove=4 (elapsed 890.022s)
[ITER 146] bestGlobalCost=489570.90 (feasible=YES) bestThisIter=494536.92 feasibleAnts=10 noImprove=5 (elapsed 899.524s)
[ITER 147] bestGlobalCost=489570.90 (feasible=YES) bestThisIter=489570.90 feasibleAnts=10 noImprove=6 (elapsed 900.787s)
[ITER 148] bestGlobalCost=489570.90 (feasible=YES) bestThisIter=500802.80 feasibleAnts=10 noImprove=7 (elapsed 911.261s)
[ITER 149] bestGlobalCost=489570.90 (feasible=YES) bestThisIter=506033.99 feasibleAnts=10 noImprove=8 (elapsed 912.927s)
[ITER 150] bestGlobalCost=489570.90 (feasible=YES) bestThisIter=493493.55 feasibleAnts=10 noImprove=9 (elapsed 923.091s)
[ITER 151] bestGlobalCost=489570.90 (feasible=YES) bestThisIter=496244.08 feasibleAnts=10 noImprove=10 (elapsed 924.05s)
[ITER 152] bestGlobalCost=489570.90 (feasible=YES) bestThisIter=498938.22 feasibleAnts=10 noImprove=11 (elapsed 934.527s)
[ITER 153] bestGlobalCost=489570.90 (feasible=YES) bestThisIter=502654.08 feasibleAnts=9 noImprove=12 (elapsed 936.235s)
[ITER 154] bestGlobalCost=489570.90 (feasible=YES) bestThisIter=499672.84 feasibleAnts=10 noImprove=13 (elapsed 946.432s)
[ITER 155] bestGlobalCost=489570.90 (feasible=YES) bestThisIter=508798.03 feasibleAnts=10 noImprove=14 (elapsed 947.527s)
[ITER 156] bestGlobalCost=489570.90 (feasible=YES) bestThisIter=500092.93 feasibleAnts=10 noImprove=15 (elapsed 958.539s)
[ITER 157] bestGlobalCost=489570.90 (feasible=YES) bestThisIter=506410.71 feasibleAnts=8 noImprove=16 (elapsed 960.002s)
[ITER 158] bestGlobalCost=489570.90 (feasible=YES) bestThisIter=503444.72 feasibleAnts=10 noImprove=17 (elapsed 969.832s)
[ITER 159] bestGlobalCost=489570.90 (feasible=YES) bestThisIter=506035.71 feasibleAnts=10 noImprove=18 (elapsed 972.645s)
[ITER 160] bestGlobalCost=489570.90 (feasible=YES) bestThisIter=501988.76 feasibleAnts=10 noImprove=19 (elapsed 983.73s)
[ITER 161] bestGlobalCost=489570.90 (feasible=YES) bestThisIter=508709.64 feasibleAnts=10 noImprove=20 (elapsed 986.523s)
[ITER 162] bestGlobalCost=489570.90 (feasible=YES) bestThisIter=505135.92 feasibleAnts=10 noImprove=21 (elapsed 997.363s)
[ITER 163] bestGlobalCost=489570.90 (feasible=YES) bestThisIter=520455.86 feasibleAnts=10 noImprove=22 (elapsed 999.188s)
[ITER 164] bestGlobalCost=489570.90 (feasible=YES) bestThisIter=511125.51 feasibleAnts=10 noImprove=23 (elapsed 1009.32s)
[ITER 165] bestGlobalCost=489570.90 (feasible=YES) bestThisIter=504208.62 feasibleAnts=10 noImprove=24 (elapsed 1011.75s)
[ITER 166] bestGlobalCost=489570.90 (feasible=YES) bestThisIter=513226.30 feasibleAnts=10 noImprove=25 (elapsed 1022.62s)
[ITER 167] bestGlobalCost=489570.90 (feasible=YES) bestThisIter=519705.45 feasibleAnts=10 noImprove=26 (elapsed 1023.6s)
[ITER 168] bestGlobalCost=489570.90 (feasible=YES) bestThisIter=516769.16 feasibleAnts=10 noImprove=27 (elapsed 1034.06s)
[ITER 169] bestGlobalCost=489570.90 (feasible=YES) bestThisIter=514256.70 feasibleAnts=10 noImprove=28 (elapsed 1036.38s)
[ITER 170] bestGlobalCost=489570.90 (feasible=YES) bestThisIter=519691.74 feasibleAnts=10 noImprove=29 (elapsed 1046.9s)
[ITER 171] bestGlobalCost=489570.90 (feasible=YES) bestThisIter=510048.25 feasibleAnts=10 noImprove=30 (elapsed 1049.07s)
[RESET] no improvement for30-> reset pheromones
[ITER 172] bestGlobalCost=489570.90 (feasible=YES) bestThisIter=554638.97 feasibleAnts=10 noImprove=1 (elapsed 1061.17s)
[ITER 173] bestGlobalCost=489570.90 (feasible=YES) bestThisIter=506572.09 feasibleAnts=10 noImprove=2 (elapsed 1063.34s)
[ITER 174] bestGlobalCost=489570.90 (feasible=YES) bestThisIter=499920.28 feasibleAnts=10 noImprove=3 (elapsed 1073.69s)
[ITER 175] bestGlobalCost=489570.90 (feasible=YES) bestThisIter=489570.90 feasibleAnts=10 noImprove=4 (elapsed 1074.83s)
[ITER 176] [TS] New best cost=489473.76 (feasible=YES, time 1084.73s)
[ITER 176] bestGlobalCost=489473.76 (feasible=YES) bestThisIter=489473.76 feasibleAnts=10 noImprove=1 (elapsed 1084.73s)
[ITER 177] bestGlobalCost=489473.76 (feasible=YES) bestThisIter=489570.90 feasibleAnts=10 noImprove=2 (elapsed 1085.07s)
[ITER 178] bestGlobalCost=489473.76 (feasible=YES) bestThisIter=489570.90 feasibleAnts=10 noImprove=3 (elapsed 1094.37s)
[ITER 179] bestGlobalCost=489473.76 (feasible=YES) bestThisIter=489473.76 feasibleAnts=10 noImprove=4 (elapsed 1095.02s)
[ITER 180] bestGlobalCost=489473.76 (feasible=YES) bestThisIter=489473.76 feasibleAnts=10 noImprove=5 (elapsed 1105.45s)
[ITER 181] bestGlobalCost=489473.76 (feasible=YES) bestThisIter=489473.76 feasibleAnts=10 noImprove=6 (elapsed 1107.19s)
[ITER 182] bestGlobalCost=489473.76 (feasible=YES) bestThisIter=492704.34 feasibleAnts=9 noImprove=7 (elapsed 1117.08s)
[ITER 183] bestGlobalCost=489473.76 (feasible=YES) bestThisIter=495336.69 feasibleAnts=10 noImprove=8 (elapsed 1119.65s)
[ITER 184] [TS] New best cost=489238.20 (feasible=YES, time 1130.01s)
[ITER 184] bestGlobalCost=489238.20 (feasible=YES) bestThisIter=492463.88 feasibleAnts=10 noImprove=1 (elapsed 1130.02s)
[ITER 185] bestGlobalCost=489238.20 (feasible=YES) bestThisIter=489473.76 feasibleAnts=10 noImprove=2 (elapsed 1130.25s)
[ITER 186] bestGlobalCost=489238.20 (feasible=YES) bestThisIter=489473.76 feasibleAnts=10 noImprove=3 (elapsed 1139.34s)
[ITER 187] bestGlobalCost=489238.20 (feasible=YES) bestThisIter=490841.89 feasibleAnts=10 noImprove=4 (elapsed 1140.67s)
[ITER 188] [TS] New best cost=487918.73 (feasible=YES, time 1150.88s)
[ITER 188] bestGlobalCost=487918.73 (feasible=YES) bestThisIter=489245.29 feasibleAnts=10 noImprove=1 (elapsed 1150.89s)
[ITER 189] bestGlobalCost=487918.73 (feasible=YES) bestThisIter=488598.82 feasibleAnts=10 noImprove=2 (elapsed 1151.75s)
[ITER 190] bestGlobalCost=487918.73 (feasible=YES) bestThisIter=488276.33 feasibleAnts=10 noImprove=3 (elapsed 1161.24s)
[ITER 191] bestGlobalCost=487918.73 (feasible=YES) bestThisIter=487918.73 feasibleAnts=10 noImprove=4 (elapsed 1161.99s)
[ITER 192] bestGlobalCost=487918.73 (feasible=YES) bestThisIter=487918.73 feasibleAnts=10 noImprove=5 (elapsed 1171.71s)
[ITER 193] bestGlobalCost=487918.73 (feasible=YES) bestThisIter=487918.73 feasibleAnts=10 noImprove=6 (elapsed 1172.59s)
[ITER 194] bestGlobalCost=487918.73 (feasible=YES) bestThisIter=487918.73 feasibleAnts=10 noImprove=7 (elapsed 1184s)
[ITER 195] bestGlobalCost=487918.73 (feasible=YES) bestThisIter=502398.34 feasibleAnts=10 noImprove=8 (elapsed 1186.68s)
[ITER 196] bestGlobalCost=487918.73 (feasible=YES) bestThisIter=487918.73 feasibleAnts=10 noImprove=9 (elapsed 1197.11s)
[ITER 197] bestGlobalCost=487918.73 (feasible=YES) bestThisIter=503888.07 feasibleAnts=10 noImprove=10 (elapsed 1198.06s)
[ITER 198] bestGlobalCost=487918.73 (feasible=YES) bestThisIter=496722.73 feasibleAnts=10 noImprove=11 (elapsed 1208.62s)
[ITER 199] bestGlobalCost=487918.73 (feasible=YES) bestThisIter=488756.96 feasibleAnts=10 noImprove=12 (elapsed 1210.33s)
[ITER 200] bestGlobalCost=487918.73 (feasible=YES) bestThisIter=500766.93 feasibleAnts=10 noImprove=13 (elapsed 1220.99s)
[ITER 201] bestGlobalCost=487918.73 (feasible=YES) bestThisIter=498314.05 feasibleAnts=10 noImprove=14 (elapsed 1222.06s)
[ITER 202] bestGlobalCost=487918.73 (feasible=YES) bestThisIter=497334.54 feasibleAnts=10 noImprove=15 (elapsed 1232.66s)
[ITER 203] bestGlobalCost=487918.73 (feasible=YES) bestThisIter=503619.65 feasibleAnts=10 noImprove=16 (elapsed 1235.94s)
[ITER 204] bestGlobalCost=487918.73 (feasible=YES) bestThisIter=507072.79 feasibleAnts=10 noImprove=17 (elapsed 1247.1s)
[ITER 205] bestGlobalCost=487918.73 (feasible=YES) bestThisIter=508863.35 feasibleAnts=10 noImprove=18 (elapsed 1249.25s)
[ITER 206] bestGlobalCost=487918.73 (feasible=YES) bestThisIter=500582.94 feasibleAnts=10 noImprove=19 (elapsed 1260.49s)
[ITER 207] bestGlobalCost=487918.73 (feasible=YES) bestThisIter=500122.65 feasibleAnts=10 noImprove=20 (elapsed 1262.13s)
[ITER 208] bestGlobalCost=487918.73 (feasible=YES) bestThisIter=505385.28 feasibleAnts=10 noImprove=21 (elapsed 1272.32s)
[ITER 209] bestGlobalCost=487918.73 (feasible=YES) bestThisIter=501872.23 feasibleAnts=10 noImprove=22 (elapsed 1273.92s)
[ITER 210] bestGlobalCost=487918.73 (feasible=YES) bestThisIter=511397.35 feasibleAnts=10 noImprove=23 (elapsed 1284.25s)
[ITER 211] bestGlobalCost=487918.73 (feasible=YES) bestThisIter=500245.47 feasibleAnts=10 noImprove=24 (elapsed 1286.49s)
[ITER 212] bestGlobalCost=487918.73 (feasible=YES) bestThisIter=511244.02 feasibleAnts=10 noImprove=25 (elapsed 1296.89s)
[ITER 213] bestGlobalCost=487918.73 (feasible=YES) bestThisIter=511680.35 feasibleAnts=9 noImprove=26 (elapsed 1298.3s)
[ITER 214] bestGlobalCost=487918.73 (feasible=YES) bestThisIter=512103.33 feasibleAnts=10 noImprove=27 (elapsed 1308.92s)
[ITER 215] bestGlobalCost=487918.73 (feasible=YES) bestThisIter=509317.02 feasibleAnts=10 noImprove=28 (elapsed 1311.33s)
[ITER 216] bestGlobalCost=487918.73 (feasible=YES) bestThisIter=503563.88 feasibleAnts=10 noImprove=29 (elapsed 1322.01s)
[ITER 217] bestGlobalCost=487918.73 (feasible=YES) bestThisIter=502745.60 feasibleAnts=10 noImprove=30 (elapsed 1324.08s)
[RESET] no improvement for30-> reset pheromones
[ITER 218] bestGlobalCost=487918.73 (feasible=YES) bestThisIter=558235.76 feasibleAnts=10 noImprove=1 (elapsed 1335.99s)
[ITER 219] bestGlobalCost=487918.73 (feasible=YES) bestThisIter=513403.55 feasibleAnts=10 noImprove=2 (elapsed 1338.72s)
[ITER 220] bestGlobalCost=487918.73 (feasible=YES) bestThisIter=505353.92 feasibleAnts=10 noImprove=3 (elapsed 1349.28s)
[ITER 221] bestGlobalCost=487918.73 (feasible=YES) bestThisIter=487918.73 feasibleAnts=10 noImprove=4 (elapsed 1350.75s)
[ITER 222] bestGlobalCost=487918.73 (feasible=YES) bestThisIter=487918.73 feasibleAnts=10 noImprove=5 (elapsed 1360.46s)
[ITER 223] bestGlobalCost=487918.73 (feasible=YES) bestThisIter=488571.74 feasibleAnts=10 noImprove=6 (elapsed 1362.09s)
[ITER 224] bestGlobalCost=487918.73 (feasible=YES) bestThisIter=487918.73 feasibleAnts=10 noImprove=7 (elapsed 1372.16s)
[ITER 225] bestGlobalCost=487918.73 (feasible=YES) bestThisIter=495384.37 feasibleAnts=10 noImprove=8 (elapsed 1373.61s)
[ITER 226] bestGlobalCost=487918.73 (feasible=YES) bestThisIter=493874.05 feasibleAnts=10 noImprove=9 (elapsed 1384.64s)
[ITER 227] bestGlobalCost=487918.73 (feasible=YES) bestThisIter=489681.12 feasibleAnts=10 noImprove=10 (elapsed 1386.83s)
[ITER 228] bestGlobalCost=487918.73 (feasible=YES) bestThisIter=494473.71 feasibleAnts=9 noImprove=11 (elapsed 1397.53s)
[ITER 229] bestGlobalCost=487918.73 (feasible=YES) bestThisIter=492661.21 feasibleAnts=10 noImprove=12 (elapsed 1399.63s)
[ITER 230] bestGlobalCost=487918.73 (feasible=YES) bestThisIter=502393.28 feasibleAnts=10 noImprove=13 (elapsed 1410.33s)
[ITER 231] bestGlobalCost=487918.73 (feasible=YES) bestThisIter=523921.82 feasibleAnts=9 noImprove=14 (elapsed 1411.01s)
[ITER 232] bestGlobalCost=487918.73 (feasible=YES) bestThisIter=499123.33 feasibleAnts=10 noImprove=15 (elapsed 1420.73s)
[ITER 233] bestGlobalCost=487918.73 (feasible=YES) bestThisIter=498359.72 feasibleAnts=10 noImprove=16 (elapsed 1422.43s)
[ITER 234] bestGlobalCost=487918.73 (feasible=YES) bestThisIter=499260.05 feasibleAnts=10 noImprove=17 (elapsed 1433.56s)
[ITER 235] bestGlobalCost=487918.73 (feasible=YES) bestThisIter=502147.09 feasibleAnts=10 noImprove=18 (elapsed 1436.07s)
[ITER 236] bestGlobalCost=487918.73 (feasible=YES) bestThisIter=519135.66 feasibleAnts=10 noImprove=19 (elapsed 1447.64s)
[ITER 237] bestGlobalCost=487918.73 (feasible=YES) bestThisIter=519177.25 feasibleAnts=10 noImprove=20 (elapsed 1449.27s)
[ITER 238] bestGlobalCost=487918.73 (feasible=YES) bestThisIter=498052.79 feasibleAnts=10 noImprove=21 (elapsed 1460.33s)
[ITER 239] bestGlobalCost=487918.73 (feasible=YES) bestThisIter=508472.49 feasibleAnts=10 noImprove=22 (elapsed 1461.5s)
[ITER 240] bestGlobalCost=487918.73 (feasible=YES) bestThisIter=519614.30 feasibleAnts=10 noImprove=23 (elapsed 1471.57s)
[ITER 241] bestGlobalCost=487918.73 (feasible=YES) bestThisIter=509430.92 feasibleAnts=10 noImprove=24 (elapsed 1473.15s)
[ITER 242] bestGlobalCost=487918.73 (feasible=YES) bestThisIter=510370.08 feasibleAnts=10 noImprove=25 (elapsed 1484.23s)
[ITER 243] bestGlobalCost=487918.73 (feasible=YES) bestThisIter=512091.11 feasibleAnts=10 noImprove=26 (elapsed 1485.69s)
[ITER 244] bestGlobalCost=487918.73 (feasible=YES) bestThisIter=514150.36 feasibleAnts=10 noImprove=27 (elapsed 1496.05s)
[ITER 245] bestGlobalCost=487918.73 (feasible=YES) bestThisIter=509874.50 feasibleAnts=10 noImprove=28 (elapsed 1498.84s)
[ITER 246] bestGlobalCost=487918.73 (feasible=YES) bestThisIter=500605.78 feasibleAnts=10 noImprove=29 (elapsed 1509.22s)
3 16 73 93 116 135 146 195 207 272 314 330 332 353 361 373 382 387 390 393 
5 10 14 31 52 125 141 179 189 212 226 228 242 255 260 262 266 269 280 281 377 
33 61 99 104 105 143 150 170 171 194 231 248 303 310 318 324 334 355 370 
2 9 22 92 108 110 139 148 157 203 257 265 273 275 299 307 339 354 358 360 385 
1 4 39 45 115 120 161 169 201 216 237 247 249 256 285 295 304 336 347 
18 50 83 91 149 152 180 182 192 193 204 210 296 305 319 335 338 365 394 399 
11 32 59 60 62 100 122 132 142 158 209 224 245 254 293 327 329 345 362 363 
20 57 66 80 96 103 106 111 147 166 215 227 270 274 290 337 367 368 371 386 
41 71 77 87 88 114 127 153 185 187 238 243 278 289 312 331 340 343 348 356 389 
17 54 67 155 178 186 199 202 205 211 214 234 236 263 282 284 286 309 357 395 400 
25 29 53 65 84 85 95 159 163 174 190 197 200 308 359 366 369 381 398 
6 7 35 36 49 58 72 119 136 151 154 184 213 230 271 279 323 342 346 379 
12 27 28 37 63 75 82 126 131 176 220 221 223 250 291 297 326 378 388 
23 48 56 101 113 123 124 130 137 191 206 251 276 300 311 320 344 350 396 397 
43 46 78 86 138 144 183 198 218 283 292 294 302 321 322 325 351 372 374 376 
51 79 90 102 121 156 162 165 181 225 229 232 244 252 259 261 287 313 315 349 383 392 
8 34 38 40 44 55 109 112 128 133 145 168 175 239 246 258 264 352 375 380 
70 74 81 94 97 134 140 172 177 188 208 217 219 233 235 241 267 277 333 364 
13 19 24 26 42 89 98 117 129 164 167 173 222 268 288 298 306 317 328 384 
15 21 30 47 64 68 69 76 107 118 160 196 240 253 301 316 341 391 
[SAVELOGS] evolution saved to results/logs/rd400_20_4/evolution/rd400_20_4
[SAVELOGS] best cost saved to results/logs/rd400_20_4/objectives/rd400_20_4
[SAVELOGS] best solution saved to results/logs/rd400_20_4/solutions/rd400_20_4
