[ITER 1] New best cost=548484.37 (feasible=YES, time 4.13791s)
[ITER 1] bestGlobalCost=548484.37 (feasible=YES) bestThisIter=548484.37 feasibleAnts=10 noImprove=0 (elapsed 4.14325s)
[ITER 2] [TS] New best cost=521355.27 (feasible=YES, time 13.9629s)
[ITER 2] bestGlobalCost=521355.27 (feasible=YES) bestThisIter=553181.14 feasibleAnts=10 noImprove=1 (elapsed 13.967s)
[ITER 3] bestGlobalCost=521355.27 (feasible=YES) bestThisIter=544986.47 feasibleAnts=10 noImprove=2 (elapsed 15.6691s)
[ITER 4] [TS] New best cost=511670.74 (feasible=YES, time 25.2753s)
[ITER 4] bestGlobalCost=511670.74 (feasible=YES) bestThisIter=519122.94 feasibleAnts=9 noImprove=1 (elapsed 25.2787s)
[ITER 5] bestGlobalCost=511670.74 (feasible=YES) bestThisIter=528736.89 feasibleAnts=10 noImprove=2 (elapsed 28.0667s)
[ITER 6] bestGlobalCost=511670.74 (feasible=YES) bestThisIter=522287.93 feasibleAnts=10 noImprove=3 (elapsed 38.2497s)
[ITER 7] bestGlobalCost=511670.74 (feasible=YES) bestThisIter=517275.27 feasibleAnts=10 noImprove=4 (elapsed 39.4205s)
[ITER 8] [TS] New best cost=511425.04 (feasible=YES, time 49.2419s)
[ITER 8] bestGlobalCost=511425.04 (feasible=YES) bestThisIter=515735.96 feasibleAnts=8 noImprove=1 (elapsed 49.246s)
[ITER 9] bestGlobalCost=511425.04 (feasible=YES) bestThisIter=511505.44 feasibleAnts=10 noImprove=2 (elapsed 50.8708s)
[ITER 10] [TS] New best cost=509560.80 (feasible=YES, time 60.9577s)
[ITER 10] bestGlobalCost=509560.80 (feasible=YES) bestThisIter=522606.60 feasibleAnts=8 noImprove=1 (elapsed 60.9618s)
[ITER 11] bestGlobalCost=509560.80 (feasible=YES) bestThisIter=511844.96 feasibleAnts=9 noImprove=2 (elapsed 62.1446s)
[ITER 12] bestGlobalCost=509560.80 (feasible=YES) bestThisIter=515639.18 feasibleAnts=9 noImprove=3 (elapsed 72.2695s)
[ITER 13] bestGlobalCost=509560.80 (feasible=YES) bestThisIter=509560.80 feasibleAnts=10 noImprove=4 (elapsed 73.84s)
[ITER 14] bestGlobalCost=509560.80 (feasible=YES) bestThisIter=509560.80 feasibleAnts=10 noImprove=5 (elapsed 84.1256s)
[ITER 15] bestGlobalCost=509560.80 (feasible=YES) bestThisIter=509560.80 feasibleAnts=10 noImprove=6 (elapsed 85.8541s)
[ITER 16] bestGlobalCost=509560.80 (feasible=YES) bestThisIter=518173.69 feasibleAnts=9 noImprove=7 (elapsed 95.9219s)
[ITER 17] bestGlobalCost=509560.80 (feasible=YES) bestThisIter=517401.25 feasibleAnts=9 noImprove=8 (elapsed 97.5539s)
[ITER 18] bestGlobalCost=509560.80 (feasible=YES) bestThisIter=513209.83 feasibleAnts=9 noImprove=9 (elapsed 107.395s)
[ITER 19] bestGlobalCost=509560.80 (feasible=YES) bestThisIter=518577.21 feasibleAnts=8 noImprove=10 (elapsed 108.758s)
[ITER 20] bestGlobalCost=509560.80 (feasible=YES) bestThisIter=518240.80 feasibleAnts=10 noImprove=11 (elapsed 119.668s)
[ITER 21] bestGlobalCost=509560.80 (feasible=YES) bestThisIter=516784.67 feasibleAnts=10 noImprove=12 (elapsed 122.723s)
[ITER 22] bestGlobalCost=509560.80 (feasible=YES) bestThisIter=523382.02 feasibleAnts=10 noImprove=13 (elapsed 133.622s)
[ITER 23] bestGlobalCost=509560.80 (feasible=YES) bestThisIter=527902.52 feasibleAnts=10 noImprove=14 (elapsed 135.176s)
[ITER 24] bestGlobalCost=509560.80 (feasible=YES) bestThisIter=527317.35 feasibleAnts=9 noImprove=15 (elapsed 145.493s)
[ITER 25] bestGlobalCost=509560.80 (feasible=YES) bestThisIter=525385.43 feasibleAnts=10 noImprove=16 (elapsed 147.43s)
[ITER 26] [TS] New best cost=506836.50 (feasible=YES, time 157.83s)
[ITER 26] bestGlobalCost=506836.50 (feasible=YES) bestThisIter=514180.45 feasibleAnts=9 noImprove=1 (elapsed 157.835s)
[ITER 27] bestGlobalCost=506836.50 (feasible=YES) bestThisIter=509560.80 feasibleAnts=10 noImprove=2 (elapsed 159.137s)
[ITER 28] bestGlobalCost=506836.50 (feasible=YES) bestThisIter=520831.76 feasibleAnts=8 noImprove=3 (elapsed 169.375s)
[ITER 29] bestGlobalCost=506836.50 (feasible=YES) bestThisIter=513673.34 feasibleAnts=10 noImprove=4 (elapsed 171.727s)
[ITER 30] [TS] New best cost=502042.49 (feasible=YES, time 181.678s)
[ITER 30] bestGlobalCost=502042.49 (feasible=YES) bestThisIter=506866.80 feasibleAnts=9 noImprove=1 (elapsed 181.683s)
[ITER 31] bestGlobalCost=502042.49 (feasible=YES) bestThisIter=521196.58 feasibleAnts=10 noImprove=2 (elapsed 183.793s)
[ITER 32] bestGlobalCost=502042.49 (feasible=YES) bestThisIter=525898.76 feasibleAnts=9 noImprove=3 (elapsed 193.951s)
[ITER 33] bestGlobalCost=502042.49 (feasible=YES) bestThisIter=502389.15 feasibleAnts=10 noImprove=4 (elapsed 195.61s)
[ITER 34] [TS] New best cost=498508.59 (feasible=YES, time 206.441s)
[ITER 34] bestGlobalCost=498508.59 (feasible=YES) bestThisIter=506206.33 feasibleAnts=10 noImprove=1 (elapsed 206.445s)
[ITER 35] bestGlobalCost=498508.59 (feasible=YES) bestThisIter=512361.50 feasibleAnts=9 noImprove=2 (elapsed 208.254s)
[ITER 36] bestGlobalCost=498508.59 (feasible=YES) bestThisIter=511426.15 feasibleAnts=8 noImprove=3 (elapsed 219.201s)
[ITER 37] bestGlobalCost=498508.59 (feasible=YES) bestThisIter=505738.10 feasibleAnts=10 noImprove=4 (elapsed 220.04s)
[ITER 38] [TS] New best cost=498163.02 (feasible=YES, time 230.115s)
[ITER 38] bestGlobalCost=498163.02 (feasible=YES) bestThisIter=500917.48 feasibleAnts=10 noImprove=1 (elapsed 230.118s)
[ITER 39] bestGlobalCost=498163.02 (feasible=YES) bestThisIter=498508.59 feasibleAnts=9 noImprove=2 (elapsed 230.811s)
[ITER 40] [TS] New best cost=496380.40 (feasible=YES, time 241.763s)
[ITER 40] bestGlobalCost=496380.40 (feasible=YES) bestThisIter=503683.85 feasibleAnts=10 noImprove=1 (elapsed 241.767s)
[ITER 41] bestGlobalCost=496380.40 (feasible=YES) bestThisIter=498393.25 feasibleAnts=10 noImprove=2 (elapsed 243.999s)
[ITER 42] bestGlobalCost=496380.40 (feasible=YES) bestThisIter=500431.74 feasibleAnts=10 noImprove=3 (elapsed 254.972s)
[ITER 43] bestGlobalCost=496380.40 (feasible=YES) bestThisIter=499088.50 feasibleAnts=10 noImprove=4 (elapsed 257.496s)
[ITER 44] [TS] New best cost=496038.31 (feasible=YES, time 267.926s)
[ITER 44] bestGlobalCost=496038.31 (feasible=YES) bestThisIter=496380.40 feasibleAnts=10 noImprove=1 (elapsed 267.929s)
[ITER 45] bestGlobalCost=496038.31 (feasible=YES) bestThisIter=496380.40 feasibleAnts=10 noImprove=2 (elapsed 269.431s)
[ITER 46] bestGlobalCost=496038.31 (feasible=YES) bestThisIter=496093.17 feasibleAnts=10 noImprove=3 (elapsed 280.26s)
[ITER 47] bestGlobalCost=496038.31 (feasible=YES) bestThisIter=496038.31 feasibleAnts=10 noImprove=4 (elapsed 281.576s)
[ITER 48] bestGlobalCost=496038.31 (feasible=YES) bestThisIter=496038.31 feasibleAnts=10 noImprove=5 (elapsed 291.432s)
[ITER 49] bestGlobalCost=496038.31 (feasible=YES) bestThisIter=496038.31 feasibleAnts=10 noImprove=6 (elapsed 293.353s)
[ITER 50] bestGlobalCost=496038.31 (feasible=YES) bestThisIter=515076.02 feasibleAnts=10 noImprove=7 (elapsed 304.164s)
[ITER 51] bestGlobalCost=496038.31 (feasible=YES) bestThisIter=508930.86 feasibleAnts=10 noImprove=8 (elapsed 306.529s)
[ITER 52] bestGlobalCost=496038.31 (feasible=YES) bestThisIter=510942.60 feasibleAnts=10 noImprove=9 (elapsed 317.347s)
[ITER 53] bestGlobalCost=496038.31 (feasible=YES) bestThisIter=505659.20 feasibleAnts=10 noImprove=10 (elapsed 320.653s)
[ITER 54] bestGlobalCost=496038.31 (feasible=YES) bestThisIter=511361.72 feasibleAnts=10 noImprove=11 (elapsed 330.543s)
[ITER 55] bestGlobalCost=496038.31 (feasible=YES) bestThisIter=496758.13 feasibleAnts=10 noImprove=12 (elapsed 332.511s)
[ITER 56] bestGlobalCost=496038.31 (feasible=YES) bestThisIter=512658.19 feasibleAnts=10 noImprove=13 (elapsed 343.613s)
[ITER 57] bestGlobalCost=496038.31 (feasible=YES) bestThisIter=523752.76 feasibleAnts=10 noImprove=14 (elapsed 344.898s)
[ITER 58] bestGlobalCost=496038.31 (feasible=YES) bestThisIter=507363.22 feasibleAnts=10 noImprove=15 (elapsed 354.962s)
[ITER 59] bestGlobalCost=496038.31 (feasible=YES) bestThisIter=506067.45 feasibleAnts=10 noImprove=16 (elapsed 356.754s)
[ITER 60] bestGlobalCost=496038.31 (feasible=YES) bestThisIter=514893.29 feasibleAnts=9 noImprove=17 (elapsed 366.766s)
[ITER 61] bestGlobalCost=496038.31 (feasible=YES) bestThisIter=508493.20 feasibleAnts=10 noImprove=18 (elapsed 368.063s)
[ITER 62] bestGlobalCost=496038.31 (feasible=YES) bestThisIter=517955.85 feasibleAnts=10 noImprove=19 (elapsed 379.002s)
[ITER 63] bestGlobalCost=496038.31 (feasible=YES) bestThisIter=527201.47 feasibleAnts=10 noImprove=20 (elapsed 380.729s)
[ITER 64] bestGlobalCost=496038.31 (feasible=YES) bestThisIter=517220.59 feasibleAnts=10 noImprove=21 (elapsed 392.557s)
[ITER 65] bestGlobalCost=496038.31 (feasible=YES) bestThisIter=527867.16 feasibleAnts=10 noImprove=22 (elapsed 394.532s)
[ITER 66] bestGlobalCost=496038.31 (feasible=YES) bestThisIter=508889.49 feasibleAnts=10 noImprove=23 (elapsed 405.07s)
[ITER 67] bestGlobalCost=496038.31 (feasible=YES) bestThisIter=504203.67 feasibleAnts=10 noImprove=24 (elapsed 407.501s)
[ITER 68] bestGlobalCost=496038.31 (feasible=YES) bestThisIter=531095.17 feasibleAnts=10 noImprove=25 (elapsed 418.789s)
[ITER 69] bestGlobalCost=496038.31 (feasible=YES) bestThisIter=524843.39 feasibleAnts=10 noImprove=26 (elapsed 421.167s)
[ITER 70] bestGlobalCost=496038.31 (feasible=YES) bestThisIter=514346.32 feasibleAnts=10 noImprove=27 (elapsed 432.148s)
[ITER 71] bestGlobalCost=496038.31 (feasible=YES) bestThisIter=522373.07 feasibleAnts=10 noImprove=28 (elapsed 433.82s)
[ITER 72] bestGlobalCost=496038.31 (feasible=YES) bestThisIter=522139.59 feasibleAnts=10 noImprove=29 (elapsed 444.348s)
[ITER 73] bestGlobalCost=496038.31 (feasible=YES) bestThisIter=516988.34 feasibleAnts=10 noImprove=30 (elapsed 446.867s)
[RESET] no improvement for30-> reset pheromones
[ITER 74] bestGlobalCost=496038.31 (feasible=YES) bestThisIter=540880.52 feasibleAnts=10 noImprove=1 (elapsed 459.205s)
[ITER 75] bestGlobalCost=496038.31 (feasible=YES) bestThisIter=529805.27 feasibleAnts=10 noImprove=2 (elapsed 461.694s)
[ITER 76] bestGlobalCost=496038.31 (feasible=YES) bestThisIter=507874.97 feasibleAnts=10 noImprove=3 (elapsed 472.114s)
[ITER 77] bestGlobalCost=496038.31 (feasible=YES) bestThisIter=496038.31 feasibleAnts=9 noImprove=4 (elapsed 473.553s)
[ITER 78] [TS] New best cost=495854.13 (feasible=YES, time 484.018s)
[ITER 78] bestGlobalCost=495854.13 (feasible=YES) bestThisIter=495854.13 feasibleAnts=10 noImprove=1 (elapsed 484.022s)
[ITER 79] bestGlobalCost=495854.13 (feasible=YES) bestThisIter=496038.31 feasibleAnts=10 noImprove=2 (elapsed 485.913s)
[ITER 80] bestGlobalCost=495854.13 (feasible=YES) bestThisIter=495854.13 feasibleAnts=10 noImprove=3 (elapsed 496.508s)
[ITER 81] bestGlobalCost=495854.13 (feasible=YES) bestThisIter=495854.13 feasibleAnts=10 noImprove=4 (elapsed 498.163s)
[ITER 82] bestGlobalCost=495854.13 (feasible=YES) bestThisIter=495854.13 feasibleAnts=10 noImprove=5 (elapsed 509.305s)
[ITER 83] bestGlobalCost=495854.13 (feasible=YES) bestThisIter=495854.13 feasibleAnts=9 noImprove=6 (elapsed 511.135s)
[ITER 84] bestGlobalCost=495854.13 (feasible=YES) bestThisIter=495854.13 feasibleAnts=10 noImprove=7 (elapsed 522.643s)
[ITER 85] bestGlobalCost=495854.13 (feasible=YES) bestThisIter=495854.13 feasibleAnts=9 noImprove=8 (elapsed 523.872s)
[ITER 86] bestGlobalCost=495854.13 (feasible=YES) bestThisIter=506933.22 feasibleAnts=9 noImprove=9 (elapsed 536.004s)
[ITER 87] bestGlobalCost=495854.13 (feasible=YES) bestThisIter=506092.60 feasibleAnts=10 noImprove=10 (elapsed 537.153s)
[ITER 88] bestGlobalCost=495854.13 (feasible=YES) bestThisIter=495854.13 feasibleAnts=10 noImprove=11 (elapsed 548.852s)
[ITER 89] bestGlobalCost=495854.13 (feasible=YES) bestThisIter=511495.03 feasibleAnts=10 noImprove=12 (elapsed 550.542s)
[ITER 90] [TS] New best cost=495680.49 (feasible=YES, time 560.547s)
[ITER 90] bestGlobalCost=495680.49 (feasible=YES) bestThisIter=500745.87 feasibleAnts=10 noImprove=1 (elapsed 560.551s)
[ITER 91] bestGlobalCost=495680.49 (feasible=YES) bestThisIter=495854.13 feasibleAnts=9 noImprove=2 (elapsed 562.307s)
[ITER 92] bestGlobalCost=495680.49 (feasible=YES) bestThisIter=495854.13 feasibleAnts=10 noImprove=3 (elapsed 572.584s)
[ITER 93] bestGlobalCost=495680.49 (feasible=YES) bestThisIter=497605.51 feasibleAnts=9 noImprove=4 (elapsed 574.338s)
[ITER 94] [TS] New best cost=495630.74 (feasible=YES, time 585.202s)
[ITER 94] bestGlobalCost=495630.74 (feasible=YES) bestThisIter=495630.74 feasibleAnts=10 noImprove=1 (elapsed 585.206s)
[ITER 95] bestGlobalCost=495630.74 (feasible=YES) bestThisIter=495630.74 feasibleAnts=10 noImprove=2 (elapsed 586.353s)
[ITER 96] bestGlobalCost=495630.74 (feasible=YES) bestThisIter=495630.74 feasibleAnts=9 noImprove=3 (elapsed 596.525s)
[ITER 97] bestGlobalCost=495630.74 (feasible=YES) bestThisIter=496951.75 feasibleAnts=10 noImprove=4 (elapsed 598.035s)
[ITER 98] bestGlobalCost=495630.74 (feasible=YES) bestThisIter=495630.74 feasibleAnts=10 noImprove=5 (elapsed 607.981s)
[ITER 99] bestGlobalCost=495630.74 (feasible=YES) bestThisIter=500892.10 feasibleAnts=9 noImprove=6 (elapsed 609.541s)
[ITER 100] [TS] New best cost=495534.03 (feasible=YES, time 619.937s)
[ITER 100] bestGlobalCost=495534.03 (feasible=YES) bestThisIter=503188.91 feasibleAnts=10 noImprove=1 (elapsed 619.94s)
[ITER 101] bestGlobalCost=495534.03 (feasible=YES) bestThisIter=495630.74 feasibleAnts=10 noImprove=2 (elapsed 621.111s)
[ITER 102] [TS] New best cost=495288.66 (feasible=YES, time 631.725s)
[ITER 102] bestGlobalCost=495288.66 (feasible=YES) bestThisIter=495288.66 feasibleAnts=9 noImprove=1 (elapsed 631.729s)
[ITER 103] bestGlobalCost=495288.66 (feasible=YES) bestThisIter=495288.66 feasibleAnts=10 noImprove=2 (elapsed 632.898s)
[ITER 104] bestGlobalCost=495288.66 (feasible=YES) bestThisIter=495288.66 feasibleAnts=10 noImprove=3 (elapsed 642.898s)
[ITER 105] bestGlobalCost=495288.66 (feasible=YES) bestThisIter=495288.66 feasibleAnts=10 noImprove=4 (elapsed 644.033s)
[ITER 106] bestGlobalCost=495288.66 (feasible=YES) bestThisIter=495288.66 feasibleAnts=10 noImprove=5 (elapsed 655.337s)
[ITER 107] bestGlobalCost=495288.66 (feasible=YES) bestThisIter=497839.32 feasibleAnts=10 noImprove=6 (elapsed 657.119s)
[ITER 108] bestGlobalCost=495288.66 (feasible=YES) bestThisIter=497812.26 feasibleAnts=9 noImprove=7 (elapsed 668.612s)
[ITER 109] bestGlobalCost=495288.66 (feasible=YES) bestThisIter=495288.66 feasibleAnts=10 noImprove=8 (elapsed 671.683s)
[ITER 110] bestGlobalCost=495288.66 (feasible=YES) bestThisIter=495288.66 feasibleAnts=10 noImprove=9 (elapsed 682.255s)
[ITER 111] bestGlobalCost=495288.66 (feasible=YES) bestThisIter=507878.83 feasibleAnts=10 noImprove=10 (elapsed 683.657s)
[ITER 112] bestGlobalCost=495288.66 (feasible=YES) bestThisIter=502321.84 feasibleAnts=10 noImprove=11 (elapsed 694.417s)
[ITER 113] bestGlobalCost=495288.66 (feasible=YES) bestThisIter=511577.81 feasibleAnts=10 noImprove=12 (elapsed 696.565s)
[ITER 114] bestGlobalCost=495288.66 (feasible=YES) bestThisIter=515252.13 feasibleAnts=10 noImprove=13 (elapsed 706.751s)
[ITER 115] bestGlobalCost=495288.66 (feasible=YES) bestThisIter=507264.39 feasibleAnts=10 noImprove=14 (elapsed 708.657s)
[ITER 116] bestGlobalCost=495288.66 (feasible=YES) bestThisIter=504535.91 feasibleAnts=10 noImprove=15 (elapsed 720.165s)
[ITER 117] bestGlobalCost=495288.66 (feasible=YES) bestThisIter=510342.53 feasibleAnts=10 noImprove=16 (elapsed 721.921s)
[ITER 118] bestGlobalCost=495288.66 (feasible=YES) bestThisIter=511749.57 feasibleAnts=10 noImprove=17 (elapsed 732.468s)
[ITER 119] bestGlobalCost=495288.66 (feasible=YES) bestThisIter=508942.11 feasibleAnts=10 noImprove=18 (elapsed 735.806s)
[ITER 120] bestGlobalCost=495288.66 (feasible=YES) bestThisIter=509176.22 feasibleAnts=10 noImprove=19 (elapsed 746.44s)
[ITER 121] bestGlobalCost=495288.66 (feasible=YES) bestThisIter=514106.65 feasibleAnts=10 noImprove=20 (elapsed 747.877s)
[ITER 122] bestGlobalCost=495288.66 (feasible=YES) bestThisIter=514465.15 feasibleAnts=10 noImprove=21 (elapsed 758.878s)
[ITER 123] bestGlobalCost=495288.66 (feasible=YES) bestThisIter=515654.34 feasibleAnts=10 noImprove=22 (elapsed 760.9s)
[ITER 124] bestGlobalCost=495288.66 (feasible=YES) bestThisIter=525474.31 feasibleAnts=10 noImprove=23 (elapsed 772.403s)
[ITER 125] bestGlobalCost=495288.66 (feasible=YES) bestThisIter=511521.40 feasibleAnts=10 noImprove=24 (elapsed 774.387s)
[ITER 126] bestGlobalCost=495288.66 (feasible=YES) bestThisIter=519659.89 feasibleAnts=10 noImprove=25 (elapsed 785.641s)
[ITER 127] bestGlobalCost=495288.66 (feasible=YES) bestThisIter=510877.07 feasibleAnts=10 noImprove=26 (elapsed 787.917s)
[ITER 128] bestGlobalCost=495288.66 (feasible=YES) bestThisIter=518063.27 feasibleAnts=10 noImprove=27 (elapsed 799.275s)
[ITER 129] bestGlobalCost=495288.66 (feasible=YES) bestThisIter=514056.53 feasibleAnts=10 noImprove=28 (elapsed 801.175s)
[ITER 130] bestGlobalCost=495288.66 (feasible=YES) bestThisIter=519178.61 feasibleAnts=10 noImprove=29 (elapsed 812.269s)
[ITER 131] bestGlobalCost=495288.66 (feasible=YES) bestThisIter=515625.85 feasibleAnts=10 noImprove=30 (elapsed 814.79s)
[RESET] no improvement for30-> reset pheromones
[ITER 132] bestGlobalCost=495288.66 (feasible=YES) bestThisIter=565915.47 feasibleAnts=10 noImprove=1 (elapsed 827.232s)
[ITER 133] bestGlobalCost=495288.66 (feasible=YES) bestThisIter=518414.07 feasibleAnts=10 noImprove=2 (elapsed 828.62s)
[ITER 134] bestGlobalCost=495288.66 (feasible=YES) bestThisIter=509699.10 feasibleAnts=10 noImprove=3 (elapsed 839.972s)
[ITER 135] bestGlobalCost=495288.66 (feasible=YES) bestThisIter=495288.66 feasibleAnts=10 noImprove=4 (elapsed 841.614s)
[ITER 136] bestGlobalCost=495288.66 (feasible=YES) bestThisIter=495630.74 feasibleAnts=10 noImprove=5 (elapsed 852.032s)
[ITER 137] bestGlobalCost=495288.66 (feasible=YES) bestThisIter=507153.74 feasibleAnts=9 noImprove=6 (elapsed 853.728s)
[ITER 138] bestGlobalCost=495288.66 (feasible=YES) bestThisIter=503417.79 feasibleAnts=10 noImprove=7 (elapsed 864.997s)
[ITER 139] bestGlobalCost=495288.66 (feasible=YES) bestThisIter=495288.66 feasibleAnts=9 noImprove=8 (elapsed 866.464s)
[ITER 140] bestGlobalCost=495288.66 (feasible=YES) bestThisIter=511933.36 feasibleAnts=10 noImprove=9 (elapsed 877.157s)
[ITER 141] bestGlobalCost=495288.66 (feasible=YES) bestThisIter=502237.20 feasibleAnts=9 noImprove=10 (elapsed 879.197s)
[ITER 142] bestGlobalCost=495288.66 (feasible=YES) bestThisIter=500081.88 feasibleAnts=10 noImprove=11 (elapsed 889.658s)
[ITER 143] bestGlobalCost=495288.66 (feasible=YES) bestThisIter=505160.43 feasibleAnts=10 noImprove=12 (elapsed 891.234s)
[ITER 144] bestGlobalCost=495288.66 (feasible=YES) bestThisIter=507317.61 feasibleAnts=10 noImprove=13 (elapsed 902.067s)
[ITER 145] bestGlobalCost=495288.66 (feasible=YES) bestThisIter=495288.66 feasibleAnts=10 noImprove=14 (elapsed 903.909s)
[ITER 146] bestGlobalCost=495288.66 (feasible=YES) bestThisIter=507747.38 feasibleAnts=10 noImprove=15 (elapsed 914.415s)
[ITER 147] bestGlobalCost=495288.66 (feasible=YES) bestThisIter=508639.70 feasibleAnts=10 noImprove=16 (elapsed 916.015s)
[ITER 148] bestGlobalCost=495288.66 (feasible=YES) bestThisIter=514967.95 feasibleAnts=10 noImprove=17 (elapsed 927.717s)
[ITER 149] bestGlobalCost=495288.66 (feasible=YES) bestThisIter=509455.75 feasibleAnts=10 noImprove=18 (elapsed 930.29s)
[ITER 150] bestGlobalCost=495288.66 (feasible=YES) bestThisIter=519550.03 feasibleAnts=10 noImprove=19 (elapsed 940.899s)
[ITER 151] bestGlobalCost=495288.66 (feasible=YES) bestThisIter=515127.49 feasibleAnts=10 noImprove=20 (elapsed 943.503s)
[ITER 152] bestGlobalCost=495288.66 (feasible=YES) bestThisIter=522788.56 feasibleAnts=10 noImprove=21 (elapsed 954.482s)
[ITER 153] bestGlobalCost=495288.66 (feasible=YES) bestThisIter=515285.76 feasibleAnts=10 noImprove=22 (elapsed 956.62s)
[ITER 154] bestGlobalCost=495288.66 (feasible=YES) bestThisIter=507521.08 feasibleAnts=10 noImprove=23 (elapsed 967.795s)
[ITER 155] bestGlobalCost=495288.66 (feasible=YES) bestThisIter=512187.80 feasibleAnts=10 noImprove=24 (elapsed 970.063s)
[ITER 156] bestGlobalCost=495288.66 (feasible=YES) bestThisIter=513946.45 feasibleAnts=10 noImprove=25 (elapsed 980.679s)
[ITER 157] bestGlobalCost=495288.66 (feasible=YES) bestThisIter=520359.62 feasibleAnts=10 noImprove=26 (elapsed 983.107s)
[ITER 158] bestGlobalCost=495288.66 (feasible=YES) bestThisIter=524142.41 feasibleAnts=10 noImprove=27 (elapsed 992.912s)
[ITER 159] bestGlobalCost=495288.66 (feasible=YES) bestThisIter=520839.49 feasibleAnts=10 noImprove=28 (elapsed 995.489s)
[ITER 160] bestGlobalCost=495288.66 (feasible=YES) bestThisIter=510820.61 feasibleAnts=10 noImprove=29 (elapsed 1006.56s)
[ITER 161] bestGlobalCost=495288.66 (feasible=YES) bestThisIter=521488.90 feasibleAnts=10 noImprove=30 (elapsed 1008.84s)
[RESET] no improvement for30-> reset pheromones
[ITER 162] bestGlobalCost=495288.66 (feasible=YES) bestThisIter=554063.25 feasibleAnts=10 noImprove=1 (elapsed 1022.31s)
[ITER 163] bestGlobalCost=495288.66 (feasible=YES) bestThisIter=505520.52 feasibleAnts=10 noImprove=2 (elapsed 1024.25s)
[ITER 164] bestGlobalCost=495288.66 (feasible=YES) bestThisIter=495288.66 feasibleAnts=10 noImprove=3 (elapsed 1035.84s)
[ITER 165] bestGlobalCost=495288.66 (feasible=YES) bestThisIter=497530.10 feasibleAnts=10 noImprove=4 (elapsed 1037.56s)
[ITER 166] bestGlobalCost=495288.66 (feasible=YES) bestThisIter=495288.66 feasibleAnts=10 noImprove=5 (elapsed 1048.68s)
[ITER 167] bestGlobalCost=495288.66 (feasible=YES) bestThisIter=495288.66 feasibleAnts=9 noImprove=6 (elapsed 1050.08s)
[ITER 168] bestGlobalCost=495288.66 (feasible=YES) bestThisIter=495288.66 feasibleAnts=10 noImprove=7 (elapsed 1060.71s)
[ITER 169] bestGlobalCost=495288.66 (feasible=YES) bestThisIter=495288.66 feasibleAnts=10 noImprove=8 (elapsed 1062.5s)
[ITER 170] bestGlobalCost=495288.66 (feasible=YES) bestThisIter=500584.69 feasibleAnts=10 noImprove=9 (elapsed 1073.69s)
[ITER 171] bestGlobalCost=495288.66 (feasible=YES) bestThisIter=501821.73 feasibleAnts=10 noImprove=10 (elapsed 1075.19s)
[ITER 172] bestGlobalCost=495288.66 (feasible=YES) bestThisIter=507554.33 feasibleAnts=10 noImprove=11 (elapsed 1085.03s)
[ITER 173] bestGlobalCost=495288.66 (feasible=YES) bestThisIter=499642.52 feasibleAnts=9 noImprove=12 (elapsed 1086.85s)
[ITER 174] bestGlobalCost=495288.66 (feasible=YES) bestThisIter=513148.79 feasibleAnts=10 noImprove=13 (elapsed 1097.35s)
[ITER 175] bestGlobalCost=495288.66 (feasible=YES) bestThisIter=516318.43 feasibleAnts=10 noImprove=14 (elapsed 1100.47s)
[ITER 176] bestGlobalCost=495288.66 (feasible=YES) bestThisIter=507516.26 feasibleAnts=10 noImprove=15 (elapsed 1111.1s)
[ITER 177] bestGlobalCost=495288.66 (feasible=YES) bestThisIter=512671.42 feasibleAnts=10 noImprove=16 (elapsed 1112.89s)
[ITER 178] bestGlobalCost=495288.66 (feasible=YES) bestThisIter=511755.04 feasibleAnts=10 noImprove=17 (elapsed 1124.69s)
[ITER 179] bestGlobalCost=495288.66 (feasible=YES) bestThisIter=513359.36 feasibleAnts=10 noImprove=18 (elapsed 1126.86s)
[ITER 180] bestGlobalCost=495288.66 (feasible=YES) bestThisIter=513052.71 feasibleAnts=10 noImprove=19 (elapsed 1138.01s)
[ITER 181] bestGlobalCost=495288.66 (feasible=YES) bestThisIter=519261.91 feasibleAnts=10 noImprove=20 (elapsed 1140s)
[ITER 182] bestGlobalCost=495288.66 (feasible=YES) bestThisIter=512907.30 feasibleAnts=10 noImprove=21 (elapsed 1151.42s)
[ITER 183] bestGlobalCost=495288.66 (feasible=YES) bestThisIter=524004.63 feasibleAnts=10 noImprove=22 (elapsed 1153.5s)
[ITER 184] bestGlobalCost=495288.66 (feasible=YES) bestThisIter=511226.28 feasibleAnts=10 noImprove=23 (elapsed 1165.25s)
[ITER 185] bestGlobalCost=495288.66 (feasible=YES) bestThisIter=525144.94 feasibleAnts=10 noImprove=24 (elapsed 1166.93s)
[ITER 186] bestGlobalCost=495288.66 (feasible=YES) bestThisIter=516839.21 feasibleAnts=10 noImprove=25 (elapsed 1177.71s)
[ITER 187] bestGlobalCost=495288.66 (feasible=YES) bestThisIter=521482.31 feasibleAnts=10 noImprove=26 (elapsed 1179.4s)
[ITER 188] bestGlobalCost=495288.66 (feasible=YES) bestThisIter=522140.83 feasibleAnts=10 noImprove=27 (elapsed 1190.36s)
[ITER 189] bestGlobalCost=495288.66 (feasible=YES) bestThisIter=515322.24 feasibleAnts=10 noImprove=28 (elapsed 1192.73s)
[ITER 190] bestGlobalCost=495288.66 (feasible=YES) bestThisIter=512440.56 feasibleAnts=10 noImprove=29 (elapsed 1203.88s)
[ITER 191] bestGlobalCost=495288.66 (feasible=YES) bestThisIter=520692.02 feasibleAnts=10 noImprove=30 (elapsed 1205.6s)
[RESET] no improvement for30-> reset pheromones
[ITER 192] bestGlobalCost=495288.66 (feasible=YES) bestThisIter=544393.68 feasibleAnts=10 noImprove=1 (elapsed 1217.83s)
[ITER 193] bestGlobalCost=495288.66 (feasible=YES) bestThisIter=518397.69 feasibleAnts=10 noImprove=2 (elapsed 1220.22s)
[ITER 194] bestGlobalCost=495288.66 (feasible=YES) bestThisIter=501247.51 feasibleAnts=10 noImprove=3 (elapsed 1230.79s)
[ITER 195] bestGlobalCost=495288.66 (feasible=YES) bestThisIter=495288.66 feasibleAnts=10 noImprove=4 (elapsed 1232.59s)
[ITER 196] bestGlobalCost=495288.66 (feasible=YES) bestThisIter=497709.83 feasibleAnts=10 noImprove=5 (elapsed 1243.18s)
[ITER 197] bestGlobalCost=495288.66 (feasible=YES) bestThisIter=495288.66 feasibleAnts=10 noImprove=6 (elapsed 1245.42s)
[ITER 198] bestGlobalCost=495288.66 (feasible=YES) bestThisIter=510078.94 feasibleAnts=10 noImprove=7 (elapsed 1256.33s)
[ITER 199] bestGlobalCost=495288.66 (feasible=YES) bestThisIter=505012.22 feasibleAnts=10 noImprove=8 (elapsed 1257.57s)
[ITER 200] bestGlobalCost=495288.66 (feasible=YES) bestThisIter=495288.66 feasibleAnts=10 noImprove=9 (elapsed 1268.92s)
[ITER 201] bestGlobalCost=495288.66 (feasible=YES) bestThisIter=501889.80 feasibleAnts=10 noImprove=10 (elapsed 1270.6s)
[ITER 202] bestGlobalCost=495288.66 (feasible=YES) bestThisIter=501594.37 feasibleAnts=10 noImprove=11 (elapsed 1282.07s)
[ITER 203] bestGlobalCost=495288.66 (feasible=YES) bestThisIter=500521.25 feasibleAnts=10 noImprove=12 (elapsed 1284.71s)
[ITER 204] bestGlobalCost=495288.66 (feasible=YES) bestThisIter=511204.81 feasibleAnts=10 noImprove=13 (elapsed 1294.82s)
[ITER 205] bestGlobalCost=495288.66 (feasible=YES) bestThisIter=509298.27 feasibleAnts=10 noImprove=14 (elapsed 1297.13s)
[ITER 206] bestGlobalCost=495288.66 (feasible=YES) bestThisIter=517591.17 feasibleAnts=10 noImprove=15 (elapsed 1307.6s)
[ITER 207] bestGlobalCost=495288.66 (feasible=YES) bestThisIter=501427.88 feasibleAnts=10 noImprove=16 (elapsed 1310.24s)
[ITER 208] bestGlobalCost=495288.66 (feasible=YES) bestThisIter=511692.70 feasibleAnts=10 noImprove=17 (elapsed 1321.32s)
[ITER 209] bestGlobalCost=495288.66 (feasible=YES) bestThisIter=507132.35 feasibleAnts=10 noImprove=18 (elapsed 1323.02s)
[ITER 210] bestGlobalCost=495288.66 (feasible=YES) bestThisIter=517750.71 feasibleAnts=10 noImprove=19 (elapsed 1334.04s)
[ITER 211] bestGlobalCost=495288.66 (feasible=YES) bestThisIter=512454.57 feasibleAnts=10 noImprove=20 (elapsed 1335.53s)
[ITER 212] bestGlobalCost=495288.66 (feasible=YES) bestThisIter=518127.99 feasibleAnts=10 noImprove=21 (elapsed 1346.31s)
[ITER 213] bestGlobalCost=495288.66 (feasible=YES) bestThisIter=514820.12 feasibleAnts=10 noImprove=22 (elapsed 1348.38s)
[ITER 214] bestGlobalCost=495288.66 (feasible=YES) bestThisIter=526243.63 feasibleAnts=10 noImprove=23 (elapsed 1358.93s)
[ITER 215] bestGlobalCost=495288.66 (feasible=YES) bestThisIter=523092.24 feasibleAnts=10 noImprove=24 (elapsed 1361.56s)
[ITER 216] bestGlobalCost=495288.66 (feasible=YES) bestThisIter=520711.44 feasibleAnts=10 noImprove=25 (elapsed 1371.66s)
[ITER 217] bestGlobalCost=495288.66 (feasible=YES) bestThisIter=515911.05 feasibleAnts=10 noImprove=26 (elapsed 1374.14s)
[ITER 218] bestGlobalCost=495288.66 (feasible=YES) bestThisIter=523021.14 feasibleAnts=10 noImprove=27 (elapsed 1385.55s)
[ITER 219] bestGlobalCost=495288.66 (feasible=YES) bestThisIter=521436.71 feasibleAnts=10 noImprove=28 (elapsed 1388.21s)
[ITER 220] bestGlobalCost=495288.66 (feasible=YES) bestThisIter=516323.46 feasibleAnts=10 noImprove=29 (elapsed 1400.33s)
[ITER 221] bestGlobalCost=495288.66 (feasible=YES) bestThisIter=519579.79 feasibleAnts=10 noImprove=30 (elapsed 1402.14s)
[RESET] no improvement for30-> reset pheromones
[ITER 222] bestGlobalCost=495288.66 (feasible=YES) bestThisIter=545759.01 feasibleAnts=10 noImprove=1 (elapsed 1415.61s)
[ITER 223] bestGlobalCost=495288.66 (feasible=YES) bestThisIter=528158.74 feasibleAnts=10 noImprove=2 (elapsed 1417.24s)
[ITER 224] bestGlobalCost=495288.66 (feasible=YES) bestThisIter=497556.24 feasibleAnts=10 noImprove=3 (elapsed 1427.34s)
[ITER 225] bestGlobalCost=495288.66 (feasible=YES) bestThisIter=495288.66 feasibleAnts=10 noImprove=4 (elapsed 1429.6s)
[ITER 226] bestGlobalCost=495288.66 (feasible=YES) bestThisIter=497016.48 feasibleAnts=10 noImprove=5 (elapsed 1441.41s)
[ITER 227] bestGlobalCost=495288.66 (feasible=YES) bestThisIter=500293.37 feasibleAnts=10 noImprove=6 (elapsed 1443.64s)
[ITER 228] bestGlobalCost=495288.66 (feasible=YES) bestThisIter=495288.66 feasibleAnts=10 noImprove=7 (elapsed 1454.45s)
[ITER 229] bestGlobalCost=495288.66 (feasible=YES) bestThisIter=510797.03 feasibleAnts=10 noImprove=8 (elapsed 1456.4s)
[ITER 230] bestGlobalCost=495288.66 (feasible=YES) bestThisIter=503888.54 feasibleAnts=10 noImprove=9 (elapsed 1467.12s)
[ITER 231] bestGlobalCost=495288.66 (feasible=YES) bestThisIter=510567.04 feasibleAnts=10 noImprove=10 (elapsed 1468.36s)
[ITER 232] bestGlobalCost=495288.66 (feasible=YES) bestThisIter=511352.99 feasibleAnts=10 noImprove=11 (elapsed 1478.59s)
[ITER 233] bestGlobalCost=495288.66 (feasible=YES) bestThisIter=499954.60 feasibleAnts=9 noImprove=12 (elapsed 1480.95s)
[ITER 234] bestGlobalCost=495288.66 (feasible=YES) bestThisIter=510416.55 feasibleAnts=10 noImprove=13 (elapsed 1491.88s)
[ITER 235] bestGlobalCost=495288.66 (feasible=YES) bestThisIter=504647.80 feasibleAnts=10 noImprove=14 (elapsed 1493.56s)
[ITER 236] bestGlobalCost=495288.66 (feasible=YES) bestThisIter=506134.83 feasibleAnts=10 noImprove=15 (elapsed 1505.62s)
70 74 78 81 94 134 144 172 177 188 198 208 235 241 277 292 302 322 333 351 364 
33 61 99 105 143 150 171 194 218 231 248 291 303 310 318 334 355 370 386 
3 16 73 93 116 135 195 207 212 255 260 314 330 332 353 361 373 382 387 390 
13 15 21 24 30 42 98 118 196 240 282 288 298 301 306 316 384 391 
18 50 83 97 140 152 182 193 217 219 233 267 296 305 319 338 365 399 
10 14 31 52 80 125 141 146 189 223 226 228 242 262 266 269 280 281 377 393 
1 4 9 34 45 115 161 169 178 201 216 237 249 256 273 285 286 290 295 347 
41 51 71 102 114 127 153 165 185 187 232 238 243 244 252 261 287 340 343 356 381 383 
54 77 87 88 89 155 199 202 205 211 234 236 263 278 284 289 309 312 348 357 395 400 
2 11 32 59 60 62 100 122 132 139 209 224 245 254 272 293 345 362 363 385 
17 19 26 39 67 117 120 129 164 167 173 186 214 222 247 268 304 317 328 336 
23 35 47 48 64 68 69 76 101 123 124 160 191 206 253 320 341 396 397 
90 91 145 149 156 162 175 180 181 192 204 210 225 229 259 313 315 349 366 392 394 
56 92 110 113 130 137 142 157 158 251 275 276 300 307 311 327 329 339 344 350 358 
8 38 40 44 55 79 109 112 121 128 133 168 239 246 258 264 335 352 375 380 
6 7 36 49 58 72 107 119 136 151 154 184 213 230 271 279 323 342 346 379 
12 27 43 46 63 86 126 131 138 170 183 283 294 321 324 325 372 374 376 
5 22 57 66 96 103 108 147 148 166 179 203 215 227 257 265 299 354 360 367 371 
25 29 53 65 84 85 95 159 163 174 190 197 200 308 331 359 369 389 398 
20 28 37 75 82 104 106 111 176 220 221 250 270 274 297 326 337 368 378 388 
[SAVELOGS] evolution saved to results/logs/rd400_20_4/evolution/rd400_20_4
[SAVELOGS] best cost saved to results/logs/rd400_20_4/objectives/rd400_20_4
[SAVELOGS] best solution saved to results/logs/rd400_20_4/solutions/rd400_20_4
