[ITER 1] New best cost=563725.50 (feasible=YES, time 4.45615s)
[ITER 1] bestGlobalCost=563725.50 (feasible=YES) bestThisIter=563725.50 feasibleAnts=10 noImprove=0 (elapsed 4.46132s)
[ITER 2] [TS] New best cost=507770.50 (feasible=YES, time 20.4347s)
[ITER 2] bestGlobalCost=507770.50 (feasible=YES) bestThisIter=536660.53 feasibleAnts=10 noImprove=1 (elapsed 20.4381s)
[ITER 3] bestGlobalCost=507770.50 (feasible=YES) bestThisIter=528921.44 feasibleAnts=10 noImprove=2 (elapsed 24.8532s)
[ITER 4] [TS] New best cost=505594.83 (feasible=YES, time 37.8609s)
[ITER 4] bestGlobalCost=505594.83 (feasible=YES) bestThisIter=509764.98 feasibleAnts=10 noImprove=1 (elapsed 37.8655s)
[ITER 5] bestGlobalCost=505594.83 (feasible=YES) bestThisIter=514544.28 feasibleAnts=10 noImprove=2 (elapsed 40.7658s)
[ITER 6] [TS] New best cost=505520.91 (feasible=YES, time 54.341s)
[ITER 6] bestGlobalCost=505520.91 (feasible=YES) bestThisIter=505520.91 feasibleAnts=10 noImprove=1 (elapsed 54.3457s)
[ITER 7] bestGlobalCost=505520.91 (feasible=YES) bestThisIter=505520.91 feasibleAnts=10 noImprove=2 (elapsed 56.3422s)
[ITER 8] [TS] New best cost=505111.99 (feasible=YES, time 70.2616s)
[ITER 8] bestGlobalCost=505111.99 (feasible=YES) bestThisIter=505594.83 feasibleAnts=10 noImprove=1 (elapsed 70.276s)
[ITER 9] bestGlobalCost=505111.99 (feasible=YES) bestThisIter=505520.91 feasibleAnts=10 noImprove=2 (elapsed 72.4216s)
[ITER 10] bestGlobalCost=505111.99 (feasible=YES) bestThisIter=514054.29 feasibleAnts=9 noImprove=3 (elapsed 90.6828s)
[ITER 11] bestGlobalCost=505111.99 (feasible=YES) bestThisIter=518261.49 feasibleAnts=10 noImprove=4 (elapsed 92.5128s)
[ITER 12] [TS] New best cost=504419.80 (feasible=YES, time 111.58s)
[ITER 12] bestGlobalCost=504419.80 (feasible=YES) bestThisIter=510084.02 feasibleAnts=10 noImprove=1 (elapsed 111.588s)
[ITER 13] bestGlobalCost=504419.80 (feasible=YES) bestThisIter=514485.14 feasibleAnts=9 noImprove=2 (elapsed 114.733s)
[ITER 14] bestGlobalCost=504419.80 (feasible=YES) bestThisIter=517356.02 feasibleAnts=10 noImprove=3 (elapsed 131.72s)
[ITER 15] bestGlobalCost=504419.80 (feasible=YES) bestThisIter=512447.43 feasibleAnts=10 noImprove=4 (elapsed 134.313s)
[ITER 16] bestGlobalCost=504419.80 (feasible=YES) bestThisIter=517435.10 feasibleAnts=10 noImprove=5 (elapsed 150.488s)
[ITER 17] bestGlobalCost=504419.80 (feasible=YES) bestThisIter=524104.62 feasibleAnts=10 noImprove=6 (elapsed 152.677s)
[ITER 18] bestGlobalCost=504419.80 (feasible=YES) bestThisIter=520739.96 feasibleAnts=10 noImprove=7 (elapsed 169.543s)
[ITER 19] bestGlobalCost=504419.80 (feasible=YES) bestThisIter=510960.98 feasibleAnts=10 noImprove=8 (elapsed 171.513s)
[ITER 20] [TS] New best cost=501814.70 (feasible=YES, time 189.206s)
[ITER 20] bestGlobalCost=501814.70 (feasible=YES) bestThisIter=516923.86 feasibleAnts=10 noImprove=1 (elapsed 189.211s)
[ITER 21] bestGlobalCost=501814.70 (feasible=YES) bestThisIter=504419.80 feasibleAnts=7 noImprove=2 (elapsed 189.455s)
[ITER 22] bestGlobalCost=501814.70 (feasible=YES) bestThisIter=529999.15 feasibleAnts=8 noImprove=3 (elapsed 208.718s)
[ITER 23] bestGlobalCost=501814.70 (feasible=YES) bestThisIter=513880.40 feasibleAnts=9 noImprove=4 (elapsed 214.473s)
[ITER 24] bestGlobalCost=501814.70 (feasible=YES) bestThisIter=516370.85 feasibleAnts=10 noImprove=5 (elapsed 233.071s)
[ITER 25] bestGlobalCost=501814.70 (feasible=YES) bestThisIter=502320.20 feasibleAnts=8 noImprove=6 (elapsed 235.677s)
[ITER 26] [TS] New best cost=501300.53 (feasible=YES, time 253.018s)
[ITER 26] bestGlobalCost=501300.53 (feasible=YES) bestThisIter=501747.89 feasibleAnts=9 noImprove=1 (elapsed 253.03s)
[ITER 27] bestGlobalCost=501300.53 (feasible=YES) bestThisIter=501341.14 feasibleAnts=10 noImprove=2 (elapsed 257.545s)
[ITER 28] bestGlobalCost=501300.53 (feasible=YES) bestThisIter=511637.96 feasibleAnts=10 noImprove=3 (elapsed 275.912s)
[ITER 29] bestGlobalCost=501300.53 (feasible=YES) bestThisIter=508371.24 feasibleAnts=10 noImprove=4 (elapsed 277.275s)
[ITER 30] [TS] New best cost=501179.40 (feasible=YES, time 296.587s)
[ITER 30] bestGlobalCost=501179.40 (feasible=YES) bestThisIter=506722.90 feasibleAnts=10 noImprove=1 (elapsed 296.59s)
[ITER 31] bestGlobalCost=501179.40 (feasible=YES) bestThisIter=501690.90 feasibleAnts=10 noImprove=2 (elapsed 298.262s)
[ITER 32] bestGlobalCost=501179.40 (feasible=YES) bestThisIter=507969.17 feasibleAnts=10 noImprove=3 (elapsed 314.076s)
[ITER 33] bestGlobalCost=501179.40 (feasible=YES) bestThisIter=501929.63 feasibleAnts=10 noImprove=4 (elapsed 316.025s)
[ITER 34] bestGlobalCost=501179.40 (feasible=YES) bestThisIter=507294.01 feasibleAnts=9 noImprove=5 (elapsed 334.281s)
[ITER 35] bestGlobalCost=501179.40 (feasible=YES) bestThisIter=511650.48 feasibleAnts=10 noImprove=6 (elapsed 337.908s)
[ITER 36] bestGlobalCost=501179.40 (feasible=YES) bestThisIter=504450.07 feasibleAnts=9 noImprove=7 (elapsed 357.001s)
[ITER 37] bestGlobalCost=501179.40 (feasible=YES) bestThisIter=506611.72 feasibleAnts=10 noImprove=8 (elapsed 359.344s)
[ITER 38] [TS] New best cost=499768.86 (feasible=YES, time 376.009s)
[ITER 38] bestGlobalCost=499768.86 (feasible=YES) bestThisIter=501277.37 feasibleAnts=10 noImprove=1 (elapsed 376.012s)
[ITER 39] New best cost=498239.01 (feasible=YES, time 378.683s)
[ITER 39] bestGlobalCost=498239.01 (feasible=YES) bestThisIter=498239.01 feasibleAnts=10 noImprove=0 (elapsed 378.686s)
[ITER 40] bestGlobalCost=498239.01 (feasible=YES) bestThisIter=498239.01 feasibleAnts=10 noImprove=1 (elapsed 397.456s)
[ITER 41] bestGlobalCost=498239.01 (feasible=YES) bestThisIter=500487.07 feasibleAnts=9 noImprove=2 (elapsed 399.79s)
[ITER 42] bestGlobalCost=498239.01 (feasible=YES) bestThisIter=498239.01 feasibleAnts=10 noImprove=3 (elapsed 417.523s)
[ITER 43] bestGlobalCost=498239.01 (feasible=YES) bestThisIter=498239.01 feasibleAnts=9 noImprove=4 (elapsed 419.139s)
[ITER 44] bestGlobalCost=498239.01 (feasible=YES) bestThisIter=499709.79 feasibleAnts=8 noImprove=5 (elapsed 438.358s)
[ITER 45] bestGlobalCost=498239.01 (feasible=YES) bestThisIter=498239.01 feasibleAnts=10 noImprove=6 (elapsed 443.647s)
[ITER 46] [TS] New best cost=497118.08 (feasible=YES, time 461.252s)
[ITER 46] bestGlobalCost=497118.08 (feasible=YES) bestThisIter=498239.01 feasibleAnts=10 noImprove=1 (elapsed 461.256s)
[ITER 47] bestGlobalCost=497118.08 (feasible=YES) bestThisIter=498239.01 feasibleAnts=10 noImprove=2 (elapsed 463.196s)
[ITER 48] bestGlobalCost=497118.08 (feasible=YES) bestThisIter=497507.42 feasibleAnts=10 noImprove=3 (elapsed 477.77s)
[ITER 49] bestGlobalCost=497118.08 (feasible=YES) bestThisIter=504041.39 feasibleAnts=9 noImprove=4 (elapsed 479s)
[ITER 50] bestGlobalCost=497118.08 (feasible=YES) bestThisIter=503162.69 feasibleAnts=10 noImprove=5 (elapsed 497.401s)
[ITER 51] bestGlobalCost=497118.08 (feasible=YES) bestThisIter=498088.47 feasibleAnts=10 noImprove=6 (elapsed 499.647s)
[ITER 52] bestGlobalCost=497118.08 (feasible=YES) bestThisIter=503351.36 feasibleAnts=9 noImprove=7 (elapsed 516.557s)
[ITER 53] bestGlobalCost=497118.08 (feasible=YES) bestThisIter=500926.64 feasibleAnts=10 noImprove=8 (elapsed 518.389s)
[ITER 54] bestGlobalCost=497118.08 (feasible=YES) bestThisIter=501848.31 feasibleAnts=10 noImprove=9 (elapsed 534.329s)
[ITER 55] bestGlobalCost=497118.08 (feasible=YES) bestThisIter=508664.87 feasibleAnts=10 noImprove=10 (elapsed 537.129s)
[ITER 56] bestGlobalCost=497118.08 (feasible=YES) bestThisIter=502503.43 feasibleAnts=10 noImprove=11 (elapsed 551.278s)
[ITER 57] bestGlobalCost=497118.08 (feasible=YES) bestThisIter=515443.80 feasibleAnts=10 noImprove=12 (elapsed 553.283s)
[ITER 58] bestGlobalCost=497118.08 (feasible=YES) bestThisIter=524265.34 feasibleAnts=10 noImprove=13 (elapsed 570.045s)
[ITER 59] bestGlobalCost=497118.08 (feasible=YES) bestThisIter=510847.96 feasibleAnts=10 noImprove=14 (elapsed 573.221s)
[ITER 60] bestGlobalCost=497118.08 (feasible=YES) bestThisIter=518512.38 feasibleAnts=10 noImprove=15 (elapsed 587.915s)
[ITER 61] bestGlobalCost=497118.08 (feasible=YES) bestThisIter=519709.18 feasibleAnts=10 noImprove=16 (elapsed 591.811s)
[ITER 62] bestGlobalCost=497118.08 (feasible=YES) bestThisIter=521401.76 feasibleAnts=10 noImprove=17 (elapsed 606.657s)
[ITER 63] bestGlobalCost=497118.08 (feasible=YES) bestThisIter=512879.40 feasibleAnts=10 noImprove=18 (elapsed 610.3s)
[ITER 64] bestGlobalCost=497118.08 (feasible=YES) bestThisIter=521791.37 feasibleAnts=10 noImprove=19 (elapsed 625.035s)
[ITER 65] bestGlobalCost=497118.08 (feasible=YES) bestThisIter=508889.37 feasibleAnts=10 noImprove=20 (elapsed 627.966s)
[ITER 66] bestGlobalCost=497118.08 (feasible=YES) bestThisIter=516121.88 feasibleAnts=10 noImprove=21 (elapsed 642.75s)
[ITER 67] bestGlobalCost=497118.08 (feasible=YES) bestThisIter=527653.19 feasibleAnts=10 noImprove=22 (elapsed 644.661s)
[ITER 68] bestGlobalCost=497118.08 (feasible=YES) bestThisIter=517981.64 feasibleAnts=10 noImprove=23 (elapsed 659.718s)
[ITER 69] bestGlobalCost=497118.08 (feasible=YES) bestThisIter=512451.33 feasibleAnts=10 noImprove=24 (elapsed 662.185s)
[ITER 70] bestGlobalCost=497118.08 (feasible=YES) bestThisIter=509518.47 feasibleAnts=10 noImprove=25 (elapsed 677.846s)
[ITER 71] bestGlobalCost=497118.08 (feasible=YES) bestThisIter=520316.88 feasibleAnts=10 noImprove=26 (elapsed 681.829s)
[ITER 72] bestGlobalCost=497118.08 (feasible=YES) bestThisIter=520061.98 feasibleAnts=10 noImprove=27 (elapsed 697.566s)
[ITER 73] bestGlobalCost=497118.08 (feasible=YES) bestThisIter=517014.24 feasibleAnts=10 noImprove=28 (elapsed 701.401s)
[ITER 74] bestGlobalCost=497118.08 (feasible=YES) bestThisIter=505144.39 feasibleAnts=10 noImprove=29 (elapsed 717.025s)
[ITER 75] bestGlobalCost=497118.08 (feasible=YES) bestThisIter=501496.01 feasibleAnts=10 noImprove=30 (elapsed 721.437s)
[RESET] no improvement for30-> reset pheromones
[ITER 76] bestGlobalCost=497118.08 (feasible=YES) bestThisIter=563241.29 feasibleAnts=10 noImprove=1 (elapsed 738.374s)
[ITER 77] bestGlobalCost=497118.08 (feasible=YES) bestThisIter=520263.58 feasibleAnts=10 noImprove=2 (elapsed 740.669s)
[ITER 78] bestGlobalCost=497118.08 (feasible=YES) bestThisIter=500233.97 feasibleAnts=10 noImprove=3 (elapsed 757.192s)
[ITER 79] bestGlobalCost=497118.08 (feasible=YES) bestThisIter=497118.08 feasibleAnts=10 noImprove=4 (elapsed 759.818s)
[ITER 80] bestGlobalCost=497118.08 (feasible=YES) bestThisIter=497118.08 feasibleAnts=10 noImprove=5 (elapsed 775.943s)
[ITER 81] bestGlobalCost=497118.08 (feasible=YES) bestThisIter=497118.08 feasibleAnts=10 noImprove=6 (elapsed 777.87s)
[ITER 82] [TS] New best cost=496461.06 (feasible=YES, time 792.007s)
[ITER 82] bestGlobalCost=496461.06 (feasible=YES) bestThisIter=509524.49 feasibleAnts=10 noImprove=1 (elapsed 792.011s)
[ITER 83] bestGlobalCost=496461.06 (feasible=YES) bestThisIter=497118.08 feasibleAnts=10 noImprove=2 (elapsed 792.787s)
[ITER 84] bestGlobalCost=496461.06 (feasible=YES) bestThisIter=497118.08 feasibleAnts=9 noImprove=3 (elapsed 804.372s)
[ITER 85] bestGlobalCost=496461.06 (feasible=YES) bestThisIter=505665.02 feasibleAnts=10 noImprove=4 (elapsed 806.604s)
[ITER 86] [TS] New best cost=496326.97 (feasible=YES, time 826.858s)
[ITER 86] bestGlobalCost=496326.97 (feasible=YES) bestThisIter=499485.13 feasibleAnts=10 noImprove=1 (elapsed 826.866s)
[ITER 87] bestGlobalCost=496326.97 (feasible=YES) bestThisIter=502241.07 feasibleAnts=10 noImprove=2 (elapsed 829.198s)
[ITER 88] [TS] New best cost=496121.56 (feasible=YES, time 847.151s)
[ITER 88] bestGlobalCost=496121.56 (feasible=YES) bestThisIter=496121.56 feasibleAnts=10 noImprove=1 (elapsed 847.155s)
[ITER 89] New best cost=496085.09 (feasible=YES, time 849.16s)
[ITER 89] bestGlobalCost=496085.09 (feasible=YES) bestThisIter=496085.09 feasibleAnts=10 noImprove=0 (elapsed 849.163s)
[ITER 90] [TS] New best cost=495694.54 (feasible=YES, time 861.152s)
[ITER 90] bestGlobalCost=495694.54 (feasible=YES) bestThisIter=496085.09 feasibleAnts=9 noImprove=1 (elapsed 861.155s)
[ITER 91] bestGlobalCost=495694.54 (feasible=YES) bestThisIter=496847.33 feasibleAnts=9 noImprove=2 (elapsed 862.431s)
[ITER 92] bestGlobalCost=495694.54 (feasible=YES) bestThisIter=499124.39 feasibleAnts=10 noImprove=3 (elapsed 876.179s)
[ITER 93] bestGlobalCost=495694.54 (feasible=YES) bestThisIter=495694.54 feasibleAnts=9 noImprove=4 (elapsed 877.042s)
[ITER 94] bestGlobalCost=495694.54 (feasible=YES) bestThisIter=495694.54 feasibleAnts=10 noImprove=5 (elapsed 890.453s)
[ITER 95] bestGlobalCost=495694.54 (feasible=YES) bestThisIter=506241.59 feasibleAnts=10 noImprove=6 (elapsed 892.947s)
[ITER 96] bestGlobalCost=495694.54 (feasible=YES) bestThisIter=502940.85 feasibleAnts=10 noImprove=7 (elapsed 907.61s)
[ITER 97] bestGlobalCost=495694.54 (feasible=YES) bestThisIter=495694.54 feasibleAnts=10 noImprove=8 (elapsed 911.236s)
[ITER 98] bestGlobalCost=495694.54 (feasible=YES) bestThisIter=506167.08 feasibleAnts=10 noImprove=9 (elapsed 924.644s)
[ITER 99] bestGlobalCost=495694.54 (feasible=YES) bestThisIter=510956.25 feasibleAnts=9 noImprove=10 (elapsed 926.294s)
[ITER 100] bestGlobalCost=495694.54 (feasible=YES) bestThisIter=509860.71 feasibleAnts=10 noImprove=11 (elapsed 939.396s)
[ITER 101] bestGlobalCost=495694.54 (feasible=YES) bestThisIter=507306.85 feasibleAnts=10 noImprove=12 (elapsed 941.35s)
[ITER 102] bestGlobalCost=495694.54 (feasible=YES) bestThisIter=511793.07 feasibleAnts=10 noImprove=13 (elapsed 955.938s)
[ITER 103] bestGlobalCost=495694.54 (feasible=YES) bestThisIter=517503.42 feasibleAnts=10 noImprove=14 (elapsed 957.532s)
[ITER 104] bestGlobalCost=495694.54 (feasible=YES) bestThisIter=504414.96 feasibleAnts=10 noImprove=15 (elapsed 972.566s)
[ITER 105] bestGlobalCost=495694.54 (feasible=YES) bestThisIter=517600.78 feasibleAnts=10 noImprove=16 (elapsed 974.988s)
[ITER 106] bestGlobalCost=495694.54 (feasible=YES) bestThisIter=508462.99 feasibleAnts=10 noImprove=17 (elapsed 992.151s)
[ITER 107] bestGlobalCost=495694.54 (feasible=YES) bestThisIter=518687.13 feasibleAnts=10 noImprove=18 (elapsed 994.09s)
[ITER 108] bestGlobalCost=495694.54 (feasible=YES) bestThisIter=514071.86 feasibleAnts=10 noImprove=19 (elapsed 1008.16s)
[ITER 109] bestGlobalCost=495694.54 (feasible=YES) bestThisIter=508262.16 feasibleAnts=10 noImprove=20 (elapsed 1011.95s)
[ITER 110] bestGlobalCost=495694.54 (feasible=YES) bestThisIter=514751.12 feasibleAnts=10 noImprove=21 (elapsed 1027.59s)
[ITER 111] bestGlobalCost=495694.54 (feasible=YES) bestThisIter=516248.25 feasibleAnts=9 noImprove=22 (elapsed 1029.86s)
[ITER 112] bestGlobalCost=495694.54 (feasible=YES) bestThisIter=519249.30 feasibleAnts=10 noImprove=23 (elapsed 1041.53s)
[ITER 113] bestGlobalCost=495694.54 (feasible=YES) bestThisIter=521775.57 feasibleAnts=10 noImprove=24 (elapsed 1043.7s)
[ITER 114] bestGlobalCost=495694.54 (feasible=YES) bestThisIter=517663.82 feasibleAnts=10 noImprove=25 (elapsed 1055.48s)
[ITER 115] bestGlobalCost=495694.54 (feasible=YES) bestThisIter=512107.58 feasibleAnts=10 noImprove=26 (elapsed 1057.5s)
[ITER 116] bestGlobalCost=495694.54 (feasible=YES) bestThisIter=510055.92 feasibleAnts=10 noImprove=27 (elapsed 1070.55s)
[ITER 117] bestGlobalCost=495694.54 (feasible=YES) bestThisIter=519706.47 feasibleAnts=10 noImprove=28 (elapsed 1074.1s)
[ITER 118] bestGlobalCost=495694.54 (feasible=YES) bestThisIter=510190.08 feasibleAnts=10 noImprove=29 (elapsed 1086.87s)
[ITER 119] bestGlobalCost=495694.54 (feasible=YES) bestThisIter=520244.15 feasibleAnts=10 noImprove=30 (elapsed 1089.93s)
[RESET] no improvement for30-> reset pheromones
[ITER 120] bestGlobalCost=495694.54 (feasible=YES) bestThisIter=557705.37 feasibleAnts=10 noImprove=1 (elapsed 1105.19s)
[ITER 121] bestGlobalCost=495694.54 (feasible=YES) bestThisIter=518820.87 feasibleAnts=10 noImprove=2 (elapsed 1108.1s)
[ITER 122] bestGlobalCost=495694.54 (feasible=YES) bestThisIter=499197.74 feasibleAnts=10 noImprove=3 (elapsed 1119.52s)
[ITER 123] bestGlobalCost=495694.54 (feasible=YES) bestThisIter=495694.54 feasibleAnts=10 noImprove=4 (elapsed 1120.65s)
[ITER 124] bestGlobalCost=495694.54 (feasible=YES) bestThisIter=495999.72 feasibleAnts=10 noImprove=5 (elapsed 1134.31s)
[ITER 125] bestGlobalCost=495694.54 (feasible=YES) bestThisIter=495694.54 feasibleAnts=10 noImprove=6 (elapsed 1136.52s)
[ITER 126] bestGlobalCost=495694.54 (feasible=YES) bestThisIter=505082.77 feasibleAnts=10 noImprove=7 (elapsed 1151.21s)
[ITER 127] bestGlobalCost=495694.54 (feasible=YES) bestThisIter=502013.94 feasibleAnts=10 noImprove=8 (elapsed 1153.25s)
[ITER 128] bestGlobalCost=495694.54 (feasible=YES) bestThisIter=505971.13 feasibleAnts=10 noImprove=9 (elapsed 1164.53s)
[ITER 129] bestGlobalCost=495694.54 (feasible=YES) bestThisIter=500779.61 feasibleAnts=10 noImprove=10 (elapsed 1166.49s)
[ITER 130] bestGlobalCost=495694.54 (feasible=YES) bestThisIter=504366.02 feasibleAnts=9 noImprove=11 (elapsed 1179.74s)
[ITER 131] bestGlobalCost=495694.54 (feasible=YES) bestThisIter=501434.26 feasibleAnts=9 noImprove=12 (elapsed 1181.86s)
[ITER 132] bestGlobalCost=495694.54 (feasible=YES) bestThisIter=515131.38 feasibleAnts=10 noImprove=13 (elapsed 1195.33s)
[ITER 133] bestGlobalCost=495694.54 (feasible=YES) bestThisIter=525325.53 feasibleAnts=10 noImprove=14 (elapsed 1197.04s)
[ITER 134] bestGlobalCost=495694.54 (feasible=YES) bestThisIter=511458.63 feasibleAnts=10 noImprove=15 (elapsed 1208.99s)
[ITER 135] bestGlobalCost=495694.54 (feasible=YES) bestThisIter=509746.85 feasibleAnts=10 noImprove=16 (elapsed 1211.12s)
[ITER 136] bestGlobalCost=495694.54 (feasible=YES) bestThisIter=507420.00 feasibleAnts=10 noImprove=17 (elapsed 1225.6s)
[ITER 137] bestGlobalCost=495694.54 (feasible=YES) bestThisIter=513291.07 feasibleAnts=10 noImprove=18 (elapsed 1228.39s)
[ITER 138] bestGlobalCost=495694.54 (feasible=YES) bestThisIter=509009.87 feasibleAnts=10 noImprove=19 (elapsed 1243.78s)
[ITER 139] bestGlobalCost=495694.54 (feasible=YES) bestThisIter=514427.00 feasibleAnts=10 noImprove=20 (elapsed 1247.51s)
[ITER 140] bestGlobalCost=495694.54 (feasible=YES) bestThisIter=507397.15 feasibleAnts=10 noImprove=21 (elapsed 1264.3s)
[ITER 141] bestGlobalCost=495694.54 (feasible=YES) bestThisIter=513217.37 feasibleAnts=10 noImprove=22 (elapsed 1267.71s)
[ITER 142] bestGlobalCost=495694.54 (feasible=YES) bestThisIter=513065.23 feasibleAnts=10 noImprove=23 (elapsed 1282.44s)
[ITER 143] bestGlobalCost=495694.54 (feasible=YES) bestThisIter=510461.19 feasibleAnts=10 noImprove=24 (elapsed 1286.44s)
[ITER 144] bestGlobalCost=495694.54 (feasible=YES) bestThisIter=504111.88 feasibleAnts=10 noImprove=25 (elapsed 1302.18s)
[ITER 145] bestGlobalCost=495694.54 (feasible=YES) bestThisIter=508450.11 feasibleAnts=10 noImprove=26 (elapsed 1305.11s)
[ITER 146] bestGlobalCost=495694.54 (feasible=YES) bestThisIter=507782.70 feasibleAnts=10 noImprove=27 (elapsed 1320.42s)
[ITER 147] bestGlobalCost=495694.54 (feasible=YES) bestThisIter=517442.61 feasibleAnts=10 noImprove=28 (elapsed 1322.85s)
[ITER 148] bestGlobalCost=495694.54 (feasible=YES) bestThisIter=520113.90 feasibleAnts=10 noImprove=29 (elapsed 1335.3s)
[ITER 149] bestGlobalCost=495694.54 (feasible=YES) bestThisIter=508266.84 feasibleAnts=10 noImprove=30 (elapsed 1337.7s)
[RESET] no improvement for30-> reset pheromones
[ITER 150] bestGlobalCost=495694.54 (feasible=YES) bestThisIter=548869.69 feasibleAnts=10 noImprove=1 (elapsed 1351.9s)
[ITER 151] bestGlobalCost=495694.54 (feasible=YES) bestThisIter=534100.78 feasibleAnts=10 noImprove=2 (elapsed 1354s)
[ITER 152] bestGlobalCost=495694.54 (feasible=YES) bestThisIter=505271.47 feasibleAnts=10 noImprove=3 (elapsed 1363.97s)
[ITER 153] New best cost=495131.55 (feasible=YES, time 1366.52s)
[ITER 153] bestGlobalCost=495131.55 (feasible=YES) bestThisIter=495131.55 feasibleAnts=10 noImprove=0 (elapsed 1366.53s)
[ITER 154] [TS] New best cost=494997.87 (feasible=YES, time 1375.94s)
[ITER 154] bestGlobalCost=494997.87 (feasible=YES) bestThisIter=495694.54 feasibleAnts=14 noImprove=1 (elapsed 1375.94s)
[ITER 155] bestGlobalCost=494997.87 (feasible=YES) bestThisIter=495694.54 feasibleAnts=7 noImprove=2 (elapsed 1376.52s)
[ITER 156] bestGlobalCost=494997.87 (feasible=YES) bestThisIter=495131.55 feasibleAnts=10 noImprove=3 (elapsed 1388.86s)
[ITER 157] bestGlobalCost=494997.87 (feasible=YES) bestThisIter=494997.87 feasibleAnts=9 noImprove=4 (elapsed 1390.33s)
[ITER 158] [TS] New best cost=494468.72 (feasible=YES, time 1403.4s)
[ITER 158] bestGlobalCost=494468.72 (feasible=YES) bestThisIter=509556.77 feasibleAnts=10 noImprove=1 (elapsed 1403.4s)
[ITER 159] bestGlobalCost=494468.72 (feasible=YES) bestThisIter=494997.87 feasibleAnts=10 noImprove=2 (elapsed 1405.03s)
[ITER 160] bestGlobalCost=494468.72 (feasible=YES) bestThisIter=494468.72 feasibleAnts=10 noImprove=3 (elapsed 1416.48s)
[ITER 161] bestGlobalCost=494468.72 (feasible=YES) bestThisIter=494468.72 feasibleAnts=10 noImprove=4 (elapsed 1418.64s)
[ITER 162] bestGlobalCost=494468.72 (feasible=YES) bestThisIter=494468.72 feasibleAnts=9 noImprove=5 (elapsed 1430.2s)
[ITER 163] bestGlobalCost=494468.72 (feasible=YES) bestThisIter=509020.07 feasibleAnts=10 noImprove=6 (elapsed 1432.2s)
[ITER 164] bestGlobalCost=494468.72 (feasible=YES) bestThisIter=503963.99 feasibleAnts=10 noImprove=7 (elapsed 1442.93s)
[ITER 165] bestGlobalCost=494468.72 (feasible=YES) bestThisIter=494468.72 feasibleAnts=10 noImprove=8 (elapsed 1444.29s)
[ITER 166] bestGlobalCost=494468.72 (feasible=YES) bestThisIter=498537.77 feasibleAnts=10 noImprove=9 (elapsed 1455.98s)
[ITER 167] bestGlobalCost=494468.72 (feasible=YES) bestThisIter=507742.50 feasibleAnts=9 noImprove=10 (elapsed 1457.99s)
[ITER 168] bestGlobalCost=494468.72 (feasible=YES) bestThisIter=507768.72 feasibleAnts=10 noImprove=11 (elapsed 1469.76s)
[ITER 169] bestGlobalCost=494468.72 (feasible=YES) bestThisIter=508121.95 feasibleAnts=10 noImprove=12 (elapsed 1472.05s)
[ITER 170] bestGlobalCost=494468.72 (feasible=YES) bestThisIter=506236.57 feasibleAnts=10 noImprove=13 (elapsed 1485.75s)
[ITER 171] bestGlobalCost=494468.72 (feasible=YES) bestThisIter=512225.77 feasibleAnts=10 noImprove=14 (elapsed 1487.41s)
[ITER 172] bestGlobalCost=494468.72 (feasible=YES) bestThisIter=506961.11 feasibleAnts=10 noImprove=15 (elapsed 1502.95s)
11 32 59 60 62 100 113 122 132 142 209 224 245 254 327 329 344 345 362 363 
33 99 105 143 150 170 171 194 231 248 270 291 303 310 318 334 355 370 386 
17 19 26 39 89 117 120 129 164 167 173 186 222 247 268 298 306 317 328 336 
12 43 46 78 86 126 131 138 144 183 218 283 294 302 321 325 351 372 374 376 
1 4 34 45 115 161 169 178 201 216 237 249 256 282 285 286 290 295 304 
25 29 53 65 71 84 85 95 159 163 174 190 197 200 308 331 359 369 392 398 
20 57 66 80 96 104 108 111 147 166 215 227 257 274 299 354 360 367 368 371 
44 79 90 91 156 162 180 192 204 210 225 229 232 259 261 287 313 315 349 366 383 
6 7 36 47 49 58 72 119 151 154 160 184 213 230 271 279 323 342 346 379 
5 73 103 116 179 212 226 228 255 260 265 272 280 281 314 330 377 382 387 390 
8 38 40 55 109 112 121 128 133 145 168 175 181 193 239 246 264 352 375 380 
3 10 14 16 31 52 93 125 135 141 146 189 195 207 242 266 332 353 361 373 393 
41 87 88 102 114 127 153 185 187 243 252 278 289 312 340 343 348 356 381 389 400 
13 15 21 24 30 42 64 69 98 107 118 136 196 240 288 301 316 384 391 
51 54 67 77 155 165 199 202 205 211 214 234 236 238 244 258 263 284 309 347 357 395 
18 50 83 97 140 149 152 182 217 219 233 296 305 319 335 338 365 394 399 
2 9 22 56 92 110 137 139 148 157 158 203 251 273 275 293 300 307 339 358 385 
23 35 48 68 76 101 123 124 130 191 206 253 276 311 320 341 350 396 397 
27 28 37 63 75 82 106 176 220 221 223 250 262 269 297 326 337 378 388 
61 70 74 81 94 134 172 177 188 198 208 235 241 267 277 292 322 324 333 364 
[SAVELOGS] evolution saved to results/logs/rd400_20_4/evolution/rd400_20_4
[SAVELOGS] best cost saved to results/logs/rd400_20_4/objectives/rd400_20_4
[SAVELOGS] best solution saved to results/logs/rd400_20_4/solutions/rd400_20_4
