[ITER 1] New best cost=780311.43 (feasible=YES, time 0.155432s)
[ITER 2] New best cost=697384.82 (feasible=YES, time 0.298353s)
[ITER 3] New best cost=697051.57 (feasible=YES, time 0.40617s)
[ITER 4] New best cost=687990.58 (feasible=YES, time 0.526554s)
[ITER 5] New best cost=678765.97 (feasible=YES, time 0.64004s)
[ITER 7] New best cost=670419.79 (feasible=YES, time 0.919519s)
[ITER 10] New best cost=668167.70 (feasible=YES, time 1.23827s)
[ITER 10] bestGlobalCost=668167.70 (feasible=YES) bestThisIter=668167.70 feasibleAnts=10 noImprove=0 (elapsed 1.24195s)
[ITER 15] New best cost=668122.93 (feasible=YES, time 3.15937s)
[ITER 15] New best cost=668112.44 (feasible=YES, time 4.45434s)
[ITER 15] New best cost=667751.94 (feasible=YES, time 5.56876s)
[ITER 15] New best cost=667482.38 (feasible=YES, time 6.68133s)
[ITER 15] New best cost=667390.44 (feasible=YES, time 7.77031s)
[ITER 16] New best cost=665879.43 (feasible=YES, time 7.91612s)
[ITER 20] bestGlobalCost=665879.43 (feasible=YES) bestThisIter=665879.43 feasibleAnts=10 noImprove=4 (elapsed 8.2844s)
[ITER 30] bestGlobalCost=665879.43 (feasible=YES) bestThisIter=690197.96 feasibleAnts=10 noImprove=14 (elapsed 15.4451s)
[ITER 40] bestGlobalCost=665879.43 (feasible=YES) bestThisIter=725372.49 feasibleAnts=10 noImprove=24 (elapsed 16.8343s)
[RESET] no improvement for30-> reset pheromones
[ITER 50] bestGlobalCost=665879.43 (feasible=YES) bestThisIter=686800.68 feasibleAnts=10 noImprove=4 (elapsed 24.4667s)
[ITER 60] bestGlobalCost=665879.43 (feasible=YES) bestThisIter=692704.36 feasibleAnts=10 noImprove=14 (elapsed 32.4558s)
[ITER 70] bestGlobalCost=665879.43 (feasible=YES) bestThisIter=679174.55 feasibleAnts=10 noImprove=24 (elapsed 34.143s)
[ITER 75] New best cost=665357.45 (feasible=YES, time 37.4077s)
[ITER 80] bestGlobalCost=665357.45 (feasible=YES) bestThisIter=665357.45 feasibleAnts=10 noImprove=5 (elapsed 41.2467s)
[ITER 81] New best cost=665302.19 (feasible=YES, time 41.3746s)
[ITER 84] New best cost=664941.68 (feasible=YES, time 41.8263s)
[ITER 90] bestGlobalCost=664941.68 (feasible=YES) bestThisIter=664941.68 feasibleAnts=10 noImprove=6 (elapsed 48.4767s)
[ITER 100] bestGlobalCost=664941.68 (feasible=YES) bestThisIter=677030.24 feasibleAnts=9 noImprove=16 (elapsed 49.9016s)
[ITER 110] bestGlobalCost=664941.68 (feasible=YES) bestThisIter=678000.91 feasibleAnts=10 noImprove=26 (elapsed 57.4909s)
[RESET] no improvement for30-> reset pheromones
[ITER 120] bestGlobalCost=664941.68 (feasible=YES) bestThisIter=703867.81 feasibleAnts=10 noImprove=6 (elapsed 65.1285s)
25 26 30 31 32 33 34 35 36 
1 2 3 4 5 6 22 24 27 28 29 
61 63 64 65 66 67 68 70 
135 136 137 138 139 140 141 142 143 144 
90 91 92 94 95 96 97 98 99 
86 104 106 107 109 110 111 112 113 114 
116 117 118 119 120 121 122 124 125 127 
7 8 9 10 11 12 13 19 41 
115 123 126 128 129 130 131 132 133 134 
49 50 51 52 53 54 55 56 57 58 
14 15 16 17 18 20 21 40 42 
23 37 38 39 46 47 48 59 60 
76 77 78 89 93 100 101 102 103 
43 44 45 62 69 71 72 73 74 75 
79 80 81 82 83 84 85 87 88 105 108 
[SAVELOGS] evolution saved to results/logs/pr144_15_3/evolution/pr144_15_3
[SAVELOGS] best cost saved to results/logs/pr144_15_3/objectives/pr144_15_3
[SAVELOGS] best solution saved to results/logs/pr144_15_3/solutions/pr144_15_3
