[ITER 1] New best cost=35364895.77 (feasible=YES, time 0.945628s)
[ITER 2] New best cost=35213027.26 (feasible=YES, time 1.75294s)
[ITER 3] New best cost=35153533.84 (feasible=YES, time 2.4685s)
[ITER 5] New best cost=35106572.30 (feasible=YES, time 3.674s)
[ITER 8] New best cost=35105043.90 (feasible=YES, time 5.3658s)
[ITER 10] New best cost=35097225.89 (feasible=YES, time 8.3558s)
[ITER 10] bestGlobalCost=35097225.89 (feasible=YES) bestThisIter=35129452.51 feasibleAnts=10 noImprove=0 (elapsed 8.36028s)
[ITER 20] bestGlobalCost=35097225.89 (feasible=YES) bestThisIter=35184174.82 feasibleAnts=10 noImprove=10 (elapsed 16.1365s)
[ITER 30] bestGlobalCost=35097225.89 (feasible=YES) bestThisIter=35108528.44 feasibleAnts=10 noImprove=20 (elapsed 27.1245s)
[ITER 40] bestGlobalCost=35097225.89 (feasible=YES) bestThisIter=35158999.23 feasibleAnts=10 noImprove=30 (elapsed 37.1177s)
[ITER 50] bestGlobalCost=35097225.89 (feasible=YES) bestThisIter=35172143.06 feasibleAnts=10 noImprove=40 (elapsed 46.8103s)
[ITER 60] bestGlobalCost=35097225.89 (feasible=YES) bestThisIter=35236698.80 feasibleAnts=12 noImprove=50 (elapsed 58.9233s)
[RESET] no improvement for50-> reset pheromones
[ITER 70] bestGlobalCost=35097225.89 (feasible=YES) bestThisIter=35144487.24 feasibleAnts=10 noImprove=10 (elapsed 68.3718s)
[ITER 80] bestGlobalCost=35097225.89 (feasible=YES) bestThisIter=35134219.42 feasibleAnts=10 noImprove=20 (elapsed 78.8013s)
[ITER 90] bestGlobalCost=35097225.89 (feasible=YES) bestThisIter=35149361.72 feasibleAnts=10 noImprove=30 (elapsed 89.0115s)
[ITER 99] New best cost=35089499.25 (feasible=YES, time 97.2166s)
[ITER 100] bestGlobalCost=35089499.25 (feasible=YES) bestThisIter=35097225.89 feasibleAnts=10 noImprove=1 (elapsed 99.5939s)
[ITER 110] New best cost=35077535.65 (feasible=YES, time 111.027s)
[ITER 110] bestGlobalCost=35077535.65 (feasible=YES) bestThisIter=35101519.93 feasibleAnts=10 noImprove=0 (elapsed 111.031s)
[ITER 118] New best cost=35071892.48 (feasible=YES, time 117.783s)
[ITER 120] bestGlobalCost=35071892.48 (feasible=YES) bestThisIter=35629370.74 feasibleAnts=10 noImprove=2 (elapsed 120.607s)
[ITER 130] bestGlobalCost=35071892.48 (feasible=YES) bestThisIter=35117121.28 feasibleAnts=10 noImprove=12 (elapsed 129.486s)
[ITER 135] New best cost=35056743.77 (feasible=YES, time 133.486s)
[ITER 140] bestGlobalCost=35056743.77 (feasible=YES) bestThisIter=35056743.77 feasibleAnts=21 noImprove=5 (elapsed 137.753s)
[ITER 143] New best cost=35049762.85 (feasible=YES, time 140.722s)
[ITER 150] bestGlobalCost=35049762.85 (feasible=YES) bestThisIter=35096101.81 feasibleAnts=10 noImprove=7 (elapsed 146.009s)
[ITER 160] bestGlobalCost=35049762.85 (feasible=YES) bestThisIter=35133432.51 feasibleAnts=10 noImprove=17 (elapsed 157.059s)
[ITER 170] bestGlobalCost=35049762.85 (feasible=YES) bestThisIter=35151021.71 feasibleAnts=10 noImprove=27 (elapsed 169.728s)
[ITER 180] bestGlobalCost=35049762.85 (feasible=YES) bestThisIter=35175780.19 feasibleAnts=10 noImprove=37 (elapsed 181.924s)
[ITER 190] bestGlobalCost=35049762.85 (feasible=YES) bestThisIter=35196507.39 feasibleAnts=12 noImprove=47 (elapsed 193.496s)
[RESET] no improvement for50-> reset pheromones
[ITER 200] bestGlobalCost=35049762.85 (feasible=YES) bestThisIter=35289496.10 feasibleAnts=10 noImprove=7 (elapsed 204.924s)
[ITER 210] bestGlobalCost=35049762.85 (feasible=YES) bestThisIter=35122969.78 feasibleAnts=10 noImprove=17 (elapsed 214.976s)
[ITER 220] bestGlobalCost=35049762.85 (feasible=YES) bestThisIter=35120557.18 feasibleAnts=10 noImprove=27 (elapsed 227.789s)
[ITER 230] bestGlobalCost=35049762.85 (feasible=YES) bestThisIter=35130714.43 feasibleAnts=10 noImprove=37 (elapsed 240.578s)
[ITER 240] bestGlobalCost=35049762.85 (feasible=YES) bestThisIter=35189155.77 feasibleAnts=12 noImprove=47 (elapsed 252.942s)
[RESET] no improvement for50-> reset pheromones
[ITER 250] bestGlobalCost=35049762.85 (feasible=YES) bestThisIter=35107327.57 feasibleAnts=10 noImprove=7 (elapsed 264.354s)
[ITER 260] bestGlobalCost=35049762.85 (feasible=YES) bestThisIter=35097039.20 feasibleAnts=10 noImprove=17 (elapsed 275.331s)
[ITER 270] bestGlobalCost=35049762.85 (feasible=YES) bestThisIter=35180530.75 feasibleAnts=10 noImprove=27 (elapsed 286.114s)
[ITER 280] bestGlobalCost=35049762.85 (feasible=YES) bestThisIter=35209925.66 feasibleAnts=11 noImprove=37 (elapsed 298.66s)
[ITER 290] bestGlobalCost=35049762.85 (feasible=YES) bestThisIter=35189583.97 feasibleAnts=12 noImprove=47 (elapsed 311.025s)
[RESET] no improvement for50-> reset pheromones
[ITER 300] bestGlobalCost=35049762.85 (feasible=YES) bestThisIter=35079926.78 feasibleAnts=10 noImprove=7 (elapsed 321.814s)
[ITER 310] bestGlobalCost=35049762.85 (feasible=YES) bestThisIter=35133425.46 feasibleAnts=10 noImprove=17 (elapsed 334.091s)
[ITER 320] bestGlobalCost=35049762.85 (feasible=YES) bestThisIter=35133718.59 feasibleAnts=10 noImprove=27 (elapsed 346.637s)
[ITER 330] bestGlobalCost=35049762.85 (feasible=YES) bestThisIter=35217982.09 feasibleAnts=10 noImprove=37 (elapsed 358.116s)
[ITER 340] bestGlobalCost=35049762.85 (feasible=YES) bestThisIter=35181577.58 feasibleAnts=10 noImprove=47 (elapsed 368.878s)
[RESET] no improvement for50-> reset pheromones
[ITER 350] bestGlobalCost=35049762.85 (feasible=YES) bestThisIter=35122972.96 feasibleAnts=10 noImprove=7 (elapsed 380.762s)
[ITER 360] bestGlobalCost=35049762.85 (feasible=YES) bestThisIter=35144372.17 feasibleAnts=10 noImprove=17 (elapsed 392.89s)
[ITER 370] bestGlobalCost=35049762.85 (feasible=YES) bestThisIter=35141249.56 feasibleAnts=10 noImprove=27 (elapsed 406.035s)
[ITER 380] bestGlobalCost=35049762.85 (feasible=YES) bestThisIter=35181796.79 feasibleAnts=10 noImprove=37 (elapsed 419.395s)
[ITER 390] bestGlobalCost=35049762.85 (feasible=YES) bestThisIter=35134006.50 feasibleAnts=12 noImprove=47 (elapsed 431.354s)
[RESET] no improvement for50-> reset pheromones
[ITER 400] bestGlobalCost=35049762.85 (feasible=YES) bestThisIter=35090539.61 feasibleAnts=10 noImprove=7 (elapsed 442.266s)
[ITER 410] bestGlobalCost=35049762.85 (feasible=YES) bestThisIter=35115633.63 feasibleAnts=10 noImprove=17 (elapsed 453.702s)
[ITER 420] bestGlobalCost=35049762.85 (feasible=YES) bestThisIter=35134992.66 feasibleAnts=10 noImprove=27 (elapsed 465.319s)
[ITER 430] bestGlobalCost=35049762.85 (feasible=YES) bestThisIter=35180103.14 feasibleAnts=11 noImprove=37 (elapsed 478.991s)
[ITER 440] bestGlobalCost=35049762.85 (feasible=YES) bestThisIter=35195259.68 feasibleAnts=12 noImprove=47 (elapsed 490.287s)
[RESET] no improvement for50-> reset pheromones
[ITER 450] bestGlobalCost=35049762.85 (feasible=YES) bestThisIter=35118354.24 feasibleAnts=10 noImprove=7 (elapsed 501.828s)
[ITER 460] bestGlobalCost=35049762.85 (feasible=YES) bestThisIter=35141315.32 feasibleAnts=10 noImprove=17 (elapsed 513.361s)
[ITER 470] bestGlobalCost=35049762.85 (feasible=YES) bestThisIter=35124257.97 feasibleAnts=10 noImprove=27 (elapsed 527.402s)
[ITER 480] bestGlobalCost=35049762.85 (feasible=YES) bestThisIter=35097120.10 feasibleAnts=10 noImprove=37 (elapsed 541.513s)
[ITER 490] bestGlobalCost=35049762.85 (feasible=YES) bestThisIter=35117612.21 feasibleAnts=12 noImprove=47 (elapsed 553.934s)
[RESET] no improvement for50-> reset pheromones
[ITER 500] bestGlobalCost=35049762.85 (feasible=YES) bestThisIter=35150344.45 feasibleAnts=10 noImprove=7 (elapsed 564.926s)
[ITER 510] bestGlobalCost=35049762.85 (feasible=YES) bestThisIter=35152878.24 feasibleAnts=10 noImprove=17 (elapsed 575.943s)
[ITER 520] bestGlobalCost=35049762.85 (feasible=YES) bestThisIter=35125377.06 feasibleAnts=10 noImprove=27 (elapsed 587.445s)
[ITER 530] bestGlobalCost=35049762.85 (feasible=YES) bestThisIter=35169792.91 feasibleAnts=10 noImprove=37 (elapsed 600.977s)
[ITER 540] bestGlobalCost=35049762.85 (feasible=YES) bestThisIter=35228744.65 feasibleAnts=11 noImprove=47 (elapsed 612.896s)
[RESET] no improvement for50-> reset pheromones
[ITER 550] bestGlobalCost=35049762.85 (feasible=YES) bestThisIter=35132516.77 feasibleAnts=11 noImprove=7 (elapsed 623.036s)
[ITER 560] bestGlobalCost=35049762.85 (feasible=YES) bestThisIter=35094245.53 feasibleAnts=10 noImprove=17 (elapsed 634.018s)
[ITER 570] bestGlobalCost=35049762.85 (feasible=YES) bestThisIter=35105553.25 feasibleAnts=10 noImprove=27 (elapsed 647.302s)
[ITER 580] bestGlobalCost=35049762.85 (feasible=YES) bestThisIter=35132312.84 feasibleAnts=12 noImprove=37 (elapsed 661.766s)
[ITER 590] bestGlobalCost=35049762.85 (feasible=YES) bestThisIter=35163421.69 feasibleAnts=12 noImprove=47 (elapsed 674.884s)
[RESET] no improvement for50-> reset pheromones
[ITER 600] bestGlobalCost=35049762.85 (feasible=YES) bestThisIter=35156206.91 feasibleAnts=10 noImprove=7 (elapsed 686.588s)
[ITER 610] bestGlobalCost=35049762.85 (feasible=YES) bestThisIter=35093617.96 feasibleAnts=10 noImprove=17 (elapsed 699.125s)
[ITER 620] bestGlobalCost=35049762.85 (feasible=YES) bestThisIter=35101085.56 feasibleAnts=10 noImprove=27 (elapsed 714.537s)
[ITER 630] bestGlobalCost=35049762.85 (feasible=YES) bestThisIter=35122354.35 feasibleAnts=10 noImprove=37 (elapsed 726.347s)
[ITER 640] bestGlobalCost=35049762.85 (feasible=YES) bestThisIter=35152010.06 feasibleAnts=12 noImprove=47 (elapsed 739.471s)
[RESET] no improvement for50-> reset pheromones
[ITER 650] bestGlobalCost=35049762.85 (feasible=YES) bestThisIter=35120001.72 feasibleAnts=10 noImprove=7 (elapsed 751.215s)
[ITER 660] bestGlobalCost=35049762.85 (feasible=YES) bestThisIter=35072565.46 feasibleAnts=10 noImprove=17 (elapsed 762.362s)
[ITER 670] bestGlobalCost=35049762.85 (feasible=YES) bestThisIter=35083289.48 feasibleAnts=10 noImprove=27 (elapsed 775.098s)
[ITER 680] bestGlobalCost=35049762.85 (feasible=YES) bestThisIter=35116784.11 feasibleAnts=10 noImprove=37 (elapsed 787.685s)
[ITER 690] bestGlobalCost=35049762.85 (feasible=YES) bestThisIter=35154115.30 feasibleAnts=12 noImprove=47 (elapsed 799.368s)
[RESET] no improvement for50-> reset pheromones
[ITER 700] bestGlobalCost=35049762.85 (feasible=YES) bestThisIter=35126714.79 feasibleAnts=10 noImprove=7 (elapsed 810.001s)
[ITER 710] bestGlobalCost=35049762.85 (feasible=YES) bestThisIter=35121579.34 feasibleAnts=10 noImprove=17 (elapsed 821.819s)
[ITER 720] bestGlobalCost=35049762.85 (feasible=YES) bestThisIter=35132382.00 feasibleAnts=10 noImprove=27 (elapsed 834.185s)
[ITER 730] bestGlobalCost=35049762.85 (feasible=YES) bestThisIter=35174037.03 feasibleAnts=11 noImprove=37 (elapsed 850.539s)
[ITER 740] bestGlobalCost=35049762.85 (feasible=YES) bestThisIter=35182316.61 feasibleAnts=11 noImprove=47 (elapsed 863.77s)
[RESET] no improvement for50-> reset pheromones
[ITER 750] bestGlobalCost=35049762.85 (feasible=YES) bestThisIter=35084310.11 feasibleAnts=10 noImprove=7 (elapsed 874.519s)
[ITER 760] bestGlobalCost=35049762.85 (feasible=YES) bestThisIter=35096800.91 feasibleAnts=10 noImprove=17 (elapsed 887.418s)
[ITER 770] bestGlobalCost=35049762.85 (feasible=YES) bestThisIter=35125411.59 feasibleAnts=10 noImprove=27 (elapsed 900.07s)
[ITER 780] bestGlobalCost=35049762.85 (feasible=YES) bestThisIter=35123566.35 feasibleAnts=10 noImprove=37 (elapsed 913.135s)
[ITER 790] bestGlobalCost=35049762.85 (feasible=YES) bestThisIter=35163210.75 feasibleAnts=12 noImprove=47 (elapsed 923.838s)
[RESET] no improvement for50-> reset pheromones
[ITER 800] bestGlobalCost=35049762.85 (feasible=YES) bestThisIter=35109371.50 feasibleAnts=10 noImprove=7 (elapsed 934.596s)
[ITER 810] bestGlobalCost=35049762.85 (feasible=YES) bestThisIter=35100999.50 feasibleAnts=10 noImprove=17 (elapsed 945.711s)
[ITER 820] bestGlobalCost=35049762.85 (feasible=YES) bestThisIter=35144497.56 feasibleAnts=10 noImprove=27 (elapsed 958.402s)
[ITER 830] bestGlobalCost=35049762.85 (feasible=YES) bestThisIter=35184568.42 feasibleAnts=10 noImprove=37 (elapsed 970.001s)
[ITER 840] bestGlobalCost=35049762.85 (feasible=YES) bestThisIter=35169817.25 feasibleAnts=12 noImprove=47 (elapsed 981.623s)
[RESET] no improvement for50-> reset pheromones
[ITER 850] bestGlobalCost=35049762.85 (feasible=YES) bestThisIter=35212595.93 feasibleAnts=10 noImprove=7 (elapsed 993.442s)
[ITER 860] bestGlobalCost=35049762.85 (feasible=YES) bestThisIter=35083319.81 feasibleAnts=10 noImprove=17 (elapsed 1006.28s)
[ITER 870] bestGlobalCost=35049762.85 (feasible=YES) bestThisIter=35114069.42 feasibleAnts=10 noImprove=27 (elapsed 1020.91s)
[ITER 880] bestGlobalCost=35049762.85 (feasible=YES) bestThisIter=35116206.29 feasibleAnts=10 noImprove=37 (elapsed 1034.43s)
[ITER 890] bestGlobalCost=35049762.85 (feasible=YES) bestThisIter=35192463.53 feasibleAnts=12 noImprove=47 (elapsed 1047.48s)
[RESET] no improvement for50-> reset pheromones
[ITER 900] bestGlobalCost=35049762.85 (feasible=YES) bestThisIter=35116117.79 feasibleAnts=11 noImprove=7 (elapsed 1060.58s)
[ITER 910] bestGlobalCost=35049762.85 (feasible=YES) bestThisIter=35126365.47 feasibleAnts=10 noImprove=17 (elapsed 1072.87s)
[ITER 920] bestGlobalCost=35049762.85 (feasible=YES) bestThisIter=35175850.44 feasibleAnts=10 noImprove=27 (elapsed 1083.93s)
[ITER 930] bestGlobalCost=35049762.85 (feasible=YES) bestThisIter=35148314.43 feasibleAnts=10 noImprove=37 (elapsed 1097.96s)
[ITER 940] bestGlobalCost=35049762.85 (feasible=YES) bestThisIter=35184035.88 feasibleAnts=12 noImprove=47 (elapsed 1111.57s)
[RESET] no improvement for50-> reset pheromones
[ITER 950] bestGlobalCost=35049762.85 (feasible=YES) bestThisIter=35188038.13 feasibleAnts=10 noImprove=7 (elapsed 1122.86s)
[ITER 960] bestGlobalCost=35049762.85 (feasible=YES) bestThisIter=35104694.28 feasibleAnts=10 noImprove=17 (elapsed 1132.73s)
[ITER 970] bestGlobalCost=35049762.85 (feasible=YES) bestThisIter=35232409.65 feasibleAnts=10 noImprove=27 (elapsed 1143.52s)
[ITER 980] bestGlobalCost=35049762.85 (feasible=YES) bestThisIter=35246508.30 feasibleAnts=11 noImprove=37 (elapsed 1154.33s)
[ITER 990] bestGlobalCost=35049762.85 (feasible=YES) bestThisIter=35130065.89 feasibleAnts=12 noImprove=47 (elapsed 1166.84s)
[RESET] no improvement for50-> reset pheromones
[ITER 1000] bestGlobalCost=35049762.85 (feasible=YES) bestThisIter=35099232.36 feasibleAnts=11 noImprove=7 (elapsed 1176.73s)
[ITER 1010] bestGlobalCost=35049762.85 (feasible=YES) bestThisIter=35100232.31 feasibleAnts=10 noImprove=17 (elapsed 1188.92s)
[ITER 1020] bestGlobalCost=35049762.85 (feasible=YES) bestThisIter=35182722.38 feasibleAnts=10 noImprove=27 (elapsed 1201.44s)
[ITER 1030] bestGlobalCost=35049762.85 (feasible=YES) bestThisIter=35160652.82 feasibleAnts=12 noImprove=37 (elapsed 1214.84s)
[ITER 1040] bestGlobalCost=35049762.85 (feasible=YES) bestThisIter=35103020.91 feasibleAnts=12 noImprove=47 (elapsed 1226.51s)
[RESET] no improvement for50-> reset pheromones
[ITER 1050] bestGlobalCost=35049762.85 (feasible=YES) bestThisIter=35194086.93 feasibleAnts=10 noImprove=7 (elapsed 1237.98s)
[ITER 1060] bestGlobalCost=35049762.85 (feasible=YES) bestThisIter=35113883.62 feasibleAnts=10 noImprove=17 (elapsed 1249.49s)
[ITER 1070] bestGlobalCost=35049762.85 (feasible=YES) bestThisIter=35187239.85 feasibleAnts=10 noImprove=27 (elapsed 1259.86s)
[ITER 1080] bestGlobalCost=35049762.85 (feasible=YES) bestThisIter=35121815.87 feasibleAnts=11 noImprove=37 (elapsed 1270.66s)
[ITER 1090] bestGlobalCost=35049762.85 (feasible=YES) bestThisIter=35147692.99 feasibleAnts=12 noImprove=47 (elapsed 1284.89s)
[RESET] no improvement for50-> reset pheromones
[ITER 1100] bestGlobalCost=35049762.85 (feasible=YES) bestThisIter=35132022.84 feasibleAnts=10 noImprove=7 (elapsed 1295.87s)
[ITER 1110] bestGlobalCost=35049762.85 (feasible=YES) bestThisIter=35098185.22 feasibleAnts=10 noImprove=17 (elapsed 1305.8s)
[ITER 1120] bestGlobalCost=35049762.85 (feasible=YES) bestThisIter=35129749.76 feasibleAnts=10 noImprove=27 (elapsed 1319.08s)
[ITER 1130] bestGlobalCost=35049762.85 (feasible=YES) bestThisIter=35114636.62 feasibleAnts=10 noImprove=37 (elapsed 1332s)
[ITER 1140] bestGlobalCost=35049762.85 (feasible=YES) bestThisIter=35181225.35 feasibleAnts=12 noImprove=47 (elapsed 1344.96s)
[RESET] no improvement for50-> reset pheromones
[ITER 1150] bestGlobalCost=35049762.85 (feasible=YES) bestThisIter=35140903.08 feasibleAnts=10 noImprove=7 (elapsed 1355.23s)
[ITER 1160] bestGlobalCost=35049762.85 (feasible=YES) bestThisIter=35116500.37 feasibleAnts=10 noImprove=17 (elapsed 1365.68s)
[ITER 1170] bestGlobalCost=35049762.85 (feasible=YES) bestThisIter=35133998.93 feasibleAnts=10 noImprove=27 (elapsed 1378.57s)
[ITER 1180] bestGlobalCost=35049762.85 (feasible=YES) bestThisIter=35134520.83 feasibleAnts=10 noImprove=37 (elapsed 1393.07s)
[ITER 1190] bestGlobalCost=35049762.85 (feasible=YES) bestThisIter=35236311.71 feasibleAnts=12 noImprove=47 (elapsed 1404.16s)
[RESET] no improvement for50-> reset pheromones
[ITER 1200] bestGlobalCost=35049762.85 (feasible=YES) bestThisIter=35130659.39 feasibleAnts=10 noImprove=7 (elapsed 1413.83s)
[ITER 1210] bestGlobalCost=35049762.85 (feasible=YES) bestThisIter=35095544.23 feasibleAnts=10 noImprove=17 (elapsed 1424.41s)
[ITER 1220] bestGlobalCost=35049762.85 (feasible=YES) bestThisIter=35143287.07 feasibleAnts=10 noImprove=27 (elapsed 1437.48s)
[ITER 1230] bestGlobalCost=35049762.85 (feasible=YES) bestThisIter=35126277.01 feasibleAnts=10 noImprove=37 (elapsed 1452.13s)
[ITER 1240] bestGlobalCost=35049762.85 (feasible=YES) bestThisIter=35184554.64 feasibleAnts=12 noImprove=47 (elapsed 1465.93s)
[RESET] no improvement for50-> reset pheromones
[ITER 1250] bestGlobalCost=35049762.85 (feasible=YES) bestThisIter=35097023.36 feasibleAnts=10 noImprove=7 (elapsed 1476.7s)
[ITER 1260] bestGlobalCost=35049762.85 (feasible=YES) bestThisIter=35172565.55 feasibleAnts=10 noImprove=17 (elapsed 1487.89s)
[ITER 1270] bestGlobalCost=35049762.85 (feasible=YES) bestThisIter=35175882.80 feasibleAnts=10 noImprove=27 (elapsed 1499.47s)
1 2 3 4 5 6 7 8 9 10 11 12 13 14 15 16 17 20 26 27 28 29 30 31 32 33 34 35 36 37 38 39 40 41 42 43 44 45 46 47 48 49 50 51 52 53 54 55 56 57 58 59 60 61 62 63 65 73 74 75 76 77 78 79 80 81 82 83 84 85 86 87 110 112 147 148 186 187 188 189 225 232 281 283 286 347 348 350 
149 226 227 228 229 230 231 280 282 284 285 287 288 289 290 291 292 340 341 342 343 344 345 346 349 351 352 354 355 356 357 358 359 371 372 373 374 375 376 377 379 380 381 382 383 384 389 390 391 392 393 394 395 396 397 398 399 403 406 407 408 409 410 411 412 413 414 419 420 421 422 423 424 425 426 427 430 432 433 434 435 436 437 438 439 
137 160 161 162 164 165 166 167 168 169 170 171 172 173 174 175 176 177 178 179 192 193 194 196 197 198 199 200 201 202 203 204 205 206 207 208 209 210 211 212 213 214 215 216 217 218 220 221 222 239 240 241 242 243 244 245 246 247 248 249 250 251 252 253 254 255 256 257 258 259 260 261 262 263 265 266 308 310 311 312 313 314 315 316 317 318 319 320 321 322 
184 190 219 223 224 233 234 235 236 237 238 264 267 268 269 270 271 272 273 274 275 276 277 278 279 293 294 295 296 297 298 299 300 301 302 303 304 305 306 307 309 323 324 325 326 327 328 329 330 331 332 333 334 335 336 337 338 339 353 360 361 362 363 364 365 366 367 368 369 370 378 385 386 387 388 400 401 402 404 405 415 416 417 418 428 429 431 
18 19 21 22 23 24 25 64 66 67 68 69 70 71 72 88 89 90 91 92 93 94 95 96 97 98 99 100 101 102 103 104 105 106 107 108 109 111 113 114 115 116 117 118 119 120 121 122 123 124 125 126 127 128 129 130 131 132 133 134 135 136 138 139 140 141 142 143 144 145 146 150 151 152 153 154 155 156 157 158 159 163 180 181 182 183 185 191 195 
[SAVELOGS] evolution saved to results/logs/aco_logs/evolution/pr439_05_2.txt
[SAVELOGS] best cost saved to results/logs/aco_logs/objectives/pr439_05_2.txt
[SAVELOGS] best solution saved to results/logs/aco_logs/solutions/pr439_05_2.txt
