[ITER 1] New best cost=2051.81 (feasible=YES, time 0.0040718s)
[ITER 10] bestGlobalCost=2051.81 (feasible=YES) bestThisIter=2051.81 feasibleAnts=40 noImprove=9 (elapsed 0.0676527s)
[ITER 20] bestGlobalCost=2051.81 (feasible=YES) bestThisIter=2051.81 feasibleAnts=40 noImprove=19 (elapsed 0.153506s)
[ITER 30] bestGlobalCost=2051.81 (feasible=YES) bestThisIter=2051.81 feasibleAnts=40 noImprove=29 (elapsed 0.347442s)
[RESET] no improvement for30-> reset pheromones
[ITER 40] bestGlobalCost=2051.81 (feasible=YES) bestThisIter=2051.81 feasibleAnts=40 noImprove=9 (elapsed 0.552426s)
[ITER 50] bestGlobalCost=2051.81 (feasible=YES) bestThisIter=2051.81 feasibleAnts=40 noImprove=19 (elapsed 0.642353s)
[ITER 60] bestGlobalCost=2051.81 (feasible=YES) bestThisIter=2051.81 feasibleAnts=40 noImprove=29 (elapsed 0.71545s)
[RESET] no improvement for30-> reset pheromones
[ITER 70] bestGlobalCost=2051.81 (feasible=YES) bestThisIter=2051.81 feasibleAnts=40 noImprove=9 (elapsed 0.809042s)
[ITER 80] bestGlobalCost=2051.81 (feasible=YES) bestThisIter=2051.81 feasibleAnts=40 noImprove=19 (elapsed 0.885044s)
[ITER 90] bestGlobalCost=2051.81 (feasible=YES) bestThisIter=2051.81 feasibleAnts=40 noImprove=29 (elapsed 0.954072s)
[RESET] no improvement for30-> reset pheromones
[ITER 100] bestGlobalCost=2051.81 (feasible=YES) bestThisIter=2051.81 feasibleAnts=40 noImprove=9 (elapsed 1.04104s)
[ITER 110] bestGlobalCost=2051.81 (feasible=YES) bestThisIter=2051.81 feasibleAnts=40 noImprove=19 (elapsed 1.11498s)
[ITER 120] bestGlobalCost=2051.81 (feasible=YES) bestThisIter=2051.81 feasibleAnts=40 noImprove=29 (elapsed 1.1927s)
[RESET] no improvement for30-> reset pheromones
[ITER 130] bestGlobalCost=2051.81 (feasible=YES) bestThisIter=2051.81 feasibleAnts=40 noImprove=9 (elapsed 1.28165s)
[ITER 140] bestGlobalCost=2051.81 (feasible=YES) bestThisIter=2051.81 feasibleAnts=40 noImprove=19 (elapsed 1.36015s)
[ITER 150] bestGlobalCost=2051.81 (feasible=YES) bestThisIter=2051.81 feasibleAnts=40 noImprove=29 (elapsed 1.43536s)
[RESET] no improvement for30-> reset pheromones
[ITER 160] bestGlobalCost=2051.81 (feasible=YES) bestThisIter=2051.81 feasibleAnts=40 noImprove=9 (elapsed 1.53589s)
[ITER 170] bestGlobalCost=2051.81 (feasible=YES) bestThisIter=2051.81 feasibleAnts=40 noImprove=19 (elapsed 1.60901s)
[ITER 180] bestGlobalCost=2051.81 (feasible=YES) bestThisIter=2051.81 feasibleAnts=40 noImprove=29 (elapsed 1.69128s)
[RESET] no improvement for30-> reset pheromones
[ITER 190] bestGlobalCost=2051.81 (feasible=YES) bestThisIter=2051.81 feasibleAnts=40 noImprove=9 (elapsed 1.77858s)
[ITER 200] bestGlobalCost=2051.81 (feasible=YES) bestThisIter=2051.81 feasibleAnts=40 noImprove=19 (elapsed 1.85185s)
[ITER 210] bestGlobalCost=2051.81 (feasible=YES) bestThisIter=2051.81 feasibleAnts=40 noImprove=29 (elapsed 1.93304s)
[RESET] no improvement for30-> reset pheromones
[ITER 220] bestGlobalCost=2051.81 (feasible=YES) bestThisIter=2051.81 feasibleAnts=40 noImprove=9 (elapsed 2.02866s)
[ITER 230] bestGlobalCost=2051.81 (feasible=YES) bestThisIter=2051.81 feasibleAnts=40 noImprove=19 (elapsed 2.1039s)
[ITER 240] bestGlobalCost=2051.81 (feasible=YES) bestThisIter=2051.81 feasibleAnts=40 noImprove=29 (elapsed 2.1897s)
[RESET] no improvement for30-> reset pheromones
[ITER 250] bestGlobalCost=2051.81 (feasible=YES) bestThisIter=2051.81 feasibleAnts=40 noImprove=9 (elapsed 2.27931s)
[ITER 260] bestGlobalCost=2051.81 (feasible=YES) bestThisIter=2051.81 feasibleAnts=40 noImprove=19 (elapsed 2.3458s)
[ITER 270] bestGlobalCost=2051.81 (feasible=YES) bestThisIter=2051.81 feasibleAnts=40 noImprove=29 (elapsed 2.43955s)
[RESET] no improvement for30-> reset pheromones
[ITER 280] bestGlobalCost=2051.81 (feasible=YES) bestThisIter=2051.81 feasibleAnts=40 noImprove=9 (elapsed 2.53579s)
[ITER 290] bestGlobalCost=2051.81 (feasible=YES) bestThisIter=2051.81 feasibleAnts=40 noImprove=19 (elapsed 2.61653s)
[ITER 300] bestGlobalCost=2051.81 (feasible=YES) bestThisIter=2051.81 feasibleAnts=40 noImprove=29 (elapsed 2.68948s)
[RESET] no improvement for30-> reset pheromones
[ITER 310] bestGlobalCost=2051.81 (feasible=YES) bestThisIter=2051.81 feasibleAnts=40 noImprove=9 (elapsed 2.77636s)
[ITER 320] bestGlobalCost=2051.81 (feasible=YES) bestThisIter=2051.81 feasibleAnts=40 noImprove=19 (elapsed 2.84521s)
[ITER 330] bestGlobalCost=2051.81 (feasible=YES) bestThisIter=2051.81 feasibleAnts=40 noImprove=29 (elapsed 2.92365s)
[RESET] no improvement for30-> reset pheromones
[ITER 340] bestGlobalCost=2051.81 (feasible=YES) bestThisIter=2051.81 feasibleAnts=40 noImprove=9 (elapsed 3.02119s)
[ITER 350] bestGlobalCost=2051.81 (feasible=YES) bestThisIter=2051.81 feasibleAnts=40 noImprove=19 (elapsed 3.1102s)
[ITER 360] bestGlobalCost=2051.81 (feasible=YES) bestThisIter=2051.81 feasibleAnts=40 noImprove=29 (elapsed 3.18215s)
[RESET] no improvement for30-> reset pheromones
[ITER 370] bestGlobalCost=2051.81 (feasible=YES) bestThisIter=2051.81 feasibleAnts=40 noImprove=9 (elapsed 3.27254s)
[ITER 380] bestGlobalCost=2051.81 (feasible=YES) bestThisIter=2051.81 feasibleAnts=40 noImprove=19 (elapsed 3.34393s)
[ITER 390] bestGlobalCost=2051.81 (feasible=YES) bestThisIter=2051.81 feasibleAnts=40 noImprove=29 (elapsed 3.41823s)
[RESET] no improvement for30-> reset pheromones
[ITER 400] bestGlobalCost=2051.81 (feasible=YES) bestThisIter=2051.81 feasibleAnts=40 noImprove=9 (elapsed 3.50491s)
[ITER 410] bestGlobalCost=2051.81 (feasible=YES) bestThisIter=2051.81 feasibleAnts=40 noImprove=19 (elapsed 3.58335s)
[ITER 420] bestGlobalCost=2051.81 (feasible=YES) bestThisIter=2051.81 feasibleAnts=40 noImprove=29 (elapsed 3.64863s)
[RESET] no improvement for30-> reset pheromones
[ITER 430] bestGlobalCost=2051.81 (feasible=YES) bestThisIter=2051.81 feasibleAnts=40 noImprove=9 (elapsed 3.73419s)
[ITER 440] bestGlobalCost=2051.81 (feasible=YES) bestThisIter=2051.81 feasibleAnts=40 noImprove=19 (elapsed 3.82167s)
[ITER 450] bestGlobalCost=2051.81 (feasible=YES) bestThisIter=2051.81 feasibleAnts=40 noImprove=29 (elapsed 3.9035s)
[RESET] no improvement for30-> reset pheromones
[ITER 460] bestGlobalCost=2051.81 (feasible=YES) bestThisIter=2051.81 feasibleAnts=40 noImprove=9 (elapsed 3.99315s)
[ITER 470] bestGlobalCost=2051.81 (feasible=YES) bestThisIter=2051.81 feasibleAnts=40 noImprove=19 (elapsed 4.06815s)
[ITER 480] bestGlobalCost=2051.81 (feasible=YES) bestThisIter=2051.81 feasibleAnts=40 noImprove=29 (elapsed 4.14124s)
[RESET] no improvement for30-> reset pheromones
[ITER 490] bestGlobalCost=2051.81 (feasible=YES) bestThisIter=2051.81 feasibleAnts=40 noImprove=9 (elapsed 4.22528s)
[ITER 500] bestGlobalCost=2051.81 (feasible=YES) bestThisIter=2051.81 feasibleAnts=40 noImprove=19 (elapsed 4.29134s)
[ITER 510] bestGlobalCost=2051.81 (feasible=YES) bestThisIter=2051.81 feasibleAnts=40 noImprove=29 (elapsed 4.34715s)
[RESET] no improvement for30-> reset pheromones
[ITER 520] bestGlobalCost=2051.81 (feasible=YES) bestThisIter=2051.81 feasibleAnts=40 noImprove=9 (elapsed 4.41648s)
[ITER 530] bestGlobalCost=2051.81 (feasible=YES) bestThisIter=2051.81 feasibleAnts=40 noImprove=19 (elapsed 4.47312s)
[ITER 540] bestGlobalCost=2051.81 (feasible=YES) bestThisIter=2051.81 feasibleAnts=39 noImprove=29 (elapsed 4.52462s)
[RESET] no improvement for30-> reset pheromones
[ITER 550] bestGlobalCost=2051.81 (feasible=YES) bestThisIter=2051.81 feasibleAnts=40 noImprove=9 (elapsed 4.60184s)
[ITER 560] bestGlobalCost=2051.81 (feasible=YES) bestThisIter=2051.81 feasibleAnts=40 noImprove=19 (elapsed 4.66409s)
[ITER 570] bestGlobalCost=2051.81 (feasible=YES) bestThisIter=2051.81 feasibleAnts=40 noImprove=29 (elapsed 4.7315s)
[RESET] no improvement for30-> reset pheromones
[ITER 580] bestGlobalCost=2051.81 (feasible=YES) bestThisIter=2051.81 feasibleAnts=40 noImprove=9 (elapsed 4.79849s)
[ITER 590] bestGlobalCost=2051.81 (feasible=YES) bestThisIter=2051.81 feasibleAnts=40 noImprove=19 (elapsed 4.86246s)
[ITER 600] bestGlobalCost=2051.81 (feasible=YES) bestThisIter=2051.81 feasibleAnts=40 noImprove=29 (elapsed 4.91918s)
[RESET] no improvement for30-> reset pheromones
[ITER 610] bestGlobalCost=2051.81 (feasible=YES) bestThisIter=2051.81 feasibleAnts=40 noImprove=9 (elapsed 4.98718s)
[ITER 620] bestGlobalCost=2051.81 (feasible=YES) bestThisIter=2051.81 feasibleAnts=40 noImprove=19 (elapsed 5.05248s)
[ITER 630] bestGlobalCost=2051.81 (feasible=YES) bestThisIter=2051.81 feasibleAnts=39 noImprove=29 (elapsed 5.10338s)
[RESET] no improvement for30-> reset pheromones
[ITER 640] bestGlobalCost=2051.81 (feasible=YES) bestThisIter=2051.81 feasibleAnts=40 noImprove=9 (elapsed 5.18336s)
[ITER 650] bestGlobalCost=2051.81 (feasible=YES) bestThisIter=2051.81 feasibleAnts=40 noImprove=19 (elapsed 5.23336s)
[ITER 660] bestGlobalCost=2051.81 (feasible=YES) bestThisIter=2051.81 feasibleAnts=40 noImprove=29 (elapsed 5.30304s)
[RESET] no improvement for30-> reset pheromones
[ITER 670] bestGlobalCost=2051.81 (feasible=YES) bestThisIter=2051.81 feasibleAnts=40 noImprove=9 (elapsed 5.3763s)
[ITER 680] bestGlobalCost=2051.81 (feasible=YES) bestThisIter=2051.81 feasibleAnts=40 noImprove=19 (elapsed 5.44945s)
[ITER 690] bestGlobalCost=2051.81 (feasible=YES) bestThisIter=2051.81 feasibleAnts=40 noImprove=29 (elapsed 5.51105s)
[RESET] no improvement for30-> reset pheromones
[ITER 700] bestGlobalCost=2051.81 (feasible=YES) bestThisIter=2051.81 feasibleAnts=40 noImprove=9 (elapsed 5.58535s)
[ITER 710] bestGlobalCost=2051.81 (feasible=YES) bestThisIter=2051.81 feasibleAnts=40 noImprove=19 (elapsed 5.64254s)
[ITER 720] bestGlobalCost=2051.81 (feasible=YES) bestThisIter=2051.81 feasibleAnts=40 noImprove=29 (elapsed 5.69485s)
[RESET] no improvement for30-> reset pheromones
[ITER 730] bestGlobalCost=2051.81 (feasible=YES) bestThisIter=2051.81 feasibleAnts=40 noImprove=9 (elapsed 5.77439s)
[ITER 740] bestGlobalCost=2051.81 (feasible=YES) bestThisIter=2051.81 feasibleAnts=40 noImprove=19 (elapsed 5.83476s)
[ITER 750] bestGlobalCost=2051.81 (feasible=YES) bestThisIter=2051.81 feasibleAnts=40 noImprove=29 (elapsed 5.90401s)
[RESET] no improvement for30-> reset pheromones
[ITER 760] bestGlobalCost=2051.81 (feasible=YES) bestThisIter=2051.81 feasibleAnts=40 noImprove=9 (elapsed 5.9743s)
[ITER 770] bestGlobalCost=2051.81 (feasible=YES) bestThisIter=2051.81 feasibleAnts=40 noImprove=19 (elapsed 6.05261s)
[ITER 780] bestGlobalCost=2051.81 (feasible=YES) bestThisIter=2051.81 feasibleAnts=40 noImprove=29 (elapsed 6.10851s)
[RESET] no improvement for30-> reset pheromones
[ITER 790] bestGlobalCost=2051.81 (feasible=YES) bestThisIter=2051.81 feasibleAnts=40 noImprove=9 (elapsed 6.18066s)
[ITER 800] bestGlobalCost=2051.81 (feasible=YES) bestThisIter=2051.81 feasibleAnts=40 noImprove=19 (elapsed 6.24769s)
[ITER 810] bestGlobalCost=2051.81 (feasible=YES) bestThisIter=2051.81 feasibleAnts=40 noImprove=29 (elapsed 6.32192s)
[RESET] no improvement for30-> reset pheromones
[ITER 820] bestGlobalCost=2051.81 (feasible=YES) bestThisIter=2051.81 feasibleAnts=40 noImprove=9 (elapsed 6.39097s)
[ITER 830] bestGlobalCost=2051.81 (feasible=YES) bestThisIter=2051.81 feasibleAnts=40 noImprove=19 (elapsed 6.46303s)
[ITER 840] bestGlobalCost=2051.81 (feasible=YES) bestThisIter=2051.81 feasibleAnts=40 noImprove=29 (elapsed 6.51466s)
[RESET] no improvement for30-> reset pheromones
[ITER 850] bestGlobalCost=2051.81 (feasible=YES) bestThisIter=2051.81 feasibleAnts=40 noImprove=9 (elapsed 6.60108s)
[ITER 860] bestGlobalCost=2051.81 (feasible=YES) bestThisIter=2051.81 feasibleAnts=40 noImprove=19 (elapsed 6.66171s)
[ITER 870] bestGlobalCost=2051.81 (feasible=YES) bestThisIter=2051.81 feasibleAnts=40 noImprove=29 (elapsed 6.73558s)
[RESET] no improvement for30-> reset pheromones
[ITER 880] bestGlobalCost=2051.81 (feasible=YES) bestThisIter=2051.81 feasibleAnts=40 noImprove=9 (elapsed 6.80819s)
[ITER 890] bestGlobalCost=2051.81 (feasible=YES) bestThisIter=2051.81 feasibleAnts=40 noImprove=19 (elapsed 6.87107s)
[ITER 900] bestGlobalCost=2051.81 (feasible=YES) bestThisIter=2051.81 feasibleAnts=40 noImprove=29 (elapsed 6.92829s)
[RESET] no improvement for30-> reset pheromones
[ITER 910] bestGlobalCost=2051.81 (feasible=YES) bestThisIter=2051.81 feasibleAnts=38 noImprove=9 (elapsed 7.0006s)
[ITER 920] bestGlobalCost=2051.81 (feasible=YES) bestThisIter=2051.81 feasibleAnts=40 noImprove=19 (elapsed 7.06353s)
[ITER 930] bestGlobalCost=2051.81 (feasible=YES) bestThisIter=2051.81 feasibleAnts=39 noImprove=29 (elapsed 7.11983s)
[RESET] no improvement for30-> reset pheromones
[ITER 940] bestGlobalCost=2051.81 (feasible=YES) bestThisIter=2051.81 feasibleAnts=40 noImprove=9 (elapsed 7.19488s)
[ITER 950] bestGlobalCost=2051.81 (feasible=YES) bestThisIter=2051.81 feasibleAnts=40 noImprove=19 (elapsed 7.25415s)
[ITER 960] bestGlobalCost=2051.81 (feasible=YES) bestThisIter=2051.81 feasibleAnts=40 noImprove=29 (elapsed 7.3171s)
[RESET] no improvement for30-> reset pheromones
[ITER 970] bestGlobalCost=2051.81 (feasible=YES) bestThisIter=2051.81 feasibleAnts=40 noImprove=9 (elapsed 7.39613s)
[ITER 980] bestGlobalCost=2051.81 (feasible=YES) bestThisIter=2051.81 feasibleAnts=40 noImprove=19 (elapsed 7.45983s)
[ITER 990] bestGlobalCost=2051.81 (feasible=YES) bestThisIter=2051.81 feasibleAnts=40 noImprove=29 (elapsed 7.519s)
[RESET] no improvement for30-> reset pheromones
[ITER 1000] bestGlobalCost=2051.81 (feasible=YES) bestThisIter=2051.81 feasibleAnts=40 noImprove=9 (elapsed 7.58797s)
[ITER 1010] bestGlobalCost=2051.81 (feasible=YES) bestThisIter=2051.81 feasibleAnts=40 noImprove=19 (elapsed 7.64297s)
[ITER 1020] bestGlobalCost=2051.81 (feasible=YES) bestThisIter=2051.81 feasibleAnts=40 noImprove=29 (elapsed 7.70205s)
[RESET] no improvement for30-> reset pheromones
[ITER 1030] bestGlobalCost=2051.81 (feasible=YES) bestThisIter=2051.81 feasibleAnts=39 noImprove=9 (elapsed 7.77493s)
[ITER 1040] bestGlobalCost=2051.81 (feasible=YES) bestThisIter=2051.81 feasibleAnts=40 noImprove=19 (elapsed 7.84002s)
[ITER 1050] bestGlobalCost=2051.81 (feasible=YES) bestThisIter=2051.81 feasibleAnts=40 noImprove=29 (elapsed 7.90347s)
[RESET] no improvement for30-> reset pheromones
[ITER 1060] bestGlobalCost=2051.81 (feasible=YES) bestThisIter=2051.81 feasibleAnts=40 noImprove=9 (elapsed 7.97349s)
[ITER 1070] bestGlobalCost=2051.81 (feasible=YES) bestThisIter=2051.81 feasibleAnts=40 noImprove=19 (elapsed 8.0443s)
[ITER 1080] bestGlobalCost=2051.81 (feasible=YES) bestThisIter=2051.81 feasibleAnts=40 noImprove=29 (elapsed 8.10755s)
[RESET] no improvement for30-> reset pheromones
[ITER 1090] bestGlobalCost=2051.81 (feasible=YES) bestThisIter=2051.81 feasibleAnts=40 noImprove=9 (elapsed 8.18392s)
[ITER 1100] bestGlobalCost=2051.81 (feasible=YES) bestThisIter=2051.81 feasibleAnts=40 noImprove=19 (elapsed 8.25577s)
[ITER 1110] bestGlobalCost=2051.81 (feasible=YES) bestThisIter=2051.81 feasibleAnts=40 noImprove=29 (elapsed 8.34039s)
[RESET] no improvement for30-> reset pheromones
[ITER 1120] bestGlobalCost=2051.81 (feasible=YES) bestThisIter=2051.81 feasibleAnts=40 noImprove=9 (elapsed 8.42905s)
[ITER 1130] bestGlobalCost=2051.81 (feasible=YES) bestThisIter=2051.81 feasibleAnts=40 noImprove=19 (elapsed 8.4942s)
[ITER 1140] bestGlobalCost=2051.81 (feasible=YES) bestThisIter=2051.81 feasibleAnts=40 noImprove=29 (elapsed 8.56439s)
[RESET] no improvement for30-> reset pheromones
[ITER 1150] bestGlobalCost=2051.81 (feasible=YES) bestThisIter=2051.81 feasibleAnts=40 noImprove=9 (elapsed 8.64982s)
[ITER 1160] bestGlobalCost=2051.81 (feasible=YES) bestThisIter=2051.81 feasibleAnts=40 noImprove=19 (elapsed 8.72518s)
[ITER 1170] bestGlobalCost=2051.81 (feasible=YES) bestThisIter=2051.81 feasibleAnts=40 noImprove=29 (elapsed 8.79753s)
[RESET] no improvement for30-> reset pheromones
[ITER 1180] bestGlobalCost=2051.81 (feasible=YES) bestThisIter=2051.81 feasibleAnts=40 noImprove=9 (elapsed 8.88514s)
[ITER 1190] bestGlobalCost=2051.81 (feasible=YES) bestThisIter=2051.81 feasibleAnts=40 noImprove=19 (elapsed 8.95849s)
[ITER 1200] bestGlobalCost=2051.81 (feasible=YES) bestThisIter=2051.81 feasibleAnts=40 noImprove=29 (elapsed 9.05233s)
[RESET] no improvement for30-> reset pheromones
[ITER 1210] bestGlobalCost=2051.81 (feasible=YES) bestThisIter=2051.81 feasibleAnts=40 noImprove=9 (elapsed 9.14051s)
[ITER 1220] bestGlobalCost=2051.81 (feasible=YES) bestThisIter=2051.81 feasibleAnts=40 noImprove=19 (elapsed 9.20651s)
[ITER 1230] bestGlobalCost=2051.81 (feasible=YES) bestThisIter=2051.81 feasibleAnts=40 noImprove=29 (elapsed 9.28136s)
[RESET] no improvement for30-> reset pheromones
[ITER 1240] bestGlobalCost=2051.81 (feasible=YES) bestThisIter=2051.81 feasibleAnts=40 noImprove=9 (elapsed 9.36818s)
[ITER 1250] bestGlobalCost=2051.81 (feasible=YES) bestThisIter=2051.81 feasibleAnts=40 noImprove=19 (elapsed 9.4473s)
[ITER 1260] bestGlobalCost=2051.81 (feasible=YES) bestThisIter=2051.81 feasibleAnts=40 noImprove=29 (elapsed 9.53233s)
[RESET] no improvement for30-> reset pheromones
[ITER 1270] bestGlobalCost=2051.81 (feasible=YES) bestThisIter=2051.81 feasibleAnts=40 noImprove=9 (elapsed 9.62828s)
[ITER 1280] bestGlobalCost=2051.81 (feasible=YES) bestThisIter=2051.81 feasibleAnts=40 noImprove=19 (elapsed 9.71021s)
[ITER 1290] bestGlobalCost=2051.81 (feasible=YES) bestThisIter=2051.81 feasibleAnts=39 noImprove=29 (elapsed 9.79338s)
[RESET] no improvement for30-> reset pheromones
[ITER 1300] bestGlobalCost=2051.81 (feasible=YES) bestThisIter=2051.81 feasibleAnts=40 noImprove=9 (elapsed 9.88856s)
[ITER 1310] bestGlobalCost=2051.81 (feasible=YES) bestThisIter=2051.81 feasibleAnts=40 noImprove=19 (elapsed 9.96039s)
5 6 12 13 16 
2 4 14 17 18 20 
1 3 7 8 9 10 11 15 19 
[SAVELOGS] evolution saved to results/logs/aco_logs/evolution/muestra4_20_3.txt
[SAVELOGS] best cost saved to results/logs/aco_logs/objectives/muestra4_20_3.txt
[SAVELOGS] best solution saved to results/logs/aco_logs/solutions/muestra4_20_3.txt
