[ITER 1] New best cost=2051.81 (feasible=YES, time 0.0052508s)
[ITER 10] bestGlobalCost=2051.81 (feasible=YES) bestThisIter=2051.81 feasibleAnts=40 noImprove=9 (elapsed 0.0842987s)
[ITER 20] bestGlobalCost=2051.81 (feasible=YES) bestThisIter=2051.81 feasibleAnts=40 noImprove=19 (elapsed 0.178058s)
[ITER 30] bestGlobalCost=2051.81 (feasible=YES) bestThisIter=2051.81 feasibleAnts=40 noImprove=29 (elapsed 0.295942s)
[RESET] no improvement for30-> reset pheromones
[ITER 40] bestGlobalCost=2051.81 (feasible=YES) bestThisIter=2051.81 feasibleAnts=40 noImprove=9 (elapsed 0.419185s)
[ITER 50] bestGlobalCost=2051.81 (feasible=YES) bestThisIter=2051.81 feasibleAnts=40 noImprove=19 (elapsed 0.522046s)
[ITER 60] bestGlobalCost=2051.81 (feasible=YES) bestThisIter=2051.81 feasibleAnts=39 noImprove=29 (elapsed 0.592711s)
[RESET] no improvement for30-> reset pheromones
[ITER 70] bestGlobalCost=2051.81 (feasible=YES) bestThisIter=2051.81 feasibleAnts=40 noImprove=9 (elapsed 0.683254s)
[ITER 80] bestGlobalCost=2051.81 (feasible=YES) bestThisIter=2051.81 feasibleAnts=40 noImprove=19 (elapsed 0.756984s)
[ITER 90] bestGlobalCost=2051.81 (feasible=YES) bestThisIter=2051.81 feasibleAnts=40 noImprove=29 (elapsed 0.845797s)
[RESET] no improvement for30-> reset pheromones
[ITER 100] bestGlobalCost=2051.81 (feasible=YES) bestThisIter=2051.81 feasibleAnts=40 noImprove=9 (elapsed 0.935871s)
[ITER 110] bestGlobalCost=2051.81 (feasible=YES) bestThisIter=2051.81 feasibleAnts=40 noImprove=19 (elapsed 1.0139s)
[ITER 120] bestGlobalCost=2051.81 (feasible=YES) bestThisIter=2051.81 feasibleAnts=40 noImprove=29 (elapsed 1.10469s)
[RESET] no improvement for30-> reset pheromones
[ITER 130] bestGlobalCost=2051.81 (feasible=YES) bestThisIter=2051.81 feasibleAnts=40 noImprove=9 (elapsed 1.20254s)
[ITER 140] bestGlobalCost=2051.81 (feasible=YES) bestThisIter=2051.81 feasibleAnts=40 noImprove=19 (elapsed 1.30043s)
[ITER 150] bestGlobalCost=2051.81 (feasible=YES) bestThisIter=2051.81 feasibleAnts=40 noImprove=29 (elapsed 1.38105s)
[RESET] no improvement for30-> reset pheromones
[ITER 160] bestGlobalCost=2051.81 (feasible=YES) bestThisIter=2051.81 feasibleAnts=40 noImprove=9 (elapsed 1.46952s)
[ITER 170] bestGlobalCost=2051.81 (feasible=YES) bestThisIter=2051.81 feasibleAnts=40 noImprove=19 (elapsed 1.55425s)
[ITER 180] bestGlobalCost=2051.81 (feasible=YES) bestThisIter=2051.81 feasibleAnts=40 noImprove=29 (elapsed 1.62727s)
[RESET] no improvement for30-> reset pheromones
[ITER 190] bestGlobalCost=2051.81 (feasible=YES) bestThisIter=2051.81 feasibleAnts=40 noImprove=9 (elapsed 1.72123s)
[ITER 200] bestGlobalCost=2051.81 (feasible=YES) bestThisIter=2051.81 feasibleAnts=40 noImprove=19 (elapsed 1.79499s)
[ITER 210] bestGlobalCost=2051.81 (feasible=YES) bestThisIter=2051.81 feasibleAnts=40 noImprove=29 (elapsed 1.86516s)
[RESET] no improvement for30-> reset pheromones
[ITER 220] bestGlobalCost=2051.81 (feasible=YES) bestThisIter=2051.81 feasibleAnts=40 noImprove=9 (elapsed 1.95131s)
[ITER 230] bestGlobalCost=2051.81 (feasible=YES) bestThisIter=2051.81 feasibleAnts=40 noImprove=19 (elapsed 2.02471s)
[ITER 240] bestGlobalCost=2051.81 (feasible=YES) bestThisIter=2051.81 feasibleAnts=40 noImprove=29 (elapsed 2.09742s)
[RESET] no improvement for30-> reset pheromones
[ITER 250] bestGlobalCost=2051.81 (feasible=YES) bestThisIter=2051.81 feasibleAnts=40 noImprove=9 (elapsed 2.18382s)
[ITER 260] bestGlobalCost=2051.81 (feasible=YES) bestThisIter=2051.81 feasibleAnts=40 noImprove=19 (elapsed 2.27096s)
[ITER 270] bestGlobalCost=2051.81 (feasible=YES) bestThisIter=2051.81 feasibleAnts=40 noImprove=29 (elapsed 2.3375s)
[RESET] no improvement for30-> reset pheromones
[ITER 280] bestGlobalCost=2051.81 (feasible=YES) bestThisIter=2051.81 feasibleAnts=40 noImprove=9 (elapsed 2.42691s)
[ITER 290] bestGlobalCost=2051.81 (feasible=YES) bestThisIter=2051.81 feasibleAnts=40 noImprove=19 (elapsed 2.49859s)
[ITER 300] bestGlobalCost=2051.81 (feasible=YES) bestThisIter=2051.81 feasibleAnts=40 noImprove=29 (elapsed 2.58676s)
[RESET] no improvement for30-> reset pheromones
[ITER 310] bestGlobalCost=2051.81 (feasible=YES) bestThisIter=2051.81 feasibleAnts=40 noImprove=9 (elapsed 2.67193s)
[ITER 320] bestGlobalCost=2051.81 (feasible=YES) bestThisIter=2051.81 feasibleAnts=40 noImprove=19 (elapsed 2.76151s)
[ITER 330] bestGlobalCost=2051.81 (feasible=YES) bestThisIter=2051.81 feasibleAnts=40 noImprove=29 (elapsed 2.83295s)
[RESET] no improvement for30-> reset pheromones
[ITER 340] bestGlobalCost=2051.81 (feasible=YES) bestThisIter=2051.81 feasibleAnts=40 noImprove=9 (elapsed 2.91775s)
[ITER 350] bestGlobalCost=2051.81 (feasible=YES) bestThisIter=2051.81 feasibleAnts=40 noImprove=19 (elapsed 2.98554s)
[ITER 360] bestGlobalCost=2051.81 (feasible=YES) bestThisIter=2051.81 feasibleAnts=40 noImprove=29 (elapsed 3.07026s)
[RESET] no improvement for30-> reset pheromones
[ITER 370] bestGlobalCost=2051.81 (feasible=YES) bestThisIter=2051.81 feasibleAnts=40 noImprove=9 (elapsed 3.15756s)
[ITER 380] bestGlobalCost=2051.81 (feasible=YES) bestThisIter=2051.81 feasibleAnts=40 noImprove=19 (elapsed 3.23474s)
[ITER 390] bestGlobalCost=2051.81 (feasible=YES) bestThisIter=2051.81 feasibleAnts=40 noImprove=29 (elapsed 3.30283s)
[RESET] no improvement for30-> reset pheromones
[ITER 400] bestGlobalCost=2051.81 (feasible=YES) bestThisIter=2051.81 feasibleAnts=40 noImprove=9 (elapsed 3.38926s)
[ITER 410] bestGlobalCost=2051.81 (feasible=YES) bestThisIter=2051.81 feasibleAnts=40 noImprove=19 (elapsed 3.46773s)
[ITER 420] bestGlobalCost=2051.81 (feasible=YES) bestThisIter=2051.81 feasibleAnts=40 noImprove=29 (elapsed 3.54574s)
[RESET] no improvement for30-> reset pheromones
[ITER 430] bestGlobalCost=2051.81 (feasible=YES) bestThisIter=2051.81 feasibleAnts=40 noImprove=9 (elapsed 3.63288s)
[ITER 440] bestGlobalCost=2051.81 (feasible=YES) bestThisIter=2051.81 feasibleAnts=40 noImprove=19 (elapsed 3.71353s)
[ITER 450] bestGlobalCost=2051.81 (feasible=YES) bestThisIter=2051.81 feasibleAnts=40 noImprove=29 (elapsed 3.78521s)
[RESET] no improvement for30-> reset pheromones
[ITER 460] bestGlobalCost=2051.81 (feasible=YES) bestThisIter=2051.81 feasibleAnts=40 noImprove=9 (elapsed 3.87315s)
[ITER 470] bestGlobalCost=2051.81 (feasible=YES) bestThisIter=2051.81 feasibleAnts=40 noImprove=19 (elapsed 3.95934s)
[ITER 480] bestGlobalCost=2051.81 (feasible=YES) bestThisIter=2051.81 feasibleAnts=40 noImprove=29 (elapsed 4.0302s)
[RESET] no improvement for30-> reset pheromones
[ITER 490] bestGlobalCost=2051.81 (feasible=YES) bestThisIter=2051.81 feasibleAnts=40 noImprove=9 (elapsed 4.1179s)
[ITER 500] bestGlobalCost=2051.81 (feasible=YES) bestThisIter=2051.81 feasibleAnts=40 noImprove=19 (elapsed 4.19172s)
[ITER 510] bestGlobalCost=2051.81 (feasible=YES) bestThisIter=2051.81 feasibleAnts=40 noImprove=29 (elapsed 4.27143s)
[RESET] no improvement for30-> reset pheromones
[ITER 520] bestGlobalCost=2051.81 (feasible=YES) bestThisIter=2051.81 feasibleAnts=40 noImprove=9 (elapsed 4.35931s)
[ITER 530] bestGlobalCost=2051.81 (feasible=YES) bestThisIter=2051.81 feasibleAnts=40 noImprove=19 (elapsed 4.44859s)
[ITER 540] bestGlobalCost=2051.81 (feasible=YES) bestThisIter=2051.81 feasibleAnts=40 noImprove=29 (elapsed 4.51661s)
[RESET] no improvement for30-> reset pheromones
[ITER 550] bestGlobalCost=2051.81 (feasible=YES) bestThisIter=2051.81 feasibleAnts=40 noImprove=9 (elapsed 4.6036s)
[ITER 560] bestGlobalCost=2051.81 (feasible=YES) bestThisIter=2051.81 feasibleAnts=40 noImprove=19 (elapsed 4.67426s)
[ITER 570] bestGlobalCost=2051.81 (feasible=YES) bestThisIter=2051.81 feasibleAnts=40 noImprove=29 (elapsed 4.75518s)
[RESET] no improvement for30-> reset pheromones
[ITER 580] bestGlobalCost=2051.81 (feasible=YES) bestThisIter=2051.81 feasibleAnts=40 noImprove=9 (elapsed 4.84218s)
[ITER 590] bestGlobalCost=2051.81 (feasible=YES) bestThisIter=2051.81 feasibleAnts=40 noImprove=19 (elapsed 4.91457s)
[ITER 600] bestGlobalCost=2051.81 (feasible=YES) bestThisIter=2051.81 feasibleAnts=40 noImprove=29 (elapsed 5.00151s)
[RESET] no improvement for30-> reset pheromones
[ITER 610] bestGlobalCost=2051.81 (feasible=YES) bestThisIter=2051.81 feasibleAnts=40 noImprove=9 (elapsed 5.08936s)
[ITER 620] bestGlobalCost=2051.81 (feasible=YES) bestThisIter=2051.81 feasibleAnts=40 noImprove=19 (elapsed 5.17633s)
[ITER 630] bestGlobalCost=2051.81 (feasible=YES) bestThisIter=2051.81 feasibleAnts=40 noImprove=29 (elapsed 5.25567s)
[RESET] no improvement for30-> reset pheromones
[ITER 640] bestGlobalCost=2051.81 (feasible=YES) bestThisIter=2051.81 feasibleAnts=40 noImprove=9 (elapsed 5.35603s)
[ITER 650] bestGlobalCost=2051.81 (feasible=YES) bestThisIter=2051.81 feasibleAnts=40 noImprove=19 (elapsed 5.44362s)
[ITER 660] bestGlobalCost=2051.81 (feasible=YES) bestThisIter=2051.81 feasibleAnts=40 noImprove=29 (elapsed 5.516s)
[RESET] no improvement for30-> reset pheromones
[ITER 670] bestGlobalCost=2051.81 (feasible=YES) bestThisIter=2051.81 feasibleAnts=40 noImprove=9 (elapsed 5.60611s)
[ITER 680] bestGlobalCost=2051.81 (feasible=YES) bestThisIter=2051.81 feasibleAnts=40 noImprove=19 (elapsed 5.68358s)
[ITER 690] bestGlobalCost=2051.81 (feasible=YES) bestThisIter=2051.81 feasibleAnts=40 noImprove=29 (elapsed 5.79371s)
[RESET] no improvement for30-> reset pheromones
[ITER 700] bestGlobalCost=2051.81 (feasible=YES) bestThisIter=2051.81 feasibleAnts=40 noImprove=9 (elapsed 5.89646s)
[ITER 710] bestGlobalCost=2051.81 (feasible=YES) bestThisIter=2051.81 feasibleAnts=40 noImprove=19 (elapsed 5.97736s)
[ITER 720] bestGlobalCost=2051.81 (feasible=YES) bestThisIter=2051.81 feasibleAnts=40 noImprove=29 (elapsed 6.05632s)
[RESET] no improvement for30-> reset pheromones
[ITER 730] bestGlobalCost=2051.81 (feasible=YES) bestThisIter=2051.81 feasibleAnts=40 noImprove=9 (elapsed 6.12762s)
[ITER 740] bestGlobalCost=2051.81 (feasible=YES) bestThisIter=2051.81 feasibleAnts=40 noImprove=19 (elapsed 6.18121s)
[ITER 750] bestGlobalCost=2051.81 (feasible=YES) bestThisIter=2051.81 feasibleAnts=40 noImprove=29 (elapsed 6.23112s)
[RESET] no improvement for30-> reset pheromones
[ITER 760] bestGlobalCost=2051.81 (feasible=YES) bestThisIter=2051.81 feasibleAnts=40 noImprove=9 (elapsed 6.30153s)
[ITER 770] bestGlobalCost=2051.81 (feasible=YES) bestThisIter=2051.81 feasibleAnts=40 noImprove=19 (elapsed 6.35422s)
[ITER 780] bestGlobalCost=2051.81 (feasible=YES) bestThisIter=2051.81 feasibleAnts=40 noImprove=29 (elapsed 6.40709s)
[RESET] no improvement for30-> reset pheromones
[ITER 790] bestGlobalCost=2051.81 (feasible=YES) bestThisIter=2051.81 feasibleAnts=40 noImprove=9 (elapsed 6.47555s)
[ITER 800] bestGlobalCost=2051.81 (feasible=YES) bestThisIter=2051.81 feasibleAnts=40 noImprove=19 (elapsed 6.54516s)
[ITER 810] bestGlobalCost=2051.81 (feasible=YES) bestThisIter=2051.81 feasibleAnts=40 noImprove=29 (elapsed 6.64835s)
[RESET] no improvement for30-> reset pheromones
[ITER 820] bestGlobalCost=2051.81 (feasible=YES) bestThisIter=2051.81 feasibleAnts=40 noImprove=9 (elapsed 6.71715s)
[ITER 830] bestGlobalCost=2051.81 (feasible=YES) bestThisIter=2051.81 feasibleAnts=40 noImprove=19 (elapsed 6.77768s)
[ITER 840] bestGlobalCost=2051.81 (feasible=YES) bestThisIter=2051.81 feasibleAnts=40 noImprove=29 (elapsed 6.83404s)
[RESET] no improvement for30-> reset pheromones
[ITER 850] bestGlobalCost=2051.81 (feasible=YES) bestThisIter=2051.81 feasibleAnts=40 noImprove=9 (elapsed 6.91125s)
[ITER 860] bestGlobalCost=2051.81 (feasible=YES) bestThisIter=2051.81 feasibleAnts=40 noImprove=19 (elapsed 6.96832s)
[ITER 870] bestGlobalCost=2051.81 (feasible=YES) bestThisIter=2051.81 feasibleAnts=40 noImprove=29 (elapsed 7.02997s)
[RESET] no improvement for30-> reset pheromones
[ITER 880] bestGlobalCost=2051.81 (feasible=YES) bestThisIter=2051.81 feasibleAnts=40 noImprove=9 (elapsed 7.09646s)
[ITER 890] bestGlobalCost=2051.81 (feasible=YES) bestThisIter=2051.81 feasibleAnts=40 noImprove=19 (elapsed 7.14936s)
[ITER 900] bestGlobalCost=2051.81 (feasible=YES) bestThisIter=2051.81 feasibleAnts=40 noImprove=29 (elapsed 7.2008s)
[RESET] no improvement for30-> reset pheromones
[ITER 910] bestGlobalCost=2051.81 (feasible=YES) bestThisIter=2051.81 feasibleAnts=40 noImprove=9 (elapsed 7.26559s)
[ITER 920] bestGlobalCost=2051.81 (feasible=YES) bestThisIter=2051.81 feasibleAnts=40 noImprove=19 (elapsed 7.32456s)
[ITER 930] bestGlobalCost=2051.81 (feasible=YES) bestThisIter=2051.81 feasibleAnts=40 noImprove=29 (elapsed 7.37764s)
[RESET] no improvement for30-> reset pheromones
[ITER 940] bestGlobalCost=2051.81 (feasible=YES) bestThisIter=2051.81 feasibleAnts=40 noImprove=9 (elapsed 7.45138s)
[ITER 950] bestGlobalCost=2051.81 (feasible=YES) bestThisIter=2051.81 feasibleAnts=40 noImprove=19 (elapsed 7.51082s)
[ITER 960] bestGlobalCost=2051.81 (feasible=YES) bestThisIter=2051.81 feasibleAnts=40 noImprove=29 (elapsed 7.56589s)
[RESET] no improvement for30-> reset pheromones
[ITER 970] bestGlobalCost=2051.81 (feasible=YES) bestThisIter=2051.81 feasibleAnts=40 noImprove=9 (elapsed 7.6377s)
[ITER 980] bestGlobalCost=2051.81 (feasible=YES) bestThisIter=2051.81 feasibleAnts=40 noImprove=19 (elapsed 7.69262s)
[ITER 990] bestGlobalCost=2051.81 (feasible=YES) bestThisIter=2051.81 feasibleAnts=40 noImprove=29 (elapsed 7.75012s)
[RESET] no improvement for30-> reset pheromones
[ITER 1000] bestGlobalCost=2051.81 (feasible=YES) bestThisIter=2051.81 feasibleAnts=40 noImprove=9 (elapsed 7.82566s)
[ITER 1010] bestGlobalCost=2051.81 (feasible=YES) bestThisIter=2051.81 feasibleAnts=40 noImprove=19 (elapsed 7.88709s)
[ITER 1020] bestGlobalCost=2051.81 (feasible=YES) bestThisIter=2051.81 feasibleAnts=40 noImprove=29 (elapsed 7.94697s)
[RESET] no improvement for30-> reset pheromones
[ITER 1030] bestGlobalCost=2051.81 (feasible=YES) bestThisIter=2051.81 feasibleAnts=40 noImprove=9 (elapsed 8.0202s)
[ITER 1040] bestGlobalCost=2051.81 (feasible=YES) bestThisIter=2051.81 feasibleAnts=40 noImprove=19 (elapsed 8.09155s)
[ITER 1050] bestGlobalCost=2051.81 (feasible=YES) bestThisIter=2051.81 feasibleAnts=40 noImprove=29 (elapsed 8.15881s)
[RESET] no improvement for30-> reset pheromones
[ITER 1060] bestGlobalCost=2051.81 (feasible=YES) bestThisIter=2051.81 feasibleAnts=40 noImprove=9 (elapsed 8.22875s)
[ITER 1070] bestGlobalCost=2051.81 (feasible=YES) bestThisIter=2051.81 feasibleAnts=40 noImprove=19 (elapsed 8.29292s)
[ITER 1080] bestGlobalCost=2051.81 (feasible=YES) bestThisIter=2051.81 feasibleAnts=40 noImprove=29 (elapsed 8.35532s)
[RESET] no improvement for30-> reset pheromones
[ITER 1090] bestGlobalCost=2051.81 (feasible=YES) bestThisIter=2051.81 feasibleAnts=40 noImprove=9 (elapsed 8.43864s)
[ITER 1100] bestGlobalCost=2051.81 (feasible=YES) bestThisIter=2051.81 feasibleAnts=40 noImprove=19 (elapsed 8.49918s)
[ITER 1110] bestGlobalCost=2051.81 (feasible=YES) bestThisIter=2051.81 feasibleAnts=40 noImprove=29 (elapsed 8.55416s)
[RESET] no improvement for30-> reset pheromones
[ITER 1120] bestGlobalCost=2051.81 (feasible=YES) bestThisIter=2051.81 feasibleAnts=40 noImprove=9 (elapsed 8.64234s)
[ITER 1130] bestGlobalCost=2051.81 (feasible=YES) bestThisIter=2051.81 feasibleAnts=39 noImprove=19 (elapsed 8.7113s)
[ITER 1140] bestGlobalCost=2051.81 (feasible=YES) bestThisIter=2051.81 feasibleAnts=40 noImprove=29 (elapsed 8.78139s)
[RESET] no improvement for30-> reset pheromones
[ITER 1150] bestGlobalCost=2051.81 (feasible=YES) bestThisIter=2051.81 feasibleAnts=40 noImprove=9 (elapsed 8.85459s)
[ITER 1160] bestGlobalCost=2051.81 (feasible=YES) bestThisIter=2051.81 feasibleAnts=40 noImprove=19 (elapsed 8.91148s)
[ITER 1170] bestGlobalCost=2051.81 (feasible=YES) bestThisIter=2051.81 feasibleAnts=40 noImprove=29 (elapsed 8.98731s)
[RESET] no improvement for30-> reset pheromones
[ITER 1180] bestGlobalCost=2051.81 (feasible=YES) bestThisIter=2051.81 feasibleAnts=40 noImprove=9 (elapsed 9.05953s)
[ITER 1190] bestGlobalCost=2051.81 (feasible=YES) bestThisIter=2051.81 feasibleAnts=40 noImprove=19 (elapsed 9.11747s)
[ITER 1200] bestGlobalCost=2051.81 (feasible=YES) bestThisIter=2051.81 feasibleAnts=40 noImprove=29 (elapsed 9.19044s)
[RESET] no improvement for30-> reset pheromones
[ITER 1210] bestGlobalCost=2051.81 (feasible=YES) bestThisIter=2051.81 feasibleAnts=40 noImprove=9 (elapsed 9.2663s)
[ITER 1220] bestGlobalCost=2051.81 (feasible=YES) bestThisIter=2051.81 feasibleAnts=40 noImprove=19 (elapsed 9.32832s)
[ITER 1230] bestGlobalCost=2051.81 (feasible=YES) bestThisIter=2051.81 feasibleAnts=40 noImprove=29 (elapsed 9.39486s)
[RESET] no improvement for30-> reset pheromones
[ITER 1240] bestGlobalCost=2051.81 (feasible=YES) bestThisIter=2051.81 feasibleAnts=40 noImprove=9 (elapsed 9.47749s)
[ITER 1250] bestGlobalCost=2051.81 (feasible=YES) bestThisIter=2051.81 feasibleAnts=40 noImprove=19 (elapsed 9.53545s)
[ITER 1260] bestGlobalCost=2051.81 (feasible=YES) bestThisIter=2051.81 feasibleAnts=40 noImprove=29 (elapsed 9.59868s)
[RESET] no improvement for30-> reset pheromones
[ITER 1270] bestGlobalCost=2051.81 (feasible=YES) bestThisIter=2051.81 feasibleAnts=40 noImprove=9 (elapsed 9.66401s)
[ITER 1280] bestGlobalCost=2051.81 (feasible=YES) bestThisIter=2051.81 feasibleAnts=40 noImprove=19 (elapsed 9.74056s)
[ITER 1290] bestGlobalCost=2051.81 (feasible=YES) bestThisIter=2051.81 feasibleAnts=39 noImprove=29 (elapsed 9.79823s)
[RESET] no improvement for30-> reset pheromones
[ITER 1300] bestGlobalCost=2051.81 (feasible=YES) bestThisIter=2051.81 feasibleAnts=40 noImprove=9 (elapsed 9.87122s)
[ITER 1310] bestGlobalCost=2051.81 (feasible=YES) bestThisIter=2051.81 feasibleAnts=40 noImprove=19 (elapsed 9.93694s)
[ITER 1320] bestGlobalCost=2051.81 (feasible=YES) bestThisIter=2051.81 feasibleAnts=40 noImprove=29 (elapsed 9.99553s)
2 4 14 17 18 20 
1 3 7 8 9 10 11 15 19 
5 6 12 13 16 
[SAVELOGS] evolution saved to results/logs/aco_logs/evolution/muestra4_20_3.txt
[SAVELOGS] best cost saved to results/logs/aco_logs/objectives/muestra4_20_3.txt
[SAVELOGS] best solution saved to results/logs/aco_logs/solutions/muestra4_20_3.txt
