[ITER 1] New best cost=11521.06 (feasible=YES, time 0.0870118s)
[ITER 2] New best cost=11340.23 (feasible=YES, time 0.146655s)
[ITER 4] New best cost=11330.88 (feasible=YES, time 0.334449s)
[ITER 5] New best cost=11280.01 (feasible=YES, time 0.421832s)
[ITER 7] New best cost=11201.32 (feasible=YES, time 0.56835s)
[ITER 10] New best cost=11191.83 (feasible=YES, time 0.720426s)
[ITER 10] bestGlobalCost=11191.83 (feasible=YES) bestThisIter=11191.83 feasibleAnts=10 noImprove=0 (elapsed 0.723568s)
[ITER 20] bestGlobalCost=11191.83 (feasible=YES) bestThisIter=11191.83 feasibleAnts=10 noImprove=10 (elapsed 5.81336s)
[ITER 30] bestGlobalCost=11191.83 (feasible=YES) bestThisIter=11191.83 feasibleAnts=10 noImprove=20 (elapsed 11.0078s)
[ITER 40] bestGlobalCost=11191.83 (feasible=YES) bestThisIter=11191.83 feasibleAnts=10 noImprove=30 (elapsed 11.8077s)
[RESET] no improvement for30-> reset pheromones
[ITER 50] bestGlobalCost=11191.83 (feasible=YES) bestThisIter=11336.44 feasibleAnts=10 noImprove=10 (elapsed 17.0485s)
[ITER 60] bestGlobalCost=11191.83 (feasible=YES) bestThisIter=11216.71 feasibleAnts=10 noImprove=20 (elapsed 22.3392s)
[ITER 70] bestGlobalCost=11191.83 (feasible=YES) bestThisIter=11191.83 feasibleAnts=10 noImprove=30 (elapsed 23.164s)
[RESET] no improvement for30-> reset pheromones
[ITER 80] bestGlobalCost=11191.83 (feasible=YES) bestThisIter=11236.16 feasibleAnts=10 noImprove=10 (elapsed 28.4302s)
[ITER 90] bestGlobalCost=11191.83 (feasible=YES) bestThisIter=11228.07 feasibleAnts=10 noImprove=20 (elapsed 33.7069s)
[ITER 100] bestGlobalCost=11191.83 (feasible=YES) bestThisIter=11268.24 feasibleAnts=10 noImprove=30 (elapsed 34.4452s)
[RESET] no improvement for30-> reset pheromones
[ITER 110] bestGlobalCost=11191.83 (feasible=YES) bestThisIter=11392.72 feasibleAnts=10 noImprove=10 (elapsed 39.5351s)
[ITER 120] bestGlobalCost=11191.83 (feasible=YES) bestThisIter=11277.96 feasibleAnts=10 noImprove=20 (elapsed 44.0666s)
[ITER 130] bestGlobalCost=11191.83 (feasible=YES) bestThisIter=11259.26 feasibleAnts=10 noImprove=30 (elapsed 45.0422s)
[RESET] no improvement for30-> reset pheromones
[ITER 140] bestGlobalCost=11191.83 (feasible=YES) bestThisIter=11358.09 feasibleAnts=10 noImprove=10 (elapsed 50.5734s)
[ITER 150] bestGlobalCost=11191.83 (feasible=YES) bestThisIter=11191.83 feasibleAnts=10 noImprove=20 (elapsed 55.5091s)
[ITER 160] bestGlobalCost=11191.83 (feasible=YES) bestThisIter=11191.83 feasibleAnts=10 noImprove=30 (elapsed 56.2953s)
[RESET] no improvement for30-> reset pheromones
8 9 10 11 24 25 26 27 29 30 31 32 33 36 
98 99 100 101 102 103 104 116 125 126 136 137 
105 106 107 108 109 110 111 112 113 114 115 117 118 119 
70 71 87 88 89 90 91 92 93 94 95 96 97 
28 34 35 52 53 54 55 56 57 58 59 60 61 62 63 
1 2 3 4 5 6 7 18 19 20 21 22 23 
51 69 77 78 79 80 81 82 83 84 85 86 
120 121 122 123 124 127 128 129 130 131 132 133 134 135 
39 40 44 49 50 64 65 66 67 68 72 73 74 75 76 
12 13 14 15 16 17 37 38 41 42 43 45 46 47 48 
[SAVELOGS] evolution saved to results/logs/gr137_10_2/evolution/gr137_10_2
[SAVELOGS] best cost saved to results/logs/gr137_10_2/objectives/gr137_10_2
[SAVELOGS] best solution saved to results/logs/gr137_10_2/solutions/gr137_10_2
