[ITER 1] New best cost=11359.01 (feasible=YES, time 0.129704s)
[ITER 2] New best cost=11249.51 (feasible=YES, time 0.204376s)
[ITER 10] bestGlobalCost=11249.51 (feasible=YES) bestThisIter=11290.72 feasibleAnts=10 noImprove=8 (elapsed 0.834364s)
[ITER 12] New best cost=11216.71 (feasible=YES, time 1.03154s)
[ITER 15] New best cost=11215.86 (feasible=YES, time 2.17352s)
[ITER 15] New best cost=11191.83 (feasible=YES, time 3.12873s)
[ITER 20] bestGlobalCost=11191.83 (feasible=YES) bestThisIter=11191.83 feasibleAnts=12 noImprove=5 (elapsed 6.39973s)
[ITER 30] bestGlobalCost=11191.83 (feasible=YES) bestThisIter=11216.71 feasibleAnts=10 noImprove=15 (elapsed 11.9408s)
[ITER 40] bestGlobalCost=11191.83 (feasible=YES) bestThisIter=11263.20 feasibleAnts=10 noImprove=25 (elapsed 12.7817s)
[RESET] no improvement for30-> reset pheromones
[ITER 50] bestGlobalCost=11191.83 (feasible=YES) bestThisIter=11268.74 feasibleAnts=10 noImprove=5 (elapsed 17.9317s)
[ITER 60] bestGlobalCost=11191.83 (feasible=YES) bestThisIter=11233.25 feasibleAnts=10 noImprove=15 (elapsed 23.516s)
[ITER 70] bestGlobalCost=11191.83 (feasible=YES) bestThisIter=11191.83 feasibleAnts=10 noImprove=25 (elapsed 24.2442s)
[RESET] no improvement for30-> reset pheromones
[ITER 80] bestGlobalCost=11191.83 (feasible=YES) bestThisIter=11288.43 feasibleAnts=10 noImprove=5 (elapsed 29.5433s)
[ITER 90] bestGlobalCost=11191.83 (feasible=YES) bestThisIter=11191.83 feasibleAnts=10 noImprove=15 (elapsed 34.9235s)
[ITER 100] bestGlobalCost=11191.83 (feasible=YES) bestThisIter=11251.11 feasibleAnts=10 noImprove=25 (elapsed 35.5998s)
[RESET] no improvement for30-> reset pheromones
[ITER 110] bestGlobalCost=11191.83 (feasible=YES) bestThisIter=11348.74 feasibleAnts=10 noImprove=5 (elapsed 41.1505s)
[ITER 120] bestGlobalCost=11191.83 (feasible=YES) bestThisIter=11191.83 feasibleAnts=10 noImprove=15 (elapsed 46.366s)
[ITER 130] bestGlobalCost=11191.83 (feasible=YES) bestThisIter=11216.71 feasibleAnts=10 noImprove=25 (elapsed 47.0129s)
[RESET] no improvement for30-> reset pheromones
[ITER 140] bestGlobalCost=11191.83 (feasible=YES) bestThisIter=11365.53 feasibleAnts=10 noImprove=5 (elapsed 50.9746s)
[ITER 150] bestGlobalCost=11191.83 (feasible=YES) bestThisIter=11191.83 feasibleAnts=10 noImprove=15 (elapsed 55.029s)
[ITER 160] bestGlobalCost=11191.83 (feasible=YES) bestThisIter=11191.83 feasibleAnts=10 noImprove=25 (elapsed 55.6941s)
[RESET] no improvement for30-> reset pheromones
[ITER 170] bestGlobalCost=11191.83 (feasible=YES) bestThisIter=11321.37 feasibleAnts=10 noImprove=5 (elapsed 59.5838s)
120 121 122 123 124 127 128 129 130 131 132 133 134 135 
51 69 77 78 79 80 81 82 83 84 85 86 
1 2 3 4 5 6 7 18 19 20 21 22 23 
39 40 44 49 50 64 65 66 67 68 72 73 74 75 76 
105 106 107 108 109 110 111 112 113 114 115 117 118 119 
70 71 87 88 89 90 91 92 93 94 95 96 97 
28 34 35 52 53 54 55 56 57 58 59 60 61 62 63 
12 13 14 15 16 17 37 38 41 42 43 45 46 47 48 
98 99 100 101 102 103 104 116 125 126 136 137 
8 9 10 11 24 25 26 27 29 30 31 32 33 36 
[SAVELOGS] evolution saved to results/logs/gr137_10_2/evolution/gr137_10_2
[SAVELOGS] best cost saved to results/logs/gr137_10_2/objectives/gr137_10_2
[SAVELOGS] best solution saved to results/logs/gr137_10_2/solutions/gr137_10_2
