[ITER 1] New best cost=366961.30 (feasible=YES, time 0.0619949s)
[ITER 2] New best cost=363911.09 (feasible=YES, time 0.132776s)
[ITER 3] New best cost=361769.21 (feasible=YES, time 0.186919s)
[ITER 10] bestGlobalCost=361769.21 (feasible=YES) bestThisIter=362495.92 feasibleAnts=10 noImprove=7 (elapsed 0.479763s)
[ITER 15] New best cost=361120.88 (feasible=YES, time 4.43939s)
[ITER 20] bestGlobalCost=361120.88 (feasible=YES) bestThisIter=361120.88 feasibleAnts=19 noImprove=5 (elapsed 5.56335s)
[ITER 30] bestGlobalCost=361120.88 (feasible=YES) bestThisIter=361120.88 feasibleAnts=11 noImprove=15 (elapsed 10.9047s)
[ITER 40] bestGlobalCost=361120.88 (feasible=YES) bestThisIter=361120.88 feasibleAnts=10 noImprove=25 (elapsed 11.18s)
[RESET] no improvement for30-> reset pheromones
[ITER 50] bestGlobalCost=361120.88 (feasible=YES) bestThisIter=362566.81 feasibleAnts=10 noImprove=5 (elapsed 15.962s)
[ITER 60] bestGlobalCost=361120.88 (feasible=YES) bestThisIter=361120.88 feasibleAnts=11 noImprove=15 (elapsed 20.5482s)
[ITER 70] bestGlobalCost=361120.88 (feasible=YES) bestThisIter=361120.88 feasibleAnts=10 noImprove=25 (elapsed 20.8616s)
[RESET] no improvement for30-> reset pheromones
[ITER 80] bestGlobalCost=361120.88 (feasible=YES) bestThisIter=361120.88 feasibleAnts=10 noImprove=5 (elapsed 25.9931s)
[ITER 90] bestGlobalCost=361120.88 (feasible=YES) bestThisIter=361120.88 feasibleAnts=10 noImprove=15 (elapsed 31.4519s)
[ITER 100] bestGlobalCost=361120.88 (feasible=YES) bestThisIter=361120.88 feasibleAnts=10 noImprove=25 (elapsed 31.7968s)
[RESET] no improvement for30-> reset pheromones
[ITER 110] bestGlobalCost=361120.88 (feasible=YES) bestThisIter=363328.35 feasibleAnts=10 noImprove=5 (elapsed 36.5357s)
[ITER 120] bestGlobalCost=361120.88 (feasible=YES) bestThisIter=361120.88 feasibleAnts=10 noImprove=15 (elapsed 40.9288s)
[ITER 130] bestGlobalCost=361120.88 (feasible=YES) bestThisIter=362297.94 feasibleAnts=10 noImprove=25 (elapsed 41.2374s)
[RESET] no improvement for30-> reset pheromones
[ITER 140] bestGlobalCost=361120.88 (feasible=YES) bestThisIter=362495.92 feasibleAnts=10 noImprove=5 (elapsed 45.7411s)
[ITER 150] bestGlobalCost=361120.88 (feasible=YES) bestThisIter=361120.88 feasibleAnts=10 noImprove=15 (elapsed 49.8002s)
[ITER 160] bestGlobalCost=361120.88 (feasible=YES) bestThisIter=361120.88 feasibleAnts=10 noImprove=25 (elapsed 50.0714s)
[RESET] no improvement for30-> reset pheromones
[ITER 170] bestGlobalCost=361120.88 (feasible=YES) bestThisIter=362635.52 feasibleAnts=10 noImprove=5 (elapsed 54.3631s)
[ITER 180] bestGlobalCost=361120.88 (feasible=YES) bestThisIter=361120.88 feasibleAnts=11 noImprove=15 (elapsed 58.2153s)
[ITER 190] bestGlobalCost=361120.88 (feasible=YES) bestThisIter=361120.88 feasibleAnts=10 noImprove=25 (elapsed 58.5162s)
[RESET] no improvement for30-> reset pheromones
2 6 9 18 19 28 29 37 42 47 50 55 58 65 70 81 85 86 99 102 108 110 114 120 132 135 137 141 142 
11 12 17 23 24 36 38 39 40 41 43 53 57 60 61 66 67 69 101 116 117 118 127 129 130 131 139 140 144 148 
4 13 14 21 22 27 31 32 44 45 49 64 68 71 72 74 80 91 104 106 112 115 119 122 123 125 128 136 145 147 149 150 
1 3 5 7 8 10 30 34 48 62 63 73 76 82 84 87 89 94 95 96 97 98 100 103 107 113 124 143 
15 16 20 25 26 33 35 46 51 52 54 56 59 75 77 78 79 83 88 90 92 93 105 109 111 121 126 133 134 138 146 
[SAVELOGS] evolution saved to results/logs/ch150_05_2/evolution/ch150_05_2
[SAVELOGS] best cost saved to results/logs/ch150_05_2/objectives/ch150_05_2
[SAVELOGS] best solution saved to results/logs/ch150_05_2/solutions/ch150_05_2
