[ITER 1] New best cost=368810.83 (feasible=YES, time 0.0683412s)
[ITER 2] New best cost=365035.27 (feasible=YES, time 0.133384s)
[ITER 3] New best cost=364387.02 (feasible=YES, time 0.196823s)
[ITER 4] New best cost=364098.78 (feasible=YES, time 0.244388s)
[ITER 5] New best cost=362258.63 (feasible=YES, time 0.313503s)
[ITER 7] New best cost=361769.21 (feasible=YES, time 0.391867s)
[ITER 10] bestGlobalCost=361769.21 (feasible=YES) bestThisIter=361769.21 feasibleAnts=11 noImprove=3 (elapsed 0.488657s)
[ITER 20] bestGlobalCost=361769.21 (feasible=YES) bestThisIter=361769.21 feasibleAnts=10 noImprove=13 (elapsed 5.34916s)
[ITER 30] bestGlobalCost=361769.21 (feasible=YES) bestThisIter=361769.21 feasibleAnts=10 noImprove=23 (elapsed 10.511s)
[ITER 36] New best cost=361120.88 (feasible=YES, time 10.7572s)
[ITER 40] bestGlobalCost=361120.88 (feasible=YES) bestThisIter=361120.88 feasibleAnts=17 noImprove=4 (elapsed 10.8233s)
[ITER 50] bestGlobalCost=361120.88 (feasible=YES) bestThisIter=361120.88 feasibleAnts=10 noImprove=14 (elapsed 15.5306s)
[ITER 60] bestGlobalCost=361120.88 (feasible=YES) bestThisIter=361120.88 feasibleAnts=10 noImprove=24 (elapsed 20.3591s)
[RESET] no improvement for30-> reset pheromones
[ITER 70] bestGlobalCost=361120.88 (feasible=YES) bestThisIter=363543.25 feasibleAnts=10 noImprove=4 (elapsed 20.7374s)
[ITER 80] bestGlobalCost=361120.88 (feasible=YES) bestThisIter=361120.88 feasibleAnts=10 noImprove=14 (elapsed 25.1471s)
[ITER 90] bestGlobalCost=361120.88 (feasible=YES) bestThisIter=361120.88 feasibleAnts=10 noImprove=24 (elapsed 29.772s)
[RESET] no improvement for30-> reset pheromones
[ITER 100] bestGlobalCost=361120.88 (feasible=YES) bestThisIter=361771.12 feasibleAnts=10 noImprove=4 (elapsed 30.1625s)
[ITER 110] bestGlobalCost=361120.88 (feasible=YES) bestThisIter=361120.88 feasibleAnts=10 noImprove=14 (elapsed 34.9461s)
[ITER 120] bestGlobalCost=361120.88 (feasible=YES) bestThisIter=361769.21 feasibleAnts=10 noImprove=24 (elapsed 39.5925s)
[RESET] no improvement for30-> reset pheromones
[ITER 130] bestGlobalCost=361120.88 (feasible=YES) bestThisIter=362495.92 feasibleAnts=10 noImprove=4 (elapsed 39.9999s)
[ITER 140] bestGlobalCost=361120.88 (feasible=YES) bestThisIter=361120.88 feasibleAnts=10 noImprove=14 (elapsed 44.9852s)
[ITER 150] bestGlobalCost=361120.88 (feasible=YES) bestThisIter=361120.88 feasibleAnts=10 noImprove=24 (elapsed 49.2145s)
[RESET] no improvement for30-> reset pheromones
[ITER 160] bestGlobalCost=361120.88 (feasible=YES) bestThisIter=363157.34 feasibleAnts=10 noImprove=4 (elapsed 49.6043s)
[ITER 170] bestGlobalCost=361120.88 (feasible=YES) bestThisIter=361120.88 feasibleAnts=10 noImprove=14 (elapsed 54.7143s)
[ITER 180] bestGlobalCost=361120.88 (feasible=YES) bestThisIter=362788.26 feasibleAnts=10 noImprove=24 (elapsed 59.5254s)
[RESET] no improvement for30-> reset pheromones
[ITER 190] bestGlobalCost=361120.88 (feasible=YES) bestThisIter=363396.05 feasibleAnts=10 noImprove=4 (elapsed 59.8992s)
1 3 5 7 8 10 30 34 48 62 63 73 76 82 84 87 89 94 95 96 97 98 100 103 107 113 124 143 
15 16 20 25 26 33 35 46 51 52 54 56 59 75 77 78 79 83 88 90 92 93 105 109 111 121 126 133 134 138 146 
2 6 9 18 19 28 29 37 42 47 50 55 58 65 70 81 85 86 99 102 108 110 114 120 132 135 137 141 142 
11 12 17 23 24 36 38 39 40 41 43 53 57 60 61 66 67 69 101 116 117 118 127 129 130 131 139 140 144 148 
4 13 14 21 22 27 31 32 44 45 49 64 68 71 72 74 80 91 104 106 112 115 119 122 123 125 128 136 145 147 149 150 
[SAVELOGS] evolution saved to results/logs/ch150_05_2/evolution/ch150_05_2
[SAVELOGS] best cost saved to results/logs/ch150_05_2/objectives/ch150_05_2
[SAVELOGS] best solution saved to results/logs/ch150_05_2/solutions/ch150_05_2
