[ITER 1] New best cost=4473391.45 (feasible=YES, time 0.0421715s)
[ITER 2] New best cost=4399869.61 (feasible=YES, time 0.0783723s)
[ITER 3] New best cost=4379045.97 (feasible=YES, time 0.117134s)
[ITER 5] New best cost=4364075.56 (feasible=YES, time 0.205719s)
[ITER 9] New best cost=4362999.35 (feasible=YES, time 0.380102s)
[ITER 10] bestGlobalCost=4362999.35 (feasible=YES) bestThisIter=4364075.56 feasibleAnts=10 noImprove=1 (elapsed 0.416646s)
[ITER 11] New best cost=4354783.63 (feasible=YES, time 0.453993s)
[ITER 20] bestGlobalCost=4354783.63 (feasible=YES) bestThisIter=4354783.63 feasibleAnts=13 noImprove=9 (elapsed 3.11506s)
[ITER 30] bestGlobalCost=4354783.63 (feasible=YES) bestThisIter=4354783.63 feasibleAnts=10 noImprove=19 (elapsed 6.1998s)
[ITER 40] bestGlobalCost=4354783.63 (feasible=YES) bestThisIter=4354783.63 feasibleAnts=9 noImprove=29 (elapsed 6.59003s)
[RESET] no improvement for30-> reset pheromones
[ITER 45] New best cost=4351115.89 (feasible=YES, time 7.30376s)
[ITER 50] bestGlobalCost=4351115.89 (feasible=YES) bestThisIter=4351115.89 feasibleAnts=10 noImprove=5 (elapsed 9.18734s)
[ITER 58] New best cost=4351115.89 (feasible=YES, time 9.42382s)
[ITER 60] bestGlobalCost=4351115.89 (feasible=YES) bestThisIter=4351115.89 feasibleAnts=32 noImprove=2 (elapsed 11.8481s)
[ITER 70] bestGlobalCost=4351115.89 (feasible=YES) bestThisIter=4351115.89 feasibleAnts=10 noImprove=12 (elapsed 12.2241s)
[ITER 80] bestGlobalCost=4351115.89 (feasible=YES) bestThisIter=4351115.89 feasibleAnts=10 noImprove=22 (elapsed 14.9793s)
[RESET] no improvement for30-> reset pheromones
[ITER 90] bestGlobalCost=4351115.89 (feasible=YES) bestThisIter=4376986.15 feasibleAnts=10 noImprove=2 (elapsed 17.5145s)
[ITER 100] bestGlobalCost=4351115.89 (feasible=YES) bestThisIter=4351115.89 feasibleAnts=10 noImprove=12 (elapsed 17.9366s)
[ITER 110] bestGlobalCost=4351115.89 (feasible=YES) bestThisIter=4351115.89 feasibleAnts=10 noImprove=22 (elapsed 20.9066s)
[RESET] no improvement for30-> reset pheromones
[ITER 120] bestGlobalCost=4351115.89 (feasible=YES) bestThisIter=4351115.89 feasibleAnts=10 noImprove=2 (elapsed 23.6158s)
[ITER 130] bestGlobalCost=4351115.89 (feasible=YES) bestThisIter=4351115.89 feasibleAnts=10 noImprove=12 (elapsed 24.3312s)
[ITER 140] bestGlobalCost=4351115.89 (feasible=YES) bestThisIter=4351115.89 feasibleAnts=10 noImprove=22 (elapsed 26.9567s)
[RESET] no improvement for30-> reset pheromones
[ITER 150] bestGlobalCost=4351115.89 (feasible=YES) bestThisIter=4351115.89 feasibleAnts=10 noImprove=2 (elapsed 29.8999s)
[ITER 160] bestGlobalCost=4351115.89 (feasible=YES) bestThisIter=4351115.89 feasibleAnts=11 noImprove=12 (elapsed 30.3832s)
[ITER 170] bestGlobalCost=4351115.89 (feasible=YES) bestThisIter=4351115.89 feasibleAnts=10 noImprove=22 (elapsed 32.8821s)
[RESET] no improvement for30-> reset pheromones
[ITER 180] bestGlobalCost=4351115.89 (feasible=YES) bestThisIter=4410133.22 feasibleAnts=11 noImprove=2 (elapsed 35.483s)
[ITER 190] bestGlobalCost=4351115.89 (feasible=YES) bestThisIter=4368376.21 feasibleAnts=10 noImprove=12 (elapsed 35.9491s)
[ITER 200] bestGlobalCost=4351115.89 (feasible=YES) bestThisIter=4351115.89 feasibleAnts=10 noImprove=22 (elapsed 38.7776s)
[RESET] no improvement for30-> reset pheromones
[ITER 210] bestGlobalCost=4351115.89 (feasible=YES) bestThisIter=4351115.89 feasibleAnts=11 noImprove=2 (elapsed 41.3117s)
[ITER 220] bestGlobalCost=4351115.89 (feasible=YES) bestThisIter=4351115.89 feasibleAnts=10 noImprove=12 (elapsed 41.7436s)
[ITER 230] bestGlobalCost=4351115.89 (feasible=YES) bestThisIter=4351115.89 feasibleAnts=10 noImprove=22 (elapsed 44.6913s)
[RESET] no improvement for30-> reset pheromones
[ITER 240] bestGlobalCost=4351115.89 (feasible=YES) bestThisIter=4390116.61 feasibleAnts=12 noImprove=2 (elapsed 47.3508s)
[ITER 250] bestGlobalCost=4351115.89 (feasible=YES) bestThisIter=4351115.89 feasibleAnts=10 noImprove=12 (elapsed 47.7372s)
[ITER 260] bestGlobalCost=4351115.89 (feasible=YES) bestThisIter=4351115.89 feasibleAnts=10 noImprove=22 (elapsed 50.2365s)
[RESET] no improvement for30-> reset pheromones
[ITER 270] bestGlobalCost=4351115.89 (feasible=YES) bestThisIter=4351115.89 feasibleAnts=12 noImprove=2 (elapsed 53.158s)
[ITER 280] bestGlobalCost=4351115.89 (feasible=YES) bestThisIter=4351115.89 feasibleAnts=10 noImprove=12 (elapsed 53.6585s)
[ITER 290] bestGlobalCost=4351115.89 (feasible=YES) bestThisIter=4351115.89 feasibleAnts=10 noImprove=22 (elapsed 56.1921s)
[RESET] no improvement for30-> reset pheromones
[ITER 300] bestGlobalCost=4351115.89 (feasible=YES) bestThisIter=4365444.76 feasibleAnts=10 noImprove=2 (elapsed 58.7497s)
[ITER 310] bestGlobalCost=4351115.89 (feasible=YES) bestThisIter=4351115.89 feasibleAnts=10 noImprove=12 (elapsed 59.2306s)
35 37 44 45 46 47 48 49 53 54 55 56 57 93 94 98 103 107 111 112 118 121 127 
63 67 68 69 70 71 74 75 77 82 83 84 85 86 87 88 96 101 102 109 110 117 119 126 
1 2 4 6 7 8 9 11 15 16 17 18 19 20 21 22 23 24 50 51 72 73 105 106 108 114 115 120 
3 5 10 13 52 58 59 60 61 62 64 65 66 89 90 91 92 99 100 104 113 116 124 125 
12 14 25 26 27 28 29 30 31 32 33 34 36 38 39 40 41 42 43 76 78 79 80 81 95 97 122 123 
[SAVELOGS] evolution saved to results/logs/bier127_05_2/evolution/bier127_05_2
[SAVELOGS] best cost saved to results/logs/bier127_05_2/objectives/bier127_05_2
[SAVELOGS] best solution saved to results/logs/bier127_05_2/solutions/bier127_05_2
