[ITER 1] New best cost=4405237.02 (feasible=YES, time 0.0727759s)
[ITER 2] New best cost=4382664.45 (feasible=YES, time 0.131368s)
[ITER 3] New best cost=4364672.78 (feasible=YES, time 0.19962s)
[ITER 8] New best cost=4351115.89 (feasible=YES, time 0.47322s)
[ITER 10] bestGlobalCost=4351115.89 (feasible=YES) bestThisIter=4351115.89 feasibleAnts=11 noImprove=2 (elapsed 0.538408s)
[ITER 20] bestGlobalCost=4351115.89 (feasible=YES) bestThisIter=4351115.89 feasibleAnts=13 noImprove=12 (elapsed 3.55606s)
[ITER 30] bestGlobalCost=4351115.89 (feasible=YES) bestThisIter=4351115.89 feasibleAnts=10 noImprove=22 (elapsed 6.69695s)
[RESET] no improvement for30-> reset pheromones
[ITER 40] bestGlobalCost=4351115.89 (feasible=YES) bestThisIter=4376986.15 feasibleAnts=12 noImprove=2 (elapsed 7.21106s)
[ITER 50] bestGlobalCost=4351115.89 (feasible=YES) bestThisIter=4351115.89 feasibleAnts=10 noImprove=12 (elapsed 10.422s)
[ITER 60] bestGlobalCost=4351115.89 (feasible=YES) bestThisIter=4351115.89 feasibleAnts=10 noImprove=22 (elapsed 13.4062s)
[RESET] no improvement for30-> reset pheromones
[ITER 70] bestGlobalCost=4351115.89 (feasible=YES) bestThisIter=4351115.89 feasibleAnts=10 noImprove=2 (elapsed 13.9157s)
[ITER 80] bestGlobalCost=4351115.89 (feasible=YES) bestThisIter=4376986.15 feasibleAnts=10 noImprove=12 (elapsed 17.2998s)
[ITER 90] bestGlobalCost=4351115.89 (feasible=YES) bestThisIter=4351115.89 feasibleAnts=10 noImprove=22 (elapsed 20.6627s)
[RESET] no improvement for30-> reset pheromones
[ITER 100] bestGlobalCost=4351115.89 (feasible=YES) bestThisIter=4351115.89 feasibleAnts=10 noImprove=2 (elapsed 21.214s)
[ITER 110] bestGlobalCost=4351115.89 (feasible=YES) bestThisIter=4351115.89 feasibleAnts=10 noImprove=12 (elapsed 24.5343s)
[ITER 120] bestGlobalCost=4351115.89 (feasible=YES) bestThisIter=4351115.89 feasibleAnts=10 noImprove=22 (elapsed 27.6117s)
[RESET] no improvement for30-> reset pheromones
[ITER 130] bestGlobalCost=4351115.89 (feasible=YES) bestThisIter=4388427.74 feasibleAnts=10 noImprove=2 (elapsed 28.0674s)
[ITER 140] bestGlobalCost=4351115.89 (feasible=YES) bestThisIter=4364672.78 feasibleAnts=10 noImprove=12 (elapsed 31.4232s)
[ITER 150] bestGlobalCost=4351115.89 (feasible=YES) bestThisIter=4351115.89 feasibleAnts=10 noImprove=22 (elapsed 34.5652s)
[RESET] no improvement for30-> reset pheromones
[ITER 160] bestGlobalCost=4351115.89 (feasible=YES) bestThisIter=4351115.89 feasibleAnts=11 noImprove=2 (elapsed 34.9551s)
[ITER 170] bestGlobalCost=4351115.89 (feasible=YES) bestThisIter=4351115.89 feasibleAnts=10 noImprove=12 (elapsed 38.0091s)
[ITER 180] bestGlobalCost=4351115.89 (feasible=YES) bestThisIter=4351115.89 feasibleAnts=10 noImprove=22 (elapsed 40.9793s)
[RESET] no improvement for30-> reset pheromones
[ITER 190] bestGlobalCost=4351115.89 (feasible=YES) bestThisIter=4385307.54 feasibleAnts=11 noImprove=2 (elapsed 41.438s)
[ITER 200] bestGlobalCost=4351115.89 (feasible=YES) bestThisIter=4351115.89 feasibleAnts=10 noImprove=12 (elapsed 44.6016s)
[ITER 210] bestGlobalCost=4351115.89 (feasible=YES) bestThisIter=4351115.89 feasibleAnts=10 noImprove=22 (elapsed 47.5939s)
[RESET] no improvement for30-> reset pheromones
[ITER 220] bestGlobalCost=4351115.89 (feasible=YES) bestThisIter=4416208.25 feasibleAnts=10 noImprove=2 (elapsed 48.0217s)
[ITER 230] bestGlobalCost=4351115.89 (feasible=YES) bestThisIter=4351115.89 feasibleAnts=10 noImprove=12 (elapsed 51.1006s)
[ITER 240] bestGlobalCost=4351115.89 (feasible=YES) bestThisIter=4351115.89 feasibleAnts=10 noImprove=22 (elapsed 54.1668s)
[RESET] no improvement for30-> reset pheromones
[ITER 250] bestGlobalCost=4351115.89 (feasible=YES) bestThisIter=4351115.89 feasibleAnts=11 noImprove=2 (elapsed 54.6806s)
[ITER 260] bestGlobalCost=4351115.89 (feasible=YES) bestThisIter=4380896.15 feasibleAnts=10 noImprove=12 (elapsed 57.8656s)
[ITER 270] bestGlobalCost=4351115.89 (feasible=YES) bestThisIter=4351115.89 feasibleAnts=10 noImprove=22 (elapsed 60.9578s)
12 14 25 26 27 28 29 30 31 32 33 34 36 38 39 40 41 42 43 76 78 79 80 81 95 97 122 123 
1 2 4 6 7 8 9 11 15 16 17 18 19 20 21 22 23 24 50 51 72 73 105 106 108 114 115 120 
63 67 68 69 70 71 74 75 77 82 83 84 85 86 87 88 96 101 102 109 110 117 119 126 
3 5 10 13 52 58 59 60 61 62 64 65 66 89 90 91 92 99 100 104 113 116 124 125 
35 37 44 45 46 47 48 49 53 54 55 56 57 93 94 98 103 107 111 112 118 121 127 
[SAVELOGS] evolution saved to results/logs/bier127_05_2/evolution/bier127_05_2
[SAVELOGS] best cost saved to results/logs/bier127_05_2/objectives/bier127_05_2
[SAVELOGS] best solution saved to results/logs/bier127_05_2/solutions/bier127_05_2
