[ITER 1] New best cost=4388723.37 (feasible=YES, time 0.0826951s)
[ITER 2] New best cost=4374009.24 (feasible=YES, time 0.147722s)
[ITER 3] New best cost=4370341.52 (feasible=YES, time 0.200672s)
[ITER 4] New best cost=4351115.89 (feasible=YES, time 0.243972s)
[ITER 10] bestGlobalCost=4351115.89 (feasible=YES) bestThisIter=4351115.89 feasibleAnts=10 noImprove=6 (elapsed 0.530726s)
[ITER 15] New best cost=4351115.89 (feasible=YES, time 1.81878s)
[ITER 20] bestGlobalCost=4351115.89 (feasible=YES) bestThisIter=4351115.89 feasibleAnts=24 noImprove=5 (elapsed 3.56275s)
[ITER 30] bestGlobalCost=4351115.89 (feasible=YES) bestThisIter=4351115.89 feasibleAnts=11 noImprove=15 (elapsed 6.61858s)
[ITER 40] bestGlobalCost=4351115.89 (feasible=YES) bestThisIter=4351115.89 feasibleAnts=10 noImprove=25 (elapsed 6.96555s)
[RESET] no improvement for30-> reset pheromones
[ITER 50] bestGlobalCost=4351115.89 (feasible=YES) bestThisIter=4386682.65 feasibleAnts=10 noImprove=5 (elapsed 10.2341s)
[ITER 60] bestGlobalCost=4351115.89 (feasible=YES) bestThisIter=4351115.89 feasibleAnts=10 noImprove=15 (elapsed 13.4102s)
[ITER 70] bestGlobalCost=4351115.89 (feasible=YES) bestThisIter=4351115.89 feasibleAnts=10 noImprove=25 (elapsed 13.8225s)
[RESET] no improvement for30-> reset pheromones
[ITER 80] bestGlobalCost=4351115.89 (feasible=YES) bestThisIter=4351115.89 feasibleAnts=10 noImprove=5 (elapsed 16.9429s)
[ITER 90] bestGlobalCost=4351115.89 (feasible=YES) bestThisIter=4351115.89 feasibleAnts=10 noImprove=15 (elapsed 19.9357s)
[ITER 100] bestGlobalCost=4351115.89 (feasible=YES) bestThisIter=4351115.89 feasibleAnts=10 noImprove=25 (elapsed 20.3685s)
[RESET] no improvement for30-> reset pheromones
[ITER 110] bestGlobalCost=4351115.89 (feasible=YES) bestThisIter=4401293.56 feasibleAnts=10 noImprove=5 (elapsed 23.5083s)
[ITER 120] bestGlobalCost=4351115.89 (feasible=YES) bestThisIter=4351115.89 feasibleAnts=10 noImprove=15 (elapsed 26.7401s)
[ITER 130] bestGlobalCost=4351115.89 (feasible=YES) bestThisIter=4351115.89 feasibleAnts=10 noImprove=25 (elapsed 27.1372s)
[RESET] no improvement for30-> reset pheromones
[ITER 140] bestGlobalCost=4351115.89 (feasible=YES) bestThisIter=4351115.89 feasibleAnts=10 noImprove=5 (elapsed 30.637s)
[ITER 150] bestGlobalCost=4351115.89 (feasible=YES) bestThisIter=4351115.89 feasibleAnts=10 noImprove=15 (elapsed 33.8301s)
[ITER 160] bestGlobalCost=4351115.89 (feasible=YES) bestThisIter=4351115.89 feasibleAnts=10 noImprove=25 (elapsed 34.2541s)
[RESET] no improvement for30-> reset pheromones
[ITER 170] bestGlobalCost=4351115.89 (feasible=YES) bestThisIter=4396329.84 feasibleAnts=10 noImprove=5 (elapsed 37.504s)
[ITER 180] bestGlobalCost=4351115.89 (feasible=YES) bestThisIter=4351115.89 feasibleAnts=10 noImprove=15 (elapsed 40.5906s)
[ITER 190] bestGlobalCost=4351115.89 (feasible=YES) bestThisIter=4351115.89 feasibleAnts=10 noImprove=25 (elapsed 41.0339s)
[RESET] no improvement for30-> reset pheromones
[ITER 200] bestGlobalCost=4351115.89 (feasible=YES) bestThisIter=4398751.37 feasibleAnts=10 noImprove=5 (elapsed 44.0895s)
[ITER 210] bestGlobalCost=4351115.89 (feasible=YES) bestThisIter=4351115.89 feasibleAnts=10 noImprove=15 (elapsed 47.1924s)
[ITER 220] bestGlobalCost=4351115.89 (feasible=YES) bestThisIter=4351115.89 feasibleAnts=10 noImprove=25 (elapsed 47.5815s)
[RESET] no improvement for30-> reset pheromones
[ITER 230] bestGlobalCost=4351115.89 (feasible=YES) bestThisIter=4391401.28 feasibleAnts=10 noImprove=5 (elapsed 50.6354s)
[ITER 240] bestGlobalCost=4351115.89 (feasible=YES) bestThisIter=4351115.89 feasibleAnts=10 noImprove=15 (elapsed 54.505s)
[ITER 250] bestGlobalCost=4351115.89 (feasible=YES) bestThisIter=4351115.89 feasibleAnts=10 noImprove=25 (elapsed 55.1333s)
[RESET] no improvement for30-> reset pheromones
[ITER 260] bestGlobalCost=4351115.89 (feasible=YES) bestThisIter=4409943.97 feasibleAnts=10 noImprove=5 (elapsed 59.4591s)
1 2 4 6 7 8 9 11 15 16 17 18 19 20 21 22 23 24 50 51 72 73 105 106 108 114 115 120 
3 5 10 13 52 58 59 60 61 62 64 65 66 89 90 91 92 99 100 104 113 116 124 125 
63 67 68 69 70 71 74 75 77 82 83 84 85 86 87 88 96 101 102 109 110 117 119 126 
12 14 25 26 27 28 29 30 31 32 33 34 36 38 39 40 41 42 43 76 78 79 80 81 95 97 122 123 
35 37 44 45 46 47 48 49 53 54 55 56 57 93 94 98 103 107 111 112 118 121 127 
[SAVELOGS] evolution saved to results/logs/bier127_05_2/evolution/bier127_05_2
[SAVELOGS] best cost saved to results/logs/bier127_05_2/objectives/bier127_05_2
[SAVELOGS] best solution saved to results/logs/bier127_05_2/solutions/bier127_05_2
