[ITER 1] New best cost=1477502.24 (feasible=NO, time 0.651083s)
[ITER 1] New best cost=1520876.90 (feasible=YES, time 0.656677s)
[ITER 3] New best cost=1508073.25 (feasible=YES, time 1.02905s)
[ITER 4] New best cost=1507327.07 (feasible=YES, time 1.2126s)
[ITER 6] New best cost=1506118.85 (feasible=YES, time 2.84911s)
[ITER 7] New best cost=1505597.73 (feasible=YES, time 2.96799s)
[ITER 8] New best cost=1501163.11 (feasible=YES, time 3.09951s)
[ITER 10] bestGlobalCost=1501163.11 (feasible=YES) bestThisIter=1499410.54 feasibleAnts=8 noImprove=2 (elapsed 4.64791s)
[ITER 11] New best cost=1500879.76 (feasible=YES, time 4.78227s)
[ITER 14] New best cost=1498077.89 (feasible=YES, time 5.04326s)
[ITER 16] New best cost=1496898.83 (feasible=YES, time 6.61469s)
[ITER 19] New best cost=1486874.26 (feasible=YES, time 7.06412s)
[ITER 20] New best cost=1468443.42 (feasible=YES, time 8.57052s)
[ITER 20] bestGlobalCost=1468443.42 (feasible=YES) bestThisIter=1477734.77 feasibleAnts=7 noImprove=0 (elapsed 8.57536s)
[ITER 21] New best cost=1458800.25 (feasible=YES, time 8.7252s)
[ITER 23] New best cost=1450931.22 (feasible=YES, time 9.05879s)
[ITER 28] New best cost=1450571.89 (feasible=YES, time 11.2168s)
[ITER 30] bestGlobalCost=1450571.89 (feasible=YES) bestThisIter=1450931.22 feasibleAnts=33 noImprove=2 (elapsed 12.6851s)
[ITER 32] New best cost=1449597.93 (feasible=YES, time 12.8925s)
[ITER 33] New best cost=1445529.08 (feasible=YES, time 13.0157s)
[ITER 34] New best cost=1440067.85 (feasible=YES, time 13.1666s)
[ITER 40] New best cost=1438164.70 (feasible=YES, time 17.0383s)
[ITER 40] bestGlobalCost=1438164.70 (feasible=YES) bestThisIter=1440067.85 feasibleAnts=14 noImprove=0 (elapsed 17.0424s)
[ITER 46] New best cost=1437905.17 (feasible=YES, time 19.4874s)
[ITER 50] New best cost=1434303.22 (feasible=YES, time 21.6596s)
[ITER 50] bestGlobalCost=1434303.22 (feasible=YES) bestThisIter=1435902.49 feasibleAnts=17 noImprove=0 (elapsed 21.665s)
[ITER 54] New best cost=1431514.28 (feasible=YES, time 22.3749s)
[ITER 60] bestGlobalCost=1431514.28 (feasible=YES) bestThisIter=1441572.94 feasibleAnts=12 noImprove=6 (elapsed 26.0077s)
[ITER 61] New best cost=1429842.01 (feasible=YES, time 26.2242s)
[ITER 64] New best cost=1425606.48 (feasible=YES, time 26.5069s)
[ITER 65] New best cost=1417115.93 (feasible=YES, time 27.9577s)
[ITER 70] bestGlobalCost=1417115.93 (feasible=YES) bestThisIter=1435745.88 feasibleAnts=25 noImprove=5 (elapsed 29.9265s)
[ITER 74] New best cost=1412078.02 (feasible=YES, time 30.5591s)
[ITER 80] bestGlobalCost=1412078.02 (feasible=YES) bestThisIter=1419406.98 feasibleAnts=9 noImprove=6 (elapsed 33.7846s)
[ITER 90] bestGlobalCost=1412078.02 (feasible=YES) bestThisIter=1428571.41 feasibleAnts=6 noImprove=16 (elapsed 38.1179s)
[ITER 100] bestGlobalCost=1412078.02 (feasible=YES) bestThisIter=1450931.16 feasibleAnts=5 noImprove=26 (elapsed 42.9232s)
[ITER 102] New best cost=1409878.07 (feasible=YES, time 43.4596s)
[ITER 110] New best cost=1406303.51 (feasible=YES, time 47.2888s)
[ITER 110] bestGlobalCost=1406303.51 (feasible=YES) bestThisIter=1409878.07 feasibleAnts=12 noImprove=0 (elapsed 47.2935s)
[ITER 120] bestGlobalCost=1406303.51 (feasible=YES) bestThisIter=1408135.41 feasibleAnts=8 noImprove=10 (elapsed 51.3777s)
[ITER 130] bestGlobalCost=1406303.51 (feasible=YES) bestThisIter=1420987.77 feasibleAnts=8 noImprove=20 (elapsed 55.868s)
[ITER 140] bestGlobalCost=1406303.51 (feasible=YES) bestThisIter=1432988.79 feasibleAnts=9 noImprove=30 (elapsed 60.9222s)
[ITER 143] New best cost=1381697.71 (feasible=YES, time 61.7338s)
[ITER 150] bestGlobalCost=1381697.71 (feasible=YES) bestThisIter=1389753.81 feasibleAnts=10 noImprove=7 (elapsed 65.2312s)
[ITER 160] bestGlobalCost=1381697.71 (feasible=YES) bestThisIter=1396087.74 feasibleAnts=8 noImprove=17 (elapsed 69.7254s)
[ITER 170] bestGlobalCost=1381697.71 (feasible=YES) bestThisIter=1421517.65 feasibleAnts=7 noImprove=27 (elapsed 74.7041s)
[ITER 180] bestGlobalCost=1381697.71 (feasible=YES) bestThisIter=1411276.32 feasibleAnts=9 noImprove=37 (elapsed 80.197s)
[ITER 190] bestGlobalCost=1381697.71 (feasible=YES) bestThisIter=1469493.60 feasibleAnts=4 noImprove=47 (elapsed 86.1477s)
[RESET] no improvement for50-> reset pheromones
[ITER 200] New best cost=1373717.48 (feasible=YES, time 92.7026s)
[ITER 200] bestGlobalCost=1373717.48 (feasible=YES) bestThisIter=1407514.36 feasibleAnts=6 noImprove=0 (elapsed 92.7072s)
[ITER 210] bestGlobalCost=1373717.48 (feasible=YES) bestThisIter=1375066.60 feasibleAnts=13 noImprove=10 (elapsed 96.621s)
[ITER 220] bestGlobalCost=1373717.48 (feasible=YES) bestThisIter=1398189.91 feasibleAnts=8 noImprove=20 (elapsed 101.155s)
[ITER 230] bestGlobalCost=1373717.48 (feasible=YES) bestThisIter=1434873.83 feasibleAnts=7 noImprove=30 (elapsed 106.43s)
[ITER 240] bestGlobalCost=1373717.48 (feasible=YES) bestThisIter=1424526.55 feasibleAnts=4 noImprove=40 (elapsed 112.012s)
[ITER 250] bestGlobalCost=1373717.48 (feasible=YES) bestThisIter=1484850.45 feasibleAnts=4 noImprove=50 (elapsed 117.946s)
[RESET] no improvement for50-> reset pheromones
[ITER 260] bestGlobalCost=1373717.48 (feasible=YES) bestThisIter=1402817.60 feasibleAnts=7 noImprove=10 (elapsed 123.179s)
[ITER 270] bestGlobalCost=1373717.48 (feasible=YES) bestThisIter=1380870.13 feasibleAnts=6 noImprove=20 (elapsed 128.373s)
[ITER 280] bestGlobalCost=1373717.48 (feasible=YES) bestThisIter=1397930.37 feasibleAnts=6 noImprove=30 (elapsed 134.038s)
[ITER 290] bestGlobalCost=1373717.48 (feasible=YES) bestThisIter=1471871.37 feasibleAnts=6 noImprove=40 (elapsed 140.858s)
[ITER 300] bestGlobalCost=1373717.48 (feasible=YES) bestThisIter=1470652.38 feasibleAnts=6 noImprove=50 (elapsed 146.831s)
[RESET] no improvement for50-> reset pheromones
[ITER 310] bestGlobalCost=1373717.48 (feasible=YES) bestThisIter=1390363.39 feasibleAnts=7 noImprove=10 (elapsed 152.057s)
[ITER 320] bestGlobalCost=1373717.48 (feasible=YES) bestThisIter=1395229.77 feasibleAnts=9 noImprove=20 (elapsed 157.169s)
[ITER 330] bestGlobalCost=1373717.48 (feasible=YES) bestThisIter=1441268.71 feasibleAnts=6 noImprove=30 (elapsed 162.557s)
[ITER 340] bestGlobalCost=1373717.48 (feasible=YES) bestThisIter=1465490.21 feasibleAnts=4 noImprove=40 (elapsed 168.39s)
[ITER 350] bestGlobalCost=1373717.48 (feasible=YES) bestThisIter=1478294.97 feasibleAnts=6 noImprove=50 (elapsed 174.342s)
[RESET] no improvement for50-> reset pheromones
[ITER 360] bestGlobalCost=1373717.48 (feasible=YES) bestThisIter=1377928.95 feasibleAnts=8 noImprove=10 (elapsed 179.487s)
[ITER 370] bestGlobalCost=1373717.48 (feasible=YES) bestThisIter=1411364.54 feasibleAnts=8 noImprove=20 (elapsed 184.596s)
[ITER 380] bestGlobalCost=1373717.48 (feasible=YES) bestThisIter=1416822.53 feasibleAnts=6 noImprove=30 (elapsed 190.125s)
[ITER 390] bestGlobalCost=1373717.48 (feasible=YES) bestThisIter=1451617.81 feasibleAnts=5 noImprove=40 (elapsed 195.944s)
[ITER 400] bestGlobalCost=1373717.48 (feasible=YES) bestThisIter=1469091.86 feasibleAnts=5 noImprove=50 (elapsed 201.932s)
[RESET] no improvement for50-> reset pheromones
[ITER 410] bestGlobalCost=1373717.48 (feasible=YES) bestThisIter=1410887.33 feasibleAnts=6 noImprove=10 (elapsed 207.104s)
[ITER 420] bestGlobalCost=1373717.48 (feasible=YES) bestThisIter=1426363.89 feasibleAnts=6 noImprove=20 (elapsed 212.292s)
[ITER 430] bestGlobalCost=1373717.48 (feasible=YES) bestThisIter=1455344.67 feasibleAnts=7 noImprove=30 (elapsed 217.836s)
[ITER 440] bestGlobalCost=1373717.48 (feasible=YES) bestThisIter=1442323.34 feasibleAnts=6 noImprove=40 (elapsed 223.575s)
[ITER 450] bestGlobalCost=1373717.48 (feasible=YES) bestThisIter=1477735.78 feasibleAnts=5 noImprove=50 (elapsed 230.729s)
[RESET] no improvement for50-> reset pheromones
[ITER 460] bestGlobalCost=1373717.48 (feasible=YES) bestThisIter=1392049.70 feasibleAnts=7 noImprove=10 (elapsed 235.9s)
[ITER 470] bestGlobalCost=1373717.48 (feasible=YES) bestThisIter=1422661.12 feasibleAnts=6 noImprove=20 (elapsed 241.069s)
[ITER 480] bestGlobalCost=1373717.48 (feasible=YES) bestThisIter=1447558.44 feasibleAnts=6 noImprove=30 (elapsed 246.504s)
[ITER 490] bestGlobalCost=1373717.48 (feasible=YES) bestThisIter=1468373.82 feasibleAnts=4 noImprove=40 (elapsed 252.362s)
[ITER 500] bestGlobalCost=1373717.48 (feasible=YES) bestThisIter=1448613.56 feasibleAnts=7 noImprove=50 (elapsed 258.521s)
[RESET] no improvement for50-> reset pheromones
[ITER 510] bestGlobalCost=1373717.48 (feasible=YES) bestThisIter=1400118.47 feasibleAnts=8 noImprove=10 (elapsed 263.786s)
[ITER 520] bestGlobalCost=1373717.48 (feasible=YES) bestThisIter=1443653.38 feasibleAnts=6 noImprove=20 (elapsed 269.045s)
[ITER 530] bestGlobalCost=1373717.48 (feasible=YES) bestThisIter=1422008.80 feasibleAnts=5 noImprove=30 (elapsed 274.747s)
[ITER 540] bestGlobalCost=1373717.48 (feasible=YES) bestThisIter=1436328.05 feasibleAnts=4 noImprove=40 (elapsed 280.52s)
[ITER 550] bestGlobalCost=1373717.48 (feasible=YES) bestThisIter=1463541.96 feasibleAnts=5 noImprove=50 (elapsed 286.717s)
[RESET] no improvement for50-> reset pheromones
[ITER 560] bestGlobalCost=1373717.48 (feasible=YES) bestThisIter=1402649.14 feasibleAnts=8 noImprove=10 (elapsed 291.81s)
[ITER 570] bestGlobalCost=1373717.48 (feasible=YES) bestThisIter=1400748.77 feasibleAnts=7 noImprove=20 (elapsed 296.988s)
[ITER 580] bestGlobalCost=1373717.48 (feasible=YES) bestThisIter=1421759.67 feasibleAnts=3 noImprove=30 (elapsed 302.515s)
[ITER 590] bestGlobalCost=1373717.48 (feasible=YES) bestThisIter=1454979.80 feasibleAnts=7 noImprove=40 (elapsed 308.308s)
[ITER 600] bestGlobalCost=1373717.48 (feasible=YES) bestThisIter=1441271.37 feasibleAnts=4 noImprove=50 (elapsed 314.244s)
[RESET] no improvement for50-> reset pheromones
[ITER 610] bestGlobalCost=1373717.48 (feasible=YES) bestThisIter=1377791.90 feasibleAnts=10 noImprove=10 (elapsed 319.501s)
[ITER 620] bestGlobalCost=1373717.48 (feasible=YES) bestThisIter=1427169.60 feasibleAnts=5 noImprove=20 (elapsed 325.642s)
[ITER 630] bestGlobalCost=1373717.48 (feasible=YES) bestThisIter=1414814.98 feasibleAnts=4 noImprove=30 (elapsed 331.367s)
[ITER 640] bestGlobalCost=1373717.48 (feasible=YES) bestThisIter=1479623.66 feasibleAnts=8 noImprove=40 (elapsed 337.157s)
[ITER 650] bestGlobalCost=1373717.48 (feasible=YES) bestThisIter=1450971.35 feasibleAnts=4 noImprove=50 (elapsed 343.278s)
[RESET] no improvement for50-> reset pheromones
[ITER 660] bestGlobalCost=1373717.48 (feasible=YES) bestThisIter=1394771.20 feasibleAnts=8 noImprove=10 (elapsed 348.7s)
24 25 31 32 36 64 65 66 67 106 108 110 112 113 114 118 129 
166 167 169 170 171 172 173 174 218 219 220 221 239 240 241 242 243 244 246 
45 46 47 48 49 50 51 52 53 54 55 56 57 58 123 124 127 128 
1 34 35 37 38 39 40 41 60 61 62 63 115 116 117 119 120 121 
189 191 193 204 206 207 209 253 254 255 256 257 258 260 261 262 263 
2 3 4 5 6 8 9 82 83 84 85 86 87 88 90 93 130 
139 140 141 142 175 176 177 178 179 180 181 182 212 214 215 216 217 245 247 248 
143 144 145 146 147 148 163 164 165 168 222 224 225 226 237 238 264 
17 19 21 22 23 26 27 28 29 30 33 70 71 72 73 103 104 105 107 
133 134 135 136 192 194 195 196 197 198 199 200 201 202 203 205 259 
137 138 183 184 185 186 187 188 190 208 210 211 213 249 250 251 252 
42 43 44 59 122 125 126 150 156 157 159 161 162 223 
7 10 11 12 13 14 15 78 79 80 81 89 91 92 94 99 131 
149 151 152 153 154 155 158 160 227 228 229 230 231 232 233 234 235 236 
16 18 20 68 69 74 75 76 77 95 96 97 98 100 101 102 109 111 132 
[SAVELOGS] evolution saved to results/logs/aco_logs/evolution/pr264_15_4.txt
[SAVELOGS] best cost saved to results/logs/aco_logs/objectives/pr264_15_4.txt
[SAVELOGS] best solution saved to results/logs/aco_logs/solutions/pr264_15_4.txt
