[ITER 1] New best cost=556156.02 (feasible=YES, time 1.8855s)
[ITER 3] New best cost=552569.79 (feasible=YES, time 2.29286s)
[ITER 4] New best cost=548728.87 (feasible=YES, time 2.45988s)
[ITER 6] New best cost=538352.81 (feasible=YES, time 2.76005s)
[ITER 10] bestGlobalCost=538352.81 (feasible=YES) bestThisIter=534530.40 feasibleAnts=10 noImprove=4 (elapsed 3.30857s)
[ITER 11] New best cost=536420.90 (feasible=YES, time 5.08288s)
[ITER 18] New best cost=536374.23 (feasible=YES, time 6.0012s)
[ITER 20] bestGlobalCost=536374.23 (feasible=YES) bestThisIter=540791.15 feasibleAnts=9 noImprove=2 (elapsed 6.27986s)
[ITER 23] New best cost=534671.08 (feasible=YES, time 8.32392s)
[ITER 28] New best cost=529005.92 (feasible=YES, time 8.99017s)
[ITER 30] New best cost=525990.63 (feasible=YES, time 9.26712s)
[ITER 30] bestGlobalCost=525990.63 (feasible=YES) bestThisIter=537020.04 feasibleAnts=6 noImprove=0 (elapsed 9.27173s)
[ITER 40] bestGlobalCost=525990.63 (feasible=YES) bestThisIter=530711.18 feasibleAnts=8 noImprove=10 (elapsed 12.2656s)
[ITER 41] New best cost=525341.70 (feasible=YES, time 14.0136s)
[ITER 44] New best cost=524290.69 (feasible=YES, time 14.3864s)
[ITER 50] bestGlobalCost=524290.69 (feasible=YES) bestThisIter=529116.48 feasibleAnts=5 noImprove=6 (elapsed 15.0938s)
[ITER 60] bestGlobalCost=524290.69 (feasible=YES) bestThisIter=525723.73 feasibleAnts=9 noImprove=16 (elapsed 18.0115s)
[ITER 70] bestGlobalCost=524290.69 (feasible=YES) bestThisIter=526368.89 feasibleAnts=9 noImprove=26 (elapsed 20.989s)
[ITER 80] bestGlobalCost=524290.69 (feasible=YES) bestThisIter=536251.75 feasibleAnts=13 noImprove=36 (elapsed 24.0898s)
[ITER 90] bestGlobalCost=524290.69 (feasible=YES) bestThisIter=544291.68 feasibleAnts=13 noImprove=46 (elapsed 27.3056s)
[RESET] no improvement for50-> reset pheromones
[ITER 100] bestGlobalCost=524290.69 (feasible=YES) bestThisIter=525419.62 feasibleAnts=12 noImprove=6 (elapsed 31.2125s)
[ITER 110] bestGlobalCost=524290.69 (feasible=YES) bestThisIter=528818.63 feasibleAnts=6 noImprove=16 (elapsed 34.3636s)
[ITER 111] New best cost=523733.81 (feasible=YES, time 36.0878s)
[ITER 120] bestGlobalCost=523733.81 (feasible=YES) bestThisIter=525990.59 feasibleAnts=9 noImprove=9 (elapsed 37.2468s)
[ITER 130] bestGlobalCost=523733.81 (feasible=YES) bestThisIter=527024.20 feasibleAnts=9 noImprove=19 (elapsed 40.1722s)
[ITER 140] bestGlobalCost=523733.81 (feasible=YES) bestThisIter=530476.25 feasibleAnts=8 noImprove=29 (elapsed 43.265s)
[ITER 150] bestGlobalCost=523733.81 (feasible=YES) bestThisIter=529538.20 feasibleAnts=12 noImprove=39 (elapsed 46.4197s)
[ITER 160] bestGlobalCost=523733.81 (feasible=YES) bestThisIter=549895.54 feasibleAnts=13 noImprove=49 (elapsed 49.7233s)
[RESET] no improvement for50-> reset pheromones
[ITER 170] bestGlobalCost=523733.81 (feasible=YES) bestThisIter=520515.28 feasibleAnts=7 noImprove=9 (elapsed 52.8387s)
[ITER 180] bestGlobalCost=523733.81 (feasible=YES) bestThisIter=530736.82 feasibleAnts=9 noImprove=19 (elapsed 55.7295s)
[ITER 190] bestGlobalCost=523733.81 (feasible=YES) bestThisIter=534912.00 feasibleAnts=12 noImprove=29 (elapsed 58.7812s)
[ITER 200] bestGlobalCost=523733.81 (feasible=YES) bestThisIter=552381.15 feasibleAnts=14 noImprove=39 (elapsed 61.9557s)
[ITER 210] bestGlobalCost=523733.81 (feasible=YES) bestThisIter=524206.02 feasibleAnts=11 noImprove=49 (elapsed 65.2148s)
[RESET] no improvement for50-> reset pheromones
[ITER 220] bestGlobalCost=523733.81 (feasible=YES) bestThisIter=524326.27 feasibleAnts=10 noImprove=9 (elapsed 68.3573s)
[ITER 230] bestGlobalCost=523733.81 (feasible=YES) bestThisIter=533675.20 feasibleAnts=9 noImprove=19 (elapsed 71.3476s)
[ITER 240] bestGlobalCost=523733.81 (feasible=YES) bestThisIter=531194.98 feasibleAnts=14 noImprove=29 (elapsed 75.2387s)
[ITER 250] bestGlobalCost=523733.81 (feasible=YES) bestThisIter=534361.96 feasibleAnts=12 noImprove=39 (elapsed 78.6894s)
[ITER 260] bestGlobalCost=523733.81 (feasible=YES) bestThisIter=540815.43 feasibleAnts=11 noImprove=49 (elapsed 81.9473s)
[RESET] no improvement for50-> reset pheromones
[ITER 270] bestGlobalCost=523733.81 (feasible=YES) bestThisIter=531635.24 feasibleAnts=7 noImprove=9 (elapsed 85.0688s)
[ITER 280] bestGlobalCost=523733.81 (feasible=YES) bestThisIter=528419.71 feasibleAnts=8 noImprove=19 (elapsed 88.0353s)
[ITER 290] bestGlobalCost=523733.81 (feasible=YES) bestThisIter=538007.00 feasibleAnts=11 noImprove=29 (elapsed 91.0305s)
[ITER 300] bestGlobalCost=523733.81 (feasible=YES) bestThisIter=533076.60 feasibleAnts=11 noImprove=39 (elapsed 94.1752s)
[ITER 310] bestGlobalCost=523733.81 (feasible=YES) bestThisIter=543650.99 feasibleAnts=12 noImprove=49 (elapsed 97.4368s)
[RESET] no improvement for50-> reset pheromones
[ITER 318] New best cost=523500.77 (feasible=YES, time 100.252s)
[ITER 320] bestGlobalCost=523500.77 (feasible=YES) bestThisIter=524487.32 feasibleAnts=7 noImprove=2 (elapsed 100.493s)
[ITER 330] bestGlobalCost=523500.77 (feasible=YES) bestThisIter=533853.52 feasibleAnts=9 noImprove=12 (elapsed 103.379s)
[ITER 340] bestGlobalCost=523500.77 (feasible=YES) bestThisIter=520872.31 feasibleAnts=8 noImprove=22 (elapsed 106.254s)
[ITER 350] bestGlobalCost=523500.77 (feasible=YES) bestThisIter=541683.95 feasibleAnts=13 noImprove=32 (elapsed 109.325s)
[ITER 360] bestGlobalCost=523500.77 (feasible=YES) bestThisIter=542377.61 feasibleAnts=14 noImprove=42 (elapsed 112.55s)
[RESET] no improvement for50-> reset pheromones
[ITER 370] bestGlobalCost=523500.77 (feasible=YES) bestThisIter=553756.32 feasibleAnts=13 noImprove=2 (elapsed 115.854s)
[ITER 374] New best cost=523053.21 (feasible=YES, time 117.971s)
[ITER 380] bestGlobalCost=523053.21 (feasible=YES) bestThisIter=525051.07 feasibleAnts=8 noImprove=6 (elapsed 118.722s)
[ITER 390] bestGlobalCost=523053.21 (feasible=YES) bestThisIter=525929.32 feasibleAnts=8 noImprove=16 (elapsed 121.599s)
[ITER 400] bestGlobalCost=523053.21 (feasible=YES) bestThisIter=531495.17 feasibleAnts=13 noImprove=26 (elapsed 124.579s)
[ITER 410] bestGlobalCost=523053.21 (feasible=YES) bestThisIter=537051.21 feasibleAnts=14 noImprove=36 (elapsed 127.663s)
[ITER 420] bestGlobalCost=523053.21 (feasible=YES) bestThisIter=535929.27 feasibleAnts=11 noImprove=46 (elapsed 130.901s)
[RESET] no improvement for50-> reset pheromones
[ITER 430] bestGlobalCost=523053.21 (feasible=YES) bestThisIter=521176.52 feasibleAnts=7 noImprove=6 (elapsed 134.164s)
[ITER 440] bestGlobalCost=523053.21 (feasible=YES) bestThisIter=531553.11 feasibleAnts=11 noImprove=16 (elapsed 137.14s)
[ITER 450] bestGlobalCost=523053.21 (feasible=YES) bestThisIter=537383.19 feasibleAnts=11 noImprove=26 (elapsed 140.175s)
[ITER 460] bestGlobalCost=523053.21 (feasible=YES) bestThisIter=530744.97 feasibleAnts=12 noImprove=36 (elapsed 143.303s)
[ITER 470] bestGlobalCost=523053.21 (feasible=YES) bestThisIter=540959.88 feasibleAnts=9 noImprove=46 (elapsed 146.483s)
[RESET] no improvement for50-> reset pheromones
[ITER 480] bestGlobalCost=523053.21 (feasible=YES) bestThisIter=535335.86 feasibleAnts=9 noImprove=6 (elapsed 149.774s)
[ITER 490] bestGlobalCost=523053.21 (feasible=YES) bestThisIter=537113.27 feasibleAnts=7 noImprove=16 (elapsed 153.153s)
[ITER 500] bestGlobalCost=523053.21 (feasible=YES) bestThisIter=534281.01 feasibleAnts=10 noImprove=26 (elapsed 156.987s)
[ITER 510] bestGlobalCost=523053.21 (feasible=YES) bestThisIter=538542.21 feasibleAnts=14 noImprove=36 (elapsed 160.084s)
[ITER 520] bestGlobalCost=523053.21 (feasible=YES) bestThisIter=543297.43 feasibleAnts=12 noImprove=46 (elapsed 163.38s)
[RESET] no improvement for50-> reset pheromones
[ITER 530] bestGlobalCost=523053.21 (feasible=YES) bestThisIter=528987.43 feasibleAnts=8 noImprove=6 (elapsed 166.612s)
[ITER 540] bestGlobalCost=523053.21 (feasible=YES) bestThisIter=531261.34 feasibleAnts=12 noImprove=16 (elapsed 169.611s)
[ITER 548] New best cost=522445.82 (feasible=YES, time 172.359s)
[ITER 550] bestGlobalCost=522445.82 (feasible=YES) bestThisIter=524261.94 feasibleAnts=6 noImprove=2 (elapsed 172.576s)
[ITER 557] New best cost=520693.01 (feasible=YES, time 175.074s)
[ITER 560] bestGlobalCost=520693.01 (feasible=YES) bestThisIter=538192.77 feasibleAnts=10 noImprove=3 (elapsed 175.454s)
[ITER 570] bestGlobalCost=520693.01 (feasible=YES) bestThisIter=527653.90 feasibleAnts=10 noImprove=13 (elapsed 178.328s)
[ITER 580] bestGlobalCost=520693.01 (feasible=YES) bestThisIter=528812.65 feasibleAnts=8 noImprove=23 (elapsed 181.248s)
[ITER 590] bestGlobalCost=520693.01 (feasible=YES) bestThisIter=522729.79 feasibleAnts=10 noImprove=33 (elapsed 184.343s)
[ITER 600] bestGlobalCost=520693.01 (feasible=YES) bestThisIter=544889.96 feasibleAnts=11 noImprove=43 (elapsed 187.542s)
[RESET] no improvement for50-> reset pheromones
[ITER 610] bestGlobalCost=520693.01 (feasible=YES) bestThisIter=533061.13 feasibleAnts=6 noImprove=3 (elapsed 190.839s)
[ITER 620] bestGlobalCost=520693.01 (feasible=YES) bestThisIter=519659.25 feasibleAnts=10 noImprove=13 (elapsed 193.76s)
[ITER 630] bestGlobalCost=520693.01 (feasible=YES) bestThisIter=531353.07 feasibleAnts=9 noImprove=23 (elapsed 196.788s)
[ITER 640] bestGlobalCost=520693.01 (feasible=YES) bestThisIter=536539.22 feasibleAnts=11 noImprove=33 (elapsed 199.812s)
[ITER 650] bestGlobalCost=520693.01 (feasible=YES) bestThisIter=541069.87 feasibleAnts=10 noImprove=43 (elapsed 203.04s)
[RESET] no improvement for50-> reset pheromones
[ITER 660] bestGlobalCost=520693.01 (feasible=YES) bestThisIter=535131.14 feasibleAnts=10 noImprove=3 (elapsed 206.392s)
[ITER 670] bestGlobalCost=520693.01 (feasible=YES) bestThisIter=528292.52 feasibleAnts=11 noImprove=13 (elapsed 209.241s)
[ITER 680] bestGlobalCost=520693.01 (feasible=YES) bestThisIter=527247.76 feasibleAnts=8 noImprove=23 (elapsed 212.24s)
[ITER 690] bestGlobalCost=520693.01 (feasible=YES) bestThisIter=529934.85 feasibleAnts=13 noImprove=33 (elapsed 215.299s)
[ITER 700] bestGlobalCost=520693.01 (feasible=YES) bestThisIter=535400.45 feasibleAnts=8 noImprove=43 (elapsed 218.511s)
[RESET] no improvement for50-> reset pheromones
[ITER 710] bestGlobalCost=520693.01 (feasible=YES) bestThisIter=525892.42 feasibleAnts=7 noImprove=3 (elapsed 221.894s)
[ITER 720] bestGlobalCost=520693.01 (feasible=YES) bestThisIter=531964.86 feasibleAnts=7 noImprove=13 (elapsed 224.798s)
[ITER 730] bestGlobalCost=520693.01 (feasible=YES) bestThisIter=533164.35 feasibleAnts=7 noImprove=23 (elapsed 227.766s)
[ITER 740] bestGlobalCost=520693.01 (feasible=YES) bestThisIter=531800.41 feasibleAnts=12 noImprove=33 (elapsed 230.842s)
[ITER 750] bestGlobalCost=520693.01 (feasible=YES) bestThisIter=538128.89 feasibleAnts=11 noImprove=43 (elapsed 233.989s)
[RESET] no improvement for50-> reset pheromones
[ITER 760] bestGlobalCost=520693.01 (feasible=YES) bestThisIter=531475.45 feasibleAnts=10 noImprove=3 (elapsed 237.374s)
[ITER 770] bestGlobalCost=520693.01 (feasible=YES) bestThisIter=528990.48 feasibleAnts=12 noImprove=13 (elapsed 240.299s)
[ITER 776] New best cost=520250.79 (feasible=YES, time 242.718s)
[ITER 780] bestGlobalCost=520250.79 (feasible=YES) bestThisIter=523799.30 feasibleAnts=9 noImprove=4 (elapsed 243.26s)
[ITER 790] bestGlobalCost=520250.79 (feasible=YES) bestThisIter=535145.59 feasibleAnts=4 noImprove=14 (elapsed 246.15s)
[ITER 800] bestGlobalCost=520250.79 (feasible=YES) bestThisIter=532141.37 feasibleAnts=9 noImprove=24 (elapsed 249.125s)
[ITER 810] bestGlobalCost=520250.79 (feasible=YES) bestThisIter=536492.95 feasibleAnts=11 noImprove=34 (elapsed 252.198s)
[ITER 820] bestGlobalCost=520250.79 (feasible=YES) bestThisIter=551767.48 feasibleAnts=11 noImprove=44 (elapsed 255.45s)
[RESET] no improvement for50-> reset pheromones
[ITER 830] bestGlobalCost=520250.79 (feasible=YES) bestThisIter=528555.33 feasibleAnts=9 noImprove=4 (elapsed 259.252s)
[ITER 840] bestGlobalCost=520250.79 (feasible=YES) bestThisIter=542549.59 feasibleAnts=9 noImprove=14 (elapsed 263.083s)
[ITER 850] bestGlobalCost=520250.79 (feasible=YES) bestThisIter=531844.41 feasibleAnts=12 noImprove=24 (elapsed 266.358s)
[ITER 860] bestGlobalCost=520250.79 (feasible=YES) bestThisIter=537613.42 feasibleAnts=10 noImprove=34 (elapsed 269.526s)
[ITER 870] bestGlobalCost=520250.79 (feasible=YES) bestThisIter=541802.78 feasibleAnts=13 noImprove=44 (elapsed 272.697s)
[RESET] no improvement for50-> reset pheromones
[ITER 880] bestGlobalCost=520250.79 (feasible=YES) bestThisIter=527744.69 feasibleAnts=8 noImprove=4 (elapsed 276.014s)
[ITER 890] bestGlobalCost=520250.79 (feasible=YES) bestThisIter=535913.78 feasibleAnts=8 noImprove=14 (elapsed 278.898s)
[ITER 900] bestGlobalCost=520250.79 (feasible=YES) bestThisIter=523199.15 feasibleAnts=9 noImprove=24 (elapsed 281.866s)
[ITER 910] bestGlobalCost=520250.79 (feasible=YES) bestThisIter=541250.74 feasibleAnts=9 noImprove=34 (elapsed 285.209s)
[ITER 919] New best cost=518848.50 (feasible=YES, time 289.087s)
[ITER 920] bestGlobalCost=518848.50 (feasible=YES) bestThisIter=520170.82 feasibleAnts=8 noImprove=1 (elapsed 289.212s)
[ITER 930] bestGlobalCost=518848.50 (feasible=YES) bestThisIter=534690.55 feasibleAnts=10 noImprove=11 (elapsed 292.092s)
[ITER 940] bestGlobalCost=518848.50 (feasible=YES) bestThisIter=526904.17 feasibleAnts=7 noImprove=21 (elapsed 295.045s)
[ITER 943] New best cost=518603.27 (feasible=YES, time 297.062s)
[ITER 950] bestGlobalCost=518603.27 (feasible=YES) bestThisIter=530235.14 feasibleAnts=10 noImprove=7 (elapsed 297.98s)
[ITER 951] New best cost=516918.60 (feasible=YES, time 299.731s)
6 31 47 54 67 75 80 107 109 120 127 155 157 183 187 
1 12 27 40 53 85 115 117 123 132 145 174 191 198 
3 30 41 59 60 69 73 77 89 128 158 167 193 
2 35 50 62 68 72 91 125 151 161 169 181 
7 9 16 24 26 32 61 78 82 124 138 184 199 
8 17 22 25 34 58 90 103 129 130 134 141 143 146 171 
13 15 20 42 55 64 65 79 112 135 160 162 177 186 
11 48 52 84 87 96 97 104 119 126 165 166 170 197 
10 33 45 57 74 81 100 108 131 142 156 180 189 
5 28 43 95 105 113 133 137 139 176 182 185 195 
38 39 56 71 83 86 88 98 114 148 152 178 196 200 
21 23 70 76 94 102 140 144 150 154 164 168 173 
18 29 46 49 93 110 111 121 136 147 159 172 
37 44 51 63 66 116 118 122 153 179 188 194 
4 14 19 36 92 99 101 106 149 163 175 190 192 
[SAVELOGS] evolution saved to results/logs/aco_logs/evolution/kroA200_15_4.txt
[SAVELOGS] best cost saved to results/logs/aco_logs/objectives/kroA200_15_4.txt
[SAVELOGS] best solution saved to results/logs/aco_logs/solutions/kroA200_15_4.txt
