[ITER 1] New best cost=565298.93 (feasible=YES, time 1.85864s)
[ITER 2] New best cost=554507.95 (feasible=YES, time 2.09074s)
[ITER 3] New best cost=552586.47 (feasible=YES, time 2.30491s)
[ITER 10] bestGlobalCost=552586.47 (feasible=YES) bestThisIter=556980.64 feasibleAnts=10 noImprove=7 (elapsed 3.29411s)
[ITER 11] New best cost=550008.82 (feasible=YES, time 5.07065s)
[ITER 12] New best cost=548290.76 (feasible=YES, time 5.22132s)
[ITER 20] bestGlobalCost=548290.76 (feasible=YES) bestThisIter=547148.48 feasibleAnts=6 noImprove=8 (elapsed 6.44294s)
[ITER 30] bestGlobalCost=548290.76 (feasible=YES) bestThisIter=550993.40 feasibleAnts=12 noImprove=18 (elapsed 9.53498s)
[ITER 35] New best cost=544489.31 (feasible=YES, time 11.9291s)
[ITER 36] New best cost=540357.70 (feasible=YES, time 12.0648s)
[ITER 40] bestGlobalCost=540357.70 (feasible=YES) bestThisIter=548242.95 feasibleAnts=10 noImprove=4 (elapsed 12.6257s)
[ITER 46] New best cost=538949.19 (feasible=YES, time 15.048s)
[ITER 50] bestGlobalCost=538949.19 (feasible=YES) bestThisIter=542009.38 feasibleAnts=8 noImprove=4 (elapsed 15.5957s)
[ITER 51] New best cost=532427.50 (feasible=YES, time 17.3627s)
[ITER 60] bestGlobalCost=532427.50 (feasible=YES) bestThisIter=549644.06 feasibleAnts=9 noImprove=9 (elapsed 18.5888s)
[ITER 64] New best cost=522509.14 (feasible=YES, time 20.7546s)
[ITER 70] bestGlobalCost=522509.14 (feasible=YES) bestThisIter=528410.68 feasibleAnts=13 noImprove=6 (elapsed 21.4777s)
[ITER 80] bestGlobalCost=522509.14 (feasible=YES) bestThisIter=528942.86 feasibleAnts=11 noImprove=16 (elapsed 24.3558s)
[ITER 90] bestGlobalCost=522509.14 (feasible=YES) bestThisIter=531282.41 feasibleAnts=8 noImprove=26 (elapsed 27.3547s)
[ITER 100] bestGlobalCost=522509.14 (feasible=YES) bestThisIter=541499.02 feasibleAnts=13 noImprove=36 (elapsed 30.4633s)
[ITER 110] bestGlobalCost=522509.14 (feasible=YES) bestThisIter=545693.21 feasibleAnts=8 noImprove=46 (elapsed 33.698s)
[RESET] no improvement for50-> reset pheromones
[ITER 120] bestGlobalCost=522509.14 (feasible=YES) bestThisIter=534273.99 feasibleAnts=9 noImprove=6 (elapsed 37.2661s)
[ITER 130] bestGlobalCost=522509.14 (feasible=YES) bestThisIter=536588.79 feasibleAnts=9 noImprove=16 (elapsed 40.9013s)
[ITER 140] bestGlobalCost=522509.14 (feasible=YES) bestThisIter=538567.80 feasibleAnts=10 noImprove=26 (elapsed 43.8568s)
[ITER 150] bestGlobalCost=522509.14 (feasible=YES) bestThisIter=531672.67 feasibleAnts=9 noImprove=36 (elapsed 46.9994s)
[ITER 160] bestGlobalCost=522509.14 (feasible=YES) bestThisIter=530655.30 feasibleAnts=9 noImprove=46 (elapsed 50.2009s)
[RESET] no improvement for50-> reset pheromones
[ITER 170] bestGlobalCost=522509.14 (feasible=YES) bestThisIter=532141.13 feasibleAnts=8 noImprove=6 (elapsed 53.9783s)
[ITER 180] bestGlobalCost=522509.14 (feasible=YES) bestThisIter=529274.05 feasibleAnts=9 noImprove=16 (elapsed 57.3232s)
[ITER 190] bestGlobalCost=522509.14 (feasible=YES) bestThisIter=531710.83 feasibleAnts=13 noImprove=26 (elapsed 60.4118s)
[ITER 200] bestGlobalCost=522509.14 (feasible=YES) bestThisIter=540349.81 feasibleAnts=7 noImprove=36 (elapsed 63.5103s)
[ITER 210] bestGlobalCost=522509.14 (feasible=YES) bestThisIter=559387.48 feasibleAnts=12 noImprove=46 (elapsed 66.8109s)
[RESET] no improvement for50-> reset pheromones
[ITER 220] bestGlobalCost=522509.14 (feasible=YES) bestThisIter=537550.98 feasibleAnts=11 noImprove=6 (elapsed 70.0761s)
[ITER 230] bestGlobalCost=522509.14 (feasible=YES) bestThisIter=522180.56 feasibleAnts=7 noImprove=16 (elapsed 72.9497s)
[ITER 240] bestGlobalCost=522509.14 (feasible=YES) bestThisIter=535494.41 feasibleAnts=12 noImprove=26 (elapsed 75.986s)
[ITER 250] bestGlobalCost=522509.14 (feasible=YES) bestThisIter=545221.63 feasibleAnts=13 noImprove=36 (elapsed 79.066s)
[ITER 260] bestGlobalCost=522509.14 (feasible=YES) bestThisIter=544276.25 feasibleAnts=11 noImprove=46 (elapsed 82.2526s)
[RESET] no improvement for50-> reset pheromones
[ITER 270] bestGlobalCost=522509.14 (feasible=YES) bestThisIter=527801.03 feasibleAnts=8 noImprove=6 (elapsed 85.6306s)
[ITER 280] bestGlobalCost=522509.14 (feasible=YES) bestThisIter=542376.46 feasibleAnts=9 noImprove=16 (elapsed 88.7369s)
[ITER 290] bestGlobalCost=522509.14 (feasible=YES) bestThisIter=526710.19 feasibleAnts=9 noImprove=26 (elapsed 92.7106s)
[ITER 300] bestGlobalCost=522509.14 (feasible=YES) bestThisIter=542237.54 feasibleAnts=10 noImprove=36 (elapsed 95.9365s)
[ITER 310] bestGlobalCost=522509.14 (feasible=YES) bestThisIter=558521.30 feasibleAnts=10 noImprove=46 (elapsed 99.2029s)
[RESET] no improvement for50-> reset pheromones
[ITER 320] bestGlobalCost=522509.14 (feasible=YES) bestThisIter=543533.25 feasibleAnts=10 noImprove=6 (elapsed 102.414s)
[ITER 330] bestGlobalCost=522509.14 (feasible=YES) bestThisIter=528755.23 feasibleAnts=8 noImprove=16 (elapsed 105.363s)
[ITER 340] bestGlobalCost=522509.14 (feasible=YES) bestThisIter=527046.87 feasibleAnts=10 noImprove=26 (elapsed 108.388s)
[ITER 350] bestGlobalCost=522509.14 (feasible=YES) bestThisIter=551727.83 feasibleAnts=13 noImprove=36 (elapsed 111.563s)
[ITER 360] bestGlobalCost=522509.14 (feasible=YES) bestThisIter=535149.34 feasibleAnts=9 noImprove=46 (elapsed 114.91s)
[RESET] no improvement for50-> reset pheromones
[ITER 370] New best cost=520590.28 (feasible=YES, time 118.184s)
[ITER 370] bestGlobalCost=520590.28 (feasible=YES) bestThisIter=533360.91 feasibleAnts=9 noImprove=0 (elapsed 118.189s)
[ITER 380] bestGlobalCost=520590.28 (feasible=YES) bestThisIter=523368.40 feasibleAnts=8 noImprove=10 (elapsed 121.14s)
[ITER 390] bestGlobalCost=520590.28 (feasible=YES) bestThisIter=523743.71 feasibleAnts=9 noImprove=20 (elapsed 124.085s)
[ITER 400] bestGlobalCost=520590.28 (feasible=YES) bestThisIter=545878.74 feasibleAnts=10 noImprove=30 (elapsed 127.182s)
[ITER 410] bestGlobalCost=520590.28 (feasible=YES) bestThisIter=534086.97 feasibleAnts=7 noImprove=40 (elapsed 130.396s)
[ITER 420] bestGlobalCost=520590.28 (feasible=YES) bestThisIter=533461.93 feasibleAnts=10 noImprove=50 (elapsed 133.612s)
[RESET] no improvement for50-> reset pheromones
[ITER 430] bestGlobalCost=520590.28 (feasible=YES) bestThisIter=528919.44 feasibleAnts=6 noImprove=10 (elapsed 136.698s)
[ITER 440] bestGlobalCost=520590.28 (feasible=YES) bestThisIter=534333.00 feasibleAnts=13 noImprove=20 (elapsed 139.683s)
[ITER 450] bestGlobalCost=520590.28 (feasible=YES) bestThisIter=532727.83 feasibleAnts=8 noImprove=30 (elapsed 142.721s)
[ITER 460] bestGlobalCost=520590.28 (feasible=YES) bestThisIter=528884.72 feasibleAnts=13 noImprove=40 (elapsed 146.585s)
[ITER 470] bestGlobalCost=520590.28 (feasible=YES) bestThisIter=541838.86 feasibleAnts=11 noImprove=50 (elapsed 150.216s)
[RESET] no improvement for50-> reset pheromones
[ITER 480] bestGlobalCost=520590.28 (feasible=YES) bestThisIter=523528.64 feasibleAnts=6 noImprove=10 (elapsed 153.38s)
[ITER 490] bestGlobalCost=520590.28 (feasible=YES) bestThisIter=522009.33 feasibleAnts=7 noImprove=20 (elapsed 156.315s)
[ITER 500] bestGlobalCost=520590.28 (feasible=YES) bestThisIter=534120.08 feasibleAnts=13 noImprove=30 (elapsed 159.368s)
[ITER 510] bestGlobalCost=520590.28 (feasible=YES) bestThisIter=539182.24 feasibleAnts=8 noImprove=40 (elapsed 162.54s)
[ITER 520] bestGlobalCost=520590.28 (feasible=YES) bestThisIter=555643.83 feasibleAnts=12 noImprove=50 (elapsed 165.842s)
[RESET] no improvement for50-> reset pheromones
[ITER 530] bestGlobalCost=520590.28 (feasible=YES) bestThisIter=524168.90 feasibleAnts=13 noImprove=10 (elapsed 168.986s)
[ITER 540] bestGlobalCost=520590.28 (feasible=YES) bestThisIter=524218.09 feasibleAnts=11 noImprove=20 (elapsed 171.968s)
[ITER 550] bestGlobalCost=520590.28 (feasible=YES) bestThisIter=534829.32 feasibleAnts=13 noImprove=30 (elapsed 175.077s)
[ITER 560] bestGlobalCost=520590.28 (feasible=YES) bestThisIter=534517.57 feasibleAnts=13 noImprove=40 (elapsed 178.338s)
[ITER 570] bestGlobalCost=520590.28 (feasible=YES) bestThisIter=550795.65 feasibleAnts=12 noImprove=50 (elapsed 181.653s)
[RESET] no improvement for50-> reset pheromones
[ITER 580] bestGlobalCost=520590.28 (feasible=YES) bestThisIter=528030.23 feasibleAnts=11 noImprove=10 (elapsed 185.064s)
[ITER 590] bestGlobalCost=520590.28 (feasible=YES) bestThisIter=534882.69 feasibleAnts=8 noImprove=20 (elapsed 188.874s)
[ITER 600] bestGlobalCost=520590.28 (feasible=YES) bestThisIter=532677.63 feasibleAnts=12 noImprove=30 (elapsed 191.92s)
[ITER 610] bestGlobalCost=520590.28 (feasible=YES) bestThisIter=541118.45 feasibleAnts=12 noImprove=40 (elapsed 195.151s)
[ITER 620] bestGlobalCost=520590.28 (feasible=YES) bestThisIter=539966.21 feasibleAnts=14 noImprove=50 (elapsed 198.514s)
[RESET] no improvement for50-> reset pheromones
[ITER 630] bestGlobalCost=520590.28 (feasible=YES) bestThisIter=527563.02 feasibleAnts=10 noImprove=10 (elapsed 201.682s)
[ITER 640] bestGlobalCost=520590.28 (feasible=YES) bestThisIter=534791.12 feasibleAnts=12 noImprove=20 (elapsed 204.766s)
[ITER 650] bestGlobalCost=520590.28 (feasible=YES) bestThisIter=539105.15 feasibleAnts=9 noImprove=30 (elapsed 207.862s)
[ITER 660] bestGlobalCost=520590.28 (feasible=YES) bestThisIter=539418.42 feasibleAnts=11 noImprove=40 (elapsed 211.916s)
[ITER 670] bestGlobalCost=520590.28 (feasible=YES) bestThisIter=543918.20 feasibleAnts=12 noImprove=50 (elapsed 215.283s)
[RESET] no improvement for50-> reset pheromones
[ITER 680] bestGlobalCost=520590.28 (feasible=YES) bestThisIter=529994.49 feasibleAnts=11 noImprove=10 (elapsed 218.325s)
[ITER 690] bestGlobalCost=520590.28 (feasible=YES) bestThisIter=523460.61 feasibleAnts=10 noImprove=20 (elapsed 221.318s)
[ITER 699] New best cost=520586.58 (feasible=YES, time 224.167s)
[ITER 700] bestGlobalCost=520586.58 (feasible=YES) bestThisIter=522509.14 feasibleAnts=11 noImprove=1 (elapsed 224.324s)
[ITER 710] bestGlobalCost=520586.58 (feasible=YES) bestThisIter=536204.15 feasibleAnts=10 noImprove=11 (elapsed 227.231s)
[ITER 720] bestGlobalCost=520586.58 (feasible=YES) bestThisIter=528330.20 feasibleAnts=11 noImprove=21 (elapsed 230.226s)
[ITER 730] bestGlobalCost=520586.58 (feasible=YES) bestThisIter=534692.00 feasibleAnts=11 noImprove=31 (elapsed 233.301s)
[ITER 740] bestGlobalCost=520586.58 (feasible=YES) bestThisIter=547595.97 feasibleAnts=12 noImprove=41 (elapsed 236.462s)
[RESET] no improvement for50-> reset pheromones
[ITER 750] bestGlobalCost=520586.58 (feasible=YES) bestThisIter=596938.81 feasibleAnts=14 noImprove=1 (elapsed 239.788s)
[ITER 760] bestGlobalCost=520586.58 (feasible=YES) bestThisIter=531558.74 feasibleAnts=10 noImprove=11 (elapsed 242.824s)
[ITER 770] bestGlobalCost=520586.58 (feasible=YES) bestThisIter=529246.14 feasibleAnts=10 noImprove=21 (elapsed 245.779s)
[ITER 780] bestGlobalCost=520586.58 (feasible=YES) bestThisIter=537967.73 feasibleAnts=11 noImprove=31 (elapsed 248.772s)
[ITER 790] bestGlobalCost=520586.58 (feasible=YES) bestThisIter=543091.56 feasibleAnts=15 noImprove=41 (elapsed 251.979s)
[RESET] no improvement for50-> reset pheromones
[ITER 800] bestGlobalCost=520586.58 (feasible=YES) bestThisIter=583243.37 feasibleAnts=15 noImprove=1 (elapsed 255.243s)
[ITER 810] bestGlobalCost=520586.58 (feasible=YES) bestThisIter=544351.80 feasibleAnts=8 noImprove=11 (elapsed 258.216s)
[ITER 820] bestGlobalCost=520586.58 (feasible=YES) bestThisIter=532112.56 feasibleAnts=11 noImprove=21 (elapsed 261.168s)
[ITER 830] bestGlobalCost=520586.58 (feasible=YES) bestThisIter=533422.01 feasibleAnts=11 noImprove=31 (elapsed 264.259s)
[ITER 840] bestGlobalCost=520586.58 (feasible=YES) bestThisIter=526718.73 feasibleAnts=8 noImprove=41 (elapsed 268.474s)
[RESET] no improvement for50-> reset pheromones
[ITER 850] bestGlobalCost=520586.58 (feasible=YES) bestThisIter=584199.94 feasibleAnts=14 noImprove=1 (elapsed 271.868s)
[ITER 860] bestGlobalCost=520586.58 (feasible=YES) bestThisIter=535890.07 feasibleAnts=6 noImprove=11 (elapsed 274.84s)
[ITER 870] bestGlobalCost=520586.58 (feasible=YES) bestThisIter=531946.39 feasibleAnts=8 noImprove=21 (elapsed 277.777s)
[ITER 880] bestGlobalCost=520586.58 (feasible=YES) bestThisIter=532652.92 feasibleAnts=10 noImprove=31 (elapsed 280.877s)
[ITER 890] bestGlobalCost=520586.58 (feasible=YES) bestThisIter=550941.30 feasibleAnts=12 noImprove=41 (elapsed 284.088s)
[RESET] no improvement for50-> reset pheromones
[ITER 900] bestGlobalCost=520586.58 (feasible=YES) bestThisIter=568922.52 feasibleAnts=14 noImprove=1 (elapsed 287.519s)
[ITER 910] bestGlobalCost=520586.58 (feasible=YES) bestThisIter=528357.12 feasibleAnts=8 noImprove=11 (elapsed 290.502s)
[ITER 920] bestGlobalCost=520586.58 (feasible=YES) bestThisIter=540792.04 feasibleAnts=11 noImprove=21 (elapsed 293.478s)
[ITER 930] bestGlobalCost=520586.58 (feasible=YES) bestThisIter=542076.30 feasibleAnts=11 noImprove=31 (elapsed 296.843s)
1 40 46 53 85 111 115 117 132 145 147 159 174 
7 9 24 26 32 61 78 82 124 138 172 184 199 
4 12 14 18 29 49 93 101 106 110 121 149 163 
25 39 58 88 90 98 103 114 129 141 143 146 148 171 200 
5 28 34 38 56 71 72 86 105 137 152 178 196 
11 48 52 84 87 96 104 122 126 165 166 170 188 
2 43 91 94 95 113 133 139 176 182 185 195 
21 23 41 70 76 102 140 144 150 154 164 168 173 
16 37 44 51 63 66 116 118 136 153 179 194 
6 8 17 22 50 54 62 75 83 109 130 134 155 157 183 
13 15 27 60 64 65 79 123 128 177 191 193 198 
10 19 33 36 45 57 81 92 97 99 119 175 190 197 
3 59 69 73 74 100 108 131 142 156 180 189 192 
30 35 68 77 80 89 125 151 158 161 167 169 181 187 
20 31 42 47 55 67 107 112 120 127 135 160 162 186 
[SAVELOGS] evolution saved to results/logs/aco_logs/evolution/kroA200_15_4.txt
[SAVELOGS] best cost saved to results/logs/aco_logs/objectives/kroA200_15_4.txt
[SAVELOGS] best solution saved to results/logs/aco_logs/solutions/kroA200_15_4.txt
