[ITER 1] New best cost=563395.84 (feasible=YES, time 0.163492s)
[ITER 2] New best cost=555314.04 (feasible=YES, time 0.250733s)
[ITER 4] New best cost=551909.74 (feasible=YES, time 0.486341s)
[ITER 5] New best cost=551307.82 (feasible=YES, time 0.604956s)
[ITER 6] New best cost=544880.43 (feasible=YES, time 0.7558s)
[ITER 8] New best cost=541386.59 (feasible=YES, time 0.949646s)
[ITER 9] New best cost=541026.02 (feasible=YES, time 1.06602s)
[ITER 10] New best cost=537897.27 (feasible=YES, time 1.16881s)
[ITER 10] bestGlobalCost=537897.27 (feasible=YES) bestThisIter=537897.27 feasibleAnts=10 noImprove=0 (elapsed 1.17272s)
[ITER 12] New best cost=536100.28 (feasible=YES, time 1.38418s)
[ITER 13] New best cost=535712.85 (feasible=YES, time 1.48748s)
[ITER 15] New best cost=534313.99 (feasible=YES, time 2.59779s)
[ITER 17] New best cost=528644.73 (feasible=YES, time 5.90955s)
[ITER 20] bestGlobalCost=528644.73 (feasible=YES) bestThisIter=528644.73 feasibleAnts=10 noImprove=3 (elapsed 6.18732s)
[ITER 30] bestGlobalCost=528644.73 (feasible=YES) bestThisIter=528644.73 feasibleAnts=10 noImprove=13 (elapsed 11.3131s)
[ITER 40] bestGlobalCost=528644.73 (feasible=YES) bestThisIter=545024.28 feasibleAnts=10 noImprove=23 (elapsed 12.755s)
[RESET] no improvement for30-> reset pheromones
[ITER 50] bestGlobalCost=528644.73 (feasible=YES) bestThisIter=574163.70 feasibleAnts=10 noImprove=3 (elapsed 17.8242s)
[ITER 60] bestGlobalCost=528644.73 (feasible=YES) bestThisIter=583642.75 feasibleAnts=10 noImprove=13 (elapsed 23.395s)
[ITER 70] bestGlobalCost=528644.73 (feasible=YES) bestThisIter=556105.91 feasibleAnts=10 noImprove=23 (elapsed 24.8027s)
[RESET] no improvement for30-> reset pheromones
[ITER 80] bestGlobalCost=528644.73 (feasible=YES) bestThisIter=563535.42 feasibleAnts=10 noImprove=3 (elapsed 30.4757s)
[ITER 90] bestGlobalCost=528644.73 (feasible=YES) bestThisIter=552395.33 feasibleAnts=10 noImprove=13 (elapsed 36.295s)
[ITER 100] bestGlobalCost=528644.73 (feasible=YES) bestThisIter=548175.95 feasibleAnts=10 noImprove=23 (elapsed 37.6291s)
[RESET] no improvement for30-> reset pheromones
[ITER 110] bestGlobalCost=528644.73 (feasible=YES) bestThisIter=571048.64 feasibleAnts=10 noImprove=3 (elapsed 43.1572s)
[ITER 120] bestGlobalCost=528644.73 (feasible=YES) bestThisIter=539688.72 feasibleAnts=10 noImprove=13 (elapsed 48.5141s)
[ITER 130] bestGlobalCost=528644.73 (feasible=YES) bestThisIter=551719.09 feasibleAnts=10 noImprove=23 (elapsed 50.201s)
[RESET] no improvement for30-> reset pheromones
[ITER 140] bestGlobalCost=528644.73 (feasible=YES) bestThisIter=571776.89 feasibleAnts=10 noImprove=3 (elapsed 55.4387s)
[ITER 150] bestGlobalCost=528644.73 (feasible=YES) bestThisIter=593553.07 feasibleAnts=10 noImprove=13 (elapsed 61.19s)
94 95 96 97 98 100 121 123 124 
21 22 23 24 25 26 39 40 
33 58 59 60 62 66 74 75 
10 11 12 13 14 15 49 50 51 
19 20 41 42 43 44 45 52 54 
104 105 106 108 109 110 111 112 114 
99 115 116 117 118 119 120 122 
9 16 17 18 46 47 48 53 
36 37 38 55 56 57 61 
67 81 83 84 85 90 91 101 
86 87 88 89 102 103 107 113 
63 64 65 68 69 70 71 72 76 
73 77 78 79 80 82 92 93 
1 2 3 4 5 8 27 32 
6 7 28 29 30 31 34 35 
[SAVELOGS] evolution saved to results/logs/pr124_15_3/evolution/pr124_15_3
[SAVELOGS] best cost saved to results/logs/pr124_15_3/objectives/pr124_15_3
[SAVELOGS] best solution saved to results/logs/pr124_15_3/solutions/pr124_15_3
