[ITER 1] New best cost=568778.62 (feasible=YES, time 0.167166s)
[ITER 2] New best cost=561687.10 (feasible=YES, time 0.276741s)
[ITER 3] New best cost=548424.21 (feasible=YES, time 0.391634s)
[ITER 10] bestGlobalCost=548424.21 (feasible=YES) bestThisIter=557556.67 feasibleAnts=10 noImprove=7 (elapsed 1.51694s)
[ITER 12] New best cost=540846.89 (feasible=YES, time 1.79841s)
[ITER 15] New best cost=531685.74 (feasible=YES, time 3.00651s)
[ITER 20] bestGlobalCost=531685.74 (feasible=YES) bestThisIter=531685.74 feasibleAnts=11 noImprove=5 (elapsed 6.46714s)
[ITER 30] bestGlobalCost=531685.74 (feasible=YES) bestThisIter=554653.80 feasibleAnts=10 noImprove=15 (elapsed 11.8652s)
[ITER 40] bestGlobalCost=531685.74 (feasible=YES) bestThisIter=550120.19 feasibleAnts=10 noImprove=25 (elapsed 13.1873s)
[RESET] no improvement for30-> reset pheromones
[ITER 50] bestGlobalCost=531685.74 (feasible=YES) bestThisIter=580374.57 feasibleAnts=10 noImprove=5 (elapsed 18.5621s)
[ITER 60] bestGlobalCost=531685.74 (feasible=YES) bestThisIter=563289.44 feasibleAnts=10 noImprove=15 (elapsed 23.7754s)
[ITER 70] bestGlobalCost=531685.74 (feasible=YES) bestThisIter=580445.56 feasibleAnts=10 noImprove=25 (elapsed 25.1969s)
[RESET] no improvement for30-> reset pheromones
[ITER 80] bestGlobalCost=531685.74 (feasible=YES) bestThisIter=591244.36 feasibleAnts=10 noImprove=5 (elapsed 30.6054s)
[ITER 90] bestGlobalCost=531685.74 (feasible=YES) bestThisIter=534286.32 feasibleAnts=10 noImprove=15 (elapsed 36.3753s)
[ITER 100] bestGlobalCost=531685.74 (feasible=YES) bestThisIter=547574.76 feasibleAnts=10 noImprove=25 (elapsed 37.5326s)
[RESET] no improvement for30-> reset pheromones
[ITER 110] bestGlobalCost=531685.74 (feasible=YES) bestThisIter=560290.76 feasibleAnts=10 noImprove=5 (elapsed 42.9832s)
[ITER 120] bestGlobalCost=531685.74 (feasible=YES) bestThisIter=555136.21 feasibleAnts=10 noImprove=15 (elapsed 48.8356s)
[ITER 130] bestGlobalCost=531685.74 (feasible=YES) bestThisIter=561490.51 feasibleAnts=10 noImprove=25 (elapsed 50.2504s)
[RESET] no improvement for30-> reset pheromones
[ITER 140] bestGlobalCost=531685.74 (feasible=YES) bestThisIter=581622.63 feasibleAnts=10 noImprove=5 (elapsed 56.4416s)
[ITER 150] bestGlobalCost=531685.74 (feasible=YES) bestThisIter=561889.54 feasibleAnts=10 noImprove=15 (elapsed 62.5941s)
6 7 28 29 30 31 33 34 
104 105 106 108 109 110 111 112 114 
57 58 60 62 66 73 74 75 
97 98 99 100 121 123 124 
10 11 12 13 14 15 49 50 51 
21 22 23 24 25 26 39 40 
19 20 41 42 43 44 45 52 54 
83 115 116 117 118 119 120 122 
9 16 17 18 46 47 48 53 
77 78 79 80 92 93 94 95 96 
63 64 65 68 69 70 71 72 76 
67 81 82 84 91 101 103 
35 36 37 38 55 56 59 61 
85 86 87 88 89 90 102 107 113 
1 2 3 4 5 8 27 32 
[SAVELOGS] evolution saved to results/logs/pr124_15_3/evolution/pr124_15_3
[SAVELOGS] best cost saved to results/logs/pr124_15_3/objectives/pr124_15_3
[SAVELOGS] best solution saved to results/logs/pr124_15_3/solutions/pr124_15_3
