[ITER 1] New best cost=49709.70 (feasible=YES, time 0.368473s)
[ITER 2] New best cost=48242.76 (feasible=YES, time 0.880288s)
[ITER 4] New best cost=47991.76 (feasible=YES, time 1.98916s)
[ITER 5] New best cost=47912.60 (feasible=YES, time 2.66167s)
[ITER 8] New best cost=47520.96 (feasible=YES, time 4.39948s)
[ITER 10] New best cost=46876.84 (feasible=YES, time 7.52669s)
[ITER 10] bestGlobalCost=46876.84 (feasible=YES) bestThisIter=47385.17 feasibleAnts=10 noImprove=0 (elapsed 7.5303s)
[ITER 20] bestGlobalCost=46876.84 (feasible=YES) bestThisIter=47201.38 feasibleAnts=10 noImprove=10 (elapsed 14.0077s)
[ITER 30] bestGlobalCost=46876.84 (feasible=YES) bestThisIter=48051.80 feasibleAnts=10 noImprove=20 (elapsed 21.5163s)
[ITER 40] bestGlobalCost=46876.84 (feasible=YES) bestThisIter=47756.74 feasibleAnts=10 noImprove=30 (elapsed 29.2059s)
[ITER 50] bestGlobalCost=46876.84 (feasible=YES) bestThisIter=48443.20 feasibleAnts=9 noImprove=40 (elapsed 36.4505s)
[ITER 53] New best cost=46869.81 (feasible=YES, time 37.7569s)
[ITER 57] New best cost=46589.18 (feasible=YES, time 39.7393s)
[ITER 59] New best cost=46473.30 (feasible=YES, time 40.6972s)
[ITER 60] New best cost=46236.40 (feasible=YES, time 43.0628s)
[ITER 60] bestGlobalCost=46236.40 (feasible=YES) bestThisIter=46606.27 feasibleAnts=10 noImprove=0 (elapsed 43.0661s)
[ITER 70] bestGlobalCost=46236.40 (feasible=YES) bestThisIter=46668.63 feasibleAnts=10 noImprove=10 (elapsed 49.0379s)
[ITER 80] bestGlobalCost=46236.40 (feasible=YES) bestThisIter=46962.35 feasibleAnts=10 noImprove=20 (elapsed 56.4225s)
[ITER 90] bestGlobalCost=46236.40 (feasible=YES) bestThisIter=46813.11 feasibleAnts=9 noImprove=30 (elapsed 64.4436s)
[ITER 100] bestGlobalCost=46236.40 (feasible=YES) bestThisIter=46759.72 feasibleAnts=9 noImprove=40 (elapsed 71.8897s)
[ITER 110] bestGlobalCost=46236.40 (feasible=YES) bestThisIter=48194.64 feasibleAnts=7 noImprove=50 (elapsed 78.164s)
[RESET] no improvement for50-> reset pheromones
[ITER 120] bestGlobalCost=46236.40 (feasible=YES) bestThisIter=46590.08 feasibleAnts=10 noImprove=10 (elapsed 84.3486s)
[ITER 130] bestGlobalCost=46236.40 (feasible=YES) bestThisIter=46756.98 feasibleAnts=10 noImprove=20 (elapsed 91.8792s)
[ITER 140] bestGlobalCost=46236.40 (feasible=YES) bestThisIter=47597.68 feasibleAnts=9 noImprove=30 (elapsed 99.7031s)
[ITER 150] bestGlobalCost=46236.40 (feasible=YES) bestThisIter=47096.60 feasibleAnts=10 noImprove=40 (elapsed 107.02s)
[ITER 160] bestGlobalCost=46236.40 (feasible=YES) bestThisIter=46711.29 feasibleAnts=6 noImprove=50 (elapsed 112.978s)
[RESET] no improvement for50-> reset pheromones
[ITER 170] bestGlobalCost=46236.40 (feasible=YES) bestThisIter=46619.41 feasibleAnts=10 noImprove=10 (elapsed 119.567s)
[ITER 180] bestGlobalCost=46236.40 (feasible=YES) bestThisIter=47072.16 feasibleAnts=10 noImprove=20 (elapsed 126.158s)
[ITER 190] bestGlobalCost=46236.40 (feasible=YES) bestThisIter=47992.08 feasibleAnts=10 noImprove=30 (elapsed 133.668s)
[ITER 200] bestGlobalCost=46236.40 (feasible=YES) bestThisIter=47790.87 feasibleAnts=8 noImprove=40 (elapsed 140.771s)
[ITER 210] bestGlobalCost=46236.40 (feasible=YES) bestThisIter=47485.55 feasibleAnts=5 noImprove=50 (elapsed 146.692s)
[RESET] no improvement for50-> reset pheromones
[ITER 220] bestGlobalCost=46236.40 (feasible=YES) bestThisIter=46312.15 feasibleAnts=10 noImprove=10 (elapsed 153.378s)
[ITER 230] bestGlobalCost=46236.40 (feasible=YES) bestThisIter=46655.97 feasibleAnts=10 noImprove=20 (elapsed 161.023s)
[ITER 240] bestGlobalCost=46236.40 (feasible=YES) bestThisIter=47042.21 feasibleAnts=10 noImprove=30 (elapsed 167.747s)
[ITER 250] bestGlobalCost=46236.40 (feasible=YES) bestThisIter=46881.31 feasibleAnts=9 noImprove=40 (elapsed 174.658s)
[ITER 260] bestGlobalCost=46236.40 (feasible=YES) bestThisIter=48722.14 feasibleAnts=7 noImprove=50 (elapsed 180.995s)
[RESET] no improvement for50-> reset pheromones
[ITER 270] bestGlobalCost=46236.40 (feasible=YES) bestThisIter=46593.50 feasibleAnts=10 noImprove=10 (elapsed 187.617s)
[ITER 280] bestGlobalCost=46236.40 (feasible=YES) bestThisIter=47204.61 feasibleAnts=10 noImprove=20 (elapsed 194.997s)
[ITER 290] bestGlobalCost=46236.40 (feasible=YES) bestThisIter=47840.48 feasibleAnts=10 noImprove=30 (elapsed 203.321s)
[ITER 300] bestGlobalCost=46236.40 (feasible=YES) bestThisIter=47700.90 feasibleAnts=7 noImprove=40 (elapsed 210.381s)
[ITER 310] bestGlobalCost=46236.40 (feasible=YES) bestThisIter=47075.65 feasibleAnts=8 noImprove=50 (elapsed 216.412s)
[RESET] no improvement for50-> reset pheromones
[ITER 320] bestGlobalCost=46236.40 (feasible=YES) bestThisIter=46447.45 feasibleAnts=10 noImprove=10 (elapsed 222.463s)
[ITER 330] bestGlobalCost=46236.40 (feasible=YES) bestThisIter=46680.90 feasibleAnts=10 noImprove=20 (elapsed 230.094s)
[ITER 340] bestGlobalCost=46236.40 (feasible=YES) bestThisIter=47824.90 feasibleAnts=10 noImprove=30 (elapsed 237.786s)
[ITER 350] bestGlobalCost=46236.40 (feasible=YES) bestThisIter=48354.38 feasibleAnts=8 noImprove=40 (elapsed 244.802s)
[ITER 360] bestGlobalCost=46236.40 (feasible=YES) bestThisIter=48185.15 feasibleAnts=4 noImprove=50 (elapsed 250.664s)
[RESET] no improvement for50-> reset pheromones
[ITER 370] bestGlobalCost=46236.40 (feasible=YES) bestThisIter=46529.78 feasibleAnts=10 noImprove=10 (elapsed 257.566s)
[ITER 380] bestGlobalCost=46236.40 (feasible=YES) bestThisIter=46901.53 feasibleAnts=10 noImprove=20 (elapsed 265.274s)
[ITER 390] bestGlobalCost=46236.40 (feasible=YES) bestThisIter=47609.67 feasibleAnts=9 noImprove=30 (elapsed 272.762s)
[ITER 400] bestGlobalCost=46236.40 (feasible=YES) bestThisIter=47258.85 feasibleAnts=8 noImprove=40 (elapsed 279.929s)
[ITER 410] bestGlobalCost=46236.40 (feasible=YES) bestThisIter=48028.60 feasibleAnts=6 noImprove=50 (elapsed 286.449s)
[RESET] no improvement for50-> reset pheromones
[ITER 420] bestGlobalCost=46236.40 (feasible=YES) bestThisIter=46883.65 feasibleAnts=10 noImprove=10 (elapsed 293.135s)
[ITER 430] bestGlobalCost=46236.40 (feasible=YES) bestThisIter=46691.76 feasibleAnts=10 noImprove=20 (elapsed 300.474s)
82 83 84 85 86 87 89 91 92 99 210 
24 25 26 32 33 34 35 36 37 204 208 
65 66 67 68 69 101 102 103 104 106 220 
147 148 149 150 151 152 153 154 166 167 168 212 214 
52 53 54 57 70 71 72 73 74 75 76 100 
28 29 30 31 77 78 202 206 216 217 219 
27 47 50 133 187 188 189 190 199 205 225 
8 9 10 11 12 38 39 40 41 42 44 
63 112 113 114 115 116 117 118 119 186 223 
45 46 48 191 192 193 194 195 196 218 224 
2 49 51 55 56 58 59 60 61 62 64 207 
128 129 130 131 132 135 164 165 211 213 215 222 
13 14 15 16 17 18 19 20 21 22 23 203 
79 80 81 93 94 95 96 97 98 209 221 
134 136 137 138 139 140 158 159 162 163 183 
172 173 174 176 177 178 179 180 181 182 184 
141 142 143 144 145 146 155 156 157 160 161 201 
88 90 105 107 108 109 110 125 126 127 
111 120 121 122 123 124 169 170 171 175 185 
1 3 4 5 6 7 43 197 198 200 
[SAVELOGS] evolution saved to results/logs/aco_logs/evolution/tsp225_20_2.txt
[SAVELOGS] best cost saved to results/logs/aco_logs/objectives/tsp225_20_2.txt
[SAVELOGS] best solution saved to results/logs/aco_logs/solutions/tsp225_20_2.txt
