[ITER 1] New best cost=49346.63 (feasible=YES, time 0.700125s)
[ITER 2] New best cost=47993.24 (feasible=YES, time 1.28517s)
[ITER 3] New best cost=47768.34 (feasible=YES, time 1.79963s)
[ITER 4] New best cost=47129.91 (feasible=YES, time 2.33826s)
[ITER 5] New best cost=47062.70 (feasible=YES, time 2.85607s)
[ITER 6] New best cost=46984.38 (feasible=YES, time 3.31161s)
[ITER 7] New best cost=46581.30 (feasible=YES, time 3.90416s)
[ITER 9] New best cost=46578.04 (feasible=YES, time 5.09386s)
[ITER 10] bestGlobalCost=46578.04 (feasible=YES) bestThisIter=46598.61 feasibleAnts=10 noImprove=1 (elapsed 7.61642s)
[ITER 14] New best cost=46500.95 (feasible=YES, time 10.0724s)
[ITER 15] New best cost=46208.30 (feasible=YES, time 10.6303s)
[ITER 20] bestGlobalCost=46208.30 (feasible=YES) bestThisIter=46537.86 feasibleAnts=14 noImprove=5 (elapsed 15.7576s)
[ITER 23] New best cost=46150.40 (feasible=YES, time 17.4764s)
[ITER 30] bestGlobalCost=46150.40 (feasible=YES) bestThisIter=46208.30 feasibleAnts=10 noImprove=7 (elapsed 23.6855s)
[ITER 33] New best cost=46137.97 (feasible=YES, time 25.5247s)
[ITER 40] bestGlobalCost=46137.97 (feasible=YES) bestThisIter=46170.45 feasibleAnts=10 noImprove=7 (elapsed 31.5646s)
[ITER 47] New best cost=46079.69 (feasible=YES, time 35.1722s)
[ITER 50] bestGlobalCost=46079.69 (feasible=YES) bestThisIter=46137.97 feasibleAnts=11 noImprove=3 (elapsed 38.5401s)
[ITER 60] bestGlobalCost=46079.69 (feasible=YES) bestThisIter=46400.10 feasibleAnts=10 noImprove=13 (elapsed 46.0697s)
[ITER 70] bestGlobalCost=46079.69 (feasible=YES) bestThisIter=46297.78 feasibleAnts=10 noImprove=23 (elapsed 54.0013s)
[ITER 80] bestGlobalCost=46079.69 (feasible=YES) bestThisIter=47414.17 feasibleAnts=7 noImprove=33 (elapsed 61.4673s)
[ITER 90] bestGlobalCost=46079.69 (feasible=YES) bestThisIter=47702.78 feasibleAnts=8 noImprove=43 (elapsed 67.7461s)
[RESET] no improvement for50-> reset pheromones
[ITER 100] bestGlobalCost=46079.69 (feasible=YES) bestThisIter=46358.55 feasibleAnts=10 noImprove=3 (elapsed 74.7009s)
[ITER 110] bestGlobalCost=46079.69 (feasible=YES) bestThisIter=46805.06 feasibleAnts=10 noImprove=13 (elapsed 81.7105s)
[ITER 120] bestGlobalCost=46079.69 (feasible=YES) bestThisIter=46652.02 feasibleAnts=10 noImprove=23 (elapsed 89.545s)
[ITER 130] bestGlobalCost=46079.69 (feasible=YES) bestThisIter=46382.76 feasibleAnts=10 noImprove=33 (elapsed 96.8511s)
[ITER 140] bestGlobalCost=46079.69 (feasible=YES) bestThisIter=47262.70 feasibleAnts=10 noImprove=43 (elapsed 103.194s)
[RESET] no improvement for50-> reset pheromones
[ITER 150] bestGlobalCost=46079.69 (feasible=YES) bestThisIter=46327.41 feasibleAnts=10 noImprove=3 (elapsed 109.913s)
[ITER 160] bestGlobalCost=46079.69 (feasible=YES) bestThisIter=46298.69 feasibleAnts=10 noImprove=13 (elapsed 117.235s)
[ITER 170] bestGlobalCost=46079.69 (feasible=YES) bestThisIter=46536.62 feasibleAnts=8 noImprove=23 (elapsed 125.052s)
[ITER 180] bestGlobalCost=46079.69 (feasible=YES) bestThisIter=46744.21 feasibleAnts=9 noImprove=33 (elapsed 133.148s)
[ITER 190] bestGlobalCost=46079.69 (feasible=YES) bestThisIter=47926.58 feasibleAnts=5 noImprove=43 (elapsed 139.477s)
[RESET] no improvement for50-> reset pheromones
[ITER 200] bestGlobalCost=46079.69 (feasible=YES) bestThisIter=46344.33 feasibleAnts=10 noImprove=3 (elapsed 145.196s)
[ITER 210] bestGlobalCost=46079.69 (feasible=YES) bestThisIter=46434.29 feasibleAnts=10 noImprove=13 (elapsed 152.008s)
[ITER 220] bestGlobalCost=46079.69 (feasible=YES) bestThisIter=47185.87 feasibleAnts=10 noImprove=23 (elapsed 159.764s)
[ITER 230] bestGlobalCost=46079.69 (feasible=YES) bestThisIter=46947.93 feasibleAnts=10 noImprove=33 (elapsed 167.325s)
[ITER 240] bestGlobalCost=46079.69 (feasible=YES) bestThisIter=47592.97 feasibleAnts=8 noImprove=43 (elapsed 174.949s)
[RESET] no improvement for50-> reset pheromones
[ITER 250] bestGlobalCost=46079.69 (feasible=YES) bestThisIter=46294.16 feasibleAnts=10 noImprove=3 (elapsed 181.758s)
[ITER 260] bestGlobalCost=46079.69 (feasible=YES) bestThisIter=46344.33 feasibleAnts=10 noImprove=13 (elapsed 189.148s)
[ITER 270] bestGlobalCost=46079.69 (feasible=YES) bestThisIter=46739.93 feasibleAnts=10 noImprove=23 (elapsed 197.273s)
[ITER 280] bestGlobalCost=46079.69 (feasible=YES) bestThisIter=47397.78 feasibleAnts=9 noImprove=33 (elapsed 204.883s)
[ITER 290] bestGlobalCost=46079.69 (feasible=YES) bestThisIter=48039.75 feasibleAnts=9 noImprove=43 (elapsed 211.538s)
[RESET] no improvement for50-> reset pheromones
[ITER 300] bestGlobalCost=46079.69 (feasible=YES) bestThisIter=46308.36 feasibleAnts=10 noImprove=3 (elapsed 217.888s)
[ITER 310] bestGlobalCost=46079.69 (feasible=YES) bestThisIter=46554.63 feasibleAnts=10 noImprove=13 (elapsed 225.118s)
[ITER 320] bestGlobalCost=46079.69 (feasible=YES) bestThisIter=47333.55 feasibleAnts=9 noImprove=23 (elapsed 232.635s)
[ITER 330] bestGlobalCost=46079.69 (feasible=YES) bestThisIter=47444.26 feasibleAnts=9 noImprove=33 (elapsed 240.11s)
[ITER 340] bestGlobalCost=46079.69 (feasible=YES) bestThisIter=47950.83 feasibleAnts=6 noImprove=43 (elapsed 246.324s)
[RESET] no improvement for50-> reset pheromones
[ITER 350] bestGlobalCost=46079.69 (feasible=YES) bestThisIter=46609.97 feasibleAnts=11 noImprove=3 (elapsed 252.62s)
[ITER 360] bestGlobalCost=46079.69 (feasible=YES) bestThisIter=46177.14 feasibleAnts=9 noImprove=13 (elapsed 259.963s)
[ITER 370] bestGlobalCost=46079.69 (feasible=YES) bestThisIter=46353.62 feasibleAnts=10 noImprove=23 (elapsed 267.322s)
[ITER 380] bestGlobalCost=46079.69 (feasible=YES) bestThisIter=47667.67 feasibleAnts=9 noImprove=33 (elapsed 275.617s)
[ITER 390] bestGlobalCost=46079.69 (feasible=YES) bestThisIter=46622.61 feasibleAnts=7 noImprove=43 (elapsed 283.306s)
[RESET] no improvement for50-> reset pheromones
[ITER 400] bestGlobalCost=46079.69 (feasible=YES) bestThisIter=46400.96 feasibleAnts=10 noImprove=3 (elapsed 290.317s)
[ITER 410] bestGlobalCost=46079.69 (feasible=YES) bestThisIter=46582.49 feasibleAnts=10 noImprove=13 (elapsed 297.67s)
8 9 10 11 12 38 39 40 41 42 44 
86 126 127 128 129 130 131 132 164 165 211 222 
113 114 115 117 118 119 120 121 175 185 186 223 
49 50 51 133 187 189 190 199 205 225 
136 138 139 140 141 142 144 157 159 160 201 
68 69 88 89 90 102 103 104 105 220 
64 65 66 67 106 107 108 109 110 111 112 
24 25 26 32 33 34 35 36 37 204 208 
13 14 15 16 17 18 19 20 21 22 23 203 
1 3 4 5 6 7 43 197 198 200 
52 53 54 55 56 57 70 71 72 73 74 75 76 
82 83 84 85 87 91 92 93 94 101 210 
2 27 47 58 59 60 61 62 63 116 188 207 
45 46 48 191 192 193 194 195 196 218 224 
122 123 124 125 149 150 168 169 170 171 212 214 
79 80 81 95 96 97 98 99 100 209 221 
172 173 174 176 177 178 179 180 181 182 184 
134 135 137 158 161 162 163 166 183 213 215 
143 145 146 147 148 151 152 153 154 155 156 167 
28 29 30 31 77 78 202 206 216 217 219 
[SAVELOGS] evolution saved to results/logs/aco_logs/evolution/tsp225_20_2.txt
[SAVELOGS] best cost saved to results/logs/aco_logs/objectives/tsp225_20_2.txt
[SAVELOGS] best solution saved to results/logs/aco_logs/solutions/tsp225_20_2.txt
