[ITER 1] New best cost=49559.19 (feasible=YES, time 0.566116s)
[ITER 2] New best cost=47956.67 (feasible=YES, time 0.993832s)
[ITER 3] New best cost=47891.49 (feasible=YES, time 1.40517s)
[ITER 4] New best cost=47765.61 (feasible=YES, time 1.82973s)
[ITER 5] New best cost=47711.14 (feasible=YES, time 2.24843s)
[ITER 6] New best cost=47480.62 (feasible=YES, time 2.53416s)
[ITER 10] bestGlobalCost=47480.62 (feasible=YES) bestThisIter=47718.81 feasibleAnts=16 noImprove=4 (elapsed 6.16943s)
[ITER 13] New best cost=47444.21 (feasible=YES, time 7.16424s)
[ITER 19] New best cost=47246.54 (feasible=YES, time 9.37704s)
[ITER 20] bestGlobalCost=47246.54 (feasible=YES) bestThisIter=47295.62 feasibleAnts=12 noImprove=1 (elapsed 11.3394s)
[ITER 23] New best cost=47145.67 (feasible=YES, time 12.3744s)
[ITER 27] New best cost=47101.18 (feasible=YES, time 13.8599s)
[ITER 30] bestGlobalCost=47101.18 (feasible=YES) bestThisIter=47145.67 feasibleAnts=10 noImprove=3 (elapsed 17.021s)
[ITER 37] New best cost=46818.64 (feasible=YES, time 19.6728s)
[ITER 40] bestGlobalCost=46818.64 (feasible=YES) bestThisIter=46856.16 feasibleAnts=13 noImprove=3 (elapsed 22.8117s)
[ITER 50] bestGlobalCost=46818.64 (feasible=YES) bestThisIter=46909.25 feasibleAnts=10 noImprove=13 (elapsed 29.6116s)
[ITER 60] bestGlobalCost=46818.64 (feasible=YES) bestThisIter=47554.47 feasibleAnts=10 noImprove=23 (elapsed 37.0074s)
[ITER 67] New best cost=46757.50 (feasible=YES, time 40.4698s)
[ITER 70] bestGlobalCost=46757.50 (feasible=YES) bestThisIter=46818.64 feasibleAnts=11 noImprove=3 (elapsed 43.5744s)
[ITER 74] New best cost=46651.81 (feasible=YES, time 45.4342s)
[ITER 79] New best cost=46599.90 (feasible=YES, time 47.6861s)
[ITER 80] bestGlobalCost=46599.90 (feasible=YES) bestThisIter=46651.81 feasibleAnts=17 noImprove=1 (elapsed 49.8449s)
[ITER 85] New best cost=46474.57 (feasible=YES, time 51.9442s)
[ITER 90] bestGlobalCost=46474.57 (feasible=YES) bestThisIter=46799.57 feasibleAnts=18 noImprove=5 (elapsed 55.67s)
[ITER 100] bestGlobalCost=46474.57 (feasible=YES) bestThisIter=46529.43 feasibleAnts=10 noImprove=15 (elapsed 62.2261s)
[ITER 110] bestGlobalCost=46474.57 (feasible=YES) bestThisIter=46754.91 feasibleAnts=9 noImprove=25 (elapsed 69.713s)
[ITER 120] bestGlobalCost=46474.57 (feasible=YES) bestThisIter=47063.85 feasibleAnts=10 noImprove=35 (elapsed 77.5289s)
[ITER 130] bestGlobalCost=46474.57 (feasible=YES) bestThisIter=48217.04 feasibleAnts=4 noImprove=45 (elapsed 84.6574s)
[RESET] no improvement for50-> reset pheromones
[ITER 137] New best cost=46451.94 (feasible=YES, time 88.0312s)
[ITER 138] New best cost=46388.18 (feasible=YES, time 88.4021s)
[ITER 140] bestGlobalCost=46388.18 (feasible=YES) bestThisIter=46591.03 feasibleAnts=12 noImprove=2 (elapsed 91.4933s)
[ITER 150] bestGlobalCost=46388.18 (feasible=YES) bestThisIter=46413.84 feasibleAnts=10 noImprove=12 (elapsed 98.4213s)
[ITER 160] bestGlobalCost=46388.18 (feasible=YES) bestThisIter=47606.26 feasibleAnts=9 noImprove=22 (elapsed 105.554s)
[ITER 169] New best cost=46356.76 (feasible=YES, time 110.437s)
[ITER 170] bestGlobalCost=46356.76 (feasible=YES) bestThisIter=46388.18 feasibleAnts=14 noImprove=1 (elapsed 112.759s)
[ITER 175] New best cost=46280.15 (feasible=YES, time 115.077s)
[ITER 180] bestGlobalCost=46280.15 (feasible=YES) bestThisIter=46622.44 feasibleAnts=16 noImprove=5 (elapsed 118.866s)
[ITER 190] bestGlobalCost=46280.15 (feasible=YES) bestThisIter=46636.86 feasibleAnts=10 noImprove=15 (elapsed 125.545s)
[ITER 200] bestGlobalCost=46280.15 (feasible=YES) bestThisIter=46439.29 feasibleAnts=10 noImprove=25 (elapsed 132.874s)
[ITER 210] bestGlobalCost=46280.15 (feasible=YES) bestThisIter=47042.87 feasibleAnts=9 noImprove=35 (elapsed 140.237s)
[ITER 220] bestGlobalCost=46280.15 (feasible=YES) bestThisIter=47315.92 feasibleAnts=6 noImprove=45 (elapsed 146.845s)
[RESET] no improvement for50-> reset pheromones
[ITER 230] bestGlobalCost=46280.15 (feasible=YES) bestThisIter=46790.33 feasibleAnts=10 noImprove=5 (elapsed 153.292s)
[ITER 240] bestGlobalCost=46280.15 (feasible=YES) bestThisIter=46873.48 feasibleAnts=10 noImprove=15 (elapsed 159.858s)
[ITER 250] bestGlobalCost=46280.15 (feasible=YES) bestThisIter=46542.61 feasibleAnts=10 noImprove=25 (elapsed 167.043s)
[ITER 260] bestGlobalCost=46280.15 (feasible=YES) bestThisIter=47715.39 feasibleAnts=9 noImprove=35 (elapsed 174.468s)
[ITER 270] bestGlobalCost=46280.15 (feasible=YES) bestThisIter=47336.90 feasibleAnts=7 noImprove=45 (elapsed 181.505s)
[RESET] no improvement for50-> reset pheromones
[ITER 280] bestGlobalCost=46280.15 (feasible=YES) bestThisIter=46997.05 feasibleAnts=14 noImprove=5 (elapsed 188.171s)
[ITER 290] bestGlobalCost=46280.15 (feasible=YES) bestThisIter=46522.65 feasibleAnts=10 noImprove=15 (elapsed 194.959s)
[ITER 300] bestGlobalCost=46280.15 (feasible=YES) bestThisIter=47002.07 feasibleAnts=10 noImprove=25 (elapsed 202.44s)
[ITER 310] bestGlobalCost=46280.15 (feasible=YES) bestThisIter=47193.63 feasibleAnts=9 noImprove=35 (elapsed 209.414s)
[ITER 320] bestGlobalCost=46280.15 (feasible=YES) bestThisIter=47529.54 feasibleAnts=6 noImprove=45 (elapsed 215.596s)
[RESET] no improvement for50-> reset pheromones
[ITER 330] bestGlobalCost=46280.15 (feasible=YES) bestThisIter=46387.77 feasibleAnts=12 noImprove=5 (elapsed 222.17s)
[ITER 340] bestGlobalCost=46280.15 (feasible=YES) bestThisIter=46938.32 feasibleAnts=10 noImprove=15 (elapsed 228.788s)
[ITER 350] bestGlobalCost=46280.15 (feasible=YES) bestThisIter=47475.64 feasibleAnts=10 noImprove=25 (elapsed 236.113s)
[ITER 360] bestGlobalCost=46280.15 (feasible=YES) bestThisIter=47141.69 feasibleAnts=10 noImprove=35 (elapsed 242.994s)
[ITER 370] bestGlobalCost=46280.15 (feasible=YES) bestThisIter=48346.58 feasibleAnts=9 noImprove=45 (elapsed 249.611s)
[RESET] no improvement for50-> reset pheromones
[ITER 380] bestGlobalCost=46280.15 (feasible=YES) bestThisIter=46572.78 feasibleAnts=11 noImprove=5 (elapsed 255.22s)
[ITER 390] bestGlobalCost=46280.15 (feasible=YES) bestThisIter=46601.20 feasibleAnts=10 noImprove=15 (elapsed 261.314s)
[ITER 400] bestGlobalCost=46280.15 (feasible=YES) bestThisIter=47000.31 feasibleAnts=8 noImprove=25 (elapsed 268.41s)
[ITER 410] bestGlobalCost=46280.15 (feasible=YES) bestThisIter=47427.24 feasibleAnts=7 noImprove=35 (elapsed 275.298s)
[ITER 420] bestGlobalCost=46280.15 (feasible=YES) bestThisIter=47471.61 feasibleAnts=7 noImprove=45 (elapsed 281.064s)
[RESET] no improvement for50-> reset pheromones
[ITER 430] bestGlobalCost=46280.15 (feasible=YES) bestThisIter=46358.70 feasibleAnts=15 noImprove=5 (elapsed 287.38s)
[ITER 440] bestGlobalCost=46280.15 (feasible=YES) bestThisIter=46570.35 feasibleAnts=10 noImprove=15 (elapsed 293.077s)
[ITER 450] bestGlobalCost=46280.15 (feasible=YES) bestThisIter=46747.73 feasibleAnts=10 noImprove=25 (elapsed 300.82s)
172 173 174 176 177 178 179 180 181 182 184 
24 25 26 28 32 33 34 35 36 204 208 
12 14 15 16 17 18 19 20 21 22 23 203 
1 3 4 5 6 7 42 43 197 198 200 
134 136 137 138 139 140 158 159 162 163 183 
125 147 148 149 150 151 152 153 154 168 212 214 
88 89 90 91 99 100 101 102 103 105 
51 57 58 59 60 61 62 63 64 116 207 
2 49 133 188 189 190 191 192 199 205 225 
141 142 143 144 145 146 155 156 157 160 161 201 
65 66 67 68 104 106 107 108 109 110 220 
111 120 121 122 123 124 169 170 171 175 185 
44 45 46 48 50 193 194 195 196 218 224 
80 81 83 93 94 95 96 97 98 209 221 
52 53 54 55 56 69 70 71 72 73 74 75 76 
127 128 129 132 135 164 165 166 167 213 215 222 
29 30 31 77 78 79 202 206 216 217 219 
82 84 85 86 87 92 126 130 131 210 211 
27 47 112 113 114 115 117 118 119 186 187 223 
8 9 10 11 13 37 38 39 40 41 
[SAVELOGS] evolution saved to results/logs/aco_logs/evolution/tsp225_20_2.txt
[SAVELOGS] best cost saved to results/logs/aco_logs/objectives/tsp225_20_2.txt
[SAVELOGS] best solution saved to results/logs/aco_logs/solutions/tsp225_20_2.txt
