[ITER 1] New best cost=48811.94 (feasible=YES, time 0.669881s)
[ITER 2] New best cost=47878.18 (feasible=YES, time 1.36137s)
[ITER 3] New best cost=47805.19 (feasible=YES, time 1.89487s)
[ITER 4] New best cost=47787.91 (feasible=YES, time 2.58922s)
[ITER 6] New best cost=47724.19 (feasible=YES, time 3.95343s)
[ITER 8] New best cost=47566.59 (feasible=YES, time 4.85864s)
[ITER 9] New best cost=47402.75 (feasible=YES, time 5.78648s)
[ITER 10] New best cost=47283.68 (feasible=YES, time 8.1232s)
[ITER 10] bestGlobalCost=47283.68 (feasible=YES) bestThisIter=47405.25 feasibleAnts=10 noImprove=0 (elapsed 8.12615s)
[ITER 12] New best cost=47173.80 (feasible=YES, time 9.07176s)
[ITER 13] New best cost=46946.04 (feasible=YES, time 9.58205s)
[ITER 20] New best cost=46867.47 (feasible=YES, time 15.7014s)
[ITER 20] bestGlobalCost=46867.47 (feasible=YES) bestThisIter=46946.04 feasibleAnts=10 noImprove=0 (elapsed 15.7046s)
[ITER 22] New best cost=46707.50 (feasible=YES, time 16.6213s)
[ITER 24] New best cost=46554.20 (feasible=YES, time 17.6152s)
[ITER 26] New best cost=46519.85 (feasible=YES, time 18.5725s)
[ITER 27] New best cost=46438.58 (feasible=YES, time 19.0181s)
[ITER 28] New best cost=46327.29 (feasible=YES, time 19.5252s)
[ITER 30] bestGlobalCost=46327.29 (feasible=YES) bestThisIter=46554.20 feasibleAnts=10 noImprove=2 (elapsed 22.3524s)
[ITER 37] New best cost=46228.85 (feasible=YES, time 25.9612s)
[ITER 40] bestGlobalCost=46228.85 (feasible=YES) bestThisIter=46737.32 feasibleAnts=10 noImprove=3 (elapsed 28.7786s)
[ITER 50] bestGlobalCost=46228.85 (feasible=YES) bestThisIter=46608.71 feasibleAnts=10 noImprove=13 (elapsed 34.6695s)
[ITER 60] bestGlobalCost=46228.85 (feasible=YES) bestThisIter=47072.45 feasibleAnts=10 noImprove=23 (elapsed 41.4442s)
[ITER 70] bestGlobalCost=46228.85 (feasible=YES) bestThisIter=47545.50 feasibleAnts=9 noImprove=33 (elapsed 48.8481s)
[ITER 80] bestGlobalCost=46228.85 (feasible=YES) bestThisIter=47127.42 feasibleAnts=7 noImprove=43 (elapsed 55.5874s)
[RESET] no improvement for50-> reset pheromones
[ITER 90] bestGlobalCost=46228.85 (feasible=YES) bestThisIter=46499.40 feasibleAnts=10 noImprove=3 (elapsed 61.2736s)
[ITER 100] bestGlobalCost=46228.85 (feasible=YES) bestThisIter=46427.83 feasibleAnts=10 noImprove=13 (elapsed 67.9437s)
[ITER 110] bestGlobalCost=46228.85 (feasible=YES) bestThisIter=47535.19 feasibleAnts=10 noImprove=23 (elapsed 75.2046s)
[ITER 120] bestGlobalCost=46228.85 (feasible=YES) bestThisIter=47784.08 feasibleAnts=9 noImprove=33 (elapsed 82.3083s)
[ITER 130] bestGlobalCost=46228.85 (feasible=YES) bestThisIter=47901.90 feasibleAnts=7 noImprove=43 (elapsed 88.9695s)
[RESET] no improvement for50-> reset pheromones
[ITER 140] bestGlobalCost=46228.85 (feasible=YES) bestThisIter=46970.55 feasibleAnts=10 noImprove=3 (elapsed 94.7927s)
[ITER 150] bestGlobalCost=46228.85 (feasible=YES) bestThisIter=46461.33 feasibleAnts=12 noImprove=13 (elapsed 101.331s)
[ITER 160] bestGlobalCost=46228.85 (feasible=YES) bestThisIter=46341.74 feasibleAnts=9 noImprove=23 (elapsed 107.827s)
[ITER 170] bestGlobalCost=46228.85 (feasible=YES) bestThisIter=47159.40 feasibleAnts=8 noImprove=33 (elapsed 114.747s)
[ITER 180] bestGlobalCost=46228.85 (feasible=YES) bestThisIter=47503.16 feasibleAnts=8 noImprove=43 (elapsed 121.348s)
[RESET] no improvement for50-> reset pheromones
[ITER 190] bestGlobalCost=46228.85 (feasible=YES) bestThisIter=46405.68 feasibleAnts=10 noImprove=3 (elapsed 128.173s)
[ITER 200] bestGlobalCost=46228.85 (feasible=YES) bestThisIter=47030.17 feasibleAnts=10 noImprove=13 (elapsed 134.1s)
[ITER 210] bestGlobalCost=46228.85 (feasible=YES) bestThisIter=46759.89 feasibleAnts=10 noImprove=23 (elapsed 141.352s)
[ITER 220] bestGlobalCost=46228.85 (feasible=YES) bestThisIter=47015.64 feasibleAnts=9 noImprove=33 (elapsed 148.514s)
[ITER 230] bestGlobalCost=46228.85 (feasible=YES) bestThisIter=47705.19 feasibleAnts=6 noImprove=43 (elapsed 155.143s)
[RESET] no improvement for50-> reset pheromones
[ITER 240] bestGlobalCost=46228.85 (feasible=YES) bestThisIter=46331.01 feasibleAnts=10 noImprove=3 (elapsed 161.569s)
[ITER 250] bestGlobalCost=46228.85 (feasible=YES) bestThisIter=46678.05 feasibleAnts=10 noImprove=13 (elapsed 167.066s)
[ITER 260] bestGlobalCost=46228.85 (feasible=YES) bestThisIter=46766.50 feasibleAnts=10 noImprove=23 (elapsed 174.228s)
[ITER 270] bestGlobalCost=46228.85 (feasible=YES) bestThisIter=47166.53 feasibleAnts=10 noImprove=33 (elapsed 181.332s)
[ITER 280] bestGlobalCost=46228.85 (feasible=YES) bestThisIter=46845.44 feasibleAnts=8 noImprove=43 (elapsed 187.807s)
[RESET] no improvement for50-> reset pheromones
[ITER 290] bestGlobalCost=46228.85 (feasible=YES) bestThisIter=46333.17 feasibleAnts=10 noImprove=3 (elapsed 194.051s)
[ITER 295] New best cost=46165.84 (feasible=YES, time 196.186s)
[ITER 300] bestGlobalCost=46165.84 (feasible=YES) bestThisIter=46342.67 feasibleAnts=22 noImprove=5 (elapsed 200.166s)
[ITER 310] bestGlobalCost=46165.84 (feasible=YES) bestThisIter=46333.21 feasibleAnts=10 noImprove=15 (elapsed 206.3s)
[ITER 320] bestGlobalCost=46165.84 (feasible=YES) bestThisIter=47074.24 feasibleAnts=10 noImprove=25 (elapsed 213.198s)
[ITER 330] bestGlobalCost=46165.84 (feasible=YES) bestThisIter=47303.15 feasibleAnts=9 noImprove=35 (elapsed 220.618s)
[ITER 340] bestGlobalCost=46165.84 (feasible=YES) bestThisIter=47773.47 feasibleAnts=7 noImprove=45 (elapsed 226.857s)
[RESET] no improvement for50-> reset pheromones
[ITER 350] bestGlobalCost=46165.84 (feasible=YES) bestThisIter=46304.38 feasibleAnts=11 noImprove=5 (elapsed 232.569s)
[ITER 360] bestGlobalCost=46165.84 (feasible=YES) bestThisIter=46342.67 feasibleAnts=10 noImprove=15 (elapsed 239.16s)
[ITER 370] bestGlobalCost=46165.84 (feasible=YES) bestThisIter=46451.85 feasibleAnts=10 noImprove=25 (elapsed 246.841s)
[ITER 380] bestGlobalCost=46165.84 (feasible=YES) bestThisIter=47264.61 feasibleAnts=6 noImprove=35 (elapsed 253.554s)
[ITER 390] bestGlobalCost=46165.84 (feasible=YES) bestThisIter=47272.66 feasibleAnts=6 noImprove=45 (elapsed 259.82s)
[RESET] no improvement for50-> reset pheromones
[ITER 400] bestGlobalCost=46165.84 (feasible=YES) bestThisIter=46665.61 feasibleAnts=13 noImprove=5 (elapsed 265.763s)
[ITER 410] bestGlobalCost=46165.84 (feasible=YES) bestThisIter=46631.23 feasibleAnts=10 noImprove=15 (elapsed 272.108s)
[ITER 420] bestGlobalCost=46165.84 (feasible=YES) bestThisIter=47380.46 feasibleAnts=9 noImprove=25 (elapsed 279.486s)
[ITER 430] bestGlobalCost=46165.84 (feasible=YES) bestThisIter=46610.63 feasibleAnts=7 noImprove=35 (elapsed 286.705s)
[ITER 440] bestGlobalCost=46165.84 (feasible=YES) bestThisIter=47698.69 feasibleAnts=5 noImprove=45 (elapsed 293.29s)
[RESET] no improvement for50-> reset pheromones
[ITER 450] bestGlobalCost=46165.84 (feasible=YES) bestThisIter=46954.83 feasibleAnts=11 noImprove=5 (elapsed 299.391s)
41 42 44 45 46 48 192 193 194 195 196 218 
87 88 89 90 91 103 105 106 107 126 220 
170 173 174 176 177 178 179 180 181 182 
31 74 75 76 77 78 98 206 216 217 219 
24 25 26 28 29 30 33 34 35 202 204 208 
141 142 143 144 145 146 147 155 156 157 160 201 
136 137 138 139 140 159 161 162 163 183 
82 84 85 86 92 94 130 131 210 211 
49 50 51 52 54 55 56 57 58 60 61 62 
120 121 122 123 124 169 171 172 175 184 185 
9 10 11 12 32 36 37 38 39 40 
1 3 4 5 6 7 8 43 197 198 200 
27 47 59 114 115 116 117 118 119 186 187 223 
53 68 69 70 71 72 73 100 101 102 104 
127 128 129 132 134 135 158 164 165 213 215 222 
13 14 15 16 17 18 19 20 21 22 23 203 
63 64 65 66 67 108 109 110 111 112 113 
79 80 81 83 93 95 96 97 99 209 221 
2 133 188 189 190 191 199 205 207 224 225 
125 148 149 150 151 152 153 154 166 167 168 212 214 
[SAVELOGS] evolution saved to results/logs/aco_logs/evolution/tsp225_20_2.txt
[SAVELOGS] best cost saved to results/logs/aco_logs/objectives/tsp225_20_2.txt
[SAVELOGS] best solution saved to results/logs/aco_logs/solutions/tsp225_20_2.txt
