[ITER 1] New best cost=49808.22 (feasible=YES, time 0.581629s)
[ITER 2] New best cost=48842.48 (feasible=YES, time 1.27678s)
[ITER 3] New best cost=48371.75 (feasible=YES, time 1.83549s)
[ITER 4] New best cost=47803.25 (feasible=YES, time 2.31618s)
[ITER 8] New best cost=47753.28 (feasible=YES, time 4.15959s)
[ITER 10] New best cost=47712.40 (feasible=YES, time 6.8071s)
[ITER 10] bestGlobalCost=47712.40 (feasible=YES) bestThisIter=47789.89 feasibleAnts=13 noImprove=0 (elapsed 6.81086s)
[ITER 14] New best cost=47596.09 (feasible=YES, time 8.30869s)
[ITER 16] New best cost=47376.39 (feasible=YES, time 9.17996s)
[ITER 17] New best cost=47131.17 (feasible=YES, time 9.56565s)
[ITER 20] bestGlobalCost=47131.17 (feasible=YES) bestThisIter=47148.30 feasibleAnts=10 noImprove=3 (elapsed 12.7722s)
[ITER 23] New best cost=47015.82 (feasible=YES, time 14.0344s)
[ITER 29] New best cost=46964.79 (feasible=YES, time 16.6792s)
[ITER 30] bestGlobalCost=46964.79 (feasible=YES) bestThisIter=47015.82 feasibleAnts=18 noImprove=1 (elapsed 18.9213s)
[ITER 32] New best cost=46938.57 (feasible=YES, time 19.7113s)
[ITER 40] bestGlobalCost=46938.57 (feasible=YES) bestThisIter=46980.19 feasibleAnts=10 noImprove=8 (elapsed 25.0732s)
[ITER 50] bestGlobalCost=46938.57 (feasible=YES) bestThisIter=47221.42 feasibleAnts=9 noImprove=18 (elapsed 32.2458s)
[ITER 60] bestGlobalCost=46938.57 (feasible=YES) bestThisIter=48159.90 feasibleAnts=8 noImprove=28 (elapsed 39.8877s)
[ITER 70] bestGlobalCost=46938.57 (feasible=YES) bestThisIter=47512.85 feasibleAnts=10 noImprove=38 (elapsed 47.5862s)
[ITER 80] bestGlobalCost=46938.57 (feasible=YES) bestThisIter=48130.06 feasibleAnts=7 noImprove=48 (elapsed 54.2361s)
[RESET] no improvement for50-> reset pheromones
[ITER 90] bestGlobalCost=46938.57 (feasible=YES) bestThisIter=47427.10 feasibleAnts=10 noImprove=8 (elapsed 60.7495s)
[ITER 97] New best cost=46890.43 (feasible=YES, time 64.2294s)
[ITER 100] New best cost=46776.95 (feasible=YES, time 67.5436s)
[ITER 100] bestGlobalCost=46776.95 (feasible=YES) bestThisIter=46938.57 feasibleAnts=13 noImprove=0 (elapsed 67.5475s)
[ITER 106] New best cost=46645.15 (feasible=YES, time 70.1577s)
[ITER 110] bestGlobalCost=46645.15 (feasible=YES) bestThisIter=46960.11 feasibleAnts=12 noImprove=4 (elapsed 73.5981s)
[ITER 112] New best cost=46643.46 (feasible=YES, time 74.5742s)
[ITER 120] bestGlobalCost=46643.46 (feasible=YES) bestThisIter=46735.17 feasibleAnts=10 noImprove=8 (elapsed 80.8713s)
[ITER 130] bestGlobalCost=46643.46 (feasible=YES) bestThisIter=47292.57 feasibleAnts=10 noImprove=18 (elapsed 88.8673s)
[ITER 140] bestGlobalCost=46643.46 (feasible=YES) bestThisIter=47867.13 feasibleAnts=6 noImprove=28 (elapsed 96.8202s)
[ITER 150] bestGlobalCost=46643.46 (feasible=YES) bestThisIter=48196.36 feasibleAnts=6 noImprove=38 (elapsed 104.353s)
[ITER 160] bestGlobalCost=46643.46 (feasible=YES) bestThisIter=47423.39 feasibleAnts=7 noImprove=48 (elapsed 110.529s)
[RESET] no improvement for50-> reset pheromones
[ITER 170] bestGlobalCost=46643.46 (feasible=YES) bestThisIter=47038.99 feasibleAnts=10 noImprove=8 (elapsed 118.199s)
[ITER 180] New best cost=46333.51 (feasible=YES, time 126.699s)
[ITER 180] bestGlobalCost=46333.51 (feasible=YES) bestThisIter=46965.29 feasibleAnts=10 noImprove=0 (elapsed 126.702s)
[ITER 185] New best cost=46256.16 (feasible=YES, time 129.88s)
[ITER 186] New best cost=46196.93 (feasible=YES, time 130.23s)
[ITER 190] bestGlobalCost=46196.93 (feasible=YES) bestThisIter=46256.16 feasibleAnts=10 noImprove=4 (elapsed 133.892s)
[ITER 195] New best cost=46187.72 (feasible=YES, time 136.52s)
[ITER 199] New best cost=46001.21 (feasible=YES, time 138.988s)
[ITER 200] bestGlobalCost=46001.21 (feasible=YES) bestThisIter=46254.04 feasibleAnts=12 noImprove=1 (elapsed 141.532s)
[ITER 210] bestGlobalCost=46001.21 (feasible=YES) bestThisIter=46302.48 feasibleAnts=10 noImprove=11 (elapsed 149.229s)
[ITER 220] bestGlobalCost=46001.21 (feasible=YES) bestThisIter=47545.97 feasibleAnts=8 noImprove=21 (elapsed 156.768s)
[ITER 230] bestGlobalCost=46001.21 (feasible=YES) bestThisIter=47825.64 feasibleAnts=10 noImprove=31 (elapsed 165.169s)
[ITER 240] bestGlobalCost=46001.21 (feasible=YES) bestThisIter=48251.68 feasibleAnts=7 noImprove=41 (elapsed 172.519s)
[RESET] no improvement for50-> reset pheromones
[ITER 250] bestGlobalCost=46001.21 (feasible=YES) bestThisIter=48898.63 feasibleAnts=7 noImprove=1 (elapsed 178.304s)
[ITER 260] bestGlobalCost=46001.21 (feasible=YES) bestThisIter=46140.57 feasibleAnts=10 noImprove=11 (elapsed 186.897s)
[ITER 270] bestGlobalCost=46001.21 (feasible=YES) bestThisIter=47043.55 feasibleAnts=10 noImprove=21 (elapsed 195.159s)
[ITER 280] bestGlobalCost=46001.21 (feasible=YES) bestThisIter=47523.65 feasibleAnts=9 noImprove=31 (elapsed 202.98s)
[ITER 290] bestGlobalCost=46001.21 (feasible=YES) bestThisIter=47906.56 feasibleAnts=7 noImprove=41 (elapsed 209.853s)
[RESET] no improvement for50-> reset pheromones
[ITER 300] bestGlobalCost=46001.21 (feasible=YES) bestThisIter=49369.17 feasibleAnts=9 noImprove=1 (elapsed 216.287s)
[ITER 310] bestGlobalCost=46001.21 (feasible=YES) bestThisIter=46085.28 feasibleAnts=10 noImprove=11 (elapsed 223.77s)
[ITER 320] bestGlobalCost=46001.21 (feasible=YES) bestThisIter=46232.10 feasibleAnts=9 noImprove=21 (elapsed 231.693s)
[ITER 330] bestGlobalCost=46001.21 (feasible=YES) bestThisIter=47392.60 feasibleAnts=9 noImprove=31 (elapsed 240.256s)
[ITER 340] bestGlobalCost=46001.21 (feasible=YES) bestThisIter=47540.67 feasibleAnts=7 noImprove=41 (elapsed 247.986s)
[RESET] no improvement for50-> reset pheromones
[ITER 350] bestGlobalCost=46001.21 (feasible=YES) bestThisIter=47978.37 feasibleAnts=7 noImprove=1 (elapsed 253.863s)
[ITER 360] bestGlobalCost=46001.21 (feasible=YES) bestThisIter=46431.27 feasibleAnts=10 noImprove=11 (elapsed 262.51s)
[ITER 370] bestGlobalCost=46001.21 (feasible=YES) bestThisIter=47133.43 feasibleAnts=10 noImprove=21 (elapsed 270.422s)
[ITER 380] bestGlobalCost=46001.21 (feasible=YES) bestThisIter=47831.91 feasibleAnts=9 noImprove=31 (elapsed 278.137s)
[ITER 390] bestGlobalCost=46001.21 (feasible=YES) bestThisIter=47707.22 feasibleAnts=9 noImprove=41 (elapsed 285.321s)
[RESET] no improvement for50-> reset pheromones
[ITER 400] bestGlobalCost=46001.21 (feasible=YES) bestThisIter=49150.77 feasibleAnts=10 noImprove=1 (elapsed 291.998s)
[ITER 410] bestGlobalCost=46001.21 (feasible=YES) bestThisIter=46657.00 feasibleAnts=10 noImprove=11 (elapsed 300.495s)
1 3 4 5 6 7 43 46 197 198 200 
139 140 141 142 143 144 146 157 159 160 161 201 
126 127 128 129 130 131 132 164 165 211 215 222 
2 27 49 50 133 189 190 191 205 224 225 
52 53 54 55 56 57 70 71 72 73 74 102 
82 83 84 85 86 87 91 92 93 99 210 
172 173 174 176 177 178 179 180 181 182 184 
29 30 31 75 76 77 202 206 216 217 219 
63 64 65 66 67 68 106 107 108 109 110 
47 51 58 59 60 61 62 116 117 187 188 207 
12 14 15 16 17 18 19 20 21 22 23 203 
8 9 10 11 13 37 38 39 40 41 
24 25 26 28 32 33 34 35 36 204 208 
42 44 45 48 192 193 194 195 196 199 218 
69 88 89 90 100 101 103 104 105 220 
111 112 113 114 115 118 119 120 175 185 186 223 
121 122 123 124 125 168 169 170 171 212 214 
134 135 136 137 138 158 162 163 166 183 213 
78 79 80 81 94 95 96 97 98 209 221 
145 147 148 149 150 151 152 153 154 155 156 167 
[SAVELOGS] evolution saved to results/logs/aco_logs/evolution/tsp225_20_2.txt
[SAVELOGS] best cost saved to results/logs/aco_logs/objectives/tsp225_20_2.txt
[SAVELOGS] best solution saved to results/logs/aco_logs/solutions/tsp225_20_2.txt
