[ITER 1] New best cost=4236514.32 (feasible=YES, time 1.06257s)
[ITER 2] New best cost=4232781.43 (feasible=YES, time 1.57788s)
[ITER 3] New best cost=4156699.21 (feasible=YES, time 2.09338s)
[ITER 5] New best cost=4147095.76 (feasible=YES, time 3.73198s)
[ITER 6] New best cost=4074417.16 (feasible=YES, time 4.196s)
[ITER 7] New best cost=4067508.67 (feasible=YES, time 4.66527s)
[ITER 10] bestGlobalCost=4067508.67 (feasible=YES) bestThisIter=4091830.42 feasibleAnts=11 noImprove=3 (elapsed 5.98491s)
[ITER 12] New best cost=4049804.88 (feasible=YES, time 6.79796s)
[ITER 20] New best cost=4044476.31 (feasible=YES, time 10.0307s)
[ITER 20] bestGlobalCost=4044476.31 (feasible=YES) bestThisIter=4065505.27 feasibleAnts=10 noImprove=0 (elapsed 10.034s)
[ITER 30] bestGlobalCost=4044476.31 (feasible=YES) bestThisIter=4084410.77 feasibleAnts=10 noImprove=10 (elapsed 14.2068s)
[ITER 40] bestGlobalCost=4044476.31 (feasible=YES) bestThisIter=4094026.26 feasibleAnts=10 noImprove=20 (elapsed 20.234s)
[ITER 50] bestGlobalCost=4044476.31 (feasible=YES) bestThisIter=4106570.42 feasibleAnts=10 noImprove=30 (elapsed 26.8212s)
[ITER 60] bestGlobalCost=4044476.31 (feasible=YES) bestThisIter=4225826.92 feasibleAnts=10 noImprove=40 (elapsed 33.8112s)
[ITER 70] bestGlobalCost=4044476.31 (feasible=YES) bestThisIter=4094231.09 feasibleAnts=10 noImprove=50 (elapsed 40.8324s)
[RESET] no improvement for50-> reset pheromones
[ITER 80] bestGlobalCost=4044476.31 (feasible=YES) bestThisIter=4053964.19 feasibleAnts=10 noImprove=10 (elapsed 45.5687s)
[ITER 90] bestGlobalCost=4044476.31 (feasible=YES) bestThisIter=4159574.94 feasibleAnts=10 noImprove=20 (elapsed 51.0412s)
[ITER 100] bestGlobalCost=4044476.31 (feasible=YES) bestThisIter=4121329.79 feasibleAnts=10 noImprove=30 (elapsed 57.7572s)
[ITER 110] bestGlobalCost=4044476.31 (feasible=YES) bestThisIter=4163876.59 feasibleAnts=10 noImprove=40 (elapsed 64.4561s)
[ITER 120] bestGlobalCost=4044476.31 (feasible=YES) bestThisIter=4143482.81 feasibleAnts=10 noImprove=50 (elapsed 71.5998s)
[RESET] no improvement for50-> reset pheromones
[ITER 130] bestGlobalCost=4044476.31 (feasible=YES) bestThisIter=4076960.12 feasibleAnts=10 noImprove=10 (elapsed 76.7405s)
[ITER 140] bestGlobalCost=4044476.31 (feasible=YES) bestThisIter=4075188.51 feasibleAnts=10 noImprove=20 (elapsed 83.5424s)
[ITER 150] bestGlobalCost=4044476.31 (feasible=YES) bestThisIter=4087600.27 feasibleAnts=10 noImprove=30 (elapsed 89.712s)
[ITER 160] bestGlobalCost=4044476.31 (feasible=YES) bestThisIter=4125342.99 feasibleAnts=10 noImprove=40 (elapsed 96.0011s)
[ITER 170] bestGlobalCost=4044476.31 (feasible=YES) bestThisIter=4182407.45 feasibleAnts=10 noImprove=50 (elapsed 102.818s)
[RESET] no improvement for50-> reset pheromones
[ITER 180] bestGlobalCost=4044476.31 (feasible=YES) bestThisIter=4069826.80 feasibleAnts=10 noImprove=10 (elapsed 107.002s)
[ITER 190] bestGlobalCost=4044476.31 (feasible=YES) bestThisIter=4194439.04 feasibleAnts=10 noImprove=20 (elapsed 112.874s)
[ITER 200] bestGlobalCost=4044476.31 (feasible=YES) bestThisIter=4135335.10 feasibleAnts=10 noImprove=30 (elapsed 119.664s)
[ITER 210] bestGlobalCost=4044476.31 (feasible=YES) bestThisIter=4139595.04 feasibleAnts=10 noImprove=40 (elapsed 125.816s)
[ITER 220] bestGlobalCost=4044476.31 (feasible=YES) bestThisIter=4115406.75 feasibleAnts=10 noImprove=50 (elapsed 132.46s)
[RESET] no improvement for50-> reset pheromones
[ITER 230] bestGlobalCost=4044476.31 (feasible=YES) bestThisIter=4081193.05 feasibleAnts=10 noImprove=10 (elapsed 136.295s)
[ITER 240] bestGlobalCost=4044476.31 (feasible=YES) bestThisIter=4101249.75 feasibleAnts=10 noImprove=20 (elapsed 141.821s)
[ITER 250] bestGlobalCost=4044476.31 (feasible=YES) bestThisIter=4116070.41 feasibleAnts=10 noImprove=30 (elapsed 148.013s)
[ITER 260] bestGlobalCost=4044476.31 (feasible=YES) bestThisIter=4126657.28 feasibleAnts=10 noImprove=40 (elapsed 154.168s)
[ITER 270] bestGlobalCost=4044476.31 (feasible=YES) bestThisIter=4159044.66 feasibleAnts=10 noImprove=50 (elapsed 161.323s)
[RESET] no improvement for50-> reset pheromones
[ITER 280] bestGlobalCost=4044476.31 (feasible=YES) bestThisIter=4048752.51 feasibleAnts=10 noImprove=10 (elapsed 166.48s)
[ITER 290] bestGlobalCost=4044476.31 (feasible=YES) bestThisIter=4098095.23 feasibleAnts=10 noImprove=20 (elapsed 171.901s)
[ITER 300] bestGlobalCost=4044476.31 (feasible=YES) bestThisIter=4081369.49 feasibleAnts=10 noImprove=30 (elapsed 179.118s)
[ITER 310] bestGlobalCost=4044476.31 (feasible=YES) bestThisIter=4123259.53 feasibleAnts=10 noImprove=40 (elapsed 185.232s)
[ITER 320] bestGlobalCost=4044476.31 (feasible=YES) bestThisIter=4248299.53 feasibleAnts=10 noImprove=50 (elapsed 192.564s)
[RESET] no improvement for50-> reset pheromones
[ITER 330] bestGlobalCost=4044476.31 (feasible=YES) bestThisIter=4065838.58 feasibleAnts=10 noImprove=10 (elapsed 197.175s)
[ITER 340] bestGlobalCost=4044476.31 (feasible=YES) bestThisIter=4136703.21 feasibleAnts=10 noImprove=20 (elapsed 202.8s)
[ITER 350] bestGlobalCost=4044476.31 (feasible=YES) bestThisIter=4119414.32 feasibleAnts=10 noImprove=30 (elapsed 207.851s)
[ITER 360] bestGlobalCost=4044476.31 (feasible=YES) bestThisIter=4149152.09 feasibleAnts=10 noImprove=40 (elapsed 213.59s)
[ITER 370] bestGlobalCost=4044476.31 (feasible=YES) bestThisIter=4149972.42 feasibleAnts=10 noImprove=50 (elapsed 220.619s)
[RESET] no improvement for50-> reset pheromones
[ITER 380] bestGlobalCost=4044476.31 (feasible=YES) bestThisIter=4055198.38 feasibleAnts=10 noImprove=10 (elapsed 225.176s)
[ITER 390] bestGlobalCost=4044476.31 (feasible=YES) bestThisIter=4135133.65 feasibleAnts=10 noImprove=20 (elapsed 231.239s)
[ITER 400] bestGlobalCost=4044476.31 (feasible=YES) bestThisIter=4128584.26 feasibleAnts=10 noImprove=30 (elapsed 236.846s)
[ITER 410] bestGlobalCost=4044476.31 (feasible=YES) bestThisIter=4108845.25 feasibleAnts=10 noImprove=40 (elapsed 243.728s)
[ITER 420] bestGlobalCost=4044476.31 (feasible=YES) bestThisIter=4200086.33 feasibleAnts=10 noImprove=50 (elapsed 251.141s)
[RESET] no improvement for50-> reset pheromones
[ITER 430] bestGlobalCost=4044476.31 (feasible=YES) bestThisIter=4078613.66 feasibleAnts=10 noImprove=10 (elapsed 255.263s)
[ITER 440] bestGlobalCost=4044476.31 (feasible=YES) bestThisIter=4186968.12 feasibleAnts=10 noImprove=20 (elapsed 260.796s)
[ITER 450] bestGlobalCost=4044476.31 (feasible=YES) bestThisIter=4174703.58 feasibleAnts=10 noImprove=30 (elapsed 266.431s)
[ITER 460] bestGlobalCost=4044476.31 (feasible=YES) bestThisIter=4082568.08 feasibleAnts=10 noImprove=40 (elapsed 272.451s)
[ITER 470] bestGlobalCost=4044476.31 (feasible=YES) bestThisIter=4147236.56 feasibleAnts=10 noImprove=50 (elapsed 279.502s)
[RESET] no improvement for50-> reset pheromones
[ITER 480] bestGlobalCost=4044476.31 (feasible=YES) bestThisIter=4078819.98 feasibleAnts=10 noImprove=10 (elapsed 283.672s)
[ITER 490] bestGlobalCost=4044476.31 (feasible=YES) bestThisIter=4130531.59 feasibleAnts=10 noImprove=20 (elapsed 288.964s)
[ITER 500] bestGlobalCost=4044476.31 (feasible=YES) bestThisIter=4154948.85 feasibleAnts=10 noImprove=30 (elapsed 295.184s)
1 6 7 70 72 73 74 75 76 77 78 79 80 81 82 83 84 85 86 104 108 
65 103 105 106 107 109 110 111 112 113 114 115 116 117 118 119 120 121 122 124 126 128 131 
24 26 27 28 29 30 31 32 33 34 35 36 37 38 39 40 41 42 43 44 45 46 
2 3 4 5 8 9 10 11 12 13 14 15 16 17 18 19 20 66 67 68 69 71 
155 156 157 158 159 160 161 162 163 164 165 166 167 168 169 170 171 172 173 174 175 176 177 179 
87 88 89 90 91 92 93 94 95 96 97 98 100 101 102 137 138 140 144 146 147 148 154 
139 141 142 143 145 149 150 151 152 153 178 180 181 182 183 184 185 186 187 188 189 190 
123 125 127 129 130 132 133 134 136 213 215 216 217 218 219 220 221 222 223 224 225 
135 191 192 193 194 195 196 197 198 199 200 201 202 203 204 205 206 207 208 209 210 211 212 214 226 
21 22 23 25 47 48 49 50 51 52 53 54 55 56 57 58 59 60 61 62 63 64 99 
[SAVELOGS] evolution saved to results/logs/aco_logs/evolution/pr226_10_3.txt
[SAVELOGS] best cost saved to results/logs/aco_logs/objectives/pr226_10_3.txt
[SAVELOGS] best solution saved to results/logs/aco_logs/solutions/pr226_10_3.txt
