[ITER 1] New best cost=4256860.50 (feasible=YES, time 0.693844s)
[ITER 2] New best cost=4167215.04 (feasible=YES, time 1.27318s)
[ITER 5] New best cost=4165950.80 (feasible=YES, time 2.64228s)
[ITER 6] New best cost=4151781.02 (feasible=YES, time 2.98452s)
[ITER 10] bestGlobalCost=4151781.02 (feasible=YES) bestThisIter=4161362.07 feasibleAnts=12 noImprove=4 (elapsed 4.84654s)
[ITER 11] New best cost=4132538.68 (feasible=YES, time 5.18026s)
[ITER 14] New best cost=4127664.27 (feasible=YES, time 6.4056s)
[ITER 15] New best cost=4114161.11 (feasible=YES, time 6.68224s)
[ITER 18] New best cost=4084133.20 (feasible=YES, time 7.63773s)
[ITER 20] bestGlobalCost=4084133.20 (feasible=YES) bestThisIter=4099595.30 feasibleAnts=10 noImprove=2 (elapsed 8.41893s)
[ITER 21] New best cost=4073411.12 (feasible=YES, time 8.75228s)
[ITER 23] New best cost=4064865.98 (feasible=YES, time 9.39003s)
[ITER 25] New best cost=4058267.83 (feasible=YES, time 10.1138s)
[ITER 27] New best cost=4055514.36 (feasible=YES, time 10.8125s)
[ITER 29] New best cost=4044476.31 (feasible=YES, time 11.4748s)
[ITER 30] bestGlobalCost=4044476.31 (feasible=YES) bestThisIter=4055514.36 feasibleAnts=14 noImprove=1 (elapsed 11.789s)
[ITER 40] bestGlobalCost=4044476.31 (feasible=YES) bestThisIter=4106964.90 feasibleAnts=10 noImprove=11 (elapsed 15.4995s)
[ITER 50] bestGlobalCost=4044476.31 (feasible=YES) bestThisIter=4183607.13 feasibleAnts=10 noImprove=21 (elapsed 21.0683s)
[ITER 60] bestGlobalCost=4044476.31 (feasible=YES) bestThisIter=4151380.12 feasibleAnts=10 noImprove=31 (elapsed 28.0116s)
[ITER 70] bestGlobalCost=4044476.31 (feasible=YES) bestThisIter=4206740.68 feasibleAnts=10 noImprove=41 (elapsed 34.3105s)
[RESET] no improvement for50-> reset pheromones
[ITER 80] bestGlobalCost=4044476.31 (feasible=YES) bestThisIter=4297578.84 feasibleAnts=10 noImprove=1 (elapsed 40.8807s)
[ITER 90] bestGlobalCost=4044476.31 (feasible=YES) bestThisIter=4126308.54 feasibleAnts=10 noImprove=11 (elapsed 45.0134s)
[ITER 100] bestGlobalCost=4044476.31 (feasible=YES) bestThisIter=4107614.01 feasibleAnts=10 noImprove=21 (elapsed 51.458s)
[ITER 110] bestGlobalCost=4044476.31 (feasible=YES) bestThisIter=4141533.80 feasibleAnts=10 noImprove=31 (elapsed 57.6909s)
[ITER 120] bestGlobalCost=4044476.31 (feasible=YES) bestThisIter=4087013.65 feasibleAnts=10 noImprove=41 (elapsed 64.0771s)
[RESET] no improvement for50-> reset pheromones
[ITER 130] bestGlobalCost=4044476.31 (feasible=YES) bestThisIter=4179123.86 feasibleAnts=10 noImprove=1 (elapsed 70.7031s)
[ITER 140] bestGlobalCost=4044476.31 (feasible=YES) bestThisIter=4068798.79 feasibleAnts=10 noImprove=11 (elapsed 75.3045s)
[ITER 150] bestGlobalCost=4044476.31 (feasible=YES) bestThisIter=4073218.14 feasibleAnts=10 noImprove=21 (elapsed 80.7598s)
[ITER 160] bestGlobalCost=4044476.31 (feasible=YES) bestThisIter=4132396.92 feasibleAnts=10 noImprove=31 (elapsed 87.485s)
[ITER 170] bestGlobalCost=4044476.31 (feasible=YES) bestThisIter=4242779.93 feasibleAnts=10 noImprove=41 (elapsed 94.0197s)
[RESET] no improvement for50-> reset pheromones
[ITER 180] bestGlobalCost=4044476.31 (feasible=YES) bestThisIter=4165894.34 feasibleAnts=10 noImprove=1 (elapsed 101.03s)
[ITER 190] bestGlobalCost=4044476.31 (feasible=YES) bestThisIter=4150720.68 feasibleAnts=10 noImprove=11 (elapsed 105.489s)
[ITER 200] bestGlobalCost=4044476.31 (feasible=YES) bestThisIter=4078212.42 feasibleAnts=10 noImprove=21 (elapsed 111.251s)
[ITER 210] bestGlobalCost=4044476.31 (feasible=YES) bestThisIter=4252026.08 feasibleAnts=10 noImprove=31 (elapsed 117.109s)
[ITER 220] bestGlobalCost=4044476.31 (feasible=YES) bestThisIter=4166087.16 feasibleAnts=10 noImprove=41 (elapsed 123.359s)
[RESET] no improvement for50-> reset pheromones
[ITER 230] bestGlobalCost=4044476.31 (feasible=YES) bestThisIter=4268240.67 feasibleAnts=10 noImprove=1 (elapsed 130.138s)
[ITER 240] bestGlobalCost=4044476.31 (feasible=YES) bestThisIter=4065856.78 feasibleAnts=10 noImprove=11 (elapsed 134.037s)
[ITER 250] bestGlobalCost=4044476.31 (feasible=YES) bestThisIter=4132397.76 feasibleAnts=10 noImprove=21 (elapsed 139.582s)
[ITER 260] bestGlobalCost=4044476.31 (feasible=YES) bestThisIter=4151945.22 feasibleAnts=10 noImprove=31 (elapsed 145.438s)
[ITER 270] bestGlobalCost=4044476.31 (feasible=YES) bestThisIter=4095959.46 feasibleAnts=10 noImprove=41 (elapsed 151.613s)
[RESET] no improvement for50-> reset pheromones
[ITER 280] bestGlobalCost=4044476.31 (feasible=YES) bestThisIter=4299647.45 feasibleAnts=10 noImprove=1 (elapsed 158.552s)
[ITER 290] bestGlobalCost=4044476.31 (feasible=YES) bestThisIter=4141057.99 feasibleAnts=10 noImprove=11 (elapsed 162.381s)
[ITER 300] bestGlobalCost=4044476.31 (feasible=YES) bestThisIter=4174958.13 feasibleAnts=10 noImprove=21 (elapsed 167.776s)
[ITER 310] bestGlobalCost=4044476.31 (feasible=YES) bestThisIter=4145211.42 feasibleAnts=10 noImprove=31 (elapsed 174.372s)
[ITER 320] bestGlobalCost=4044476.31 (feasible=YES) bestThisIter=4202580.53 feasibleAnts=10 noImprove=41 (elapsed 180.53s)
[RESET] no improvement for50-> reset pheromones
[ITER 330] bestGlobalCost=4044476.31 (feasible=YES) bestThisIter=4290854.85 feasibleAnts=10 noImprove=1 (elapsed 186.809s)
[ITER 340] bestGlobalCost=4044476.31 (feasible=YES) bestThisIter=4091356.15 feasibleAnts=10 noImprove=11 (elapsed 190.903s)
[ITER 350] bestGlobalCost=4044476.31 (feasible=YES) bestThisIter=4169089.47 feasibleAnts=10 noImprove=21 (elapsed 196.922s)
[ITER 360] bestGlobalCost=4044476.31 (feasible=YES) bestThisIter=4158852.83 feasibleAnts=10 noImprove=31 (elapsed 202.91s)
[ITER 370] bestGlobalCost=4044476.31 (feasible=YES) bestThisIter=4167561.04 feasibleAnts=10 noImprove=41 (elapsed 209.089s)
[RESET] no improvement for50-> reset pheromones
[ITER 380] bestGlobalCost=4044476.31 (feasible=YES) bestThisIter=4235094.64 feasibleAnts=10 noImprove=1 (elapsed 215.217s)
[ITER 390] bestGlobalCost=4044476.31 (feasible=YES) bestThisIter=4096811.10 feasibleAnts=10 noImprove=11 (elapsed 219.254s)
[ITER 400] bestGlobalCost=4044476.31 (feasible=YES) bestThisIter=4153202.82 feasibleAnts=10 noImprove=21 (elapsed 224.581s)
[ITER 410] bestGlobalCost=4044476.31 (feasible=YES) bestThisIter=4140052.82 feasibleAnts=10 noImprove=31 (elapsed 230.633s)
[ITER 420] bestGlobalCost=4044476.31 (feasible=YES) bestThisIter=4085515.87 feasibleAnts=10 noImprove=41 (elapsed 237.505s)
[RESET] no improvement for50-> reset pheromones
[ITER 430] bestGlobalCost=4044476.31 (feasible=YES) bestThisIter=4168405.22 feasibleAnts=10 noImprove=1 (elapsed 244.81s)
[ITER 440] bestGlobalCost=4044476.31 (feasible=YES) bestThisIter=4146021.64 feasibleAnts=10 noImprove=11 (elapsed 248.689s)
[ITER 450] bestGlobalCost=4044476.31 (feasible=YES) bestThisIter=4131731.43 feasibleAnts=10 noImprove=21 (elapsed 254.276s)
[ITER 460] bestGlobalCost=4044476.31 (feasible=YES) bestThisIter=4205899.96 feasibleAnts=10 noImprove=31 (elapsed 260.208s)
[ITER 470] bestGlobalCost=4044476.31 (feasible=YES) bestThisIter=4174268.01 feasibleAnts=10 noImprove=41 (elapsed 266.306s)
[RESET] no improvement for50-> reset pheromones
[ITER 480] bestGlobalCost=4044476.31 (feasible=YES) bestThisIter=4247569.12 feasibleAnts=10 noImprove=1 (elapsed 272.805s)
[ITER 490] bestGlobalCost=4044476.31 (feasible=YES) bestThisIter=4139983.74 feasibleAnts=10 noImprove=11 (elapsed 277.301s)
[ITER 500] bestGlobalCost=4044476.31 (feasible=YES) bestThisIter=4182471.11 feasibleAnts=10 noImprove=21 (elapsed 282.617s)
[ITER 510] bestGlobalCost=4044476.31 (feasible=YES) bestThisIter=4206233.63 feasibleAnts=10 noImprove=31 (elapsed 288.831s)
[ITER 520] bestGlobalCost=4044476.31 (feasible=YES) bestThisIter=4279424.46 feasibleAnts=10 noImprove=41 (elapsed 295.246s)
155 156 157 158 159 160 161 162 163 164 165 166 167 168 169 170 171 172 173 174 175 176 177 179 
135 191 192 193 194 195 196 197 198 199 200 201 202 203 204 205 206 207 208 209 210 211 212 214 226 
21 22 23 25 47 48 49 50 51 52 53 54 55 56 57 58 59 60 61 62 63 64 99 
139 141 142 143 145 149 150 151 152 153 178 180 181 182 183 184 185 186 187 188 189 190 
65 103 105 106 107 109 110 111 112 113 114 115 116 117 118 119 120 121 122 124 126 128 131 
24 26 27 28 29 30 31 32 33 34 35 36 37 38 39 40 41 42 43 44 45 46 
1 6 7 70 72 73 74 75 76 77 78 79 80 81 82 83 84 85 86 104 108 
123 125 127 129 130 132 133 134 136 213 215 216 217 218 219 220 221 222 223 224 225 
2 3 4 5 8 9 10 11 12 13 14 15 16 17 18 19 20 66 67 68 69 71 
87 88 89 90 91 92 93 94 95 96 97 98 100 101 102 137 138 140 144 146 147 148 154 
[SAVELOGS] evolution saved to results/logs/aco_logs/evolution/pr226_10_3.txt
[SAVELOGS] best cost saved to results/logs/aco_logs/objectives/pr226_10_3.txt
[SAVELOGS] best solution saved to results/logs/aco_logs/solutions/pr226_10_3.txt
