[ITER 1] New best cost=780148.93 (feasible=YES, time 0.050998s)
[ITER 2] New best cost=760910.66 (feasible=YES, time 0.0917811s)
[ITER 3] New best cost=755157.26 (feasible=YES, time 0.134261s)
[ITER 5] New best cost=754556.31 (feasible=YES, time 0.207587s)
[ITER 8] New best cost=749268.78 (feasible=YES, time 0.280618s)
[ITER 10] bestGlobalCost=749268.78 (feasible=YES) bestThisIter=753212.92 feasibleAnts=8 noImprove=2 (elapsed 0.338593s)
[ITER 13] New best cost=747724.19 (feasible=YES, time 0.414994s)
[ITER 20] bestGlobalCost=747724.19 (feasible=YES) bestThisIter=747724.19 feasibleAnts=14 noImprove=7 (elapsed 2.46657s)
[ITER 29] New best cost=739737.38 (feasible=YES, time 2.80518s)
[ITER 30] bestGlobalCost=739737.38 (feasible=YES) bestThisIter=747724.19 feasibleAnts=25 noImprove=1 (elapsed 4.98767s)
[ITER 40] bestGlobalCost=739737.38 (feasible=YES) bestThisIter=739737.38 feasibleAnts=12 noImprove=11 (elapsed 5.38735s)
[ITER 50] bestGlobalCost=739737.38 (feasible=YES) bestThisIter=739737.38 feasibleAnts=10 noImprove=21 (elapsed 7.51082s)
[RESET] no improvement for30-> reset pheromones
[ITER 60] bestGlobalCost=739737.38 (feasible=YES) bestThisIter=778129.55 feasibleAnts=10 noImprove=1 (elapsed 9.59459s)
[ITER 70] bestGlobalCost=739737.38 (feasible=YES) bestThisIter=753288.16 feasibleAnts=10 noImprove=11 (elapsed 10.1586s)
[ITER 80] bestGlobalCost=739737.38 (feasible=YES) bestThisIter=739737.38 feasibleAnts=9 noImprove=21 (elapsed 12.8048s)
[RESET] no improvement for30-> reset pheromones
[ITER 90] bestGlobalCost=739737.38 (feasible=YES) bestThisIter=788574.00 feasibleAnts=10 noImprove=1 (elapsed 15.147s)
[ITER 100] bestGlobalCost=739737.38 (feasible=YES) bestThisIter=755298.93 feasibleAnts=10 noImprove=11 (elapsed 15.5328s)
[ITER 110] bestGlobalCost=739737.38 (feasible=YES) bestThisIter=739737.38 feasibleAnts=10 noImprove=21 (elapsed 17.6396s)
[RESET] no improvement for30-> reset pheromones
[ITER 120] bestGlobalCost=739737.38 (feasible=YES) bestThisIter=785609.83 feasibleAnts=10 noImprove=1 (elapsed 20.2577s)
[ITER 130] bestGlobalCost=739737.38 (feasible=YES) bestThisIter=739737.38 feasibleAnts=10 noImprove=11 (elapsed 20.7745s)
[ITER 140] bestGlobalCost=739737.38 (feasible=YES) bestThisIter=739737.38 feasibleAnts=10 noImprove=21 (elapsed 23.1384s)
[RESET] no improvement for30-> reset pheromones
[ITER 150] bestGlobalCost=739737.38 (feasible=YES) bestThisIter=772987.30 feasibleAnts=10 noImprove=1 (elapsed 25.2591s)
[ITER 160] bestGlobalCost=739737.38 (feasible=YES) bestThisIter=753718.23 feasibleAnts=10 noImprove=11 (elapsed 25.6754s)
[ITER 170] bestGlobalCost=739737.38 (feasible=YES) bestThisIter=739737.38 feasibleAnts=10 noImprove=21 (elapsed 27.8115s)
[RESET] no improvement for30-> reset pheromones
[ITER 180] bestGlobalCost=739737.38 (feasible=YES) bestThisIter=787751.07 feasibleAnts=10 noImprove=1 (elapsed 29.911s)
[ITER 190] bestGlobalCost=739737.38 (feasible=YES) bestThisIter=749029.36 feasibleAnts=10 noImprove=11 (elapsed 30.3799s)
[ITER 200] bestGlobalCost=739737.38 (feasible=YES) bestThisIter=739737.38 feasibleAnts=10 noImprove=21 (elapsed 32.9907s)
[RESET] no improvement for30-> reset pheromones
[ITER 210] bestGlobalCost=739737.38 (feasible=YES) bestThisIter=776691.60 feasibleAnts=10 noImprove=1 (elapsed 35.2243s)
[ITER 220] bestGlobalCost=739737.38 (feasible=YES) bestThisIter=751581.26 feasibleAnts=10 noImprove=11 (elapsed 35.6486s)
[ITER 230] bestGlobalCost=739737.38 (feasible=YES) bestThisIter=739737.38 feasibleAnts=10 noImprove=21 (elapsed 37.7581s)
[RESET] no improvement for30-> reset pheromones
[ITER 240] bestGlobalCost=739737.38 (feasible=YES) bestThisIter=750951.05 feasibleAnts=10 noImprove=1 (elapsed 40.3771s)
[ITER 250] bestGlobalCost=739737.38 (feasible=YES) bestThisIter=739737.38 feasibleAnts=10 noImprove=11 (elapsed 40.8053s)
[ITER 260] bestGlobalCost=739737.38 (feasible=YES) bestThisIter=739737.38 feasibleAnts=10 noImprove=21 (elapsed 43.0958s)
[RESET] no improvement for30-> reset pheromones
[ITER 270] bestGlobalCost=739737.38 (feasible=YES) bestThisIter=775575.15 feasibleAnts=10 noImprove=1 (elapsed 45.2397s)
[ITER 280] bestGlobalCost=739737.38 (feasible=YES) bestThisIter=743038.21 feasibleAnts=10 noImprove=11 (elapsed 45.6403s)
[ITER 290] bestGlobalCost=739737.38 (feasible=YES) bestThisIter=739737.38 feasibleAnts=10 noImprove=21 (elapsed 48.2546s)
[RESET] no improvement for30-> reset pheromones
[ITER 300] bestGlobalCost=739737.38 (feasible=YES) bestThisIter=783379.90 feasibleAnts=10 noImprove=1 (elapsed 50.6939s)
[ITER 310] bestGlobalCost=739737.38 (feasible=YES) bestThisIter=754733.18 feasibleAnts=10 noImprove=11 (elapsed 51.1125s)
[ITER 320] bestGlobalCost=739737.38 (feasible=YES) bestThisIter=739737.38 feasibleAnts=10 noImprove=21 (elapsed 53.2181s)
[RESET] no improvement for30-> reset pheromones
[ITER 330] bestGlobalCost=739737.38 (feasible=YES) bestThisIter=782529.49 feasibleAnts=10 noImprove=1 (elapsed 55.3609s)
[ITER 340] bestGlobalCost=739737.38 (feasible=YES) bestThisIter=739737.38 feasibleAnts=10 noImprove=11 (elapsed 55.7531s)
[ITER 350] bestGlobalCost=739737.38 (feasible=YES) bestThisIter=739737.38 feasibleAnts=10 noImprove=21 (elapsed 57.905s)
[RESET] no improvement for30-> reset pheromones
[ITER 360] bestGlobalCost=739737.38 (feasible=YES) bestThisIter=776941.44 feasibleAnts=10 noImprove=1 (elapsed 60.6036s)
2 5 21 23 28 38 39 43 50 54 56 58 71 72 76 86 88 91 94 95 98 
1 4 7 9 12 18 24 26 29 32 37 40 46 51 53 61 78 79 82 85 
10 11 16 19 33 44 48 49 52 57 63 66 81 84 87 92 96 97 99 
3 14 27 30 35 36 41 45 59 60 68 69 70 73 74 77 80 89 93 100 
6 8 13 15 17 20 22 25 31 34 42 47 55 62 64 65 67 75 83 90 
[SAVELOGS] evolution saved to results/logs/kroC100_05_4/evolution/kroC100_05_4
[SAVELOGS] best cost saved to results/logs/kroC100_05_4/objectives/kroC100_05_4
[SAVELOGS] best solution saved to results/logs/kroC100_05_4/solutions/kroC100_05_4
