[ITER 1] New best cost=1857919.44 (feasible=YES, time 0.35541s)
[ITER 8] New best cost=1848540.32 (feasible=YES, time 2.14824s)
[ITER 10] bestGlobalCost=1848540.32 (feasible=YES) bestThisIter=1853073.49 feasibleAnts=9 noImprove=2 (elapsed 2.4616s)
[ITER 11] New best cost=1811769.75 (feasible=YES, time 2.58833s)
[ITER 15] New best cost=1792908.44 (feasible=YES, time 4.5305s)
[ITER 15] New best cost=1757642.85 (feasible=YES, time 11.2253s)
[ITER 20] bestGlobalCost=1757642.85 (feasible=YES) bestThisIter=1830727.31 feasibleAnts=10 noImprove=5 (elapsed 11.7719s)
[ITER 28] New best cost=1744808.20 (feasible=YES, time 12.7015s)
[ITER 30] New best cost=1739484.72 (feasible=YES, time 14.5535s)
[ITER 30] New best cost=1733488.48 (feasible=YES, time 16.3576s)
[ITER 30] New best cost=1723842.73 (feasible=YES, time 18.1716s)
[ITER 30] bestGlobalCost=1723842.73 (feasible=YES) bestThisIter=1739484.72 feasibleAnts=9 noImprove=0 (elapsed 21.2517s)
[ITER 32] New best cost=1710797.53 (feasible=YES, time 21.468s)
[ITER 40] bestGlobalCost=1710797.53 (feasible=YES) bestThisIter=1797943.27 feasibleAnts=8 noImprove=8 (elapsed 22.4239s)
[ITER 50] bestGlobalCost=1710797.53 (feasible=YES) bestThisIter=1906586.14 feasibleAnts=10 noImprove=18 (elapsed 32.595s)
[ITER 60] bestGlobalCost=1710797.53 (feasible=YES) bestThisIter=1941108.27 feasibleAnts=10 noImprove=28 (elapsed 42.8031s)
[RESET] no improvement for30-> reset pheromones
[ITER 70] bestGlobalCost=1710797.53 (feasible=YES) bestThisIter=1858387.48 feasibleAnts=10 noImprove=8 (elapsed 45.2177s)
[ITER 80] bestGlobalCost=1710797.53 (feasible=YES) bestThisIter=1801664.26 feasibleAnts=9 noImprove=18 (elapsed 55.5762s)
[ITER 90] bestGlobalCost=1710797.53 (feasible=YES) bestThisIter=1845866.64 feasibleAnts=10 noImprove=28 (elapsed 65.7055s)
73 74 75 76 77 78 89 90 91 92 94 95 96 97 99 
7 8 10 11 12 13 14 15 16 17 21 38 41 42 
117 118 119 120 122 123 124 125 126 127 129 130 131 133 134 
35 47 48 49 50 51 52 53 54 55 56 57 60 82 114 
110 112 115 121 135 136 137 138 139 140 141 142 143 144 
1 4 6 24 26 27 28 29 30 31 32 33 34 36 
44 45 59 61 62 63 64 65 66 67 68 69 70 71 72 
46 87 88 93 98 100 101 102 103 105 108 116 128 132 
2 3 5 9 18 19 20 22 23 25 37 39 40 43 
58 79 80 81 83 84 85 86 104 106 107 109 111 113 
[SAVELOGS] evolution saved to results/logs/pr144_10_5/evolution/pr144_10_5
[SAVELOGS] best cost saved to results/logs/pr144_10_5/objectives/pr144_10_5
[SAVELOGS] best solution saved to results/logs/pr144_10_5/solutions/pr144_10_5
