[ITER 1] New best cost=2803595.17 (feasible=YES, time 0.740046s)
[ITER 2] New best cost=2787116.66 (feasible=YES, time 1.08316s)
[ITER 10] bestGlobalCost=2787116.66 (feasible=YES) bestThisIter=2787501.14 feasibleAnts=13 noImprove=8 (elapsed 3.41615s)
[ITER 20] bestGlobalCost=2787116.66 (feasible=YES) bestThisIter=2793637.56 feasibleAnts=10 noImprove=18 (elapsed 6.43591s)
[ITER 30] bestGlobalCost=2787116.66 (feasible=YES) bestThisIter=2787501.14 feasibleAnts=11 noImprove=28 (elapsed 9.88047s)
[ITER 40] bestGlobalCost=2787116.66 (feasible=YES) bestThisIter=2790963.61 feasibleAnts=10 noImprove=38 (elapsed 12.724s)
[ITER 50] bestGlobalCost=2787116.66 (feasible=YES) bestThisIter=2787501.14 feasibleAnts=11 noImprove=48 (elapsed 15.8113s)
[RESET] no improvement for50-> reset pheromones
[ITER 60] bestGlobalCost=2787116.66 (feasible=YES) bestThisIter=2787501.14 feasibleAnts=16 noImprove=8 (elapsed 18.4436s)
[ITER 70] bestGlobalCost=2787116.66 (feasible=YES) bestThisIter=2791910.47 feasibleAnts=10 noImprove=18 (elapsed 21.0398s)
[ITER 80] bestGlobalCost=2787116.66 (feasible=YES) bestThisIter=2787501.14 feasibleAnts=10 noImprove=28 (elapsed 23.6661s)
[ITER 90] bestGlobalCost=2787116.66 (feasible=YES) bestThisIter=2787501.14 feasibleAnts=10 noImprove=38 (elapsed 26.5347s)
[ITER 91] New best cost=2781503.97 (feasible=YES, time 26.7416s)
[ITER 100] New best cost=2776720.23 (feasible=YES, time 28.6035s)
[ITER 100] bestGlobalCost=2776720.23 (feasible=YES) bestThisIter=2781503.97 feasibleAnts=15 noImprove=0 (elapsed 28.6077s)
[ITER 110] bestGlobalCost=2776720.23 (feasible=YES) bestThisIter=2788664.77 feasibleAnts=14 noImprove=10 (elapsed 30.4818s)
[ITER 120] bestGlobalCost=2776720.23 (feasible=YES) bestThisIter=2789158.69 feasibleAnts=10 noImprove=20 (elapsed 32.9647s)
[ITER 130] bestGlobalCost=2776720.23 (feasible=YES) bestThisIter=2788698.04 feasibleAnts=10 noImprove=30 (elapsed 35.8849s)
[ITER 140] bestGlobalCost=2776720.23 (feasible=YES) bestThisIter=2791149.34 feasibleAnts=10 noImprove=40 (elapsed 38.663s)
[ITER 150] bestGlobalCost=2776720.23 (feasible=YES) bestThisIter=2788512.80 feasibleAnts=11 noImprove=50 (elapsed 41.3869s)
[RESET] no improvement for50-> reset pheromones
[ITER 160] bestGlobalCost=2776720.23 (feasible=YES) bestThisIter=2791338.69 feasibleAnts=16 noImprove=10 (elapsed 43.6549s)
[ITER 170] bestGlobalCost=2776720.23 (feasible=YES) bestThisIter=2793060.61 feasibleAnts=10 noImprove=20 (elapsed 46.168s)
[ITER 180] bestGlobalCost=2776720.23 (feasible=YES) bestThisIter=2788943.62 feasibleAnts=10 noImprove=30 (elapsed 49.2392s)
[ITER 190] bestGlobalCost=2776720.23 (feasible=YES) bestThisIter=2784672.13 feasibleAnts=10 noImprove=40 (elapsed 51.8357s)
[ITER 200] bestGlobalCost=2776720.23 (feasible=YES) bestThisIter=2792268.46 feasibleAnts=12 noImprove=50 (elapsed 54.4703s)
[RESET] no improvement for50-> reset pheromones
[ITER 210] bestGlobalCost=2776720.23 (feasible=YES) bestThisIter=2793653.24 feasibleAnts=14 noImprove=10 (elapsed 57.0775s)
[ITER 220] bestGlobalCost=2776720.23 (feasible=YES) bestThisIter=2788943.62 feasibleAnts=10 noImprove=20 (elapsed 59.3933s)
[ITER 230] bestGlobalCost=2776720.23 (feasible=YES) bestThisIter=2789934.07 feasibleAnts=10 noImprove=30 (elapsed 62.0082s)
[ITER 240] bestGlobalCost=2776720.23 (feasible=YES) bestThisIter=2784672.13 feasibleAnts=10 noImprove=40 (elapsed 64.9941s)
[ITER 250] bestGlobalCost=2776720.23 (feasible=YES) bestThisIter=2784672.13 feasibleAnts=12 noImprove=50 (elapsed 67.8757s)
[RESET] no improvement for50-> reset pheromones
[ITER 260] bestGlobalCost=2776720.23 (feasible=YES) bestThisIter=2791681.77 feasibleAnts=17 noImprove=10 (elapsed 70.3949s)
[ITER 270] bestGlobalCost=2776720.23 (feasible=YES) bestThisIter=2776994.27 feasibleAnts=12 noImprove=20 (elapsed 72.7239s)
[ITER 280] bestGlobalCost=2776720.23 (feasible=YES) bestThisIter=2776994.27 feasibleAnts=10 noImprove=30 (elapsed 75.0348s)
[ITER 290] bestGlobalCost=2776720.23 (feasible=YES) bestThisIter=2788664.77 feasibleAnts=10 noImprove=40 (elapsed 77.6945s)
[ITER 300] bestGlobalCost=2776720.23 (feasible=YES) bestThisIter=2786576.08 feasibleAnts=10 noImprove=50 (elapsed 80.836s)
[RESET] no improvement for50-> reset pheromones
[ITER 310] bestGlobalCost=2776720.23 (feasible=YES) bestThisIter=2796777.07 feasibleAnts=14 noImprove=10 (elapsed 83.3987s)
[ITER 320] bestGlobalCost=2776720.23 (feasible=YES) bestThisIter=2781503.97 feasibleAnts=10 noImprove=20 (elapsed 85.8199s)
[ITER 330] bestGlobalCost=2776720.23 (feasible=YES) bestThisIter=2792268.46 feasibleAnts=10 noImprove=30 (elapsed 88.2313s)
[ITER 340] bestGlobalCost=2776720.23 (feasible=YES) bestThisIter=2781503.97 feasibleAnts=10 noImprove=40 (elapsed 90.7226s)
[ITER 350] bestGlobalCost=2776720.23 (feasible=YES) bestThisIter=2791222.60 feasibleAnts=10 noImprove=50 (elapsed 93.6666s)
[RESET] no improvement for50-> reset pheromones
[ITER 360] bestGlobalCost=2776720.23 (feasible=YES) bestThisIter=2784282.11 feasibleAnts=10 noImprove=10 (elapsed 96.4882s)
[ITER 370] bestGlobalCost=2776720.23 (feasible=YES) bestThisIter=2795183.43 feasibleAnts=10 noImprove=20 (elapsed 99.2941s)
[ITER 380] bestGlobalCost=2776720.23 (feasible=YES) bestThisIter=2789118.65 feasibleAnts=10 noImprove=30 (elapsed 102.057s)
[ITER 390] bestGlobalCost=2776720.23 (feasible=YES) bestThisIter=2784672.13 feasibleAnts=10 noImprove=40 (elapsed 104.575s)
[ITER 400] bestGlobalCost=2776720.23 (feasible=YES) bestThisIter=2799329.95 feasibleAnts=10 noImprove=50 (elapsed 107.263s)
[RESET] no improvement for50-> reset pheromones
[ITER 410] bestGlobalCost=2776720.23 (feasible=YES) bestThisIter=2802031.58 feasibleAnts=12 noImprove=10 (elapsed 110.52s)
[ITER 420] bestGlobalCost=2776720.23 (feasible=YES) bestThisIter=2784672.13 feasibleAnts=10 noImprove=20 (elapsed 113.661s)
[ITER 430] bestGlobalCost=2776720.23 (feasible=YES) bestThisIter=2789986.31 feasibleAnts=10 noImprove=30 (elapsed 116.429s)
[ITER 440] bestGlobalCost=2776720.23 (feasible=YES) bestThisIter=2788664.77 feasibleAnts=10 noImprove=40 (elapsed 118.766s)
[ITER 450] bestGlobalCost=2776720.23 (feasible=YES) bestThisIter=2789273.83 feasibleAnts=10 noImprove=50 (elapsed 121.768s)
[RESET] no improvement for50-> reset pheromones
[ITER 460] bestGlobalCost=2776720.23 (feasible=YES) bestThisIter=2790542.14 feasibleAnts=19 noImprove=10 (elapsed 124.525s)
[ITER 470] bestGlobalCost=2776720.23 (feasible=YES) bestThisIter=2781503.97 feasibleAnts=10 noImprove=20 (elapsed 127.178s)
[ITER 480] bestGlobalCost=2776720.23 (feasible=YES) bestThisIter=2794694.70 feasibleAnts=10 noImprove=30 (elapsed 129.661s)
[ITER 490] bestGlobalCost=2776720.23 (feasible=YES) bestThisIter=2796738.23 feasibleAnts=10 noImprove=40 (elapsed 132.174s)
[ITER 500] bestGlobalCost=2776720.23 (feasible=YES) bestThisIter=2787683.68 feasibleAnts=12 noImprove=50 (elapsed 135.477s)
[RESET] no improvement for50-> reset pheromones
[ITER 510] bestGlobalCost=2776720.23 (feasible=YES) bestThisIter=2796701.72 feasibleAnts=12 noImprove=10 (elapsed 138.066s)
[ITER 520] bestGlobalCost=2776720.23 (feasible=YES) bestThisIter=2784672.13 feasibleAnts=10 noImprove=20 (elapsed 140.773s)
[ITER 530] bestGlobalCost=2776720.23 (feasible=YES) bestThisIter=2793838.92 feasibleAnts=10 noImprove=30 (elapsed 144.102s)
[ITER 540] bestGlobalCost=2776720.23 (feasible=YES) bestThisIter=2788447.03 feasibleAnts=12 noImprove=40 (elapsed 146.964s)
[ITER 550] bestGlobalCost=2776720.23 (feasible=YES) bestThisIter=2780972.67 feasibleAnts=12 noImprove=50 (elapsed 149.543s)
[RESET] no improvement for50-> reset pheromones
[ITER 560] bestGlobalCost=2776720.23 (feasible=YES) bestThisIter=2789934.07 feasibleAnts=13 noImprove=10 (elapsed 152.286s)
[ITER 570] bestGlobalCost=2776720.23 (feasible=YES) bestThisIter=2790835.68 feasibleAnts=10 noImprove=20 (elapsed 155.156s)
[ITER 580] bestGlobalCost=2776720.23 (feasible=YES) bestThisIter=2776994.27 feasibleAnts=10 noImprove=30 (elapsed 157.892s)
[ITER 590] bestGlobalCost=2776720.23 (feasible=YES) bestThisIter=2785892.64 feasibleAnts=11 noImprove=40 (elapsed 161.755s)
[ITER 600] bestGlobalCost=2776720.23 (feasible=YES) bestThisIter=2776994.27 feasibleAnts=12 noImprove=50 (elapsed 165.055s)
[RESET] no improvement for50-> reset pheromones
[ITER 610] bestGlobalCost=2776720.23 (feasible=YES) bestThisIter=2805008.98 feasibleAnts=12 noImprove=10 (elapsed 167.613s)
[ITER 620] bestGlobalCost=2776720.23 (feasible=YES) bestThisIter=2788698.04 feasibleAnts=11 noImprove=20 (elapsed 169.99s)
[ITER 630] bestGlobalCost=2776720.23 (feasible=YES) bestThisIter=2776994.27 feasibleAnts=10 noImprove=30 (elapsed 172.483s)
[ITER 640] bestGlobalCost=2776720.23 (feasible=YES) bestThisIter=2788447.03 feasibleAnts=10 noImprove=40 (elapsed 175.741s)
[ITER 650] bestGlobalCost=2776720.23 (feasible=YES) bestThisIter=2785180.39 feasibleAnts=11 noImprove=50 (elapsed 178.774s)
[RESET] no improvement for50-> reset pheromones
[ITER 660] bestGlobalCost=2776720.23 (feasible=YES) bestThisIter=2814274.35 feasibleAnts=11 noImprove=10 (elapsed 181.088s)
[ITER 670] bestGlobalCost=2776720.23 (feasible=YES) bestThisIter=2790894.04 feasibleAnts=10 noImprove=20 (elapsed 183.774s)
[ITER 680] bestGlobalCost=2776720.23 (feasible=YES) bestThisIter=2793880.53 feasibleAnts=10 noImprove=30 (elapsed 186.729s)
[ITER 690] bestGlobalCost=2776720.23 (feasible=YES) bestThisIter=2784672.13 feasibleAnts=12 noImprove=40 (elapsed 190.366s)
[ITER 700] bestGlobalCost=2776720.23 (feasible=YES) bestThisIter=2783127.77 feasibleAnts=10 noImprove=50 (elapsed 193.736s)
[RESET] no improvement for50-> reset pheromones
[ITER 710] bestGlobalCost=2776720.23 (feasible=YES) bestThisIter=2793392.62 feasibleAnts=16 noImprove=10 (elapsed 196.048s)
[ITER 720] bestGlobalCost=2776720.23 (feasible=YES) bestThisIter=2790352.97 feasibleAnts=10 noImprove=20 (elapsed 198.609s)
[ITER 730] bestGlobalCost=2776720.23 (feasible=YES) bestThisIter=2793130.87 feasibleAnts=10 noImprove=30 (elapsed 201.737s)
[ITER 740] bestGlobalCost=2776720.23 (feasible=YES) bestThisIter=2776994.27 feasibleAnts=10 noImprove=40 (elapsed 204.762s)
[ITER 750] bestGlobalCost=2776720.23 (feasible=YES) bestThisIter=2796387.15 feasibleAnts=10 noImprove=50 (elapsed 207.698s)
[RESET] no improvement for50-> reset pheromones
[ITER 760] bestGlobalCost=2776720.23 (feasible=YES) bestThisIter=2790711.56 feasibleAnts=10 noImprove=10 (elapsed 210.435s)
[ITER 770] bestGlobalCost=2776720.23 (feasible=YES) bestThisIter=2781503.97 feasibleAnts=10 noImprove=20 (elapsed 213.219s)
[ITER 780] bestGlobalCost=2776720.23 (feasible=YES) bestThisIter=2791096.04 feasibleAnts=10 noImprove=30 (elapsed 215.757s)
[ITER 790] bestGlobalCost=2776720.23 (feasible=YES) bestThisIter=2781503.97 feasibleAnts=10 noImprove=40 (elapsed 218.352s)
[ITER 800] bestGlobalCost=2776720.23 (feasible=YES) bestThisIter=2782401.67 feasibleAnts=11 noImprove=50 (elapsed 220.92s)
[RESET] no improvement for50-> reset pheromones
[ITER 810] bestGlobalCost=2776720.23 (feasible=YES) bestThisIter=2802395.29 feasibleAnts=12 noImprove=10 (elapsed 223.648s)
[ITER 820] bestGlobalCost=2776720.23 (feasible=YES) bestThisIter=2788943.62 feasibleAnts=12 noImprove=20 (elapsed 226.469s)
[ITER 830] bestGlobalCost=2776720.23 (feasible=YES) bestThisIter=2790711.56 feasibleAnts=10 noImprove=30 (elapsed 229.014s)
[ITER 840] bestGlobalCost=2776720.23 (feasible=YES) bestThisIter=2791690.36 feasibleAnts=10 noImprove=40 (elapsed 232.167s)
[ITER 850] bestGlobalCost=2776720.23 (feasible=YES) bestThisIter=2784672.13 feasibleAnts=10 noImprove=50 (elapsed 235.845s)
[RESET] no improvement for50-> reset pheromones
[ITER 860] bestGlobalCost=2776720.23 (feasible=YES) bestThisIter=2785180.39 feasibleAnts=11 noImprove=10 (elapsed 238.715s)
[ITER 870] bestGlobalCost=2776720.23 (feasible=YES) bestThisIter=2788698.04 feasibleAnts=10 noImprove=20 (elapsed 241.62s)
[ITER 880] bestGlobalCost=2776720.23 (feasible=YES) bestThisIter=2788943.62 feasibleAnts=10 noImprove=30 (elapsed 244.018s)
[ITER 890] bestGlobalCost=2776720.23 (feasible=YES) bestThisIter=2797835.96 feasibleAnts=10 noImprove=40 (elapsed 246.615s)
[ITER 900] bestGlobalCost=2776720.23 (feasible=YES) bestThisIter=2789273.83 feasibleAnts=11 noImprove=50 (elapsed 249.541s)
[RESET] no improvement for50-> reset pheromones
[ITER 910] bestGlobalCost=2776720.23 (feasible=YES) bestThisIter=2793904.88 feasibleAnts=14 noImprove=10 (elapsed 251.889s)
[ITER 920] bestGlobalCost=2776720.23 (feasible=YES) bestThisIter=2776994.27 feasibleAnts=10 noImprove=20 (elapsed 254.405s)
[ITER 930] bestGlobalCost=2776720.23 (feasible=YES) bestThisIter=2785180.39 feasibleAnts=10 noImprove=30 (elapsed 256.749s)
[ITER 940] bestGlobalCost=2776720.23 (feasible=YES) bestThisIter=2788575.80 feasibleAnts=10 noImprove=40 (elapsed 259.39s)
[ITER 950] bestGlobalCost=2776720.23 (feasible=YES) bestThisIter=2784672.13 feasibleAnts=12 noImprove=50 (elapsed 262.03s)
[RESET] no improvement for50-> reset pheromones
[ITER 960] bestGlobalCost=2776720.23 (feasible=YES) bestThisIter=2790711.56 feasibleAnts=11 noImprove=10 (elapsed 264.303s)
[ITER 970] bestGlobalCost=2776720.23 (feasible=YES) bestThisIter=2784672.13 feasibleAnts=10 noImprove=20 (elapsed 267.169s)
[ITER 980] bestGlobalCost=2776720.23 (feasible=YES) bestThisIter=2788943.62 feasibleAnts=10 noImprove=30 (elapsed 269.97s)
[ITER 990] bestGlobalCost=2776720.23 (feasible=YES) bestThisIter=2784672.13 feasibleAnts=10 noImprove=40 (elapsed 272.399s)
[ITER 1000] bestGlobalCost=2776720.23 (feasible=YES) bestThisIter=2799140.37 feasibleAnts=10 noImprove=50 (elapsed 275.173s)
[RESET] no improvement for50-> reset pheromones
[ITER 1010] bestGlobalCost=2776720.23 (feasible=YES) bestThisIter=2809275.36 feasibleAnts=11 noImprove=10 (elapsed 277.811s)
[ITER 1020] bestGlobalCost=2776720.23 (feasible=YES) bestThisIter=2788966.13 feasibleAnts=12 noImprove=20 (elapsed 280.729s)
[ITER 1030] bestGlobalCost=2776720.23 (feasible=YES) bestThisIter=2784672.13 feasibleAnts=10 noImprove=30 (elapsed 283.256s)
[ITER 1040] bestGlobalCost=2776720.23 (feasible=YES) bestThisIter=2794418.17 feasibleAnts=10 noImprove=40 (elapsed 286.154s)
[ITER 1050] bestGlobalCost=2776720.23 (feasible=YES) bestThisIter=2776994.27 feasibleAnts=10 noImprove=50 (elapsed 289.353s)
[RESET] no improvement for50-> reset pheromones
[ITER 1060] bestGlobalCost=2776720.23 (feasible=YES) bestThisIter=2781503.97 feasibleAnts=17 noImprove=10 (elapsed 292.187s)
[ITER 1070] bestGlobalCost=2776720.23 (feasible=YES) bestThisIter=2795112.80 feasibleAnts=10 noImprove=20 (elapsed 295.049s)
[ITER 1080] bestGlobalCost=2776720.23 (feasible=YES) bestThisIter=2790711.56 feasibleAnts=10 noImprove=30 (elapsed 297.481s)
[ITER 1090] bestGlobalCost=2776720.23 (feasible=YES) bestThisIter=2787386.50 feasibleAnts=11 noImprove=40 (elapsed 299.784s)
7 22 23 37 47 50 52 54 55 58 65 72 79 81 84 88 104 113 115 116 124 139 140 141 143 144 154 163 164 169 171 173 177 179 184 191 193 196 
5 10 20 26 30 38 39 40 49 53 56 62 67 68 69 70 75 80 85 86 100 101 108 111 117 127 132 134 138 149 150 152 166 170 181 188 189 190 194 197 198 
4 6 14 15 33 35 43 57 60 64 66 74 82 83 87 89 94 106 112 114 118 121 128 131 133 145 147 157 159 165 168 178 180 182 183 185 186 199 
2 13 16 17 18 19 24 31 36 41 42 44 45 48 51 63 77 78 92 96 102 103 105 109 110 119 120 125 126 130 135 137 148 151 153 155 156 160 162 187 192 195 200 
1 3 8 9 11 12 21 25 27 28 29 32 34 46 59 61 71 73 76 90 91 93 95 97 98 99 107 122 123 129 136 142 146 158 161 167 172 174 175 176 
[SAVELOGS] evolution saved to results/logs/aco_logs/evolution/kroB200_05_3.txt
[SAVELOGS] best cost saved to results/logs/aco_logs/objectives/kroB200_05_3.txt
[SAVELOGS] best solution saved to results/logs/aco_logs/solutions/kroB200_05_3.txt
