[ITER 1] New best cost=2594004.17 (feasible=NO, time 0.274264s)
[ITER 1] New best cost=2972821.45 (feasible=YES, time 0.278682s)
[ITER 2] New best cost=2689640.67 (feasible=YES, time 0.491692s)
[ITER 3] New best cost=2601623.20 (feasible=YES, time 0.747444s)
[ITER 4] New best cost=2569424.67 (feasible=YES, time 0.925476s)
[ITER 5] New best cost=2564753.06 (feasible=YES, time 1.94169s)
[ITER 7] New best cost=2542489.95 (feasible=YES, time 2.23721s)
[ITER 8] New best cost=2541383.93 (feasible=YES, time 2.37296s)
[ITER 9] New best cost=2537639.71 (feasible=YES, time 2.50024s)
[ITER 10] New best cost=2513167.15 (feasible=YES, time 3.47465s)
[ITER 10] bestGlobalCost=2513167.15 (feasible=YES) bestThisIter=2540816.41 feasibleAnts=11 noImprove=0 (elapsed 3.47941s)
[ITER 14] New best cost=2477517.56 (feasible=YES, time 4.01348s)
[ITER 18] New best cost=2464685.33 (feasible=YES, time 5.25719s)
[ITER 19] New best cost=2438915.42 (feasible=YES, time 5.35785s)
[ITER 20] bestGlobalCost=2438915.42 (feasible=YES) bestThisIter=2469423.71 feasibleAnts=8 noImprove=1 (elapsed 6.31051s)
[ITER 23] New best cost=2432032.96 (feasible=YES, time 6.56479s)
[ITER 28] New best cost=2431513.15 (feasible=YES, time 7.73888s)
[ITER 30] bestGlobalCost=2431513.15 (feasible=YES) bestThisIter=2424940.15 feasibleAnts=30 noImprove=2 (elapsed 8.95476s)
[ITER 38] New best cost=2404105.76 (feasible=YES, time 11.1429s)
[ITER 40] bestGlobalCost=2404105.76 (feasible=YES) bestThisIter=2424940.15 feasibleAnts=25 noImprove=2 (elapsed 12.3024s)
[ITER 43] New best cost=2384855.46 (feasible=YES, time 12.6555s)
[ITER 45] New best cost=2384566.14 (feasible=YES, time 13.6876s)
[ITER 48] New best cost=2384558.46 (feasible=YES, time 13.9944s)
[ITER 50] bestGlobalCost=2384558.46 (feasible=YES) bestThisIter=2404608.17 feasibleAnts=29 noImprove=2 (elapsed 14.9883s)
[ITER 60] bestGlobalCost=2384558.46 (feasible=YES) bestThisIter=2398580.56 feasibleAnts=10 noImprove=12 (elapsed 17.6682s)
[ITER 63] New best cost=2379845.53 (feasible=YES, time 18.0668s)
[ITER 70] bestGlobalCost=2379845.53 (feasible=YES) bestThisIter=2393446.67 feasibleAnts=19 noImprove=7 (elapsed 20.2431s)
[ITER 80] bestGlobalCost=2379845.53 (feasible=YES) bestThisIter=2396116.89 feasibleAnts=6 noImprove=17 (elapsed 23.1733s)
[ITER 81] New best cost=2376812.96 (feasible=YES, time 23.3317s)
[ITER 86] New best cost=2371348.33 (feasible=YES, time 24.4251s)
[ITER 90] bestGlobalCost=2371348.33 (feasible=YES) bestThisIter=2393435.59 feasibleAnts=11 noImprove=4 (elapsed 25.6385s)
[ITER 100] bestGlobalCost=2371348.33 (feasible=YES) bestThisIter=2371356.01 feasibleAnts=11 noImprove=14 (elapsed 28.4884s)
[ITER 110] bestGlobalCost=2371348.33 (feasible=YES) bestThisIter=2379505.80 feasibleAnts=9 noImprove=24 (elapsed 31.5623s)
[ITER 112] New best cost=2369575.02 (feasible=YES, time 31.9101s)
[ITER 119] New best cost=2362094.55 (feasible=YES, time 33.2373s)
[ITER 120] bestGlobalCost=2362094.55 (feasible=YES) bestThisIter=2369575.02 feasibleAnts=28 noImprove=1 (elapsed 34.1129s)
[ITER 130] bestGlobalCost=2362094.55 (feasible=YES) bestThisIter=2403532.18 feasibleAnts=9 noImprove=11 (elapsed 36.8243s)
[ITER 140] bestGlobalCost=2362094.55 (feasible=YES) bestThisIter=2406080.89 feasibleAnts=8 noImprove=21 (elapsed 39.8363s)
[ITER 150] bestGlobalCost=2362094.55 (feasible=YES) bestThisIter=2486488.63 feasibleAnts=6 noImprove=31 (elapsed 43.1041s)
[ITER 160] bestGlobalCost=2362094.55 (feasible=YES) bestThisIter=2445685.73 feasibleAnts=7 noImprove=41 (elapsed 46.6167s)
[RESET] no improvement for50-> reset pheromones
[ITER 170] bestGlobalCost=2362094.55 (feasible=YES) bestThisIter=2575539.73 feasibleAnts=3 noImprove=1 (elapsed 50.4653s)
[ITER 180] bestGlobalCost=2362094.55 (feasible=YES) bestThisIter=2388885.83 feasibleAnts=8 noImprove=11 (elapsed 53.7294s)
[ITER 190] bestGlobalCost=2362094.55 (feasible=YES) bestThisIter=2445710.46 feasibleAnts=7 noImprove=21 (elapsed 56.9007s)
[ITER 200] bestGlobalCost=2362094.55 (feasible=YES) bestThisIter=2400777.25 feasibleAnts=7 noImprove=31 (elapsed 60.2836s)
[ITER 210] bestGlobalCost=2362094.55 (feasible=YES) bestThisIter=2532448.75 feasibleAnts=8 noImprove=41 (elapsed 64.113s)
[RESET] no improvement for50-> reset pheromones
[ITER 220] bestGlobalCost=2362094.55 (feasible=YES) bestThisIter=2689143.19 feasibleAnts=4 noImprove=1 (elapsed 68.03s)
[ITER 230] bestGlobalCost=2362094.55 (feasible=YES) bestThisIter=2382210.19 feasibleAnts=7 noImprove=11 (elapsed 71.2338s)
[ITER 240] bestGlobalCost=2362094.55 (feasible=YES) bestThisIter=2468356.49 feasibleAnts=6 noImprove=21 (elapsed 74.3794s)
[ITER 250] bestGlobalCost=2362094.55 (feasible=YES) bestThisIter=2419130.38 feasibleAnts=5 noImprove=31 (elapsed 77.9452s)
[ITER 260] bestGlobalCost=2362094.55 (feasible=YES) bestThisIter=2475365.19 feasibleAnts=7 noImprove=41 (elapsed 81.6129s)
[RESET] no improvement for50-> reset pheromones
[ITER 270] bestGlobalCost=2362094.55 (feasible=YES) bestThisIter=2585220.94 feasibleAnts=5 noImprove=1 (elapsed 85.5643s)
[ITER 280] bestGlobalCost=2362094.55 (feasible=YES) bestThisIter=2364430.28 feasibleAnts=9 noImprove=11 (elapsed 88.7569s)
[ITER 290] bestGlobalCost=2362094.55 (feasible=YES) bestThisIter=2371173.98 feasibleAnts=3 noImprove=21 (elapsed 91.9918s)
[ITER 300] bestGlobalCost=2362094.55 (feasible=YES) bestThisIter=2465203.97 feasibleAnts=6 noImprove=31 (elapsed 95.5516s)
[ITER 310] bestGlobalCost=2362094.55 (feasible=YES) bestThisIter=2507421.17 feasibleAnts=6 noImprove=41 (elapsed 99.2511s)
[RESET] no improvement for50-> reset pheromones
[ITER 320] bestGlobalCost=2362094.55 (feasible=YES) bestThisIter=2631929.54 feasibleAnts=8 noImprove=1 (elapsed 103.148s)
[ITER 330] bestGlobalCost=2362094.55 (feasible=YES) bestThisIter=2381438.49 feasibleAnts=6 noImprove=11 (elapsed 106.376s)
[ITER 340] bestGlobalCost=2362094.55 (feasible=YES) bestThisIter=2408855.03 feasibleAnts=6 noImprove=21 (elapsed 109.562s)
[ITER 350] bestGlobalCost=2362094.55 (feasible=YES) bestThisIter=2452743.97 feasibleAnts=6 noImprove=31 (elapsed 113.039s)
[ITER 360] bestGlobalCost=2362094.55 (feasible=YES) bestThisIter=2481850.88 feasibleAnts=6 noImprove=41 (elapsed 116.736s)
[RESET] no improvement for50-> reset pheromones
[ITER 370] bestGlobalCost=2362094.55 (feasible=YES) bestThisIter=2645229.38 feasibleAnts=5 noImprove=1 (elapsed 120.609s)
[ITER 380] bestGlobalCost=2362094.55 (feasible=YES) bestThisIter=2434028.82 feasibleAnts=5 noImprove=11 (elapsed 123.796s)
[ITER 390] bestGlobalCost=2362094.55 (feasible=YES) bestThisIter=2367359.55 feasibleAnts=8 noImprove=21 (elapsed 127.101s)
[ITER 400] bestGlobalCost=2362094.55 (feasible=YES) bestThisIter=2515919.63 feasibleAnts=7 noImprove=31 (elapsed 130.587s)
[ITER 410] bestGlobalCost=2362094.55 (feasible=YES) bestThisIter=2536030.77 feasibleAnts=8 noImprove=41 (elapsed 134.274s)
[RESET] no improvement for50-> reset pheromones
[ITER 420] bestGlobalCost=2362094.55 (feasible=YES) bestThisIter=2585603.47 feasibleAnts=3 noImprove=1 (elapsed 138.155s)
[ITER 430] bestGlobalCost=2362094.55 (feasible=YES) bestThisIter=2375880.26 feasibleAnts=8 noImprove=11 (elapsed 141.254s)
[ITER 440] bestGlobalCost=2362094.55 (feasible=YES) bestThisIter=2495218.56 feasibleAnts=5 noImprove=21 (elapsed 144.484s)
[ITER 450] bestGlobalCost=2362094.55 (feasible=YES) bestThisIter=2418857.23 feasibleAnts=7 noImprove=31 (elapsed 147.882s)
[ITER 460] bestGlobalCost=2362094.55 (feasible=YES) bestThisIter=2464202.23 feasibleAnts=9 noImprove=41 (elapsed 151.572s)
[RESET] no improvement for50-> reset pheromones
[ITER 470] bestGlobalCost=2362094.55 (feasible=YES) bestThisIter=2671440.78 feasibleAnts=7 noImprove=1 (elapsed 155.491s)
[ITER 480] bestGlobalCost=2362094.55 (feasible=YES) bestThisIter=2369195.41 feasibleAnts=11 noImprove=11 (elapsed 158.633s)
[ITER 490] bestGlobalCost=2362094.55 (feasible=YES) bestThisIter=2389023.04 feasibleAnts=6 noImprove=21 (elapsed 161.811s)
[ITER 500] bestGlobalCost=2362094.55 (feasible=YES) bestThisIter=2566620.79 feasibleAnts=6 noImprove=31 (elapsed 165.295s)
[ITER 510] bestGlobalCost=2362094.55 (feasible=YES) bestThisIter=2517148.84 feasibleAnts=5 noImprove=41 (elapsed 169.006s)
[RESET] no improvement for50-> reset pheromones
[ITER 520] bestGlobalCost=2362094.55 (feasible=YES) bestThisIter=2632540.35 feasibleAnts=4 noImprove=1 (elapsed 172.888s)
[ITER 530] bestGlobalCost=2362094.55 (feasible=YES) bestThisIter=2420363.67 feasibleAnts=8 noImprove=11 (elapsed 176.103s)
[ITER 540] bestGlobalCost=2362094.55 (feasible=YES) bestThisIter=2402505.63 feasibleAnts=7 noImprove=21 (elapsed 179.242s)
[ITER 550] bestGlobalCost=2362094.55 (feasible=YES) bestThisIter=2466495.49 feasibleAnts=9 noImprove=31 (elapsed 182.74s)
[ITER 560] bestGlobalCost=2362094.55 (feasible=YES) bestThisIter=2529908.75 feasibleAnts=6 noImprove=41 (elapsed 186.451s)
[RESET] no improvement for50-> reset pheromones
[ITER 570] bestGlobalCost=2362094.55 (feasible=YES) bestThisIter=2680181.66 feasibleAnts=3 noImprove=1 (elapsed 190.375s)
[ITER 580] bestGlobalCost=2362094.55 (feasible=YES) bestThisIter=2375223.77 feasibleAnts=5 noImprove=11 (elapsed 193.668s)
[ITER 590] bestGlobalCost=2362094.55 (feasible=YES) bestThisIter=2397433.37 feasibleAnts=8 noImprove=21 (elapsed 196.899s)
[ITER 600] bestGlobalCost=2362094.55 (feasible=YES) bestThisIter=2478750.69 feasibleAnts=4 noImprove=31 (elapsed 200.413s)
[ITER 610] bestGlobalCost=2362094.55 (feasible=YES) bestThisIter=2443552.18 feasibleAnts=6 noImprove=41 (elapsed 204.095s)
[RESET] no improvement for50-> reset pheromones
[ITER 620] bestGlobalCost=2362094.55 (feasible=YES) bestThisIter=2663060.54 feasibleAnts=5 noImprove=1 (elapsed 207.979s)
[ITER 630] bestGlobalCost=2362094.55 (feasible=YES) bestThisIter=2384125.15 feasibleAnts=4 noImprove=11 (elapsed 211.187s)
[ITER 640] bestGlobalCost=2362094.55 (feasible=YES) bestThisIter=2378547.31 feasibleAnts=6 noImprove=21 (elapsed 214.457s)
[ITER 650] bestGlobalCost=2362094.55 (feasible=YES) bestThisIter=2488992.14 feasibleAnts=3 noImprove=31 (elapsed 217.949s)
[ITER 660] bestGlobalCost=2362094.55 (feasible=YES) bestThisIter=2514887.83 feasibleAnts=4 noImprove=41 (elapsed 221.565s)
[RESET] no improvement for50-> reset pheromones
[ITER 670] bestGlobalCost=2362094.55 (feasible=YES) bestThisIter=2625570.01 feasibleAnts=8 noImprove=1 (elapsed 225.467s)
[ITER 680] bestGlobalCost=2362094.55 (feasible=YES) bestThisIter=2398575.87 feasibleAnts=8 noImprove=11 (elapsed 228.67s)
[ITER 690] bestGlobalCost=2362094.55 (feasible=YES) bestThisIter=2437110.53 feasibleAnts=7 noImprove=21 (elapsed 231.892s)
[ITER 700] bestGlobalCost=2362094.55 (feasible=YES) bestThisIter=2466855.10 feasibleAnts=4 noImprove=31 (elapsed 235.402s)
[ITER 710] bestGlobalCost=2362094.55 (feasible=YES) bestThisIter=2548974.46 feasibleAnts=4 noImprove=41 (elapsed 239.102s)
[RESET] no improvement for50-> reset pheromones
[ITER 720] bestGlobalCost=2362094.55 (feasible=YES) bestThisIter=2614138.03 feasibleAnts=3 noImprove=1 (elapsed 243.015s)
[ITER 730] bestGlobalCost=2362094.55 (feasible=YES) bestThisIter=2415271.76 feasibleAnts=6 noImprove=11 (elapsed 246.924s)
[ITER 740] bestGlobalCost=2362094.55 (feasible=YES) bestThisIter=2427252.36 feasibleAnts=7 noImprove=21 (elapsed 250.375s)
[ITER 750] bestGlobalCost=2362094.55 (feasible=YES) bestThisIter=2490672.28 feasibleAnts=5 noImprove=31 (elapsed 253.881s)
[ITER 760] bestGlobalCost=2362094.55 (feasible=YES) bestThisIter=2430973.65 feasibleAnts=5 noImprove=41 (elapsed 257.524s)
[RESET] no improvement for50-> reset pheromones
[ITER 770] bestGlobalCost=2362094.55 (feasible=YES) bestThisIter=2662336.73 feasibleAnts=5 noImprove=1 (elapsed 261.403s)
[ITER 778] New best cost=2361826.28 (feasible=YES, time 263.509s)
[ITER 780] bestGlobalCost=2361826.28 (feasible=YES) bestThisIter=2362094.55 feasibleAnts=30 noImprove=2 (elapsed 264.439s)
[ITER 787] New best cost=2359137.20 (feasible=YES, time 265.985s)
[ITER 790] bestGlobalCost=2359137.20 (feasible=YES) bestThisIter=2361826.28 feasibleAnts=19 noImprove=3 (elapsed 266.992s)
[ITER 799] New best cost=2357483.14 (feasible=YES, time 268.962s)
[ITER 800] bestGlobalCost=2357483.14 (feasible=YES) bestThisIter=2359137.20 feasibleAnts=30 noImprove=1 (elapsed 269.842s)
[ITER 803] New best cost=2352006.31 (feasible=YES, time 270.029s)
[ITER 810] bestGlobalCost=2352006.31 (feasible=YES) bestThisIter=2392225.42 feasibleAnts=16 noImprove=7 (elapsed 272.228s)
[ITER 820] bestGlobalCost=2352006.31 (feasible=YES) bestThisIter=2378464.33 feasibleAnts=6 noImprove=17 (elapsed 275.172s)
[ITER 830] bestGlobalCost=2352006.31 (feasible=YES) bestThisIter=2391116.98 feasibleAnts=6 noImprove=27 (elapsed 278.275s)
[ITER 836] New best cost=2346673.14 (feasible=YES, time 280.099s)
[ITER 840] bestGlobalCost=2346673.14 (feasible=YES) bestThisIter=2350108.80 feasibleAnts=13 noImprove=4 (elapsed 281.126s)
[ITER 850] bestGlobalCost=2346673.14 (feasible=YES) bestThisIter=2361495.28 feasibleAnts=11 noImprove=14 (elapsed 283.895s)
[ITER 860] bestGlobalCost=2346673.14 (feasible=YES) bestThisIter=2351763.14 feasibleAnts=10 noImprove=24 (elapsed 286.873s)
[ITER 870] bestGlobalCost=2346673.14 (feasible=YES) bestThisIter=2380683.17 feasibleAnts=5 noImprove=34 (elapsed 290.213s)
[ITER 878] New best cost=2326290.81 (feasible=YES, time 292.857s)
[ITER 880] bestGlobalCost=2326290.81 (feasible=YES) bestThisIter=2346673.14 feasibleAnts=27 noImprove=2 (elapsed 294.111s)
[ITER 890] bestGlobalCost=2326290.81 (feasible=YES) bestThisIter=2341056.82 feasibleAnts=11 noImprove=12 (elapsed 297.265s)
[ITER 900] bestGlobalCost=2326290.81 (feasible=YES) bestThisIter=2357413.24 feasibleAnts=6 noImprove=22 (elapsed 300.087s)
[ITER 910] bestGlobalCost=2326290.81 (feasible=YES) bestThisIter=2354880.31 feasibleAnts=8 noImprove=32 (elapsed 303.185s)
[ITER 920] bestGlobalCost=2326290.81 (feasible=YES) bestThisIter=2486232.02 feasibleAnts=6 noImprove=42 (elapsed 306.656s)
[RESET] no improvement for50-> reset pheromones
[ITER 930] bestGlobalCost=2326290.81 (feasible=YES) bestThisIter=2531625.10 feasibleAnts=5 noImprove=2 (elapsed 310.506s)
[ITER 940] bestGlobalCost=2326290.81 (feasible=YES) bestThisIter=2364461.47 feasibleAnts=7 noImprove=12 (elapsed 313.535s)
[ITER 950] bestGlobalCost=2326290.81 (feasible=YES) bestThisIter=2403008.91 feasibleAnts=7 noImprove=22 (elapsed 316.693s)
[ITER 960] bestGlobalCost=2326290.81 (feasible=YES) bestThisIter=2557795.65 feasibleAnts=6 noImprove=32 (elapsed 320.192s)
[ITER 970] bestGlobalCost=2326290.81 (feasible=YES) bestThisIter=2517507.13 feasibleAnts=6 noImprove=42 (elapsed 323.89s)
[RESET] no improvement for50-> reset pheromones
[ITER 980] bestGlobalCost=2326290.81 (feasible=YES) bestThisIter=2472256.95 feasibleAnts=9 noImprove=2 (elapsed 327.784s)
[ITER 990] bestGlobalCost=2326290.81 (feasible=YES) bestThisIter=2328432.58 feasibleAnts=10 noImprove=12 (elapsed 330.783s)
[ITER 1000] bestGlobalCost=2326290.81 (feasible=YES) bestThisIter=2357492.48 feasibleAnts=6 noImprove=22 (elapsed 333.869s)
140 141 142 173 174 175 176 177 178 179 180 181 182 183 186 212 214 215 216 217 219 220 243 244 245 246 248 
19 21 22 23 25 26 27 28 29 30 33 65 67 68 69 70 96 102 103 104 105 107 108 110 111 112 113 
2 3 4 5 6 7 8 10 11 12 13 15 78 80 81 82 83 84 85 86 87 89 90 91 93 
143 144 145 146 147 163 164 165 166 167 168 169 170 171 172 218 221 222 223 224 225 238 239 240 241 242 264 
148 149 150 151 152 153 154 155 156 157 158 159 160 161 162 226 227 228 229 230 231 232 233 234 235 236 237 
133 134 135 136 190 192 193 194 195 196 197 198 199 200 201 202 203 204 205 206 255 256 257 258 259 260 262 
88 131 137 138 139 184 185 187 188 189 191 207 208 209 210 211 213 247 249 250 251 252 253 254 261 263 
39 41 42 43 44 46 47 48 49 50 51 53 54 55 56 57 58 59 119 122 123 124 125 126 127 128 
1 31 32 34 35 36 37 38 40 45 52 60 61 62 63 64 66 71 114 115 116 117 118 120 121 129 
9 14 16 17 18 20 24 72 73 74 75 76 77 79 92 94 95 97 98 99 100 101 106 109 130 132 
[SAVELOGS] evolution saved to results/logs/aco_logs/evolution/pr264_10_3.txt
[SAVELOGS] best cost saved to results/logs/aco_logs/objectives/pr264_10_3.txt
[SAVELOGS] best solution saved to results/logs/aco_logs/solutions/pr264_10_3.txt
