[ITER 1] New best cost=471483.44 (feasible=YES, time 0.687494s)
[ITER 2] New best cost=441939.45 (feasible=YES, time 1.1771s)
[ITER 10] bestGlobalCost=441939.45 (feasible=YES) bestThisIter=496875.38 feasibleAnts=10 noImprove=8 (elapsed 6.42641s)
[ITER 15] New best cost=416805.88 (feasible=YES, time 11.5103s)
[ITER 15] New best cost=405153.84 (feasible=YES, time 13.8735s)
[ITER 19] New best cost=399738.18 (feasible=YES, time 22.4656s)
[ITER 20] bestGlobalCost=399738.18 (feasible=YES) bestThisIter=400068.43 feasibleAnts=9 noImprove=1 (elapsed 22.7447s)
[ITER 22] New best cost=399501.16 (feasible=YES, time 23.2171s)
[ITER 23] New best cost=396762.01 (feasible=YES, time 23.5072s)
[ITER 26] New best cost=394911.70 (feasible=YES, time 24.4258s)
[ITER 30] New best cost=390891.35 (feasible=YES, time 28.392s)
[ITER 30] bestGlobalCost=390891.35 (feasible=YES) bestThisIter=402475.08 feasibleAnts=9 noImprove=0 (elapsed 38.6621s)
[ITER 40] bestGlobalCost=390891.35 (feasible=YES) bestThisIter=437485.30 feasibleAnts=10 noImprove=10 (elapsed 42.0702s)
[ITER 45] New best cost=388225.07 (feasible=YES, time 49.4882s)
[ITER 50] bestGlobalCost=388225.07 (feasible=YES) bestThisIter=393885.74 feasibleAnts=8 noImprove=5 (elapsed 57.792s)
53 55 56 57 58 59 60 64 
5 9 150 152 153 154 155 157 
2 3 4 6 7 8 156 
46 48 49 51 52 54 73 75 
16 17 19 20 22 23 24 26 
11 12 13 14 15 141 142 143 
10 144 145 146 147 148 149 151 
33 36 37 38 39 131 133 137 
77 80 83 84 85 86 87 
18 21 25 27 28 29 30 32 
40 41 47 50 128 130 134 
31 34 35 135 136 138 139 140 
97 98 99 100 101 103 104 105 
70 71 72 74 76 78 79 82 
90 91 92 94 109 118 119 121 
1 124 125 126 127 129 158 159 
42 43 44 45 116 120 122 123 132 
88 89 93 95 96 102 106 107 
61 62 63 65 66 67 68 69 81 
108 110 111 112 113 114 115 117 
[SAVELOGS] evolution saved to results/logs/u159_20_5/evolution/u159_20_5
[SAVELOGS] best cost saved to results/logs/u159_20_5/objectives/u159_20_5
[SAVELOGS] best solution saved to results/logs/u159_20_5/solutions/u159_20_5
