[ITER 1] New best cost=457240.66 (feasible=YES, time 0.621104s)
[ITER 5] New best cost=443913.55 (feasible=YES, time 2.56025s)
[ITER 7] New best cost=421890.58 (feasible=YES, time 3.38536s)
[ITER 10] bestGlobalCost=421890.58 (feasible=YES) bestThisIter=465642.36 feasibleAnts=10 noImprove=3 (elapsed 4.58741s)
[ITER 15] New best cost=403955.89 (feasible=YES, time 8.7192s)
[ITER 15] New best cost=392909.19 (feasible=YES, time 15.1111s)
[ITER 20] bestGlobalCost=392909.19 (feasible=YES) bestThisIter=435283.98 feasibleAnts=10 noImprove=5 (elapsed 19.2652s)
[ITER 30] New best cost=388868.62 (feasible=YES, time 25.2233s)
[ITER 30] bestGlobalCost=388868.62 (feasible=YES) bestThisIter=423285.77 feasibleAnts=10 noImprove=0 (elapsed 33.8396s)
[ITER 31] New best cost=387063.10 (feasible=YES, time 34.0739s)
[ITER 32] New best cost=386360.94 (feasible=YES, time 34.2746s)
[ITER 36] New best cost=385247.16 (feasible=YES, time 35.4833s)
[ITER 40] bestGlobalCost=385247.16 (feasible=YES) bestThisIter=385247.16 feasibleAnts=10 noImprove=4 (elapsed 36.7372s)
[ITER 45] New best cost=384239.14 (feasible=YES, time 44.5604s)
[ITER 45] New best cost=380815.69 (feasible=YES, time 46.6858s)
[ITER 50] bestGlobalCost=380815.69 (feasible=YES) bestThisIter=380815.69 feasibleAnts=10 noImprove=5 (elapsed 50.1555s)
[ITER 60] New best cost=380228.39 (feasible=YES, time 58.3206s)
[ITER 60] bestGlobalCost=380228.39 (feasible=YES) bestThisIter=456412.20 feasibleAnts=10 noImprove=0 (elapsed 64.724s)
93 95 98 102 105 106 107 
46 47 48 49 51 52 54 55 
50 64 65 67 68 69 70 72 
78 80 82 83 84 85 89 
36 37 38 39 40 133 135 140 
9 10 11 12 13 14 143 151 
86 87 97 99 100 101 103 104 
45 115 116 118 119 120 121 122 123 
41 42 43 44 131 132 134 137 
108 110 111 112 113 114 117 130 
3 4 5 6 7 153 155 159 
53 56 57 58 59 60 61 62 63 
66 71 73 74 76 77 79 81 
23 24 25 26 27 28 29 30 
2 8 148 150 154 156 157 
31 32 33 34 35 136 138 142 
1 124 125 126 127 128 129 158 
139 141 144 145 146 147 149 152 
15 16 17 18 19 20 21 22 
75 88 90 91 92 94 96 109 
[SAVELOGS] evolution saved to results/logs/u159_20_5/evolution/u159_20_5
[SAVELOGS] best cost saved to results/logs/u159_20_5/objectives/u159_20_5
[SAVELOGS] best solution saved to results/logs/u159_20_5/solutions/u159_20_5
