[ITER 1] New best cost=107383.34 (feasible=YES, time 0.0851287s)
[ITER 2] New best cost=104070.31 (feasible=YES, time 0.172403s)
[ITER 3] New best cost=103387.01 (feasible=YES, time 0.257051s)
[ITER 4] New best cost=102250.56 (feasible=YES, time 0.326715s)
[ITER 10] bestGlobalCost=102250.56 (feasible=YES) bestThisIter=104879.05 feasibleAnts=10 noImprove=6 (elapsed 0.914752s)
[ITER 15] New best cost=102156.21 (feasible=YES, time 4.12076s)
[ITER 16] New best cost=102131.88 (feasible=YES, time 5.71801s)
[ITER 20] bestGlobalCost=102131.88 (feasible=YES) bestThisIter=102131.88 feasibleAnts=12 noImprove=4 (elapsed 6.02372s)
[ITER 30] bestGlobalCost=102131.88 (feasible=YES) bestThisIter=102131.88 feasibleAnts=10 noImprove=14 (elapsed 11.2197s)
[ITER 35] New best cost=101778.56 (feasible=YES, time 11.7309s)
[ITER 40] bestGlobalCost=101778.56 (feasible=YES) bestThisIter=101778.56 feasibleAnts=10 noImprove=5 (elapsed 12.2813s)
[ITER 50] bestGlobalCost=101778.56 (feasible=YES) bestThisIter=101944.65 feasibleAnts=10 noImprove=15 (elapsed 17.2964s)
[ITER 60] bestGlobalCost=101778.56 (feasible=YES) bestThisIter=104595.97 feasibleAnts=10 noImprove=25 (elapsed 24.1396s)
[RESET] no improvement for30-> reset pheromones
[ITER 70] bestGlobalCost=101778.56 (feasible=YES) bestThisIter=108288.76 feasibleAnts=10 noImprove=5 (elapsed 25.2418s)
[ITER 80] bestGlobalCost=101778.56 (feasible=YES) bestThisIter=101811.42 feasibleAnts=10 noImprove=15 (elapsed 30.8788s)
[ITER 90] bestGlobalCost=101778.56 (feasible=YES) bestThisIter=103471.39 feasibleAnts=10 noImprove=25 (elapsed 36.2488s)
[RESET] no improvement for30-> reset pheromones
[ITER 100] bestGlobalCost=101778.56 (feasible=YES) bestThisIter=104289.02 feasibleAnts=10 noImprove=5 (elapsed 37.1096s)
[ITER 110] bestGlobalCost=101778.56 (feasible=YES) bestThisIter=104422.27 feasibleAnts=10 noImprove=15 (elapsed 42.6778s)
[ITER 120] bestGlobalCost=101778.56 (feasible=YES) bestThisIter=104615.21 feasibleAnts=10 noImprove=25 (elapsed 48.352s)
[RESET] no improvement for30-> reset pheromones
[ITER 130] bestGlobalCost=101778.56 (feasible=YES) bestThisIter=104579.96 feasibleAnts=10 noImprove=5 (elapsed 49.2616s)
[ITER 140] bestGlobalCost=101778.56 (feasible=YES) bestThisIter=103033.54 feasibleAnts=10 noImprove=15 (elapsed 54.8402s)
[ITER 149] New best cost=101607.80 (feasible=YES, time 55.7746s)
[ITER 150] bestGlobalCost=101607.80 (feasible=YES) bestThisIter=101778.56 feasibleAnts=22 noImprove=1 (elapsed 59.9654s)
2 20 34 39 46 50 54 71 80 112 117 130 
6 10 13 14 23 47 51 55 60 67 96 102 122 
1 5 11 16 41 45 62 76 105 109 115 128 129 
25 32 36 63 68 77 81 84 87 94 103 110 113 
3 8 18 28 30 59 66 78 83 85 90 114 121 125 126 
15 17 19 24 27 29 31 79 89 95 100 104 116 
12 38 49 53 58 72 73 91 92 99 106 120 
4 21 22 33 35 37 40 42 44 93 108 118 
9 52 56 57 65 74 75 82 101 111 119 123 
7 26 43 48 61 64 69 70 86 88 97 98 107 124 127 
[SAVELOGS] evolution saved to results/logs/ch130_10_3/evolution/ch130_10_3
[SAVELOGS] best cost saved to results/logs/ch130_10_3/objectives/ch130_10_3
[SAVELOGS] best solution saved to results/logs/ch130_10_3/solutions/ch130_10_3
