[ITER 1] New best cost=104295.58 (feasible=YES, time 0.135125s)
[ITER 3] New best cost=104018.08 (feasible=YES, time 0.359387s)
[ITER 4] New best cost=102406.62 (feasible=YES, time 0.466398s)
[ITER 7] New best cost=102356.48 (feasible=YES, time 0.826962s)
[ITER 8] New best cost=102283.07 (feasible=YES, time 0.964122s)
[ITER 10] New best cost=102093.90 (feasible=YES, time 1.2099s)
[ITER 10] bestGlobalCost=102093.90 (feasible=YES) bestThisIter=102093.90 feasibleAnts=10 noImprove=0 (elapsed 1.21345s)
[ITER 12] New best cost=101243.48 (feasible=YES, time 1.40746s)
[ITER 14] New best cost=100891.41 (feasible=YES, time 1.64314s)
[ITER 15] New best cost=100112.64 (feasible=YES, time 2.64756s)
[ITER 20] New best cost=100065.12 (feasible=YES, time 6.13001s)
[ITER 20] bestGlobalCost=100065.12 (feasible=YES) bestThisIter=100065.12 feasibleAnts=10 noImprove=0 (elapsed 6.13563s)
[ITER 30] bestGlobalCost=100065.12 (feasible=YES) bestThisIter=100065.12 feasibleAnts=10 noImprove=10 (elapsed 11.2857s)
[ITER 40] bestGlobalCost=100065.12 (feasible=YES) bestThisIter=102722.75 feasibleAnts=10 noImprove=20 (elapsed 12.1151s)
[ITER 50] bestGlobalCost=100065.12 (feasible=YES) bestThisIter=102857.34 feasibleAnts=9 noImprove=30 (elapsed 17.2163s)
[RESET] no improvement for30-> reset pheromones
[ITER 60] bestGlobalCost=100065.12 (feasible=YES) bestThisIter=106067.60 feasibleAnts=10 noImprove=10 (elapsed 22.5344s)
[ITER 70] bestGlobalCost=100065.12 (feasible=YES) bestThisIter=101243.92 feasibleAnts=10 noImprove=20 (elapsed 23.4673s)
[ITER 80] bestGlobalCost=100065.12 (feasible=YES) bestThisIter=101592.87 feasibleAnts=10 noImprove=30 (elapsed 28.7114s)
[RESET] no improvement for30-> reset pheromones
[ITER 90] bestGlobalCost=100065.12 (feasible=YES) bestThisIter=100780.31 feasibleAnts=10 noImprove=10 (elapsed 34.2123s)
[ITER 100] bestGlobalCost=100065.12 (feasible=YES) bestThisIter=103588.75 feasibleAnts=10 noImprove=20 (elapsed 35.2063s)
[ITER 110] bestGlobalCost=100065.12 (feasible=YES) bestThisIter=100332.63 feasibleAnts=9 noImprove=30 (elapsed 40.2099s)
[RESET] no improvement for30-> reset pheromones
[ITER 120] bestGlobalCost=100065.12 (feasible=YES) bestThisIter=103150.94 feasibleAnts=10 noImprove=10 (elapsed 45.5688s)
[ITER 130] bestGlobalCost=100065.12 (feasible=YES) bestThisIter=102717.41 feasibleAnts=10 noImprove=20 (elapsed 46.5391s)
[ITER 140] bestGlobalCost=100065.12 (feasible=YES) bestThisIter=100732.79 feasibleAnts=10 noImprove=30 (elapsed 51.8164s)
[RESET] no improvement for30-> reset pheromones
[ITER 150] bestGlobalCost=100065.12 (feasible=YES) bestThisIter=107636.37 feasibleAnts=10 noImprove=10 (elapsed 57.0847s)
[ITER 160] bestGlobalCost=100065.12 (feasible=YES) bestThisIter=102341.16 feasibleAnts=10 noImprove=20 (elapsed 58.0937s)
12 32 36 77 81 84 87 89 94 103 113 119 
15 17 19 24 29 31 34 54 79 95 100 104 116 
4 20 21 22 35 37 40 46 47 80 93 118 
1 2 11 16 45 61 64 69 76 86 88 109 124 129 
38 44 49 53 58 60 72 91 92 99 106 120 
3 18 28 30 33 59 66 78 83 85 90 114 121 125 126 
5 8 39 41 50 62 71 105 108 112 115 117 128 130 
7 25 26 27 43 48 63 68 70 97 98 107 110 127 
9 52 56 57 65 73 74 75 82 101 111 123 
6 10 13 14 23 42 51 55 67 96 102 122 
[SAVELOGS] evolution saved to results/logs/ch130_10_3/evolution/ch130_10_3
[SAVELOGS] best cost saved to results/logs/ch130_10_3/objectives/ch130_10_3
[SAVELOGS] best solution saved to results/logs/ch130_10_3/solutions/ch130_10_3
