[ITER 1] New best cost=578604.59 (feasible=YES, time 0.134108s)
[ITER 2] New best cost=577286.56 (feasible=YES, time 0.230363s)
[ITER 3] New best cost=561057.39 (feasible=YES, time 0.320344s)
[ITER 10] New best cost=558885.40 (feasible=YES, time 0.972129s)
[ITER 10] bestGlobalCost=558885.40 (feasible=YES) bestThisIter=558885.40 feasibleAnts=10 noImprove=0 (elapsed 0.97667s)
[ITER 13] New best cost=558876.40 (feasible=YES, time 1.22107s)
[ITER 14] New best cost=558473.10 (feasible=YES, time 1.30124s)
[ITER 15] New best cost=557975.39 (feasible=YES, time 2.6473s)
[ITER 15] New best cost=555786.41 (feasible=YES, time 5.29747s)
[ITER 18] New best cost=552074.55 (feasible=YES, time 7.69908s)
[ITER 19] New best cost=551090.12 (feasible=YES, time 7.79587s)
[ITER 20] bestGlobalCost=551090.12 (feasible=YES) bestThisIter=552847.95 feasibleAnts=10 noImprove=1 (elapsed 7.85431s)
[ITER 22] New best cost=549810.06 (feasible=YES, time 7.99024s)
[ITER 28] New best cost=548285.70 (feasible=YES, time 8.54225s)
[ITER 30] New best cost=548241.86 (feasible=YES, time 9.7984s)
[ITER 30] New best cost=547819.65 (feasible=YES, time 13.7222s)
[ITER 30] New best cost=546236.10 (feasible=YES, time 14.7955s)
[ITER 30] bestGlobalCost=546236.10 (feasible=YES) bestThisIter=548241.86 feasibleAnts=11 noImprove=0 (elapsed 14.8001s)
[ITER 31] New best cost=545359.18 (feasible=YES, time 14.89s)
[ITER 40] bestGlobalCost=545359.18 (feasible=YES) bestThisIter=545359.18 feasibleAnts=10 noImprove=9 (elapsed 15.6695s)
[ITER 50] bestGlobalCost=545359.18 (feasible=YES) bestThisIter=545359.18 feasibleAnts=10 noImprove=19 (elapsed 23.1488s)
[ITER 60] New best cost=543880.13 (feasible=YES, time 25.8849s)
[ITER 60] bestGlobalCost=543880.13 (feasible=YES) bestThisIter=553486.45 feasibleAnts=10 noImprove=0 (elapsed 30.7826s)
[ITER 69] New best cost=543202.92 (feasible=YES, time 31.6845s)
[ITER 70] bestGlobalCost=543202.92 (feasible=YES) bestThisIter=543880.13 feasibleAnts=18 noImprove=1 (elapsed 31.7758s)
[ITER 80] bestGlobalCost=543202.92 (feasible=YES) bestThisIter=543308.09 feasibleAnts=10 noImprove=11 (elapsed 38.8123s)
[ITER 90] bestGlobalCost=543202.92 (feasible=YES) bestThisIter=545463.96 feasibleAnts=10 noImprove=21 (elapsed 45.2078s)
[RESET] no improvement for30-> reset pheromones
[ITER 100] bestGlobalCost=543202.92 (feasible=YES) bestThisIter=574703.34 feasibleAnts=10 noImprove=1 (elapsed 46.568s)
[ITER 110] bestGlobalCost=543202.92 (feasible=YES) bestThisIter=550191.37 feasibleAnts=10 noImprove=11 (elapsed 53.8809s)
[ITER 120] bestGlobalCost=543202.92 (feasible=YES) bestThisIter=553372.18 feasibleAnts=10 noImprove=21 (elapsed 61.0586s)
3 14 29 39 41 48 52 71 96 100 101 107 112 121 132 136 
2 25 40 50 51 54 61 64 68 69 73 81 85 108 114 144 
9 20 23 35 57 60 62 77 86 87 110 125 145 150 
6 28 49 58 63 92 93 98 105 113 130 131 142 148 
10 18 22 24 36 38 79 84 88 99 102 104 106 111 
7 12 27 34 43 46 55 83 115 117 120 123 128 135 140 149 
4 16 19 26 53 65 66 70 75 94 118 124 129 134 137 
1 8 31 42 56 67 80 89 97 119 122 133 138 139 143 
5 13 30 33 37 44 76 78 82 95 103 116 126 146 147 
11 15 17 21 32 45 47 59 72 74 90 91 109 127 141 
[SAVELOGS] evolution saved to results/logs/kroA150_10_3/evolution/kroA150_10_3
[SAVELOGS] best cost saved to results/logs/kroA150_10_3/objectives/kroA150_10_3
[SAVELOGS] best solution saved to results/logs/kroA150_10_3/solutions/kroA150_10_3
