[ITER 1] New best cost=576934.62 (feasible=YES, time 0.160614s)
[ITER 2] New best cost=557006.88 (feasible=YES, time 0.248338s)
[ITER 3] New best cost=549838.00 (feasible=YES, time 0.354905s)
[ITER 4] New best cost=549706.65 (feasible=YES, time 0.436211s)
[ITER 9] New best cost=547407.27 (feasible=YES, time 0.968367s)
[ITER 10] bestGlobalCost=547407.27 (feasible=YES) bestThisIter=549706.65 feasibleAnts=10 noImprove=1 (elapsed 1.0642s)
[ITER 16] New best cost=546032.07 (feasible=YES, time 7.60893s)
[ITER 20] bestGlobalCost=546032.07 (feasible=YES) bestThisIter=546032.07 feasibleAnts=13 noImprove=4 (elapsed 8.04278s)
[ITER 30] New best cost=544543.70 (feasible=YES, time 11.2919s)
[ITER 30] bestGlobalCost=544543.70 (feasible=YES) bestThisIter=549207.40 feasibleAnts=10 noImprove=0 (elapsed 14.9496s)
[ITER 40] bestGlobalCost=544543.70 (feasible=YES) bestThisIter=548190.26 feasibleAnts=10 noImprove=10 (elapsed 16.005s)
[ITER 50] bestGlobalCost=544543.70 (feasible=YES) bestThisIter=550079.24 feasibleAnts=10 noImprove=20 (elapsed 23.0704s)
[ITER 51] New best cost=543698.96 (feasible=YES, time 23.1922s)
[ITER 55] New best cost=543202.92 (feasible=YES, time 23.5309s)
[ITER 60] bestGlobalCost=543202.92 (feasible=YES) bestThisIter=543202.92 feasibleAnts=10 noImprove=5 (elapsed 29.8425s)
[ITER 70] bestGlobalCost=543202.92 (feasible=YES) bestThisIter=548378.61 feasibleAnts=10 noImprove=15 (elapsed 30.9978s)
[ITER 80] bestGlobalCost=543202.92 (feasible=YES) bestThisIter=554478.47 feasibleAnts=10 noImprove=25 (elapsed 37.9834s)
[RESET] no improvement for30-> reset pheromones
[ITER 90] bestGlobalCost=543202.92 (feasible=YES) bestThisIter=559608.33 feasibleAnts=10 noImprove=5 (elapsed 45.2126s)
[ITER 100] bestGlobalCost=543202.92 (feasible=YES) bestThisIter=549491.19 feasibleAnts=10 noImprove=15 (elapsed 46.6523s)
[ITER 110] bestGlobalCost=543202.92 (feasible=YES) bestThisIter=545463.96 feasibleAnts=10 noImprove=25 (elapsed 53.5183s)
[RESET] no improvement for30-> reset pheromones
[ITER 120] bestGlobalCost=543202.92 (feasible=YES) bestThisIter=558864.15 feasibleAnts=10 noImprove=5 (elapsed 61.2017s)
5 13 30 33 37 44 76 78 82 95 103 116 126 146 147 
7 12 27 34 43 46 55 83 115 117 120 123 128 135 140 149 
3 14 29 39 41 48 52 71 96 100 101 107 112 121 132 136 
9 20 23 35 57 60 62 77 86 87 110 125 145 150 
11 15 17 21 32 45 47 59 72 74 90 91 109 127 141 
2 25 40 50 51 54 61 64 68 69 73 81 85 108 114 144 
4 16 19 26 53 65 66 70 75 94 118 124 129 134 137 
1 8 31 42 56 67 80 89 97 119 122 133 138 139 143 
6 28 49 58 63 92 93 98 105 113 130 131 142 148 
10 18 22 24 36 38 79 84 88 99 102 104 106 111 
[SAVELOGS] evolution saved to results/logs/kroA150_10_3/evolution/kroA150_10_3
[SAVELOGS] best cost saved to results/logs/kroA150_10_3/objectives/kroA150_10_3
[SAVELOGS] best solution saved to results/logs/kroA150_10_3/solutions/kroA150_10_3
