[ITER 1] New best cost=318227.05 (feasible=YES, time 1.78886s)
[ITER 4] New best cost=315096.22 (feasible=YES, time 2.14789s)
[ITER 8] New best cost=311828.55 (feasible=YES, time 2.55682s)
[ITER 10] bestGlobalCost=311828.55 (feasible=YES) bestThisIter=316984.05 feasibleAnts=15 noImprove=2 (elapsed 2.75516s)
[ITER 11] New best cost=307264.33 (feasible=YES, time 4.50375s)
[ITER 14] New best cost=307213.31 (feasible=YES, time 4.80264s)
[ITER 20] bestGlobalCost=307213.31 (feasible=YES) bestThisIter=307586.40 feasibleAnts=15 noImprove=6 (elapsed 5.36171s)
[ITER 27] New best cost=305990.58 (feasible=YES, time 7.66881s)
[ITER 30] bestGlobalCost=305990.58 (feasible=YES) bestThisIter=306686.74 feasibleAnts=15 noImprove=3 (elapsed 7.93169s)
[ITER 40] bestGlobalCost=305990.58 (feasible=YES) bestThisIter=307408.79 feasibleAnts=15 noImprove=13 (elapsed 10.4993s)
[ITER 41] New best cost=305456.40 (feasible=YES, time 12.2516s)
[ITER 50] bestGlobalCost=305456.40 (feasible=YES) bestThisIter=307480.70 feasibleAnts=15 noImprove=9 (elapsed 13.0739s)
[ITER 60] bestGlobalCost=305456.40 (feasible=YES) bestThisIter=308252.15 feasibleAnts=15 noImprove=19 (elapsed 15.7061s)
[ITER 70] bestGlobalCost=305456.40 (feasible=YES) bestThisIter=313643.56 feasibleAnts=15 noImprove=29 (elapsed 18.4094s)
[ITER 80] bestGlobalCost=305456.40 (feasible=YES) bestThisIter=308956.46 feasibleAnts=15 noImprove=39 (elapsed 21.167s)
[ITER 90] bestGlobalCost=305456.40 (feasible=YES) bestThisIter=309003.58 feasibleAnts=15 noImprove=49 (elapsed 23.9312s)
[RESET] no improvement for50-> reset pheromones
[ITER 100] bestGlobalCost=305456.40 (feasible=YES) bestThisIter=308058.38 feasibleAnts=15 noImprove=9 (elapsed 26.6643s)
[ITER 110] bestGlobalCost=305456.40 (feasible=YES) bestThisIter=308919.59 feasibleAnts=15 noImprove=19 (elapsed 29.3322s)
[ITER 120] bestGlobalCost=305456.40 (feasible=YES) bestThisIter=306807.46 feasibleAnts=15 noImprove=29 (elapsed 32.0439s)
[ITER 128] New best cost=305302.49 (feasible=YES, time 34.5518s)
[ITER 130] bestGlobalCost=305302.49 (feasible=YES) bestThisIter=305507.07 feasibleAnts=15 noImprove=2 (elapsed 34.7239s)
[ITER 140] bestGlobalCost=305302.49 (feasible=YES) bestThisIter=309354.30 feasibleAnts=15 noImprove=12 (elapsed 37.3316s)
[ITER 150] bestGlobalCost=305302.49 (feasible=YES) bestThisIter=308511.81 feasibleAnts=15 noImprove=22 (elapsed 39.9831s)
[ITER 160] bestGlobalCost=305302.49 (feasible=YES) bestThisIter=308588.77 feasibleAnts=15 noImprove=32 (elapsed 42.7414s)
[ITER 170] bestGlobalCost=305302.49 (feasible=YES) bestThisIter=306341.83 feasibleAnts=15 noImprove=42 (elapsed 45.5199s)
[RESET] no improvement for50-> reset pheromones
[ITER 180] bestGlobalCost=305302.49 (feasible=YES) bestThisIter=314992.63 feasibleAnts=15 noImprove=2 (elapsed 48.5054s)
[ITER 190] bestGlobalCost=305302.49 (feasible=YES) bestThisIter=307853.94 feasibleAnts=15 noImprove=12 (elapsed 51.165s)
[ITER 200] bestGlobalCost=305302.49 (feasible=YES) bestThisIter=310593.20 feasibleAnts=15 noImprove=22 (elapsed 53.8944s)
[ITER 210] bestGlobalCost=305302.49 (feasible=YES) bestThisIter=308819.85 feasibleAnts=15 noImprove=32 (elapsed 56.5658s)
[ITER 212] New best cost=305089.08 (feasible=YES, time 58.5781s)
[ITER 220] bestGlobalCost=305089.08 (feasible=YES) bestThisIter=305409.84 feasibleAnts=15 noImprove=8 (elapsed 59.3527s)
[ITER 230] bestGlobalCost=305089.08 (feasible=YES) bestThisIter=305170.97 feasibleAnts=15 noImprove=18 (elapsed 62.0036s)
[ITER 240] bestGlobalCost=305089.08 (feasible=YES) bestThisIter=308527.78 feasibleAnts=15 noImprove=28 (elapsed 64.7281s)
[ITER 250] bestGlobalCost=305089.08 (feasible=YES) bestThisIter=308861.62 feasibleAnts=15 noImprove=38 (elapsed 67.5131s)
[ITER 260] bestGlobalCost=305089.08 (feasible=YES) bestThisIter=310474.39 feasibleAnts=15 noImprove=48 (elapsed 70.3304s)
[RESET] no improvement for50-> reset pheromones
[ITER 270] bestGlobalCost=305089.08 (feasible=YES) bestThisIter=306586.39 feasibleAnts=15 noImprove=8 (elapsed 73.1116s)
[ITER 280] bestGlobalCost=305089.08 (feasible=YES) bestThisIter=305438.13 feasibleAnts=15 noImprove=18 (elapsed 75.7815s)
[ITER 290] bestGlobalCost=305089.08 (feasible=YES) bestThisIter=308100.86 feasibleAnts=15 noImprove=28 (elapsed 78.4739s)
[ITER 300] bestGlobalCost=305089.08 (feasible=YES) bestThisIter=307779.63 feasibleAnts=15 noImprove=38 (elapsed 81.2611s)
[ITER 310] bestGlobalCost=305089.08 (feasible=YES) bestThisIter=311699.18 feasibleAnts=15 noImprove=48 (elapsed 84.0972s)
[RESET] no improvement for50-> reset pheromones
[ITER 320] bestGlobalCost=305089.08 (feasible=YES) bestThisIter=310429.82 feasibleAnts=14 noImprove=8 (elapsed 86.8724s)
[ITER 330] bestGlobalCost=305089.08 (feasible=YES) bestThisIter=308660.14 feasibleAnts=15 noImprove=18 (elapsed 89.5692s)
[ITER 337] New best cost=304937.70 (feasible=YES, time 91.9402s)
[ITER 340] bestGlobalCost=304937.70 (feasible=YES) bestThisIter=312165.33 feasibleAnts=15 noImprove=3 (elapsed 92.2578s)
[ITER 350] bestGlobalCost=304937.70 (feasible=YES) bestThisIter=308077.07 feasibleAnts=15 noImprove=13 (elapsed 94.8953s)
[ITER 360] bestGlobalCost=304937.70 (feasible=YES) bestThisIter=311171.28 feasibleAnts=15 noImprove=23 (elapsed 97.5859s)
[ITER 370] bestGlobalCost=304937.70 (feasible=YES) bestThisIter=309954.65 feasibleAnts=15 noImprove=33 (elapsed 100.323s)
[ITER 380] bestGlobalCost=304937.70 (feasible=YES) bestThisIter=311813.92 feasibleAnts=15 noImprove=43 (elapsed 103.171s)
[RESET] no improvement for50-> reset pheromones
[ITER 390] bestGlobalCost=304937.70 (feasible=YES) bestThisIter=306525.39 feasibleAnts=15 noImprove=3 (elapsed 106.096s)
[ITER 400] bestGlobalCost=304937.70 (feasible=YES) bestThisIter=305480.36 feasibleAnts=15 noImprove=13 (elapsed 108.744s)
[ITER 410] bestGlobalCost=304937.70 (feasible=YES) bestThisIter=314563.51 feasibleAnts=15 noImprove=23 (elapsed 111.992s)
[ITER 420] bestGlobalCost=304937.70 (feasible=YES) bestThisIter=306156.84 feasibleAnts=15 noImprove=33 (elapsed 115.159s)
[ITER 430] bestGlobalCost=304937.70 (feasible=YES) bestThisIter=312501.69 feasibleAnts=15 noImprove=43 (elapsed 118.021s)
[RESET] no improvement for50-> reset pheromones
[ITER 440] bestGlobalCost=304937.70 (feasible=YES) bestThisIter=308146.29 feasibleAnts=15 noImprove=3 (elapsed 120.946s)
[ITER 450] bestGlobalCost=304937.70 (feasible=YES) bestThisIter=307633.60 feasibleAnts=15 noImprove=13 (elapsed 123.578s)
[ITER 451] New best cost=304163.00 (feasible=YES, time 125.368s)
[ITER 460] New best cost=303649.00 (feasible=YES, time 126.277s)
[ITER 460] bestGlobalCost=303649.00 (feasible=YES) bestThisIter=309070.99 feasibleAnts=15 noImprove=0 (elapsed 126.281s)
[ITER 470] bestGlobalCost=303649.00 (feasible=YES) bestThisIter=307110.06 feasibleAnts=15 noImprove=10 (elapsed 128.943s)
[ITER 480] bestGlobalCost=303649.00 (feasible=YES) bestThisIter=306146.15 feasibleAnts=15 noImprove=20 (elapsed 131.56s)
[ITER 490] bestGlobalCost=303649.00 (feasible=YES) bestThisIter=308863.97 feasibleAnts=15 noImprove=30 (elapsed 134.253s)
[ITER 500] bestGlobalCost=303649.00 (feasible=YES) bestThisIter=304424.81 feasibleAnts=15 noImprove=40 (elapsed 137.085s)
[ITER 510] bestGlobalCost=303649.00 (feasible=YES) bestThisIter=311543.31 feasibleAnts=15 noImprove=50 (elapsed 140.633s)
[RESET] no improvement for50-> reset pheromones
[ITER 520] bestGlobalCost=303649.00 (feasible=YES) bestThisIter=306536.23 feasibleAnts=15 noImprove=10 (elapsed 143.668s)
[ITER 530] bestGlobalCost=303649.00 (feasible=YES) bestThisIter=312720.86 feasibleAnts=15 noImprove=20 (elapsed 146.504s)
[ITER 540] bestGlobalCost=303649.00 (feasible=YES) bestThisIter=304309.26 feasibleAnts=15 noImprove=30 (elapsed 150.084s)
[ITER 550] bestGlobalCost=303649.00 (feasible=YES) bestThisIter=308070.79 feasibleAnts=15 noImprove=40 (elapsed 152.858s)
[ITER 560] bestGlobalCost=303649.00 (feasible=YES) bestThisIter=308923.05 feasibleAnts=15 noImprove=50 (elapsed 155.711s)
[RESET] no improvement for50-> reset pheromones
[ITER 570] bestGlobalCost=303649.00 (feasible=YES) bestThisIter=304756.30 feasibleAnts=15 noImprove=10 (elapsed 158.461s)
[ITER 580] bestGlobalCost=303649.00 (feasible=YES) bestThisIter=311568.36 feasibleAnts=15 noImprove=20 (elapsed 161.149s)
[ITER 590] bestGlobalCost=303649.00 (feasible=YES) bestThisIter=310286.08 feasibleAnts=15 noImprove=30 (elapsed 163.857s)
[ITER 600] bestGlobalCost=303649.00 (feasible=YES) bestThisIter=308493.76 feasibleAnts=15 noImprove=40 (elapsed 166.675s)
[ITER 610] bestGlobalCost=303649.00 (feasible=YES) bestThisIter=307725.78 feasibleAnts=15 noImprove=50 (elapsed 169.505s)
[RESET] no improvement for50-> reset pheromones
[ITER 620] bestGlobalCost=303649.00 (feasible=YES) bestThisIter=306343.62 feasibleAnts=15 noImprove=10 (elapsed 172.253s)
[ITER 630] bestGlobalCost=303649.00 (feasible=YES) bestThisIter=305758.14 feasibleAnts=15 noImprove=20 (elapsed 175.316s)
[ITER 640] bestGlobalCost=303649.00 (feasible=YES) bestThisIter=306678.42 feasibleAnts=15 noImprove=30 (elapsed 178.687s)
[ITER 650] bestGlobalCost=303649.00 (feasible=YES) bestThisIter=308442.02 feasibleAnts=15 noImprove=40 (elapsed 181.571s)
[ITER 660] bestGlobalCost=303649.00 (feasible=YES) bestThisIter=312637.87 feasibleAnts=15 noImprove=50 (elapsed 184.432s)
[RESET] no improvement for50-> reset pheromones
[ITER 670] bestGlobalCost=303649.00 (feasible=YES) bestThisIter=309523.09 feasibleAnts=15 noImprove=10 (elapsed 187.191s)
[ITER 680] bestGlobalCost=303649.00 (feasible=YES) bestThisIter=312552.50 feasibleAnts=15 noImprove=20 (elapsed 189.889s)
[ITER 690] bestGlobalCost=303649.00 (feasible=YES) bestThisIter=311144.17 feasibleAnts=15 noImprove=30 (elapsed 192.609s)
[ITER 700] bestGlobalCost=303649.00 (feasible=YES) bestThisIter=311498.76 feasibleAnts=15 noImprove=40 (elapsed 195.389s)
[ITER 710] bestGlobalCost=303649.00 (feasible=YES) bestThisIter=308810.00 feasibleAnts=15 noImprove=50 (elapsed 198.274s)
[RESET] no improvement for50-> reset pheromones
[ITER 720] bestGlobalCost=303649.00 (feasible=YES) bestThisIter=305929.28 feasibleAnts=15 noImprove=10 (elapsed 201.044s)
[ITER 730] bestGlobalCost=303649.00 (feasible=YES) bestThisIter=308489.47 feasibleAnts=15 noImprove=20 (elapsed 203.737s)
[ITER 740] bestGlobalCost=303649.00 (feasible=YES) bestThisIter=306629.48 feasibleAnts=15 noImprove=30 (elapsed 206.661s)
[ITER 750] bestGlobalCost=303649.00 (feasible=YES) bestThisIter=307966.75 feasibleAnts=15 noImprove=40 (elapsed 210.262s)
[ITER 760] bestGlobalCost=303649.00 (feasible=YES) bestThisIter=315627.29 feasibleAnts=15 noImprove=50 (elapsed 213.109s)
[RESET] no improvement for50-> reset pheromones
[ITER 770] bestGlobalCost=303649.00 (feasible=YES) bestThisIter=306165.71 feasibleAnts=15 noImprove=10 (elapsed 215.878s)
[ITER 780] bestGlobalCost=303649.00 (feasible=YES) bestThisIter=308114.64 feasibleAnts=15 noImprove=20 (elapsed 218.746s)
[ITER 790] bestGlobalCost=303649.00 (feasible=YES) bestThisIter=306151.29 feasibleAnts=15 noImprove=30 (elapsed 222.266s)
[ITER 800] bestGlobalCost=303649.00 (feasible=YES) bestThisIter=307449.08 feasibleAnts=15 noImprove=40 (elapsed 225.017s)
[ITER 801] New best cost=303210.78 (feasible=YES, time 226.782s)
[ITER 810] bestGlobalCost=303210.78 (feasible=YES) bestThisIter=306696.86 feasibleAnts=15 noImprove=9 (elapsed 227.632s)
[ITER 820] bestGlobalCost=303210.78 (feasible=YES) bestThisIter=305279.78 feasibleAnts=15 noImprove=19 (elapsed 230.277s)
[ITER 830] bestGlobalCost=303210.78 (feasible=YES) bestThisIter=305151.31 feasibleAnts=15 noImprove=29 (elapsed 232.904s)
[ITER 840] bestGlobalCost=303210.78 (feasible=YES) bestThisIter=305370.88 feasibleAnts=15 noImprove=39 (elapsed 235.631s)
[ITER 850] bestGlobalCost=303210.78 (feasible=YES) bestThisIter=307670.74 feasibleAnts=15 noImprove=49 (elapsed 238.426s)
[RESET] no improvement for50-> reset pheromones
[ITER 860] bestGlobalCost=303210.78 (feasible=YES) bestThisIter=308804.09 feasibleAnts=15 noImprove=9 (elapsed 241.215s)
[ITER 870] bestGlobalCost=303210.78 (feasible=YES) bestThisIter=305511.48 feasibleAnts=15 noImprove=19 (elapsed 243.784s)
[ITER 871] New best cost=303159.60 (feasible=YES, time 245.526s)
[ITER 880] bestGlobalCost=303159.60 (feasible=YES) bestThisIter=305883.33 feasibleAnts=15 noImprove=9 (elapsed 246.357s)
[ITER 890] bestGlobalCost=303159.60 (feasible=YES) bestThisIter=311199.46 feasibleAnts=15 noImprove=19 (elapsed 249.024s)
[ITER 900] bestGlobalCost=303159.60 (feasible=YES) bestThisIter=307467.33 feasibleAnts=15 noImprove=29 (elapsed 251.677s)
[ITER 910] bestGlobalCost=303159.60 (feasible=YES) bestThisIter=308798.52 feasibleAnts=15 noImprove=39 (elapsed 254.391s)
[ITER 920] bestGlobalCost=303159.60 (feasible=YES) bestThisIter=305182.91 feasibleAnts=15 noImprove=49 (elapsed 257.141s)
[ITER 921] New best cost=302830.25 (feasible=YES, time 258.874s)
[ITER 930] bestGlobalCost=302830.25 (feasible=YES) bestThisIter=307321.25 feasibleAnts=15 noImprove=9 (elapsed 259.797s)
[ITER 931] New best cost=302798.94 (feasible=YES, time 261.543s)
[ITER 940] bestGlobalCost=302798.94 (feasible=YES) bestThisIter=304090.56 feasibleAnts=15 noImprove=9 (elapsed 262.415s)
[ITER 950] bestGlobalCost=302798.94 (feasible=YES) bestThisIter=303166.83 feasibleAnts=15 noImprove=19 (elapsed 265.03s)
[ITER 960] bestGlobalCost=302798.94 (feasible=YES) bestThisIter=303507.32 feasibleAnts=15 noImprove=29 (elapsed 267.737s)
[ITER 970] bestGlobalCost=302798.94 (feasible=YES) bestThisIter=315323.45 feasibleAnts=15 noImprove=39 (elapsed 270.776s)
[ITER 972] New best cost=302669.78 (feasible=YES, time 273.324s)
[ITER 980] bestGlobalCost=302669.78 (feasible=YES) bestThisIter=308532.08 feasibleAnts=15 noImprove=8 (elapsed 274.206s)
[ITER 990] bestGlobalCost=302669.78 (feasible=YES) bestThisIter=307502.04 feasibleAnts=15 noImprove=18 (elapsed 276.825s)
[ITER 1000] bestGlobalCost=302669.78 (feasible=YES) bestThisIter=305450.94 feasibleAnts=15 noImprove=28 (elapsed 279.504s)
[ITER 1010] bestGlobalCost=302669.78 (feasible=YES) bestThisIter=306797.14 feasibleAnts=15 noImprove=38 (elapsed 282.214s)
[ITER 1020] bestGlobalCost=302669.78 (feasible=YES) bestThisIter=307213.98 feasibleAnts=15 noImprove=48 (elapsed 285.013s)
[RESET] no improvement for50-> reset pheromones
[ITER 1030] bestGlobalCost=302669.78 (feasible=YES) bestThisIter=302830.25 feasibleAnts=15 noImprove=8 (elapsed 287.752s)
[ITER 1040] New best cost=302638.47 (feasible=YES, time 290.376s)
[ITER 1040] bestGlobalCost=302638.47 (feasible=YES) bestThisIter=302830.25 feasibleAnts=15 noImprove=0 (elapsed 290.38s)
[ITER 1041] New best cost=302547.75 (feasible=YES, time 292.119s)
[ITER 1050] bestGlobalCost=302547.75 (feasible=YES) bestThisIter=309440.74 feasibleAnts=15 noImprove=9 (elapsed 292.992s)
[ITER 1060] bestGlobalCost=302547.75 (feasible=YES) bestThisIter=306510.25 feasibleAnts=15 noImprove=19 (elapsed 295.632s)
[ITER 1070] bestGlobalCost=302547.75 (feasible=YES) bestThisIter=303711.61 feasibleAnts=15 noImprove=29 (elapsed 298.298s)
70 76 91 94 95 113 133 176 182 195 
10 14 19 36 45 92 99 108 119 175 
2 30 35 68 80 125 151 161 169 181 
21 23 102 140 144 150 154 164 168 173 
24 32 53 111 115 117 121 159 172 174 
7 9 26 61 78 82 124 138 199 
28 39 50 62 71 72 83 130 139 185 
20 42 55 64 67 79 157 160 162 186 
4 12 60 93 101 106 147 149 163 192 
16 44 51 63 66 116 118 122 153 188 194 
6 22 47 54 75 107 109 120 134 155 183 
13 31 65 77 128 158 177 187 193 
58 88 98 103 114 129 141 148 171 200 
33 57 74 81 97 100 131 156 180 197 
5 38 43 56 86 105 137 152 178 196 
8 17 25 34 90 112 127 135 143 146 
1 15 27 40 85 123 132 145 191 198 
3 41 59 69 73 89 142 167 189 
11 48 52 84 87 96 104 126 165 166 170 
18 29 37 46 49 110 136 179 184 190 
[SAVELOGS] evolution saved to results/logs/aco_logs/evolution/kroA200_20_2.txt
[SAVELOGS] best cost saved to results/logs/aco_logs/objectives/kroA200_20_2.txt
[SAVELOGS] best solution saved to results/logs/aco_logs/solutions/kroA200_20_2.txt
