[ITER 1] New best cost=229619.71 (feasible=YES, time 0.0233194s)
[ITER 10] bestGlobalCost=229619.71 (feasible=YES) bestThisIter=229619.71 feasibleAnts=10 noImprove=9 (elapsed 0.122857s)
[ITER 20] bestGlobalCost=229619.71 (feasible=YES) bestThisIter=229619.71 feasibleAnts=10 noImprove=19 (elapsed 1.37161s)
[ITER 30] bestGlobalCost=229619.71 (feasible=YES) bestThisIter=229619.71 feasibleAnts=12 noImprove=29 (elapsed 2.58784s)
[RESET] no improvement for30-> reset pheromones
[ITER 40] bestGlobalCost=229619.71 (feasible=YES) bestThisIter=229619.71 feasibleAnts=10 noImprove=9 (elapsed 2.73284s)
[ITER 50] bestGlobalCost=229619.71 (feasible=YES) bestThisIter=229619.71 feasibleAnts=10 noImprove=19 (elapsed 3.87859s)
[ITER 60] bestGlobalCost=229619.71 (feasible=YES) bestThisIter=229619.71 feasibleAnts=12 noImprove=29 (elapsed 4.85537s)
[RESET] no improvement for30-> reset pheromones
[ITER 70] bestGlobalCost=229619.71 (feasible=YES) bestThisIter=229619.71 feasibleAnts=10 noImprove=9 (elapsed 4.98425s)
[ITER 80] bestGlobalCost=229619.71 (feasible=YES) bestThisIter=229619.71 feasibleAnts=10 noImprove=19 (elapsed 5.96494s)
[ITER 90] bestGlobalCost=229619.71 (feasible=YES) bestThisIter=229619.71 feasibleAnts=10 noImprove=29 (elapsed 6.93906s)
[RESET] no improvement for30-> reset pheromones
[ITER 100] bestGlobalCost=229619.71 (feasible=YES) bestThisIter=229619.71 feasibleAnts=10 noImprove=9 (elapsed 7.04933s)
[ITER 110] bestGlobalCost=229619.71 (feasible=YES) bestThisIter=229619.71 feasibleAnts=10 noImprove=19 (elapsed 8.13846s)
[ITER 120] bestGlobalCost=229619.71 (feasible=YES) bestThisIter=229619.71 feasibleAnts=10 noImprove=29 (elapsed 9.34489s)
[RESET] no improvement for30-> reset pheromones
[ITER 130] bestGlobalCost=229619.71 (feasible=YES) bestThisIter=229619.71 feasibleAnts=10 noImprove=9 (elapsed 9.49921s)
[ITER 140] bestGlobalCost=229619.71 (feasible=YES) bestThisIter=229619.71 feasibleAnts=11 noImprove=19 (elapsed 10.7452s)
[ITER 150] bestGlobalCost=229619.71 (feasible=YES) bestThisIter=229619.71 feasibleAnts=10 noImprove=29 (elapsed 11.9076s)
[RESET] no improvement for30-> reset pheromones
[ITER 160] bestGlobalCost=229619.71 (feasible=YES) bestThisIter=229619.71 feasibleAnts=10 noImprove=9 (elapsed 12.0077s)
[ITER 170] bestGlobalCost=229619.71 (feasible=YES) bestThisIter=229619.71 feasibleAnts=13 noImprove=19 (elapsed 13.0332s)
[ITER 180] bestGlobalCost=229619.71 (feasible=YES) bestThisIter=229619.71 feasibleAnts=10 noImprove=29 (elapsed 14.0307s)
[RESET] no improvement for30-> reset pheromones
[ITER 190] bestGlobalCost=229619.71 (feasible=YES) bestThisIter=229619.71 feasibleAnts=10 noImprove=9 (elapsed 14.1482s)
[ITER 200] bestGlobalCost=229619.71 (feasible=YES) bestThisIter=229619.71 feasibleAnts=10 noImprove=19 (elapsed 15.1344s)
[ITER 210] bestGlobalCost=229619.71 (feasible=YES) bestThisIter=229619.71 feasibleAnts=10 noImprove=29 (elapsed 16.2444s)
[RESET] no improvement for30-> reset pheromones
[ITER 220] bestGlobalCost=229619.71 (feasible=YES) bestThisIter=229619.71 feasibleAnts=10 noImprove=9 (elapsed 16.3855s)
[ITER 230] bestGlobalCost=229619.71 (feasible=YES) bestThisIter=229619.71 feasibleAnts=11 noImprove=19 (elapsed 17.5955s)
[ITER 240] bestGlobalCost=229619.71 (feasible=YES) bestThisIter=229619.71 feasibleAnts=11 noImprove=29 (elapsed 18.8192s)
[RESET] no improvement for30-> reset pheromones
[ITER 250] bestGlobalCost=229619.71 (feasible=YES) bestThisIter=229949.39 feasibleAnts=10 noImprove=9 (elapsed 18.9746s)
[ITER 260] bestGlobalCost=229619.71 (feasible=YES) bestThisIter=229619.71 feasibleAnts=10 noImprove=19 (elapsed 20.0776s)
[ITER 270] bestGlobalCost=229619.71 (feasible=YES) bestThisIter=229619.71 feasibleAnts=14 noImprove=29 (elapsed 21.0802s)
[RESET] no improvement for30-> reset pheromones
[ITER 280] bestGlobalCost=229619.71 (feasible=YES) bestThisIter=229619.71 feasibleAnts=10 noImprove=9 (elapsed 21.1981s)
[ITER 290] bestGlobalCost=229619.71 (feasible=YES) bestThisIter=229619.71 feasibleAnts=11 noImprove=19 (elapsed 22.1933s)
[ITER 300] bestGlobalCost=229619.71 (feasible=YES) bestThisIter=229619.71 feasibleAnts=11 noImprove=29 (elapsed 23.1814s)
[RESET] no improvement for30-> reset pheromones
[ITER 310] bestGlobalCost=229619.71 (feasible=YES) bestThisIter=229619.71 feasibleAnts=10 noImprove=9 (elapsed 23.2938s)
[ITER 320] bestGlobalCost=229619.71 (feasible=YES) bestThisIter=229619.71 feasibleAnts=10 noImprove=19 (elapsed 24.4291s)
[ITER 330] bestGlobalCost=229619.71 (feasible=YES) bestThisIter=229619.71 feasibleAnts=10 noImprove=29 (elapsed 25.6395s)
[RESET] no improvement for30-> reset pheromones
[ITER 340] bestGlobalCost=229619.71 (feasible=YES) bestThisIter=229619.71 feasibleAnts=10 noImprove=9 (elapsed 25.7739s)
[ITER 350] bestGlobalCost=229619.71 (feasible=YES) bestThisIter=229619.71 feasibleAnts=10 noImprove=19 (elapsed 26.9931s)
[ITER 360] bestGlobalCost=229619.71 (feasible=YES) bestThisIter=229619.71 feasibleAnts=10 noImprove=29 (elapsed 28.0898s)
[RESET] no improvement for30-> reset pheromones
[ITER 370] bestGlobalCost=229619.71 (feasible=YES) bestThisIter=229619.71 feasibleAnts=10 noImprove=9 (elapsed 28.203s)
[ITER 380] bestGlobalCost=229619.71 (feasible=YES) bestThisIter=229619.71 feasibleAnts=12 noImprove=19 (elapsed 29.1983s)
[ITER 390] bestGlobalCost=229619.71 (feasible=YES) bestThisIter=229619.71 feasibleAnts=10 noImprove=29 (elapsed 30.1752s)
[RESET] no improvement for30-> reset pheromones
[ITER 400] bestGlobalCost=229619.71 (feasible=YES) bestThisIter=229619.71 feasibleAnts=10 noImprove=9 (elapsed 30.3004s)
[ITER 410] bestGlobalCost=229619.71 (feasible=YES) bestThisIter=229619.71 feasibleAnts=10 noImprove=19 (elapsed 31.2628s)
[ITER 420] bestGlobalCost=229619.71 (feasible=YES) bestThisIter=229619.71 feasibleAnts=11 noImprove=29 (elapsed 32.3721s)
[RESET] no improvement for30-> reset pheromones
[ITER 430] bestGlobalCost=229619.71 (feasible=YES) bestThisIter=229619.71 feasibleAnts=10 noImprove=9 (elapsed 32.517s)
[ITER 440] bestGlobalCost=229619.71 (feasible=YES) bestThisIter=229619.71 feasibleAnts=10 noImprove=19 (elapsed 33.7316s)
[ITER 450] bestGlobalCost=229619.71 (feasible=YES) bestThisIter=229619.71 feasibleAnts=10 noImprove=29 (elapsed 34.9501s)
[RESET] no improvement for30-> reset pheromones
[ITER 460] bestGlobalCost=229619.71 (feasible=YES) bestThisIter=229619.71 feasibleAnts=10 noImprove=9 (elapsed 35.1007s)
[ITER 470] bestGlobalCost=229619.71 (feasible=YES) bestThisIter=229619.71 feasibleAnts=11 noImprove=19 (elapsed 36.179s)
[ITER 480] bestGlobalCost=229619.71 (feasible=YES) bestThisIter=229619.71 feasibleAnts=11 noImprove=29 (elapsed 37.1361s)
[RESET] no improvement for30-> reset pheromones
[ITER 490] bestGlobalCost=229619.71 (feasible=YES) bestThisIter=229619.71 feasibleAnts=10 noImprove=9 (elapsed 37.2446s)
[ITER 500] bestGlobalCost=229619.71 (feasible=YES) bestThisIter=229619.71 feasibleAnts=11 noImprove=19 (elapsed 38.1899s)
[ITER 510] bestGlobalCost=229619.71 (feasible=YES) bestThisIter=229619.71 feasibleAnts=10 noImprove=29 (elapsed 39.1605s)
[RESET] no improvement for30-> reset pheromones
[ITER 520] bestGlobalCost=229619.71 (feasible=YES) bestThisIter=229619.71 feasibleAnts=10 noImprove=9 (elapsed 39.2982s)
[ITER 530] bestGlobalCost=229619.71 (feasible=YES) bestThisIter=229619.71 feasibleAnts=11 noImprove=19 (elapsed 40.4648s)
[ITER 540] bestGlobalCost=229619.71 (feasible=YES) bestThisIter=229619.71 feasibleAnts=10 noImprove=29 (elapsed 41.6697s)
[RESET] no improvement for30-> reset pheromones
[ITER 550] bestGlobalCost=229619.71 (feasible=YES) bestThisIter=229949.39 feasibleAnts=10 noImprove=9 (elapsed 41.81s)
[ITER 560] bestGlobalCost=229619.71 (feasible=YES) bestThisIter=229619.71 feasibleAnts=11 noImprove=19 (elapsed 43.0079s)
[ITER 570] bestGlobalCost=229619.71 (feasible=YES) bestThisIter=229619.71 feasibleAnts=12 noImprove=29 (elapsed 44.0938s)
[RESET] no improvement for30-> reset pheromones
[ITER 580] bestGlobalCost=229619.71 (feasible=YES) bestThisIter=230022.16 feasibleAnts=10 noImprove=9 (elapsed 44.2003s)
[ITER 590] bestGlobalCost=229619.71 (feasible=YES) bestThisIter=229619.71 feasibleAnts=10 noImprove=19 (elapsed 45.1899s)
[ITER 600] bestGlobalCost=229619.71 (feasible=YES) bestThisIter=229619.71 feasibleAnts=10 noImprove=29 (elapsed 46.1947s)
[RESET] no improvement for30-> reset pheromones
[ITER 610] bestGlobalCost=229619.71 (feasible=YES) bestThisIter=229619.71 feasibleAnts=10 noImprove=9 (elapsed 46.3378s)
[ITER 620] bestGlobalCost=229619.71 (feasible=YES) bestThisIter=229619.71 feasibleAnts=10 noImprove=19 (elapsed 47.4209s)
[ITER 630] bestGlobalCost=229619.71 (feasible=YES) bestThisIter=229619.71 feasibleAnts=11 noImprove=29 (elapsed 48.5897s)
[RESET] no improvement for30-> reset pheromones
[ITER 640] bestGlobalCost=229619.71 (feasible=YES) bestThisIter=229619.71 feasibleAnts=10 noImprove=9 (elapsed 48.7409s)
[ITER 650] bestGlobalCost=229619.71 (feasible=YES) bestThisIter=229619.71 feasibleAnts=11 noImprove=19 (elapsed 50.0034s)
[ITER 660] bestGlobalCost=229619.71 (feasible=YES) bestThisIter=229619.71 feasibleAnts=10 noImprove=29 (elapsed 51.1992s)
[RESET] no improvement for30-> reset pheromones
[ITER 670] bestGlobalCost=229619.71 (feasible=YES) bestThisIter=229949.39 feasibleAnts=10 noImprove=9 (elapsed 51.3444s)
[ITER 680] bestGlobalCost=229619.71 (feasible=YES) bestThisIter=229619.71 feasibleAnts=10 noImprove=19 (elapsed 52.386s)
[ITER 690] bestGlobalCost=229619.71 (feasible=YES) bestThisIter=229619.71 feasibleAnts=10 noImprove=29 (elapsed 53.3649s)
[RESET] no improvement for30-> reset pheromones
[ITER 700] bestGlobalCost=229619.71 (feasible=YES) bestThisIter=229619.71 feasibleAnts=10 noImprove=9 (elapsed 53.4788s)
[ITER 710] bestGlobalCost=229619.71 (feasible=YES) bestThisIter=229619.71 feasibleAnts=10 noImprove=19 (elapsed 54.613s)
[ITER 720] bestGlobalCost=229619.71 (feasible=YES) bestThisIter=229619.71 feasibleAnts=10 noImprove=29 (elapsed 55.6177s)
[RESET] no improvement for30-> reset pheromones
[ITER 730] bestGlobalCost=229619.71 (feasible=YES) bestThisIter=229619.71 feasibleAnts=10 noImprove=9 (elapsed 55.7392s)
[ITER 740] bestGlobalCost=229619.71 (feasible=YES) bestThisIter=229619.71 feasibleAnts=10 noImprove=19 (elapsed 56.9397s)
[ITER 750] bestGlobalCost=229619.71 (feasible=YES) bestThisIter=229619.71 feasibleAnts=11 noImprove=29 (elapsed 58.186s)
[RESET] no improvement for30-> reset pheromones
[ITER 760] bestGlobalCost=229619.71 (feasible=YES) bestThisIter=229619.71 feasibleAnts=10 noImprove=9 (elapsed 58.3232s)
[ITER 770] bestGlobalCost=229619.71 (feasible=YES) bestThisIter=229619.71 feasibleAnts=10 noImprove=19 (elapsed 59.5514s)
[ITER 780] bestGlobalCost=229619.71 (feasible=YES) bestThisIter=229619.71 feasibleAnts=10 noImprove=29 (elapsed 60.5329s)
6 17 19 27 28 37 38 46 50 54 56 59 70 72 73 77 79 92 93 95 
3 4 9 10 12 14 20 21 26 32 33 49 74 75 78 82 85 86 87 99 
1 8 13 15 18 51 60 62 63 64 65 67 68 69 71 83 90 91 97 
5 7 11 22 24 25 30 34 36 39 40 41 42 43 48 55 61 80 81 96 
2 16 23 29 31 35 44 45 47 52 53 57 58 66 76 84 88 89 94 98 100 
[SAVELOGS] evolution saved to results/logs/rd100_05_2/evolution/rd100_05_2
[SAVELOGS] best cost saved to results/logs/rd100_05_2/objectives/rd100_05_2
[SAVELOGS] best solution saved to results/logs/rd100_05_2/solutions/rd100_05_2
