[ITER 1] New best cost=1028091.89 (feasible=YES, time 0.131712s)
[ITER 2] New best cost=993463.96 (feasible=YES, time 0.261778s)
[ITER 5] New best cost=991668.29 (feasible=YES, time 0.649072s)
[ITER 6] New best cost=988801.91 (feasible=YES, time 0.757386s)
[ITER 7] New best cost=986756.58 (feasible=YES, time 0.883045s)
[ITER 10] bestGlobalCost=986756.58 (feasible=YES) bestThisIter=988736.37 feasibleAnts=10 noImprove=3 (elapsed 1.12595s)
[ITER 13] New best cost=986159.75 (feasible=YES, time 1.42836s)
[ITER 15] New best cost=983717.57 (feasible=YES, time 2.75956s)
[ITER 20] New best cost=980936.06 (feasible=YES, time 7.77142s)
[ITER 20] bestGlobalCost=980936.06 (feasible=YES) bestThisIter=980936.06 feasibleAnts=10 noImprove=0 (elapsed 7.77634s)
[ITER 30] New best cost=980693.88 (feasible=YES, time 12.0005s)
[ITER 30] bestGlobalCost=980693.88 (feasible=YES) bestThisIter=984743.26 feasibleAnts=10 noImprove=0 (elapsed 14.3617s)
[ITER 35] New best cost=978148.86 (feasible=YES, time 14.803s)
[ITER 40] bestGlobalCost=978148.86 (feasible=YES) bestThisIter=978148.86 feasibleAnts=11 noImprove=5 (elapsed 15.1564s)
[ITER 46] New best cost=977462.61 (feasible=YES, time 21.5023s)
[ITER 50] bestGlobalCost=977462.61 (feasible=YES) bestThisIter=977462.61 feasibleAnts=10 noImprove=4 (elapsed 21.7444s)
[ITER 60] bestGlobalCost=977462.61 (feasible=YES) bestThisIter=991893.02 feasibleAnts=10 noImprove=14 (elapsed 28.4289s)
[ITER 70] bestGlobalCost=977462.61 (feasible=YES) bestThisIter=977462.61 feasibleAnts=10 noImprove=24 (elapsed 29.5864s)
[RESET] no improvement for30-> reset pheromones
[ITER 80] bestGlobalCost=977462.61 (feasible=YES) bestThisIter=1024998.12 feasibleAnts=10 noImprove=4 (elapsed 36.6347s)
[ITER 90] bestGlobalCost=977462.61 (feasible=YES) bestThisIter=998349.98 feasibleAnts=10 noImprove=14 (elapsed 43.7885s)
[ITER 100] bestGlobalCost=977462.61 (feasible=YES) bestThisIter=1008885.33 feasibleAnts=10 noImprove=24 (elapsed 44.8549s)
[RESET] no improvement for30-> reset pheromones
[ITER 110] bestGlobalCost=977462.61 (feasible=YES) bestThisIter=1009798.01 feasibleAnts=10 noImprove=4 (elapsed 52.0174s)
[ITER 120] bestGlobalCost=977462.61 (feasible=YES) bestThisIter=1012005.10 feasibleAnts=10 noImprove=14 (elapsed 59.1779s)
46 47 48 49 51 52 75 76 89 90 91 92 93 119 133 
108 109 110 111 112 113 114 115 116 117 118 120 121 122 124 129 
4 6 7 8 9 10 12 146 147 148 150 151 152 153 155 157 
33 34 35 36 37 38 39 40 41 42 43 44 45 123 134 135 136 
11 13 14 15 22 32 137 138 139 140 141 142 143 144 145 149 
67 68 69 70 71 72 73 74 77 78 79 80 81 83 84 85 
1 2 3 5 125 126 127 128 130 131 132 154 156 158 159 
50 53 54 55 56 57 58 59 60 61 62 63 64 65 66 
82 86 87 88 94 95 96 97 98 99 100 101 102 103 104 105 106 107 
16 17 18 19 20 21 23 24 25 26 27 28 29 30 31 
[SAVELOGS] evolution saved to results/logs/u159_10_3/evolution/u159_10_3
[SAVELOGS] best cost saved to results/logs/u159_10_3/objectives/u159_10_3
[SAVELOGS] best solution saved to results/logs/u159_10_3/solutions/u159_10_3
