[ITER 1] New best cost=12899.11 (feasible=YES, time 0.157069s)
[ITER 2] New best cost=12635.83 (feasible=YES, time 0.284677s)
[ITER 3] New best cost=12498.27 (feasible=YES, time 0.366208s)
[ITER 4] New best cost=12432.41 (feasible=YES, time 0.485823s)
[ITER 6] New best cost=12308.97 (feasible=YES, time 0.78657s)
[ITER 10] New best cost=12281.49 (feasible=YES, time 1.28343s)
[ITER 10] bestGlobalCost=12281.49 (feasible=YES) bestThisIter=12281.49 feasibleAnts=10 noImprove=0 (elapsed 1.28689s)
[ITER 20] bestGlobalCost=12281.49 (feasible=YES) bestThisIter=12281.49 feasibleAnts=10 noImprove=10 (elapsed 8.40731s)
[ITER 30] bestGlobalCost=12281.49 (feasible=YES) bestThisIter=12429.97 feasibleAnts=10 noImprove=20 (elapsed 16.0129s)
[ITER 33] New best cost=12266.86 (feasible=YES, time 16.3711s)
[ITER 40] bestGlobalCost=12266.86 (feasible=YES) bestThisIter=12266.86 feasibleAnts=11 noImprove=7 (elapsed 17.0879s)
[ITER 45] New best cost=12238.99 (feasible=YES, time 22.6322s)
[ITER 48] New best cost=12193.33 (feasible=YES, time 24.0747s)
[ITER 50] bestGlobalCost=12193.33 (feasible=YES) bestThisIter=12193.33 feasibleAnts=10 noImprove=2 (elapsed 24.2339s)
[ITER 60] bestGlobalCost=12193.33 (feasible=YES) bestThisIter=12193.33 feasibleAnts=10 noImprove=12 (elapsed 31.6617s)
[ITER 70] bestGlobalCost=12193.33 (feasible=YES) bestThisIter=12193.33 feasibleAnts=10 noImprove=22 (elapsed 32.8897s)
[ITER 77] New best cost=12149.49 (feasible=YES, time 39.8473s)
[ITER 80] bestGlobalCost=12149.49 (feasible=YES) bestThisIter=12149.49 feasibleAnts=12 noImprove=3 (elapsed 40.1299s)
[ITER 90] bestGlobalCost=12149.49 (feasible=YES) bestThisIter=12242.02 feasibleAnts=10 noImprove=13 (elapsed 47.3852s)
[ITER 100] bestGlobalCost=12149.49 (feasible=YES) bestThisIter=12301.48 feasibleAnts=10 noImprove=23 (elapsed 48.7263s)
[RESET] no improvement for30-> reset pheromones
[ITER 110] bestGlobalCost=12149.49 (feasible=YES) bestThisIter=12542.08 feasibleAnts=10 noImprove=3 (elapsed 56.4118s)
[ITER 120] bestGlobalCost=12149.49 (feasible=YES) bestThisIter=12270.52 feasibleAnts=10 noImprove=13 (elapsed 64.1529s)
1 2 3 4 5 6 7 18 19 20 21 22 24 
8 9 10 11 26 27 29 30 31 32 35 36 37 41 
50 51 71 72 73 74 75 76 77 78 82 86 87 88 
102 103 112 119 120 121 122 123 124 125 126 127 128 129 137 
39 40 44 48 49 60 63 64 65 66 67 68 69 70 
79 80 81 83 84 85 89 130 131 132 133 134 135 136 
23 25 28 34 52 53 54 55 56 57 58 59 61 62 
101 105 106 107 108 109 110 111 113 114 115 116 117 118 
90 91 92 93 94 95 96 97 98 99 100 104 
12 13 14 15 16 17 33 38 42 43 45 46 47 
[SAVELOGS] evolution saved to results/logs/gr137_10_3/evolution/gr137_10_3
[SAVELOGS] best cost saved to results/logs/gr137_10_3/objectives/gr137_10_3
[SAVELOGS] best solution saved to results/logs/gr137_10_3/solutions/gr137_10_3
