[ITER 1] New best cost=35263.40 (feasible=YES, time 0.0539826s)
[ITER 2] New best cost=35030.97 (feasible=YES, time 0.090854s)
[ITER 4] New best cost=34944.71 (feasible=YES, time 0.149202s)
[ITER 5] New best cost=34812.57 (feasible=YES, time 0.201442s)
[ITER 10] bestGlobalCost=34812.57 (feasible=YES) bestThisIter=34842.77 feasibleAnts=10 noImprove=5 (elapsed 0.388103s)
[ITER 20] bestGlobalCost=34812.57 (feasible=YES) bestThisIter=34812.57 feasibleAnts=10 noImprove=15 (elapsed 3.84243s)
[ITER 30] bestGlobalCost=34812.57 (feasible=YES) bestThisIter=34812.57 feasibleAnts=11 noImprove=25 (elapsed 7.79899s)
[RESET] no improvement for30-> reset pheromones
[ITER 40] bestGlobalCost=34812.57 (feasible=YES) bestThisIter=35111.52 feasibleAnts=10 noImprove=5 (elapsed 8.24834s)
[ITER 50] bestGlobalCost=34812.57 (feasible=YES) bestThisIter=34812.57 feasibleAnts=10 noImprove=15 (elapsed 11.835s)
[ITER 60] bestGlobalCost=34812.57 (feasible=YES) bestThisIter=34812.57 feasibleAnts=10 noImprove=25 (elapsed 15.256s)
[RESET] no improvement for30-> reset pheromones
[ITER 70] bestGlobalCost=34812.57 (feasible=YES) bestThisIter=34842.77 feasibleAnts=10 noImprove=5 (elapsed 15.5838s)
[ITER 80] bestGlobalCost=34812.57 (feasible=YES) bestThisIter=34812.57 feasibleAnts=10 noImprove=15 (elapsed 19.5591s)
[ITER 90] bestGlobalCost=34812.57 (feasible=YES) bestThisIter=34812.57 feasibleAnts=10 noImprove=25 (elapsed 23.299s)
[RESET] no improvement for30-> reset pheromones
[ITER 100] bestGlobalCost=34812.57 (feasible=YES) bestThisIter=35055.63 feasibleAnts=10 noImprove=5 (elapsed 23.6338s)
[ITER 110] bestGlobalCost=34812.57 (feasible=YES) bestThisIter=34812.57 feasibleAnts=10 noImprove=15 (elapsed 27.5631s)
[ITER 120] bestGlobalCost=34812.57 (feasible=YES) bestThisIter=34812.57 feasibleAnts=10 noImprove=25 (elapsed 31.3433s)
[RESET] no improvement for30-> reset pheromones
[ITER 130] bestGlobalCost=34812.57 (feasible=YES) bestThisIter=35005.27 feasibleAnts=10 noImprove=5 (elapsed 31.7051s)
[ITER 140] bestGlobalCost=34812.57 (feasible=YES) bestThisIter=34812.57 feasibleAnts=10 noImprove=15 (elapsed 35.3171s)
[ITER 150] bestGlobalCost=34812.57 (feasible=YES) bestThisIter=34920.59 feasibleAnts=10 noImprove=25 (elapsed 38.7322s)
[RESET] no improvement for30-> reset pheromones
[ITER 160] bestGlobalCost=34812.57 (feasible=YES) bestThisIter=34842.77 feasibleAnts=10 noImprove=5 (elapsed 39.0821s)
[ITER 170] bestGlobalCost=34812.57 (feasible=YES) bestThisIter=34842.77 feasibleAnts=10 noImprove=15 (elapsed 43.0102s)
[ITER 180] bestGlobalCost=34812.57 (feasible=YES) bestThisIter=34812.57 feasibleAnts=10 noImprove=25 (elapsed 46.9438s)
[RESET] no improvement for30-> reset pheromones
[ITER 190] bestGlobalCost=34812.57 (feasible=YES) bestThisIter=34997.33 feasibleAnts=10 noImprove=5 (elapsed 47.3545s)
[ITER 200] bestGlobalCost=34812.57 (feasible=YES) bestThisIter=34812.57 feasibleAnts=10 noImprove=15 (elapsed 50.9291s)
[ITER 210] bestGlobalCost=34812.57 (feasible=YES) bestThisIter=34812.57 feasibleAnts=10 noImprove=25 (elapsed 54.6614s)
[RESET] no improvement for30-> reset pheromones
[ITER 220] bestGlobalCost=34812.57 (feasible=YES) bestThisIter=34944.71 feasibleAnts=10 noImprove=5 (elapsed 55.0641s)
[ITER 230] bestGlobalCost=34812.57 (feasible=YES) bestThisIter=34812.57 feasibleAnts=10 noImprove=15 (elapsed 59.0461s)
[ITER 240] bestGlobalCost=34812.57 (feasible=YES) bestThisIter=34812.57 feasibleAnts=10 noImprove=25 (elapsed 62.6933s)
12 13 14 15 16 17 29 30 32 33 35 36 38 39 40 41 42 43 45 46 47 48 49 58 64 72 
79 80 81 82 83 84 85 86 87 89 90 91 93 94 95 96 97 99 100 129 130 131 132 133 134 135 136 137 
44 50 51 54 55 56 57 59 60 61 62 63 65 66 67 68 69 70 71 73 74 75 76 77 78 88 92 
1 2 3 4 5 6 7 8 9 10 11 18 19 20 21 22 23 24 25 26 27 28 31 34 37 52 53 
98 101 102 103 104 105 106 107 108 109 110 111 112 113 114 115 116 117 118 119 120 121 122 123 124 125 126 127 128 
[SAVELOGS] evolution saved to results/logs/gr137_05_3/evolution/gr137_05_3
[SAVELOGS] best cost saved to results/logs/gr137_05_3/objectives/gr137_05_3
[SAVELOGS] best solution saved to results/logs/gr137_05_3/solutions/gr137_05_3
