[ITER 1] New best cost=35285.57 (feasible=YES, time 0.0766355s)
[ITER 2] New best cost=35063.31 (feasible=YES, time 0.108739s)
[ITER 3] New best cost=35030.97 (feasible=YES, time 0.151614s)
[ITER 4] New best cost=34963.64 (feasible=YES, time 0.180664s)
[ITER 5] New best cost=34812.57 (feasible=YES, time 0.222541s)
[ITER 10] bestGlobalCost=34812.57 (feasible=YES) bestThisIter=34812.57 feasibleAnts=10 noImprove=5 (elapsed 0.361274s)
[ITER 20] bestGlobalCost=34812.57 (feasible=YES) bestThisIter=34812.57 feasibleAnts=10 noImprove=15 (elapsed 4.36198s)
[ITER 30] bestGlobalCost=34812.57 (feasible=YES) bestThisIter=34843.22 feasibleAnts=10 noImprove=25 (elapsed 7.90573s)
[RESET] no improvement for30-> reset pheromones
[ITER 40] bestGlobalCost=34812.57 (feasible=YES) bestThisIter=35027.28 feasibleAnts=10 noImprove=5 (elapsed 8.30419s)
[ITER 50] bestGlobalCost=34812.57 (feasible=YES) bestThisIter=34812.57 feasibleAnts=10 noImprove=15 (elapsed 12.4668s)
[ITER 60] bestGlobalCost=34812.57 (feasible=YES) bestThisIter=34812.57 feasibleAnts=10 noImprove=25 (elapsed 16.0851s)
[RESET] no improvement for30-> reset pheromones
[ITER 70] bestGlobalCost=34812.57 (feasible=YES) bestThisIter=35036.95 feasibleAnts=10 noImprove=5 (elapsed 16.4283s)
[ITER 80] bestGlobalCost=34812.57 (feasible=YES) bestThisIter=34812.57 feasibleAnts=10 noImprove=15 (elapsed 20.6317s)
[ITER 90] bestGlobalCost=34812.57 (feasible=YES) bestThisIter=34812.57 feasibleAnts=10 noImprove=25 (elapsed 24.1725s)
[RESET] no improvement for30-> reset pheromones
[ITER 100] bestGlobalCost=34812.57 (feasible=YES) bestThisIter=34910.88 feasibleAnts=10 noImprove=5 (elapsed 24.5621s)
[ITER 110] bestGlobalCost=34812.57 (feasible=YES) bestThisIter=34812.57 feasibleAnts=10 noImprove=15 (elapsed 28.823s)
[ITER 120] bestGlobalCost=34812.57 (feasible=YES) bestThisIter=34843.22 feasibleAnts=10 noImprove=25 (elapsed 32.331s)
[RESET] no improvement for30-> reset pheromones
[ITER 130] bestGlobalCost=34812.57 (feasible=YES) bestThisIter=35006.56 feasibleAnts=10 noImprove=5 (elapsed 32.7084s)
[ITER 140] bestGlobalCost=34812.57 (feasible=YES) bestThisIter=34843.22 feasibleAnts=10 noImprove=15 (elapsed 36.9829s)
[ITER 150] bestGlobalCost=34812.57 (feasible=YES) bestThisIter=34812.57 feasibleAnts=10 noImprove=25 (elapsed 40.491s)
[RESET] no improvement for30-> reset pheromones
[ITER 160] bestGlobalCost=34812.57 (feasible=YES) bestThisIter=34941.71 feasibleAnts=10 noImprove=5 (elapsed 40.9046s)
[ITER 170] bestGlobalCost=34812.57 (feasible=YES) bestThisIter=34812.57 feasibleAnts=10 noImprove=15 (elapsed 45.1852s)
[ITER 180] bestGlobalCost=34812.57 (feasible=YES) bestThisIter=34812.57 feasibleAnts=10 noImprove=25 (elapsed 48.6753s)
[RESET] no improvement for30-> reset pheromones
[ITER 190] bestGlobalCost=34812.57 (feasible=YES) bestThisIter=34842.77 feasibleAnts=10 noImprove=5 (elapsed 49.0386s)
[ITER 200] bestGlobalCost=34812.57 (feasible=YES) bestThisIter=34812.57 feasibleAnts=10 noImprove=15 (elapsed 53.3428s)
[ITER 210] bestGlobalCost=34812.57 (feasible=YES) bestThisIter=34812.57 feasibleAnts=10 noImprove=25 (elapsed 56.8216s)
[RESET] no improvement for30-> reset pheromones
[ITER 220] bestGlobalCost=34812.57 (feasible=YES) bestThisIter=35027.28 feasibleAnts=10 noImprove=5 (elapsed 57.2004s)
1 2 3 4 5 6 7 8 9 10 11 18 19 20 21 22 23 24 25 26 27 28 31 34 37 52 53 
44 50 51 54 55 56 57 59 60 61 62 63 65 66 67 68 69 70 71 73 74 75 76 77 78 88 92 
98 101 102 103 104 105 106 107 108 109 110 111 112 113 114 115 116 117 118 119 120 121 122 123 124 125 126 127 128 
79 80 81 82 83 84 85 86 87 89 90 91 93 94 95 96 97 99 100 129 130 131 132 133 134 135 136 137 
12 13 14 15 16 17 29 30 32 33 35 36 38 39 40 41 42 43 45 46 47 48 49 58 64 72 
[SAVELOGS] evolution saved to results/logs/gr137_05_3/evolution/gr137_05_3
[SAVELOGS] best cost saved to results/logs/gr137_05_3/objectives/gr137_05_3
[SAVELOGS] best solution saved to results/logs/gr137_05_3/solutions/gr137_05_3
