[ITER 1] New best cost=35449.04 (feasible=YES, time 0.0589579s)
[ITER 2] New best cost=34881.86 (feasible=YES, time 0.126759s)
[ITER 3] New best cost=34843.22 (feasible=YES, time 0.168183s)
[ITER 4] New best cost=34842.77 (feasible=YES, time 0.240447s)
[ITER 10] bestGlobalCost=34842.77 (feasible=YES) bestThisIter=34842.77 feasibleAnts=10 noImprove=6 (elapsed 0.422695s)
[ITER 15] New best cost=34838.97 (feasible=YES, time 1.23315s)
[ITER 18] New best cost=34812.57 (feasible=YES, time 4.50324s)
[ITER 20] bestGlobalCost=34812.57 (feasible=YES) bestThisIter=34812.57 feasibleAnts=16 noImprove=2 (elapsed 4.56828s)
[ITER 30] bestGlobalCost=34812.57 (feasible=YES) bestThisIter=34812.57 feasibleAnts=12 noImprove=12 (elapsed 8.06626s)
[ITER 40] bestGlobalCost=34812.57 (feasible=YES) bestThisIter=34812.57 feasibleAnts=10 noImprove=22 (elapsed 8.41912s)
[RESET] no improvement for30-> reset pheromones
[ITER 50] bestGlobalCost=34812.57 (feasible=YES) bestThisIter=34914.74 feasibleAnts=10 noImprove=2 (elapsed 12.6547s)
[ITER 60] bestGlobalCost=34812.57 (feasible=YES) bestThisIter=34812.57 feasibleAnts=10 noImprove=12 (elapsed 16.3098s)
[ITER 70] bestGlobalCost=34812.57 (feasible=YES) bestThisIter=34812.57 feasibleAnts=10 noImprove=22 (elapsed 16.6475s)
[RESET] no improvement for30-> reset pheromones
[ITER 80] bestGlobalCost=34812.57 (feasible=YES) bestThisIter=35047.95 feasibleAnts=10 noImprove=2 (elapsed 20.9342s)
[ITER 90] bestGlobalCost=34812.57 (feasible=YES) bestThisIter=34881.86 feasibleAnts=10 noImprove=12 (elapsed 24.5541s)
[ITER 100] bestGlobalCost=34812.57 (feasible=YES) bestThisIter=34812.57 feasibleAnts=10 noImprove=22 (elapsed 24.8728s)
[RESET] no improvement for30-> reset pheromones
[ITER 110] bestGlobalCost=34812.57 (feasible=YES) bestThisIter=34812.57 feasibleAnts=10 noImprove=2 (elapsed 28.3809s)
[ITER 120] bestGlobalCost=34812.57 (feasible=YES) bestThisIter=35030.97 feasibleAnts=10 noImprove=12 (elapsed 32.7029s)
[ITER 130] bestGlobalCost=34812.57 (feasible=YES) bestThisIter=34812.57 feasibleAnts=10 noImprove=22 (elapsed 33.0876s)
[RESET] no improvement for30-> reset pheromones
[ITER 140] bestGlobalCost=34812.57 (feasible=YES) bestThisIter=34966.83 feasibleAnts=10 noImprove=2 (elapsed 36.4801s)
[ITER 150] bestGlobalCost=34812.57 (feasible=YES) bestThisIter=34812.57 feasibleAnts=10 noImprove=12 (elapsed 40.0217s)
[ITER 160] bestGlobalCost=34812.57 (feasible=YES) bestThisIter=34812.57 feasibleAnts=10 noImprove=22 (elapsed 40.3293s)
[RESET] no improvement for30-> reset pheromones
[ITER 170] bestGlobalCost=34812.57 (feasible=YES) bestThisIter=34944.71 feasibleAnts=10 noImprove=2 (elapsed 44.4185s)
[ITER 180] bestGlobalCost=34812.57 (feasible=YES) bestThisIter=34812.57 feasibleAnts=10 noImprove=12 (elapsed 48.1233s)
[ITER 190] bestGlobalCost=34812.57 (feasible=YES) bestThisIter=34812.57 feasibleAnts=10 noImprove=22 (elapsed 48.4497s)
[RESET] no improvement for30-> reset pheromones
[ITER 200] bestGlobalCost=34812.57 (feasible=YES) bestThisIter=34914.74 feasibleAnts=10 noImprove=2 (elapsed 52.6868s)
[ITER 210] bestGlobalCost=34812.57 (feasible=YES) bestThisIter=34812.57 feasibleAnts=10 noImprove=12 (elapsed 56.2922s)
[ITER 220] bestGlobalCost=34812.57 (feasible=YES) bestThisIter=34812.57 feasibleAnts=10 noImprove=22 (elapsed 56.6083s)
[RESET] no improvement for30-> reset pheromones
1 2 3 4 5 6 7 8 9 10 11 18 19 20 21 22 23 24 25 26 27 28 31 34 37 52 53 
98 101 102 103 104 105 106 107 108 109 110 111 112 113 114 115 116 117 118 119 120 121 122 123 124 125 126 127 128 
12 13 14 15 16 17 29 30 32 33 35 36 38 39 40 41 42 43 45 46 47 48 49 58 64 72 
79 80 81 82 83 84 85 86 87 89 90 91 93 94 95 96 97 99 100 129 130 131 132 133 134 135 136 137 
44 50 51 54 55 56 57 59 60 61 62 63 65 66 67 68 69 70 71 73 74 75 76 77 78 88 92 
[SAVELOGS] evolution saved to results/logs/gr137_05_3/evolution/gr137_05_3
[SAVELOGS] best cost saved to results/logs/gr137_05_3/objectives/gr137_05_3
[SAVELOGS] best solution saved to results/logs/gr137_05_3/solutions/gr137_05_3
