[ITER 1] New best cost=12669047.10 (feasible=YES, time 1.79786s)
[ITER 5] New best cost=12661145.53 (feasible=YES, time 6.39352s)
[ITER 7] New best cost=12614084.20 (feasible=YES, time 9.54727s)
[ITER 10] bestGlobalCost=12614084.20 (feasible=YES) bestThisIter=12619586.89 feasibleAnts=10 noImprove=3 (elapsed 16.6208s)
[ITER 11] New best cost=12609550.93 (feasible=YES, time 18.1304s)
[ITER 15] New best cost=12609395.16 (feasible=YES, time 20.9869s)
[ITER 17] New best cost=12605747.04 (feasible=YES, time 22.3284s)
[ITER 20] New best cost=12594197.36 (feasible=YES, time 27.4859s)
[ITER 20] bestGlobalCost=12594197.36 (feasible=YES) bestThisIter=12615191.92 feasibleAnts=10 noImprove=0 (elapsed 27.4902s)
[ITER 25] New best cost=12585822.11 (feasible=YES, time 30.7522s)
[ITER 30] bestGlobalCost=12585822.11 (feasible=YES) bestThisIter=12585822.11 feasibleAnts=10 noImprove=5 (elapsed 36.0288s)
[ITER 31] New best cost=12584342.67 (feasible=YES, time 36.8836s)
[ITER 35] New best cost=12570892.10 (feasible=YES, time 39.7083s)
[ITER 40] bestGlobalCost=12570892.10 (feasible=YES) bestThisIter=12601623.82 feasibleAnts=10 noImprove=5 (elapsed 47.9s)
[ITER 41] New best cost=12563204.46 (feasible=YES, time 48.9815s)
[ITER 42] New best cost=12553934.43 (feasible=YES, time 50.0996s)
[ITER 50] New best cost=12548711.00 (feasible=YES, time 59.6812s)
[ITER 50] bestGlobalCost=12548711.00 (feasible=YES) bestThisIter=12560523.72 feasibleAnts=10 noImprove=0 (elapsed 59.6852s)
[ITER 54] New best cost=12540367.13 (feasible=YES, time 62.7682s)
[ITER 60] bestGlobalCost=12540367.13 (feasible=YES) bestThisIter=12563059.56 feasibleAnts=10 noImprove=6 (elapsed 70.4236s)
[ITER 64] New best cost=12540175.96 (feasible=YES, time 74.2447s)
[ITER 70] bestGlobalCost=12540175.96 (feasible=YES) bestThisIter=12586514.96 feasibleAnts=10 noImprove=6 (elapsed 80.6557s)
[ITER 80] bestGlobalCost=12540175.96 (feasible=YES) bestThisIter=12585462.71 feasibleAnts=10 noImprove=16 (elapsed 94.1644s)
[ITER 90] bestGlobalCost=12540175.96 (feasible=YES) bestThisIter=12596737.30 feasibleAnts=12 noImprove=26 (elapsed 108.777s)
[ITER 100] bestGlobalCost=12540175.96 (feasible=YES) bestThisIter=12604014.22 feasibleAnts=10 noImprove=36 (elapsed 125.675s)
[ITER 110] bestGlobalCost=12540175.96 (feasible=YES) bestThisIter=12597847.29 feasibleAnts=10 noImprove=46 (elapsed 141.077s)
[RESET] no improvement for50-> reset pheromones
[ITER 120] bestGlobalCost=12540175.96 (feasible=YES) bestThisIter=12598026.79 feasibleAnts=10 noImprove=6 (elapsed 155.05s)
[ITER 130] bestGlobalCost=12540175.96 (feasible=YES) bestThisIter=12611059.83 feasibleAnts=10 noImprove=16 (elapsed 167.408s)
[ITER 140] bestGlobalCost=12540175.96 (feasible=YES) bestThisIter=12594986.26 feasibleAnts=10 noImprove=26 (elapsed 181.68s)
[ITER 150] bestGlobalCost=12540175.96 (feasible=YES) bestThisIter=12598790.39 feasibleAnts=10 noImprove=36 (elapsed 196.089s)
[ITER 160] bestGlobalCost=12540175.96 (feasible=YES) bestThisIter=12596541.82 feasibleAnts=10 noImprove=46 (elapsed 211.958s)
[RESET] no improvement for50-> reset pheromones
[ITER 170] bestGlobalCost=12540175.96 (feasible=YES) bestThisIter=12569073.57 feasibleAnts=10 noImprove=6 (elapsed 225.571s)
[ITER 171] New best cost=12529353.43 (feasible=YES, time 226.517s)
[ITER 180] New best cost=12529092.67 (feasible=YES, time 236.857s)
[ITER 180] bestGlobalCost=12529092.67 (feasible=YES) bestThisIter=12529353.43 feasibleAnts=10 noImprove=0 (elapsed 236.862s)
[ITER 181] New best cost=12519269.66 (feasible=YES, time 237.499s)
[ITER 184] New best cost=12519206.25 (feasible=YES, time 239.677s)
[ITER 186] New best cost=12501784.31 (feasible=YES, time 241.198s)
[ITER 187] New best cost=12501124.01 (feasible=YES, time 241.829s)
[ITER 190] bestGlobalCost=12501124.01 (feasible=YES) bestThisIter=12501124.01 feasibleAnts=10 noImprove=3 (elapsed 246.901s)
[ITER 200] bestGlobalCost=12501124.01 (feasible=YES) bestThisIter=12578073.32 feasibleAnts=10 noImprove=13 (elapsed 259.031s)
[ITER 210] bestGlobalCost=12501124.01 (feasible=YES) bestThisIter=12591707.11 feasibleAnts=10 noImprove=23 (elapsed 274.776s)
[ITER 220] bestGlobalCost=12501124.01 (feasible=YES) bestThisIter=12586085.23 feasibleAnts=10 noImprove=33 (elapsed 290.417s)
[ITER 230] bestGlobalCost=12501124.01 (feasible=YES) bestThisIter=12567696.19 feasibleAnts=10 noImprove=43 (elapsed 305.215s)
[RESET] no improvement for50-> reset pheromones
[ITER 240] bestGlobalCost=12501124.01 (feasible=YES) bestThisIter=12543991.74 feasibleAnts=10 noImprove=3 (elapsed 319.594s)
[ITER 241] New best cost=12500555.17 (feasible=YES, time 320.515s)
[ITER 247] New best cost=12496424.61 (feasible=YES, time 325.111s)
[ITER 248] New best cost=12494762.07 (feasible=YES, time 325.691s)
[ITER 249] New best cost=12491664.54 (feasible=YES, time 326.614s)
[ITER 250] New best cost=12488623.54 (feasible=YES, time 329.943s)
[ITER 250] bestGlobalCost=12488623.54 (feasible=YES) bestThisIter=12509015.56 feasibleAnts=10 noImprove=0 (elapsed 329.948s)
[ITER 251] New best cost=12481845.10 (feasible=YES, time 330.774s)
[ITER 260] bestGlobalCost=12481845.10 (feasible=YES) bestThisIter=12541361.62 feasibleAnts=10 noImprove=9 (elapsed 340.215s)
[ITER 270] bestGlobalCost=12481845.10 (feasible=YES) bestThisIter=12556408.10 feasibleAnts=10 noImprove=19 (elapsed 353.806s)
[ITER 280] bestGlobalCost=12481845.10 (feasible=YES) bestThisIter=12577317.71 feasibleAnts=10 noImprove=29 (elapsed 369.957s)
[ITER 290] bestGlobalCost=12481845.10 (feasible=YES) bestThisIter=12514044.63 feasibleAnts=11 noImprove=39 (elapsed 385.677s)
[ITER 300] bestGlobalCost=12481845.10 (feasible=YES) bestThisIter=12599258.32 feasibleAnts=10 noImprove=49 (elapsed 403.862s)
[RESET] no improvement for50-> reset pheromones
[ITER 310] bestGlobalCost=12481845.10 (feasible=YES) bestThisIter=12495923.71 feasibleAnts=10 noImprove=9 (elapsed 416.675s)
[ITER 320] bestGlobalCost=12481845.10 (feasible=YES) bestThisIter=12568905.27 feasibleAnts=10 noImprove=19 (elapsed 431.681s)
[ITER 330] bestGlobalCost=12481845.10 (feasible=YES) bestThisIter=12532543.08 feasibleAnts=11 noImprove=29 (elapsed 446.547s)
[ITER 340] bestGlobalCost=12481845.10 (feasible=YES) bestThisIter=12558088.69 feasibleAnts=10 noImprove=39 (elapsed 462.208s)
[ITER 350] bestGlobalCost=12481845.10 (feasible=YES) bestThisIter=12621389.95 feasibleAnts=10 noImprove=49 (elapsed 476.283s)
[RESET] no improvement for50-> reset pheromones
[ITER 360] bestGlobalCost=12481845.10 (feasible=YES) bestThisIter=12528801.60 feasibleAnts=10 noImprove=9 (elapsed 488.509s)
[ITER 370] bestGlobalCost=12481845.10 (feasible=YES) bestThisIter=12526174.22 feasibleAnts=10 noImprove=19 (elapsed 501.681s)
[ITER 380] bestGlobalCost=12481845.10 (feasible=YES) bestThisIter=12571809.70 feasibleAnts=12 noImprove=29 (elapsed 515.675s)
[ITER 390] bestGlobalCost=12481845.10 (feasible=YES) bestThisIter=12588986.99 feasibleAnts=10 noImprove=39 (elapsed 530.824s)
[ITER 400] bestGlobalCost=12481845.10 (feasible=YES) bestThisIter=12628011.32 feasibleAnts=10 noImprove=49 (elapsed 545.899s)
[RESET] no improvement for50-> reset pheromones
[ITER 410] bestGlobalCost=12481845.10 (feasible=YES) bestThisIter=12501763.03 feasibleAnts=10 noImprove=9 (elapsed 560.522s)
[ITER 420] bestGlobalCost=12481845.10 (feasible=YES) bestThisIter=12532487.83 feasibleAnts=11 noImprove=19 (elapsed 575.221s)
[ITER 430] bestGlobalCost=12481845.10 (feasible=YES) bestThisIter=12579332.63 feasibleAnts=10 noImprove=29 (elapsed 589.456s)
[ITER 440] bestGlobalCost=12481845.10 (feasible=YES) bestThisIter=12578379.61 feasibleAnts=10 noImprove=39 (elapsed 606.082s)
[ITER 450] bestGlobalCost=12481845.10 (feasible=YES) bestThisIter=12605170.05 feasibleAnts=10 noImprove=49 (elapsed 620.481s)
[RESET] no improvement for50-> reset pheromones
[ITER 460] bestGlobalCost=12481845.10 (feasible=YES) bestThisIter=12524390.48 feasibleAnts=10 noImprove=9 (elapsed 633.146s)
[ITER 470] bestGlobalCost=12481845.10 (feasible=YES) bestThisIter=12526440.84 feasibleAnts=10 noImprove=19 (elapsed 646.687s)
[ITER 480] bestGlobalCost=12481845.10 (feasible=YES) bestThisIter=12554111.65 feasibleAnts=10 noImprove=29 (elapsed 663.165s)
[ITER 490] bestGlobalCost=12481845.10 (feasible=YES) bestThisIter=12589191.73 feasibleAnts=10 noImprove=39 (elapsed 677.476s)
[ITER 500] bestGlobalCost=12481845.10 (feasible=YES) bestThisIter=12564218.73 feasibleAnts=10 noImprove=49 (elapsed 693.661s)
[RESET] no improvement for50-> reset pheromones
[ITER 510] bestGlobalCost=12481845.10 (feasible=YES) bestThisIter=12521311.67 feasibleAnts=10 noImprove=9 (elapsed 707.647s)
[ITER 520] bestGlobalCost=12481845.10 (feasible=YES) bestThisIter=12564289.38 feasibleAnts=10 noImprove=19 (elapsed 720.548s)
[ITER 530] bestGlobalCost=12481845.10 (feasible=YES) bestThisIter=12533080.65 feasibleAnts=12 noImprove=29 (elapsed 735.42s)
[ITER 540] bestGlobalCost=12481845.10 (feasible=YES) bestThisIter=12579979.35 feasibleAnts=10 noImprove=39 (elapsed 751.379s)
[ITER 550] bestGlobalCost=12481845.10 (feasible=YES) bestThisIter=12537292.13 feasibleAnts=10 noImprove=49 (elapsed 767.222s)
[RESET] no improvement for50-> reset pheromones
[ITER 560] bestGlobalCost=12481845.10 (feasible=YES) bestThisIter=12511771.84 feasibleAnts=10 noImprove=9 (elapsed 781.041s)
[ITER 570] bestGlobalCost=12481845.10 (feasible=YES) bestThisIter=12543633.07 feasibleAnts=11 noImprove=19 (elapsed 795.791s)
[ITER 580] bestGlobalCost=12481845.10 (feasible=YES) bestThisIter=12554754.77 feasibleAnts=12 noImprove=29 (elapsed 808.892s)
[ITER 590] bestGlobalCost=12481845.10 (feasible=YES) bestThisIter=12533714.94 feasibleAnts=10 noImprove=39 (elapsed 825.286s)
[ITER 600] bestGlobalCost=12481845.10 (feasible=YES) bestThisIter=12598842.03 feasibleAnts=10 noImprove=49 (elapsed 841.454s)
[RESET] no improvement for50-> reset pheromones
[ITER 610] bestGlobalCost=12481845.10 (feasible=YES) bestThisIter=12514544.94 feasibleAnts=10 noImprove=9 (elapsed 855.806s)
[ITER 620] bestGlobalCost=12481845.10 (feasible=YES) bestThisIter=12609710.58 feasibleAnts=10 noImprove=19 (elapsed 870.113s)
[ITER 630] bestGlobalCost=12481845.10 (feasible=YES) bestThisIter=12543214.31 feasibleAnts=10 noImprove=29 (elapsed 885.092s)
[ITER 640] bestGlobalCost=12481845.10 (feasible=YES) bestThisIter=12574774.60 feasibleAnts=10 noImprove=39 (elapsed 901.617s)
[ITER 650] bestGlobalCost=12481845.10 (feasible=YES) bestThisIter=12630823.65 feasibleAnts=10 noImprove=49 (elapsed 918.818s)
[RESET] no improvement for50-> reset pheromones
[ITER 660] bestGlobalCost=12481845.10 (feasible=YES) bestThisIter=12518563.00 feasibleAnts=10 noImprove=9 (elapsed 933.195s)
[ITER 670] bestGlobalCost=12481845.10 (feasible=YES) bestThisIter=12519417.83 feasibleAnts=10 noImprove=19 (elapsed 949.736s)
[ITER 680] bestGlobalCost=12481845.10 (feasible=YES) bestThisIter=12607331.50 feasibleAnts=10 noImprove=29 (elapsed 965.03s)
[ITER 690] bestGlobalCost=12481845.10 (feasible=YES) bestThisIter=12589120.64 feasibleAnts=10 noImprove=39 (elapsed 979.861s)
[ITER 700] bestGlobalCost=12481845.10 (feasible=YES) bestThisIter=12609654.53 feasibleAnts=10 noImprove=49 (elapsed 995.355s)
[RESET] no improvement for50-> reset pheromones
[ITER 710] bestGlobalCost=12481845.10 (feasible=YES) bestThisIter=12501968.97 feasibleAnts=10 noImprove=9 (elapsed 1009.11s)
[ITER 720] bestGlobalCost=12481845.10 (feasible=YES) bestThisIter=12521682.95 feasibleAnts=10 noImprove=19 (elapsed 1024.19s)
[ITER 730] bestGlobalCost=12481845.10 (feasible=YES) bestThisIter=12530788.72 feasibleAnts=12 noImprove=29 (elapsed 1038.46s)
[ITER 740] bestGlobalCost=12481845.10 (feasible=YES) bestThisIter=12605036.10 feasibleAnts=10 noImprove=39 (elapsed 1054.59s)
[ITER 750] bestGlobalCost=12481845.10 (feasible=YES) bestThisIter=12605747.19 feasibleAnts=10 noImprove=49 (elapsed 1069.9s)
[RESET] no improvement for50-> reset pheromones
[ITER 760] bestGlobalCost=12481845.10 (feasible=YES) bestThisIter=12507801.81 feasibleAnts=10 noImprove=9 (elapsed 1083.85s)
[ITER 770] bestGlobalCost=12481845.10 (feasible=YES) bestThisIter=12577388.48 feasibleAnts=10 noImprove=19 (elapsed 1098.6s)
[ITER 780] bestGlobalCost=12481845.10 (feasible=YES) bestThisIter=12570880.87 feasibleAnts=10 noImprove=29 (elapsed 1113.22s)
[ITER 790] bestGlobalCost=12481845.10 (feasible=YES) bestThisIter=12567123.47 feasibleAnts=10 noImprove=39 (elapsed 1129.38s)
[ITER 800] bestGlobalCost=12481845.10 (feasible=YES) bestThisIter=12556832.54 feasibleAnts=10 noImprove=49 (elapsed 1143.52s)
[RESET] no improvement for50-> reset pheromones
[ITER 810] bestGlobalCost=12481845.10 (feasible=YES) bestThisIter=12545871.35 feasibleAnts=10 noImprove=9 (elapsed 1155.76s)
[ITER 820] bestGlobalCost=12481845.10 (feasible=YES) bestThisIter=12523381.03 feasibleAnts=11 noImprove=19 (elapsed 1168.4s)
[ITER 830] bestGlobalCost=12481845.10 (feasible=YES) bestThisIter=12587658.13 feasibleAnts=10 noImprove=29 (elapsed 1184.67s)
[ITER 840] bestGlobalCost=12481845.10 (feasible=YES) bestThisIter=12610003.03 feasibleAnts=10 noImprove=39 (elapsed 1200.48s)
[ITER 850] bestGlobalCost=12481845.10 (feasible=YES) bestThisIter=12590282.58 feasibleAnts=10 noImprove=49 (elapsed 1216.52s)
[RESET] no improvement for50-> reset pheromones
[ITER 860] bestGlobalCost=12481845.10 (feasible=YES) bestThisIter=12573467.71 feasibleAnts=10 noImprove=9 (elapsed 1231.14s)
[ITER 870] bestGlobalCost=12481845.10 (feasible=YES) bestThisIter=12496965.31 feasibleAnts=10 noImprove=19 (elapsed 1244.18s)
[ITER 880] bestGlobalCost=12481845.10 (feasible=YES) bestThisIter=12603665.18 feasibleAnts=11 noImprove=29 (elapsed 1258.86s)
[ITER 890] bestGlobalCost=12481845.10 (feasible=YES) bestThisIter=12574567.85 feasibleAnts=11 noImprove=39 (elapsed 1274.81s)
[ITER 900] bestGlobalCost=12481845.10 (feasible=YES) bestThisIter=12625290.58 feasibleAnts=10 noImprove=49 (elapsed 1291.38s)
[RESET] no improvement for50-> reset pheromones
[ITER 910] bestGlobalCost=12481845.10 (feasible=YES) bestThisIter=12515651.84 feasibleAnts=10 noImprove=9 (elapsed 1305.25s)
[ITER 920] bestGlobalCost=12481845.10 (feasible=YES) bestThisIter=12511704.80 feasibleAnts=10 noImprove=19 (elapsed 1321.04s)
[ITER 930] bestGlobalCost=12481845.10 (feasible=YES) bestThisIter=12560113.21 feasibleAnts=10 noImprove=29 (elapsed 1336.97s)
[ITER 940] bestGlobalCost=12481845.10 (feasible=YES) bestThisIter=12563821.51 feasibleAnts=10 noImprove=39 (elapsed 1352.44s)
[ITER 950] bestGlobalCost=12481845.10 (feasible=YES) bestThisIter=12575367.34 feasibleAnts=10 noImprove=49 (elapsed 1367.25s)
[RESET] no improvement for50-> reset pheromones
[ITER 960] bestGlobalCost=12481845.10 (feasible=YES) bestThisIter=12502359.80 feasibleAnts=10 noImprove=9 (elapsed 1380.31s)
[ITER 970] bestGlobalCost=12481845.10 (feasible=YES) bestThisIter=12518319.06 feasibleAnts=10 noImprove=19 (elapsed 1394.69s)
[ITER 980] bestGlobalCost=12481845.10 (feasible=YES) bestThisIter=12577229.92 feasibleAnts=10 noImprove=29 (elapsed 1408.25s)
[ITER 990] bestGlobalCost=12481845.10 (feasible=YES) bestThisIter=12566012.34 feasibleAnts=12 noImprove=39 (elapsed 1423.72s)
[ITER 1000] bestGlobalCost=12481845.10 (feasible=YES) bestThisIter=12589646.79 feasibleAnts=10 noImprove=49 (elapsed 1439.31s)
[RESET] no improvement for50-> reset pheromones
[ITER 1010] bestGlobalCost=12481845.10 (feasible=YES) bestThisIter=12536984.19 feasibleAnts=10 noImprove=9 (elapsed 1453.46s)
[ITER 1020] bestGlobalCost=12481845.10 (feasible=YES) bestThisIter=12523523.93 feasibleAnts=11 noImprove=19 (elapsed 1469.11s)
[ITER 1030] bestGlobalCost=12481845.10 (feasible=YES) bestThisIter=12595257.49 feasibleAnts=11 noImprove=29 (elapsed 1485.74s)
[ITER 1040] bestGlobalCost=12481845.10 (feasible=YES) bestThisIter=12572726.94 feasibleAnts=10 noImprove=39 (elapsed 1500.88s)
139 140 141 142 143 150 151 152 153 154 155 156 157 158 178 179 180 181 182 183 184 185 190 191 192 193 194 195 196 197 198 199 200 201 216 217 218 220 221 222 235 237 238 239 240 
12 13 14 15 16 17 23 25 26 27 28 29 30 31 32 33 34 35 36 37 57 58 59 60 61 62 63 64 65 67 73 74 75 76 77 78 86 87 109 110 111 112 147 148 
1 2 3 4 5 6 7 8 9 10 11 38 39 40 41 42 43 44 45 46 47 48 49 50 51 52 53 54 55 56 79 80 81 82 83 84 85 149 186 187 188 189 229 232 283 
202 209 210 211 212 213 214 215 241 242 243 244 245 246 247 248 249 250 251 252 253 254 255 256 257 258 259 260 261 262 263 264 265 266 307 308 310 311 312 313 314 315 316 317 318 320 322 325 
271 309 319 321 323 324 326 328 329 330 331 362 366 368 370 378 380 385 386 387 388 400 401 402 404 405 414 415 416 417 418 419 420 421 428 429 431 
18 19 20 21 22 24 66 68 69 70 71 72 88 89 90 91 92 93 94 95 96 98 100 101 102 103 104 105 106 107 108 113 114 115 116 117 118 119 120 121 122 144 145 146 
225 226 230 231 280 281 282 285 286 287 288 289 290 291 292 293 340 341 345 346 347 348 349 350 351 352 353 354 355 356 357 358 359 371 372 374 375 376 377 379 381 389 390 
227 228 284 342 343 344 373 382 383 384 391 392 393 394 395 396 397 398 399 403 406 407 408 409 410 411 412 413 422 423 424 425 426 427 430 432 433 434 435 436 437 438 439 
219 223 224 233 234 236 267 268 269 270 272 273 274 275 276 277 278 279 294 295 296 297 298 299 300 301 302 303 304 305 306 327 332 333 334 335 336 337 338 339 360 361 363 364 365 367 369 
97 99 123 124 125 126 127 128 129 130 131 132 133 134 135 136 137 138 159 160 161 162 163 164 165 166 167 168 169 170 171 172 173 174 175 176 177 203 204 205 206 207 208 
[SAVELOGS] evolution saved to results/logs/aco_logs/evolution/pr439_10_2.txt
[SAVELOGS] best cost saved to results/logs/aco_logs/objectives/pr439_10_2.txt
[SAVELOGS] best solution saved to results/logs/aco_logs/solutions/pr439_10_2.txt
