[ITER 1] New best cost=75499.07 (feasible=YES, time 0.842696s)
[ITER 2] New best cost=73713.91 (feasible=YES, time 1.46387s)
[ITER 4] New best cost=73239.11 (feasible=YES, time 2.3981s)
[ITER 5] New best cost=73054.16 (feasible=YES, time 3.00592s)
[ITER 8] New best cost=72943.84 (feasible=YES, time 4.90816s)
[ITER 10] bestGlobalCost=72943.84 (feasible=YES) bestThisIter=73054.16 feasibleAnts=10 noImprove=2 (elapsed 6.03569s)
[ITER 11] New best cost=72930.93 (feasible=YES, time 7.17064s)
[ITER 20] bestGlobalCost=72930.93 (feasible=YES) bestThisIter=73338.37 feasibleAnts=10 noImprove=9 (elapsed 11.9479s)
[ITER 30] bestGlobalCost=72930.93 (feasible=YES) bestThisIter=74472.09 feasibleAnts=8 noImprove=19 (elapsed 18.4792s)
[ITER 40] bestGlobalCost=72930.93 (feasible=YES) bestThisIter=74272.44 feasibleAnts=9 noImprove=29 (elapsed 28.1176s)
[ITER 50] bestGlobalCost=72930.93 (feasible=YES) bestThisIter=74694.15 feasibleAnts=6 noImprove=39 (elapsed 33.8217s)
[ITER 60] bestGlobalCost=72930.93 (feasible=YES) bestThisIter=75097.68 feasibleAnts=6 noImprove=49 (elapsed 37.3566s)
[RESET] no improvement for50-> reset pheromones
[ITER 66] New best cost=72800.41 (feasible=YES, time 41.7867s)
[ITER 70] New best cost=72770.17 (feasible=YES, time 43.5481s)
[ITER 70] bestGlobalCost=72770.17 (feasible=YES) bestThisIter=72800.41 feasibleAnts=10 noImprove=0 (elapsed 43.5527s)
[ITER 74] New best cost=72682.77 (feasible=YES, time 46.1002s)
[ITER 76] New best cost=72582.79 (feasible=YES, time 47.0466s)
[ITER 80] bestGlobalCost=72582.79 (feasible=YES) bestThisIter=72820.97 feasibleAnts=11 noImprove=4 (elapsed 48.8276s)
[ITER 85] New best cost=72559.46 (feasible=YES, time 51.4645s)
[ITER 89] New best cost=72396.87 (feasible=YES, time 53.0033s)
[ITER 90] bestGlobalCost=72396.87 (feasible=YES) bestThisIter=72493.95 feasibleAnts=10 noImprove=1 (elapsed 53.4021s)
[ITER 100] bestGlobalCost=72396.87 (feasible=YES) bestThisIter=73201.55 feasibleAnts=10 noImprove=11 (elapsed 59.0732s)
[ITER 110] bestGlobalCost=72396.87 (feasible=YES) bestThisIter=73246.96 feasibleAnts=10 noImprove=21 (elapsed 65.5138s)
[ITER 120] bestGlobalCost=72396.87 (feasible=YES) bestThisIter=74198.07 feasibleAnts=9 noImprove=31 (elapsed 70.8519s)
[ITER 130] bestGlobalCost=72396.87 (feasible=YES) bestThisIter=74674.09 feasibleAnts=4 noImprove=41 (elapsed 75.2335s)
[RESET] no improvement for50-> reset pheromones
[ITER 140] bestGlobalCost=72396.87 (feasible=YES) bestThisIter=73799.48 feasibleAnts=10 noImprove=1 (elapsed 78.8414s)
[ITER 150] bestGlobalCost=72396.87 (feasible=YES) bestThisIter=73486.88 feasibleAnts=9 noImprove=11 (elapsed 83.7847s)
[ITER 160] bestGlobalCost=72396.87 (feasible=YES) bestThisIter=73328.68 feasibleAnts=10 noImprove=21 (elapsed 92.0274s)
[ITER 170] bestGlobalCost=72396.87 (feasible=YES) bestThisIter=74967.42 feasibleAnts=5 noImprove=31 (elapsed 98.097s)
[ITER 180] bestGlobalCost=72396.87 (feasible=YES) bestThisIter=73291.77 feasibleAnts=4 noImprove=41 (elapsed 101.482s)
[RESET] no improvement for50-> reset pheromones
[ITER 190] bestGlobalCost=72396.87 (feasible=YES) bestThisIter=75317.96 feasibleAnts=9 noImprove=1 (elapsed 104.896s)
[ITER 200] bestGlobalCost=72396.87 (feasible=YES) bestThisIter=73290.03 feasibleAnts=10 noImprove=11 (elapsed 109.749s)
[ITER 210] bestGlobalCost=72396.87 (feasible=YES) bestThisIter=73586.27 feasibleAnts=10 noImprove=21 (elapsed 114.794s)
[ITER 220] bestGlobalCost=72396.87 (feasible=YES) bestThisIter=73907.98 feasibleAnts=7 noImprove=31 (elapsed 120.16s)
[ITER 230] bestGlobalCost=72396.87 (feasible=YES) bestThisIter=74946.39 feasibleAnts=8 noImprove=41 (elapsed 124.759s)
[RESET] no improvement for50-> reset pheromones
[ITER 240] bestGlobalCost=72396.87 (feasible=YES) bestThisIter=75567.62 feasibleAnts=10 noImprove=1 (elapsed 127.673s)
[ITER 250] bestGlobalCost=72396.87 (feasible=YES) bestThisIter=73227.08 feasibleAnts=10 noImprove=11 (elapsed 133.317s)
[ITER 260] bestGlobalCost=72396.87 (feasible=YES) bestThisIter=74463.52 feasibleAnts=9 noImprove=21 (elapsed 143.145s)
[ITER 270] bestGlobalCost=72396.87 (feasible=YES) bestThisIter=74685.61 feasibleAnts=3 noImprove=31 (elapsed 148.961s)
[ITER 280] bestGlobalCost=72396.87 (feasible=YES) bestThisIter=75526.55 feasibleAnts=2 noImprove=41 (elapsed 153.386s)
[RESET] no improvement for50-> reset pheromones
[ITER 290] bestGlobalCost=72396.87 (feasible=YES) bestThisIter=75498.10 feasibleAnts=9 noImprove=1 (elapsed 157.38s)
[ITER 300] bestGlobalCost=72396.87 (feasible=YES) bestThisIter=73656.16 feasibleAnts=10 noImprove=11 (elapsed 162.835s)
[ITER 310] bestGlobalCost=72396.87 (feasible=YES) bestThisIter=73991.99 feasibleAnts=10 noImprove=21 (elapsed 169.834s)
[ITER 320] bestGlobalCost=72396.87 (feasible=YES) bestThisIter=74935.97 feasibleAnts=4 noImprove=31 (elapsed 176.975s)
[ITER 330] bestGlobalCost=72396.87 (feasible=YES) bestThisIter=74452.64 feasibleAnts=6 noImprove=41 (elapsed 182.408s)
[RESET] no improvement for50-> reset pheromones
[ITER 340] bestGlobalCost=72396.87 (feasible=YES) bestThisIter=75191.70 feasibleAnts=9 noImprove=1 (elapsed 186.5s)
[ITER 350] bestGlobalCost=72396.87 (feasible=YES) bestThisIter=73028.46 feasibleAnts=10 noImprove=11 (elapsed 191.341s)
[ITER 360] bestGlobalCost=72396.87 (feasible=YES) bestThisIter=73987.37 feasibleAnts=7 noImprove=21 (elapsed 196.742s)
[ITER 370] bestGlobalCost=72396.87 (feasible=YES) bestThisIter=73943.86 feasibleAnts=6 noImprove=31 (elapsed 201.902s)
[ITER 380] bestGlobalCost=72396.87 (feasible=YES) bestThisIter=74487.55 feasibleAnts=7 noImprove=41 (elapsed 205.688s)
[RESET] no improvement for50-> reset pheromones
[ITER 390] bestGlobalCost=72396.87 (feasible=YES) bestThisIter=77434.20 feasibleAnts=9 noImprove=1 (elapsed 208.889s)
[ITER 400] bestGlobalCost=72396.87 (feasible=YES) bestThisIter=73821.03 feasibleAnts=10 noImprove=11 (elapsed 213.722s)
[ITER 410] bestGlobalCost=72396.87 (feasible=YES) bestThisIter=74339.25 feasibleAnts=9 noImprove=21 (elapsed 220.21s)
[ITER 420] bestGlobalCost=72396.87 (feasible=YES) bestThisIter=73677.94 feasibleAnts=7 noImprove=31 (elapsed 225.582s)
[ITER 430] bestGlobalCost=72396.87 (feasible=YES) bestThisIter=74855.19 feasibleAnts=6 noImprove=41 (elapsed 229.307s)
[RESET] no improvement for50-> reset pheromones
[ITER 440] bestGlobalCost=72396.87 (feasible=YES) bestThisIter=75243.29 feasibleAnts=10 noImprove=1 (elapsed 232.923s)
[ITER 450] bestGlobalCost=72396.87 (feasible=YES) bestThisIter=73326.44 feasibleAnts=10 noImprove=11 (elapsed 237.965s)
[ITER 460] bestGlobalCost=72396.87 (feasible=YES) bestThisIter=72663.40 feasibleAnts=9 noImprove=21 (elapsed 243.09s)
[ITER 470] bestGlobalCost=72396.87 (feasible=YES) bestThisIter=73297.41 feasibleAnts=8 noImprove=31 (elapsed 248.19s)
[ITER 480] bestGlobalCost=72396.87 (feasible=YES) bestThisIter=73205.01 feasibleAnts=4 noImprove=41 (elapsed 252.763s)
[RESET] no improvement for50-> reset pheromones
[ITER 490] bestGlobalCost=72396.87 (feasible=YES) bestThisIter=75056.55 feasibleAnts=9 noImprove=1 (elapsed 257.34s)
[ITER 500] bestGlobalCost=72396.87 (feasible=YES) bestThisIter=73400.40 feasibleAnts=10 noImprove=11 (elapsed 262.6s)
[ITER 510] bestGlobalCost=72396.87 (feasible=YES) bestThisIter=73558.94 feasibleAnts=6 noImprove=21 (elapsed 269.379s)
[ITER 520] bestGlobalCost=72396.87 (feasible=YES) bestThisIter=74280.12 feasibleAnts=8 noImprove=31 (elapsed 274.66s)
[ITER 530] bestGlobalCost=72396.87 (feasible=YES) bestThisIter=73708.72 feasibleAnts=4 noImprove=41 (elapsed 279.102s)
[RESET] no improvement for50-> reset pheromones
[ITER 540] bestGlobalCost=72396.87 (feasible=YES) bestThisIter=74479.04 feasibleAnts=9 noImprove=1 (elapsed 282.619s)
[ITER 550] bestGlobalCost=72396.87 (feasible=YES) bestThisIter=73198.13 feasibleAnts=10 noImprove=11 (elapsed 287.572s)
[ITER 560] bestGlobalCost=72396.87 (feasible=YES) bestThisIter=73999.83 feasibleAnts=9 noImprove=21 (elapsed 293.518s)
[ITER 570] bestGlobalCost=72396.87 (feasible=YES) bestThisIter=74241.36 feasibleAnts=6 noImprove=31 (elapsed 299.022s)
41 42 43 44 45 46 55 56 57 58 59 60 61 62 63 65 68 118 
134 135 136 137 138 139 140 141 149 257 263 264 265 266 267 268 269 270 
33 34 35 36 37 38 39 40 47 48 49 50 51 52 53 54 
211 215 218 219 220 221 222 223 224 225 226 227 228 232 233 234 235 236 237 
2 3 229 230 231 238 239 240 241 242 243 244 245 246 247 248 249 250 251 280 
82 88 89 90 104 105 106 107 108 109 110 111 112 113 114 115 116 117 174 
1 4 5 6 7 8 9 10 259 260 261 262 273 274 275 276 277 278 279 
119 120 150 151 152 153 156 157 158 159 160 161 175 176 177 178 179 180 181 182 183 
143 203 204 206 207 208 209 210 212 213 214 216 252 253 254 255 256 258 
11 12 13 14 15 16 17 18 19 20 22 23 24 25 132 133 271 272 
80 81 91 92 93 94 95 96 97 98 99 100 101 102 103 168 169 170 171 
162 163 164 165 166 167 172 173 184 185 186 187 188 189 190 191 192 
21 26 27 28 29 30 31 32 121 122 123 124 125 126 127 128 129 130 131 154 155 
142 144 145 146 147 148 193 194 195 196 197 198 199 200 201 202 205 217 
64 66 67 69 70 71 72 73 74 75 76 77 78 79 83 84 85 86 87 
[SAVELOGS] evolution saved to results/logs/aco_logs/evolution/a280_15_2.txt
[SAVELOGS] best cost saved to results/logs/aco_logs/objectives/a280_15_2.txt
[SAVELOGS] best solution saved to results/logs/aco_logs/solutions/a280_15_2.txt
