[ITER 1] New best cost=4073.39 (feasible=YES, time 0.012012s)
[ITER 3] New best cost=4013.76 (feasible=YES, time 0.0436563s)
[ITER 5] New best cost=4000.54 (feasible=YES, time 0.0766174s)
[ITER 10] bestGlobalCost=4000.54 (feasible=YES) bestThisIter=4000.54 feasibleAnts=34 noImprove=5 (elapsed 0.230159s)
[ITER 20] bestGlobalCost=4000.54 (feasible=YES) bestThisIter=3954.32 feasibleAnts=32 noImprove=15 (elapsed 0.584706s)
[ITER 30] bestGlobalCost=4000.54 (feasible=YES) bestThisIter=3954.32 feasibleAnts=30 noImprove=25 (elapsed 0.786052s)
[RESET] no improvement for30-> reset pheromones
[ITER 40] bestGlobalCost=4000.54 (feasible=YES) bestThisIter=4000.54 feasibleAnts=36 noImprove=5 (elapsed 0.975357s)
[ITER 50] bestGlobalCost=4000.54 (feasible=YES) bestThisIter=4000.54 feasibleAnts=33 noImprove=15 (elapsed 1.17606s)
[ITER 60] bestGlobalCost=4000.54 (feasible=YES) bestThisIter=4000.54 feasibleAnts=35 noImprove=25 (elapsed 1.3629s)
[RESET] no improvement for30-> reset pheromones
[ITER 70] bestGlobalCost=4000.54 (feasible=YES) bestThisIter=4000.54 feasibleAnts=34 noImprove=5 (elapsed 1.55662s)
[ITER 80] bestGlobalCost=4000.54 (feasible=YES) bestThisIter=4000.54 feasibleAnts=35 noImprove=15 (elapsed 1.76401s)
[ITER 90] bestGlobalCost=4000.54 (feasible=YES) bestThisIter=3954.32 feasibleAnts=28 noImprove=25 (elapsed 1.94935s)
[RESET] no improvement for30-> reset pheromones
[ITER 100] bestGlobalCost=4000.54 (feasible=YES) bestThisIter=4000.54 feasibleAnts=33 noImprove=5 (elapsed 2.14845s)
[ITER 110] bestGlobalCost=4000.54 (feasible=YES) bestThisIter=4000.54 feasibleAnts=34 noImprove=15 (elapsed 2.33877s)
[ITER 120] bestGlobalCost=4000.54 (feasible=YES) bestThisIter=4000.54 feasibleAnts=35 noImprove=25 (elapsed 2.53035s)
[RESET] no improvement for30-> reset pheromones
[ITER 130] bestGlobalCost=4000.54 (feasible=YES) bestThisIter=4000.54 feasibleAnts=31 noImprove=5 (elapsed 2.75541s)
[ITER 140] bestGlobalCost=4000.54 (feasible=YES) bestThisIter=3954.32 feasibleAnts=29 noImprove=15 (elapsed 2.95316s)
[ITER 150] bestGlobalCost=4000.54 (feasible=YES) bestThisIter=4000.54 feasibleAnts=36 noImprove=25 (elapsed 3.14846s)
[RESET] no improvement for30-> reset pheromones
[ITER 160] bestGlobalCost=4000.54 (feasible=YES) bestThisIter=4000.54 feasibleAnts=31 noImprove=5 (elapsed 3.34869s)
[ITER 170] bestGlobalCost=4000.54 (feasible=YES) bestThisIter=4000.54 feasibleAnts=35 noImprove=15 (elapsed 3.54908s)
[ITER 180] bestGlobalCost=4000.54 (feasible=YES) bestThisIter=4000.54 feasibleAnts=35 noImprove=25 (elapsed 3.74041s)
[RESET] no improvement for30-> reset pheromones
[ITER 190] bestGlobalCost=4000.54 (feasible=YES) bestThisIter=4000.54 feasibleAnts=27 noImprove=5 (elapsed 3.9404s)
[ITER 200] bestGlobalCost=4000.54 (feasible=YES) bestThisIter=4000.54 feasibleAnts=35 noImprove=15 (elapsed 4.12606s)
[ITER 210] bestGlobalCost=4000.54 (feasible=YES) bestThisIter=4000.54 feasibleAnts=33 noImprove=25 (elapsed 4.31868s)
[RESET] no improvement for30-> reset pheromones
[ITER 220] bestGlobalCost=4000.54 (feasible=YES) bestThisIter=4000.54 feasibleAnts=33 noImprove=5 (elapsed 4.50734s)
[ITER 230] bestGlobalCost=4000.54 (feasible=YES) bestThisIter=4000.54 feasibleAnts=33 noImprove=15 (elapsed 4.69776s)
[ITER 240] bestGlobalCost=4000.54 (feasible=YES) bestThisIter=4000.54 feasibleAnts=32 noImprove=25 (elapsed 4.89217s)
[RESET] no improvement for30-> reset pheromones
[ITER 250] bestGlobalCost=4000.54 (feasible=YES) bestThisIter=3954.32 feasibleAnts=31 noImprove=5 (elapsed 5.09044s)
[ITER 260] bestGlobalCost=4000.54 (feasible=YES) bestThisIter=3954.32 feasibleAnts=34 noImprove=15 (elapsed 5.28013s)
[ITER 270] bestGlobalCost=4000.54 (feasible=YES) bestThisIter=4000.54 feasibleAnts=31 noImprove=25 (elapsed 5.4737s)
[RESET] no improvement for30-> reset pheromones
[ITER 280] bestGlobalCost=4000.54 (feasible=YES) bestThisIter=4000.54 feasibleAnts=30 noImprove=5 (elapsed 5.67805s)
[ITER 290] bestGlobalCost=4000.54 (feasible=YES) bestThisIter=4000.54 feasibleAnts=34 noImprove=15 (elapsed 5.86764s)
[ITER 300] bestGlobalCost=4000.54 (feasible=YES) bestThisIter=4000.54 feasibleAnts=33 noImprove=25 (elapsed 6.07656s)
[RESET] no improvement for30-> reset pheromones
[ITER 310] bestGlobalCost=4000.54 (feasible=YES) bestThisIter=4000.54 feasibleAnts=36 noImprove=5 (elapsed 6.32499s)
[ITER 320] bestGlobalCost=4000.54 (feasible=YES) bestThisIter=4000.54 feasibleAnts=32 noImprove=15 (elapsed 6.57598s)
[ITER 330] bestGlobalCost=4000.54 (feasible=YES) bestThisIter=4000.54 feasibleAnts=33 noImprove=25 (elapsed 6.82677s)
[RESET] no improvement for30-> reset pheromones
[ITER 340] bestGlobalCost=4000.54 (feasible=YES) bestThisIter=3954.32 feasibleAnts=34 noImprove=5 (elapsed 7.07644s)
[ITER 350] bestGlobalCost=4000.54 (feasible=YES) bestThisIter=4000.54 feasibleAnts=34 noImprove=15 (elapsed 7.3221s)
[ITER 360] bestGlobalCost=4000.54 (feasible=YES) bestThisIter=4000.54 feasibleAnts=36 noImprove=25 (elapsed 7.57539s)
[RESET] no improvement for30-> reset pheromones
[ITER 370] bestGlobalCost=4000.54 (feasible=YES) bestThisIter=4000.54 feasibleAnts=38 noImprove=5 (elapsed 7.82109s)
[ITER 380] bestGlobalCost=4000.54 (feasible=YES) bestThisIter=3954.32 feasibleAnts=34 noImprove=15 (elapsed 8.06728s)
[ITER 390] bestGlobalCost=4000.54 (feasible=YES) bestThisIter=3954.32 feasibleAnts=28 noImprove=25 (elapsed 8.3129s)
[RESET] no improvement for30-> reset pheromones
[ITER 400] bestGlobalCost=4000.54 (feasible=YES) bestThisIter=4000.54 feasibleAnts=35 noImprove=5 (elapsed 8.56756s)
[ITER 410] bestGlobalCost=4000.54 (feasible=YES) bestThisIter=4000.54 feasibleAnts=30 noImprove=15 (elapsed 8.82055s)
[ITER 420] bestGlobalCost=4000.54 (feasible=YES) bestThisIter=3954.32 feasibleAnts=27 noImprove=25 (elapsed 9.07137s)
[RESET] no improvement for30-> reset pheromones
[ITER 430] bestGlobalCost=4000.54 (feasible=YES) bestThisIter=4000.54 feasibleAnts=35 noImprove=5 (elapsed 9.3188s)
[ITER 440] bestGlobalCost=4000.54 (feasible=YES) bestThisIter=4000.54 feasibleAnts=29 noImprove=15 (elapsed 9.56114s)
[ITER 450] bestGlobalCost=4000.54 (feasible=YES) bestThisIter=4000.54 feasibleAnts=33 noImprove=25 (elapsed 9.80968s)
[RESET] no improvement for30-> reset pheromones
[ITER 460] bestGlobalCost=4000.54 (feasible=YES) bestThisIter=4000.54 feasibleAnts=30 noImprove=5 (elapsed 10.0543s)
1 2 7 8 14 30 34 40 
12 16 17 19 22 23 31 32 38 42 
3 5 6 9 13 18 20 29 37 39 44 50 
10 11 15 21 33 46 47 49 
24 26 28 36 48 
4 25 27 35 41 43 45 
[SAVELOGS] evolution saved to results/logs/aco_logs/evolution/muestra1_50_6.txt
[SAVELOGS] best cost saved to results/logs/aco_logs/objectives/muestra1_50_6.txt
[SAVELOGS] best solution saved to results/logs/aco_logs/solutions/muestra1_50_6.txt
