[ITER 1] New best cost=255577.21 (feasible=YES, time 0.111524s)
[ITER 2] New best cost=243580.20 (feasible=YES, time 0.204525s)
[ITER 3] New best cost=243029.30 (feasible=YES, time 0.286159s)
[ITER 5] New best cost=242717.73 (feasible=YES, time 0.442184s)
[ITER 6] New best cost=238404.72 (feasible=YES, time 0.510848s)
[ITER 8] New best cost=235174.39 (feasible=YES, time 0.673983s)
[ITER 10] bestGlobalCost=235174.39 (feasible=YES) bestThisIter=235174.39 feasibleAnts=13 noImprove=2 (elapsed 0.79098s)
[ITER 15] New best cost=232240.41 (feasible=YES, time 1.62477s)
[ITER 20] bestGlobalCost=232240.41 (feasible=YES) bestThisIter=232240.41 feasibleAnts=11 noImprove=5 (elapsed 4.47348s)
[ITER 30] New best cost=231656.27 (feasible=YES, time 6.31785s)
[ITER 30] bestGlobalCost=231656.27 (feasible=YES) bestThisIter=233234.52 feasibleAnts=9 noImprove=0 (elapsed 7.82648s)
[ITER 33] New best cost=231531.77 (feasible=YES, time 7.96522s)
[ITER 35] New best cost=231018.97 (feasible=YES, time 8.10969s)
[ITER 40] bestGlobalCost=231018.97 (feasible=YES) bestThisIter=231018.97 feasibleAnts=13 noImprove=5 (elapsed 8.37695s)
[ITER 41] New best cost=230567.39 (feasible=YES, time 8.41732s)
[ITER 45] New best cost=230054.60 (feasible=YES, time 9.11523s)
[ITER 50] bestGlobalCost=230054.60 (feasible=YES) bestThisIter=230054.60 feasibleAnts=11 noImprove=5 (elapsed 11.8121s)
[ITER 60] bestGlobalCost=230054.60 (feasible=YES) bestThisIter=232293.07 feasibleAnts=10 noImprove=15 (elapsed 15.2268s)
[ITER 61] New best cost=230021.37 (feasible=YES, time 15.3253s)
[ITER 70] bestGlobalCost=230021.37 (feasible=YES) bestThisIter=230021.37 feasibleAnts=10 noImprove=9 (elapsed 15.7293s)
[ITER 80] bestGlobalCost=230021.37 (feasible=YES) bestThisIter=230021.37 feasibleAnts=10 noImprove=19 (elapsed 19.3448s)
[ITER 90] bestGlobalCost=230021.37 (feasible=YES) bestThisIter=244676.55 feasibleAnts=10 noImprove=29 (elapsed 23.0498s)
[RESET] no improvement for30-> reset pheromones
[ITER 100] bestGlobalCost=230021.37 (feasible=YES) bestThisIter=249483.03 feasibleAnts=10 noImprove=9 (elapsed 24.1115s)
[ITER 110] bestGlobalCost=230021.37 (feasible=YES) bestThisIter=241437.87 feasibleAnts=9 noImprove=19 (elapsed 28.0067s)
[ITER 120] bestGlobalCost=230021.37 (feasible=YES) bestThisIter=230021.37 feasibleAnts=10 noImprove=29 (elapsed 31.475s)
[RESET] no improvement for30-> reset pheromones
[ITER 130] bestGlobalCost=230021.37 (feasible=YES) bestThisIter=240556.94 feasibleAnts=10 noImprove=9 (elapsed 32.6497s)
[ITER 140] bestGlobalCost=230021.37 (feasible=YES) bestThisIter=230021.37 feasibleAnts=10 noImprove=19 (elapsed 36.5435s)
[ITER 150] bestGlobalCost=230021.37 (feasible=YES) bestThisIter=230021.37 feasibleAnts=10 noImprove=29 (elapsed 39.9304s)
[RESET] no improvement for30-> reset pheromones
[ITER 160] bestGlobalCost=230021.37 (feasible=YES) bestThisIter=266438.48 feasibleAnts=10 noImprove=9 (elapsed 40.9626s)
[ITER 170] bestGlobalCost=230021.37 (feasible=YES) bestThisIter=237052.27 feasibleAnts=10 noImprove=19 (elapsed 45.1353s)
[ITER 180] bestGlobalCost=230021.37 (feasible=YES) bestThisIter=231838.74 feasibleAnts=10 noImprove=29 (elapsed 48.531s)
[RESET] no improvement for30-> reset pheromones
[ITER 190] bestGlobalCost=230021.37 (feasible=YES) bestThisIter=253674.03 feasibleAnts=10 noImprove=9 (elapsed 49.6855s)
[ITER 200] bestGlobalCost=230021.37 (feasible=YES) bestThisIter=249509.00 feasibleAnts=10 noImprove=19 (elapsed 53.7069s)
[ITER 210] bestGlobalCost=230021.37 (feasible=YES) bestThisIter=241048.06 feasibleAnts=10 noImprove=29 (elapsed 56.9872s)
[RESET] no improvement for30-> reset pheromones
[ITER 220] bestGlobalCost=230021.37 (feasible=YES) bestThisIter=250035.02 feasibleAnts=10 noImprove=9 (elapsed 58.0611s)
4 10 12 18 19 29 46 49 92 93 
11 16 48 51 52 63 84 87 96 97 
14 33 36 45 57 69 73 74 81 99 100 
2 21 23 68 70 76 83 91 94 95 
3 30 35 41 59 60 77 80 89 
1 13 15 27 40 53 65 67 79 85 
7 9 24 26 32 37 44 61 66 78 82 
5 28 38 43 50 56 71 86 88 98 
8 17 22 25 34 39 58 62 72 90 
6 20 31 42 47 54 55 64 75 
[SAVELOGS] evolution saved to results/logs/kroC100_10_5/evolution/kroC100_10_5
[SAVELOGS] best cost saved to results/logs/kroC100_10_5/objectives/kroC100_10_5
[SAVELOGS] best solution saved to results/logs/kroC100_10_5/solutions/kroC100_10_5
