[ITER 1] New best cost=1070693.58 (feasible=YES, time 0.108901s)
[ITER 2] New best cost=1031118.30 (feasible=YES, time 0.212951s)
[ITER 4] New best cost=1020119.95 (feasible=YES, time 0.397385s)
[ITER 5] New best cost=1008011.14 (feasible=YES, time 0.460404s)
[ITER 10] bestGlobalCost=1008011.14 (feasible=YES) bestThisIter=1008011.14 feasibleAnts=10 noImprove=5 (elapsed 0.873197s)
[ITER 11] New best cost=1002833.84 (feasible=YES, time 1.0112s)
[ITER 13] New best cost=1000224.05 (feasible=YES, time 1.17188s)
[ITER 15] New best cost=992615.25 (feasible=YES, time 3.77895s)
[ITER 20] bestGlobalCost=992615.25 (feasible=YES) bestThisIter=992615.25 feasibleAnts=13 noImprove=5 (elapsed 5.3921s)
[ITER 30] New best cost=992298.48 (feasible=YES, time 8.62635s)
[ITER 30] bestGlobalCost=992298.48 (feasible=YES) bestThisIter=992615.25 feasibleAnts=10 noImprove=0 (elapsed 9.41069s)
[ITER 40] bestGlobalCost=992298.48 (feasible=YES) bestThisIter=996656.77 feasibleAnts=10 noImprove=10 (elapsed 10.1297s)
[ITER 50] bestGlobalCost=992298.48 (feasible=YES) bestThisIter=1016235.75 feasibleAnts=10 noImprove=20 (elapsed 14.3816s)
[ITER 60] bestGlobalCost=992298.48 (feasible=YES) bestThisIter=1008008.41 feasibleAnts=10 noImprove=30 (elapsed 18.245s)
[RESET] no improvement for30-> reset pheromones
[ITER 70] bestGlobalCost=992298.48 (feasible=YES) bestThisIter=1044796.11 feasibleAnts=10 noImprove=10 (elapsed 19.2569s)
[ITER 75] New best cost=991008.48 (feasible=YES, time 22.6303s)
[ITER 80] bestGlobalCost=991008.48 (feasible=YES) bestThisIter=991008.48 feasibleAnts=10 noImprove=5 (elapsed 23.7934s)
[ITER 85] New best cost=983257.98 (feasible=YES, time 24.2469s)
[ITER 90] bestGlobalCost=983257.98 (feasible=YES) bestThisIter=983257.98 feasibleAnts=11 noImprove=5 (elapsed 27.6345s)
[ITER 100] bestGlobalCost=983257.98 (feasible=YES) bestThisIter=1002290.98 feasibleAnts=10 noImprove=15 (elapsed 28.1716s)
[ITER 110] bestGlobalCost=983257.98 (feasible=YES) bestThisIter=1010961.77 feasibleAnts=10 noImprove=25 (elapsed 32.0641s)
[RESET] no improvement for30-> reset pheromones
[ITER 120] bestGlobalCost=983257.98 (feasible=YES) bestThisIter=1020228.35 feasibleAnts=10 noImprove=5 (elapsed 36.7394s)
[ITER 130] bestGlobalCost=983257.98 (feasible=YES) bestThisIter=983257.98 feasibleAnts=10 noImprove=15 (elapsed 37.6158s)
[ITER 140] bestGlobalCost=983257.98 (feasible=YES) bestThisIter=998397.03 feasibleAnts=10 noImprove=25 (elapsed 41.8167s)
[RESET] no improvement for30-> reset pheromones
[ITER 150] bestGlobalCost=983257.98 (feasible=YES) bestThisIter=1013230.88 feasibleAnts=10 noImprove=5 (elapsed 46.2488s)
[ITER 160] bestGlobalCost=983257.98 (feasible=YES) bestThisIter=1003924.17 feasibleAnts=10 noImprove=15 (elapsed 47.1406s)
[ITER 170] bestGlobalCost=983257.98 (feasible=YES) bestThisIter=983257.98 feasibleAnts=9 noImprove=25 (elapsed 51.0175s)
[RESET] no improvement for30-> reset pheromones
[ITER 180] bestGlobalCost=983257.98 (feasible=YES) bestThisIter=1067788.10 feasibleAnts=10 noImprove=5 (elapsed 55.5466s)
[ITER 190] bestGlobalCost=983257.98 (feasible=YES) bestThisIter=1002276.18 feasibleAnts=10 noImprove=15 (elapsed 56.5175s)
7 8 22 23 24 25 26 29 35 36 37 38 
9 10 11 12 13 14 15 17 47 48 49 50 51 
16 18 19 20 21 39 40 41 42 43 44 45 53 
55 56 57 58 59 61 62 67 75 83 84 
76 77 78 79 80 82 92 93 94 95 96 100 117 
102 104 105 106 107 108 109 110 111 112 113 114 
60 63 64 65 66 68 69 70 71 72 73 74 81 
97 98 99 115 116 118 119 120 121 122 123 124 
1 2 3 4 5 6 27 28 30 31 32 33 34 
46 52 54 85 86 87 88 89 90 91 101 103 
[SAVELOGS] evolution saved to results/logs/pr124_10_3/evolution/pr124_10_3
[SAVELOGS] best cost saved to results/logs/pr124_10_3/objectives/pr124_10_3
[SAVELOGS] best solution saved to results/logs/pr124_10_3/solutions/pr124_10_3
