[ITER 1] New best cost=1058370.28 (feasible=YES, time 0.138771s)
[ITER 2] New best cost=1046200.28 (feasible=YES, time 0.230493s)
[ITER 3] New best cost=1028720.05 (feasible=YES, time 0.344301s)
[ITER 10] bestGlobalCost=1028720.05 (feasible=YES) bestThisIter=1073746.05 feasibleAnts=10 noImprove=7 (elapsed 1.0086s)
[ITER 15] New best cost=983257.98 (feasible=YES, time 2.04854s)
[ITER 20] bestGlobalCost=983257.98 (feasible=YES) bestThisIter=983257.98 feasibleAnts=11 noImprove=5 (elapsed 4.78252s)
[ITER 30] bestGlobalCost=983257.98 (feasible=YES) bestThisIter=983257.98 feasibleAnts=9 noImprove=15 (elapsed 8.45434s)
[ITER 40] bestGlobalCost=983257.98 (feasible=YES) bestThisIter=1022863.54 feasibleAnts=10 noImprove=25 (elapsed 9.15983s)
[RESET] no improvement for30-> reset pheromones
[ITER 50] bestGlobalCost=983257.98 (feasible=YES) bestThisIter=1026728.16 feasibleAnts=10 noImprove=5 (elapsed 13.7963s)
[ITER 60] bestGlobalCost=983257.98 (feasible=YES) bestThisIter=995519.69 feasibleAnts=10 noImprove=15 (elapsed 17.8615s)
[ITER 70] bestGlobalCost=983257.98 (feasible=YES) bestThisIter=987489.57 feasibleAnts=10 noImprove=25 (elapsed 18.6985s)
[RESET] no improvement for30-> reset pheromones
[ITER 80] bestGlobalCost=983257.98 (feasible=YES) bestThisIter=1038645.96 feasibleAnts=10 noImprove=5 (elapsed 23.1881s)
[ITER 90] bestGlobalCost=983257.98 (feasible=YES) bestThisIter=995519.69 feasibleAnts=10 noImprove=15 (elapsed 27.6067s)
[ITER 100] bestGlobalCost=983257.98 (feasible=YES) bestThisIter=1003221.45 feasibleAnts=10 noImprove=25 (elapsed 28.5327s)
[RESET] no improvement for30-> reset pheromones
[ITER 110] bestGlobalCost=983257.98 (feasible=YES) bestThisIter=1007241.87 feasibleAnts=10 noImprove=5 (elapsed 32.7666s)
[ITER 120] bestGlobalCost=983257.98 (feasible=YES) bestThisIter=1001718.12 feasibleAnts=10 noImprove=15 (elapsed 37.5861s)
[ITER 130] bestGlobalCost=983257.98 (feasible=YES) bestThisIter=995519.69 feasibleAnts=10 noImprove=25 (elapsed 38.2504s)
[RESET] no improvement for30-> reset pheromones
[ITER 140] bestGlobalCost=983257.98 (feasible=YES) bestThisIter=1001718.12 feasibleAnts=10 noImprove=5 (elapsed 42.4242s)
[ITER 150] bestGlobalCost=983257.98 (feasible=YES) bestThisIter=1020069.18 feasibleAnts=10 noImprove=15 (elapsed 47.0136s)
[ITER 160] bestGlobalCost=983257.98 (feasible=YES) bestThisIter=983257.98 feasibleAnts=10 noImprove=25 (elapsed 47.7236s)
[RESET] no improvement for30-> reset pheromones
[ITER 170] bestGlobalCost=983257.98 (feasible=YES) bestThisIter=1101262.21 feasibleAnts=10 noImprove=5 (elapsed 51.7108s)
[ITER 180] bestGlobalCost=983257.98 (feasible=YES) bestThisIter=1001718.12 feasibleAnts=10 noImprove=15 (elapsed 56.1912s)
[ITER 190] bestGlobalCost=983257.98 (feasible=YES) bestThisIter=983257.98 feasibleAnts=10 noImprove=25 (elapsed 57.0551s)
[RESET] no improvement for30-> reset pheromones
60 63 64 65 66 68 69 70 71 72 73 74 81 
1 2 3 4 5 6 27 28 30 31 32 33 34 
55 56 57 58 59 61 62 67 75 83 84 
16 18 19 20 21 39 40 41 42 43 44 45 53 
9 10 11 12 13 14 15 17 47 48 49 50 51 
7 8 22 23 24 25 26 29 35 36 37 38 
76 77 78 79 80 82 92 93 94 95 96 100 117 
46 52 54 85 86 87 88 89 90 91 101 103 
102 104 105 106 107 108 109 110 111 112 113 114 
97 98 99 115 116 118 119 120 121 122 123 124 
[SAVELOGS] evolution saved to results/logs/pr124_10_3/evolution/pr124_10_3
[SAVELOGS] best cost saved to results/logs/pr124_10_3/objectives/pr124_10_3
[SAVELOGS] best solution saved to results/logs/pr124_10_3/solutions/pr124_10_3
