[ITER 1] New best cost=1076704.55 (feasible=YES, time 0.161886s)
[ITER 2] New best cost=1052776.10 (feasible=YES, time 0.234122s)
[ITER 3] New best cost=1028529.59 (feasible=YES, time 0.295866s)
[ITER 5] New best cost=1013088.07 (feasible=YES, time 0.506055s)
[ITER 7] New best cost=1011604.31 (feasible=YES, time 0.645377s)
[ITER 8] New best cost=1008572.85 (feasible=YES, time 0.728347s)
[ITER 10] bestGlobalCost=1008572.85 (feasible=YES) bestThisIter=1008572.85 feasibleAnts=10 noImprove=2 (elapsed 0.889875s)
[ITER 11] New best cost=1004398.56 (feasible=YES, time 1.00533s)
[ITER 14] New best cost=998077.20 (feasible=YES, time 1.23792s)
[ITER 15] New best cost=992298.48 (feasible=YES, time 2.08762s)
[ITER 20] bestGlobalCost=992298.48 (feasible=YES) bestThisIter=992298.48 feasibleAnts=14 noImprove=5 (elapsed 5.21476s)
[ITER 30] bestGlobalCost=992298.48 (feasible=YES) bestThisIter=992298.48 feasibleAnts=10 noImprove=15 (elapsed 9.24306s)
[ITER 33] New best cost=992017.74 (feasible=YES, time 9.50455s)
[ITER 39] New best cost=987489.57 (feasible=YES, time 10.0402s)
[ITER 40] bestGlobalCost=987489.57 (feasible=YES) bestThisIter=992017.74 feasibleAnts=25 noImprove=1 (elapsed 10.1257s)
[ITER 41] New best cost=983257.98 (feasible=YES, time 10.2119s)
[ITER 50] bestGlobalCost=983257.98 (feasible=YES) bestThisIter=983257.98 feasibleAnts=9 noImprove=9 (elapsed 13.904s)
[ITER 60] bestGlobalCost=983257.98 (feasible=YES) bestThisIter=983257.98 feasibleAnts=10 noImprove=19 (elapsed 18.0284s)
[ITER 70] bestGlobalCost=983257.98 (feasible=YES) bestThisIter=992017.74 feasibleAnts=10 noImprove=29 (elapsed 18.9045s)
[RESET] no improvement for30-> reset pheromones
[ITER 80] bestGlobalCost=983257.98 (feasible=YES) bestThisIter=983257.98 feasibleAnts=10 noImprove=9 (elapsed 23.1285s)
[ITER 90] bestGlobalCost=983257.98 (feasible=YES) bestThisIter=983257.98 feasibleAnts=10 noImprove=19 (elapsed 27.8254s)
[ITER 100] bestGlobalCost=983257.98 (feasible=YES) bestThisIter=983257.98 feasibleAnts=10 noImprove=29 (elapsed 28.558s)
[RESET] no improvement for30-> reset pheromones
[ITER 110] bestGlobalCost=983257.98 (feasible=YES) bestThisIter=1046604.62 feasibleAnts=10 noImprove=9 (elapsed 32.7051s)
[ITER 120] bestGlobalCost=983257.98 (feasible=YES) bestThisIter=983257.98 feasibleAnts=10 noImprove=19 (elapsed 37.1669s)
[ITER 130] bestGlobalCost=983257.98 (feasible=YES) bestThisIter=1018095.78 feasibleAnts=10 noImprove=29 (elapsed 37.9665s)
[RESET] no improvement for30-> reset pheromones
[ITER 140] bestGlobalCost=983257.98 (feasible=YES) bestThisIter=1060065.00 feasibleAnts=10 noImprove=9 (elapsed 42.6153s)
[ITER 150] bestGlobalCost=983257.98 (feasible=YES) bestThisIter=983257.98 feasibleAnts=10 noImprove=19 (elapsed 46.8049s)
[ITER 160] bestGlobalCost=983257.98 (feasible=YES) bestThisIter=1009478.95 feasibleAnts=10 noImprove=29 (elapsed 47.5626s)
[RESET] no improvement for30-> reset pheromones
[ITER 170] bestGlobalCost=983257.98 (feasible=YES) bestThisIter=1003678.41 feasibleAnts=10 noImprove=9 (elapsed 51.7104s)
[ITER 180] bestGlobalCost=983257.98 (feasible=YES) bestThisIter=983257.98 feasibleAnts=10 noImprove=19 (elapsed 56.2943s)
[ITER 190] bestGlobalCost=983257.98 (feasible=YES) bestThisIter=1013469.94 feasibleAnts=10 noImprove=29 (elapsed 57.0604s)
[RESET] no improvement for30-> reset pheromones
76 77 78 79 80 82 92 93 94 95 96 100 117 
9 10 11 12 13 14 15 17 47 48 49 50 51 
1 2 3 4 5 6 27 28 30 31 32 33 34 
46 52 54 85 86 87 88 89 90 91 101 103 
102 104 105 106 107 108 109 110 111 112 113 114 
16 18 19 20 21 39 40 41 42 43 44 45 53 
55 56 57 58 59 61 62 67 75 83 84 
97 98 99 115 116 118 119 120 121 122 123 124 
60 63 64 65 66 68 69 70 71 72 73 74 81 
7 8 22 23 24 25 26 29 35 36 37 38 
[SAVELOGS] evolution saved to results/logs/pr124_10_3/evolution/pr124_10_3
[SAVELOGS] best cost saved to results/logs/pr124_10_3/objectives/pr124_10_3
[SAVELOGS] best solution saved to results/logs/pr124_10_3/solutions/pr124_10_3
