[ITER 1] New best cost=44363.57 (feasible=YES, time 0.161458s)
[ITER 2] New best cost=44177.35 (feasible=YES, time 0.289603s)
[ITER 3] New best cost=43779.91 (feasible=YES, time 0.407492s)
[ITER 4] New best cost=43125.21 (feasible=YES, time 0.525048s)
[ITER 5] New best cost=42107.76 (feasible=YES, time 0.669847s)
[ITER 10] New best cost=41799.23 (feasible=YES, time 1.24381s)
[ITER 10] bestGlobalCost=41799.23 (feasible=YES) bestThisIter=41799.23 feasibleAnts=10 noImprove=0 (elapsed 1.24811s)
[ITER 11] New best cost=41768.22 (feasible=YES, time 1.34903s)
[ITER 15] New best cost=41596.07 (feasible=YES, time 2.63662s)
[ITER 15] New best cost=41444.71 (feasible=YES, time 3.67431s)
[ITER 20] bestGlobalCost=41444.71 (feasible=YES) bestThisIter=41852.02 feasibleAnts=10 noImprove=5 (elapsed 7.32337s)
[ITER 22] New best cost=41351.34 (feasible=YES, time 7.45491s)
[ITER 30] bestGlobalCost=41351.34 (feasible=YES) bestThisIter=41896.84 feasibleAnts=9 noImprove=8 (elapsed 13.0171s)
[ITER 40] bestGlobalCost=41351.34 (feasible=YES) bestThisIter=42227.84 feasibleAnts=10 noImprove=18 (elapsed 14.4924s)
[ITER 50] bestGlobalCost=41351.34 (feasible=YES) bestThisIter=42395.43 feasibleAnts=10 noImprove=28 (elapsed 20.8602s)
[RESET] no improvement for30-> reset pheromones
[ITER 60] bestGlobalCost=41351.34 (feasible=YES) bestThisIter=43487.66 feasibleAnts=10 noImprove=8 (elapsed 27.8351s)
[ITER 70] bestGlobalCost=41351.34 (feasible=YES) bestThisIter=43158.00 feasibleAnts=10 noImprove=18 (elapsed 29.173s)
[ITER 80] bestGlobalCost=41351.34 (feasible=YES) bestThisIter=42533.30 feasibleAnts=10 noImprove=28 (elapsed 35.9451s)
[RESET] no improvement for30-> reset pheromones
[ITER 90] bestGlobalCost=41351.34 (feasible=YES) bestThisIter=44001.95 feasibleAnts=10 noImprove=8 (elapsed 42.6394s)
[ITER 100] bestGlobalCost=41351.34 (feasible=YES) bestThisIter=43705.40 feasibleAnts=10 noImprove=18 (elapsed 44.2279s)
[ITER 110] bestGlobalCost=41351.34 (feasible=YES) bestThisIter=42312.22 feasibleAnts=10 noImprove=28 (elapsed 50.2325s)
[RESET] no improvement for30-> reset pheromones
[ITER 120] bestGlobalCost=41351.34 (feasible=YES) bestThisIter=43230.63 feasibleAnts=10 noImprove=8 (elapsed 57.1617s)
[ITER 130] bestGlobalCost=41351.34 (feasible=YES) bestThisIter=44318.44 feasibleAnts=10 noImprove=18 (elapsed 58.7047s)
20 25 51 81 83 110 141 
2 6 9 28 37 42 47 120 
39 41 57 60 116 117 140 
23 32 38 43 67 101 131 
19 70 99 102 108 114 
11 17 36 61 66 69 130 148 
14 15 72 77 78 80 122 
3 10 30 48 63 73 84 96 
8 35 52 89 93 124 126 146 
21 22 62 88 94 113 125 149 
33 46 54 90 92 109 134 138 
12 24 40 53 118 127 139 
13 64 71 91 106 112 136 
5 82 97 100 107 143 
16 59 79 105 111 121 133 
1 7 34 76 87 95 98 103 
27 31 49 74 123 129 144 145 147 
18 26 56 65 75 85 132 142 
29 50 55 58 86 135 137 
4 44 45 68 104 115 119 128 150 
[SAVELOGS] evolution saved to results/logs/ch150_20_2/evolution/ch150_20_2
[SAVELOGS] best cost saved to results/logs/ch150_20_2/objectives/ch150_20_2
[SAVELOGS] best solution saved to results/logs/ch150_20_2/solutions/ch150_20_2
