[ITER 1] New best cost=46254.17 (feasible=YES, time 0.230768s)
[ITER 2] New best cost=45472.39 (feasible=YES, time 0.448877s)
[ITER 3] New best cost=43661.40 (feasible=YES, time 0.628187s)
[ITER 9] New best cost=42434.34 (feasible=YES, time 1.91269s)
[ITER 10] bestGlobalCost=42434.34 (feasible=YES) bestThisIter=43661.40 feasibleAnts=10 noImprove=1 (elapsed 2.02289s)
[ITER 12] New best cost=42115.84 (feasible=YES, time 2.41336s)
[ITER 13] New best cost=42062.21 (feasible=YES, time 2.53543s)
[ITER 15] New best cost=42055.04 (feasible=YES, time 4.47024s)
[ITER 15] New best cost=42013.98 (feasible=YES, time 6.03074s)
[ITER 15] New best cost=41503.58 (feasible=YES, time 7.37804s)
[ITER 20] bestGlobalCost=41503.58 (feasible=YES) bestThisIter=41503.58 feasibleAnts=10 noImprove=5 (elapsed 10.448s)
[ITER 30] New best cost=41495.44 (feasible=YES, time 15.3248s)
[ITER 30] bestGlobalCost=41495.44 (feasible=YES) bestThisIter=43309.79 feasibleAnts=10 noImprove=0 (elapsed 19.384s)
[ITER 32] New best cost=41430.17 (feasible=YES, time 19.7608s)
[ITER 33] New best cost=41383.21 (feasible=YES, time 19.9479s)
[ITER 40] bestGlobalCost=41383.21 (feasible=YES) bestThisIter=41383.21 feasibleAnts=10 noImprove=7 (elapsed 21.1522s)
[ITER 45] New best cost=40938.72 (feasible=YES, time 27.4335s)
[ITER 50] bestGlobalCost=40938.72 (feasible=YES) bestThisIter=40938.72 feasibleAnts=10 noImprove=5 (elapsed 29.734s)
[ITER 60] bestGlobalCost=40938.72 (feasible=YES) bestThisIter=44177.29 feasibleAnts=10 noImprove=15 (elapsed 37.9624s)
[ITER 70] bestGlobalCost=40938.72 (feasible=YES) bestThisIter=41779.03 feasibleAnts=10 noImprove=25 (elapsed 40.6652s)
[ITER 75] New best cost=40902.00 (feasible=YES, time 47.1761s)
[ITER 80] bestGlobalCost=40902.00 (feasible=YES) bestThisIter=40902.00 feasibleAnts=10 noImprove=5 (elapsed 48.9513s)
[ITER 90] bestGlobalCost=40902.00 (feasible=YES) bestThisIter=42664.02 feasibleAnts=10 noImprove=15 (elapsed 57.8168s)
4 21 44 104 115 125 150 
23 27 49 72 129 144 145 147 
50 70 99 102 108 114 135 137 
2 6 9 19 28 37 42 
13 31 64 74 112 123 136 
1 30 34 48 73 76 87 98 103 
29 58 81 86 110 132 141 
20 25 46 51 90 109 134 138 
14 15 16 59 77 80 122 133 
5 82 95 97 100 107 143 
7 8 84 89 93 96 124 
45 68 71 91 106 119 128 
12 32 38 43 67 101 116 131 
17 39 41 57 60 66 117 140 
10 35 78 79 88 105 111 121 
24 40 47 53 118 120 139 
3 22 62 63 94 113 149 
18 55 65 75 83 85 142 
26 33 52 54 56 92 126 146 
11 36 61 69 127 130 148 
[SAVELOGS] evolution saved to results/logs/ch150_20_3/evolution/ch150_20_3
[SAVELOGS] best cost saved to results/logs/ch150_20_3/objectives/ch150_20_3
[SAVELOGS] best solution saved to results/logs/ch150_20_3/solutions/ch150_20_3
