[ITER 1] New best cost=45167.98 (feasible=YES, time 0.298226s)
[ITER 2] New best cost=44504.55 (feasible=YES, time 0.578948s)
[ITER 10] bestGlobalCost=44504.55 (feasible=YES) bestThisIter=44614.67 feasibleAnts=10 noImprove=8 (elapsed 2.71944s)
[ITER 13] New best cost=43867.11 (feasible=YES, time 3.51745s)
[ITER 15] New best cost=43056.96 (feasible=YES, time 5.16222s)
[ITER 15] New best cost=41790.68 (feasible=YES, time 6.41163s)
[ITER 20] bestGlobalCost=41790.68 (feasible=YES) bestThisIter=42333.12 feasibleAnts=10 noImprove=5 (elapsed 10.7989s)
[ITER 24] New best cost=41585.40 (feasible=YES, time 11.3931s)
[ITER 26] New best cost=41425.83 (feasible=YES, time 11.6794s)
[ITER 30] bestGlobalCost=41425.83 (feasible=YES) bestThisIter=41785.49 feasibleAnts=10 noImprove=4 (elapsed 19.1156s)
[ITER 34] New best cost=41201.30 (feasible=YES, time 19.658s)
[ITER 40] bestGlobalCost=41201.30 (feasible=YES) bestThisIter=42055.39 feasibleAnts=10 noImprove=6 (elapsed 20.5567s)
[ITER 45] New best cost=41016.02 (feasible=YES, time 26.7887s)
[ITER 50] bestGlobalCost=41016.02 (feasible=YES) bestThisIter=41016.02 feasibleAnts=10 noImprove=5 (elapsed 28.7774s)
[ITER 60] New best cost=40938.72 (feasible=YES, time 33.368s)
[ITER 60] bestGlobalCost=40938.72 (feasible=YES) bestThisIter=42751.19 feasibleAnts=10 noImprove=0 (elapsed 37.6011s)
[ITER 70] bestGlobalCost=40938.72 (feasible=YES) bestThisIter=41464.06 feasibleAnts=10 noImprove=10 (elapsed 39.3033s)
[ITER 80] bestGlobalCost=40938.72 (feasible=YES) bestThisIter=42835.29 feasibleAnts=10 noImprove=20 (elapsed 48.6281s)
[ITER 90] bestGlobalCost=40938.72 (feasible=YES) bestThisIter=44410.06 feasibleAnts=10 noImprove=30 (elapsed 57.9078s)
[RESET] no improvement for30-> reset pheromones
45 68 71 91 106 119 128 
50 70 99 102 108 114 135 137 
20 25 46 51 90 109 134 138 
3 10 22 62 113 121 149 
5 82 95 97 100 107 143 
7 8 63 84 89 96 124 
18 55 65 75 83 85 142 
24 40 47 53 118 120 139 
29 58 81 86 110 132 141 
35 52 78 79 88 93 94 105 
11 36 61 69 127 130 148 
14 15 16 59 77 80 122 133 
12 32 38 43 67 101 116 131 
4 21 44 104 115 125 150 
1 30 34 48 73 76 87 98 103 
2 6 9 19 28 37 42 
23 27 49 72 129 144 145 147 
17 39 41 57 60 66 117 140 
26 33 54 56 92 111 126 146 
13 31 64 74 112 123 136 
[SAVELOGS] evolution saved to results/logs/ch150_20_3/evolution/ch150_20_3
[SAVELOGS] best cost saved to results/logs/ch150_20_3/objectives/ch150_20_3
[SAVELOGS] best solution saved to results/logs/ch150_20_3/solutions/ch150_20_3
