[ITER 1] New best cost=85334.05 (feasible=NO, time 0.0819864s)
[ITER 2] New best cost=54145.22 (feasible=YES, time 1.06051s)
[ITER 3] New best cost=52043.96 (feasible=YES, time 1.8731s)
[ITER 7] New best cost=51841.77 (feasible=YES, time 5.37522s)
[ITER 9] New best cost=51421.64 (feasible=YES, time 7.07414s)
[ITER 10] bestGlobalCost=51421.64 (feasible=YES) bestThisIter=51453.83 feasibleAnts=10 noImprove=1 (elapsed 9.95826s)
[ITER 11] New best cost=51387.78 (feasible=YES, time 10.7904s)
[ITER 13] New best cost=50575.41 (feasible=YES, time 12.6988s)
[ITER 14] New best cost=50525.79 (feasible=YES, time 13.6726s)
[ITER 16] New best cost=50332.56 (feasible=YES, time 15.2349s)
[ITER 20] New best cost=49956.89 (feasible=YES, time 22.1612s)
[ITER 20] bestGlobalCost=49956.89 (feasible=YES) bestThisIter=50263.66 feasibleAnts=10 noImprove=0 (elapsed 22.1669s)
[ITER 24] New best cost=49837.53 (feasible=YES, time 27.0877s)
[ITER 30] bestGlobalCost=49837.53 (feasible=YES) bestThisIter=50453.73 feasibleAnts=10 noImprove=6 (elapsed 34.6639s)
[ITER 40] bestGlobalCost=49837.53 (feasible=YES) bestThisIter=51909.01 feasibleAnts=10 noImprove=16 (elapsed 45.8503s)
[ITER 50] bestGlobalCost=49837.53 (feasible=YES) bestThisIter=51958.54 feasibleAnts=8 noImprove=26 (elapsed 58.4957s)
[ITER 60] bestGlobalCost=49837.53 (feasible=YES) bestThisIter=53103.37 feasibleAnts=4 noImprove=36 (elapsed 66.0049s)
[ITER 70] bestGlobalCost=49837.53 (feasible=YES) bestThisIter=53522.63 feasibleAnts=3 noImprove=46 (elapsed 72.2194s)
[RESET] no improvement for50-> reset pheromones
[ITER 80] bestGlobalCost=49837.53 (feasible=YES) bestThisIter=50193.22 feasibleAnts=10 noImprove=6 (elapsed 79.1135s)
[ITER 90] bestGlobalCost=49837.53 (feasible=YES) bestThisIter=50758.29 feasibleAnts=10 noImprove=16 (elapsed 89.5719s)
[ITER 100] bestGlobalCost=49837.53 (feasible=YES) bestThisIter=52036.74 feasibleAnts=7 noImprove=26 (elapsed 99.6657s)
[ITER 110] bestGlobalCost=49837.53 (feasible=YES) bestThisIter=54359.85 feasibleAnts=5 noImprove=36 (elapsed 109.565s)
[ITER 120] bestGlobalCost=49837.53 (feasible=YES) bestThisIter=54464.24 feasibleAnts=3 noImprove=46 (elapsed 116.512s)
[RESET] no improvement for50-> reset pheromones
[ITER 130] bestGlobalCost=49837.53 (feasible=YES) bestThisIter=50683.96 feasibleAnts=10 noImprove=6 (elapsed 123.651s)
[ITER 140] bestGlobalCost=49837.53 (feasible=YES) bestThisIter=51378.02 feasibleAnts=10 noImprove=16 (elapsed 134.234s)
[ITER 150] bestGlobalCost=49837.53 (feasible=YES) bestThisIter=52857.15 feasibleAnts=6 noImprove=26 (elapsed 145.93s)
[ITER 160] bestGlobalCost=49837.53 (feasible=YES) bestThisIter=51677.07 feasibleAnts=7 noImprove=36 (elapsed 154.856s)
[ITER 170] bestGlobalCost=49837.53 (feasible=YES) bestThisIter=51883.51 feasibleAnts=4 noImprove=46 (elapsed 161.012s)
[RESET] no improvement for50-> reset pheromones
[ITER 180] bestGlobalCost=49837.53 (feasible=YES) bestThisIter=50352.52 feasibleAnts=10 noImprove=6 (elapsed 169.175s)
[ITER 183] New best cost=49788.83 (feasible=YES, time 171.22s)
[ITER 190] bestGlobalCost=49788.83 (feasible=YES) bestThisIter=50339.63 feasibleAnts=10 noImprove=7 (elapsed 177.918s)
[ITER 200] bestGlobalCost=49788.83 (feasible=YES) bestThisIter=51191.01 feasibleAnts=10 noImprove=17 (elapsed 189.57s)
[ITER 210] bestGlobalCost=49788.83 (feasible=YES) bestThisIter=51854.17 feasibleAnts=8 noImprove=27 (elapsed 200.353s)
[ITER 220] bestGlobalCost=49788.83 (feasible=YES) bestThisIter=54255.46 feasibleAnts=4 noImprove=37 (elapsed 209.591s)
[ITER 230] bestGlobalCost=49788.83 (feasible=YES) bestThisIter=55174.37 feasibleAnts=4 noImprove=47 (elapsed 215.572s)
[RESET] no improvement for50-> reset pheromones
[ITER 240] bestGlobalCost=49788.83 (feasible=YES) bestThisIter=50196.52 feasibleAnts=10 noImprove=7 (elapsed 223.812s)
[ITER 241] New best cost=49708.74 (feasible=YES, time 224.634s)
[ITER 250] bestGlobalCost=49708.74 (feasible=YES) bestThisIter=50860.94 feasibleAnts=10 noImprove=9 (elapsed 233.063s)
[ITER 260] bestGlobalCost=49708.74 (feasible=YES) bestThisIter=51386.76 feasibleAnts=9 noImprove=19 (elapsed 244.573s)
[ITER 270] bestGlobalCost=49708.74 (feasible=YES) bestThisIter=51940.67 feasibleAnts=8 noImprove=29 (elapsed 255.005s)
[ITER 280] bestGlobalCost=49708.74 (feasible=YES) bestThisIter=52543.12 feasibleAnts=3 noImprove=39 (elapsed 263.254s)
[ITER 290] bestGlobalCost=49708.74 (feasible=YES) bestThisIter=55709.16 feasibleAnts=3 noImprove=49 (elapsed 269.562s)
[RESET] no improvement for50-> reset pheromones
[ITER 300] bestGlobalCost=49708.74 (feasible=YES) bestThisIter=50266.13 feasibleAnts=10 noImprove=9 (elapsed 278.91s)
[ITER 310] bestGlobalCost=49708.74 (feasible=YES) bestThisIter=51467.22 feasibleAnts=9 noImprove=19 (elapsed 289.473s)
[ITER 320] bestGlobalCost=49708.74 (feasible=YES) bestThisIter=52042.80 feasibleAnts=8 noImprove=29 (elapsed 299.906s)
12 14 15 16 17 18 19 20 21 22 203 
48 49 50 51 133 191 192 199 205 207 218 224 
109 110 111 112 121 122 123 124 169 170 172 
67 88 90 103 105 106 107 108 126 127 220 
128 129 130 131 132 134 164 165 166 213 215 222 
81 82 83 84 85 86 87 92 210 211 221 
8 41 42 43 44 45 46 193 194 195 196 
26 29 30 31 33 34 35 39 202 204 206 
2 27 47 54 56 57 58 189 190 225 
28 77 78 79 80 95 97 98 216 217 219 
1 3 4 5 6 7 9 10 40 197 198 200 
113 115 117 118 119 120 175 184 185 186 187 
145 171 173 174 176 177 178 179 180 181 182 
52 53 55 68 69 70 71 73 74 75 76 102 
125 146 147 148 149 150 151 152 154 167 168 212 214 
59 60 61 62 63 64 65 66 114 116 188 223 
11 13 23 24 25 32 36 37 38 208 
142 143 144 153 155 156 157 160 161 162 201 
72 89 91 93 94 96 99 100 101 104 209 
135 136 137 138 139 140 141 158 159 163 183 
[SAVELOGS] evolution saved to results/logs/aco_logs/evolution/tsp225_20_4.txt
[SAVELOGS] best cost saved to results/logs/aco_logs/objectives/tsp225_20_4.txt
[SAVELOGS] best solution saved to results/logs/aco_logs/solutions/tsp225_20_4.txt
