[ITER 1] New best cost=60571.54 (feasible=YES, time 0.207485s)
[ITER 2] New best cost=53455.51 (feasible=YES, time 1.19256s)
[ITER 3] New best cost=53196.98 (feasible=YES, time 2.38747s)
[ITER 4] New best cost=52089.11 (feasible=YES, time 3.57796s)
[ITER 5] New best cost=51201.97 (feasible=YES, time 4.50703s)
[ITER 7] New best cost=49847.55 (feasible=YES, time 6.45917s)
[ITER 10] bestGlobalCost=49847.55 (feasible=YES) bestThisIter=50206.15 feasibleAnts=10 noImprove=3 (elapsed 10.9897s)
[ITER 15] New best cost=49327.08 (feasible=YES, time 15.3087s)
[ITER 19] New best cost=49242.32 (feasible=YES, time 18.4347s)
[ITER 20] bestGlobalCost=49242.32 (feasible=YES) bestThisIter=49463.10 feasibleAnts=10 noImprove=1 (elapsed 20.9065s)
[ITER 23] New best cost=49126.53 (feasible=YES, time 23.5837s)
[ITER 24] New best cost=48886.48 (feasible=YES, time 24.7907s)
[ITER 30] bestGlobalCost=48886.48 (feasible=YES) bestThisIter=49176.38 feasibleAnts=10 noImprove=6 (elapsed 31.7981s)
[ITER 32] New best cost=48776.39 (feasible=YES, time 33.2622s)
[ITER 40] New best cost=48429.14 (feasible=YES, time 42.469s)
[ITER 40] bestGlobalCost=48429.14 (feasible=YES) bestThisIter=49243.02 feasibleAnts=10 noImprove=0 (elapsed 42.4731s)
[ITER 50] bestGlobalCost=48429.14 (feasible=YES) bestThisIter=48517.01 feasibleAnts=10 noImprove=10 (elapsed 51.2379s)
[ITER 51] New best cost=48315.33 (feasible=YES, time 52.1761s)
[ITER 54] New best cost=48145.58 (feasible=YES, time 54.238s)
[ITER 60] bestGlobalCost=48145.58 (feasible=YES) bestThisIter=48573.98 feasibleAnts=10 noImprove=6 (elapsed 60.3816s)
[ITER 70] bestGlobalCost=48145.58 (feasible=YES) bestThisIter=49846.72 feasibleAnts=9 noImprove=16 (elapsed 70.4789s)
[ITER 80] bestGlobalCost=48145.58 (feasible=YES) bestThisIter=50428.23 feasibleAnts=7 noImprove=26 (elapsed 81.7222s)
[ITER 90] bestGlobalCost=48145.58 (feasible=YES) bestThisIter=53654.16 feasibleAnts=6 noImprove=36 (elapsed 91.2019s)
[ITER 100] bestGlobalCost=48145.58 (feasible=YES) bestThisIter=52772.21 feasibleAnts=3 noImprove=46 (elapsed 97.6918s)
[RESET] no improvement for50-> reset pheromones
[ITER 110] bestGlobalCost=48145.58 (feasible=YES) bestThisIter=48333.62 feasibleAnts=10 noImprove=6 (elapsed 104.206s)
[ITER 114] New best cost=48071.15 (feasible=YES, time 107.491s)
[ITER 120] bestGlobalCost=48071.15 (feasible=YES) bestThisIter=48179.46 feasibleAnts=10 noImprove=6 (elapsed 114.054s)
[ITER 130] bestGlobalCost=48071.15 (feasible=YES) bestThisIter=48579.50 feasibleAnts=9 noImprove=16 (elapsed 124.765s)
[ITER 140] bestGlobalCost=48071.15 (feasible=YES) bestThisIter=50306.77 feasibleAnts=9 noImprove=26 (elapsed 135.718s)
[ITER 150] bestGlobalCost=48071.15 (feasible=YES) bestThisIter=52242.99 feasibleAnts=6 noImprove=36 (elapsed 144.546s)
[ITER 160] bestGlobalCost=48071.15 (feasible=YES) bestThisIter=51955.96 feasibleAnts=3 noImprove=46 (elapsed 151.201s)
[RESET] no improvement for50-> reset pheromones
[ITER 167] New best cost=48027.13 (feasible=YES, time 154.157s)
[ITER 170] bestGlobalCost=48027.13 (feasible=YES) bestThisIter=48155.00 feasibleAnts=12 noImprove=3 (elapsed 158.499s)
[ITER 180] bestGlobalCost=48027.13 (feasible=YES) bestThisIter=48960.33 feasibleAnts=9 noImprove=13 (elapsed 168.451s)
[ITER 190] bestGlobalCost=48027.13 (feasible=YES) bestThisIter=50146.64 feasibleAnts=9 noImprove=23 (elapsed 178.642s)
[ITER 200] bestGlobalCost=48027.13 (feasible=YES) bestThisIter=51213.35 feasibleAnts=8 noImprove=33 (elapsed 188.225s)
[ITER 210] bestGlobalCost=48027.13 (feasible=YES) bestThisIter=52558.38 feasibleAnts=4 noImprove=43 (elapsed 195.481s)
[RESET] no improvement for50-> reset pheromones
[ITER 220] bestGlobalCost=48027.13 (feasible=YES) bestThisIter=48350.00 feasibleAnts=10 noImprove=3 (elapsed 201.967s)
[ITER 230] bestGlobalCost=48027.13 (feasible=YES) bestThisIter=49671.21 feasibleAnts=10 noImprove=13 (elapsed 211.722s)
[ITER 240] bestGlobalCost=48027.13 (feasible=YES) bestThisIter=50752.01 feasibleAnts=9 noImprove=23 (elapsed 223.171s)
[ITER 250] bestGlobalCost=48027.13 (feasible=YES) bestThisIter=51361.70 feasibleAnts=5 noImprove=33 (elapsed 232.333s)
[ITER 260] bestGlobalCost=48027.13 (feasible=YES) bestThisIter=51068.94 feasibleAnts=4 noImprove=43 (elapsed 239.278s)
[RESET] no improvement for50-> reset pheromones
[ITER 270] bestGlobalCost=48027.13 (feasible=YES) bestThisIter=48204.25 feasibleAnts=10 noImprove=3 (elapsed 245.309s)
[ITER 280] bestGlobalCost=48027.13 (feasible=YES) bestThisIter=48361.82 feasibleAnts=10 noImprove=13 (elapsed 255.17s)
[ITER 290] bestGlobalCost=48027.13 (feasible=YES) bestThisIter=51023.48 feasibleAnts=10 noImprove=23 (elapsed 266.493s)
[ITER 300] bestGlobalCost=48027.13 (feasible=YES) bestThisIter=51505.38 feasibleAnts=5 noImprove=33 (elapsed 275.959s)
[ITER 310] bestGlobalCost=48027.13 (feasible=YES) bestThisIter=50708.68 feasibleAnts=3 noImprove=43 (elapsed 284.003s)
[RESET] no improvement for50-> reset pheromones
[ITER 320] bestGlobalCost=48027.13 (feasible=YES) bestThisIter=48222.74 feasibleAnts=10 noImprove=3 (elapsed 290.24s)
[ITER 330] bestGlobalCost=48027.13 (feasible=YES) bestThisIter=49162.20 feasibleAnts=10 noImprove=13 (elapsed 300.166s)
2 47 49 51 59 189 190 199 205 207 225 
12 14 15 16 17 18 19 20 21 22 203 
67 88 89 90 103 104 105 106 107 110 220 
13 23 24 25 26 33 34 36 37 208 
28 29 30 31 35 77 78 79 202 204 206 216 
80 91 93 94 95 96 97 98 99 209 
27 60 61 62 65 112 114 116 187 188 223 
53 54 55 56 57 58 63 66 68 69 102 
145 171 173 174 176 177 178 179 180 181 182 
135 136 137 138 158 161 162 163 183 213 
146 147 148 149 150 151 152 153 154 167 212 214 
108 109 111 122 123 124 125 168 169 170 172 
139 140 141 142 143 144 155 156 157 159 160 201 
1 3 4 5 6 7 42 43 195 197 198 200 
45 46 48 50 133 191 192 193 194 196 218 224 
81 82 83 84 85 86 87 92 210 211 221 
70 71 72 73 74 75 76 100 101 217 219 
64 113 115 117 118 119 120 121 175 184 185 186 
8 9 10 11 32 38 39 40 41 44 52 
126 127 128 129 130 131 132 134 164 165 166 215 222 
[SAVELOGS] evolution saved to results/logs/aco_logs/evolution/tsp225_20_4.txt
[SAVELOGS] best cost saved to results/logs/aco_logs/objectives/tsp225_20_4.txt
[SAVELOGS] best solution saved to results/logs/aco_logs/solutions/tsp225_20_4.txt
