[ITER 1] New best cost=56331.92 (feasible=YES, time 0.287569s)
[ITER 2] New best cost=52593.08 (feasible=YES, time 1.42392s)
[ITER 4] New best cost=52386.17 (feasible=YES, time 3.12479s)
[ITER 5] New best cost=52015.14 (feasible=YES, time 3.76493s)
[ITER 6] New best cost=51665.13 (feasible=YES, time 4.45682s)
[ITER 9] New best cost=51459.19 (feasible=YES, time 6.47034s)
[ITER 10] bestGlobalCost=51459.19 (feasible=YES) bestThisIter=51665.13 feasibleAnts=15 noImprove=1 (elapsed 8.85256s)
[ITER 14] New best cost=51403.37 (feasible=YES, time 11.9373s)
[ITER 15] New best cost=51302.70 (feasible=YES, time 12.8128s)
[ITER 18] New best cost=51197.72 (feasible=YES, time 15.4841s)
[ITER 20] bestGlobalCost=51197.72 (feasible=YES) bestThisIter=51312.78 feasibleAnts=10 noImprove=2 (elapsed 18.4943s)
[ITER 21] New best cost=51112.16 (feasible=YES, time 18.9588s)
[ITER 29] New best cost=51057.54 (feasible=YES, time 24.7777s)
[ITER 30] bestGlobalCost=51057.54 (feasible=YES) bestThisIter=51794.01 feasibleAnts=11 noImprove=1 (elapsed 27.7452s)
[ITER 36] New best cost=50890.21 (feasible=YES, time 31.9245s)
[ITER 40] bestGlobalCost=50890.21 (feasible=YES) bestThisIter=51047.92 feasibleAnts=10 noImprove=4 (elapsed 36.9909s)
[ITER 47] New best cost=50763.56 (feasible=YES, time 42.6951s)
[ITER 50] New best cost=50601.82 (feasible=YES, time 46.8226s)
[ITER 50] bestGlobalCost=50601.82 (feasible=YES) bestThisIter=51091.60 feasibleAnts=10 noImprove=0 (elapsed 46.8267s)
[ITER 55] New best cost=50550.91 (feasible=YES, time 51.8602s)
[ITER 60] bestGlobalCost=50550.91 (feasible=YES) bestThisIter=52246.63 feasibleAnts=12 noImprove=5 (elapsed 57.6863s)
[ITER 70] bestGlobalCost=50550.91 (feasible=YES) bestThisIter=50878.38 feasibleAnts=9 noImprove=15 (elapsed 67.8944s)
[ITER 80] bestGlobalCost=50550.91 (feasible=YES) bestThisIter=52111.90 feasibleAnts=8 noImprove=25 (elapsed 78.3729s)
[ITER 90] bestGlobalCost=50550.91 (feasible=YES) bestThisIter=53423.60 feasibleAnts=5 noImprove=35 (elapsed 86.383s)
[ITER 100] bestGlobalCost=50550.91 (feasible=YES) bestThisIter=53421.39 feasibleAnts=3 noImprove=45 (elapsed 92.0629s)
[RESET] no improvement for50-> reset pheromones
[ITER 110] bestGlobalCost=50550.91 (feasible=YES) bestThisIter=51283.93 feasibleAnts=11 noImprove=5 (elapsed 99.2768s)
[ITER 120] bestGlobalCost=50550.91 (feasible=YES) bestThisIter=51922.60 feasibleAnts=10 noImprove=15 (elapsed 109.35s)
[ITER 130] bestGlobalCost=50550.91 (feasible=YES) bestThisIter=51896.64 feasibleAnts=7 noImprove=25 (elapsed 119.879s)
[ITER 140] bestGlobalCost=50550.91 (feasible=YES) bestThisIter=52280.21 feasibleAnts=8 noImprove=35 (elapsed 129.349s)
[ITER 150] bestGlobalCost=50550.91 (feasible=YES) bestThisIter=52005.51 feasibleAnts=4 noImprove=45 (elapsed 136.412s)
[RESET] no improvement for50-> reset pheromones
[ITER 160] bestGlobalCost=50550.91 (feasible=YES) bestThisIter=50831.50 feasibleAnts=10 noImprove=5 (elapsed 143.594s)
[ITER 170] bestGlobalCost=50550.91 (feasible=YES) bestThisIter=52087.04 feasibleAnts=10 noImprove=15 (elapsed 153.575s)
[ITER 180] bestGlobalCost=50550.91 (feasible=YES) bestThisIter=54095.24 feasibleAnts=8 noImprove=25 (elapsed 164.169s)
[ITER 190] bestGlobalCost=50550.91 (feasible=YES) bestThisIter=52385.33 feasibleAnts=6 noImprove=35 (elapsed 171.768s)
[ITER 200] bestGlobalCost=50550.91 (feasible=YES) bestThisIter=52935.54 feasibleAnts=4 noImprove=45 (elapsed 176.926s)
[RESET] no improvement for50-> reset pheromones
[ITER 210] bestGlobalCost=50550.91 (feasible=YES) bestThisIter=51898.93 feasibleAnts=16 noImprove=5 (elapsed 183.846s)
[ITER 220] bestGlobalCost=50550.91 (feasible=YES) bestThisIter=51428.91 feasibleAnts=10 noImprove=15 (elapsed 195.2s)
[ITER 230] bestGlobalCost=50550.91 (feasible=YES) bestThisIter=51660.87 feasibleAnts=7 noImprove=25 (elapsed 206.071s)
[ITER 240] bestGlobalCost=50550.91 (feasible=YES) bestThisIter=54531.83 feasibleAnts=4 noImprove=35 (elapsed 213.832s)
[ITER 250] bestGlobalCost=50550.91 (feasible=YES) bestThisIter=53578.06 feasibleAnts=3 noImprove=45 (elapsed 221.166s)
[RESET] no improvement for50-> reset pheromones
[ITER 260] bestGlobalCost=50550.91 (feasible=YES) bestThisIter=51132.71 feasibleAnts=10 noImprove=5 (elapsed 229.028s)
[ITER 270] bestGlobalCost=50550.91 (feasible=YES) bestThisIter=52548.76 feasibleAnts=8 noImprove=15 (elapsed 239.026s)
[ITER 280] bestGlobalCost=50550.91 (feasible=YES) bestThisIter=52804.39 feasibleAnts=8 noImprove=25 (elapsed 250.644s)
[ITER 290] bestGlobalCost=50550.91 (feasible=YES) bestThisIter=53296.03 feasibleAnts=7 noImprove=35 (elapsed 259.376s)
[ITER 300] bestGlobalCost=50550.91 (feasible=YES) bestThisIter=54145.07 feasibleAnts=6 noImprove=45 (elapsed 264.729s)
[RESET] no improvement for50-> reset pheromones
[ITER 310] bestGlobalCost=50550.91 (feasible=YES) bestThisIter=50992.93 feasibleAnts=11 noImprove=5 (elapsed 271.334s)
[ITER 320] bestGlobalCost=50550.91 (feasible=YES) bestThisIter=52704.25 feasibleAnts=10 noImprove=15 (elapsed 282.092s)
[ITER 330] bestGlobalCost=50550.91 (feasible=YES) bestThisIter=53270.28 feasibleAnts=8 noImprove=25 (elapsed 292.553s)
[ITER 340] bestGlobalCost=50550.91 (feasible=YES) bestThisIter=53118.63 feasibleAnts=7 noImprove=35 (elapsed 302.054s)
8 9 39 40 41 44 45 46 193 194 196 
64 114 115 116 117 118 119 120 184 185 186 187 223 
26 28 29 30 32 33 34 35 77 78 204 
136 137 138 139 140 158 159 161 163 183 201 
31 56 70 72 74 76 202 206 216 217 219 
80 81 82 83 84 85 91 92 97 209 221 
86 87 88 89 90 126 127 130 166 210 222 
146 148 149 150 151 152 153 167 168 169 212 214 
141 142 143 144 145 147 154 155 156 157 160 162 
1 3 4 5 6 7 42 43 195 197 198 200 
12 13 14 23 24 25 36 37 38 208 
65 66 67 102 103 104 105 106 107 108 125 220 
73 75 79 93 94 95 96 98 99 100 101 
10 11 15 16 17 18 19 20 21 22 203 
48 49 50 51 133 191 192 199 205 207 218 224 
170 171 172 173 174 176 177 178 179 180 181 
52 53 54 55 57 58 60 63 68 69 71 
109 110 111 112 113 121 122 123 124 175 182 
128 129 131 132 134 135 164 165 211 213 215 
2 27 47 59 61 62 188 189 190 225 
[SAVELOGS] evolution saved to results/logs/aco_logs/evolution/tsp225_20_4.txt
[SAVELOGS] best cost saved to results/logs/aco_logs/objectives/tsp225_20_4.txt
[SAVELOGS] best solution saved to results/logs/aco_logs/solutions/tsp225_20_4.txt
