[ITER 1] New best cost=2159237.67 (feasible=YES, time 1.00601s)
[ITER 2] New best cost=2116731.07 (feasible=YES, time 1.67814s)
[ITER 4] New best cost=2112492.65 (feasible=YES, time 3.13521s)
[ITER 5] New best cost=2108418.62 (feasible=YES, time 3.9992s)
[ITER 6] New best cost=2039708.06 (feasible=YES, time 4.64281s)
[ITER 9] New best cost=2021845.94 (feasible=YES, time 7.14774s)
[ITER 10] bestGlobalCost=2021845.94 (feasible=YES) bestThisIter=2038123.66 feasibleAnts=10 noImprove=1 (elapsed 8.03935s)
[ITER 20] bestGlobalCost=2021845.94 (feasible=YES) bestThisIter=2093266.63 feasibleAnts=10 noImprove=11 (elapsed 16.326s)
[ITER 30] bestGlobalCost=2021845.94 (feasible=YES) bestThisIter=2152942.58 feasibleAnts=10 noImprove=21 (elapsed 24.959s)
[ITER 40] bestGlobalCost=2021845.94 (feasible=YES) bestThisIter=2114813.42 feasibleAnts=10 noImprove=31 (elapsed 35.0107s)
[ITER 50] bestGlobalCost=2021845.94 (feasible=YES) bestThisIter=2156767.25 feasibleAnts=10 noImprove=41 (elapsed 46.0227s)
[RESET] no improvement for50-> reset pheromones
[ITER 60] bestGlobalCost=2021845.94 (feasible=YES) bestThisIter=2302633.44 feasibleAnts=10 noImprove=1 (elapsed 56.624s)
[ITER 70] bestGlobalCost=2021845.94 (feasible=YES) bestThisIter=2099313.72 feasibleAnts=10 noImprove=11 (elapsed 63.502s)
[ITER 80] bestGlobalCost=2021845.94 (feasible=YES) bestThisIter=2218722.44 feasibleAnts=10 noImprove=21 (elapsed 73.7124s)
[ITER 90] bestGlobalCost=2021845.94 (feasible=YES) bestThisIter=2182232.15 feasibleAnts=10 noImprove=31 (elapsed 85.1298s)
[ITER 100] bestGlobalCost=2021845.94 (feasible=YES) bestThisIter=2180994.11 feasibleAnts=10 noImprove=41 (elapsed 95.8615s)
[RESET] no improvement for50-> reset pheromones
[ITER 110] bestGlobalCost=2021845.94 (feasible=YES) bestThisIter=2202142.47 feasibleAnts=10 noImprove=1 (elapsed 106.837s)
[ITER 111] New best cost=2017854.99 (feasible=YES, time 107.516s)
[ITER 113] New best cost=2014000.90 (feasible=YES, time 108.684s)
[ITER 120] bestGlobalCost=2014000.90 (feasible=YES) bestThisIter=2082980.50 feasibleAnts=10 noImprove=7 (elapsed 114.688s)
[ITER 130] bestGlobalCost=2014000.90 (feasible=YES) bestThisIter=2161787.99 feasibleAnts=10 noImprove=17 (elapsed 125.584s)
[ITER 140] bestGlobalCost=2014000.90 (feasible=YES) bestThisIter=2069981.65 feasibleAnts=10 noImprove=27 (elapsed 136.788s)
[ITER 150] bestGlobalCost=2014000.90 (feasible=YES) bestThisIter=2124748.23 feasibleAnts=10 noImprove=37 (elapsed 149.39s)
[ITER 160] bestGlobalCost=2014000.90 (feasible=YES) bestThisIter=2264270.22 feasibleAnts=10 noImprove=47 (elapsed 160.792s)
[RESET] no improvement for50-> reset pheromones
[ITER 170] bestGlobalCost=2014000.90 (feasible=YES) bestThisIter=2110875.79 feasibleAnts=10 noImprove=7 (elapsed 170.723s)
[ITER 179] New best cost=2000207.76 (feasible=YES, time 179.873s)
[ITER 180] bestGlobalCost=2000207.76 (feasible=YES) bestThisIter=2014000.90 feasibleAnts=10 noImprove=1 (elapsed 180.508s)
[ITER 182] New best cost=1995641.41 (feasible=YES, time 182.122s)
[ITER 190] bestGlobalCost=1995641.41 (feasible=YES) bestThisIter=2079798.05 feasibleAnts=10 noImprove=8 (elapsed 187.916s)
[ITER 200] bestGlobalCost=1995641.41 (feasible=YES) bestThisIter=2069299.00 feasibleAnts=10 noImprove=18 (elapsed 198.754s)
[ITER 210] bestGlobalCost=1995641.41 (feasible=YES) bestThisIter=2161264.61 feasibleAnts=10 noImprove=28 (elapsed 209.87s)
[ITER 220] bestGlobalCost=1995641.41 (feasible=YES) bestThisIter=2158371.63 feasibleAnts=10 noImprove=38 (elapsed 224.694s)
[ITER 230] bestGlobalCost=1995641.41 (feasible=YES) bestThisIter=2151219.42 feasibleAnts=10 noImprove=48 (elapsed 244.881s)
[RESET] no improvement for50-> reset pheromones
[ITER 240] bestGlobalCost=1995641.41 (feasible=YES) bestThisIter=2043480.19 feasibleAnts=10 noImprove=8 (elapsed 257.241s)
[ITER 250] bestGlobalCost=1995641.41 (feasible=YES) bestThisIter=2077033.35 feasibleAnts=10 noImprove=18 (elapsed 269.15s)
[ITER 260] bestGlobalCost=1995641.41 (feasible=YES) bestThisIter=2103010.84 feasibleAnts=10 noImprove=28 (elapsed 282.359s)
[ITER 270] bestGlobalCost=1995641.41 (feasible=YES) bestThisIter=2114412.83 feasibleAnts=10 noImprove=38 (elapsed 296.845s)
21 23 24 25 26 27 28 29 30 31 32 34 35 49 
87 88 89 90 91 93 94 95 96 97 98 99 100 101 102 
103 104 105 106 107 108 109 110 112 114 115 117 118 119 120 
113 116 121 122 123 124 125 126 127 128 129 130 131 132 134 207 
13 16 17 18 19 20 54 65 66 67 68 69 70 111 
143 151 152 153 154 155 156 157 158 159 160 161 162 163 164 166 
165 167 168 169 170 171 172 173 175 176 177 178 179 180 182 
193 194 195 196 198 199 200 201 202 203 204 205 208 209 210 211 
1 2 3 4 5 7 8 9 10 11 14 15 71 72 74 
22 50 51 52 53 55 56 57 58 59 60 61 62 64 133 
6 12 73 75 76 77 78 79 80 81 82 83 84 85 86 
33 36 37 38 39 40 41 42 43 44 45 46 47 48 63 
92 137 138 139 140 141 142 144 145 146 147 148 149 150 174 
206 212 213 214 215 216 217 218 219 220 221 222 223 224 225 226 
135 136 181 183 184 185 186 187 188 189 190 191 192 197 
[SAVELOGS] evolution saved to results/logs/aco_logs/evolution/pr226_15_4.txt
[SAVELOGS] best cost saved to results/logs/aco_logs/objectives/pr226_15_4.txt
[SAVELOGS] best solution saved to results/logs/aco_logs/solutions/pr226_15_4.txt
