[ITER 1] New best cost=757828.85 (feasible=YES, time 0.0480715s)
[ITER 2] New best cost=738216.98 (feasible=YES, time 0.0981879s)
[ITER 5] New best cost=736601.59 (feasible=YES, time 0.200583s)
[ITER 7] New best cost=735585.18 (feasible=YES, time 0.247844s)
[ITER 10] bestGlobalCost=735585.18 (feasible=YES) bestThisIter=735585.18 feasibleAnts=12 noImprove=3 (elapsed 0.330462s)
[ITER 12] New best cost=732730.74 (feasible=YES, time 0.420036s)
[ITER 15] New best cost=729716.18 (feasible=YES, time 1.50423s)
[ITER 20] bestGlobalCost=729716.18 (feasible=YES) bestThisIter=729716.18 feasibleAnts=16 noImprove=5 (elapsed 2.3005s)
[ITER 30] bestGlobalCost=729716.18 (feasible=YES) bestThisIter=729716.18 feasibleAnts=11 noImprove=15 (elapsed 4.04134s)
[ITER 40] bestGlobalCost=729716.18 (feasible=YES) bestThisIter=729716.18 feasibleAnts=11 noImprove=25 (elapsed 4.23603s)
[RESET] no improvement for30-> reset pheromones
[ITER 50] bestGlobalCost=729716.18 (feasible=YES) bestThisIter=733664.72 feasibleAnts=10 noImprove=5 (elapsed 5.88094s)
[ITER 60] bestGlobalCost=729716.18 (feasible=YES) bestThisIter=729716.18 feasibleAnts=12 noImprove=15 (elapsed 7.6594s)
[ITER 70] bestGlobalCost=729716.18 (feasible=YES) bestThisIter=729716.18 feasibleAnts=10 noImprove=25 (elapsed 7.89762s)
[RESET] no improvement for30-> reset pheromones
[ITER 80] bestGlobalCost=729716.18 (feasible=YES) bestThisIter=733664.72 feasibleAnts=10 noImprove=5 (elapsed 9.9025s)
[ITER 90] bestGlobalCost=729716.18 (feasible=YES) bestThisIter=729716.18 feasibleAnts=10 noImprove=15 (elapsed 11.772s)
[ITER 100] bestGlobalCost=729716.18 (feasible=YES) bestThisIter=729716.18 feasibleAnts=11 noImprove=25 (elapsed 11.9691s)
[RESET] no improvement for30-> reset pheromones
[ITER 110] bestGlobalCost=729716.18 (feasible=YES) bestThisIter=731637.97 feasibleAnts=10 noImprove=5 (elapsed 13.6375s)
[ITER 120] bestGlobalCost=729716.18 (feasible=YES) bestThisIter=729716.18 feasibleAnts=10 noImprove=15 (elapsed 15.3108s)
[ITER 130] bestGlobalCost=729716.18 (feasible=YES) bestThisIter=729716.18 feasibleAnts=10 noImprove=25 (elapsed 15.4863s)
[RESET] no improvement for30-> reset pheromones
[ITER 140] bestGlobalCost=729716.18 (feasible=YES) bestThisIter=731637.97 feasibleAnts=10 noImprove=5 (elapsed 17.1898s)
[ITER 150] bestGlobalCost=729716.18 (feasible=YES) bestThisIter=729716.18 feasibleAnts=10 noImprove=15 (elapsed 18.8558s)
[ITER 160] bestGlobalCost=729716.18 (feasible=YES) bestThisIter=729716.18 feasibleAnts=10 noImprove=25 (elapsed 19.0724s)
[RESET] no improvement for30-> reset pheromones
[ITER 170] bestGlobalCost=729716.18 (feasible=YES) bestThisIter=729716.18 feasibleAnts=10 noImprove=5 (elapsed 21.0429s)
[ITER 180] bestGlobalCost=729716.18 (feasible=YES) bestThisIter=729716.18 feasibleAnts=10 noImprove=15 (elapsed 23.1063s)
[ITER 190] bestGlobalCost=729716.18 (feasible=YES) bestThisIter=729716.18 feasibleAnts=10 noImprove=25 (elapsed 23.3131s)
[RESET] no improvement for30-> reset pheromones
[ITER 200] bestGlobalCost=729716.18 (feasible=YES) bestThisIter=729716.18 feasibleAnts=10 noImprove=5 (elapsed 24.9607s)
[ITER 210] bestGlobalCost=729716.18 (feasible=YES) bestThisIter=729716.18 feasibleAnts=10 noImprove=15 (elapsed 26.6917s)
[ITER 220] bestGlobalCost=729716.18 (feasible=YES) bestThisIter=729716.18 feasibleAnts=11 noImprove=25 (elapsed 26.9163s)
[RESET] no improvement for30-> reset pheromones
[ITER 230] bestGlobalCost=729716.18 (feasible=YES) bestThisIter=737925.98 feasibleAnts=10 noImprove=5 (elapsed 28.9276s)
[ITER 240] bestGlobalCost=729716.18 (feasible=YES) bestThisIter=729716.18 feasibleAnts=10 noImprove=15 (elapsed 30.9616s)
[ITER 250] bestGlobalCost=729716.18 (feasible=YES) bestThisIter=729716.18 feasibleAnts=10 noImprove=25 (elapsed 31.2263s)
[RESET] no improvement for30-> reset pheromones
[ITER 260] bestGlobalCost=729716.18 (feasible=YES) bestThisIter=734092.47 feasibleAnts=10 noImprove=5 (elapsed 32.857s)
[ITER 270] bestGlobalCost=729716.18 (feasible=YES) bestThisIter=729716.18 feasibleAnts=10 noImprove=15 (elapsed 34.4777s)
[ITER 280] bestGlobalCost=729716.18 (feasible=YES) bestThisIter=729716.18 feasibleAnts=10 noImprove=25 (elapsed 34.7001s)
[RESET] no improvement for30-> reset pheromones
[ITER 290] bestGlobalCost=729716.18 (feasible=YES) bestThisIter=729716.18 feasibleAnts=10 noImprove=5 (elapsed 36.679s)
[ITER 300] bestGlobalCost=729716.18 (feasible=YES) bestThisIter=729716.18 feasibleAnts=10 noImprove=15 (elapsed 38.6848s)
[ITER 310] bestGlobalCost=729716.18 (feasible=YES) bestThisIter=729716.18 feasibleAnts=11 noImprove=25 (elapsed 38.9354s)
[RESET] no improvement for30-> reset pheromones
[ITER 320] bestGlobalCost=729716.18 (feasible=YES) bestThisIter=735610.87 feasibleAnts=10 noImprove=5 (elapsed 40.6725s)
[ITER 330] bestGlobalCost=729716.18 (feasible=YES) bestThisIter=729716.18 feasibleAnts=10 noImprove=15 (elapsed 42.3595s)
[ITER 340] bestGlobalCost=729716.18 (feasible=YES) bestThisIter=729716.18 feasibleAnts=10 noImprove=25 (elapsed 42.5859s)
[RESET] no improvement for30-> reset pheromones
[ITER 350] bestGlobalCost=729716.18 (feasible=YES) bestThisIter=737183.29 feasibleAnts=10 noImprove=5 (elapsed 44.2009s)
[ITER 360] bestGlobalCost=729716.18 (feasible=YES) bestThisIter=729716.18 feasibleAnts=10 noImprove=15 (elapsed 45.8473s)
[ITER 370] bestGlobalCost=729716.18 (feasible=YES) bestThisIter=729716.18 feasibleAnts=10 noImprove=25 (elapsed 46.0616s)
[RESET] no improvement for30-> reset pheromones
[ITER 380] bestGlobalCost=729716.18 (feasible=YES) bestThisIter=734440.60 feasibleAnts=10 noImprove=5 (elapsed 47.8066s)
[ITER 390] bestGlobalCost=729716.18 (feasible=YES) bestThisIter=729716.18 feasibleAnts=12 noImprove=15 (elapsed 49.8576s)
[ITER 400] bestGlobalCost=729716.18 (feasible=YES) bestThisIter=729716.18 feasibleAnts=11 noImprove=25 (elapsed 50.0804s)
[RESET] no improvement for30-> reset pheromones
[ITER 410] bestGlobalCost=729716.18 (feasible=YES) bestThisIter=733072.95 feasibleAnts=10 noImprove=5 (elapsed 51.9565s)
[ITER 420] bestGlobalCost=729716.18 (feasible=YES) bestThisIter=729716.18 feasibleAnts=11 noImprove=15 (elapsed 53.6219s)
[ITER 430] bestGlobalCost=729716.18 (feasible=YES) bestThisIter=729716.18 feasibleAnts=10 noImprove=25 (elapsed 53.8027s)
[RESET] no improvement for30-> reset pheromones
[ITER 440] bestGlobalCost=729716.18 (feasible=YES) bestThisIter=733072.95 feasibleAnts=10 noImprove=5 (elapsed 55.4875s)
[ITER 450] bestGlobalCost=729716.18 (feasible=YES) bestThisIter=729716.18 feasibleAnts=9 noImprove=15 (elapsed 57.1614s)
[ITER 460] bestGlobalCost=729716.18 (feasible=YES) bestThisIter=729716.18 feasibleAnts=10 noImprove=25 (elapsed 57.3517s)
[RESET] no improvement for30-> reset pheromones
[ITER 470] bestGlobalCost=729716.18 (feasible=YES) bestThisIter=731637.97 feasibleAnts=10 noImprove=5 (elapsed 59.0816s)
[ITER 480] bestGlobalCost=729716.18 (feasible=YES) bestThisIter=729716.18 feasibleAnts=10 noImprove=15 (elapsed 61.0918s)
3 7 12 14 29 30 34 35 41 43 46 48 55 68 71 78 81 83 86 100 
10 16 18 19 21 22 24 36 38 53 59 70 72 74 79 84 88 90 91 94 99 
1 4 6 8 26 31 42 47 49 56 58 63 65 66 67 75 80 89 92 97 
2 5 13 33 37 39 40 44 50 52 54 64 69 73 76 82 85 95 96 
9 11 15 17 20 23 25 27 28 32 45 51 57 60 61 62 77 87 93 98 
[SAVELOGS] evolution saved to results/logs/kroA100_05_3/evolution/kroA100_05_3
[SAVELOGS] best cost saved to results/logs/kroA100_05_3/objectives/kroA100_05_3
[SAVELOGS] best solution saved to results/logs/kroA100_05_3/solutions/kroA100_05_3
