[ITER 1] New best cost=1266749.08 (feasible=YES, time 2.13553s)
[ITER 2] New best cost=1208079.78 (feasible=YES, time 2.91315s)
[ITER 4] New best cost=1184551.96 (feasible=YES, time 3.81488s)
[ITER 5] New best cost=1175758.09 (feasible=YES, time 4.15234s)
[ITER 9] New best cost=1171111.46 (feasible=YES, time 5.71578s)
[ITER 10] bestGlobalCost=1171111.46 (feasible=YES) bestThisIter=1182920.13 feasibleAnts=10 noImprove=1 (elapsed 8.04406s)
[ITER 20] bestGlobalCost=1171111.46 (feasible=YES) bestThisIter=1190188.04 feasibleAnts=10 noImprove=11 (elapsed 13.9913s)
[ITER 30] bestGlobalCost=1171111.46 (feasible=YES) bestThisIter=1204989.28 feasibleAnts=10 noImprove=21 (elapsed 21.9001s)
[ITER 40] bestGlobalCost=1171111.46 (feasible=YES) bestThisIter=1265558.92 feasibleAnts=10 noImprove=31 (elapsed 29.7555s)
[ITER 50] bestGlobalCost=1171111.46 (feasible=YES) bestThisIter=1245214.39 feasibleAnts=10 noImprove=41 (elapsed 36.9978s)
[RESET] no improvement for50-> reset pheromones
[ITER 60] bestGlobalCost=1171111.46 (feasible=YES) bestThisIter=1251544.98 feasibleAnts=10 noImprove=1 (elapsed 42.7503s)
[ITER 61] New best cost=1166746.48 (feasible=YES, time 43.1973s)
[ITER 65] New best cost=1164794.47 (feasible=YES, time 44.6585s)
[ITER 70] bestGlobalCost=1164794.47 (feasible=YES) bestThisIter=1165405.79 feasibleAnts=11 noImprove=5 (elapsed 48.1573s)
[ITER 80] bestGlobalCost=1164794.47 (feasible=YES) bestThisIter=1194838.03 feasibleAnts=9 noImprove=15 (elapsed 55.354s)
[ITER 90] bestGlobalCost=1164794.47 (feasible=YES) bestThisIter=1243152.46 feasibleAnts=10 noImprove=25 (elapsed 62.6919s)
[ITER 100] bestGlobalCost=1164794.47 (feasible=YES) bestThisIter=1236185.93 feasibleAnts=10 noImprove=35 (elapsed 70.269s)
[ITER 110] bestGlobalCost=1164794.47 (feasible=YES) bestThisIter=1269039.19 feasibleAnts=10 noImprove=45 (elapsed 77.278s)
[RESET] no improvement for50-> reset pheromones
[ITER 120] bestGlobalCost=1164794.47 (feasible=YES) bestThisIter=1169164.52 feasibleAnts=11 noImprove=5 (elapsed 83.7482s)
[ITER 130] bestGlobalCost=1164794.47 (feasible=YES) bestThisIter=1218297.94 feasibleAnts=10 noImprove=15 (elapsed 90.6999s)
[ITER 140] bestGlobalCost=1164794.47 (feasible=YES) bestThisIter=1250942.00 feasibleAnts=10 noImprove=25 (elapsed 97.4137s)
[ITER 150] bestGlobalCost=1164794.47 (feasible=YES) bestThisIter=1229418.79 feasibleAnts=10 noImprove=35 (elapsed 103.97s)
[ITER 160] bestGlobalCost=1164794.47 (feasible=YES) bestThisIter=1246164.88 feasibleAnts=10 noImprove=45 (elapsed 110.804s)
[RESET] no improvement for50-> reset pheromones
[ITER 169] New best cost=1164789.97 (feasible=YES, time 114.61s)
[ITER 170] bestGlobalCost=1164789.97 (feasible=YES) bestThisIter=1164794.47 feasibleAnts=11 noImprove=1 (elapsed 117.113s)
[ITER 180] bestGlobalCost=1164789.97 (feasible=YES) bestThisIter=1194271.61 feasibleAnts=10 noImprove=11 (elapsed 122.982s)
[ITER 190] bestGlobalCost=1164789.97 (feasible=YES) bestThisIter=1264461.00 feasibleAnts=10 noImprove=21 (elapsed 130.737s)
[ITER 200] bestGlobalCost=1164789.97 (feasible=YES) bestThisIter=1257650.71 feasibleAnts=10 noImprove=31 (elapsed 137.526s)
[ITER 210] bestGlobalCost=1164789.97 (feasible=YES) bestThisIter=1226432.36 feasibleAnts=10 noImprove=41 (elapsed 144.55s)
[RESET] no improvement for50-> reset pheromones
[ITER 220] bestGlobalCost=1164789.97 (feasible=YES) bestThisIter=1270878.42 feasibleAnts=9 noImprove=1 (elapsed 151.196s)
[ITER 230] bestGlobalCost=1164789.97 (feasible=YES) bestThisIter=1223219.17 feasibleAnts=10 noImprove=11 (elapsed 157.912s)
[ITER 240] bestGlobalCost=1164789.97 (feasible=YES) bestThisIter=1215716.27 feasibleAnts=10 noImprove=21 (elapsed 164.761s)
[ITER 250] bestGlobalCost=1164789.97 (feasible=YES) bestThisIter=1272893.89 feasibleAnts=10 noImprove=31 (elapsed 171.569s)
[ITER 260] bestGlobalCost=1164789.97 (feasible=YES) bestThisIter=1206655.93 feasibleAnts=10 noImprove=41 (elapsed 179.064s)
[RESET] no improvement for50-> reset pheromones
[ITER 270] bestGlobalCost=1164789.97 (feasible=YES) bestThisIter=1243612.39 feasibleAnts=10 noImprove=1 (elapsed 185.126s)
[ITER 280] bestGlobalCost=1164789.97 (feasible=YES) bestThisIter=1220331.97 feasibleAnts=10 noImprove=11 (elapsed 192.079s)
[ITER 290] bestGlobalCost=1164789.97 (feasible=YES) bestThisIter=1223605.68 feasibleAnts=10 noImprove=21 (elapsed 199.768s)
[ITER 300] bestGlobalCost=1164789.97 (feasible=YES) bestThisIter=1259263.66 feasibleAnts=10 noImprove=31 (elapsed 207.94s)
[ITER 310] bestGlobalCost=1164789.97 (feasible=YES) bestThisIter=1298274.87 feasibleAnts=10 noImprove=41 (elapsed 215.471s)
[RESET] no improvement for50-> reset pheromones
[ITER 320] bestGlobalCost=1164789.97 (feasible=YES) bestThisIter=1273028.61 feasibleAnts=10 noImprove=1 (elapsed 222.868s)
[ITER 330] bestGlobalCost=1164789.97 (feasible=YES) bestThisIter=1210583.51 feasibleAnts=10 noImprove=11 (elapsed 229.513s)
[ITER 340] bestGlobalCost=1164789.97 (feasible=YES) bestThisIter=1226428.11 feasibleAnts=10 noImprove=21 (elapsed 236.433s)
[ITER 350] bestGlobalCost=1164789.97 (feasible=YES) bestThisIter=1257285.64 feasibleAnts=10 noImprove=31 (elapsed 243.327s)
[ITER 360] bestGlobalCost=1164789.97 (feasible=YES) bestThisIter=1282143.88 feasibleAnts=10 noImprove=41 (elapsed 250.126s)
[RESET] no improvement for50-> reset pheromones
[ITER 370] bestGlobalCost=1164789.97 (feasible=YES) bestThisIter=1283325.02 feasibleAnts=10 noImprove=1 (elapsed 257.525s)
[ITER 380] bestGlobalCost=1164789.97 (feasible=YES) bestThisIter=1252360.10 feasibleAnts=10 noImprove=11 (elapsed 263.698s)
[ITER 390] bestGlobalCost=1164789.97 (feasible=YES) bestThisIter=1225889.44 feasibleAnts=10 noImprove=21 (elapsed 270.485s)
[ITER 400] bestGlobalCost=1164789.97 (feasible=YES) bestThisIter=1244868.29 feasibleAnts=10 noImprove=31 (elapsed 277.343s)
[ITER 410] bestGlobalCost=1164789.97 (feasible=YES) bestThisIter=1238423.36 feasibleAnts=10 noImprove=41 (elapsed 284.736s)
[RESET] no improvement for50-> reset pheromones
[ITER 420] bestGlobalCost=1164789.97 (feasible=YES) bestThisIter=1244974.94 feasibleAnts=10 noImprove=1 (elapsed 292.204s)
[ITER 430] bestGlobalCost=1164789.97 (feasible=YES) bestThisIter=1225935.40 feasibleAnts=10 noImprove=11 (elapsed 297.906s)
203 205 206 207 208 209 210 211 212 213 214 
1 74 75 76 77 78 79 80 81 82 83 
87 90 91 92 93 94 95 96 97 98 99 101 
155 156 157 158 159 160 161 162 163 164 165 
103 104 105 106 107 109 111 113 114 115 116 117 
215 216 217 218 219 220 221 222 223 224 225 226 
11 12 15 17 18 19 20 51 65 68 71 
108 110 112 118 127 133 134 135 136 
31 33 34 35 36 37 38 39 42 44 45 46 48 49 
52 53 54 55 56 57 58 59 60 61 62 64 
182 183 184 185 186 187 188 189 190 191 193 
40 41 43 47 63 88 89 100 102 
137 138 140 144 145 146 147 149 151 152 153 154 
166 167 168 169 170 172 173 174 176 177 179 
192 194 195 196 197 198 199 200 201 202 204 
21 22 23 24 25 26 27 28 29 30 32 50 
2 3 4 5 6 7 8 9 10 14 16 
119 120 121 122 123 124 125 126 128 129 130 131 132 
13 66 67 69 70 72 73 84 85 86 
139 141 142 143 148 150 171 175 178 180 181 
[SAVELOGS] evolution saved to results/logs/aco_logs/evolution/pr226_20_2.txt
[SAVELOGS] best cost saved to results/logs/aco_logs/objectives/pr226_20_2.txt
[SAVELOGS] best solution saved to results/logs/aco_logs/solutions/pr226_20_2.txt
