[ITER 1] New best cost=1987003.21 (feasible=YES, time 0.178217s)
[ITER 2] New best cost=1910501.77 (feasible=YES, time 0.302429s)
[ITER 4] New best cost=1903324.21 (feasible=YES, time 0.571871s)
[ITER 5] New best cost=1902858.19 (feasible=YES, time 0.639975s)
[ITER 10] bestGlobalCost=1902858.19 (feasible=YES) bestThisIter=1914316.35 feasibleAnts=10 noImprove=5 (elapsed 1.20792s)
[ITER 15] New best cost=1901775.54 (feasible=YES, time 5.5903s)
[ITER 20] bestGlobalCost=1901775.54 (feasible=YES) bestThisIter=1901775.54 feasibleAnts=11 noImprove=5 (elapsed 8.66141s)
[ITER 30] bestGlobalCost=1901775.54 (feasible=YES) bestThisIter=1904268.02 feasibleAnts=10 noImprove=15 (elapsed 16.0242s)
[ITER 40] bestGlobalCost=1901775.54 (feasible=YES) bestThisIter=1927293.33 feasibleAnts=10 noImprove=25 (elapsed 17.0794s)
[RESET] no improvement for30-> reset pheromones
[ITER 50] bestGlobalCost=1901775.54 (feasible=YES) bestThisIter=1951675.99 feasibleAnts=10 noImprove=5 (elapsed 24.8167s)
[ITER 60] New best cost=1900596.30 (feasible=YES, time 30.3038s)
[ITER 60] bestGlobalCost=1900596.30 (feasible=YES) bestThisIter=1916315.57 feasibleAnts=10 noImprove=0 (elapsed 32.7491s)
[ITER 64] New best cost=1899642.75 (feasible=YES, time 33.1318s)
[ITER 65] New best cost=1899323.31 (feasible=YES, time 33.2317s)
[ITER 70] bestGlobalCost=1899323.31 (feasible=YES) bestThisIter=1899323.31 feasibleAnts=14 noImprove=5 (elapsed 33.7878s)
[ITER 80] bestGlobalCost=1899323.31 (feasible=YES) bestThisIter=1938368.05 feasibleAnts=10 noImprove=15 (elapsed 41.117s)
[ITER 90] bestGlobalCost=1899323.31 (feasible=YES) bestThisIter=1902837.44 feasibleAnts=10 noImprove=25 (elapsed 48.6515s)
[RESET] no improvement for30-> reset pheromones
[ITER 100] bestGlobalCost=1899323.31 (feasible=YES) bestThisIter=1980292.04 feasibleAnts=10 noImprove=5 (elapsed 49.9711s)
[ITER 110] bestGlobalCost=1899323.31 (feasible=YES) bestThisIter=1903839.33 feasibleAnts=10 noImprove=15 (elapsed 57.7128s)
[ITER 120] bestGlobalCost=1899323.31 (feasible=YES) bestThisIter=1927637.61 feasibleAnts=10 noImprove=25 (elapsed 65.1476s)
47 48 49 50 51 73 74 75 76 77 78 92 93 94 95 115 116 
4 5 12 13 14 23 25 26 27 28 29 30 31 38 
1 2 3 15 16 32 33 34 35 36 37 43 55 56 67 
121 122 123 124 125 126 127 128 129 147 149 150 151 152 
41 58 59 60 61 62 63 85 86 105 106 107 108 109 110 
80 81 88 89 96 97 102 113 131 132 135 148 
42 44 57 64 65 66 68 82 83 84 87 101 103 104 111 112 
45 46 52 53 54 69 70 71 72 79 90 91 98 99 100 114 
6 7 8 9 10 11 17 18 19 20 21 22 24 39 40 
117 118 119 120 130 133 134 136 137 138 139 140 141 142 143 144 145 146 
[SAVELOGS] evolution saved to results/logs/pr152_10_3/evolution/pr152_10_3
[SAVELOGS] best cost saved to results/logs/pr152_10_3/objectives/pr152_10_3
[SAVELOGS] best solution saved to results/logs/pr152_10_3/solutions/pr152_10_3
