[ITER 1] New best cost=969131.71 (feasible=YES, time 0.833763s)
[ITER 2] New best cost=958489.16 (feasible=YES, time 1.25221s)
[ITER 3] New best cost=919538.06 (feasible=YES, time 1.78651s)
[ITER 10] bestGlobalCost=919538.06 (feasible=YES) bestThisIter=961288.17 feasibleAnts=10 noImprove=7 (elapsed 4.77807s)
[ITER 15] New best cost=898312.98 (feasible=YES, time 8.82009s)
[ITER 15] New best cost=897158.94 (feasible=YES, time 10.6929s)
[ITER 15] New best cost=896517.51 (feasible=YES, time 14.3055s)
[ITER 18] New best cost=880430.48 (feasible=YES, time 17.1504s)
[ITER 20] bestGlobalCost=880430.48 (feasible=YES) bestThisIter=896281.13 feasibleAnts=8 noImprove=2 (elapsed 17.5294s)
[ITER 22] New best cost=871982.22 (feasible=YES, time 18.1094s)
[ITER 30] bestGlobalCost=871982.22 (feasible=YES) bestThisIter=888274.39 feasibleAnts=10 noImprove=8 (elapsed 28.1329s)
[ITER 40] bestGlobalCost=871982.22 (feasible=YES) bestThisIter=925381.53 feasibleAnts=10 noImprove=18 (elapsed 30.9245s)
[ITER 50] bestGlobalCost=871982.22 (feasible=YES) bestThisIter=927714.29 feasibleAnts=10 noImprove=28 (elapsed 40.8884s)
[RESET] no improvement for30-> reset pheromones
[ITER 60] New best cost=867613.77 (feasible=YES, time 44.6913s)
[ITER 60] bestGlobalCost=867613.77 (feasible=YES) bestThisIter=962644.43 feasibleAnts=10 noImprove=0 (elapsed 50.0927s)
[ITER 67] New best cost=861310.37 (feasible=YES, time 51.4742s)
[ITER 70] bestGlobalCost=861310.37 (feasible=YES) bestThisIter=861310.37 feasibleAnts=13 noImprove=3 (elapsed 51.8801s)
[ITER 74] New best cost=860599.18 (feasible=YES, time 52.6833s)
3 4 9 10 11 12 13 14 21 25 
24 26 36 43 44 45 48 55 60 
15 37 49 50 54 59 77 
22 23 33 34 35 46 47 56 57 
65 72 73 74 75 96 97 98 99 106 
1 2 6 8 16 20 27 28 32 
58 70 78 82 89 91 93 94 101 
5 7 17 18 19 29 30 31 
38 39 40 41 51 52 53 62 63 64 
88 104 111 112 113 122 123 127 128 
84 105 110 117 121 129 130 131 135 
103 114 115 116 124 125 126 133 134 
85 107 108 109 118 119 120 132 136 
42 61 66 71 76 83 86 87 95 100 
67 68 69 79 80 81 90 92 102 
[SAVELOGS] evolution saved to results/logs/pr136_15_4/evolution/pr136_15_4
[SAVELOGS] best cost saved to results/logs/pr136_15_4/objectives/pr136_15_4
[SAVELOGS] best solution saved to results/logs/pr136_15_4/solutions/pr136_15_4
