[ITER 1] New best cost=1019.87 (feasible=YES, time 0.0036061s)
[ITER 10] bestGlobalCost=1019.87 (feasible=YES) bestThisIter=1019.87 feasibleAnts=40 noImprove=9 (elapsed 0.0650733s)
[ITER 20] bestGlobalCost=1019.87 (feasible=YES) bestThisIter=1019.87 feasibleAnts=40 noImprove=19 (elapsed 0.114981s)
[ITER 30] bestGlobalCost=1019.87 (feasible=YES) bestThisIter=1019.87 feasibleAnts=40 noImprove=29 (elapsed 0.189793s)
[RESET] no improvement for30-> reset pheromones
[ITER 40] bestGlobalCost=1019.87 (feasible=YES) bestThisIter=1019.87 feasibleAnts=40 noImprove=9 (elapsed 0.291228s)
[ITER 50] bestGlobalCost=1019.87 (feasible=YES) bestThisIter=1019.87 feasibleAnts=40 noImprove=19 (elapsed 0.382982s)
[ITER 60] bestGlobalCost=1019.87 (feasible=YES) bestThisIter=1019.87 feasibleAnts=40 noImprove=29 (elapsed 0.449308s)
[RESET] no improvement for30-> reset pheromones
[ITER 70] bestGlobalCost=1019.87 (feasible=YES) bestThisIter=1019.87 feasibleAnts=40 noImprove=9 (elapsed 0.52297s)
[ITER 80] bestGlobalCost=1019.87 (feasible=YES) bestThisIter=1019.87 feasibleAnts=40 noImprove=19 (elapsed 0.571555s)
[ITER 90] bestGlobalCost=1019.87 (feasible=YES) bestThisIter=1019.87 feasibleAnts=40 noImprove=29 (elapsed 0.622034s)
[RESET] no improvement for30-> reset pheromones
[ITER 100] bestGlobalCost=1019.87 (feasible=YES) bestThisIter=1019.87 feasibleAnts=40 noImprove=9 (elapsed 0.693876s)
[ITER 110] bestGlobalCost=1019.87 (feasible=YES) bestThisIter=1019.87 feasibleAnts=40 noImprove=19 (elapsed 0.756625s)
[ITER 120] bestGlobalCost=1019.87 (feasible=YES) bestThisIter=1019.87 feasibleAnts=40 noImprove=29 (elapsed 0.810145s)
[RESET] no improvement for30-> reset pheromones
[ITER 130] bestGlobalCost=1019.87 (feasible=YES) bestThisIter=1019.87 feasibleAnts=40 noImprove=9 (elapsed 0.879992s)
[ITER 140] bestGlobalCost=1019.87 (feasible=YES) bestThisIter=1019.87 feasibleAnts=39 noImprove=19 (elapsed 0.923896s)
[ITER 150] bestGlobalCost=1019.87 (feasible=YES) bestThisIter=1019.87 feasibleAnts=40 noImprove=29 (elapsed 0.969177s)
[RESET] no improvement for30-> reset pheromones
[ITER 160] bestGlobalCost=1019.87 (feasible=YES) bestThisIter=1019.87 feasibleAnts=40 noImprove=9 (elapsed 1.0463s)
[ITER 170] bestGlobalCost=1019.87 (feasible=YES) bestThisIter=1019.87 feasibleAnts=40 noImprove=19 (elapsed 1.10654s)
[ITER 180] bestGlobalCost=1019.87 (feasible=YES) bestThisIter=1019.87 feasibleAnts=40 noImprove=29 (elapsed 1.1576s)
[RESET] no improvement for30-> reset pheromones
[ITER 190] bestGlobalCost=1019.87 (feasible=YES) bestThisIter=1019.87 feasibleAnts=40 noImprove=9 (elapsed 1.22602s)
[ITER 200] bestGlobalCost=1019.87 (feasible=YES) bestThisIter=1019.87 feasibleAnts=40 noImprove=19 (elapsed 1.27629s)
[ITER 210] bestGlobalCost=1019.87 (feasible=YES) bestThisIter=1019.87 feasibleAnts=40 noImprove=29 (elapsed 1.32108s)
[RESET] no improvement for30-> reset pheromones
[ITER 220] bestGlobalCost=1019.87 (feasible=YES) bestThisIter=1019.87 feasibleAnts=40 noImprove=9 (elapsed 1.39066s)
[ITER 230] bestGlobalCost=1019.87 (feasible=YES) bestThisIter=1019.87 feasibleAnts=40 noImprove=19 (elapsed 1.43994s)
[ITER 240] bestGlobalCost=1019.87 (feasible=YES) bestThisIter=1019.87 feasibleAnts=40 noImprove=29 (elapsed 1.49247s)
[RESET] no improvement for30-> reset pheromones
[ITER 250] bestGlobalCost=1019.87 (feasible=YES) bestThisIter=1019.87 feasibleAnts=40 noImprove=9 (elapsed 1.56177s)
[ITER 260] bestGlobalCost=1019.87 (feasible=YES) bestThisIter=1019.87 feasibleAnts=40 noImprove=19 (elapsed 1.60963s)
[ITER 270] bestGlobalCost=1019.87 (feasible=YES) bestThisIter=1019.87 feasibleAnts=40 noImprove=29 (elapsed 1.66107s)
[RESET] no improvement for30-> reset pheromones
[ITER 280] bestGlobalCost=1019.87 (feasible=YES) bestThisIter=1019.87 feasibleAnts=40 noImprove=9 (elapsed 1.73169s)
[ITER 290] bestGlobalCost=1019.87 (feasible=YES) bestThisIter=1019.87 feasibleAnts=40 noImprove=19 (elapsed 1.77983s)
[ITER 300] bestGlobalCost=1019.87 (feasible=YES) bestThisIter=1019.87 feasibleAnts=40 noImprove=29 (elapsed 1.8314s)
[RESET] no improvement for30-> reset pheromones
[ITER 310] bestGlobalCost=1019.87 (feasible=YES) bestThisIter=1019.87 feasibleAnts=40 noImprove=9 (elapsed 1.90511s)
[ITER 320] bestGlobalCost=1019.87 (feasible=YES) bestThisIter=1019.87 feasibleAnts=40 noImprove=19 (elapsed 1.95244s)
[ITER 330] bestGlobalCost=1019.87 (feasible=YES) bestThisIter=1019.87 feasibleAnts=40 noImprove=29 (elapsed 1.99672s)
[RESET] no improvement for30-> reset pheromones
[ITER 340] bestGlobalCost=1019.87 (feasible=YES) bestThisIter=1019.87 feasibleAnts=40 noImprove=9 (elapsed 2.05773s)
[ITER 350] bestGlobalCost=1019.87 (feasible=YES) bestThisIter=1019.87 feasibleAnts=40 noImprove=19 (elapsed 2.107s)
[ITER 360] bestGlobalCost=1019.87 (feasible=YES) bestThisIter=1019.87 feasibleAnts=40 noImprove=29 (elapsed 2.1643s)
[RESET] no improvement for30-> reset pheromones
[ITER 370] bestGlobalCost=1019.87 (feasible=YES) bestThisIter=1019.87 feasibleAnts=40 noImprove=9 (elapsed 2.23331s)
[ITER 380] bestGlobalCost=1019.87 (feasible=YES) bestThisIter=1019.87 feasibleAnts=40 noImprove=19 (elapsed 2.28825s)
[ITER 390] bestGlobalCost=1019.87 (feasible=YES) bestThisIter=1019.87 feasibleAnts=40 noImprove=29 (elapsed 2.3375s)
[RESET] no improvement for30-> reset pheromones
[ITER 400] bestGlobalCost=1019.87 (feasible=YES) bestThisIter=1019.87 feasibleAnts=40 noImprove=9 (elapsed 2.41486s)
[ITER 410] bestGlobalCost=1019.87 (feasible=YES) bestThisIter=1019.87 feasibleAnts=40 noImprove=19 (elapsed 2.4666s)
[ITER 420] bestGlobalCost=1019.87 (feasible=YES) bestThisIter=1019.87 feasibleAnts=40 noImprove=29 (elapsed 2.51187s)
[RESET] no improvement for30-> reset pheromones
[ITER 430] bestGlobalCost=1019.87 (feasible=YES) bestThisIter=1019.87 feasibleAnts=40 noImprove=9 (elapsed 2.57935s)
[ITER 440] bestGlobalCost=1019.87 (feasible=YES) bestThisIter=1019.87 feasibleAnts=40 noImprove=19 (elapsed 2.63006s)
[ITER 450] bestGlobalCost=1019.87 (feasible=YES) bestThisIter=1019.87 feasibleAnts=40 noImprove=29 (elapsed 2.68063s)
[RESET] no improvement for30-> reset pheromones
[ITER 460] bestGlobalCost=1019.87 (feasible=YES) bestThisIter=1019.87 feasibleAnts=40 noImprove=9 (elapsed 2.75204s)
[ITER 470] bestGlobalCost=1019.87 (feasible=YES) bestThisIter=1019.87 feasibleAnts=40 noImprove=19 (elapsed 2.80095s)
[ITER 480] bestGlobalCost=1019.87 (feasible=YES) bestThisIter=1019.87 feasibleAnts=40 noImprove=29 (elapsed 2.84485s)
[RESET] no improvement for30-> reset pheromones
[ITER 490] bestGlobalCost=1019.87 (feasible=YES) bestThisIter=1019.87 feasibleAnts=40 noImprove=9 (elapsed 2.91626s)
[ITER 500] bestGlobalCost=1019.87 (feasible=YES) bestThisIter=1019.87 feasibleAnts=40 noImprove=19 (elapsed 2.97257s)
[ITER 510] bestGlobalCost=1019.87 (feasible=YES) bestThisIter=1019.87 feasibleAnts=40 noImprove=29 (elapsed 3.029s)
[RESET] no improvement for30-> reset pheromones
[ITER 520] bestGlobalCost=1019.87 (feasible=YES) bestThisIter=1019.87 feasibleAnts=40 noImprove=9 (elapsed 3.10683s)
[ITER 530] bestGlobalCost=1019.87 (feasible=YES) bestThisIter=1019.87 feasibleAnts=40 noImprove=19 (elapsed 3.15666s)
[ITER 540] bestGlobalCost=1019.87 (feasible=YES) bestThisIter=1019.87 feasibleAnts=40 noImprove=29 (elapsed 3.20043s)
[RESET] no improvement for30-> reset pheromones
[ITER 550] bestGlobalCost=1019.87 (feasible=YES) bestThisIter=1019.87 feasibleAnts=40 noImprove=9 (elapsed 3.26917s)
[ITER 560] bestGlobalCost=1019.87 (feasible=YES) bestThisIter=1019.87 feasibleAnts=40 noImprove=19 (elapsed 3.32751s)
[ITER 570] bestGlobalCost=1019.87 (feasible=YES) bestThisIter=1019.87 feasibleAnts=40 noImprove=29 (elapsed 3.37458s)
[RESET] no improvement for30-> reset pheromones
[ITER 580] bestGlobalCost=1019.87 (feasible=YES) bestThisIter=1019.87 feasibleAnts=40 noImprove=9 (elapsed 3.43624s)
[ITER 590] bestGlobalCost=1019.87 (feasible=YES) bestThisIter=1019.87 feasibleAnts=40 noImprove=19 (elapsed 3.48335s)
[ITER 600] bestGlobalCost=1019.87 (feasible=YES) bestThisIter=1019.87 feasibleAnts=40 noImprove=29 (elapsed 3.53395s)
[RESET] no improvement for30-> reset pheromones
[ITER 610] bestGlobalCost=1019.87 (feasible=YES) bestThisIter=1019.87 feasibleAnts=40 noImprove=9 (elapsed 3.59642s)
[ITER 620] bestGlobalCost=1019.87 (feasible=YES) bestThisIter=1019.87 feasibleAnts=40 noImprove=19 (elapsed 3.65391s)
[ITER 630] bestGlobalCost=1019.87 (feasible=YES) bestThisIter=1019.87 feasibleAnts=40 noImprove=29 (elapsed 3.70444s)
[RESET] no improvement for30-> reset pheromones
[ITER 640] bestGlobalCost=1019.87 (feasible=YES) bestThisIter=1019.87 feasibleAnts=40 noImprove=9 (elapsed 3.77593s)
[ITER 650] bestGlobalCost=1019.87 (feasible=YES) bestThisIter=1019.87 feasibleAnts=40 noImprove=19 (elapsed 3.82253s)
[ITER 660] bestGlobalCost=1019.87 (feasible=YES) bestThisIter=1019.87 feasibleAnts=40 noImprove=29 (elapsed 3.87314s)
[RESET] no improvement for30-> reset pheromones
[ITER 670] bestGlobalCost=1019.87 (feasible=YES) bestThisIter=1019.87 feasibleAnts=40 noImprove=9 (elapsed 3.94096s)
[ITER 680] bestGlobalCost=1019.87 (feasible=YES) bestThisIter=1019.87 feasibleAnts=40 noImprove=19 (elapsed 3.99004s)
[ITER 690] bestGlobalCost=1019.87 (feasible=YES) bestThisIter=1019.87 feasibleAnts=40 noImprove=29 (elapsed 4.04224s)
[RESET] no improvement for30-> reset pheromones
[ITER 700] bestGlobalCost=1019.87 (feasible=YES) bestThisIter=1019.87 feasibleAnts=39 noImprove=9 (elapsed 4.11191s)
[ITER 710] bestGlobalCost=1019.87 (feasible=YES) bestThisIter=1019.87 feasibleAnts=40 noImprove=19 (elapsed 4.15853s)
[ITER 720] bestGlobalCost=1019.87 (feasible=YES) bestThisIter=1019.87 feasibleAnts=40 noImprove=29 (elapsed 4.2062s)
[RESET] no improvement for30-> reset pheromones
[ITER 730] bestGlobalCost=1019.87 (feasible=YES) bestThisIter=1019.87 feasibleAnts=40 noImprove=9 (elapsed 4.27405s)
[ITER 740] bestGlobalCost=1019.87 (feasible=YES) bestThisIter=1019.87 feasibleAnts=40 noImprove=19 (elapsed 4.32647s)
[ITER 750] bestGlobalCost=1019.87 (feasible=YES) bestThisIter=1019.87 feasibleAnts=40 noImprove=29 (elapsed 4.36914s)
[RESET] no improvement for30-> reset pheromones
[ITER 760] bestGlobalCost=1019.87 (feasible=YES) bestThisIter=1019.87 feasibleAnts=40 noImprove=9 (elapsed 4.43753s)
[ITER 770] bestGlobalCost=1019.87 (feasible=YES) bestThisIter=1019.87 feasibleAnts=38 noImprove=19 (elapsed 4.48497s)
[ITER 780] bestGlobalCost=1019.87 (feasible=YES) bestThisIter=1019.87 feasibleAnts=40 noImprove=29 (elapsed 4.54076s)
[RESET] no improvement for30-> reset pheromones
[ITER 790] bestGlobalCost=1019.87 (feasible=YES) bestThisIter=1019.87 feasibleAnts=40 noImprove=9 (elapsed 4.6091s)
[ITER 800] bestGlobalCost=1019.87 (feasible=YES) bestThisIter=1019.87 feasibleAnts=40 noImprove=19 (elapsed 4.66257s)
[ITER 810] bestGlobalCost=1019.87 (feasible=YES) bestThisIter=1019.87 feasibleAnts=40 noImprove=29 (elapsed 4.71132s)
[RESET] no improvement for30-> reset pheromones
[ITER 820] bestGlobalCost=1019.87 (feasible=YES) bestThisIter=1019.87 feasibleAnts=40 noImprove=9 (elapsed 4.78264s)
[ITER 830] bestGlobalCost=1019.87 (feasible=YES) bestThisIter=1019.87 feasibleAnts=40 noImprove=19 (elapsed 4.83256s)
[ITER 840] bestGlobalCost=1019.87 (feasible=YES) bestThisIter=1019.87 feasibleAnts=40 noImprove=29 (elapsed 4.8826s)
[RESET] no improvement for30-> reset pheromones
[ITER 850] bestGlobalCost=1019.87 (feasible=YES) bestThisIter=1019.87 feasibleAnts=40 noImprove=9 (elapsed 4.95479s)
[ITER 860] bestGlobalCost=1019.87 (feasible=YES) bestThisIter=1019.87 feasibleAnts=40 noImprove=19 (elapsed 5.00672s)
[ITER 870] bestGlobalCost=1019.87 (feasible=YES) bestThisIter=1019.87 feasibleAnts=40 noImprove=29 (elapsed 5.05329s)
[RESET] no improvement for30-> reset pheromones
[ITER 880] bestGlobalCost=1019.87 (feasible=YES) bestThisIter=1019.87 feasibleAnts=40 noImprove=9 (elapsed 5.12224s)
[ITER 890] bestGlobalCost=1019.87 (feasible=YES) bestThisIter=1019.87 feasibleAnts=40 noImprove=19 (elapsed 5.17247s)
[ITER 900] bestGlobalCost=1019.87 (feasible=YES) bestThisIter=1019.87 feasibleAnts=40 noImprove=29 (elapsed 5.21945s)
[RESET] no improvement for30-> reset pheromones
[ITER 910] bestGlobalCost=1019.87 (feasible=YES) bestThisIter=1019.87 feasibleAnts=40 noImprove=9 (elapsed 5.28959s)
[ITER 920] bestGlobalCost=1019.87 (feasible=YES) bestThisIter=1019.87 feasibleAnts=40 noImprove=19 (elapsed 5.33695s)
[ITER 930] bestGlobalCost=1019.87 (feasible=YES) bestThisIter=1019.87 feasibleAnts=40 noImprove=29 (elapsed 5.39134s)
[RESET] no improvement for30-> reset pheromones
[ITER 940] bestGlobalCost=1019.87 (feasible=YES) bestThisIter=1019.87 feasibleAnts=40 noImprove=9 (elapsed 5.45899s)
[ITER 950] bestGlobalCost=1019.87 (feasible=YES) bestThisIter=1019.87 feasibleAnts=40 noImprove=19 (elapsed 5.51101s)
[ITER 960] bestGlobalCost=1019.87 (feasible=YES) bestThisIter=1019.87 feasibleAnts=40 noImprove=29 (elapsed 5.56055s)
[RESET] no improvement for30-> reset pheromones
[ITER 970] bestGlobalCost=1019.87 (feasible=YES) bestThisIter=1019.87 feasibleAnts=40 noImprove=9 (elapsed 5.63131s)
[ITER 980] bestGlobalCost=1019.87 (feasible=YES) bestThisIter=1019.87 feasibleAnts=40 noImprove=19 (elapsed 5.67901s)
[ITER 990] bestGlobalCost=1019.87 (feasible=YES) bestThisIter=1019.87 feasibleAnts=40 noImprove=29 (elapsed 5.73181s)
[RESET] no improvement for30-> reset pheromones
[ITER 1000] bestGlobalCost=1019.87 (feasible=YES) bestThisIter=1019.87 feasibleAnts=40 noImprove=9 (elapsed 5.80104s)
[ITER 1010] bestGlobalCost=1019.87 (feasible=YES) bestThisIter=1019.87 feasibleAnts=40 noImprove=19 (elapsed 5.84632s)
[ITER 1020] bestGlobalCost=1019.87 (feasible=YES) bestThisIter=1019.87 feasibleAnts=40 noImprove=29 (elapsed 5.90151s)
[RESET] no improvement for30-> reset pheromones
[ITER 1030] bestGlobalCost=1019.87 (feasible=YES) bestThisIter=1019.87 feasibleAnts=40 noImprove=9 (elapsed 5.96718s)
[ITER 1040] bestGlobalCost=1019.87 (feasible=YES) bestThisIter=1019.87 feasibleAnts=40 noImprove=19 (elapsed 6.03269s)
[ITER 1050] bestGlobalCost=1019.87 (feasible=YES) bestThisIter=1019.87 feasibleAnts=40 noImprove=29 (elapsed 6.07612s)
[RESET] no improvement for30-> reset pheromones
[ITER 1060] bestGlobalCost=1019.87 (feasible=YES) bestThisIter=1019.87 feasibleAnts=40 noImprove=9 (elapsed 6.14714s)
[ITER 1070] bestGlobalCost=1019.87 (feasible=YES) bestThisIter=1019.87 feasibleAnts=40 noImprove=19 (elapsed 6.19206s)
[ITER 1080] bestGlobalCost=1019.87 (feasible=YES) bestThisIter=1019.87 feasibleAnts=39 noImprove=29 (elapsed 6.23821s)
[RESET] no improvement for30-> reset pheromones
[ITER 1090] bestGlobalCost=1019.87 (feasible=YES) bestThisIter=1019.87 feasibleAnts=40 noImprove=9 (elapsed 6.30817s)
[ITER 1100] bestGlobalCost=1019.87 (feasible=YES) bestThisIter=1019.87 feasibleAnts=40 noImprove=19 (elapsed 6.35825s)
[ITER 1110] bestGlobalCost=1019.87 (feasible=YES) bestThisIter=1019.87 feasibleAnts=40 noImprove=29 (elapsed 6.40472s)
[RESET] no improvement for30-> reset pheromones
[ITER 1120] bestGlobalCost=1019.87 (feasible=YES) bestThisIter=1019.87 feasibleAnts=40 noImprove=9 (elapsed 6.47129s)
[ITER 1130] bestGlobalCost=1019.87 (feasible=YES) bestThisIter=1019.87 feasibleAnts=40 noImprove=19 (elapsed 6.52076s)
[ITER 1140] bestGlobalCost=1019.87 (feasible=YES) bestThisIter=1019.87 feasibleAnts=40 noImprove=29 (elapsed 6.57461s)
[RESET] no improvement for30-> reset pheromones
[ITER 1150] bestGlobalCost=1019.87 (feasible=YES) bestThisIter=1019.87 feasibleAnts=40 noImprove=9 (elapsed 6.64244s)
[ITER 1160] bestGlobalCost=1019.87 (feasible=YES) bestThisIter=1019.87 feasibleAnts=40 noImprove=19 (elapsed 6.69364s)
[ITER 1170] bestGlobalCost=1019.87 (feasible=YES) bestThisIter=1019.87 feasibleAnts=40 noImprove=29 (elapsed 6.73675s)
[RESET] no improvement for30-> reset pheromones
[ITER 1180] bestGlobalCost=1019.87 (feasible=YES) bestThisIter=1019.87 feasibleAnts=39 noImprove=9 (elapsed 6.80296s)
[ITER 1190] bestGlobalCost=1019.87 (feasible=YES) bestThisIter=1019.87 feasibleAnts=40 noImprove=19 (elapsed 6.85576s)
[ITER 1200] bestGlobalCost=1019.87 (feasible=YES) bestThisIter=1019.87 feasibleAnts=40 noImprove=29 (elapsed 6.901s)
[RESET] no improvement for30-> reset pheromones
[ITER 1210] bestGlobalCost=1019.87 (feasible=YES) bestThisIter=1019.87 feasibleAnts=40 noImprove=9 (elapsed 6.96994s)
[ITER 1220] bestGlobalCost=1019.87 (feasible=YES) bestThisIter=1019.87 feasibleAnts=40 noImprove=19 (elapsed 7.01763s)
[ITER 1230] bestGlobalCost=1019.87 (feasible=YES) bestThisIter=1019.87 feasibleAnts=40 noImprove=29 (elapsed 7.06299s)
[RESET] no improvement for30-> reset pheromones
[ITER 1240] bestGlobalCost=1019.87 (feasible=YES) bestThisIter=1019.87 feasibleAnts=40 noImprove=9 (elapsed 7.1299s)
[ITER 1250] bestGlobalCost=1019.87 (feasible=YES) bestThisIter=1019.87 feasibleAnts=40 noImprove=19 (elapsed 7.17679s)
[ITER 1260] bestGlobalCost=1019.87 (feasible=YES) bestThisIter=1019.87 feasibleAnts=40 noImprove=29 (elapsed 7.22678s)
[RESET] no improvement for30-> reset pheromones
[ITER 1270] bestGlobalCost=1019.87 (feasible=YES) bestThisIter=1019.87 feasibleAnts=40 noImprove=9 (elapsed 7.29241s)
[ITER 1280] bestGlobalCost=1019.87 (feasible=YES) bestThisIter=1019.87 feasibleAnts=40 noImprove=19 (elapsed 7.34901s)
[ITER 1290] bestGlobalCost=1019.87 (feasible=YES) bestThisIter=1019.87 feasibleAnts=40 noImprove=29 (elapsed 7.39926s)
[RESET] no improvement for30-> reset pheromones
[ITER 1300] bestGlobalCost=1019.87 (feasible=YES) bestThisIter=1019.87 feasibleAnts=40 noImprove=9 (elapsed 7.46905s)
[ITER 1310] bestGlobalCost=1019.87 (feasible=YES) bestThisIter=1019.87 feasibleAnts=40 noImprove=19 (elapsed 7.53482s)
[ITER 1320] bestGlobalCost=1019.87 (feasible=YES) bestThisIter=1019.87 feasibleAnts=39 noImprove=29 (elapsed 7.58507s)
[RESET] no improvement for30-> reset pheromones
[ITER 1330] bestGlobalCost=1019.87 (feasible=YES) bestThisIter=1019.87 feasibleAnts=40 noImprove=9 (elapsed 7.65876s)
[ITER 1340] bestGlobalCost=1019.87 (feasible=YES) bestThisIter=1019.87 feasibleAnts=40 noImprove=19 (elapsed 7.70974s)
[ITER 1350] bestGlobalCost=1019.87 (feasible=YES) bestThisIter=1019.87 feasibleAnts=40 noImprove=29 (elapsed 7.75758s)
[RESET] no improvement for30-> reset pheromones
[ITER 1360] bestGlobalCost=1019.87 (feasible=YES) bestThisIter=1019.87 feasibleAnts=40 noImprove=9 (elapsed 7.82552s)
[ITER 1370] bestGlobalCost=1019.87 (feasible=YES) bestThisIter=1019.87 feasibleAnts=39 noImprove=19 (elapsed 7.87522s)
[ITER 1380] bestGlobalCost=1019.87 (feasible=YES) bestThisIter=1019.87 feasibleAnts=40 noImprove=29 (elapsed 7.92427s)
[RESET] no improvement for30-> reset pheromones
[ITER 1390] bestGlobalCost=1019.87 (feasible=YES) bestThisIter=1019.87 feasibleAnts=40 noImprove=9 (elapsed 7.9881s)
[ITER 1400] bestGlobalCost=1019.87 (feasible=YES) bestThisIter=1019.87 feasibleAnts=40 noImprove=19 (elapsed 8.0401s)
[ITER 1410] bestGlobalCost=1019.87 (feasible=YES) bestThisIter=1019.87 feasibleAnts=39 noImprove=29 (elapsed 8.08295s)
[RESET] no improvement for30-> reset pheromones
[ITER 1420] bestGlobalCost=1019.87 (feasible=YES) bestThisIter=1019.87 feasibleAnts=40 noImprove=9 (elapsed 8.15282s)
[ITER 1430] bestGlobalCost=1019.87 (feasible=YES) bestThisIter=1019.87 feasibleAnts=40 noImprove=19 (elapsed 8.19699s)
[ITER 1440] bestGlobalCost=1019.87 (feasible=YES) bestThisIter=1019.87 feasibleAnts=40 noImprove=29 (elapsed 8.23852s)
[RESET] no improvement for30-> reset pheromones
[ITER 1450] bestGlobalCost=1019.87 (feasible=YES) bestThisIter=1019.87 feasibleAnts=40 noImprove=9 (elapsed 8.29288s)
[ITER 1460] bestGlobalCost=1019.87 (feasible=YES) bestThisIter=1019.87 feasibleAnts=40 noImprove=19 (elapsed 8.33039s)
[ITER 1470] bestGlobalCost=1019.87 (feasible=YES) bestThisIter=1019.87 feasibleAnts=40 noImprove=29 (elapsed 8.37001s)
[RESET] no improvement for30-> reset pheromones
[ITER 1480] bestGlobalCost=1019.87 (feasible=YES) bestThisIter=1019.87 feasibleAnts=40 noImprove=9 (elapsed 8.42057s)
[ITER 1490] bestGlobalCost=1019.87 (feasible=YES) bestThisIter=1019.87 feasibleAnts=40 noImprove=19 (elapsed 8.4566s)
[ITER 1500] bestGlobalCost=1019.87 (feasible=YES) bestThisIter=1019.87 feasibleAnts=40 noImprove=29 (elapsed 8.49295s)
[RESET] no improvement for30-> reset pheromones
[ITER 1510] bestGlobalCost=1019.87 (feasible=YES) bestThisIter=1019.87 feasibleAnts=40 noImprove=9 (elapsed 8.55071s)
[ITER 1520] bestGlobalCost=1019.87 (feasible=YES) bestThisIter=1019.87 feasibleAnts=40 noImprove=19 (elapsed 8.59438s)
[ITER 1530] bestGlobalCost=1019.87 (feasible=YES) bestThisIter=1019.87 feasibleAnts=40 noImprove=29 (elapsed 8.63224s)
[RESET] no improvement for30-> reset pheromones
[ITER 1540] bestGlobalCost=1019.87 (feasible=YES) bestThisIter=1019.87 feasibleAnts=40 noImprove=9 (elapsed 8.68806s)
[ITER 1550] bestGlobalCost=1019.87 (feasible=YES) bestThisIter=1019.87 feasibleAnts=40 noImprove=19 (elapsed 8.73119s)
[ITER 1560] bestGlobalCost=1019.87 (feasible=YES) bestThisIter=1019.87 feasibleAnts=40 noImprove=29 (elapsed 8.7751s)
[RESET] no improvement for30-> reset pheromones
[ITER 1570] bestGlobalCost=1019.87 (feasible=YES) bestThisIter=1019.87 feasibleAnts=40 noImprove=9 (elapsed 8.82412s)
[ITER 1580] bestGlobalCost=1019.87 (feasible=YES) bestThisIter=1019.87 feasibleAnts=40 noImprove=19 (elapsed 8.8605s)
[ITER 1590] bestGlobalCost=1019.87 (feasible=YES) bestThisIter=1019.87 feasibleAnts=40 noImprove=29 (elapsed 8.89899s)
[RESET] no improvement for30-> reset pheromones
[ITER 1600] bestGlobalCost=1019.87 (feasible=YES) bestThisIter=1019.87 feasibleAnts=40 noImprove=9 (elapsed 8.94887s)
[ITER 1610] bestGlobalCost=1019.87 (feasible=YES) bestThisIter=1019.87 feasibleAnts=40 noImprove=19 (elapsed 8.98762s)
[ITER 1620] bestGlobalCost=1019.87 (feasible=YES) bestThisIter=1019.87 feasibleAnts=40 noImprove=29 (elapsed 9.02667s)
[RESET] no improvement for30-> reset pheromones
[ITER 1630] bestGlobalCost=1019.87 (feasible=YES) bestThisIter=1019.87 feasibleAnts=40 noImprove=9 (elapsed 9.08303s)
[ITER 1640] bestGlobalCost=1019.87 (feasible=YES) bestThisIter=1019.87 feasibleAnts=40 noImprove=19 (elapsed 9.1259s)
[ITER 1650] bestGlobalCost=1019.87 (feasible=YES) bestThisIter=1019.87 feasibleAnts=40 noImprove=29 (elapsed 9.16777s)
[RESET] no improvement for30-> reset pheromones
[ITER 1660] bestGlobalCost=1019.87 (feasible=YES) bestThisIter=1019.87 feasibleAnts=40 noImprove=9 (elapsed 9.22037s)
[ITER 1670] bestGlobalCost=1019.87 (feasible=YES) bestThisIter=1019.87 feasibleAnts=40 noImprove=19 (elapsed 9.25503s)
[ITER 1680] bestGlobalCost=1019.87 (feasible=YES) bestThisIter=1019.87 feasibleAnts=40 noImprove=29 (elapsed 9.29s)
[RESET] no improvement for30-> reset pheromones
[ITER 1690] bestGlobalCost=1019.87 (feasible=YES) bestThisIter=1019.87 feasibleAnts=40 noImprove=9 (elapsed 9.33681s)
[ITER 1700] bestGlobalCost=1019.87 (feasible=YES) bestThisIter=1019.87 feasibleAnts=40 noImprove=19 (elapsed 9.3788s)
[ITER 1710] bestGlobalCost=1019.87 (feasible=YES) bestThisIter=1019.87 feasibleAnts=40 noImprove=29 (elapsed 9.41329s)
[RESET] no improvement for30-> reset pheromones
[ITER 1720] bestGlobalCost=1019.87 (feasible=YES) bestThisIter=1019.87 feasibleAnts=39 noImprove=9 (elapsed 9.46462s)
[ITER 1730] bestGlobalCost=1019.87 (feasible=YES) bestThisIter=1019.87 feasibleAnts=40 noImprove=19 (elapsed 9.50889s)
[ITER 1740] bestGlobalCost=1019.87 (feasible=YES) bestThisIter=1019.87 feasibleAnts=40 noImprove=29 (elapsed 9.54545s)
[RESET] no improvement for30-> reset pheromones
[ITER 1750] bestGlobalCost=1019.87 (feasible=YES) bestThisIter=1019.87 feasibleAnts=40 noImprove=9 (elapsed 9.60491s)
[ITER 1760] bestGlobalCost=1019.87 (feasible=YES) bestThisIter=1019.87 feasibleAnts=40 noImprove=19 (elapsed 9.64132s)
[ITER 1770] bestGlobalCost=1019.87 (feasible=YES) bestThisIter=1019.87 feasibleAnts=40 noImprove=29 (elapsed 9.6819s)
[RESET] no improvement for30-> reset pheromones
[ITER 1780] bestGlobalCost=1019.87 (feasible=YES) bestThisIter=1019.87 feasibleAnts=40 noImprove=9 (elapsed 9.73253s)
[ITER 1790] bestGlobalCost=1019.87 (feasible=YES) bestThisIter=1019.87 feasibleAnts=40 noImprove=19 (elapsed 9.77204s)
[ITER 1800] bestGlobalCost=1019.87 (feasible=YES) bestThisIter=1019.87 feasibleAnts=40 noImprove=29 (elapsed 9.81596s)
[RESET] no improvement for30-> reset pheromones
[ITER 1810] bestGlobalCost=1019.87 (feasible=YES) bestThisIter=1019.87 feasibleAnts=40 noImprove=9 (elapsed 9.94127s)
[ITER 1820] bestGlobalCost=1019.87 (feasible=YES) bestThisIter=1019.87 feasibleAnts=40 noImprove=19 (elapsed 9.98087s)
2 3 4 5 6 8 11 12 13 16 17 
1 7 18 20 
9 10 14 15 19 
[SAVELOGS] evolution saved to results/logs/aco_logs/evolution/muestra5_20_3.txt
[SAVELOGS] best cost saved to results/logs/aco_logs/objectives/muestra5_20_3.txt
[SAVELOGS] best solution saved to results/logs/aco_logs/solutions/muestra5_20_3.txt
