[ITER 1] New best cost=4781.35 (feasible=YES, time 0.353874s)
[ITER 2] New best cost=4567.96 (feasible=YES, time 0.693714s)
[ITER 3] New best cost=4529.73 (feasible=YES, time 0.919155s)
[ITER 4] New best cost=4519.88 (feasible=YES, time 1.1456s)
[ITER 5] New best cost=4510.97 (feasible=YES, time 1.41179s)
[ITER 7] New best cost=4319.75 (feasible=YES, time 1.96398s)
[ITER 10] bestGlobalCost=4319.75 (feasible=YES) bestThisIter=4365.49 feasibleAnts=10 noImprove=3 (elapsed 2.86578s)
[ITER 15] New best cost=4274.01 (feasible=YES, time 5.77607s)
[ITER 15] New best cost=4272.95 (feasible=YES, time 7.29441s)
[ITER 15] New best cost=4258.46 (feasible=YES, time 8.55768s)
[ITER 15] New best cost=4214.30 (feasible=YES, time 9.81378s)
[ITER 17] New best cost=4204.78 (feasible=YES, time 11.3602s)
[ITER 18] New best cost=4170.25 (feasible=YES, time 11.5748s)
[ITER 19] New best cost=4153.13 (feasible=YES, time 11.742s)
[ITER 20] bestGlobalCost=4153.13 (feasible=YES) bestThisIter=4166.99 feasibleAnts=10 noImprove=1 (elapsed 11.9918s)
[ITER 30] New best cost=4130.93 (feasible=YES, time 15.9414s)
[ITER 30] bestGlobalCost=4130.93 (feasible=YES) bestThisIter=4520.06 feasibleAnts=10 noImprove=0 (elapsed 21.4931s)
[ITER 40] bestGlobalCost=4130.93 (feasible=YES) bestThisIter=4267.19 feasibleAnts=10 noImprove=10 (elapsed 23.8133s)
[ITER 50] bestGlobalCost=4130.93 (feasible=YES) bestThisIter=4645.01 feasibleAnts=10 noImprove=20 (elapsed 33.7s)
[ITER 60] bestGlobalCost=4130.93 (feasible=YES) bestThisIter=4741.06 feasibleAnts=10 noImprove=30 (elapsed 43.6673s)
[RESET] no improvement for30-> reset pheromones
[ITER 70] bestGlobalCost=4130.93 (feasible=YES) bestThisIter=4732.01 feasibleAnts=10 noImprove=10 (elapsed 47.1706s)
[ITER 80] bestGlobalCost=4130.93 (feasible=YES) bestThisIter=4771.44 feasibleAnts=10 noImprove=20 (elapsed 57.698s)
1 2 3 4 6 20 
14 15 16 17 45 50 
54 55 56 57 59 60 61 
97 98 100 101 102 103 137 
104 105 106 113 114 115 116 
22 25 27 33 52 53 
8 9 10 26 28 29 30 31 
89 90 91 93 94 95 96 99 
5 7 18 19 21 23 24 
58 62 63 64 65 66 92 
67 68 69 70 71 72 88 
79 80 81 84 85 86 87 
123 124 127 128 129 130 
107 108 109 110 111 112 118 
51 73 74 75 76 77 78 82 
11 12 37 39 41 43 
32 34 35 36 38 40 44 
83 131 132 133 134 135 136 
117 119 120 121 122 125 126 
13 42 46 47 48 49 
[SAVELOGS] evolution saved to results/logs/gr137_20_4/evolution/gr137_20_4
[SAVELOGS] best cost saved to results/logs/gr137_20_4/objectives/gr137_20_4
[SAVELOGS] best solution saved to results/logs/gr137_20_4/solutions/gr137_20_4
