[ITER 1] New best cost=648557.35 (feasible=YES, time 0.44399s)
[ITER 4] New best cost=643919.15 (feasible=YES, time 1.47181s)
[ITER 6] New best cost=631460.70 (feasible=YES, time 2.10232s)
[ITER 7] New best cost=630951.05 (feasible=YES, time 2.36564s)
[ITER 8] New best cost=630045.08 (feasible=YES, time 2.52738s)
[ITER 9] New best cost=623830.37 (feasible=YES, time 2.78946s)
[ITER 10] bestGlobalCost=623830.37 (feasible=YES) bestThisIter=640859.49 feasibleAnts=10 noImprove=1 (elapsed 3.04165s)
[ITER 11] New best cost=623584.46 (feasible=YES, time 3.34703s)
[ITER 12] New best cost=615869.15 (feasible=YES, time 3.59058s)
[ITER 15] New best cost=608125.07 (feasible=YES, time 5.5891s)
[ITER 15] New best cost=593371.94 (feasible=YES, time 8.74317s)
[ITER 20] bestGlobalCost=593371.94 (feasible=YES) bestThisIter=605370.11 feasibleAnts=10 noImprove=5 (elapsed 12.4874s)
[ITER 30] New best cost=591167.98 (feasible=YES, time 17.23s)
[ITER 30] bestGlobalCost=591167.98 (feasible=YES) bestThisIter=644478.09 feasibleAnts=9 noImprove=0 (elapsed 22.767s)
[ITER 40] bestGlobalCost=591167.98 (feasible=YES) bestThisIter=628412.90 feasibleAnts=10 noImprove=10 (elapsed 25.4663s)
[ITER 45] New best cost=590664.28 (feasible=YES, time 29.0153s)
[ITER 45] New best cost=590183.88 (feasible=YES, time 33.8278s)
[ITER 50] bestGlobalCost=590183.88 (feasible=YES) bestThisIter=603439.02 feasibleAnts=9 noImprove=5 (elapsed 35.968s)
[ITER 60] New best cost=589638.70 (feasible=YES, time 43.707s)
[ITER 60] bestGlobalCost=589638.70 (feasible=YES) bestThisIter=653742.39 feasibleAnts=10 noImprove=0 (elapsed 46.6344s)
[ITER 64] New best cost=589212.18 (feasible=YES, time 47.3815s)
[ITER 65] New best cost=587742.64 (feasible=YES, time 47.6066s)
[ITER 67] New best cost=587224.90 (feasible=YES, time 48.074s)
[ITER 70] bestGlobalCost=587224.90 (feasible=YES) bestThisIter=587224.90 feasibleAnts=9 noImprove=3 (elapsed 48.6386s)
[ITER 80] bestGlobalCost=587224.90 (feasible=YES) bestThisIter=642575.61 feasibleAnts=9 noImprove=13 (elapsed 58.489s)
25 29 32 33 97 122 123 
18 20 73 77 79 80 
69 76 78 81 84 117 
2 51 52 54 56 57 121 
1 6 7 106 114 120 
9 11 15 23 24 108 
63 82 83 101 102 119 126 
55 58 64 65 66 113 124 
12 26 27 28 30 31 
46 47 48 49 50 53 118 
89 91 92 99 104 125 
45 93 95 98 127 
59 60 61 62 90 116 
3 10 13 100 105 115 
67 68 71 74 75 85 
70 86 87 88 96 109 110 
34 39 40 42 43 44 
14 16 35 36 37 38 41 
5 94 103 107 111 112 
4 8 17 19 21 22 72 
[SAVELOGS] evolution saved to results/logs/bier127_20_5/evolution/bier127_20_5
[SAVELOGS] best cost saved to results/logs/bier127_20_5/objectives/bier127_20_5
[SAVELOGS] best solution saved to results/logs/bier127_20_5/solutions/bier127_20_5
