[ITER 1] New best cost=146241.87 (feasible=YES, time 1.74199s)
[ITER 2] New best cost=142074.95 (feasible=YES, time 1.84741s)
[ITER 5] New best cost=141971.77 (feasible=YES, time 2.0876s)
[ITER 8] New best cost=141473.45 (feasible=YES, time 2.32445s)
[ITER 10] bestGlobalCost=141473.45 (feasible=YES) bestThisIter=140078.52 feasibleAnts=5 noImprove=2 (elapsed 2.4853s)
[ITER 11] New best cost=141051.14 (feasible=YES, time 4.06629s)
[ITER 20] bestGlobalCost=141051.14 (feasible=YES) bestThisIter=140389.05 feasibleAnts=7 noImprove=9 (elapsed 4.86523s)
[ITER 23] New best cost=140476.36 (feasible=YES, time 6.86218s)
[ITER 30] bestGlobalCost=140476.36 (feasible=YES) bestThisIter=139661.83 feasibleAnts=10 noImprove=7 (elapsed 7.59418s)
[ITER 31] New best cost=140421.54 (feasible=YES, time 9.75318s)
[ITER 37] New best cost=140180.70 (feasible=YES, time 10.2619s)
[ITER 40] bestGlobalCost=140180.70 (feasible=YES) bestThisIter=140108.60 feasibleAnts=10 noImprove=3 (elapsed 10.4831s)
[ITER 50] bestGlobalCost=140180.70 (feasible=YES) bestThisIter=140115.35 feasibleAnts=10 noImprove=13 (elapsed 12.7802s)
[ITER 60] bestGlobalCost=140180.70 (feasible=YES) bestThisIter=141560.53 feasibleAnts=9 noImprove=23 (elapsed 15.1133s)
[ITER 69] New best cost=140062.85 (feasible=YES, time 17.3139s)
[ITER 70] bestGlobalCost=140062.85 (feasible=YES) bestThisIter=140731.78 feasibleAnts=12 noImprove=1 (elapsed 17.3893s)
[ITER 71] New best cost=139913.27 (feasible=YES, time 18.9267s)
[ITER 80] bestGlobalCost=139913.27 (feasible=YES) bestThisIter=139873.68 feasibleAnts=9 noImprove=9 (elapsed 19.6073s)
[ITER 81] New best cost=139612.01 (feasible=YES, time 21.1149s)
[ITER 90] bestGlobalCost=139612.01 (feasible=YES) bestThisIter=141252.09 feasibleAnts=11 noImprove=9 (elapsed 21.7827s)
[ITER 100] bestGlobalCost=139612.01 (feasible=YES) bestThisIter=140800.42 feasibleAnts=11 noImprove=19 (elapsed 23.9669s)
[ITER 110] bestGlobalCost=139612.01 (feasible=YES) bestThisIter=141450.26 feasibleAnts=14 noImprove=29 (elapsed 26.2349s)
[ITER 120] bestGlobalCost=139612.01 (feasible=YES) bestThisIter=139833.51 feasibleAnts=12 noImprove=39 (elapsed 28.5164s)
[ITER 130] bestGlobalCost=139612.01 (feasible=YES) bestThisIter=141543.02 feasibleAnts=10 noImprove=49 (elapsed 30.801s)
[RESET] no improvement for50-> reset pheromones
[ITER 140] bestGlobalCost=139612.01 (feasible=YES) bestThisIter=140500.39 feasibleAnts=13 noImprove=9 (elapsed 33.1324s)
[ITER 150] bestGlobalCost=139612.01 (feasible=YES) bestThisIter=140114.39 feasibleAnts=11 noImprove=19 (elapsed 35.3008s)
[ITER 160] bestGlobalCost=139612.01 (feasible=YES) bestThisIter=140368.98 feasibleAnts=11 noImprove=29 (elapsed 37.539s)
[ITER 170] bestGlobalCost=139612.01 (feasible=YES) bestThisIter=139913.27 feasibleAnts=11 noImprove=39 (elapsed 39.8703s)
[ITER 180] bestGlobalCost=139612.01 (feasible=YES) bestThisIter=140174.03 feasibleAnts=9 noImprove=49 (elapsed 42.2205s)
[RESET] no improvement for50-> reset pheromones
[ITER 190] bestGlobalCost=139612.01 (feasible=YES) bestThisIter=140345.47 feasibleAnts=12 noImprove=9 (elapsed 44.5277s)
[ITER 200] bestGlobalCost=139612.01 (feasible=YES) bestThisIter=140843.54 feasibleAnts=12 noImprove=19 (elapsed 46.73s)
[ITER 210] bestGlobalCost=139612.01 (feasible=YES) bestThisIter=140932.84 feasibleAnts=10 noImprove=29 (elapsed 49.0194s)
[ITER 220] bestGlobalCost=139612.01 (feasible=YES) bestThisIter=139833.51 feasibleAnts=12 noImprove=39 (elapsed 51.5154s)
[ITER 230] bestGlobalCost=139612.01 (feasible=YES) bestThisIter=141630.52 feasibleAnts=12 noImprove=49 (elapsed 54.1746s)
[RESET] no improvement for50-> reset pheromones
[ITER 235] New best cost=139015.60 (feasible=YES, time 56.763s)
[ITER 238] New best cost=138759.75 (feasible=YES, time 57.0726s)
[ITER 240] bestGlobalCost=138759.75 (feasible=YES) bestThisIter=140609.73 feasibleAnts=7 noImprove=2 (elapsed 57.2785s)
[ITER 243] New best cost=138468.91 (feasible=YES, time 59.1514s)
[ITER 250] bestGlobalCost=138468.91 (feasible=YES) bestThisIter=139225.87 feasibleAnts=14 noImprove=7 (elapsed 59.7011s)
[ITER 260] bestGlobalCost=138468.91 (feasible=YES) bestThisIter=140407.34 feasibleAnts=9 noImprove=17 (elapsed 62.0325s)
[ITER 270] bestGlobalCost=138468.91 (feasible=YES) bestThisIter=138850.14 feasibleAnts=12 noImprove=27 (elapsed 64.4163s)
[ITER 280] bestGlobalCost=138468.91 (feasible=YES) bestThisIter=139583.99 feasibleAnts=14 noImprove=37 (elapsed 67.1237s)
[ITER 290] bestGlobalCost=138468.91 (feasible=YES) bestThisIter=142252.31 feasibleAnts=11 noImprove=47 (elapsed 70.045s)
[RESET] no improvement for50-> reset pheromones
[ITER 300] bestGlobalCost=138468.91 (feasible=YES) bestThisIter=138450.90 feasibleAnts=9 noImprove=7 (elapsed 72.5237s)
[ITER 310] bestGlobalCost=138468.91 (feasible=YES) bestThisIter=139167.27 feasibleAnts=11 noImprove=17 (elapsed 74.8086s)
[ITER 320] bestGlobalCost=138468.91 (feasible=YES) bestThisIter=138962.28 feasibleAnts=10 noImprove=27 (elapsed 77.1363s)
[ITER 330] bestGlobalCost=138468.91 (feasible=YES) bestThisIter=140317.11 feasibleAnts=15 noImprove=37 (elapsed 79.3489s)
[ITER 340] bestGlobalCost=138468.91 (feasible=YES) bestThisIter=141315.50 feasibleAnts=12 noImprove=47 (elapsed 81.8662s)
[RESET] no improvement for50-> reset pheromones
[ITER 350] bestGlobalCost=138468.91 (feasible=YES) bestThisIter=138766.83 feasibleAnts=13 noImprove=7 (elapsed 84.9561s)
[ITER 360] bestGlobalCost=138468.91 (feasible=YES) bestThisIter=138697.58 feasibleAnts=12 noImprove=17 (elapsed 87.5118s)
[ITER 370] bestGlobalCost=138468.91 (feasible=YES) bestThisIter=139534.88 feasibleAnts=13 noImprove=27 (elapsed 89.8037s)
[ITER 380] bestGlobalCost=138468.91 (feasible=YES) bestThisIter=138570.47 feasibleAnts=11 noImprove=37 (elapsed 92.2159s)
[ITER 390] bestGlobalCost=138468.91 (feasible=YES) bestThisIter=139723.65 feasibleAnts=13 noImprove=47 (elapsed 94.7566s)
[RESET] no improvement for50-> reset pheromones
[ITER 400] bestGlobalCost=138468.91 (feasible=YES) bestThisIter=139574.66 feasibleAnts=12 noImprove=7 (elapsed 97.8621s)
[ITER 410] bestGlobalCost=138468.91 (feasible=YES) bestThisIter=138629.37 feasibleAnts=9 noImprove=17 (elapsed 100.205s)
[ITER 420] bestGlobalCost=138468.91 (feasible=YES) bestThisIter=139684.00 feasibleAnts=10 noImprove=27 (elapsed 102.554s)
[ITER 430] bestGlobalCost=138468.91 (feasible=YES) bestThisIter=138570.47 feasibleAnts=10 noImprove=37 (elapsed 104.976s)
[ITER 440] bestGlobalCost=138468.91 (feasible=YES) bestThisIter=140338.67 feasibleAnts=13 noImprove=47 (elapsed 107.443s)
[RESET] no improvement for50-> reset pheromones
[ITER 450] bestGlobalCost=138468.91 (feasible=YES) bestThisIter=138615.89 feasibleAnts=10 noImprove=7 (elapsed 109.966s)
[ITER 460] bestGlobalCost=138468.91 (feasible=YES) bestThisIter=140670.81 feasibleAnts=13 noImprove=17 (elapsed 112.3s)
[ITER 470] bestGlobalCost=138468.91 (feasible=YES) bestThisIter=139383.99 feasibleAnts=12 noImprove=27 (elapsed 114.65s)
[ITER 480] bestGlobalCost=138468.91 (feasible=YES) bestThisIter=139460.45 feasibleAnts=12 noImprove=37 (elapsed 117.117s)
[ITER 490] bestGlobalCost=138468.91 (feasible=YES) bestThisIter=140723.72 feasibleAnts=14 noImprove=47 (elapsed 120.019s)
[RESET] no improvement for50-> reset pheromones
[ITER 500] bestGlobalCost=138468.91 (feasible=YES) bestThisIter=138680.46 feasibleAnts=10 noImprove=7 (elapsed 122.824s)
[ITER 510] bestGlobalCost=138468.91 (feasible=YES) bestThisIter=138762.15 feasibleAnts=11 noImprove=17 (elapsed 125.146s)
[ITER 520] bestGlobalCost=138468.91 (feasible=YES) bestThisIter=138680.46 feasibleAnts=11 noImprove=27 (elapsed 127.567s)
[ITER 530] bestGlobalCost=138468.91 (feasible=YES) bestThisIter=138518.12 feasibleAnts=11 noImprove=37 (elapsed 129.936s)
[ITER 540] bestGlobalCost=138468.91 (feasible=YES) bestThisIter=140364.30 feasibleAnts=14 noImprove=47 (elapsed 132.775s)
[RESET] no improvement for50-> reset pheromones
[ITER 550] bestGlobalCost=138468.91 (feasible=YES) bestThisIter=139425.42 feasibleAnts=10 noImprove=7 (elapsed 136.029s)
[ITER 560] bestGlobalCost=138468.91 (feasible=YES) bestThisIter=139402.08 feasibleAnts=11 noImprove=17 (elapsed 138.77s)
[ITER 570] bestGlobalCost=138468.91 (feasible=YES) bestThisIter=140106.55 feasibleAnts=10 noImprove=27 (elapsed 141.029s)
[ITER 580] bestGlobalCost=138468.91 (feasible=YES) bestThisIter=139527.14 feasibleAnts=13 noImprove=37 (elapsed 143.476s)
[ITER 590] bestGlobalCost=138468.91 (feasible=YES) bestThisIter=141526.69 feasibleAnts=14 noImprove=47 (elapsed 145.913s)
[RESET] no improvement for50-> reset pheromones
[ITER 600] bestGlobalCost=138468.91 (feasible=YES) bestThisIter=139396.83 feasibleAnts=10 noImprove=7 (elapsed 148.408s)
[ITER 610] bestGlobalCost=138468.91 (feasible=YES) bestThisIter=138962.28 feasibleAnts=10 noImprove=17 (elapsed 150.659s)
[ITER 620] bestGlobalCost=138468.91 (feasible=YES) bestThisIter=140470.04 feasibleAnts=10 noImprove=27 (elapsed 152.875s)
[ITER 630] bestGlobalCost=138468.91 (feasible=YES) bestThisIter=139166.46 feasibleAnts=15 noImprove=37 (elapsed 155.699s)
[ITER 640] bestGlobalCost=138468.91 (feasible=YES) bestThisIter=140648.80 feasibleAnts=11 noImprove=47 (elapsed 158.512s)
[RESET] no improvement for50-> reset pheromones
[ITER 650] bestGlobalCost=138468.91 (feasible=YES) bestThisIter=139052.59 feasibleAnts=9 noImprove=7 (elapsed 160.815s)
[ITER 660] bestGlobalCost=138468.91 (feasible=YES) bestThisIter=139454.16 feasibleAnts=10 noImprove=17 (elapsed 163.141s)
[ITER 670] bestGlobalCost=138468.91 (feasible=YES) bestThisIter=139601.55 feasibleAnts=9 noImprove=27 (elapsed 165.371s)
[ITER 680] bestGlobalCost=138468.91 (feasible=YES) bestThisIter=140256.59 feasibleAnts=15 noImprove=37 (elapsed 167.674s)
[ITER 690] bestGlobalCost=138468.91 (feasible=YES) bestThisIter=139032.03 feasibleAnts=13 noImprove=47 (elapsed 169.983s)
[RESET] no improvement for50-> reset pheromones
[ITER 700] bestGlobalCost=138468.91 (feasible=YES) bestThisIter=139546.29 feasibleAnts=8 noImprove=7 (elapsed 172.292s)
[ITER 710] bestGlobalCost=138468.91 (feasible=YES) bestThisIter=139844.17 feasibleAnts=6 noImprove=17 (elapsed 174.45s)
[ITER 720] bestGlobalCost=138468.91 (feasible=YES) bestThisIter=140961.88 feasibleAnts=12 noImprove=27 (elapsed 176.684s)
[ITER 730] bestGlobalCost=138468.91 (feasible=YES) bestThisIter=140525.52 feasibleAnts=13 noImprove=37 (elapsed 179.075s)
[ITER 740] bestGlobalCost=138468.91 (feasible=YES) bestThisIter=138697.58 feasibleAnts=11 noImprove=47 (elapsed 181.465s)
[RESET] no improvement for50-> reset pheromones
[ITER 750] bestGlobalCost=138468.91 (feasible=YES) bestThisIter=139643.42 feasibleAnts=7 noImprove=7 (elapsed 183.853s)
[ITER 760] bestGlobalCost=138468.91 (feasible=YES) bestThisIter=139731.80 feasibleAnts=11 noImprove=17 (elapsed 186.023s)
[ITER 770] bestGlobalCost=138468.91 (feasible=YES) bestThisIter=138762.15 feasibleAnts=8 noImprove=27 (elapsed 188.368s)
[ITER 780] bestGlobalCost=138468.91 (feasible=YES) bestThisIter=140116.84 feasibleAnts=11 noImprove=37 (elapsed 190.64s)
[ITER 790] bestGlobalCost=138468.91 (feasible=YES) bestThisIter=140216.67 feasibleAnts=11 noImprove=47 (elapsed 192.953s)
[RESET] no improvement for50-> reset pheromones
[ITER 800] bestGlobalCost=138468.91 (feasible=YES) bestThisIter=139708.10 feasibleAnts=10 noImprove=7 (elapsed 195.218s)
[ITER 810] bestGlobalCost=138468.91 (feasible=YES) bestThisIter=140230.03 feasibleAnts=9 noImprove=17 (elapsed 197.395s)
[ITER 820] bestGlobalCost=138468.91 (feasible=YES) bestThisIter=141070.32 feasibleAnts=14 noImprove=27 (elapsed 199.714s)
[ITER 830] bestGlobalCost=138468.91 (feasible=YES) bestThisIter=139416.06 feasibleAnts=12 noImprove=37 (elapsed 202.134s)
[ITER 840] bestGlobalCost=138468.91 (feasible=YES) bestThisIter=141790.61 feasibleAnts=14 noImprove=47 (elapsed 205.211s)
[RESET] no improvement for50-> reset pheromones
[ITER 850] bestGlobalCost=138468.91 (feasible=YES) bestThisIter=139402.61 feasibleAnts=10 noImprove=7 (elapsed 207.73s)
[ITER 860] bestGlobalCost=138468.91 (feasible=YES) bestThisIter=139097.59 feasibleAnts=11 noImprove=17 (elapsed 209.904s)
[ITER 870] bestGlobalCost=138468.91 (feasible=YES) bestThisIter=140302.04 feasibleAnts=15 noImprove=27 (elapsed 212.103s)
[ITER 880] bestGlobalCost=138468.91 (feasible=YES) bestThisIter=139285.13 feasibleAnts=12 noImprove=37 (elapsed 214.38s)
[ITER 890] bestGlobalCost=138468.91 (feasible=YES) bestThisIter=139508.06 feasibleAnts=14 noImprove=47 (elapsed 216.647s)
[RESET] no improvement for50-> reset pheromones
[ITER 900] bestGlobalCost=138468.91 (feasible=YES) bestThisIter=138702.26 feasibleAnts=11 noImprove=7 (elapsed 219.309s)
[ITER 910] bestGlobalCost=138468.91 (feasible=YES) bestThisIter=138575.61 feasibleAnts=10 noImprove=17 (elapsed 222.102s)
[ITER 920] bestGlobalCost=138468.91 (feasible=YES) bestThisIter=140150.08 feasibleAnts=12 noImprove=27 (elapsed 224.441s)
[ITER 930] bestGlobalCost=138468.91 (feasible=YES) bestThisIter=140270.82 feasibleAnts=11 noImprove=37 (elapsed 226.9s)
[ITER 940] bestGlobalCost=138468.91 (feasible=YES) bestThisIter=140106.35 feasibleAnts=14 noImprove=47 (elapsed 229.25s)
[RESET] no improvement for50-> reset pheromones
[ITER 950] bestGlobalCost=138468.91 (feasible=YES) bestThisIter=140067.62 feasibleAnts=11 noImprove=7 (elapsed 232.152s)
[ITER 960] bestGlobalCost=138468.91 (feasible=YES) bestThisIter=138766.83 feasibleAnts=9 noImprove=17 (elapsed 234.725s)
[ITER 970] bestGlobalCost=138468.91 (feasible=YES) bestThisIter=139434.81 feasibleAnts=10 noImprove=27 (elapsed 236.958s)
[ITER 980] bestGlobalCost=138468.91 (feasible=YES) bestThisIter=139087.48 feasibleAnts=12 noImprove=37 (elapsed 239.203s)
[ITER 990] bestGlobalCost=138468.91 (feasible=YES) bestThisIter=139904.98 feasibleAnts=12 noImprove=47 (elapsed 241.495s)
[RESET] no improvement for50-> reset pheromones
[ITER 1000] bestGlobalCost=138468.91 (feasible=YES) bestThisIter=140729.08 feasibleAnts=12 noImprove=7 (elapsed 243.795s)
[ITER 1010] bestGlobalCost=138468.91 (feasible=YES) bestThisIter=138695.18 feasibleAnts=11 noImprove=17 (elapsed 246.008s)
[ITER 1020] bestGlobalCost=138468.91 (feasible=YES) bestThisIter=138491.79 feasibleAnts=10 noImprove=27 (elapsed 248.295s)
[ITER 1030] bestGlobalCost=138468.91 (feasible=YES) bestThisIter=138629.37 feasibleAnts=11 noImprove=37 (elapsed 250.888s)
[ITER 1040] bestGlobalCost=138468.91 (feasible=YES) bestThisIter=140663.21 feasibleAnts=11 noImprove=47 (elapsed 253.943s)
[RESET] no improvement for50-> reset pheromones
[ITER 1050] bestGlobalCost=138468.91 (feasible=YES) bestThisIter=139383.21 feasibleAnts=13 noImprove=7 (elapsed 256.68s)
[ITER 1060] bestGlobalCost=138468.91 (feasible=YES) bestThisIter=139522.60 feasibleAnts=10 noImprove=17 (elapsed 259.516s)
[ITER 1070] bestGlobalCost=138468.91 (feasible=YES) bestThisIter=139225.87 feasibleAnts=14 noImprove=27 (elapsed 262.327s)
[ITER 1080] bestGlobalCost=138468.91 (feasible=YES) bestThisIter=139321.11 feasibleAnts=10 noImprove=37 (elapsed 264.567s)
[ITER 1090] bestGlobalCost=138468.91 (feasible=YES) bestThisIter=140446.25 feasibleAnts=14 noImprove=47 (elapsed 266.862s)
[RESET] no improvement for50-> reset pheromones
[ITER 1100] bestGlobalCost=138468.91 (feasible=YES) bestThisIter=138652.02 feasibleAnts=10 noImprove=7 (elapsed 269.231s)
[ITER 1110] bestGlobalCost=138468.91 (feasible=YES) bestThisIter=139384.86 feasibleAnts=12 noImprove=17 (elapsed 271.387s)
[ITER 1120] bestGlobalCost=138468.91 (feasible=YES) bestThisIter=140543.87 feasibleAnts=13 noImprove=27 (elapsed 273.637s)
[ITER 1130] bestGlobalCost=138468.91 (feasible=YES) bestThisIter=139802.83 feasibleAnts=13 noImprove=37 (elapsed 275.831s)
[ITER 1140] bestGlobalCost=138468.91 (feasible=YES) bestThisIter=138652.02 feasibleAnts=12 noImprove=47 (elapsed 278.141s)
[RESET] no improvement for50-> reset pheromones
[ITER 1150] bestGlobalCost=138468.91 (feasible=YES) bestThisIter=138967.46 feasibleAnts=11 noImprove=7 (elapsed 280.539s)
[ITER 1160] bestGlobalCost=138468.91 (feasible=YES) bestThisIter=139645.90 feasibleAnts=12 noImprove=17 (elapsed 282.826s)
[ITER 1170] bestGlobalCost=138468.91 (feasible=YES) bestThisIter=138418.14 feasibleAnts=11 noImprove=27 (elapsed 285.334s)
[ITER 1180] bestGlobalCost=138468.91 (feasible=YES) bestThisIter=138759.75 feasibleAnts=11 noImprove=37 (elapsed 287.519s)
[ITER 1190] bestGlobalCost=138468.91 (feasible=YES) bestThisIter=139022.42 feasibleAnts=11 noImprove=47 (elapsed 289.94s)
[RESET] no improvement for50-> reset pheromones
[ITER 1200] bestGlobalCost=138468.91 (feasible=YES) bestThisIter=138759.75 feasibleAnts=13 noImprove=7 (elapsed 292.218s)
[ITER 1210] bestGlobalCost=138468.91 (feasible=YES) bestThisIter=139703.87 feasibleAnts=11 noImprove=17 (elapsed 294.355s)
[ITER 1220] bestGlobalCost=138468.91 (feasible=YES) bestThisIter=138754.38 feasibleAnts=14 noImprove=27 (elapsed 296.609s)
[ITER 1230] bestGlobalCost=138468.91 (feasible=YES) bestThisIter=139052.30 feasibleAnts=10 noImprove=37 (elapsed 298.839s)
5 10 11 12 13 14 15 16 17 18 19 20 21 22 23 24 34 36 37 40 203 
139 140 141 142 143 144 145 146 148 149 150 151 152 153 154 155 156 157 159 160 201 
122 123 124 125 126 147 168 169 170 171 172 173 174 176 177 178 179 180 181 182 212 214 
80 81 82 83 84 85 86 87 88 89 90 91 92 93 94 95 96 97 99 130 131 209 210 221 
53 55 66 67 69 70 71 72 73 74 100 101 102 103 104 105 106 107 108 109 220 
25 26 28 29 30 31 32 33 35 39 75 76 77 78 79 98 202 204 206 208 216 217 219 
60 61 62 63 64 65 110 111 112 113 114 115 116 117 118 119 120 121 175 184 185 186 187 188 223 
127 128 129 132 134 135 136 137 138 158 161 162 163 164 165 166 167 183 211 213 215 222 
1 3 4 6 7 8 9 38 41 42 43 44 45 46 48 191 194 195 197 198 200 218 
2 27 47 49 50 51 52 54 56 57 58 59 68 133 189 190 192 193 196 199 205 207 224 225 
[SAVELOGS] evolution saved to results/logs/aco_logs/evolution/tsp225_10_3.txt
[SAVELOGS] best cost saved to results/logs/aco_logs/objectives/tsp225_10_3.txt
[SAVELOGS] best solution saved to results/logs/aco_logs/solutions/tsp225_10_3.txt
