[ITER 1] New best cost=163572.43 (feasible=YES, time 0.103874s)
[ITER 3] New best cost=146642.47 (feasible=YES, time 0.282834s)
[ITER 10] bestGlobalCost=146642.47 (feasible=YES) bestThisIter=164724.84 feasibleAnts=10 noImprove=7 (elapsed 0.963703s)
[ITER 15] New best cost=142882.06 (feasible=YES, time 2.02346s)
[ITER 15] New best cost=141981.78 (feasible=YES, time 3.01835s)
[ITER 15] New best cost=135428.15 (feasible=YES, time 3.49335s)
[ITER 20] bestGlobalCost=135428.15 (feasible=YES) bestThisIter=135702.16 feasibleAnts=10 noImprove=5 (elapsed 4.18062s)
[ITER 30] bestGlobalCost=135428.15 (feasible=YES) bestThisIter=149460.72 feasibleAnts=10 noImprove=15 (elapsed 6.94788s)
[ITER 40] bestGlobalCost=135428.15 (feasible=YES) bestThisIter=155367.70 feasibleAnts=10 noImprove=25 (elapsed 7.84376s)
[RESET] no improvement for30-> reset pheromones
[ITER 50] bestGlobalCost=135428.15 (feasible=YES) bestThisIter=162506.79 feasibleAnts=10 noImprove=5 (elapsed 11.4321s)
[ITER 60] bestGlobalCost=135428.15 (feasible=YES) bestThisIter=156854.84 feasibleAnts=10 noImprove=15 (elapsed 14.9452s)
[ITER 70] bestGlobalCost=135428.15 (feasible=YES) bestThisIter=150729.07 feasibleAnts=10 noImprove=25 (elapsed 15.9543s)
[RESET] no improvement for30-> reset pheromones
[ITER 80] bestGlobalCost=135428.15 (feasible=YES) bestThisIter=158083.85 feasibleAnts=10 noImprove=5 (elapsed 19.4471s)
[ITER 90] bestGlobalCost=135428.15 (feasible=YES) bestThisIter=159982.42 feasibleAnts=10 noImprove=15 (elapsed 22.5948s)
[ITER 100] bestGlobalCost=135428.15 (feasible=YES) bestThisIter=158854.43 feasibleAnts=10 noImprove=25 (elapsed 23.5466s)
[RESET] no improvement for30-> reset pheromones
[ITER 110] bestGlobalCost=135428.15 (feasible=YES) bestThisIter=170297.19 feasibleAnts=10 noImprove=5 (elapsed 27.0963s)
[ITER 120] bestGlobalCost=135428.15 (feasible=YES) bestThisIter=160255.45 feasibleAnts=10 noImprove=15 (elapsed 30.3076s)
[ITER 130] bestGlobalCost=135428.15 (feasible=YES) bestThisIter=155735.40 feasibleAnts=10 noImprove=25 (elapsed 31.1996s)
[ITER 135] New best cost=134689.07 (feasible=YES, time 33.1329s)
[ITER 140] bestGlobalCost=134689.07 (feasible=YES) bestThisIter=134689.07 feasibleAnts=10 noImprove=5 (elapsed 34.4557s)
[ITER 150] bestGlobalCost=134689.07 (feasible=YES) bestThisIter=151636.65 feasibleAnts=10 noImprove=15 (elapsed 37.3901s)
[ITER 160] bestGlobalCost=134689.07 (feasible=YES) bestThisIter=158214.35 feasibleAnts=10 noImprove=25 (elapsed 38.2212s)
[RESET] no improvement for30-> reset pheromones
[ITER 170] bestGlobalCost=134689.07 (feasible=YES) bestThisIter=167515.49 feasibleAnts=10 noImprove=5 (elapsed 41.5215s)
[ITER 180] bestGlobalCost=134689.07 (feasible=YES) bestThisIter=160951.72 feasibleAnts=10 noImprove=15 (elapsed 44.9013s)
[ITER 190] bestGlobalCost=134689.07 (feasible=YES) bestThisIter=159904.15 feasibleAnts=10 noImprove=25 (elapsed 45.7789s)
[RESET] no improvement for30-> reset pheromones
[ITER 200] bestGlobalCost=134689.07 (feasible=YES) bestThisIter=162291.63 feasibleAnts=10 noImprove=5 (elapsed 49.0404s)
[ITER 210] bestGlobalCost=134689.07 (feasible=YES) bestThisIter=154697.09 feasibleAnts=10 noImprove=15 (elapsed 52.6891s)
[ITER 220] bestGlobalCost=134689.07 (feasible=YES) bestThisIter=154502.15 feasibleAnts=10 noImprove=25 (elapsed 53.649s)
[RESET] no improvement for30-> reset pheromones
[ITER 230] bestGlobalCost=134689.07 (feasible=YES) bestThisIter=162543.23 feasibleAnts=10 noImprove=5 (elapsed 57.296s)
[ITER 240] bestGlobalCost=134689.07 (feasible=YES) bestThisIter=160489.81 feasibleAnts=10 noImprove=15 (elapsed 60.723s)
56 99 101 102 103 
28 37 39 42 43 46 
45 50 51 52 53 54 
61 62 70 74 75 76 
23 25 26 27 29 30 34 
31 32 33 35 36 40 
60 78 79 80 81 
58 59 84 86 87 
12 13 14 15 16 
7 8 9 10 11 
77 82 83 85 
17 18 19 20 21 22 24 
68 69 71 72 73 
38 41 44 47 48 49 
89 90 91 92 93 
88 94 95 96 
55 104 105 106 107 
57 97 98 100 
63 64 65 66 67 
1 2 3 4 5 6 
[SAVELOGS] evolution saved to results/logs/pr107_20_2/evolution/pr107_20_2
[SAVELOGS] best cost saved to results/logs/pr107_20_2/objectives/pr107_20_2
[SAVELOGS] best solution saved to results/logs/pr107_20_2/solutions/pr107_20_2
