[ITER 1] New best cost=383431.27 (feasible=YES, time 0.511857s)
[ITER 2] New best cost=357967.55 (feasible=YES, time 0.851207s)
[ITER 3] New best cost=346535.00 (feasible=YES, time 1.11754s)
[ITER 4] New best cost=338914.99 (feasible=YES, time 1.48934s)
[ITER 9] New best cost=338847.15 (feasible=YES, time 3.34787s)
[ITER 10] bestGlobalCost=338847.15 (feasible=YES) bestThisIter=342207.33 feasibleAnts=10 noImprove=1 (elapsed 3.62755s)
[ITER 14] New best cost=336220.81 (feasible=YES, time 4.56686s)
[ITER 15] New best cost=327361.89 (feasible=YES, time 6.8246s)
[ITER 15] New best cost=327057.62 (feasible=YES, time 9.16966s)
[ITER 18] New best cost=325132.39 (feasible=YES, time 15.8757s)
[ITER 20] bestGlobalCost=325132.39 (feasible=YES) bestThisIter=331698.15 feasibleAnts=10 noImprove=2 (elapsed 16.4172s)
[ITER 29] New best cost=325062.91 (feasible=YES, time 18.5496s)
[ITER 30] New best cost=320872.62 (feasible=YES, time 21.049s)
[ITER 30] New best cost=317092.49 (feasible=YES, time 25.2502s)
[ITER 30] bestGlobalCost=317092.49 (feasible=YES) bestThisIter=325132.39 feasibleAnts=17 noImprove=0 (elapsed 29.6208s)
[ITER 40] bestGlobalCost=317092.49 (feasible=YES) bestThisIter=323111.02 feasibleAnts=10 noImprove=10 (elapsed 32.2706s)
[ITER 45] New best cost=313246.99 (feasible=YES, time 38.4883s)
[ITER 50] bestGlobalCost=313246.99 (feasible=YES) bestThisIter=313246.99 feasibleAnts=9 noImprove=5 (elapsed 46.0058s)
[ITER 60] New best cost=313190.19 (feasible=YES, time 52.7378s)
[ITER 60] bestGlobalCost=313190.19 (feasible=YES) bestThisIter=339485.37 feasibleAnts=10 noImprove=0 (elapsed 59.2983s)
[ITER 63] New best cost=311821.80 (feasible=YES, time 59.995s)
3 4 12 41 59 73 77 115 118 140 
11 37 48 52 84 87 96 103 128 150 
7 9 26 29 51 61 78 82 117 142 
8 17 25 34 58 90 98 108 109 114 145 
31 42 55 60 64 80 104 107 134 147 
2 21 23 30 35 68 89 102 111 122 
33 36 57 69 74 81 92 97 136 144 
10 14 19 45 93 100 105 116 141 143 
28 38 39 56 71 88 101 113 126 148 
6 22 47 54 65 75 83 106 112 138 149 
1 13 15 20 27 67 79 85 110 130 
16 44 63 66 99 120 127 135 146 
18 24 32 40 46 49 53 125 132 137 
62 70 76 91 95 119 121 131 139 
5 43 50 72 86 94 123 124 129 133 
[SAVELOGS] evolution saved to results/logs/kroB150_15_5/evolution/kroB150_15_5
[SAVELOGS] best cost saved to results/logs/kroB150_15_5/objectives/kroB150_15_5
[SAVELOGS] best solution saved to results/logs/kroB150_15_5/solutions/kroB150_15_5
