[ITER 1] New best cost=367074.03 (feasible=YES, time 0.556827s)
[ITER 2] New best cost=345602.30 (feasible=YES, time 0.983468s)
[ITER 3] New best cost=339169.28 (feasible=YES, time 1.38573s)
[ITER 10] bestGlobalCost=339169.28 (feasible=YES) bestThisIter=340521.23 feasibleAnts=10 noImprove=7 (elapsed 3.92793s)
[ITER 14] New best cost=330084.71 (feasible=YES, time 5.34494s)
[ITER 15] New best cost=322164.95 (feasible=YES, time 7.87072s)
[ITER 15] New best cost=319313.26 (feasible=YES, time 10.2057s)
[ITER 15] New best cost=315550.63 (feasible=YES, time 12.0813s)
[ITER 20] New best cost=315227.04 (feasible=YES, time 17.745s)
[ITER 20] bestGlobalCost=315227.04 (feasible=YES) bestThisIter=315227.04 feasibleAnts=10 noImprove=0 (elapsed 17.7489s)
[ITER 30] New best cost=312322.61 (feasible=YES, time 24.2938s)
[ITER 30] bestGlobalCost=312322.61 (feasible=YES) bestThisIter=364433.16 feasibleAnts=10 noImprove=0 (elapsed 30.3007s)
[ITER 40] bestGlobalCost=312322.61 (feasible=YES) bestThisIter=346117.89 feasibleAnts=10 noImprove=10 (elapsed 33.0108s)
[ITER 50] bestGlobalCost=312322.61 (feasible=YES) bestThisIter=352742.17 feasibleAnts=10 noImprove=20 (elapsed 46.5619s)
[ITER 60] bestGlobalCost=312322.61 (feasible=YES) bestThisIter=346750.94 feasibleAnts=10 noImprove=30 (elapsed 60.6299s)
[RESET] no improvement for30-> reset pheromones
9 18 24 26 32 61 78 132 137 142 
1 12 15 29 40 46 49 53 117 125 
4 27 30 60 77 79 115 130 140 147 
2 21 23 35 68 80 102 129 131 139 
5 43 50 72 86 119 123 124 126 133 
8 13 20 42 55 64 67 85 107 110 
17 25 34 58 90 98 106 109 114 145 
28 38 39 56 71 75 88 101 108 113 148 
62 70 76 83 91 94 95 111 121 
7 16 37 44 51 63 82 120 127 146 
3 14 41 59 69 73 89 118 122 
33 36 57 74 81 93 97 100 136 144 
11 48 52 84 87 96 103 128 135 150 
6 22 31 47 54 65 104 112 134 138 149 
10 19 45 66 92 99 105 116 141 143 
[SAVELOGS] evolution saved to results/logs/kroB150_15_5/evolution/kroB150_15_5
[SAVELOGS] best cost saved to results/logs/kroB150_15_5/objectives/kroB150_15_5
[SAVELOGS] best solution saved to results/logs/kroB150_15_5/solutions/kroB150_15_5
