[ITER 1] New best cost=2230825.71 (feasible=YES, time 1.73776s)
[ITER 4] New best cost=2184664.72 (feasible=YES, time 3.63689s)
[ITER 6] New best cost=2173716.05 (feasible=YES, time 4.57244s)
[ITER 8] New best cost=2167274.14 (feasible=YES, time 5.37384s)
[ITER 9] New best cost=2147270.22 (feasible=YES, time 5.86934s)
[ITER 10] New best cost=2143916.89 (feasible=YES, time 8.11691s)
[ITER 10] bestGlobalCost=2143916.89 (feasible=YES) bestThisIter=2143916.89 feasibleAnts=5 noImprove=0 (elapsed 8.12167s)
[ITER 12] New best cost=2134271.86 (feasible=YES, time 9.41676s)
[ITER 20] bestGlobalCost=2134271.86 (feasible=YES) bestThisIter=2164482.69 feasibleAnts=5 noImprove=8 (elapsed 16.2503s)
[ITER 30] bestGlobalCost=2134271.86 (feasible=YES) bestThisIter=2187097.45 feasibleAnts=5 noImprove=18 (elapsed 25.8243s)
[ITER 40] bestGlobalCost=2134271.86 (feasible=YES) bestThisIter=2196328.42 feasibleAnts=5 noImprove=28 (elapsed 37.7651s)
[ITER 45] New best cost=2127962.97 (feasible=YES, time 43.268s)
[ITER 46] New best cost=2118545.59 (feasible=YES, time 43.8543s)
[ITER 50] bestGlobalCost=2118545.59 (feasible=YES) bestThisIter=2118545.59 feasibleAnts=5 noImprove=4 (elapsed 47.9833s)
[ITER 51] New best cost=2104813.74 (feasible=YES, time 48.4131s)
[ITER 60] bestGlobalCost=2104813.74 (feasible=YES) bestThisIter=2176083.13 feasibleAnts=5 noImprove=9 (elapsed 56.9105s)
[ITER 70] bestGlobalCost=2104813.74 (feasible=YES) bestThisIter=2181741.45 feasibleAnts=5 noImprove=19 (elapsed 68.3266s)
[ITER 80] bestGlobalCost=2104813.74 (feasible=YES) bestThisIter=2178647.32 feasibleAnts=5 noImprove=29 (elapsed 77.9548s)
[ITER 90] bestGlobalCost=2104813.74 (feasible=YES) bestThisIter=2221546.17 feasibleAnts=5 noImprove=39 (elapsed 86.7364s)
[ITER 100] bestGlobalCost=2104813.74 (feasible=YES) bestThisIter=2174865.64 feasibleAnts=5 noImprove=49 (elapsed 96.433s)
[RESET] no improvement for50-> reset pheromones
[ITER 110] bestGlobalCost=2104813.74 (feasible=YES) bestThisIter=2131386.04 feasibleAnts=5 noImprove=9 (elapsed 104.787s)
[ITER 120] bestGlobalCost=2104813.74 (feasible=YES) bestThisIter=2150719.38 feasibleAnts=5 noImprove=19 (elapsed 114.627s)
[ITER 130] bestGlobalCost=2104813.74 (feasible=YES) bestThisIter=2118588.00 feasibleAnts=5 noImprove=29 (elapsed 124.149s)
[ITER 140] bestGlobalCost=2104813.74 (feasible=YES) bestThisIter=2170527.73 feasibleAnts=5 noImprove=39 (elapsed 132.737s)
[ITER 150] bestGlobalCost=2104813.74 (feasible=YES) bestThisIter=2249069.83 feasibleAnts=5 noImprove=49 (elapsed 142.608s)
[RESET] no improvement for50-> reset pheromones
[ITER 160] bestGlobalCost=2104813.74 (feasible=YES) bestThisIter=2154640.32 feasibleAnts=5 noImprove=9 (elapsed 151.618s)
[ITER 170] bestGlobalCost=2104813.74 (feasible=YES) bestThisIter=2188378.55 feasibleAnts=5 noImprove=19 (elapsed 168.556s)
[ITER 180] bestGlobalCost=2104813.74 (feasible=YES) bestThisIter=2169010.40 feasibleAnts=5 noImprove=29 (elapsed 178.976s)
[ITER 190] bestGlobalCost=2104813.74 (feasible=YES) bestThisIter=2148755.15 feasibleAnts=5 noImprove=39 (elapsed 187.231s)
[ITER 200] bestGlobalCost=2104813.74 (feasible=YES) bestThisIter=2117614.87 feasibleAnts=5 noImprove=49 (elapsed 197.636s)
[RESET] no improvement for50-> reset pheromones
[ITER 203] New best cost=2100213.82 (feasible=YES, time 201.712s)
[ITER 207] New best cost=2097145.13 (feasible=YES, time 203.736s)
[ITER 210] bestGlobalCost=2097145.13 (feasible=YES) bestThisIter=2105278.34 feasibleAnts=5 noImprove=3 (elapsed 206.57s)
[ITER 220] bestGlobalCost=2097145.13 (feasible=YES) bestThisIter=2135649.76 feasibleAnts=5 noImprove=13 (elapsed 215.16s)
[ITER 230] bestGlobalCost=2097145.13 (feasible=YES) bestThisIter=2172455.84 feasibleAnts=5 noImprove=23 (elapsed 223.965s)
[ITER 240] bestGlobalCost=2097145.13 (feasible=YES) bestThisIter=2237361.86 feasibleAnts=5 noImprove=33 (elapsed 234.688s)
[ITER 250] bestGlobalCost=2097145.13 (feasible=YES) bestThisIter=2159543.23 feasibleAnts=5 noImprove=43 (elapsed 244.986s)
[RESET] no improvement for50-> reset pheromones
[ITER 260] bestGlobalCost=2097145.13 (feasible=YES) bestThisIter=2103770.74 feasibleAnts=5 noImprove=3 (elapsed 254.788s)
[ITER 270] bestGlobalCost=2097145.13 (feasible=YES) bestThisIter=2165464.83 feasibleAnts=5 noImprove=13 (elapsed 265.216s)
[ITER 280] bestGlobalCost=2097145.13 (feasible=YES) bestThisIter=2176923.32 feasibleAnts=5 noImprove=23 (elapsed 276.357s)
[ITER 290] bestGlobalCost=2097145.13 (feasible=YES) bestThisIter=2180235.38 feasibleAnts=5 noImprove=33 (elapsed 287.108s)
[ITER 300] bestGlobalCost=2097145.13 (feasible=YES) bestThisIter=2219152.86 feasibleAnts=5 noImprove=43 (elapsed 300.379s)
146 149 150 151 152 153 154 155 156 157 158 159 160 162 165 226 227 228 229 230 231 232 233 234 235 236 
143 144 145 147 148 161 163 164 166 167 168 169 170 171 222 223 224 225 237 238 239 240 241 242 244 264 
1 32 33 34 35 36 37 38 39 40 41 42 59 60 61 63 106 110 113 114 115 116 117 119 120 121 
137 138 181 183 184 185 186 187 188 189 191 208 209 210 211 213 250 251 252 253 254 255 256 261 262 263 
43 44 45 46 47 48 49 50 51 52 53 54 55 56 57 58 62 122 123 124 125 126 127 128 129 
16 17 18 23 24 25 26 28 29 30 31 64 65 66 67 69 70 71 72 73 100 101 103 104 105 107 108 111 112 
2 3 4 5 6 7 8 9 13 80 81 82 83 84 85 86 87 88 89 90 91 92 93 94 130 131 
10 11 12 14 15 19 20 21 22 27 68 74 75 76 77 78 79 95 96 97 98 99 102 109 118 132 
139 140 141 142 172 173 174 175 176 177 178 179 180 182 212 214 215 216 217 218 219 220 221 243 245 246 247 248 249 
133 134 135 136 190 192 193 194 195 196 197 198 199 200 201 202 203 204 205 206 207 257 258 259 260 
[SAVELOGS] evolution saved to results/logs/aco_logs/evolution/pr264_10_4.txt
[SAVELOGS] best cost saved to results/logs/aco_logs/objectives/pr264_10_4.txt
[SAVELOGS] best solution saved to results/logs/aco_logs/solutions/pr264_10_4.txt
