[ITER 1] New best cost=145472.93 (feasible=YES, time 1.88626s)
[ITER 2] New best cost=142634.68 (feasible=YES, time 3.82654s)
[ITER 4] New best cost=141861.62 (feasible=YES, time 7.20363s)
[ITER 10] bestGlobalCost=141861.62 (feasible=YES) bestThisIter=141861.62 feasibleAnts=11 noImprove=6 (elapsed 18.8049s)
[ITER 20] [TS] New best cost=141619.35 (feasible=YES, time 34.8948s)
[ITER 20] bestGlobalCost=141619.35 (feasible=YES) bestThisIter=141619.35 feasibleAnts=10 noImprove=1 (elapsed 37.0748s)
[ITER 22] New best cost=141303.24 (feasible=YES, time 40.3465s)
[ITER 30] bestGlobalCost=141303.24 (feasible=YES) bestThisIter=142531.53 feasibleAnts=10 noImprove=8 (elapsed 55.9131s)
[ITER 40] bestGlobalCost=141303.24 (feasible=YES) bestThisIter=141924.09 feasibleAnts=10 noImprove=18 (elapsed 75.6433s)
[ITER 50] bestGlobalCost=141303.24 (feasible=YES) bestThisIter=141303.24 feasibleAnts=10 noImprove=28 (elapsed 96.9134s)
[RESET] no improvement for30-> reset pheromones
[ITER 60] bestGlobalCost=141303.24 (feasible=YES) bestThisIter=141303.24 feasibleAnts=10 noImprove=8 (elapsed 120.308s)
[ITER 70] bestGlobalCost=141303.24 (feasible=YES) bestThisIter=141303.24 feasibleAnts=11 noImprove=18 (elapsed 143.895s)
[ITER 80] bestGlobalCost=141303.24 (feasible=YES) bestThisIter=141303.24 feasibleAnts=10 noImprove=28 (elapsed 164.869s)
[RESET] no improvement for30-> reset pheromones
[ITER 90] bestGlobalCost=141303.24 (feasible=YES) bestThisIter=141303.24 feasibleAnts=10 noImprove=8 (elapsed 187.836s)
[ITER 100] bestGlobalCost=141303.24 (feasible=YES) bestThisIter=142024.82 feasibleAnts=10 noImprove=18 (elapsed 209.67s)
[ITER 110] bestGlobalCost=141303.24 (feasible=YES) bestThisIter=141303.24 feasibleAnts=10 noImprove=28 (elapsed 231.635s)
[RESET] no improvement for30-> reset pheromones
[ITER 120] bestGlobalCost=141303.24 (feasible=YES) bestThisIter=141303.24 feasibleAnts=10 noImprove=8 (elapsed 254.554s)
[ITER 130] bestGlobalCost=141303.24 (feasible=YES) bestThisIter=142451.34 feasibleAnts=10 noImprove=18 (elapsed 276.81s)
[ITER 140] bestGlobalCost=141303.24 (feasible=YES) bestThisIter=141303.24 feasibleAnts=10 noImprove=28 (elapsed 299.081s)
28 29 30 31 32 33 34 35 36 73 74 75 76 77 96 97 202 204 206 216 217 219 
2 27 47 49 50 51 53 54 57 58 59 133 189 190 191 192 199 205 207 218 224 225 
109 111 122 123 124 125 150 169 170 171 172 173 174 176 177 178 179 180 181 182 184 
78 79 80 81 82 83 84 85 86 87 89 91 92 94 95 98 100 130 209 210 211 221 
9 11 12 13 14 15 16 17 18 19 20 21 22 23 24 25 26 37 38 39 203 208 
140 141 142 143 144 145 146 147 148 149 151 152 153 154 155 156 157 160 161 167 168 201 212 214 
60 61 62 63 64 66 108 110 112 113 114 115 116 117 118 119 120 121 175 185 186 187 188 223 
1 3 4 5 6 7 8 10 40 41 42 43 44 45 46 48 193 194 195 196 197 198 200 
127 128 129 131 132 134 135 136 137 138 139 158 159 162 163 164 165 166 183 213 215 222 
52 55 56 65 67 68 69 70 71 72 88 90 93 99 101 102 103 104 105 106 107 126 220 
[SAVELOGS] evolution saved to results/logs/aco_logs/evolution/tsp225_10_4.txt
[SAVELOGS] best cost saved to results/logs/aco_logs/objectives/tsp225_10_4.txt
[SAVELOGS] best solution saved to results/logs/aco_logs/solutions/tsp225_10_4.txt
