[ITER 1] New best cost=146721.61 (feasible=YES, time 2.71024s)
[ITER 2] New best cost=145167.72 (feasible=YES, time 4.93899s)
[ITER 3] New best cost=143350.15 (feasible=YES, time 7.05721s)
[ITER 7] New best cost=143307.18 (feasible=YES, time 16.895s)
[ITER 10] [TS] New best cost=143090.40 (feasible=YES, time 24.5182s)
[ITER 10] bestGlobalCost=143090.40 (feasible=YES) bestThisIter=144006.81 feasibleAnts=10 noImprove=1 (elapsed 27.6604s)
[ITER 15] New best cost=143071.41 (feasible=YES, time 37.519s)
[ITER 20] [TS] New best cost=142739.41 (feasible=YES, time 48.6499s)
[ITER 20] bestGlobalCost=142739.41 (feasible=YES) bestThisIter=142739.41 feasibleAnts=10 noImprove=1 (elapsed 51.7568s)
[ITER 30] bestGlobalCost=142739.41 (feasible=YES) bestThisIter=142739.41 feasibleAnts=10 noImprove=11 (elapsed 76.8157s)
[ITER 32] New best cost=142617.52 (feasible=YES, time 81.1759s)
[ITER 40] [TS] New best cost=142472.37 (feasible=YES, time 99.3565s)
[ITER 40] bestGlobalCost=142472.37 (feasible=YES) bestThisIter=142472.37 feasibleAnts=10 noImprove=1 (elapsed 102.447s)
[ITER 50] bestGlobalCost=142472.37 (feasible=YES) bestThisIter=142472.37 feasibleAnts=10 noImprove=11 (elapsed 127.349s)
[ITER 56] New best cost=142255.69 (feasible=YES, time 139.792s)
[ITER 60] bestGlobalCost=142255.69 (feasible=YES) bestThisIter=142400.85 feasibleAnts=10 noImprove=4 (elapsed 152.446s)
[ITER 70] bestGlobalCost=142255.69 (feasible=YES) bestThisIter=142255.69 feasibleAnts=10 noImprove=14 (elapsed 178.222s)
[ITER 80] bestGlobalCost=142255.69 (feasible=YES) bestThisIter=142923.68 feasibleAnts=10 noImprove=24 (elapsed 201.236s)
[RESET] no improvement for30-> reset pheromones
[ITER 90] bestGlobalCost=142255.69 (feasible=YES) bestThisIter=142255.69 feasibleAnts=10 noImprove=4 (elapsed 225.651s)
[ITER 100] bestGlobalCost=142255.69 (feasible=YES) bestThisIter=143439.86 feasibleAnts=10 noImprove=14 (elapsed 251.081s)
[ITER 110] bestGlobalCost=142255.69 (feasible=YES) bestThisIter=142255.69 feasibleAnts=10 noImprove=24 (elapsed 275.548s)
[RESET] no improvement for30-> reset pheromones
[ITER 120] bestGlobalCost=142255.69 (feasible=YES) bestThisIter=142255.69 feasibleAnts=10 noImprove=4 (elapsed 300.868s)
2 27 47 48 49 50 51 58 59 118 133 188 189 190 191 192 199 205 207 218 224 225 
60 61 62 63 64 108 109 110 111 113 114 115 116 117 119 120 121 175 184 185 186 187 223 
1 3 4 5 6 7 8 9 10 40 41 42 43 44 45 46 193 194 195 196 197 198 200 
137 138 140 141 142 143 144 145 146 147 149 151 152 153 154 155 156 157 160 161 162 167 201 212 
80 81 82 83 84 85 86 87 89 90 91 92 93 94 96 100 103 104 107 209 210 221 
26 28 29 30 31 32 33 34 72 73 77 78 79 95 97 98 202 204 206 216 217 219 
11 12 13 14 15 16 17 18 19 20 21 22 23 24 25 35 36 37 38 39 203 208 
112 122 123 124 125 148 150 168 169 170 171 172 173 174 176 177 178 179 180 181 182 214 
126 127 128 129 130 131 132 134 135 136 139 158 159 163 164 165 166 183 211 213 215 222 
52 53 54 55 56 57 65 66 67 68 69 70 71 74 75 76 88 99 101 102 105 106 220 
[SAVELOGS] evolution saved to results/logs/aco_logs/evolution/tsp225_10_4.txt
[SAVELOGS] best cost saved to results/logs/aco_logs/objectives/tsp225_10_4.txt
[SAVELOGS] best solution saved to results/logs/aco_logs/solutions/tsp225_10_4.txt
