[ITER 1] New best cost=233074.20 (feasible=YES, time 0.0457795s)
[ITER 4] New best cost=232544.52 (feasible=YES, time 0.120958s)
[ITER 10] bestGlobalCost=232544.52 (feasible=YES) bestThisIter=232544.52 feasibleAnts=10 noImprove=6 (elapsed 0.282226s)
[ITER 20] bestGlobalCost=232544.52 (feasible=YES) bestThisIter=232544.52 feasibleAnts=11 noImprove=16 (elapsed 2.04418s)
[ITER 30] bestGlobalCost=232544.52 (feasible=YES) bestThisIter=232544.52 feasibleAnts=11 noImprove=26 (elapsed 4.00011s)
[RESET] no improvement for30-> reset pheromones
[ITER 40] bestGlobalCost=232544.52 (feasible=YES) bestThisIter=232544.52 feasibleAnts=10 noImprove=6 (elapsed 4.32853s)
[ITER 50] bestGlobalCost=232544.52 (feasible=YES) bestThisIter=232544.52 feasibleAnts=11 noImprove=16 (elapsed 6.51335s)
[ITER 60] bestGlobalCost=232544.52 (feasible=YES) bestThisIter=232544.52 feasibleAnts=10 noImprove=26 (elapsed 8.43923s)
[RESET] no improvement for30-> reset pheromones
[ITER 70] bestGlobalCost=232544.52 (feasible=YES) bestThisIter=233074.20 feasibleAnts=10 noImprove=6 (elapsed 8.72593s)
[ITER 80] bestGlobalCost=232544.52 (feasible=YES) bestThisIter=232544.52 feasibleAnts=10 noImprove=16 (elapsed 10.4903s)
[ITER 90] bestGlobalCost=232544.52 (feasible=YES) bestThisIter=232544.52 feasibleAnts=10 noImprove=26 (elapsed 12.6043s)
[RESET] no improvement for30-> reset pheromones
[ITER 100] bestGlobalCost=232544.52 (feasible=YES) bestThisIter=233815.68 feasibleAnts=10 noImprove=6 (elapsed 12.9322s)
[ITER 110] bestGlobalCost=232544.52 (feasible=YES) bestThisIter=232544.52 feasibleAnts=10 noImprove=16 (elapsed 15.1605s)
[ITER 120] bestGlobalCost=232544.52 (feasible=YES) bestThisIter=232544.52 feasibleAnts=10 noImprove=26 (elapsed 16.971s)
[RESET] no improvement for30-> reset pheromones
[ITER 126] New best cost=232378.70 (feasible=YES, time 17.1232s)
[ITER 130] bestGlobalCost=232378.70 (feasible=YES) bestThisIter=232378.70 feasibleAnts=10 noImprove=4 (elapsed 17.2115s)
[ITER 140] bestGlobalCost=232378.70 (feasible=YES) bestThisIter=232378.70 feasibleAnts=11 noImprove=14 (elapsed 18.9518s)
[ITER 150] bestGlobalCost=232378.70 (feasible=YES) bestThisIter=232378.70 feasibleAnts=10 noImprove=24 (elapsed 21.0057s)
[RESET] no improvement for30-> reset pheromones
[ITER 160] bestGlobalCost=232378.70 (feasible=YES) bestThisIter=234339.79 feasibleAnts=10 noImprove=4 (elapsed 21.2978s)
[ITER 170] bestGlobalCost=232378.70 (feasible=YES) bestThisIter=232378.70 feasibleAnts=11 noImprove=14 (elapsed 23.4617s)
[ITER 180] bestGlobalCost=232378.70 (feasible=YES) bestThisIter=232378.70 feasibleAnts=10 noImprove=24 (elapsed 25.1603s)
[RESET] no improvement for30-> reset pheromones
[ITER 190] bestGlobalCost=232378.70 (feasible=YES) bestThisIter=232378.70 feasibleAnts=10 noImprove=4 (elapsed 25.4277s)
[ITER 200] bestGlobalCost=232378.70 (feasible=YES) bestThisIter=232378.70 feasibleAnts=11 noImprove=14 (elapsed 27.1872s)
[ITER 210] bestGlobalCost=232378.70 (feasible=YES) bestThisIter=232378.70 feasibleAnts=11 noImprove=24 (elapsed 28.8973s)
[RESET] no improvement for30-> reset pheromones
[ITER 220] bestGlobalCost=232378.70 (feasible=YES) bestThisIter=233815.68 feasibleAnts=10 noImprove=4 (elapsed 29.1468s)
[ITER 230] bestGlobalCost=232378.70 (feasible=YES) bestThisIter=232378.70 feasibleAnts=10 noImprove=14 (elapsed 30.9479s)
[ITER 240] bestGlobalCost=232378.70 (feasible=YES) bestThisIter=232378.70 feasibleAnts=10 noImprove=24 (elapsed 33.071s)
[RESET] no improvement for30-> reset pheromones
[ITER 250] bestGlobalCost=232378.70 (feasible=YES) bestThisIter=232544.52 feasibleAnts=10 noImprove=4 (elapsed 33.355s)
[ITER 260] bestGlobalCost=232378.70 (feasible=YES) bestThisIter=232378.70 feasibleAnts=10 noImprove=14 (elapsed 35.4487s)
[ITER 270] bestGlobalCost=232378.70 (feasible=YES) bestThisIter=232378.70 feasibleAnts=9 noImprove=24 (elapsed 37.1983s)
[RESET] no improvement for30-> reset pheromones
[ITER 280] bestGlobalCost=232378.70 (feasible=YES) bestThisIter=232917.15 feasibleAnts=10 noImprove=4 (elapsed 37.4274s)
[ITER 290] bestGlobalCost=232378.70 (feasible=YES) bestThisIter=232378.70 feasibleAnts=10 noImprove=14 (elapsed 39.2381s)
[ITER 300] bestGlobalCost=232378.70 (feasible=YES) bestThisIter=232378.70 feasibleAnts=10 noImprove=24 (elapsed 40.9602s)
[RESET] no improvement for30-> reset pheromones
[ITER 310] bestGlobalCost=232378.70 (feasible=YES) bestThisIter=233040.91 feasibleAnts=10 noImprove=4 (elapsed 41.2266s)
[ITER 320] bestGlobalCost=232378.70 (feasible=YES) bestThisIter=232378.70 feasibleAnts=10 noImprove=14 (elapsed 43.0416s)
[ITER 330] bestGlobalCost=232378.70 (feasible=YES) bestThisIter=232378.70 feasibleAnts=11 noImprove=24 (elapsed 45.2148s)
[RESET] no improvement for30-> reset pheromones
[ITER 340] bestGlobalCost=232378.70 (feasible=YES) bestThisIter=233040.91 feasibleAnts=10 noImprove=4 (elapsed 45.4902s)
[ITER 350] bestGlobalCost=232378.70 (feasible=YES) bestThisIter=232378.70 feasibleAnts=11 noImprove=14 (elapsed 47.6229s)
[ITER 360] bestGlobalCost=232378.70 (feasible=YES) bestThisIter=232378.70 feasibleAnts=11 noImprove=24 (elapsed 49.3511s)
[RESET] no improvement for30-> reset pheromones
[ITER 370] bestGlobalCost=232378.70 (feasible=YES) bestThisIter=232378.70 feasibleAnts=10 noImprove=4 (elapsed 49.5869s)
[ITER 380] bestGlobalCost=232378.70 (feasible=YES) bestThisIter=232378.70 feasibleAnts=10 noImprove=14 (elapsed 51.3914s)
[ITER 390] bestGlobalCost=232378.70 (feasible=YES) bestThisIter=232378.70 feasibleAnts=10 noImprove=24 (elapsed 53.1403s)
[RESET] no improvement for30-> reset pheromones
[ITER 400] bestGlobalCost=232378.70 (feasible=YES) bestThisIter=232378.70 feasibleAnts=10 noImprove=4 (elapsed 53.4068s)
[ITER 410] bestGlobalCost=232378.70 (feasible=YES) bestThisIter=232378.70 feasibleAnts=10 noImprove=14 (elapsed 55.2108s)
[ITER 420] bestGlobalCost=232378.70 (feasible=YES) bestThisIter=232378.70 feasibleAnts=10 noImprove=24 (elapsed 56.9503s)
[RESET] no improvement for30-> reset pheromones
[ITER 430] bestGlobalCost=232378.70 (feasible=YES) bestThisIter=232378.70 feasibleAnts=10 noImprove=4 (elapsed 57.2059s)
[ITER 440] bestGlobalCost=232378.70 (feasible=YES) bestThisIter=232378.70 feasibleAnts=11 noImprove=14 (elapsed 59.0102s)
[ITER 450] bestGlobalCost=232378.70 (feasible=YES) bestThisIter=232378.70 feasibleAnts=9 noImprove=24 (elapsed 61.1666s)
2 16 23 31 45 47 57 58 59 66 76 84 88 89 94 95 98 99 
6 10 17 19 27 28 33 37 38 46 50 53 54 56 70 72 73 74 77 92 93 
1 8 15 18 30 48 51 60 62 64 65 67 68 69 71 80 81 83 90 91 
5 7 11 22 24 25 29 34 35 36 39 40 41 42 43 44 52 55 61 96 100 
3 4 9 12 13 14 20 21 26 32 49 63 75 78 79 82 85 86 87 97 
[SAVELOGS] evolution saved to results/logs/rd100_05_4/evolution/rd100_05_4
[SAVELOGS] best cost saved to results/logs/rd100_05_4/objectives/rd100_05_4
[SAVELOGS] best solution saved to results/logs/rd100_05_4/solutions/rd100_05_4
