[ITER 1] New best cost=2889829.02 (feasible=YES, time 0.103786s)
[ITER 2] New best cost=2883438.76 (feasible=YES, time 0.192548s)
[ITER 3] New best cost=2870228.36 (feasible=YES, time 0.254968s)
[ITER 5] New best cost=2868061.12 (feasible=YES, time 0.362529s)
[ITER 6] New best cost=2859527.53 (feasible=YES, time 0.413743s)
[ITER 10] bestGlobalCost=2859527.53 (feasible=YES) bestThisIter=2859527.53 feasibleAnts=10 noImprove=4 (elapsed 0.695098s)
[ITER 14] New best cost=2858604.67 (feasible=YES, time 0.967046s)
[ITER 17] New best cost=2851174.37 (feasible=YES, time 6.50235s)
[ITER 19] New best cost=2845335.07 (feasible=YES, time 6.61278s)
[ITER 20] bestGlobalCost=2845335.07 (feasible=YES) bestThisIter=2853670.13 feasibleAnts=10 noImprove=1 (elapsed 6.67763s)
[ITER 30] bestGlobalCost=2845335.07 (feasible=YES) bestThisIter=2845335.07 feasibleAnts=10 noImprove=11 (elapsed 12.6753s)
[ITER 40] bestGlobalCost=2845335.07 (feasible=YES) bestThisIter=2845335.07 feasibleAnts=10 noImprove=21 (elapsed 13.3032s)
[ITER 44] New best cost=2845334.93 (feasible=YES, time 13.5891s)
[ITER 50] bestGlobalCost=2845334.93 (feasible=YES) bestThisIter=2845334.93 feasibleAnts=15 noImprove=6 (elapsed 19.2197s)
[ITER 60] bestGlobalCost=2845334.93 (feasible=YES) bestThisIter=2853662.45 feasibleAnts=10 noImprove=16 (elapsed 25.1357s)
[ITER 70] bestGlobalCost=2845334.93 (feasible=YES) bestThisIter=2868153.88 feasibleAnts=10 noImprove=26 (elapsed 25.7091s)
[RESET] no improvement for30-> reset pheromones
[ITER 78] New best cost=2844652.79 (feasible=YES, time 31.6711s)
[ITER 80] bestGlobalCost=2844652.79 (feasible=YES) bestThisIter=2844652.79 feasibleAnts=10 noImprove=2 (elapsed 31.7867s)
[ITER 90] New best cost=2842976.86 (feasible=YES, time 35.649s)
[ITER 90] bestGlobalCost=2842976.86 (feasible=YES) bestThisIter=2844652.79 feasibleAnts=10 noImprove=0 (elapsed 37.7939s)
[ITER 100] bestGlobalCost=2842976.86 (feasible=YES) bestThisIter=2842976.86 feasibleAnts=10 noImprove=10 (elapsed 38.2761s)
[ITER 110] bestGlobalCost=2842976.86 (feasible=YES) bestThisIter=2848522.97 feasibleAnts=10 noImprove=20 (elapsed 44.1282s)
[ITER 120] bestGlobalCost=2842976.86 (feasible=YES) bestThisIter=2842976.86 feasibleAnts=10 noImprove=30 (elapsed 50.0054s)
[RESET] no improvement for30-> reset pheromones
[ITER 130] bestGlobalCost=2842976.86 (feasible=YES) bestThisIter=2916976.11 feasibleAnts=10 noImprove=10 (elapsed 50.7924s)
[ITER 140] bestGlobalCost=2842976.86 (feasible=YES) bestThisIter=2873454.61 feasibleAnts=10 noImprove=20 (elapsed 56.803s)
[ITER 150] bestGlobalCost=2842976.86 (feasible=YES) bestThisIter=2853681.50 feasibleAnts=9 noImprove=30 (elapsed 62.8869s)
[RESET] no improvement for30-> reset pheromones
35 39 40 41 42 44 45 47 50 109 110 112 113 114 115 116 117 119 120 121 122 123 124 127 129 130 131 132 133 134 135 136 
1 2 3 4 5 6 7 8 9 10 11 12 13 125 126 128 142 143 144 146 147 148 149 150 151 152 153 154 155 156 157 158 159 
14 15 16 17 18 19 20 21 22 23 24 25 26 27 28 29 30 31 32 33 34 36 37 38 137 138 139 140 141 145 
43 46 49 51 52 53 54 55 56 57 58 59 60 61 62 63 64 65 66 67 68 69 70 71 72 73 74 75 76 77 79 81 83 
48 78 80 82 84 85 86 87 88 89 90 91 92 93 94 95 96 97 98 99 100 101 102 103 104 105 106 107 108 111 118 
[SAVELOGS] evolution saved to results/logs/u159_05_4/evolution/u159_05_4
[SAVELOGS] best cost saved to results/logs/u159_05_4/objectives/u159_05_4
[SAVELOGS] best solution saved to results/logs/u159_05_4/solutions/u159_05_4
