[ITER 1] New best cost=75175.09 (feasible=YES, time 0.0737808s)
[ITER 2] New best cost=72783.69 (feasible=YES, time 0.137971s)
[ITER 3] New best cost=72554.20 (feasible=YES, time 0.190987s)
[ITER 4] New best cost=71956.70 (feasible=YES, time 0.231473s)
[ITER 6] New best cost=71891.30 (feasible=YES, time 0.339235s)
[ITER 9] New best cost=70148.90 (feasible=YES, time 0.438884s)
[ITER 10] New best cost=70033.07 (feasible=YES, time 0.46776s)
[ITER 10] bestGlobalCost=70033.07 (feasible=YES) bestThisIter=70033.07 feasibleAnts=16 noImprove=0 (elapsed 0.472512s)
[ITER 15] New best cost=69217.88 (feasible=YES, time 1.61018s)
[ITER 20] bestGlobalCost=69217.88 (feasible=YES) bestThisIter=69217.88 feasibleAnts=10 noImprove=5 (elapsed 2.47753s)
[ITER 27] New best cost=69186.60 (feasible=YES, time 2.81627s)
[ITER 30] bestGlobalCost=69186.60 (feasible=YES) bestThisIter=69186.60 feasibleAnts=20 noImprove=3 (elapsed 4.39966s)
[ITER 40] bestGlobalCost=69186.60 (feasible=YES) bestThisIter=69217.88 feasibleAnts=10 noImprove=13 (elapsed 4.8456s)
[ITER 50] bestGlobalCost=69186.60 (feasible=YES) bestThisIter=71196.60 feasibleAnts=10 noImprove=23 (elapsed 7.1054s)
[RESET] no improvement for30-> reset pheromones
[ITER 60] bestGlobalCost=69186.60 (feasible=YES) bestThisIter=72308.90 feasibleAnts=10 noImprove=3 (elapsed 9.57929s)
[ITER 70] bestGlobalCost=69186.60 (feasible=YES) bestThisIter=70993.25 feasibleAnts=10 noImprove=13 (elapsed 10.3507s)
[ITER 80] bestGlobalCost=69186.60 (feasible=YES) bestThisIter=70287.34 feasibleAnts=10 noImprove=23 (elapsed 12.4102s)
[RESET] no improvement for30-> reset pheromones
[ITER 90] New best cost=69077.04 (feasible=YES, time 13.2867s)
[ITER 90] bestGlobalCost=69077.04 (feasible=YES) bestThisIter=71018.77 feasibleAnts=10 noImprove=0 (elapsed 14.5851s)
[ITER 100] bestGlobalCost=69077.04 (feasible=YES) bestThisIter=71510.46 feasibleAnts=10 noImprove=10 (elapsed 15.2403s)
[ITER 110] bestGlobalCost=69077.04 (feasible=YES) bestThisIter=70388.27 feasibleAnts=10 noImprove=20 (elapsed 17.7367s)
[ITER 120] bestGlobalCost=69077.04 (feasible=YES) bestThisIter=69863.84 feasibleAnts=10 noImprove=30 (elapsed 19.8683s)
[RESET] no improvement for30-> reset pheromones
[ITER 130] bestGlobalCost=69077.04 (feasible=YES) bestThisIter=74337.80 feasibleAnts=10 noImprove=10 (elapsed 20.6141s)
[ITER 140] bestGlobalCost=69077.04 (feasible=YES) bestThisIter=74550.83 feasibleAnts=10 noImprove=20 (elapsed 22.887s)
[ITER 150] bestGlobalCost=69077.04 (feasible=YES) bestThisIter=73935.01 feasibleAnts=10 noImprove=30 (elapsed 25.4001s)
[RESET] no improvement for30-> reset pheromones
[ITER 160] bestGlobalCost=69077.04 (feasible=YES) bestThisIter=72195.71 feasibleAnts=10 noImprove=10 (elapsed 26.2328s)
[ITER 170] bestGlobalCost=69077.04 (feasible=YES) bestThisIter=71528.40 feasibleAnts=10 noImprove=20 (elapsed 28.4383s)
[ITER 180] bestGlobalCost=69077.04 (feasible=YES) bestThisIter=71975.50 feasibleAnts=10 noImprove=30 (elapsed 30.7544s)
[RESET] no improvement for30-> reset pheromones
[ITER 190] bestGlobalCost=69077.04 (feasible=YES) bestThisIter=74776.98 feasibleAnts=10 noImprove=10 (elapsed 31.5514s)
[ITER 200] bestGlobalCost=69077.04 (feasible=YES) bestThisIter=71899.66 feasibleAnts=10 noImprove=20 (elapsed 34.0906s)
[ITER 210] bestGlobalCost=69077.04 (feasible=YES) bestThisIter=73874.00 feasibleAnts=10 noImprove=30 (elapsed 36.1995s)
[RESET] no improvement for30-> reset pheromones
[ITER 220] bestGlobalCost=69077.04 (feasible=YES) bestThisIter=71561.25 feasibleAnts=10 noImprove=10 (elapsed 36.8688s)
[ITER 230] bestGlobalCost=69077.04 (feasible=YES) bestThisIter=73263.67 feasibleAnts=10 noImprove=20 (elapsed 39.1468s)
[ITER 240] bestGlobalCost=69077.04 (feasible=YES) bestThisIter=70522.41 feasibleAnts=10 noImprove=30 (elapsed 41.727s)
[RESET] no improvement for30-> reset pheromones
[ITER 250] bestGlobalCost=69077.04 (feasible=YES) bestThisIter=71807.24 feasibleAnts=10 noImprove=10 (elapsed 42.4611s)
[ITER 260] bestGlobalCost=69077.04 (feasible=YES) bestThisIter=71444.77 feasibleAnts=10 noImprove=20 (elapsed 44.6111s)
[ITER 270] bestGlobalCost=69077.04 (feasible=YES) bestThisIter=71579.00 feasibleAnts=10 noImprove=30 (elapsed 46.9219s)
[RESET] no improvement for30-> reset pheromones
[ITER 280] bestGlobalCost=69077.04 (feasible=YES) bestThisIter=71040.50 feasibleAnts=10 noImprove=10 (elapsed 47.722s)
[ITER 290] bestGlobalCost=69077.04 (feasible=YES) bestThisIter=72093.58 feasibleAnts=10 noImprove=20 (elapsed 50.2335s)
[ITER 300] bestGlobalCost=69077.04 (feasible=YES) bestThisIter=71705.23 feasibleAnts=10 noImprove=30 (elapsed 52.3612s)
[RESET] no improvement for30-> reset pheromones
[ITER 310] bestGlobalCost=69077.04 (feasible=YES) bestThisIter=74589.78 feasibleAnts=10 noImprove=10 (elapsed 53.082s)
[ITER 320] bestGlobalCost=69077.04 (feasible=YES) bestThisIter=74894.55 feasibleAnts=10 noImprove=20 (elapsed 55.5453s)
[ITER 330] bestGlobalCost=69077.04 (feasible=YES) bestThisIter=71570.29 feasibleAnts=10 noImprove=30 (elapsed 58.0534s)
[RESET] no improvement for30-> reset pheromones
[ITER 340] bestGlobalCost=69077.04 (feasible=YES) bestThisIter=72005.67 feasibleAnts=10 noImprove=10 (elapsed 58.7229s)
2 35 68 77 80 
21 23 30 89 
1 12 53 85 
6 47 54 62 83 
70 76 91 94 95 
24 26 32 46 61 
17 25 34 58 88 98 
20 31 42 55 64 
5 43 50 86 
18 29 40 49 93 
13 15 27 65 79 
10 19 45 92 99 
33 74 81 97 100 
16 37 44 63 66 
28 38 39 56 71 72 
3 41 59 69 73 
4 14 36 57 60 
11 48 52 84 87 96 
8 22 67 75 90 
7 9 51 78 82 
[SAVELOGS] evolution saved to results/logs/kroC100_20_2/evolution/kroC100_20_2
[SAVELOGS] best cost saved to results/logs/kroC100_20_2/objectives/kroC100_20_2
[SAVELOGS] best solution saved to results/logs/kroC100_20_2/solutions/kroC100_20_2
