[ITER 1] New best cost=76149.57 (feasible=YES, time 0.0757403s)
[ITER 2] New best cost=74274.96 (feasible=YES, time 0.135248s)
[ITER 3] New best cost=72551.10 (feasible=YES, time 0.19425s)
[ITER 10] New best cost=71603.71 (feasible=YES, time 0.704371s)
[ITER 10] bestGlobalCost=71603.71 (feasible=YES) bestThisIter=71603.71 feasibleAnts=10 noImprove=0 (elapsed 0.708491s)
[ITER 11] New best cost=71424.35 (feasible=YES, time 0.794653s)
[ITER 13] New best cost=71342.34 (feasible=YES, time 0.942222s)
[ITER 14] New best cost=71110.81 (feasible=YES, time 1.01476s)
[ITER 15] New best cost=70993.51 (feasible=YES, time 1.46743s)
[ITER 15] New best cost=70633.51 (feasible=YES, time 2.22265s)
[ITER 20] bestGlobalCost=70633.51 (feasible=YES) bestThisIter=70633.51 feasibleAnts=10 noImprove=5 (elapsed 3.31153s)
[ITER 21] New best cost=70516.16 (feasible=YES, time 3.396s)
[ITER 22] New best cost=70456.93 (feasible=YES, time 3.48405s)
[ITER 26] New best cost=70262.94 (feasible=YES, time 3.78207s)
[ITER 30] New best cost=69970.32 (feasible=YES, time 5.30378s)
[ITER 30] bestGlobalCost=69970.32 (feasible=YES) bestThisIter=70262.94 feasibleAnts=13 noImprove=0 (elapsed 5.61537s)
[ITER 36] New best cost=69879.72 (feasible=YES, time 5.96594s)
[ITER 40] bestGlobalCost=69879.72 (feasible=YES) bestThisIter=69879.72 feasibleAnts=11 noImprove=4 (elapsed 6.16469s)
[ITER 43] New best cost=69596.21 (feasible=YES, time 6.32365s)
[ITER 45] New best cost=69390.22 (feasible=YES, time 7.02088s)
[ITER 50] bestGlobalCost=69390.22 (feasible=YES) bestThisIter=69390.22 feasibleAnts=10 noImprove=5 (elapsed 8.1934s)
[ITER 60] New best cost=69186.60 (feasible=YES, time 10.3914s)
[ITER 60] bestGlobalCost=69186.60 (feasible=YES) bestThisIter=72090.50 feasibleAnts=10 noImprove=0 (elapsed 10.7494s)
[ITER 70] bestGlobalCost=69186.60 (feasible=YES) bestThisIter=69186.60 feasibleAnts=10 noImprove=10 (elapsed 11.3103s)
[ITER 80] bestGlobalCost=69186.60 (feasible=YES) bestThisIter=72319.29 feasibleAnts=10 noImprove=20 (elapsed 13.5107s)
[ITER 90] bestGlobalCost=69186.60 (feasible=YES) bestThisIter=72385.20 feasibleAnts=10 noImprove=30 (elapsed 15.6192s)
[RESET] no improvement for30-> reset pheromones
[ITER 100] bestGlobalCost=69186.60 (feasible=YES) bestThisIter=73957.33 feasibleAnts=10 noImprove=10 (elapsed 16.3231s)
[ITER 110] bestGlobalCost=69186.60 (feasible=YES) bestThisIter=72648.81 feasibleAnts=10 noImprove=20 (elapsed 18.8026s)
[ITER 120] bestGlobalCost=69186.60 (feasible=YES) bestThisIter=70964.14 feasibleAnts=10 noImprove=30 (elapsed 21.225s)
[RESET] no improvement for30-> reset pheromones
[ITER 130] bestGlobalCost=69186.60 (feasible=YES) bestThisIter=72747.37 feasibleAnts=10 noImprove=10 (elapsed 21.9153s)
[ITER 140] bestGlobalCost=69186.60 (feasible=YES) bestThisIter=71318.67 feasibleAnts=10 noImprove=20 (elapsed 23.9727s)
[ITER 150] bestGlobalCost=69186.60 (feasible=YES) bestThisIter=71486.32 feasibleAnts=10 noImprove=30 (elapsed 26.3813s)
[RESET] no improvement for30-> reset pheromones
[ITER 160] bestGlobalCost=69186.60 (feasible=YES) bestThisIter=72835.47 feasibleAnts=10 noImprove=10 (elapsed 27.1468s)
[ITER 170] bestGlobalCost=69186.60 (feasible=YES) bestThisIter=71806.53 feasibleAnts=10 noImprove=20 (elapsed 29.445s)
[ITER 180] bestGlobalCost=69186.60 (feasible=YES) bestThisIter=70769.88 feasibleAnts=10 noImprove=30 (elapsed 31.4911s)
[RESET] no improvement for30-> reset pheromones
[ITER 190] bestGlobalCost=69186.60 (feasible=YES) bestThisIter=73565.78 feasibleAnts=10 noImprove=10 (elapsed 32.1597s)
[ITER 195] New best cost=69145.14 (feasible=YES, time 34.2933s)
[ITER 199] New best cost=69108.31 (feasible=YES, time 34.5217s)
[ITER 200] bestGlobalCost=69108.31 (feasible=YES) bestThisIter=69145.14 feasibleAnts=23 noImprove=1 (elapsed 34.5589s)
[ITER 203] New best cost=69077.04 (feasible=YES, time 34.7031s)
[ITER 210] bestGlobalCost=69077.04 (feasible=YES) bestThisIter=69077.04 feasibleAnts=11 noImprove=7 (elapsed 36.845s)
[ITER 220] bestGlobalCost=69077.04 (feasible=YES) bestThisIter=69536.29 feasibleAnts=10 noImprove=17 (elapsed 37.3124s)
[ITER 230] bestGlobalCost=69077.04 (feasible=YES) bestThisIter=71526.25 feasibleAnts=10 noImprove=27 (elapsed 39.4371s)
[RESET] no improvement for30-> reset pheromones
[ITER 240] bestGlobalCost=69077.04 (feasible=YES) bestThisIter=72931.20 feasibleAnts=10 noImprove=7 (elapsed 41.8474s)
[ITER 250] bestGlobalCost=69077.04 (feasible=YES) bestThisIter=70982.80 feasibleAnts=10 noImprove=17 (elapsed 42.6s)
[ITER 260] bestGlobalCost=69077.04 (feasible=YES) bestThisIter=70491.06 feasibleAnts=10 noImprove=27 (elapsed 45.0965s)
[RESET] no improvement for30-> reset pheromones
[ITER 270] bestGlobalCost=69077.04 (feasible=YES) bestThisIter=74785.13 feasibleAnts=10 noImprove=7 (elapsed 47.4124s)
[ITER 280] bestGlobalCost=69077.04 (feasible=YES) bestThisIter=72459.32 feasibleAnts=10 noImprove=17 (elapsed 48.0981s)
[ITER 290] bestGlobalCost=69077.04 (feasible=YES) bestThisIter=71374.89 feasibleAnts=10 noImprove=27 (elapsed 50.7595s)
[RESET] no improvement for30-> reset pheromones
[ITER 300] bestGlobalCost=69077.04 (feasible=YES) bestThisIter=72474.90 feasibleAnts=10 noImprove=7 (elapsed 53.4523s)
[ITER 310] bestGlobalCost=69077.04 (feasible=YES) bestThisIter=73032.43 feasibleAnts=10 noImprove=17 (elapsed 54.2214s)
[ITER 320] bestGlobalCost=69077.04 (feasible=YES) bestThisIter=74024.39 feasibleAnts=10 noImprove=27 (elapsed 56.8377s)
[RESET] no improvement for30-> reset pheromones
[ITER 330] bestGlobalCost=69077.04 (feasible=YES) bestThisIter=70148.96 feasibleAnts=10 noImprove=7 (elapsed 59.0018s)
[ITER 340] bestGlobalCost=69077.04 (feasible=YES) bestThisIter=70708.49 feasibleAnts=10 noImprove=17 (elapsed 59.6784s)
10 19 45 92 99 
7 9 51 78 82 
3 41 59 69 73 
6 47 54 62 83 
24 26 32 46 61 
1 12 53 85 
5 43 50 86 
21 23 30 89 
70 76 91 94 95 
17 25 34 58 88 98 
8 22 67 75 90 
33 74 81 97 100 
2 35 68 77 80 
11 48 52 84 87 96 
16 37 44 63 66 
13 15 27 65 79 
20 31 42 55 64 
4 14 36 57 60 
18 29 40 49 93 
28 38 39 56 71 72 
[SAVELOGS] evolution saved to results/logs/kroC100_20_2/evolution/kroC100_20_2
[SAVELOGS] best cost saved to results/logs/kroC100_20_2/objectives/kroC100_20_2
[SAVELOGS] best solution saved to results/logs/kroC100_20_2/solutions/kroC100_20_2
