[ITER 1] New best cost=220023.12 (feasible=YES, time 0.501455s)
[ITER 2] New best cost=204590.36 (feasible=YES, time 0.812403s)
[ITER 10] bestGlobalCost=204590.36 (feasible=YES) bestThisIter=223983.64 feasibleAnts=10 noImprove=8 (elapsed 3.80282s)
[ITER 15] New best cost=198955.77 (feasible=YES, time 8.26025s)
[ITER 18] New best cost=194456.86 (feasible=YES, time 16.6681s)
[ITER 19] New best cost=191125.71 (feasible=YES, time 16.913s)
[ITER 20] bestGlobalCost=191125.71 (feasible=YES) bestThisIter=198993.12 feasibleAnts=10 noImprove=1 (elapsed 17.0317s)
[ITER 21] New best cost=190399.94 (feasible=YES, time 17.1665s)
[ITER 22] New best cost=189485.56 (feasible=YES, time 17.2669s)
[ITER 24] New best cost=188725.60 (feasible=YES, time 17.7431s)
[ITER 29] New best cost=188588.03 (feasible=YES, time 18.6664s)
[ITER 30] New best cost=185903.03 (feasible=YES, time 20.6331s)
[ITER 30] bestGlobalCost=185903.03 (feasible=YES) bestThisIter=188725.60 feasibleAnts=18 noImprove=0 (elapsed 28.2911s)
[ITER 40] bestGlobalCost=185903.03 (feasible=YES) bestThisIter=200664.97 feasibleAnts=10 noImprove=10 (elapsed 30.6878s)
[ITER 50] bestGlobalCost=185903.03 (feasible=YES) bestThisIter=201731.07 feasibleAnts=10 noImprove=20 (elapsed 44.3392s)
[ITER 60] bestGlobalCost=185903.03 (feasible=YES) bestThisIter=215636.22 feasibleAnts=10 noImprove=30 (elapsed 57.9491s)
[RESET] no improvement for30-> reset pheromones
33 36 45 57 81 136 144 
2 6 54 75 77 80 104 115 
1 27 40 53 85 125 137 
7 24 26 32 37 46 117 132 
9 51 61 78 82 120 135 146 
11 52 87 96 97 100 150 
28 38 39 56 101 119 124 126 
5 43 50 71 72 86 133 
13 15 65 79 107 110 130 147 
23 35 68 70 76 102 111 139 
22 62 83 108 113 134 138 
3 4 14 59 60 69 73 
16 44 63 66 84 103 127 128 
21 30 41 89 118 122 140 
91 94 95 121 123 129 131 
8 17 25 42 90 106 112 
34 58 88 98 109 114 145 148 
20 31 47 55 64 67 149 
12 18 29 49 93 116 142 143 
10 19 48 74 92 99 105 141 
[SAVELOGS] evolution saved to results/logs/kroB150_20_4/evolution/kroB150_20_4
[SAVELOGS] best cost saved to results/logs/kroB150_20_4/objectives/kroB150_20_4
[SAVELOGS] best solution saved to results/logs/kroB150_20_4/solutions/kroB150_20_4
