[ITER 1] New best cost=1599562.88 (feasible=YES, time 0.137343s)
[ITER 2] New best cost=1574500.36 (feasible=YES, time 0.208574s)
[ITER 3] New best cost=1564443.52 (feasible=YES, time 0.296815s)
[ITER 5] New best cost=1559253.94 (feasible=YES, time 0.446354s)
[ITER 10] bestGlobalCost=1559253.94 (feasible=YES) bestThisIter=1559253.94 feasibleAnts=10 noImprove=5 (elapsed 0.792176s)
[ITER 20] bestGlobalCost=1559253.94 (feasible=YES) bestThisIter=1559253.94 feasibleAnts=9 noImprove=15 (elapsed 8.17932s)
[ITER 30] bestGlobalCost=1559253.94 (feasible=YES) bestThisIter=1573467.79 feasibleAnts=10 noImprove=25 (elapsed 15.3711s)
[RESET] no improvement for30-> reset pheromones
[ITER 40] bestGlobalCost=1559253.94 (feasible=YES) bestThisIter=1594628.31 feasibleAnts=10 noImprove=5 (elapsed 16.1568s)
[ITER 50] bestGlobalCost=1559253.94 (feasible=YES) bestThisIter=1589297.97 feasibleAnts=10 noImprove=15 (elapsed 23.7751s)
[ITER 60] bestGlobalCost=1559253.94 (feasible=YES) bestThisIter=1576761.32 feasibleAnts=10 noImprove=25 (elapsed 30.9683s)
[RESET] no improvement for30-> reset pheromones
[ITER 70] bestGlobalCost=1559253.94 (feasible=YES) bestThisIter=1609435.81 feasibleAnts=10 noImprove=5 (elapsed 31.6539s)
[ITER 80] bestGlobalCost=1559253.94 (feasible=YES) bestThisIter=1575824.71 feasibleAnts=9 noImprove=15 (elapsed 39.1254s)
[ITER 90] bestGlobalCost=1559253.94 (feasible=YES) bestThisIter=1559253.94 feasibleAnts=10 noImprove=25 (elapsed 46.4408s)
[RESET] no improvement for30-> reset pheromones
[ITER 100] bestGlobalCost=1559253.94 (feasible=YES) bestThisIter=1577810.30 feasibleAnts=10 noImprove=5 (elapsed 47.4771s)
[ITER 110] bestGlobalCost=1559253.94 (feasible=YES) bestThisIter=1570977.21 feasibleAnts=10 noImprove=15 (elapsed 54.7499s)
[ITER 120] bestGlobalCost=1559253.94 (feasible=YES) bestThisIter=1594867.75 feasibleAnts=10 noImprove=25 (elapsed 61.8592s)
1 7 9 12 16 18 24 26 29 32 37 40 44 46 48 51 61 63 66 78 82 92 105 117 120 125 127 132 135 137 142 146 
5 6 21 23 30 35 41 43 50 59 62 68 70 76 89 91 94 95 102 111 118 121 122 123 129 131 133 138 139 
22 25 28 34 38 39 54 56 58 71 72 83 86 88 90 98 101 106 108 109 112 113 114 119 124 126 134 145 148 
3 10 11 14 19 33 36 45 49 52 57 60 69 73 74 81 84 87 96 97 99 100 103 128 136 140 141 143 144 150 
2 4 8 13 15 17 20 27 31 42 47 53 55 64 65 67 75 77 79 80 85 93 104 107 110 115 116 130 147 149 
[SAVELOGS] evolution saved to results/logs/kroB150_05_4/evolution/kroB150_05_4
[SAVELOGS] best cost saved to results/logs/kroB150_05_4/objectives/kroB150_05_4
[SAVELOGS] best solution saved to results/logs/kroB150_05_4/solutions/kroB150_05_4
