[ITER 1] New best cost=937506.72 (feasible=NO, time 0.714435s)
[ITER 1] New best cost=954636.77 (feasible=YES, time 0.719383s)
[ITER 2] New best cost=921652.20 (feasible=YES, time 0.960117s)
[ITER 3] New best cost=908287.00 (feasible=YES, time 1.2246s)
[ITER 4] New best cost=905970.15 (feasible=YES, time 1.45406s)
[ITER 6] New best cost=903539.14 (feasible=YES, time 3.62374s)
[ITER 8] New best cost=899588.93 (feasible=YES, time 4.10318s)
[ITER 9] New best cost=886034.08 (feasible=YES, time 4.36469s)
[ITER 10] bestGlobalCost=886034.08 (feasible=YES) bestThisIter=897048.15 feasibleAnts=12 noImprove=1 (elapsed 6.27743s)
[ITER 13] New best cost=868642.32 (feasible=YES, time 6.95234s)
[ITER 14] New best cost=868510.40 (feasible=YES, time 7.10985s)
[ITER 16] New best cost=866442.07 (feasible=YES, time 9.10669s)
[ITER 20] New best cost=862881.22 (feasible=YES, time 12.2883s)
[ITER 20] bestGlobalCost=862881.22 (feasible=YES) bestThisIter=863590.15 feasibleAnts=14 noImprove=0 (elapsed 12.2928s)
[ITER 27] New best cost=860123.70 (feasible=YES, time 15.1662s)
[ITER 30] bestGlobalCost=860123.70 (feasible=YES) bestThisIter=862881.22 feasibleAnts=25 noImprove=3 (elapsed 17.0177s)
[ITER 32] New best cost=857168.41 (feasible=YES, time 17.2763s)
[ITER 39] New best cost=856093.39 (feasible=YES, time 19.8231s)
[ITER 40] bestGlobalCost=856093.39 (feasible=YES) bestThisIter=857168.41 feasibleAnts=27 noImprove=1 (elapsed 21.5629s)
[ITER 47] New best cost=848454.29 (feasible=YES, time 23.9791s)
[ITER 50] bestGlobalCost=848454.29 (feasible=YES) bestThisIter=855727.09 feasibleAnts=29 noImprove=3 (elapsed 25.8497s)
[ITER 51] New best cost=845979.01 (feasible=YES, time 25.9736s)
[ITER 57] New best cost=839706.70 (feasible=YES, time 28.2508s)
[ITER 60] bestGlobalCost=839706.70 (feasible=YES) bestThisIter=845979.01 feasibleAnts=27 noImprove=3 (elapsed 30.2132s)
[ITER 70] bestGlobalCost=839706.70 (feasible=YES) bestThisIter=849252.61 feasibleAnts=13 noImprove=13 (elapsed 35.1405s)
[ITER 80] bestGlobalCost=839706.70 (feasible=YES) bestThisIter=859674.62 feasibleAnts=10 noImprove=23 (elapsed 40.806s)
[ITER 90] bestGlobalCost=839706.70 (feasible=YES) bestThisIter=880490.37 feasibleAnts=9 noImprove=33 (elapsed 47.2039s)
[ITER 100] bestGlobalCost=839706.70 (feasible=YES) bestThisIter=875330.16 feasibleAnts=7 noImprove=43 (elapsed 54.1054s)
[RESET] no improvement for50-> reset pheromones
[ITER 110] bestGlobalCost=839706.70 (feasible=YES) bestThisIter=864124.90 feasibleAnts=9 noImprove=3 (elapsed 61.2204s)
[ITER 120] bestGlobalCost=839706.70 (feasible=YES) bestThisIter=851168.24 feasibleAnts=9 noImprove=13 (elapsed 67.2404s)
[ITER 130] bestGlobalCost=839706.70 (feasible=YES) bestThisIter=889697.23 feasibleAnts=9 noImprove=23 (elapsed 73.6057s)
[ITER 140] bestGlobalCost=839706.70 (feasible=YES) bestThisIter=923201.02 feasibleAnts=8 noImprove=33 (elapsed 80.4112s)
[ITER 150] bestGlobalCost=839706.70 (feasible=YES) bestThisIter=940720.88 feasibleAnts=8 noImprove=43 (elapsed 87.4983s)
[RESET] no improvement for50-> reset pheromones
[ITER 160] bestGlobalCost=839706.70 (feasible=YES) bestThisIter=868076.14 feasibleAnts=8 noImprove=3 (elapsed 94.8294s)
[ITER 170] bestGlobalCost=839706.70 (feasible=YES) bestThisIter=886816.14 feasibleAnts=10 noImprove=13 (elapsed 100.838s)
[ITER 180] bestGlobalCost=839706.70 (feasible=YES) bestThisIter=896813.71 feasibleAnts=10 noImprove=23 (elapsed 107.389s)
[ITER 190] bestGlobalCost=839706.70 (feasible=YES) bestThisIter=918917.50 feasibleAnts=7 noImprove=33 (elapsed 114.119s)
[ITER 200] bestGlobalCost=839706.70 (feasible=YES) bestThisIter=945046.95 feasibleAnts=7 noImprove=43 (elapsed 121.247s)
[RESET] no improvement for50-> reset pheromones
[ITER 210] bestGlobalCost=839706.70 (feasible=YES) bestThisIter=900690.72 feasibleAnts=7 noImprove=3 (elapsed 128.359s)
[ITER 220] bestGlobalCost=839706.70 (feasible=YES) bestThisIter=861810.60 feasibleAnts=9 noImprove=13 (elapsed 134.516s)
[ITER 230] bestGlobalCost=839706.70 (feasible=YES) bestThisIter=868912.05 feasibleAnts=11 noImprove=23 (elapsed 140.934s)
[ITER 240] bestGlobalCost=839706.70 (feasible=YES) bestThisIter=915623.78 feasibleAnts=8 noImprove=33 (elapsed 147.827s)
[ITER 250] bestGlobalCost=839706.70 (feasible=YES) bestThisIter=913341.30 feasibleAnts=8 noImprove=43 (elapsed 155.036s)
[RESET] no improvement for50-> reset pheromones
[ITER 260] bestGlobalCost=839706.70 (feasible=YES) bestThisIter=892542.70 feasibleAnts=8 noImprove=3 (elapsed 162.171s)
[ITER 270] bestGlobalCost=839706.70 (feasible=YES) bestThisIter=878857.05 feasibleAnts=11 noImprove=13 (elapsed 168.276s)
[ITER 280] bestGlobalCost=839706.70 (feasible=YES) bestThisIter=903082.06 feasibleAnts=9 noImprove=23 (elapsed 174.628s)
[ITER 290] bestGlobalCost=839706.70 (feasible=YES) bestThisIter=902669.05 feasibleAnts=5 noImprove=33 (elapsed 181.451s)
[ITER 300] bestGlobalCost=839706.70 (feasible=YES) bestThisIter=927163.24 feasibleAnts=6 noImprove=43 (elapsed 188.63s)
[RESET] no improvement for50-> reset pheromones
[ITER 310] bestGlobalCost=839706.70 (feasible=YES) bestThisIter=893539.82 feasibleAnts=9 noImprove=3 (elapsed 195.718s)
[ITER 320] bestGlobalCost=839706.70 (feasible=YES) bestThisIter=891067.66 feasibleAnts=8 noImprove=13 (elapsed 201.707s)
[ITER 330] bestGlobalCost=839706.70 (feasible=YES) bestThisIter=908248.52 feasibleAnts=10 noImprove=23 (elapsed 208.291s)
[ITER 340] bestGlobalCost=839706.70 (feasible=YES) bestThisIter=932516.75 feasibleAnts=9 noImprove=33 (elapsed 215.06s)
[ITER 350] bestGlobalCost=839706.70 (feasible=YES) bestThisIter=906631.80 feasibleAnts=10 noImprove=43 (elapsed 222.334s)
[RESET] no improvement for50-> reset pheromones
[ITER 360] bestGlobalCost=839706.70 (feasible=YES) bestThisIter=895128.10 feasibleAnts=10 noImprove=3 (elapsed 229.41s)
[ITER 370] bestGlobalCost=839706.70 (feasible=YES) bestThisIter=874741.35 feasibleAnts=6 noImprove=13 (elapsed 235.554s)
[ITER 380] bestGlobalCost=839706.70 (feasible=YES) bestThisIter=875824.61 feasibleAnts=6 noImprove=23 (elapsed 242.219s)
[ITER 390] bestGlobalCost=839706.70 (feasible=YES) bestThisIter=924010.36 feasibleAnts=7 noImprove=33 (elapsed 249.068s)
[ITER 400] bestGlobalCost=839706.70 (feasible=YES) bestThisIter=907333.96 feasibleAnts=9 noImprove=43 (elapsed 256.283s)
[RESET] no improvement for50-> reset pheromones
[ITER 410] bestGlobalCost=839706.70 (feasible=YES) bestThisIter=907571.05 feasibleAnts=8 noImprove=3 (elapsed 263.359s)
[ITER 420] bestGlobalCost=839706.70 (feasible=YES) bestThisIter=860683.79 feasibleAnts=10 noImprove=13 (elapsed 269.32s)
[ITER 426] New best cost=838696.85 (feasible=YES, time 272.74s)
[ITER 430] bestGlobalCost=838696.85 (feasible=YES) bestThisIter=839706.70 feasibleAnts=10 noImprove=4 (elapsed 274.87s)
[ITER 431] New best cost=834376.98 (feasible=YES, time 275.032s)
[ITER 435] New best cost=833525.83 (feasible=YES, time 277.258s)
[ITER 437] New best cost=832676.40 (feasible=YES, time 277.569s)
[ITER 440] New best cost=830998.65 (feasible=YES, time 280.174s)
[ITER 440] bestGlobalCost=830998.65 (feasible=YES) bestThisIter=834331.04 feasibleAnts=26 noImprove=0 (elapsed 280.178s)
[ITER 445] New best cost=826130.51 (feasible=YES, time 282.855s)
[ITER 450] bestGlobalCost=826130.51 (feasible=YES) bestThisIter=850740.01 feasibleAnts=27 noImprove=5 (elapsed 285.092s)
[ITER 455] New best cost=825628.57 (feasible=YES, time 287.603s)
[ITER 460] New best cost=824109.79 (feasible=YES, time 289.808s)
[ITER 460] bestGlobalCost=824109.79 (feasible=YES) bestThisIter=824446.05 feasibleAnts=25 noImprove=0 (elapsed 289.812s)
[ITER 461] New best cost=822827.05 (feasible=YES, time 289.992s)
[ITER 466] New best cost=822592.81 (feasible=YES, time 292.121s)
[ITER 470] bestGlobalCost=822592.81 (feasible=YES) bestThisIter=833221.01 feasibleAnts=30 noImprove=4 (elapsed 294.518s)
[ITER 480] bestGlobalCost=822592.81 (feasible=YES) bestThisIter=833957.44 feasibleAnts=13 noImprove=14 (elapsed 300.226s)
[ITER 484] New best cost=820829.85 (feasible=YES, time 301.195s)
[ITER 490] bestGlobalCost=820829.85 (feasible=YES) bestThisIter=820898.83 feasibleAnts=16 noImprove=6 (elapsed 305.148s)
[ITER 500] New best cost=820199.45 (feasible=YES, time 310.38s)
[ITER 500] bestGlobalCost=820199.45 (feasible=YES) bestThisIter=841050.39 feasibleAnts=11 noImprove=0 (elapsed 310.384s)
[ITER 507] New best cost=817584.40 (feasible=YES, time 313s)
[ITER 510] New best cost=817281.98 (feasible=YES, time 314.955s)
[ITER 510] bestGlobalCost=817281.98 (feasible=YES) bestThisIter=820199.45 feasibleAnts=13 noImprove=0 (elapsed 314.959s)
[ITER 513] New best cost=816384.40 (feasible=YES, time 315.382s)
[ITER 519] New best cost=814963.60 (feasible=YES, time 317.694s)
[ITER 520] bestGlobalCost=814963.60 (feasible=YES) bestThisIter=816268.14 feasibleAnts=27 noImprove=1 (elapsed 319.519s)
[ITER 524] New best cost=812805.14 (feasible=YES, time 320.147s)
[ITER 525] New best cost=806223.60 (feasible=YES, time 322.349s)
[ITER 526] New best cost=804902.43 (feasible=YES, time 322.569s)
[ITER 530] bestGlobalCost=804902.43 (feasible=YES) bestThisIter=803989.08 feasibleAnts=12 noImprove=4 (elapsed 325.505s)
[ITER 540] bestGlobalCost=804902.43 (feasible=YES) bestThisIter=812370.63 feasibleAnts=10 noImprove=14 (elapsed 330.516s)
[ITER 550] bestGlobalCost=804902.43 (feasible=YES) bestThisIter=821338.28 feasibleAnts=9 noImprove=24 (elapsed 336.444s)
[ITER 560] bestGlobalCost=804902.43 (feasible=YES) bestThisIter=871063.76 feasibleAnts=7 noImprove=34 (elapsed 342.867s)
[ITER 570] bestGlobalCost=804902.43 (feasible=YES) bestThisIter=877761.94 feasibleAnts=10 noImprove=44 (elapsed 349.7s)
2 3 4 5 6 7 8 80 82 83 85 87 90 
1 37 38 40 41 45 60 61 63 116 117 118 121 
29 31 32 33 34 35 36 62 64 65 71 113 114 115 120 
137 138 139 181 182 183 184 185 186 187 188 210 211 249 
142 143 144 145 164 166 167 168 170 171 172 173 222 
189 208 209 213 250 251 252 253 254 256 261 262 263 
146 147 148 163 165 223 224 225 237 238 240 242 264 
14 17 18 20 24 73 77 95 96 97 98 99 100 106 
19 21 22 23 25 26 27 28 30 70 72 74 104 
129 155 156 157 158 159 160 161 162 226 227 228 
133 134 135 196 197 198 199 200 201 202 203 204 259 260 
136 190 191 192 193 194 195 205 206 207 255 257 258 
66 67 68 69 102 103 105 107 108 109 110 111 112 
169 174 216 217 218 219 220 221 239 241 243 244 245 246 
48 50 53 54 55 56 57 58 124 125 126 127 128 
39 42 43 44 46 47 49 51 52 59 119 122 123 
9 10 11 12 13 15 16 75 76 78 79 93 
140 141 175 176 177 178 179 180 212 214 215 247 248 
149 150 151 152 153 154 229 230 231 232 233 234 235 236 
81 84 86 88 89 91 92 94 101 130 131 132 
[SAVELOGS] evolution saved to results/logs/aco_logs/evolution/pr264_20_3.txt
[SAVELOGS] best cost saved to results/logs/aco_logs/objectives/pr264_20_3.txt
[SAVELOGS] best solution saved to results/logs/aco_logs/solutions/pr264_20_3.txt
