[ITER 1] New best cost=9760928.32 (feasible=YES, time 0.274867s)
[ITER 2] New best cost=9394155.29 (feasible=YES, time 0.6198s)
[ITER 3] New best cost=9375193.60 (feasible=YES, time 0.868506s)
[ITER 4] New best cost=9315262.07 (feasible=YES, time 1.09633s)
[ITER 6] New best cost=9261420.45 (feasible=YES, time 1.9926s)
[ITER 10] bestGlobalCost=9261420.45 (feasible=YES) bestThisIter=9261420.45 feasibleAnts=18 noImprove=4 (elapsed 3.83021s)
[ITER 20] bestGlobalCost=9261420.45 (feasible=YES) bestThisIter=9315569.03 feasibleAnts=5 noImprove=14 (elapsed 7.02647s)
[ITER 30] bestGlobalCost=9261420.45 (feasible=YES) bestThisIter=9318308.95 feasibleAnts=5 noImprove=24 (elapsed 10.5702s)
[ITER 40] bestGlobalCost=9261420.45 (feasible=YES) bestThisIter=9428844.34 feasibleAnts=5 noImprove=34 (elapsed 14.9942s)
[ITER 50] bestGlobalCost=9261420.45 (feasible=YES) bestThisIter=9365085.38 feasibleAnts=5 noImprove=44 (elapsed 19.3701s)
[RESET] no improvement for50-> reset pheromones
[ITER 60] bestGlobalCost=9261420.45 (feasible=YES) bestThisIter=9261420.45 feasibleAnts=11 noImprove=4 (elapsed 22.6099s)
[ITER 70] bestGlobalCost=9261420.45 (feasible=YES) bestThisIter=9280062.79 feasibleAnts=7 noImprove=14 (elapsed 26.3412s)
[ITER 80] bestGlobalCost=9261420.45 (feasible=YES) bestThisIter=9374607.75 feasibleAnts=5 noImprove=24 (elapsed 30.216s)
[ITER 90] bestGlobalCost=9261420.45 (feasible=YES) bestThisIter=9309305.34 feasibleAnts=5 noImprove=34 (elapsed 33.5432s)
[ITER 100] bestGlobalCost=9261420.45 (feasible=YES) bestThisIter=9289964.23 feasibleAnts=5 noImprove=44 (elapsed 37.7992s)
[RESET] no improvement for50-> reset pheromones
[ITER 110] bestGlobalCost=9261420.45 (feasible=YES) bestThisIter=9261420.45 feasibleAnts=12 noImprove=4 (elapsed 41.4369s)
[ITER 120] bestGlobalCost=9261420.45 (feasible=YES) bestThisIter=9284928.72 feasibleAnts=5 noImprove=14 (elapsed 44.7369s)
[ITER 130] bestGlobalCost=9261420.45 (feasible=YES) bestThisIter=9354914.79 feasibleAnts=5 noImprove=24 (elapsed 47.9211s)
[ITER 140] bestGlobalCost=9261420.45 (feasible=YES) bestThisIter=9370851.01 feasibleAnts=5 noImprove=34 (elapsed 52.0247s)
[ITER 150] bestGlobalCost=9261420.45 (feasible=YES) bestThisIter=9402817.11 feasibleAnts=5 noImprove=44 (elapsed 55.7242s)
[RESET] no improvement for50-> reset pheromones
[ITER 160] bestGlobalCost=9261420.45 (feasible=YES) bestThisIter=9261420.45 feasibleAnts=8 noImprove=4 (elapsed 59.2853s)
[ITER 170] bestGlobalCost=9261420.45 (feasible=YES) bestThisIter=9276304.62 feasibleAnts=5 noImprove=14 (elapsed 62.4576s)
[ITER 180] bestGlobalCost=9261420.45 (feasible=YES) bestThisIter=9426471.77 feasibleAnts=5 noImprove=24 (elapsed 66.1267s)
[ITER 190] bestGlobalCost=9261420.45 (feasible=YES) bestThisIter=9339900.35 feasibleAnts=5 noImprove=34 (elapsed 70.1171s)
[ITER 200] bestGlobalCost=9261420.45 (feasible=YES) bestThisIter=9302015.51 feasibleAnts=5 noImprove=44 (elapsed 74.0128s)
[RESET] no improvement for50-> reset pheromones
[ITER 210] bestGlobalCost=9261420.45 (feasible=YES) bestThisIter=9261420.45 feasibleAnts=8 noImprove=4 (elapsed 77.2869s)
[ITER 220] bestGlobalCost=9261420.45 (feasible=YES) bestThisIter=9261420.45 feasibleAnts=5 noImprove=14 (elapsed 80.5152s)
[ITER 230] bestGlobalCost=9261420.45 (feasible=YES) bestThisIter=9389232.58 feasibleAnts=5 noImprove=24 (elapsed 84.3288s)
[ITER 240] bestGlobalCost=9261420.45 (feasible=YES) bestThisIter=9435577.83 feasibleAnts=5 noImprove=34 (elapsed 87.8983s)
[ITER 247] New best cost=9259955.81 (feasible=YES, time 90.5298s)
[ITER 250] bestGlobalCost=9259955.81 (feasible=YES) bestThisIter=9317406.70 feasibleAnts=4 noImprove=3 (elapsed 92.0564s)
[ITER 260] bestGlobalCost=9259955.81 (feasible=YES) bestThisIter=9259955.81 feasibleAnts=5 noImprove=13 (elapsed 94.658s)
[ITER 270] bestGlobalCost=9259955.81 (feasible=YES) bestThisIter=9321093.94 feasibleAnts=5 noImprove=23 (elapsed 97.8398s)
[ITER 280] bestGlobalCost=9259955.81 (feasible=YES) bestThisIter=9347727.33 feasibleAnts=5 noImprove=33 (elapsed 102.301s)
[ITER 290] bestGlobalCost=9259955.81 (feasible=YES) bestThisIter=9345374.09 feasibleAnts=5 noImprove=43 (elapsed 106.114s)
[RESET] no improvement for50-> reset pheromones
[ITER 300] bestGlobalCost=9259955.81 (feasible=YES) bestThisIter=9259955.81 feasibleAnts=7 noImprove=3 (elapsed 111.122s)
[ITER 310] bestGlobalCost=9259955.81 (feasible=YES) bestThisIter=9301120.98 feasibleAnts=5 noImprove=13 (elapsed 113.727s)
[ITER 320] bestGlobalCost=9259955.81 (feasible=YES) bestThisIter=9269827.16 feasibleAnts=5 noImprove=23 (elapsed 117.043s)
[ITER 330] bestGlobalCost=9259955.81 (feasible=YES) bestThisIter=9354014.14 feasibleAnts=5 noImprove=33 (elapsed 120.34s)
[ITER 340] bestGlobalCost=9259955.81 (feasible=YES) bestThisIter=9290599.94 feasibleAnts=5 noImprove=43 (elapsed 124.573s)
[RESET] no improvement for50-> reset pheromones
[ITER 350] bestGlobalCost=9259955.81 (feasible=YES) bestThisIter=9259955.81 feasibleAnts=6 noImprove=3 (elapsed 127.766s)
[ITER 360] bestGlobalCost=9259955.81 (feasible=YES) bestThisIter=9280586.96 feasibleAnts=5 noImprove=13 (elapsed 130.991s)
[ITER 370] bestGlobalCost=9259955.81 (feasible=YES) bestThisIter=9369273.87 feasibleAnts=5 noImprove=23 (elapsed 134.824s)
[ITER 380] bestGlobalCost=9259955.81 (feasible=YES) bestThisIter=9291059.26 feasibleAnts=5 noImprove=33 (elapsed 138.876s)
[ITER 390] bestGlobalCost=9259955.81 (feasible=YES) bestThisIter=9389918.85 feasibleAnts=5 noImprove=43 (elapsed 142.674s)
[RESET] no improvement for50-> reset pheromones
[ITER 400] bestGlobalCost=9259955.81 (feasible=YES) bestThisIter=9259955.81 feasibleAnts=7 noImprove=3 (elapsed 147.004s)
[ITER 403] New best cost=9257083.42 (feasible=YES, time 148.063s)
[ITER 410] bestGlobalCost=9257083.42 (feasible=YES) bestThisIter=9257083.42 feasibleAnts=9 noImprove=7 (elapsed 150.06s)
[ITER 420] bestGlobalCost=9257083.42 (feasible=YES) bestThisIter=9302473.70 feasibleAnts=5 noImprove=17 (elapsed 153.261s)
[ITER 430] bestGlobalCost=9257083.42 (feasible=YES) bestThisIter=9315163.93 feasibleAnts=5 noImprove=27 (elapsed 157.002s)
[ITER 440] bestGlobalCost=9257083.42 (feasible=YES) bestThisIter=9344292.16 feasibleAnts=5 noImprove=37 (elapsed 160.334s)
[ITER 450] bestGlobalCost=9257083.42 (feasible=YES) bestThisIter=9391319.28 feasibleAnts=5 noImprove=47 (elapsed 164.219s)
[RESET] no improvement for50-> reset pheromones
[ITER 460] bestGlobalCost=9257083.42 (feasible=YES) bestThisIter=9257083.42 feasibleAnts=6 noImprove=7 (elapsed 167.031s)
[ITER 463] New best cost=9255222.81 (feasible=YES, time 167.605s)
[ITER 470] bestGlobalCost=9255222.81 (feasible=YES) bestThisIter=9255222.81 feasibleAnts=6 noImprove=7 (elapsed 169.618s)
[ITER 480] bestGlobalCost=9255222.81 (feasible=YES) bestThisIter=9306364.07 feasibleAnts=5 noImprove=17 (elapsed 172.932s)
[ITER 481] New best cost=9252806.69 (feasible=YES, time 173.141s)
[ITER 490] New best cost=9232276.55 (feasible=YES, time 175.561s)
[ITER 490] bestGlobalCost=9232276.55 (feasible=YES) bestThisIter=9232276.55 feasibleAnts=6 noImprove=0 (elapsed 175.565s)
[ITER 500] bestGlobalCost=9232276.55 (feasible=YES) bestThisIter=9277709.53 feasibleAnts=5 noImprove=10 (elapsed 178.955s)
[ITER 510] bestGlobalCost=9232276.55 (feasible=YES) bestThisIter=9300504.80 feasibleAnts=5 noImprove=20 (elapsed 182.105s)
[ITER 520] bestGlobalCost=9232276.55 (feasible=YES) bestThisIter=9354955.61 feasibleAnts=5 noImprove=30 (elapsed 185.047s)
[ITER 530] bestGlobalCost=9232276.55 (feasible=YES) bestThisIter=9325549.67 feasibleAnts=5 noImprove=40 (elapsed 189.357s)
[ITER 540] bestGlobalCost=9232276.55 (feasible=YES) bestThisIter=9332522.47 feasibleAnts=5 noImprove=50 (elapsed 193.435s)
[RESET] no improvement for50-> reset pheromones
[ITER 550] bestGlobalCost=9232276.55 (feasible=YES) bestThisIter=9304537.44 feasibleAnts=5 noImprove=10 (elapsed 197.208s)
[ITER 560] bestGlobalCost=9232276.55 (feasible=YES) bestThisIter=9299684.48 feasibleAnts=6 noImprove=20 (elapsed 200.587s)
[ITER 570] bestGlobalCost=9232276.55 (feasible=YES) bestThisIter=9376189.97 feasibleAnts=6 noImprove=30 (elapsed 204.815s)
[ITER 580] bestGlobalCost=9232276.55 (feasible=YES) bestThisIter=9310815.99 feasibleAnts=5 noImprove=40 (elapsed 207.893s)
[ITER 590] bestGlobalCost=9232276.55 (feasible=YES) bestThisIter=9299477.38 feasibleAnts=5 noImprove=50 (elapsed 212.318s)
[RESET] no improvement for50-> reset pheromones
[ITER 600] bestGlobalCost=9232276.55 (feasible=YES) bestThisIter=9232276.55 feasibleAnts=5 noImprove=10 (elapsed 216.431s)
[ITER 610] bestGlobalCost=9232276.55 (feasible=YES) bestThisIter=9243290.96 feasibleAnts=5 noImprove=20 (elapsed 220.023s)
[ITER 620] bestGlobalCost=9232276.55 (feasible=YES) bestThisIter=9343130.63 feasibleAnts=5 noImprove=30 (elapsed 223.613s)
[ITER 630] bestGlobalCost=9232276.55 (feasible=YES) bestThisIter=9339671.01 feasibleAnts=5 noImprove=40 (elapsed 227.218s)
[ITER 640] bestGlobalCost=9232276.55 (feasible=YES) bestThisIter=9344364.98 feasibleAnts=5 noImprove=50 (elapsed 231.554s)
[RESET] no improvement for50-> reset pheromones
[ITER 650] bestGlobalCost=9232276.55 (feasible=YES) bestThisIter=9232276.55 feasibleAnts=5 noImprove=10 (elapsed 235.377s)
[ITER 660] bestGlobalCost=9232276.55 (feasible=YES) bestThisIter=9232276.55 feasibleAnts=5 noImprove=20 (elapsed 238.822s)
[ITER 670] bestGlobalCost=9232276.55 (feasible=YES) bestThisIter=9348290.52 feasibleAnts=5 noImprove=30 (elapsed 242.615s)
[ITER 680] bestGlobalCost=9232276.55 (feasible=YES) bestThisIter=9338458.95 feasibleAnts=5 noImprove=40 (elapsed 246.81s)
[ITER 690] bestGlobalCost=9232276.55 (feasible=YES) bestThisIter=9399996.92 feasibleAnts=5 noImprove=50 (elapsed 250.909s)
[RESET] no improvement for50-> reset pheromones
[ITER 700] bestGlobalCost=9232276.55 (feasible=YES) bestThisIter=9260135.00 feasibleAnts=6 noImprove=10 (elapsed 255.022s)
[ITER 710] bestGlobalCost=9232276.55 (feasible=YES) bestThisIter=9356621.77 feasibleAnts=5 noImprove=20 (elapsed 258.5s)
[ITER 720] bestGlobalCost=9232276.55 (feasible=YES) bestThisIter=9289766.87 feasibleAnts=5 noImprove=30 (elapsed 261.629s)
[ITER 730] bestGlobalCost=9232276.55 (feasible=YES) bestThisIter=9392339.04 feasibleAnts=5 noImprove=40 (elapsed 265.959s)
[ITER 740] bestGlobalCost=9232276.55 (feasible=YES) bestThisIter=9358709.51 feasibleAnts=5 noImprove=50 (elapsed 269.913s)
[RESET] no improvement for50-> reset pheromones
[ITER 750] bestGlobalCost=9232276.55 (feasible=YES) bestThisIter=9232276.55 feasibleAnts=7 noImprove=10 (elapsed 273.147s)
[ITER 760] bestGlobalCost=9232276.55 (feasible=YES) bestThisIter=9383602.74 feasibleAnts=5 noImprove=20 (elapsed 277.153s)
[ITER 770] bestGlobalCost=9232276.55 (feasible=YES) bestThisIter=9296243.31 feasibleAnts=5 noImprove=30 (elapsed 280.056s)
[ITER 780] bestGlobalCost=9232276.55 (feasible=YES) bestThisIter=9427324.49 feasibleAnts=5 noImprove=40 (elapsed 283.634s)
[ITER 790] bestGlobalCost=9232276.55 (feasible=YES) bestThisIter=9388126.74 feasibleAnts=5 noImprove=50 (elapsed 287.165s)
[RESET] no improvement for50-> reset pheromones
[ITER 800] bestGlobalCost=9232276.55 (feasible=YES) bestThisIter=9261950.19 feasibleAnts=5 noImprove=10 (elapsed 290.322s)
[ITER 810] bestGlobalCost=9232276.55 (feasible=YES) bestThisIter=9309465.41 feasibleAnts=5 noImprove=20 (elapsed 294.628s)
[ITER 820] bestGlobalCost=9232276.55 (feasible=YES) bestThisIter=9313882.47 feasibleAnts=6 noImprove=30 (elapsed 297.736s)
2 3 4 5 6 7 8 9 10 11 12 13 14 15 16 18 24 68 72 73 74 75 78 79 80 81 82 83 84 85 86 87 88 89 90 91 92 93 94 95 97 98 99 100 101 104 106 130 131 132 
140 141 142 143 144 145 146 147 149 158 161 162 163 164 165 166 167 168 169 170 171 172 173 174 175 176 177 181 182 215 216 217 218 219 220 221 222 224 225 228 230 238 239 240 241 242 243 244 245 246 247 248 249 254 264 
37 42 43 44 45 46 47 48 49 50 51 52 53 54 55 56 57 58 59 61 122 123 124 125 126 127 128 129 148 150 151 152 153 154 155 156 157 159 160 223 226 227 229 231 232 233 234 235 236 237 
133 134 135 136 137 138 139 178 179 180 183 184 185 186 187 188 189 190 191 192 193 194 195 196 197 198 199 200 201 202 203 204 205 206 207 208 209 210 211 212 213 214 250 251 252 253 255 256 257 258 259 260 261 262 263 
1 17 19 20 21 22 23 25 26 27 28 29 30 31 32 33 34 35 36 38 39 40 41 60 62 63 64 65 66 67 69 70 71 76 77 96 102 103 105 107 108 109 110 111 112 113 114 115 116 117 118 119 120 121 
[SAVELOGS] evolution saved to results/logs/aco_logs/evolution/pr264_05_3.txt
[SAVELOGS] best cost saved to results/logs/aco_logs/objectives/pr264_05_3.txt
[SAVELOGS] best solution saved to results/logs/aco_logs/solutions/pr264_05_3.txt
