[ITER 1] New best cost=14127450.87 (feasible=YES, time 0.353147s)
[ITER 2] New best cost=14069981.15 (feasible=YES, time 0.560525s)
[ITER 10] bestGlobalCost=14069981.15 (feasible=YES) bestThisIter=14127450.87 feasibleAnts=16 noImprove=8 (elapsed 4.16746s)
[ITER 20] bestGlobalCost=14069981.15 (feasible=YES) bestThisIter=14127450.87 feasibleAnts=12 noImprove=18 (elapsed 8.55736s)
[ITER 30] bestGlobalCost=14069981.15 (feasible=YES) bestThisIter=14108272.76 feasibleAnts=12 noImprove=28 (elapsed 13.2308s)
[ITER 40] bestGlobalCost=14069981.15 (feasible=YES) bestThisIter=14086451.92 feasibleAnts=13 noImprove=38 (elapsed 17.8783s)
[ITER 50] bestGlobalCost=14069981.15 (feasible=YES) bestThisIter=14127450.87 feasibleAnts=11 noImprove=48 (elapsed 22.5035s)
[RESET] no improvement for50-> reset pheromones
[ITER 60] bestGlobalCost=14069981.15 (feasible=YES) bestThisIter=14086451.92 feasibleAnts=16 noImprove=8 (elapsed 26.8447s)
[ITER 70] bestGlobalCost=14069981.15 (feasible=YES) bestThisIter=14086451.92 feasibleAnts=10 noImprove=18 (elapsed 31.1736s)
[ITER 80] bestGlobalCost=14069981.15 (feasible=YES) bestThisIter=14127450.87 feasibleAnts=13 noImprove=28 (elapsed 35.6351s)
[ITER 90] bestGlobalCost=14069981.15 (feasible=YES) bestThisIter=14086451.92 feasibleAnts=13 noImprove=38 (elapsed 40.2704s)
[ITER 100] bestGlobalCost=14069981.15 (feasible=YES) bestThisIter=14086451.92 feasibleAnts=10 noImprove=48 (elapsed 44.9353s)
[RESET] no improvement for50-> reset pheromones
[ITER 110] bestGlobalCost=14069981.15 (feasible=YES) bestThisIter=14086451.92 feasibleAnts=18 noImprove=8 (elapsed 49.4885s)
[ITER 120] bestGlobalCost=14069981.15 (feasible=YES) bestThisIter=14086451.92 feasibleAnts=12 noImprove=18 (elapsed 54.1639s)
[ITER 130] bestGlobalCost=14069981.15 (feasible=YES) bestThisIter=14086451.92 feasibleAnts=15 noImprove=28 (elapsed 58.811s)
[ITER 140] bestGlobalCost=14069981.15 (feasible=YES) bestThisIter=14086451.92 feasibleAnts=10 noImprove=38 (elapsed 63.5007s)
[ITER 150] bestGlobalCost=14069981.15 (feasible=YES) bestThisIter=14180916.64 feasibleAnts=12 noImprove=48 (elapsed 68.0312s)
[RESET] no improvement for50-> reset pheromones
[ITER 160] bestGlobalCost=14069981.15 (feasible=YES) bestThisIter=14127450.87 feasibleAnts=18 noImprove=8 (elapsed 72.4333s)
[ITER 170] bestGlobalCost=14069981.15 (feasible=YES) bestThisIter=14087523.16 feasibleAnts=13 noImprove=18 (elapsed 76.7253s)
[ITER 180] bestGlobalCost=14069981.15 (feasible=YES) bestThisIter=14087523.16 feasibleAnts=10 noImprove=28 (elapsed 81.4816s)
[ITER 190] bestGlobalCost=14069981.15 (feasible=YES) bestThisIter=14086451.92 feasibleAnts=11 noImprove=38 (elapsed 86.3668s)
[ITER 200] bestGlobalCost=14069981.15 (feasible=YES) bestThisIter=14086451.92 feasibleAnts=10 noImprove=48 (elapsed 91.2208s)
[RESET] no improvement for50-> reset pheromones
[ITER 210] bestGlobalCost=14069981.15 (feasible=YES) bestThisIter=14108272.76 feasibleAnts=15 noImprove=8 (elapsed 95.8113s)
[ITER 220] bestGlobalCost=14069981.15 (feasible=YES) bestThisIter=14086451.92 feasibleAnts=13 noImprove=18 (elapsed 100.335s)
[ITER 230] bestGlobalCost=14069981.15 (feasible=YES) bestThisIter=14086451.92 feasibleAnts=13 noImprove=28 (elapsed 104.875s)
[ITER 240] bestGlobalCost=14069981.15 (feasible=YES) bestThisIter=14108272.76 feasibleAnts=11 noImprove=38 (elapsed 109.626s)
[ITER 250] bestGlobalCost=14069981.15 (feasible=YES) bestThisIter=14086451.92 feasibleAnts=10 noImprove=48 (elapsed 114.398s)
[RESET] no improvement for50-> reset pheromones
[ITER 260] bestGlobalCost=14069981.15 (feasible=YES) bestThisIter=14111284.70 feasibleAnts=14 noImprove=8 (elapsed 118.684s)
[ITER 270] bestGlobalCost=14069981.15 (feasible=YES) bestThisIter=14086451.92 feasibleAnts=12 noImprove=18 (elapsed 122.849s)
[ITER 280] bestGlobalCost=14069981.15 (feasible=YES) bestThisIter=14087523.16 feasibleAnts=11 noImprove=28 (elapsed 127.52s)
[ITER 290] bestGlobalCost=14069981.15 (feasible=YES) bestThisIter=14086451.92 feasibleAnts=10 noImprove=38 (elapsed 132.248s)
[ITER 300] bestGlobalCost=14069981.15 (feasible=YES) bestThisIter=14086451.92 feasibleAnts=10 noImprove=48 (elapsed 137.039s)
[RESET] no improvement for50-> reset pheromones
[ITER 310] bestGlobalCost=14069981.15 (feasible=YES) bestThisIter=14127450.87 feasibleAnts=17 noImprove=8 (elapsed 141.265s)
[ITER 320] bestGlobalCost=14069981.15 (feasible=YES) bestThisIter=14086451.92 feasibleAnts=14 noImprove=18 (elapsed 145.797s)
[ITER 330] bestGlobalCost=14069981.15 (feasible=YES) bestThisIter=14086451.92 feasibleAnts=12 noImprove=28 (elapsed 150.411s)
[ITER 340] bestGlobalCost=14069981.15 (feasible=YES) bestThisIter=14086451.92 feasibleAnts=10 noImprove=38 (elapsed 154.766s)
[ITER 350] bestGlobalCost=14069981.15 (feasible=YES) bestThisIter=14159721.70 feasibleAnts=12 noImprove=48 (elapsed 159.617s)
[RESET] no improvement for50-> reset pheromones
[ITER 360] bestGlobalCost=14069981.15 (feasible=YES) bestThisIter=14185935.34 feasibleAnts=18 noImprove=8 (elapsed 164.033s)
[ITER 370] bestGlobalCost=14069981.15 (feasible=YES) bestThisIter=14086451.92 feasibleAnts=11 noImprove=18 (elapsed 168.388s)
[ITER 380] bestGlobalCost=14069981.15 (feasible=YES) bestThisIter=14127450.87 feasibleAnts=13 noImprove=28 (elapsed 172.911s)
[ITER 390] bestGlobalCost=14069981.15 (feasible=YES) bestThisIter=14086451.92 feasibleAnts=11 noImprove=38 (elapsed 177.672s)
[ITER 400] bestGlobalCost=14069981.15 (feasible=YES) bestThisIter=14086451.92 feasibleAnts=12 noImprove=48 (elapsed 182.815s)
[RESET] no improvement for50-> reset pheromones
[ITER 410] bestGlobalCost=14069981.15 (feasible=YES) bestThisIter=14108272.76 feasibleAnts=15 noImprove=8 (elapsed 187.068s)
[ITER 420] bestGlobalCost=14069981.15 (feasible=YES) bestThisIter=14108272.76 feasibleAnts=13 noImprove=18 (elapsed 191.509s)
[ITER 430] bestGlobalCost=14069981.15 (feasible=YES) bestThisIter=14086451.92 feasibleAnts=11 noImprove=28 (elapsed 195.985s)
[ITER 440] bestGlobalCost=14069981.15 (feasible=YES) bestThisIter=14179152.49 feasibleAnts=10 noImprove=38 (elapsed 200.492s)
[ITER 450] bestGlobalCost=14069981.15 (feasible=YES) bestThisIter=14087523.16 feasibleAnts=10 noImprove=48 (elapsed 205.274s)
[RESET] no improvement for50-> reset pheromones
[ITER 460] bestGlobalCost=14069981.15 (feasible=YES) bestThisIter=14127450.87 feasibleAnts=17 noImprove=8 (elapsed 209.756s)
[ITER 470] bestGlobalCost=14069981.15 (feasible=YES) bestThisIter=14086451.92 feasibleAnts=12 noImprove=18 (elapsed 214.088s)
[ITER 480] bestGlobalCost=14069981.15 (feasible=YES) bestThisIter=14086451.92 feasibleAnts=12 noImprove=28 (elapsed 218.713s)
[ITER 490] bestGlobalCost=14069981.15 (feasible=YES) bestThisIter=14086451.92 feasibleAnts=11 noImprove=38 (elapsed 223.277s)
[ITER 500] bestGlobalCost=14069981.15 (feasible=YES) bestThisIter=14086451.92 feasibleAnts=11 noImprove=48 (elapsed 227.933s)
[RESET] no improvement for50-> reset pheromones
[ITER 510] bestGlobalCost=14069981.15 (feasible=YES) bestThisIter=14108272.76 feasibleAnts=18 noImprove=8 (elapsed 232.288s)
[ITER 520] bestGlobalCost=14069981.15 (feasible=YES) bestThisIter=14086451.92 feasibleAnts=13 noImprove=18 (elapsed 236.698s)
[ITER 530] bestGlobalCost=14069981.15 (feasible=YES) bestThisIter=14086451.92 feasibleAnts=11 noImprove=28 (elapsed 241.383s)
[ITER 540] bestGlobalCost=14069981.15 (feasible=YES) bestThisIter=14086451.92 feasibleAnts=13 noImprove=38 (elapsed 245.83s)
[ITER 550] bestGlobalCost=14069981.15 (feasible=YES) bestThisIter=14086451.92 feasibleAnts=10 noImprove=48 (elapsed 250.523s)
[RESET] no improvement for50-> reset pheromones
[ITER 560] bestGlobalCost=14069981.15 (feasible=YES) bestThisIter=14087523.16 feasibleAnts=15 noImprove=8 (elapsed 254.933s)
[ITER 570] bestGlobalCost=14069981.15 (feasible=YES) bestThisIter=14151610.46 feasibleAnts=11 noImprove=18 (elapsed 259.269s)
[ITER 580] bestGlobalCost=14069981.15 (feasible=YES) bestThisIter=14086451.92 feasibleAnts=10 noImprove=28 (elapsed 263.613s)
[ITER 590] bestGlobalCost=14069981.15 (feasible=YES) bestThisIter=14086451.92 feasibleAnts=10 noImprove=38 (elapsed 268.574s)
[ITER 600] bestGlobalCost=14069981.15 (feasible=YES) bestThisIter=14111284.70 feasibleAnts=11 noImprove=48 (elapsed 273.473s)
[RESET] no improvement for50-> reset pheromones
[ITER 610] bestGlobalCost=14069981.15 (feasible=YES) bestThisIter=14087523.16 feasibleAnts=17 noImprove=8 (elapsed 278.166s)
[ITER 620] bestGlobalCost=14069981.15 (feasible=YES) bestThisIter=14086451.92 feasibleAnts=10 noImprove=18 (elapsed 282.616s)
[ITER 630] bestGlobalCost=14069981.15 (feasible=YES) bestThisIter=14086451.92 feasibleAnts=10 noImprove=28 (elapsed 287.491s)
[ITER 640] bestGlobalCost=14069981.15 (feasible=YES) bestThisIter=14108272.76 feasibleAnts=10 noImprove=38 (elapsed 292.211s)
[ITER 650] bestGlobalCost=14069981.15 (feasible=YES) bestThisIter=14086451.92 feasibleAnts=10 noImprove=48 (elapsed 296.878s)
[RESET] no improvement for50-> reset pheromones
[ITER 660] bestGlobalCost=14069981.15 (feasible=YES) bestThisIter=14086451.92 feasibleAnts=13 noImprove=8 (elapsed 301.266s)
21 22 23 24 25 26 27 28 29 30 31 32 33 34 35 36 37 38 39 40 41 42 43 44 45 46 47 48 49 50 51 52 54 55 56 57 58 59 60 61 62 63 64 87 88 89 90 102 
137 139 140 141 142 143 148 149 150 151 152 153 154 155 156 157 158 159 160 161 162 163 164 165 166 167 168 169 170 171 172 173 174 175 176 177 178 179 180 181 182 183 184 185 187 188 189 190 
91 92 93 94 95 96 97 98 99 100 101 103 104 105 106 107 108 109 110 111 112 113 114 115 116 117 118 119 120 121 126 127 133 134 135 136 138 144 145 146 147 186 
122 123 124 125 128 129 130 131 132 191 192 193 194 195 196 197 198 199 200 201 202 203 204 205 206 207 208 209 210 211 212 213 214 215 216 217 218 219 220 221 222 223 224 225 226 
1 2 3 4 5 6 7 8 9 10 11 12 13 14 15 16 17 18 19 20 53 65 66 67 68 69 70 71 72 73 74 75 76 77 78 79 80 81 82 83 84 85 86 
[SAVELOGS] evolution saved to results/logs/aco_logs/evolution/pr226_05_2.txt
[SAVELOGS] best cost saved to results/logs/aco_logs/objectives/pr226_05_2.txt
[SAVELOGS] best solution saved to results/logs/aco_logs/solutions/pr226_05_2.txt
