[ITER 1] New best cost=14195905.95 (feasible=YES, time 0.27892s)
[ITER 2] New best cost=14069981.15 (feasible=YES, time 0.477259s)
[ITER 10] bestGlobalCost=14069981.15 (feasible=YES) bestThisIter=14087523.16 feasibleAnts=15 noImprove=8 (elapsed 3.65921s)
[ITER 20] bestGlobalCost=14069981.15 (feasible=YES) bestThisIter=14087523.16 feasibleAnts=11 noImprove=18 (elapsed 7.71288s)
[ITER 30] bestGlobalCost=14069981.15 (feasible=YES) bestThisIter=14086451.92 feasibleAnts=13 noImprove=28 (elapsed 11.8108s)
[ITER 40] bestGlobalCost=14069981.15 (feasible=YES) bestThisIter=14087523.16 feasibleAnts=11 noImprove=38 (elapsed 15.7222s)
[ITER 50] bestGlobalCost=14069981.15 (feasible=YES) bestThisIter=14186641.95 feasibleAnts=10 noImprove=48 (elapsed 19.8975s)
[RESET] no improvement for50-> reset pheromones
[ITER 60] bestGlobalCost=14069981.15 (feasible=YES) bestThisIter=14086451.92 feasibleAnts=15 noImprove=8 (elapsed 23.8154s)
[ITER 70] bestGlobalCost=14069981.15 (feasible=YES) bestThisIter=14127450.87 feasibleAnts=13 noImprove=18 (elapsed 27.5743s)
[ITER 80] bestGlobalCost=14069981.15 (feasible=YES) bestThisIter=14127450.87 feasibleAnts=10 noImprove=28 (elapsed 31.3991s)
[ITER 90] bestGlobalCost=14069981.15 (feasible=YES) bestThisIter=14086451.92 feasibleAnts=11 noImprove=38 (elapsed 35.2645s)
[ITER 100] bestGlobalCost=14069981.15 (feasible=YES) bestThisIter=14086451.92 feasibleAnts=11 noImprove=48 (elapsed 39.0098s)
[RESET] no improvement for50-> reset pheromones
[ITER 110] bestGlobalCost=14069981.15 (feasible=YES) bestThisIter=14086451.92 feasibleAnts=16 noImprove=8 (elapsed 42.8669s)
[ITER 120] bestGlobalCost=14069981.15 (feasible=YES) bestThisIter=14086451.92 feasibleAnts=13 noImprove=18 (elapsed 46.464s)
[ITER 130] bestGlobalCost=14069981.15 (feasible=YES) bestThisIter=14151610.46 feasibleAnts=13 noImprove=28 (elapsed 50.4254s)
[ITER 140] bestGlobalCost=14069981.15 (feasible=YES) bestThisIter=14136604.67 feasibleAnts=10 noImprove=38 (elapsed 54.3301s)
[ITER 150] bestGlobalCost=14069981.15 (feasible=YES) bestThisIter=14087523.16 feasibleAnts=12 noImprove=48 (elapsed 58.4556s)
[RESET] no improvement for50-> reset pheromones
[ITER 160] bestGlobalCost=14069981.15 (feasible=YES) bestThisIter=14087523.16 feasibleAnts=14 noImprove=8 (elapsed 62.3053s)
[ITER 170] bestGlobalCost=14069981.15 (feasible=YES) bestThisIter=14086451.92 feasibleAnts=13 noImprove=18 (elapsed 65.4468s)
[ITER 180] bestGlobalCost=14069981.15 (feasible=YES) bestThisIter=14111284.70 feasibleAnts=11 noImprove=28 (elapsed 69.5548s)
[ITER 190] bestGlobalCost=14069981.15 (feasible=YES) bestThisIter=14086451.92 feasibleAnts=12 noImprove=38 (elapsed 73.8748s)
[ITER 200] bestGlobalCost=14069981.15 (feasible=YES) bestThisIter=14086451.92 feasibleAnts=11 noImprove=48 (elapsed 78.25s)
[RESET] no improvement for50-> reset pheromones
[ITER 210] bestGlobalCost=14069981.15 (feasible=YES) bestThisIter=14165238.30 feasibleAnts=12 noImprove=8 (elapsed 81.6409s)
[ITER 220] bestGlobalCost=14069981.15 (feasible=YES) bestThisIter=14087523.16 feasibleAnts=16 noImprove=18 (elapsed 85.68s)
[ITER 230] bestGlobalCost=14069981.15 (feasible=YES) bestThisIter=14087523.16 feasibleAnts=12 noImprove=28 (elapsed 89.1996s)
[ITER 240] bestGlobalCost=14069981.15 (feasible=YES) bestThisIter=14086451.92 feasibleAnts=10 noImprove=38 (elapsed 93.4341s)
[ITER 250] bestGlobalCost=14069981.15 (feasible=YES) bestThisIter=14086451.92 feasibleAnts=10 noImprove=48 (elapsed 97.1037s)
[RESET] no improvement for50-> reset pheromones
[ITER 260] bestGlobalCost=14069981.15 (feasible=YES) bestThisIter=14151610.46 feasibleAnts=18 noImprove=8 (elapsed 100.993s)
[ITER 270] bestGlobalCost=14069981.15 (feasible=YES) bestThisIter=14087523.16 feasibleAnts=14 noImprove=18 (elapsed 104.466s)
[ITER 280] bestGlobalCost=14069981.15 (feasible=YES) bestThisIter=14086451.92 feasibleAnts=15 noImprove=28 (elapsed 108.526s)
[ITER 290] bestGlobalCost=14069981.15 (feasible=YES) bestThisIter=14086451.92 feasibleAnts=10 noImprove=38 (elapsed 112.187s)
[ITER 300] bestGlobalCost=14069981.15 (feasible=YES) bestThisIter=14086451.92 feasibleAnts=12 noImprove=48 (elapsed 116.255s)
[RESET] no improvement for50-> reset pheromones
[ITER 310] bestGlobalCost=14069981.15 (feasible=YES) bestThisIter=14086451.92 feasibleAnts=16 noImprove=8 (elapsed 119.754s)
[ITER 320] bestGlobalCost=14069981.15 (feasible=YES) bestThisIter=14086451.92 feasibleAnts=10 noImprove=18 (elapsed 123.602s)
[ITER 330] bestGlobalCost=14069981.15 (feasible=YES) bestThisIter=14151610.46 feasibleAnts=10 noImprove=28 (elapsed 127.532s)
[ITER 340] bestGlobalCost=14069981.15 (feasible=YES) bestThisIter=14086451.92 feasibleAnts=11 noImprove=38 (elapsed 131.661s)
[ITER 350] bestGlobalCost=14069981.15 (feasible=YES) bestThisIter=14086451.92 feasibleAnts=11 noImprove=48 (elapsed 135.468s)
[RESET] no improvement for50-> reset pheromones
[ITER 360] bestGlobalCost=14069981.15 (feasible=YES) bestThisIter=14108272.76 feasibleAnts=21 noImprove=8 (elapsed 138.962s)
[ITER 370] bestGlobalCost=14069981.15 (feasible=YES) bestThisIter=14086451.92 feasibleAnts=12 noImprove=18 (elapsed 142.552s)
[ITER 380] bestGlobalCost=14069981.15 (feasible=YES) bestThisIter=14087523.16 feasibleAnts=11 noImprove=28 (elapsed 146.156s)
[ITER 390] bestGlobalCost=14069981.15 (feasible=YES) bestThisIter=14086451.92 feasibleAnts=10 noImprove=38 (elapsed 150.172s)
[ITER 400] bestGlobalCost=14069981.15 (feasible=YES) bestThisIter=14086451.92 feasibleAnts=11 noImprove=48 (elapsed 154.046s)
[RESET] no improvement for50-> reset pheromones
[ITER 410] bestGlobalCost=14069981.15 (feasible=YES) bestThisIter=14958341.74 feasibleAnts=12 noImprove=8 (elapsed 158.113s)
[ITER 420] bestGlobalCost=14069981.15 (feasible=YES) bestThisIter=14086451.92 feasibleAnts=13 noImprove=18 (elapsed 162.041s)
[ITER 430] bestGlobalCost=14069981.15 (feasible=YES) bestThisIter=14214135.46 feasibleAnts=11 noImprove=28 (elapsed 165.791s)
[ITER 440] bestGlobalCost=14069981.15 (feasible=YES) bestThisIter=14086451.92 feasibleAnts=10 noImprove=38 (elapsed 170.097s)
[ITER 450] bestGlobalCost=14069981.15 (feasible=YES) bestThisIter=14086451.92 feasibleAnts=10 noImprove=48 (elapsed 173.868s)
[RESET] no improvement for50-> reset pheromones
[ITER 460] bestGlobalCost=14069981.15 (feasible=YES) bestThisIter=14156120.07 feasibleAnts=18 noImprove=8 (elapsed 177.791s)
[ITER 470] bestGlobalCost=14069981.15 (feasible=YES) bestThisIter=14086451.92 feasibleAnts=11 noImprove=18 (elapsed 181.204s)
[ITER 480] bestGlobalCost=14069981.15 (feasible=YES) bestThisIter=14086451.92 feasibleAnts=11 noImprove=28 (elapsed 185.346s)
[ITER 490] bestGlobalCost=14069981.15 (feasible=YES) bestThisIter=14086451.92 feasibleAnts=13 noImprove=38 (elapsed 188.867s)
[ITER 500] bestGlobalCost=14069981.15 (feasible=YES) bestThisIter=14086451.92 feasibleAnts=10 noImprove=48 (elapsed 193.038s)
[RESET] no improvement for50-> reset pheromones
[ITER 510] bestGlobalCost=14069981.15 (feasible=YES) bestThisIter=14127450.87 feasibleAnts=16 noImprove=8 (elapsed 197.257s)
[ITER 520] bestGlobalCost=14069981.15 (feasible=YES) bestThisIter=14086451.92 feasibleAnts=12 noImprove=18 (elapsed 201.591s)
[ITER 530] bestGlobalCost=14069981.15 (feasible=YES) bestThisIter=14086451.92 feasibleAnts=14 noImprove=28 (elapsed 206.019s)
[ITER 540] bestGlobalCost=14069981.15 (feasible=YES) bestThisIter=14108272.76 feasibleAnts=10 noImprove=38 (elapsed 210.966s)
[ITER 550] bestGlobalCost=14069981.15 (feasible=YES) bestThisIter=14127450.87 feasibleAnts=10 noImprove=48 (elapsed 215.738s)
[RESET] no improvement for50-> reset pheromones
[ITER 560] bestGlobalCost=14069981.15 (feasible=YES) bestThisIter=14108272.76 feasibleAnts=12 noImprove=8 (elapsed 220.109s)
[ITER 570] bestGlobalCost=14069981.15 (feasible=YES) bestThisIter=14086451.92 feasibleAnts=11 noImprove=18 (elapsed 227.135s)
[ITER 580] bestGlobalCost=14069981.15 (feasible=YES) bestThisIter=14086451.92 feasibleAnts=11 noImprove=28 (elapsed 233.782s)
[ITER 590] bestGlobalCost=14069981.15 (feasible=YES) bestThisIter=14158434.66 feasibleAnts=11 noImprove=38 (elapsed 239.098s)
[ITER 600] bestGlobalCost=14069981.15 (feasible=YES) bestThisIter=14087523.16 feasibleAnts=10 noImprove=48 (elapsed 245.092s)
[RESET] no improvement for50-> reset pheromones
[ITER 610] bestGlobalCost=14069981.15 (feasible=YES) bestThisIter=14165238.30 feasibleAnts=17 noImprove=8 (elapsed 249.975s)
[ITER 620] bestGlobalCost=14069981.15 (feasible=YES) bestThisIter=14087523.16 feasibleAnts=12 noImprove=18 (elapsed 254.944s)
[ITER 630] bestGlobalCost=14069981.15 (feasible=YES) bestThisIter=14086451.92 feasibleAnts=12 noImprove=28 (elapsed 259.762s)
[ITER 640] bestGlobalCost=14069981.15 (feasible=YES) bestThisIter=14214135.46 feasibleAnts=11 noImprove=38 (elapsed 264.746s)
[ITER 650] bestGlobalCost=14069981.15 (feasible=YES) bestThisIter=14086451.92 feasibleAnts=12 noImprove=48 (elapsed 270.098s)
[RESET] no improvement for50-> reset pheromones
[ITER 660] bestGlobalCost=14069981.15 (feasible=YES) bestThisIter=14086451.92 feasibleAnts=13 noImprove=8 (elapsed 274.806s)
[ITER 670] bestGlobalCost=14069981.15 (feasible=YES) bestThisIter=14108272.76 feasibleAnts=12 noImprove=18 (elapsed 279.594s)
[ITER 680] bestGlobalCost=14069981.15 (feasible=YES) bestThisIter=14086451.92 feasibleAnts=12 noImprove=28 (elapsed 284.36s)
[ITER 690] bestGlobalCost=14069981.15 (feasible=YES) bestThisIter=14086451.92 feasibleAnts=10 noImprove=38 (elapsed 289.487s)
[ITER 700] bestGlobalCost=14069981.15 (feasible=YES) bestThisIter=14120643.10 feasibleAnts=12 noImprove=48 (elapsed 294.707s)
[RESET] no improvement for50-> reset pheromones
[ITER 710] bestGlobalCost=14069981.15 (feasible=YES) bestThisIter=14127450.87 feasibleAnts=20 noImprove=8 (elapsed 299.26s)
122 123 124 125 128 129 130 131 132 191 192 193 194 195 196 197 198 199 200 201 202 203 204 205 206 207 208 209 210 211 212 213 214 215 216 217 218 219 220 221 222 223 224 225 226 
137 139 140 141 142 143 148 149 150 151 152 153 154 155 156 157 158 159 160 161 162 163 164 165 166 167 168 169 170 171 172 173 174 175 176 177 178 179 180 181 182 183 184 185 187 188 189 190 
1 2 3 4 5 6 7 8 9 10 11 12 13 14 15 16 17 18 19 20 53 65 66 67 68 69 70 71 72 73 74 75 76 77 78 79 80 81 82 83 84 85 86 
21 22 23 24 25 26 27 28 29 30 31 32 33 34 35 36 37 38 39 40 41 42 43 44 45 46 47 48 49 50 51 52 54 55 56 57 58 59 60 61 62 63 64 87 88 89 90 102 
91 92 93 94 95 96 97 98 99 100 101 103 104 105 106 107 108 109 110 111 112 113 114 115 116 117 118 119 120 121 126 127 133 134 135 136 138 144 145 146 147 186 
[SAVELOGS] evolution saved to results/logs/aco_logs/evolution/pr226_05_2.txt
[SAVELOGS] best cost saved to results/logs/aco_logs/objectives/pr226_05_2.txt
[SAVELOGS] best solution saved to results/logs/aco_logs/solutions/pr226_05_2.txt
