[ITER 1] New best cost=14123364.50 (feasible=YES, time 0.3624s)
[ITER 2] New best cost=14117367.24 (feasible=YES, time 0.583874s)
[ITER 4] New best cost=14103595.38 (feasible=YES, time 1.02507s)
[ITER 6] New best cost=14093245.42 (feasible=YES, time 1.50433s)
[ITER 10] bestGlobalCost=14093245.42 (feasible=YES) bestThisIter=14103595.38 feasibleAnts=19 noImprove=4 (elapsed 5.52633s)
[ITER 20] bestGlobalCost=14093245.42 (feasible=YES) bestThisIter=14123348.58 feasibleAnts=14 noImprove=14 (elapsed 12.4742s)
[ITER 30] bestGlobalCost=14093245.42 (feasible=YES) bestThisIter=14103595.38 feasibleAnts=13 noImprove=24 (elapsed 18.7713s)
[ITER 40] bestGlobalCost=14093245.42 (feasible=YES) bestThisIter=14100992.52 feasibleAnts=10 noImprove=34 (elapsed 24.8222s)
[ITER 50] bestGlobalCost=14093245.42 (feasible=YES) bestThisIter=14103595.38 feasibleAnts=10 noImprove=44 (elapsed 30.54s)
[RESET] no improvement for50-> reset pheromones
[ITER 57] New best cost=14069981.15 (feasible=YES, time 33.5278s)
[ITER 60] bestGlobalCost=14069981.15 (feasible=YES) bestThisIter=14086451.92 feasibleAnts=22 noImprove=3 (elapsed 36.1144s)
[ITER 70] bestGlobalCost=14069981.15 (feasible=YES) bestThisIter=14087523.16 feasibleAnts=12 noImprove=13 (elapsed 40.2521s)
[ITER 80] bestGlobalCost=14069981.15 (feasible=YES) bestThisIter=14087523.16 feasibleAnts=10 noImprove=23 (elapsed 44.7318s)
[ITER 90] bestGlobalCost=14069981.15 (feasible=YES) bestThisIter=14108272.76 feasibleAnts=10 noImprove=33 (elapsed 48.6203s)
[ITER 100] bestGlobalCost=14069981.15 (feasible=YES) bestThisIter=14108272.76 feasibleAnts=11 noImprove=43 (elapsed 53.0485s)
[RESET] no improvement for50-> reset pheromones
[ITER 110] bestGlobalCost=14069981.15 (feasible=YES) bestThisIter=14086451.92 feasibleAnts=20 noImprove=3 (elapsed 57.7456s)
[ITER 120] bestGlobalCost=14069981.15 (feasible=YES) bestThisIter=14111284.70 feasibleAnts=12 noImprove=13 (elapsed 61.6927s)
[ITER 130] bestGlobalCost=14069981.15 (feasible=YES) bestThisIter=14086451.92 feasibleAnts=12 noImprove=23 (elapsed 66.2327s)
[ITER 140] bestGlobalCost=14069981.15 (feasible=YES) bestThisIter=14086451.92 feasibleAnts=11 noImprove=33 (elapsed 70.7855s)
[ITER 150] bestGlobalCost=14069981.15 (feasible=YES) bestThisIter=14086451.92 feasibleAnts=12 noImprove=43 (elapsed 75.3864s)
[RESET] no improvement for50-> reset pheromones
[ITER 160] bestGlobalCost=14069981.15 (feasible=YES) bestThisIter=14087523.16 feasibleAnts=21 noImprove=3 (elapsed 79.9893s)
[ITER 170] bestGlobalCost=14069981.15 (feasible=YES) bestThisIter=14087523.16 feasibleAnts=11 noImprove=13 (elapsed 84.3801s)
[ITER 180] bestGlobalCost=14069981.15 (feasible=YES) bestThisIter=14127450.87 feasibleAnts=13 noImprove=23 (elapsed 88.7531s)
[ITER 190] bestGlobalCost=14069981.15 (feasible=YES) bestThisIter=14086451.92 feasibleAnts=10 noImprove=33 (elapsed 93.3157s)
[ITER 200] bestGlobalCost=14069981.15 (feasible=YES) bestThisIter=14086451.92 feasibleAnts=11 noImprove=43 (elapsed 97.9823s)
[RESET] no improvement for50-> reset pheromones
[ITER 210] bestGlobalCost=14069981.15 (feasible=YES) bestThisIter=14086451.92 feasibleAnts=23 noImprove=3 (elapsed 102.614s)
[ITER 220] bestGlobalCost=14069981.15 (feasible=YES) bestThisIter=14087523.16 feasibleAnts=15 noImprove=13 (elapsed 106.58s)
[ITER 230] bestGlobalCost=14069981.15 (feasible=YES) bestThisIter=14086451.92 feasibleAnts=12 noImprove=23 (elapsed 110.984s)
[ITER 240] bestGlobalCost=14069981.15 (feasible=YES) bestThisIter=14086451.92 feasibleAnts=11 noImprove=33 (elapsed 115.457s)
[ITER 250] bestGlobalCost=14069981.15 (feasible=YES) bestThisIter=14086451.92 feasibleAnts=12 noImprove=43 (elapsed 120.009s)
[RESET] no improvement for50-> reset pheromones
[ITER 260] bestGlobalCost=14069981.15 (feasible=YES) bestThisIter=14879971.36 feasibleAnts=14 noImprove=3 (elapsed 124.605s)
[ITER 270] bestGlobalCost=14069981.15 (feasible=YES) bestThisIter=14086451.92 feasibleAnts=15 noImprove=13 (elapsed 128.516s)
[ITER 280] bestGlobalCost=14069981.15 (feasible=YES) bestThisIter=14127450.87 feasibleAnts=13 noImprove=23 (elapsed 132.802s)
[ITER 290] bestGlobalCost=14069981.15 (feasible=YES) bestThisIter=14086451.92 feasibleAnts=10 noImprove=33 (elapsed 137.293s)
[ITER 300] bestGlobalCost=14069981.15 (feasible=YES) bestThisIter=14120643.10 feasibleAnts=12 noImprove=43 (elapsed 141.965s)
[RESET] no improvement for50-> reset pheromones
[ITER 310] bestGlobalCost=14069981.15 (feasible=YES) bestThisIter=14086451.92 feasibleAnts=22 noImprove=3 (elapsed 146.603s)
[ITER 320] bestGlobalCost=14069981.15 (feasible=YES) bestThisIter=14108272.76 feasibleAnts=16 noImprove=13 (elapsed 150.619s)
[ITER 330] bestGlobalCost=14069981.15 (feasible=YES) bestThisIter=14086451.92 feasibleAnts=11 noImprove=23 (elapsed 154.79s)
[ITER 340] bestGlobalCost=14069981.15 (feasible=YES) bestThisIter=14086451.92 feasibleAnts=12 noImprove=33 (elapsed 159.399s)
[ITER 350] bestGlobalCost=14069981.15 (feasible=YES) bestThisIter=14086451.92 feasibleAnts=10 noImprove=43 (elapsed 164.015s)
[RESET] no improvement for50-> reset pheromones
[ITER 360] bestGlobalCost=14069981.15 (feasible=YES) bestThisIter=14086451.92 feasibleAnts=18 noImprove=3 (elapsed 168.797s)
[ITER 370] bestGlobalCost=14069981.15 (feasible=YES) bestThisIter=14086451.92 feasibleAnts=17 noImprove=13 (elapsed 172.738s)
[ITER 380] bestGlobalCost=14069981.15 (feasible=YES) bestThisIter=14111284.70 feasibleAnts=13 noImprove=23 (elapsed 176.859s)
[ITER 390] bestGlobalCost=14069981.15 (feasible=YES) bestThisIter=14141553.35 feasibleAnts=12 noImprove=33 (elapsed 181.28s)
[ITER 400] bestGlobalCost=14069981.15 (feasible=YES) bestThisIter=14127450.87 feasibleAnts=11 noImprove=43 (elapsed 191.353s)
[RESET] no improvement for50-> reset pheromones
[ITER 410] bestGlobalCost=14069981.15 (feasible=YES) bestThisIter=14127450.87 feasibleAnts=16 noImprove=3 (elapsed 200.865s)
[ITER 420] bestGlobalCost=14069981.15 (feasible=YES) bestThisIter=14086451.92 feasibleAnts=12 noImprove=13 (elapsed 210.788s)
[ITER 430] bestGlobalCost=14069981.15 (feasible=YES) bestThisIter=14108272.76 feasibleAnts=10 noImprove=23 (elapsed 216.306s)
[ITER 440] bestGlobalCost=14069981.15 (feasible=YES) bestThisIter=14086451.92 feasibleAnts=13 noImprove=33 (elapsed 224.955s)
[ITER 450] bestGlobalCost=14069981.15 (feasible=YES) bestThisIter=14086451.92 feasibleAnts=10 noImprove=43 (elapsed 233.106s)
[RESET] no improvement for50-> reset pheromones
[ITER 460] bestGlobalCost=14069981.15 (feasible=YES) bestThisIter=14086451.92 feasibleAnts=19 noImprove=3 (elapsed 241.458s)
[ITER 470] bestGlobalCost=14069981.15 (feasible=YES) bestThisIter=14120643.10 feasibleAnts=11 noImprove=13 (elapsed 246.212s)
[ITER 480] bestGlobalCost=14069981.15 (feasible=YES) bestThisIter=14087523.16 feasibleAnts=13 noImprove=23 (elapsed 251.444s)
[ITER 490] bestGlobalCost=14069981.15 (feasible=YES) bestThisIter=14127450.87 feasibleAnts=11 noImprove=33 (elapsed 256.44s)
[ITER 500] bestGlobalCost=14069981.15 (feasible=YES) bestThisIter=14086451.92 feasibleAnts=10 noImprove=43 (elapsed 261.919s)
[RESET] no improvement for50-> reset pheromones
[ITER 510] bestGlobalCost=14069981.15 (feasible=YES) bestThisIter=14194566.39 feasibleAnts=20 noImprove=3 (elapsed 266.865s)
[ITER 520] bestGlobalCost=14069981.15 (feasible=YES) bestThisIter=14108272.76 feasibleAnts=11 noImprove=13 (elapsed 271.992s)
[ITER 530] bestGlobalCost=14069981.15 (feasible=YES) bestThisIter=14086451.92 feasibleAnts=12 noImprove=23 (elapsed 280.376s)
[ITER 540] bestGlobalCost=14069981.15 (feasible=YES) bestThisIter=14086451.92 feasibleAnts=13 noImprove=33 (elapsed 286.66s)
[ITER 550] bestGlobalCost=14069981.15 (feasible=YES) bestThisIter=14190405.38 feasibleAnts=11 noImprove=43 (elapsed 293.653s)
[RESET] no improvement for50-> reset pheromones
[ITER 560] bestGlobalCost=14069981.15 (feasible=YES) bestThisIter=14086451.92 feasibleAnts=18 noImprove=3 (elapsed 300.379s)
122 123 124 125 128 129 130 131 132 191 192 193 194 195 196 197 198 199 200 201 202 203 204 205 206 207 208 209 210 211 212 213 214 215 216 217 218 219 220 221 222 223 224 225 226 
1 2 3 4 5 6 7 8 9 10 11 12 13 14 15 16 17 18 19 20 53 65 66 67 68 69 70 71 72 73 74 75 76 77 78 79 80 81 82 83 84 85 86 
137 139 140 141 142 143 148 149 150 151 152 153 154 155 156 157 158 159 160 161 162 163 164 165 166 167 168 169 170 171 172 173 174 175 176 177 178 179 180 181 182 183 184 185 187 188 189 190 
91 92 93 94 95 96 97 98 99 100 101 103 104 105 106 107 108 109 110 111 112 113 114 115 116 117 118 119 120 121 126 127 133 134 135 136 138 144 145 146 147 186 
21 22 23 24 25 26 27 28 29 30 31 32 33 34 35 36 37 38 39 40 41 42 43 44 45 46 47 48 49 50 51 52 54 55 56 57 58 59 60 61 62 63 64 87 88 89 90 102 
[SAVELOGS] evolution saved to results/logs/aco_logs/evolution/pr226_05_2.txt
[SAVELOGS] best cost saved to results/logs/aco_logs/objectives/pr226_05_2.txt
[SAVELOGS] best solution saved to results/logs/aco_logs/solutions/pr226_05_2.txt
