[ITER 1] New best cost=443270.15 (feasible=YES, time 5.02075s)
[ITER 2] New best cost=426702.35 (feasible=YES, time 9.68757s)
[ITER 7] New best cost=425506.98 (feasible=YES, time 33.9976s)
[ITER 10] bestGlobalCost=425506.98 (feasible=YES) bestThisIter=426418.93 feasibleAnts=10 noImprove=3 (elapsed 52.5031s)
[ITER 14] New best cost=425403.74 (feasible=YES, time 70.77s)
[ITER 20] [TS] New best cost=425075.53 (feasible=YES, time 102.152s)
[ITER 20] [TS] New best cost=424901.62 (feasible=YES, time 102.943s)
[ITER 20] [TS] New best cost=424042.37 (feasible=YES, time 103.695s)
[ITER 20] bestGlobalCost=424042.37 (feasible=YES) bestThisIter=426193.67 feasibleAnts=10 noImprove=1 (elapsed 105.307s)
[ITER 30] bestGlobalCost=424042.37 (feasible=YES) bestThisIter=429732.13 feasibleAnts=10 noImprove=11 (elapsed 155.73s)
[ITER 40] bestGlobalCost=424042.37 (feasible=YES) bestThisIter=425524.22 feasibleAnts=10 noImprove=21 (elapsed 203.908s)
[RESET] no improvement for30-> reset pheromones
[ITER 50] [TS] New best cost=424022.31 (feasible=YES, time 249.757s)
[ITER 50] bestGlobalCost=424022.31 (feasible=YES) bestThisIter=438888.40 feasibleAnts=10 noImprove=1 (elapsed 252.877s)
[ITER 56] New best cost=423919.93 (feasible=YES, time 282.513s)
[ITER 60] bestGlobalCost=423919.93 (feasible=YES) bestThisIter=430303.35 feasibleAnts=10 noImprove=4 (elapsed 305.594s)
[ITER 70] bestGlobalCost=423919.93 (feasible=YES) bestThisIter=425142.84 feasibleAnts=10 noImprove=14 (elapsed 358.785s)
[ITER 71] New best cost=423773.30 (feasible=YES, time 363.931s)
[ITER 80] [TS] New best cost=423744.68 (feasible=YES, time 410.107s)
[ITER 80] bestGlobalCost=423744.68 (feasible=YES) bestThisIter=430777.98 feasibleAnts=10 noImprove=1 (elapsed 413.077s)
[ITER 82] New best cost=422206.89 (feasible=YES, time 422.298s)
[ITER 90] bestGlobalCost=422206.89 (feasible=YES) bestThisIter=426870.56 feasibleAnts=10 noImprove=8 (elapsed 462.292s)
[ITER 100] bestGlobalCost=422206.89 (feasible=YES) bestThisIter=425828.64 feasibleAnts=10 noImprove=18 (elapsed 513.878s)
[ITER 110] bestGlobalCost=422206.89 (feasible=YES) bestThisIter=431538.96 feasibleAnts=10 noImprove=28 (elapsed 563.912s)
[RESET] no improvement for30-> reset pheromones
[ITER 120] bestGlobalCost=422206.89 (feasible=YES) bestThisIter=424104.29 feasibleAnts=10 noImprove=8 (elapsed 618.956s)
[ITER 130] bestGlobalCost=422206.89 (feasible=YES) bestThisIter=429013.28 feasibleAnts=10 noImprove=18 (elapsed 671.994s)
[ITER 140] bestGlobalCost=422206.89 (feasible=YES) bestThisIter=423296.34 feasibleAnts=10 noImprove=28 (elapsed 724.52s)
[RESET] no improvement for30-> reset pheromones
[ITER 150] bestGlobalCost=422206.89 (feasible=YES) bestThisIter=429963.06 feasibleAnts=10 noImprove=8 (elapsed 774.955s)
[ITER 160] bestGlobalCost=422206.89 (feasible=YES) bestThisIter=429282.06 feasibleAnts=10 noImprove=18 (elapsed 824.438s)
[ITER 170] bestGlobalCost=422206.89 (feasible=YES) bestThisIter=427612.94 feasibleAnts=10 noImprove=28 (elapsed 874.765s)
[RESET] no improvement for30-> reset pheromones
[ITER 180] bestGlobalCost=422206.89 (feasible=YES) bestThisIter=430234.66 feasibleAnts=10 noImprove=8 (elapsed 926.101s)
[ITER 190] bestGlobalCost=422206.89 (feasible=YES) bestThisIter=430448.83 feasibleAnts=10 noImprove=18 (elapsed 977.211s)
[ITER 200] bestGlobalCost=422206.89 (feasible=YES) bestThisIter=426477.24 feasibleAnts=10 noImprove=28 (elapsed 1028.45s)
[RESET] no improvement for30-> reset pheromones
[ITER 210] bestGlobalCost=422206.89 (feasible=YES) bestThisIter=428073.76 feasibleAnts=10 noImprove=8 (elapsed 1078.97s)
[ITER 220] bestGlobalCost=422206.89 (feasible=YES) bestThisIter=428241.84 feasibleAnts=10 noImprove=18 (elapsed 1131.08s)
[ITER 230] bestGlobalCost=422206.89 (feasible=YES) bestThisIter=427253.41 feasibleAnts=10 noImprove=28 (elapsed 1181.63s)
[RESET] no improvement for30-> reset pheromones
[ITER 239] New best cost=421672.48 (feasible=YES, time 1224.36s)
[ITER 240] bestGlobalCost=421672.48 (feasible=YES) bestThisIter=424726.64 feasibleAnts=10 noImprove=1 (elapsed 1232.77s)
[ITER 250] bestGlobalCost=421672.48 (feasible=YES) bestThisIter=425862.89 feasibleAnts=10 noImprove=11 (elapsed 1284.22s)
[ITER 260] bestGlobalCost=421672.48 (feasible=YES) bestThisIter=427003.49 feasibleAnts=10 noImprove=21 (elapsed 1339.46s)
[RESET] no improvement for30-> reset pheromones
[ITER 270] bestGlobalCost=421672.48 (feasible=YES) bestThisIter=432094.72 feasibleAnts=10 noImprove=1 (elapsed 1390.87s)
[ITER 280] bestGlobalCost=421672.48 (feasible=YES) bestThisIter=427322.88 feasibleAnts=10 noImprove=11 (elapsed 1440.67s)
[ITER 290] bestGlobalCost=421672.48 (feasible=YES) bestThisIter=424814.48 feasibleAnts=10 noImprove=21 (elapsed 1489.01s)
298 299 300 301 302 303 320 321 322 328 329 330 340 341 342 343 344 345 346 347 
178 179 312 313 314 315 316 317 318 319 325 326 327 336 337 338 339 352 353 354 355 356 357 
358 359 360 361 362 363 364 365 366 380 381 382 383 388 389 390 400 401 402 403 404 405 406 
202 203 204 205 207 210 212 213 226 227 228 229 231 233 367 368 391 392 393 407 408 
61 63 64 66 67 68 70 71 74 75 76 79 80 81 84 85 92 95 97 98 99 101 
251 252 254 255 256 257 258 259 260 261 264 275 276 278 280 281 282 283 284 285 297 
262 263 265 266 267 268 269 270 271 272 273 286 287 288 289 290 291 292 293 294 295 296 
216 218 219 220 221 222 223 224 225 237 239 240 241 242 244 245 246 247 248 249 
154 155 156 157 158 159 160 161 162 163 164 165 166 167 181 182 183 184 185 187 188 189 
2 3 4 5 6 7 9 11 12 13 14 15 17 20 21 26 27 28 29 30 31 39 
108 110 111 112 113 114 115 116 117 118 119 130 131 132 134 136 138 140 141 142 143 308 
23 120 121 122 123 124 125 126 127 128 129 144 145 146 147 148 149 150 151 152 153 
168 169 170 172 173 174 175 176 177 190 191 192 193 194 195 196 197 198 199 200 201 
60 72 103 206 208 209 211 214 215 217 230 232 234 235 236 238 243 
36 38 41 42 43 44 45 46 47 48 49 50 51 52 54 55 56 57 86 171 180 186 
250 253 274 277 279 374 375 376 377 378 379 387 397 398 399 415 416 417 
33 35 37 40 106 107 109 133 135 137 139 304 305 306 307 323 331 332 333 348 
53 58 59 62 65 69 73 77 78 82 83 87 88 89 90 91 93 94 96 104 
1 8 10 16 18 19 22 24 25 32 34 309 310 311 324 334 335 349 350 351 
100 102 105 369 370 371 372 373 384 385 386 394 395 396 409 410 411 412 413 414 
[SAVELOGS] evolution saved to results/logs/aco_logs/evolution/fl417_20_2.txt
[SAVELOGS] best cost saved to results/logs/aco_logs/objectives/fl417_20_2.txt
[SAVELOGS] best solution saved to results/logs/aco_logs/solutions/fl417_20_2.txt
