[ITER 1] New best cost=63769.86 (feasible=YES, time 3.78644s)
[ITER 2] New best cost=61805.56 (feasible=YES, time 8.13409s)
[ITER 3] New best cost=61415.08 (feasible=YES, time 12.5723s)
[ITER 4] New best cost=61335.20 (feasible=YES, time 17.2558s)
[ITER 9] New best cost=61248.97 (feasible=YES, time 36.7494s)
[ITER 10] [TS] New best cost=61219.09 (feasible=YES, time 41.8427s)
[ITER 10] bestGlobalCost=61219.09 (feasible=YES) bestThisIter=61297.47 feasibleAnts=10 noImprove=1 (elapsed 44.9094s)
[ITER 16] New best cost=61163.69 (feasible=YES, time 69.095s)
[ITER 20] [TS] New best cost=61067.88 (feasible=YES, time 85.2444s)
[ITER 20] bestGlobalCost=61067.88 (feasible=YES) bestThisIter=61193.18 feasibleAnts=10 noImprove=1 (elapsed 87.5631s)
[ITER 21] New best cost=60968.49 (feasible=YES, time 90.7136s)
[ITER 28] New best cost=60879.77 (feasible=YES, time 117.125s)
[ITER 30] [TS] New best cost=60840.07 (feasible=YES, time 125.226s)
[ITER 30] bestGlobalCost=60840.07 (feasible=YES) bestThisIter=61026.99 feasibleAnts=10 noImprove=1 (elapsed 128.051s)
[ITER 40] bestGlobalCost=60840.07 (feasible=YES) bestThisIter=61081.39 feasibleAnts=10 noImprove=11 (elapsed 160.119s)
[ITER 50] [TS] New best cost=60798.46 (feasible=YES, time 188.671s)
[ITER 50] bestGlobalCost=60798.46 (feasible=YES) bestThisIter=61315.14 feasibleAnts=10 noImprove=1 (elapsed 191.018s)
[ITER 57] New best cost=60792.98 (feasible=YES, time 211.441s)
[ITER 60] [TS] New best cost=60660.31 (feasible=YES, time 222.111s)
[ITER 60] bestGlobalCost=60660.31 (feasible=YES) bestThisIter=60776.48 feasibleAnts=10 noImprove=1 (elapsed 224.517s)
[ITER 67] New best cost=60597.38 (feasible=YES, time 245.855s)
[ITER 70] [TS] New best cost=60541.87 (feasible=YES, time 256.771s)
[ITER 70] bestGlobalCost=60541.87 (feasible=YES) bestThisIter=60757.63 feasibleAnts=10 noImprove=1 (elapsed 259.475s)
[ITER 80] bestGlobalCost=60541.87 (feasible=YES) bestThisIter=60841.78 feasibleAnts=10 noImprove=11 (elapsed 293.631s)
[ITER 86] New best cost=60527.42 (feasible=YES, time 312.189s)
[ITER 90] bestGlobalCost=60527.42 (feasible=YES) bestThisIter=60796.89 feasibleAnts=10 noImprove=4 (elapsed 327.909s)
[ITER 98] New best cost=60492.24 (feasible=YES, time 352.309s)
[ITER 100] bestGlobalCost=60492.24 (feasible=YES) bestThisIter=60856.10 feasibleAnts=10 noImprove=2 (elapsed 361.692s)
[ITER 110] [TS] New best cost=60470.18 (feasible=YES, time 393.244s)
[ITER 110] bestGlobalCost=60470.18 (feasible=YES) bestThisIter=60952.68 feasibleAnts=10 noImprove=1 (elapsed 396.19s)
[ITER 120] bestGlobalCost=60470.18 (feasible=YES) bestThisIter=60734.67 feasibleAnts=10 noImprove=11 (elapsed 432.852s)
[ITER 130] bestGlobalCost=60470.18 (feasible=YES) bestThisIter=60745.44 feasibleAnts=10 noImprove=21 (elapsed 469.149s)
[RESET] no improvement for30-> reset pheromones
[ITER 140] bestGlobalCost=60470.18 (feasible=YES) bestThisIter=63227.56 feasibleAnts=10 noImprove=1 (elapsed 502.945s)
[ITER 150] [TS] New best cost=60468.20 (feasible=YES, time 537.215s)
[ITER 150] bestGlobalCost=60468.20 (feasible=YES) bestThisIter=60832.88 feasibleAnts=10 noImprove=1 (elapsed 539.315s)
[ITER 160] bestGlobalCost=60468.20 (feasible=YES) bestThisIter=60867.76 feasibleAnts=10 noImprove=11 (elapsed 573.9s)
[ITER 170] bestGlobalCost=60468.20 (feasible=YES) bestThisIter=60593.04 feasibleAnts=10 noImprove=21 (elapsed 609.338s)
[RESET] no improvement for30-> reset pheromones
[ITER 180] [TS] New best cost=60449.02 (feasible=YES, time 641.944s)
[ITER 180] bestGlobalCost=60449.02 (feasible=YES) bestThisIter=65007.18 feasibleAnts=10 noImprove=1 (elapsed 644.315s)
[ITER 190] bestGlobalCost=60449.02 (feasible=YES) bestThisIter=60986.79 feasibleAnts=10 noImprove=11 (elapsed 679.615s)
[ITER 200] bestGlobalCost=60449.02 (feasible=YES) bestThisIter=60725.02 feasibleAnts=10 noImprove=21 (elapsed 712.725s)
[RESET] no improvement for30-> reset pheromones
[ITER 210] bestGlobalCost=60449.02 (feasible=YES) bestThisIter=63159.29 feasibleAnts=10 noImprove=1 (elapsed 745.214s)
[ITER 220] bestGlobalCost=60449.02 (feasible=YES) bestThisIter=60791.78 feasibleAnts=10 noImprove=11 (elapsed 775.529s)
[ITER 230] bestGlobalCost=60449.02 (feasible=YES) bestThisIter=60748.75 feasibleAnts=10 noImprove=21 (elapsed 807.877s)
[RESET] no improvement for30-> reset pheromones
[ITER 240] bestGlobalCost=60449.02 (feasible=YES) bestThisIter=65104.77 feasibleAnts=10 noImprove=1 (elapsed 839.543s)
[ITER 250] bestGlobalCost=60449.02 (feasible=YES) bestThisIter=60686.90 feasibleAnts=10 noImprove=11 (elapsed 872.33s)
[ITER 260] bestGlobalCost=60449.02 (feasible=YES) bestThisIter=60785.39 feasibleAnts=10 noImprove=21 (elapsed 908.174s)
[RESET] no improvement for30-> reset pheromones
[ITER 270] [TS] New best cost=60427.89 (feasible=YES, time 939.252s)
[ITER 270] bestGlobalCost=60427.89 (feasible=YES) bestThisIter=63810.41 feasibleAnts=10 noImprove=1 (elapsed 941.708s)
[ITER 280] bestGlobalCost=60427.89 (feasible=YES) bestThisIter=60911.83 feasibleAnts=10 noImprove=11 (elapsed 973.186s)
[ITER 290] bestGlobalCost=60427.89 (feasible=YES) bestThisIter=60790.82 feasibleAnts=10 noImprove=21 (elapsed 1006.95s)
[RESET] no improvement for30-> reset pheromones
[ITER 300] [TS] New best cost=60419.33 (feasible=YES, time 1035.54s)
[ITER 300] bestGlobalCost=60419.33 (feasible=YES) bestThisIter=64053.85 feasibleAnts=10 noImprove=1 (elapsed 1036.93s)
[ITER 310] bestGlobalCost=60419.33 (feasible=YES) bestThisIter=60862.93 feasibleAnts=10 noImprove=11 (elapsed 1069.28s)
[ITER 320] bestGlobalCost=60419.33 (feasible=YES) bestThisIter=60611.01 feasibleAnts=10 noImprove=21 (elapsed 1102.24s)
[RESET] no improvement for30-> reset pheromones
[ITER 330] bestGlobalCost=60419.33 (feasible=YES) bestThisIter=63714.55 feasibleAnts=10 noImprove=1 (elapsed 1134.31s)
[ITER 340] bestGlobalCost=60419.33 (feasible=YES) bestThisIter=60670.75 feasibleAnts=10 noImprove=11 (elapsed 1167.88s)
[ITER 350] bestGlobalCost=60419.33 (feasible=YES) bestThisIter=60770.49 feasibleAnts=10 noImprove=21 (elapsed 1199.97s)
[RESET] no improvement for30-> reset pheromones
[ITER 360] bestGlobalCost=60419.33 (feasible=YES) bestThisIter=63534.36 feasibleAnts=10 noImprove=1 (elapsed 1232.33s)
[ITER 370] bestGlobalCost=60419.33 (feasible=YES) bestThisIter=60623.25 feasibleAnts=10 noImprove=11 (elapsed 1264.3s)
[ITER 380] bestGlobalCost=60419.33 (feasible=YES) bestThisIter=60764.78 feasibleAnts=10 noImprove=21 (elapsed 1298.59s)
[RESET] no improvement for30-> reset pheromones
[ITER 390] bestGlobalCost=60419.33 (feasible=YES) bestThisIter=63416.21 feasibleAnts=10 noImprove=1 (elapsed 1330.07s)
[ITER 400] bestGlobalCost=60419.33 (feasible=YES) bestThisIter=60823.78 feasibleAnts=10 noImprove=11 (elapsed 1361.88s)
[ITER 410] bestGlobalCost=60419.33 (feasible=YES) bestThisIter=60486.58 feasibleAnts=10 noImprove=21 (elapsed 1394.84s)
[RESET] no improvement for30-> reset pheromones
[ITER 420] bestGlobalCost=60419.33 (feasible=YES) bestThisIter=63768.58 feasibleAnts=10 noImprove=1 (elapsed 1427.51s)
[ITER 430] bestGlobalCost=60419.33 (feasible=YES) bestThisIter=60882.61 feasibleAnts=10 noImprove=11 (elapsed 1459.23s)
[ITER 440] bestGlobalCost=60419.33 (feasible=YES) bestThisIter=60734.44 feasibleAnts=10 noImprove=21 (elapsed 1495.04s)
115 116 117 125 126 134 135 156 159 160 163 164 165 167 168 169 170 172 173 175 184 185 
202 225 226 227 255 256 257 258 259 260 261 262 263 264 265 266 267 268 283 284 285 287 289 
232 235 237 238 239 295 296 297 298 299 300 301 302 303 304 305 306 307 308 309 314 317 
133 136 139 140 141 143 144 147 148 149 150 151 152 153 154 155 171 186 187 188 189 190 197 
22 23 24 25 27 28 29 39 120 121 122 123 124 127 128 129 130 131 132 137 138 142 145 146 
50 83 86 87 88 92 93 94 95 96 97 98 99 100 101 102 112 113 114 119 
231 233 234 236 240 241 242 243 330 332 333 335 336 368 369 370 371 372 373 381 
35 36 38 40 41 42 43 44 45 46 47 48 49 56 103 104 105 106 107 108 109 110 111 118 
1 5 6 8 13 20 55 59 76 419 420 426 427 428 429 430 431 
338 339 340 342 343 345 346 347 348 349 350 351 352 353 354 355 356 357 360 361 363 403 407 
310 311 312 313 315 316 318 319 320 321 322 323 324 325 326 327 328 329 331 334 341 344 
269 270 271 272 273 274 275 276 277 278 279 280 281 282 288 290 291 292 293 294 
34 51 54 57 58 60 61 62 63 64 65 66 67 68 69 70 71 72 73 74 75 84 85 
358 359 402 404 405 406 408 409 410 411 412 413 414 415 416 417 418 421 422 423 424 425 
337 362 364 365 366 367 374 375 376 377 378 379 380 382 383 384 385 387 388 400 401 
183 203 204 205 214 215 216 217 218 219 220 221 222 223 224 228 229 230 286 
174 176 177 178 179 180 181 182 191 192 193 194 195 196 198 199 200 201 212 213 253 254 
77 78 79 80 81 82 89 90 91 157 158 161 162 166 206 207 208 209 210 211 
244 245 246 247 248 249 250 251 252 386 389 390 391 392 393 394 395 396 397 398 399 
2 3 4 7 9 10 11 12 14 15 16 17 18 19 21 26 30 31 32 33 37 52 53 
[SAVELOGS] evolution saved to results/logs/aco_logs/evolution/gr431_20_2.txt
[SAVELOGS] best cost saved to results/logs/aco_logs/objectives/gr431_20_2.txt
[SAVELOGS] best solution saved to results/logs/aco_logs/solutions/gr431_20_2.txt
