[ITER 1] New best cost=63857.63 (feasible=YES, time 3.07542s)
[ITER 2] New best cost=62754.29 (feasible=YES, time 8.99674s)
[ITER 3] New best cost=62676.77 (feasible=YES, time 13.4814s)
[ITER 4] New best cost=62373.56 (feasible=YES, time 17.9865s)
[ITER 5] New best cost=62093.95 (feasible=YES, time 22.2241s)
[ITER 7] New best cost=62045.31 (feasible=YES, time 29.9691s)
[ITER 9] New best cost=61984.54 (feasible=YES, time 38.0057s)
[ITER 10] [TS] New best cost=61927.49 (feasible=YES, time 42.6759s)
[ITER 10] bestGlobalCost=61927.49 (feasible=YES) bestThisIter=62312.20 feasibleAnts=10 noImprove=1 (elapsed 45.6962s)
[ITER 16] New best cost=61527.87 (feasible=YES, time 68.1048s)
[ITER 20] [TS] New best cost=61433.32 (feasible=YES, time 84.6808s)
[ITER 20] bestGlobalCost=61433.32 (feasible=YES) bestThisIter=61433.32 feasibleAnts=10 noImprove=1 (elapsed 87.8759s)
[ITER 22] New best cost=61431.07 (feasible=YES, time 95.5004s)
[ITER 27] New best cost=61391.82 (feasible=YES, time 116.256s)
[ITER 30] bestGlobalCost=61391.82 (feasible=YES) bestThisIter=61711.58 feasibleAnts=10 noImprove=3 (elapsed 133.26s)
[ITER 39] New best cost=61338.70 (feasible=YES, time 167.466s)
[ITER 40] bestGlobalCost=61338.70 (feasible=YES) bestThisIter=61664.78 feasibleAnts=10 noImprove=1 (elapsed 175.688s)
[ITER 46] New best cost=61313.63 (feasible=YES, time 200.07s)
[ITER 50] [TS] New best cost=61311.42 (feasible=YES, time 218.374s)
[ITER 50] bestGlobalCost=61311.42 (feasible=YES) bestThisIter=61345.33 feasibleAnts=10 noImprove=1 (elapsed 219.09s)
[ITER 51] New best cost=61249.23 (feasible=YES, time 223.305s)
[ITER 60] [TS] New best cost=61204.70 (feasible=YES, time 263.256s)
[ITER 60] bestGlobalCost=61204.70 (feasible=YES) bestThisIter=61319.66 feasibleAnts=10 noImprove=1 (elapsed 266.444s)
[ITER 70] bestGlobalCost=61204.70 (feasible=YES) bestThisIter=61369.91 feasibleAnts=10 noImprove=11 (elapsed 310.35s)
[ITER 80] bestGlobalCost=61204.70 (feasible=YES) bestThisIter=61531.89 feasibleAnts=10 noImprove=21 (elapsed 355.281s)
[RESET] no improvement for30-> reset pheromones
[ITER 90] bestGlobalCost=61204.70 (feasible=YES) bestThisIter=63780.07 feasibleAnts=10 noImprove=1 (elapsed 400.515s)
[ITER 95] New best cost=61163.82 (feasible=YES, time 422.091s)
[ITER 100] [TS] New best cost=61158.80 (feasible=YES, time 442.166s)
[ITER 100] bestGlobalCost=61158.80 (feasible=YES) bestThisIter=61464.34 feasibleAnts=10 noImprove=1 (elapsed 445.212s)
[ITER 110] bestGlobalCost=61158.80 (feasible=YES) bestThisIter=61343.33 feasibleAnts=10 noImprove=11 (elapsed 488.54s)
[ITER 120] bestGlobalCost=61158.80 (feasible=YES) bestThisIter=61566.38 feasibleAnts=10 noImprove=21 (elapsed 530.716s)
[RESET] no improvement for30-> reset pheromones
[ITER 130] bestGlobalCost=61158.80 (feasible=YES) bestThisIter=64008.14 feasibleAnts=10 noImprove=1 (elapsed 572.293s)
[ITER 140] bestGlobalCost=61158.80 (feasible=YES) bestThisIter=61429.83 feasibleAnts=10 noImprove=11 (elapsed 614.064s)
[ITER 150] bestGlobalCost=61158.80 (feasible=YES) bestThisIter=61703.57 feasibleAnts=10 noImprove=21 (elapsed 657.564s)
[RESET] no improvement for30-> reset pheromones
[ITER 160] [TS] New best cost=61157.12 (feasible=YES, time 698.403s)
[ITER 160] bestGlobalCost=61157.12 (feasible=YES) bestThisIter=64952.92 feasibleAnts=10 noImprove=1 (elapsed 700.42s)
[ITER 170] bestGlobalCost=61157.12 (feasible=YES) bestThisIter=61555.63 feasibleAnts=10 noImprove=11 (elapsed 744.548s)
[ITER 174] New best cost=61061.55 (feasible=YES, time 760.34s)
[ITER 180] [TS] New best cost=61056.02 (feasible=YES, time 784.01s)
[ITER 180] bestGlobalCost=61056.02 (feasible=YES) bestThisIter=61456.99 feasibleAnts=10 noImprove=1 (elapsed 787.138s)
[ITER 190] [TS] New best cost=61045.51 (feasible=YES, time 827.282s)
[ITER 190] bestGlobalCost=61045.51 (feasible=YES) bestThisIter=61216.81 feasibleAnts=10 noImprove=1 (elapsed 829.424s)
[ITER 200] bestGlobalCost=61045.51 (feasible=YES) bestThisIter=61234.03 feasibleAnts=10 noImprove=11 (elapsed 876.107s)
[ITER 206] New best cost=61002.17 (feasible=YES, time 902.88s)
[ITER 210] [TS] New best cost=60965.06 (feasible=YES, time 918.297s)
[ITER 210] bestGlobalCost=60965.06 (feasible=YES) bestThisIter=61169.32 feasibleAnts=10 noImprove=1 (elapsed 920.638s)
[ITER 220] bestGlobalCost=60965.06 (feasible=YES) bestThisIter=61154.04 feasibleAnts=10 noImprove=11 (elapsed 965.844s)
[ITER 230] bestGlobalCost=60965.06 (feasible=YES) bestThisIter=61441.85 feasibleAnts=10 noImprove=21 (elapsed 1008.42s)
[RESET] no improvement for30-> reset pheromones
[ITER 240] bestGlobalCost=60965.06 (feasible=YES) bestThisIter=63472.31 feasibleAnts=10 noImprove=1 (elapsed 1048.18s)
[ITER 250] bestGlobalCost=60965.06 (feasible=YES) bestThisIter=61383.70 feasibleAnts=10 noImprove=11 (elapsed 1092.2s)
[ITER 260] bestGlobalCost=60965.06 (feasible=YES) bestThisIter=61096.66 feasibleAnts=10 noImprove=21 (elapsed 1137.24s)
[RESET] no improvement for30-> reset pheromones
[ITER 270] bestGlobalCost=60965.06 (feasible=YES) bestThisIter=63111.16 feasibleAnts=10 noImprove=1 (elapsed 1181.62s)
[ITER 280] bestGlobalCost=60965.06 (feasible=YES) bestThisIter=61120.87 feasibleAnts=10 noImprove=11 (elapsed 1228.14s)
[ITER 290] bestGlobalCost=60965.06 (feasible=YES) bestThisIter=61212.14 feasibleAnts=10 noImprove=21 (elapsed 1271.25s)
[RESET] no improvement for30-> reset pheromones
[ITER 300] bestGlobalCost=60965.06 (feasible=YES) bestThisIter=61862.69 feasibleAnts=10 noImprove=1 (elapsed 1316.13s)
[ITER 310] bestGlobalCost=60965.06 (feasible=YES) bestThisIter=61108.17 feasibleAnts=10 noImprove=11 (elapsed 1359.1s)
[ITER 320] bestGlobalCost=60965.06 (feasible=YES) bestThisIter=61243.26 feasibleAnts=10 noImprove=21 (elapsed 1405.43s)
[RESET] no improvement for30-> reset pheromones
[ITER 330] bestGlobalCost=60965.06 (feasible=YES) bestThisIter=64746.01 feasibleAnts=10 noImprove=1 (elapsed 1446.54s)
[ITER 340] bestGlobalCost=60965.06 (feasible=YES) bestThisIter=61246.06 feasibleAnts=10 noImprove=11 (elapsed 1490.86s)
34 35 36 38 40 41 42 43 44 45 46 48 49 53 56 103 104 105 106 107 108 110 111 118 119 
363 365 366 367 371 375 376 377 378 379 380 381 382 383 384 385 387 388 400 401 403 
183 203 204 205 212 214 215 216 217 218 219 220 221 222 223 224 225 228 229 230 
202 226 227 255 256 257 258 259 260 261 262 263 264 265 266 267 268 283 284 285 286 287 289 
299 300 301 303 304 305 306 307 308 309 310 311 312 314 315 316 317 318 320 321 322 324 325 326 327 
313 319 323 328 329 330 331 332 333 334 335 336 337 340 341 369 370 372 373 374 
338 339 342 343 344 345 346 347 348 349 350 351 352 353 354 355 356 357 360 361 362 364 407 
2 3 4 6 7 8 9 10 11 12 14 15 16 17 18 19 20 21 26 30 32 33 
77 78 79 80 81 82 89 90 91 157 158 161 162 166 206 207 208 209 210 211 
47 50 83 86 87 88 92 93 94 95 96 97 98 99 101 102 109 112 114 122 
22 23 24 25 27 28 29 37 39 120 121 123 124 127 128 129 130 131 132 137 138 142 144 146 
269 270 271 272 273 274 275 276 277 278 279 280 281 282 288 290 291 292 293 294 
244 245 246 247 248 249 250 251 252 386 389 390 391 392 393 394 395 396 397 398 399 
136 140 141 143 145 147 148 149 150 151 152 153 154 155 171 175 176 184 185 186 187 188 189 190 
231 232 233 234 235 236 237 238 239 240 241 242 243 295 296 297 298 302 368 
1 5 13 55 68 69 76 100 139 419 420 426 427 428 429 430 431 
174 177 178 179 180 181 182 191 192 193 194 195 196 197 198 199 200 201 213 253 254 
113 115 116 117 125 126 133 134 135 156 159 160 163 164 165 167 168 169 170 172 173 
358 359 402 404 405 406 408 409 410 411 412 413 414 415 416 417 418 421 422 423 424 425 
31 51 52 54 57 58 59 60 61 62 63 64 65 66 67 70 71 72 73 74 75 84 85 
[SAVELOGS] evolution saved to results/logs/aco_logs/evolution/gr431_20_2.txt
[SAVELOGS] best cost saved to results/logs/aco_logs/objectives/gr431_20_2.txt
[SAVELOGS] best solution saved to results/logs/aco_logs/solutions/gr431_20_2.txt
