[ITER 1] New best cost=8112.26 (feasible=YES, time 0.90429s)
[ITER 2] New best cost=7919.23 (feasible=YES, time 1.62297s)
[ITER 3] New best cost=7362.14 (feasible=YES, time 5.43542s)
[ITER 6] New best cost=7338.80 (feasible=YES, time 10.7718s)
[ITER 9] New best cost=7259.61 (feasible=YES, time 14.7709s)
[ITER 10] bestGlobalCost=7259.61 (feasible=YES) bestThisIter=7338.34 feasibleAnts=9 noImprove=1 (elapsed 15.1374s)
[ITER 15] New best cost=7257.28 (feasible=YES, time 23.7827s)
[ITER 20] bestGlobalCost=7257.28 (feasible=YES) bestThisIter=7257.28 feasibleAnts=11 noImprove=5 (elapsed 29.3068s)
[ITER 21] New best cost=7195.42 (feasible=YES, time 32.8967s)
[ITER 24] New best cost=7191.14 (feasible=YES, time 37.3013s)
[ITER 25] New best cost=7184.56 (feasible=YES, time 37.6674s)
[ITER 30] bestGlobalCost=7184.56 (feasible=YES) bestThisIter=7184.56 feasibleAnts=11 noImprove=5 (elapsed 45.9309s)
[ITER 39] New best cost=7179.99 (feasible=YES, time 58.124s)
[ITER 40] bestGlobalCost=7179.99 (feasible=YES) bestThisIter=7184.56 feasibleAnts=15 noImprove=1 (elapsed 58.2308s)
[ITER 42] New best cost=7165.59 (feasible=YES, time 62.3865s)
[ITER 50] bestGlobalCost=7165.59 (feasible=YES) bestThisIter=7165.59 feasibleAnts=14 noImprove=8 (elapsed 72.1585s)
[ITER 60] bestGlobalCost=7165.59 (feasible=YES) bestThisIter=7231.03 feasibleAnts=10 noImprove=18 (elapsed 89.9657s)
[ITER 70] bestGlobalCost=7165.59 (feasible=YES) bestThisIter=7332.04 feasibleAnts=9 noImprove=28 (elapsed 103.219s)
[RESET] no improvement for30-> reset pheromones
[ITER 80] bestGlobalCost=7165.59 (feasible=YES) bestThisIter=7921.66 feasibleAnts=10 noImprove=8 (elapsed 120.136s)
[ITER 90] bestGlobalCost=7165.59 (feasible=YES) bestThisIter=7165.59 feasibleAnts=9 noImprove=18 (elapsed 137.892s)
[ITER 99] New best cost=7163.20 (feasible=YES, time 150.462s)
[ITER 100] bestGlobalCost=7163.20 (feasible=YES) bestThisIter=7165.59 feasibleAnts=25 noImprove=1 (elapsed 150.835s)
[ITER 110] bestGlobalCost=7163.20 (feasible=YES) bestThisIter=7163.20 feasibleAnts=11 noImprove=11 (elapsed 164.777s)
[ITER 120] bestGlobalCost=7163.20 (feasible=YES) bestThisIter=7163.20 feasibleAnts=10 noImprove=21 (elapsed 181.504s)
[RESET] no improvement for30-> reset pheromones
[ITER 130] bestGlobalCost=7163.20 (feasible=YES) bestThisIter=8065.57 feasibleAnts=10 noImprove=1 (elapsed 195.93s)
[ITER 140] bestGlobalCost=7163.20 (feasible=YES) bestThisIter=7455.13 feasibleAnts=9 noImprove=11 (elapsed 212.337s)
[ITER 150] bestGlobalCost=7163.20 (feasible=YES) bestThisIter=7163.20 feasibleAnts=10 noImprove=21 (elapsed 229.165s)
[RESET] no improvement for30-> reset pheromones
[ITER 160] bestGlobalCost=7163.20 (feasible=YES) bestThisIter=8002.46 feasibleAnts=10 noImprove=1 (elapsed 244.716s)
[ITER 170] bestGlobalCost=7163.20 (feasible=YES) bestThisIter=7716.32 feasibleAnts=10 noImprove=11 (elapsed 263.488s)
[ITER 180] bestGlobalCost=7163.20 (feasible=YES) bestThisIter=7259.49 feasibleAnts=10 noImprove=21 (elapsed 283.991s)
[RESET] no improvement for30-> reset pheromones
[ITER 190] bestGlobalCost=7163.20 (feasible=YES) bestThisIter=7888.43 feasibleAnts=10 noImprove=1 (elapsed 300.112s)
102 114 116 117 125 126 132 133 134 141 167 168 170 184 185 
149 150 151 152 153 155 186 187 188 190 192 193 197 199 200 
38 47 49 99 104 105 106 107 108 109 110 118 119 124 
10 11 12 17 18 19 20 21 26 29 32 128 142 
135 136 157 161 163 164 166 169 171 173 174 175 176 189 
48 78 83 84 85 86 87 88 89 92 94 156 158 
172 177 178 180 181 182 183 191 194 195 196 198 201 202 
50 93 95 96 97 98 100 101 112 113 115 121 122 123 
22 27 28 37 39 40 41 103 120 127 129 130 131 137 
31 33 34 35 36 42 43 44 45 46 53 56 60 66 111 
2 3 4 5 6 7 8 9 13 14 15 16 
77 79 80 81 82 90 91 159 160 162 165 179 
23 24 25 138 139 140 143 144 145 146 147 148 154 
51 52 54 55 59 61 62 63 64 65 67 68 70 
1 30 57 58 69 71 72 73 74 75 76 
[SAVELOGS] evolution saved to results/logs/gr202_15_5/evolution/gr202_15_5
[SAVELOGS] best cost saved to results/logs/gr202_15_5/objectives/gr202_15_5
[SAVELOGS] best solution saved to results/logs/gr202_15_5/solutions/gr202_15_5
