[ITER 1] New best cost=319921.99 (feasible=YES, time 1.34329s)
[ITER 2] New best cost=312237.02 (feasible=YES, time 2.35644s)
[ITER 3] New best cost=304389.10 (feasible=YES, time 3.36212s)
[ITER 5] New best cost=303815.47 (feasible=YES, time 5.35088s)
[ITER 10] [TS] New best cost=303559.41 (feasible=YES, time 9.55082s)
[ITER 10] bestGlobalCost=303559.41 (feasible=YES) bestThisIter=303559.41 feasibleAnts=10 noImprove=1 (elapsed 10.8666s)
[ITER 16] New best cost=302727.40 (feasible=YES, time 16.0518s)
[ITER 19] New best cost=302153.78 (feasible=YES, time 18.352s)
[ITER 20] bestGlobalCost=302153.78 (feasible=YES) bestThisIter=302556.40 feasibleAnts=10 noImprove=1 (elapsed 20.8051s)
[ITER 30] bestGlobalCost=302153.78 (feasible=YES) bestThisIter=302153.78 feasibleAnts=10 noImprove=11 (elapsed 28.9322s)
[ITER 40] bestGlobalCost=302153.78 (feasible=YES) bestThisIter=302153.78 feasibleAnts=10 noImprove=21 (elapsed 38.2745s)
[ITER 49] New best cost=301138.66 (feasible=YES, time 45.3587s)
[ITER 50] bestGlobalCost=301138.66 (feasible=YES) bestThisIter=302153.78 feasibleAnts=10 noImprove=1 (elapsed 47.9376s)
[ITER 53] New best cost=300959.48 (feasible=YES, time 50.3295s)
[ITER 60] bestGlobalCost=300959.48 (feasible=YES) bestThisIter=300959.48 feasibleAnts=10 noImprove=7 (elapsed 58.1058s)
[ITER 70] bestGlobalCost=300959.48 (feasible=YES) bestThisIter=300959.48 feasibleAnts=10 noImprove=17 (elapsed 67.9349s)
[ITER 80] bestGlobalCost=300959.48 (feasible=YES) bestThisIter=302537.06 feasibleAnts=10 noImprove=27 (elapsed 78.4632s)
[RESET] no improvement for30-> reset pheromones
[ITER 90] bestGlobalCost=300959.48 (feasible=YES) bestThisIter=300959.48 feasibleAnts=10 noImprove=7 (elapsed 88.5535s)
[ITER 100] bestGlobalCost=300959.48 (feasible=YES) bestThisIter=301215.54 feasibleAnts=10 noImprove=17 (elapsed 99.0157s)
[ITER 110] bestGlobalCost=300959.48 (feasible=YES) bestThisIter=300959.48 feasibleAnts=10 noImprove=27 (elapsed 110.218s)
[RESET] no improvement for30-> reset pheromones
[ITER 120] bestGlobalCost=300959.48 (feasible=YES) bestThisIter=300959.48 feasibleAnts=11 noImprove=7 (elapsed 121.305s)
[ITER 130] bestGlobalCost=300959.48 (feasible=YES) bestThisIter=300959.48 feasibleAnts=11 noImprove=17 (elapsed 131.974s)
[ITER 140] bestGlobalCost=300959.48 (feasible=YES) bestThisIter=300959.48 feasibleAnts=10 noImprove=27 (elapsed 143.121s)
[RESET] no improvement for30-> reset pheromones
[ITER 150] bestGlobalCost=300959.48 (feasible=YES) bestThisIter=300959.48 feasibleAnts=10 noImprove=7 (elapsed 152.979s)
[ITER 160] bestGlobalCost=300959.48 (feasible=YES) bestThisIter=302049.82 feasibleAnts=10 noImprove=17 (elapsed 163.858s)
[ITER 170] bestGlobalCost=300959.48 (feasible=YES) bestThisIter=300959.48 feasibleAnts=10 noImprove=27 (elapsed 175.272s)
[RESET] no improvement for30-> reset pheromones
[ITER 180] bestGlobalCost=300959.48 (feasible=YES) bestThisIter=300959.48 feasibleAnts=10 noImprove=7 (elapsed 186.387s)
[ITER 190] bestGlobalCost=300959.48 (feasible=YES) bestThisIter=300959.48 feasibleAnts=10 noImprove=17 (elapsed 197.902s)
[ITER 200] bestGlobalCost=300959.48 (feasible=YES) bestThisIter=300959.48 feasibleAnts=10 noImprove=27 (elapsed 209.923s)
[RESET] no improvement for30-> reset pheromones
[ITER 210] bestGlobalCost=300959.48 (feasible=YES) bestThisIter=304183.32 feasibleAnts=10 noImprove=7 (elapsed 223.821s)
[ITER 220] bestGlobalCost=300959.48 (feasible=YES) bestThisIter=300959.48 feasibleAnts=10 noImprove=17 (elapsed 236.2s)
[ITER 230] bestGlobalCost=300959.48 (feasible=YES) bestThisIter=300959.48 feasibleAnts=10 noImprove=27 (elapsed 248.864s)
[RESET] no improvement for30-> reset pheromones
[ITER 240] bestGlobalCost=300959.48 (feasible=YES) bestThisIter=300959.48 feasibleAnts=10 noImprove=7 (elapsed 263.361s)
[ITER 250] bestGlobalCost=300959.48 (feasible=YES) bestThisIter=300959.48 feasibleAnts=10 noImprove=17 (elapsed 277.376s)
[ITER 260] bestGlobalCost=300959.48 (feasible=YES) bestThisIter=300959.48 feasibleAnts=11 noImprove=27 (elapsed 289.34s)
[RESET] no improvement for30-> reset pheromones
[ITER 270] bestGlobalCost=300959.48 (feasible=YES) bestThisIter=300959.48 feasibleAnts=10 noImprove=7 (elapsed 300.657s)
27 34 35 46 61 71 94 161 172 176 180 
52 54 55 116 154 163 164 177 191 
16 50 77 103 105 106 118 140 159 183 
5 26 30 56 62 69 100 101 132 150 
15 51 82 112 121 128 147 156 195 
43 60 87 89 114 165 168 186 196 
47 65 75 79 81 113 124 127 179 188 
17 41 44 92 102 119 130 148 151 192 200 
20 38 49 80 86 134 138 152 166 181 
18 19 24 36 45 96 135 137 153 162 
1 9 12 21 25 90 108 123 146 174 
7 37 58 72 84 115 141 169 173 184 
22 23 88 104 139 143 144 160 171 193 
2 13 31 42 48 63 78 109 110 126 155 187 
29 32 59 76 95 98 107 136 167 175 
40 67 70 111 117 149 189 190 194 197 198 
57 66 74 131 133 145 157 178 199 
10 39 53 68 73 85 122 142 170 
4 6 14 33 64 83 120 125 182 185 
3 8 11 28 91 93 97 99 129 158 
[SAVELOGS] evolution saved to results/logs/aco_logs/evolution/kroB200_20_2.txt
[SAVELOGS] best cost saved to results/logs/aco_logs/objectives/kroB200_20_2.txt
[SAVELOGS] best solution saved to results/logs/aco_logs/solutions/kroB200_20_2.txt
