[ITER 1] New best cost=169069.84 (feasible=YES, time 0.511735s)
[ITER 2] New best cost=167110.10 (feasible=YES, time 0.947549s)
[ITER 3] New best cost=161463.81 (feasible=YES, time 1.18928s)
[ITER 4] New best cost=160538.72 (feasible=YES, time 1.53484s)
[ITER 10] bestGlobalCost=160538.72 (feasible=YES) bestThisIter=166768.44 feasibleAnts=10 noImprove=6 (elapsed 3.94226s)
[ITER 15] New best cost=155040.25 (feasible=YES, time 9.15409s)
[ITER 20] New best cost=154904.42 (feasible=YES, time 21.7976s)
[ITER 20] bestGlobalCost=154904.42 (feasible=YES) bestThisIter=154904.42 feasibleAnts=10 noImprove=0 (elapsed 21.8018s)
[ITER 21] New best cost=153773.50 (feasible=YES, time 22.196s)
[ITER 22] New best cost=153504.56 (feasible=YES, time 22.5261s)
[ITER 23] New best cost=153300.98 (feasible=YES, time 22.8699s)
[ITER 30] New best cost=152713.07 (feasible=YES, time 28.197s)
[ITER 30] New best cost=152614.32 (feasible=YES, time 31.0225s)
[ITER 30] New best cost=152594.88 (feasible=YES, time 36.6636s)
[ITER 30] bestGlobalCost=152594.88 (feasible=YES) bestThisIter=156047.11 feasibleAnts=10 noImprove=0 (elapsed 39.1766s)
[ITER 40] bestGlobalCost=152594.88 (feasible=YES) bestThisIter=162006.14 feasibleAnts=10 noImprove=10 (elapsed 42.2331s)
109 111 112 115 116 117 119 120 121 122 
18 20 21 22 25 27 28 29 34 35 
127 128 144 151 163 164 165 166 171 172 
48 49 50 63 64 78 79 80 93 101 
76 77 81 88 89 90 94 95 96 97 
26 31 32 33 36 37 39 47 51 52 
38 43 44 45 54 55 56 59 60 67 70 
110 118 167 173 189 190 191 
145 146 147 148 149 150 152 153 160 162 
130 133 134 135 136 137 140 141 142 143 
124 125 126 129 131 132 138 168 169 170 
174 175 176 177 178 180 181 182 183 185 188 
179 184 186 187 192 193 194 195 196 197 198 
8 9 10 11 12 13 57 58 84 
91 92 102 103 104 105 106 107 108 113 114 
123 139 154 155 156 157 158 159 161 
2 3 4 5 6 7 24 41 42 
68 69 71 72 73 85 86 87 98 99 100 
1 14 15 16 17 19 23 30 40 
46 53 61 62 65 66 74 75 82 83 
[SAVELOGS] evolution saved to results/logs/d198_20_3/evolution/d198_20_3
[SAVELOGS] best cost saved to results/logs/d198_20_3/objectives/d198_20_3
[SAVELOGS] best solution saved to results/logs/d198_20_3/solutions/d198_20_3
