[ITER 1] New best cost=106715.45 (feasible=YES, time 0.204203s)
[ITER 2] New best cost=105158.41 (feasible=YES, time 0.365101s)
[ITER 4] New best cost=99948.58 (feasible=YES, time 0.664153s)
[ITER 5] New best cost=99638.60 (feasible=YES, time 0.780081s)
[ITER 7] New best cost=99328.81 (feasible=YES, time 1.08359s)
[ITER 8] New best cost=97780.99 (feasible=YES, time 1.25562s)
[ITER 10] New best cost=93516.31 (feasible=YES, time 1.46786s)
[ITER 10] bestGlobalCost=93516.31 (feasible=YES) bestThisIter=93516.31 feasibleAnts=10 noImprove=0 (elapsed 1.47215s)
[ITER 13] New best cost=91302.82 (feasible=YES, time 1.75271s)
[ITER 15] New best cost=91098.26 (feasible=YES, time 2.43387s)
[ITER 15] New best cost=90757.42 (feasible=YES, time 3.005s)
[ITER 20] bestGlobalCost=90757.42 (feasible=YES) bestThisIter=90757.42 feasibleAnts=9 noImprove=5 (elapsed 5.19399s)
[ITER 30] bestGlobalCost=90757.42 (feasible=YES) bestThisIter=100645.81 feasibleAnts=10 noImprove=15 (elapsed 9.34507s)
[ITER 40] bestGlobalCost=90757.42 (feasible=YES) bestThisIter=104202.97 feasibleAnts=10 noImprove=25 (elapsed 11.0713s)
[RESET] no improvement for30-> reset pheromones
[ITER 50] bestGlobalCost=90757.42 (feasible=YES) bestThisIter=111029.00 feasibleAnts=10 noImprove=5 (elapsed 16.3257s)
[ITER 60] bestGlobalCost=90757.42 (feasible=YES) bestThisIter=96952.88 feasibleAnts=10 noImprove=15 (elapsed 21.103s)
[ITER 70] bestGlobalCost=90757.42 (feasible=YES) bestThisIter=100168.42 feasibleAnts=10 noImprove=25 (elapsed 23.1933s)
[RESET] no improvement for30-> reset pheromones
[ITER 80] bestGlobalCost=90757.42 (feasible=YES) bestThisIter=99138.77 feasibleAnts=10 noImprove=5 (elapsed 28.0631s)
[ITER 90] bestGlobalCost=90757.42 (feasible=YES) bestThisIter=104307.50 feasibleAnts=9 noImprove=15 (elapsed 33.2971s)
[ITER 100] bestGlobalCost=90757.42 (feasible=YES) bestThisIter=104010.82 feasibleAnts=10 noImprove=25 (elapsed 34.957s)
[RESET] no improvement for30-> reset pheromones
[ITER 110] bestGlobalCost=90757.42 (feasible=YES) bestThisIter=103092.37 feasibleAnts=10 noImprove=5 (elapsed 40.1887s)
[ITER 120] bestGlobalCost=90757.42 (feasible=YES) bestThisIter=99977.15 feasibleAnts=10 noImprove=15 (elapsed 45.0288s)
[ITER 130] bestGlobalCost=90757.42 (feasible=YES) bestThisIter=98413.10 feasibleAnts=10 noImprove=25 (elapsed 47.1215s)
[RESET] no improvement for30-> reset pheromones
[ITER 140] bestGlobalCost=90757.42 (feasible=YES) bestThisIter=108388.32 feasibleAnts=10 noImprove=5 (elapsed 51.8062s)
[ITER 150] bestGlobalCost=90757.42 (feasible=YES) bestThisIter=103335.32 feasibleAnts=10 noImprove=15 (elapsed 56.998s)
[ITER 160] bestGlobalCost=90757.42 (feasible=YES) bestThisIter=104050.69 feasibleAnts=10 noImprove=25 (elapsed 58.6873s)
[RESET] no improvement for30-> reset pheromones
2 33 76 82 95 
7 9 12 35 87 
8 31 75 80 89 92 
4 19 42 56 97 
23 45 77 91 98 
6 10 24 49 53 
20 27 60 62 86 
21 47 59 74 90 
41 48 52 71 100 
16 26 65 66 70 
11 15 17 32 72 
3 14 34 43 46 
18 36 38 99 
5 13 37 78 96 
29 30 39 55 83 
44 50 58 68 73 
22 79 84 88 94 
1 63 67 69 93 
25 28 51 57 61 81 
40 54 64 85 
[SAVELOGS] evolution saved to results/logs/kroA100_20_4/evolution/kroA100_20_4
[SAVELOGS] best cost saved to results/logs/kroA100_20_4/objectives/kroA100_20_4
[SAVELOGS] best solution saved to results/logs/kroA100_20_4/solutions/kroA100_20_4
