[ITER 1] New best cost=107090.84 (feasible=YES, time 0.146962s)
[ITER 2] New best cost=104793.53 (feasible=YES, time 0.310367s)
[ITER 3] New best cost=99317.69 (feasible=YES, time 0.48055s)
[ITER 4] New best cost=94299.90 (feasible=YES, time 0.62873s)
[ITER 6] New best cost=94110.95 (feasible=YES, time 0.927182s)
[ITER 10] bestGlobalCost=94110.95 (feasible=YES) bestThisIter=97560.11 feasibleAnts=10 noImprove=4 (elapsed 1.51322s)
[ITER 13] New best cost=92961.68 (feasible=YES, time 1.93653s)
[ITER 15] New best cost=92089.25 (feasible=YES, time 2.74898s)
[ITER 15] New best cost=91581.70 (feasible=YES, time 3.84702s)
[ITER 20] New best cost=91006.80 (feasible=YES, time 5.46196s)
[ITER 20] bestGlobalCost=91006.80 (feasible=YES) bestThisIter=91006.80 feasibleAnts=10 noImprove=0 (elapsed 5.46621s)
[ITER 22] New best cost=90859.06 (feasible=YES, time 5.7081s)
[ITER 30] New best cost=90432.91 (feasible=YES, time 8.69205s)
[ITER 30] bestGlobalCost=90432.91 (feasible=YES) bestThisIter=90859.06 feasibleAnts=10 noImprove=0 (elapsed 10.0734s)
[ITER 40] bestGlobalCost=90432.91 (feasible=YES) bestThisIter=98860.80 feasibleAnts=10 noImprove=10 (elapsed 11.2509s)
[ITER 45] New best cost=89885.66 (feasible=YES, time 13.6531s)
[ITER 47] New best cost=89844.89 (feasible=YES, time 15.0834s)
[ITER 50] bestGlobalCost=89844.89 (feasible=YES) bestThisIter=89844.89 feasibleAnts=11 noImprove=3 (elapsed 15.4662s)
[ITER 60] New best cost=89315.13 (feasible=YES, time 17.6713s)
[ITER 60] bestGlobalCost=89315.13 (feasible=YES) bestThisIter=96445.93 feasibleAnts=10 noImprove=0 (elapsed 19.9565s)
[ITER 70] bestGlobalCost=89315.13 (feasible=YES) bestThisIter=97103.00 feasibleAnts=10 noImprove=10 (elapsed 21.1559s)
[ITER 80] bestGlobalCost=89315.13 (feasible=YES) bestThisIter=103933.38 feasibleAnts=10 noImprove=20 (elapsed 26.3233s)
[ITER 90] bestGlobalCost=89315.13 (feasible=YES) bestThisIter=100552.32 feasibleAnts=10 noImprove=30 (elapsed 30.8639s)
[RESET] no improvement for30-> reset pheromones
[ITER 100] bestGlobalCost=89315.13 (feasible=YES) bestThisIter=98602.43 feasibleAnts=10 noImprove=10 (elapsed 32.9264s)
[ITER 110] bestGlobalCost=89315.13 (feasible=YES) bestThisIter=105019.14 feasibleAnts=10 noImprove=20 (elapsed 37.48s)
[ITER 120] bestGlobalCost=89315.13 (feasible=YES) bestThisIter=101338.99 feasibleAnts=10 noImprove=30 (elapsed 42.8294s)
[RESET] no improvement for30-> reset pheromones
[ITER 130] bestGlobalCost=89315.13 (feasible=YES) bestThisIter=107344.45 feasibleAnts=10 noImprove=10 (elapsed 44.5979s)
[ITER 140] bestGlobalCost=89315.13 (feasible=YES) bestThisIter=102399.79 feasibleAnts=10 noImprove=20 (elapsed 49.2708s)
[ITER 150] bestGlobalCost=89315.13 (feasible=YES) bestThisIter=106428.43 feasibleAnts=9 noImprove=30 (elapsed 54.5746s)
[RESET] no improvement for30-> reset pheromones
[ITER 160] bestGlobalCost=89315.13 (feasible=YES) bestThisIter=105409.14 feasibleAnts=10 noImprove=10 (elapsed 56.402s)
6 47 63 75 92 
10 21 59 72 74 
23 45 77 91 98 
20 35 57 60 62 
1 11 15 17 32 
51 61 69 81 85 
9 12 27 86 87 
41 48 52 71 100 
5 13 37 78 96 
2 28 40 54 64 
19 49 84 90 94 
7 25 29 34 55 83 
22 24 53 79 88 
18 36 38 99 
16 26 65 66 70 
4 8 56 80 89 97 
44 50 58 68 73 
3 14 30 43 46 
31 42 67 93 
33 39 76 82 95 
[SAVELOGS] evolution saved to results/logs/kroA100_20_4/evolution/kroA100_20_4
[SAVELOGS] best cost saved to results/logs/kroA100_20_4/objectives/kroA100_20_4
[SAVELOGS] best solution saved to results/logs/kroA100_20_4/solutions/kroA100_20_4
