[ITER 1] New best cost=7540.82 (feasible=YES, time 0.282883s)
[ITER 2] New best cost=7208.19 (feasible=YES, time 0.469374s)
[ITER 3] New best cost=6747.19 (feasible=YES, time 0.591615s)
[ITER 10] New best cost=6682.08 (feasible=YES, time 2.15436s)
[ITER 10] bestGlobalCost=6682.08 (feasible=YES) bestThisIter=6682.08 feasibleAnts=10 noImprove=0 (elapsed 2.15855s)
[ITER 15] New best cost=6605.74 (feasible=YES, time 5.98937s)
[ITER 15] New best cost=6598.47 (feasible=YES, time 7.11033s)
[ITER 15] New best cost=6571.09 (feasible=YES, time 8.27436s)
[ITER 20] bestGlobalCost=6571.09 (feasible=YES) bestThisIter=6684.91 feasibleAnts=10 noImprove=5 (elapsed 10.1958s)
[ITER 30] New best cost=6564.15 (feasible=YES, time 16.1009s)
[ITER 30] bestGlobalCost=6564.15 (feasible=YES) bestThisIter=6762.81 feasibleAnts=10 noImprove=0 (elapsed 18.5487s)
[ITER 36] New best cost=6508.90 (feasible=YES, time 19.6455s)
[ITER 40] bestGlobalCost=6508.90 (feasible=YES) bestThisIter=6531.71 feasibleAnts=9 noImprove=4 (elapsed 20.13s)
[ITER 45] New best cost=6486.13 (feasible=YES, time 27.1873s)
[ITER 50] bestGlobalCost=6486.13 (feasible=YES) bestThisIter=6541.46 feasibleAnts=10 noImprove=5 (elapsed 27.9853s)
[ITER 60] bestGlobalCost=6486.13 (feasible=YES) bestThisIter=6778.57 feasibleAnts=10 noImprove=15 (elapsed 36.4052s)
[ITER 70] bestGlobalCost=6486.13 (feasible=YES) bestThisIter=6849.45 feasibleAnts=10 noImprove=25 (elapsed 38.9958s)
[RESET] no improvement for30-> reset pheromones
[ITER 80] bestGlobalCost=6486.13 (feasible=YES) bestThisIter=7408.81 feasibleAnts=10 noImprove=5 (elapsed 47.8748s)
[ITER 90] bestGlobalCost=6486.13 (feasible=YES) bestThisIter=6902.39 feasibleAnts=10 noImprove=15 (elapsed 57.077s)
[ITER 100] bestGlobalCost=6486.13 (feasible=YES) bestThisIter=6902.73 feasibleAnts=10 noImprove=25 (elapsed 59.9701s)
11 12 13 32 41 42 43 47 50 
29 31 35 36 37 38 39 40 44 
101 103 104 105 106 113 114 115 116 
63 64 65 66 67 68 69 70 72 92 
91 93 94 95 96 97 98 99 100 136 137 
54 55 56 57 58 59 60 61 62 
10 23 26 28 30 33 34 52 53 
51 73 74 75 76 77 78 82 87 89 
107 108 109 110 111 112 117 118 120 
71 79 80 81 84 85 86 88 90 
102 119 121 122 123 124 125 126 127 
14 15 16 17 45 46 48 49 
7 8 9 19 21 22 24 25 27 
1 2 3 4 5 6 18 20 
83 128 129 130 131 132 133 134 135 
[SAVELOGS] evolution saved to results/logs/gr137_15_4/evolution/gr137_15_4
[SAVELOGS] best cost saved to results/logs/gr137_15_4/objectives/gr137_15_4
[SAVELOGS] best solution saved to results/logs/gr137_15_4/solutions/gr137_15_4
