[ITER 1] New best cost=35118.78 (feasible=YES, time 0.0322261s)
[ITER 2] New best cost=34676.93 (feasible=YES, time 0.0714855s)
[ITER 3] New best cost=34654.40 (feasible=YES, time 0.0970744s)
[ITER 5] New best cost=34587.71 (feasible=YES, time 0.14452s)
[ITER 9] New best cost=34573.48 (feasible=YES, time 0.244309s)
[ITER 10] New best cost=34550.92 (feasible=YES, time 0.273683s)
[ITER 10] bestGlobalCost=34550.92 (feasible=YES) bestThisIter=34550.92 feasibleAnts=27 noImprove=0 (elapsed 0.277019s)
[ITER 20] New best cost=34543.89 (feasible=YES, time 3.05333s)
[ITER 20] bestGlobalCost=34543.89 (feasible=YES) bestThisIter=34543.89 feasibleAnts=10 noImprove=0 (elapsed 3.05665s)
[ITER 30] bestGlobalCost=34543.89 (feasible=YES) bestThisIter=34543.89 feasibleAnts=12 noImprove=10 (elapsed 5.85632s)
[ITER 40] bestGlobalCost=34543.89 (feasible=YES) bestThisIter=34543.89 feasibleAnts=10 noImprove=20 (elapsed 6.14134s)
[ITER 50] bestGlobalCost=34543.89 (feasible=YES) bestThisIter=34664.49 feasibleAnts=10 noImprove=30 (elapsed 9.47649s)
[RESET] no improvement for30-> reset pheromones
[ITER 60] bestGlobalCost=34543.89 (feasible=YES) bestThisIter=34683.40 feasibleAnts=10 noImprove=10 (elapsed 12.3849s)
[ITER 70] bestGlobalCost=34543.89 (feasible=YES) bestThisIter=34575.79 feasibleAnts=10 noImprove=20 (elapsed 12.6826s)
[ITER 80] bestGlobalCost=34543.89 (feasible=YES) bestThisIter=34543.89 feasibleAnts=10 noImprove=30 (elapsed 15.3798s)
[RESET] no improvement for30-> reset pheromones
[ITER 90] bestGlobalCost=34543.89 (feasible=YES) bestThisIter=34700.19 feasibleAnts=10 noImprove=10 (elapsed 18.5474s)
[ITER 100] bestGlobalCost=34543.89 (feasible=YES) bestThisIter=34543.89 feasibleAnts=10 noImprove=20 (elapsed 18.8922s)
[ITER 110] bestGlobalCost=34543.89 (feasible=YES) bestThisIter=34543.89 feasibleAnts=10 noImprove=30 (elapsed 22.0504s)
[RESET] no improvement for30-> reset pheromones
[ITER 120] bestGlobalCost=34543.89 (feasible=YES) bestThisIter=34595.59 feasibleAnts=10 noImprove=10 (elapsed 24.9954s)
[ITER 130] bestGlobalCost=34543.89 (feasible=YES) bestThisIter=34550.92 feasibleAnts=10 noImprove=20 (elapsed 25.3104s)
[ITER 140] bestGlobalCost=34543.89 (feasible=YES) bestThisIter=34707.63 feasibleAnts=10 noImprove=30 (elapsed 28.145s)
[RESET] no improvement for30-> reset pheromones
[ITER 150] bestGlobalCost=34543.89 (feasible=YES) bestThisIter=34575.79 feasibleAnts=10 noImprove=10 (elapsed 31.4938s)
[ITER 160] bestGlobalCost=34543.89 (feasible=YES) bestThisIter=34543.89 feasibleAnts=10 noImprove=20 (elapsed 31.804s)
[ITER 170] bestGlobalCost=34543.89 (feasible=YES) bestThisIter=34543.89 feasibleAnts=10 noImprove=30 (elapsed 34.7801s)
[RESET] no improvement for30-> reset pheromones
[ITER 180] bestGlobalCost=34543.89 (feasible=YES) bestThisIter=34595.71 feasibleAnts=10 noImprove=10 (elapsed 37.82s)
[ITER 190] bestGlobalCost=34543.89 (feasible=YES) bestThisIter=34543.89 feasibleAnts=10 noImprove=20 (elapsed 38.1374s)
[ITER 200] bestGlobalCost=34543.89 (feasible=YES) bestThisIter=34543.89 feasibleAnts=10 noImprove=30 (elapsed 41.4903s)
[RESET] no improvement for30-> reset pheromones
[ITER 210] bestGlobalCost=34543.89 (feasible=YES) bestThisIter=34710.65 feasibleAnts=10 noImprove=10 (elapsed 44.3069s)
[ITER 220] bestGlobalCost=34543.89 (feasible=YES) bestThisIter=34543.89 feasibleAnts=9 noImprove=20 (elapsed 44.6335s)
[ITER 230] bestGlobalCost=34543.89 (feasible=YES) bestThisIter=34543.89 feasibleAnts=10 noImprove=30 (elapsed 47.9108s)
[RESET] no improvement for30-> reset pheromones
[ITER 240] bestGlobalCost=34543.89 (feasible=YES) bestThisIter=34543.89 feasibleAnts=10 noImprove=10 (elapsed 51.0947s)
[ITER 250] bestGlobalCost=34543.89 (feasible=YES) bestThisIter=34543.89 feasibleAnts=10 noImprove=20 (elapsed 51.3408s)
[ITER 260] bestGlobalCost=34543.89 (feasible=YES) bestThisIter=34543.89 feasibleAnts=10 noImprove=30 (elapsed 54.2791s)
[RESET] no improvement for30-> reset pheromones
[ITER 270] bestGlobalCost=34543.89 (feasible=YES) bestThisIter=34556.82 feasibleAnts=10 noImprove=10 (elapsed 57.743s)
[ITER 280] bestGlobalCost=34543.89 (feasible=YES) bestThisIter=34543.89 feasibleAnts=10 noImprove=20 (elapsed 57.9912s)
79 80 81 83 84 85 89 93 94 96 97 98 99 102 126 128 129 130 131 132 133 134 135 136 137 
50 51 58 59 60 62 63 64 65 66 67 68 69 70 71 72 74 75 77 78 82 86 87 88 90 91 92 95 
100 101 103 104 105 106 107 108 109 110 111 112 113 114 115 116 117 118 119 120 121 122 123 124 125 127 
10 11 12 13 14 15 16 17 29 30 31 32 33 34 35 36 37 38 39 40 41 42 43 44 45 46 47 48 49 73 76 
1 2 3 4 5 6 7 8 9 18 19 20 21 22 23 24 25 26 27 28 52 53 54 55 56 57 61 
[SAVELOGS] evolution saved to results/logs/gr137_05_2/evolution/gr137_05_2
[SAVELOGS] best cost saved to results/logs/gr137_05_2/objectives/gr137_05_2
[SAVELOGS] best solution saved to results/logs/gr137_05_2/solutions/gr137_05_2
