[ITER 1] New best cost=802968.13 (feasible=YES, time 13.8544s)
[ITER 4] New best cost=799756.40 (feasible=YES, time 46.8218s)
[ITER 6] New best cost=797899.83 (feasible=YES, time 67.4638s)
[ITER 9] New best cost=790042.91 (feasible=YES, time 99.903s)
[ITER 10] bestGlobalCost=790042.91 (feasible=YES) bestThisIter=800035.88 feasibleAnts=10 noImprove=1 (elapsed 121.085s)
[ITER 20] bestGlobalCost=790042.91 (feasible=YES) bestThisIter=804682.46 feasibleAnts=10 noImprove=11 (elapsed 244.195s)
[ITER 23] New best cost=788128.80 (feasible=YES, time 273.28s)
[ITER 30] [TS] New best cost=788057.05 (feasible=YES, time 349.932s)
[ITER 30] bestGlobalCost=788057.05 (feasible=YES) bestThisIter=788057.05 feasibleAnts=10 noImprove=1 (elapsed 359.461s)
[ITER 33] New best cost=787152.36 (feasible=YES, time 388.864s)
[ITER 40] bestGlobalCost=787152.36 (feasible=YES) bestThisIter=789836.36 feasibleAnts=10 noImprove=7 (elapsed 468.117s)
[ITER 42] New best cost=781153.75 (feasible=YES, time 491.065s)
[ITER 50] [TS] New best cost=780448.90 (feasible=YES, time 568.444s)
[ITER 50] bestGlobalCost=780448.90 (feasible=YES) bestThisIter=788641.78 feasibleAnts=10 noImprove=1 (elapsed 577.513s)
[ITER 60] bestGlobalCost=780448.90 (feasible=YES) bestThisIter=796421.13 feasibleAnts=10 noImprove=11 (elapsed 683.687s)
[ITER 70] bestGlobalCost=780448.90 (feasible=YES) bestThisIter=798057.27 feasibleAnts=10 noImprove=21 (elapsed 787.289s)
[RESET] no improvement for30-> reset pheromones
[ITER 80] bestGlobalCost=780448.90 (feasible=YES) bestThisIter=801103.03 feasibleAnts=10 noImprove=1 (elapsed 898.799s)
[ITER 90] bestGlobalCost=780448.90 (feasible=YES) bestThisIter=789925.31 feasibleAnts=10 noImprove=11 (elapsed 1012.92s)
[ITER 100] bestGlobalCost=780448.90 (feasible=YES) bestThisIter=788960.51 feasibleAnts=10 noImprove=21 (elapsed 1124.62s)
[RESET] no improvement for30-> reset pheromones
[ITER 110] bestGlobalCost=780448.90 (feasible=YES) bestThisIter=822650.57 feasibleAnts=10 noImprove=1 (elapsed 1235.93s)
[ITER 120] bestGlobalCost=780448.90 (feasible=YES) bestThisIter=790450.32 feasibleAnts=10 noImprove=11 (elapsed 1346.32s)
[ITER 130] bestGlobalCost=780448.90 (feasible=YES) bestThisIter=795360.88 feasibleAnts=10 noImprove=21 (elapsed 1460.28s)
10 28 31 52 57 80 96 103 106 125 141 179 221 223 226 228 242 250 262 266 269 280 337 353 377 388 
41 51 87 88 90 102 127 153 162 165 185 187 225 232 236 238 243 244 252 261 278 309 312 343 347 348 383 
18 50 74 97 134 140 152 172 177 182 188 193 217 219 233 267 305 333 338 351 355 364 365 380 394 399 
8 38 44 55 79 83 91 114 128 145 168 175 180 181 192 204 210 229 239 259 287 296 313 315 319 335 349 375 
25 29 53 65 71 84 85 95 156 159 163 174 190 197 200 308 331 340 356 359 366 369 381 389 392 398 
3 5 14 16 73 93 116 132 135 146 189 195 207 212 255 260 272 281 314 330 332 361 373 382 387 390 393 
1 4 9 15 34 39 45 115 120 121 129 133 137 161 169 178 201 216 222 237 247 256 258 273 286 295 304 
7 26 30 35 36 47 64 68 69 72 76 118 119 123 154 184 206 271 279 301 316 323 341 350 379 
11 23 32 48 59 60 62 100 101 124 142 158 191 224 245 251 253 254 293 311 320 327 329 362 363 396 
12 27 37 43 63 75 82 104 126 131 170 171 176 218 220 231 235 270 291 294 297 310 318 321 334 370 376 
6 19 21 24 42 49 58 98 107 136 151 160 167 196 213 230 240 288 289 298 328 342 346 384 391 
13 17 54 67 77 89 117 155 164 173 186 199 202 205 211 214 234 263 268 282 284 285 306 317 336 357 395 400 
2 56 92 108 110 113 122 130 139 148 157 203 209 265 275 276 299 300 307 339 344 345 354 358 360 385 397 
33 46 61 70 78 81 86 94 105 138 144 150 183 194 198 208 241 248 277 283 292 302 303 322 324 325 372 374 
20 22 40 66 99 109 111 112 143 147 149 166 215 227 246 249 257 264 274 290 326 352 367 368 371 378 386 
[SAVELOGS] evolution saved to results/logs/aco_logs/evolution/rd400_15_5.txt
[SAVELOGS] best cost saved to results/logs/aco_logs/objectives/rd400_15_5.txt
[SAVELOGS] best solution saved to results/logs/aco_logs/solutions/rd400_15_5.txt
