[ITER 1] New best cost=322711.37 (feasible=YES, time 0.299496s)
[ITER 2] New best cost=317109.16 (feasible=YES, time 0.528366s)
[ITER 5] New best cost=315199.88 (feasible=YES, time 1.25999s)
[ITER 10] New best cost=304616.45 (feasible=YES, time 2.55811s)
[ITER 10] bestGlobalCost=304616.45 (feasible=YES) bestThisIter=304616.45 feasibleAnts=10 noImprove=0 (elapsed 2.56212s)
[ITER 15] New best cost=303495.74 (feasible=YES, time 5.72026s)
[ITER 15] New best cost=296828.36 (feasible=YES, time 9.05568s)
[ITER 20] bestGlobalCost=296828.36 (feasible=YES) bestThisIter=296828.36 feasibleAnts=10 noImprove=5 (elapsed 13.141s)
[ITER 23] New best cost=296715.85 (feasible=YES, time 13.6917s)
[ITER 25] New best cost=296504.67 (feasible=YES, time 14.0722s)
[ITER 30] New best cost=294813.62 (feasible=YES, time 17.1175s)
[ITER 30] bestGlobalCost=294813.62 (feasible=YES) bestThisIter=296504.67 feasibleAnts=10 noImprove=0 (elapsed 23.7335s)
[ITER 40] bestGlobalCost=294813.62 (feasible=YES) bestThisIter=309378.47 feasibleAnts=10 noImprove=10 (elapsed 25.6042s)
[ITER 45] New best cost=294265.19 (feasible=YES, time 34.0458s)
[ITER 50] bestGlobalCost=294265.19 (feasible=YES) bestThisIter=299817.23 feasibleAnts=10 noImprove=5 (elapsed 36.8579s)
[ITER 51] New best cost=293366.24 (feasible=YES, time 37.031s)
[ITER 55] New best cost=292335.10 (feasible=YES, time 37.7313s)
[ITER 60] New best cost=291894.70 (feasible=YES, time 46.4769s)
[ITER 60] bestGlobalCost=291894.70 (feasible=YES) bestThisIter=292335.10 feasibleAnts=10 noImprove=0 (elapsed 46.4818s)
[ITER 70] bestGlobalCost=291894.70 (feasible=YES) bestThisIter=309266.60 feasibleAnts=10 noImprove=10 (elapsed 48.9438s)
[ITER 80] bestGlobalCost=291894.70 (feasible=YES) bestThisIter=322774.07 feasibleAnts=10 noImprove=20 (elapsed 59.6268s)
10 14 19 36 49 92 99 105 141 143 
2 8 22 42 83 108 112 113 114 138 
21 23 30 35 41 59 89 102 122 
44 52 84 87 96 97 103 127 128 150 
16 18 29 37 51 61 63 66 135 146 
11 33 45 48 57 74 81 100 136 144 
13 20 47 55 64 67 79 107 110 130 147 
1 12 15 27 40 46 53 85 125 137 
5 43 50 62 68 72 86 91 133 
70 76 94 95 111 121 123 129 131 139 
17 25 34 58 88 90 98 106 109 145 
6 31 54 65 75 80 104 115 134 149 
7 9 24 26 32 78 82 117 120 132 142 
3 4 60 69 73 77 93 116 118 140 
28 38 39 56 71 101 119 124 126 148 
[SAVELOGS] evolution saved to results/logs/kroB150_15_4/evolution/kroB150_15_4
[SAVELOGS] best cost saved to results/logs/kroB150_15_4/objectives/kroB150_15_4
[SAVELOGS] best solution saved to results/logs/kroB150_15_4/solutions/kroB150_15_4
