[ITER 1] New best cost=340606.68 (feasible=YES, time 0.32411s)
[ITER 2] New best cost=337739.56 (feasible=YES, time 0.492051s)
[ITER 3] New best cost=314449.13 (feasible=YES, time 0.754641s)
[ITER 10] bestGlobalCost=314449.13 (feasible=YES) bestThisIter=327069.82 feasibleAnts=10 noImprove=7 (elapsed 2.64758s)
[ITER 13] New best cost=312397.68 (feasible=YES, time 3.8087s)
[ITER 15] New best cost=306772.45 (feasible=YES, time 6.38707s)
[ITER 15] New best cost=305049.31 (feasible=YES, time 9.59129s)
[ITER 18] New best cost=303632.56 (feasible=YES, time 13.8389s)
[ITER 20] bestGlobalCost=303632.56 (feasible=YES) bestThisIter=303632.56 feasibleAnts=10 noImprove=2 (elapsed 14.1716s)
[ITER 24] New best cost=303542.29 (feasible=YES, time 14.9027s)
[ITER 29] New best cost=302573.74 (feasible=YES, time 15.6547s)
[ITER 30] New best cost=301145.79 (feasible=YES, time 19.0648s)
[ITER 30] bestGlobalCost=301145.79 (feasible=YES) bestThisIter=303542.29 feasibleAnts=18 noImprove=0 (elapsed 24.559s)
[ITER 40] bestGlobalCost=301145.79 (feasible=YES) bestThisIter=301145.79 feasibleAnts=10 noImprove=10 (elapsed 26.2387s)
[ITER 45] New best cost=299624.30 (feasible=YES, time 32.7956s)
[ITER 50] bestGlobalCost=299624.30 (feasible=YES) bestThisIter=299624.30 feasibleAnts=10 noImprove=5 (elapsed 37.0277s)
[ITER 60] bestGlobalCost=299624.30 (feasible=YES) bestThisIter=319035.16 feasibleAnts=10 noImprove=15 (elapsed 47.4705s)
[ITER 70] bestGlobalCost=299624.30 (feasible=YES) bestThisIter=313971.72 feasibleAnts=10 noImprove=25 (elapsed 50.7244s)
[RESET] no improvement for30-> reset pheromones
20 31 47 55 64 67 79 107 110 130 
10 19 33 36 57 74 92 99 100 141 
3 4 14 60 69 73 93 116 140 143 
21 23 30 41 59 89 91 118 122 
45 52 81 84 87 96 97 128 136 144 
42 50 54 62 75 83 108 113 134 138 
68 70 76 94 95 111 121 123 129 131 139 
5 38 43 56 71 72 86 119 124 133 
2 6 35 77 80 102 104 115 147 149 
7 18 24 29 32 46 117 125 132 137 142 
9 26 37 51 61 66 78 82 120 135 146 
1 12 13 15 27 40 53 65 85 
11 16 44 48 49 63 103 105 127 150 
28 39 88 98 101 109 114 126 145 148 
8 17 22 25 34 58 90 106 112 
[SAVELOGS] evolution saved to results/logs/kroB150_15_4/evolution/kroB150_15_4
[SAVELOGS] best cost saved to results/logs/kroB150_15_4/objectives/kroB150_15_4
[SAVELOGS] best solution saved to results/logs/kroB150_15_4/solutions/kroB150_15_4
