[ITER 1] New best cost=671241.05 (feasible=YES, time 0.301166s)
[ITER 3] New best cost=658584.08 (feasible=YES, time 0.843064s)
[ITER 5] New best cost=658403.99 (feasible=YES, time 1.45579s)
[ITER 6] New best cost=650459.63 (feasible=YES, time 1.60042s)
[ITER 7] New best cost=643970.03 (feasible=YES, time 1.76819s)
[ITER 9] New best cost=637010.21 (feasible=YES, time 2.17159s)
[ITER 10] New best cost=634037.83 (feasible=YES, time 2.4259s)
[ITER 10] bestGlobalCost=634037.83 (feasible=YES) bestThisIter=634037.83 feasibleAnts=10 noImprove=0 (elapsed 2.4301s)
[ITER 11] New best cost=630138.53 (feasible=YES, time 2.57947s)
[ITER 15] New best cost=629619.55 (feasible=YES, time 4.26134s)
[ITER 15] New best cost=622547.72 (feasible=YES, time 6.416s)
[ITER 18] New best cost=621947.59 (feasible=YES, time 9.60228s)
[ITER 19] New best cost=621760.98 (feasible=YES, time 9.78118s)
[ITER 20] New best cost=614513.05 (feasible=YES, time 9.98554s)
[ITER 20] bestGlobalCost=614513.05 (feasible=YES) bestThisIter=614513.05 feasibleAnts=10 noImprove=0 (elapsed 9.98952s)
[ITER 22] New best cost=613590.69 (feasible=YES, time 10.2901s)
[ITER 24] New best cost=613131.21 (feasible=YES, time 10.6064s)
[ITER 26] New best cost=612507.05 (feasible=YES, time 10.929s)
[ITER 27] New best cost=611651.68 (feasible=YES, time 11.0699s)
[ITER 30] New best cost=608201.39 (feasible=YES, time 13.7491s)
[ITER 30] bestGlobalCost=608201.39 (feasible=YES) bestThisIter=611651.68 feasibleAnts=11 noImprove=0 (elapsed 17.0837s)
[ITER 35] New best cost=607645.32 (feasible=YES, time 17.7306s)
[ITER 37] New best cost=606167.37 (feasible=YES, time 17.9827s)
[ITER 40] bestGlobalCost=606167.37 (feasible=YES) bestThisIter=606167.37 feasibleAnts=10 noImprove=3 (elapsed 18.4039s)
[ITER 45] New best cost=605864.52 (feasible=YES, time 21.952s)
[ITER 45] New best cost=605051.12 (feasible=YES, time 25.8113s)
[ITER 50] bestGlobalCost=605051.12 (feasible=YES) bestThisIter=605051.12 feasibleAnts=10 noImprove=5 (elapsed 26.6499s)
[ITER 60] New best cost=604426.68 (feasible=YES, time 34.5027s)
[ITER 60] bestGlobalCost=604426.68 (feasible=YES) bestThisIter=646616.79 feasibleAnts=10 noImprove=0 (elapsed 36.0778s)
[ITER 70] bestGlobalCost=604426.68 (feasible=YES) bestThisIter=623081.95 feasibleAnts=10 noImprove=10 (elapsed 38.1323s)
[ITER 75] New best cost=604377.41 (feasible=YES, time 44.8582s)
[ITER 80] bestGlobalCost=604377.41 (feasible=YES) bestThisIter=606172.93 feasibleAnts=10 noImprove=5 (elapsed 47.1846s)
[ITER 90] bestGlobalCost=604377.41 (feasible=YES) bestThisIter=646606.03 feasibleAnts=10 noImprove=15 (elapsed 56.4161s)
[ITER 100] bestGlobalCost=604377.41 (feasible=YES) bestThisIter=639081.17 feasibleAnts=10 noImprove=25 (elapsed 59.593s)
67 68 69 70 71 73 
2 44 51 54 57 121 
74 75 76 78 81 84 117 
46 49 53 107 111 112 118 
5 13 50 52 56 115 
6 7 9 11 105 120 
26 32 98 101 102 
25 28 29 33 38 122 
1 16 35 36 37 40 41 
4 15 20 22 24 106 108 
85 86 87 88 89 109 110 
58 65 92 99 104 113 125 
30 31 34 39 42 43 
8 17 18 19 21 23 72 
63 82 83 96 119 126 
45 93 95 97 103 123 127 
3 10 91 100 114 116 
59 60 61 62 64 90 
47 48 55 66 94 124 
12 14 27 77 79 80 
[SAVELOGS] evolution saved to results/logs/bier127_20_4/evolution/bier127_20_4
[SAVELOGS] best cost saved to results/logs/bier127_20_4/objectives/bier127_20_4
[SAVELOGS] best solution saved to results/logs/bier127_20_4/solutions/bier127_20_4
