[ITER 1] New best cost=687400.99 (feasible=YES, time 0.326944s)
[ITER 3] New best cost=671446.79 (feasible=YES, time 0.773301s)
[ITER 4] New best cost=668215.91 (feasible=YES, time 1.05381s)
[ITER 7] New best cost=659904.12 (feasible=YES, time 1.71564s)
[ITER 10] New best cost=641401.02 (feasible=YES, time 2.30953s)
[ITER 10] bestGlobalCost=641401.02 (feasible=YES) bestThisIter=641401.02 feasibleAnts=10 noImprove=0 (elapsed 2.31334s)
[ITER 12] New best cost=640935.48 (feasible=YES, time 2.65092s)
[ITER 14] New best cost=638672.02 (feasible=YES, time 3.02461s)
[ITER 15] New best cost=637461.61 (feasible=YES, time 4.49323s)
[ITER 15] New best cost=634822.53 (feasible=YES, time 5.89913s)
[ITER 15] New best cost=633352.88 (feasible=YES, time 9.97241s)
[ITER 20] bestGlobalCost=633352.88 (feasible=YES) bestThisIter=640592.39 feasibleAnts=10 noImprove=5 (elapsed 11.025s)
[ITER 22] New best cost=632421.15 (feasible=YES, time 11.5534s)
[ITER 26] New best cost=631659.21 (feasible=YES, time 12.4431s)
[ITER 30] New best cost=627192.64 (feasible=YES, time 14.4131s)
[ITER 30] bestGlobalCost=627192.64 (feasible=YES) bestThisIter=631659.21 feasibleAnts=9 noImprove=0 (elapsed 19.6607s)
[ITER 40] bestGlobalCost=627192.64 (feasible=YES) bestThisIter=656538.22 feasibleAnts=10 noImprove=10 (elapsed 22.1917s)
[ITER 45] New best cost=625582.94 (feasible=YES, time 26.4523s)
[ITER 50] bestGlobalCost=625582.94 (feasible=YES) bestThisIter=625582.94 feasibleAnts=10 noImprove=5 (elapsed 31.5236s)
[ITER 60] New best cost=623976.05 (feasible=YES, time 36.8917s)
[ITER 60] bestGlobalCost=623976.05 (feasible=YES) bestThisIter=647344.29 feasibleAnts=10 noImprove=0 (elapsed 40.7484s)
[ITER 64] New best cost=623493.73 (feasible=YES, time 41.4371s)
[ITER 70] bestGlobalCost=623493.73 (feasible=YES) bestThisIter=635206.30 feasibleAnts=10 noImprove=6 (elapsed 42.5621s)
[ITER 80] bestGlobalCost=623493.73 (feasible=YES) bestThisIter=665747.23 feasibleAnts=10 noImprove=16 (elapsed 51.6489s)
[ITER 90] New best cost=614706.65 (feasible=YES, time 58.9384s)
[ITER 90] bestGlobalCost=614706.65 (feasible=YES) bestThisIter=662176.94 feasibleAnts=10 noImprove=0 (elapsed 61.4741s)
46 47 55 65 66 113 
69 81 82 83 84 126 
3 10 58 60 64 100 115 
27 30 31 38 39 42 
5 52 56 57 121 124 
25 76 78 79 80 117 
63 85 87 88 96 109 119 
2 13 50 51 105 120 
68 70 71 73 74 75 
4 17 18 19 21 22 23 77 
61 62 89 92 99 125 
1 12 14 16 20 37 
26 32 98 101 102 
59 86 90 91 104 110 
34 35 36 40 41 43 54 
8 9 11 67 72 116 
48 49 53 94 111 112 118 
28 29 33 97 122 123 
6 7 15 24 106 108 114 
44 45 93 95 103 107 127 
[SAVELOGS] evolution saved to results/logs/bier127_20_4/evolution/bier127_20_4
[SAVELOGS] best cost saved to results/logs/bier127_20_4/objectives/bier127_20_4
[SAVELOGS] best solution saved to results/logs/bier127_20_4/solutions/bier127_20_4
