[ITER 1] New best cost=2211.19 (feasible=YES, time 0.143007s)
[ITER 3] New best cost=2155.25 (feasible=YES, time 0.34237s)
[ITER 4] New best cost=2125.31 (feasible=YES, time 0.446194s)
[ITER 6] New best cost=2113.97 (feasible=YES, time 0.676608s)
[ITER 7] New best cost=2110.00 (feasible=YES, time 0.761865s)
[ITER 8] New best cost=2103.41 (feasible=YES, time 0.880039s)
[ITER 10] New best cost=2084.85 (feasible=YES, time 1.06837s)
[ITER 10] bestGlobalCost=2084.85 (feasible=YES) bestThisIter=2084.85 feasibleAnts=10 noImprove=0 (elapsed 1.07216s)
[ITER 11] New best cost=2077.35 (feasible=YES, time 1.17363s)
[ITER 13] New best cost=2069.42 (feasible=YES, time 1.34441s)
[ITER 15] New best cost=2053.00 (feasible=YES, time 2.3575s)
[ITER 15] New best cost=2044.40 (feasible=YES, time 3.6328s)
[ITER 20] bestGlobalCost=2044.40 (feasible=YES) bestThisIter=2044.40 feasibleAnts=10 noImprove=5 (elapsed 3.98605s)
[ITER 30] bestGlobalCost=2044.40 (feasible=YES) bestThisIter=2098.28 feasibleAnts=10 noImprove=15 (elapsed 6.93362s)
[ITER 40] bestGlobalCost=2044.40 (feasible=YES) bestThisIter=2139.29 feasibleAnts=10 noImprove=25 (elapsed 7.97065s)
[RESET] no improvement for30-> reset pheromones
[ITER 50] bestGlobalCost=2044.40 (feasible=YES) bestThisIter=2259.73 feasibleAnts=10 noImprove=5 (elapsed 11.5335s)
[ITER 60] bestGlobalCost=2044.40 (feasible=YES) bestThisIter=2136.91 feasibleAnts=10 noImprove=15 (elapsed 15.1273s)
[ITER 70] bestGlobalCost=2044.40 (feasible=YES) bestThisIter=2170.94 feasibleAnts=10 noImprove=25 (elapsed 16.1648s)
[RESET] no improvement for30-> reset pheromones
[ITER 80] bestGlobalCost=2044.40 (feasible=YES) bestThisIter=2102.28 feasibleAnts=10 noImprove=5 (elapsed 19.3358s)
[ITER 90] bestGlobalCost=2044.40 (feasible=YES) bestThisIter=2127.14 feasibleAnts=10 noImprove=15 (elapsed 22.5307s)
[ITER 100] bestGlobalCost=2044.40 (feasible=YES) bestThisIter=2154.32 feasibleAnts=10 noImprove=25 (elapsed 23.5498s)
[RESET] no improvement for30-> reset pheromones
[ITER 110] bestGlobalCost=2044.40 (feasible=YES) bestThisIter=2234.99 feasibleAnts=10 noImprove=5 (elapsed 27.1123s)
[ITER 120] bestGlobalCost=2044.40 (feasible=YES) bestThisIter=2170.11 feasibleAnts=10 noImprove=15 (elapsed 30.8319s)
[ITER 130] bestGlobalCost=2044.40 (feasible=YES) bestThisIter=2263.69 feasibleAnts=10 noImprove=25 (elapsed 31.9185s)
[RESET] no improvement for30-> reset pheromones
[ITER 140] bestGlobalCost=2044.40 (feasible=YES) bestThisIter=2258.84 feasibleAnts=10 noImprove=5 (elapsed 35.4841s)
[ITER 150] bestGlobalCost=2044.40 (feasible=YES) bestThisIter=2136.10 feasibleAnts=10 noImprove=15 (elapsed 39.1849s)
[ITER 160] bestGlobalCost=2044.40 (feasible=YES) bestThisIter=2082.16 feasibleAnts=10 noImprove=25 (elapsed 40.1642s)
[RESET] no improvement for30-> reset pheromones
[ITER 170] bestGlobalCost=2044.40 (feasible=YES) bestThisIter=2230.89 feasibleAnts=10 noImprove=5 (elapsed 43.8605s)
[ITER 180] bestGlobalCost=2044.40 (feasible=YES) bestThisIter=2134.13 feasibleAnts=10 noImprove=15 (elapsed 47.4385s)
[ITER 190] bestGlobalCost=2044.40 (feasible=YES) bestThisIter=2159.39 feasibleAnts=10 noImprove=25 (elapsed 48.4567s)
[RESET] no improvement for30-> reset pheromones
[ITER 200] bestGlobalCost=2044.40 (feasible=YES) bestThisIter=2147.33 feasibleAnts=10 noImprove=5 (elapsed 51.5356s)
[ITER 210] bestGlobalCost=2044.40 (feasible=YES) bestThisIter=2192.16 feasibleAnts=10 noImprove=15 (elapsed 54.8459s)
[ITER 220] bestGlobalCost=2044.40 (feasible=YES) bestThisIter=2148.49 feasibleAnts=10 noImprove=25 (elapsed 55.8376s)
[RESET] no improvement for30-> reset pheromones
[ITER 230] bestGlobalCost=2044.40 (feasible=YES) bestThisIter=2288.97 feasibleAnts=10 noImprove=5 (elapsed 59.4356s)
33 34 76 78 79 81 
14 16 38 44 86 
1 27 28 50 69 
6 13 58 89 101 
24 25 55 67 
20 30 32 63 66 90 
8 17 45 46 82 
19 36 47 48 49 64 
61 85 91 93 100 
7 31 52 88 
2 22 40 53 73 
4 21 26 54 72 
15 41 42 43 57 
23 39 56 74 75 
87 94 95 96 97 
9 35 51 65 71 
10 11 62 70 
37 59 92 98 99 
5 18 60 83 84 
3 12 29 68 77 80 
[SAVELOGS] evolution saved to results/logs/eil101_20_3/evolution/eil101_20_3
[SAVELOGS] best cost saved to results/logs/eil101_20_3/objectives/eil101_20_3
[SAVELOGS] best solution saved to results/logs/eil101_20_3/solutions/eil101_20_3
