[ITER 1] New best cost=397533.80 (feasible=YES, time 1.74823s)
[ITER 2] New best cost=397438.23 (feasible=YES, time 3.17442s)
[ITER 3] New best cost=396368.17 (feasible=YES, time 4.61483s)
[ITER 5] New best cost=396093.94 (feasible=YES, time 7.41715s)
[ITER 10] bestGlobalCost=396093.94 (feasible=YES) bestThisIter=396093.94 feasibleAnts=10 noImprove=5 (elapsed 16.1862s)
[ITER 20] bestGlobalCost=396093.94 (feasible=YES) bestThisIter=396093.94 feasibleAnts=10 noImprove=15 (elapsed 30.4989s)
[ITER 30] bestGlobalCost=396093.94 (feasible=YES) bestThisIter=396093.94 feasibleAnts=10 noImprove=25 (elapsed 44.8151s)
[RESET] no improvement for30-> reset pheromones
[ITER 40] bestGlobalCost=396093.94 (feasible=YES) bestThisIter=396093.94 feasibleAnts=10 noImprove=5 (elapsed 60.3951s)
[ITER 50] bestGlobalCost=396093.94 (feasible=YES) bestThisIter=396093.94 feasibleAnts=11 noImprove=15 (elapsed 75.9245s)
[ITER 60] bestGlobalCost=396093.94 (feasible=YES) bestThisIter=396093.94 feasibleAnts=10 noImprove=25 (elapsed 90.4083s)
[ITER 63] New best cost=395928.82 (feasible=YES, time 94.3828s)
[ITER 70] bestGlobalCost=395928.82 (feasible=YES) bestThisIter=395928.82 feasibleAnts=11 noImprove=7 (elapsed 106.818s)
[ITER 80] bestGlobalCost=395928.82 (feasible=YES) bestThisIter=395928.82 feasibleAnts=11 noImprove=17 (elapsed 124.5s)
[ITER 90] bestGlobalCost=395928.82 (feasible=YES) bestThisIter=395928.82 feasibleAnts=12 noImprove=27 (elapsed 141.943s)
[RESET] no improvement for30-> reset pheromones
[ITER 100] bestGlobalCost=395928.82 (feasible=YES) bestThisIter=395928.82 feasibleAnts=10 noImprove=7 (elapsed 160.308s)
[ITER 110] bestGlobalCost=395928.82 (feasible=YES) bestThisIter=395928.82 feasibleAnts=11 noImprove=17 (elapsed 177.557s)
[ITER 120] bestGlobalCost=395928.82 (feasible=YES) bestThisIter=395928.82 feasibleAnts=10 noImprove=27 (elapsed 194.795s)
[RESET] no improvement for30-> reset pheromones
[ITER 130] bestGlobalCost=395928.82 (feasible=YES) bestThisIter=395928.82 feasibleAnts=11 noImprove=7 (elapsed 213.277s)
[ITER 140] bestGlobalCost=395928.82 (feasible=YES) bestThisIter=395928.82 feasibleAnts=10 noImprove=17 (elapsed 230.4s)
[ITER 150] bestGlobalCost=395928.82 (feasible=YES) bestThisIter=395928.82 feasibleAnts=10 noImprove=27 (elapsed 248.854s)
[RESET] no improvement for30-> reset pheromones
[ITER 160] bestGlobalCost=395928.82 (feasible=YES) bestThisIter=395928.82 feasibleAnts=11 noImprove=7 (elapsed 267.092s)
[ITER 170] bestGlobalCost=395928.82 (feasible=YES) bestThisIter=395928.82 feasibleAnts=10 noImprove=17 (elapsed 284.759s)
[ITER 180] bestGlobalCost=395928.82 (feasible=YES) bestThisIter=395928.82 feasibleAnts=11 noImprove=27 (elapsed 301.858s)
2 3 204 206 207 208 209 210 211 212 213 214 215 216 217 218 219 220 221 222 223 224 225 226 227 228 229 230 231 232 233 234 235 236 237 238 239 240 241 242 243 244 245 246 247 248 249 250 251 252 253 254 255 256 257 280 
121 122 136 137 138 139 140 141 142 143 144 145 146 147 148 149 150 151 152 153 156 157 158 160 175 176 177 178 179 180 181 182 183 184 185 186 187 188 189 190 191 192 193 194 195 196 197 198 199 200 201 202 203 205 265 266 
30 31 32 33 34 35 36 37 38 39 40 41 42 43 44 45 46 47 48 49 50 51 52 53 54 55 56 57 58 59 60 61 62 63 64 65 66 67 68 69 70 71 72 85 117 118 119 120 123 124 125 126 128 129 159 
73 74 75 76 77 78 79 80 81 82 83 84 86 87 88 89 90 91 92 93 94 95 96 97 98 99 100 101 102 103 104 105 106 107 108 109 110 111 112 113 114 115 116 161 162 163 164 165 166 167 168 169 170 171 172 173 174 
1 4 5 6 7 8 9 10 11 12 13 14 15 16 17 18 19 20 21 22 23 24 25 26 27 28 29 127 130 131 132 133 134 135 154 155 258 259 260 261 262 263 264 267 268 269 270 271 272 273 274 275 276 277 278 279 
[SAVELOGS] evolution saved to results/logs/aco_logs/evolution/a280_05_3.txt
[SAVELOGS] best cost saved to results/logs/aco_logs/objectives/a280_05_3.txt
[SAVELOGS] best solution saved to results/logs/aco_logs/solutions/a280_05_3.txt
