[ITER 1] New best cost=268454.41 (feasible=YES, time 0.142499s)
[ITER 2] New best cost=263112.83 (feasible=YES, time 0.235995s)
[ITER 3] New best cost=260781.79 (feasible=YES, time 0.316571s)
[ITER 4] New best cost=260310.18 (feasible=YES, time 0.409002s)
[ITER 5] New best cost=258772.80 (feasible=YES, time 0.471584s)
[ITER 6] New best cost=258270.96 (feasible=YES, time 0.541926s)
[ITER 7] New best cost=257553.53 (feasible=YES, time 0.639702s)
[ITER 10] bestGlobalCost=257553.53 (feasible=YES) bestThisIter=259845.33 feasibleAnts=9 noImprove=3 (elapsed 0.78843s)
[ITER 13] New best cost=256602.40 (feasible=YES, time 0.992776s)
[ITER 20] bestGlobalCost=256602.40 (feasible=YES) bestThisIter=256602.40 feasibleAnts=10 noImprove=7 (elapsed 4.15435s)
[ITER 30] New best cost=255840.79 (feasible=YES, time 6.02195s)
[ITER 30] bestGlobalCost=255840.79 (feasible=YES) bestThisIter=262693.40 feasibleAnts=10 noImprove=0 (elapsed 6.90841s)
[ITER 38] New best cost=253625.56 (feasible=YES, time 7.29695s)
[ITER 40] bestGlobalCost=253625.56 (feasible=YES) bestThisIter=253625.56 feasibleAnts=16 noImprove=2 (elapsed 7.35566s)
[ITER 43] New best cost=253198.21 (feasible=YES, time 7.47436s)
[ITER 44] New best cost=252648.95 (feasible=YES, time 7.51994s)
[ITER 46] New best cost=250617.25 (feasible=YES, time 9.74353s)
[ITER 50] bestGlobalCost=250617.25 (feasible=YES) bestThisIter=250617.25 feasibleAnts=10 noImprove=4 (elapsed 9.92168s)
[ITER 60] bestGlobalCost=250617.25 (feasible=YES) bestThisIter=250617.25 feasibleAnts=10 noImprove=14 (elapsed 12.8573s)
[ITER 70] bestGlobalCost=250617.25 (feasible=YES) bestThisIter=253604.67 feasibleAnts=10 noImprove=24 (elapsed 13.8111s)
[RESET] no improvement for30-> reset pheromones
[ITER 80] bestGlobalCost=250617.25 (feasible=YES) bestThisIter=264893.51 feasibleAnts=10 noImprove=4 (elapsed 17.0398s)
[ITER 90] bestGlobalCost=250617.25 (feasible=YES) bestThisIter=263283.34 feasibleAnts=10 noImprove=14 (elapsed 20.0631s)
[ITER 100] bestGlobalCost=250617.25 (feasible=YES) bestThisIter=253236.05 feasibleAnts=10 noImprove=24 (elapsed 20.8512s)
[RESET] no improvement for30-> reset pheromones
[ITER 110] bestGlobalCost=250617.25 (feasible=YES) bestThisIter=273087.00 feasibleAnts=10 noImprove=4 (elapsed 24.3721s)
[ITER 120] New best cost=250048.37 (feasible=YES, time 26.0617s)
[ITER 120] bestGlobalCost=250048.37 (feasible=YES) bestThisIter=272025.37 feasibleAnts=9 noImprove=0 (elapsed 27.3863s)
[ITER 130] bestGlobalCost=250048.37 (feasible=YES) bestThisIter=254373.07 feasibleAnts=10 noImprove=10 (elapsed 27.949s)
[ITER 131] New best cost=249892.45 (feasible=YES, time 28.024s)
[ITER 140] bestGlobalCost=249892.45 (feasible=YES) bestThisIter=249892.45 feasibleAnts=9 noImprove=9 (elapsed 31.3244s)
[ITER 150] bestGlobalCost=249892.45 (feasible=YES) bestThisIter=257737.78 feasibleAnts=10 noImprove=19 (elapsed 34.2416s)
[ITER 160] bestGlobalCost=249892.45 (feasible=YES) bestThisIter=254472.60 feasibleAnts=10 noImprove=29 (elapsed 34.9473s)
[RESET] no improvement for30-> reset pheromones
[ITER 170] bestGlobalCost=249892.45 (feasible=YES) bestThisIter=268157.60 feasibleAnts=10 noImprove=9 (elapsed 37.9859s)
[ITER 180] bestGlobalCost=249892.45 (feasible=YES) bestThisIter=257823.76 feasibleAnts=10 noImprove=19 (elapsed 41.0044s)
[ITER 190] bestGlobalCost=249892.45 (feasible=YES) bestThisIter=259542.70 feasibleAnts=10 noImprove=29 (elapsed 41.8956s)
[RESET] no improvement for30-> reset pheromones
[ITER 200] bestGlobalCost=249892.45 (feasible=YES) bestThisIter=262350.15 feasibleAnts=10 noImprove=9 (elapsed 45.4081s)
[ITER 210] bestGlobalCost=249892.45 (feasible=YES) bestThisIter=257243.19 feasibleAnts=9 noImprove=19 (elapsed 48.3151s)
[ITER 220] bestGlobalCost=249892.45 (feasible=YES) bestThisIter=259717.31 feasibleAnts=10 noImprove=29 (elapsed 49.3147s)
[RESET] no improvement for30-> reset pheromones
[ITER 230] bestGlobalCost=249892.45 (feasible=YES) bestThisIter=269151.09 feasibleAnts=10 noImprove=9 (elapsed 52.8566s)
[ITER 240] bestGlobalCost=249892.45 (feasible=YES) bestThisIter=256001.99 feasibleAnts=10 noImprove=19 (elapsed 55.8458s)
[ITER 250] bestGlobalCost=249892.45 (feasible=YES) bestThisIter=249892.45 feasibleAnts=10 noImprove=29 (elapsed 56.675s)
[RESET] no improvement for30-> reset pheromones
4 6 14 15 33 51 60 64 83 87 
5 10 26 39 40 53 67 68 70 100 
2 7 23 43 50 52 54 55 88 89 
27 34 35 57 58 61 66 74 84 94 
13 16 17 31 42 45 48 63 82 
3 8 12 29 59 76 91 97 98 99 
1 11 28 32 73 85 90 93 95 
18 19 22 24 36 41 44 77 78 92 96 
9 20 21 25 37 38 46 49 71 80 86 
30 47 56 62 65 69 72 75 79 81 
[SAVELOGS] evolution saved to results/logs/kroB100_10_4/evolution/kroB100_10_4
[SAVELOGS] best cost saved to results/logs/kroB100_10_4/objectives/kroB100_10_4
[SAVELOGS] best solution saved to results/logs/kroB100_10_4/solutions/kroB100_10_4
