[ITER 1] New best cost=59747.46 (feasible=YES, time 0.509297s)
[ITER 2] New best cost=58293.77 (feasible=YES, time 2.04315s)
[ITER 3] New best cost=58100.32 (feasible=YES, time 3.7109s)
[ITER 4] New best cost=58007.53 (feasible=YES, time 5.09707s)
[ITER 5] New best cost=57765.28 (feasible=YES, time 6.66263s)
[ITER 6] New best cost=57432.84 (feasible=YES, time 8.26239s)
[ITER 9] New best cost=56630.41 (feasible=YES, time 12.6122s)
[ITER 10] bestGlobalCost=56630.41 (feasible=YES) bestThisIter=56765.04 feasibleAnts=10 noImprove=1 (elapsed 15.8785s)
[ITER 11] New best cost=55673.47 (feasible=YES, time 17.4571s)
[ITER 16] New best cost=55616.01 (feasible=YES, time 23.996s)
[ITER 17] New best cost=55269.02 (feasible=YES, time 25.141s)
[ITER 20] bestGlobalCost=55269.02 (feasible=YES) bestThisIter=55974.81 feasibleAnts=10 noImprove=3 (elapsed 31.1072s)
[ITER 23] New best cost=54591.79 (feasible=YES, time 35.0543s)
[ITER 24] New best cost=54198.28 (feasible=YES, time 35.9907s)
[ITER 30] bestGlobalCost=54198.28 (feasible=YES) bestThisIter=55076.29 feasibleAnts=10 noImprove=6 (elapsed 44.3791s)
[ITER 31] New best cost=53674.84 (feasible=YES, time 45.3932s)
[ITER 40] bestGlobalCost=53674.84 (feasible=YES) bestThisIter=53706.38 feasibleAnts=10 noImprove=9 (elapsed 56.8767s)
[ITER 50] bestGlobalCost=53674.84 (feasible=YES) bestThisIter=58250.98 feasibleAnts=9 noImprove=19 (elapsed 70.9074s)
[ITER 60] bestGlobalCost=53674.84 (feasible=YES) bestThisIter=57850.37 feasibleAnts=3 noImprove=29 (elapsed 80.1872s)
[ITER 70] bestGlobalCost=53674.84 (feasible=YES) bestThisIter=61959.56 feasibleAnts=4 noImprove=39 (elapsed 86.2495s)
[ITER 80] bestGlobalCost=53674.84 (feasible=YES) bestThisIter=62203.15 feasibleAnts=3 noImprove=49 (elapsed 90.6606s)
[RESET] no improvement for50-> reset pheromones
[ITER 84] New best cost=53642.87 (feasible=YES, time 93.5593s)
[ITER 86] New best cost=53463.38 (feasible=YES, time 95.5832s)
[ITER 90] bestGlobalCost=53463.38 (feasible=YES) bestThisIter=53794.70 feasibleAnts=11 noImprove=4 (elapsed 102.15s)
[ITER 100] bestGlobalCost=53463.38 (feasible=YES) bestThisIter=55975.99 feasibleAnts=9 noImprove=14 (elapsed 117.235s)
[ITER 110] bestGlobalCost=53463.38 (feasible=YES) bestThisIter=56751.91 feasibleAnts=7 noImprove=24 (elapsed 130.53s)
[ITER 120] bestGlobalCost=53463.38 (feasible=YES) bestThisIter=71226.56 feasibleAnts=3 noImprove=34 (elapsed 138.019s)
[ITER 130] bestGlobalCost=53463.38 (feasible=YES) bestThisIter=73561.91 feasibleAnts=3 noImprove=44 (elapsed 142.395s)
[RESET] no improvement for50-> reset pheromones
[ITER 140] bestGlobalCost=53463.38 (feasible=YES) bestThisIter=53974.38 feasibleAnts=13 noImprove=4 (elapsed 148.7s)
[ITER 143] New best cost=53439.08 (feasible=YES, time 152.339s)
[ITER 150] bestGlobalCost=53439.08 (feasible=YES) bestThisIter=53985.33 feasibleAnts=10 noImprove=7 (elapsed 161.949s)
[ITER 160] bestGlobalCost=53439.08 (feasible=YES) bestThisIter=57770.03 feasibleAnts=10 noImprove=17 (elapsed 177.468s)
[ITER 170] bestGlobalCost=53439.08 (feasible=YES) bestThisIter=71177.36 feasibleAnts=3 noImprove=27 (elapsed 187.542s)
[ITER 180] bestGlobalCost=53439.08 (feasible=YES) bestThisIter=59451.14 feasibleAnts=4 noImprove=37 (elapsed 193.414s)
[ITER 190] bestGlobalCost=53439.08 (feasible=YES) bestThisIter=64769.67 feasibleAnts=3 noImprove=47 (elapsed 197.041s)
[RESET] no improvement for50-> reset pheromones
[ITER 197] New best cost=53170.64 (feasible=YES, time 201.087s)
[ITER 200] bestGlobalCost=53170.64 (feasible=YES) bestThisIter=54023.78 feasibleAnts=13 noImprove=3 (elapsed 205.983s)
[ITER 210] bestGlobalCost=53170.64 (feasible=YES) bestThisIter=54418.03 feasibleAnts=8 noImprove=13 (elapsed 219.446s)
[ITER 220] bestGlobalCost=53170.64 (feasible=YES) bestThisIter=60921.27 feasibleAnts=6 noImprove=23 (elapsed 231.523s)
[ITER 230] bestGlobalCost=53170.64 (feasible=YES) bestThisIter=62344.35 feasibleAnts=4 noImprove=33 (elapsed 239.714s)
[ITER 240] bestGlobalCost=53170.64 (feasible=YES) bestThisIter=66683.80 feasibleAnts=3 noImprove=43 (elapsed 244.864s)
[RESET] no improvement for50-> reset pheromones
[ITER 250] bestGlobalCost=53170.64 (feasible=YES) bestThisIter=53516.97 feasibleAnts=9 noImprove=3 (elapsed 250.464s)
[ITER 253] New best cost=53144.24 (feasible=YES, time 254.13s)
[ITER 260] bestGlobalCost=53144.24 (feasible=YES) bestThisIter=53348.89 feasibleAnts=10 noImprove=7 (elapsed 264.268s)
[ITER 270] bestGlobalCost=53144.24 (feasible=YES) bestThisIter=55033.57 feasibleAnts=10 noImprove=17 (elapsed 278.57s)
[ITER 280] bestGlobalCost=53144.24 (feasible=YES) bestThisIter=61022.15 feasibleAnts=6 noImprove=27 (elapsed 289.292s)
[ITER 290] bestGlobalCost=53144.24 (feasible=YES) bestThisIter=59607.28 feasibleAnts=3 noImprove=37 (elapsed 296.727s)
[ITER 300] bestGlobalCost=53144.24 (feasible=YES) bestThisIter=68250.37 feasibleAnts=3 noImprove=47 (elapsed 300.64s)
80 82 84 85 93 94 95 96 97 209 221 
45 46 48 191 192 193 194 195 196 218 224 
12 14 15 16 17 18 19 20 21 22 203 
13 23 24 25 26 28 34 35 204 208 
62 63 64 65 66 67 105 109 110 111 112 
9 10 11 32 36 37 38 39 40 42 43 
71 72 88 89 92 102 103 104 106 220 
136 137 138 139 140 141 143 144 157 159 161 201 
27 113 115 116 117 118 119 186 187 188 223 
53 73 74 75 77 91 99 100 101 206 219 
107 108 125 126 127 151 166 167 168 169 212 
83 86 90 128 130 131 132 210 211 215 222 
1 3 4 5 6 7 8 41 44 197 198 200 
2 47 49 51 52 133 189 190 199 205 207 225 
87 129 134 135 158 160 163 164 165 183 213 214 
29 30 31 33 76 78 79 81 98 202 216 217 
142 145 146 147 148 149 150 152 153 154 155 156 
123 162 170 173 174 176 177 178 179 180 
50 54 55 56 57 58 59 60 61 68 69 70 
114 120 121 122 124 171 172 175 181 182 184 185 
[SAVELOGS] evolution saved to results/logs/aco_logs/evolution/tsp225_20_5.txt
[SAVELOGS] best cost saved to results/logs/aco_logs/objectives/tsp225_20_5.txt
[SAVELOGS] best solution saved to results/logs/aco_logs/solutions/tsp225_20_5.txt
