[ITER 1] New best cost=107047.95 (feasible=NO, time 0.104013s)
[ITER 2] New best cost=67547.25 (feasible=YES, time 0.721864s)
[ITER 3] New best cost=60811.88 (feasible=YES, time 1.84176s)
[ITER 4] New best cost=58340.60 (feasible=YES, time 2.84589s)
[ITER 7] New best cost=57517.60 (feasible=YES, time 6.42744s)
[ITER 8] New best cost=56496.61 (feasible=YES, time 7.72167s)
[ITER 10] New best cost=56303.21 (feasible=YES, time 12.532s)
[ITER 10] bestGlobalCost=56303.21 (feasible=YES) bestThisIter=56839.64 feasibleAnts=10 noImprove=0 (elapsed 12.5359s)
[ITER 11] New best cost=56158.77 (feasible=YES, time 13.7088s)
[ITER 14] New best cost=56032.17 (feasible=YES, time 17.9334s)
[ITER 15] New best cost=55777.10 (feasible=YES, time 19.2904s)
[ITER 16] New best cost=55342.93 (feasible=YES, time 20.4216s)
[ITER 20] bestGlobalCost=55342.93 (feasible=YES) bestThisIter=55528.52 feasibleAnts=10 noImprove=4 (elapsed 27.2416s)
[ITER 30] New best cost=55263.75 (feasible=YES, time 41.9778s)
[ITER 30] bestGlobalCost=55263.75 (feasible=YES) bestThisIter=56566.15 feasibleAnts=10 noImprove=0 (elapsed 41.9818s)
[ITER 34] New best cost=54971.86 (feasible=YES, time 47.5477s)
[ITER 35] New best cost=54417.21 (feasible=YES, time 48.7949s)
[ITER 36] New best cost=54322.71 (feasible=YES, time 50.2449s)
[ITER 39] New best cost=53743.62 (feasible=YES, time 53.8254s)
[ITER 40] bestGlobalCost=53743.62 (feasible=YES) bestThisIter=54711.03 feasibleAnts=9 noImprove=1 (elapsed 56.8396s)
[ITER 48] New best cost=53533.55 (feasible=YES, time 66.0238s)
[ITER 50] bestGlobalCost=53533.55 (feasible=YES) bestThisIter=53743.62 feasibleAnts=16 noImprove=2 (elapsed 71.2103s)
[ITER 56] New best cost=53347.98 (feasible=YES, time 78.4713s)
[ITER 60] bestGlobalCost=53347.98 (feasible=YES) bestThisIter=53575.70 feasibleAnts=10 noImprove=4 (elapsed 85.7376s)
[ITER 70] bestGlobalCost=53347.98 (feasible=YES) bestThisIter=53577.61 feasibleAnts=10 noImprove=14 (elapsed 100.054s)
[ITER 80] bestGlobalCost=53347.98 (feasible=YES) bestThisIter=57281.41 feasibleAnts=7 noImprove=24 (elapsed 112.233s)
[ITER 90] bestGlobalCost=53347.98 (feasible=YES) bestThisIter=62546.94 feasibleAnts=4 noImprove=34 (elapsed 119.828s)
[ITER 100] bestGlobalCost=53347.98 (feasible=YES) bestThisIter=68367.58 feasibleAnts=3 noImprove=44 (elapsed 124.846s)
[RESET] no improvement for50-> reset pheromones
[ITER 110] bestGlobalCost=53347.98 (feasible=YES) bestThisIter=54499.75 feasibleAnts=10 noImprove=4 (elapsed 132.216s)
[ITER 120] bestGlobalCost=53347.98 (feasible=YES) bestThisIter=54372.87 feasibleAnts=9 noImprove=14 (elapsed 146.753s)
[ITER 130] bestGlobalCost=53347.98 (feasible=YES) bestThisIter=64082.55 feasibleAnts=4 noImprove=24 (elapsed 159.286s)
[ITER 140] bestGlobalCost=53347.98 (feasible=YES) bestThisIter=67525.07 feasibleAnts=4 noImprove=34 (elapsed 167.28s)
[ITER 150] bestGlobalCost=53347.98 (feasible=YES) bestThisIter=66719.06 feasibleAnts=3 noImprove=44 (elapsed 171.731s)
[RESET] no improvement for50-> reset pheromones
[ITER 160] bestGlobalCost=53347.98 (feasible=YES) bestThisIter=53676.98 feasibleAnts=11 noImprove=4 (elapsed 177.824s)
[ITER 170] bestGlobalCost=53347.98 (feasible=YES) bestThisIter=55455.41 feasibleAnts=9 noImprove=14 (elapsed 193.665s)
[ITER 180] bestGlobalCost=53347.98 (feasible=YES) bestThisIter=57658.97 feasibleAnts=5 noImprove=24 (elapsed 206.19s)
[ITER 190] bestGlobalCost=53347.98 (feasible=YES) bestThisIter=58527.20 feasibleAnts=3 noImprove=34 (elapsed 215.33s)
[ITER 200] bestGlobalCost=53347.98 (feasible=YES) bestThisIter=68388.19 feasibleAnts=3 noImprove=44 (elapsed 220.072s)
[RESET] no improvement for50-> reset pheromones
[ITER 208] New best cost=53270.06 (feasible=YES, time 222.016s)
[ITER 210] New best cost=53085.03 (feasible=YES, time 226.24s)
[ITER 210] bestGlobalCost=53085.03 (feasible=YES) bestThisIter=53540.17 feasibleAnts=10 noImprove=0 (elapsed 226.244s)
[ITER 220] bestGlobalCost=53085.03 (feasible=YES) bestThisIter=54715.39 feasibleAnts=10 noImprove=10 (elapsed 240.465s)
[ITER 230] bestGlobalCost=53085.03 (feasible=YES) bestThisIter=56228.12 feasibleAnts=8 noImprove=20 (elapsed 256.123s)
[ITER 240] bestGlobalCost=53085.03 (feasible=YES) bestThisIter=57453.66 feasibleAnts=4 noImprove=30 (elapsed 267.288s)
[ITER 250] bestGlobalCost=53085.03 (feasible=YES) bestThisIter=57125.02 feasibleAnts=3 noImprove=40 (elapsed 273.08s)
[ITER 260] bestGlobalCost=53085.03 (feasible=YES) bestThisIter=67914.44 feasibleAnts=3 noImprove=50 (elapsed 276.649s)
[RESET] no improvement for50-> reset pheromones
[ITER 270] bestGlobalCost=53085.03 (feasible=YES) bestThisIter=53205.03 feasibleAnts=10 noImprove=10 (elapsed 290.917s)
114 120 121 122 123 171 172 175 181 182 184 185 
24 25 26 28 29 34 36 79 81 204 
9 10 11 13 23 37 38 39 40 208 
86 87 90 93 128 130 131 165 210 211 222 
12 14 15 16 17 18 19 20 21 22 203 
69 70 71 73 74 75 91 99 100 206 217 
101 108 125 126 127 150 151 166 167 168 212 
124 149 170 173 174 176 177 178 179 180 
80 82 83 84 85 94 95 96 97 209 221 
62 67 72 88 89 92 102 103 104 220 
2 47 49 52 133 189 190 191 199 205 207 225 
63 64 65 66 105 106 107 109 110 111 112 
140 141 142 145 154 156 159 160 161 162 183 201 
1 3 4 5 6 7 8 41 44 197 198 200 
42 43 45 46 48 192 193 194 195 196 218 224 
27 113 115 116 117 118 119 186 187 188 223 
129 132 134 135 136 137 138 139 158 163 164 213 215 
30 31 32 33 35 76 77 78 98 202 216 219 
50 51 53 54 55 56 57 58 59 60 61 68 
143 144 146 147 148 152 153 155 157 169 214 
[SAVELOGS] evolution saved to results/logs/aco_logs/evolution/tsp225_20_5.txt
[SAVELOGS] best cost saved to results/logs/aco_logs/objectives/tsp225_20_5.txt
[SAVELOGS] best solution saved to results/logs/aco_logs/solutions/tsp225_20_5.txt
