[ITER 1] New best cost=77140.75 (feasible=YES, time 1.03123s)
[ITER 2] New best cost=75763.46 (feasible=YES, time 1.85055s)
[ITER 3] New best cost=75655.80 (feasible=YES, time 2.73707s)
[ITER 5] New best cost=75507.92 (feasible=YES, time 4.3925s)
[ITER 6] New best cost=75210.97 (feasible=YES, time 5.21978s)
[ITER 8] New best cost=75072.46 (feasible=YES, time 7.24828s)
[ITER 10] New best cost=74271.32 (feasible=YES, time 12.2479s)
[ITER 10] bestGlobalCost=74271.32 (feasible=YES) bestThisIter=74548.06 feasibleAnts=16 noImprove=0 (elapsed 12.2515s)
[ITER 11] New best cost=74250.90 (feasible=YES, time 12.9013s)
[ITER 13] New best cost=73787.79 (feasible=YES, time 14.2261s)
[ITER 14] New best cost=73766.42 (feasible=YES, time 14.8743s)
[ITER 16] New best cost=73724.61 (feasible=YES, time 16.3542s)
[ITER 17] New best cost=73502.27 (feasible=YES, time 17.1683s)
[ITER 20] New best cost=73464.82 (feasible=YES, time 22.3555s)
[ITER 20] bestGlobalCost=73464.82 (feasible=YES) bestThisIter=73519.95 feasibleAnts=16 noImprove=0 (elapsed 22.3588s)
[ITER 29] New best cost=73316.97 (feasible=YES, time 26.6374s)
[ITER 30] bestGlobalCost=73316.97 (feasible=YES) bestThisIter=73464.82 feasibleAnts=31 noImprove=1 (elapsed 29.4683s)
[ITER 40] bestGlobalCost=73316.97 (feasible=YES) bestThisIter=73523.97 feasibleAnts=15 noImprove=11 (elapsed 35.9617s)
[ITER 50] bestGlobalCost=73316.97 (feasible=YES) bestThisIter=73543.97 feasibleAnts=15 noImprove=21 (elapsed 43.9304s)
[ITER 60] bestGlobalCost=73316.97 (feasible=YES) bestThisIter=73533.95 feasibleAnts=15 noImprove=31 (elapsed 53.5931s)
[ITER 70] bestGlobalCost=73316.97 (feasible=YES) bestThisIter=74190.89 feasibleAnts=15 noImprove=41 (elapsed 61.2839s)
[RESET] no improvement for50-> reset pheromones
[ITER 80] bestGlobalCost=73316.97 (feasible=YES) bestThisIter=75176.28 feasibleAnts=15 noImprove=1 (elapsed 69.544s)
[ITER 90] bestGlobalCost=73316.97 (feasible=YES) bestThisIter=73721.73 feasibleAnts=15 noImprove=11 (elapsed 76.8622s)
[ITER 100] bestGlobalCost=73316.97 (feasible=YES) bestThisIter=73464.82 feasibleAnts=15 noImprove=21 (elapsed 82.9354s)
[ITER 110] bestGlobalCost=73316.97 (feasible=YES) bestThisIter=73625.24 feasibleAnts=15 noImprove=31 (elapsed 92.0996s)
[ITER 120] bestGlobalCost=73316.97 (feasible=YES) bestThisIter=73560.52 feasibleAnts=15 noImprove=41 (elapsed 101.409s)
[RESET] no improvement for50-> reset pheromones
[ITER 130] bestGlobalCost=73316.97 (feasible=YES) bestThisIter=74367.72 feasibleAnts=15 noImprove=1 (elapsed 110.533s)
[ITER 140] bestGlobalCost=73316.97 (feasible=YES) bestThisIter=73331.91 feasibleAnts=15 noImprove=11 (elapsed 117.545s)
[ITER 150] bestGlobalCost=73316.97 (feasible=YES) bestThisIter=73600.75 feasibleAnts=15 noImprove=21 (elapsed 124.706s)
[ITER 160] bestGlobalCost=73316.97 (feasible=YES) bestThisIter=73768.81 feasibleAnts=15 noImprove=31 (elapsed 137.237s)
[ITER 170] bestGlobalCost=73316.97 (feasible=YES) bestThisIter=73917.58 feasibleAnts=15 noImprove=41 (elapsed 149.312s)
[RESET] no improvement for50-> reset pheromones
[ITER 180] bestGlobalCost=73316.97 (feasible=YES) bestThisIter=74681.79 feasibleAnts=15 noImprove=1 (elapsed 160.564s)
[ITER 190] bestGlobalCost=73316.97 (feasible=YES) bestThisIter=73891.22 feasibleAnts=16 noImprove=11 (elapsed 167.144s)
[ITER 200] bestGlobalCost=73316.97 (feasible=YES) bestThisIter=73597.09 feasibleAnts=15 noImprove=21 (elapsed 174.581s)
[ITER 210] bestGlobalCost=73316.97 (feasible=YES) bestThisIter=73577.31 feasibleAnts=15 noImprove=31 (elapsed 183.044s)
[ITER 220] bestGlobalCost=73316.97 (feasible=YES) bestThisIter=73609.78 feasibleAnts=15 noImprove=41 (elapsed 192.84s)
[RESET] no improvement for50-> reset pheromones
[ITER 230] bestGlobalCost=73316.97 (feasible=YES) bestThisIter=74814.85 feasibleAnts=15 noImprove=1 (elapsed 203.044s)
[ITER 240] bestGlobalCost=73316.97 (feasible=YES) bestThisIter=73331.91 feasibleAnts=15 noImprove=11 (elapsed 212.976s)
[ITER 250] bestGlobalCost=73316.97 (feasible=YES) bestThisIter=73331.91 feasibleAnts=15 noImprove=21 (elapsed 225.499s)
[ITER 260] bestGlobalCost=73316.97 (feasible=YES) bestThisIter=73538.91 feasibleAnts=15 noImprove=31 (elapsed 239.178s)
[ITER 270] bestGlobalCost=73316.97 (feasible=YES) bestThisIter=74026.81 feasibleAnts=15 noImprove=41 (elapsed 251.622s)
[RESET] no improvement for50-> reset pheromones
[ITER 280] bestGlobalCost=73316.97 (feasible=YES) bestThisIter=73930.01 feasibleAnts=15 noImprove=1 (elapsed 263.425s)
[ITER 290] bestGlobalCost=73316.97 (feasible=YES) bestThisIter=73558.91 feasibleAnts=15 noImprove=11 (elapsed 271.993s)
[ITER 300] bestGlobalCost=73316.97 (feasible=YES) bestThisIter=73691.86 feasibleAnts=16 noImprove=21 (elapsed 279.574s)
[ITER 310] bestGlobalCost=73316.97 (feasible=YES) bestThisIter=73894.79 feasibleAnts=15 noImprove=31 (elapsed 288.754s)
[ITER 320] bestGlobalCost=73316.97 (feasible=YES) bestThisIter=73657.55 feasibleAnts=15 noImprove=41 (elapsed 297.538s)
125 146 147 148 149 150 151 152 153 154 155 156 167 168 212 214 
28 29 30 31 77 78 79 80 81 95 97 202 209 217 219 221 
41 45 46 48 133 191 192 193 194 195 196 199 218 224 
50 52 54 55 56 57 58 59 60 61 62 63 64 66 68 
2 27 47 49 51 116 117 118 186 187 188 189 190 205 207 225 
82 83 84 85 86 91 92 93 94 96 130 131 210 211 
110 111 112 113 114 115 119 120 121 122 123 171 175 185 223 
65 67 87 88 89 90 103 104 105 106 107 108 109 126 220 
1 3 4 5 6 7 8 9 40 42 43 44 197 198 200 
136 138 139 140 141 142 143 144 145 157 159 160 162 163 201 
53 69 70 71 72 73 74 75 76 98 99 100 101 102 216 
10 11 12 13 14 15 16 17 18 19 20 21 22 23 203 
124 169 170 172 173 174 176 177 178 179 180 181 182 184 
24 25 26 32 33 34 35 36 37 38 39 204 206 208 
127 128 129 132 134 135 137 158 161 164 165 166 183 213 215 222 
[SAVELOGS] evolution saved to results/logs/aco_logs/evolution/tsp225_15_2.txt
[SAVELOGS] best cost saved to results/logs/aco_logs/objectives/tsp225_15_2.txt
[SAVELOGS] best solution saved to results/logs/aco_logs/solutions/tsp225_15_2.txt
