[ITER 1] New best cost=903463.12 (feasible=YES, time 0.429592s)
[ITER 2] New best cost=899018.49 (feasible=YES, time 0.576529s)
[ITER 3] New best cost=898002.76 (feasible=YES, time 0.705301s)
[ITER 4] New best cost=895361.82 (feasible=YES, time 0.827694s)
[ITER 5] New best cost=888514.24 (feasible=YES, time 2.60915s)
[ITER 9] New best cost=867038.57 (feasible=YES, time 3.26203s)
[ITER 10] New best cost=855953.71 (feasible=YES, time 5.05554s)
[ITER 10] bestGlobalCost=855953.71 (feasible=YES) bestThisIter=863404.72 feasibleAnts=10 noImprove=0 (elapsed 5.06034s)
[ITER 12] New best cost=854514.46 (feasible=YES, time 5.43305s)
[ITER 16] New best cost=853736.28 (feasible=YES, time 8.14515s)
[ITER 20] bestGlobalCost=853736.28 (feasible=YES) bestThisIter=859588.56 feasibleAnts=20 noImprove=4 (elapsed 10.8291s)
[ITER 22] New best cost=853556.91 (feasible=YES, time 11.0583s)
[ITER 27] New best cost=852729.64 (feasible=YES, time 13.1075s)
[ITER 28] New best cost=851745.81 (feasible=YES, time 13.1751s)
[ITER 30] bestGlobalCost=851745.81 (feasible=YES) bestThisIter=853103.88 feasibleAnts=25 noImprove=2 (elapsed 14.9388s)
[ITER 38] New best cost=851733.63 (feasible=YES, time 18.1248s)
[ITER 40] bestGlobalCost=851733.63 (feasible=YES) bestThisIter=851745.81 feasibleAnts=24 noImprove=2 (elapsed 20.4145s)
[ITER 41] New best cost=851130.06 (feasible=YES, time 20.4999s)
[ITER 49] New best cost=847089.69 (feasible=YES, time 23.3014s)
[ITER 50] bestGlobalCost=847089.69 (feasible=YES) bestThisIter=851130.06 feasibleAnts=25 noImprove=1 (elapsed 24.9647s)
[ITER 54] New best cost=845413.80 (feasible=YES, time 25.3894s)
[ITER 56] New best cost=844592.44 (feasible=YES, time 27.2576s)
[ITER 57] New best cost=837261.76 (feasible=YES, time 27.4023s)
[ITER 60] bestGlobalCost=837261.76 (feasible=YES) bestThisIter=845744.10 feasibleAnts=9 noImprove=3 (elapsed 29.451s)
[ITER 62] New best cost=836405.86 (feasible=YES, time 29.7112s)
[ITER 70] bestGlobalCost=836405.86 (feasible=YES) bestThisIter=841137.87 feasibleAnts=16 noImprove=8 (elapsed 33.9778s)
[ITER 77] New best cost=834838.89 (feasible=YES, time 36.6676s)
[ITER 80] bestGlobalCost=834838.89 (feasible=YES) bestThisIter=836405.86 feasibleAnts=30 noImprove=3 (elapsed 38.4343s)
[ITER 86] New best cost=834512.24 (feasible=YES, time 40.803s)
[ITER 90] bestGlobalCost=834512.24 (feasible=YES) bestThisIter=834838.89 feasibleAnts=16 noImprove=4 (elapsed 42.7443s)
[ITER 100] bestGlobalCost=834512.24 (feasible=YES) bestThisIter=838863.53 feasibleAnts=10 noImprove=14 (elapsed 47.4315s)
[ITER 110] bestGlobalCost=834512.24 (feasible=YES) bestThisIter=852813.95 feasibleAnts=9 noImprove=24 (elapsed 53.7528s)
[ITER 120] bestGlobalCost=834512.24 (feasible=YES) bestThisIter=861558.79 feasibleAnts=10 noImprove=34 (elapsed 59.8869s)
[ITER 130] bestGlobalCost=834512.24 (feasible=YES) bestThisIter=930185.89 feasibleAnts=11 noImprove=44 (elapsed 66.4047s)
[RESET] no improvement for50-> reset pheromones
[ITER 140] bestGlobalCost=834512.24 (feasible=YES) bestThisIter=858542.69 feasibleAnts=11 noImprove=4 (elapsed 72.9659s)
[ITER 150] bestGlobalCost=834512.24 (feasible=YES) bestThisIter=891319.73 feasibleAnts=12 noImprove=14 (elapsed 78.6424s)
[ITER 160] bestGlobalCost=834512.24 (feasible=YES) bestThisIter=870363.16 feasibleAnts=10 noImprove=24 (elapsed 84.5421s)
[ITER 170] bestGlobalCost=834512.24 (feasible=YES) bestThisIter=899840.32 feasibleAnts=11 noImprove=34 (elapsed 90.8901s)
[ITER 180] bestGlobalCost=834512.24 (feasible=YES) bestThisIter=902149.42 feasibleAnts=11 noImprove=44 (elapsed 97.4666s)
[RESET] no improvement for50-> reset pheromones
[ITER 190] bestGlobalCost=834512.24 (feasible=YES) bestThisIter=841597.02 feasibleAnts=11 noImprove=4 (elapsed 104.189s)
[ITER 200] bestGlobalCost=834512.24 (feasible=YES) bestThisIter=880936.90 feasibleAnts=13 noImprove=14 (elapsed 109.826s)
[ITER 210] bestGlobalCost=834512.24 (feasible=YES) bestThisIter=857812.97 feasibleAnts=14 noImprove=24 (elapsed 115.871s)
[ITER 220] bestGlobalCost=834512.24 (feasible=YES) bestThisIter=884074.25 feasibleAnts=10 noImprove=34 (elapsed 123.248s)
[ITER 230] bestGlobalCost=834512.24 (feasible=YES) bestThisIter=908873.60 feasibleAnts=12 noImprove=44 (elapsed 129.9s)
[RESET] no improvement for50-> reset pheromones
[ITER 240] bestGlobalCost=834512.24 (feasible=YES) bestThisIter=854446.96 feasibleAnts=11 noImprove=4 (elapsed 137.422s)
[ITER 250] bestGlobalCost=834512.24 (feasible=YES) bestThisIter=844086.43 feasibleAnts=9 noImprove=14 (elapsed 143.171s)
[ITER 260] bestGlobalCost=834512.24 (feasible=YES) bestThisIter=880976.92 feasibleAnts=11 noImprove=24 (elapsed 149.314s)
[ITER 270] bestGlobalCost=834512.24 (feasible=YES) bestThisIter=906166.74 feasibleAnts=10 noImprove=34 (elapsed 155.738s)
[ITER 280] bestGlobalCost=834512.24 (feasible=YES) bestThisIter=865890.05 feasibleAnts=9 noImprove=44 (elapsed 162.434s)
[RESET] no improvement for50-> reset pheromones
[ITER 290] bestGlobalCost=834512.24 (feasible=YES) bestThisIter=858995.85 feasibleAnts=12 noImprove=4 (elapsed 169.09s)
[ITER 300] bestGlobalCost=834512.24 (feasible=YES) bestThisIter=861511.29 feasibleAnts=10 noImprove=14 (elapsed 174.951s)
[ITER 310] bestGlobalCost=834512.24 (feasible=YES) bestThisIter=889075.38 feasibleAnts=10 noImprove=24 (elapsed 181.759s)
[ITER 320] bestGlobalCost=834512.24 (feasible=YES) bestThisIter=895605.99 feasibleAnts=11 noImprove=34 (elapsed 188.223s)
[ITER 330] bestGlobalCost=834512.24 (feasible=YES) bestThisIter=903433.35 feasibleAnts=7 noImprove=44 (elapsed 194.82s)
[RESET] no improvement for50-> reset pheromones
[ITER 340] bestGlobalCost=834512.24 (feasible=YES) bestThisIter=839062.73 feasibleAnts=10 noImprove=4 (elapsed 201.39s)
[ITER 350] bestGlobalCost=834512.24 (feasible=YES) bestThisIter=847203.41 feasibleAnts=13 noImprove=14 (elapsed 206.965s)
[ITER 360] bestGlobalCost=834512.24 (feasible=YES) bestThisIter=888025.06 feasibleAnts=10 noImprove=24 (elapsed 213.991s)
[ITER 370] bestGlobalCost=834512.24 (feasible=YES) bestThisIter=845975.97 feasibleAnts=11 noImprove=34 (elapsed 220.436s)
[ITER 380] bestGlobalCost=834512.24 (feasible=YES) bestThisIter=896866.60 feasibleAnts=13 noImprove=44 (elapsed 227.123s)
[RESET] no improvement for50-> reset pheromones
[ITER 390] bestGlobalCost=834512.24 (feasible=YES) bestThisIter=838346.21 feasibleAnts=14 noImprove=4 (elapsed 233.781s)
[ITER 400] bestGlobalCost=834512.24 (feasible=YES) bestThisIter=891518.06 feasibleAnts=13 noImprove=14 (elapsed 239.453s)
[ITER 410] bestGlobalCost=834512.24 (feasible=YES) bestThisIter=868182.67 feasibleAnts=14 noImprove=24 (elapsed 245.478s)
[ITER 420] bestGlobalCost=834512.24 (feasible=YES) bestThisIter=888945.28 feasibleAnts=12 noImprove=34 (elapsed 251.976s)
[ITER 430] bestGlobalCost=834512.24 (feasible=YES) bestThisIter=906051.34 feasibleAnts=10 noImprove=44 (elapsed 258.989s)
[RESET] no improvement for50-> reset pheromones
[ITER 440] bestGlobalCost=834512.24 (feasible=YES) bestThisIter=839784.00 feasibleAnts=13 noImprove=4 (elapsed 266.498s)
[ITER 450] bestGlobalCost=834512.24 (feasible=YES) bestThisIter=855472.67 feasibleAnts=9 noImprove=14 (elapsed 272.15s)
[ITER 460] bestGlobalCost=834512.24 (feasible=YES) bestThisIter=880565.38 feasibleAnts=9 noImprove=24 (elapsed 278.153s)
[ITER 470] bestGlobalCost=834512.24 (feasible=YES) bestThisIter=868347.93 feasibleAnts=9 noImprove=34 (elapsed 285.194s)
[ITER 480] bestGlobalCost=834512.24 (feasible=YES) bestThisIter=893743.86 feasibleAnts=11 noImprove=44 (elapsed 292.245s)
[RESET] no improvement for50-> reset pheromones
[ITER 490] bestGlobalCost=834512.24 (feasible=YES) bestThisIter=846932.13 feasibleAnts=11 noImprove=4 (elapsed 298.991s)
[ITER 500] bestGlobalCost=834512.24 (feasible=YES) bestThisIter=874188.36 feasibleAnts=10 noImprove=14 (elapsed 304.624s)
[ITER 510] bestGlobalCost=834512.24 (feasible=YES) bestThisIter=859750.51 feasibleAnts=10 noImprove=24 (elapsed 310.7s)
[ITER 520] bestGlobalCost=834512.24 (feasible=YES) bestThisIter=895948.09 feasibleAnts=8 noImprove=34 (elapsed 318.006s)
[ITER 530] bestGlobalCost=834512.24 (feasible=YES) bestThisIter=879101.59 feasibleAnts=9 noImprove=44 (elapsed 324.907s)
[RESET] no improvement for50-> reset pheromones
[ITER 540] bestGlobalCost=834512.24 (feasible=YES) bestThisIter=855833.80 feasibleAnts=13 noImprove=4 (elapsed 331.679s)
[ITER 550] bestGlobalCost=834512.24 (feasible=YES) bestThisIter=841215.13 feasibleAnts=9 noImprove=14 (elapsed 338.134s)
[ITER 560] bestGlobalCost=834512.24 (feasible=YES) bestThisIter=893812.02 feasibleAnts=12 noImprove=24 (elapsed 344.193s)
[ITER 570] bestGlobalCost=834512.24 (feasible=YES) bestThisIter=910024.62 feasibleAnts=9 noImprove=34 (elapsed 350.657s)
25 26 27 28 29 30 33 66 67 68 102 104 108 113 
2 3 4 5 6 7 8 9 10 82 83 93 
135 136 190 191 192 193 194 195 197 205 207 258 
142 143 144 145 163 164 165 166 167 169 170 171 219 
11 13 14 15 16 17 18 20 21 74 75 76 97 98 
172 173 174 175 176 177 216 217 218 243 244 245 246 
31 32 34 35 39 63 64 65 114 115 116 117 119 120 121 
12 77 78 79 80 81 84 85 90 91 92 95 96 
146 147 148 156 157 158 159 160 161 162 226 227 228 
137 138 139 181 184 185 186 187 188 189 209 211 251 252 
149 150 151 152 153 154 155 229 230 231 232 233 234 235 236 
140 141 178 179 180 182 183 212 213 214 215 248 249 
86 87 88 89 94 99 100 105 130 131 132 
19 22 23 24 69 70 71 72 73 101 103 106 109 
206 208 210 247 250 253 254 255 256 257 261 262 263 
133 134 196 198 199 200 201 202 203 204 259 260 
1 36 37 38 40 41 42 43 44 59 60 61 62 
45 50 52 53 54 55 56 58 122 123 125 126 127 128 
46 47 48 49 51 57 107 110 111 112 118 124 129 
168 220 221 222 223 224 225 237 238 239 240 241 242 264 
[SAVELOGS] evolution saved to results/logs/aco_logs/evolution/pr264_20_2.txt
[SAVELOGS] best cost saved to results/logs/aco_logs/objectives/pr264_20_2.txt
[SAVELOGS] best solution saved to results/logs/aco_logs/solutions/pr264_20_2.txt
