[ITER 1] New best cost=197439.63 (feasible=YES, time 0.15249s)
[ITER 2] New best cost=183222.48 (feasible=YES, time 0.276938s)
[ITER 3] New best cost=179596.93 (feasible=YES, time 0.387498s)
[ITER 4] New best cost=178264.65 (feasible=YES, time 0.569788s)
[ITER 6] New best cost=175264.79 (feasible=YES, time 0.855074s)
[ITER 9] New best cost=169079.15 (feasible=YES, time 1.13777s)
[ITER 10] bestGlobalCost=169079.15 (feasible=YES) bestThisIter=171317.45 feasibleAnts=13 noImprove=1 (elapsed 1.23469s)
[ITER 13] New best cost=168505.42 (feasible=YES, time 1.55607s)
[ITER 14] New best cost=167322.08 (feasible=YES, time 1.66525s)
[ITER 15] New best cost=160683.62 (feasible=YES, time 2.34292s)
[ITER 20] bestGlobalCost=160683.62 (feasible=YES) bestThisIter=160683.62 feasibleAnts=12 noImprove=5 (elapsed 5.94734s)
[ITER 30] bestGlobalCost=160683.62 (feasible=YES) bestThisIter=171452.68 feasibleAnts=9 noImprove=15 (elapsed 10.2231s)
[ITER 40] bestGlobalCost=160683.62 (feasible=YES) bestThisIter=177313.28 feasibleAnts=9 noImprove=25 (elapsed 11.8245s)
[RESET] no improvement for30-> reset pheromones
[ITER 50] bestGlobalCost=160683.62 (feasible=YES) bestThisIter=183917.36 feasibleAnts=10 noImprove=5 (elapsed 16.9199s)
[ITER 60] bestGlobalCost=160683.62 (feasible=YES) bestThisIter=180768.12 feasibleAnts=9 noImprove=15 (elapsed 22.2724s)
[ITER 70] bestGlobalCost=160683.62 (feasible=YES) bestThisIter=185049.07 feasibleAnts=10 noImprove=25 (elapsed 23.783s)
[RESET] no improvement for30-> reset pheromones
[ITER 80] bestGlobalCost=160683.62 (feasible=YES) bestThisIter=173898.98 feasibleAnts=10 noImprove=5 (elapsed 28.7414s)
[ITER 90] bestGlobalCost=160683.62 (feasible=YES) bestThisIter=170659.88 feasibleAnts=10 noImprove=15 (elapsed 33.8903s)
[ITER 100] bestGlobalCost=160683.62 (feasible=YES) bestThisIter=177258.46 feasibleAnts=10 noImprove=25 (elapsed 35.4395s)
[RESET] no improvement for30-> reset pheromones
[ITER 110] bestGlobalCost=160683.62 (feasible=YES) bestThisIter=185374.88 feasibleAnts=10 noImprove=5 (elapsed 40.3577s)
[ITER 120] bestGlobalCost=160683.62 (feasible=YES) bestThisIter=172035.40 feasibleAnts=10 noImprove=15 (elapsed 45.3902s)
[ITER 130] bestGlobalCost=160683.62 (feasible=YES) bestThisIter=164224.32 feasibleAnts=10 noImprove=25 (elapsed 46.8387s)
[RESET] no improvement for30-> reset pheromones
[ITER 140] bestGlobalCost=160683.62 (feasible=YES) bestThisIter=177455.37 feasibleAnts=10 noImprove=5 (elapsed 52.0621s)
[ITER 150] bestGlobalCost=160683.62 (feasible=YES) bestThisIter=177751.75 feasibleAnts=10 noImprove=15 (elapsed 57.2897s)
[ITER 160] bestGlobalCost=160683.62 (feasible=YES) bestThisIter=175651.41 feasibleAnts=10 noImprove=25 (elapsed 58.9637s)
[ITER 165] New best cost=160481.19 (feasible=YES, time 60.2616s)
2 31 33 43 48 51 63 
9 34 52 54 57 58 66 
5 10 39 62 69 70 
17 24 36 41 44 45 92 
1 12 32 59 91 95 98 
16 18 19 42 78 88 96 
21 38 46 67 68 86 90 
13 50 55 74 77 89 
7 35 60 61 84 87 94 
26 56 65 79 81 100 
22 23 37 47 72 75 80 
4 6 14 15 64 82 83 
11 40 53 73 85 93 
20 25 27 30 49 71 
3 8 28 29 76 97 99 
[SAVELOGS] evolution saved to results/logs/kroB100_15_5/evolution/kroB100_15_5
[SAVELOGS] best cost saved to results/logs/kroB100_15_5/objectives/kroB100_15_5
[SAVELOGS] best solution saved to results/logs/kroB100_15_5/solutions/kroB100_15_5
