[ITER 1] New best cost=3227422.77 (feasible=YES, time 0.468429s)
[ITER 2] New best cost=3174610.00 (feasible=YES, time 0.685626s)
[ITER 3] New best cost=3157530.28 (feasible=YES, time 0.88729s)
[ITER 5] New best cost=3138429.45 (feasible=YES, time 2.68826s)
[ITER 6] New best cost=3128620.48 (feasible=YES, time 2.91127s)
[ITER 10] New best cost=3120987.58 (feasible=YES, time 5.18318s)
[ITER 10] bestGlobalCost=3120987.58 (feasible=YES) bestThisIter=3128620.48 feasibleAnts=19 noImprove=0 (elapsed 5.18818s)
[ITER 11] New best cost=3117558.52 (feasible=YES, time 5.30825s)
[ITER 19] New best cost=3113019.32 (feasible=YES, time 7.30507s)
[ITER 20] bestGlobalCost=3113019.32 (feasible=YES) bestThisIter=3117558.52 feasibleAnts=30 noImprove=1 (elapsed 8.48967s)
[ITER 23] New best cost=3112654.83 (feasible=YES, time 8.8508s)
[ITER 27] New best cost=3111484.06 (feasible=YES, time 10.2785s)
[ITER 29] New best cost=3109040.10 (feasible=YES, time 10.5246s)
[ITER 30] bestGlobalCost=3109040.10 (feasible=YES) bestThisIter=3111484.06 feasibleAnts=9 noImprove=1 (elapsed 11.7696s)
[ITER 31] New best cost=3108343.00 (feasible=YES, time 11.8871s)
[ITER 32] New best cost=3106219.33 (feasible=YES, time 12.004s)
[ITER 35] New best cost=3105512.34 (feasible=YES, time 13.3651s)
[ITER 37] New best cost=3096159.11 (feasible=YES, time 13.5054s)
[ITER 40] bestGlobalCost=3096159.11 (feasible=YES) bestThisIter=3103963.59 feasibleAnts=13 noImprove=3 (elapsed 14.7964s)
[ITER 44] New best cost=3092098.33 (feasible=YES, time 15.2163s)
[ITER 50] bestGlobalCost=3092098.33 (feasible=YES) bestThisIter=3096487.17 feasibleAnts=9 noImprove=6 (elapsed 17.9295s)
[ITER 52] New best cost=3091067.84 (feasible=YES, time 18.1809s)
[ITER 60] bestGlobalCost=3091067.84 (feasible=YES) bestThisIter=3097787.82 feasibleAnts=12 noImprove=8 (elapsed 21.2718s)
[ITER 70] bestGlobalCost=3091067.84 (feasible=YES) bestThisIter=3099290.02 feasibleAnts=9 noImprove=18 (elapsed 24.926s)
[ITER 71] New best cost=3090583.80 (feasible=YES, time 25.0973s)
[ITER 80] bestGlobalCost=3090583.80 (feasible=YES) bestThisIter=3096359.21 feasibleAnts=15 noImprove=9 (elapsed 28.1217s)
[ITER 82] New best cost=3090069.23 (feasible=YES, time 28.3915s)
[ITER 87] New best cost=3087749.00 (feasible=YES, time 29.8552s)
[ITER 90] bestGlobalCost=3087749.00 (feasible=YES) bestThisIter=3105139.10 feasibleAnts=33 noImprove=3 (elapsed 31.1971s)
[ITER 100] bestGlobalCost=3087749.00 (feasible=YES) bestThisIter=3090578.49 feasibleAnts=9 noImprove=13 (elapsed 34.6669s)
[ITER 110] bestGlobalCost=3087749.00 (feasible=YES) bestThisIter=3107532.80 feasibleAnts=9 noImprove=23 (elapsed 38.3902s)
[ITER 120] bestGlobalCost=3087749.00 (feasible=YES) bestThisIter=3106898.10 feasibleAnts=9 noImprove=33 (elapsed 42.5387s)
[ITER 130] bestGlobalCost=3087749.00 (feasible=YES) bestThisIter=3157415.68 feasibleAnts=7 noImprove=43 (elapsed 46.9158s)
[RESET] no improvement for50-> reset pheromones
[ITER 140] bestGlobalCost=3087749.00 (feasible=YES) bestThisIter=3091062.21 feasibleAnts=9 noImprove=3 (elapsed 51.5784s)
[ITER 146] New best cost=3081583.15 (feasible=YES, time 53.7466s)
[ITER 150] bestGlobalCost=3081583.15 (feasible=YES) bestThisIter=3088878.45 feasibleAnts=12 noImprove=4 (elapsed 55.2008s)
[ITER 160] bestGlobalCost=3081583.15 (feasible=YES) bestThisIter=3083258.73 feasibleAnts=10 noImprove=14 (elapsed 58.6963s)
[ITER 170] bestGlobalCost=3081583.15 (feasible=YES) bestThisIter=3104814.06 feasibleAnts=4 noImprove=24 (elapsed 62.4693s)
[ITER 180] bestGlobalCost=3081583.15 (feasible=YES) bestThisIter=3099044.63 feasibleAnts=8 noImprove=34 (elapsed 66.5564s)
[ITER 190] bestGlobalCost=3081583.15 (feasible=YES) bestThisIter=3115397.62 feasibleAnts=4 noImprove=44 (elapsed 70.88s)
[RESET] no improvement for50-> reset pheromones
[ITER 200] bestGlobalCost=3081583.15 (feasible=YES) bestThisIter=3089086.03 feasibleAnts=10 noImprove=4 (elapsed 75.5104s)
[ITER 210] bestGlobalCost=3081583.15 (feasible=YES) bestThisIter=3096726.33 feasibleAnts=7 noImprove=14 (elapsed 79.3291s)
[ITER 220] bestGlobalCost=3081583.15 (feasible=YES) bestThisIter=3103531.14 feasibleAnts=8 noImprove=24 (elapsed 83.376s)
[ITER 230] bestGlobalCost=3081583.15 (feasible=YES) bestThisIter=3128943.88 feasibleAnts=7 noImprove=34 (elapsed 87.707s)
[ITER 240] bestGlobalCost=3081583.15 (feasible=YES) bestThisIter=3154504.06 feasibleAnts=4 noImprove=44 (elapsed 92.3077s)
[RESET] no improvement for50-> reset pheromones
[ITER 250] bestGlobalCost=3081583.15 (feasible=YES) bestThisIter=3084306.24 feasibleAnts=9 noImprove=4 (elapsed 96.9218s)
[ITER 260] bestGlobalCost=3081583.15 (feasible=YES) bestThisIter=3084316.76 feasibleAnts=9 noImprove=14 (elapsed 100.782s)
[ITER 270] bestGlobalCost=3081583.15 (feasible=YES) bestThisIter=3145421.95 feasibleAnts=8 noImprove=24 (elapsed 104.978s)
[ITER 280] bestGlobalCost=3081583.15 (feasible=YES) bestThisIter=3101625.93 feasibleAnts=9 noImprove=34 (elapsed 109.238s)
[ITER 290] bestGlobalCost=3081583.15 (feasible=YES) bestThisIter=3129309.59 feasibleAnts=6 noImprove=44 (elapsed 113.702s)
[RESET] no improvement for50-> reset pheromones
[ITER 300] bestGlobalCost=3081583.15 (feasible=YES) bestThisIter=3093424.65 feasibleAnts=10 noImprove=4 (elapsed 118.247s)
[ITER 310] bestGlobalCost=3081583.15 (feasible=YES) bestThisIter=3111459.67 feasibleAnts=11 noImprove=14 (elapsed 121.992s)
[ITER 320] bestGlobalCost=3081583.15 (feasible=YES) bestThisIter=3107775.75 feasibleAnts=9 noImprove=24 (elapsed 126.101s)
[ITER 330] bestGlobalCost=3081583.15 (feasible=YES) bestThisIter=3131852.17 feasibleAnts=7 noImprove=34 (elapsed 130.501s)
[ITER 340] bestGlobalCost=3081583.15 (feasible=YES) bestThisIter=3113939.49 feasibleAnts=6 noImprove=44 (elapsed 135.703s)
[RESET] no improvement for50-> reset pheromones
[ITER 350] bestGlobalCost=3081583.15 (feasible=YES) bestThisIter=3095373.18 feasibleAnts=10 noImprove=4 (elapsed 140.701s)
[ITER 359] New best cost=3081435.93 (feasible=YES, time 143.293s)
[ITER 360] bestGlobalCost=3081435.93 (feasible=YES) bestThisIter=3081583.15 feasibleAnts=30 noImprove=1 (elapsed 144.468s)
[ITER 364] New best cost=3074594.26 (feasible=YES, time 144.799s)
[ITER 370] bestGlobalCost=3074594.26 (feasible=YES) bestThisIter=3093703.51 feasibleAnts=15 noImprove=6 (elapsed 147.702s)
[ITER 379] New best cost=3074450.42 (feasible=YES, time 150.046s)
[ITER 380] bestGlobalCost=3074450.42 (feasible=YES) bestThisIter=3074594.26 feasibleAnts=36 noImprove=1 (elapsed 151.22s)
[ITER 384] New best cost=3072280.53 (feasible=YES, time 151.556s)
[ITER 390] bestGlobalCost=3072280.53 (feasible=YES) bestThisIter=3083896.70 feasibleAnts=11 noImprove=6 (elapsed 154.185s)
[ITER 400] bestGlobalCost=3072280.53 (feasible=YES) bestThisIter=3090310.27 feasibleAnts=10 noImprove=16 (elapsed 157.718s)
[ITER 410] bestGlobalCost=3072280.53 (feasible=YES) bestThisIter=3073876.46 feasibleAnts=10 noImprove=26 (elapsed 161.49s)
[ITER 420] bestGlobalCost=3072280.53 (feasible=YES) bestThisIter=3116345.93 feasibleAnts=6 noImprove=36 (elapsed 165.746s)
[ITER 430] bestGlobalCost=3072280.53 (feasible=YES) bestThisIter=3136808.38 feasibleAnts=5 noImprove=46 (elapsed 170.129s)
[RESET] no improvement for50-> reset pheromones
[ITER 440] bestGlobalCost=3072280.53 (feasible=YES) bestThisIter=3112814.82 feasibleAnts=6 noImprove=6 (elapsed 174.617s)
[ITER 450] bestGlobalCost=3072280.53 (feasible=YES) bestThisIter=3077723.62 feasibleAnts=9 noImprove=16 (elapsed 178.473s)
[ITER 460] bestGlobalCost=3072280.53 (feasible=YES) bestThisIter=3134812.17 feasibleAnts=6 noImprove=26 (elapsed 182.616s)
[ITER 470] bestGlobalCost=3072280.53 (feasible=YES) bestThisIter=3109959.46 feasibleAnts=6 noImprove=36 (elapsed 187.01s)
[ITER 480] bestGlobalCost=3072280.53 (feasible=YES) bestThisIter=3150809.10 feasibleAnts=7 noImprove=46 (elapsed 191.523s)
[RESET] no improvement for50-> reset pheromones
[ITER 490] bestGlobalCost=3072280.53 (feasible=YES) bestThisIter=3120764.27 feasibleAnts=5 noImprove=6 (elapsed 196.151s)
[ITER 500] bestGlobalCost=3072280.53 (feasible=YES) bestThisIter=3094048.65 feasibleAnts=8 noImprove=16 (elapsed 199.97s)
[ITER 510] bestGlobalCost=3072280.53 (feasible=YES) bestThisIter=3132064.65 feasibleAnts=6 noImprove=26 (elapsed 204.179s)
[ITER 520] bestGlobalCost=3072280.53 (feasible=YES) bestThisIter=3133196.47 feasibleAnts=6 noImprove=36 (elapsed 208.468s)
[ITER 530] bestGlobalCost=3072280.53 (feasible=YES) bestThisIter=3155097.02 feasibleAnts=3 noImprove=46 (elapsed 213.026s)
[RESET] no improvement for50-> reset pheromones
[ITER 540] bestGlobalCost=3072280.53 (feasible=YES) bestThisIter=3072342.92 feasibleAnts=8 noImprove=6 (elapsed 217.418s)
[ITER 550] bestGlobalCost=3072280.53 (feasible=YES) bestThisIter=3075003.62 feasibleAnts=6 noImprove=16 (elapsed 221.444s)
[ITER 560] bestGlobalCost=3072280.53 (feasible=YES) bestThisIter=3098286.18 feasibleAnts=5 noImprove=26 (elapsed 225.767s)
[ITER 570] bestGlobalCost=3072280.53 (feasible=YES) bestThisIter=3129211.25 feasibleAnts=8 noImprove=36 (elapsed 230.157s)
[ITER 580] bestGlobalCost=3072280.53 (feasible=YES) bestThisIter=3119400.31 feasibleAnts=6 noImprove=46 (elapsed 234.678s)
[RESET] no improvement for50-> reset pheromones
[ITER 590] bestGlobalCost=3072280.53 (feasible=YES) bestThisIter=3075302.92 feasibleAnts=6 noImprove=6 (elapsed 239.075s)
[ITER 600] bestGlobalCost=3072280.53 (feasible=YES) bestThisIter=3084576.75 feasibleAnts=7 noImprove=16 (elapsed 242.978s)
[ITER 610] bestGlobalCost=3072280.53 (feasible=YES) bestThisIter=3117680.08 feasibleAnts=4 noImprove=26 (elapsed 248.147s)
[ITER 620] bestGlobalCost=3072280.53 (feasible=YES) bestThisIter=3106849.70 feasibleAnts=4 noImprove=36 (elapsed 252.872s)
[ITER 630] bestGlobalCost=3072280.53 (feasible=YES) bestThisIter=3142853.30 feasibleAnts=7 noImprove=46 (elapsed 257.485s)
[RESET] no improvement for50-> reset pheromones
[ITER 640] bestGlobalCost=3072280.53 (feasible=YES) bestThisIter=3095590.64 feasibleAnts=6 noImprove=6 (elapsed 261.88s)
[ITER 650] bestGlobalCost=3072280.53 (feasible=YES) bestThisIter=3091739.26 feasibleAnts=8 noImprove=16 (elapsed 265.827s)
[ITER 660] bestGlobalCost=3072280.53 (feasible=YES) bestThisIter=3125937.16 feasibleAnts=6 noImprove=26 (elapsed 269.924s)
[ITER 670] bestGlobalCost=3072280.53 (feasible=YES) bestThisIter=3133165.82 feasibleAnts=11 noImprove=36 (elapsed 274.313s)
[ITER 680] bestGlobalCost=3072280.53 (feasible=YES) bestThisIter=3129140.73 feasibleAnts=5 noImprove=46 (elapsed 278.889s)
[RESET] no improvement for50-> reset pheromones
[ITER 690] bestGlobalCost=3072280.53 (feasible=YES) bestThisIter=3097227.16 feasibleAnts=7 noImprove=6 (elapsed 283.326s)
[ITER 700] bestGlobalCost=3072280.53 (feasible=YES) bestThisIter=3111636.06 feasibleAnts=5 noImprove=16 (elapsed 287.197s)
[ITER 710] bestGlobalCost=3072280.53 (feasible=YES) bestThisIter=3098691.58 feasibleAnts=9 noImprove=26 (elapsed 291.341s)
[ITER 711] New best cost=3061151.88 (feasible=YES, time 291.544s)
[ITER 720] bestGlobalCost=3061151.88 (feasible=YES) bestThisIter=3064983.62 feasibleAnts=15 noImprove=9 (elapsed 294.653s)
[ITER 727] New best cost=3059110.84 (feasible=YES, time 296.701s)
[ITER 730] bestGlobalCost=3059110.84 (feasible=YES) bestThisIter=3061151.88 feasibleAnts=34 noImprove=3 (elapsed 297.983s)
49 50 52 53 54 55 56 111 112 113 114 115 116 117 118 119 120 121 122 123 124 125 126 127 128 171 175 177 180 181 
1 2 4 5 93 144 145 146 147 148 149 150 151 152 153 154 155 156 157 214 215 289 290 292 293 294 295 296 297 298 
140 158 160 204 205 206 207 208 209 210 212 213 216 217 218 219 220 221 222 223 224 278 283 284 285 286 287 288 291 299 
32 35 36 37 38 39 40 41 42 43 44 45 46 47 48 51 57 58 59 60 61 62 63 65 66 105 106 107 108 109 110 
169 170 172 173 174 190 191 192 193 194 195 196 236 237 238 239 240 241 242 243 244 245 246 247 249 250 251 269 270 271 272 
15 16 17 18 19 20 21 22 23 24 25 27 28 72 73 74 75 76 77 78 79 80 81 82 84 95 96 100 102 
131 138 162 165 197 199 200 201 202 203 225 226 227 228 229 230 231 232 233 234 235 273 274 275 276 277 279 280 281 282 
26 29 30 31 33 34 64 67 68 69 70 71 103 104 129 130 132 133 134 135 136 137 163 164 166 167 168 198 211 
176 178 179 182 183 184 185 186 187 188 189 248 252 253 254 255 256 257 258 259 260 261 262 263 264 265 266 267 268 
3 6 7 8 9 10 11 12 13 14 83 85 86 87 88 89 90 91 92 94 97 98 99 101 139 141 142 143 159 161 
[SAVELOGS] evolution saved to results/logs/aco_logs/evolution/pr299_10_3.txt
[SAVELOGS] best cost saved to results/logs/aco_logs/objectives/pr299_10_3.txt
[SAVELOGS] best solution saved to results/logs/aco_logs/solutions/pr299_10_3.txt
