[ITER 1] New best cost=303007.76 (feasible=YES, time 0.245872s)
[ITER 2] New best cost=294305.54 (feasible=YES, time 0.487242s)
[ITER 3] New best cost=292373.31 (feasible=YES, time 0.625554s)
[ITER 4] New best cost=287078.29 (feasible=YES, time 0.772638s)
[ITER 6] New best cost=286689.42 (feasible=YES, time 1.17108s)
[ITER 7] New best cost=286304.60 (feasible=YES, time 1.28174s)
[ITER 8] New best cost=285477.60 (feasible=YES, time 1.38648s)
[ITER 9] New best cost=284361.47 (feasible=YES, time 1.50936s)
[ITER 10] bestGlobalCost=284361.47 (feasible=YES) bestThisIter=284361.47 feasibleAnts=10 noImprove=1 (elapsed 1.5841s)
[ITER 11] New best cost=283443.88 (feasible=YES, time 1.69373s)
[ITER 14] New best cost=283344.78 (feasible=YES, time 2.07642s)
[ITER 15] New best cost=280621.06 (feasible=YES, time 3.56343s)
[ITER 20] New best cost=280285.67 (feasible=YES, time 9.25743s)
[ITER 20] bestGlobalCost=280285.67 (feasible=YES) bestThisIter=280285.67 feasibleAnts=10 noImprove=0 (elapsed 9.26118s)
[ITER 23] New best cost=280174.78 (feasible=YES, time 9.63646s)
[ITER 30] bestGlobalCost=280174.78 (feasible=YES) bestThisIter=280174.78 feasibleAnts=10 noImprove=7 (elapsed 17.0845s)
[ITER 40] bestGlobalCost=280174.78 (feasible=YES) bestThisIter=280621.06 feasibleAnts=10 noImprove=17 (elapsed 18.8394s)
[ITER 45] New best cost=276842.56 (feasible=YES, time 25.6914s)
[ITER 50] bestGlobalCost=276842.56 (feasible=YES) bestThisIter=276842.56 feasibleAnts=10 noImprove=5 (elapsed 26.3869s)
[ITER 60] New best cost=275365.37 (feasible=YES, time 33.2554s)
[ITER 60] bestGlobalCost=275365.37 (feasible=YES) bestThisIter=287525.22 feasibleAnts=10 noImprove=0 (elapsed 34.473s)
[ITER 70] bestGlobalCost=275365.37 (feasible=YES) bestThisIter=279514.27 feasibleAnts=10 noImprove=10 (elapsed 35.8002s)
[ITER 75] New best cost=274693.22 (feasible=YES, time 40.3237s)
[ITER 80] bestGlobalCost=274693.22 (feasible=YES) bestThisIter=274693.22 feasibleAnts=10 noImprove=5 (elapsed 44.0484s)
[ITER 90] bestGlobalCost=274693.22 (feasible=YES) bestThisIter=286058.71 feasibleAnts=10 noImprove=15 (elapsed 51.4736s)
[ITER 100] bestGlobalCost=274693.22 (feasible=YES) bestThisIter=294116.58 feasibleAnts=10 noImprove=25 (elapsed 53.5089s)
[RESET] no improvement for30-> reset pheromones
10 24 36 38 79 84 99 102 104 111 
7 34 43 46 115 120 123 128 149 
3 14 29 41 48 71 100 121 132 136 
5 30 37 39 52 78 96 101 103 107 112 
1 6 49 63 75 90 92 113 119 130 
28 58 67 93 105 108 131 138 142 148 
4 16 19 26 66 97 118 124 129 
23 45 57 60 62 77 91 98 109 110 
18 22 53 65 70 88 94 106 134 137 
11 15 17 21 32 47 59 72 74 127 141 
2 40 44 54 64 68 69 73 114 144 
9 25 51 61 81 85 87 125 135 140 145 
12 20 27 35 55 83 86 117 150 
8 31 42 56 80 89 122 133 139 143 
13 33 50 76 82 95 116 126 146 147 
[SAVELOGS] evolution saved to results/logs/kroA150_15_3/evolution/kroA150_15_3
[SAVELOGS] best cost saved to results/logs/kroA150_15_3/objectives/kroA150_15_3
[SAVELOGS] best solution saved to results/logs/kroA150_15_3/solutions/kroA150_15_3
