[ITER 1] New best cost=571810.19 (feasible=YES, time 0.293185s)
[ITER 2] New best cost=551404.45 (feasible=YES, time 0.494398s)
[ITER 3] New best cost=548477.26 (feasible=YES, time 0.712322s)
[ITER 4] New best cost=532241.12 (feasible=YES, time 0.955419s)
[ITER 5] New best cost=522799.77 (feasible=YES, time 1.15971s)
[ITER 10] bestGlobalCost=522799.77 (feasible=YES) bestThisIter=547405.42 feasibleAnts=10 noImprove=5 (elapsed 1.99017s)
[ITER 15] New best cost=520890.44 (feasible=YES, time 5.4783s)
[ITER 15] New best cost=518799.19 (feasible=YES, time 9.39577s)
[ITER 20] bestGlobalCost=518799.19 (feasible=YES) bestThisIter=518799.19 feasibleAnts=10 noImprove=5 (elapsed 10.0015s)
[ITER 30] New best cost=518687.25 (feasible=YES, time 17.999s)
[ITER 30] bestGlobalCost=518687.25 (feasible=YES) bestThisIter=539677.75 feasibleAnts=10 noImprove=0 (elapsed 18.0069s)
[ITER 33] New best cost=517304.40 (feasible=YES, time 18.4044s)
[ITER 40] bestGlobalCost=517304.40 (feasible=YES) bestThisIter=527048.77 feasibleAnts=10 noImprove=7 (elapsed 19.3768s)
[ITER 45] New best cost=516705.77 (feasible=YES, time 21.4078s)
[ITER 50] bestGlobalCost=516705.77 (feasible=YES) bestThisIter=516705.77 feasibleAnts=10 noImprove=5 (elapsed 27.2259s)
[ITER 60] bestGlobalCost=516705.77 (feasible=YES) bestThisIter=541587.13 feasibleAnts=10 noImprove=15 (elapsed 35.3452s)
[ITER 70] bestGlobalCost=516705.77 (feasible=YES) bestThisIter=529402.09 feasibleAnts=10 noImprove=25 (elapsed 37.2354s)
[ITER 75] New best cost=513021.89 (feasible=YES, time 39.5291s)
[ITER 80] bestGlobalCost=513021.89 (feasible=YES) bestThisIter=519051.08 feasibleAnts=10 noImprove=5 (elapsed 45.1831s)
[ITER 90] bestGlobalCost=513021.89 (feasible=YES) bestThisIter=559875.02 feasibleAnts=10 noImprove=15 (elapsed 53.162s)
[ITER 100] bestGlobalCost=513021.89 (feasible=YES) bestThisIter=547289.10 feasibleAnts=10 noImprove=25 (elapsed 54.9246s)
[RESET] no improvement for30-> reset pheromones
79 80 81 82 83 84 85 86 88 98 
38 39 40 41 42 44 123 131 132 133 134 135 
62 63 64 65 66 67 68 69 70 71 72 73 78 
91 92 93 107 108 109 110 111 112 117 
33 34 35 36 37 136 137 138 139 140 142 
18 19 20 21 23 24 25 26 27 28 29 
8 11 12 13 141 144 145 147 149 150 
14 15 16 17 22 30 31 32 143 
43 45 46 47 49 118 119 120 121 122 
48 50 51 74 75 76 77 89 90 94 
52 53 54 55 56 57 58 59 60 61 
113 114 115 116 124 126 127 128 129 130 
1 2 3 4 125 151 156 157 158 159 
87 95 96 97 99 100 101 102 103 104 105 106 
5 6 7 9 10 146 148 152 153 154 155 
[SAVELOGS] evolution saved to results/logs/u159_15_3/evolution/u159_15_3
[SAVELOGS] best cost saved to results/logs/u159_15_3/objectives/u159_15_3
[SAVELOGS] best solution saved to results/logs/u159_15_3/solutions/u159_15_3
