[ITER 1] New best cost=570497.07 (feasible=YES, time 0.26802s)
[ITER 2] New best cost=565628.92 (feasible=YES, time 0.499963s)
[ITER 4] New best cost=555040.66 (feasible=YES, time 1.12752s)
[ITER 5] New best cost=549471.28 (feasible=YES, time 1.44296s)
[ITER 6] New best cost=545167.17 (feasible=YES, time 1.71073s)
[ITER 7] New best cost=543697.72 (feasible=YES, time 1.92478s)
[ITER 8] New best cost=535838.60 (feasible=YES, time 2.19312s)
[ITER 9] New best cost=533523.04 (feasible=YES, time 2.39184s)
[ITER 10] New best cost=532940.59 (feasible=YES, time 2.47617s)
[ITER 10] bestGlobalCost=532940.59 (feasible=YES) bestThisIter=532940.59 feasibleAnts=10 noImprove=0 (elapsed 2.48081s)
[ITER 11] New best cost=532382.64 (feasible=YES, time 2.62722s)
[ITER 12] New best cost=531585.55 (feasible=YES, time 2.75569s)
[ITER 15] New best cost=525875.80 (feasible=YES, time 5.73916s)
[ITER 15] New best cost=521908.33 (feasible=YES, time 9.66788s)
[ITER 19] New best cost=520457.19 (feasible=YES, time 10.1571s)
[ITER 20] bestGlobalCost=520457.19 (feasible=YES) bestThisIter=520789.58 feasibleAnts=10 noImprove=1 (elapsed 10.2677s)
[ITER 30] bestGlobalCost=520457.19 (feasible=YES) bestThisIter=521908.33 feasibleAnts=10 noImprove=11 (elapsed 18.1725s)
[ITER 40] bestGlobalCost=520457.19 (feasible=YES) bestThisIter=545633.45 feasibleAnts=10 noImprove=21 (elapsed 19.9587s)
[RESET] no improvement for30-> reset pheromones
[ITER 50] bestGlobalCost=520457.19 (feasible=YES) bestThisIter=570299.15 feasibleAnts=10 noImprove=1 (elapsed 28.6473s)
[ITER 60] New best cost=519597.57 (feasible=YES, time 33.0801s)
[ITER 60] bestGlobalCost=519597.57 (feasible=YES) bestThisIter=546584.46 feasibleAnts=10 noImprove=0 (elapsed 38.294s)
[ITER 70] bestGlobalCost=519597.57 (feasible=YES) bestThisIter=529394.17 feasibleAnts=10 noImprove=10 (elapsed 39.6151s)
[ITER 80] bestGlobalCost=519597.57 (feasible=YES) bestThisIter=546911.44 feasibleAnts=10 noImprove=20 (elapsed 47.8678s)
[ITER 90] New best cost=518045.28 (feasible=YES, time 51.2507s)
[ITER 90] New best cost=516706.78 (feasible=YES, time 56.5421s)
[ITER 90] bestGlobalCost=516706.78 (feasible=YES) bestThisIter=542333.77 feasibleAnts=10 noImprove=0 (elapsed 56.5476s)
[ITER 94] New best cost=516100.15 (feasible=YES, time 57.0516s)
[ITER 100] bestGlobalCost=516100.15 (feasible=YES) bestThisIter=516100.15 feasibleAnts=10 noImprove=6 (elapsed 57.874s)
50 51 74 76 77 79 89 90 91 94 
113 114 115 117 124 126 127 128 129 130 
33 34 35 36 37 136 137 138 139 140 142 
14 15 16 17 22 30 31 32 143 
1 2 3 4 125 151 156 157 158 159 
18 19 20 21 23 24 25 26 27 28 29 
38 39 40 41 42 44 123 131 132 133 134 135 
80 81 82 83 84 85 86 87 88 98 
43 45 46 47 48 49 75 119 120 121 
8 11 12 13 141 144 145 147 149 150 
5 6 7 9 10 146 148 152 153 154 155 
92 93 108 109 110 111 112 116 118 122 
52 53 54 55 56 57 58 59 60 61 
62 63 64 65 66 67 68 69 70 71 72 73 78 
95 96 97 99 100 101 102 103 104 105 106 107 
[SAVELOGS] evolution saved to results/logs/u159_15_3/evolution/u159_15_3
[SAVELOGS] best cost saved to results/logs/u159_15_3/objectives/u159_15_3
[SAVELOGS] best solution saved to results/logs/u159_15_3/solutions/u159_15_3
