[ITER 1] New best cost=575840.01 (feasible=YES, time 0.249563s)
[ITER 2] New best cost=541916.58 (feasible=YES, time 0.426273s)
[ITER 3] New best cost=535338.61 (feasible=YES, time 0.549366s)
[ITER 7] New best cost=534610.69 (feasible=YES, time 1.23735s)
[ITER 10] bestGlobalCost=534610.69 (feasible=YES) bestThisIter=538318.93 feasibleAnts=10 noImprove=3 (elapsed 1.6194s)
[ITER 15] New best cost=528925.64 (feasible=YES, time 4.98054s)
[ITER 15] New best cost=526841.96 (feasible=YES, time 7.55325s)
[ITER 20] bestGlobalCost=526841.96 (feasible=YES) bestThisIter=525269.66 feasibleAnts=9 noImprove=5 (elapsed 9.30946s)
[ITER 21] New best cost=524633.20 (feasible=YES, time 9.4286s)
[ITER 24] New best cost=521954.42 (feasible=YES, time 9.75022s)
[ITER 25] New best cost=520295.53 (feasible=YES, time 9.86106s)
[ITER 30] bestGlobalCost=520295.53 (feasible=YES) bestThisIter=520295.53 feasibleAnts=10 noImprove=5 (elapsed 16.9149s)
[ITER 40] bestGlobalCost=520295.53 (feasible=YES) bestThisIter=541764.90 feasibleAnts=10 noImprove=15 (elapsed 18.3819s)
[ITER 50] bestGlobalCost=520295.53 (feasible=YES) bestThisIter=544797.14 feasibleAnts=10 noImprove=25 (elapsed 26.8402s)
[RESET] no improvement for30-> reset pheromones
[ITER 60] bestGlobalCost=520295.53 (feasible=YES) bestThisIter=551360.33 feasibleAnts=10 noImprove=5 (elapsed 35.2092s)
[ITER 70] bestGlobalCost=520295.53 (feasible=YES) bestThisIter=530895.02 feasibleAnts=10 noImprove=15 (elapsed 37.2996s)
[ITER 80] bestGlobalCost=520295.53 (feasible=YES) bestThisIter=547185.57 feasibleAnts=10 noImprove=25 (elapsed 45.449s)
[RESET] no improvement for30-> reset pheromones
[ITER 90] bestGlobalCost=520295.53 (feasible=YES) bestThisIter=556795.62 feasibleAnts=10 noImprove=5 (elapsed 54.0323s)
[ITER 100] bestGlobalCost=520295.53 (feasible=YES) bestThisIter=551324.34 feasibleAnts=10 noImprove=15 (elapsed 56.1478s)
39 41 42 43 44 45 46 47 119 120 133 
87 95 97 98 99 100 101 102 103 104 105 107 
18 19 20 21 23 24 25 26 27 28 29 
11 13 15 141 143 144 145 146 147 149 
62 63 64 65 66 67 68 69 70 71 72 73 78 
52 54 55 56 57 58 59 60 61 
34 35 36 37 38 40 132 134 135 136 137 138 140 
33 48 49 50 51 53 74 75 76 
77 79 80 81 82 83 84 85 86 
88 89 90 91 92 93 94 96 106 108 118 
6 7 8 9 10 12 148 150 152 153 
14 16 17 22 30 31 32 139 142 
109 110 111 112 113 115 116 117 121 122 123 
2 3 4 5 151 154 155 156 157 158 159 
1 114 124 125 126 127 128 129 130 131 
[SAVELOGS] evolution saved to results/logs/u159_15_3/evolution/u159_15_3
[SAVELOGS] best cost saved to results/logs/u159_15_3/objectives/u159_15_3
[SAVELOGS] best solution saved to results/logs/u159_15_3/solutions/u159_15_3
