[ITER 1] New best cost=519417.92 (feasible=YES, time 0.0218929s)
[ITER 2] New best cost=516604.49 (feasible=YES, time 0.0519716s)
[ITER 3] New best cost=515131.37 (feasible=YES, time 0.0743128s)
[ITER 5] New best cost=512856.45 (feasible=YES, time 0.123358s)
[ITER 6] New best cost=512648.15 (feasible=YES, time 0.155136s)
[ITER 9] New best cost=512253.03 (feasible=YES, time 0.234959s)
[ITER 10] bestGlobalCost=512253.03 (feasible=YES) bestThisIter=512253.03 feasibleAnts=10 noImprove=1 (elapsed 0.271531s)
[ITER 20] bestGlobalCost=512253.03 (feasible=YES) bestThisIter=512253.03 feasibleAnts=11 noImprove=11 (elapsed 1.7236s)
[ITER 30] bestGlobalCost=512253.03 (feasible=YES) bestThisIter=512253.03 feasibleAnts=10 noImprove=21 (elapsed 3.08789s)
[RESET] no improvement for30-> reset pheromones
[ITER 40] bestGlobalCost=512253.03 (feasible=YES) bestThisIter=519241.13 feasibleAnts=10 noImprove=1 (elapsed 3.28575s)
[ITER 50] bestGlobalCost=512253.03 (feasible=YES) bestThisIter=512253.03 feasibleAnts=10 noImprove=11 (elapsed 4.67483s)
[ITER 60] bestGlobalCost=512253.03 (feasible=YES) bestThisIter=512253.03 feasibleAnts=10 noImprove=21 (elapsed 6.28014s)
[RESET] no improvement for30-> reset pheromones
[ITER 70] bestGlobalCost=512253.03 (feasible=YES) bestThisIter=512648.15 feasibleAnts=10 noImprove=1 (elapsed 6.55769s)
[ITER 80] bestGlobalCost=512253.03 (feasible=YES) bestThisIter=512253.03 feasibleAnts=10 noImprove=11 (elapsed 8.25663s)
[ITER 90] bestGlobalCost=512253.03 (feasible=YES) bestThisIter=512253.03 feasibleAnts=10 noImprove=21 (elapsed 9.70099s)
[RESET] no improvement for30-> reset pheromones
[ITER 100] bestGlobalCost=512253.03 (feasible=YES) bestThisIter=512856.45 feasibleAnts=10 noImprove=1 (elapsed 9.90708s)
[ITER 110] bestGlobalCost=512253.03 (feasible=YES) bestThisIter=512253.03 feasibleAnts=10 noImprove=11 (elapsed 11.267s)
[ITER 120] bestGlobalCost=512253.03 (feasible=YES) bestThisIter=512253.03 feasibleAnts=10 noImprove=21 (elapsed 12.5874s)
[RESET] no improvement for30-> reset pheromones
[ITER 130] bestGlobalCost=512253.03 (feasible=YES) bestThisIter=518083.00 feasibleAnts=10 noImprove=1 (elapsed 12.753s)
[ITER 140] bestGlobalCost=512253.03 (feasible=YES) bestThisIter=512253.03 feasibleAnts=10 noImprove=11 (elapsed 14.4082s)
[ITER 150] bestGlobalCost=512253.03 (feasible=YES) bestThisIter=512253.03 feasibleAnts=10 noImprove=21 (elapsed 16.0325s)
[RESET] no improvement for30-> reset pheromones
[ITER 160] bestGlobalCost=512253.03 (feasible=YES) bestThisIter=517737.71 feasibleAnts=10 noImprove=1 (elapsed 16.2669s)
[ITER 170] bestGlobalCost=512253.03 (feasible=YES) bestThisIter=512253.03 feasibleAnts=10 noImprove=11 (elapsed 17.78s)
[ITER 180] bestGlobalCost=512253.03 (feasible=YES) bestThisIter=512253.03 feasibleAnts=10 noImprove=21 (elapsed 19.141s)
[RESET] no improvement for30-> reset pheromones
[ITER 190] bestGlobalCost=512253.03 (feasible=YES) bestThisIter=513479.20 feasibleAnts=10 noImprove=1 (elapsed 19.3545s)
[ITER 200] bestGlobalCost=512253.03 (feasible=YES) bestThisIter=512253.03 feasibleAnts=10 noImprove=11 (elapsed 20.711s)
[ITER 210] bestGlobalCost=512253.03 (feasible=YES) bestThisIter=512253.03 feasibleAnts=10 noImprove=21 (elapsed 22.2632s)
[RESET] no improvement for30-> reset pheromones
[ITER 220] bestGlobalCost=512253.03 (feasible=YES) bestThisIter=516148.33 feasibleAnts=10 noImprove=1 (elapsed 22.5116s)
[ITER 230] bestGlobalCost=512253.03 (feasible=YES) bestThisIter=512253.03 feasibleAnts=10 noImprove=11 (elapsed 24.1764s)
[ITER 240] bestGlobalCost=512253.03 (feasible=YES) bestThisIter=512253.03 feasibleAnts=10 noImprove=21 (elapsed 25.6915s)
[RESET] no improvement for30-> reset pheromones
[ITER 250] bestGlobalCost=512253.03 (feasible=YES) bestThisIter=516330.87 feasibleAnts=10 noImprove=1 (elapsed 25.8985s)
[ITER 260] bestGlobalCost=512253.03 (feasible=YES) bestThisIter=512253.03 feasibleAnts=10 noImprove=11 (elapsed 27.2988s)
[ITER 270] bestGlobalCost=512253.03 (feasible=YES) bestThisIter=512253.03 feasibleAnts=10 noImprove=21 (elapsed 28.5855s)
[RESET] no improvement for30-> reset pheromones
[ITER 280] bestGlobalCost=512253.03 (feasible=YES) bestThisIter=515357.47 feasibleAnts=10 noImprove=1 (elapsed 28.8113s)
[ITER 290] bestGlobalCost=512253.03 (feasible=YES) bestThisIter=512253.03 feasibleAnts=10 noImprove=11 (elapsed 30.1785s)
[ITER 300] bestGlobalCost=512253.03 (feasible=YES) bestThisIter=512253.03 feasibleAnts=10 noImprove=21 (elapsed 31.4924s)
[RESET] no improvement for30-> reset pheromones
[ITER 310] bestGlobalCost=512253.03 (feasible=YES) bestThisIter=514472.51 feasibleAnts=10 noImprove=1 (elapsed 31.7264s)
[ITER 320] bestGlobalCost=512253.03 (feasible=YES) bestThisIter=512253.03 feasibleAnts=10 noImprove=11 (elapsed 33.1077s)
[ITER 330] bestGlobalCost=512253.03 (feasible=YES) bestThisIter=512253.03 feasibleAnts=10 noImprove=21 (elapsed 34.7838s)
[RESET] no improvement for30-> reset pheromones
[ITER 340] bestGlobalCost=512253.03 (feasible=YES) bestThisIter=515131.37 feasibleAnts=10 noImprove=1 (elapsed 35.0584s)
[ITER 350] bestGlobalCost=512253.03 (feasible=YES) bestThisIter=512568.14 feasibleAnts=10 noImprove=11 (elapsed 36.806s)
[ITER 360] bestGlobalCost=512253.03 (feasible=YES) bestThisIter=512253.03 feasibleAnts=10 noImprove=21 (elapsed 38.2005s)
[RESET] no improvement for30-> reset pheromones
[ITER 370] bestGlobalCost=512253.03 (feasible=YES) bestThisIter=516853.32 feasibleAnts=10 noImprove=1 (elapsed 38.3769s)
[ITER 380] bestGlobalCost=512253.03 (feasible=YES) bestThisIter=512253.03 feasibleAnts=10 noImprove=11 (elapsed 39.7271s)
[ITER 390] bestGlobalCost=512253.03 (feasible=YES) bestThisIter=512253.03 feasibleAnts=10 noImprove=21 (elapsed 41.067s)
[RESET] no improvement for30-> reset pheromones
[ITER 400] bestGlobalCost=512253.03 (feasible=YES) bestThisIter=521986.14 feasibleAnts=10 noImprove=1 (elapsed 41.2927s)
[ITER 410] bestGlobalCost=512253.03 (feasible=YES) bestThisIter=512253.03 feasibleAnts=10 noImprove=11 (elapsed 43.0551s)
[ITER 420] bestGlobalCost=512253.03 (feasible=YES) bestThisIter=512253.03 feasibleAnts=11 noImprove=21 (elapsed 44.7885s)
[RESET] no improvement for30-> reset pheromones
[ITER 430] bestGlobalCost=512253.03 (feasible=YES) bestThisIter=514472.51 feasibleAnts=10 noImprove=1 (elapsed 45.0599s)
[ITER 440] bestGlobalCost=512253.03 (feasible=YES) bestThisIter=512253.03 feasibleAnts=10 noImprove=11 (elapsed 46.4158s)
[ITER 450] bestGlobalCost=512253.03 (feasible=YES) bestThisIter=512253.03 feasibleAnts=10 noImprove=21 (elapsed 47.7347s)
[RESET] no improvement for30-> reset pheromones
[ITER 460] bestGlobalCost=512253.03 (feasible=YES) bestThisIter=524730.79 feasibleAnts=10 noImprove=1 (elapsed 47.93s)
[ITER 470] bestGlobalCost=512253.03 (feasible=YES) bestThisIter=512253.03 feasibleAnts=10 noImprove=11 (elapsed 49.3671s)
[ITER 480] bestGlobalCost=512253.03 (feasible=YES) bestThisIter=512253.03 feasibleAnts=10 noImprove=21 (elapsed 50.9509s)
[RESET] no improvement for30-> reset pheromones
[ITER 490] bestGlobalCost=512253.03 (feasible=YES) bestThisIter=518740.17 feasibleAnts=10 noImprove=1 (elapsed 51.1779s)
[ITER 500] bestGlobalCost=512253.03 (feasible=YES) bestThisIter=512856.45 feasibleAnts=10 noImprove=11 (elapsed 52.8867s)
[ITER 510] bestGlobalCost=512253.03 (feasible=YES) bestThisIter=512253.03 feasibleAnts=10 noImprove=21 (elapsed 54.2835s)
[RESET] no improvement for30-> reset pheromones
[ITER 520] bestGlobalCost=512253.03 (feasible=YES) bestThisIter=519134.64 feasibleAnts=10 noImprove=1 (elapsed 54.4879s)
[ITER 530] bestGlobalCost=512253.03 (feasible=YES) bestThisIter=512648.15 feasibleAnts=10 noImprove=11 (elapsed 55.8925s)
[ITER 540] bestGlobalCost=512253.03 (feasible=YES) bestThisIter=512253.03 feasibleAnts=10 noImprove=21 (elapsed 57.2222s)
[RESET] no improvement for30-> reset pheromones
[ITER 550] bestGlobalCost=512253.03 (feasible=YES) bestThisIter=516210.68 feasibleAnts=10 noImprove=1 (elapsed 57.4728s)
[ITER 560] bestGlobalCost=512253.03 (feasible=YES) bestThisIter=512253.03 feasibleAnts=10 noImprove=11 (elapsed 59.1399s)
[ITER 570] bestGlobalCost=512253.03 (feasible=YES) bestThisIter=512253.03 feasibleAnts=10 noImprove=21 (elapsed 60.7372s)
59 67 68 69 71 72 73 77 78 79 82 83 84 85 91 92 96 97 101 102 
1 2 3 6 7 10 11 12 15 20 21 22 23 24 28 29 30 31 32 33 103 
40 41 42 45 46 47 48 49 50 51 52 53 54 55 56 57 58 60 62 63 64 76 104 105 
61 65 66 70 74 75 80 81 86 87 88 89 90 93 94 95 98 99 100 
4 5 8 9 13 14 16 17 18 19 25 26 27 34 35 36 37 38 39 43 44 
[SAVELOGS] evolution saved to results/logs/lin105_05_2/evolution/lin105_05_2
[SAVELOGS] best cost saved to results/logs/lin105_05_2/objectives/lin105_05_2
[SAVELOGS] best solution saved to results/logs/lin105_05_2/solutions/lin105_05_2
