[ITER 1] New best cost=128989.14 (feasible=YES, time 0.131839s)
[ITER 2] New best cost=128390.17 (feasible=YES, time 0.293135s)
[ITER 3] New best cost=127537.85 (feasible=YES, time 0.387193s)
[ITER 7] New best cost=127330.65 (feasible=YES, time 0.789446s)
[ITER 10] New best cost=127250.36 (feasible=YES, time 1.10289s)
[ITER 10] bestGlobalCost=127250.36 (feasible=YES) bestThisIter=127250.36 feasibleAnts=10 noImprove=0 (elapsed 1.10926s)
[ITER 15] New best cost=126462.42 (feasible=YES, time 4.04313s)
[ITER 20] bestGlobalCost=126462.42 (feasible=YES) bestThisIter=126462.42 feasibleAnts=11 noImprove=5 (elapsed 7.95594s)
[ITER 30] New best cost=124587.85 (feasible=YES, time 9.94855s)
[ITER 30] bestGlobalCost=124587.85 (feasible=YES) bestThisIter=126462.42 feasibleAnts=10 noImprove=0 (elapsed 14.5232s)
[ITER 33] New best cost=124067.61 (feasible=YES, time 14.6602s)
[ITER 40] bestGlobalCost=124067.61 (feasible=YES) bestThisIter=124067.61 feasibleAnts=11 noImprove=7 (elapsed 14.9991s)
[ITER 50] bestGlobalCost=124067.61 (feasible=YES) bestThisIter=124115.81 feasibleAnts=10 noImprove=17 (elapsed 21.158s)
[ITER 60] bestGlobalCost=124067.61 (feasible=YES) bestThisIter=124067.61 feasibleAnts=10 noImprove=27 (elapsed 27.2745s)
[RESET] no improvement for30-> reset pheromones
[ITER 70] bestGlobalCost=124067.61 (feasible=YES) bestThisIter=125212.57 feasibleAnts=10 noImprove=7 (elapsed 28.0843s)
[ITER 80] bestGlobalCost=124067.61 (feasible=YES) bestThisIter=125364.29 feasibleAnts=10 noImprove=17 (elapsed 33.8993s)
[ITER 90] bestGlobalCost=124067.61 (feasible=YES) bestThisIter=124067.61 feasibleAnts=10 noImprove=27 (elapsed 39.8744s)
[RESET] no improvement for30-> reset pheromones
[ITER 100] bestGlobalCost=124067.61 (feasible=YES) bestThisIter=126983.29 feasibleAnts=10 noImprove=7 (elapsed 40.7159s)
[ITER 110] bestGlobalCost=124067.61 (feasible=YES) bestThisIter=124115.81 feasibleAnts=10 noImprove=17 (elapsed 46.2551s)
[ITER 120] bestGlobalCost=124067.61 (feasible=YES) bestThisIter=124067.61 feasibleAnts=10 noImprove=27 (elapsed 52.1817s)
[RESET] no improvement for30-> reset pheromones
[ITER 130] bestGlobalCost=124067.61 (feasible=YES) bestThisIter=125030.55 feasibleAnts=10 noImprove=7 (elapsed 53.1721s)
[ITER 140] bestGlobalCost=124067.61 (feasible=YES) bestThisIter=124067.61 feasibleAnts=10 noImprove=17 (elapsed 58.7851s)
[ITER 150] bestGlobalCost=124067.61 (feasible=YES) bestThisIter=125212.57 feasibleAnts=10 noImprove=27 (elapsed 64.1584s)
18 50 55 58 65 70 85 86 102 108 132 135 137 142 
11 17 36 39 41 57 60 61 66 69 117 118 127 130 140 148 
2 6 9 19 28 29 37 42 47 81 99 110 114 120 139 
3 8 10 30 35 48 52 63 73 76 84 89 93 96 113 124 
1 5 7 34 82 87 95 97 98 100 103 107 143 
4 13 44 45 68 71 74 91 104 106 112 115 119 128 136 150 
14 27 31 32 49 64 72 77 80 122 123 129 144 145 147 
12 23 24 38 40 43 51 53 67 101 109 116 131 134 
15 16 21 22 59 62 78 79 88 94 105 121 125 133 149 
20 25 26 33 46 54 56 75 83 90 92 111 126 138 141 146 
[SAVELOGS] evolution saved to results/logs/ch150_10_2/evolution/ch150_10_2
[SAVELOGS] best cost saved to results/logs/ch150_10_2/objectives/ch150_10_2
[SAVELOGS] best solution saved to results/logs/ch150_10_2/solutions/ch150_10_2
