[ITER 1] New best cost=128691.47 (feasible=YES, time 0.105053s)
[ITER 2] New best cost=128515.59 (feasible=YES, time 0.184216s)
[ITER 3] New best cost=127765.98 (feasible=YES, time 0.275763s)
[ITER 5] New best cost=127225.65 (feasible=YES, time 0.452839s)
[ITER 7] New best cost=126952.85 (feasible=YES, time 0.56736s)
[ITER 8] New best cost=126561.10 (feasible=YES, time 0.601624s)
[ITER 9] New best cost=126237.14 (feasible=YES, time 0.645787s)
[ITER 10] bestGlobalCost=126237.14 (feasible=YES) bestThisIter=126237.14 feasibleAnts=10 noImprove=1 (elapsed 0.686617s)
[ITER 12] New best cost=126082.28 (feasible=YES, time 0.78524s)
[ITER 15] New best cost=125424.87 (feasible=YES, time 2.72724s)
[ITER 15] New best cost=124535.80 (feasible=YES, time 3.73559s)
[ITER 20] bestGlobalCost=124535.80 (feasible=YES) bestThisIter=124535.80 feasibleAnts=10 noImprove=5 (elapsed 6.00469s)
[ITER 24] New best cost=124067.61 (feasible=YES, time 6.18163s)
[ITER 30] bestGlobalCost=124067.61 (feasible=YES) bestThisIter=124067.61 feasibleAnts=14 noImprove=6 (elapsed 10.9168s)
[ITER 40] bestGlobalCost=124067.61 (feasible=YES) bestThisIter=124067.61 feasibleAnts=10 noImprove=16 (elapsed 11.4064s)
[ITER 50] bestGlobalCost=124067.61 (feasible=YES) bestThisIter=126176.26 feasibleAnts=10 noImprove=26 (elapsed 17.2448s)
[RESET] no improvement for30-> reset pheromones
[ITER 60] bestGlobalCost=124067.61 (feasible=YES) bestThisIter=125373.07 feasibleAnts=10 noImprove=6 (elapsed 22.5036s)
[ITER 70] bestGlobalCost=124067.61 (feasible=YES) bestThisIter=124067.61 feasibleAnts=10 noImprove=16 (elapsed 23.2848s)
[ITER 80] bestGlobalCost=124067.61 (feasible=YES) bestThisIter=124535.80 feasibleAnts=10 noImprove=26 (elapsed 28.8727s)
[RESET] no improvement for30-> reset pheromones
[ITER 90] bestGlobalCost=124067.61 (feasible=YES) bestThisIter=127503.04 feasibleAnts=10 noImprove=6 (elapsed 34.9747s)
[ITER 100] bestGlobalCost=124067.61 (feasible=YES) bestThisIter=124973.83 feasibleAnts=10 noImprove=16 (elapsed 35.7199s)
[ITER 110] bestGlobalCost=124067.61 (feasible=YES) bestThisIter=124067.61 feasibleAnts=10 noImprove=26 (elapsed 41.2005s)
[RESET] no improvement for30-> reset pheromones
[ITER 120] bestGlobalCost=124067.61 (feasible=YES) bestThisIter=126960.63 feasibleAnts=10 noImprove=6 (elapsed 46.5s)
[ITER 130] bestGlobalCost=124067.61 (feasible=YES) bestThisIter=124067.61 feasibleAnts=10 noImprove=16 (elapsed 47.2606s)
[ITER 140] bestGlobalCost=124067.61 (feasible=YES) bestThisIter=124067.61 feasibleAnts=10 noImprove=26 (elapsed 52.856s)
[RESET] no improvement for30-> reset pheromones
[ITER 150] bestGlobalCost=124067.61 (feasible=YES) bestThisIter=126037.52 feasibleAnts=10 noImprove=6 (elapsed 58.5354s)
[ITER 160] bestGlobalCost=124067.61 (feasible=YES) bestThisIter=124067.61 feasibleAnts=10 noImprove=16 (elapsed 59.2037s)
18 50 55 58 65 70 85 86 102 108 132 135 137 142 
15 16 21 22 59 62 78 79 88 94 105 121 125 133 149 
3 8 10 30 35 48 52 63 73 76 84 89 93 96 113 124 
20 25 26 33 46 54 56 75 83 90 92 111 126 138 141 146 
1 5 7 34 82 87 95 97 98 100 103 107 143 
14 27 31 32 49 64 72 77 80 122 123 129 144 145 147 
2 6 9 19 28 29 37 42 47 81 99 110 114 120 139 
12 23 24 38 40 43 51 53 67 101 109 116 131 134 
4 13 44 45 68 71 74 91 104 106 112 115 119 128 136 150 
11 17 36 39 41 57 60 61 66 69 117 118 127 130 140 148 
[SAVELOGS] evolution saved to results/logs/ch150_10_2/evolution/ch150_10_2
[SAVELOGS] best cost saved to results/logs/ch150_10_2/objectives/ch150_10_2
[SAVELOGS] best solution saved to results/logs/ch150_10_2/solutions/ch150_10_2
