[ITER 1] New best cost=130196.97 (feasible=YES, time 0.104911s)
[ITER 2] New best cost=128155.73 (feasible=YES, time 0.234753s)
[ITER 3] New best cost=127597.08 (feasible=YES, time 0.31484s)
[ITER 4] New best cost=127583.21 (feasible=YES, time 0.397608s)
[ITER 5] New best cost=127554.42 (feasible=YES, time 0.463179s)
[ITER 6] New best cost=127292.42 (feasible=YES, time 0.561843s)
[ITER 7] New best cost=127052.19 (feasible=YES, time 0.615031s)
[ITER 8] New best cost=126579.63 (feasible=YES, time 0.677153s)
[ITER 10] bestGlobalCost=126579.63 (feasible=YES) bestThisIter=126579.63 feasibleAnts=10 noImprove=2 (elapsed 0.828367s)
[ITER 11] New best cost=125808.59 (feasible=YES, time 0.909198s)
[ITER 15] New best cost=125562.01 (feasible=YES, time 2.17287s)
[ITER 20] bestGlobalCost=125562.01 (feasible=YES) bestThisIter=125562.01 feasibleAnts=12 noImprove=5 (elapsed 6.08102s)
[ITER 30] New best cost=125411.27 (feasible=YES, time 9.70753s)
[ITER 30] New best cost=125271.85 (feasible=YES, time 11.6899s)
[ITER 30] bestGlobalCost=125271.85 (feasible=YES) bestThisIter=126792.35 feasibleAnts=10 noImprove=0 (elapsed 11.695s)
[ITER 33] New best cost=124115.81 (feasible=YES, time 11.8373s)
[ITER 35] New best cost=124067.61 (feasible=YES, time 11.9044s)
[ITER 40] bestGlobalCost=124067.61 (feasible=YES) bestThisIter=124067.61 feasibleAnts=10 noImprove=5 (elapsed 12.0904s)
[ITER 50] bestGlobalCost=124067.61 (feasible=YES) bestThisIter=124302.08 feasibleAnts=10 noImprove=15 (elapsed 17.2937s)
[ITER 60] bestGlobalCost=124067.61 (feasible=YES) bestThisIter=124115.81 feasibleAnts=10 noImprove=25 (elapsed 22.8174s)
[RESET] no improvement for30-> reset pheromones
[ITER 70] bestGlobalCost=124067.61 (feasible=YES) bestThisIter=124067.61 feasibleAnts=10 noImprove=5 (elapsed 23.6342s)
[ITER 80] bestGlobalCost=124067.61 (feasible=YES) bestThisIter=124067.61 feasibleAnts=10 noImprove=15 (elapsed 29.2077s)
[ITER 90] bestGlobalCost=124067.61 (feasible=YES) bestThisIter=125992.15 feasibleAnts=10 noImprove=25 (elapsed 35.0173s)
[RESET] no improvement for30-> reset pheromones
[ITER 100] bestGlobalCost=124067.61 (feasible=YES) bestThisIter=126875.65 feasibleAnts=10 noImprove=5 (elapsed 35.695s)
[ITER 110] bestGlobalCost=124067.61 (feasible=YES) bestThisIter=124067.61 feasibleAnts=10 noImprove=15 (elapsed 41.0704s)
[ITER 120] bestGlobalCost=124067.61 (feasible=YES) bestThisIter=124067.61 feasibleAnts=10 noImprove=25 (elapsed 46.3845s)
[RESET] no improvement for30-> reset pheromones
[ITER 130] bestGlobalCost=124067.61 (feasible=YES) bestThisIter=126003.01 feasibleAnts=10 noImprove=5 (elapsed 47.0895s)
[ITER 140] bestGlobalCost=124067.61 (feasible=YES) bestThisIter=124067.61 feasibleAnts=10 noImprove=15 (elapsed 52.6682s)
[ITER 150] bestGlobalCost=124067.61 (feasible=YES) bestThisIter=124067.61 feasibleAnts=10 noImprove=25 (elapsed 58.2169s)
[RESET] no improvement for30-> reset pheromones
[ITER 160] bestGlobalCost=124067.61 (feasible=YES) bestThisIter=125648.84 feasibleAnts=10 noImprove=5 (elapsed 59.0929s)
3 8 10 30 35 48 52 63 73 76 84 89 93 96 113 124 
1 5 7 34 82 87 95 97 98 100 103 107 143 
2 6 9 19 28 29 37 42 47 81 99 110 114 120 139 
11 17 36 39 41 57 60 61 66 69 117 118 127 130 140 148 
4 13 44 45 68 71 74 91 104 106 112 115 119 128 136 150 
14 27 31 32 49 64 72 77 80 122 123 129 144 145 147 
18 50 55 58 65 70 85 86 102 108 132 135 137 142 
15 16 21 22 59 62 78 79 88 94 105 121 125 133 149 
20 25 26 33 46 54 56 75 83 90 92 111 126 138 141 146 
12 23 24 38 40 43 51 53 67 101 109 116 131 134 
[SAVELOGS] evolution saved to results/logs/ch150_10_2/evolution/ch150_10_2
[SAVELOGS] best cost saved to results/logs/ch150_10_2/objectives/ch150_10_2
[SAVELOGS] best solution saved to results/logs/ch150_10_2/solutions/ch150_10_2
