[ITER 1] New best cost=33950.86 (feasible=YES, time 0.427197s)
[ITER 2] New best cost=33935.77 (feasible=YES, time 0.809462s)
[ITER 3] New best cost=33748.17 (feasible=YES, time 1.15085s)
[ITER 10] bestGlobalCost=33748.17 (feasible=YES) bestThisIter=33816.41 feasibleAnts=17 noImprove=7 (elapsed 3.99872s)
[ITER 13] New best cost=33728.47 (feasible=YES, time 4.94267s)
[ITER 17] New best cost=33604.66 (feasible=YES, time 6.08007s)
[ITER 18] New best cost=33549.27 (feasible=YES, time 6.38146s)
[ITER 20] bestGlobalCost=33549.27 (feasible=YES) bestThisIter=33564.92 feasibleAnts=10 noImprove=2 (elapsed 7.88855s)
[ITER 22] New best cost=33548.20 (feasible=YES, time 8.62473s)
[ITER 23] New best cost=33543.44 (feasible=YES, time 8.88682s)
[ITER 30] bestGlobalCost=33543.44 (feasible=YES) bestThisIter=33637.87 feasibleAnts=10 noImprove=7 (elapsed 11.2565s)
[ITER 39] New best cost=33498.90 (feasible=YES, time 14.0637s)
[ITER 40] bestGlobalCost=33498.90 (feasible=YES) bestThisIter=33543.44 feasibleAnts=27 noImprove=1 (elapsed 15.0493s)
[ITER 50] bestGlobalCost=33498.90 (feasible=YES) bestThisIter=33526.26 feasibleAnts=12 noImprove=11 (elapsed 18.4856s)
[ITER 60] bestGlobalCost=33498.90 (feasible=YES) bestThisIter=33638.63 feasibleAnts=10 noImprove=21 (elapsed 22.7855s)
[ITER 67] New best cost=33495.91 (feasible=YES, time 25.0944s)
[ITER 70] bestGlobalCost=33495.91 (feasible=YES) bestThisIter=33498.90 feasibleAnts=18 noImprove=3 (elapsed 26.5108s)
[ITER 80] bestGlobalCost=33495.91 (feasible=YES) bestThisIter=33519.53 feasibleAnts=12 noImprove=13 (elapsed 31.4375s)
[ITER 90] bestGlobalCost=33495.91 (feasible=YES) bestThisIter=33582.87 feasibleAnts=11 noImprove=23 (elapsed 36.2478s)
[ITER 100] bestGlobalCost=33495.91 (feasible=YES) bestThisIter=33564.82 feasibleAnts=10 noImprove=33 (elapsed 41.5077s)
[ITER 110] bestGlobalCost=33495.91 (feasible=YES) bestThisIter=33551.47 feasibleAnts=11 noImprove=43 (elapsed 46.5918s)
[RESET] no improvement for50-> reset pheromones
[ITER 120] bestGlobalCost=33495.91 (feasible=YES) bestThisIter=33519.53 feasibleAnts=19 noImprove=3 (elapsed 51.2224s)
[ITER 130] bestGlobalCost=33495.91 (feasible=YES) bestThisIter=33644.28 feasibleAnts=12 noImprove=13 (elapsed 56.5189s)
[ITER 140] bestGlobalCost=33495.91 (feasible=YES) bestThisIter=33515.05 feasibleAnts=10 noImprove=23 (elapsed 61.2516s)
[ITER 150] bestGlobalCost=33495.91 (feasible=YES) bestThisIter=33519.53 feasibleAnts=10 noImprove=33 (elapsed 66.1461s)
[ITER 160] bestGlobalCost=33495.91 (feasible=YES) bestThisIter=33628.35 feasibleAnts=10 noImprove=43 (elapsed 71.4808s)
[RESET] no improvement for50-> reset pheromones
[ITER 170] bestGlobalCost=33495.91 (feasible=YES) bestThisIter=33541.71 feasibleAnts=19 noImprove=3 (elapsed 76.4619s)
[ITER 180] bestGlobalCost=33495.91 (feasible=YES) bestThisIter=33564.82 feasibleAnts=12 noImprove=13 (elapsed 82.0421s)
[ITER 190] bestGlobalCost=33495.91 (feasible=YES) bestThisIter=33515.05 feasibleAnts=10 noImprove=23 (elapsed 87.2755s)
[ITER 200] bestGlobalCost=33495.91 (feasible=YES) bestThisIter=33612.93 feasibleAnts=10 noImprove=33 (elapsed 92.7598s)
[ITER 210] bestGlobalCost=33495.91 (feasible=YES) bestThisIter=33519.53 feasibleAnts=10 noImprove=43 (elapsed 98.0855s)
[RESET] no improvement for50-> reset pheromones
[ITER 220] bestGlobalCost=33495.91 (feasible=YES) bestThisIter=33584.10 feasibleAnts=15 noImprove=3 (elapsed 103.821s)
[ITER 230] bestGlobalCost=33495.91 (feasible=YES) bestThisIter=33551.47 feasibleAnts=14 noImprove=13 (elapsed 109.27s)
[ITER 240] bestGlobalCost=33495.91 (feasible=YES) bestThisIter=33528.87 feasibleAnts=10 noImprove=23 (elapsed 114.485s)
[ITER 250] bestGlobalCost=33495.91 (feasible=YES) bestThisIter=33543.52 feasibleAnts=11 noImprove=33 (elapsed 119.339s)
[ITER 260] bestGlobalCost=33495.91 (feasible=YES) bestThisIter=33605.11 feasibleAnts=12 noImprove=43 (elapsed 124.622s)
[RESET] no improvement for50-> reset pheromones
[ITER 270] bestGlobalCost=33495.91 (feasible=YES) bestThisIter=33683.67 feasibleAnts=12 noImprove=3 (elapsed 129.855s)
[ITER 280] bestGlobalCost=33495.91 (feasible=YES) bestThisIter=33519.53 feasibleAnts=10 noImprove=13 (elapsed 134.485s)
[ITER 290] bestGlobalCost=33495.91 (feasible=YES) bestThisIter=33634.54 feasibleAnts=10 noImprove=23 (elapsed 139.863s)
[ITER 300] bestGlobalCost=33495.91 (feasible=YES) bestThisIter=33602.27 feasibleAnts=10 noImprove=33 (elapsed 145.255s)
[ITER 310] bestGlobalCost=33495.91 (feasible=YES) bestThisIter=33519.53 feasibleAnts=10 noImprove=43 (elapsed 150.429s)
[RESET] no improvement for50-> reset pheromones
[ITER 320] bestGlobalCost=33495.91 (feasible=YES) bestThisIter=33519.53 feasibleAnts=18 noImprove=3 (elapsed 155.18s)
[ITER 330] bestGlobalCost=33495.91 (feasible=YES) bestThisIter=33515.05 feasibleAnts=14 noImprove=13 (elapsed 160.312s)
[ITER 340] bestGlobalCost=33495.91 (feasible=YES) bestThisIter=33564.82 feasibleAnts=10 noImprove=23 (elapsed 164.626s)
[ITER 350] bestGlobalCost=33495.91 (feasible=YES) bestThisIter=33519.53 feasibleAnts=10 noImprove=33 (elapsed 170.331s)
[ITER 360] bestGlobalCost=33495.91 (feasible=YES) bestThisIter=33588.32 feasibleAnts=10 noImprove=43 (elapsed 175.01s)
[RESET] no improvement for50-> reset pheromones
[ITER 370] bestGlobalCost=33495.91 (feasible=YES) bestThisIter=33606.49 feasibleAnts=14 noImprove=3 (elapsed 180.213s)
[ITER 380] bestGlobalCost=33495.91 (feasible=YES) bestThisIter=33519.53 feasibleAnts=11 noImprove=13 (elapsed 185.574s)
[ITER 390] bestGlobalCost=33495.91 (feasible=YES) bestThisIter=33519.53 feasibleAnts=11 noImprove=23 (elapsed 190.579s)
[ITER 400] bestGlobalCost=33495.91 (feasible=YES) bestThisIter=33519.53 feasibleAnts=10 noImprove=33 (elapsed 195.372s)
[ITER 410] bestGlobalCost=33495.91 (feasible=YES) bestThisIter=33543.44 feasibleAnts=11 noImprove=43 (elapsed 200.337s)
[RESET] no improvement for50-> reset pheromones
[ITER 420] bestGlobalCost=33495.91 (feasible=YES) bestThisIter=33560.50 feasibleAnts=17 noImprove=3 (elapsed 205.462s)
[ITER 430] bestGlobalCost=33495.91 (feasible=YES) bestThisIter=33519.53 feasibleAnts=12 noImprove=13 (elapsed 210.928s)
[ITER 440] bestGlobalCost=33495.91 (feasible=YES) bestThisIter=33519.53 feasibleAnts=10 noImprove=23 (elapsed 216.287s)
[ITER 450] bestGlobalCost=33495.91 (feasible=YES) bestThisIter=33519.53 feasibleAnts=11 noImprove=33 (elapsed 221.202s)
[ITER 460] bestGlobalCost=33495.91 (feasible=YES) bestThisIter=33515.05 feasibleAnts=10 noImprove=43 (elapsed 226.49s)
[RESET] no improvement for50-> reset pheromones
[ITER 470] bestGlobalCost=33495.91 (feasible=YES) bestThisIter=33526.26 feasibleAnts=13 noImprove=3 (elapsed 232.015s)
[ITER 480] bestGlobalCost=33495.91 (feasible=YES) bestThisIter=33553.13 feasibleAnts=13 noImprove=13 (elapsed 237.667s)
[ITER 490] bestGlobalCost=33495.91 (feasible=YES) bestThisIter=33519.53 feasibleAnts=10 noImprove=23 (elapsed 243.152s)
[ITER 500] bestGlobalCost=33495.91 (feasible=YES) bestThisIter=33537.10 feasibleAnts=10 noImprove=33 (elapsed 248.445s)
[ITER 510] bestGlobalCost=33495.91 (feasible=YES) bestThisIter=33498.90 feasibleAnts=10 noImprove=43 (elapsed 253.754s)
[RESET] no improvement for50-> reset pheromones
[ITER 520] bestGlobalCost=33495.91 (feasible=YES) bestThisIter=33725.49 feasibleAnts=11 noImprove=3 (elapsed 258.863s)
[ITER 530] bestGlobalCost=33495.91 (feasible=YES) bestThisIter=33498.90 feasibleAnts=12 noImprove=13 (elapsed 263.635s)
[ITER 540] bestGlobalCost=33495.91 (feasible=YES) bestThisIter=33539.79 feasibleAnts=11 noImprove=23 (elapsed 268.664s)
[ITER 550] bestGlobalCost=33495.91 (feasible=YES) bestThisIter=33596.30 feasibleAnts=10 noImprove=33 (elapsed 274.141s)
[ITER 560] bestGlobalCost=33495.91 (feasible=YES) bestThisIter=33575.86 feasibleAnts=10 noImprove=43 (elapsed 279.551s)
[RESET] no improvement for50-> reset pheromones
[ITER 570] bestGlobalCost=33495.91 (feasible=YES) bestThisIter=33538.97 feasibleAnts=18 noImprove=3 (elapsed 284.607s)
[ITER 580] bestGlobalCost=33495.91 (feasible=YES) bestThisIter=33532.33 feasibleAnts=14 noImprove=13 (elapsed 290.149s)
[ITER 590] bestGlobalCost=33495.91 (feasible=YES) bestThisIter=33551.47 feasibleAnts=10 noImprove=23 (elapsed 294.932s)
[ITER 600] bestGlobalCost=33495.91 (feasible=YES) bestThisIter=33537.10 feasibleAnts=11 noImprove=33 (elapsed 298.989s)
134 136 141 143 145 148 149 150 151 152 153 154 155 172 174 175 176 177 178 179 180 181 182 183 184 185 186 187 188 189 190 191 192 193 194 195 196 197 198 199 200 201 202 
2 3 4 5 6 7 8 9 10 11 12 13 14 15 16 17 18 19 20 21 22 23 24 25 26 27 28 29 33 37 127 128 129 130 137 138 140 142 144 146 147 
77 78 79 80 81 82 83 86 87 88 89 90 91 94 98 114 115 116 117 133 135 156 157 158 159 160 161 162 163 164 165 166 167 168 169 170 171 173 
36 38 39 42 43 44 45 46 47 50 92 93 95 96 97 99 100 101 102 103 104 105 106 107 108 109 110 111 112 113 118 119 120 121 122 123 124 125 126 131 132 139 
1 30 31 32 34 35 40 41 48 49 51 52 53 54 55 56 57 58 59 60 61 62 63 64 65 66 67 68 69 70 71 72 73 74 75 76 84 85 
[SAVELOGS] evolution saved to results/logs/aco_logs/evolution/gr202_05_4.txt
[SAVELOGS] best cost saved to results/logs/aco_logs/objectives/gr202_05_4.txt
[SAVELOGS] best solution saved to results/logs/aco_logs/solutions/gr202_05_4.txt
