[ITER 1] New best cost=33810.67 (feasible=YES, time 0.417056s)
[ITER 2] New best cost=33787.32 (feasible=YES, time 0.768206s)
[ITER 3] New best cost=33759.88 (feasible=YES, time 1.12481s)
[ITER 4] New best cost=33757.17 (feasible=YES, time 1.50217s)
[ITER 5] New best cost=33704.62 (feasible=YES, time 1.75764s)
[ITER 6] New best cost=33691.35 (feasible=YES, time 2.17641s)
[ITER 10] bestGlobalCost=33691.35 (feasible=YES) bestThisIter=33691.35 feasibleAnts=29 noImprove=4 (elapsed 3.86107s)
[ITER 12] New best cost=33666.37 (feasible=YES, time 4.39946s)
[ITER 15] New best cost=33655.45 (feasible=YES, time 5.04614s)
[ITER 20] bestGlobalCost=33655.45 (feasible=YES) bestThisIter=33655.45 feasibleAnts=26 noImprove=5 (elapsed 7.06428s)
[ITER 29] New best cost=33592.56 (feasible=YES, time 10.2248s)
[ITER 30] bestGlobalCost=33592.56 (feasible=YES) bestThisIter=33655.45 feasibleAnts=26 noImprove=1 (elapsed 11.2105s)
[ITER 33] New best cost=33526.26 (feasible=YES, time 11.9136s)
[ITER 40] bestGlobalCost=33526.26 (feasible=YES) bestThisIter=33774.53 feasibleAnts=10 noImprove=7 (elapsed 14.7777s)
[ITER 50] bestGlobalCost=33526.26 (feasible=YES) bestThisIter=33679.25 feasibleAnts=10 noImprove=17 (elapsed 18.4599s)
[ITER 60] bestGlobalCost=33526.26 (feasible=YES) bestThisIter=33615.36 feasibleAnts=10 noImprove=27 (elapsed 22.2231s)
[ITER 64] New best cost=33510.25 (feasible=YES, time 23.6684s)
[ITER 66] New best cost=33498.90 (feasible=YES, time 24.1556s)
[ITER 70] bestGlobalCost=33498.90 (feasible=YES) bestThisIter=33526.26 feasibleAnts=12 noImprove=4 (elapsed 25.7849s)
[ITER 80] bestGlobalCost=33498.90 (feasible=YES) bestThisIter=33515.05 feasibleAnts=10 noImprove=14 (elapsed 29.1611s)
[ITER 90] bestGlobalCost=33498.90 (feasible=YES) bestThisIter=33526.26 feasibleAnts=10 noImprove=24 (elapsed 33.0608s)
[ITER 100] bestGlobalCost=33498.90 (feasible=YES) bestThisIter=33644.12 feasibleAnts=10 noImprove=34 (elapsed 37.0584s)
[ITER 110] bestGlobalCost=33498.90 (feasible=YES) bestThisIter=33612.65 feasibleAnts=10 noImprove=44 (elapsed 41.2282s)
[RESET] no improvement for50-> reset pheromones
[ITER 120] bestGlobalCost=33498.90 (feasible=YES) bestThisIter=33638.69 feasibleAnts=15 noImprove=4 (elapsed 45.0599s)
[ITER 130] bestGlobalCost=33498.90 (feasible=YES) bestThisIter=33644.29 feasibleAnts=13 noImprove=14 (elapsed 48.4877s)
[ITER 140] bestGlobalCost=33498.90 (feasible=YES) bestThisIter=33526.26 feasibleAnts=10 noImprove=24 (elapsed 52.4243s)
[ITER 150] bestGlobalCost=33498.90 (feasible=YES) bestThisIter=33581.37 feasibleAnts=12 noImprove=34 (elapsed 56.3951s)
[ITER 160] bestGlobalCost=33498.90 (feasible=YES) bestThisIter=33614.30 feasibleAnts=11 noImprove=44 (elapsed 60.7967s)
[RESET] no improvement for50-> reset pheromones
[ITER 170] bestGlobalCost=33498.90 (feasible=YES) bestThisIter=33565.17 feasibleAnts=17 noImprove=4 (elapsed 64.8455s)
[ITER 180] bestGlobalCost=33498.90 (feasible=YES) bestThisIter=33685.28 feasibleAnts=12 noImprove=14 (elapsed 68.3466s)
[ITER 190] bestGlobalCost=33498.90 (feasible=YES) bestThisIter=33570.17 feasibleAnts=10 noImprove=24 (elapsed 72.3299s)
[ITER 194] New best cost=33495.91 (feasible=YES, time 73.8273s)
[ITER 200] bestGlobalCost=33495.91 (feasible=YES) bestThisIter=33498.90 feasibleAnts=16 noImprove=6 (elapsed 76.4381s)
[ITER 210] bestGlobalCost=33495.91 (feasible=YES) bestThisIter=33528.87 feasibleAnts=10 noImprove=16 (elapsed 81.3766s)
[ITER 220] bestGlobalCost=33495.91 (feasible=YES) bestThisIter=33515.05 feasibleAnts=10 noImprove=26 (elapsed 86.4211s)
[ITER 230] bestGlobalCost=33495.91 (feasible=YES) bestThisIter=33519.53 feasibleAnts=10 noImprove=36 (elapsed 91.7946s)
[ITER 240] bestGlobalCost=33495.91 (feasible=YES) bestThisIter=33563.92 feasibleAnts=11 noImprove=46 (elapsed 96.1318s)
[RESET] no improvement for50-> reset pheromones
[ITER 250] bestGlobalCost=33495.91 (feasible=YES) bestThisIter=33581.32 feasibleAnts=11 noImprove=6 (elapsed 101.301s)
[ITER 260] bestGlobalCost=33495.91 (feasible=YES) bestThisIter=33611.33 feasibleAnts=11 noImprove=16 (elapsed 106.199s)
[ITER 270] bestGlobalCost=33495.91 (feasible=YES) bestThisIter=33564.82 feasibleAnts=10 noImprove=26 (elapsed 111.438s)
[ITER 280] bestGlobalCost=33495.91 (feasible=YES) bestThisIter=33519.53 feasibleAnts=10 noImprove=36 (elapsed 116.528s)
[ITER 290] bestGlobalCost=33495.91 (feasible=YES) bestThisIter=33519.53 feasibleAnts=10 noImprove=46 (elapsed 121.229s)
[RESET] no improvement for50-> reset pheromones
[ITER 300] bestGlobalCost=33495.91 (feasible=YES) bestThisIter=33538.91 feasibleAnts=11 noImprove=6 (elapsed 126.246s)
[ITER 310] bestGlobalCost=33495.91 (feasible=YES) bestThisIter=33587.36 feasibleAnts=10 noImprove=16 (elapsed 131.415s)
[ITER 311] New best cost=33493.54 (feasible=YES, time 132.101s)
[ITER 320] bestGlobalCost=33493.54 (feasible=YES) bestThisIter=33563.83 feasibleAnts=12 noImprove=9 (elapsed 136.35s)
[ITER 330] bestGlobalCost=33493.54 (feasible=YES) bestThisIter=33539.79 feasibleAnts=11 noImprove=19 (elapsed 140.412s)
[ITER 340] bestGlobalCost=33493.54 (feasible=YES) bestThisIter=33498.90 feasibleAnts=12 noImprove=29 (elapsed 144.529s)
[ITER 350] bestGlobalCost=33493.54 (feasible=YES) bestThisIter=33629.26 feasibleAnts=10 noImprove=39 (elapsed 148.478s)
[ITER 360] bestGlobalCost=33493.54 (feasible=YES) bestThisIter=33641.90 feasibleAnts=10 noImprove=49 (elapsed 153.083s)
[RESET] no improvement for50-> reset pheromones
[ITER 370] bestGlobalCost=33493.54 (feasible=YES) bestThisIter=33515.05 feasibleAnts=10 noImprove=9 (elapsed 157.235s)
[ITER 380] bestGlobalCost=33493.54 (feasible=YES) bestThisIter=33577.22 feasibleAnts=10 noImprove=19 (elapsed 161.568s)
[ITER 390] bestGlobalCost=33493.54 (feasible=YES) bestThisIter=33586.14 feasibleAnts=10 noImprove=29 (elapsed 166.147s)
[ITER 400] bestGlobalCost=33493.54 (feasible=YES) bestThisIter=33526.26 feasibleAnts=10 noImprove=39 (elapsed 170.199s)
[ITER 410] bestGlobalCost=33493.54 (feasible=YES) bestThisIter=33541.78 feasibleAnts=10 noImprove=49 (elapsed 174.236s)
[RESET] no improvement for50-> reset pheromones
[ITER 420] bestGlobalCost=33493.54 (feasible=YES) bestThisIter=33607.89 feasibleAnts=18 noImprove=9 (elapsed 178.124s)
[ITER 430] bestGlobalCost=33493.54 (feasible=YES) bestThisIter=33636.05 feasibleAnts=10 noImprove=19 (elapsed 182.078s)
[ITER 440] bestGlobalCost=33493.54 (feasible=YES) bestThisIter=33617.71 feasibleAnts=10 noImprove=29 (elapsed 186.034s)
[ITER 450] bestGlobalCost=33493.54 (feasible=YES) bestThisIter=33551.47 feasibleAnts=10 noImprove=39 (elapsed 190.125s)
[ITER 460] bestGlobalCost=33493.54 (feasible=YES) bestThisIter=33569.32 feasibleAnts=11 noImprove=49 (elapsed 194.474s)
[RESET] no improvement for50-> reset pheromones
[ITER 470] bestGlobalCost=33493.54 (feasible=YES) bestThisIter=33508.57 feasibleAnts=16 noImprove=9 (elapsed 198.482s)
[ITER 480] bestGlobalCost=33493.54 (feasible=YES) bestThisIter=33610.00 feasibleAnts=12 noImprove=19 (elapsed 202.511s)
[ITER 490] bestGlobalCost=33493.54 (feasible=YES) bestThisIter=33498.90 feasibleAnts=11 noImprove=29 (elapsed 206.926s)
[ITER 500] bestGlobalCost=33493.54 (feasible=YES) bestThisIter=33599.20 feasibleAnts=10 noImprove=39 (elapsed 211.511s)
[ITER 510] bestGlobalCost=33493.54 (feasible=YES) bestThisIter=33564.10 feasibleAnts=10 noImprove=49 (elapsed 215.832s)
[RESET] no improvement for50-> reset pheromones
[ITER 520] bestGlobalCost=33493.54 (feasible=YES) bestThisIter=33607.89 feasibleAnts=19 noImprove=9 (elapsed 219.701s)
[ITER 530] bestGlobalCost=33493.54 (feasible=YES) bestThisIter=33596.97 feasibleAnts=10 noImprove=19 (elapsed 223.876s)
[ITER 540] bestGlobalCost=33493.54 (feasible=YES) bestThisIter=33608.33 feasibleAnts=10 noImprove=29 (elapsed 227.741s)
[ITER 550] bestGlobalCost=33493.54 (feasible=YES) bestThisIter=33627.19 feasibleAnts=12 noImprove=39 (elapsed 232.636s)
[ITER 560] bestGlobalCost=33493.54 (feasible=YES) bestThisIter=33650.84 feasibleAnts=10 noImprove=49 (elapsed 237.481s)
[RESET] no improvement for50-> reset pheromones
[ITER 570] bestGlobalCost=33493.54 (feasible=YES) bestThisIter=33636.36 feasibleAnts=16 noImprove=9 (elapsed 241.174s)
[ITER 580] bestGlobalCost=33493.54 (feasible=YES) bestThisIter=33577.22 feasibleAnts=10 noImprove=19 (elapsed 244.874s)
[ITER 590] bestGlobalCost=33493.54 (feasible=YES) bestThisIter=33648.25 feasibleAnts=11 noImprove=29 (elapsed 249.176s)
[ITER 600] bestGlobalCost=33493.54 (feasible=YES) bestThisIter=33632.49 feasibleAnts=10 noImprove=39 (elapsed 253.584s)
[ITER 610] bestGlobalCost=33493.54 (feasible=YES) bestThisIter=33664.91 feasibleAnts=10 noImprove=49 (elapsed 258.252s)
[RESET] no improvement for50-> reset pheromones
[ITER 620] bestGlobalCost=33493.54 (feasible=YES) bestThisIter=33508.57 feasibleAnts=16 noImprove=9 (elapsed 261.949s)
[ITER 630] bestGlobalCost=33493.54 (feasible=YES) bestThisIter=33561.22 feasibleAnts=10 noImprove=19 (elapsed 265.452s)
[ITER 640] bestGlobalCost=33493.54 (feasible=YES) bestThisIter=33578.16 feasibleAnts=10 noImprove=29 (elapsed 269.664s)
[ITER 650] bestGlobalCost=33493.54 (feasible=YES) bestThisIter=33558.44 feasibleAnts=10 noImprove=39 (elapsed 273.999s)
[ITER 660] bestGlobalCost=33493.54 (feasible=YES) bestThisIter=33577.67 feasibleAnts=10 noImprove=49 (elapsed 278.63s)
[RESET] no improvement for50-> reset pheromones
[ITER 670] bestGlobalCost=33493.54 (feasible=YES) bestThisIter=33640.40 feasibleAnts=14 noImprove=9 (elapsed 282.728s)
[ITER 680] bestGlobalCost=33493.54 (feasible=YES) bestThisIter=33586.86 feasibleAnts=11 noImprove=19 (elapsed 286.93s)
[ITER 690] bestGlobalCost=33493.54 (feasible=YES) bestThisIter=33575.34 feasibleAnts=10 noImprove=29 (elapsed 291.139s)
[ITER 700] bestGlobalCost=33493.54 (feasible=YES) bestThisIter=33583.62 feasibleAnts=10 noImprove=39 (elapsed 295.172s)
[ITER 710] bestGlobalCost=33493.54 (feasible=YES) bestThisIter=33519.53 feasibleAnts=10 noImprove=49 (elapsed 299.407s)
[RESET] no improvement for50-> reset pheromones
2 3 4 5 6 7 8 9 10 11 12 13 14 15 16 17 18 19 20 21 22 23 24 25 26 27 28 29 33 37 39 127 128 137 138 139 142 143 144 146 147 
36 38 40 41 42 43 45 46 92 93 95 96 97 99 100 101 103 104 105 106 107 108 109 110 111 112 113 115 118 119 120 121 122 123 124 126 129 130 131 132 140 184 
1 30 31 32 34 35 44 47 48 49 50 51 52 53 54 55 56 57 58 59 60 61 62 63 64 65 66 67 68 69 70 71 72 73 74 75 76 84 85 
135 136 141 145 148 149 150 151 152 153 154 155 165 172 173 174 175 176 177 178 179 180 181 182 183 186 187 188 189 190 191 192 193 194 195 196 197 198 199 200 201 202 
77 78 79 80 81 82 83 86 87 88 89 90 91 94 98 102 114 116 117 125 133 134 156 157 158 159 160 161 162 163 164 166 167 168 169 170 171 185 
[SAVELOGS] evolution saved to results/logs/aco_logs/evolution/gr202_05_4.txt
[SAVELOGS] best cost saved to results/logs/aco_logs/objectives/gr202_05_4.txt
[SAVELOGS] best solution saved to results/logs/aco_logs/solutions/gr202_05_4.txt
