[ITER 1] New best cost=33653.04 (feasible=YES, time 0.481619s)
[ITER 2] New best cost=33570.47 (feasible=YES, time 0.836992s)
[ITER 4] New best cost=33539.79 (feasible=YES, time 1.47297s)
[ITER 9] New best cost=33498.90 (feasible=YES, time 4.84329s)
[ITER 10] bestGlobalCost=33498.90 (feasible=YES) bestThisIter=33539.79 feasibleAnts=29 noImprove=1 (elapsed 6.31244s)
[ITER 20] bestGlobalCost=33498.90 (feasible=YES) bestThisIter=33584.72 feasibleAnts=13 noImprove=11 (elapsed 9.91796s)
[ITER 30] bestGlobalCost=33498.90 (feasible=YES) bestThisIter=33565.57 feasibleAnts=11 noImprove=21 (elapsed 13.6861s)
[ITER 40] bestGlobalCost=33498.90 (feasible=YES) bestThisIter=33584.19 feasibleAnts=10 noImprove=31 (elapsed 17.3859s)
[ITER 50] bestGlobalCost=33498.90 (feasible=YES) bestThisIter=33645.99 feasibleAnts=10 noImprove=41 (elapsed 21.7662s)
[RESET] no improvement for50-> reset pheromones
[ITER 60] bestGlobalCost=33498.90 (feasible=YES) bestThisIter=33673.10 feasibleAnts=10 noImprove=1 (elapsed 26.1471s)
[ITER 70] bestGlobalCost=33498.90 (feasible=YES) bestThisIter=33573.56 feasibleAnts=11 noImprove=11 (elapsed 29.4321s)
[ITER 80] bestGlobalCost=33498.90 (feasible=YES) bestThisIter=33564.82 feasibleAnts=10 noImprove=21 (elapsed 33.3938s)
[ITER 90] bestGlobalCost=33498.90 (feasible=YES) bestThisIter=33599.20 feasibleAnts=10 noImprove=31 (elapsed 37.1077s)
[ITER 100] bestGlobalCost=33498.90 (feasible=YES) bestThisIter=33554.72 feasibleAnts=10 noImprove=41 (elapsed 40.883s)
[RESET] no improvement for50-> reset pheromones
[ITER 110] bestGlobalCost=33498.90 (feasible=YES) bestThisIter=33764.37 feasibleAnts=10 noImprove=1 (elapsed 45.4491s)
[ITER 120] bestGlobalCost=33498.90 (feasible=YES) bestThisIter=33597.06 feasibleAnts=12 noImprove=11 (elapsed 49.1558s)
[ITER 130] bestGlobalCost=33498.90 (feasible=YES) bestThisIter=33526.26 feasibleAnts=10 noImprove=21 (elapsed 52.8176s)
[ITER 140] bestGlobalCost=33498.90 (feasible=YES) bestThisIter=33692.78 feasibleAnts=10 noImprove=31 (elapsed 57.0493s)
[ITER 150] bestGlobalCost=33498.90 (feasible=YES) bestThisIter=33564.82 feasibleAnts=11 noImprove=41 (elapsed 61.9486s)
[RESET] no improvement for50-> reset pheromones
[ITER 160] bestGlobalCost=33498.90 (feasible=YES) bestThisIter=33868.35 feasibleAnts=10 noImprove=1 (elapsed 66.4775s)
[ITER 170] bestGlobalCost=33498.90 (feasible=YES) bestThisIter=33577.67 feasibleAnts=11 noImprove=11 (elapsed 70.1295s)
[ITER 180] bestGlobalCost=33498.90 (feasible=YES) bestThisIter=33557.54 feasibleAnts=11 noImprove=21 (elapsed 74.1962s)
[ITER 190] bestGlobalCost=33498.90 (feasible=YES) bestThisIter=33556.12 feasibleAnts=10 noImprove=31 (elapsed 78.0891s)
[ITER 200] bestGlobalCost=33498.90 (feasible=YES) bestThisIter=33564.82 feasibleAnts=10 noImprove=41 (elapsed 82.2953s)
[RESET] no improvement for50-> reset pheromones
[ITER 210] bestGlobalCost=33498.90 (feasible=YES) bestThisIter=33771.62 feasibleAnts=10 noImprove=1 (elapsed 86.9056s)
[ITER 220] bestGlobalCost=33498.90 (feasible=YES) bestThisIter=33568.71 feasibleAnts=10 noImprove=11 (elapsed 90.4854s)
[ITER 230] bestGlobalCost=33498.90 (feasible=YES) bestThisIter=33543.44 feasibleAnts=11 noImprove=21 (elapsed 94.5287s)
[ITER 240] bestGlobalCost=33498.90 (feasible=YES) bestThisIter=33542.46 feasibleAnts=11 noImprove=31 (elapsed 98.3128s)
[ITER 250] bestGlobalCost=33498.90 (feasible=YES) bestThisIter=33556.90 feasibleAnts=10 noImprove=41 (elapsed 102.065s)
[RESET] no improvement for50-> reset pheromones
[ITER 260] bestGlobalCost=33498.90 (feasible=YES) bestThisIter=33885.00 feasibleAnts=10 noImprove=1 (elapsed 106.301s)
[ITER 270] bestGlobalCost=33498.90 (feasible=YES) bestThisIter=33519.53 feasibleAnts=14 noImprove=11 (elapsed 109.736s)
[ITER 280] bestGlobalCost=33498.90 (feasible=YES) bestThisIter=33553.13 feasibleAnts=10 noImprove=21 (elapsed 113.469s)
[ITER 290] bestGlobalCost=33498.90 (feasible=YES) bestThisIter=33586.26 feasibleAnts=10 noImprove=31 (elapsed 117.129s)
[ITER 300] bestGlobalCost=33498.90 (feasible=YES) bestThisIter=33556.90 feasibleAnts=12 noImprove=41 (elapsed 121.26s)
[RESET] no improvement for50-> reset pheromones
[ITER 310] bestGlobalCost=33498.90 (feasible=YES) bestThisIter=33966.43 feasibleAnts=10 noImprove=1 (elapsed 125.692s)
[ITER 320] bestGlobalCost=33498.90 (feasible=YES) bestThisIter=33564.82 feasibleAnts=12 noImprove=11 (elapsed 129.142s)
[ITER 330] bestGlobalCost=33498.90 (feasible=YES) bestThisIter=33560.50 feasibleAnts=10 noImprove=21 (elapsed 133.185s)
[ITER 340] bestGlobalCost=33498.90 (feasible=YES) bestThisIter=33556.90 feasibleAnts=12 noImprove=31 (elapsed 137.073s)
[ITER 350] bestGlobalCost=33498.90 (feasible=YES) bestThisIter=33543.44 feasibleAnts=10 noImprove=41 (elapsed 141.466s)
[RESET] no improvement for50-> reset pheromones
[ITER 360] bestGlobalCost=33498.90 (feasible=YES) bestThisIter=33806.72 feasibleAnts=10 noImprove=1 (elapsed 145.488s)
[ITER 370] bestGlobalCost=33498.90 (feasible=YES) bestThisIter=33633.66 feasibleAnts=11 noImprove=11 (elapsed 149.152s)
[ITER 380] bestGlobalCost=33498.90 (feasible=YES) bestThisIter=33639.35 feasibleAnts=10 noImprove=21 (elapsed 153.237s)
[ITER 390] bestGlobalCost=33498.90 (feasible=YES) bestThisIter=33672.75 feasibleAnts=10 noImprove=31 (elapsed 157.411s)
[ITER 400] bestGlobalCost=33498.90 (feasible=YES) bestThisIter=33564.82 feasibleAnts=11 noImprove=41 (elapsed 161.725s)
[RESET] no improvement for50-> reset pheromones
[ITER 410] bestGlobalCost=33498.90 (feasible=YES) bestThisIter=33862.58 feasibleAnts=10 noImprove=1 (elapsed 166.496s)
[ITER 420] bestGlobalCost=33498.90 (feasible=YES) bestThisIter=33653.93 feasibleAnts=14 noImprove=11 (elapsed 170.529s)
[ITER 430] bestGlobalCost=33498.90 (feasible=YES) bestThisIter=33526.26 feasibleAnts=10 noImprove=21 (elapsed 174.236s)
[ITER 440] bestGlobalCost=33498.90 (feasible=YES) bestThisIter=33577.67 feasibleAnts=10 noImprove=31 (elapsed 177.896s)
[ITER 441] New best cost=33493.54 (feasible=YES, time 178.158s)
[ITER 450] bestGlobalCost=33493.54 (feasible=YES) bestThisIter=33682.22 feasibleAnts=12 noImprove=9 (elapsed 181.306s)
[ITER 460] bestGlobalCost=33493.54 (feasible=YES) bestThisIter=33557.54 feasibleAnts=10 noImprove=19 (elapsed 185.371s)
[ITER 470] bestGlobalCost=33493.54 (feasible=YES) bestThisIter=33566.04 feasibleAnts=11 noImprove=29 (elapsed 189.7s)
[ITER 480] bestGlobalCost=33493.54 (feasible=YES) bestThisIter=33611.83 feasibleAnts=10 noImprove=39 (elapsed 193.718s)
[ITER 490] bestGlobalCost=33493.54 (feasible=YES) bestThisIter=33640.20 feasibleAnts=10 noImprove=49 (elapsed 198.295s)
[RESET] no improvement for50-> reset pheromones
[ITER 500] bestGlobalCost=33493.54 (feasible=YES) bestThisIter=33579.56 feasibleAnts=14 noImprove=9 (elapsed 201.982s)
[ITER 510] bestGlobalCost=33493.54 (feasible=YES) bestThisIter=33627.19 feasibleAnts=10 noImprove=19 (elapsed 205.925s)
[ITER 520] bestGlobalCost=33493.54 (feasible=YES) bestThisIter=33551.31 feasibleAnts=10 noImprove=29 (elapsed 210.123s)
[ITER 530] bestGlobalCost=33493.54 (feasible=YES) bestThisIter=33563.83 feasibleAnts=12 noImprove=39 (elapsed 214.55s)
[ITER 540] bestGlobalCost=33493.54 (feasible=YES) bestThisIter=33588.14 feasibleAnts=10 noImprove=49 (elapsed 218.894s)
[RESET] no improvement for50-> reset pheromones
[ITER 550] bestGlobalCost=33493.54 (feasible=YES) bestThisIter=33669.78 feasibleAnts=15 noImprove=9 (elapsed 222.832s)
[ITER 560] bestGlobalCost=33493.54 (feasible=YES) bestThisIter=33635.89 feasibleAnts=10 noImprove=19 (elapsed 226.766s)
[ITER 570] bestGlobalCost=33493.54 (feasible=YES) bestThisIter=33618.98 feasibleAnts=10 noImprove=29 (elapsed 231.021s)
[ITER 580] bestGlobalCost=33493.54 (feasible=YES) bestThisIter=33601.06 feasibleAnts=10 noImprove=39 (elapsed 235.436s)
[ITER 590] bestGlobalCost=33493.54 (feasible=YES) bestThisIter=33601.46 feasibleAnts=11 noImprove=49 (elapsed 240.038s)
[RESET] no improvement for50-> reset pheromones
[ITER 600] bestGlobalCost=33493.54 (feasible=YES) bestThisIter=33617.71 feasibleAnts=16 noImprove=9 (elapsed 244.121s)
[ITER 610] bestGlobalCost=33493.54 (feasible=YES) bestThisIter=33642.52 feasibleAnts=11 noImprove=19 (elapsed 247.821s)
[ITER 620] bestGlobalCost=33493.54 (feasible=YES) bestThisIter=33548.20 feasibleAnts=10 noImprove=29 (elapsed 251.734s)
[ITER 630] bestGlobalCost=33493.54 (feasible=YES) bestThisIter=33588.35 feasibleAnts=10 noImprove=39 (elapsed 256.139s)
[ITER 640] bestGlobalCost=33493.54 (feasible=YES) bestThisIter=33706.92 feasibleAnts=10 noImprove=49 (elapsed 259.983s)
[RESET] no improvement for50-> reset pheromones
[ITER 650] bestGlobalCost=33493.54 (feasible=YES) bestThisIter=33498.90 feasibleAnts=14 noImprove=9 (elapsed 263.811s)
[ITER 660] bestGlobalCost=33493.54 (feasible=YES) bestThisIter=33508.57 feasibleAnts=10 noImprove=19 (elapsed 267.885s)
[ITER 670] bestGlobalCost=33493.54 (feasible=YES) bestThisIter=33589.40 feasibleAnts=11 noImprove=29 (elapsed 271.778s)
[ITER 680] bestGlobalCost=33493.54 (feasible=YES) bestThisIter=33637.93 feasibleAnts=11 noImprove=39 (elapsed 276.053s)
[ITER 690] bestGlobalCost=33493.54 (feasible=YES) bestThisIter=33526.26 feasibleAnts=10 noImprove=49 (elapsed 280.696s)
[RESET] no improvement for50-> reset pheromones
[ITER 700] bestGlobalCost=33493.54 (feasible=YES) bestThisIter=33615.47 feasibleAnts=18 noImprove=9 (elapsed 284.778s)
[ITER 710] bestGlobalCost=33493.54 (feasible=YES) bestThisIter=33596.97 feasibleAnts=10 noImprove=19 (elapsed 288.755s)
[ITER 720] bestGlobalCost=33493.54 (feasible=YES) bestThisIter=33607.89 feasibleAnts=11 noImprove=29 (elapsed 293.268s)
[ITER 730] bestGlobalCost=33493.54 (feasible=YES) bestThisIter=33553.13 feasibleAnts=10 noImprove=39 (elapsed 297.46s)
135 136 141 145 148 149 150 151 152 153 154 155 165 172 173 174 175 176 177 178 179 180 181 182 183 186 187 188 189 190 191 192 193 194 195 196 197 198 199 200 201 202 
2 3 4 5 6 7 8 9 10 11 12 13 14 15 16 17 18 19 20 21 22 23 24 25 26 27 28 29 33 37 39 127 128 137 138 139 142 143 144 146 147 
1 30 31 32 34 35 44 47 48 49 50 51 52 53 54 55 56 57 58 59 60 61 62 63 64 65 66 67 68 69 70 71 72 73 74 75 76 84 85 
36 38 40 41 42 43 45 46 92 93 95 96 97 99 100 101 103 104 105 106 107 108 109 110 111 112 113 115 118 119 120 121 122 123 124 126 129 130 131 132 140 184 
77 78 79 80 81 82 83 86 87 88 89 90 91 94 98 102 114 116 117 125 133 134 156 157 158 159 160 161 162 163 164 166 167 168 169 170 171 185 
[SAVELOGS] evolution saved to results/logs/aco_logs/evolution/gr202_05_4.txt
[SAVELOGS] best cost saved to results/logs/aco_logs/objectives/gr202_05_4.txt
[SAVELOGS] best solution saved to results/logs/aco_logs/solutions/gr202_05_4.txt
