[ITER 1] New best cost=838263.73 (feasible=YES, time 0.13032s)
[ITER 2] New best cost=836842.90 (feasible=YES, time 0.199766s)
[ITER 3] New best cost=827147.72 (feasible=YES, time 0.260626s)
[ITER 4] New best cost=811457.76 (feasible=YES, time 0.320264s)
[ITER 6] New best cost=796612.58 (feasible=YES, time 0.445163s)
[ITER 10] bestGlobalCost=796612.58 (feasible=YES) bestThisIter=801554.01 feasibleAnts=10 noImprove=4 (elapsed 0.728397s)
[ITER 13] New best cost=791325.57 (feasible=YES, time 0.936267s)
[ITER 20] bestGlobalCost=791325.57 (feasible=YES) bestThisIter=791325.57 feasibleAnts=10 noImprove=7 (elapsed 4.35896s)
[ITER 30] bestGlobalCost=791325.57 (feasible=YES) bestThisIter=791325.57 feasibleAnts=10 noImprove=17 (elapsed 8.29948s)
[ITER 40] bestGlobalCost=791325.57 (feasible=YES) bestThisIter=797623.85 feasibleAnts=10 noImprove=27 (elapsed 8.96444s)
[RESET] no improvement for30-> reset pheromones
[ITER 50] bestGlobalCost=791325.57 (feasible=YES) bestThisIter=821387.36 feasibleAnts=10 noImprove=7 (elapsed 12.7675s)
[ITER 60] New best cost=790020.62 (feasible=YES, time 15.5202s)
[ITER 60] bestGlobalCost=790020.62 (feasible=YES) bestThisIter=802674.10 feasibleAnts=10 noImprove=0 (elapsed 16.6298s)
[ITER 70] bestGlobalCost=790020.62 (feasible=YES) bestThisIter=790020.62 feasibleAnts=10 noImprove=10 (elapsed 17.2737s)
[ITER 80] bestGlobalCost=790020.62 (feasible=YES) bestThisIter=803858.96 feasibleAnts=10 noImprove=20 (elapsed 20.9718s)
[ITER 90] bestGlobalCost=790020.62 (feasible=YES) bestThisIter=807728.55 feasibleAnts=10 noImprove=30 (elapsed 24.8291s)
[RESET] no improvement for30-> reset pheromones
[ITER 100] bestGlobalCost=790020.62 (feasible=YES) bestThisIter=830650.12 feasibleAnts=10 noImprove=10 (elapsed 25.6884s)
[ITER 110] bestGlobalCost=790020.62 (feasible=YES) bestThisIter=800300.62 feasibleAnts=10 noImprove=20 (elapsed 29.6829s)
[ITER 120] bestGlobalCost=790020.62 (feasible=YES) bestThisIter=804450.71 feasibleAnts=10 noImprove=30 (elapsed 33.4094s)
[RESET] no improvement for30-> reset pheromones
[ITER 130] bestGlobalCost=790020.62 (feasible=YES) bestThisIter=804685.44 feasibleAnts=10 noImprove=10 (elapsed 34.1932s)
[ITER 140] bestGlobalCost=790020.62 (feasible=YES) bestThisIter=814912.89 feasibleAnts=10 noImprove=20 (elapsed 38.0851s)
[ITER 150] bestGlobalCost=790020.62 (feasible=YES) bestThisIter=802009.05 feasibleAnts=10 noImprove=30 (elapsed 43.0731s)
[RESET] no improvement for30-> reset pheromones
[ITER 160] bestGlobalCost=790020.62 (feasible=YES) bestThisIter=827551.17 feasibleAnts=10 noImprove=10 (elapsed 44.0317s)
[ITER 170] bestGlobalCost=790020.62 (feasible=YES) bestThisIter=804355.73 feasibleAnts=10 noImprove=20 (elapsed 48.3454s)
[ITER 180] bestGlobalCost=790020.62 (feasible=YES) bestThisIter=804976.80 feasibleAnts=10 noImprove=30 (elapsed 52.6964s)
[RESET] no improvement for30-> reset pheromones
[ITER 190] bestGlobalCost=790020.62 (feasible=YES) bestThisIter=812386.41 feasibleAnts=10 noImprove=10 (elapsed 53.8886s)
[ITER 200] bestGlobalCost=790020.62 (feasible=YES) bestThisIter=796125.87 feasibleAnts=10 noImprove=20 (elapsed 57.8775s)
[ITER 210] bestGlobalCost=790020.62 (feasible=YES) bestThisIter=823007.23 feasibleAnts=10 noImprove=30 (elapsed 62.2312s)
[RESET] no improvement for30-> reset pheromones
3 7 10 13 16 50 114 115 120 
4 8 17 18 19 20 21 22 23 72 
67 68 70 71 73 74 76 110 
45 46 47 48 49 53 94 111 118 
58 59 60 61 62 91 100 116 
12 14 27 30 31 34 38 39 41 42 43 
64 65 89 92 99 104 113 125 
69 85 86 87 88 96 109 119 
93 95 103 107 112 127 
32 63 82 83 98 101 102 
1 6 9 11 15 24 105 106 108 
5 52 55 56 66 90 121 124 
75 77 78 79 80 81 84 117 126 
25 26 28 29 33 97 122 123 
2 35 36 37 40 44 51 54 57 
[SAVELOGS] evolution saved to results/logs/bier127_15_2/evolution/bier127_15_2
[SAVELOGS] best cost saved to results/logs/bier127_15_2/objectives/bier127_15_2
[SAVELOGS] best solution saved to results/logs/bier127_15_2/solutions/bier127_15_2
