[ITER 1] New best cost=840744.62 (feasible=YES, time 0.11069s)
[ITER 2] New best cost=834675.45 (feasible=YES, time 0.187825s)
[ITER 3] New best cost=828203.28 (feasible=YES, time 0.258765s)
[ITER 4] New best cost=798629.79 (feasible=YES, time 0.327045s)
[ITER 5] New best cost=796586.56 (feasible=YES, time 0.391514s)
[ITER 9] New best cost=794507.69 (feasible=YES, time 0.582646s)
[ITER 10] bestGlobalCost=794507.69 (feasible=YES) bestThisIter=796125.87 feasibleAnts=11 noImprove=1 (elapsed 0.650933s)
[ITER 14] New best cost=790020.62 (feasible=YES, time 0.818269s)
[ITER 20] bestGlobalCost=790020.62 (feasible=YES) bestThisIter=790020.62 feasibleAnts=11 noImprove=6 (elapsed 4.15223s)
[ITER 30] bestGlobalCost=790020.62 (feasible=YES) bestThisIter=812801.14 feasibleAnts=10 noImprove=16 (elapsed 7.87843s)
[ITER 40] bestGlobalCost=790020.62 (feasible=YES) bestThisIter=824684.26 feasibleAnts=10 noImprove=26 (elapsed 8.53653s)
[RESET] no improvement for30-> reset pheromones
[ITER 50] bestGlobalCost=790020.62 (feasible=YES) bestThisIter=828752.40 feasibleAnts=10 noImprove=6 (elapsed 12.5245s)
[ITER 60] bestGlobalCost=790020.62 (feasible=YES) bestThisIter=809390.13 feasibleAnts=10 noImprove=16 (elapsed 16.3768s)
[ITER 70] bestGlobalCost=790020.62 (feasible=YES) bestThisIter=824703.44 feasibleAnts=10 noImprove=26 (elapsed 17.0599s)
[RESET] no improvement for30-> reset pheromones
[ITER 80] bestGlobalCost=790020.62 (feasible=YES) bestThisIter=815994.25 feasibleAnts=10 noImprove=6 (elapsed 21.0051s)
[ITER 90] bestGlobalCost=790020.62 (feasible=YES) bestThisIter=790020.62 feasibleAnts=10 noImprove=16 (elapsed 24.8262s)
[ITER 100] bestGlobalCost=790020.62 (feasible=YES) bestThisIter=811218.49 feasibleAnts=10 noImprove=26 (elapsed 25.5118s)
[RESET] no improvement for30-> reset pheromones
[ITER 110] bestGlobalCost=790020.62 (feasible=YES) bestThisIter=821189.59 feasibleAnts=10 noImprove=6 (elapsed 29.5681s)
[ITER 120] bestGlobalCost=790020.62 (feasible=YES) bestThisIter=795307.63 feasibleAnts=10 noImprove=16 (elapsed 33.3096s)
[ITER 130] bestGlobalCost=790020.62 (feasible=YES) bestThisIter=790020.62 feasibleAnts=10 noImprove=26 (elapsed 33.9608s)
[RESET] no improvement for30-> reset pheromones
[ITER 140] bestGlobalCost=790020.62 (feasible=YES) bestThisIter=807194.14 feasibleAnts=10 noImprove=6 (elapsed 38.1403s)
[ITER 150] bestGlobalCost=790020.62 (feasible=YES) bestThisIter=800258.20 feasibleAnts=10 noImprove=16 (elapsed 42.3562s)
[ITER 160] bestGlobalCost=790020.62 (feasible=YES) bestThisIter=808869.79 feasibleAnts=10 noImprove=26 (elapsed 43.0784s)
[RESET] no improvement for30-> reset pheromones
[ITER 170] bestGlobalCost=790020.62 (feasible=YES) bestThisIter=818015.71 feasibleAnts=10 noImprove=6 (elapsed 46.6298s)
[ITER 180] bestGlobalCost=790020.62 (feasible=YES) bestThisIter=790020.62 feasibleAnts=10 noImprove=16 (elapsed 50.74s)
[ITER 190] bestGlobalCost=790020.62 (feasible=YES) bestThisIter=807306.16 feasibleAnts=10 noImprove=26 (elapsed 51.4573s)
[RESET] no improvement for30-> reset pheromones
[ITER 200] bestGlobalCost=790020.62 (feasible=YES) bestThisIter=802515.79 feasibleAnts=10 noImprove=6 (elapsed 54.9682s)
[ITER 210] bestGlobalCost=790020.62 (feasible=YES) bestThisIter=794449.26 feasibleAnts=10 noImprove=16 (elapsed 59.156s)
[ITER 220] bestGlobalCost=790020.62 (feasible=YES) bestThisIter=798137.98 feasibleAnts=10 noImprove=26 (elapsed 59.818s)
32 63 82 83 98 101 102 
12 14 27 30 31 34 38 39 41 42 43 
45 46 47 48 49 53 94 111 118 
64 65 89 92 99 104 113 125 
4 8 17 18 19 20 21 22 23 72 
1 6 9 11 15 24 105 106 108 
58 59 60 61 62 91 100 116 
5 52 55 56 66 90 121 124 
2 35 36 37 40 44 51 54 57 
69 85 86 87 88 96 109 119 
75 77 78 79 80 81 84 117 126 
67 68 70 71 73 74 76 110 
3 7 10 13 16 50 114 115 120 
93 95 103 107 112 127 
25 26 28 29 33 97 122 123 
[SAVELOGS] evolution saved to results/logs/bier127_15_2/evolution/bier127_15_2
[SAVELOGS] best cost saved to results/logs/bier127_15_2/objectives/bier127_15_2
[SAVELOGS] best solution saved to results/logs/bier127_15_2/solutions/bier127_15_2
