[ITER 1] New best cost=3232125.71 (feasible=YES, time 0.153626s)
[ITER 2] New best cost=3134369.75 (feasible=YES, time 0.227399s)
[ITER 3] New best cost=3084391.71 (feasible=YES, time 0.322974s)
[ITER 10] bestGlobalCost=3084391.71 (feasible=YES) bestThisIter=3100062.17 feasibleAnts=10 noImprove=7 (elapsed 1.19274s)
[ITER 12] New best cost=3062904.24 (feasible=YES, time 1.38161s)
[ITER 14] New best cost=3047658.55 (feasible=YES, time 1.69084s)
[ITER 20] bestGlobalCost=3047658.55 (feasible=YES) bestThisIter=3047658.55 feasibleAnts=13 noImprove=6 (elapsed 8.71546s)
[ITER 30] bestGlobalCost=3047658.55 (feasible=YES) bestThisIter=3047658.55 feasibleAnts=10 noImprove=16 (elapsed 15.8678s)
[ITER 40] bestGlobalCost=3047658.55 (feasible=YES) bestThisIter=3065520.41 feasibleAnts=10 noImprove=26 (elapsed 16.6641s)
[RESET] no improvement for30-> reset pheromones
[ITER 45] New best cost=3026012.25 (feasible=YES, time 22.3714s)
[ITER 50] bestGlobalCost=3026012.25 (feasible=YES) bestThisIter=3159497.55 feasibleAnts=10 noImprove=5 (elapsed 24.2087s)
[ITER 60] bestGlobalCost=3026012.25 (feasible=YES) bestThisIter=3026012.25 feasibleAnts=9 noImprove=15 (elapsed 31.8815s)
[ITER 70] bestGlobalCost=3026012.25 (feasible=YES) bestThisIter=3026012.25 feasibleAnts=10 noImprove=25 (elapsed 32.6728s)
[RESET] no improvement for30-> reset pheromones
[ITER 80] bestGlobalCost=3026012.25 (feasible=YES) bestThisIter=3085849.27 feasibleAnts=10 noImprove=5 (elapsed 40.2576s)
[ITER 90] bestGlobalCost=3026012.25 (feasible=YES) bestThisIter=3037127.49 feasibleAnts=10 noImprove=15 (elapsed 47.7265s)
[ITER 100] bestGlobalCost=3026012.25 (feasible=YES) bestThisIter=3077794.35 feasibleAnts=10 noImprove=25 (elapsed 48.4706s)
[RESET] no improvement for30-> reset pheromones
[ITER 110] bestGlobalCost=3026012.25 (feasible=YES) bestThisIter=3199417.49 feasibleAnts=10 noImprove=5 (elapsed 56.1279s)
[ITER 120] bestGlobalCost=3026012.25 (feasible=YES) bestThisIter=3026012.25 feasibleAnts=10 noImprove=15 (elapsed 63.5923s)
35 36 37 39 40 41 42 43 44 47 48 49 108 109 110 111 113 115 116 117 118 119 120 121 123 124 125 128 130 131 132 134 
1 2 3 4 5 6 7 8 9 10 12 126 127 129 139 141 144 145 146 147 148 150 151 152 153 154 155 156 157 158 159 
11 13 14 15 16 17 18 19 20 21 22 23 24 25 26 27 28 29 30 31 32 34 38 133 135 136 137 138 140 142 143 149 
75 77 78 83 84 85 86 87 88 89 90 91 92 93 94 95 96 97 98 99 100 101 102 103 104 105 106 107 112 114 122 
33 45 46 50 51 52 53 54 55 56 57 58 59 60 61 62 63 64 65 66 67 68 69 70 71 72 73 74 76 79 80 81 82 
[SAVELOGS] evolution saved to results/logs/u159_05_5/evolution/u159_05_5
[SAVELOGS] best cost saved to results/logs/u159_05_5/objectives/u159_05_5
[SAVELOGS] best solution saved to results/logs/u159_05_5/solutions/u159_05_5
