[ITER 1] New best cost=8024873.58 (feasible=NO, time 0.557674s)
[ITER 1] New best cost=8104312.79 (feasible=YES, time 0.571526s)
[ITER 3] New best cost=8059810.06 (feasible=YES, time 0.713228s)
[ITER 5] New best cost=8024209.56 (feasible=YES, time 1.72453s)
[ITER 6] New best cost=8008234.91 (feasible=YES, time 1.88279s)
[ITER 8] New best cost=8002810.69 (feasible=YES, time 2.12554s)
[ITER 9] New best cost=8002540.51 (feasible=YES, time 2.27367s)
[ITER 10] New best cost=7997066.66 (feasible=YES, time 3.01307s)
[ITER 10] bestGlobalCost=7997066.66 (feasible=YES) bestThisIter=8002540.51 feasibleAnts=9 noImprove=0 (elapsed 3.01733s)
[ITER 12] New best cost=7996489.02 (feasible=YES, time 3.21321s)
[ITER 17] New best cost=7996018.92 (feasible=YES, time 4.42937s)
[ITER 20] bestGlobalCost=7996018.92 (feasible=YES) bestThisIter=7996018.92 feasibleAnts=35 noImprove=3 (elapsed 5.28434s)
[ITER 28] New best cost=7986202.74 (feasible=YES, time 6.51501s)
[ITER 30] bestGlobalCost=7986202.74 (feasible=YES) bestThisIter=7996018.92 feasibleAnts=34 noImprove=2 (elapsed 7.26688s)
[ITER 40] bestGlobalCost=7986202.74 (feasible=YES) bestThisIter=8001649.10 feasibleAnts=9 noImprove=12 (elapsed 9.40192s)
[ITER 45] New best cost=7984856.40 (feasible=YES, time 10.7206s)
[ITER 50] bestGlobalCost=7984856.40 (feasible=YES) bestThisIter=8033458.66 feasibleAnts=27 noImprove=5 (elapsed 11.642s)
[ITER 60] bestGlobalCost=7984856.40 (feasible=YES) bestThisIter=7954715.26 feasibleAnts=10 noImprove=15 (elapsed 13.9019s)
[ITER 67] New best cost=7971462.52 (feasible=YES, time 15.5495s)
[ITER 70] bestGlobalCost=7971462.52 (feasible=YES) bestThisIter=7975539.24 feasibleAnts=2 noImprove=3 (elapsed 16.3838s)
[ITER 72] New best cost=7957866.87 (feasible=YES, time 16.5845s)
[ITER 76] New best cost=7956551.59 (feasible=YES, time 17.6866s)
[ITER 80] bestGlobalCost=7956551.59 (feasible=YES) bestThisIter=7956551.59 feasibleAnts=34 noImprove=4 (elapsed 18.6717s)
[ITER 90] bestGlobalCost=7956551.59 (feasible=YES) bestThisIter=7964387.61 feasibleAnts=10 noImprove=14 (elapsed 21.3937s)
[ITER 91] New best cost=7954745.03 (feasible=YES, time 21.5501s)
[ITER 95] New best cost=7951153.49 (feasible=YES, time 22.5143s)
[ITER 100] bestGlobalCost=7951153.49 (feasible=YES) bestThisIter=7951153.49 feasibleAnts=33 noImprove=5 (elapsed 23.4745s)
[ITER 110] bestGlobalCost=7951153.49 (feasible=YES) bestThisIter=7974226.79 feasibleAnts=11 noImprove=15 (elapsed 26.1078s)
[ITER 120] bestGlobalCost=7951153.49 (feasible=YES) bestThisIter=7952489.42 feasibleAnts=8 noImprove=25 (elapsed 29.0403s)
[ITER 130] bestGlobalCost=7951153.49 (feasible=YES) bestThisIter=7964500.49 feasibleAnts=7 noImprove=35 (elapsed 31.9693s)
[ITER 140] bestGlobalCost=7951153.49 (feasible=YES) bestThisIter=7948210.36 feasibleAnts=9 noImprove=45 (elapsed 34.9821s)
[RESET] no improvement for50-> reset pheromones
[ITER 150] bestGlobalCost=7951153.49 (feasible=YES) bestThisIter=7956615.00 feasibleAnts=5 noImprove=5 (elapsed 38.1402s)
[ITER 160] bestGlobalCost=7951153.49 (feasible=YES) bestThisIter=7967745.65 feasibleAnts=8 noImprove=15 (elapsed 41.0557s)
[ITER 170] bestGlobalCost=7951153.49 (feasible=YES) bestThisIter=7961108.63 feasibleAnts=5 noImprove=25 (elapsed 43.8965s)
[ITER 180] bestGlobalCost=7951153.49 (feasible=YES) bestThisIter=7946898.95 feasibleAnts=5 noImprove=35 (elapsed 46.7679s)
[ITER 190] bestGlobalCost=7951153.49 (feasible=YES) bestThisIter=7966099.34 feasibleAnts=5 noImprove=45 (elapsed 49.796s)
[RESET] no improvement for50-> reset pheromones
[ITER 200] bestGlobalCost=7951153.49 (feasible=YES) bestThisIter=7959950.71 feasibleAnts=9 noImprove=5 (elapsed 52.9707s)
[ITER 210] bestGlobalCost=7951153.49 (feasible=YES) bestThisIter=7967737.11 feasibleAnts=8 noImprove=15 (elapsed 56.0095s)
[ITER 220] bestGlobalCost=7951153.49 (feasible=YES) bestThisIter=7946898.95 feasibleAnts=6 noImprove=25 (elapsed 59.224s)
[ITER 230] bestGlobalCost=7951153.49 (feasible=YES) bestThisIter=7958434.16 feasibleAnts=8 noImprove=35 (elapsed 62.2518s)
[ITER 240] bestGlobalCost=7951153.49 (feasible=YES) bestThisIter=7972838.87 feasibleAnts=6 noImprove=45 (elapsed 65.6408s)
[RESET] no improvement for50-> reset pheromones
[ITER 250] bestGlobalCost=7951153.49 (feasible=YES) bestThisIter=7981536.69 feasibleAnts=6 noImprove=5 (elapsed 68.8573s)
[ITER 260] bestGlobalCost=7951153.49 (feasible=YES) bestThisIter=7946898.95 feasibleAnts=7 noImprove=15 (elapsed 71.723s)
[ITER 270] bestGlobalCost=7951153.49 (feasible=YES) bestThisIter=7992422.25 feasibleAnts=8 noImprove=25 (elapsed 74.663s)
[ITER 280] bestGlobalCost=7951153.49 (feasible=YES) bestThisIter=7950514.36 feasibleAnts=5 noImprove=35 (elapsed 77.6749s)
[ITER 290] bestGlobalCost=7951153.49 (feasible=YES) bestThisIter=7981357.59 feasibleAnts=11 noImprove=45 (elapsed 80.7537s)
[RESET] no improvement for50-> reset pheromones
[ITER 300] bestGlobalCost=7951153.49 (feasible=YES) bestThisIter=8013337.17 feasibleAnts=9 noImprove=5 (elapsed 84.1046s)
[ITER 310] bestGlobalCost=7951153.49 (feasible=YES) bestThisIter=7952489.42 feasibleAnts=8 noImprove=15 (elapsed 87.0408s)
[ITER 320] bestGlobalCost=7951153.49 (feasible=YES) bestThisIter=7954327.21 feasibleAnts=8 noImprove=25 (elapsed 90.0778s)
[ITER 330] bestGlobalCost=7951153.49 (feasible=YES) bestThisIter=7968040.69 feasibleAnts=5 noImprove=35 (elapsed 93.5432s)
[ITER 340] bestGlobalCost=7951153.49 (feasible=YES) bestThisIter=7973956.56 feasibleAnts=8 noImprove=45 (elapsed 96.8215s)
[RESET] no improvement for50-> reset pheromones
[ITER 350] bestGlobalCost=7951153.49 (feasible=YES) bestThisIter=7946898.95 feasibleAnts=8 noImprove=5 (elapsed 100.178s)
[ITER 360] bestGlobalCost=7951153.49 (feasible=YES) bestThisIter=7952489.42 feasibleAnts=7 noImprove=15 (elapsed 103.204s)
[ITER 370] bestGlobalCost=7951153.49 (feasible=YES) bestThisIter=7986668.78 feasibleAnts=9 noImprove=25 (elapsed 106.173s)
[ITER 380] bestGlobalCost=7951153.49 (feasible=YES) bestThisIter=7952489.42 feasibleAnts=12 noImprove=35 (elapsed 109.176s)
[ITER 390] bestGlobalCost=7951153.49 (feasible=YES) bestThisIter=7958312.22 feasibleAnts=7 noImprove=45 (elapsed 112.298s)
[RESET] no improvement for50-> reset pheromones
[ITER 400] bestGlobalCost=7951153.49 (feasible=YES) bestThisIter=7964500.49 feasibleAnts=9 noImprove=5 (elapsed 115.518s)
[ITER 410] bestGlobalCost=7951153.49 (feasible=YES) bestThisIter=7976195.21 feasibleAnts=12 noImprove=15 (elapsed 118.324s)
[ITER 420] bestGlobalCost=7951153.49 (feasible=YES) bestThisIter=7958312.22 feasibleAnts=9 noImprove=25 (elapsed 121.199s)
[ITER 430] bestGlobalCost=7951153.49 (feasible=YES) bestThisIter=7971462.52 feasibleAnts=7 noImprove=35 (elapsed 124.091s)
[ITER 440] bestGlobalCost=7951153.49 (feasible=YES) bestThisIter=7970851.70 feasibleAnts=6 noImprove=45 (elapsed 127.179s)
[RESET] no improvement for50-> reset pheromones
[ITER 450] bestGlobalCost=7951153.49 (feasible=YES) bestThisIter=8013082.23 feasibleAnts=9 noImprove=5 (elapsed 130.44s)
[ITER 460] bestGlobalCost=7951153.49 (feasible=YES) bestThisIter=7979777.79 feasibleAnts=9 noImprove=15 (elapsed 133.316s)
[ITER 470] bestGlobalCost=7951153.49 (feasible=YES) bestThisIter=7965409.58 feasibleAnts=10 noImprove=25 (elapsed 136.266s)
[ITER 480] bestGlobalCost=7951153.49 (feasible=YES) bestThisIter=7975487.04 feasibleAnts=9 noImprove=35 (elapsed 139.353s)
[ITER 490] bestGlobalCost=7951153.49 (feasible=YES) bestThisIter=7974442.79 feasibleAnts=10 noImprove=45 (elapsed 142.456s)
[RESET] no improvement for50-> reset pheromones
[ITER 500] bestGlobalCost=7951153.49 (feasible=YES) bestThisIter=7946898.95 feasibleAnts=8 noImprove=5 (elapsed 145.796s)
[ITER 510] bestGlobalCost=7951153.49 (feasible=YES) bestThisIter=7988381.41 feasibleAnts=8 noImprove=15 (elapsed 148.605s)
[ITER 520] bestGlobalCost=7951153.49 (feasible=YES) bestThisIter=7977297.32 feasibleAnts=9 noImprove=25 (elapsed 151.391s)
[ITER 530] bestGlobalCost=7951153.49 (feasible=YES) bestThisIter=7973698.54 feasibleAnts=7 noImprove=35 (elapsed 154.346s)
[ITER 540] bestGlobalCost=7951153.49 (feasible=YES) bestThisIter=7950490.50 feasibleAnts=9 noImprove=45 (elapsed 157.526s)
[RESET] no improvement for50-> reset pheromones
[ITER 550] bestGlobalCost=7951153.49 (feasible=YES) bestThisIter=7974835.07 feasibleAnts=11 noImprove=5 (elapsed 160.71s)
[ITER 560] bestGlobalCost=7951153.49 (feasible=YES) bestThisIter=7982996.59 feasibleAnts=8 noImprove=15 (elapsed 163.711s)
[ITER 570] bestGlobalCost=7951153.49 (feasible=YES) bestThisIter=7946898.95 feasibleAnts=6 noImprove=25 (elapsed 166.813s)
[ITER 580] bestGlobalCost=7951153.49 (feasible=YES) bestThisIter=7959275.46 feasibleAnts=8 noImprove=35 (elapsed 169.983s)
[ITER 590] bestGlobalCost=7951153.49 (feasible=YES) bestThisIter=7969125.50 feasibleAnts=9 noImprove=45 (elapsed 173.222s)
[RESET] no improvement for50-> reset pheromones
[ITER 600] bestGlobalCost=7951153.49 (feasible=YES) bestThisIter=7977297.32 feasibleAnts=11 noImprove=5 (elapsed 176.534s)
[ITER 610] bestGlobalCost=7951153.49 (feasible=YES) bestThisIter=7969857.16 feasibleAnts=9 noImprove=15 (elapsed 179.436s)
[ITER 620] bestGlobalCost=7951153.49 (feasible=YES) bestThisIter=7952489.42 feasibleAnts=12 noImprove=25 (elapsed 182.261s)
[ITER 630] bestGlobalCost=7951153.49 (feasible=YES) bestThisIter=7955483.54 feasibleAnts=8 noImprove=35 (elapsed 185.335s)
[ITER 640] bestGlobalCost=7951153.49 (feasible=YES) bestThisIter=7975541.72 feasibleAnts=8 noImprove=45 (elapsed 188.507s)
[RESET] no improvement for50-> reset pheromones
[ITER 650] bestGlobalCost=7951153.49 (feasible=YES) bestThisIter=7967461.06 feasibleAnts=12 noImprove=5 (elapsed 191.724s)
[ITER 660] bestGlobalCost=7951153.49 (feasible=YES) bestThisIter=7970574.65 feasibleAnts=9 noImprove=15 (elapsed 194.661s)
[ITER 670] bestGlobalCost=7951153.49 (feasible=YES) bestThisIter=7952489.42 feasibleAnts=10 noImprove=25 (elapsed 198.428s)
[ITER 680] bestGlobalCost=7951153.49 (feasible=YES) bestThisIter=7974022.98 feasibleAnts=5 noImprove=35 (elapsed 201.464s)
[ITER 690] bestGlobalCost=7951153.49 (feasible=YES) bestThisIter=7946898.95 feasibleAnts=8 noImprove=45 (elapsed 204.613s)
[RESET] no improvement for50-> reset pheromones
[ITER 700] bestGlobalCost=7951153.49 (feasible=YES) bestThisIter=7967461.06 feasibleAnts=8 noImprove=5 (elapsed 207.796s)
[ITER 710] bestGlobalCost=7951153.49 (feasible=YES) bestThisIter=7952489.42 feasibleAnts=10 noImprove=15 (elapsed 210.565s)
[ITER 720] bestGlobalCost=7951153.49 (feasible=YES) bestThisIter=7961325.81 feasibleAnts=9 noImprove=25 (elapsed 213.344s)
[ITER 730] bestGlobalCost=7951153.49 (feasible=YES) bestThisIter=7983399.80 feasibleAnts=10 noImprove=35 (elapsed 216.2s)
[ITER 740] bestGlobalCost=7951153.49 (feasible=YES) bestThisIter=7990711.80 feasibleAnts=8 noImprove=45 (elapsed 219.224s)
[RESET] no improvement for50-> reset pheromones
[ITER 750] bestGlobalCost=7951153.49 (feasible=YES) bestThisIter=7946898.95 feasibleAnts=8 noImprove=5 (elapsed 222.637s)
[ITER 760] bestGlobalCost=7951153.49 (feasible=YES) bestThisIter=7956551.59 feasibleAnts=10 noImprove=15 (elapsed 225.772s)
[ITER 770] bestGlobalCost=7951153.49 (feasible=YES) bestThisIter=7977694.55 feasibleAnts=9 noImprove=25 (elapsed 229.41s)
[ITER 780] bestGlobalCost=7951153.49 (feasible=YES) bestThisIter=7952489.42 feasibleAnts=12 noImprove=35 (elapsed 232.666s)
[ITER 790] bestGlobalCost=7951153.49 (feasible=YES) bestThisIter=7974526.54 feasibleAnts=6 noImprove=45 (elapsed 235.776s)
[RESET] no improvement for50-> reset pheromones
[ITER 800] bestGlobalCost=7951153.49 (feasible=YES) bestThisIter=7946898.95 feasibleAnts=10 noImprove=5 (elapsed 239.236s)
[ITER 810] bestGlobalCost=7951153.49 (feasible=YES) bestThisIter=7964677.66 feasibleAnts=9 noImprove=15 (elapsed 242.978s)
[ITER 820] bestGlobalCost=7951153.49 (feasible=YES) bestThisIter=7969892.29 feasibleAnts=7 noImprove=25 (elapsed 245.859s)
[ITER 830] bestGlobalCost=7951153.49 (feasible=YES) bestThisIter=7956551.59 feasibleAnts=10 noImprove=35 (elapsed 248.843s)
[ITER 840] bestGlobalCost=7951153.49 (feasible=YES) bestThisIter=7971322.08 feasibleAnts=9 noImprove=45 (elapsed 252.13s)
[RESET] no improvement for50-> reset pheromones
[ITER 850] bestGlobalCost=7951153.49 (feasible=YES) bestThisIter=7975278.91 feasibleAnts=9 noImprove=5 (elapsed 255.538s)
[ITER 860] bestGlobalCost=7951153.49 (feasible=YES) bestThisIter=7963419.32 feasibleAnts=8 noImprove=15 (elapsed 258.658s)
[ITER 870] bestGlobalCost=7951153.49 (feasible=YES) bestThisIter=7958312.22 feasibleAnts=9 noImprove=25 (elapsed 262.438s)
[ITER 880] bestGlobalCost=7951153.49 (feasible=YES) bestThisIter=7973725.86 feasibleAnts=9 noImprove=35 (elapsed 265.46s)
[ITER 890] bestGlobalCost=7951153.49 (feasible=YES) bestThisIter=7983677.66 feasibleAnts=8 noImprove=45 (elapsed 268.649s)
[RESET] no improvement for50-> reset pheromones
[ITER 900] bestGlobalCost=7951153.49 (feasible=YES) bestThisIter=8005099.97 feasibleAnts=7 noImprove=5 (elapsed 271.964s)
[ITER 910] bestGlobalCost=7951153.49 (feasible=YES) bestThisIter=7967745.65 feasibleAnts=5 noImprove=15 (elapsed 274.967s)
[ITER 920] bestGlobalCost=7951153.49 (feasible=YES) bestThisIter=7963747.21 feasibleAnts=6 noImprove=25 (elapsed 277.97s)
[ITER 930] bestGlobalCost=7951153.49 (feasible=YES) bestThisIter=7960540.80 feasibleAnts=8 noImprove=35 (elapsed 280.882s)
[ITER 940] bestGlobalCost=7951153.49 (feasible=YES) bestThisIter=7970841.21 feasibleAnts=7 noImprove=45 (elapsed 283.812s)
[RESET] no improvement for50-> reset pheromones
[ITER 950] bestGlobalCost=7951153.49 (feasible=YES) bestThisIter=7974432.76 feasibleAnts=7 noImprove=5 (elapsed 287.082s)
[ITER 960] bestGlobalCost=7951153.49 (feasible=YES) bestThisIter=7956551.59 feasibleAnts=13 noImprove=15 (elapsed 289.886s)
[ITER 970] bestGlobalCost=7951153.49 (feasible=YES) bestThisIter=7952323.76 feasibleAnts=6 noImprove=25 (elapsed 292.677s)
[ITER 980] bestGlobalCost=7951153.49 (feasible=YES) bestThisIter=7960944.47 feasibleAnts=4 noImprove=35 (elapsed 295.598s)
[ITER 990] bestGlobalCost=7951153.49 (feasible=YES) bestThisIter=7946898.95 feasibleAnts=8 noImprove=45 (elapsed 298.639s)
[RESET] no improvement for50-> reset pheromones
60 61 65 66 67 68 69 70 73 74 75 76 77 78 79 80 81 82 83 84 85 86 87 88 89 90 91 92 93 94 95 96 97 98 99 100 101 102 169 172 173 174 176 177 178 181 182 183 184 185 187 188 189 190 191 196 197 198 201 202 203 204 206 207 
165 166 170 171 175 179 180 186 192 193 194 195 199 200 205 251 256 263 264 268 269 270 271 272 273 274 275 276 277 278 279 280 281 282 283 284 285 286 287 288 289 290 291 292 293 294 295 296 297 298 299 300 301 302 303 304 305 306 307 308 309 310 311 312 315 
1 2 3 6 7 8 9 10 11 12 14 15 16 17 18 19 20 21 22 23 24 25 26 27 28 29 30 31 32 33 36 37 40 41 42 43 44 45 46 47 48 49 50 51 52 53 54 55 56 57 58 59 62 63 64 71 72 103 104 105 316 317 
109 110 118 139 140 143 144 211 212 213 214 215 216 217 218 219 220 221 222 223 224 225 226 227 228 229 230 231 232 233 234 235 236 237 238 239 240 241 242 243 244 245 246 247 248 249 250 252 253 254 255 257 258 259 260 261 262 265 266 267 313 314 318 
4 5 13 34 35 38 39 106 107 108 111 112 113 114 115 116 117 119 120 121 122 123 124 125 126 127 128 129 130 131 132 133 134 135 136 137 138 141 142 145 146 147 148 149 150 151 152 153 154 155 156 157 158 159 160 161 162 163 164 167 168 208 209 210 
[SAVELOGS] evolution saved to results/logs/aco_logs/evolution/lin318_05_4.txt
[SAVELOGS] best cost saved to results/logs/aco_logs/objectives/lin318_05_4.txt
[SAVELOGS] best solution saved to results/logs/aco_logs/solutions/lin318_05_4.txt
