[ITER 1] New best cost=3017.60 (feasible=YES, time 0.0130609s)
[ITER 10] bestGlobalCost=3017.60 (feasible=YES) bestThisIter=3017.60 feasibleAnts=39 noImprove=9 (elapsed 0.199609s)
[ITER 20] bestGlobalCost=3017.60 (feasible=YES) bestThisIter=3017.60 feasibleAnts=36 noImprove=19 (elapsed 0.465473s)
[ITER 30] bestGlobalCost=3017.60 (feasible=YES) bestThisIter=3017.60 feasibleAnts=38 noImprove=29 (elapsed 0.791147s)
[RESET] no improvement for30-> reset pheromones
[ITER 40] bestGlobalCost=3017.60 (feasible=YES) bestThisIter=3017.60 feasibleAnts=35 noImprove=9 (elapsed 0.998822s)
[ITER 50] bestGlobalCost=3017.60 (feasible=YES) bestThisIter=3017.60 feasibleAnts=39 noImprove=19 (elapsed 1.16812s)
[ITER 60] bestGlobalCost=3017.60 (feasible=YES) bestThisIter=3017.60 feasibleAnts=33 noImprove=29 (elapsed 1.39901s)
[RESET] no improvement for30-> reset pheromones
[ITER 70] bestGlobalCost=3017.60 (feasible=YES) bestThisIter=3017.60 feasibleAnts=36 noImprove=9 (elapsed 1.63641s)
[ITER 80] bestGlobalCost=3017.60 (feasible=YES) bestThisIter=3017.60 feasibleAnts=35 noImprove=19 (elapsed 1.85421s)
[ITER 90] bestGlobalCost=3017.60 (feasible=YES) bestThisIter=3017.60 feasibleAnts=37 noImprove=29 (elapsed 2.0957s)
[RESET] no improvement for30-> reset pheromones
[ITER 100] bestGlobalCost=3017.60 (feasible=YES) bestThisIter=3017.60 feasibleAnts=36 noImprove=9 (elapsed 2.34525s)
[ITER 110] bestGlobalCost=3017.60 (feasible=YES) bestThisIter=3017.60 feasibleAnts=36 noImprove=19 (elapsed 2.64528s)
[ITER 120] bestGlobalCost=3017.60 (feasible=YES) bestThisIter=3017.60 feasibleAnts=36 noImprove=29 (elapsed 2.86701s)
[RESET] no improvement for30-> reset pheromones
[ITER 130] bestGlobalCost=3017.60 (feasible=YES) bestThisIter=3017.60 feasibleAnts=37 noImprove=9 (elapsed 3.10168s)
[ITER 140] bestGlobalCost=3017.60 (feasible=YES) bestThisIter=3017.60 feasibleAnts=36 noImprove=19 (elapsed 3.29388s)
[ITER 150] bestGlobalCost=3017.60 (feasible=YES) bestThisIter=3017.60 feasibleAnts=35 noImprove=29 (elapsed 3.45774s)
[RESET] no improvement for30-> reset pheromones
[ITER 160] bestGlobalCost=3017.60 (feasible=YES) bestThisIter=3017.60 feasibleAnts=36 noImprove=9 (elapsed 3.70849s)
[ITER 170] bestGlobalCost=3017.60 (feasible=YES) bestThisIter=3017.60 feasibleAnts=35 noImprove=19 (elapsed 3.88667s)
[ITER 180] bestGlobalCost=3017.60 (feasible=YES) bestThisIter=3017.60 feasibleAnts=34 noImprove=29 (elapsed 4.08196s)
[RESET] no improvement for30-> reset pheromones
[ITER 190] bestGlobalCost=3017.60 (feasible=YES) bestThisIter=3017.60 feasibleAnts=33 noImprove=9 (elapsed 4.30681s)
[ITER 200] bestGlobalCost=3017.60 (feasible=YES) bestThisIter=3017.60 feasibleAnts=37 noImprove=19 (elapsed 4.47898s)
[ITER 210] bestGlobalCost=3017.60 (feasible=YES) bestThisIter=3017.60 feasibleAnts=38 noImprove=29 (elapsed 4.61925s)
[RESET] no improvement for30-> reset pheromones
[ITER 220] bestGlobalCost=3017.60 (feasible=YES) bestThisIter=3017.60 feasibleAnts=37 noImprove=9 (elapsed 4.83921s)
[ITER 230] bestGlobalCost=3017.60 (feasible=YES) bestThisIter=3017.60 feasibleAnts=36 noImprove=19 (elapsed 5.00835s)
[ITER 240] bestGlobalCost=3017.60 (feasible=YES) bestThisIter=3017.60 feasibleAnts=34 noImprove=29 (elapsed 5.18424s)
[RESET] no improvement for30-> reset pheromones
[ITER 250] bestGlobalCost=3017.60 (feasible=YES) bestThisIter=3017.60 feasibleAnts=35 noImprove=9 (elapsed 5.39342s)
[ITER 260] bestGlobalCost=3017.60 (feasible=YES) bestThisIter=3017.60 feasibleAnts=38 noImprove=19 (elapsed 5.57272s)
[ITER 270] bestGlobalCost=3017.60 (feasible=YES) bestThisIter=3017.60 feasibleAnts=38 noImprove=29 (elapsed 5.78091s)
[RESET] no improvement for30-> reset pheromones
[ITER 280] bestGlobalCost=3017.60 (feasible=YES) bestThisIter=3017.60 feasibleAnts=36 noImprove=9 (elapsed 6.01126s)
[ITER 290] bestGlobalCost=3017.60 (feasible=YES) bestThisIter=3017.60 feasibleAnts=33 noImprove=19 (elapsed 6.19129s)
[ITER 300] bestGlobalCost=3017.60 (feasible=YES) bestThisIter=3017.60 feasibleAnts=39 noImprove=29 (elapsed 6.42026s)
[RESET] no improvement for30-> reset pheromones
[ITER 310] bestGlobalCost=3017.60 (feasible=YES) bestThisIter=3017.60 feasibleAnts=35 noImprove=9 (elapsed 6.6393s)
[ITER 320] bestGlobalCost=3017.60 (feasible=YES) bestThisIter=3017.60 feasibleAnts=37 noImprove=19 (elapsed 6.84716s)
[ITER 330] bestGlobalCost=3017.60 (feasible=YES) bestThisIter=3017.60 feasibleAnts=34 noImprove=29 (elapsed 7.03061s)
[RESET] no improvement for30-> reset pheromones
[ITER 340] bestGlobalCost=3017.60 (feasible=YES) bestThisIter=3017.60 feasibleAnts=36 noImprove=9 (elapsed 7.24154s)
[ITER 350] bestGlobalCost=3017.60 (feasible=YES) bestThisIter=3017.60 feasibleAnts=34 noImprove=19 (elapsed 7.46354s)
[ITER 360] bestGlobalCost=3017.60 (feasible=YES) bestThisIter=3017.60 feasibleAnts=35 noImprove=29 (elapsed 7.61866s)
[RESET] no improvement for30-> reset pheromones
[ITER 370] bestGlobalCost=3017.60 (feasible=YES) bestThisIter=3017.60 feasibleAnts=38 noImprove=9 (elapsed 7.82587s)
[ITER 380] bestGlobalCost=3017.60 (feasible=YES) bestThisIter=3017.60 feasibleAnts=34 noImprove=19 (elapsed 8.02642s)
[ITER 390] bestGlobalCost=3017.60 (feasible=YES) bestThisIter=3017.60 feasibleAnts=38 noImprove=29 (elapsed 8.18524s)
[RESET] no improvement for30-> reset pheromones
[ITER 400] bestGlobalCost=3017.60 (feasible=YES) bestThisIter=3017.60 feasibleAnts=37 noImprove=9 (elapsed 8.39437s)
[ITER 410] bestGlobalCost=3017.60 (feasible=YES) bestThisIter=3017.60 feasibleAnts=38 noImprove=19 (elapsed 8.5613s)
[ITER 420] bestGlobalCost=3017.60 (feasible=YES) bestThisIter=3017.60 feasibleAnts=37 noImprove=29 (elapsed 8.74601s)
[RESET] no improvement for30-> reset pheromones
[ITER 430] bestGlobalCost=3017.60 (feasible=YES) bestThisIter=3017.60 feasibleAnts=39 noImprove=9 (elapsed 8.94842s)
[ITER 440] bestGlobalCost=3017.60 (feasible=YES) bestThisIter=3017.60 feasibleAnts=39 noImprove=19 (elapsed 9.12658s)
[ITER 450] bestGlobalCost=3017.60 (feasible=YES) bestThisIter=3017.60 feasibleAnts=38 noImprove=29 (elapsed 9.33832s)
[RESET] no improvement for30-> reset pheromones
[ITER 460] bestGlobalCost=3017.60 (feasible=YES) bestThisIter=3017.60 feasibleAnts=38 noImprove=9 (elapsed 9.55908s)
[ITER 470] bestGlobalCost=3017.60 (feasible=YES) bestThisIter=3017.60 feasibleAnts=38 noImprove=19 (elapsed 9.7249s)
[ITER 480] bestGlobalCost=3017.60 (feasible=YES) bestThisIter=3017.60 feasibleAnts=38 noImprove=29 (elapsed 9.90386s)
[RESET] no improvement for30-> reset pheromones
2 3 5 7 10 11 13 16 19 22 38 
15 17 18 20 23 25 31 
6 8 21 30 32 35 36 37 40 
9 12 14 26 27 39 
1 4 24 28 29 33 34 
[SAVELOGS] evolution saved to results/logs/aco_logs/evolution/muestra2_40_5.txt
[SAVELOGS] best cost saved to results/logs/aco_logs/objectives/muestra2_40_5.txt
[SAVELOGS] best solution saved to results/logs/aco_logs/solutions/muestra2_40_5.txt
