[ITER 1] New best cost=893939.30 (feasible=YES, time 6.66868s)
[ITER 2] New best cost=850308.99 (feasible=YES, time 12.5353s)
[ITER 4] New best cost=829737.84 (feasible=YES, time 24.1315s)
[ITER 8] New best cost=821589.14 (feasible=YES, time 53.7431s)
[ITER 10] bestGlobalCost=821589.14 (feasible=YES) bestThisIter=825555.21 feasibleAnts=10 noImprove=2 (elapsed 74.8609s)
[ITER 20] bestGlobalCost=821589.14 (feasible=YES) bestThisIter=829651.15 feasibleAnts=10 noImprove=12 (elapsed 146.739s)
[ITER 30] bestGlobalCost=821589.14 (feasible=YES) bestThisIter=837315.03 feasibleAnts=10 noImprove=22 (elapsed 224.571s)
[ITER 34] New best cost=812366.32 (feasible=YES, time 251.998s)
[ITER 40] bestGlobalCost=812366.32 (feasible=YES) bestThisIter=825929.72 feasibleAnts=10 noImprove=6 (elapsed 299.751s)
[ITER 50] bestGlobalCost=812366.32 (feasible=YES) bestThisIter=818092.72 feasibleAnts=10 noImprove=16 (elapsed 375.524s)
[ITER 56] New best cost=811867.75 (feasible=YES, time 414.197s)
[ITER 60] bestGlobalCost=811867.75 (feasible=YES) bestThisIter=838711.26 feasibleAnts=10 noImprove=4 (elapsed 446.74s)
[ITER 70] bestGlobalCost=811867.75 (feasible=YES) bestThisIter=834627.44 feasibleAnts=10 noImprove=14 (elapsed 514.575s)
[ITER 80] bestGlobalCost=811867.75 (feasible=YES) bestThisIter=842952.76 feasibleAnts=10 noImprove=24 (elapsed 587.133s)
[RESET] no improvement for30-> reset pheromones
[ITER 90] bestGlobalCost=811867.75 (feasible=YES) bestThisIter=827395.49 feasibleAnts=10 noImprove=4 (elapsed 663.107s)
[ITER 100] bestGlobalCost=811867.75 (feasible=YES) bestThisIter=822283.64 feasibleAnts=10 noImprove=14 (elapsed 739.005s)
[ITER 110] bestGlobalCost=811867.75 (feasible=YES) bestThisIter=832852.30 feasibleAnts=10 noImprove=24 (elapsed 808.539s)
[RESET] no improvement for30-> reset pheromones
[ITER 120] bestGlobalCost=811867.75 (feasible=YES) bestThisIter=837926.56 feasibleAnts=10 noImprove=4 (elapsed 881.709s)
[ITER 130] bestGlobalCost=811867.75 (feasible=YES) bestThisIter=838336.89 feasibleAnts=10 noImprove=14 (elapsed 956.183s)
[ITER 140] bestGlobalCost=811867.75 (feasible=YES) bestThisIter=845414.52 feasibleAnts=10 noImprove=24 (elapsed 1030.43s)
[RESET] no improvement for30-> reset pheromones
[ITER 150] bestGlobalCost=811867.75 (feasible=YES) bestThisIter=835068.00 feasibleAnts=10 noImprove=4 (elapsed 1101.85s)
[ITER 160] bestGlobalCost=811867.75 (feasible=YES) bestThisIter=823237.32 feasibleAnts=10 noImprove=14 (elapsed 1175.26s)
[ITER 170] bestGlobalCost=811867.75 (feasible=YES) bestThisIter=835475.46 feasibleAnts=10 noImprove=24 (elapsed 1250.07s)
[RESET] no improvement for30-> reset pheromones
[ITER 180] bestGlobalCost=811867.75 (feasible=YES) bestThisIter=847156.94 feasibleAnts=10 noImprove=4 (elapsed 1319.16s)
[ITER 190] bestGlobalCost=811867.75 (feasible=YES) bestThisIter=854057.04 feasibleAnts=10 noImprove=14 (elapsed 1389.8s)
[ITER 200] bestGlobalCost=811867.75 (feasible=YES) bestThisIter=836589.94 feasibleAnts=10 noImprove=24 (elapsed 1468.14s)
276 369 370 371 372 373 374 375 376 377 384 385 386 387 394 395 396 397 398 409 410 411 412 414 415 416 417 
121 148 298 299 300 301 302 303 304 306 307 320 321 322 323 328 329 330 331 340 341 342 343 344 345 346 347 
203 204 205 206 207 208 209 210 211 212 213 214 215 216 226 227 228 229 230 231 233 235 237 238 242 245 365 393 408 
36 38 155 156 157 159 160 161 162 163 164 169 178 179 180 181 182 185 187 188 315 316 317 318 319 327 338 339 357 
22 40 41 42 43 44 45 46 48 49 50 51 52 53 54 55 56 57 58 59 60 61 63 73 76 92 93 98 
62 64 65 66 67 68 69 72 74 75 77 78 79 80 81 82 83 84 86 87 88 89 90 91 95 96 97 99 100 104 
257 259 261 264 265 266 267 269 270 272 273 278 280 282 283 284 285 286 287 289 290 291 292 293 294 295 297 
70 71 85 101 250 251 252 253 254 255 256 258 260 262 263 268 271 275 277 279 281 288 296 378 379 399 
1 2 3 4 5 6 7 9 11 12 13 14 15 16 17 19 20 21 24 27 28 29 30 34 39 152 
8 10 18 25 26 31 32 309 310 311 312 313 314 324 325 326 334 335 336 337 349 350 351 352 353 354 355 356 
202 232 358 359 360 361 362 363 364 366 367 368 380 381 382 383 388 389 390 391 392 400 401 402 403 404 405 406 407 
23 112 116 118 119 120 122 123 124 125 126 127 128 129 134 135 136 137 141 142 143 144 145 146 147 149 150 151 153 
154 158 165 166 167 168 170 171 172 173 174 175 176 177 183 184 186 189 190 191 192 193 194 195 196 197 198 199 200 201 
33 35 37 47 106 107 108 109 110 111 113 114 115 117 130 131 132 133 138 139 140 305 308 332 333 348 
94 102 103 105 217 218 219 220 221 222 223 224 225 234 236 239 240 241 243 244 246 247 248 249 274 413 
[SAVELOGS] evolution saved to results/logs/aco_logs/evolution/fl417_15_4.txt
[SAVELOGS] best cost saved to results/logs/aco_logs/objectives/fl417_15_4.txt
[SAVELOGS] best solution saved to results/logs/aco_logs/solutions/fl417_15_4.txt
