[ITER 1] New best cost=6757.85 (feasible=YES, time 0.0780862s)
[ITER 2] New best cost=6602.76 (feasible=YES, time 0.157823s)
[ITER 3] New best cost=6488.52 (feasible=YES, time 0.232669s)
[ITER 4] New best cost=6434.64 (feasible=YES, time 0.292516s)
[ITER 10] bestGlobalCost=6434.64 (feasible=YES) bestThisIter=6494.95 feasibleAnts=10 noImprove=6 (elapsed 0.719082s)
[ITER 13] New best cost=6385.55 (feasible=YES, time 0.950734s)
[ITER 15] New best cost=6304.49 (feasible=YES, time 1.59821s)
[ITER 15] New best cost=6277.64 (feasible=YES, time 2.73699s)
[ITER 15] New best cost=6192.95 (feasible=YES, time 3.75059s)
[ITER 20] bestGlobalCost=6192.95 (feasible=YES) bestThisIter=6215.12 feasibleAnts=10 noImprove=5 (elapsed 4.03009s)
[ITER 30] New best cost=6173.42 (feasible=YES, time 5.63979s)
[ITER 30] New best cost=6153.52 (feasible=YES, time 6.63804s)
[ITER 30] bestGlobalCost=6153.52 (feasible=YES) bestThisIter=6229.46 feasibleAnts=10 noImprove=0 (elapsed 7.19843s)
[ITER 40] bestGlobalCost=6153.52 (feasible=YES) bestThisIter=6153.52 feasibleAnts=10 noImprove=10 (elapsed 7.68473s)
[ITER 50] bestGlobalCost=6153.52 (feasible=YES) bestThisIter=6425.33 feasibleAnts=10 noImprove=20 (elapsed 11.3268s)
[ITER 60] bestGlobalCost=6153.52 (feasible=YES) bestThisIter=6676.12 feasibleAnts=10 noImprove=30 (elapsed 14.5748s)
[RESET] no improvement for30-> reset pheromones
[ITER 70] bestGlobalCost=6153.52 (feasible=YES) bestThisIter=6589.56 feasibleAnts=10 noImprove=10 (elapsed 15.652s)
[ITER 80] bestGlobalCost=6153.52 (feasible=YES) bestThisIter=6437.72 feasibleAnts=10 noImprove=20 (elapsed 19.4048s)
[ITER 90] bestGlobalCost=6153.52 (feasible=YES) bestThisIter=6310.76 feasibleAnts=10 noImprove=30 (elapsed 22.6926s)
[RESET] no improvement for30-> reset pheromones
[ITER 100] bestGlobalCost=6153.52 (feasible=YES) bestThisIter=6733.00 feasibleAnts=10 noImprove=10 (elapsed 23.7503s)
[ITER 110] bestGlobalCost=6153.52 (feasible=YES) bestThisIter=6314.93 feasibleAnts=10 noImprove=20 (elapsed 27.5083s)
[ITER 120] bestGlobalCost=6153.52 (feasible=YES) bestThisIter=6283.42 feasibleAnts=10 noImprove=30 (elapsed 30.7039s)
[RESET] no improvement for30-> reset pheromones
[ITER 130] bestGlobalCost=6153.52 (feasible=YES) bestThisIter=6576.04 feasibleAnts=10 noImprove=10 (elapsed 31.8294s)
[ITER 140] bestGlobalCost=6153.52 (feasible=YES) bestThisIter=6689.86 feasibleAnts=10 noImprove=20 (elapsed 35.6043s)
[ITER 150] bestGlobalCost=6153.52 (feasible=YES) bestThisIter=6327.96 feasibleAnts=10 noImprove=30 (elapsed 38.803s)
[RESET] no improvement for30-> reset pheromones
[ITER 160] bestGlobalCost=6153.52 (feasible=YES) bestThisIter=6545.49 feasibleAnts=10 noImprove=10 (elapsed 39.943s)
[ITER 170] bestGlobalCost=6153.52 (feasible=YES) bestThisIter=6651.53 feasibleAnts=10 noImprove=20 (elapsed 43.6376s)
[ITER 180] bestGlobalCost=6153.52 (feasible=YES) bestThisIter=6295.00 feasibleAnts=10 noImprove=30 (elapsed 46.8952s)
[RESET] no improvement for30-> reset pheromones
[ITER 190] bestGlobalCost=6153.52 (feasible=YES) bestThisIter=6551.69 feasibleAnts=10 noImprove=10 (elapsed 47.9137s)
[ITER 200] bestGlobalCost=6153.52 (feasible=YES) bestThisIter=6492.47 feasibleAnts=10 noImprove=20 (elapsed 51.6836s)
[ITER 210] bestGlobalCost=6153.52 (feasible=YES) bestThisIter=6555.69 feasibleAnts=10 noImprove=30 (elapsed 54.9581s)
[RESET] no improvement for30-> reset pheromones
[ITER 220] bestGlobalCost=6153.52 (feasible=YES) bestThisIter=6585.93 feasibleAnts=10 noImprove=10 (elapsed 55.8894s)
[ITER 230] bestGlobalCost=6153.52 (feasible=YES) bestThisIter=6452.49 feasibleAnts=10 noImprove=20 (elapsed 59.2255s)
1 16 24 60 61 111 
2 21 53 64 93 109 115 
9 11 23 51 103 119 
17 20 41 42 49 50 98 
12 77 88 95 97 
7 38 40 56 72 74 105 
18 43 69 107 108 113 
48 101 102 110 112 
14 44 46 75 86 87 
4 8 26 34 70 116 
3 5 27 80 82 
45 59 78 81 94 
19 22 31 66 85 117 
47 54 55 71 90 96 
37 62 67 99 104 106 
6 10 35 36 84 89 
15 28 29 30 32 76 92 120 
39 57 63 73 83 114 
25 33 52 58 79 100 
13 65 68 91 118 
[SAVELOGS] evolution saved to results/logs/gr120_20_2/evolution/gr120_20_2
[SAVELOGS] best cost saved to results/logs/gr120_20_2/objectives/gr120_20_2
[SAVELOGS] best solution saved to results/logs/gr120_20_2/solutions/gr120_20_2
