[ITER 1] New best cost=57220.94 (feasible=YES, time 0.0546341s)
[ITER 2] New best cost=55796.52 (feasible=YES, time 0.110903s)
[ITER 10] bestGlobalCost=55796.52 (feasible=YES) bestThisIter=55847.84 feasibleAnts=10 noImprove=8 (elapsed 0.438286s)
[ITER 20] bestGlobalCost=55796.52 (feasible=YES) bestThisIter=55796.52 feasibleAnts=10 noImprove=18 (elapsed 3.4727s)
[ITER 30] bestGlobalCost=55796.52 (feasible=YES) bestThisIter=55796.52 feasibleAnts=10 noImprove=28 (elapsed 6.53113s)
[RESET] no improvement for30-> reset pheromones
[ITER 40] bestGlobalCost=55796.52 (feasible=YES) bestThisIter=55796.52 feasibleAnts=10 noImprove=8 (elapsed 7.18656s)
[ITER 50] bestGlobalCost=55796.52 (feasible=YES) bestThisIter=55796.52 feasibleAnts=10 noImprove=18 (elapsed 10.332s)
[ITER 60] bestGlobalCost=55796.52 (feasible=YES) bestThisIter=55796.52 feasibleAnts=10 noImprove=28 (elapsed 13.1354s)
[RESET] no improvement for30-> reset pheromones
[ITER 70] bestGlobalCost=55796.52 (feasible=YES) bestThisIter=56043.67 feasibleAnts=10 noImprove=8 (elapsed 13.541s)
[ITER 80] bestGlobalCost=55796.52 (feasible=YES) bestThisIter=55796.52 feasibleAnts=10 noImprove=18 (elapsed 16.8621s)
[ITER 90] bestGlobalCost=55796.52 (feasible=YES) bestThisIter=55796.52 feasibleAnts=10 noImprove=28 (elapsed 19.7698s)
[RESET] no improvement for30-> reset pheromones
[ITER 100] bestGlobalCost=55796.52 (feasible=YES) bestThisIter=55816.73 feasibleAnts=10 noImprove=8 (elapsed 20.1725s)
[ITER 110] bestGlobalCost=55796.52 (feasible=YES) bestThisIter=55796.52 feasibleAnts=10 noImprove=18 (elapsed 23.2127s)
[ITER 120] bestGlobalCost=55796.52 (feasible=YES) bestThisIter=55796.52 feasibleAnts=11 noImprove=28 (elapsed 26.3658s)
[RESET] no improvement for30-> reset pheromones
[ITER 130] bestGlobalCost=55796.52 (feasible=YES) bestThisIter=55816.73 feasibleAnts=10 noImprove=8 (elapsed 26.7495s)
[ITER 140] bestGlobalCost=55796.52 (feasible=YES) bestThisIter=55796.52 feasibleAnts=10 noImprove=18 (elapsed 29.7994s)
[ITER 150] bestGlobalCost=55796.52 (feasible=YES) bestThisIter=55796.52 feasibleAnts=10 noImprove=28 (elapsed 33.116s)
[RESET] no improvement for30-> reset pheromones
[ITER 160] bestGlobalCost=55796.52 (feasible=YES) bestThisIter=55796.52 feasibleAnts=10 noImprove=8 (elapsed 33.584s)
[ITER 170] bestGlobalCost=55796.52 (feasible=YES) bestThisIter=55796.52 feasibleAnts=10 noImprove=18 (elapsed 36.4317s)
[ITER 180] bestGlobalCost=55796.52 (feasible=YES) bestThisIter=55796.52 feasibleAnts=10 noImprove=28 (elapsed 39.4717s)
[RESET] no improvement for30-> reset pheromones
[ITER 190] bestGlobalCost=55796.52 (feasible=YES) bestThisIter=56094.14 feasibleAnts=10 noImprove=8 (elapsed 39.9276s)
[ITER 200] bestGlobalCost=55796.52 (feasible=YES) bestThisIter=55796.52 feasibleAnts=10 noImprove=18 (elapsed 43.1077s)
[ITER 210] bestGlobalCost=55796.52 (feasible=YES) bestThisIter=55796.52 feasibleAnts=10 noImprove=28 (elapsed 46.3429s)
[RESET] no improvement for30-> reset pheromones
[ITER 220] bestGlobalCost=55796.52 (feasible=YES) bestThisIter=55816.73 feasibleAnts=10 noImprove=8 (elapsed 46.7924s)
[ITER 230] bestGlobalCost=55796.52 (feasible=YES) bestThisIter=55796.52 feasibleAnts=10 noImprove=18 (elapsed 50.0657s)
[ITER 240] bestGlobalCost=55796.52 (feasible=YES) bestThisIter=55796.52 feasibleAnts=10 noImprove=28 (elapsed 53.382s)
[RESET] no improvement for30-> reset pheromones
[ITER 250] bestGlobalCost=55796.52 (feasible=YES) bestThisIter=55941.51 feasibleAnts=10 noImprove=8 (elapsed 53.8101s)
[ITER 260] bestGlobalCost=55796.52 (feasible=YES) bestThisIter=55796.52 feasibleAnts=10 noImprove=18 (elapsed 57.1493s)
[ITER 270] bestGlobalCost=55796.52 (feasible=YES) bestThisIter=55796.52 feasibleAnts=10 noImprove=28 (elapsed 59.9558s)
[RESET] no improvement for30-> reset pheromones
6 10 27 35 36 37 48 62 63 67 71 73 83 84 89 99 101 102 104 106 110 112 114 
13 17 18 20 25 33 42 43 49 50 52 58 65 68 69 79 91 98 100 107 108 113 118 
2 3 5 9 11 12 21 23 39 51 53 57 64 77 80 82 88 93 95 97 103 109 115 119 
14 15 19 22 28 29 30 31 41 44 45 46 59 66 74 75 78 81 85 86 87 92 94 117 120 
1 4 7 8 16 24 26 32 34 38 40 47 54 55 56 60 61 70 72 76 90 96 105 111 116 
[SAVELOGS] evolution saved to results/logs/gr120_05_3/evolution/gr120_05_3
[SAVELOGS] best cost saved to results/logs/gr120_05_3/objectives/gr120_05_3
[SAVELOGS] best solution saved to results/logs/gr120_05_3/solutions/gr120_05_3
