[ITER 1] New best cost=418896.25 (feasible=YES, time 0.586607s)
[ITER 2] New best cost=417673.30 (feasible=YES, time 0.94789s)
[ITER 4] New best cost=417377.78 (feasible=YES, time 2.07212s)
[ITER 6] New best cost=417309.44 (feasible=YES, time 3.24987s)
[ITER 8] New best cost=416278.25 (feasible=YES, time 4.43447s)
[TS] New best cost=415775.52 (feasible=YES, time 6.25656s)
[ITER 10] bestGlobalCost=415775.52 (feasible=YES) bestThisIter=415775.52 feasibleAnts=5 noImprove=2 (elapsed 7.20874s)
[ITER 20] bestGlobalCost=415775.52 (feasible=YES) bestThisIter=417473.96 feasibleAnts=5 noImprove=12 (elapsed 13.8625s)
[ITER 30] bestGlobalCost=415775.52 (feasible=YES) bestThisIter=418504.26 feasibleAnts=5 noImprove=22 (elapsed 20.5092s)
[ITER 40] bestGlobalCost=415775.52 (feasible=YES) bestThisIter=417096.93 feasibleAnts=5 noImprove=32 (elapsed 27.051s)
[ITER 50] bestGlobalCost=415775.52 (feasible=YES) bestThisIter=418449.88 feasibleAnts=5 noImprove=42 (elapsed 33.2482s)
[RESET] no improvement for50-> reset pheromones
[TS] New best cost=415397.41 (feasible=YES, time 39.251s)
[ITER 60] bestGlobalCost=415397.41 (feasible=YES) bestThisIter=415397.41 feasibleAnts=5 noImprove=2 (elapsed 40.1573s)
[ITER 70] bestGlobalCost=415397.41 (feasible=YES) bestThisIter=419348.46 feasibleAnts=5 noImprove=12 (elapsed 46.5543s)
[ITER 80] bestGlobalCost=415397.41 (feasible=YES) bestThisIter=419294.17 feasibleAnts=5 noImprove=22 (elapsed 52.6961s)
[ITER 83] New best cost=415188.44 (feasible=YES, time 53.8051s)
[ITER 90] bestGlobalCost=415188.44 (feasible=YES) bestThisIter=415188.44 feasibleAnts=6 noImprove=7 (elapsed 58.2198s)
[ITER 100] bestGlobalCost=415188.44 (feasible=YES) bestThisIter=417372.95 feasibleAnts=5 noImprove=17 (elapsed 64.2221s)
[ITER 110] bestGlobalCost=415188.44 (feasible=YES) bestThisIter=418999.07 feasibleAnts=5 noImprove=27 (elapsed 70.519s)
[ITER 120] bestGlobalCost=415188.44 (feasible=YES) bestThisIter=419678.54 feasibleAnts=5 noImprove=37 (elapsed 77.5046s)
[ITER 130] bestGlobalCost=415188.44 (feasible=YES) bestThisIter=419265.49 feasibleAnts=5 noImprove=47 (elapsed 85.4717s)
[RESET] no improvement for50-> reset pheromones
[ITER 140] bestGlobalCost=415188.44 (feasible=YES) bestThisIter=415188.44 feasibleAnts=5 noImprove=7 (elapsed 92.8853s)
[ITER 141] New best cost=414833.48 (feasible=YES, time 93.2612s)
[ITER 150] bestGlobalCost=414833.48 (feasible=YES) bestThisIter=417043.82 feasibleAnts=5 noImprove=9 (elapsed 99.2095s)
[ITER 160] bestGlobalCost=414833.48 (feasible=YES) bestThisIter=418155.44 feasibleAnts=5 noImprove=19 (elapsed 105.461s)
[ITER 170] bestGlobalCost=414833.48 (feasible=YES) bestThisIter=418946.90 feasibleAnts=5 noImprove=29 (elapsed 112.46s)
[ITER 180] bestGlobalCost=414833.48 (feasible=YES) bestThisIter=419824.62 feasibleAnts=5 noImprove=39 (elapsed 118.614s)
[ITER 190] bestGlobalCost=414833.48 (feasible=YES) bestThisIter=420156.40 feasibleAnts=5 noImprove=49 (elapsed 124.894s)
[RESET] no improvement for50-> reset pheromones
[ITER 200] bestGlobalCost=414833.48 (feasible=YES) bestThisIter=416961.64 feasibleAnts=5 noImprove=9 (elapsed 131.482s)
[ITER 210] bestGlobalCost=414833.48 (feasible=YES) bestThisIter=415915.59 feasibleAnts=5 noImprove=19 (elapsed 138.967s)
[ITER 220] bestGlobalCost=414833.48 (feasible=YES) bestThisIter=419080.86 feasibleAnts=5 noImprove=29 (elapsed 145.263s)
[ITER 230] bestGlobalCost=414833.48 (feasible=YES) bestThisIter=418860.35 feasibleAnts=5 noImprove=39 (elapsed 151.904s)
[ITER 240] bestGlobalCost=414833.48 (feasible=YES) bestThisIter=423679.33 feasibleAnts=5 noImprove=49 (elapsed 158.963s)
[RESET] no improvement for50-> reset pheromones
[ITER 250] bestGlobalCost=414833.48 (feasible=YES) bestThisIter=414833.48 feasibleAnts=5 noImprove=9 (elapsed 166.434s)
[ITER 260] bestGlobalCost=414833.48 (feasible=YES) bestThisIter=420081.34 feasibleAnts=5 noImprove=19 (elapsed 172.774s)
[ITER 270] bestGlobalCost=414833.48 (feasible=YES) bestThisIter=420259.47 feasibleAnts=5 noImprove=29 (elapsed 179.491s)
[ITER 280] bestGlobalCost=414833.48 (feasible=YES) bestThisIter=422410.59 feasibleAnts=5 noImprove=39 (elapsed 185.858s)
[ITER 290] bestGlobalCost=414833.48 (feasible=YES) bestThisIter=418610.94 feasibleAnts=5 noImprove=49 (elapsed 193.368s)
[RESET] no improvement for50-> reset pheromones
[ITER 300] bestGlobalCost=414833.48 (feasible=YES) bestThisIter=416386.57 feasibleAnts=5 noImprove=9 (elapsed 200.363s)
[ITER 310] bestGlobalCost=414833.48 (feasible=YES) bestThisIter=419276.18 feasibleAnts=5 noImprove=19 (elapsed 207.815s)
[ITER 320] bestGlobalCost=414833.48 (feasible=YES) bestThisIter=419337.63 feasibleAnts=5 noImprove=29 (elapsed 214.397s)
[ITER 330] bestGlobalCost=414833.48 (feasible=YES) bestThisIter=417500.16 feasibleAnts=5 noImprove=39 (elapsed 221.245s)
[ITER 340] bestGlobalCost=414833.48 (feasible=YES) bestThisIter=422468.28 feasibleAnts=5 noImprove=49 (elapsed 227.906s)
[RESET] no improvement for50-> reset pheromones
[ITER 350] bestGlobalCost=414833.48 (feasible=YES) bestThisIter=416151.52 feasibleAnts=5 noImprove=9 (elapsed 235.161s)
[ITER 360] bestGlobalCost=414833.48 (feasible=YES) bestThisIter=417541.08 feasibleAnts=5 noImprove=19 (elapsed 241.563s)
[ITER 370] bestGlobalCost=414833.48 (feasible=YES) bestThisIter=418067.11 feasibleAnts=5 noImprove=29 (elapsed 248.765s)
[ITER 380] bestGlobalCost=414833.48 (feasible=YES) bestThisIter=420145.42 feasibleAnts=5 noImprove=39 (elapsed 255.755s)
[ITER 390] bestGlobalCost=414833.48 (feasible=YES) bestThisIter=419345.77 feasibleAnts=5 noImprove=49 (elapsed 262.841s)
[RESET] no improvement for50-> reset pheromones
[ITER 400] bestGlobalCost=414833.48 (feasible=YES) bestThisIter=417672.89 feasibleAnts=5 noImprove=9 (elapsed 270.022s)
[ITER 410] bestGlobalCost=414833.48 (feasible=YES) bestThisIter=417759.65 feasibleAnts=5 noImprove=19 (elapsed 276.706s)
[ITER 420] bestGlobalCost=414833.48 (feasible=YES) bestThisIter=418073.07 feasibleAnts=5 noImprove=29 (elapsed 283.347s)
[ITER 430] bestGlobalCost=414833.48 (feasible=YES) bestThisIter=418899.33 feasibleAnts=5 noImprove=39 (elapsed 289.692s)
[ITER 440] bestGlobalCost=414833.48 (feasible=YES) bestThisIter=418993.46 feasibleAnts=5 noImprove=49 (elapsed 296.601s)
[RESET] no improvement for50-> reset pheromones
139 140 141 142 143 144 145 146 147 148 149 150 151 153 159 161 163 167 176 178 179 180 181 182 183 184 185 186 187 188 189 190 191 192 193 194 195 196 197 198 199 200 201 202 203 204 205 210 217 220 221 223 255 265 
66 67 74 75 76 77 78 79 80 81 82 83 84 85 86 87 88 89 90 91 92 93 94 95 96 97 98 99 100 101 102 103 104 105 106 107 108 109 110 112 113 114 160 162 164 165 166 168 169 170 171 172 173 174 175 177 
6 7 8 9 10 11 12 13 14 15 16 17 18 19 20 21 22 23 24 25 26 27 28 33 123 126 127 128 129 130 131 132 133 134 135 136 137 154 156 259 260 261 262 263 264 266 267 268 269 270 271 272 273 274 275 276 277 
29 30 31 32 34 35 36 37 38 39 40 41 42 43 44 45 46 47 48 49 50 51 52 53 54 55 56 57 58 59 60 61 62 63 64 65 68 69 70 71 72 73 111 115 116 117 118 119 120 121 122 124 125 138 152 155 157 158 
1 2 3 4 5 206 207 208 209 211 212 213 214 215 216 218 219 222 224 225 226 227 228 229 230 231 232 233 234 235 236 237 238 239 240 241 242 243 244 245 246 247 248 249 250 251 252 253 254 256 257 258 278 279 280 
[SAVELOGS] evolution saved to results/logs/aco_logs/evolution/a280_05_4.txt
[SAVELOGS] best cost saved to results/logs/aco_logs/objectives/a280_05_4.txt
[SAVELOGS] best solution saved to results/logs/aco_logs/solutions/a280_05_4.txt
