[ITER 1] New best cost=14086500.66 (feasible=YES, time 0.526341s)
[ITER 2] New best cost=13958588.19 (feasible=YES, time 0.882025s)
[ITER 3] New best cost=13956764.04 (feasible=YES, time 1.22907s)
[ITER 10] bestGlobalCost=13956764.04 (feasible=YES) bestThisIter=13962907.13 feasibleAnts=10 noImprove=7 (elapsed 3.24918s)
[ITER 19] New best cost=13954187.69 (feasible=YES, time 6.17095s)
[ITER 20] bestGlobalCost=13954187.69 (feasible=YES) bestThisIter=13956764.04 feasibleAnts=25 noImprove=1 (elapsed 6.46589s)
[ITER 22] New best cost=13947467.74 (feasible=YES, time 7.0679s)
[ITER 30] bestGlobalCost=13947467.74 (feasible=YES) bestThisIter=13954187.69 feasibleAnts=11 noImprove=8 (elapsed 9.3649s)
[ITER 40] bestGlobalCost=13947467.74 (feasible=YES) bestThisIter=13954187.69 feasibleAnts=10 noImprove=18 (elapsed 13.1634s)
[ITER 50] bestGlobalCost=13947467.74 (feasible=YES) bestThisIter=13962573.99 feasibleAnts=10 noImprove=28 (elapsed 17.4824s)
[ITER 60] bestGlobalCost=13947467.74 (feasible=YES) bestThisIter=13954187.69 feasibleAnts=10 noImprove=38 (elapsed 22.2565s)
[ITER 70] bestGlobalCost=13947467.74 (feasible=YES) bestThisIter=13954187.69 feasibleAnts=10 noImprove=48 (elapsed 27.3079s)
[RESET] no improvement for50-> reset pheromones
[ITER 80] bestGlobalCost=13947467.74 (feasible=YES) bestThisIter=13984250.27 feasibleAnts=11 noImprove=8 (elapsed 30.6037s)
[ITER 90] bestGlobalCost=13947467.74 (feasible=YES) bestThisIter=13957931.70 feasibleAnts=10 noImprove=18 (elapsed 34.2364s)
[ITER 100] bestGlobalCost=13947467.74 (feasible=YES) bestThisIter=14014891.79 feasibleAnts=10 noImprove=28 (elapsed 38.3011s)
[ITER 110] bestGlobalCost=13947467.74 (feasible=YES) bestThisIter=14022171.68 feasibleAnts=10 noImprove=38 (elapsed 42.815s)
[ITER 120] bestGlobalCost=13947467.74 (feasible=YES) bestThisIter=14005447.62 feasibleAnts=10 noImprove=48 (elapsed 47.3694s)
[RESET] no improvement for50-> reset pheromones
[ITER 130] bestGlobalCost=13947467.74 (feasible=YES) bestThisIter=13954187.69 feasibleAnts=10 noImprove=8 (elapsed 51.1144s)
[ITER 140] bestGlobalCost=13947467.74 (feasible=YES) bestThisIter=14006944.84 feasibleAnts=10 noImprove=18 (elapsed 54.8073s)
[ITER 150] bestGlobalCost=13947467.74 (feasible=YES) bestThisIter=13986687.53 feasibleAnts=10 noImprove=28 (elapsed 59.1368s)
[ITER 160] bestGlobalCost=13947467.74 (feasible=YES) bestThisIter=14017611.51 feasibleAnts=10 noImprove=38 (elapsed 64.1827s)
[ITER 170] bestGlobalCost=13947467.74 (feasible=YES) bestThisIter=13954187.69 feasibleAnts=10 noImprove=48 (elapsed 68.5601s)
[RESET] no improvement for50-> reset pheromones
[ITER 180] bestGlobalCost=13947467.74 (feasible=YES) bestThisIter=13969782.46 feasibleAnts=12 noImprove=8 (elapsed 72.0627s)
[ITER 190] bestGlobalCost=13947467.74 (feasible=YES) bestThisIter=14032129.12 feasibleAnts=10 noImprove=18 (elapsed 75.3771s)
[ITER 200] bestGlobalCost=13947467.74 (feasible=YES) bestThisIter=14064999.43 feasibleAnts=10 noImprove=28 (elapsed 80.1274s)
[ITER 210] bestGlobalCost=13947467.74 (feasible=YES) bestThisIter=13990652.09 feasibleAnts=10 noImprove=38 (elapsed 84.5206s)
[ITER 220] bestGlobalCost=13947467.74 (feasible=YES) bestThisIter=13957931.70 feasibleAnts=10 noImprove=48 (elapsed 88.6543s)
[RESET] no improvement for50-> reset pheromones
[ITER 230] bestGlobalCost=13947467.74 (feasible=YES) bestThisIter=13954187.69 feasibleAnts=10 noImprove=8 (elapsed 91.7861s)
[ITER 240] bestGlobalCost=13947467.74 (feasible=YES) bestThisIter=13954187.69 feasibleAnts=10 noImprove=18 (elapsed 95.1452s)
[ITER 250] bestGlobalCost=13947467.74 (feasible=YES) bestThisIter=13954187.69 feasibleAnts=10 noImprove=28 (elapsed 99.4897s)
[ITER 260] bestGlobalCost=13947467.74 (feasible=YES) bestThisIter=14019604.74 feasibleAnts=10 noImprove=38 (elapsed 103.821s)
[ITER 270] bestGlobalCost=13947467.74 (feasible=YES) bestThisIter=13957931.70 feasibleAnts=10 noImprove=48 (elapsed 108.704s)
[RESET] no improvement for50-> reset pheromones
[ITER 280] bestGlobalCost=13947467.74 (feasible=YES) bestThisIter=13990899.60 feasibleAnts=10 noImprove=8 (elapsed 111.917s)
[ITER 290] bestGlobalCost=13947467.74 (feasible=YES) bestThisIter=14006624.79 feasibleAnts=10 noImprove=18 (elapsed 115.418s)
[ITER 300] bestGlobalCost=13947467.74 (feasible=YES) bestThisIter=13954187.69 feasibleAnts=10 noImprove=28 (elapsed 119.299s)
[ITER 310] bestGlobalCost=13947467.74 (feasible=YES) bestThisIter=13971913.93 feasibleAnts=10 noImprove=38 (elapsed 123.836s)
[ITER 320] bestGlobalCost=13947467.74 (feasible=YES) bestThisIter=13962180.58 feasibleAnts=10 noImprove=48 (elapsed 128.441s)
[RESET] no improvement for50-> reset pheromones
[ITER 330] bestGlobalCost=13947467.74 (feasible=YES) bestThisIter=13954187.69 feasibleAnts=10 noImprove=8 (elapsed 131.904s)
[ITER 340] bestGlobalCost=13947467.74 (feasible=YES) bestThisIter=13962180.58 feasibleAnts=10 noImprove=18 (elapsed 135.86s)
[ITER 350] bestGlobalCost=13947467.74 (feasible=YES) bestThisIter=13954187.69 feasibleAnts=10 noImprove=28 (elapsed 140.285s)
[ITER 360] bestGlobalCost=13947467.74 (feasible=YES) bestThisIter=14031394.37 feasibleAnts=10 noImprove=38 (elapsed 144.715s)
[ITER 370] bestGlobalCost=13947467.74 (feasible=YES) bestThisIter=14019604.74 feasibleAnts=10 noImprove=48 (elapsed 149.205s)
[RESET] no improvement for50-> reset pheromones
[ITER 380] bestGlobalCost=13947467.74 (feasible=YES) bestThisIter=13954187.69 feasibleAnts=11 noImprove=8 (elapsed 152.642s)
[ITER 390] bestGlobalCost=13947467.74 (feasible=YES) bestThisIter=14008164.32 feasibleAnts=10 noImprove=18 (elapsed 156.567s)
[ITER 400] bestGlobalCost=13947467.74 (feasible=YES) bestThisIter=14014891.79 feasibleAnts=10 noImprove=28 (elapsed 160.56s)
[ITER 410] bestGlobalCost=13947467.74 (feasible=YES) bestThisIter=13954187.69 feasibleAnts=10 noImprove=38 (elapsed 164.998s)
[ITER 420] bestGlobalCost=13947467.74 (feasible=YES) bestThisIter=13989960.34 feasibleAnts=10 noImprove=48 (elapsed 168.83s)
[RESET] no improvement for50-> reset pheromones
[ITER 430] bestGlobalCost=13947467.74 (feasible=YES) bestThisIter=13957931.70 feasibleAnts=10 noImprove=8 (elapsed 172.087s)
[ITER 440] bestGlobalCost=13947467.74 (feasible=YES) bestThisIter=13961311.30 feasibleAnts=10 noImprove=18 (elapsed 175.872s)
[ITER 450] bestGlobalCost=13947467.74 (feasible=YES) bestThisIter=13957931.70 feasibleAnts=10 noImprove=28 (elapsed 179.553s)
[ITER 460] bestGlobalCost=13947467.74 (feasible=YES) bestThisIter=13954187.69 feasibleAnts=10 noImprove=38 (elapsed 183.594s)
[ITER 470] bestGlobalCost=13947467.74 (feasible=YES) bestThisIter=13954187.69 feasibleAnts=10 noImprove=48 (elapsed 187.98s)
[RESET] no improvement for50-> reset pheromones
[ITER 480] bestGlobalCost=13947467.74 (feasible=YES) bestThisIter=13954187.69 feasibleAnts=11 noImprove=8 (elapsed 191.267s)
[ITER 490] bestGlobalCost=13947467.74 (feasible=YES) bestThisIter=13957931.70 feasibleAnts=10 noImprove=18 (elapsed 194.706s)
[ITER 500] bestGlobalCost=13947467.74 (feasible=YES) bestThisIter=14014891.79 feasibleAnts=10 noImprove=28 (elapsed 198.728s)
[ITER 510] bestGlobalCost=13947467.74 (feasible=YES) bestThisIter=14014891.79 feasibleAnts=10 noImprove=38 (elapsed 202.925s)
[ITER 520] bestGlobalCost=13947467.74 (feasible=YES) bestThisIter=14028749.90 feasibleAnts=10 noImprove=48 (elapsed 207.518s)
[RESET] no improvement for50-> reset pheromones
[ITER 530] bestGlobalCost=13947467.74 (feasible=YES) bestThisIter=13954187.69 feasibleAnts=11 noImprove=8 (elapsed 211.253s)
[ITER 540] bestGlobalCost=13947467.74 (feasible=YES) bestThisIter=14006624.79 feasibleAnts=10 noImprove=18 (elapsed 214.243s)
[ITER 550] bestGlobalCost=13947467.74 (feasible=YES) bestThisIter=14005447.62 feasibleAnts=10 noImprove=28 (elapsed 218.456s)
[ITER 560] bestGlobalCost=13947467.74 (feasible=YES) bestThisIter=13988653.17 feasibleAnts=10 noImprove=38 (elapsed 222.962s)
[ITER 570] bestGlobalCost=13947467.74 (feasible=YES) bestThisIter=13954187.69 feasibleAnts=10 noImprove=48 (elapsed 227.219s)
[RESET] no improvement for50-> reset pheromones
[ITER 580] bestGlobalCost=13947467.74 (feasible=YES) bestThisIter=13954187.69 feasibleAnts=12 noImprove=8 (elapsed 230.749s)
[ITER 590] bestGlobalCost=13947467.74 (feasible=YES) bestThisIter=14032661.77 feasibleAnts=10 noImprove=18 (elapsed 234.041s)
[ITER 600] bestGlobalCost=13947467.74 (feasible=YES) bestThisIter=13962180.58 feasibleAnts=10 noImprove=28 (elapsed 238.143s)
[ITER 610] bestGlobalCost=13947467.74 (feasible=YES) bestThisIter=14013706.74 feasibleAnts=10 noImprove=38 (elapsed 242.726s)
[ITER 620] bestGlobalCost=13947467.74 (feasible=YES) bestThisIter=13957931.70 feasibleAnts=10 noImprove=48 (elapsed 247.986s)
[RESET] no improvement for50-> reset pheromones
[ITER 630] bestGlobalCost=13947467.74 (feasible=YES) bestThisIter=13969782.46 feasibleAnts=11 noImprove=8 (elapsed 251.329s)
[ITER 640] bestGlobalCost=13947467.74 (feasible=YES) bestThisIter=13954187.69 feasibleAnts=10 noImprove=18 (elapsed 254.358s)
[ITER 650] bestGlobalCost=13947467.74 (feasible=YES) bestThisIter=13954187.69 feasibleAnts=10 noImprove=28 (elapsed 258.072s)
[ITER 660] bestGlobalCost=13947467.74 (feasible=YES) bestThisIter=13957931.70 feasibleAnts=10 noImprove=38 (elapsed 262.04s)
[ITER 670] bestGlobalCost=13947467.74 (feasible=YES) bestThisIter=13954187.69 feasibleAnts=10 noImprove=48 (elapsed 266.617s)
[RESET] no improvement for50-> reset pheromones
[ITER 680] bestGlobalCost=13947467.74 (feasible=YES) bestThisIter=13954187.69 feasibleAnts=10 noImprove=8 (elapsed 270.014s)
[ITER 690] bestGlobalCost=13947467.74 (feasible=YES) bestThisIter=13958588.19 feasibleAnts=10 noImprove=18 (elapsed 273.464s)
[ITER 700] bestGlobalCost=13947467.74 (feasible=YES) bestThisIter=13954187.69 feasibleAnts=10 noImprove=28 (elapsed 277.897s)
[ITER 710] bestGlobalCost=13947467.74 (feasible=YES) bestThisIter=14041218.24 feasibleAnts=10 noImprove=38 (elapsed 282.189s)
[ITER 720] bestGlobalCost=13947467.74 (feasible=YES) bestThisIter=14040587.90 feasibleAnts=10 noImprove=48 (elapsed 286.789s)
[RESET] no improvement for50-> reset pheromones
[ITER 730] bestGlobalCost=13947467.74 (feasible=YES) bestThisIter=13954187.69 feasibleAnts=10 noImprove=8 (elapsed 289.929s)
[ITER 740] bestGlobalCost=13947467.74 (feasible=YES) bestThisIter=14014891.79 feasibleAnts=10 noImprove=18 (elapsed 293.9s)
[ITER 750] bestGlobalCost=13947467.74 (feasible=YES) bestThisIter=13971913.93 feasibleAnts=10 noImprove=28 (elapsed 298.018s)
1 2 3 4 5 6 7 8 9 10 11 12 13 14 15 16 17 18 64 65 66 67 68 69 70 71 72 73 74 75 76 77 78 79 80 81 82 83 84 85 86 103 111 113 114 118 
19 20 21 22 23 24 25 26 27 28 29 30 31 32 33 34 35 36 37 38 39 40 41 42 43 44 45 46 47 48 49 50 51 52 53 54 55 56 57 58 59 60 61 62 
142 143 147 149 150 151 152 153 154 155 156 157 158 159 160 161 162 163 164 165 166 167 168 169 170 171 172 173 174 175 176 177 178 179 180 181 182 183 184 185 186 187 188 189 190 
119 121 122 123 124 125 127 128 129 130 131 132 191 193 194 195 196 197 198 199 200 201 202 203 204 205 206 207 208 209 210 211 212 213 214 215 216 217 218 219 220 221 222 223 224 225 226 
63 87 88 89 90 91 92 93 94 95 96 97 98 99 100 101 102 104 105 106 107 108 109 110 112 115 116 117 120 126 133 134 135 136 137 138 139 140 141 144 145 146 148 192 
[SAVELOGS] evolution saved to results/logs/aco_logs/evolution/pr226_05_4.txt
[SAVELOGS] best cost saved to results/logs/aco_logs/objectives/pr226_05_4.txt
[SAVELOGS] best solution saved to results/logs/aco_logs/solutions/pr226_05_4.txt
