[ITER 1] New best cost=14073797.06 (feasible=YES, time 0.550492s)
[ITER 2] New best cost=14014891.79 (feasible=YES, time 0.997818s)
[ITER 3] New best cost=13954187.69 (feasible=YES, time 1.38784s)
[ITER 6] New best cost=13947467.74 (feasible=YES, time 2.12507s)
[ITER 10] bestGlobalCost=13947467.74 (feasible=YES) bestThisIter=13954187.69 feasibleAnts=20 noImprove=4 (elapsed 3.06513s)
[ITER 20] bestGlobalCost=13947467.74 (feasible=YES) bestThisIter=13961311.30 feasibleAnts=10 noImprove=14 (elapsed 5.88143s)
[ITER 30] bestGlobalCost=13947467.74 (feasible=YES) bestThisIter=13961311.30 feasibleAnts=10 noImprove=24 (elapsed 9.98615s)
[ITER 40] bestGlobalCost=13947467.74 (feasible=YES) bestThisIter=13958588.19 feasibleAnts=10 noImprove=34 (elapsed 14.1705s)
[ITER 50] bestGlobalCost=13947467.74 (feasible=YES) bestThisIter=14006624.79 feasibleAnts=10 noImprove=44 (elapsed 18.1375s)
[RESET] no improvement for50-> reset pheromones
[ITER 60] bestGlobalCost=13947467.74 (feasible=YES) bestThisIter=13954187.69 feasibleAnts=16 noImprove=4 (elapsed 22.7408s)
[ITER 70] bestGlobalCost=13947467.74 (feasible=YES) bestThisIter=13954187.69 feasibleAnts=10 noImprove=14 (elapsed 26.0362s)
[ITER 80] bestGlobalCost=13947467.74 (feasible=YES) bestThisIter=13984250.27 feasibleAnts=10 noImprove=24 (elapsed 29.3099s)
[ITER 90] bestGlobalCost=13947467.74 (feasible=YES) bestThisIter=13958406.55 feasibleAnts=10 noImprove=34 (elapsed 33.3871s)
[ITER 100] bestGlobalCost=13947467.74 (feasible=YES) bestThisIter=13962180.58 feasibleAnts=10 noImprove=44 (elapsed 38.2263s)
[RESET] no improvement for50-> reset pheromones
[ITER 110] bestGlobalCost=13947467.74 (feasible=YES) bestThisIter=14032811.62 feasibleAnts=15 noImprove=4 (elapsed 43.0898s)
[ITER 120] bestGlobalCost=13947467.74 (feasible=YES) bestThisIter=13957931.70 feasibleAnts=10 noImprove=14 (elapsed 46.3275s)
[ITER 130] bestGlobalCost=13947467.74 (feasible=YES) bestThisIter=13957931.70 feasibleAnts=11 noImprove=24 (elapsed 50.0136s)
[ITER 140] bestGlobalCost=13947467.74 (feasible=YES) bestThisIter=13982472.74 feasibleAnts=10 noImprove=34 (elapsed 53.9659s)
[ITER 150] bestGlobalCost=13947467.74 (feasible=YES) bestThisIter=13987027.57 feasibleAnts=10 noImprove=44 (elapsed 58.0763s)
[RESET] no improvement for50-> reset pheromones
[ITER 160] bestGlobalCost=13947467.74 (feasible=YES) bestThisIter=14081718.35 feasibleAnts=17 noImprove=4 (elapsed 61.933s)
[ITER 170] bestGlobalCost=13947467.74 (feasible=YES) bestThisIter=13957931.70 feasibleAnts=10 noImprove=14 (elapsed 64.6869s)
[ITER 180] bestGlobalCost=13947467.74 (feasible=YES) bestThisIter=13957931.70 feasibleAnts=10 noImprove=24 (elapsed 68.5323s)
[ITER 190] bestGlobalCost=13947467.74 (feasible=YES) bestThisIter=13954187.69 feasibleAnts=10 noImprove=34 (elapsed 71.9964s)
[ITER 200] bestGlobalCost=13947467.74 (feasible=YES) bestThisIter=14008823.45 feasibleAnts=10 noImprove=44 (elapsed 76.5749s)
[RESET] no improvement for50-> reset pheromones
[ITER 210] bestGlobalCost=13947467.74 (feasible=YES) bestThisIter=13954187.69 feasibleAnts=20 noImprove=4 (elapsed 80.1755s)
[ITER 220] bestGlobalCost=13947467.74 (feasible=YES) bestThisIter=13954187.69 feasibleAnts=10 noImprove=14 (elapsed 83.1893s)
[ITER 230] bestGlobalCost=13947467.74 (feasible=YES) bestThisIter=13954187.69 feasibleAnts=10 noImprove=24 (elapsed 87.3434s)
[ITER 240] bestGlobalCost=13947467.74 (feasible=YES) bestThisIter=14005447.62 feasibleAnts=10 noImprove=34 (elapsed 92.0701s)
[ITER 250] bestGlobalCost=13947467.74 (feasible=YES) bestThisIter=13967335.12 feasibleAnts=10 noImprove=44 (elapsed 96.5172s)
[RESET] no improvement for50-> reset pheromones
[ITER 260] bestGlobalCost=13947467.74 (feasible=YES) bestThisIter=13957931.70 feasibleAnts=18 noImprove=4 (elapsed 100.546s)
[ITER 270] bestGlobalCost=13947467.74 (feasible=YES) bestThisIter=13954187.69 feasibleAnts=10 noImprove=14 (elapsed 103.786s)
[ITER 280] bestGlobalCost=13947467.74 (feasible=YES) bestThisIter=13954187.69 feasibleAnts=10 noImprove=24 (elapsed 107.501s)
[ITER 290] bestGlobalCost=13947467.74 (feasible=YES) bestThisIter=13984420.33 feasibleAnts=10 noImprove=34 (elapsed 111.579s)
[ITER 300] bestGlobalCost=13947467.74 (feasible=YES) bestThisIter=13989960.34 feasibleAnts=10 noImprove=44 (elapsed 116.11s)
[RESET] no improvement for50-> reset pheromones
[ITER 310] bestGlobalCost=13947467.74 (feasible=YES) bestThisIter=13954187.69 feasibleAnts=14 noImprove=4 (elapsed 120.107s)
[ITER 320] bestGlobalCost=13947467.74 (feasible=YES) bestThisIter=13961311.30 feasibleAnts=10 noImprove=14 (elapsed 123.114s)
[ITER 330] bestGlobalCost=13947467.74 (feasible=YES) bestThisIter=13954187.69 feasibleAnts=10 noImprove=24 (elapsed 126.932s)
[ITER 340] bestGlobalCost=13947467.74 (feasible=YES) bestThisIter=13954187.69 feasibleAnts=10 noImprove=34 (elapsed 131.157s)
[ITER 350] bestGlobalCost=13947467.74 (feasible=YES) bestThisIter=13984250.27 feasibleAnts=10 noImprove=44 (elapsed 136.307s)
[RESET] no improvement for50-> reset pheromones
[ITER 360] bestGlobalCost=13947467.74 (feasible=YES) bestThisIter=13969782.46 feasibleAnts=16 noImprove=4 (elapsed 139.951s)
[ITER 370] bestGlobalCost=13947467.74 (feasible=YES) bestThisIter=13954187.69 feasibleAnts=10 noImprove=14 (elapsed 142.855s)
[ITER 380] bestGlobalCost=13947467.74 (feasible=YES) bestThisIter=13954187.69 feasibleAnts=10 noImprove=24 (elapsed 146.846s)
[ITER 390] bestGlobalCost=13947467.74 (feasible=YES) bestThisIter=14042592.83 feasibleAnts=10 noImprove=34 (elapsed 150.858s)
[ITER 400] bestGlobalCost=13947467.74 (feasible=YES) bestThisIter=13999329.39 feasibleAnts=10 noImprove=44 (elapsed 155.08s)
[RESET] no improvement for50-> reset pheromones
[ITER 410] bestGlobalCost=13947467.74 (feasible=YES) bestThisIter=13954187.69 feasibleAnts=19 noImprove=4 (elapsed 159.021s)
[ITER 420] bestGlobalCost=13947467.74 (feasible=YES) bestThisIter=13954187.69 feasibleAnts=10 noImprove=14 (elapsed 161.731s)
[ITER 430] bestGlobalCost=13947467.74 (feasible=YES) bestThisIter=13954187.69 feasibleAnts=10 noImprove=24 (elapsed 165.718s)
[ITER 440] bestGlobalCost=13947467.74 (feasible=YES) bestThisIter=13969782.46 feasibleAnts=10 noImprove=34 (elapsed 169.949s)
[ITER 450] bestGlobalCost=13947467.74 (feasible=YES) bestThisIter=13998523.10 feasibleAnts=10 noImprove=44 (elapsed 174.473s)
[RESET] no improvement for50-> reset pheromones
[ITER 460] bestGlobalCost=13947467.74 (feasible=YES) bestThisIter=14017611.51 feasibleAnts=17 noImprove=4 (elapsed 178.801s)
[ITER 470] bestGlobalCost=13947467.74 (feasible=YES) bestThisIter=13957931.70 feasibleAnts=10 noImprove=14 (elapsed 181.827s)
[ITER 480] bestGlobalCost=13947467.74 (feasible=YES) bestThisIter=13954187.69 feasibleAnts=10 noImprove=24 (elapsed 185.31s)
[ITER 490] bestGlobalCost=13947467.74 (feasible=YES) bestThisIter=14047451.51 feasibleAnts=10 noImprove=34 (elapsed 189.238s)
[ITER 500] bestGlobalCost=13947467.74 (feasible=YES) bestThisIter=14014891.79 feasibleAnts=10 noImprove=44 (elapsed 193.836s)
[RESET] no improvement for50-> reset pheromones
[ITER 510] bestGlobalCost=13947467.74 (feasible=YES) bestThisIter=13961905.26 feasibleAnts=17 noImprove=4 (elapsed 198.047s)
[ITER 520] bestGlobalCost=13947467.74 (feasible=YES) bestThisIter=13961311.30 feasibleAnts=10 noImprove=14 (elapsed 201.138s)
[ITER 530] bestGlobalCost=13947467.74 (feasible=YES) bestThisIter=13962573.99 feasibleAnts=10 noImprove=24 (elapsed 205.513s)
[ITER 540] bestGlobalCost=13947467.74 (feasible=YES) bestThisIter=13962180.58 feasibleAnts=10 noImprove=34 (elapsed 209.325s)
[ITER 550] bestGlobalCost=13947467.74 (feasible=YES) bestThisIter=14005284.47 feasibleAnts=10 noImprove=44 (elapsed 214.107s)
[RESET] no improvement for50-> reset pheromones
[ITER 560] bestGlobalCost=13947467.74 (feasible=YES) bestThisIter=13957931.70 feasibleAnts=17 noImprove=4 (elapsed 218.321s)
[ITER 570] bestGlobalCost=13947467.74 (feasible=YES) bestThisIter=14013301.53 feasibleAnts=10 noImprove=14 (elapsed 221.349s)
[ITER 580] bestGlobalCost=13947467.74 (feasible=YES) bestThisIter=14014891.79 feasibleAnts=10 noImprove=24 (elapsed 225.51s)
[ITER 590] bestGlobalCost=13947467.74 (feasible=YES) bestThisIter=14006624.79 feasibleAnts=10 noImprove=34 (elapsed 229.152s)
[ITER 600] bestGlobalCost=13947467.74 (feasible=YES) bestThisIter=14007298.94 feasibleAnts=10 noImprove=44 (elapsed 233.759s)
[RESET] no improvement for50-> reset pheromones
[ITER 610] bestGlobalCost=13947467.74 (feasible=YES) bestThisIter=13957931.70 feasibleAnts=19 noImprove=4 (elapsed 237.474s)
[ITER 620] bestGlobalCost=13947467.74 (feasible=YES) bestThisIter=13957931.70 feasibleAnts=10 noImprove=14 (elapsed 240.117s)
[ITER 630] bestGlobalCost=13947467.74 (feasible=YES) bestThisIter=13954187.69 feasibleAnts=10 noImprove=24 (elapsed 244.209s)
[ITER 640] bestGlobalCost=13947467.74 (feasible=YES) bestThisIter=13954187.69 feasibleAnts=10 noImprove=34 (elapsed 248.678s)
[ITER 650] bestGlobalCost=13947467.74 (feasible=YES) bestThisIter=13958588.19 feasibleAnts=10 noImprove=44 (elapsed 253.245s)
[RESET] no improvement for50-> reset pheromones
[ITER 660] bestGlobalCost=13947467.74 (feasible=YES) bestThisIter=14015522.25 feasibleAnts=14 noImprove=4 (elapsed 256.92s)
[ITER 670] bestGlobalCost=13947467.74 (feasible=YES) bestThisIter=13961905.26 feasibleAnts=10 noImprove=14 (elapsed 260.074s)
[ITER 680] bestGlobalCost=13947467.74 (feasible=YES) bestThisIter=13957931.70 feasibleAnts=10 noImprove=24 (elapsed 263.799s)
[ITER 690] bestGlobalCost=13947467.74 (feasible=YES) bestThisIter=13963701.80 feasibleAnts=10 noImprove=34 (elapsed 267.682s)
[ITER 700] bestGlobalCost=13947467.74 (feasible=YES) bestThisIter=13954187.69 feasibleAnts=10 noImprove=44 (elapsed 271.969s)
[RESET] no improvement for50-> reset pheromones
[ITER 710] bestGlobalCost=13947467.74 (feasible=YES) bestThisIter=13957931.70 feasibleAnts=17 noImprove=4 (elapsed 276.151s)
[ITER 720] bestGlobalCost=13947467.74 (feasible=YES) bestThisIter=13954187.69 feasibleAnts=10 noImprove=14 (elapsed 279.266s)
[ITER 730] bestGlobalCost=13947467.74 (feasible=YES) bestThisIter=13954187.69 feasibleAnts=10 noImprove=24 (elapsed 282.852s)
[ITER 740] bestGlobalCost=13947467.74 (feasible=YES) bestThisIter=13966501.77 feasibleAnts=10 noImprove=34 (elapsed 287.505s)
[ITER 750] bestGlobalCost=13947467.74 (feasible=YES) bestThisIter=13971913.93 feasibleAnts=10 noImprove=44 (elapsed 292.226s)
[RESET] no improvement for50-> reset pheromones
[ITER 760] bestGlobalCost=13947467.74 (feasible=YES) bestThisIter=13954187.69 feasibleAnts=18 noImprove=4 (elapsed 296.526s)
[ITER 770] bestGlobalCost=13947467.74 (feasible=YES) bestThisIter=13954187.69 feasibleAnts=11 noImprove=14 (elapsed 299.455s)
63 87 88 89 90 91 92 93 94 95 96 97 98 99 100 101 102 104 105 106 107 108 109 110 112 115 116 117 120 126 133 134 135 136 137 138 139 140 141 144 145 146 148 192 
142 143 147 149 150 151 152 153 154 155 156 157 158 159 160 161 162 163 164 165 166 167 168 169 170 171 172 173 174 175 176 177 178 179 180 181 182 183 184 185 186 187 188 189 190 
119 121 122 123 124 125 127 128 129 130 131 132 191 193 194 195 196 197 198 199 200 201 202 203 204 205 206 207 208 209 210 211 212 213 214 215 216 217 218 219 220 221 222 223 224 225 226 
1 2 3 4 5 6 7 8 9 10 11 12 13 14 15 16 17 18 64 65 66 67 68 69 70 71 72 73 74 75 76 77 78 79 80 81 82 83 84 85 86 103 111 113 114 118 
19 20 21 22 23 24 25 26 27 28 29 30 31 32 33 34 35 36 37 38 39 40 41 42 43 44 45 46 47 48 49 50 51 52 53 54 55 56 57 58 59 60 61 62 
[SAVELOGS] evolution saved to results/logs/aco_logs/evolution/pr226_05_4.txt
[SAVELOGS] best cost saved to results/logs/aco_logs/objectives/pr226_05_4.txt
[SAVELOGS] best solution saved to results/logs/aco_logs/solutions/pr226_05_4.txt
