[ITER 1] New best cost=2494382.50 (feasible=YES, time 0.263498s)
[ITER 2] New best cost=2467116.50 (feasible=YES, time 0.37447s)
[ITER 3] New best cost=2461837.03 (feasible=YES, time 0.523965s)
[ITER 4] New best cost=2443300.91 (feasible=YES, time 0.655025s)
[ITER 6] New best cost=2406707.29 (feasible=YES, time 1.74614s)
[ITER 10] bestGlobalCost=2406707.29 (feasible=YES) bestThisIter=2435212.73 feasibleAnts=21 noImprove=4 (elapsed 3.02464s)
[ITER 19] New best cost=2406345.79 (feasible=YES, time 4.76458s)
[ITER 20] bestGlobalCost=2406345.79 (feasible=YES) bestThisIter=2406707.29 feasibleAnts=30 noImprove=1 (elapsed 5.64847s)
[ITER 24] New best cost=2405284.41 (feasible=YES, time 5.87157s)
[ITER 25] New best cost=2400787.59 (feasible=YES, time 6.76522s)
[ITER 30] bestGlobalCost=2400787.59 (feasible=YES) bestThisIter=2405284.41 feasibleAnts=13 noImprove=5 (elapsed 7.85484s)
[ITER 31] New best cost=2398571.53 (feasible=YES, time 7.96898s)
[ITER 32] New best cost=2396693.09 (feasible=YES, time 8.02129s)
[ITER 40] bestGlobalCost=2396693.09 (feasible=YES) bestThisIter=2403685.46 feasibleAnts=23 noImprove=8 (elapsed 10.3752s)
[ITER 50] bestGlobalCost=2396693.09 (feasible=YES) bestThisIter=2397390.36 feasibleAnts=13 noImprove=18 (elapsed 13.1591s)
[ITER 52] New best cost=2387808.70 (feasible=YES, time 13.4235s)
[ITER 60] bestGlobalCost=2387808.70 (feasible=YES) bestThisIter=2393613.42 feasibleAnts=19 noImprove=8 (elapsed 15.725s)
[ITER 70] bestGlobalCost=2387808.70 (feasible=YES) bestThisIter=2390647.30 feasibleAnts=12 noImprove=18 (elapsed 18.5106s)
[ITER 80] bestGlobalCost=2387808.70 (feasible=YES) bestThisIter=2393315.93 feasibleAnts=12 noImprove=28 (elapsed 21.3992s)
[ITER 90] bestGlobalCost=2387808.70 (feasible=YES) bestThisIter=2401904.84 feasibleAnts=12 noImprove=38 (elapsed 24.6824s)
[ITER 100] bestGlobalCost=2387808.70 (feasible=YES) bestThisIter=2489415.42 feasibleAnts=10 noImprove=48 (elapsed 27.972s)
[RESET] no improvement for50-> reset pheromones
[ITER 110] bestGlobalCost=2387808.70 (feasible=YES) bestThisIter=2399269.43 feasibleAnts=12 noImprove=8 (elapsed 31.269s)
[ITER 113] New best cost=2384316.05 (feasible=YES, time 31.6535s)
[ITER 120] bestGlobalCost=2384316.05 (feasible=YES) bestThisIter=2389300.36 feasibleAnts=19 noImprove=7 (elapsed 33.8969s)
[ITER 130] bestGlobalCost=2384316.05 (feasible=YES) bestThisIter=2394971.58 feasibleAnts=13 noImprove=17 (elapsed 36.5999s)
[ITER 140] bestGlobalCost=2384316.05 (feasible=YES) bestThisIter=2387211.84 feasibleAnts=12 noImprove=27 (elapsed 39.4937s)
[ITER 150] bestGlobalCost=2384316.05 (feasible=YES) bestThisIter=2391570.67 feasibleAnts=13 noImprove=37 (elapsed 42.6446s)
[ITER 160] bestGlobalCost=2384316.05 (feasible=YES) bestThisIter=2416331.42 feasibleAnts=14 noImprove=47 (elapsed 45.9799s)
[RESET] no improvement for50-> reset pheromones
[ITER 170] bestGlobalCost=2384316.05 (feasible=YES) bestThisIter=2392733.26 feasibleAnts=13 noImprove=7 (elapsed 49.3918s)
[ITER 180] bestGlobalCost=2384316.05 (feasible=YES) bestThisIter=2403970.64 feasibleAnts=12 noImprove=17 (elapsed 52.2949s)
[ITER 190] bestGlobalCost=2384316.05 (feasible=YES) bestThisIter=2421484.14 feasibleAnts=9 noImprove=27 (elapsed 55.5956s)
[ITER 200] bestGlobalCost=2384316.05 (feasible=YES) bestThisIter=2469754.21 feasibleAnts=13 noImprove=37 (elapsed 58.8927s)
[ITER 210] bestGlobalCost=2384316.05 (feasible=YES) bestThisIter=2454535.39 feasibleAnts=11 noImprove=47 (elapsed 62.3703s)
[RESET] no improvement for50-> reset pheromones
[ITER 220] bestGlobalCost=2384316.05 (feasible=YES) bestThisIter=2390593.64 feasibleAnts=13 noImprove=7 (elapsed 65.7238s)
[ITER 230] bestGlobalCost=2384316.05 (feasible=YES) bestThisIter=2454964.68 feasibleAnts=13 noImprove=17 (elapsed 68.5575s)
[ITER 240] bestGlobalCost=2384316.05 (feasible=YES) bestThisIter=2409530.87 feasibleAnts=9 noImprove=27 (elapsed 71.7185s)
[ITER 250] bestGlobalCost=2384316.05 (feasible=YES) bestThisIter=2412799.89 feasibleAnts=10 noImprove=37 (elapsed 75.0316s)
[ITER 260] bestGlobalCost=2384316.05 (feasible=YES) bestThisIter=2436387.85 feasibleAnts=7 noImprove=47 (elapsed 78.5233s)
[RESET] no improvement for50-> reset pheromones
[ITER 270] bestGlobalCost=2384316.05 (feasible=YES) bestThisIter=2385070.30 feasibleAnts=12 noImprove=7 (elapsed 81.869s)
[ITER 280] bestGlobalCost=2384316.05 (feasible=YES) bestThisIter=2394393.95 feasibleAnts=14 noImprove=17 (elapsed 84.7811s)
[ITER 290] bestGlobalCost=2384316.05 (feasible=YES) bestThisIter=2398064.83 feasibleAnts=10 noImprove=27 (elapsed 87.933s)
[ITER 300] bestGlobalCost=2384316.05 (feasible=YES) bestThisIter=2410868.31 feasibleAnts=11 noImprove=37 (elapsed 91.2206s)
[ITER 310] bestGlobalCost=2384316.05 (feasible=YES) bestThisIter=2414463.03 feasibleAnts=12 noImprove=47 (elapsed 94.7147s)
[RESET] no improvement for50-> reset pheromones
[ITER 320] bestGlobalCost=2384316.05 (feasible=YES) bestThisIter=2387446.85 feasibleAnts=14 noImprove=7 (elapsed 97.9955s)
[ITER 321] New best cost=2383638.18 (feasible=YES, time 98.129s)
[ITER 325] New best cost=2381045.13 (feasible=YES, time 99.1979s)
[ITER 330] bestGlobalCost=2381045.13 (feasible=YES) bestThisIter=2384902.88 feasibleAnts=32 noImprove=5 (elapsed 100.336s)
[ITER 340] bestGlobalCost=2381045.13 (feasible=YES) bestThisIter=2389091.81 feasibleAnts=19 noImprove=15 (elapsed 103.003s)
[ITER 350] bestGlobalCost=2381045.13 (feasible=YES) bestThisIter=2387058.06 feasibleAnts=12 noImprove=25 (elapsed 105.856s)
[ITER 360] bestGlobalCost=2381045.13 (feasible=YES) bestThisIter=2406288.15 feasibleAnts=9 noImprove=35 (elapsed 108.948s)
[ITER 370] bestGlobalCost=2381045.13 (feasible=YES) bestThisIter=2474335.93 feasibleAnts=11 noImprove=45 (elapsed 112.289s)
[RESET] no improvement for50-> reset pheromones
[ITER 380] bestGlobalCost=2381045.13 (feasible=YES) bestThisIter=2381816.15 feasibleAnts=13 noImprove=5 (elapsed 115.783s)
[ITER 390] bestGlobalCost=2381045.13 (feasible=YES) bestThisIter=2393346.39 feasibleAnts=13 noImprove=15 (elapsed 118.626s)
[ITER 400] bestGlobalCost=2381045.13 (feasible=YES) bestThisIter=2392788.94 feasibleAnts=7 noImprove=25 (elapsed 121.687s)
[ITER 410] bestGlobalCost=2381045.13 (feasible=YES) bestThisIter=2410932.28 feasibleAnts=11 noImprove=35 (elapsed 124.848s)
[ITER 420] bestGlobalCost=2381045.13 (feasible=YES) bestThisIter=2426617.30 feasibleAnts=8 noImprove=45 (elapsed 128.367s)
[RESET] no improvement for50-> reset pheromones
[ITER 430] bestGlobalCost=2381045.13 (feasible=YES) bestThisIter=2394605.47 feasibleAnts=12 noImprove=5 (elapsed 131.825s)
[ITER 440] bestGlobalCost=2381045.13 (feasible=YES) bestThisIter=2399488.90 feasibleAnts=11 noImprove=15 (elapsed 134.715s)
[ITER 450] bestGlobalCost=2381045.13 (feasible=YES) bestThisIter=2397930.66 feasibleAnts=13 noImprove=25 (elapsed 137.819s)
[ITER 460] bestGlobalCost=2381045.13 (feasible=YES) bestThisIter=2463978.12 feasibleAnts=10 noImprove=35 (elapsed 141.054s)
[ITER 470] bestGlobalCost=2381045.13 (feasible=YES) bestThisIter=2394992.01 feasibleAnts=11 noImprove=45 (elapsed 144.529s)
[RESET] no improvement for50-> reset pheromones
[ITER 480] bestGlobalCost=2381045.13 (feasible=YES) bestThisIter=2398995.29 feasibleAnts=11 noImprove=5 (elapsed 148.036s)
[ITER 490] bestGlobalCost=2381045.13 (feasible=YES) bestThisIter=2391506.31 feasibleAnts=13 noImprove=15 (elapsed 150.928s)
[ITER 500] bestGlobalCost=2381045.13 (feasible=YES) bestThisIter=2431842.66 feasibleAnts=10 noImprove=25 (elapsed 154.077s)
[ITER 510] bestGlobalCost=2381045.13 (feasible=YES) bestThisIter=2415213.34 feasibleAnts=12 noImprove=35 (elapsed 157.375s)
[ITER 520] bestGlobalCost=2381045.13 (feasible=YES) bestThisIter=2455226.55 feasibleAnts=14 noImprove=45 (elapsed 160.815s)
[RESET] no improvement for50-> reset pheromones
[ITER 530] bestGlobalCost=2381045.13 (feasible=YES) bestThisIter=2386304.96 feasibleAnts=11 noImprove=5 (elapsed 164.314s)
[ITER 540] bestGlobalCost=2381045.13 (feasible=YES) bestThisIter=2400572.72 feasibleAnts=11 noImprove=15 (elapsed 167.228s)
[ITER 550] bestGlobalCost=2381045.13 (feasible=YES) bestThisIter=2413374.11 feasibleAnts=14 noImprove=25 (elapsed 170.303s)
[ITER 560] bestGlobalCost=2381045.13 (feasible=YES) bestThisIter=2396298.91 feasibleAnts=13 noImprove=35 (elapsed 173.649s)
[ITER 570] bestGlobalCost=2381045.13 (feasible=YES) bestThisIter=2404707.95 feasibleAnts=12 noImprove=45 (elapsed 177.184s)
[RESET] no improvement for50-> reset pheromones
[ITER 580] bestGlobalCost=2381045.13 (feasible=YES) bestThisIter=2406967.27 feasibleAnts=12 noImprove=5 (elapsed 180.582s)
[ITER 590] bestGlobalCost=2381045.13 (feasible=YES) bestThisIter=2409629.27 feasibleAnts=11 noImprove=15 (elapsed 183.495s)
[ITER 600] bestGlobalCost=2381045.13 (feasible=YES) bestThisIter=2391845.38 feasibleAnts=12 noImprove=25 (elapsed 186.568s)
[ITER 610] bestGlobalCost=2381045.13 (feasible=YES) bestThisIter=2459378.16 feasibleAnts=10 noImprove=35 (elapsed 189.882s)
[ITER 620] bestGlobalCost=2381045.13 (feasible=YES) bestThisIter=2437923.52 feasibleAnts=12 noImprove=45 (elapsed 193.388s)
[RESET] no improvement for50-> reset pheromones
[ITER 630] bestGlobalCost=2381045.13 (feasible=YES) bestThisIter=2390912.71 feasibleAnts=15 noImprove=5 (elapsed 196.789s)
[ITER 636] New best cost=2380913.00 (feasible=YES, time 198.382s)
[ITER 640] bestGlobalCost=2380913.00 (feasible=YES) bestThisIter=2383883.73 feasibleAnts=15 noImprove=4 (elapsed 199.463s)
[ITER 650] bestGlobalCost=2380913.00 (feasible=YES) bestThisIter=2388466.55 feasibleAnts=15 noImprove=14 (elapsed 202.179s)
[ITER 660] bestGlobalCost=2380913.00 (feasible=YES) bestThisIter=2406889.91 feasibleAnts=12 noImprove=24 (elapsed 204.965s)
[ITER 670] bestGlobalCost=2380913.00 (feasible=YES) bestThisIter=2443393.88 feasibleAnts=12 noImprove=34 (elapsed 208.043s)
[ITER 680] bestGlobalCost=2380913.00 (feasible=YES) bestThisIter=2404555.33 feasibleAnts=10 noImprove=44 (elapsed 211.373s)
[RESET] no improvement for50-> reset pheromones
[ITER 690] bestGlobalCost=2380913.00 (feasible=YES) bestThisIter=2391595.67 feasibleAnts=11 noImprove=4 (elapsed 214.852s)
[ITER 700] bestGlobalCost=2380913.00 (feasible=YES) bestThisIter=2387685.33 feasibleAnts=13 noImprove=14 (elapsed 217.74s)
[ITER 710] bestGlobalCost=2380913.00 (feasible=YES) bestThisIter=2416498.75 feasibleAnts=11 noImprove=24 (elapsed 220.788s)
[ITER 720] bestGlobalCost=2380913.00 (feasible=YES) bestThisIter=2452684.59 feasibleAnts=10 noImprove=34 (elapsed 224.06s)
[ITER 730] bestGlobalCost=2380913.00 (feasible=YES) bestThisIter=2481593.79 feasibleAnts=10 noImprove=44 (elapsed 227.522s)
[RESET] no improvement for50-> reset pheromones
[ITER 740] bestGlobalCost=2380913.00 (feasible=YES) bestThisIter=2386925.93 feasibleAnts=11 noImprove=4 (elapsed 231.027s)
[ITER 750] bestGlobalCost=2380913.00 (feasible=YES) bestThisIter=2395986.72 feasibleAnts=11 noImprove=14 (elapsed 233.923s)
[ITER 760] bestGlobalCost=2380913.00 (feasible=YES) bestThisIter=2421548.41 feasibleAnts=10 noImprove=24 (elapsed 236.931s)
[ITER 770] bestGlobalCost=2380913.00 (feasible=YES) bestThisIter=2455922.74 feasibleAnts=8 noImprove=34 (elapsed 240.163s)
[ITER 780] bestGlobalCost=2380913.00 (feasible=YES) bestThisIter=2457793.93 feasibleAnts=11 noImprove=44 (elapsed 243.603s)
[RESET] no improvement for50-> reset pheromones
[ITER 790] bestGlobalCost=2380913.00 (feasible=YES) bestThisIter=2384507.10 feasibleAnts=12 noImprove=4 (elapsed 247.114s)
[ITER 800] bestGlobalCost=2380913.00 (feasible=YES) bestThisIter=2395986.72 feasibleAnts=14 noImprove=14 (elapsed 249.935s)
[ITER 810] bestGlobalCost=2380913.00 (feasible=YES) bestThisIter=2435228.46 feasibleAnts=13 noImprove=24 (elapsed 253.002s)
[ITER 820] bestGlobalCost=2380913.00 (feasible=YES) bestThisIter=2468809.76 feasibleAnts=13 noImprove=34 (elapsed 256.355s)
[ITER 830] bestGlobalCost=2380913.00 (feasible=YES) bestThisIter=2421605.27 feasibleAnts=9 noImprove=44 (elapsed 259.816s)
[RESET] no improvement for50-> reset pheromones
[ITER 840] bestGlobalCost=2380913.00 (feasible=YES) bestThisIter=2405331.96 feasibleAnts=12 noImprove=4 (elapsed 263.356s)
[ITER 850] bestGlobalCost=2380913.00 (feasible=YES) bestThisIter=2400992.62 feasibleAnts=11 noImprove=14 (elapsed 266.255s)
[ITER 860] bestGlobalCost=2380913.00 (feasible=YES) bestThisIter=2459989.53 feasibleAnts=10 noImprove=24 (elapsed 269.279s)
[ITER 870] bestGlobalCost=2380913.00 (feasible=YES) bestThisIter=2390812.82 feasibleAnts=11 noImprove=34 (elapsed 272.561s)
[ITER 880] bestGlobalCost=2380913.00 (feasible=YES) bestThisIter=2451889.34 feasibleAnts=8 noImprove=44 (elapsed 275.92s)
[RESET] no improvement for50-> reset pheromones
[ITER 890] bestGlobalCost=2380913.00 (feasible=YES) bestThisIter=2393346.39 feasibleAnts=13 noImprove=4 (elapsed 279.535s)
[ITER 900] bestGlobalCost=2380913.00 (feasible=YES) bestThisIter=2390508.59 feasibleAnts=11 noImprove=14 (elapsed 282.37s)
[ITER 910] bestGlobalCost=2380913.00 (feasible=YES) bestThisIter=2405046.12 feasibleAnts=14 noImprove=24 (elapsed 285.429s)
[ITER 920] bestGlobalCost=2380913.00 (feasible=YES) bestThisIter=2428760.30 feasibleAnts=12 noImprove=34 (elapsed 288.64s)
[ITER 930] bestGlobalCost=2380913.00 (feasible=YES) bestThisIter=2504312.32 feasibleAnts=11 noImprove=44 (elapsed 292.066s)
[RESET] no improvement for50-> reset pheromones
[ITER 940] bestGlobalCost=2380913.00 (feasible=YES) bestThisIter=2408546.99 feasibleAnts=10 noImprove=4 (elapsed 295.56s)
[ITER 950] bestGlobalCost=2380913.00 (feasible=YES) bestThisIter=2400420.53 feasibleAnts=11 noImprove=14 (elapsed 298.442s)
[ITER 960] bestGlobalCost=2380913.00 (feasible=YES) bestThisIter=2408586.83 feasibleAnts=10 noImprove=24 (elapsed 301.547s)
[ITER 970] bestGlobalCost=2380913.00 (feasible=YES) bestThisIter=2415327.96 feasibleAnts=11 noImprove=34 (elapsed 304.776s)
[ITER 980] bestGlobalCost=2380913.00 (feasible=YES) bestThisIter=2410708.38 feasibleAnts=10 noImprove=44 (elapsed 308.183s)
[RESET] no improvement for50-> reset pheromones
[ITER 990] bestGlobalCost=2380913.00 (feasible=YES) bestThisIter=2389587.51 feasibleAnts=13 noImprove=4 (elapsed 311.626s)
[ITER 1000] bestGlobalCost=2380913.00 (feasible=YES) bestThisIter=2392999.63 feasibleAnts=9 noImprove=14 (elapsed 314.422s)
2 3 5 6 8 78 80 82 83 84 85 86 87 88 89 91 92 93 94 95 96 99 130 131 132 
37 38 41 44 45 47 48 49 50 51 52 53 54 55 56 57 58 60 118 122 123 124 125 126 127 128 129 171 
143 144 145 148 163 164 165 166 167 168 169 170 220 221 222 223 224 225 237 238 239 240 241 242 243 264 
18 22 23 24 25 26 27 29 30 32 33 65 66 67 68 69 70 71 72 73 75 101 102 103 104 108 109 
133 134 135 190 192 193 194 195 196 197 198 199 200 201 202 203 204 205 207 255 256 257 258 259 260 
4 7 9 10 11 12 13 14 15 16 17 19 20 21 74 76 77 79 81 90 97 98 100 105 106 
146 147 149 150 151 152 153 154 155 156 157 158 159 160 161 162 226 227 228 229 230 231 232 233 234 235 236 
140 141 142 172 173 174 175 176 177 178 179 180 181 182 212 215 216 217 218 219 244 245 246 248 249 250 
1 28 31 34 35 36 39 40 42 43 46 59 61 62 63 64 107 110 111 112 113 114 115 116 117 119 120 121 
136 137 138 139 183 184 185 186 187 188 189 191 206 208 209 210 211 213 214 247 251 252 253 254 261 262 263 
[SAVELOGS] evolution saved to results/logs/aco_logs/evolution/pr264_10_2.txt
[SAVELOGS] best cost saved to results/logs/aco_logs/objectives/pr264_10_2.txt
[SAVELOGS] best solution saved to results/logs/aco_logs/solutions/pr264_10_2.txt
