[ITER 1] New best cost=4046.14 (feasible=YES, time 0.015727s)
[ITER 10] bestGlobalCost=4046.14 (feasible=YES) bestThisIter=4046.14 feasibleAnts=28 noImprove=9 (elapsed 0.149916s)
[ITER 20] bestGlobalCost=4046.14 (feasible=YES) bestThisIter=4046.14 feasibleAnts=30 noImprove=19 (elapsed 0.441183s)
[ITER 30] bestGlobalCost=4046.14 (feasible=YES) bestThisIter=4046.14 feasibleAnts=38 noImprove=29 (elapsed 0.706958s)
[RESET] no improvement for30-> reset pheromones
[ITER 40] bestGlobalCost=4046.14 (feasible=YES) bestThisIter=4046.14 feasibleAnts=31 noImprove=9 (elapsed 0.884978s)
[ITER 50] bestGlobalCost=4046.14 (feasible=YES) bestThisIter=4046.14 feasibleAnts=33 noImprove=19 (elapsed 1.03427s)
[ITER 60] bestGlobalCost=4046.14 (feasible=YES) bestThisIter=4046.14 feasibleAnts=31 noImprove=29 (elapsed 1.19724s)
[RESET] no improvement for30-> reset pheromones
[ITER 70] bestGlobalCost=4046.14 (feasible=YES) bestThisIter=4046.14 feasibleAnts=27 noImprove=9 (elapsed 1.35546s)
[ITER 80] bestGlobalCost=4046.14 (feasible=YES) bestThisIter=4046.14 feasibleAnts=32 noImprove=19 (elapsed 1.49589s)
[ITER 90] bestGlobalCost=4046.14 (feasible=YES) bestThisIter=4046.14 feasibleAnts=33 noImprove=29 (elapsed 1.62961s)
[RESET] no improvement for30-> reset pheromones
[ITER 100] bestGlobalCost=4046.14 (feasible=YES) bestThisIter=4046.14 feasibleAnts=34 noImprove=9 (elapsed 1.78105s)
[ITER 110] bestGlobalCost=4046.14 (feasible=YES) bestThisIter=4046.14 feasibleAnts=31 noImprove=19 (elapsed 1.91769s)
[ITER 120] bestGlobalCost=4046.14 (feasible=YES) bestThisIter=4046.14 feasibleAnts=34 noImprove=29 (elapsed 2.0701s)
[RESET] no improvement for30-> reset pheromones
[ITER 130] bestGlobalCost=4046.14 (feasible=YES) bestThisIter=4046.14 feasibleAnts=35 noImprove=9 (elapsed 2.21418s)
[ITER 140] bestGlobalCost=4046.14 (feasible=YES) bestThisIter=4046.14 feasibleAnts=29 noImprove=19 (elapsed 2.33348s)
[ITER 150] bestGlobalCost=4046.14 (feasible=YES) bestThisIter=4046.14 feasibleAnts=30 noImprove=29 (elapsed 2.45009s)
[RESET] no improvement for30-> reset pheromones
[ITER 160] bestGlobalCost=4046.14 (feasible=YES) bestThisIter=4046.14 feasibleAnts=35 noImprove=9 (elapsed 2.59799s)
[ITER 170] bestGlobalCost=4046.14 (feasible=YES) bestThisIter=4046.14 feasibleAnts=30 noImprove=19 (elapsed 2.72791s)
[ITER 180] bestGlobalCost=4046.14 (feasible=YES) bestThisIter=4046.14 feasibleAnts=30 noImprove=29 (elapsed 2.8443s)
[RESET] no improvement for30-> reset pheromones
[ITER 190] bestGlobalCost=4046.14 (feasible=YES) bestThisIter=4046.14 feasibleAnts=35 noImprove=9 (elapsed 2.99464s)
[ITER 200] bestGlobalCost=4046.14 (feasible=YES) bestThisIter=4046.14 feasibleAnts=32 noImprove=19 (elapsed 3.13857s)
[ITER 210] bestGlobalCost=4046.14 (feasible=YES) bestThisIter=4046.14 feasibleAnts=32 noImprove=29 (elapsed 3.2548s)
[RESET] no improvement for30-> reset pheromones
[ITER 220] bestGlobalCost=4046.14 (feasible=YES) bestThisIter=4046.14 feasibleAnts=27 noImprove=9 (elapsed 3.40237s)
[ITER 230] bestGlobalCost=4046.14 (feasible=YES) bestThisIter=4046.14 feasibleAnts=28 noImprove=19 (elapsed 3.51933s)
[ITER 240] bestGlobalCost=4046.14 (feasible=YES) bestThisIter=4046.14 feasibleAnts=35 noImprove=29 (elapsed 3.63955s)
[RESET] no improvement for30-> reset pheromones
[ITER 250] bestGlobalCost=4046.14 (feasible=YES) bestThisIter=4046.14 feasibleAnts=30 noImprove=9 (elapsed 3.79193s)
[ITER 260] bestGlobalCost=4046.14 (feasible=YES) bestThisIter=4046.14 feasibleAnts=32 noImprove=19 (elapsed 3.92259s)
[ITER 270] bestGlobalCost=4046.14 (feasible=YES) bestThisIter=4046.14 feasibleAnts=32 noImprove=29 (elapsed 4.05939s)
[RESET] no improvement for30-> reset pheromones
[ITER 280] bestGlobalCost=4046.14 (feasible=YES) bestThisIter=4046.14 feasibleAnts=35 noImprove=9 (elapsed 4.21031s)
[ITER 290] bestGlobalCost=4046.14 (feasible=YES) bestThisIter=4046.14 feasibleAnts=30 noImprove=19 (elapsed 4.35914s)
[ITER 300] bestGlobalCost=4046.14 (feasible=YES) bestThisIter=4046.14 feasibleAnts=33 noImprove=29 (elapsed 4.49259s)
[RESET] no improvement for30-> reset pheromones
[ITER 310] bestGlobalCost=4046.14 (feasible=YES) bestThisIter=4046.14 feasibleAnts=33 noImprove=9 (elapsed 4.63806s)
[ITER 320] bestGlobalCost=4046.14 (feasible=YES) bestThisIter=4046.14 feasibleAnts=35 noImprove=19 (elapsed 4.78253s)
[ITER 330] bestGlobalCost=4046.14 (feasible=YES) bestThisIter=4046.14 feasibleAnts=29 noImprove=29 (elapsed 4.92759s)
[RESET] no improvement for30-> reset pheromones
[ITER 340] bestGlobalCost=4046.14 (feasible=YES) bestThisIter=4046.14 feasibleAnts=30 noImprove=9 (elapsed 5.07484s)
[ITER 350] bestGlobalCost=4046.14 (feasible=YES) bestThisIter=4046.14 feasibleAnts=36 noImprove=19 (elapsed 5.20927s)
[ITER 360] bestGlobalCost=4046.14 (feasible=YES) bestThisIter=4046.14 feasibleAnts=32 noImprove=29 (elapsed 5.34025s)
[RESET] no improvement for30-> reset pheromones
[ITER 370] bestGlobalCost=4046.14 (feasible=YES) bestThisIter=4046.14 feasibleAnts=32 noImprove=9 (elapsed 5.49102s)
[ITER 380] bestGlobalCost=4046.14 (feasible=YES) bestThisIter=4046.14 feasibleAnts=36 noImprove=19 (elapsed 5.62007s)
[ITER 390] bestGlobalCost=4046.14 (feasible=YES) bestThisIter=4046.14 feasibleAnts=33 noImprove=29 (elapsed 5.74881s)
[RESET] no improvement for30-> reset pheromones
[ITER 400] bestGlobalCost=4046.14 (feasible=YES) bestThisIter=4046.14 feasibleAnts=35 noImprove=9 (elapsed 5.89861s)
[ITER 410] bestGlobalCost=4046.14 (feasible=YES) bestThisIter=4046.14 feasibleAnts=34 noImprove=19 (elapsed 6.01584s)
[ITER 420] bestGlobalCost=4046.14 (feasible=YES) bestThisIter=4046.14 feasibleAnts=32 noImprove=29 (elapsed 6.16193s)
[RESET] no improvement for30-> reset pheromones
[ITER 430] bestGlobalCost=4046.14 (feasible=YES) bestThisIter=4046.14 feasibleAnts=33 noImprove=9 (elapsed 6.31497s)
[ITER 440] bestGlobalCost=4046.14 (feasible=YES) bestThisIter=4046.14 feasibleAnts=35 noImprove=19 (elapsed 6.44588s)
[ITER 450] bestGlobalCost=4046.14 (feasible=YES) bestThisIter=4046.14 feasibleAnts=33 noImprove=29 (elapsed 6.57549s)
[RESET] no improvement for30-> reset pheromones
[ITER 460] bestGlobalCost=4046.14 (feasible=YES) bestThisIter=4046.14 feasibleAnts=35 noImprove=9 (elapsed 6.73019s)
[ITER 470] bestGlobalCost=4046.14 (feasible=YES) bestThisIter=4046.14 feasibleAnts=30 noImprove=19 (elapsed 6.84704s)
[ITER 480] bestGlobalCost=4046.14 (feasible=YES) bestThisIter=4046.14 feasibleAnts=34 noImprove=29 (elapsed 6.96153s)
[RESET] no improvement for30-> reset pheromones
[ITER 490] bestGlobalCost=4046.14 (feasible=YES) bestThisIter=4046.14 feasibleAnts=37 noImprove=9 (elapsed 7.11146s)
[ITER 500] bestGlobalCost=4046.14 (feasible=YES) bestThisIter=4046.14 feasibleAnts=34 noImprove=19 (elapsed 7.2326s)
[ITER 510] bestGlobalCost=4046.14 (feasible=YES) bestThisIter=4046.14 feasibleAnts=33 noImprove=29 (elapsed 7.34968s)
[RESET] no improvement for30-> reset pheromones
[ITER 520] bestGlobalCost=4046.14 (feasible=YES) bestThisIter=4046.14 feasibleAnts=32 noImprove=9 (elapsed 7.49746s)
[ITER 530] bestGlobalCost=4046.14 (feasible=YES) bestThisIter=4046.14 feasibleAnts=33 noImprove=19 (elapsed 7.64313s)
[ITER 540] bestGlobalCost=4046.14 (feasible=YES) bestThisIter=4046.14 feasibleAnts=29 noImprove=29 (elapsed 7.75822s)
[RESET] no improvement for30-> reset pheromones
[ITER 550] bestGlobalCost=4046.14 (feasible=YES) bestThisIter=4046.14 feasibleAnts=33 noImprove=9 (elapsed 7.91035s)
[ITER 560] bestGlobalCost=4046.14 (feasible=YES) bestThisIter=4046.14 feasibleAnts=36 noImprove=19 (elapsed 8.05396s)
[ITER 570] bestGlobalCost=4046.14 (feasible=YES) bestThisIter=4046.14 feasibleAnts=34 noImprove=29 (elapsed 8.19653s)
[RESET] no improvement for30-> reset pheromones
[ITER 580] bestGlobalCost=4046.14 (feasible=YES) bestThisIter=4046.14 feasibleAnts=35 noImprove=9 (elapsed 8.34911s)
[ITER 590] bestGlobalCost=4046.14 (feasible=YES) bestThisIter=4046.14 feasibleAnts=35 noImprove=19 (elapsed 8.48014s)
[ITER 600] bestGlobalCost=4046.14 (feasible=YES) bestThisIter=4046.14 feasibleAnts=33 noImprove=29 (elapsed 8.62361s)
[RESET] no improvement for30-> reset pheromones
[ITER 610] bestGlobalCost=4046.14 (feasible=YES) bestThisIter=4046.14 feasibleAnts=33 noImprove=9 (elapsed 8.77467s)
[ITER 620] bestGlobalCost=4046.14 (feasible=YES) bestThisIter=4046.14 feasibleAnts=33 noImprove=19 (elapsed 8.90749s)
[ITER 630] bestGlobalCost=4046.14 (feasible=YES) bestThisIter=4046.14 feasibleAnts=34 noImprove=29 (elapsed 9.01527s)
[RESET] no improvement for30-> reset pheromones
[ITER 640] bestGlobalCost=4046.14 (feasible=YES) bestThisIter=4046.14 feasibleAnts=33 noImprove=9 (elapsed 9.16104s)
[ITER 650] bestGlobalCost=4046.14 (feasible=YES) bestThisIter=4046.14 feasibleAnts=31 noImprove=19 (elapsed 9.29996s)
[ITER 660] bestGlobalCost=4046.14 (feasible=YES) bestThisIter=4046.14 feasibleAnts=30 noImprove=29 (elapsed 9.44801s)
[RESET] no improvement for30-> reset pheromones
[ITER 670] bestGlobalCost=4046.14 (feasible=YES) bestThisIter=4046.14 feasibleAnts=34 noImprove=9 (elapsed 9.59962s)
[ITER 680] bestGlobalCost=4046.14 (feasible=YES) bestThisIter=4046.14 feasibleAnts=36 noImprove=19 (elapsed 9.72868s)
[ITER 690] bestGlobalCost=4046.14 (feasible=YES) bestThisIter=4046.14 feasibleAnts=29 noImprove=29 (elapsed 9.8629s)
[RESET] no improvement for30-> reset pheromones
[ITER 700] bestGlobalCost=4046.14 (feasible=YES) bestThisIter=4046.14 feasibleAnts=32 noImprove=9 (elapsed 10.0129s)
9 13 25 27 30 31 33 45 46 
6 10 16 17 22 23 32 38 
1 2 3 8 11 20 24 43 49 
4 12 15 21 26 42 44 47 48 
5 7 34 36 39 40 41 
14 18 19 28 29 35 37 50 
[SAVELOGS] evolution saved to results/logs/aco_logs/evolution/muestra5_50_6.txt
[SAVELOGS] best cost saved to results/logs/aco_logs/objectives/muestra5_50_6.txt
[SAVELOGS] best solution saved to results/logs/aco_logs/solutions/muestra5_50_6.txt
