[ITER 1] New best cost=789342.88 (feasible=YES, time 0.0663933s)
[ITER 2] New best cost=782732.92 (feasible=YES, time 0.114701s)
[ITER 3] New best cost=770833.66 (feasible=YES, time 0.158454s)
[ITER 9] New best cost=768818.66 (feasible=YES, time 0.44596s)
[ITER 10] bestGlobalCost=768818.66 (feasible=YES) bestThisIter=770833.66 feasibleAnts=22 noImprove=1 (elapsed 0.49037s)
[ITER 20] bestGlobalCost=768818.66 (feasible=YES) bestThisIter=768818.66 feasibleAnts=15 noImprove=11 (elapsed 3.1469s)
[ITER 30] bestGlobalCost=768818.66 (feasible=YES) bestThisIter=768818.66 feasibleAnts=9 noImprove=21 (elapsed 5.59529s)
[RESET] no improvement for30-> reset pheromones
[ITER 40] bestGlobalCost=768818.66 (feasible=YES) bestThisIter=844413.20 feasibleAnts=10 noImprove=1 (elapsed 6.00246s)
[ITER 50] bestGlobalCost=768818.66 (feasible=YES) bestThisIter=781660.70 feasibleAnts=10 noImprove=11 (elapsed 9.20141s)
[ITER 60] bestGlobalCost=768818.66 (feasible=YES) bestThisIter=772837.98 feasibleAnts=10 noImprove=21 (elapsed 11.8065s)
[RESET] no improvement for30-> reset pheromones
[ITER 70] bestGlobalCost=768818.66 (feasible=YES) bestThisIter=818552.98 feasibleAnts=10 noImprove=1 (elapsed 12.2517s)
[ITER 72] New best cost=766005.50 (feasible=YES, time 12.3498s)
[ITER 73] New best cost=764595.65 (feasible=YES, time 12.3801s)
[ITER 80] bestGlobalCost=764595.65 (feasible=YES) bestThisIter=773239.05 feasibleAnts=10 noImprove=7 (elapsed 15.0545s)
[ITER 85] New best cost=764182.11 (feasible=YES, time 15.2911s)
[ITER 90] bestGlobalCost=764182.11 (feasible=YES) bestThisIter=764182.11 feasibleAnts=18 noImprove=5 (elapsed 17.982s)
[ITER 100] bestGlobalCost=764182.11 (feasible=YES) bestThisIter=764182.11 feasibleAnts=10 noImprove=15 (elapsed 18.3176s)
[ITER 110] bestGlobalCost=764182.11 (feasible=YES) bestThisIter=764182.11 feasibleAnts=10 noImprove=25 (elapsed 20.7807s)
[RESET] no improvement for30-> reset pheromones
[ITER 120] bestGlobalCost=764182.11 (feasible=YES) bestThisIter=783384.35 feasibleAnts=10 noImprove=5 (elapsed 23.6199s)
[ITER 130] bestGlobalCost=764182.11 (feasible=YES) bestThisIter=764182.11 feasibleAnts=10 noImprove=15 (elapsed 24.1692s)
[ITER 140] bestGlobalCost=764182.11 (feasible=YES) bestThisIter=764182.11 feasibleAnts=10 noImprove=25 (elapsed 26.9469s)
[RESET] no improvement for30-> reset pheromones
[ITER 150] bestGlobalCost=764182.11 (feasible=YES) bestThisIter=792946.95 feasibleAnts=10 noImprove=5 (elapsed 29.466s)
[ITER 160] bestGlobalCost=764182.11 (feasible=YES) bestThisIter=764182.11 feasibleAnts=10 noImprove=15 (elapsed 29.9181s)
[ITER 170] bestGlobalCost=764182.11 (feasible=YES) bestThisIter=764182.11 feasibleAnts=10 noImprove=25 (elapsed 32.8135s)
[RESET] no improvement for30-> reset pheromones
[ITER 180] bestGlobalCost=764182.11 (feasible=YES) bestThisIter=785798.75 feasibleAnts=10 noImprove=5 (elapsed 35.6056s)
[ITER 190] bestGlobalCost=764182.11 (feasible=YES) bestThisIter=764182.11 feasibleAnts=11 noImprove=15 (elapsed 36.054s)
[ITER 200] bestGlobalCost=764182.11 (feasible=YES) bestThisIter=765904.11 feasibleAnts=9 noImprove=25 (elapsed 38.7197s)
[RESET] no improvement for30-> reset pheromones
[ITER 210] bestGlobalCost=764182.11 (feasible=YES) bestThisIter=803770.13 feasibleAnts=10 noImprove=5 (elapsed 41.7676s)
[ITER 220] bestGlobalCost=764182.11 (feasible=YES) bestThisIter=764182.11 feasibleAnts=10 noImprove=15 (elapsed 42.1651s)
[ITER 230] bestGlobalCost=764182.11 (feasible=YES) bestThisIter=764182.11 feasibleAnts=10 noImprove=25 (elapsed 44.6567s)
[RESET] no improvement for30-> reset pheromones
[ITER 240] bestGlobalCost=764182.11 (feasible=YES) bestThisIter=789462.51 feasibleAnts=10 noImprove=5 (elapsed 47.5133s)
[ITER 250] bestGlobalCost=764182.11 (feasible=YES) bestThisIter=764182.11 feasibleAnts=9 noImprove=15 (elapsed 48.0782s)
[ITER 260] bestGlobalCost=764182.11 (feasible=YES) bestThisIter=777603.97 feasibleAnts=10 noImprove=25 (elapsed 50.8069s)
[RESET] no improvement for30-> reset pheromones
[ITER 270] bestGlobalCost=764182.11 (feasible=YES) bestThisIter=788318.82 feasibleAnts=10 noImprove=5 (elapsed 53.3177s)
[ITER 280] bestGlobalCost=764182.11 (feasible=YES) bestThisIter=764182.11 feasibleAnts=9 noImprove=15 (elapsed 53.7631s)
[ITER 290] bestGlobalCost=764182.11 (feasible=YES) bestThisIter=764182.11 feasibleAnts=10 noImprove=25 (elapsed 56.68s)
[RESET] no improvement for30-> reset pheromones
[ITER 300] bestGlobalCost=764182.11 (feasible=YES) bestThisIter=803428.57 feasibleAnts=10 noImprove=5 (elapsed 59.4138s)
[ITER 310] bestGlobalCost=764182.11 (feasible=YES) bestThisIter=764182.11 feasibleAnts=9 noImprove=15 (elapsed 59.8676s)
2 13 16 19 24 31 36 41 42 44 45 48 50 55 63 78 82 88 92 96 
5 10 26 30 39 40 47 53 56 62 67 68 69 70 75 79 80 81 100 
7 9 20 21 22 23 25 35 37 38 46 49 52 57 58 65 66 72 84 86 90 98 
4 6 14 15 17 18 33 34 43 51 54 60 61 64 74 77 83 87 89 94 
1 3 8 11 12 27 28 29 32 59 71 73 76 85 91 93 95 97 99 
[SAVELOGS] evolution saved to results/logs/kroB100_05_5/evolution/kroB100_05_5
[SAVELOGS] best cost saved to results/logs/kroB100_05_5/objectives/kroB100_05_5
[SAVELOGS] best solution saved to results/logs/kroB100_05_5/solutions/kroB100_05_5
