[ITER 1] New best cost=802708.24 (feasible=YES, time 0.0583853s)
[ITER 2] New best cost=784343.46 (feasible=YES, time 0.121563s)
[ITER 3] New best cost=784321.31 (feasible=YES, time 0.157975s)
[ITER 4] New best cost=770779.05 (feasible=YES, time 0.195845s)
[ITER 6] New best cost=770051.88 (feasible=YES, time 0.300714s)
[ITER 7] New best cost=768744.32 (feasible=YES, time 0.337526s)
[ITER 10] bestGlobalCost=768744.32 (feasible=YES) bestThisIter=768744.32 feasibleAnts=11 noImprove=3 (elapsed 0.462961s)
[ITER 20] bestGlobalCost=768744.32 (feasible=YES) bestThisIter=768744.32 feasibleAnts=9 noImprove=13 (elapsed 3.12819s)
[ITER 30] bestGlobalCost=768744.32 (feasible=YES) bestThisIter=768744.32 feasibleAnts=10 noImprove=23 (elapsed 5.76277s)
[ITER 37] New best cost=766005.50 (feasible=YES, time 6.03175s)
[ITER 40] New best cost=764595.65 (feasible=YES, time 6.13016s)
[ITER 40] bestGlobalCost=764595.65 (feasible=YES) bestThisIter=764595.65 feasibleAnts=11 noImprove=0 (elapsed 6.13343s)
[ITER 50] bestGlobalCost=764595.65 (feasible=YES) bestThisIter=764595.65 feasibleAnts=11 noImprove=10 (elapsed 9.10567s)
[ITER 60] bestGlobalCost=764595.65 (feasible=YES) bestThisIter=764595.65 feasibleAnts=10 noImprove=20 (elapsed 11.5977s)
[ITER 68] New best cost=764182.11 (feasible=YES, time 11.9511s)
[ITER 70] bestGlobalCost=764182.11 (feasible=YES) bestThisIter=764595.65 feasibleAnts=24 noImprove=2 (elapsed 12.0352s)
[ITER 80] bestGlobalCost=764182.11 (feasible=YES) bestThisIter=764182.11 feasibleAnts=10 noImprove=12 (elapsed 14.7423s)
[ITER 90] bestGlobalCost=764182.11 (feasible=YES) bestThisIter=764182.11 feasibleAnts=7 noImprove=22 (elapsed 17.615s)
[RESET] no improvement for30-> reset pheromones
[ITER 100] bestGlobalCost=764182.11 (feasible=YES) bestThisIter=773879.48 feasibleAnts=10 noImprove=2 (elapsed 17.9767s)
[ITER 110] bestGlobalCost=764182.11 (feasible=YES) bestThisIter=765904.11 feasibleAnts=10 noImprove=12 (elapsed 20.5626s)
[ITER 120] bestGlobalCost=764182.11 (feasible=YES) bestThisIter=764182.11 feasibleAnts=10 noImprove=22 (elapsed 23.3763s)
[RESET] no improvement for30-> reset pheromones
[ITER 130] bestGlobalCost=764182.11 (feasible=YES) bestThisIter=764182.11 feasibleAnts=9 noImprove=2 (elapsed 23.794s)
[ITER 140] bestGlobalCost=764182.11 (feasible=YES) bestThisIter=777148.97 feasibleAnts=10 noImprove=12 (elapsed 26.6861s)
[ITER 150] bestGlobalCost=764182.11 (feasible=YES) bestThisIter=764182.11 feasibleAnts=9 noImprove=22 (elapsed 29.1641s)
[RESET] no improvement for30-> reset pheromones
[ITER 160] bestGlobalCost=764182.11 (feasible=YES) bestThisIter=773013.95 feasibleAnts=10 noImprove=2 (elapsed 29.6544s)
[ITER 170] bestGlobalCost=764182.11 (feasible=YES) bestThisIter=765904.11 feasibleAnts=9 noImprove=12 (elapsed 32.7491s)
[ITER 180] bestGlobalCost=764182.11 (feasible=YES) bestThisIter=764182.11 feasibleAnts=10 noImprove=22 (elapsed 35.3639s)
[RESET] no improvement for30-> reset pheromones
[ITER 190] bestGlobalCost=764182.11 (feasible=YES) bestThisIter=778911.45 feasibleAnts=10 noImprove=2 (elapsed 35.756s)
[ITER 200] bestGlobalCost=764182.11 (feasible=YES) bestThisIter=789959.72 feasibleAnts=10 noImprove=12 (elapsed 38.8184s)
[ITER 210] bestGlobalCost=764182.11 (feasible=YES) bestThisIter=764182.11 feasibleAnts=10 noImprove=22 (elapsed 42.0477s)
[RESET] no improvement for30-> reset pheromones
[ITER 220] bestGlobalCost=764182.11 (feasible=YES) bestThisIter=776775.71 feasibleAnts=10 noImprove=2 (elapsed 42.599s)
[ITER 230] bestGlobalCost=764182.11 (feasible=YES) bestThisIter=764182.11 feasibleAnts=10 noImprove=12 (elapsed 45.8387s)
[ITER 240] bestGlobalCost=764182.11 (feasible=YES) bestThisIter=764182.11 feasibleAnts=10 noImprove=22 (elapsed 48.8389s)
[RESET] no improvement for30-> reset pheromones
[ITER 250] bestGlobalCost=764182.11 (feasible=YES) bestThisIter=776514.16 feasibleAnts=10 noImprove=2 (elapsed 49.3259s)
[ITER 260] bestGlobalCost=764182.11 (feasible=YES) bestThisIter=764182.11 feasibleAnts=9 noImprove=12 (elapsed 52.0164s)
[ITER 270] bestGlobalCost=764182.11 (feasible=YES) bestThisIter=764182.11 feasibleAnts=9 noImprove=22 (elapsed 54.7393s)
[RESET] no improvement for30-> reset pheromones
[ITER 280] bestGlobalCost=764182.11 (feasible=YES) bestThisIter=783185.01 feasibleAnts=10 noImprove=2 (elapsed 55.1576s)
[ITER 290] bestGlobalCost=764182.11 (feasible=YES) bestThisIter=764182.11 feasibleAnts=10 noImprove=12 (elapsed 58.0763s)
[ITER 300] bestGlobalCost=764182.11 (feasible=YES) bestThisIter=764182.11 feasibleAnts=10 noImprove=22 (elapsed 60.6416s)
7 9 20 21 22 23 25 35 37 38 46 49 52 57 58 65 66 72 84 86 90 98 
4 6 14 15 17 18 33 34 43 51 54 60 61 64 74 77 83 87 89 94 
2 13 16 19 24 31 36 41 42 44 45 48 50 55 63 78 82 88 92 96 
5 10 26 30 39 40 47 53 56 62 67 68 69 70 75 79 80 81 100 
1 3 8 11 12 27 28 29 32 59 71 73 76 85 91 93 95 97 99 
[SAVELOGS] evolution saved to results/logs/kroB100_05_5/evolution/kroB100_05_5
[SAVELOGS] best cost saved to results/logs/kroB100_05_5/objectives/kroB100_05_5
[SAVELOGS] best solution saved to results/logs/kroB100_05_5/solutions/kroB100_05_5
