[ITER 1] New best cost=660077.48 (feasible=YES, time 0.612521s)
[ITER 2] New best cost=648297.18 (feasible=YES, time 1.09107s)
[ITER 3] New best cost=635970.74 (feasible=YES, time 1.5446s)
[ITER 8] New best cost=634428.50 (feasible=YES, time 3.88092s)
[ITER 9] New best cost=610140.43 (feasible=YES, time 4.10141s)
[ITER 10] bestGlobalCost=610140.43 (feasible=YES) bestThisIter=639461.52 feasibleAnts=10 noImprove=1 (elapsed 4.42689s)
[ITER 15] New best cost=562455.19 (feasible=YES, time 8.16879s)
[ITER 20] bestGlobalCost=562455.19 (feasible=YES) bestThisIter=634210.58 feasibleAnts=10 noImprove=5 (elapsed 18.3649s)
[ITER 30] New best cost=554956.48 (feasible=YES, time 27.0613s)
[ITER 30] New best cost=552888.60 (feasible=YES, time 30.9828s)
[ITER 30] bestGlobalCost=552888.60 (feasible=YES) bestThisIter=658786.12 feasibleAnts=10 noImprove=0 (elapsed 32.8919s)
[ITER 34] New best cost=548111.43 (feasible=YES, time 33.818s)
[ITER 40] bestGlobalCost=548111.43 (feasible=YES) bestThisIter=568383.88 feasibleAnts=9 noImprove=6 (elapsed 35.0113s)
[ITER 41] New best cost=544559.51 (feasible=YES, time 35.1981s)
[ITER 45] New best cost=544176.65 (feasible=YES, time 37.7941s)
[ITER 48] New best cost=542365.64 (feasible=YES, time 45.4563s)
[ITER 50] bestGlobalCost=542365.64 (feasible=YES) bestThisIter=542365.64 feasibleAnts=16 noImprove=2 (elapsed 45.9251s)
[ITER 60] bestGlobalCost=542365.64 (feasible=YES) bestThisIter=599340.65 feasibleAnts=10 noImprove=12 (elapsed 57.3035s)
3 10 11 14 25 26 
116 124 125 126 128 133 
44 49 55 59 60 67 
69 78 79 80 81 89 90 
1 7 8 17 19 28 29 
106 108 109 117 118 130 136 
9 21 24 43 45 48 
35 46 47 56 57 58 68 
42 50 54 61 62 65 66 71 
75 76 84 86 95 96 99 
5 6 18 30 31 52 
70 77 82 88 93 94 
38 39 40 41 51 53 63 
2 15 16 20 27 32 37 
111 112 113 122 123 127 134 
107 110 119 120 131 132 
91 92 101 102 103 104 114 115 
64 72 73 74 85 97 98 
83 87 100 105 121 129 135 
4 12 13 22 23 33 34 36 
[SAVELOGS] evolution saved to results/logs/pr136_20_5/evolution/pr136_20_5
[SAVELOGS] best cost saved to results/logs/pr136_20_5/objectives/pr136_20_5
[SAVELOGS] best solution saved to results/logs/pr136_20_5/solutions/pr136_20_5
