[ITER 1] New best cost=2925438.41 (feasible=YES, time 9.39821s)
[ITER 2] New best cost=2908039.81 (feasible=YES, time 16.5769s)
[ITER 3] New best cost=2894901.72 (feasible=YES, time 25.8775s)
[ITER 4] New best cost=2879723.97 (feasible=YES, time 33.1989s)
[ITER 7] New best cost=2877346.87 (feasible=YES, time 54.022s)
[ITER 10] [TS] New best cost=2872756.73 (feasible=YES, time 79.7771s)
[ITER 10] bestGlobalCost=2872756.73 (feasible=YES) bestThisIter=2872756.73 feasibleAnts=10 noImprove=1 (elapsed 84.3731s)
[ITER 18] New best cost=2871613.26 (feasible=YES, time 141.198s)
[ITER 19] New best cost=2867657.33 (feasible=YES, time 147.243s)
[ITER 20] bestGlobalCost=2867657.33 (feasible=YES) bestThisIter=2876809.70 feasibleAnts=10 noImprove=1 (elapsed 159.415s)
[ITER 27] New best cost=2866474.84 (feasible=YES, time 210.352s)
[ITER 28] New best cost=2859557.04 (feasible=YES, time 217.296s)
[ITER 30] bestGlobalCost=2859557.04 (feasible=YES) bestThisIter=2882471.25 feasibleAnts=10 noImprove=2 (elapsed 235.933s)
[ITER 40] [TS] New best cost=2854990.18 (feasible=YES, time 313.956s)
[ITER 40] bestGlobalCost=2854990.18 (feasible=YES) bestThisIter=2878942.67 feasibleAnts=10 noImprove=1 (elapsed 313.962s)
[ITER 43] New best cost=2847894.59 (feasible=YES, time 335.37s)
[ITER 50] [TS] New best cost=2846899.44 (feasible=YES, time 386.093s)
[ITER 50] bestGlobalCost=2846899.44 (feasible=YES) bestThisIter=2869629.02 feasibleAnts=10 noImprove=1 (elapsed 389.34s)
[ITER 51] New best cost=2836888.16 (feasible=YES, time 396.551s)
[ITER 56] New best cost=2834994.97 (feasible=YES, time 434.119s)
[ITER 57] New best cost=2819982.27 (feasible=YES, time 442.475s)
[ITER 60] bestGlobalCost=2819982.27 (feasible=YES) bestThisIter=2849700.05 feasibleAnts=10 noImprove=3 (elapsed 469.318s)
[ITER 61] New best cost=2818918.43 (feasible=YES, time 475.162s)
[ITER 67] New best cost=2816688.46 (feasible=YES, time 519.918s)
[ITER 70] bestGlobalCost=2816688.46 (feasible=YES) bestThisIter=2830651.91 feasibleAnts=10 noImprove=3 (elapsed 546.537s)
[ITER 80] bestGlobalCost=2816688.46 (feasible=YES) bestThisIter=2819664.20 feasibleAnts=10 noImprove=13 (elapsed 627.71s)
[ITER 90] bestGlobalCost=2816688.46 (feasible=YES) bestThisIter=2831699.33 feasibleAnts=10 noImprove=23 (elapsed 707.316s)
[RESET] no improvement for30-> reset pheromones
[ITER 100] bestGlobalCost=2816688.46 (feasible=YES) bestThisIter=2837200.03 feasibleAnts=10 noImprove=3 (elapsed 786.865s)
[ITER 110] bestGlobalCost=2816688.46 (feasible=YES) bestThisIter=2822691.06 feasibleAnts=10 noImprove=13 (elapsed 870.625s)
[ITER 120] bestGlobalCost=2816688.46 (feasible=YES) bestThisIter=2825396.11 feasibleAnts=10 noImprove=23 (elapsed 949.307s)
[RESET] no improvement for30-> reset pheromones
[ITER 130] bestGlobalCost=2816688.46 (feasible=YES) bestThisIter=2858123.36 feasibleAnts=10 noImprove=3 (elapsed 1033.44s)
[ITER 140] bestGlobalCost=2816688.46 (feasible=YES) bestThisIter=2833912.17 feasibleAnts=10 noImprove=13 (elapsed 1108.37s)
[ITER 144] New best cost=2814463.24 (feasible=YES, time 1136.81s)
[ITER 150] bestGlobalCost=2814463.24 (feasible=YES) bestThisIter=2819781.28 feasibleAnts=10 noImprove=6 (elapsed 1183.65s)
[ITER 160] bestGlobalCost=2814463.24 (feasible=YES) bestThisIter=2827983.52 feasibleAnts=10 noImprove=16 (elapsed 1259.1s)
[ITER 170] bestGlobalCost=2814463.24 (feasible=YES) bestThisIter=2840897.20 feasibleAnts=10 noImprove=26 (elapsed 1336.61s)
[RESET] no improvement for30-> reset pheromones
[ITER 180] bestGlobalCost=2814463.24 (feasible=YES) bestThisIter=2841006.22 feasibleAnts=10 noImprove=6 (elapsed 1421.41s)
[ITER 190] bestGlobalCost=2814463.24 (feasible=YES) bestThisIter=2835927.99 feasibleAnts=10 noImprove=16 (elapsed 1500.25s)
185 227 228 234 235 238 239 240 241 242 243 244 266 267 269 270 271 273 274 276 277 279 281 400 401 405 406 407 
278 290 291 292 293 294 295 296 297 314 315 316 317 318 319 320 321 322 354 355 356 357 358 359 418 421 424 425 434 
106 107 108 117 118 119 128 129 140 141 142 153 154 155 163 164 165 166 176 177 178 179 189 190 191 203 215 395 398 
8 10 11 12 13 14 15 16 17 41 42 43 44 45 46 47 48 49 50 74 75 76 77 78 79 80 81 99 100 105 
1 2 3 4 5 6 7 9 34 35 36 37 38 39 40 66 67 68 69 70 71 72 73 102 103 104 116 387 441 442 
175 188 200 201 202 213 214 221 222 223 224 229 230 231 232 245 246 247 248 249 250 251 252 253 254 255 397 402 415 417 
114 115 126 127 136 137 138 139 149 150 151 152 161 162 172 173 174 186 187 211 212 386 389 392 393 396 399 403 
192 204 206 208 217 218 225 233 236 237 256 257 258 259 260 261 262 263 264 268 272 404 408 409 410 412 413 416 419 422 
18 19 20 21 22 23 24 25 51 52 53 54 55 57 58 60 82 83 84 85 86 87 88 89 90 109 378 382 385 439 
26 27 28 29 30 31 32 33 56 59 61 62 63 64 65 91 92 93 94 95 96 97 98 101 112 376 377 379 380 383 436 
265 275 304 305 306 307 330 332 333 334 335 336 337 338 345 365 368 369 370 371 373 374 375 420 423 427 432 437 438 
298 299 300 301 302 303 323 324 325 326 327 328 329 331 344 360 361 362 363 364 366 367 372 429 430 431 435 
113 123 124 125 133 134 135 146 147 148 158 159 160 170 171 182 183 184 197 198 199 209 210 219 220 226 384 411 414 
280 282 283 284 285 286 287 288 289 308 309 310 311 312 313 339 340 341 342 343 346 347 348 349 350 351 352 353 426 428 433 440 
110 111 120 121 122 130 131 132 143 144 145 156 157 167 168 169 180 181 193 194 195 196 205 207 216 381 388 390 391 394 
[SAVELOGS] evolution saved to results/logs/aco_logs/evolution/pcb442_15_3.txt
[SAVELOGS] best cost saved to results/logs/aco_logs/objectives/pcb442_15_3.txt
[SAVELOGS] best solution saved to results/logs/aco_logs/solutions/pcb442_15_3.txt
