[ITER 1] New best cost=379476.72 (feasible=YES, time 0.260591s)
[ITER 2] New best cost=350708.95 (feasible=YES, time 0.441579s)
[ITER 4] New best cost=347425.07 (feasible=YES, time 0.883049s)
[ITER 10] bestGlobalCost=347425.07 (feasible=YES) bestThisIter=359593.75 feasibleAnts=10 noImprove=6 (elapsed 2.32409s)
[ITER 15] New best cost=337240.19 (feasible=YES, time 4.88586s)
[ITER 20] New best cost=334927.89 (feasible=YES, time 11.1473s)
[ITER 20] bestGlobalCost=334927.89 (feasible=YES) bestThisIter=334927.89 feasibleAnts=10 noImprove=0 (elapsed 11.1518s)
[ITER 30] New best cost=333523.70 (feasible=YES, time 19.6847s)
[ITER 30] bestGlobalCost=333523.70 (feasible=YES) bestThisIter=341261.94 feasibleAnts=10 noImprove=0 (elapsed 19.6903s)
[ITER 33] New best cost=332799.21 (feasible=YES, time 20.1526s)
[ITER 40] bestGlobalCost=332799.21 (feasible=YES) bestThisIter=334243.37 feasibleAnts=10 noImprove=7 (elapsed 21.3254s)
[ITER 50] bestGlobalCost=332799.21 (feasible=YES) bestThisIter=360267.06 feasibleAnts=10 noImprove=17 (elapsed 30.4497s)
[ITER 60] bestGlobalCost=332799.21 (feasible=YES) bestThisIter=352459.16 feasibleAnts=10 noImprove=27 (elapsed 40.1617s)
[RESET] no improvement for30-> reset pheromones
[ITER 70] bestGlobalCost=332799.21 (feasible=YES) bestThisIter=365938.13 feasibleAnts=10 noImprove=7 (elapsed 43.0621s)
[ITER 80] bestGlobalCost=332799.21 (feasible=YES) bestThisIter=372300.71 feasibleAnts=10 noImprove=17 (elapsed 52.651s)
[ITER 90] bestGlobalCost=332799.21 (feasible=YES) bestThisIter=370023.45 feasibleAnts=10 noImprove=27 (elapsed 62.6332s)
92 93 107 108 109 110 111 118 
1 2 3 5 156 157 158 159 
39 47 48 49 50 51 75 
88 89 90 91 94 95 96 98 99 
35 36 40 41 132 133 134 135 136 
29 30 31 32 52 56 
13 141 143 144 145 146 149 
112 113 114 115 116 117 120 121 
87 97 100 101 102 103 104 105 106 
42 43 44 45 46 119 122 123 
33 34 37 38 137 138 139 140 
61 62 63 64 65 66 67 68 70 
53 54 55 57 58 59 60 
69 71 72 73 74 76 77 78 79 
124 125 126 127 128 129 130 131 
18 19 20 21 24 25 26 27 28 
4 6 7 150 151 152 153 155 
80 81 82 83 84 85 86 
14 15 16 17 22 23 142 
8 9 10 11 12 147 148 154 
[SAVELOGS] evolution saved to results/logs/u159_20_3/evolution/u159_20_3
[SAVELOGS] best cost saved to results/logs/u159_20_3/objectives/u159_20_3
[SAVELOGS] best solution saved to results/logs/u159_20_3/solutions/u159_20_3
