[ITER 1] New best cost=95512.22 (feasible=YES, time 0.332591s)
[ITER 2] New best cost=91856.30 (feasible=YES, time 0.617399s)
[ITER 3] New best cost=88811.28 (feasible=YES, time 0.908068s)
[ITER 4] New best cost=88198.24 (feasible=YES, time 1.24453s)
[ITER 5] New best cost=88164.85 (feasible=YES, time 1.53785s)
[ITER 6] New best cost=84834.96 (feasible=YES, time 1.89432s)
[ITER 10] New best cost=83249.97 (feasible=YES, time 2.97026s)
[ITER 10] bestGlobalCost=83249.97 (feasible=YES) bestThisIter=83249.97 feasibleAnts=10 noImprove=0 (elapsed 2.97411s)
[ITER 11] New best cost=82062.69 (feasible=YES, time 3.21288s)
[ITER 14] New best cost=81201.01 (feasible=YES, time 4.01921s)
[ITER 15] New best cost=79922.88 (feasible=YES, time 6.57112s)
[ITER 15] New best cost=78764.04 (feasible=YES, time 8.69767s)
[ITER 20] New best cost=78568.86 (feasible=YES, time 16.378s)
[ITER 20] bestGlobalCost=78568.86 (feasible=YES) bestThisIter=78568.86 feasibleAnts=10 noImprove=0 (elapsed 16.3824s)
[ITER 30] bestGlobalCost=78568.86 (feasible=YES) bestThisIter=83997.19 feasibleAnts=10 noImprove=10 (elapsed 29.1367s)
[ITER 40] bestGlobalCost=78568.86 (feasible=YES) bestThisIter=87704.93 feasibleAnts=10 noImprove=20 (elapsed 32.7427s)
[ITER 45] New best cost=78038.09 (feasible=YES, time 37.0108s)
[ITER 50] New best cost=77973.38 (feasible=YES, time 46.6681s)
[ITER 50] bestGlobalCost=77973.38 (feasible=YES) bestThisIter=77973.38 feasibleAnts=10 noImprove=0 (elapsed 46.6722s)
[ITER 51] New best cost=77967.39 (feasible=YES, time 46.9021s)
[ITER 60] bestGlobalCost=77967.39 (feasible=YES) bestThisIter=79665.07 feasibleAnts=10 noImprove=9 (elapsed 59.1293s)
1 7 8 30 34 63 76 87 98 103 
10 35 52 82 84 89 93 96 124 126 
13 68 74 91 106 112 115 119 128 136 
15 32 72 77 78 79 80 122 131 134 
12 39 41 57 60 101 117 130 140 
14 23 27 31 38 49 129 144 145 147 
11 17 24 36 61 66 69 127 148 
29 65 70 86 99 102 108 132 135 137 
18 50 55 58 75 81 83 85 90 141 146 
16 33 46 54 59 92 105 111 121 133 138 
2 6 9 19 28 37 42 47 53 114 120 
4 44 45 64 71 104 123 149 150 
20 25 40 43 51 67 109 110 116 118 139 
3 21 22 48 62 73 88 94 113 125 
5 26 56 95 97 100 107 142 143 
[SAVELOGS] evolution saved to results/logs/ch150_15_5/evolution/ch150_15_5
[SAVELOGS] best cost saved to results/logs/ch150_15_5/objectives/ch150_15_5
[SAVELOGS] best solution saved to results/logs/ch150_15_5/solutions/ch150_15_5
