[ITER 1] New best cost=91829.59 (feasible=YES, time 0.517924s)
[ITER 2] New best cost=87007.01 (feasible=YES, time 0.811821s)
[ITER 3] New best cost=85932.59 (feasible=YES, time 1.08011s)
[ITER 10] bestGlobalCost=85932.59 (feasible=YES) bestThisIter=89545.73 feasibleAnts=10 noImprove=7 (elapsed 3.5049s)
[ITER 12] New best cost=85038.71 (feasible=YES, time 4.55162s)
[ITER 13] New best cost=85012.59 (feasible=YES, time 4.86422s)
[ITER 14] New best cost=82079.77 (feasible=YES, time 5.10976s)
[ITER 15] New best cost=81398.31 (feasible=YES, time 7.57069s)
[ITER 15] New best cost=79117.79 (feasible=YES, time 11.4909s)
[ITER 19] New best cost=78336.96 (feasible=YES, time 16.4786s)
[ITER 20] bestGlobalCost=78336.96 (feasible=YES) bestThisIter=78839.61 feasibleAnts=10 noImprove=1 (elapsed 16.6842s)
[ITER 25] New best cost=78116.21 (feasible=YES, time 17.9273s)
[ITER 30] bestGlobalCost=78116.21 (feasible=YES) bestThisIter=79215.87 feasibleAnts=9 noImprove=5 (elapsed 29.4912s)
[ITER 40] bestGlobalCost=78116.21 (feasible=YES) bestThisIter=83849.48 feasibleAnts=10 noImprove=15 (elapsed 31.9553s)
[ITER 45] New best cost=78022.27 (feasible=YES, time 40.2361s)
[ITER 50] bestGlobalCost=78022.27 (feasible=YES) bestThisIter=78022.27 feasibleAnts=9 noImprove=5 (elapsed 45.3587s)
[ITER 60] bestGlobalCost=78022.27 (feasible=YES) bestThisIter=85083.03 feasibleAnts=9 noImprove=15 (elapsed 58.5827s)
1 7 10 30 34 63 76 87 98 
5 8 26 82 95 97 100 103 107 143 
18 58 75 81 83 85 110 141 142 146 
4 13 45 64 68 71 104 115 119 136 
3 21 22 48 62 88 113 125 149 150 
50 55 65 70 99 102 108 132 135 137 
11 17 36 60 66 69 117 130 140 148 
9 24 39 40 53 57 61 118 120 127 
14 27 32 49 72 122 131 144 147 
15 16 59 77 78 79 80 105 111 121 133 
35 52 73 84 89 93 94 96 124 126 
12 23 38 41 43 67 101 109 116 129 
2 6 19 25 28 29 37 42 47 114 139 
20 33 46 51 54 56 86 90 92 134 138 
31 44 74 91 106 112 123 128 145 
[SAVELOGS] evolution saved to results/logs/ch150_15_5/evolution/ch150_15_5
[SAVELOGS] best cost saved to results/logs/ch150_15_5/objectives/ch150_15_5
[SAVELOGS] best solution saved to results/logs/ch150_15_5/solutions/ch150_15_5
