[ITER 1] New best cost=426821.88 (feasible=YES, time 0.446688s)
[ITER 2] New best cost=416451.11 (feasible=YES, time 0.796085s)
[ITER 4] New best cost=383971.77 (feasible=YES, time 1.3374s)
[ITER 10] bestGlobalCost=383971.77 (feasible=YES) bestThisIter=397679.44 feasibleAnts=10 noImprove=6 (elapsed 3.24661s)
[ITER 15] New best cost=368050.18 (feasible=YES, time 5.86525s)
[ITER 15] New best cost=366686.01 (feasible=YES, time 11.3027s)
[ITER 20] bestGlobalCost=366686.01 (feasible=YES) bestThisIter=370145.93 feasibleAnts=9 noImprove=5 (elapsed 12.2532s)
[ITER 22] New best cost=363925.54 (feasible=YES, time 12.738s)
[ITER 26] New best cost=361587.63 (feasible=YES, time 13.3542s)
[ITER 28] New best cost=361132.07 (feasible=YES, time 13.7076s)
[ITER 30] New best cost=358235.23 (feasible=YES, time 15.5275s)
[ITER 30] bestGlobalCost=358235.23 (feasible=YES) bestThisIter=361132.07 feasibleAnts=10 noImprove=0 (elapsed 20.5507s)
[ITER 40] bestGlobalCost=358235.23 (feasible=YES) bestThisIter=383790.83 feasibleAnts=10 noImprove=10 (elapsed 22.5943s)
[ITER 45] New best cost=354500.05 (feasible=YES, time 29.527s)
[ITER 50] bestGlobalCost=354500.05 (feasible=YES) bestThisIter=383412.89 feasibleAnts=10 noImprove=5 (elapsed 31.7799s)
[ITER 60] New best cost=353170.81 (feasible=YES, time 35.96s)
[ITER 60] bestGlobalCost=353170.81 (feasible=YES) bestThisIter=434660.15 feasibleAnts=10 noImprove=0 (elapsed 41.0378s)
[ITER 61] New best cost=350224.10 (feasible=YES, time 41.1508s)
[ITER 62] New best cost=349998.21 (feasible=YES, time 41.2524s)
[ITER 70] bestGlobalCost=349998.21 (feasible=YES) bestThisIter=374263.20 feasibleAnts=10 noImprove=8 (elapsed 42.3811s)
[ITER 75] New best cost=348752.97 (feasible=YES, time 46.8731s)
[ITER 80] bestGlobalCost=348752.97 (feasible=YES) bestThisIter=348752.97 feasibleAnts=10 noImprove=5 (elapsed 51.2596s)
[ITER 90] New best cost=348709.64 (feasible=YES, time 59.3081s)
[ITER 90] bestGlobalCost=348709.64 (feasible=YES) bestThisIter=392224.75 feasibleAnts=10 noImprove=0 (elapsed 60.7839s)
87 88 89 90 102 107 
9 16 48 49 50 51 
29 30 31 32 33 34 
10 11 12 13 14 15 
2 3 4 5 6 8 
1 7 25 27 28 35 
18 41 42 43 45 54 
115 116 117 119 120 121 
101 103 110 111 112 114 
24 26 37 38 39 55 57 
62 66 84 85 86 91 
104 105 106 108 109 113 
67 79 80 81 82 83 
36 56 58 59 60 61 
63 64 68 69 70 71 77 
78 92 93 94 95 97 98 
96 99 100 118 122 123 124 
17 44 46 47 52 53 
19 20 21 22 23 40 
65 72 73 74 75 76 
[SAVELOGS] evolution saved to results/logs/pr124_20_5/evolution/pr124_20_5
[SAVELOGS] best cost saved to results/logs/pr124_20_5/objectives/pr124_20_5
[SAVELOGS] best solution saved to results/logs/pr124_20_5/solutions/pr124_20_5
