[ITER 1] New best cost=486734.54 (feasible=YES, time 0.295381s)
[ITER 2] New best cost=401593.66 (feasible=YES, time 0.645966s)
[ITER 10] bestGlobalCost=401593.66 (feasible=YES) bestThisIter=422126.23 feasibleAnts=10 noImprove=8 (elapsed 3.05417s)
[ITER 15] New best cost=362624.45 (feasible=YES, time 6.19091s)
[ITER 19] New best cost=355223.50 (feasible=YES, time 11.7626s)
[ITER 20] bestGlobalCost=355223.50 (feasible=YES) bestThisIter=355297.27 feasibleAnts=14 noImprove=1 (elapsed 11.9452s)
[ITER 21] New best cost=354380.03 (feasible=YES, time 12.119s)
[ITER 30] bestGlobalCost=354380.03 (feasible=YES) bestThisIter=392673.24 feasibleAnts=9 noImprove=9 (elapsed 19.5317s)
[ITER 40] bestGlobalCost=354380.03 (feasible=YES) bestThisIter=431403.44 feasibleAnts=10 noImprove=19 (elapsed 22.85s)
[ITER 50] bestGlobalCost=354380.03 (feasible=YES) bestThisIter=457101.12 feasibleAnts=10 noImprove=29 (elapsed 32.9909s)
[RESET] no improvement for30-> reset pheromones
[ITER 60] bestGlobalCost=354380.03 (feasible=YES) bestThisIter=452803.47 feasibleAnts=10 noImprove=9 (elapsed 43.1564s)
[ITER 70] bestGlobalCost=354380.03 (feasible=YES) bestThisIter=439436.93 feasibleAnts=10 noImprove=19 (elapsed 46.5795s)
[ITER 80] bestGlobalCost=354380.03 (feasible=YES) bestThisIter=401424.31 feasibleAnts=10 noImprove=29 (elapsed 56.7601s)
[RESET] no improvement for30-> reset pheromones
29 30 31 32 33 34 
55 60 61 62 65 66 
72 73 74 75 76 84 
86 87 88 89 90 91 
67 79 80 81 82 83 
18 19 20 21 40 46 
9 16 17 47 48 49 
2 3 4 5 6 8 
1 7 27 28 35 36 
10 11 12 13 14 15 
50 51 52 110 112 
115 116 117 119 120 121 
104 105 106 107 108 109 
41 42 43 44 45 53 54 
78 92 93 94 95 97 98 
63 64 68 69 70 71 77 
85 101 102 103 111 113 114 
22 23 24 25 26 37 
38 39 56 57 58 59 
96 99 100 118 122 123 124 
[SAVELOGS] evolution saved to results/logs/pr124_20_5/evolution/pr124_20_5
[SAVELOGS] best cost saved to results/logs/pr124_20_5/objectives/pr124_20_5
[SAVELOGS] best solution saved to results/logs/pr124_20_5/solutions/pr124_20_5
