[ITER 1] New best cost=91851.63 (feasible=YES, time 0.175256s)
[ITER 2] New best cost=88006.10 (feasible=YES, time 0.344249s)
[ITER 5] New best cost=83695.51 (feasible=YES, time 0.792371s)
[ITER 10] bestGlobalCost=83695.51 (feasible=YES) bestThisIter=84608.49 feasibleAnts=10 noImprove=5 (elapsed 1.4881s)
[ITER 13] New best cost=80961.63 (feasible=YES, time 1.93797s)
[ITER 15] New best cost=78814.06 (feasible=YES, time 2.65634s)
[ITER 15] New best cost=78628.96 (feasible=YES, time 3.24411s)
[ITER 18] New best cost=78466.70 (feasible=YES, time 5.5923s)
[ITER 20] bestGlobalCost=78466.70 (feasible=YES) bestThisIter=78466.70 feasibleAnts=16 noImprove=2 (elapsed 5.89335s)
[ITER 30] bestGlobalCost=78466.70 (feasible=YES) bestThisIter=82294.56 feasibleAnts=10 noImprove=12 (elapsed 10.1373s)
[ITER 40] bestGlobalCost=78466.70 (feasible=YES) bestThisIter=88135.03 feasibleAnts=10 noImprove=22 (elapsed 11.9246s)
[RESET] no improvement for30-> reset pheromones
[ITER 50] bestGlobalCost=78466.70 (feasible=YES) bestThisIter=83965.65 feasibleAnts=10 noImprove=2 (elapsed 16.9384s)
[ITER 60] bestGlobalCost=78466.70 (feasible=YES) bestThisIter=88866.01 feasibleAnts=10 noImprove=12 (elapsed 21.9656s)
[ITER 70] bestGlobalCost=78466.70 (feasible=YES) bestThisIter=89898.04 feasibleAnts=10 noImprove=22 (elapsed 23.9228s)
[RESET] no improvement for30-> reset pheromones
[ITER 80] bestGlobalCost=78466.70 (feasible=YES) bestThisIter=89839.41 feasibleAnts=10 noImprove=2 (elapsed 29.4572s)
[ITER 90] bestGlobalCost=78466.70 (feasible=YES) bestThisIter=83324.12 feasibleAnts=10 noImprove=12 (elapsed 34.3134s)
[ITER 100] bestGlobalCost=78466.70 (feasible=YES) bestThisIter=89525.41 feasibleAnts=10 noImprove=22 (elapsed 36.2257s)
[RESET] no improvement for30-> reset pheromones
[ITER 110] bestGlobalCost=78466.70 (feasible=YES) bestThisIter=88833.47 feasibleAnts=10 noImprove=2 (elapsed 41.2259s)
[ITER 120] bestGlobalCost=78466.70 (feasible=YES) bestThisIter=97109.70 feasibleAnts=10 noImprove=12 (elapsed 46.3492s)
[ITER 130] bestGlobalCost=78466.70 (feasible=YES) bestThisIter=90756.74 feasibleAnts=10 noImprove=22 (elapsed 48.1441s)
[RESET] no improvement for30-> reset pheromones
[ITER 140] bestGlobalCost=78466.70 (feasible=YES) bestThisIter=85061.49 feasibleAnts=10 noImprove=2 (elapsed 52.9278s)
[ITER 150] bestGlobalCost=78466.70 (feasible=YES) bestThisIter=89625.98 feasibleAnts=10 noImprove=12 (elapsed 57.9151s)
[ITER 160] bestGlobalCost=78466.70 (feasible=YES) bestThisIter=88985.45 feasibleAnts=10 noImprove=22 (elapsed 59.5964s)
11 22 23 89 
14 33 45 57 68 
6 18 25 82 85 
29 42 58 67 75 
9 10 55 56 95 
8 34 38 46 52 81 
12 20 21 28 47 
2 19 30 37 100 
7 36 61 74 80 
26 35 48 87 92 
49 70 90 97 98 
4 44 60 71 93 
31 72 76 78 99 
1 17 32 66 94 
5 51 53 62 83 
16 65 69 86 96 
15 41 73 84 88 
13 24 27 50 79 
39 54 63 77 91 
3 40 43 59 64 
[SAVELOGS] evolution saved to results/logs/kroD100_20_4/evolution/kroD100_20_4
[SAVELOGS] best cost saved to results/logs/kroD100_20_4/objectives/kroD100_20_4
[SAVELOGS] best solution saved to results/logs/kroD100_20_4/solutions/kroD100_20_4
