[ITER 1] New best cost=89632.01 (feasible=YES, time 0.177306s)
[ITER 3] New best cost=88789.87 (feasible=YES, time 0.431804s)
[ITER 4] New best cost=86285.38 (feasible=YES, time 0.568494s)
[ITER 6] New best cost=84964.34 (feasible=YES, time 0.847025s)
[ITER 7] New best cost=81571.34 (feasible=YES, time 0.96425s)
[ITER 10] New best cost=81519.01 (feasible=YES, time 1.28462s)
[ITER 10] bestGlobalCost=81519.01 (feasible=YES) bestThisIter=81519.01 feasibleAnts=10 noImprove=0 (elapsed 1.28843s)
[ITER 11] New best cost=79720.03 (feasible=YES, time 1.38564s)
[ITER 13] New best cost=78761.61 (feasible=YES, time 1.54872s)
[ITER 20] bestGlobalCost=78761.61 (feasible=YES) bestThisIter=79065.57 feasibleAnts=10 noImprove=7 (elapsed 5.24533s)
[ITER 30] bestGlobalCost=78761.61 (feasible=YES) bestThisIter=94023.10 feasibleAnts=10 noImprove=17 (elapsed 9.74475s)
[ITER 40] bestGlobalCost=78761.61 (feasible=YES) bestThisIter=83554.06 feasibleAnts=10 noImprove=27 (elapsed 11.6461s)
[RESET] no improvement for30-> reset pheromones
[ITER 50] bestGlobalCost=78761.61 (feasible=YES) bestThisIter=94910.82 feasibleAnts=10 noImprove=7 (elapsed 16.7741s)
[ITER 60] bestGlobalCost=78761.61 (feasible=YES) bestThisIter=92038.75 feasibleAnts=10 noImprove=17 (elapsed 21.5587s)
[ITER 70] bestGlobalCost=78761.61 (feasible=YES) bestThisIter=92548.15 feasibleAnts=10 noImprove=27 (elapsed 23.6529s)
[RESET] no improvement for30-> reset pheromones
[ITER 75] New best cost=78675.75 (feasible=YES, time 27.3373s)
[ITER 80] bestGlobalCost=78675.75 (feasible=YES) bestThisIter=87868.66 feasibleAnts=10 noImprove=5 (elapsed 28.2775s)
[ITER 90] bestGlobalCost=78675.75 (feasible=YES) bestThisIter=87735.54 feasibleAnts=10 noImprove=15 (elapsed 33.3238s)
[ITER 100] bestGlobalCost=78675.75 (feasible=YES) bestThisIter=85552.23 feasibleAnts=10 noImprove=25 (elapsed 35.1735s)
[ITER 105] New best cost=78466.70 (feasible=YES, time 39.5683s)
[ITER 110] bestGlobalCost=78466.70 (feasible=YES) bestThisIter=78466.70 feasibleAnts=9 noImprove=5 (elapsed 40.1257s)
[ITER 120] bestGlobalCost=78466.70 (feasible=YES) bestThisIter=81444.72 feasibleAnts=10 noImprove=15 (elapsed 44.4363s)
[ITER 130] bestGlobalCost=78466.70 (feasible=YES) bestThisIter=91880.85 feasibleAnts=10 noImprove=25 (elapsed 46.5135s)
[RESET] no improvement for30-> reset pheromones
[ITER 140] bestGlobalCost=78466.70 (feasible=YES) bestThisIter=89085.25 feasibleAnts=10 noImprove=5 (elapsed 51.1226s)
[ITER 150] bestGlobalCost=78466.70 (feasible=YES) bestThisIter=88588.50 feasibleAnts=10 noImprove=15 (elapsed 56.3587s)
[ITER 160] bestGlobalCost=78466.70 (feasible=YES) bestThisIter=89163.01 feasibleAnts=10 noImprove=25 (elapsed 58.1083s)
[ITER 165] New best cost=78434.40 (feasible=YES, time 62.1633s)
9 21 47 56 95 
16 65 69 86 96 
49 70 90 97 98 
15 41 73 84 88 
11 22 23 89 
39 54 63 77 91 
3 6 40 82 83 
5 35 44 53 62 
29 42 58 67 75 
14 33 45 57 68 
1 17 32 66 94 
2 19 30 37 100 
13 24 27 50 79 
31 72 76 78 99 
7 36 61 74 80 
26 48 51 55 87 92 
18 59 64 85 
4 43 60 71 93 
10 12 20 25 28 
8 34 38 46 52 81 
[SAVELOGS] evolution saved to results/logs/kroD100_20_4/evolution/kroD100_20_4
[SAVELOGS] best cost saved to results/logs/kroD100_20_4/objectives/kroD100_20_4
[SAVELOGS] best solution saved to results/logs/kroD100_20_4/solutions/kroD100_20_4
