[ITER 1] New best cost=332484.01 (feasible=YES, time 1.06861s)
[ITER 2] New best cost=331216.67 (feasible=YES, time 1.70916s)
[ITER 3] New best cost=330407.40 (feasible=YES, time 2.49082s)
[ITER 4] New best cost=329757.40 (feasible=YES, time 3.37768s)
[ITER 10] New best cost=329460.72 (feasible=YES, time 6.63023s)
[ITER 10] bestGlobalCost=329460.72 (feasible=YES) bestThisIter=329757.40 feasibleAnts=10 noImprove=0 (elapsed 6.63394s)
[ITER 14] New best cost=329085.39 (feasible=YES, time 9.62528s)
[ITER 15] New best cost=328878.46 (feasible=YES, time 10.9391s)
[ITER 17] New best cost=328662.27 (feasible=YES, time 13.1029s)
[ITER 19] New best cost=327634.17 (feasible=YES, time 17.1366s)
[ITER 20] bestGlobalCost=327634.17 (feasible=YES) bestThisIter=328665.97 feasibleAnts=10 noImprove=1 (elapsed 18.9339s)
[ITER 30] bestGlobalCost=327634.17 (feasible=YES) bestThisIter=329189.67 feasibleAnts=10 noImprove=11 (elapsed 28.4827s)
[ITER 40] bestGlobalCost=327634.17 (feasible=YES) bestThisIter=329565.88 feasibleAnts=10 noImprove=21 (elapsed 37.1924s)
[ITER 50] bestGlobalCost=327634.17 (feasible=YES) bestThisIter=330877.73 feasibleAnts=10 noImprove=31 (elapsed 46.3399s)
[ITER 60] bestGlobalCost=327634.17 (feasible=YES) bestThisIter=329657.00 feasibleAnts=10 noImprove=41 (elapsed 55.9827s)
[RESET] no improvement for50-> reset pheromones
[ITER 70] bestGlobalCost=327634.17 (feasible=YES) bestThisIter=331115.72 feasibleAnts=10 noImprove=1 (elapsed 65.3554s)
[ITER 80] bestGlobalCost=327634.17 (feasible=YES) bestThisIter=328303.08 feasibleAnts=10 noImprove=11 (elapsed 73.6241s)
[ITER 81] New best cost=327409.05 (feasible=YES, time 74.574s)
[ITER 90] bestGlobalCost=327409.05 (feasible=YES) bestThisIter=328521.94 feasibleAnts=10 noImprove=9 (elapsed 81.8508s)
[ITER 92] New best cost=327316.40 (feasible=YES, time 83.3778s)
[ITER 100] bestGlobalCost=327316.40 (feasible=YES) bestThisIter=328496.41 feasibleAnts=10 noImprove=8 (elapsed 88.8755s)
[ITER 110] bestGlobalCost=327316.40 (feasible=YES) bestThisIter=329827.64 feasibleAnts=10 noImprove=18 (elapsed 96.9305s)
[ITER 116] New best cost=327106.01 (feasible=YES, time 103.279s)
[ITER 120] bestGlobalCost=327106.01 (feasible=YES) bestThisIter=327869.67 feasibleAnts=15 noImprove=4 (elapsed 105.519s)
[ITER 130] bestGlobalCost=327106.01 (feasible=YES) bestThisIter=329566.65 feasibleAnts=10 noImprove=14 (elapsed 112.642s)
[ITER 140] bestGlobalCost=327106.01 (feasible=YES) bestThisIter=329586.24 feasibleAnts=10 noImprove=24 (elapsed 120.673s)
[ITER 150] bestGlobalCost=327106.01 (feasible=YES) bestThisIter=329974.14 feasibleAnts=10 noImprove=34 (elapsed 129.076s)
[ITER 160] bestGlobalCost=327106.01 (feasible=YES) bestThisIter=329433.28 feasibleAnts=10 noImprove=44 (elapsed 137.402s)
[RESET] no improvement for50-> reset pheromones
[ITER 170] bestGlobalCost=327106.01 (feasible=YES) bestThisIter=327847.81 feasibleAnts=11 noImprove=4 (elapsed 145.496s)
[ITER 180] bestGlobalCost=327106.01 (feasible=YES) bestThisIter=328667.36 feasibleAnts=10 noImprove=14 (elapsed 153.048s)
[ITER 190] bestGlobalCost=327106.01 (feasible=YES) bestThisIter=329402.02 feasibleAnts=10 noImprove=24 (elapsed 160.743s)
[ITER 200] bestGlobalCost=327106.01 (feasible=YES) bestThisIter=330332.32 feasibleAnts=10 noImprove=34 (elapsed 169.147s)
[ITER 210] bestGlobalCost=327106.01 (feasible=YES) bestThisIter=329287.56 feasibleAnts=10 noImprove=44 (elapsed 176.739s)
[RESET] no improvement for50-> reset pheromones
[ITER 220] bestGlobalCost=327106.01 (feasible=YES) bestThisIter=328871.04 feasibleAnts=11 noImprove=4 (elapsed 185.574s)
[ITER 230] bestGlobalCost=327106.01 (feasible=YES) bestThisIter=328018.71 feasibleAnts=10 noImprove=14 (elapsed 193.066s)
[ITER 240] bestGlobalCost=327106.01 (feasible=YES) bestThisIter=329897.23 feasibleAnts=10 noImprove=24 (elapsed 201.041s)
[ITER 250] bestGlobalCost=327106.01 (feasible=YES) bestThisIter=329527.43 feasibleAnts=10 noImprove=34 (elapsed 209.96s)
[ITER 260] bestGlobalCost=327106.01 (feasible=YES) bestThisIter=329215.10 feasibleAnts=10 noImprove=44 (elapsed 218.368s)
[RESET] no improvement for50-> reset pheromones
[ITER 270] bestGlobalCost=327106.01 (feasible=YES) bestThisIter=328018.71 feasibleAnts=10 noImprove=4 (elapsed 226.824s)
[ITER 280] bestGlobalCost=327106.01 (feasible=YES) bestThisIter=327866.77 feasibleAnts=10 noImprove=14 (elapsed 233.679s)
[ITER 290] bestGlobalCost=327106.01 (feasible=YES) bestThisIter=329037.44 feasibleAnts=10 noImprove=24 (elapsed 241.694s)
[ITER 300] bestGlobalCost=327106.01 (feasible=YES) bestThisIter=329576.25 feasibleAnts=10 noImprove=34 (elapsed 249.413s)
[ITER 310] bestGlobalCost=327106.01 (feasible=YES) bestThisIter=329315.47 feasibleAnts=10 noImprove=44 (elapsed 259.272s)
[RESET] no improvement for50-> reset pheromones
[ITER 320] bestGlobalCost=327106.01 (feasible=YES) bestThisIter=327869.67 feasibleAnts=10 noImprove=4 (elapsed 267.138s)
[ITER 330] bestGlobalCost=327106.01 (feasible=YES) bestThisIter=330229.27 feasibleAnts=10 noImprove=14 (elapsed 275.004s)
[ITER 340] bestGlobalCost=327106.01 (feasible=YES) bestThisIter=329470.49 feasibleAnts=10 noImprove=24 (elapsed 283.231s)
[ITER 350] bestGlobalCost=327106.01 (feasible=YES) bestThisIter=329391.89 feasibleAnts=10 noImprove=34 (elapsed 292.106s)
15 16 17 20 23 24 29 32 37 40 41 47 51 52 55 59 60 67 75 78 80 85 97 102 105 109 110 127 132 134 136 147 158 159 162 165 168 169 171 175 176 181 201 210 219 222 226 227 233 243 245 259 
1 4 7 21 28 31 33 34 68 70 71 72 74 76 81 87 95 99 100 104 108 115 129 130 133 138 139 140 141 142 145 154 155 160 164 172 182 186 188 200 202 205 208 209 221 229 231 232 234 244 246 254 258 
3 5 8 12 18 19 27 30 36 49 53 54 58 61 64 65 73 79 83 90 96 106 112 116 118 123 124 126 137 150 166 170 173 183 185 189 190 191 195 198 204 206 207 211 213 215 217 220 228 257 261 262 
6 14 22 25 35 44 45 46 48 50 63 77 86 88 91 92 93 94 98 107 111 117 119 120 128 143 144 149 151 152 156 161 174 178 179 180 184 187 192 196 199 212 216 218 236 239 240 247 251 252 255 260 
2 9 10 11 13 26 38 39 42 43 56 57 62 66 69 82 84 89 101 103 113 114 121 122 125 131 135 146 148 153 157 163 167 177 193 194 197 203 214 223 224 225 230 235 237 238 241 242 248 249 250 253 256 
[SAVELOGS] evolution saved to results/logs/aco_logs/evolution/gil262_05_4.txt
[SAVELOGS] best cost saved to results/logs/aco_logs/objectives/gil262_05_4.txt
[SAVELOGS] best solution saved to results/logs/aco_logs/solutions/gil262_05_4.txt
