[ITER 1] New best cost=330220.96 (feasible=YES, time 0.70302s)
[ITER 2] New best cost=328657.20 (feasible=YES, time 1.92148s)
[ITER 3] New best cost=327968.41 (feasible=YES, time 2.78607s)
[ITER 4] New best cost=327791.41 (feasible=YES, time 3.60995s)
[ITER 6] New best cost=327524.08 (feasible=YES, time 5.27543s)
[ITER 10] bestGlobalCost=327524.08 (feasible=YES) bestThisIter=328029.97 feasibleAnts=10 noImprove=4 (elapsed 8.8523s)
[ITER 20] bestGlobalCost=327524.08 (feasible=YES) bestThisIter=328029.97 feasibleAnts=10 noImprove=14 (elapsed 17.0355s)
[ITER 30] bestGlobalCost=327524.08 (feasible=YES) bestThisIter=328892.34 feasibleAnts=10 noImprove=24 (elapsed 26.0943s)
[ITER 40] bestGlobalCost=327524.08 (feasible=YES) bestThisIter=330031.48 feasibleAnts=10 noImprove=34 (elapsed 34.8942s)
[ITER 50] bestGlobalCost=327524.08 (feasible=YES) bestThisIter=329640.73 feasibleAnts=10 noImprove=44 (elapsed 45.3074s)
[RESET] no improvement for50-> reset pheromones
[ITER 60] bestGlobalCost=327524.08 (feasible=YES) bestThisIter=328303.08 feasibleAnts=10 noImprove=4 (elapsed 54.5874s)
[ITER 70] bestGlobalCost=327524.08 (feasible=YES) bestThisIter=328570.57 feasibleAnts=10 noImprove=14 (elapsed 62.9187s)
[ITER 80] bestGlobalCost=327524.08 (feasible=YES) bestThisIter=329882.07 feasibleAnts=10 noImprove=24 (elapsed 71.6817s)
[ITER 90] bestGlobalCost=327524.08 (feasible=YES) bestThisIter=329211.60 feasibleAnts=10 noImprove=34 (elapsed 80.1364s)
[ITER 100] bestGlobalCost=327524.08 (feasible=YES) bestThisIter=330982.03 feasibleAnts=10 noImprove=44 (elapsed 89.7913s)
[RESET] no improvement for50-> reset pheromones
[ITER 110] bestGlobalCost=327524.08 (feasible=YES) bestThisIter=327925.70 feasibleAnts=11 noImprove=4 (elapsed 98.337s)
[ITER 120] bestGlobalCost=327524.08 (feasible=YES) bestThisIter=329312.54 feasibleAnts=10 noImprove=14 (elapsed 106.098s)
[ITER 130] bestGlobalCost=327524.08 (feasible=YES) bestThisIter=328768.42 feasibleAnts=10 noImprove=24 (elapsed 114.419s)
[ITER 140] bestGlobalCost=327524.08 (feasible=YES) bestThisIter=329834.46 feasibleAnts=10 noImprove=34 (elapsed 121.894s)
[ITER 150] bestGlobalCost=327524.08 (feasible=YES) bestThisIter=329210.69 feasibleAnts=10 noImprove=44 (elapsed 130.737s)
[RESET] no improvement for50-> reset pheromones
[ITER 160] bestGlobalCost=327524.08 (feasible=YES) bestThisIter=327791.41 feasibleAnts=11 noImprove=4 (elapsed 138.193s)
[ITER 170] bestGlobalCost=327524.08 (feasible=YES) bestThisIter=328409.56 feasibleAnts=10 noImprove=14 (elapsed 145.383s)
[ITER 180] bestGlobalCost=327524.08 (feasible=YES) bestThisIter=328586.84 feasibleAnts=10 noImprove=24 (elapsed 154.195s)
[ITER 190] bestGlobalCost=327524.08 (feasible=YES) bestThisIter=329778.51 feasibleAnts=10 noImprove=34 (elapsed 163.731s)
[ITER 200] bestGlobalCost=327524.08 (feasible=YES) bestThisIter=329734.44 feasibleAnts=10 noImprove=44 (elapsed 173.389s)
[RESET] no improvement for50-> reset pheromones
[ITER 210] bestGlobalCost=327524.08 (feasible=YES) bestThisIter=328202.19 feasibleAnts=14 noImprove=4 (elapsed 181.539s)
[ITER 220] bestGlobalCost=327524.08 (feasible=YES) bestThisIter=329629.00 feasibleAnts=10 noImprove=14 (elapsed 189.118s)
[ITER 230] bestGlobalCost=327524.08 (feasible=YES) bestThisIter=329966.19 feasibleAnts=10 noImprove=24 (elapsed 198.532s)
[ITER 240] bestGlobalCost=327524.08 (feasible=YES) bestThisIter=330328.92 feasibleAnts=10 noImprove=34 (elapsed 207.189s)
[ITER 250] bestGlobalCost=327524.08 (feasible=YES) bestThisIter=331136.20 feasibleAnts=10 noImprove=44 (elapsed 216.136s)
[RESET] no improvement for50-> reset pheromones
[ITER 260] bestGlobalCost=327524.08 (feasible=YES) bestThisIter=328029.97 feasibleAnts=13 noImprove=4 (elapsed 225.777s)
[ITER 270] bestGlobalCost=327524.08 (feasible=YES) bestThisIter=329672.96 feasibleAnts=10 noImprove=14 (elapsed 233.5s)
[ITER 280] bestGlobalCost=327524.08 (feasible=YES) bestThisIter=329627.77 feasibleAnts=10 noImprove=24 (elapsed 242.364s)
[ITER 290] bestGlobalCost=327524.08 (feasible=YES) bestThisIter=329678.30 feasibleAnts=10 noImprove=34 (elapsed 252.097s)
[ITER 300] bestGlobalCost=327524.08 (feasible=YES) bestThisIter=330349.34 feasibleAnts=10 noImprove=44 (elapsed 262.179s)
[RESET] no improvement for50-> reset pheromones
[ITER 310] bestGlobalCost=327524.08 (feasible=YES) bestThisIter=329131.57 feasibleAnts=11 noImprove=4 (elapsed 271.241s)
[ITER 320] bestGlobalCost=327524.08 (feasible=YES) bestThisIter=328363.02 feasibleAnts=10 noImprove=14 (elapsed 279.722s)
[ITER 330] bestGlobalCost=327524.08 (feasible=YES) bestThisIter=327791.41 feasibleAnts=10 noImprove=24 (elapsed 287.636s)
[ITER 339] New best cost=327106.01 (feasible=YES, time 296.593s)
[ITER 340] bestGlobalCost=327106.01 (feasible=YES) bestThisIter=327524.08 feasibleAnts=13 noImprove=1 (elapsed 297.202s)
2 9 10 11 13 26 38 39 42 43 56 57 62 66 69 82 84 89 101 103 113 114 121 122 125 131 135 146 148 153 157 163 167 177 193 194 197 203 214 223 224 225 230 235 237 238 241 242 248 249 250 253 256 
6 14 22 25 35 44 45 46 48 50 63 77 86 88 91 92 93 94 98 107 111 117 119 120 128 143 144 149 151 152 156 161 174 178 179 180 184 187 192 196 199 212 216 218 236 239 240 247 251 252 255 260 
3 5 8 12 18 19 27 30 36 49 53 54 58 61 64 65 73 79 83 90 96 106 112 116 118 123 124 126 137 150 166 170 173 183 185 189 190 191 195 198 204 206 207 211 213 215 217 220 228 257 261 262 
1 4 7 21 28 31 33 34 68 70 71 72 74 76 81 87 95 99 100 104 108 115 129 130 133 138 139 140 141 142 145 154 155 160 164 172 182 186 188 200 202 205 208 209 221 229 231 232 234 244 246 254 258 
15 16 17 20 23 24 29 32 37 40 41 47 51 52 55 59 60 67 75 78 80 85 97 102 105 109 110 127 132 134 136 147 158 159 162 165 168 169 171 175 176 181 201 210 219 222 226 227 233 243 245 259 
[SAVELOGS] evolution saved to results/logs/aco_logs/evolution/gil262_05_4.txt
[SAVELOGS] best cost saved to results/logs/aco_logs/objectives/gil262_05_4.txt
[SAVELOGS] best solution saved to results/logs/aco_logs/solutions/gil262_05_4.txt
