[ITER 1] New best cost=823939.35 (feasible=YES, time 0.119803s)
[ITER 2] New best cost=779243.87 (feasible=YES, time 0.238019s)
[ITER 3] New best cost=762323.69 (feasible=YES, time 0.355741s)
[ITER 5] New best cost=757142.73 (feasible=YES, time 0.595513s)
[ITER 10] bestGlobalCost=757142.73 (feasible=YES) bestThisIter=757142.73 feasibleAnts=10 noImprove=5 (elapsed 1.22161s)
[ITER 12] New best cost=755691.17 (feasible=YES, time 1.53462s)
[ITER 15] New best cost=752193.66 (feasible=YES, time 3.8361s)
[ITER 20] bestGlobalCost=752193.66 (feasible=YES) bestThisIter=752193.66 feasibleAnts=11 noImprove=5 (elapsed 6.84759s)
[ITER 21] New best cost=745853.47 (feasible=YES, time 6.94791s)
[ITER 30] New best cost=744694.34 (feasible=YES, time 9.79245s)
[ITER 30] New best cost=744352.23 (feasible=YES, time 10.8211s)
[ITER 30] bestGlobalCost=744352.23 (feasible=YES) bestThisIter=750475.18 feasibleAnts=10 noImprove=0 (elapsed 12.6173s)
[ITER 33] New best cost=733244.93 (feasible=YES, time 12.8997s)
[ITER 40] bestGlobalCost=733244.93 (feasible=YES) bestThisIter=733244.93 feasibleAnts=10 noImprove=7 (elapsed 13.4939s)
[ITER 45] New best cost=726704.86 (feasible=YES, time 17.7881s)
[ITER 50] bestGlobalCost=726704.86 (feasible=YES) bestThisIter=726704.86 feasibleAnts=10 noImprove=5 (elapsed 19.4377s)
[ITER 60] New best cost=724319.67 (feasible=YES, time 22.4129s)
[ITER 60] bestGlobalCost=724319.67 (feasible=YES) bestThisIter=767450.19 feasibleAnts=10 noImprove=0 (elapsed 25.2803s)
[ITER 68] New best cost=722108.31 (feasible=YES, time 26.3083s)
[ITER 70] bestGlobalCost=722108.31 (feasible=YES) bestThisIter=724319.67 feasibleAnts=19 noImprove=2 (elapsed 26.5368s)
[ITER 80] bestGlobalCost=722108.31 (feasible=YES) bestThisIter=739535.29 feasibleAnts=10 noImprove=12 (elapsed 32.1153s)
[ITER 90] bestGlobalCost=722108.31 (feasible=YES) bestThisIter=761448.46 feasibleAnts=10 noImprove=22 (elapsed 38.3436s)
[RESET] no improvement for30-> reset pheromones
[ITER 100] bestGlobalCost=722108.31 (feasible=YES) bestThisIter=765084.61 feasibleAnts=10 noImprove=2 (elapsed 39.6801s)
[ITER 110] bestGlobalCost=722108.31 (feasible=YES) bestThisIter=749678.40 feasibleAnts=10 noImprove=12 (elapsed 45.4258s)
[ITER 120] bestGlobalCost=722108.31 (feasible=YES) bestThisIter=722108.31 feasibleAnts=10 noImprove=22 (elapsed 51.8319s)
[RESET] no improvement for30-> reset pheromones
[ITER 130] bestGlobalCost=722108.31 (feasible=YES) bestThisIter=760105.32 feasibleAnts=10 noImprove=2 (elapsed 53.1002s)
[ITER 140] bestGlobalCost=722108.31 (feasible=YES) bestThisIter=767898.12 feasibleAnts=10 noImprove=12 (elapsed 58.9135s)
[ITER 150] bestGlobalCost=722108.31 (feasible=YES) bestThisIter=728535.70 feasibleAnts=10 noImprove=22 (elapsed 64.9024s)
115 131 132 133 134 135 136 137 139 
13 14 15 16 17 18 19 20 21 41 42 
24 25 26 27 30 31 32 33 34 35 36 
53 80 87 88 100 101 102 103 
90 93 94 96 116 117 118 119 120 
37 43 44 45 70 71 72 77 
82 85 104 105 106 107 108 109 110 
46 47 48 59 60 79 81 83 84 
49 50 51 52 54 55 56 57 58 86 
7 8 9 10 11 12 38 39 40 
1 2 3 4 5 6 22 23 28 29 
111 112 113 114 138 140 141 142 143 144 
121 122 123 124 125 126 127 128 129 130 
73 74 75 76 78 89 91 92 95 97 98 99 
61 62 63 64 65 66 67 68 69 
[SAVELOGS] evolution saved to results/logs/pr144_15_2/evolution/pr144_15_2
[SAVELOGS] best cost saved to results/logs/pr144_15_2/objectives/pr144_15_2
[SAVELOGS] best solution saved to results/logs/pr144_15_2/solutions/pr144_15_2
