[ITER 1] New best cost=2314776.68 (feasible=YES, time 3.02013s)
[ITER 2] New best cost=2269585.45 (feasible=YES, time 6.04935s)
[ITER 3] New best cost=2227631.56 (feasible=YES, time 13.4681s)
[ITER 6] New best cost=2207666.64 (feasible=YES, time 26.5339s)
[ITER 10] [TS] New best cost=2195387.97 (feasible=YES, time 45.835s)
[ITER 10] bestGlobalCost=2195387.97 (feasible=YES) bestThisIter=2197300.57 feasibleAnts=10 noImprove=1 (elapsed 50.1335s)
[ITER 17] New best cost=2193441.53 (feasible=YES, time 84.2162s)
[ITER 20] bestGlobalCost=2193441.53 (feasible=YES) bestThisIter=2215192.06 feasibleAnts=10 noImprove=3 (elapsed 105.764s)
[ITER 30] bestGlobalCost=2193441.53 (feasible=YES) bestThisIter=2198542.42 feasibleAnts=10 noImprove=13 (elapsed 158.509s)
[ITER 40] [TS] New best cost=2183380.09 (feasible=YES, time 212.503s)
[ITER 40] bestGlobalCost=2183380.09 (feasible=YES) bestThisIter=2200891.09 feasibleAnts=10 noImprove=1 (elapsed 212.509s)
[ITER 49] New best cost=2182349.44 (feasible=YES, time 253.838s)
[ITER 50] bestGlobalCost=2182349.44 (feasible=YES) bestThisIter=2191308.70 feasibleAnts=10 noImprove=1 (elapsed 263.676s)
[ITER 60] [TS] New best cost=2180826.89 (feasible=YES, time 314.162s)
[ITER 60] bestGlobalCost=2180826.89 (feasible=YES) bestThisIter=2190020.63 feasibleAnts=10 noImprove=1 (elapsed 316.24s)
[ITER 70] bestGlobalCost=2180826.89 (feasible=YES) bestThisIter=2187350.41 feasibleAnts=10 noImprove=11 (elapsed 371.575s)
[ITER 80] bestGlobalCost=2180826.89 (feasible=YES) bestThisIter=2195766.82 feasibleAnts=10 noImprove=21 (elapsed 428.086s)
[RESET] no improvement for30-> reset pheromones
[ITER 90] bestGlobalCost=2180826.89 (feasible=YES) bestThisIter=2278540.91 feasibleAnts=10 noImprove=1 (elapsed 482.237s)
[ITER 92] New best cost=2177728.67 (feasible=YES, time 490.473s)
[ITER 100] bestGlobalCost=2177728.67 (feasible=YES) bestThisIter=2184539.44 feasibleAnts=10 noImprove=8 (elapsed 537.821s)
[ITER 110] bestGlobalCost=2177728.67 (feasible=YES) bestThisIter=2190304.08 feasibleAnts=10 noImprove=18 (elapsed 603.241s)
[ITER 120] [TS] New best cost=2177223.53 (feasible=YES, time 650.137s)
[ITER 120] bestGlobalCost=2177223.53 (feasible=YES) bestThisIter=2190860.10 feasibleAnts=10 noImprove=1 (elapsed 653.388s)
[ITER 127] New best cost=2177158.73 (feasible=YES, time 694.138s)
[ITER 130] bestGlobalCost=2177158.73 (feasible=YES) bestThisIter=2184053.68 feasibleAnts=10 noImprove=3 (elapsed 715.327s)
[ITER 140] bestGlobalCost=2177158.73 (feasible=YES) bestThisIter=2191996.20 feasibleAnts=10 noImprove=13 (elapsed 767.535s)
[ITER 150] bestGlobalCost=2177158.73 (feasible=YES) bestThisIter=2183348.75 feasibleAnts=10 noImprove=23 (elapsed 821.092s)
[RESET] no improvement for30-> reset pheromones
[ITER 160] bestGlobalCost=2177158.73 (feasible=YES) bestThisIter=2211816.77 feasibleAnts=10 noImprove=3 (elapsed 868.412s)
[ITER 170] bestGlobalCost=2177158.73 (feasible=YES) bestThisIter=2178556.38 feasibleAnts=10 noImprove=13 (elapsed 927.937s)
[ITER 180] [TS] New best cost=2175930.75 (feasible=YES, time 971.805s)
[ITER 180] bestGlobalCost=2175930.75 (feasible=YES) bestThisIter=2175930.75 feasibleAnts=10 noImprove=1 (elapsed 976.052s)
[ITER 189] New best cost=2172572.42 (feasible=YES, time 1021.55s)
[ITER 190] bestGlobalCost=2172572.42 (feasible=YES) bestThisIter=2183182.39 feasibleAnts=10 noImprove=1 (elapsed 1032.65s)
[ITER 200] bestGlobalCost=2172572.42 (feasible=YES) bestThisIter=2185717.50 feasibleAnts=10 noImprove=11 (elapsed 1080.9s)
[ITER 210] bestGlobalCost=2172572.42 (feasible=YES) bestThisIter=2193981.39 feasibleAnts=10 noImprove=21 (elapsed 1133.98s)
[RESET] no improvement for30-> reset pheromones
[ITER 220] bestGlobalCost=2172572.42 (feasible=YES) bestThisIter=2280462.48 feasibleAnts=10 noImprove=1 (elapsed 1186.38s)
[ITER 230] bestGlobalCost=2172572.42 (feasible=YES) bestThisIter=2192547.87 feasibleAnts=10 noImprove=11 (elapsed 1242.09s)
[ITER 240] bestGlobalCost=2172572.42 (feasible=YES) bestThisIter=2183899.39 feasibleAnts=10 noImprove=21 (elapsed 1294.25s)
[RESET] no improvement for30-> reset pheromones
[ITER 250] bestGlobalCost=2172572.42 (feasible=YES) bestThisIter=2311589.60 feasibleAnts=10 noImprove=1 (elapsed 1344.04s)
[ITER 260] bestGlobalCost=2172572.42 (feasible=YES) bestThisIter=2186257.97 feasibleAnts=10 noImprove=11 (elapsed 1396.3s)
[ITER 270] bestGlobalCost=2172572.42 (feasible=YES) bestThisIter=2188210.67 feasibleAnts=10 noImprove=21 (elapsed 1454.08s)
[RESET] no improvement for30-> reset pheromones
[ITER 280] bestGlobalCost=2172572.42 (feasible=YES) bestThisIter=2264713.45 feasibleAnts=10 noImprove=1 (elapsed 1501.52s)
275 288 302 307 315 316 319 320 324 328 331 332 336 339 340 344 347 351 354 355 356 361 363 366 367 373 376 379 380 387 388 402 410 
141 143 151 153 157 158 164 165 168 172 177 178 182 183 184 187 188 191 192 193 195 196 199 200 202 203 204 205 214 217 220 226 237 239 
309 321 327 329 333 338 346 353 359 360 365 368 374 375 377 378 381 383 386 389 393 400 405 406 408 412 413 414 415 417 425 432 433 447 
83 152 154 155 156 159 160 161 162 163 166 167 169 170 171 173 174 175 176 179 181 185 186 189 194 197 198 201 209 215 216 
1 2 3 4 5 6 7 8 9 10 11 13 14 16 18 19 36 37 38 40 41 42 43 44 47 48 49 52 53 54 55 57 60 
75 77 79 88 89 90 91 92 93 94 95 96 97 98 99 101 102 105 106 107 112 113 116 119 120 121 125 132 139 145 149 
25 345 369 370 371 382 385 390 391 396 398 399 409 411 422 423 424 429 431 443 444 457 458 459 460 461 462 463 464 465 466 467 
12 15 17 20 56 58 59 61 62 63 64 65 66 67 68 69 70 71 72 73 74 76 78 80 81 82 84 85 86 87 128 190 
21 22 23 24 26 27 28 29 30 31 32 33 34 35 39 45 46 50 51 210 224 225 235 240 255 266 269 277 298 301 305 392 
403 404 407 416 418 420 434 435 436 437 438 439 440 441 442 445 446 448 449 450 451 452 453 454 468 469 470 471 472 473 478 481 483 
335 348 362 372 384 394 395 401 419 421 426 427 428 430 455 456 474 475 476 477 479 480 482 484 485 486 487 488 489 490 491 492 493 
232 248 249 250 251 252 253 254 260 261 262 263 264 265 270 274 281 282 283 284 285 286 287 292 293 294 295 296 300 303 308 311 312 313 322 
222 230 231 236 241 267 268 272 276 278 289 297 299 304 310 314 317 318 323 325 326 330 334 337 341 342 343 349 350 352 357 358 364 397 
100 103 104 108 109 110 111 114 115 117 118 122 123 124 126 127 129 130 131 133 134 135 136 137 138 140 142 144 146 147 148 150 180 
206 207 208 211 212 213 218 219 221 223 227 228 229 233 234 238 242 243 244 245 246 247 256 257 258 259 271 273 279 280 290 291 306 
[SAVELOGS] evolution saved to results/logs/aco_logs/evolution/d493_15_3.txt
[SAVELOGS] best cost saved to results/logs/aco_logs/objectives/d493_15_3.txt
[SAVELOGS] best solution saved to results/logs/aco_logs/solutions/d493_15_3.txt
