[ITER 1] New best cost=59885.89 (feasible=YES, time 0.22627s)
[ITER 2] New best cost=56143.70 (feasible=YES, time 0.355183s)
[ITER 10] bestGlobalCost=56143.70 (feasible=YES) bestThisIter=56901.32 feasibleAnts=10 noImprove=8 (elapsed 1.95459s)
[ITER 11] New best cost=55339.34 (feasible=YES, time 2.22022s)
[ITER 12] New best cost=54164.82 (feasible=YES, time 2.32099s)
[ITER 20] bestGlobalCost=54164.82 (feasible=YES) bestThisIter=54164.82 feasibleAnts=10 noImprove=8 (elapsed 9.22027s)
[ITER 21] New best cost=53714.74 (feasible=YES, time 9.37237s)
[ITER 30] bestGlobalCost=53714.74 (feasible=YES) bestThisIter=57923.50 feasibleAnts=9 noImprove=9 (elapsed 16.5396s)
[ITER 40] bestGlobalCost=53714.74 (feasible=YES) bestThisIter=55892.88 feasibleAnts=10 noImprove=19 (elapsed 18.633s)
[ITER 50] bestGlobalCost=53714.74 (feasible=YES) bestThisIter=57414.73 feasibleAnts=10 noImprove=29 (elapsed 26.6472s)
[RESET] no improvement for30-> reset pheromones
[ITER 60] bestGlobalCost=53714.74 (feasible=YES) bestThisIter=58715.51 feasibleAnts=10 noImprove=9 (elapsed 35.0047s)
[ITER 70] bestGlobalCost=53714.74 (feasible=YES) bestThisIter=57901.81 feasibleAnts=10 noImprove=19 (elapsed 37.3016s)
[ITER 75] New best cost=53344.47 (feasible=YES, time 39.3542s)
[ITER 80] bestGlobalCost=53344.47 (feasible=YES) bestThisIter=53344.47 feasibleAnts=10 noImprove=5 (elapsed 44.4796s)
[ITER 90] bestGlobalCost=53344.47 (feasible=YES) bestThisIter=56134.05 feasibleAnts=10 noImprove=15 (elapsed 51.6486s)
[ITER 100] bestGlobalCost=53344.47 (feasible=YES) bestThisIter=57896.11 feasibleAnts=10 noImprove=25 (elapsed 53.7207s)
[RESET] no improvement for30-> reset pheromones
5 11 16 45 61 76 124 129 
48 63 68 70 107 110 113 127 
3 28 30 83 114 115 117 126 
21 22 33 37 40 47 93 96 108 
25 32 36 84 94 98 101 119 
17 19 27 31 34 43 89 100 104 
7 26 64 69 86 88 97 109 
9 56 57 65 74 82 111 123 
15 24 29 77 79 81 87 95 116 
1 39 41 62 71 105 112 128 130 
2 4 18 20 35 46 50 54 80 118 
6 10 13 14 23 67 102 120 122 
42 44 49 51 53 55 58 60 72 91 
8 59 66 78 85 90 121 125 
12 38 52 73 75 92 99 103 106 
[SAVELOGS] evolution saved to results/logs/ch130_15_4/evolution/ch130_15_4
[SAVELOGS] best cost saved to results/logs/ch130_15_4/objectives/ch130_15_4
[SAVELOGS] best solution saved to results/logs/ch130_15_4/solutions/ch130_15_4
