[ITER 1] New best cost=178478.17 (feasible=YES, time 5.93178s)
[ITER 2] New best cost=176901.77 (feasible=YES, time 10.319s)
[ITER 4] New best cost=176835.76 (feasible=YES, time 22.0651s)
[ITER 5] New best cost=176423.48 (feasible=YES, time 27.6872s)
[ITER 6] New best cost=176206.62 (feasible=YES, time 33.6799s)
[ITER 10] [TS] New best cost=176024.59 (feasible=YES, time 54.2993s)
[ITER 10] bestGlobalCost=176024.59 (feasible=YES) bestThisIter=176024.59 feasibleAnts=10 noImprove=1 (elapsed 57.2493s)
[ITER 13] New best cost=175984.70 (feasible=YES, time 74.4127s)
[ITER 20] [TS] New best cost=175965.27 (feasible=YES, time 110.029s)
[ITER 20] bestGlobalCost=175965.27 (feasible=YES) bestThisIter=176290.15 feasibleAnts=10 noImprove=1 (elapsed 111.377s)
[ITER 23] New best cost=175819.51 (feasible=YES, time 126.188s)
[ITER 26] New best cost=175713.87 (feasible=YES, time 140.656s)
[ITER 30] bestGlobalCost=175713.87 (feasible=YES) bestThisIter=176029.89 feasibleAnts=10 noImprove=4 (elapsed 162.299s)
[ITER 36] New best cost=175650.96 (feasible=YES, time 193.275s)
[ITER 37] New best cost=175632.27 (feasible=YES, time 198.174s)
[ITER 40] bestGlobalCost=175632.27 (feasible=YES) bestThisIter=176024.76 feasibleAnts=10 noImprove=3 (elapsed 216.729s)
[ITER 41] New best cost=175602.94 (feasible=YES, time 221.275s)
[ITER 46] New best cost=175576.74 (feasible=YES, time 244.961s)
[ITER 47] New best cost=175572.63 (feasible=YES, time 250.315s)
[ITER 50] [TS] New best cost=175557.82 (feasible=YES, time 265.098s)
[ITER 50] [TS] New best cost=175507.09 (feasible=YES, time 267.16s)
[ITER 50] bestGlobalCost=175507.09 (feasible=YES) bestThisIter=176297.03 feasibleAnts=10 noImprove=1 (elapsed 267.828s)
[ITER 57] New best cost=175469.47 (feasible=YES, time 300.313s)
[ITER 58] New best cost=175451.07 (feasible=YES, time 304.873s)
[ITER 59] New best cost=175338.99 (feasible=YES, time 309.084s)
[ITER 60] bestGlobalCost=175338.99 (feasible=YES) bestThisIter=175531.51 feasibleAnts=10 noImprove=1 (elapsed 317.621s)
[ITER 70] bestGlobalCost=175338.99 (feasible=YES) bestThisIter=175747.02 feasibleAnts=10 noImprove=11 (elapsed 368.42s)
[ITER 80] bestGlobalCost=175338.99 (feasible=YES) bestThisIter=175353.80 feasibleAnts=10 noImprove=21 (elapsed 422.183s)
[ITER 85] New best cost=175253.20 (feasible=YES, time 444.627s)
[ITER 90] bestGlobalCost=175253.20 (feasible=YES) bestThisIter=175546.23 feasibleAnts=10 noImprove=5 (elapsed 470.143s)
[ITER 100] bestGlobalCost=175253.20 (feasible=YES) bestThisIter=175582.59 feasibleAnts=10 noImprove=15 (elapsed 522.679s)
[ITER 107] New best cost=175244.44 (feasible=YES, time 555.089s)
[ITER 110] [TS] New best cost=175201.07 (feasible=YES, time 571.541s)
[ITER 110] bestGlobalCost=175201.07 (feasible=YES) bestThisIter=175201.07 feasibleAnts=10 noImprove=1 (elapsed 574.255s)
[ITER 120] bestGlobalCost=175201.07 (feasible=YES) bestThisIter=175654.33 feasibleAnts=10 noImprove=11 (elapsed 627.018s)
[ITER 130] bestGlobalCost=175201.07 (feasible=YES) bestThisIter=175470.20 feasibleAnts=10 noImprove=21 (elapsed 677.054s)
[RESET] no improvement for30-> reset pheromones
[ITER 140] bestGlobalCost=175201.07 (feasible=YES) bestThisIter=177143.64 feasibleAnts=10 noImprove=1 (elapsed 725.948s)
[ITER 150] bestGlobalCost=175201.07 (feasible=YES) bestThisIter=175504.78 feasibleAnts=10 noImprove=11 (elapsed 775.095s)
[ITER 160] bestGlobalCost=175201.07 (feasible=YES) bestThisIter=175842.66 feasibleAnts=10 noImprove=21 (elapsed 826.594s)
[RESET] no improvement for30-> reset pheromones
[ITER 170] bestGlobalCost=175201.07 (feasible=YES) bestThisIter=177106.12 feasibleAnts=10 noImprove=1 (elapsed 879.37s)
[ITER 180] bestGlobalCost=175201.07 (feasible=YES) bestThisIter=175634.27 feasibleAnts=10 noImprove=11 (elapsed 928.552s)
[ITER 181] New best cost=175154.81 (feasible=YES, time 932.646s)
[ITER 190] bestGlobalCost=175154.81 (feasible=YES) bestThisIter=175579.76 feasibleAnts=10 noImprove=9 (elapsed 978.182s)
[ITER 195] New best cost=175129.46 (feasible=YES, time 1001.69s)
[ITER 200] bestGlobalCost=175129.46 (feasible=YES) bestThisIter=176064.00 feasibleAnts=10 noImprove=5 (elapsed 1028.67s)
[ITER 210] bestGlobalCost=175129.46 (feasible=YES) bestThisIter=175874.92 feasibleAnts=10 noImprove=15 (elapsed 1083.33s)
[ITER 220] bestGlobalCost=175129.46 (feasible=YES) bestThisIter=175775.78 feasibleAnts=10 noImprove=25 (elapsed 1131.59s)
[RESET] no improvement for30-> reset pheromones
[ITER 230] bestGlobalCost=175129.46 (feasible=YES) bestThisIter=175396.98 feasibleAnts=10 noImprove=5 (elapsed 1184.68s)
[ITER 240] bestGlobalCost=175129.46 (feasible=YES) bestThisIter=175702.50 feasibleAnts=10 noImprove=15 (elapsed 1235.01s)
[ITER 250] bestGlobalCost=175129.46 (feasible=YES) bestThisIter=175131.31 feasibleAnts=10 noImprove=25 (elapsed 1287.53s)
[RESET] no improvement for30-> reset pheromones
[ITER 260] bestGlobalCost=175129.46 (feasible=YES) bestThisIter=176219.92 feasibleAnts=11 noImprove=5 (elapsed 1336.31s)
[ITER 270] bestGlobalCost=175129.46 (feasible=YES) bestThisIter=175484.05 feasibleAnts=10 noImprove=15 (elapsed 1387.25s)
[ITER 280] bestGlobalCost=175129.46 (feasible=YES) bestThisIter=175526.18 feasibleAnts=10 noImprove=25 (elapsed 1438.39s)
[RESET] no improvement for30-> reset pheromones
[ITER 290] bestGlobalCost=175129.46 (feasible=YES) bestThisIter=175523.88 feasibleAnts=10 noImprove=5 (elapsed 1488.35s)
22 25 27 28 29 38 39 40 42 46 47 48 50 95 99 101 102 104 105 106 108 109 110 111 114 115 116 118 119 120 121 122 123 124 125 126 128 129 130 131 132 134 137 138 142 144 146 159 167 168 
339 342 345 347 348 349 350 351 352 353 354 355 356 357 358 359 360 361 362 364 366 374 402 403 404 405 406 407 408 409 410 411 412 413 414 415 416 417 418 421 422 423 424 425 
179 196 202 204 213 214 215 216 218 219 220 221 222 223 224 225 226 255 256 257 258 259 260 261 262 263 264 265 266 267 268 269 270 271 280 282 283 284 285 286 287 289 290 291 
243 244 245 246 247 248 249 250 251 252 363 365 367 370 375 376 377 378 379 380 381 382 383 384 385 386 387 388 389 390 391 392 393 394 395 396 397 398 399 400 401 
217 227 228 229 230 231 232 233 234 235 237 238 239 272 273 274 275 276 277 278 279 281 288 292 293 294 295 296 297 298 299 301 302 303 304 305 306 307 308 309 318 
77 78 79 80 81 82 83 87 88 89 90 91 92 93 94 96 97 98 113 117 156 157 158 160 161 162 163 164 165 166 169 170 203 205 206 207 208 209 210 211 212 
236 240 241 242 300 310 311 312 313 314 315 316 317 319 320 321 322 323 324 325 326 327 328 329 330 331 332 333 334 335 336 337 338 340 341 343 344 346 368 369 371 372 373 
1 5 6 7 8 10 12 13 14 19 20 23 32 37 55 68 75 76 100 103 107 112 127 133 147 419 420 426 427 428 429 430 431 
135 136 139 140 141 143 145 148 149 150 151 152 153 154 155 171 172 173 174 175 176 177 178 180 181 182 183 184 185 186 187 188 189 190 191 192 193 194 195 197 198 199 200 201 253 254 
2 3 4 9 11 15 16 17 18 21 24 26 30 31 33 34 35 36 41 43 44 45 49 51 52 53 54 56 57 58 59 60 61 62 63 64 65 66 67 69 70 71 72 73 74 84 85 86 
[SAVELOGS] evolution saved to results/logs/aco_logs/evolution/gr431_10_2.txt
[SAVELOGS] best cost saved to results/logs/aco_logs/objectives/gr431_10_2.txt
[SAVELOGS] best solution saved to results/logs/aco_logs/solutions/gr431_10_2.txt
