[ITER 1] New best cost=7724.95 (feasible=YES, time 0.28387s)
[ITER 2] New best cost=7450.63 (feasible=YES, time 0.468339s)
[ITER 10] bestGlobalCost=7450.63 (feasible=YES) bestThisIter=7897.46 feasibleAnts=10 noImprove=8 (elapsed 2.19172s)
[ITER 15] New best cost=7307.17 (feasible=YES, time 4.18567s)
[ITER 15] New best cost=7204.98 (feasible=YES, time 5.25746s)
[ITER 18] New best cost=7196.15 (feasible=YES, time 8.63755s)
[ITER 19] New best cost=7145.70 (feasible=YES, time 8.73251s)
[ITER 20] bestGlobalCost=7145.70 (feasible=YES) bestThisIter=7204.98 feasibleAnts=10 noImprove=1 (elapsed 8.79467s)
[ITER 30] New best cost=7142.52 (feasible=YES, time 11.1377s)
[ITER 30] bestGlobalCost=7142.52 (feasible=YES) bestThisIter=7330.94 feasibleAnts=10 noImprove=0 (elapsed 15.4097s)
[ITER 40] bestGlobalCost=7142.52 (feasible=YES) bestThisIter=7621.43 feasibleAnts=10 noImprove=10 (elapsed 16.6966s)
[ITER 50] bestGlobalCost=7142.52 (feasible=YES) bestThisIter=7662.26 feasibleAnts=10 noImprove=20 (elapsed 24.086s)
[ITER 60] bestGlobalCost=7142.52 (feasible=YES) bestThisIter=8104.71 feasibleAnts=10 noImprove=30 (elapsed 31.1088s)
[RESET] no improvement for30-> reset pheromones
[ITER 70] bestGlobalCost=7142.52 (feasible=YES) bestThisIter=7976.41 feasibleAnts=10 noImprove=10 (elapsed 34.2092s)
[ITER 80] bestGlobalCost=7142.52 (feasible=YES) bestThisIter=7887.50 feasibleAnts=10 noImprove=20 (elapsed 41.749s)
[ITER 90] bestGlobalCost=7142.52 (feasible=YES) bestThisIter=7736.81 feasibleAnts=10 noImprove=30 (elapsed 49.6552s)
[RESET] no improvement for30-> reset pheromones
[ITER 100] bestGlobalCost=7142.52 (feasible=YES) bestThisIter=8200.05 feasibleAnts=10 noImprove=10 (elapsed 52.4367s)
[ITER 110] bestGlobalCost=7142.52 (feasible=YES) bestThisIter=8008.43 feasibleAnts=10 noImprove=20 (elapsed 60.1422s)
8 54 71 90 111 116 
19 25 31 66 85 107 117 
1 16 32 59 61 76 120 
24 40 60 70 72 105 
62 67 83 99 104 106 
7 9 11 23 51 82 
14 28 29 45 74 87 
3 4 26 34 38 103 119 
18 22 44 46 75 86 
43 58 65 68 69 
5 37 39 57 73 
6 10 35 36 84 96 
47 48 55 89 101 102 112 
12 64 77 95 97 
2 21 88 93 109 115 
27 53 63 80 110 114 
17 41 42 56 98 
15 30 78 81 92 94 
13 20 49 50 113 118 
33 52 79 91 100 108 
[SAVELOGS] evolution saved to results/logs/gr120_20_4/evolution/gr120_20_4
[SAVELOGS] best cost saved to results/logs/gr120_20_4/objectives/gr120_20_4
[SAVELOGS] best solution saved to results/logs/gr120_20_4/solutions/gr120_20_4
