[ITER 1] New best cost=8186.07 (feasible=YES, time 0.299911s)
[ITER 2] New best cost=7694.29 (feasible=YES, time 0.550732s)
[ITER 3] New best cost=7679.22 (feasible=YES, time 0.732625s)
[ITER 4] New best cost=7665.63 (feasible=YES, time 0.896868s)
[ITER 5] New best cost=7568.46 (feasible=YES, time 1.03331s)
[ITER 6] New best cost=7496.82 (feasible=YES, time 1.18779s)
[ITER 8] New best cost=7496.21 (feasible=YES, time 1.46233s)
[ITER 10] bestGlobalCost=7496.21 (feasible=YES) bestThisIter=7793.22 feasibleAnts=10 noImprove=2 (elapsed 1.7602s)
[ITER 15] New best cost=7404.60 (feasible=YES, time 3.46178s)
[ITER 15] New best cost=7224.65 (feasible=YES, time 4.37636s)
[ITER 20] bestGlobalCost=7224.65 (feasible=YES) bestThisIter=7387.76 feasibleAnts=10 noImprove=5 (elapsed 8.4742s)
[ITER 22] New best cost=7157.33 (feasible=YES, time 8.76365s)
[ITER 23] New best cost=7123.48 (feasible=YES, time 8.91924s)
[ITER 24] New best cost=7115.08 (feasible=YES, time 9.04438s)
[ITER 28] New best cost=7088.95 (feasible=YES, time 9.51482s)
[ITER 30] bestGlobalCost=7088.95 (feasible=YES) bestThisIter=7115.08 feasibleAnts=10 noImprove=2 (elapsed 14.7271s)
[ITER 33] New best cost=7075.20 (feasible=YES, time 15.2435s)
[ITER 40] bestGlobalCost=7075.20 (feasible=YES) bestThisIter=7075.20 feasibleAnts=10 noImprove=7 (elapsed 16.3147s)
[ITER 45] New best cost=7070.09 (feasible=YES, time 20.848s)
[ITER 49] New best cost=7056.34 (feasible=YES, time 22.2406s)
[ITER 50] bestGlobalCost=7056.34 (feasible=YES) bestThisIter=7070.09 feasibleAnts=20 noImprove=1 (elapsed 22.34s)
[ITER 53] New best cost=7030.01 (feasible=YES, time 22.8151s)
[ITER 60] bestGlobalCost=7030.01 (feasible=YES) bestThisIter=7249.06 feasibleAnts=10 noImprove=7 (elapsed 28.096s)
[ITER 70] bestGlobalCost=7030.01 (feasible=YES) bestThisIter=7733.17 feasibleAnts=10 noImprove=17 (elapsed 30.0228s)
[ITER 80] bestGlobalCost=7030.01 (feasible=YES) bestThisIter=8271.71 feasibleAnts=10 noImprove=27 (elapsed 37.7573s)
[RESET] no improvement for30-> reset pheromones
[ITER 90] bestGlobalCost=7030.01 (feasible=YES) bestThisIter=7910.73 feasibleAnts=10 noImprove=7 (elapsed 44.5719s)
[ITER 100] bestGlobalCost=7030.01 (feasible=YES) bestThisIter=7645.88 feasibleAnts=10 noImprove=17 (elapsed 47.5455s)
[ITER 110] bestGlobalCost=7030.01 (feasible=YES) bestThisIter=7532.19 feasibleAnts=10 noImprove=27 (elapsed 54.5587s)
[RESET] no improvement for30-> reset pheromones
[ITER 120] bestGlobalCost=7030.01 (feasible=YES) bestThisIter=7901.96 feasibleAnts=10 noImprove=7 (elapsed 62.3002s)
3 4 26 34 71 103 119 
12 64 77 95 97 
8 24 54 70 111 116 
18 22 31 66 85 117 
13 17 42 49 118 
5 27 53 63 73 114 
38 41 46 50 56 98 
2 21 88 93 109 115 
16 40 60 72 74 105 
14 28 75 81 86 87 
7 9 11 23 51 82 
15 45 61 78 92 94 
19 25 33 52 79 108 
6 36 55 84 89 90 
10 35 62 96 99 104 
47 48 80 101 102 110 112 
20 43 44 69 107 113 
1 29 30 32 59 76 120 
37 39 57 67 83 106 
58 65 68 91 100 
[SAVELOGS] evolution saved to results/logs/gr120_20_4/evolution/gr120_20_4
[SAVELOGS] best cost saved to results/logs/gr120_20_4/objectives/gr120_20_4
[SAVELOGS] best solution saved to results/logs/gr120_20_4/solutions/gr120_20_4
