[ITER 1] New best cost=30468.97 (feasible=YES, time 0.124923s)
[ITER 3] New best cost=29088.19 (feasible=YES, time 0.388169s)
[ITER 4] New best cost=28219.87 (feasible=YES, time 0.488632s)
[ITER 5] New best cost=27658.92 (feasible=YES, time 0.55534s)
[ITER 6] New best cost=27478.75 (feasible=YES, time 0.662919s)
[ITER 8] New best cost=27413.23 (feasible=YES, time 0.835356s)
[ITER 9] New best cost=27285.66 (feasible=YES, time 0.935817s)
[ITER 10] bestGlobalCost=27285.66 (feasible=YES) bestThisIter=27390.53 feasibleAnts=10 noImprove=1 (elapsed 1.03931s)
[ITER 12] New best cost=27242.89 (feasible=YES, time 1.20478s)
[ITER 15] New best cost=27193.63 (feasible=YES, time 2.54229s)
[ITER 18] New best cost=27142.60 (feasible=YES, time 4.19441s)
[ITER 20] New best cost=27138.30 (feasible=YES, time 4.33199s)
[ITER 20] bestGlobalCost=27138.30 (feasible=YES) bestThisIter=27138.30 feasibleAnts=21 noImprove=0 (elapsed 4.33591s)
[ITER 21] New best cost=27107.54 (feasible=YES, time 4.42096s)
[ITER 30] New best cost=27104.95 (feasible=YES, time 5.48976s)
[ITER 30] bestGlobalCost=27104.95 (feasible=YES) bestThisIter=28107.33 feasibleAnts=10 noImprove=0 (elapsed 7.18107s)
[ITER 33] New best cost=27069.89 (feasible=YES, time 7.38847s)
[ITER 40] bestGlobalCost=27069.89 (feasible=YES) bestThisIter=27069.89 feasibleAnts=10 noImprove=7 (elapsed 7.87391s)
[ITER 50] bestGlobalCost=27069.89 (feasible=YES) bestThisIter=28934.28 feasibleAnts=10 noImprove=17 (elapsed 11.4837s)
[ITER 60] New best cost=27043.95 (feasible=YES, time 12.9961s)
[ITER 60] bestGlobalCost=27043.95 (feasible=YES) bestThisIter=28011.66 feasibleAnts=10 noImprove=0 (elapsed 14.7111s)
[ITER 63] New best cost=27016.24 (feasible=YES, time 14.929s)
[ITER 66] New best cost=27009.02 (feasible=YES, time 15.0992s)
[ITER 68] New best cost=26981.19 (feasible=YES, time 15.2284s)
[ITER 70] bestGlobalCost=26981.19 (feasible=YES) bestThisIter=26981.19 feasibleAnts=14 noImprove=2 (elapsed 15.3692s)
[ITER 75] New best cost=26978.97 (feasible=YES, time 18.275s)
[ITER 80] bestGlobalCost=26978.97 (feasible=YES) bestThisIter=26978.97 feasibleAnts=10 noImprove=5 (elapsed 18.6897s)
[ITER 82] New best cost=26943.91 (feasible=YES, time 18.8551s)
[ITER 90] bestGlobalCost=26943.91 (feasible=YES) bestThisIter=27255.01 feasibleAnts=10 noImprove=8 (elapsed 21.5209s)
[ITER 100] bestGlobalCost=26943.91 (feasible=YES) bestThisIter=27756.22 feasibleAnts=10 noImprove=18 (elapsed 22.4027s)
[ITER 110] bestGlobalCost=26943.91 (feasible=YES) bestThisIter=28803.76 feasibleAnts=10 noImprove=28 (elapsed 26.0378s)
[RESET] no improvement for30-> reset pheromones
[ITER 120] bestGlobalCost=26943.91 (feasible=YES) bestThisIter=29791.61 feasibleAnts=10 noImprove=8 (elapsed 29.4666s)
[ITER 130] bestGlobalCost=26943.91 (feasible=YES) bestThisIter=28191.86 feasibleAnts=10 noImprove=18 (elapsed 30.5621s)
[ITER 140] bestGlobalCost=26943.91 (feasible=YES) bestThisIter=28478.36 feasibleAnts=10 noImprove=28 (elapsed 34.1455s)
[RESET] no improvement for30-> reset pheromones
[ITER 150] bestGlobalCost=26943.91 (feasible=YES) bestThisIter=30737.53 feasibleAnts=10 noImprove=8 (elapsed 37.57s)
[ITER 160] bestGlobalCost=26943.91 (feasible=YES) bestThisIter=28126.76 feasibleAnts=10 noImprove=18 (elapsed 38.6928s)
[ITER 170] bestGlobalCost=26943.91 (feasible=YES) bestThisIter=29063.11 feasibleAnts=10 noImprove=28 (elapsed 42.3879s)
[RESET] no improvement for30-> reset pheromones
[ITER 180] bestGlobalCost=26943.91 (feasible=YES) bestThisIter=28724.57 feasibleAnts=10 noImprove=8 (elapsed 45.6799s)
[ITER 190] bestGlobalCost=26943.91 (feasible=YES) bestThisIter=28847.73 feasibleAnts=10 noImprove=18 (elapsed 46.7705s)
[ITER 200] bestGlobalCost=26943.91 (feasible=YES) bestThisIter=29557.70 feasibleAnts=10 noImprove=28 (elapsed 50.5153s)
[RESET] no improvement for30-> reset pheromones
[ITER 210] bestGlobalCost=26943.91 (feasible=YES) bestThisIter=31296.11 feasibleAnts=10 noImprove=8 (elapsed 53.8487s)
[ITER 220] bestGlobalCost=26943.91 (feasible=YES) bestThisIter=27782.53 feasibleAnts=10 noImprove=18 (elapsed 54.9263s)
[ITER 230] bestGlobalCost=26943.91 (feasible=YES) bestThisIter=28006.54 feasibleAnts=10 noImprove=28 (elapsed 58.0841s)
[RESET] no improvement for30-> reset pheromones
[ITER 240] bestGlobalCost=26943.91 (feasible=YES) bestThisIter=30995.43 feasibleAnts=10 noImprove=8 (elapsed 61.9634s)
23 29 35 44 45 100 
19 28 37 46 50 56 
5 30 48 80 81 
36 52 57 64 94 
38 54 70 72 
7 34 39 55 96 
8 51 69 90 
4 13 32 49 78 
9 20 26 33 74 
10 17 27 73 92 
24 25 40 42 43 
65 68 71 83 91 
58 66 76 88 98 
15 63 67 86 97 
11 22 41 61 
1 18 60 62 87 
3 6 47 79 99 
2 16 31 84 89 
12 14 21 75 82 85 
53 59 77 93 95 
[SAVELOGS] evolution saved to results/logs/rd100_20_3/evolution/rd100_20_3
[SAVELOGS] best cost saved to results/logs/rd100_20_3/objectives/rd100_20_3
[SAVELOGS] best solution saved to results/logs/rd100_20_3/solutions/rd100_20_3
