[ITER 1] New best cost=29411.88 (feasible=YES, time 0.108633s)
[ITER 5] New best cost=29377.90 (feasible=YES, time 0.56371s)
[ITER 6] New best cost=28332.39 (feasible=YES, time 0.656678s)
[ITER 10] bestGlobalCost=28332.39 (feasible=YES) bestThisIter=28648.59 feasibleAnts=10 noImprove=4 (elapsed 0.969224s)
[ITER 13] New best cost=28008.22 (feasible=YES, time 1.25505s)
[ITER 15] New best cost=27043.95 (feasible=YES, time 1.93216s)
[ITER 15] New best cost=26974.67 (feasible=YES, time 2.42891s)
[ITER 20] bestGlobalCost=26974.67 (feasible=YES) bestThisIter=27931.26 feasibleAnts=10 noImprove=5 (elapsed 4.3483s)
[ITER 23] New best cost=26943.91 (feasible=YES, time 4.60211s)
[ITER 30] bestGlobalCost=26943.91 (feasible=YES) bestThisIter=26943.91 feasibleAnts=10 noImprove=7 (elapsed 7.14147s)
[ITER 40] bestGlobalCost=26943.91 (feasible=YES) bestThisIter=28017.44 feasibleAnts=10 noImprove=17 (elapsed 7.96398s)
[ITER 50] bestGlobalCost=26943.91 (feasible=YES) bestThisIter=30475.47 feasibleAnts=10 noImprove=27 (elapsed 11.6236s)
[RESET] no improvement for30-> reset pheromones
[ITER 60] bestGlobalCost=26943.91 (feasible=YES) bestThisIter=30708.91 feasibleAnts=10 noImprove=7 (elapsed 15.0434s)
[ITER 70] bestGlobalCost=26943.91 (feasible=YES) bestThisIter=28408.49 feasibleAnts=10 noImprove=17 (elapsed 16.0862s)
[ITER 80] bestGlobalCost=26943.91 (feasible=YES) bestThisIter=29108.25 feasibleAnts=10 noImprove=27 (elapsed 19.8345s)
[RESET] no improvement for30-> reset pheromones
[ITER 90] bestGlobalCost=26943.91 (feasible=YES) bestThisIter=29515.22 feasibleAnts=10 noImprove=7 (elapsed 23.2734s)
[ITER 100] bestGlobalCost=26943.91 (feasible=YES) bestThisIter=29004.44 feasibleAnts=10 noImprove=17 (elapsed 24.3539s)
[ITER 110] bestGlobalCost=26943.91 (feasible=YES) bestThisIter=29227.91 feasibleAnts=10 noImprove=27 (elapsed 27.9707s)
[RESET] no improvement for30-> reset pheromones
[ITER 120] bestGlobalCost=26943.91 (feasible=YES) bestThisIter=30026.80 feasibleAnts=10 noImprove=7 (elapsed 31.3534s)
[ITER 130] bestGlobalCost=26943.91 (feasible=YES) bestThisIter=28817.45 feasibleAnts=10 noImprove=17 (elapsed 32.4506s)
[ITER 140] bestGlobalCost=26943.91 (feasible=YES) bestThisIter=29909.12 feasibleAnts=10 noImprove=27 (elapsed 35.6498s)
[RESET] no improvement for30-> reset pheromones
[ITER 150] bestGlobalCost=26943.91 (feasible=YES) bestThisIter=31083.31 feasibleAnts=10 noImprove=7 (elapsed 39.3266s)
[ITER 160] bestGlobalCost=26943.91 (feasible=YES) bestThisIter=28399.74 feasibleAnts=10 noImprove=17 (elapsed 40.5676s)
[ITER 170] bestGlobalCost=26943.91 (feasible=YES) bestThisIter=29908.18 feasibleAnts=10 noImprove=27 (elapsed 43.8762s)
[RESET] no improvement for30-> reset pheromones
[ITER 180] bestGlobalCost=26943.91 (feasible=YES) bestThisIter=30553.97 feasibleAnts=10 noImprove=7 (elapsed 47.6134s)
[ITER 190] bestGlobalCost=26943.91 (feasible=YES) bestThisIter=28087.71 feasibleAnts=10 noImprove=17 (elapsed 48.9555s)
[ITER 200] bestGlobalCost=26943.91 (feasible=YES) bestThisIter=28313.83 feasibleAnts=10 noImprove=27 (elapsed 52.1314s)
[RESET] no improvement for30-> reset pheromones
[ITER 210] bestGlobalCost=26943.91 (feasible=YES) bestThisIter=28740.81 feasibleAnts=10 noImprove=7 (elapsed 55.8249s)
[ITER 220] bestGlobalCost=26943.91 (feasible=YES) bestThisIter=30302.80 feasibleAnts=10 noImprove=17 (elapsed 57.1632s)
2 16 31 84 89 
15 63 67 86 97 
19 28 37 46 50 56 
36 52 57 64 94 
58 66 76 88 98 
4 13 32 49 78 
24 25 40 42 43 
38 54 70 72 
12 14 21 75 82 85 
65 68 71 83 91 
3 6 47 79 99 
1 18 60 62 87 
5 30 48 80 81 
10 17 27 73 92 
11 22 41 61 
53 59 77 93 95 
9 20 26 33 74 
23 29 35 44 45 100 
7 34 39 55 96 
8 51 69 90 
[SAVELOGS] evolution saved to results/logs/rd100_20_3/evolution/rd100_20_3
[SAVELOGS] best cost saved to results/logs/rd100_20_3/objectives/rd100_20_3
[SAVELOGS] best solution saved to results/logs/rd100_20_3/solutions/rd100_20_3
