[ITER 1] New best cost=29975.27 (feasible=YES, time 0.132555s)
[ITER 2] New best cost=28898.38 (feasible=YES, time 0.232445s)
[ITER 3] New best cost=28320.99 (feasible=YES, time 0.343571s)
[ITER 4] New best cost=27401.04 (feasible=YES, time 0.461571s)
[ITER 10] bestGlobalCost=27401.04 (feasible=YES) bestThisIter=30049.77 feasibleAnts=10 noImprove=6 (elapsed 0.970809s)
[ITER 14] New best cost=27279.97 (feasible=YES, time 1.34792s)
[ITER 15] New best cost=27104.95 (feasible=YES, time 1.83674s)
[ITER 15] New best cost=27087.58 (feasible=YES, time 2.67225s)
[ITER 18] New best cost=27008.90 (feasible=YES, time 3.69131s)
[ITER 20] New best cost=26993.48 (feasible=YES, time 3.84798s)
[ITER 20] bestGlobalCost=26993.48 (feasible=YES) bestThisIter=26993.48 feasibleAnts=10 noImprove=0 (elapsed 3.85232s)
[ITER 21] New best cost=26981.19 (feasible=YES, time 3.9286s)
[ITER 30] bestGlobalCost=26981.19 (feasible=YES) bestThisIter=26981.19 feasibleAnts=10 noImprove=9 (elapsed 7.03175s)
[ITER 40] bestGlobalCost=26981.19 (feasible=YES) bestThisIter=29777.76 feasibleAnts=10 noImprove=19 (elapsed 8.02232s)
[ITER 45] New best cost=26958.43 (feasible=YES, time 9.42667s)
[ITER 50] bestGlobalCost=26958.43 (feasible=YES) bestThisIter=26958.43 feasibleAnts=10 noImprove=5 (elapsed 10.9359s)
[ITER 60] New best cost=26943.91 (feasible=YES, time 12.0394s)
[ITER 60] bestGlobalCost=26943.91 (feasible=YES) bestThisIter=28884.57 feasibleAnts=10 noImprove=0 (elapsed 13.9966s)
[ITER 70] bestGlobalCost=26943.91 (feasible=YES) bestThisIter=26943.91 feasibleAnts=9 noImprove=10 (elapsed 14.6696s)
[ITER 80] bestGlobalCost=26943.91 (feasible=YES) bestThisIter=28356.65 feasibleAnts=10 noImprove=20 (elapsed 17.9421s)
[ITER 90] bestGlobalCost=26943.91 (feasible=YES) bestThisIter=28260.46 feasibleAnts=10 noImprove=30 (elapsed 21.2313s)
[RESET] no improvement for30-> reset pheromones
[ITER 100] bestGlobalCost=26943.91 (feasible=YES) bestThisIter=29503.81 feasibleAnts=10 noImprove=10 (elapsed 22.6357s)
[ITER 110] bestGlobalCost=26943.91 (feasible=YES) bestThisIter=29627.50 feasibleAnts=10 noImprove=20 (elapsed 26.1097s)
[ITER 120] bestGlobalCost=26943.91 (feasible=YES) bestThisIter=29011.09 feasibleAnts=10 noImprove=30 (elapsed 29.452s)
[RESET] no improvement for30-> reset pheromones
[ITER 130] bestGlobalCost=26943.91 (feasible=YES) bestThisIter=31074.35 feasibleAnts=10 noImprove=10 (elapsed 30.8209s)
[ITER 140] bestGlobalCost=26943.91 (feasible=YES) bestThisIter=27714.73 feasibleAnts=10 noImprove=20 (elapsed 34.3138s)
[ITER 150] bestGlobalCost=26943.91 (feasible=YES) bestThisIter=28672.94 feasibleAnts=10 noImprove=30 (elapsed 37.7754s)
[RESET] no improvement for30-> reset pheromones
[ITER 160] bestGlobalCost=26943.91 (feasible=YES) bestThisIter=29460.76 feasibleAnts=10 noImprove=10 (elapsed 39.2284s)
[ITER 170] bestGlobalCost=26943.91 (feasible=YES) bestThisIter=29531.33 feasibleAnts=10 noImprove=20 (elapsed 42.6287s)
[ITER 180] bestGlobalCost=26943.91 (feasible=YES) bestThisIter=28759.53 feasibleAnts=10 noImprove=30 (elapsed 45.9883s)
[RESET] no improvement for30-> reset pheromones
[ITER 190] bestGlobalCost=26943.91 (feasible=YES) bestThisIter=28836.51 feasibleAnts=10 noImprove=10 (elapsed 47.4959s)
[ITER 200] bestGlobalCost=26943.91 (feasible=YES) bestThisIter=28272.71 feasibleAnts=10 noImprove=20 (elapsed 50.8625s)
[ITER 210] bestGlobalCost=26943.91 (feasible=YES) bestThisIter=28186.19 feasibleAnts=10 noImprove=30 (elapsed 54.3611s)
[RESET] no improvement for30-> reset pheromones
[ITER 220] bestGlobalCost=26943.91 (feasible=YES) bestThisIter=29507.12 feasibleAnts=10 noImprove=10 (elapsed 55.742s)
[ITER 230] bestGlobalCost=26943.91 (feasible=YES) bestThisIter=29172.82 feasibleAnts=10 noImprove=20 (elapsed 58.9129s)
[ITER 240] bestGlobalCost=26943.91 (feasible=YES) bestThisIter=28798.05 feasibleAnts=10 noImprove=30 (elapsed 62.4706s)
[RESET] no improvement for30-> reset pheromones
3 6 47 79 99 
23 29 35 44 45 100 
12 14 21 75 82 85 
36 52 57 64 94 
53 59 77 93 95 
9 20 26 33 74 
24 25 40 42 43 
19 28 37 46 50 56 
10 17 27 73 92 
11 22 41 61 
4 13 32 49 78 
15 63 67 86 97 
58 66 76 88 98 
38 54 70 72 
1 18 60 62 87 
7 34 39 55 96 
5 30 48 80 81 
2 16 31 84 89 
8 51 69 90 
65 68 71 83 91 
[SAVELOGS] evolution saved to results/logs/rd100_20_3/evolution/rd100_20_3
[SAVELOGS] best cost saved to results/logs/rd100_20_3/objectives/rd100_20_3
[SAVELOGS] best solution saved to results/logs/rd100_20_3/solutions/rd100_20_3
