[ITER 1] New best cost=30580.98 (feasible=YES, time 0.104497s)
[ITER 2] New best cost=28155.13 (feasible=YES, time 0.215207s)
[ITER 10] bestGlobalCost=28155.13 (feasible=YES) bestThisIter=30020.89 feasibleAnts=10 noImprove=8 (elapsed 1.06919s)
[ITER 15] New best cost=27510.93 (feasible=YES, time 2.16531s)
[ITER 15] New best cost=27204.45 (feasible=YES, time 3.23993s)
[ITER 19] New best cost=27043.95 (feasible=YES, time 4.5302s)
[ITER 20] New best cost=27016.24 (feasible=YES, time 4.61125s)
[ITER 20] bestGlobalCost=27016.24 (feasible=YES) bestThisIter=27016.24 feasibleAnts=12 noImprove=0 (elapsed 4.61501s)
[ITER 30] New best cost=27011.95 (feasible=YES, time 5.77739s)
[ITER 30] New best cost=26961.60 (feasible=YES, time 7.04016s)
[ITER 30] bestGlobalCost=26961.60 (feasible=YES) bestThisIter=28465.82 feasibleAnts=10 noImprove=0 (elapsed 7.43697s)
[ITER 40] bestGlobalCost=26961.60 (feasible=YES) bestThisIter=26961.60 feasibleAnts=10 noImprove=10 (elapsed 8.05777s)
[ITER 50] bestGlobalCost=26961.60 (feasible=YES) bestThisIter=27991.14 feasibleAnts=10 noImprove=20 (elapsed 11.4398s)
[ITER 60] bestGlobalCost=26961.60 (feasible=YES) bestThisIter=28492.64 feasibleAnts=10 noImprove=30 (elapsed 14.8593s)
[RESET] no improvement for30-> reset pheromones
[ITER 70] bestGlobalCost=26961.60 (feasible=YES) bestThisIter=29298.22 feasibleAnts=10 noImprove=10 (elapsed 15.9836s)
[ITER 80] bestGlobalCost=26961.60 (feasible=YES) bestThisIter=28674.25 feasibleAnts=10 noImprove=20 (elapsed 19.5143s)
[ITER 90] bestGlobalCost=26961.60 (feasible=YES) bestThisIter=29174.75 feasibleAnts=10 noImprove=30 (elapsed 22.9219s)
[RESET] no improvement for30-> reset pheromones
[ITER 100] bestGlobalCost=26961.60 (feasible=YES) bestThisIter=28572.01 feasibleAnts=10 noImprove=10 (elapsed 24.0708s)
[ITER 110] bestGlobalCost=26961.60 (feasible=YES) bestThisIter=27794.12 feasibleAnts=10 noImprove=20 (elapsed 27.5958s)
[ITER 120] bestGlobalCost=26961.60 (feasible=YES) bestThisIter=28572.14 feasibleAnts=10 noImprove=30 (elapsed 31.0721s)
[RESET] no improvement for30-> reset pheromones
[ITER 130] bestGlobalCost=26961.60 (feasible=YES) bestThisIter=28787.73 feasibleAnts=10 noImprove=10 (elapsed 32.2249s)
[ITER 140] bestGlobalCost=26961.60 (feasible=YES) bestThisIter=29597.69 feasibleAnts=10 noImprove=20 (elapsed 35.8936s)
[ITER 150] bestGlobalCost=26961.60 (feasible=YES) bestThisIter=28786.00 feasibleAnts=10 noImprove=30 (elapsed 39.3032s)
[RESET] no improvement for30-> reset pheromones
[ITER 160] bestGlobalCost=26961.60 (feasible=YES) bestThisIter=28826.46 feasibleAnts=10 noImprove=10 (elapsed 40.3807s)
[ITER 170] bestGlobalCost=26961.60 (feasible=YES) bestThisIter=30132.68 feasibleAnts=10 noImprove=20 (elapsed 44.2131s)
[ITER 180] bestGlobalCost=26961.60 (feasible=YES) bestThisIter=28909.28 feasibleAnts=10 noImprove=30 (elapsed 47.7156s)
[RESET] no improvement for30-> reset pheromones
[ITER 190] bestGlobalCost=26961.60 (feasible=YES) bestThisIter=29378.05 feasibleAnts=10 noImprove=10 (elapsed 48.8626s)
[ITER 200] bestGlobalCost=26961.60 (feasible=YES) bestThisIter=27784.67 feasibleAnts=10 noImprove=20 (elapsed 52.6494s)
[ITER 210] New best cost=26943.91 (feasible=YES, time 54.2022s)
[ITER 210] bestGlobalCost=26943.91 (feasible=YES) bestThisIter=29408.88 feasibleAnts=10 noImprove=0 (elapsed 56.0146s)
[ITER 220] bestGlobalCost=26943.91 (feasible=YES) bestThisIter=27920.74 feasibleAnts=10 noImprove=10 (elapsed 56.706s)
36 52 57 64 94 
7 34 39 55 96 
4 13 32 49 78 
65 68 71 83 91 
3 6 47 79 99 
53 59 77 93 95 
15 63 67 86 97 
12 14 21 75 82 85 
23 29 35 44 45 100 
5 30 48 80 81 
38 54 70 72 
58 66 76 88 98 
24 25 40 42 43 
2 16 31 84 89 
8 51 69 90 
9 20 26 33 74 
1 18 60 62 87 
10 17 27 73 92 
19 28 37 46 50 56 
11 22 41 61 
[SAVELOGS] evolution saved to results/logs/rd100_20_3/evolution/rd100_20_3
[SAVELOGS] best cost saved to results/logs/rd100_20_3/objectives/rd100_20_3
[SAVELOGS] best solution saved to results/logs/rd100_20_3/solutions/rd100_20_3
