[ITER 1] New best cost=36982.89 (feasible=YES, time 0.331576s)
[ITER 2] New best cost=36859.02 (feasible=YES, time 0.611924s)
[ITER 3] New best cost=36122.71 (feasible=YES, time 0.8929s)
[ITER 4] New best cost=35750.36 (feasible=YES, time 1.09432s)
[ITER 9] New best cost=35741.11 (feasible=YES, time 3.04678s)
[ITER 10] New best cost=35633.69 (feasible=YES, time 3.38002s)
[ITER 10] bestGlobalCost=35633.69 (feasible=YES) bestThisIter=35633.69 feasibleAnts=10 noImprove=0 (elapsed 3.38337s)
[ITER 11] New best cost=35420.79 (feasible=YES, time 3.72194s)
[ITER 15] New best cost=35062.55 (feasible=YES, time 7.88782s)
[ITER 18] New best cost=34832.62 (feasible=YES, time 20.4008s)
[ITER 20] bestGlobalCost=34832.62 (feasible=YES) bestThisIter=34832.62 feasibleAnts=12 noImprove=2 (elapsed 20.9105s)
[ITER 30] bestGlobalCost=34832.62 (feasible=YES) bestThisIter=35956.14 feasibleAnts=10 noImprove=12 (elapsed 38.8528s)
[ITER 40] bestGlobalCost=34832.62 (feasible=YES) bestThisIter=36039.93 feasibleAnts=10 noImprove=22 (elapsed 42.1843s)
[RESET] no improvement for30-> reset pheromones
167 168 169 177 178 179 180 181 182 191 193 194 195 
63 64 65 73 74 75 76 77 78 88 89 90 91 102 
108 110 111 121 122 123 124 125 126 135 136 137 138 
159 170 171 172 173 175 183 184 185 186 187 188 189 
5 6 7 8 18 19 20 21 31 32 33 
92 93 94 95 96 97 98 105 106 107 109 118 119 
36 37 39 47 48 49 50 51 52 60 61 62 
86 87 99 100 101 103 104 112 113 114 115 116 117 130 
40 42 43 44 45 46 53 54 55 56 57 58 59 
120 131 132 133 134 144 145 146 147 148 157 158 160 
66 67 68 69 70 71 72 79 80 81 82 83 84 85 
127 128 129 139 140 141 142 143 152 153 154 155 156 166 
149 150 151 161 162 163 164 165 174 176 190 192 
1 2 3 4 14 15 16 17 27 28 29 30 41 
9 10 11 12 13 22 23 24 25 26 34 35 38 
[SAVELOGS] evolution saved to results/logs/rat195_15_3/evolution/rat195_15_3
[SAVELOGS] best cost saved to results/logs/rat195_15_3/objectives/rat195_15_3
[SAVELOGS] best solution saved to results/logs/rat195_15_3/solutions/rat195_15_3
