[ITER 1] New best cost=570610.87 (feasible=YES, time 0.410102s)
[ITER 2] New best cost=555284.13 (feasible=YES, time 0.67922s)
[ITER 3] New best cost=533956.48 (feasible=YES, time 0.982824s)
[ITER 6] New best cost=529291.93 (feasible=YES, time 1.51454s)
[ITER 7] New best cost=527594.12 (feasible=YES, time 1.74602s)
[ITER 9] New best cost=524585.17 (feasible=YES, time 1.96883s)
[ITER 10] New best cost=521217.62 (feasible=YES, time 2.19985s)
[ITER 10] bestGlobalCost=521217.62 (feasible=YES) bestThisIter=521217.62 feasibleAnts=9 noImprove=0 (elapsed 2.20676s)
[ITER 11] New best cost=519152.54 (feasible=YES, time 2.48686s)
[ITER 14] New best cost=518706.73 (feasible=YES, time 2.8706s)
[ITER 15] New best cost=515898.60 (feasible=YES, time 3.95192s)
[ITER 15] New best cost=511717.41 (feasible=YES, time 6.55894s)
[ITER 19] New best cost=510226.12 (feasible=YES, time 9.25054s)
[ITER 20] New best cost=507948.45 (feasible=YES, time 9.40242s)
[ITER 20] bestGlobalCost=507948.45 (feasible=YES) bestThisIter=507948.45 feasibleAnts=10 noImprove=0 (elapsed 9.40764s)
[ITER 21] New best cost=506189.86 (feasible=YES, time 9.59637s)
[ITER 25] New best cost=504829.16 (feasible=YES, time 9.9831s)
[ITER 30] New best cost=501324.76 (feasible=YES, time 12.7938s)
[ITER 30] bestGlobalCost=501324.76 (feasible=YES) bestThisIter=504829.16 feasibleAnts=10 noImprove=0 (elapsed 15.7183s)
[ITER 34] New best cost=501195.03 (feasible=YES, time 16.1749s)
[ITER 40] bestGlobalCost=501195.03 (feasible=YES) bestThisIter=504549.54 feasibleAnts=10 noImprove=6 (elapsed 16.9107s)
[ITER 50] bestGlobalCost=501195.03 (feasible=YES) bestThisIter=535346.56 feasibleAnts=10 noImprove=16 (elapsed 25.1672s)
[ITER 60] bestGlobalCost=501195.03 (feasible=YES) bestThisIter=532559.63 feasibleAnts=10 noImprove=26 (elapsed 34.5669s)
[RESET] no improvement for30-> reset pheromones
[ITER 70] bestGlobalCost=501195.03 (feasible=YES) bestThisIter=553197.68 feasibleAnts=10 noImprove=6 (elapsed 37.064s)
[ITER 80] bestGlobalCost=501195.03 (feasible=YES) bestThisIter=539079.61 feasibleAnts=10 noImprove=16 (elapsed 44.5752s)
[ITER 90] bestGlobalCost=501195.03 (feasible=YES) bestThisIter=532545.37 feasibleAnts=10 noImprove=26 (elapsed 52.941s)
[RESET] no improvement for30-> reset pheromones
[ITER 100] bestGlobalCost=501195.03 (feasible=YES) bestThisIter=536976.63 feasibleAnts=10 noImprove=6 (elapsed 56.1445s)
51 53 62 65 72 75 
77 78 88 89 93 94 101 112 
37 42 50 54 61 66 
96 99 108 109 130 136 
45 55 58 69 81 90 
105 110 117 121 122 129 135 
9 10 15 21 24 25 26 33 
5 6 18 29 30 31 52 
34 35 46 47 56 57 68 
36 43 44 48 59 60 67 
38 39 40 41 63 64 
3 4 11 12 13 14 22 23 
1 7 8 17 19 28 
106 107 118 119 120 131 132 
73 74 84 85 86 97 98 
70 79 80 82 91 92 102 
2 16 20 27 32 49 
111 116 123 126 127 128 134 
71 76 83 87 95 100 
103 104 113 114 115 124 125 133 
[SAVELOGS] evolution saved to results/logs/pr136_20_3/evolution/pr136_20_3
[SAVELOGS] best cost saved to results/logs/pr136_20_3/objectives/pr136_20_3
[SAVELOGS] best solution saved to results/logs/pr136_20_3/solutions/pr136_20_3
