[ITER 1] New best cost=538606.23 (feasible=YES, time 0.426178s)
[ITER 2] New best cost=508209.48 (feasible=YES, time 0.645615s)
[ITER 10] bestGlobalCost=508209.48 (feasible=YES) bestThisIter=552795.84 feasibleAnts=10 noImprove=8 (elapsed 3.52056s)
[ITER 15] New best cost=498074.45 (feasible=YES, time 7.14355s)
[ITER 15] New best cost=497414.47 (feasible=YES, time 11.5279s)
[ITER 18] New best cost=497089.24 (feasible=YES, time 13.0967s)
[ITER 19] New best cost=496834.39 (feasible=YES, time 13.1543s)
[ITER 20] bestGlobalCost=496834.39 (feasible=YES) bestThisIter=497089.24 feasibleAnts=10 noImprove=1 (elapsed 13.2577s)
[ITER 30] New best cost=494561.69 (feasible=YES, time 15.6661s)
[ITER 30] New best cost=493981.60 (feasible=YES, time 16.6508s)
[ITER 30] bestGlobalCost=493981.60 (feasible=YES) bestThisIter=525216.91 feasibleAnts=10 noImprove=0 (elapsed 20.0245s)
[ITER 35] New best cost=493242.55 (feasible=YES, time 20.6082s)
[ITER 40] bestGlobalCost=493242.55 (feasible=YES) bestThisIter=493242.55 feasibleAnts=10 noImprove=5 (elapsed 21.1603s)
[ITER 42] New best cost=492987.69 (feasible=YES, time 21.5183s)
[ITER 50] bestGlobalCost=492987.69 (feasible=YES) bestThisIter=493242.55 feasibleAnts=10 noImprove=8 (elapsed 27.6717s)
[ITER 60] bestGlobalCost=492987.69 (feasible=YES) bestThisIter=562952.32 feasibleAnts=10 noImprove=18 (elapsed 36.9897s)
[ITER 70] bestGlobalCost=492987.69 (feasible=YES) bestThisIter=534272.20 feasibleAnts=10 noImprove=28 (elapsed 39.7677s)
[RESET] no improvement for30-> reset pheromones
[ITER 80] bestGlobalCost=492987.69 (feasible=YES) bestThisIter=544836.30 feasibleAnts=10 noImprove=8 (elapsed 48.1471s)
[ITER 90] bestGlobalCost=492987.69 (feasible=YES) bestThisIter=526338.76 feasibleAnts=10 noImprove=18 (elapsed 55.9052s)
[ITER 100] bestGlobalCost=492987.69 (feasible=YES) bestThisIter=532153.78 feasibleAnts=10 noImprove=28 (elapsed 58.447s)
[RESET] no improvement for30-> reset pheromones
81 90 102 103 115 124 
1 5 6 17 18 19 31 
2 7 8 20 27 28 32 
46 47 55 56 57 58 68 
9 15 16 24 26 43 49 
72 73 74 84 85 86 98 
71 76 83 87 95 100 
37 42 50 54 61 66 
104 113 114 116 125 126 133 
69 70 79 80 91 92 101 
106 107 118 119 120 131 132 
4 12 13 22 23 34 35 
111 112 122 123 127 128 134 
29 30 38 40 52 64 
39 41 51 53 62 63 65 
3 10 11 14 21 25 33 
77 78 82 88 89 93 94 
75 96 97 99 108 130 
105 109 110 117 121 129 135 136 
36 44 45 48 59 60 67 
[SAVELOGS] evolution saved to results/logs/pr136_20_3/evolution/pr136_20_3
[SAVELOGS] best cost saved to results/logs/pr136_20_3/objectives/pr136_20_3
[SAVELOGS] best solution saved to results/logs/pr136_20_3/solutions/pr136_20_3
