[ITER 1] New best cost=12580.32 (feasible=YES, time 0.636003s)
[ITER 2] New best cost=12578.51 (feasible=YES, time 1.18001s)
[ITER 3] New best cost=12555.63 (feasible=YES, time 1.85992s)
[ITER 4] New best cost=12506.50 (feasible=YES, time 2.35094s)
[ITER 8] New best cost=12451.70 (feasible=YES, time 4.66835s)
[ITER 10] bestGlobalCost=12451.70 (feasible=YES) bestThisIter=12479.67 feasibleAnts=10 noImprove=2 (elapsed 9.2854s)
[ITER 13] New best cost=12368.23 (feasible=YES, time 10.6034s)
[ITER 20] New best cost=12353.58 (feasible=YES, time 15.9256s)
[ITER 20] bestGlobalCost=12353.58 (feasible=YES) bestThisIter=12425.29 feasibleAnts=10 noImprove=0 (elapsed 15.9295s)
[ITER 22] New best cost=12343.34 (feasible=YES, time 16.5533s)
[ITER 30] bestGlobalCost=12343.34 (feasible=YES) bestThisIter=12360.58 feasibleAnts=10 noImprove=8 (elapsed 22.3249s)
[ITER 40] bestGlobalCost=12343.34 (feasible=YES) bestThisIter=12491.20 feasibleAnts=10 noImprove=18 (elapsed 30.1246s)
[ITER 50] bestGlobalCost=12343.34 (feasible=YES) bestThisIter=12425.74 feasibleAnts=10 noImprove=28 (elapsed 37.9134s)
[ITER 60] bestGlobalCost=12343.34 (feasible=YES) bestThisIter=12401.39 feasibleAnts=10 noImprove=38 (elapsed 45.3788s)
[ITER 70] bestGlobalCost=12343.34 (feasible=YES) bestThisIter=12522.36 feasibleAnts=10 noImprove=48 (elapsed 53.5097s)
[RESET] no improvement for50-> reset pheromones
[ITER 80] bestGlobalCost=12343.34 (feasible=YES) bestThisIter=12478.01 feasibleAnts=10 noImprove=8 (elapsed 60.5648s)
[ITER 90] bestGlobalCost=12343.34 (feasible=YES) bestThisIter=12415.60 feasibleAnts=10 noImprove=18 (elapsed 68.5325s)
[ITER 100] bestGlobalCost=12343.34 (feasible=YES) bestThisIter=12510.31 feasibleAnts=10 noImprove=28 (elapsed 76.1707s)
[ITER 110] bestGlobalCost=12343.34 (feasible=YES) bestThisIter=12477.00 feasibleAnts=9 noImprove=38 (elapsed 82.9681s)
[ITER 120] bestGlobalCost=12343.34 (feasible=YES) bestThisIter=12409.46 feasibleAnts=10 noImprove=48 (elapsed 91.2911s)
[RESET] no improvement for50-> reset pheromones
[ITER 130] bestGlobalCost=12343.34 (feasible=YES) bestThisIter=12353.58 feasibleAnts=10 noImprove=8 (elapsed 98.4803s)
[ITER 140] bestGlobalCost=12343.34 (feasible=YES) bestThisIter=12464.26 feasibleAnts=10 noImprove=18 (elapsed 105.835s)
[ITER 150] bestGlobalCost=12343.34 (feasible=YES) bestThisIter=12369.60 feasibleAnts=10 noImprove=28 (elapsed 113.523s)
[ITER 160] bestGlobalCost=12343.34 (feasible=YES) bestThisIter=12559.00 feasibleAnts=9 noImprove=38 (elapsed 121.223s)
[ITER 170] bestGlobalCost=12343.34 (feasible=YES) bestThisIter=12486.93 feasibleAnts=9 noImprove=48 (elapsed 130.629s)
[RESET] no improvement for50-> reset pheromones
[ITER 180] bestGlobalCost=12343.34 (feasible=YES) bestThisIter=12479.55 feasibleAnts=10 noImprove=8 (elapsed 137.944s)
[ITER 190] bestGlobalCost=12343.34 (feasible=YES) bestThisIter=12402.88 feasibleAnts=10 noImprove=18 (elapsed 144.92s)
[ITER 197] New best cost=12331.00 (feasible=YES, time 148.125s)
[ITER 200] bestGlobalCost=12331.00 (feasible=YES) bestThisIter=12407.51 feasibleAnts=10 noImprove=3 (elapsed 152.286s)
[ITER 202] New best cost=12276.57 (feasible=YES, time 152.882s)
[ITER 210] bestGlobalCost=12276.57 (feasible=YES) bestThisIter=12323.31 feasibleAnts=10 noImprove=8 (elapsed 158.461s)
[ITER 211] New best cost=12267.67 (feasible=YES, time 158.868s)
[ITER 220] bestGlobalCost=12267.67 (feasible=YES) bestThisIter=12289.63 feasibleAnts=10 noImprove=9 (elapsed 164.28s)
[ITER 230] bestGlobalCost=12267.67 (feasible=YES) bestThisIter=12329.84 feasibleAnts=10 noImprove=19 (elapsed 171.274s)
[ITER 240] bestGlobalCost=12267.67 (feasible=YES) bestThisIter=12396.17 feasibleAnts=10 noImprove=29 (elapsed 178.689s)
[ITER 250] bestGlobalCost=12267.67 (feasible=YES) bestThisIter=12398.44 feasibleAnts=10 noImprove=39 (elapsed 187.28s)
[ITER 260] bestGlobalCost=12267.67 (feasible=YES) bestThisIter=12491.27 feasibleAnts=9 noImprove=49 (elapsed 194.244s)
[RESET] no improvement for50-> reset pheromones
[ITER 270] bestGlobalCost=12267.67 (feasible=YES) bestThisIter=12295.96 feasibleAnts=10 noImprove=9 (elapsed 200.452s)
[ITER 280] bestGlobalCost=12267.67 (feasible=YES) bestThisIter=12377.18 feasibleAnts=10 noImprove=19 (elapsed 207.228s)
[ITER 290] bestGlobalCost=12267.67 (feasible=YES) bestThisIter=12365.44 feasibleAnts=9 noImprove=29 (elapsed 214.769s)
[ITER 300] bestGlobalCost=12267.67 (feasible=YES) bestThisIter=12344.16 feasibleAnts=10 noImprove=39 (elapsed 222.621s)
[ITER 310] bestGlobalCost=12267.67 (feasible=YES) bestThisIter=12552.23 feasibleAnts=10 noImprove=49 (elapsed 229.903s)
[RESET] no improvement for50-> reset pheromones
[ITER 320] bestGlobalCost=12267.67 (feasible=YES) bestThisIter=12354.37 feasibleAnts=10 noImprove=9 (elapsed 236.365s)
[ITER 330] bestGlobalCost=12267.67 (feasible=YES) bestThisIter=12372.14 feasibleAnts=10 noImprove=19 (elapsed 243.916s)
[ITER 340] bestGlobalCost=12267.67 (feasible=YES) bestThisIter=12317.86 feasibleAnts=10 noImprove=29 (elapsed 251.347s)
[ITER 350] bestGlobalCost=12267.67 (feasible=YES) bestThisIter=12471.94 feasibleAnts=10 noImprove=39 (elapsed 258.441s)
[ITER 360] bestGlobalCost=12267.67 (feasible=YES) bestThisIter=12490.82 feasibleAnts=10 noImprove=49 (elapsed 266.062s)
[RESET] no improvement for50-> reset pheromones
[ITER 370] bestGlobalCost=12267.67 (feasible=YES) bestThisIter=12276.57 feasibleAnts=10 noImprove=9 (elapsed 272.953s)
[ITER 380] bestGlobalCost=12267.67 (feasible=YES) bestThisIter=12462.18 feasibleAnts=10 noImprove=19 (elapsed 279.916s)
[ITER 390] bestGlobalCost=12267.67 (feasible=YES) bestThisIter=12394.17 feasibleAnts=9 noImprove=29 (elapsed 287.27s)
[ITER 400] bestGlobalCost=12267.67 (feasible=YES) bestThisIter=12478.04 feasibleAnts=10 noImprove=39 (elapsed 295.61s)
94 95 96 97 100 101 102 108 112 113 114 115 116 117 120 121 122 125 126 132 
134 135 136 159 160 161 162 163 164 165 166 167 168 169 170 171 172 173 174 175 
47 52 54 57 58 59 60 61 62 63 64 65 66 67 68 69 72 73 84 85 107 
176 177 178 179 180 181 182 183 188 189 191 192 193 194 195 196 198 199 200 201 202 
35 36 38 40 41 42 43 44 45 46 48 49 50 99 103 104 105 106 109 110 111 119 123 
133 140 141 143 144 145 147 148 149 150 151 152 153 154 155 184 185 186 187 190 197 
1 2 3 16 30 31 32 34 51 53 55 56 70 71 74 75 76 
4 5 6 7 8 9 10 11 12 13 14 15 17 18 19 21 22 24 26 146 
77 78 79 80 81 82 83 86 87 88 89 90 91 92 93 98 156 157 158 
20 23 25 27 28 29 33 37 39 118 124 127 128 129 130 131 137 138 139 142 
[SAVELOGS] evolution saved to results/logs/aco_logs/evolution/gr202_10_3.txt
[SAVELOGS] best cost saved to results/logs/aco_logs/objectives/gr202_10_3.txt
[SAVELOGS] best solution saved to results/logs/aco_logs/solutions/gr202_10_3.txt
