[ITER 1] New best cost=37046.83 (feasible=YES, time 0.0806665s)
[ITER 2] New best cost=36553.34 (feasible=YES, time 0.129799s)
[ITER 3] New best cost=36384.93 (feasible=YES, time 0.185651s)
[ITER 7] New best cost=36339.22 (feasible=YES, time 0.512001s)
[ITER 10] New best cost=36338.43 (feasible=YES, time 0.746713s)
[ITER 10] bestGlobalCost=36338.43 (feasible=YES) bestThisIter=36338.43 feasibleAnts=11 noImprove=0 (elapsed 0.75069s)
[ITER 11] New best cost=36086.09 (feasible=YES, time 0.819815s)
[ITER 12] New best cost=36025.87 (feasible=YES, time 0.865205s)
[ITER 17] New best cost=36012.39 (feasible=YES, time 5.36674s)
[ITER 18] New best cost=35850.47 (feasible=YES, time 5.44858s)
[ITER 20] bestGlobalCost=35850.47 (feasible=YES) bestThisIter=36161.99 feasibleAnts=9 noImprove=2 (elapsed 5.57437s)
[ITER 30] bestGlobalCost=35850.47 (feasible=YES) bestThisIter=35850.47 feasibleAnts=9 noImprove=12 (elapsed 10.8313s)
[ITER 40] bestGlobalCost=35850.47 (feasible=YES) bestThisIter=36382.11 feasibleAnts=10 noImprove=22 (elapsed 11.2639s)
[RESET] no improvement for30-> reset pheromones
[ITER 50] bestGlobalCost=35850.47 (feasible=YES) bestThisIter=36550.12 feasibleAnts=9 noImprove=2 (elapsed 16.5342s)
[ITER 60] bestGlobalCost=35850.47 (feasible=YES) bestThisIter=36278.46 feasibleAnts=10 noImprove=12 (elapsed 21.3907s)
[ITER 70] bestGlobalCost=35850.47 (feasible=YES) bestThisIter=35850.47 feasibleAnts=10 noImprove=22 (elapsed 21.9898s)
[RESET] no improvement for30-> reset pheromones
[ITER 80] bestGlobalCost=35850.47 (feasible=YES) bestThisIter=36204.66 feasibleAnts=10 noImprove=2 (elapsed 27.2423s)
[ITER 90] bestGlobalCost=35850.47 (feasible=YES) bestThisIter=36179.68 feasibleAnts=10 noImprove=12 (elapsed 32.0242s)
[ITER 100] bestGlobalCost=35850.47 (feasible=YES) bestThisIter=35979.97 feasibleAnts=10 noImprove=22 (elapsed 32.5471s)
[RESET] no improvement for30-> reset pheromones
[ITER 110] bestGlobalCost=35850.47 (feasible=YES) bestThisIter=36902.33 feasibleAnts=10 noImprove=2 (elapsed 37.8847s)
[ITER 120] bestGlobalCost=35850.47 (feasible=YES) bestThisIter=36020.26 feasibleAnts=10 noImprove=12 (elapsed 43.0992s)
[ITER 130] bestGlobalCost=35850.47 (feasible=YES) bestThisIter=36122.09 feasibleAnts=10 noImprove=22 (elapsed 43.7127s)
[RESET] no improvement for30-> reset pheromones
[ITER 140] bestGlobalCost=35850.47 (feasible=YES) bestThisIter=36035.73 feasibleAnts=10 noImprove=2 (elapsed 48.6991s)
[ITER 150] bestGlobalCost=35850.47 (feasible=YES) bestThisIter=35850.47 feasibleAnts=10 noImprove=12 (elapsed 53.5863s)
[ITER 160] bestGlobalCost=35850.47 (feasible=YES) bestThisIter=35850.47 feasibleAnts=9 noImprove=22 (elapsed 54.2506s)
[RESET] no improvement for30-> reset pheromones
[ITER 170] bestGlobalCost=35850.47 (feasible=YES) bestThisIter=36353.51 feasibleAnts=10 noImprove=2 (elapsed 59.3745s)
100 102 103 104 105 106 107 108 109 110 111 112 113 114 115 116 117 118 119 120 121 122 124 125 126 127 128 130 
1 2 3 4 5 6 7 8 9 10 18 19 20 21 22 23 24 25 26 27 28 29 31 34 52 53 56 
11 12 13 14 15 16 17 30 32 35 36 37 38 39 41 42 43 44 45 46 47 48 50 73 75 80 
74 77 79 81 83 84 85 86 87 88 90 91 94 95 96 97 98 99 101 123 129 131 132 133 134 135 136 137 
33 40 49 51 54 55 57 58 59 60 61 62 63 64 65 66 67 68 69 70 71 72 76 78 82 89 92 93 
[SAVELOGS] evolution saved to results/logs/gr137_05_4/evolution/gr137_05_4
[SAVELOGS] best cost saved to results/logs/gr137_05_4/objectives/gr137_05_4
[SAVELOGS] best solution saved to results/logs/gr137_05_4/solutions/gr137_05_4
