[ITER 1] New best cost=658880.37 (feasible=YES, time 0.294875s)
[ITER 5] New best cost=637578.93 (feasible=YES, time 1.46871s)
[ITER 9] New best cost=637092.28 (feasible=YES, time 2.34568s)
[ITER 10] New best cost=603780.22 (feasible=YES, time 2.4733s)
[ITER 10] bestGlobalCost=603780.22 (feasible=YES) bestThisIter=603780.22 feasibleAnts=10 noImprove=0 (elapsed 2.47712s)
[ITER 12] New best cost=598740.39 (feasible=YES, time 2.75557s)
[ITER 15] New best cost=590199.15 (feasible=YES, time 4.24825s)
[ITER 15] New best cost=581753.70 (feasible=YES, time 7.82646s)
[ITER 20] bestGlobalCost=581753.70 (feasible=YES) bestThisIter=581753.70 feasibleAnts=10 noImprove=5 (elapsed 9.89333s)
[ITER 30] New best cost=581565.32 (feasible=YES, time 16.4847s)
[ITER 30] bestGlobalCost=581565.32 (feasible=YES) bestThisIter=589439.76 feasibleAnts=10 noImprove=0 (elapsed 17.7988s)
[ITER 40] bestGlobalCost=581565.32 (feasible=YES) bestThisIter=589547.06 feasibleAnts=10 noImprove=10 (elapsed 19.423s)
[ITER 50] bestGlobalCost=581565.32 (feasible=YES) bestThisIter=639354.21 feasibleAnts=10 noImprove=20 (elapsed 27.8314s)
[ITER 60] bestGlobalCost=581565.32 (feasible=YES) bestThisIter=724352.49 feasibleAnts=10 noImprove=30 (elapsed 36.2313s)
[RESET] no improvement for30-> reset pheromones
[ITER 70] bestGlobalCost=581565.32 (feasible=YES) bestThisIter=622678.08 feasibleAnts=10 noImprove=10 (elapsed 39.0472s)
[ITER 80] bestGlobalCost=581565.32 (feasible=YES) bestThisIter=663694.41 feasibleAnts=10 noImprove=20 (elapsed 47.7556s)
[ITER 90] bestGlobalCost=581565.32 (feasible=YES) bestThisIter=661089.99 feasibleAnts=10 noImprove=30 (elapsed 56.3683s)
[RESET] no improvement for30-> reset pheromones
[ITER 100] bestGlobalCost=581565.32 (feasible=YES) bestThisIter=645948.49 feasibleAnts=10 noImprove=10 (elapsed 59.3236s)
60 62 63 65 66 70 83 84 
10 11 12 13 14 15 16 51 
93 94 95 96 97 98 100 117 123 
23 24 26 37 38 39 40 45 55 
87 104 105 106 107 108 110 114 
1 2 3 4 5 6 8 32 
18 19 20 21 41 42 43 54 56 
90 91 101 102 103 109 111 113 
67 76 78 79 80 81 82 92 
99 115 116 118 119 120 121 122 124 
9 17 46 47 48 49 50 
7 22 25 27 28 29 35 59 
44 52 53 85 86 88 89 112 
30 31 33 34 36 57 58 61 
64 68 69 71 72 73 74 75 77 
[SAVELOGS] evolution saved to results/logs/pr124_15_5/evolution/pr124_15_5
[SAVELOGS] best cost saved to results/logs/pr124_15_5/objectives/pr124_15_5
[SAVELOGS] best solution saved to results/logs/pr124_15_5/solutions/pr124_15_5
