[ITER 1] New best cost=661308.23 (feasible=YES, time 0.251475s)
[ITER 2] New best cost=617604.99 (feasible=YES, time 0.471665s)
[ITER 10] bestGlobalCost=617604.99 (feasible=YES) bestThisIter=652784.61 feasibleAnts=10 noImprove=8 (elapsed 2.64441s)
[ITER 15] New best cost=608840.48 (feasible=YES, time 5.35276s)
[ITER 15] New best cost=606092.57 (feasible=YES, time 6.43319s)
[ITER 15] New best cost=605917.02 (feasible=YES, time 8.6314s)
[ITER 19] New best cost=595822.71 (feasible=YES, time 10.4516s)
[ITER 20] bestGlobalCost=595822.71 (feasible=YES) bestThisIter=598222.35 feasibleAnts=15 noImprove=1 (elapsed 10.5486s)
[ITER 22] New best cost=594514.37 (feasible=YES, time 10.8731s)
[ITER 23] New best cost=593220.26 (feasible=YES, time 11.0101s)
[ITER 25] New best cost=591855.23 (feasible=YES, time 11.2831s)
[ITER 28] New best cost=591385.44 (feasible=YES, time 11.6748s)
[ITER 29] New best cost=588524.12 (feasible=YES, time 11.8491s)
[ITER 30] New best cost=585154.82 (feasible=YES, time 13.3454s)
[ITER 30] New best cost=580192.57 (feasible=YES, time 17.7755s)
[ITER 30] bestGlobalCost=580192.57 (feasible=YES) bestThisIter=591385.44 feasibleAnts=10 noImprove=0 (elapsed 17.78s)
[ITER 34] New best cost=577866.86 (feasible=YES, time 18.5569s)
[ITER 37] New best cost=577026.45 (feasible=YES, time 19.0905s)
[ITER 40] bestGlobalCost=577026.45 (feasible=YES) bestThisIter=577026.45 feasibleAnts=10 noImprove=3 (elapsed 19.5302s)
[ITER 50] bestGlobalCost=577026.45 (feasible=YES) bestThisIter=596796.33 feasibleAnts=10 noImprove=13 (elapsed 27.0751s)
[ITER 60] bestGlobalCost=577026.45 (feasible=YES) bestThisIter=650486.50 feasibleAnts=10 noImprove=23 (elapsed 35.3798s)
[RESET] no improvement for30-> reset pheromones
[ITER 70] bestGlobalCost=577026.45 (feasible=YES) bestThisIter=665096.31 feasibleAnts=10 noImprove=3 (elapsed 38.4896s)
[ITER 80] bestGlobalCost=577026.45 (feasible=YES) bestThisIter=635061.08 feasibleAnts=10 noImprove=13 (elapsed 47.4135s)
[ITER 90] bestGlobalCost=577026.45 (feasible=YES) bestThisIter=678827.06 feasibleAnts=10 noImprove=23 (elapsed 55.6888s)
[RESET] no improvement for30-> reset pheromones
[ITER 100] bestGlobalCost=577026.45 (feasible=YES) bestThisIter=673793.63 feasibleAnts=10 noImprove=3 (elapsed 58.0581s)
9 16 17 19 47 48 51 
90 91 101 102 103 109 111 113 
18 21 41 42 43 44 45 46 54 
63 64 68 69 70 71 72 73 75 
87 104 105 106 107 108 110 114 
1 2 3 4 5 6 8 32 
7 22 25 27 28 29 35 59 
30 31 33 34 36 57 58 61 
20 23 24 26 37 38 39 40 55 
10 11 12 13 14 15 49 50 
52 53 56 85 86 88 89 112 
79 93 95 96 97 98 100 117 122 
60 62 65 66 81 82 83 84 
67 74 76 77 78 80 92 94 
99 115 116 118 119 120 121 123 124 
[SAVELOGS] evolution saved to results/logs/pr124_15_5/evolution/pr124_15_5
[SAVELOGS] best cost saved to results/logs/pr124_15_5/objectives/pr124_15_5
[SAVELOGS] best solution saved to results/logs/pr124_15_5/solutions/pr124_15_5
