[ITER 1] New best cost=675878.83 (feasible=YES, time 0.368291s)
[ITER 2] New best cost=662571.77 (feasible=YES, time 0.584145s)
[ITER 4] New best cost=652040.30 (feasible=YES, time 0.978622s)
[ITER 5] New best cost=650512.64 (feasible=YES, time 1.15347s)
[ITER 7] New best cost=642185.89 (feasible=YES, time 1.53886s)
[ITER 8] New best cost=639451.59 (feasible=YES, time 1.74149s)
[ITER 10] bestGlobalCost=639451.59 (feasible=YES) bestThisIter=694089.18 feasibleAnts=9 noImprove=2 (elapsed 2.13731s)
[ITER 11] New best cost=630590.61 (feasible=YES, time 2.35989s)
[ITER 12] New best cost=621994.95 (feasible=YES, time 2.52558s)
[ITER 13] New best cost=615095.18 (feasible=YES, time 2.75698s)
[ITER 14] New best cost=605804.02 (feasible=YES, time 2.96957s)
[ITER 15] New best cost=584245.91 (feasible=YES, time 5.53624s)
[ITER 20] bestGlobalCost=584245.91 (feasible=YES) bestThisIter=623752.01 feasibleAnts=9 noImprove=5 (elapsed 10.1141s)
[ITER 22] New best cost=583226.66 (feasible=YES, time 10.5556s)
[ITER 30] New best cost=583052.74 (feasible=YES, time 16.5653s)
[ITER 30] bestGlobalCost=583052.74 (feasible=YES) bestThisIter=597675.66 feasibleAnts=10 noImprove=0 (elapsed 17.8731s)
[ITER 31] New best cost=581041.09 (feasible=YES, time 18.0942s)
[ITER 40] bestGlobalCost=581041.09 (feasible=YES) bestThisIter=581041.09 feasibleAnts=10 noImprove=9 (elapsed 19.6322s)
[ITER 50] bestGlobalCost=581041.09 (feasible=YES) bestThisIter=697393.03 feasibleAnts=10 noImprove=19 (elapsed 27.6668s)
[ITER 60] bestGlobalCost=581041.09 (feasible=YES) bestThisIter=677132.36 feasibleAnts=10 noImprove=29 (elapsed 35.6082s)
[RESET] no improvement for30-> reset pheromones
[ITER 70] bestGlobalCost=581041.09 (feasible=YES) bestThisIter=704123.60 feasibleAnts=10 noImprove=9 (elapsed 38.8315s)
[ITER 80] bestGlobalCost=581041.09 (feasible=YES) bestThisIter=632781.57 feasibleAnts=10 noImprove=19 (elapsed 47.6947s)
[ITER 90] bestGlobalCost=581041.09 (feasible=YES) bestThisIter=696310.56 feasibleAnts=10 noImprove=29 (elapsed 56.3627s)
[RESET] no improvement for30-> reset pheromones
[ITER 100] bestGlobalCost=581041.09 (feasible=YES) bestThisIter=685327.46 feasibleAnts=10 noImprove=9 (elapsed 59.1737s)
79 93 95 96 97 98 100 115 118 
85 104 105 106 107 109 113 114 
18 20 41 42 43 44 45 46 53 
52 54 56 86 88 89 90 102 
87 91 101 103 108 110 111 112 
60 62 65 66 81 82 83 84 
10 11 12 13 14 15 49 50 
21 22 23 25 26 37 38 39 40 
63 64 68 69 70 71 72 73 75 
30 31 33 34 36 57 59 61 
67 74 76 77 78 80 92 94 
9 16 17 19 47 48 51 
1 2 3 4 5 6 8 32 
7 24 27 28 29 35 55 58 
99 116 117 119 120 121 122 123 124 
[SAVELOGS] evolution saved to results/logs/pr124_15_5/evolution/pr124_15_5
[SAVELOGS] best cost saved to results/logs/pr124_15_5/objectives/pr124_15_5
[SAVELOGS] best solution saved to results/logs/pr124_15_5/solutions/pr124_15_5
