[ITER 1] New best cost=2519167.55 (feasible=YES, time 0.523091s)
[ITER 2] New best cost=2453444.86 (feasible=YES, time 1.06868s)
[ITER 3] New best cost=2256031.49 (feasible=YES, time 1.60915s)
[ITER 5] New best cost=2182393.91 (feasible=YES, time 2.70424s)
[TS] New best cost=2003728.46 (feasible=YES, time 8.12879s)
[ITER 10] bestGlobalCost=2003728.46 (feasible=YES) bestThisIter=2068503.75 feasibleAnts=3 noImprove=5 (elapsed 18.6511s)
[ITER 20] bestGlobalCost=2003728.46 (feasible=YES) bestThisIter=2212240.56 feasibleAnts=9 noImprove=15 (elapsed 37.6705s)
[TS] New best cost=2001723.88 (feasible=YES, time 46.1845s)
[ITER 30] bestGlobalCost=2001723.88 (feasible=YES) bestThisIter=2781562.25 feasibleAnts=5 noImprove=25 (elapsed 56.666s)
[ITER 40] bestGlobalCost=2001723.88 (feasible=YES) bestThisIter=2985762.24 feasibleAnts=3 noImprove=35 (elapsed 74.8527s)
[ITER 50] bestGlobalCost=2001723.88 (feasible=YES) bestThisIter=3584345.29 feasibleAnts=6 noImprove=45 (elapsed 93.2234s)
[RESET] no improvement for50-> reset pheromones
[ITER 58] New best cost=1998754.19 (feasible=YES, time 97.5299s)
[ITER 60] bestGlobalCost=1998754.19 (feasible=YES) bestThisIter=1954622.76 feasibleAnts=3 noImprove=2 (elapsed 112.672s)
[ITER 61] New best cost=1991370.32 (feasible=YES, time 113.388s)
[ITER 62] New best cost=1987316.98 (feasible=YES, time 114.334s)
[TS] New best cost=1961078.88 (feasible=YES, time 130.277s)
[ITER 70] bestGlobalCost=1961078.88 (feasible=YES) bestThisIter=2171476.43 feasibleAnts=4 noImprove=8 (elapsed 132.981s)
[TS] New best cost=1953235.11 (feasible=YES, time 146.932s)
[ITER 80] bestGlobalCost=1953235.11 (feasible=YES) bestThisIter=2386611.45 feasibleAnts=4 noImprove=18 (elapsed 152.151s)
[TS] New best cost=1905853.05 (feasible=YES, time 169.694s)
[ITER 90] bestGlobalCost=1905853.05 (feasible=YES) bestThisIter=2662479.62 feasibleAnts=8 noImprove=28 (elapsed 172.323s)
[ITER 100] bestGlobalCost=1905853.05 (feasible=YES) bestThisIter=2437535.29 feasibleAnts=8 noImprove=38 (elapsed 191.653s)
[ITER 110] bestGlobalCost=1905853.05 (feasible=YES) bestThisIter=3634314.69 feasibleAnts=6 noImprove=48 (elapsed 210.611s)
[RESET] no improvement for50-> reset pheromones
[ITER 116] New best cost=1822744.59 (feasible=YES, time 214.559s)
[TS] New best cost=1801463.42 (feasible=YES, time 220.41s)
[TS] New best cost=1797104.26 (feasible=YES, time 228.326s)
[ITER 120] bestGlobalCost=1797104.26 (feasible=YES) bestThisIter=1857262.11 feasibleAnts=4 noImprove=4 (elapsed 231.01s)
[ITER 130] bestGlobalCost=1797104.26 (feasible=YES) bestThisIter=2143831.95 feasibleAnts=6 noImprove=14 (elapsed 251.589s)
[ITER 140] bestGlobalCost=1797104.26 (feasible=YES) bestThisIter=2404346.13 feasibleAnts=5 noImprove=24 (elapsed 268.307s)
[ITER 150] bestGlobalCost=1797104.26 (feasible=YES) bestThisIter=3313483.79 feasibleAnts=7 noImprove=34 (elapsed 284.397s)
[ITER 160] bestGlobalCost=1797104.26 (feasible=YES) bestThisIter=2661924.74 feasibleAnts=8 noImprove=44 (elapsed 303.817s)
89 90 91 93 94 95 99 100 101 102 141 144 
41 98 138 151 152 153 154 155 158 159 161 
106 107 109 110 111 113 118 119 122 129 133 135 
24 25 26 27 29 31 32 33 34 45 46 
215 218 219 220 221 222 223 224 225 226 
134 178 181 184 185 186 188 190 192 193 196 
7 8 12 13 14 15 17 19 69 70 72 
4 73 74 75 76 77 78 79 81 82 83 84 85 
64 103 104 105 108 112 114 115 116 117 
51 52 53 54 55 56 57 58 59 60 61 62 
88 137 140 142 143 145 147 148 149 150 165 177 
120 121 124 125 126 127 128 130 131 132 207 210 
9 18 20 21 22 28 50 63 65 67 71 
1 2 3 5 6 10 11 16 68 80 86 
123 204 205 208 209 211 212 213 214 216 217 
38 43 47 48 87 92 96 97 136 146 
139 169 170 171 175 176 179 180 182 183 187 189 
23 30 35 36 37 39 40 42 44 49 66 
191 194 195 197 198 199 200 201 202 203 206 
156 157 160 162 163 164 166 167 168 172 173 174 
[SAVELOGS] evolution saved to results/logs/aco_logs/evolution/pr226_20_5.txt
[SAVELOGS] best cost saved to results/logs/aco_logs/objectives/pr226_20_5.txt
[SAVELOGS] best solution saved to results/logs/aco_logs/solutions/pr226_20_5.txt
