[ITER 1] New best cost=343986.40 (feasible=YES, time 0.183937s)
[ITER 2] New best cost=326405.37 (feasible=YES, time 0.349543s)
[ITER 3] New best cost=319972.12 (feasible=YES, time 0.468781s)
[ITER 4] New best cost=318627.73 (feasible=YES, time 0.605785s)
[ITER 7] New best cost=316800.74 (feasible=YES, time 0.965361s)
[ITER 10] New best cost=316050.23 (feasible=YES, time 1.28026s)
[ITER 10] bestGlobalCost=316050.23 (feasible=YES) bestThisIter=316050.23 feasibleAnts=10 noImprove=0 (elapsed 1.2848s)
[ITER 11] New best cost=313581.73 (feasible=YES, time 1.43317s)
[ITER 12] New best cost=313340.42 (feasible=YES, time 1.57992s)
[ITER 13] New best cost=312444.16 (feasible=YES, time 1.71315s)
[ITER 15] New best cost=309702.78 (feasible=YES, time 2.94788s)
[ITER 15] New best cost=309197.47 (feasible=YES, time 3.9249s)
[ITER 18] New best cost=309110.35 (feasible=YES, time 7.21654s)
[ITER 20] bestGlobalCost=309110.35 (feasible=YES) bestThisIter=309110.35 feasibleAnts=13 noImprove=2 (elapsed 7.43867s)
[ITER 26] New best cost=308821.33 (feasible=YES, time 8.11884s)
[ITER 30] New best cost=308733.60 (feasible=YES, time 10.5781s)
[ITER 30] bestGlobalCost=308733.60 (feasible=YES) bestThisIter=308821.33 feasibleAnts=10 noImprove=0 (elapsed 13.5437s)
[ITER 40] bestGlobalCost=308733.60 (feasible=YES) bestThisIter=311818.00 feasibleAnts=10 noImprove=10 (elapsed 14.8221s)
[ITER 50] bestGlobalCost=308733.60 (feasible=YES) bestThisIter=324170.22 feasibleAnts=10 noImprove=20 (elapsed 21.2271s)
[ITER 60] bestGlobalCost=308733.60 (feasible=YES) bestThisIter=318096.38 feasibleAnts=10 noImprove=30 (elapsed 27.6577s)
[RESET] no improvement for30-> reset pheromones
[ITER 70] bestGlobalCost=308733.60 (feasible=YES) bestThisIter=330520.56 feasibleAnts=10 noImprove=10 (elapsed 29.5256s)
[ITER 75] New best cost=308054.33 (feasible=YES, time 33.2258s)
[ITER 78] New best cost=306671.64 (feasible=YES, time 35.5586s)
[ITER 80] New best cost=306262.84 (feasible=YES, time 35.8208s)
[ITER 80] bestGlobalCost=306262.84 (feasible=YES) bestThisIter=306262.84 feasibleAnts=12 noImprove=0 (elapsed 35.8252s)
[ITER 87] New best cost=306050.03 (feasible=YES, time 36.7653s)
[ITER 90] bestGlobalCost=306050.03 (feasible=YES) bestThisIter=306050.03 feasibleAnts=10 noImprove=3 (elapsed 42.1387s)
[ITER 100] bestGlobalCost=306050.03 (feasible=YES) bestThisIter=312336.23 feasibleAnts=10 noImprove=13 (elapsed 43.4183s)
[ITER 105] New best cost=305877.76 (feasible=YES, time 46.1268s)
[ITER 108] New best cost=305790.64 (feasible=YES, time 49.475s)
[ITER 110] New best cost=305381.83 (feasible=YES, time 49.7014s)
[ITER 110] bestGlobalCost=305381.83 (feasible=YES) bestThisIter=305381.83 feasibleAnts=11 noImprove=0 (elapsed 49.7062s)
[ITER 120] bestGlobalCost=305381.83 (feasible=YES) bestThisIter=309556.58 feasibleAnts=10 noImprove=10 (elapsed 55.9041s)
[ITER 130] bestGlobalCost=305381.83 (feasible=YES) bestThisIter=310425.32 feasibleAnts=10 noImprove=20 (elapsed 57.3747s)
39 40 41 42 43 44 45 122 123 
8 9 10 142 143 144 146 147 149 
85 86 87 95 97 98 99 101 
53 61 62 63 64 65 66 67 
108 109 110 111 112 113 115 117 
77 78 79 80 82 83 84 
131 132 133 134 135 136 139 
24 25 26 27 28 29 30 32 
11 12 13 14 15 16 141 145 
17 18 19 20 21 22 23 31 
6 7 148 150 151 152 153 154 155 
100 102 103 104 105 106 107 
1 2 3 4 5 156 157 159 
68 69 70 71 72 73 81 
33 34 35 36 37 38 137 138 140 
88 89 91 92 93 94 96 
54 55 56 57 58 59 60 
46 47 114 116 118 119 120 121 
124 125 126 127 128 129 130 158 
48 49 50 51 52 74 75 76 90 
[SAVELOGS] evolution saved to results/logs/u159_20_2/evolution/u159_20_2
[SAVELOGS] best cost saved to results/logs/u159_20_2/objectives/u159_20_2
[SAVELOGS] best solution saved to results/logs/u159_20_2/solutions/u159_20_2
