[ITER 1] New best cost=339188.12 (feasible=YES, time 0.138087s)
[ITER 2] New best cost=334210.37 (feasible=YES, time 0.268682s)
[ITER 3] New best cost=323889.12 (feasible=YES, time 0.430061s)
[ITER 4] New best cost=321847.03 (feasible=YES, time 0.549918s)
[ITER 5] New best cost=317816.33 (feasible=YES, time 0.658433s)
[ITER 10] bestGlobalCost=317816.33 (feasible=YES) bestThisIter=327865.30 feasibleAnts=10 noImprove=5 (elapsed 1.29524s)
[ITER 15] New best cost=314797.65 (feasible=YES, time 2.9498s)
[ITER 15] New best cost=312779.76 (feasible=YES, time 3.91947s)
[ITER 19] New best cost=311788.57 (feasible=YES, time 7.32659s)
[ITER 20] bestGlobalCost=311788.57 (feasible=YES) bestThisIter=312333.68 feasibleAnts=16 noImprove=1 (elapsed 7.47723s)
[ITER 30] New best cost=309676.16 (feasible=YES, time 10.6573s)
[ITER 30] New best cost=309608.81 (feasible=YES, time 11.6552s)
[ITER 30] bestGlobalCost=309608.81 (feasible=YES) bestThisIter=312856.27 feasibleAnts=10 noImprove=0 (elapsed 13.5981s)
[ITER 33] New best cost=309449.77 (feasible=YES, time 13.9375s)
[ITER 37] New best cost=309362.65 (feasible=YES, time 14.4366s)
[ITER 40] bestGlobalCost=309362.65 (feasible=YES) bestThisIter=309362.65 feasibleAnts=10 noImprove=3 (elapsed 14.7949s)
[ITER 45] New best cost=308442.83 (feasible=YES, time 17.3228s)
[ITER 50] bestGlobalCost=308442.83 (feasible=YES) bestThisIter=308442.83 feasibleAnts=10 noImprove=5 (elapsed 20.9915s)
[ITER 60] bestGlobalCost=308442.83 (feasible=YES) bestThisIter=324842.32 feasibleAnts=10 noImprove=15 (elapsed 27.2353s)
[ITER 70] bestGlobalCost=308442.83 (feasible=YES) bestThisIter=316818.12 feasibleAnts=10 noImprove=25 (elapsed 28.7813s)
[ITER 75] New best cost=307724.40 (feasible=YES, time 32.4899s)
[ITER 75] New best cost=305790.64 (feasible=YES, time 34.4589s)
[ITER 80] bestGlobalCost=305790.64 (feasible=YES) bestThisIter=306332.21 feasibleAnts=10 noImprove=5 (elapsed 35.1007s)
[ITER 90] bestGlobalCost=305790.64 (feasible=YES) bestThisIter=312592.76 feasibleAnts=10 noImprove=15 (elapsed 41.3578s)
[ITER 100] bestGlobalCost=305790.64 (feasible=YES) bestThisIter=320651.98 feasibleAnts=10 noImprove=25 (elapsed 42.873s)
[ITER 105] New best cost=305641.22 (feasible=YES, time 44.6911s)
[ITER 110] bestGlobalCost=305641.22 (feasible=YES) bestThisIter=305641.22 feasibleAnts=10 noImprove=5 (elapsed 49.2968s)
[ITER 120] bestGlobalCost=305641.22 (feasible=YES) bestThisIter=309059.97 feasibleAnts=10 noImprove=15 (elapsed 55.7045s)
[ITER 130] bestGlobalCost=305641.22 (feasible=YES) bestThisIter=339804.63 feasibleAnts=10 noImprove=25 (elapsed 57.1748s)
[RESET] no improvement for30-> reset pheromones
77 78 79 80 82 83 84 
11 12 13 14 16 17 142 143 144 
108 109 110 111 112 113 115 117 
131 132 133 134 135 136 139 
88 89 91 92 93 94 96 
8 9 10 141 145 146 147 149 
20 24 25 26 27 28 29 30 
33 34 35 36 37 38 137 138 140 
100 102 103 104 105 106 107 
1 2 3 4 5 156 157 159 
6 7 148 150 151 152 153 154 155 
48 49 50 51 52 74 75 76 90 
15 18 19 21 22 23 31 32 
68 69 70 71 72 73 81 
39 40 41 42 43 44 45 122 123 
124 125 126 127 128 129 130 158 
54 55 56 57 58 59 60 
85 86 87 95 97 98 99 101 
53 61 62 63 64 65 66 67 
46 47 114 116 118 119 120 121 
[SAVELOGS] evolution saved to results/logs/u159_20_2/evolution/u159_20_2
[SAVELOGS] best cost saved to results/logs/u159_20_2/objectives/u159_20_2
[SAVELOGS] best solution saved to results/logs/u159_20_2/solutions/u159_20_2
