[ITER 1] New best cost=327013.27 (feasible=YES, time 1.01798s)
[ITER 2] New best cost=326456.45 (feasible=YES, time 2.07514s)
[ITER 3] New best cost=325463.40 (feasible=YES, time 3.39662s)
[ITER 4] New best cost=325323.24 (feasible=YES, time 4.03831s)
[ITER 5] New best cost=325147.48 (feasible=YES, time 4.71896s)
[ITER 8] New best cost=324241.39 (feasible=YES, time 6.98438s)
[ITER 10] bestGlobalCost=324241.39 (feasible=YES) bestThisIter=325644.04 feasibleAnts=10 noImprove=2 (elapsed 8.6622s)
[ITER 20] bestGlobalCost=324241.39 (feasible=YES) bestThisIter=325593.07 feasibleAnts=10 noImprove=12 (elapsed 15.4765s)
[ITER 30] bestGlobalCost=324241.39 (feasible=YES) bestThisIter=327050.72 feasibleAnts=10 noImprove=22 (elapsed 24.6657s)
[ITER 40] bestGlobalCost=324241.39 (feasible=YES) bestThisIter=326700.60 feasibleAnts=10 noImprove=32 (elapsed 33.9052s)
[ITER 50] bestGlobalCost=324241.39 (feasible=YES) bestThisIter=326953.39 feasibleAnts=10 noImprove=42 (elapsed 43.6376s)
[RESET] no improvement for50-> reset pheromones
[ITER 60] bestGlobalCost=324241.39 (feasible=YES) bestThisIter=325204.34 feasibleAnts=10 noImprove=2 (elapsed 53.4291s)
[ITER 70] bestGlobalCost=324241.39 (feasible=YES) bestThisIter=324703.61 feasibleAnts=10 noImprove=12 (elapsed 61.6992s)
[ITER 80] bestGlobalCost=324241.39 (feasible=YES) bestThisIter=325526.03 feasibleAnts=10 noImprove=22 (elapsed 69.8926s)
[ITER 90] bestGlobalCost=324241.39 (feasible=YES) bestThisIter=327068.04 feasibleAnts=10 noImprove=32 (elapsed 78.3902s)
[ITER 100] bestGlobalCost=324241.39 (feasible=YES) bestThisIter=326017.16 feasibleAnts=10 noImprove=42 (elapsed 87.2898s)
[RESET] no improvement for50-> reset pheromones
[ITER 110] bestGlobalCost=324241.39 (feasible=YES) bestThisIter=324899.60 feasibleAnts=10 noImprove=2 (elapsed 96.4809s)
[ITER 120] bestGlobalCost=324241.39 (feasible=YES) bestThisIter=324802.18 feasibleAnts=10 noImprove=12 (elapsed 103.658s)
[ITER 130] bestGlobalCost=324241.39 (feasible=YES) bestThisIter=325464.99 feasibleAnts=10 noImprove=22 (elapsed 112.479s)
[ITER 140] bestGlobalCost=324241.39 (feasible=YES) bestThisIter=326545.59 feasibleAnts=10 noImprove=32 (elapsed 121.416s)
[ITER 150] bestGlobalCost=324241.39 (feasible=YES) bestThisIter=327435.31 feasibleAnts=10 noImprove=42 (elapsed 130.971s)
[RESET] no improvement for50-> reset pheromones
[ITER 160] bestGlobalCost=324241.39 (feasible=YES) bestThisIter=326107.47 feasibleAnts=10 noImprove=2 (elapsed 140.48s)
[ITER 170] bestGlobalCost=324241.39 (feasible=YES) bestThisIter=325526.99 feasibleAnts=10 noImprove=12 (elapsed 147.814s)
[ITER 180] bestGlobalCost=324241.39 (feasible=YES) bestThisIter=325010.72 feasibleAnts=10 noImprove=22 (elapsed 156.953s)
[ITER 190] bestGlobalCost=324241.39 (feasible=YES) bestThisIter=327331.10 feasibleAnts=10 noImprove=32 (elapsed 165.621s)
[ITER 200] bestGlobalCost=324241.39 (feasible=YES) bestThisIter=327242.36 feasibleAnts=10 noImprove=42 (elapsed 174.805s)
[RESET] no improvement for50-> reset pheromones
[ITER 210] bestGlobalCost=324241.39 (feasible=YES) bestThisIter=324323.68 feasibleAnts=10 noImprove=2 (elapsed 184.634s)
[ITER 220] bestGlobalCost=324241.39 (feasible=YES) bestThisIter=325346.46 feasibleAnts=10 noImprove=12 (elapsed 191.658s)
[ITER 230] bestGlobalCost=324241.39 (feasible=YES) bestThisIter=326811.49 feasibleAnts=10 noImprove=22 (elapsed 199.731s)
[ITER 240] bestGlobalCost=324241.39 (feasible=YES) bestThisIter=327090.56 feasibleAnts=10 noImprove=32 (elapsed 209.431s)
[ITER 250] bestGlobalCost=324241.39 (feasible=YES) bestThisIter=326329.47 feasibleAnts=10 noImprove=42 (elapsed 218.486s)
[RESET] no improvement for50-> reset pheromones
[ITER 260] bestGlobalCost=324241.39 (feasible=YES) bestThisIter=324692.37 feasibleAnts=10 noImprove=2 (elapsed 228.392s)
[ITER 270] bestGlobalCost=324241.39 (feasible=YES) bestThisIter=325790.16 feasibleAnts=10 noImprove=12 (elapsed 235.368s)
[ITER 280] bestGlobalCost=324241.39 (feasible=YES) bestThisIter=325582.46 feasibleAnts=10 noImprove=22 (elapsed 244.858s)
[ITER 290] bestGlobalCost=324241.39 (feasible=YES) bestThisIter=325966.04 feasibleAnts=10 noImprove=32 (elapsed 253.851s)
[ITER 300] bestGlobalCost=324241.39 (feasible=YES) bestThisIter=328118.60 feasibleAnts=10 noImprove=42 (elapsed 263.408s)
[RESET] no improvement for50-> reset pheromones
[ITER 310] bestGlobalCost=324241.39 (feasible=YES) bestThisIter=325729.65 feasibleAnts=10 noImprove=2 (elapsed 273.258s)
[ITER 320] bestGlobalCost=324241.39 (feasible=YES) bestThisIter=326650.72 feasibleAnts=11 noImprove=12 (elapsed 280.879s)
[ITER 330] bestGlobalCost=324241.39 (feasible=YES) bestThisIter=327442.51 feasibleAnts=10 noImprove=22 (elapsed 290.206s)
[ITER 340] bestGlobalCost=324241.39 (feasible=YES) bestThisIter=327770.20 feasibleAnts=10 noImprove=32 (elapsed 298.757s)
6 16 20 22 23 25 29 37 41 51 52 60 75 84 85 92 97 98 105 109 110 111 116 117 118 120 126 127 132 134 143 147 158 159 162 165 169 171 174 178 181 196 210 222 226 227 236 240 243 245 252 255 
1 4 5 12 18 19 21 31 33 49 61 68 70 71 72 76 79 81 87 90 99 100 108 115 124 129 130 133 138 139 142 145 154 155 166 172 185 186 191 202 205 209 211 221 229 231 232 234 244 254 258 262 
3 10 11 15 17 24 32 38 39 40 42 43 47 55 56 57 59 62 66 67 78 80 101 102 103 113 122 123 135 136 146 157 168 175 176 177 194 197 201 203 214 219 223 224 225 233 235 238 241 242 249 256 259 
7 14 28 34 35 44 45 46 48 50 63 74 77 86 88 91 93 94 95 104 107 119 128 140 141 144 149 151 152 156 160 161 164 179 180 182 184 187 188 192 199 200 208 212 215 216 218 239 246 247 251 260 
2 8 9 13 26 27 30 36 53 54 58 64 65 69 73 82 83 89 96 106 112 114 121 125 131 137 148 150 153 163 167 170 173 183 189 190 193 195 198 204 206 207 213 217 220 228 230 237 248 250 253 257 261 
[SAVELOGS] evolution saved to results/logs/aco_logs/evolution/gil262_05_5.txt
[SAVELOGS] best cost saved to results/logs/aco_logs/objectives/gil262_05_5.txt
[SAVELOGS] best solution saved to results/logs/aco_logs/solutions/gil262_05_5.txt
