[ITER 1] New best cost=333947.71 (feasible=YES, time 1.2125s)
[ITER 2] New best cost=332421.46 (feasible=YES, time 2.31516s)
[ITER 3] New best cost=330367.87 (feasible=YES, time 3.27984s)
[ITER 5] New best cost=330246.22 (feasible=YES, time 4.86487s)
[ITER 6] New best cost=329534.41 (feasible=YES, time 5.51096s)
[ITER 8] New best cost=329137.73 (feasible=YES, time 6.66848s)
[ITER 10] bestGlobalCost=329137.73 (feasible=YES) bestThisIter=329258.52 feasibleAnts=10 noImprove=2 (elapsed 7.66398s)
[ITER 20] bestGlobalCost=329137.73 (feasible=YES) bestThisIter=330939.64 feasibleAnts=10 noImprove=12 (elapsed 15.8211s)
[ITER 21] New best cost=329128.58 (feasible=YES, time 16.5326s)
[ITER 26] New best cost=328469.12 (feasible=YES, time 20.5909s)
[ITER 30] bestGlobalCost=328469.12 (feasible=YES) bestThisIter=329619.17 feasibleAnts=14 noImprove=4 (elapsed 23.9754s)
[ITER 37] New best cost=328238.38 (feasible=YES, time 30.8112s)
[ITER 40] bestGlobalCost=328238.38 (feasible=YES) bestThisIter=329209.91 feasibleAnts=10 noImprove=3 (elapsed 34.4537s)
[ITER 41] New best cost=327766.58 (feasible=YES, time 35.4751s)
[ITER 48] New best cost=327394.31 (feasible=YES, time 42.0557s)
[ITER 49] New best cost=326860.72 (feasible=YES, time 43.0401s)
[ITER 50] bestGlobalCost=326860.72 (feasible=YES) bestThisIter=327260.73 feasibleAnts=10 noImprove=1 (elapsed 43.9076s)
[ITER 52] New best cost=326136.69 (feasible=YES, time 45.7591s)
[ITER 53] New best cost=325704.95 (feasible=YES, time 46.3677s)
[ITER 54] New best cost=325266.64 (feasible=YES, time 46.9788s)
[ITER 55] New best cost=325242.34 (feasible=YES, time 47.875s)
[ITER 56] New best cost=325016.97 (feasible=YES, time 48.9963s)
[ITER 59] New best cost=324780.47 (feasible=YES, time 51.5727s)
[ITER 60] bestGlobalCost=324780.47 (feasible=YES) bestThisIter=325946.09 feasibleAnts=10 noImprove=1 (elapsed 52.6811s)
[ITER 62] New best cost=323755.85 (feasible=YES, time 54.2503s)
[ITER 70] bestGlobalCost=323755.85 (feasible=YES) bestThisIter=324670.11 feasibleAnts=10 noImprove=8 (elapsed 61.3721s)
[ITER 80] bestGlobalCost=323755.85 (feasible=YES) bestThisIter=325130.78 feasibleAnts=10 noImprove=18 (elapsed 72.1497s)
[ITER 90] bestGlobalCost=323755.85 (feasible=YES) bestThisIter=325569.31 feasibleAnts=10 noImprove=28 (elapsed 81.0413s)
[ITER 100] bestGlobalCost=323755.85 (feasible=YES) bestThisIter=327073.53 feasibleAnts=10 noImprove=38 (elapsed 92.1942s)
[ITER 110] bestGlobalCost=323755.85 (feasible=YES) bestThisIter=327574.79 feasibleAnts=10 noImprove=48 (elapsed 102.077s)
[RESET] no improvement for50-> reset pheromones
[ITER 120] bestGlobalCost=323755.85 (feasible=YES) bestThisIter=323957.89 feasibleAnts=10 noImprove=8 (elapsed 111.049s)
[ITER 130] bestGlobalCost=323755.85 (feasible=YES) bestThisIter=325263.70 feasibleAnts=10 noImprove=18 (elapsed 120.317s)
[ITER 140] bestGlobalCost=323755.85 (feasible=YES) bestThisIter=325344.47 feasibleAnts=10 noImprove=28 (elapsed 129.506s)
[ITER 150] bestGlobalCost=323755.85 (feasible=YES) bestThisIter=324998.70 feasibleAnts=10 noImprove=38 (elapsed 139.394s)
[ITER 160] bestGlobalCost=323755.85 (feasible=YES) bestThisIter=326753.75 feasibleAnts=10 noImprove=48 (elapsed 148.831s)
[RESET] no improvement for50-> reset pheromones
[ITER 170] bestGlobalCost=323755.85 (feasible=YES) bestThisIter=324669.26 feasibleAnts=9 noImprove=8 (elapsed 158.55s)
[ITER 180] bestGlobalCost=323755.85 (feasible=YES) bestThisIter=327347.36 feasibleAnts=10 noImprove=18 (elapsed 166.891s)
[ITER 190] bestGlobalCost=323755.85 (feasible=YES) bestThisIter=324234.05 feasibleAnts=10 noImprove=28 (elapsed 176.264s)
[ITER 200] bestGlobalCost=323755.85 (feasible=YES) bestThisIter=324878.06 feasibleAnts=10 noImprove=38 (elapsed 185.628s)
[ITER 210] bestGlobalCost=323755.85 (feasible=YES) bestThisIter=324805.40 feasibleAnts=10 noImprove=48 (elapsed 196.002s)
[RESET] no improvement for50-> reset pheromones
[ITER 220] bestGlobalCost=323755.85 (feasible=YES) bestThisIter=324718.08 feasibleAnts=10 noImprove=8 (elapsed 205.679s)
[ITER 230] bestGlobalCost=323755.85 (feasible=YES) bestThisIter=325227.04 feasibleAnts=10 noImprove=18 (elapsed 214.219s)
[ITER 240] bestGlobalCost=323755.85 (feasible=YES) bestThisIter=325918.11 feasibleAnts=10 noImprove=28 (elapsed 223.368s)
[ITER 250] bestGlobalCost=323755.85 (feasible=YES) bestThisIter=325306.57 feasibleAnts=10 noImprove=38 (elapsed 233.252s)
[ITER 260] bestGlobalCost=323755.85 (feasible=YES) bestThisIter=326025.35 feasibleAnts=10 noImprove=48 (elapsed 243.847s)
[RESET] no improvement for50-> reset pheromones
[ITER 270] bestGlobalCost=323755.85 (feasible=YES) bestThisIter=325762.56 feasibleAnts=10 noImprove=8 (elapsed 253.462s)
[ITER 280] bestGlobalCost=323755.85 (feasible=YES) bestThisIter=326274.00 feasibleAnts=10 noImprove=18 (elapsed 262.494s)
[ITER 290] bestGlobalCost=323755.85 (feasible=YES) bestThisIter=326235.37 feasibleAnts=10 noImprove=28 (elapsed 271.758s)
[ITER 300] bestGlobalCost=323755.85 (feasible=YES) bestThisIter=329130.93 feasibleAnts=10 noImprove=38 (elapsed 281.592s)
[ITER 310] bestGlobalCost=323755.85 (feasible=YES) bestThisIter=326426.71 feasibleAnts=10 noImprove=48 (elapsed 291.616s)
[RESET] no improvement for50-> reset pheromones
[ITER 320] bestGlobalCost=323755.85 (feasible=YES) bestThisIter=326187.15 feasibleAnts=10 noImprove=8 (elapsed 301.11s)
14 22 23 28 34 35 37 44 45 46 48 50 63 77 86 88 91 93 94 98 107 111 119 128 144 149 151 152 156 160 161 179 180 184 187 192 196 199 200 208 212 215 216 218 236 239 240 246 247 251 255 260 
2 5 9 12 18 26 27 30 36 49 53 54 58 64 65 73 83 89 96 106 112 114 121 124 129 130 133 137 148 150 153 166 167 170 173 183 189 191 195 204 206 207 213 217 220 228 230 248 250 253 257 261 262 
1 4 7 19 21 25 31 33 61 68 70 71 72 74 76 79 81 87 90 95 99 100 104 108 115 138 139 140 141 142 145 154 155 164 172 182 185 186 188 202 205 209 211 221 229 231 232 234 244 254 258 
3 8 10 11 13 38 39 42 43 47 52 56 57 59 62 66 69 80 82 84 101 103 113 116 118 122 123 125 131 135 136 146 157 163 168 177 190 193 194 197 198 203 214 223 224 225 233 235 237 238 241 242 249 256 
6 15 16 17 20 24 29 32 40 41 51 55 60 67 75 78 85 92 97 102 105 109 110 117 120 126 127 132 134 143 147 158 159 162 165 169 171 174 175 176 178 181 201 210 219 222 226 227 243 245 252 259 
[SAVELOGS] evolution saved to results/logs/aco_logs/evolution/gil262_05_5.txt
[SAVELOGS] best cost saved to results/logs/aco_logs/objectives/gil262_05_5.txt
[SAVELOGS] best solution saved to results/logs/aco_logs/solutions/gil262_05_5.txt
