[ITER 1] New best cost=3541743.24 (feasible=YES, time 0.100231s)
[ITER 8] New best cost=3512413.91 (feasible=YES, time 0.654677s)
[ITER 9] New best cost=3511972.53 (feasible=YES, time 0.684659s)
[ITER 10] bestGlobalCost=3511972.53 (feasible=YES) bestThisIter=3481803.03 feasibleAnts=11 noImprove=1 (elapsed 0.718839s)
[ITER 12] New best cost=3507431.57 (feasible=YES, time 0.782156s)
[ITER 20] bestGlobalCost=3507431.57 (feasible=YES) bestThisIter=3507431.57 feasibleAnts=17 noImprove=8 (elapsed 4.02938s)
[ITER 24] New best cost=3507431.57 (feasible=YES, time 4.22253s)
[ITER 30] bestGlobalCost=3507431.57 (feasible=YES) bestThisIter=3507431.57 feasibleAnts=15 noImprove=6 (elapsed 7.42241s)
[ITER 40] bestGlobalCost=3507431.57 (feasible=YES) bestThisIter=3507431.57 feasibleAnts=10 noImprove=16 (elapsed 7.79754s)
[ITER 50] bestGlobalCost=3507431.57 (feasible=YES) bestThisIter=3511972.53 feasibleAnts=10 noImprove=26 (elapsed 11.9002s)
[RESET] no improvement for30-> reset pheromones
[ITER 60] bestGlobalCost=3507431.57 (feasible=YES) bestThisIter=3582578.96 feasibleAnts=10 noImprove=6 (elapsed 15.5792s)
[ITER 70] bestGlobalCost=3507431.57 (feasible=YES) bestThisIter=3507431.57 feasibleAnts=10 noImprove=16 (elapsed 16.1155s)
[ITER 80] bestGlobalCost=3507431.57 (feasible=YES) bestThisIter=3507431.57 feasibleAnts=10 noImprove=26 (elapsed 20.3013s)
[RESET] no improvement for30-> reset pheromones
[ITER 90] bestGlobalCost=3507431.57 (feasible=YES) bestThisIter=3586830.84 feasibleAnts=10 noImprove=6 (elapsed 23.8607s)
[ITER 91] New best cost=3486668.28 (feasible=YES, time 23.9384s)
[ITER 100] bestGlobalCost=3486668.28 (feasible=YES) bestThisIter=3486668.28 feasibleAnts=10 noImprove=9 (elapsed 24.3727s)
[ITER 108] New best cost=3486655.78 (feasible=YES, time 28.5167s)
[ITER 110] bestGlobalCost=3486655.78 (feasible=YES) bestThisIter=3486668.28 feasibleAnts=13 noImprove=2 (elapsed 28.6365s)
[ITER 120] bestGlobalCost=3486655.78 (feasible=YES) bestThisIter=3486655.78 feasibleAnts=10 noImprove=12 (elapsed 32.1515s)
[ITER 130] bestGlobalCost=3486655.78 (feasible=YES) bestThisIter=3486655.78 feasibleAnts=10 noImprove=22 (elapsed 32.7278s)
[RESET] no improvement for30-> reset pheromones
[ITER 140] bestGlobalCost=3486655.78 (feasible=YES) bestThisIter=3591350.22 feasibleAnts=10 noImprove=2 (elapsed 36.3219s)
[ITER 150] bestGlobalCost=3486655.78 (feasible=YES) bestThisIter=3542217.32 feasibleAnts=10 noImprove=12 (elapsed 40.6289s)
[ITER 160] bestGlobalCost=3486655.78 (feasible=YES) bestThisIter=3486655.78 feasibleAnts=10 noImprove=22 (elapsed 41.1608s)
[RESET] no improvement for30-> reset pheromones
[ITER 170] bestGlobalCost=3486655.78 (feasible=YES) bestThisIter=3547629.46 feasibleAnts=10 noImprove=2 (elapsed 44.7224s)
[ITER 180] bestGlobalCost=3486655.78 (feasible=YES) bestThisIter=3539137.50 feasibleAnts=10 noImprove=12 (elapsed 48.9648s)
[ITER 190] bestGlobalCost=3486655.78 (feasible=YES) bestThisIter=3486655.78 feasibleAnts=10 noImprove=22 (elapsed 49.5056s)
[RESET] no improvement for30-> reset pheromones
[ITER 200] bestGlobalCost=3486655.78 (feasible=YES) bestThisIter=3554756.54 feasibleAnts=10 noImprove=2 (elapsed 53.2023s)
[ITER 210] bestGlobalCost=3486655.78 (feasible=YES) bestThisIter=3607749.52 feasibleAnts=10 noImprove=12 (elapsed 57.4701s)
[ITER 220] bestGlobalCost=3486655.78 (feasible=YES) bestThisIter=3559810.20 feasibleAnts=10 noImprove=22 (elapsed 57.9679s)
7 9 10 11 12 13 14 15 17 18 20 21 22 41 43 44 45 47 48 49 50 51 52 54 
73 75 76 77 78 79 80 82 84 92 93 94 95 96 97 98 99 100 115 116 117 120 121 122 123 124 
16 46 53 85 86 87 88 89 90 91 101 102 103 104 105 106 107 108 109 110 111 112 113 114 118 119 
30 42 55 56 57 58 59 60 61 62 63 64 65 66 67 68 69 70 71 72 74 81 83 
1 2 3 4 5 6 8 19 23 24 25 26 27 28 29 31 32 33 34 35 36 37 38 39 40 
[SAVELOGS] evolution saved to results/logs/pr124_05_4/evolution/pr124_05_4
[SAVELOGS] best cost saved to results/logs/pr124_05_4/objectives/pr124_05_4
[SAVELOGS] best solution saved to results/logs/pr124_05_4/solutions/pr124_05_4
