[ITER 1] New best cost=941832.11 (feasible=YES, time 0.384983s)
[ITER 2] New best cost=910158.95 (feasible=YES, time 0.566662s)
[ITER 3] New best cost=856803.20 (feasible=YES, time 0.90017s)
[ITER 7] New best cost=855542.98 (feasible=YES, time 2.10346s)
[ITER 10] New best cost=846157.08 (feasible=YES, time 2.81009s)
[ITER 10] bestGlobalCost=846157.08 (feasible=YES) bestThisIter=846157.08 feasibleAnts=10 noImprove=0 (elapsed 2.81267s)
[ITER 11] New best cost=835979.65 (feasible=YES, time 3.00024s)
[ITER 14] New best cost=833025.46 (feasible=YES, time 3.59064s)
[ITER 15] New best cost=818488.14 (feasible=YES, time 5.32176s)
[ITER 15] New best cost=818188.70 (feasible=YES, time 9.76605s)
[ITER 20] bestGlobalCost=818188.70 (feasible=YES) bestThisIter=818188.70 feasibleAnts=10 noImprove=5 (elapsed 12.5001s)
[ITER 22] New best cost=817687.17 (feasible=YES, time 12.8046s)
[ITER 30] bestGlobalCost=817687.17 (feasible=YES) bestThisIter=821950.40 feasibleAnts=10 noImprove=8 (elapsed 22.3762s)
[ITER 40] bestGlobalCost=817687.17 (feasible=YES) bestThisIter=891610.63 feasibleAnts=10 noImprove=18 (elapsed 25.0043s)
[ITER 50] bestGlobalCost=817687.17 (feasible=YES) bestThisIter=882106.21 feasibleAnts=10 noImprove=28 (elapsed 35.9652s)
[RESET] no improvement for30-> reset pheromones
[ITER 60] bestGlobalCost=817687.17 (feasible=YES) bestThisIter=953110.83 feasibleAnts=10 noImprove=8 (elapsed 47.0115s)
[ITER 70] bestGlobalCost=817687.17 (feasible=YES) bestThisIter=903590.46 feasibleAnts=10 noImprove=18 (elapsed 50.0548s)
[ITER 75] New best cost=817039.00 (feasible=YES, time 53.2114s)
30 32 34 46 47 48 54 59 60 
13 15 16 17 18 20 37 38 41 42 
14 43 44 45 70 71 72 74 75 77 
91 97 99 101 116 117 118 119 120 122 
4 5 6 22 23 25 36 39 40 
115 131 132 133 134 135 136 137 142 
73 78 89 90 92 93 94 95 96 98 
111 112 114 138 139 140 141 143 144 
121 123 124 125 126 127 128 129 130 
33 49 50 51 52 53 55 56 57 58 
7 8 9 10 11 12 19 21 
79 80 81 83 84 85 109 110 113 
1 2 3 24 26 27 28 29 31 35 
82 86 87 88 100 102 103 104 105 106 107 108 
61 62 63 64 65 66 67 68 69 76 
[SAVELOGS] evolution saved to results/logs/pr144_15_4/evolution/pr144_15_4
[SAVELOGS] best cost saved to results/logs/pr144_15_4/objectives/pr144_15_4
[SAVELOGS] best solution saved to results/logs/pr144_15_4/solutions/pr144_15_4
