[ITER 1] New best cost=67807.37 (feasible=YES, time 0.261963s)
[ITER 2] New best cost=66691.97 (feasible=YES, time 0.521047s)
[ITER 3] New best cost=66466.98 (feasible=YES, time 0.803941s)
[ITER 4] New best cost=64916.05 (feasible=YES, time 1.11144s)
[ITER 5] New best cost=63980.77 (feasible=YES, time 1.33504s)
[ITER 8] New best cost=61989.03 (feasible=YES, time 2.12762s)
[ITER 10] New best cost=59659.78 (feasible=YES, time 2.59428s)
[ITER 10] bestGlobalCost=59659.78 (feasible=YES) bestThisIter=59659.78 feasibleAnts=8 noImprove=0 (elapsed 2.59845s)
[ITER 13] New best cost=59378.02 (feasible=YES, time 3.20111s)
[ITER 15] New best cost=58870.05 (feasible=YES, time 4.8357s)
[ITER 19] New best cost=58787.00 (feasible=YES, time 11.1104s)
[ITER 20] bestGlobalCost=58787.00 (feasible=YES) bestThisIter=58685.35 feasibleAnts=10 noImprove=1 (elapsed 11.2883s)
[ITER 27] New best cost=58724.44 (feasible=YES, time 12.5688s)
[ITER 30] New best cost=58708.16 (feasible=YES, time 15.5924s)
[ITER 30] bestGlobalCost=58708.16 (feasible=YES) bestThisIter=58787.00 feasibleAnts=10 noImprove=0 (elapsed 20.1172s)
[ITER 31] New best cost=58613.82 (feasible=YES, time 20.2429s)
[ITER 33] New best cost=58503.96 (feasible=YES, time 20.4664s)
[ITER 36] New best cost=58445.66 (feasible=YES, time 20.8204s)
[ITER 40] bestGlobalCost=58445.66 (feasible=YES) bestThisIter=58445.66 feasibleAnts=10 noImprove=4 (elapsed 21.2496s)
[ITER 42] New best cost=58117.57 (feasible=YES, time 21.5044s)
[ITER 50] bestGlobalCost=58117.57 (feasible=YES) bestThisIter=59083.55 feasibleAnts=10 noImprove=8 (elapsed 29.739s)
[ITER 60] bestGlobalCost=58117.57 (feasible=YES) bestThisIter=63501.33 feasibleAnts=10 noImprove=18 (elapsed 38.418s)
[ITER 70] bestGlobalCost=58117.57 (feasible=YES) bestThisIter=62095.47 feasibleAnts=10 noImprove=28 (elapsed 40.7644s)
[RESET] no improvement for30-> reset pheromones
[ITER 80] bestGlobalCost=58117.57 (feasible=YES) bestThisIter=65768.56 feasibleAnts=10 noImprove=8 (elapsed 50.7456s)
[ITER 90] bestGlobalCost=58117.57 (feasible=YES) bestThisIter=62362.87 feasibleAnts=10 noImprove=18 (elapsed 60.7255s)
5 11 16 45 76 109 117 128 129 
1 2 17 39 41 71 130 
12 29 38 79 87 95 103 106 120 
6 10 14 23 40 67 96 102 
9 56 57 65 81 82 101 111 123 
42 44 47 51 53 55 58 60 122 
15 19 24 27 31 34 100 116 
61 64 69 86 88 97 104 107 124 127 
25 32 36 48 84 89 94 98 113 119 
13 30 59 78 85 90 121 125 126 
49 52 72 73 74 75 91 92 99 
4 20 22 35 46 54 80 118 
8 18 21 33 37 93 108 114 
3 28 50 62 66 83 105 112 115 
7 26 43 63 68 70 77 110 
[SAVELOGS] evolution saved to results/logs/ch130_15_5/evolution/ch130_15_5
[SAVELOGS] best cost saved to results/logs/ch130_15_5/objectives/ch130_15_5
[SAVELOGS] best solution saved to results/logs/ch130_15_5/solutions/ch130_15_5
