[ITER 1] New best cost=97821.87 (feasible=YES, time 0.192908s)
[ITER 2] New best cost=93079.36 (feasible=YES, time 0.317541s)
[ITER 4] New best cost=91756.80 (feasible=YES, time 0.569102s)
[ITER 10] bestGlobalCost=91756.80 (feasible=YES) bestThisIter=96713.55 feasibleAnts=10 noImprove=6 (elapsed 1.38179s)
[ITER 13] New best cost=89835.30 (feasible=YES, time 1.84172s)
[ITER 14] New best cost=89013.55 (feasible=YES, time 1.91939s)
[ITER 15] New best cost=88274.61 (feasible=YES, time 2.5048s)
[ITER 15] New best cost=86593.38 (feasible=YES, time 3.12813s)
[ITER 15] New best cost=85449.85 (feasible=YES, time 3.82669s)
[ITER 15] New best cost=85050.82 (feasible=YES, time 5.18868s)
[ITER 20] bestGlobalCost=85050.82 (feasible=YES) bestThisIter=85050.82 feasibleAnts=10 noImprove=5 (elapsed 5.77633s)
[ITER 30] New best cost=84130.89 (feasible=YES, time 8.76645s)
[ITER 30] bestGlobalCost=84130.89 (feasible=YES) bestThisIter=91138.53 feasibleAnts=10 noImprove=0 (elapsed 9.91622s)
[ITER 40] bestGlobalCost=84130.89 (feasible=YES) bestThisIter=85804.42 feasibleAnts=10 noImprove=10 (elapsed 10.8417s)
[ITER 50] bestGlobalCost=84130.89 (feasible=YES) bestThisIter=100114.32 feasibleAnts=10 noImprove=20 (elapsed 15.7726s)
[ITER 60] bestGlobalCost=84130.89 (feasible=YES) bestThisIter=95227.92 feasibleAnts=10 noImprove=30 (elapsed 20.4332s)
[RESET] no improvement for30-> reset pheromones
[ITER 70] bestGlobalCost=84130.89 (feasible=YES) bestThisIter=96482.46 feasibleAnts=10 noImprove=10 (elapsed 22.5427s)
[ITER 75] New best cost=83595.69 (feasible=YES, time 24.4503s)
[ITER 80] bestGlobalCost=83595.69 (feasible=YES) bestThisIter=84220.93 feasibleAnts=9 noImprove=5 (elapsed 26.6466s)
[ITER 90] New best cost=83056.50 (feasible=YES, time 30.3115s)
[ITER 90] bestGlobalCost=83056.50 (feasible=YES) bestThisIter=90383.38 feasibleAnts=10 noImprove=0 (elapsed 31.4896s)
[ITER 100] bestGlobalCost=83056.50 (feasible=YES) bestThisIter=86143.12 feasibleAnts=10 noImprove=10 (elapsed 32.5836s)
[ITER 110] bestGlobalCost=83056.50 (feasible=YES) bestThisIter=94071.97 feasibleAnts=10 noImprove=20 (elapsed 37.4938s)
[ITER 120] bestGlobalCost=83056.50 (feasible=YES) bestThisIter=94053.33 feasibleAnts=10 noImprove=30 (elapsed 42.0995s)
[RESET] no improvement for30-> reset pheromones
[ITER 130] bestGlobalCost=83056.50 (feasible=YES) bestThisIter=99478.69 feasibleAnts=10 noImprove=10 (elapsed 43.8006s)
[ITER 135] New best cost=82952.12 (feasible=YES, time 45.7137s)
[ITER 140] bestGlobalCost=82952.12 (feasible=YES) bestThisIter=82952.12 feasibleAnts=10 noImprove=5 (elapsed 48.2211s)
[ITER 150] bestGlobalCost=82952.12 (feasible=YES) bestThisIter=91710.51 feasibleAnts=10 noImprove=15 (elapsed 52.8163s)
[ITER 160] bestGlobalCost=82952.12 (feasible=YES) bestThisIter=91214.97 feasibleAnts=10 noImprove=25 (elapsed 54.3842s)
[RESET] no improvement for30-> reset pheromones
[ITER 170] bestGlobalCost=82952.12 (feasible=YES) bestThisIter=93573.86 feasibleAnts=10 noImprove=5 (elapsed 59.5581s)
37 43 52 54 72 
26 30 56 69 80 100 
7 34 57 58 84 94 
4 66 87 89 
6 33 64 74 83 
11 73 85 93 
13 31 48 51 82 
14 15 60 63 
22 23 50 55 88 
2 16 24 42 78 
39 40 53 67 70 
9 25 27 35 61 71 
5 10 62 68 86 
18 19 41 44 92 
20 21 38 46 49 
3 8 28 29 59 97 
1 12 32 90 98 
17 36 45 77 96 
76 91 95 99 
47 65 75 79 81 
[SAVELOGS] evolution saved to results/logs/kroB100_20_4/evolution/kroB100_20_4
[SAVELOGS] best cost saved to results/logs/kroB100_20_4/objectives/kroB100_20_4
[SAVELOGS] best solution saved to results/logs/kroB100_20_4/solutions/kroB100_20_4
