[ITER 1] New best cost=93913.61 (feasible=YES, time 0.212486s)
[ITER 3] New best cost=89795.11 (feasible=YES, time 0.500331s)
[ITER 5] New best cost=86386.16 (feasible=YES, time 0.753437s)
[ITER 10] bestGlobalCost=86386.16 (feasible=YES) bestThisIter=87831.11 feasibleAnts=10 noImprove=5 (elapsed 1.35388s)
[ITER 11] New best cost=85148.22 (feasible=YES, time 1.55535s)
[ITER 12] New best cost=84506.81 (feasible=YES, time 1.6501s)
[ITER 15] New best cost=83261.33 (feasible=YES, time 2.52074s)
[ITER 15] New best cost=82950.91 (feasible=YES, time 3.06459s)
[ITER 19] New best cost=82733.04 (feasible=YES, time 4.97554s)
[ITER 20] bestGlobalCost=82733.04 (feasible=YES) bestThisIter=82950.91 feasibleAnts=23 noImprove=1 (elapsed 5.0444s)
[ITER 30] bestGlobalCost=82733.04 (feasible=YES) bestThisIter=88141.14 feasibleAnts=10 noImprove=11 (elapsed 8.97466s)
[ITER 40] bestGlobalCost=82733.04 (feasible=YES) bestThisIter=93849.72 feasibleAnts=10 noImprove=21 (elapsed 10.6301s)
[ITER 45] New best cost=82235.11 (feasible=YES, time 11.9078s)
[ITER 50] bestGlobalCost=82235.11 (feasible=YES) bestThisIter=82235.11 feasibleAnts=11 noImprove=5 (elapsed 14.4098s)
[ITER 60] bestGlobalCost=82235.11 (feasible=YES) bestThisIter=103780.39 feasibleAnts=10 noImprove=15 (elapsed 18.9205s)
[ITER 70] bestGlobalCost=82235.11 (feasible=YES) bestThisIter=96737.64 feasibleAnts=10 noImprove=25 (elapsed 20.3908s)
[RESET] no improvement for30-> reset pheromones
[ITER 80] bestGlobalCost=82235.11 (feasible=YES) bestThisIter=93926.48 feasibleAnts=10 noImprove=5 (elapsed 25.1323s)
[ITER 90] bestGlobalCost=82235.11 (feasible=YES) bestThisIter=92664.26 feasibleAnts=10 noImprove=15 (elapsed 29.801s)
[ITER 100] bestGlobalCost=82235.11 (feasible=YES) bestThisIter=87615.71 feasibleAnts=9 noImprove=25 (elapsed 31.4803s)
[RESET] no improvement for30-> reset pheromones
[ITER 110] bestGlobalCost=82235.11 (feasible=YES) bestThisIter=90592.00 feasibleAnts=9 noImprove=5 (elapsed 36.1873s)
[ITER 120] bestGlobalCost=82235.11 (feasible=YES) bestThisIter=100310.39 feasibleAnts=10 noImprove=15 (elapsed 41.1547s)
[ITER 130] bestGlobalCost=82235.11 (feasible=YES) bestThisIter=95868.29 feasibleAnts=9 noImprove=25 (elapsed 42.9509s)
[RESET] no improvement for30-> reset pheromones
[ITER 140] bestGlobalCost=82235.11 (feasible=YES) bestThisIter=96532.78 feasibleAnts=10 noImprove=5 (elapsed 47.6412s)
[ITER 150] bestGlobalCost=82235.11 (feasible=YES) bestThisIter=90652.96 feasibleAnts=10 noImprove=15 (elapsed 52.6836s)
[ITER 160] bestGlobalCost=82235.11 (feasible=YES) bestThisIter=94874.05 feasibleAnts=10 noImprove=25 (elapsed 54.2551s)
[RESET] no improvement for30-> reset pheromones
[ITER 170] bestGlobalCost=82235.11 (feasible=YES) bestThisIter=97212.80 feasibleAnts=10 noImprove=5 (elapsed 59.3755s)
4 43 52 54 89 
17 24 31 36 41 
1 9 21 25 71 90 
13 42 48 51 63 
12 32 95 98 
8 29 59 91 99 
7 34 57 58 84 94 
2 16 45 77 78 
53 70 73 85 93 
56 62 79 81 100 
5 26 39 40 67 
27 35 60 61 74 
20 30 38 75 80 
22 23 50 55 88 
6 33 66 83 87 
37 46 47 65 72 
14 15 64 82 
18 19 44 92 96 
3 11 28 76 97 
10 49 68 69 86 
[SAVELOGS] evolution saved to results/logs/kroB100_20_4/evolution/kroB100_20_4
[SAVELOGS] best cost saved to results/logs/kroB100_20_4/objectives/kroB100_20_4
[SAVELOGS] best solution saved to results/logs/kroB100_20_4/solutions/kroB100_20_4
