[ITER 1] New best cost=93882.00 (feasible=YES, time 0.163403s)
[ITER 2] New best cost=92547.77 (feasible=YES, time 0.290242s)
[ITER 4] New best cost=92479.13 (feasible=YES, time 0.526071s)
[ITER 5] New best cost=89374.73 (feasible=YES, time 0.64052s)
[ITER 10] bestGlobalCost=89374.73 (feasible=YES) bestThisIter=97184.77 feasibleAnts=10 noImprove=5 (elapsed 1.28502s)
[ITER 15] New best cost=84716.02 (feasible=YES, time 2.78908s)
[ITER 18] New best cost=84591.37 (feasible=YES, time 5.79095s)
[ITER 20] bestGlobalCost=84591.37 (feasible=YES) bestThisIter=84591.37 feasibleAnts=15 noImprove=2 (elapsed 6.00667s)
[ITER 30] New best cost=83885.26 (feasible=YES, time 7.59336s)
[ITER 30] bestGlobalCost=83885.26 (feasible=YES) bestThisIter=89142.15 feasibleAnts=9 noImprove=0 (elapsed 9.96288s)
[ITER 40] bestGlobalCost=83885.26 (feasible=YES) bestThisIter=85120.83 feasibleAnts=10 noImprove=10 (elapsed 11.1867s)
[ITER 50] bestGlobalCost=83885.26 (feasible=YES) bestThisIter=95852.62 feasibleAnts=10 noImprove=20 (elapsed 15.8002s)
[ITER 60] bestGlobalCost=83885.26 (feasible=YES) bestThisIter=100843.83 feasibleAnts=10 noImprove=30 (elapsed 20.7629s)
[RESET] no improvement for30-> reset pheromones
[ITER 70] bestGlobalCost=83885.26 (feasible=YES) bestThisIter=95923.12 feasibleAnts=10 noImprove=10 (elapsed 22.6026s)
[ITER 75] New best cost=83141.08 (feasible=YES, time 25.0003s)
[ITER 80] bestGlobalCost=83141.08 (feasible=YES) bestThisIter=86387.25 feasibleAnts=10 noImprove=5 (elapsed 26.8102s)
[ITER 83] New best cost=82830.65 (feasible=YES, time 27.1314s)
[ITER 90] bestGlobalCost=82830.65 (feasible=YES) bestThisIter=82830.65 feasibleAnts=10 noImprove=7 (elapsed 30.8338s)
[ITER 100] bestGlobalCost=82830.65 (feasible=YES) bestThisIter=89543.62 feasibleAnts=10 noImprove=17 (elapsed 31.9945s)
[ITER 110] bestGlobalCost=82830.65 (feasible=YES) bestThisIter=100413.62 feasibleAnts=10 noImprove=27 (elapsed 36.9866s)
[RESET] no improvement for30-> reset pheromones
[ITER 120] bestGlobalCost=82830.65 (feasible=YES) bestThisIter=100408.77 feasibleAnts=10 noImprove=7 (elapsed 41.6139s)
[ITER 130] bestGlobalCost=82830.65 (feasible=YES) bestThisIter=99934.03 feasibleAnts=9 noImprove=17 (elapsed 43.7152s)
[ITER 140] bestGlobalCost=82830.65 (feasible=YES) bestThisIter=95309.06 feasibleAnts=10 noImprove=27 (elapsed 48.2747s)
[RESET] no improvement for30-> reset pheromones
[ITER 150] bestGlobalCost=82830.65 (feasible=YES) bestThisIter=95748.77 feasibleAnts=10 noImprove=7 (elapsed 53.4041s)
[ITER 160] bestGlobalCost=82830.65 (feasible=YES) bestThisIter=93651.45 feasibleAnts=10 noImprove=17 (elapsed 55.0919s)
[ITER 170] bestGlobalCost=82830.65 (feasible=YES) bestThisIter=87947.84 feasibleAnts=10 noImprove=27 (elapsed 59.8421s)
4 66 87 89 
3 11 28 76 97 
1 10 21 46 90 
20 37 38 75 80 
9 25 27 35 61 71 
2 16 45 77 78 
5 26 39 40 67 
6 14 43 60 74 
7 34 57 58 84 94 
15 33 64 82 83 
18 19 44 92 96 
53 70 73 85 93 
8 29 59 91 99 
17 24 31 36 41 
30 49 68 69 86 
47 52 54 65 72 
22 23 50 55 88 
13 42 48 51 63 
12 32 95 98 
56 62 79 81 100 
[SAVELOGS] evolution saved to results/logs/kroB100_20_4/evolution/kroB100_20_4
[SAVELOGS] best cost saved to results/logs/kroB100_20_4/objectives/kroB100_20_4
[SAVELOGS] best solution saved to results/logs/kroB100_20_4/solutions/kroB100_20_4
