[ITER 1] New best cost=2432294.92 (feasible=YES, time 3.88197s)
[ITER 2] New best cost=2355549.50 (feasible=YES, time 7.8683s)
[ITER 4] New best cost=2298542.17 (feasible=YES, time 15.896s)
[ITER 8] New best cost=2291191.13 (feasible=YES, time 28.9413s)
[ITER 10] [TS] New best cost=2285669.08 (feasible=YES, time 39.1238s)
[ITER 10] bestGlobalCost=2285669.08 (feasible=YES) bestThisIter=2309957.51 feasibleAnts=10 noImprove=1 (elapsed 44.1798s)
[ITER 11] New best cost=2264643.52 (feasible=YES, time 47.7116s)
[ITER 17] New best cost=2252781.10 (feasible=YES, time 66.2635s)
[ITER 20] [TS] New best cost=2231422.32 (feasible=YES, time 78.4139s)
[ITER 20] bestGlobalCost=2231422.32 (feasible=YES) bestThisIter=2231422.32 feasibleAnts=10 noImprove=1 (elapsed 84.9547s)
[ITER 25] New best cost=2203234.91 (feasible=YES, time 101.025s)
[ITER 30] bestGlobalCost=2203234.91 (feasible=YES) bestThisIter=2203234.91 feasibleAnts=10 noImprove=5 (elapsed 126.258s)
[ITER 40] bestGlobalCost=2203234.91 (feasible=YES) bestThisIter=2286324.32 feasibleAnts=10 noImprove=15 (elapsed 167.679s)
[ITER 50] bestGlobalCost=2203234.91 (feasible=YES) bestThisIter=2224927.70 feasibleAnts=10 noImprove=25 (elapsed 208.024s)
[RESET] no improvement for30-> reset pheromones
[ITER 59] New best cost=2189668.49 (feasible=YES, time 237.621s)
[ITER 60] bestGlobalCost=2189668.49 (feasible=YES) bestThisIter=2204313.76 feasibleAnts=10 noImprove=1 (elapsed 249.585s)
[ITER 61] New best cost=2182337.49 (feasible=YES, time 253.165s)
[ITER 67] New best cost=2178980.30 (feasible=YES, time 271.851s)
[ITER 68] New best cost=2177641.49 (feasible=YES, time 275.216s)
[ITER 70] [TS] New best cost=2175054.78 (feasible=YES, time 282.647s)
[ITER 70] bestGlobalCost=2175054.78 (feasible=YES) bestThisIter=2272501.74 feasibleAnts=9 noImprove=1 (elapsed 289.102s)
[ITER 71] New best cost=2168368.81 (feasible=YES, time 292.196s)
79 80 81 82 84 181 182 183 185 206 207 
14 15 16 17 18 19 20 21 23 141 142 145 
71 72 73 74 75 167 171 174 175 196 197 198 
31 32 33 35 36 134 135 156 157 158 162 164 
86 87 88 89 90 92 187 188 189 190 194 
122 123 124 125 195 200 222 223 224 225 
76 77 101 102 104 105 180 202 203 204 205 
91 93 117 118 119 120 121 216 217 219 220 
1 2 3 4 5 6 30 126 127 128 130 132 133 
94 95 96 97 98 99 100 193 199 218 221 
26 27 28 29 51 58 129 151 152 153 154 155 
34 37 38 39 40 41 138 140 161 163 
67 68 69 70 168 169 170 173 191 192 
7 8 9 10 11 12 13 131 136 137 139 
52 53 54 55 57 78 176 177 178 179 184 201 
22 24 25 48 49 50 146 147 148 149 150 172 
56 59 60 61 62 63 64 159 160 165 186 
85 110 113 114 115 116 211 212 213 214 215 
83 103 106 107 108 109 111 112 208 209 210 
42 43 44 45 46 47 65 66 143 144 166 
[SAVELOGS] evolution saved to results/logs/aco_logs/evolution/ts225_20_5.txt
[SAVELOGS] best cost saved to results/logs/aco_logs/objectives/ts225_20_5.txt
[SAVELOGS] best solution saved to results/logs/aco_logs/solutions/ts225_20_5.txt
