[ITER 1] New best cost=133916.19 (feasible=YES, time 0.275327s)
[ITER 2] New best cost=132290.54 (feasible=YES, time 0.528987s)
[ITER 3] New best cost=130843.07 (feasible=YES, time 0.862207s)
[ITER 4] New best cost=130250.66 (feasible=YES, time 1.13353s)
[ITER 5] New best cost=129957.94 (feasible=YES, time 1.49793s)
[ITER 10] bestGlobalCost=129957.94 (feasible=YES) bestThisIter=131907.58 feasibleAnts=10 noImprove=5 (elapsed 3.04935s)
[ITER 13] New best cost=129279.05 (feasible=YES, time 4.10064s)
[ITER 15] New best cost=125536.34 (feasible=YES, time 6.58378s)
[ITER 20] New best cost=125451.46 (feasible=YES, time 15.3005s)
[ITER 20] bestGlobalCost=125451.46 (feasible=YES) bestThisIter=125451.46 feasibleAnts=10 noImprove=0 (elapsed 15.3037s)
[ITER 30] bestGlobalCost=125451.46 (feasible=YES) bestThisIter=127001.39 feasibleAnts=10 noImprove=10 (elapsed 26.6449s)
[ITER 40] bestGlobalCost=125451.46 (feasible=YES) bestThisIter=130189.78 feasibleAnts=10 noImprove=20 (elapsed 28.9541s)
[ITER 50] bestGlobalCost=125451.46 (feasible=YES) bestThisIter=130100.33 feasibleAnts=10 noImprove=30 (elapsed 42.1034s)
[RESET] no improvement for30-> reset pheromones
[ITER 60] bestGlobalCost=125451.46 (feasible=YES) bestThisIter=131245.08 feasibleAnts=10 noImprove=10 (elapsed 55.3431s)
[ITER 70] bestGlobalCost=125451.46 (feasible=YES) bestThisIter=128607.91 feasibleAnts=10 noImprove=20 (elapsed 58.3659s)
127 186 187 188 189 190 191 192 193 
42 43 44 55 56 57 58 60 71 85 
53 65 74 75 82 88 89 90 97 98 
103 104 105 106 107 111 112 113 114 
110 115 116 117 118 119 120 121 122 123 
14 15 16 17 18 19 20 21 23 40 
128 129 130 131 132 133 134 135 136 140 
108 109 124 125 126 167 168 169 170 
31 37 38 39 45 46 47 52 54 61 62 66 
79 80 91 92 93 94 95 96 101 102 
35 48 49 50 51 63 64 76 77 78 81 
10 11 12 13 41 69 86 100 
142 143 144 145 146 147 148 149 152 153 160 162 
137 141 150 151 163 164 165 166 171 172 
178 179 184 185 194 195 196 197 198 
138 139 154 155 156 157 158 159 161 
173 174 175 176 177 180 181 182 183 
59 67 68 70 72 73 83 84 87 99 
22 24 25 26 27 28 29 30 32 33 34 36 
1 2 3 4 5 6 7 8 9 
[SAVELOGS] evolution saved to results/logs/d198_20_2/evolution/d198_20_2
[SAVELOGS] best cost saved to results/logs/d198_20_2/objectives/d198_20_2
[SAVELOGS] best solution saved to results/logs/d198_20_2/solutions/d198_20_2
