[ITER 1] New best cost=131685.68 (feasible=YES, time 0.376733s)
[ITER 2] New best cost=130538.58 (feasible=YES, time 0.652276s)
[ITER 3] New best cost=129299.12 (feasible=YES, time 0.90791s)
[ITER 5] New best cost=127790.87 (feasible=YES, time 1.4552s)
[ITER 10] bestGlobalCost=127790.87 (feasible=YES) bestThisIter=131568.45 feasibleAnts=10 noImprove=5 (elapsed 2.92558s)
[ITER 13] New best cost=127637.20 (feasible=YES, time 3.73527s)
[ITER 15] New best cost=126805.39 (feasible=YES, time 5.95947s)
[ITER 15] New best cost=126363.23 (feasible=YES, time 7.78563s)
[ITER 15] New best cost=126039.96 (feasible=YES, time 11.4161s)
[ITER 20] bestGlobalCost=126039.96 (feasible=YES) bestThisIter=126581.07 feasibleAnts=10 noImprove=5 (elapsed 14.9536s)
[ITER 30] New best cost=125979.37 (feasible=YES, time 21.0526s)
[ITER 30] bestGlobalCost=125979.37 (feasible=YES) bestThisIter=128611.40 feasibleAnts=10 noImprove=0 (elapsed 26.9756s)
[ITER 40] bestGlobalCost=125979.37 (feasible=YES) bestThisIter=129423.11 feasibleAnts=10 noImprove=10 (elapsed 29.4177s)
[ITER 50] bestGlobalCost=125979.37 (feasible=YES) bestThisIter=128027.39 feasibleAnts=10 noImprove=20 (elapsed 42.2468s)
[ITER 60] bestGlobalCost=125979.37 (feasible=YES) bestThisIter=129187.24 feasibleAnts=10 noImprove=30 (elapsed 55.5686s)
[RESET] no improvement for30-> reset pheromones
[ITER 70] bestGlobalCost=125979.37 (feasible=YES) bestThisIter=131195.19 feasibleAnts=10 noImprove=10 (elapsed 58.6558s)
122 138 139 154 155 156 157 158 159 
80 81 91 93 94 95 96 101 102 
1 2 3 4 5 6 7 8 9 
16 17 18 19 20 21 22 23 24 25 27 
70 74 75 82 83 88 89 97 98 99 
45 46 47 52 53 54 61 62 65 66 90 
58 68 69 71 72 84 85 86 100 
173 174 175 176 177 180 181 182 183 
109 110 111 115 116 117 118 119 120 121 123 
42 43 44 55 56 59 60 67 73 87 
26 28 29 30 31 32 33 34 36 37 38 
178 179 184 185 194 195 196 197 198 
143 145 146 147 148 149 152 153 160 161 162 
108 124 125 126 131 167 168 169 170 
128 129 130 132 133 134 135 136 140 141 144 
137 142 150 151 163 164 165 166 171 172 
127 186 187 188 189 190 191 192 193 
35 39 48 49 50 51 63 64 76 77 78 
79 92 103 104 105 106 107 112 113 114 
10 11 12 13 14 15 40 41 57 
[SAVELOGS] evolution saved to results/logs/d198_20_2/evolution/d198_20_2
[SAVELOGS] best cost saved to results/logs/d198_20_2/objectives/d198_20_2
[SAVELOGS] best solution saved to results/logs/d198_20_2/solutions/d198_20_2
