[ITER 1] New best cost=474868.04 (feasible=YES, time 6.6381s)
[ITER 2] New best cost=468494.12 (feasible=YES, time 12.3679s)
[ITER 3] New best cost=468187.59 (feasible=YES, time 17.5679s)
[ITER 4] New best cost=467784.84 (feasible=YES, time 22.5943s)
[ITER 5] New best cost=467204.87 (feasible=YES, time 27.5329s)
[ITER 8] New best cost=467117.84 (feasible=YES, time 42.1114s)
[ITER 10] [TS] New best cost=464440.05 (feasible=YES, time 53.6037s)
[ITER 10] bestGlobalCost=464440.05 (feasible=YES) bestThisIter=465798.43 feasibleAnts=10 noImprove=1 (elapsed 57.5829s)
[ITER 13] New best cost=463227.35 (feasible=YES, time 73.1439s)
[ITER 18] New best cost=461916.48 (feasible=YES, time 99.2233s)
[ITER 20] bestGlobalCost=461916.48 (feasible=YES) bestThisIter=462440.07 feasibleAnts=10 noImprove=2 (elapsed 114.017s)
[ITER 21] New best cost=461241.30 (feasible=YES, time 118.182s)
[ITER 29] New best cost=461175.81 (feasible=YES, time 156.226s)
[ITER 30] [TS] New best cost=460954.69 (feasible=YES, time 162.88s)
[ITER 30] [TS] New best cost=460519.14 (feasible=YES, time 163.857s)
[ITER 30] bestGlobalCost=460519.14 (feasible=YES) bestThisIter=463411.92 feasibleAnts=10 noImprove=1 (elapsed 165.773s)
[ITER 35] New best cost=460234.68 (feasible=YES, time 187.514s)
[ITER 40] bestGlobalCost=460234.68 (feasible=YES) bestThisIter=461082.22 feasibleAnts=10 noImprove=5 (elapsed 216.862s)
[ITER 50] [TS] New best cost=459892.63 (feasible=YES, time 267.11s)
[ITER 50] bestGlobalCost=459892.63 (feasible=YES) bestThisIter=461150.35 feasibleAnts=10 noImprove=1 (elapsed 268.124s)
[ITER 60] bestGlobalCost=459892.63 (feasible=YES) bestThisIter=460888.72 feasibleAnts=10 noImprove=11 (elapsed 318.92s)
[ITER 70] bestGlobalCost=459892.63 (feasible=YES) bestThisIter=461028.53 feasibleAnts=10 noImprove=21 (elapsed 370.001s)
[RESET] no improvement for30-> reset pheromones
[ITER 80] bestGlobalCost=459892.63 (feasible=YES) bestThisIter=471294.08 feasibleAnts=10 noImprove=1 (elapsed 421.61s)
[ITER 90] bestGlobalCost=459892.63 (feasible=YES) bestThisIter=461157.93 feasibleAnts=10 noImprove=11 (elapsed 472.942s)
[ITER 100] [TS] New best cost=459821.79 (feasible=YES, time 519.727s)
[ITER 100] bestGlobalCost=459821.79 (feasible=YES) bestThisIter=461159.43 feasibleAnts=10 noImprove=1 (elapsed 522.796s)
[ITER 110] [TS] New best cost=459812.87 (feasible=YES, time 577.301s)
[ITER 110] bestGlobalCost=459812.87 (feasible=YES) bestThisIter=459821.79 feasibleAnts=10 noImprove=1 (elapsed 579.261s)
[ITER 114] New best cost=459166.57 (feasible=YES, time 596.36s)
[ITER 120] bestGlobalCost=459166.57 (feasible=YES) bestThisIter=459166.57 feasibleAnts=10 noImprove=6 (elapsed 626.56s)
[ITER 130] bestGlobalCost=459166.57 (feasible=YES) bestThisIter=459552.82 feasibleAnts=10 noImprove=16 (elapsed 677.844s)
[ITER 140] bestGlobalCost=459166.57 (feasible=YES) bestThisIter=461021.55 feasibleAnts=10 noImprove=26 (elapsed 728.427s)
[ITER 144] New best cost=458935.71 (feasible=YES, time 745.56s)
[ITER 150] bestGlobalCost=458935.71 (feasible=YES) bestThisIter=458935.71 feasibleAnts=10 noImprove=6 (elapsed 779.658s)
[ITER 156] New best cost=458870.21 (feasible=YES, time 807.469s)
[ITER 160] bestGlobalCost=458870.21 (feasible=YES) bestThisIter=460829.03 feasibleAnts=10 noImprove=4 (elapsed 829.249s)
[ITER 167] New best cost=458813.22 (feasible=YES, time 862.174s)
[ITER 170] bestGlobalCost=458813.22 (feasible=YES) bestThisIter=458813.22 feasibleAnts=10 noImprove=3 (elapsed 879.912s)
[ITER 180] bestGlobalCost=458813.22 (feasible=YES) bestThisIter=459241.21 feasibleAnts=10 noImprove=13 (elapsed 929.531s)
[ITER 190] bestGlobalCost=458813.22 (feasible=YES) bestThisIter=459929.46 feasibleAnts=10 noImprove=23 (elapsed 977.598s)
[RESET] no improvement for30-> reset pheromones
[ITER 200] bestGlobalCost=458813.22 (feasible=YES) bestThisIter=459241.21 feasibleAnts=10 noImprove=3 (elapsed 1030.9s)
[ITER 210] bestGlobalCost=458813.22 (feasible=YES) bestThisIter=459826.75 feasibleAnts=10 noImprove=13 (elapsed 1084.76s)
[ITER 220] bestGlobalCost=458813.22 (feasible=YES) bestThisIter=460341.49 feasibleAnts=10 noImprove=23 (elapsed 1132.01s)
[RESET] no improvement for30-> reset pheromones
[ITER 230] bestGlobalCost=458813.22 (feasible=YES) bestThisIter=460067.91 feasibleAnts=10 noImprove=3 (elapsed 1185.72s)
[ITER 240] bestGlobalCost=458813.22 (feasible=YES) bestThisIter=461098.02 feasibleAnts=10 noImprove=13 (elapsed 1236.85s)
[ITER 250] bestGlobalCost=458813.22 (feasible=YES) bestThisIter=459241.21 feasibleAnts=10 noImprove=23 (elapsed 1284.36s)
[RESET] no improvement for30-> reset pheromones
[ITER 260] bestGlobalCost=458813.22 (feasible=YES) bestThisIter=459479.43 feasibleAnts=10 noImprove=3 (elapsed 1336.53s)
[ITER 270] bestGlobalCost=458813.22 (feasible=YES) bestThisIter=459363.43 feasibleAnts=10 noImprove=13 (elapsed 1382.93s)
[ITER 280] bestGlobalCost=458813.22 (feasible=YES) bestThisIter=459699.92 feasibleAnts=10 noImprove=23 (elapsed 1431.96s)
[RESET] no improvement for30-> reset pheromones
[ITER 290] bestGlobalCost=458813.22 (feasible=YES) bestThisIter=459859.92 feasibleAnts=10 noImprove=3 (elapsed 1486.53s)
34 39 161 165 178 202 214 216 237 238 256 258 263 282 285 286 295 309 347 
13 15 19 21 26 30 42 117 120 129 164 167 173 186 247 301 317 328 336 384 391 
22 57 66 92 96 103 108 139 179 215 227 257 265 299 354 360 367 368 371 385 
6 24 49 58 98 107 118 136 151 196 213 230 240 288 298 342 346 379 
17 54 67 77 89 155 199 205 211 234 268 284 289 306 348 357 395 400 
1 4 9 45 56 69 115 137 147 157 169 201 203 222 273 275 290 300 304 339 358 
7 35 36 47 64 72 76 119 123 124 154 160 184 191 206 253 271 279 316 323 341 
8 18 50 83 91 97 149 152 180 182 193 204 217 233 296 305 319 335 338 365 394 399 
20 28 37 75 82 99 104 106 111 143 166 220 269 270 274 291 326 370 378 386 
38 40 44 55 109 112 121 128 133 168 181 239 246 249 264 352 375 380 
41 51 65 71 87 88 127 153 185 187 236 243 244 252 278 312 340 343 356 
46 78 86 138 144 150 177 183 198 208 277 283 292 302 322 325 351 372 374 
12 27 43 63 126 131 170 171 176 218 221 231 248 294 297 310 318 321 355 376 
10 14 31 52 80 125 141 146 189 223 226 228 242 250 260 262 280 337 353 377 388 
23 48 68 101 110 113 130 142 158 251 276 293 307 311 320 327 344 350 396 397 
33 61 70 74 81 94 105 134 140 172 188 194 219 235 241 267 303 324 333 334 364 
79 90 102 145 156 162 175 192 210 225 229 232 259 261 287 313 315 349 383 392 
2 11 32 59 60 62 100 122 132 148 209 224 245 254 272 329 332 345 362 363 
3 5 16 73 93 116 135 195 207 212 255 266 281 314 330 361 373 382 387 390 393 
25 29 53 84 85 95 114 159 163 174 190 197 200 308 331 359 366 369 381 389 398 
[SAVELOGS] evolution saved to results/logs/aco_logs/evolution/rd400_20_2.txt
[SAVELOGS] best cost saved to results/logs/aco_logs/objectives/rd400_20_2.txt
[SAVELOGS] best solution saved to results/logs/aco_logs/solutions/rd400_20_2.txt
