[ITER 1] New best cost=467777.22 (feasible=YES, time 5.39029s)
[ITER 2] New best cost=464114.11 (feasible=YES, time 10.3325s)
[ITER 3] New best cost=463540.85 (feasible=YES, time 14.9008s)
[ITER 6] New best cost=462426.62 (feasible=YES, time 28.2558s)
[ITER 10] bestGlobalCost=462426.62 (feasible=YES) bestThisIter=464892.75 feasibleAnts=10 noImprove=4 (elapsed 52.8589s)
[ITER 20] [TS] New best cost=462028.58 (feasible=YES, time 100.151s)
[ITER 20] bestGlobalCost=462028.58 (feasible=YES) bestThisIter=463195.34 feasibleAnts=10 noImprove=1 (elapsed 103.783s)
[ITER 30] bestGlobalCost=462028.58 (feasible=YES) bestThisIter=462365.14 feasibleAnts=10 noImprove=11 (elapsed 157.74s)
[ITER 40] [TS] New best cost=461767.33 (feasible=YES, time 209.343s)
[ITER 40] bestGlobalCost=461767.33 (feasible=YES) bestThisIter=462413.43 feasibleAnts=10 noImprove=1 (elapsed 211.207s)
[ITER 50] bestGlobalCost=461767.33 (feasible=YES) bestThisIter=462897.58 feasibleAnts=10 noImprove=11 (elapsed 264.241s)
[ITER 60] bestGlobalCost=461767.33 (feasible=YES) bestThisIter=462774.82 feasibleAnts=10 noImprove=21 (elapsed 319.815s)
[RESET] no improvement for30-> reset pheromones
[ITER 70] bestGlobalCost=461767.33 (feasible=YES) bestThisIter=473845.74 feasibleAnts=10 noImprove=1 (elapsed 373.626s)
[ITER 80] bestGlobalCost=461767.33 (feasible=YES) bestThisIter=463797.25 feasibleAnts=10 noImprove=11 (elapsed 427.11s)
[ITER 90] bestGlobalCost=461767.33 (feasible=YES) bestThisIter=461885.42 feasibleAnts=10 noImprove=21 (elapsed 478.515s)
[RESET] no improvement for30-> reset pheromones
[ITER 100] bestGlobalCost=461767.33 (feasible=YES) bestThisIter=477895.16 feasibleAnts=10 noImprove=1 (elapsed 532.182s)
[ITER 110] [TS] New best cost=461491.16 (feasible=YES, time 583.04s)
[ITER 110] bestGlobalCost=461491.16 (feasible=YES) bestThisIter=461491.16 feasibleAnts=10 noImprove=1 (elapsed 587.039s)
[ITER 114] New best cost=460769.57 (feasible=YES, time 606.029s)
[ITER 120] bestGlobalCost=460769.57 (feasible=YES) bestThisIter=461588.68 feasibleAnts=10 noImprove=6 (elapsed 639.422s)
[ITER 130] bestGlobalCost=460769.57 (feasible=YES) bestThisIter=464474.93 feasibleAnts=10 noImprove=16 (elapsed 695.952s)
[ITER 140] bestGlobalCost=460769.57 (feasible=YES) bestThisIter=462665.57 feasibleAnts=10 noImprove=26 (elapsed 748.029s)
[RESET] no improvement for30-> reset pheromones
[ITER 150] bestGlobalCost=460769.57 (feasible=YES) bestThisIter=462936.41 feasibleAnts=10 noImprove=6 (elapsed 806.322s)
[ITER 160] bestGlobalCost=460769.57 (feasible=YES) bestThisIter=466061.41 feasibleAnts=10 noImprove=16 (elapsed 861.518s)
[ITER 170] bestGlobalCost=460769.57 (feasible=YES) bestThisIter=461397.08 feasibleAnts=10 noImprove=26 (elapsed 914.139s)
[RESET] no improvement for30-> reset pheromones
[ITER 180] bestGlobalCost=460769.57 (feasible=YES) bestThisIter=461245.47 feasibleAnts=10 noImprove=6 (elapsed 968.004s)
[ITER 190] bestGlobalCost=460769.57 (feasible=YES) bestThisIter=462272.27 feasibleAnts=10 noImprove=16 (elapsed 1020.36s)
[ITER 200] bestGlobalCost=460769.57 (feasible=YES) bestThisIter=463616.73 feasibleAnts=10 noImprove=26 (elapsed 1072.93s)
[RESET] no improvement for30-> reset pheromones
[ITER 210] bestGlobalCost=460769.57 (feasible=YES) bestThisIter=462998.14 feasibleAnts=10 noImprove=6 (elapsed 1131.7s)
[ITER 220] bestGlobalCost=460769.57 (feasible=YES) bestThisIter=462796.19 feasibleAnts=10 noImprove=16 (elapsed 1183.32s)
[ITER 230] bestGlobalCost=460769.57 (feasible=YES) bestThisIter=463474.69 feasibleAnts=10 noImprove=26 (elapsed 1236.99s)
[RESET] no improvement for30-> reset pheromones
[ITER 240] bestGlobalCost=460769.57 (feasible=YES) bestThisIter=464828.22 feasibleAnts=10 noImprove=6 (elapsed 1295.03s)
[ITER 250] bestGlobalCost=460769.57 (feasible=YES) bestThisIter=460895.96 feasibleAnts=10 noImprove=16 (elapsed 1347.09s)
[ITER 260] bestGlobalCost=460769.57 (feasible=YES) bestThisIter=463903.77 feasibleAnts=10 noImprove=26 (elapsed 1401.34s)
[RESET] no improvement for30-> reset pheromones
[ITER 270] bestGlobalCost=460769.57 (feasible=YES) bestThisIter=462806.82 feasibleAnts=10 noImprove=6 (elapsed 1457.83s)
12 27 43 63 105 126 131 170 171 218 220 221 231 248 294 318 321 355 370 376 
56 62 110 113 130 137 142 157 158 251 273 275 276 293 300 307 311 327 339 344 
6 7 36 49 58 64 72 107 118 119 136 151 184 213 230 279 316 323 346 379 
15 21 24 26 30 42 98 129 160 167 196 240 288 298 301 328 336 342 384 391 
10 14 31 52 80 125 141 146 189 223 226 228 242 250 260 262 280 337 353 377 388 
25 29 53 87 95 153 163 174 187 197 200 243 278 312 331 340 356 369 381 389 398 
20 28 37 75 82 99 104 106 111 166 176 269 270 274 291 297 326 368 378 386 
1 4 9 34 39 45 115 120 161 169 178 201 214 222 247 256 285 286 295 304 347 
54 77 88 185 199 211 234 236 238 244 252 263 284 289 309 348 400 
3 5 16 73 93 116 135 195 207 212 255 266 281 314 330 361 373 382 387 390 393 
38 40 55 109 112 128 133 143 147 168 239 246 249 264 290 310 334 352 380 
44 51 79 90 121 145 162 165 181 229 232 237 258 259 313 315 349 375 383 
33 61 70 74 81 94 97 134 140 172 188 194 217 219 235 241 267 303 324 333 364 
13 17 19 67 89 117 155 164 173 186 202 205 216 268 282 306 317 357 395 
41 65 71 84 85 102 114 127 156 159 190 192 225 261 287 308 343 359 366 392 
8 18 50 83 91 149 152 175 180 182 193 204 210 233 296 305 319 335 338 365 394 399 
22 57 66 92 96 103 108 139 179 203 215 227 257 299 354 358 360 367 371 385 
2 11 32 59 60 100 122 132 148 209 224 245 254 265 272 329 332 345 362 363 
46 78 86 138 144 150 177 183 198 208 277 283 292 302 322 325 351 372 374 
23 35 47 48 68 69 76 101 123 124 154 191 206 253 271 320 341 350 396 397 
[SAVELOGS] evolution saved to results/logs/aco_logs/evolution/rd400_20_2.txt
[SAVELOGS] best cost saved to results/logs/aco_logs/objectives/rd400_20_2.txt
[SAVELOGS] best solution saved to results/logs/aco_logs/solutions/rd400_20_2.txt
