[ITER 1] New best cost=34684.15 (feasible=YES, time 0.647059s)
[ITER 2] New best cost=34124.72 (feasible=YES, time 1.00077s)
[ITER 3] New best cost=34045.49 (feasible=YES, time 1.24103s)
[ITER 6] New best cost=34042.38 (feasible=YES, time 2.16666s)
[ITER 9] New best cost=34040.40 (feasible=YES, time 2.95659s)
[ITER 10] bestGlobalCost=34040.40 (feasible=YES) bestThisIter=34042.38 feasibleAnts=10 noImprove=1 (elapsed 3.72005s)
[ITER 16] New best cost=34011.23 (feasible=YES, time 4.53771s)
[ITER 20] bestGlobalCost=34011.23 (feasible=YES) bestThisIter=34022.57 feasibleAnts=10 noImprove=4 (elapsed 5.8858s)
[ITER 21] New best cost=34007.82 (feasible=YES, time 6.25972s)
[ITER 30] bestGlobalCost=34007.82 (feasible=YES) bestThisIter=34100.63 feasibleAnts=12 noImprove=9 (elapsed 9.26766s)
[ITER 40] bestGlobalCost=34007.82 (feasible=YES) bestThisIter=34070.76 feasibleAnts=12 noImprove=19 (elapsed 11.866s)
[ITER 50] bestGlobalCost=34007.82 (feasible=YES) bestThisIter=34034.38 feasibleAnts=10 noImprove=29 (elapsed 14.5243s)
[ITER 60] bestGlobalCost=34007.82 (feasible=YES) bestThisIter=34095.93 feasibleAnts=10 noImprove=39 (elapsed 17.7742s)
[ITER 70] bestGlobalCost=34007.82 (feasible=YES) bestThisIter=34057.13 feasibleAnts=11 noImprove=49 (elapsed 20.5964s)
[RESET] no improvement for50-> reset pheromones
[ITER 80] bestGlobalCost=34007.82 (feasible=YES) bestThisIter=34070.18 feasibleAnts=14 noImprove=9 (elapsed 23.0801s)
[ITER 90] bestGlobalCost=34007.82 (feasible=YES) bestThisIter=34011.23 feasibleAnts=12 noImprove=19 (elapsed 25.8918s)
[ITER 100] bestGlobalCost=34007.82 (feasible=YES) bestThisIter=34029.58 feasibleAnts=10 noImprove=29 (elapsed 28.8307s)
[ITER 110] bestGlobalCost=34007.82 (feasible=YES) bestThisIter=34022.57 feasibleAnts=12 noImprove=39 (elapsed 31.4298s)
[ITER 120] bestGlobalCost=34007.82 (feasible=YES) bestThisIter=34069.67 feasibleAnts=12 noImprove=49 (elapsed 34.1565s)
[RESET] no improvement for50-> reset pheromones
[ITER 130] bestGlobalCost=34007.82 (feasible=YES) bestThisIter=34013.58 feasibleAnts=20 noImprove=9 (elapsed 37.0876s)
[ITER 140] bestGlobalCost=34007.82 (feasible=YES) bestThisIter=34080.90 feasibleAnts=13 noImprove=19 (elapsed 39.6645s)
[ITER 150] bestGlobalCost=34007.82 (feasible=YES) bestThisIter=34011.23 feasibleAnts=10 noImprove=29 (elapsed 42.1424s)
[ITER 160] bestGlobalCost=34007.82 (feasible=YES) bestThisIter=34034.38 feasibleAnts=10 noImprove=39 (elapsed 45.1386s)
[ITER 170] bestGlobalCost=34007.82 (feasible=YES) bestThisIter=34030.20 feasibleAnts=10 noImprove=49 (elapsed 47.8391s)
[RESET] no improvement for50-> reset pheromones
[ITER 180] bestGlobalCost=34007.82 (feasible=YES) bestThisIter=34108.55 feasibleAnts=13 noImprove=9 (elapsed 50.5509s)
[ITER 190] bestGlobalCost=34007.82 (feasible=YES) bestThisIter=34069.20 feasibleAnts=15 noImprove=19 (elapsed 53.6302s)
[ITER 200] bestGlobalCost=34007.82 (feasible=YES) bestThisIter=34034.38 feasibleAnts=10 noImprove=29 (elapsed 56.7172s)
[ITER 210] bestGlobalCost=34007.82 (feasible=YES) bestThisIter=34067.78 feasibleAnts=10 noImprove=39 (elapsed 59.2115s)
[ITER 220] bestGlobalCost=34007.82 (feasible=YES) bestThisIter=34034.38 feasibleAnts=12 noImprove=49 (elapsed 61.9632s)
[RESET] no improvement for50-> reset pheromones
[ITER 230] bestGlobalCost=34007.82 (feasible=YES) bestThisIter=34028.92 feasibleAnts=16 noImprove=9 (elapsed 65.2904s)
[ITER 240] bestGlobalCost=34007.82 (feasible=YES) bestThisIter=34075.58 feasibleAnts=10 noImprove=19 (elapsed 68.3949s)
[ITER 250] bestGlobalCost=34007.82 (feasible=YES) bestThisIter=34034.47 feasibleAnts=10 noImprove=29 (elapsed 71.6946s)
[ITER 260] bestGlobalCost=34007.82 (feasible=YES) bestThisIter=34080.51 feasibleAnts=11 noImprove=39 (elapsed 74.9857s)
[ITER 270] bestGlobalCost=34007.82 (feasible=YES) bestThisIter=34014.66 feasibleAnts=11 noImprove=49 (elapsed 78.3358s)
[RESET] no improvement for50-> reset pheromones
[ITER 280] bestGlobalCost=34007.82 (feasible=YES) bestThisIter=34084.56 feasibleAnts=16 noImprove=9 (elapsed 81.8068s)
[ITER 290] bestGlobalCost=34007.82 (feasible=YES) bestThisIter=34089.06 feasibleAnts=10 noImprove=19 (elapsed 85.1494s)
[ITER 300] bestGlobalCost=34007.82 (feasible=YES) bestThisIter=34076.03 feasibleAnts=10 noImprove=29 (elapsed 88.5409s)
[ITER 310] bestGlobalCost=34007.82 (feasible=YES) bestThisIter=34077.55 feasibleAnts=11 noImprove=39 (elapsed 92.3605s)
[ITER 320] bestGlobalCost=34007.82 (feasible=YES) bestThisIter=34056.63 feasibleAnts=11 noImprove=49 (elapsed 96.0189s)
[RESET] no improvement for50-> reset pheromones
[ITER 330] bestGlobalCost=34007.82 (feasible=YES) bestThisIter=34094.08 feasibleAnts=11 noImprove=9 (elapsed 99.3646s)
[ITER 340] bestGlobalCost=34007.82 (feasible=YES) bestThisIter=34014.66 feasibleAnts=10 noImprove=19 (elapsed 102.45s)
[ITER 350] bestGlobalCost=34007.82 (feasible=YES) bestThisIter=34068.49 feasibleAnts=10 noImprove=29 (elapsed 105.323s)
[ITER 360] bestGlobalCost=34007.82 (feasible=YES) bestThisIter=34048.09 feasibleAnts=11 noImprove=39 (elapsed 108.063s)
[ITER 370] bestGlobalCost=34007.82 (feasible=YES) bestThisIter=34028.70 feasibleAnts=12 noImprove=49 (elapsed 111.078s)
[RESET] no improvement for50-> reset pheromones
[ITER 380] bestGlobalCost=34007.82 (feasible=YES) bestThisIter=34048.09 feasibleAnts=17 noImprove=9 (elapsed 113.889s)
[ITER 390] bestGlobalCost=34007.82 (feasible=YES) bestThisIter=34080.90 feasibleAnts=10 noImprove=19 (elapsed 116.429s)
[ITER 400] bestGlobalCost=34007.82 (feasible=YES) bestThisIter=34014.66 feasibleAnts=10 noImprove=29 (elapsed 119.098s)
[ITER 410] bestGlobalCost=34007.82 (feasible=YES) bestThisIter=34069.55 feasibleAnts=10 noImprove=39 (elapsed 122.12s)
[ITER 420] bestGlobalCost=34007.82 (feasible=YES) bestThisIter=34060.56 feasibleAnts=11 noImprove=49 (elapsed 124.778s)
[RESET] no improvement for50-> reset pheromones
[ITER 430] bestGlobalCost=34007.82 (feasible=YES) bestThisIter=34087.59 feasibleAnts=14 noImprove=9 (elapsed 127.475s)
[ITER 440] bestGlobalCost=34007.82 (feasible=YES) bestThisIter=34086.45 feasibleAnts=10 noImprove=19 (elapsed 130.63s)
[ITER 450] bestGlobalCost=34007.82 (feasible=YES) bestThisIter=34048.87 feasibleAnts=10 noImprove=29 (elapsed 132.946s)
[ITER 460] bestGlobalCost=34007.82 (feasible=YES) bestThisIter=34052.14 feasibleAnts=10 noImprove=39 (elapsed 135.726s)
[ITER 470] bestGlobalCost=34007.82 (feasible=YES) bestThisIter=34074.04 feasibleAnts=11 noImprove=49 (elapsed 139.194s)
[RESET] no improvement for50-> reset pheromones
[ITER 480] bestGlobalCost=34007.82 (feasible=YES) bestThisIter=34190.24 feasibleAnts=12 noImprove=9 (elapsed 142.033s)
[ITER 490] bestGlobalCost=34007.82 (feasible=YES) bestThisIter=34042.67 feasibleAnts=11 noImprove=19 (elapsed 144.592s)
[ITER 500] bestGlobalCost=34007.82 (feasible=YES) bestThisIter=34058.94 feasibleAnts=10 noImprove=29 (elapsed 147.16s)
[ITER 510] bestGlobalCost=34007.82 (feasible=YES) bestThisIter=34169.02 feasibleAnts=11 noImprove=39 (elapsed 150.502s)
[ITER 520] bestGlobalCost=34007.82 (feasible=YES) bestThisIter=34063.05 feasibleAnts=10 noImprove=49 (elapsed 154.046s)
[RESET] no improvement for50-> reset pheromones
[ITER 530] bestGlobalCost=34007.82 (feasible=YES) bestThisIter=34060.56 feasibleAnts=18 noImprove=9 (elapsed 157.147s)
[ITER 540] bestGlobalCost=34007.82 (feasible=YES) bestThisIter=34118.95 feasibleAnts=10 noImprove=19 (elapsed 159.839s)
[ITER 550] bestGlobalCost=34007.82 (feasible=YES) bestThisIter=34050.49 feasibleAnts=11 noImprove=29 (elapsed 162.214s)
[ITER 560] bestGlobalCost=34007.82 (feasible=YES) bestThisIter=34034.38 feasibleAnts=10 noImprove=39 (elapsed 164.845s)
[ITER 570] bestGlobalCost=34007.82 (feasible=YES) bestThisIter=34080.29 feasibleAnts=11 noImprove=49 (elapsed 167.634s)
[RESET] no improvement for50-> reset pheromones
[ITER 580] bestGlobalCost=34007.82 (feasible=YES) bestThisIter=34073.55 feasibleAnts=17 noImprove=9 (elapsed 170.795s)
[ITER 590] bestGlobalCost=34007.82 (feasible=YES) bestThisIter=34042.90 feasibleAnts=10 noImprove=19 (elapsed 173.563s)
[ITER 600] bestGlobalCost=34007.82 (feasible=YES) bestThisIter=34014.66 feasibleAnts=10 noImprove=29 (elapsed 176.551s)
[ITER 610] bestGlobalCost=34007.82 (feasible=YES) bestThisIter=34041.19 feasibleAnts=11 noImprove=39 (elapsed 179.219s)
[ITER 620] bestGlobalCost=34007.82 (feasible=YES) bestThisIter=34075.67 feasibleAnts=10 noImprove=49 (elapsed 182.028s)
[RESET] no improvement for50-> reset pheromones
[ITER 630] bestGlobalCost=34007.82 (feasible=YES) bestThisIter=34034.38 feasibleAnts=14 noImprove=9 (elapsed 184.907s)
[ITER 640] bestGlobalCost=34007.82 (feasible=YES) bestThisIter=34102.28 feasibleAnts=10 noImprove=19 (elapsed 187.753s)
[ITER 650] bestGlobalCost=34007.82 (feasible=YES) bestThisIter=34103.13 feasibleAnts=10 noImprove=29 (elapsed 190.688s)
[ITER 660] bestGlobalCost=34007.82 (feasible=YES) bestThisIter=34011.23 feasibleAnts=11 noImprove=39 (elapsed 193.336s)
[ITER 670] bestGlobalCost=34007.82 (feasible=YES) bestThisIter=34080.90 feasibleAnts=12 noImprove=49 (elapsed 196.405s)
[RESET] no improvement for50-> reset pheromones
[ITER 680] bestGlobalCost=34007.82 (feasible=YES) bestThisIter=34042.15 feasibleAnts=14 noImprove=9 (elapsed 199.076s)
[ITER 690] bestGlobalCost=34007.82 (feasible=YES) bestThisIter=34014.66 feasibleAnts=10 noImprove=19 (elapsed 201.777s)
[ITER 700] bestGlobalCost=34007.82 (feasible=YES) bestThisIter=34034.38 feasibleAnts=10 noImprove=29 (elapsed 204.876s)
[ITER 710] bestGlobalCost=34007.82 (feasible=YES) bestThisIter=34070.18 feasibleAnts=11 noImprove=39 (elapsed 208.341s)
[ITER 720] bestGlobalCost=34007.82 (feasible=YES) bestThisIter=34139.80 feasibleAnts=11 noImprove=49 (elapsed 211.102s)
[RESET] no improvement for50-> reset pheromones
[ITER 730] bestGlobalCost=34007.82 (feasible=YES) bestThisIter=34098.04 feasibleAnts=16 noImprove=9 (elapsed 213.712s)
[ITER 740] bestGlobalCost=34007.82 (feasible=YES) bestThisIter=34022.11 feasibleAnts=10 noImprove=19 (elapsed 216.826s)
[ITER 750] bestGlobalCost=34007.82 (feasible=YES) bestThisIter=34084.12 feasibleAnts=10 noImprove=29 (elapsed 219.923s)
[ITER 760] bestGlobalCost=34007.82 (feasible=YES) bestThisIter=34022.09 feasibleAnts=12 noImprove=39 (elapsed 223.268s)
[ITER 770] bestGlobalCost=34007.82 (feasible=YES) bestThisIter=34079.73 feasibleAnts=11 noImprove=49 (elapsed 226.515s)
[RESET] no improvement for50-> reset pheromones
[ITER 780] bestGlobalCost=34007.82 (feasible=YES) bestThisIter=34024.01 feasibleAnts=14 noImprove=9 (elapsed 228.955s)
[ITER 790] bestGlobalCost=34007.82 (feasible=YES) bestThisIter=34087.21 feasibleAnts=10 noImprove=19 (elapsed 231.84s)
[ITER 800] bestGlobalCost=34007.82 (feasible=YES) bestThisIter=34058.55 feasibleAnts=10 noImprove=29 (elapsed 234.851s)
[ITER 810] bestGlobalCost=34007.82 (feasible=YES) bestThisIter=34044.09 feasibleAnts=10 noImprove=39 (elapsed 237.801s)
[ITER 820] bestGlobalCost=34007.82 (feasible=YES) bestThisIter=34034.45 feasibleAnts=10 noImprove=49 (elapsed 240.435s)
[RESET] no improvement for50-> reset pheromones
[ITER 830] bestGlobalCost=34007.82 (feasible=YES) bestThisIter=34092.03 feasibleAnts=14 noImprove=9 (elapsed 243.391s)
[ITER 840] bestGlobalCost=34007.82 (feasible=YES) bestThisIter=34072.48 feasibleAnts=10 noImprove=19 (elapsed 246.116s)
[ITER 850] bestGlobalCost=34007.82 (feasible=YES) bestThisIter=34044.09 feasibleAnts=10 noImprove=29 (elapsed 248.644s)
[ITER 860] bestGlobalCost=34007.82 (feasible=YES) bestThisIter=34101.68 feasibleAnts=10 noImprove=39 (elapsed 251.338s)
[ITER 870] bestGlobalCost=34007.82 (feasible=YES) bestThisIter=34036.87 feasibleAnts=11 noImprove=49 (elapsed 254.743s)
[RESET] no improvement for50-> reset pheromones
[ITER 880] bestGlobalCost=34007.82 (feasible=YES) bestThisIter=34050.49 feasibleAnts=18 noImprove=9 (elapsed 257.084s)
[ITER 890] bestGlobalCost=34007.82 (feasible=YES) bestThisIter=34014.66 feasibleAnts=10 noImprove=19 (elapsed 259.997s)
[ITER 900] bestGlobalCost=34007.82 (feasible=YES) bestThisIter=34034.38 feasibleAnts=10 noImprove=29 (elapsed 262.8s)
[ITER 910] bestGlobalCost=34007.82 (feasible=YES) bestThisIter=34056.63 feasibleAnts=11 noImprove=39 (elapsed 265.708s)
[ITER 920] bestGlobalCost=34007.82 (feasible=YES) bestThisIter=34122.62 feasibleAnts=10 noImprove=49 (elapsed 269.063s)
[RESET] no improvement for50-> reset pheromones
[ITER 930] bestGlobalCost=34007.82 (feasible=YES) bestThisIter=34140.22 feasibleAnts=17 noImprove=9 (elapsed 272.047s)
[ITER 940] bestGlobalCost=34007.82 (feasible=YES) bestThisIter=34011.23 feasibleAnts=13 noImprove=19 (elapsed 275.092s)
[ITER 950] bestGlobalCost=34007.82 (feasible=YES) bestThisIter=34049.64 feasibleAnts=10 noImprove=29 (elapsed 278.19s)
[ITER 960] bestGlobalCost=34007.82 (feasible=YES) bestThisIter=34026.46 feasibleAnts=10 noImprove=39 (elapsed 281.196s)
[ITER 970] bestGlobalCost=34007.82 (feasible=YES) bestThisIter=34078.95 feasibleAnts=10 noImprove=49 (elapsed 284.024s)
[RESET] no improvement for50-> reset pheromones
[ITER 980] bestGlobalCost=34007.82 (feasible=YES) bestThisIter=34087.40 feasibleAnts=19 noImprove=9 (elapsed 286.498s)
[ITER 990] bestGlobalCost=34007.82 (feasible=YES) bestThisIter=34022.11 feasibleAnts=11 noImprove=19 (elapsed 289.376s)
[ITER 1000] bestGlobalCost=34007.82 (feasible=YES) bestThisIter=34083.70 feasibleAnts=10 noImprove=29 (elapsed 291.904s)
[ITER 1010] bestGlobalCost=34007.82 (feasible=YES) bestThisIter=34078.95 feasibleAnts=11 noImprove=39 (elapsed 294.437s)
[ITER 1020] bestGlobalCost=34007.82 (feasible=YES) bestThisIter=34056.63 feasibleAnts=11 noImprove=49 (elapsed 297.688s)
[RESET] no improvement for50-> reset pheromones
[ITER 1030] bestGlobalCost=34007.82 (feasible=YES) bestThisIter=34118.15 feasibleAnts=18 noImprove=9 (elapsed 300.765s)
30 31 34 43 44 45 47 51 52 53 54 55 56 57 58 59 60 61 62 63 64 65 66 67 68 69 70 71 72 73 74 75 76 83 84 85 86 103 107 110 
1 2 3 4 5 6 7 8 9 10 11 12 13 14 15 16 17 18 19 20 21 22 23 24 25 26 27 28 29 32 33 37 127 137 138 142 144 146 147 
136 140 141 148 149 150 151 152 153 154 155 172 173 174 175 176 177 178 179 180 181 182 183 185 186 187 188 189 190 191 192 193 194 195 196 197 198 199 200 201 202 
35 36 38 39 40 41 42 46 48 49 50 95 97 99 100 101 104 105 106 108 109 111 112 114 115 116 118 119 120 121 122 123 124 125 128 129 130 131 132 134 139 143 145 167 168 
77 78 79 80 81 82 87 88 89 90 91 92 93 94 96 98 102 113 117 126 133 135 156 157 158 159 160 161 162 163 164 165 166 169 170 171 184 
[SAVELOGS] evolution saved to results/logs/aco_logs/evolution/gr202_05_2.txt
[SAVELOGS] best cost saved to results/logs/aco_logs/objectives/gr202_05_2.txt
[SAVELOGS] best solution saved to results/logs/aco_logs/solutions/gr202_05_2.txt
