[ITER 1] New best cost=187697.88 (feasible=YES, time 5.59801s)
[ITER 2] New best cost=185909.71 (feasible=YES, time 9.3223s)
[ITER 3] New best cost=184930.80 (feasible=YES, time 12.7808s)
[ITER 4] New best cost=183552.55 (feasible=YES, time 16.2604s)
[ITER 9] New best cost=182515.94 (feasible=YES, time 40.363s)
[ITER 10] bestGlobalCost=182515.94 (feasible=YES) bestThisIter=182985.82 feasibleAnts=10 noImprove=1 (elapsed 47.56s)
[ITER 13] New best cost=182293.62 (feasible=YES, time 62.1475s)
[ITER 20] [TS] New best cost=181891.47 (feasible=YES, time 93.4888s)
[ITER 20] bestGlobalCost=181891.47 (feasible=YES) bestThisIter=181891.47 feasibleAnts=10 noImprove=1 (elapsed 97.1053s)
[ITER 30] bestGlobalCost=181891.47 (feasible=YES) bestThisIter=182578.70 feasibleAnts=10 noImprove=11 (elapsed 143.828s)
[ITER 33] New best cost=181870.35 (feasible=YES, time 156.981s)
[ITER 34] New best cost=181287.70 (feasible=YES, time 160.372s)
[ITER 40] bestGlobalCost=181287.70 (feasible=YES) bestThisIter=181670.36 feasibleAnts=10 noImprove=6 (elapsed 192.479s)
[ITER 50] [TS] New best cost=181223.14 (feasible=YES, time 239.582s)
[ITER 50] bestGlobalCost=181223.14 (feasible=YES) bestThisIter=181223.14 feasibleAnts=10 noImprove=1 (elapsed 243.011s)
[ITER 56] New best cost=181069.67 (feasible=YES, time 269.766s)
[ITER 60] bestGlobalCost=181069.67 (feasible=YES) bestThisIter=182466.37 feasibleAnts=10 noImprove=4 (elapsed 292.755s)
[ITER 70] bestGlobalCost=181069.67 (feasible=YES) bestThisIter=183364.14 feasibleAnts=10 noImprove=14 (elapsed 336.995s)
[ITER 75] New best cost=180593.26 (feasible=YES, time 360.123s)
[ITER 80] bestGlobalCost=180593.26 (feasible=YES) bestThisIter=182629.87 feasibleAnts=10 noImprove=5 (elapsed 389.044s)
[ITER 90] bestGlobalCost=180593.26 (feasible=YES) bestThisIter=181730.69 feasibleAnts=10 noImprove=15 (elapsed 435.034s)
[ITER 100] bestGlobalCost=180593.26 (feasible=YES) bestThisIter=182069.34 feasibleAnts=10 noImprove=25 (elapsed 483.21s)
[RESET] no improvement for30-> reset pheromones
[ITER 110] bestGlobalCost=180593.26 (feasible=YES) bestThisIter=182049.78 feasibleAnts=10 noImprove=5 (elapsed 536.285s)
[ITER 120] bestGlobalCost=180593.26 (feasible=YES) bestThisIter=181726.32 feasibleAnts=10 noImprove=15 (elapsed 583.409s)
[ITER 130] bestGlobalCost=180593.26 (feasible=YES) bestThisIter=182623.04 feasibleAnts=10 noImprove=25 (elapsed 630.604s)
[RESET] no improvement for30-> reset pheromones
[ITER 140] bestGlobalCost=180593.26 (feasible=YES) bestThisIter=182239.99 feasibleAnts=10 noImprove=5 (elapsed 678.591s)
[ITER 150] bestGlobalCost=180593.26 (feasible=YES) bestThisIter=181970.36 feasibleAnts=10 noImprove=15 (elapsed 722.139s)
[ITER 160] bestGlobalCost=180593.26 (feasible=YES) bestThisIter=181665.04 feasibleAnts=10 noImprove=25 (elapsed 768.842s)
[RESET] no improvement for30-> reset pheromones
[ITER 170] bestGlobalCost=180593.26 (feasible=YES) bestThisIter=181976.21 feasibleAnts=10 noImprove=5 (elapsed 814.789s)
[ITER 180] bestGlobalCost=180593.26 (feasible=YES) bestThisIter=181619.86 feasibleAnts=10 noImprove=15 (elapsed 858.544s)
[ITER 190] bestGlobalCost=180593.26 (feasible=YES) bestThisIter=181586.02 feasibleAnts=10 noImprove=25 (elapsed 906.267s)
[RESET] no improvement for30-> reset pheromones
[ITER 200] bestGlobalCost=180593.26 (feasible=YES) bestThisIter=183041.90 feasibleAnts=10 noImprove=5 (elapsed 956.315s)
[ITER 210] bestGlobalCost=180593.26 (feasible=YES) bestThisIter=182053.41 feasibleAnts=10 noImprove=15 (elapsed 1003.44s)
[ITER 220] bestGlobalCost=180593.26 (feasible=YES) bestThisIter=181500.31 feasibleAnts=10 noImprove=25 (elapsed 1049.95s)
[RESET] no improvement for30-> reset pheromones
[ITER 230] bestGlobalCost=180593.26 (feasible=YES) bestThisIter=182988.57 feasibleAnts=10 noImprove=5 (elapsed 1098.44s)
[ITER 240] bestGlobalCost=180593.26 (feasible=YES) bestThisIter=182136.64 feasibleAnts=10 noImprove=15 (elapsed 1146.15s)
[ITER 250] bestGlobalCost=180593.26 (feasible=YES) bestThisIter=181984.97 feasibleAnts=10 noImprove=25 (elapsed 1198.9s)
[RESET] no improvement for30-> reset pheromones
[ITER 260] bestGlobalCost=180593.26 (feasible=YES) bestThisIter=182232.76 feasibleAnts=10 noImprove=5 (elapsed 1250.55s)
[ITER 270] bestGlobalCost=180593.26 (feasible=YES) bestThisIter=182637.31 feasibleAnts=10 noImprove=15 (elapsed 1298.65s)
[ITER 280] bestGlobalCost=180593.26 (feasible=YES) bestThisIter=181869.15 feasibleAnts=10 noImprove=25 (elapsed 1345.07s)
[RESET] no improvement for30-> reset pheromones
[ITER 290] bestGlobalCost=180593.26 (feasible=YES) bestThisIter=181534.84 feasibleAnts=10 noImprove=5 (elapsed 1396.75s)
[ITER 300] bestGlobalCost=180593.26 (feasible=YES) bestThisIter=182566.88 feasibleAnts=10 noImprove=15 (elapsed 1446.68s)
[ITER 310] bestGlobalCost=180593.26 (feasible=YES) bestThisIter=182261.28 feasibleAnts=10 noImprove=25 (elapsed 1490.92s)
9 22 23 24 25 27 28 37 38 40 41 42 47 50 88 95 97 100 101 102 105 106 107 108 109 111 112 114 115 117 118 119 120 121 122 123 124 127 128 129 130 131 132 133 139 140 159 
13 14 15 16 19 20 26 29 30 32 33 34 35 36 43 44 45 48 49 51 52 53 54 55 56 57 58 59 60 61 62 63 64 65 66 67 68 69 70 71 72 73 74 84 85 110 
1 2 3 4 5 6 7 8 10 11 12 17 18 21 31 39 46 75 76 99 103 104 113 126 137 138 167 419 420 426 427 428 429 430 431 
236 240 298 299 307 310 311 312 313 315 316 317 318 319 321 322 323 324 325 326 327 329 330 331 332 333 334 335 336 338 339 340 341 342 346 365 368 371 372 373 374 
77 78 79 80 81 82 83 86 87 89 90 91 92 93 94 96 98 116 156 157 158 160 161 162 163 164 165 166 168 170 203 204 205 206 207 208 209 210 211 212 219 
337 343 344 345 347 348 349 350 351 352 353 354 355 356 357 358 359 360 361 362 363 364 403 404 405 406 407 408 409 410 411 412 413 414 415 416 417 418 421 422 423 424 425 
215 216 217 227 228 230 231 232 233 234 235 237 238 239 269 271 272 273 274 275 276 277 278 280 287 288 291 292 293 295 296 297 300 301 302 303 304 305 306 308 309 314 320 
182 183 192 193 195 201 202 213 214 218 220 221 222 223 224 225 226 229 253 255 256 257 258 259 260 261 262 263 264 265 266 267 268 270 279 281 282 283 284 285 286 289 290 294 
241 242 243 244 245 246 247 248 249 250 251 252 328 366 367 369 370 375 376 377 378 379 380 381 382 383 384 385 386 387 388 389 390 391 392 393 394 395 396 397 398 399 400 401 402 
125 134 135 136 141 142 143 144 145 146 147 148 149 150 151 152 153 154 155 169 171 172 173 174 175 176 177 178 179 180 181 184 185 186 187 188 189 190 191 194 196 197 198 199 200 254 
[SAVELOGS] evolution saved to results/logs/aco_logs/evolution/gr431_10_3.txt
[SAVELOGS] best cost saved to results/logs/aco_logs/objectives/gr431_10_3.txt
[SAVELOGS] best solution saved to results/logs/aco_logs/solutions/gr431_10_3.txt
