[ITER 1] New best cost=3371500.77 (feasible=YES, time 0.845632s)
[ITER 2] New best cost=3311324.18 (feasible=YES, time 1.49928s)
[ITER 4] New best cost=3311033.18 (feasible=YES, time 3.05631s)
[ITER 5] New best cost=3295336.70 (feasible=YES, time 3.72045s)
[ITER 10] New best cost=3280910.51 (feasible=YES, time 11.2116s)
[ITER 10] bestGlobalCost=3280910.51 (feasible=YES) bestThisIter=3285882.18 feasibleAnts=11 noImprove=0 (elapsed 11.2156s)
[ITER 11] New best cost=3258723.01 (feasible=YES, time 12.1487s)
[ITER 14] New best cost=3239760.39 (feasible=YES, time 13.9306s)
[ITER 17] New best cost=3214012.37 (feasible=YES, time 15.6998s)
[ITER 20] bestGlobalCost=3214012.37 (feasible=YES) bestThisIter=3260520.72 feasibleAnts=10 noImprove=3 (elapsed 19.7392s)
[ITER 22] New best cost=3210405.36 (feasible=YES, time 21.5028s)
[ITER 30] bestGlobalCost=3210405.36 (feasible=YES) bestThisIter=3235471.52 feasibleAnts=10 noImprove=8 (elapsed 29.6878s)
[ITER 40] bestGlobalCost=3210405.36 (feasible=YES) bestThisIter=3293429.58 feasibleAnts=10 noImprove=18 (elapsed 39.8848s)
[ITER 50] bestGlobalCost=3210405.36 (feasible=YES) bestThisIter=3328271.20 feasibleAnts=10 noImprove=28 (elapsed 50.9463s)
[ITER 60] bestGlobalCost=3210405.36 (feasible=YES) bestThisIter=3323487.20 feasibleAnts=10 noImprove=38 (elapsed 62.3507s)
[ITER 70] bestGlobalCost=3210405.36 (feasible=YES) bestThisIter=3415740.03 feasibleAnts=10 noImprove=48 (elapsed 73.003s)
[RESET] no improvement for50-> reset pheromones
[ITER 80] bestGlobalCost=3210405.36 (feasible=YES) bestThisIter=3240266.91 feasibleAnts=10 noImprove=8 (elapsed 82.9488s)
[ITER 90] bestGlobalCost=3210405.36 (feasible=YES) bestThisIter=3267296.55 feasibleAnts=10 noImprove=18 (elapsed 93.9986s)
[ITER 100] bestGlobalCost=3210405.36 (feasible=YES) bestThisIter=3352743.61 feasibleAnts=10 noImprove=28 (elapsed 104.571s)
[ITER 110] bestGlobalCost=3210405.36 (feasible=YES) bestThisIter=3292246.12 feasibleAnts=10 noImprove=38 (elapsed 114.97s)
[ITER 120] bestGlobalCost=3210405.36 (feasible=YES) bestThisIter=3359734.54 feasibleAnts=10 noImprove=48 (elapsed 127.329s)
[RESET] no improvement for50-> reset pheromones
[ITER 130] bestGlobalCost=3210405.36 (feasible=YES) bestThisIter=3228779.77 feasibleAnts=10 noImprove=8 (elapsed 138.636s)
[ITER 140] bestGlobalCost=3210405.36 (feasible=YES) bestThisIter=3321011.62 feasibleAnts=10 noImprove=18 (elapsed 149.842s)
[ITER 150] bestGlobalCost=3210405.36 (feasible=YES) bestThisIter=3363924.71 feasibleAnts=10 noImprove=28 (elapsed 162.692s)
[ITER 160] bestGlobalCost=3210405.36 (feasible=YES) bestThisIter=3420447.71 feasibleAnts=10 noImprove=38 (elapsed 176.848s)
[ITER 170] bestGlobalCost=3210405.36 (feasible=YES) bestThisIter=3403013.05 feasibleAnts=10 noImprove=48 (elapsed 190.738s)
[RESET] no improvement for50-> reset pheromones
[ITER 180] bestGlobalCost=3210405.36 (feasible=YES) bestThisIter=3243694.70 feasibleAnts=10 noImprove=8 (elapsed 202.309s)
[ITER 190] bestGlobalCost=3210405.36 (feasible=YES) bestThisIter=3336171.63 feasibleAnts=10 noImprove=18 (elapsed 213.376s)
[ITER 200] bestGlobalCost=3210405.36 (feasible=YES) bestThisIter=3323768.62 feasibleAnts=10 noImprove=28 (elapsed 224.429s)
[ITER 210] bestGlobalCost=3210405.36 (feasible=YES) bestThisIter=3391311.53 feasibleAnts=10 noImprove=38 (elapsed 233.887s)
[ITER 220] bestGlobalCost=3210405.36 (feasible=YES) bestThisIter=3370813.30 feasibleAnts=10 noImprove=48 (elapsed 243.977s)
[RESET] no improvement for50-> reset pheromones
[ITER 230] bestGlobalCost=3210405.36 (feasible=YES) bestThisIter=3244626.98 feasibleAnts=10 noImprove=8 (elapsed 254.724s)
[ITER 240] bestGlobalCost=3210405.36 (feasible=YES) bestThisIter=3338399.85 feasibleAnts=10 noImprove=18 (elapsed 265.366s)
[ITER 250] bestGlobalCost=3210405.36 (feasible=YES) bestThisIter=3378311.33 feasibleAnts=10 noImprove=28 (elapsed 275.712s)
[ITER 260] bestGlobalCost=3210405.36 (feasible=YES) bestThisIter=3297939.97 feasibleAnts=10 noImprove=38 (elapsed 285.787s)
[ITER 270] bestGlobalCost=3210405.36 (feasible=YES) bestThisIter=3292653.57 feasibleAnts=10 noImprove=48 (elapsed 295.071s)
[RESET] no improvement for50-> reset pheromones
94 95 119 120 121 122 123 124 216 217 218 219 220 224 225 
69 70 71 72 73 74 96 170 172 173 175 191 192 193 196 
7 8 9 10 31 32 33 34 131 132 133 134 135 156 
88 90 110 111 112 113 114 115 116 117 118 211 212 213 214 215 
64 65 66 67 85 87 89 91 92 93 165 186 187 188 189 190 194 
43 44 45 46 47 48 68 144 145 166 167 168 169 171 174 
11 12 13 14 15 16 17 18 19 136 137 138 141 
29 30 51 52 53 54 77 152 153 154 155 176 177 178 179 
20 21 22 23 24 25 49 50 142 143 146 147 148 149 150 
55 56 57 58 59 60 61 62 157 158 159 160 181 183 184 
75 97 98 99 100 125 195 197 198 199 200 221 222 223 
35 36 37 38 39 40 41 42 63 139 140 161 162 163 164 
76 78 79 80 81 82 83 84 86 180 182 185 206 207 208 210 
101 102 103 104 105 106 107 108 109 201 202 203 204 205 209 
1 2 3 4 5 6 26 27 28 126 127 128 129 130 151 
[SAVELOGS] evolution saved to results/logs/aco_logs/evolution/ts225_15_3.txt
[SAVELOGS] best cost saved to results/logs/aco_logs/objectives/ts225_15_3.txt
[SAVELOGS] best solution saved to results/logs/aco_logs/solutions/ts225_15_3.txt
