[ITER 1] New best cost=16820.93 (feasible=YES, time 0.0306104s)
[ITER 9] New best cost=16743.84 (feasible=YES, time 0.293211s)
[ITER 10] bestGlobalCost=16743.84 (feasible=YES) bestThisIter=16820.93 feasibleAnts=26 noImprove=1 (elapsed 0.341217s)
[ITER 15] New best cost=16549.32 (feasible=YES, time 0.990101s)
[ITER 20] bestGlobalCost=16549.32 (feasible=YES) bestThisIter=16549.32 feasibleAnts=13 noImprove=5 (elapsed 1.90946s)
[ITER 22] New best cost=16529.70 (feasible=YES, time 1.97924s)
[ITER 30] bestGlobalCost=16529.70 (feasible=YES) bestThisIter=16529.70 feasibleAnts=13 noImprove=8 (elapsed 3.55121s)
[ITER 40] bestGlobalCost=16529.70 (feasible=YES) bestThisIter=16529.70 feasibleAnts=10 noImprove=18 (elapsed 3.83139s)
[ITER 50] bestGlobalCost=16529.70 (feasible=YES) bestThisIter=16529.70 feasibleAnts=10 noImprove=28 (elapsed 5.43798s)
[RESET] no improvement for30-> reset pheromones
[ITER 60] bestGlobalCost=16529.70 (feasible=YES) bestThisIter=16749.33 feasibleAnts=10 noImprove=8 (elapsed 7.168s)
[ITER 70] bestGlobalCost=16529.70 (feasible=YES) bestThisIter=16529.70 feasibleAnts=10 noImprove=18 (elapsed 7.44738s)
[ITER 80] bestGlobalCost=16529.70 (feasible=YES) bestThisIter=16609.80 feasibleAnts=10 noImprove=28 (elapsed 9.26886s)
[RESET] no improvement for30-> reset pheromones
[ITER 90] bestGlobalCost=16529.70 (feasible=YES) bestThisIter=16566.36 feasibleAnts=10 noImprove=8 (elapsed 11.3266s)
[ITER 100] bestGlobalCost=16529.70 (feasible=YES) bestThisIter=16529.70 feasibleAnts=10 noImprove=18 (elapsed 11.6434s)
[ITER 110] bestGlobalCost=16529.70 (feasible=YES) bestThisIter=16573.87 feasibleAnts=10 noImprove=28 (elapsed 13.4261s)
[RESET] no improvement for30-> reset pheromones
[ITER 120] bestGlobalCost=16529.70 (feasible=YES) bestThisIter=16568.58 feasibleAnts=10 noImprove=8 (elapsed 15.0742s)
[ITER 130] bestGlobalCost=16529.70 (feasible=YES) bestThisIter=16529.70 feasibleAnts=10 noImprove=18 (elapsed 15.3407s)
[ITER 140] bestGlobalCost=16529.70 (feasible=YES) bestThisIter=16587.92 feasibleAnts=10 noImprove=28 (elapsed 17.0482s)
[RESET] no improvement for30-> reset pheromones
[ITER 150] bestGlobalCost=16529.70 (feasible=YES) bestThisIter=16722.50 feasibleAnts=10 noImprove=8 (elapsed 19.186s)
[ITER 160] bestGlobalCost=16529.70 (feasible=YES) bestThisIter=16529.70 feasibleAnts=10 noImprove=18 (elapsed 19.5319s)
[ITER 170] bestGlobalCost=16529.70 (feasible=YES) bestThisIter=16529.70 feasibleAnts=10 noImprove=28 (elapsed 21.3595s)
[RESET] no improvement for30-> reset pheromones
[ITER 180] bestGlobalCost=16529.70 (feasible=YES) bestThisIter=16549.32 feasibleAnts=10 noImprove=8 (elapsed 23.0771s)
[ITER 190] bestGlobalCost=16529.70 (feasible=YES) bestThisIter=16529.70 feasibleAnts=10 noImprove=18 (elapsed 23.3305s)
[ITER 200] bestGlobalCost=16529.70 (feasible=YES) bestThisIter=16609.80 feasibleAnts=10 noImprove=28 (elapsed 25.101s)
[RESET] no improvement for30-> reset pheromones
[ITER 210] bestGlobalCost=16529.70 (feasible=YES) bestThisIter=16710.46 feasibleAnts=10 noImprove=8 (elapsed 27.1574s)
[ITER 220] bestGlobalCost=16529.70 (feasible=YES) bestThisIter=16529.70 feasibleAnts=10 noImprove=18 (elapsed 27.4635s)
[ITER 230] bestGlobalCost=16529.70 (feasible=YES) bestThisIter=16529.70 feasibleAnts=10 noImprove=28 (elapsed 29.2774s)
[RESET] no improvement for30-> reset pheromones
[ITER 240] bestGlobalCost=16529.70 (feasible=YES) bestThisIter=16609.80 feasibleAnts=10 noImprove=8 (elapsed 30.9618s)
[ITER 250] bestGlobalCost=16529.70 (feasible=YES) bestThisIter=16529.70 feasibleAnts=10 noImprove=18 (elapsed 31.2112s)
[ITER 260] bestGlobalCost=16529.70 (feasible=YES) bestThisIter=16529.70 feasibleAnts=10 noImprove=28 (elapsed 32.9478s)
[RESET] no improvement for30-> reset pheromones
[ITER 270] bestGlobalCost=16529.70 (feasible=YES) bestThisIter=16706.92 feasibleAnts=10 noImprove=8 (elapsed 35.0007s)
[ITER 280] bestGlobalCost=16529.70 (feasible=YES) bestThisIter=16529.70 feasibleAnts=10 noImprove=18 (elapsed 35.32s)
[ITER 290] bestGlobalCost=16529.70 (feasible=YES) bestThisIter=16529.70 feasibleAnts=10 noImprove=28 (elapsed 37.1655s)
[RESET] no improvement for30-> reset pheromones
[ITER 300] bestGlobalCost=16529.70 (feasible=YES) bestThisIter=16589.27 feasibleAnts=10 noImprove=8 (elapsed 38.8497s)
[ITER 310] bestGlobalCost=16529.70 (feasible=YES) bestThisIter=16529.70 feasibleAnts=12 noImprove=18 (elapsed 39.1303s)
[ITER 320] bestGlobalCost=16529.70 (feasible=YES) bestThisIter=16529.70 feasibleAnts=9 noImprove=28 (elapsed 40.8374s)
[RESET] no improvement for30-> reset pheromones
[ITER 330] bestGlobalCost=16529.70 (feasible=YES) bestThisIter=16665.21 feasibleAnts=10 noImprove=8 (elapsed 42.888s)
[ITER 340] bestGlobalCost=16529.70 (feasible=YES) bestThisIter=16529.70 feasibleAnts=11 noImprove=18 (elapsed 43.2358s)
[ITER 350] bestGlobalCost=16529.70 (feasible=YES) bestThisIter=16529.70 feasibleAnts=10 noImprove=28 (elapsed 45.1017s)
[RESET] no improvement for30-> reset pheromones
[ITER 360] bestGlobalCost=16529.70 (feasible=YES) bestThisIter=16609.80 feasibleAnts=10 noImprove=8 (elapsed 46.7958s)
[ITER 370] bestGlobalCost=16529.70 (feasible=YES) bestThisIter=16529.70 feasibleAnts=12 noImprove=18 (elapsed 47.0727s)
[ITER 380] bestGlobalCost=16529.70 (feasible=YES) bestThisIter=16529.70 feasibleAnts=10 noImprove=28 (elapsed 48.7583s)
[RESET] no improvement for30-> reset pheromones
[ITER 390] bestGlobalCost=16529.70 (feasible=YES) bestThisIter=16708.16 feasibleAnts=10 noImprove=8 (elapsed 50.8722s)
[ITER 400] bestGlobalCost=16529.70 (feasible=YES) bestThisIter=16529.70 feasibleAnts=10 noImprove=18 (elapsed 51.2385s)
[ITER 410] bestGlobalCost=16529.70 (feasible=YES) bestThisIter=16529.70 feasibleAnts=11 noImprove=28 (elapsed 53.0665s)
[RESET] no improvement for30-> reset pheromones
[ITER 420] bestGlobalCost=16529.70 (feasible=YES) bestThisIter=16684.09 feasibleAnts=10 noImprove=8 (elapsed 54.7117s)
[ITER 430] bestGlobalCost=16529.70 (feasible=YES) bestThisIter=16529.70 feasibleAnts=10 noImprove=18 (elapsed 54.9924s)
[ITER 440] bestGlobalCost=16529.70 (feasible=YES) bestThisIter=16529.70 feasibleAnts=11 noImprove=28 (elapsed 56.6582s)
[RESET] no improvement for30-> reset pheromones
[ITER 450] bestGlobalCost=16529.70 (feasible=YES) bestThisIter=16655.65 feasibleAnts=10 noImprove=8 (elapsed 58.73s)
[ITER 460] bestGlobalCost=16529.70 (feasible=YES) bestThisIter=16529.70 feasibleAnts=10 noImprove=18 (elapsed 59.0466s)
2 14 15 16 37 38 41 42 43 44 85 86 87 91 92 93 95 98 99 100 
7 10 11 19 30 31 32 36 47 48 49 52 62 63 64 66 70 71 88 90 
4 21 22 23 24 25 26 39 40 53 54 55 56 57 58 67 72 73 74 75 
1 3 9 12 20 28 29 33 34 35 50 51 65 68 69 76 77 78 79 80 81 
5 6 8 13 17 18 27 45 46 59 60 61 82 83 84 89 94 96 97 101 
[SAVELOGS] evolution saved to results/logs/eil101_05_3/evolution/eil101_05_3
[SAVELOGS] best cost saved to results/logs/eil101_05_3/objectives/eil101_05_3
[SAVELOGS] best solution saved to results/logs/eil101_05_3/solutions/eil101_05_3
