[ITER 1] New best cost=170994.22 (feasible=YES, time 1.20893s)
[ITER 2] New best cost=166707.69 (feasible=YES, time 2.43881s)
[ITER 3] New best cost=163096.55 (feasible=YES, time 4.05209s)
[ITER 4] New best cost=160825.82 (feasible=YES, time 5.97845s)
[ITER 5] New best cost=157649.18 (feasible=YES, time 7.14828s)
[ITER 7] New best cost=156520.69 (feasible=YES, time 9.35004s)
[ITER 8] New best cost=155276.05 (feasible=YES, time 10.102s)
[ITER 10] New best cost=154534.14 (feasible=YES, time 13.3532s)
[ITER 10] bestGlobalCost=154534.14 (feasible=YES) bestThisIter=155690.04 feasibleAnts=10 noImprove=0 (elapsed 13.3563s)
[ITER 20] bestGlobalCost=154534.14 (feasible=YES) bestThisIter=155857.26 feasibleAnts=8 noImprove=10 (elapsed 23.9507s)
[ITER 21] New best cost=154286.92 (feasible=YES, time 24.8732s)
[ITER 30] bestGlobalCost=154286.92 (feasible=YES) bestThisIter=156521.96 feasibleAnts=9 noImprove=9 (elapsed 34.862s)
[ITER 40] bestGlobalCost=154286.92 (feasible=YES) bestThisIter=156865.23 feasibleAnts=10 noImprove=19 (elapsed 49.0649s)
[ITER 50] bestGlobalCost=154286.92 (feasible=YES) bestThisIter=159198.17 feasibleAnts=10 noImprove=29 (elapsed 65.6411s)
[ITER 60] bestGlobalCost=154286.92 (feasible=YES) bestThisIter=160276.63 feasibleAnts=10 noImprove=39 (elapsed 79.0601s)
[ITER 70] bestGlobalCost=154286.92 (feasible=YES) bestThisIter=160448.28 feasibleAnts=8 noImprove=49 (elapsed 93.5227s)
[RESET] no improvement for50-> reset pheromones
[ITER 80] bestGlobalCost=154286.92 (feasible=YES) bestThisIter=155110.02 feasibleAnts=11 noImprove=9 (elapsed 105.965s)
[ITER 90] bestGlobalCost=154286.92 (feasible=YES) bestThisIter=156791.95 feasibleAnts=9 noImprove=19 (elapsed 119.308s)
[ITER 100] bestGlobalCost=154286.92 (feasible=YES) bestThisIter=156590.59 feasibleAnts=10 noImprove=29 (elapsed 133.845s)
[ITER 110] bestGlobalCost=154286.92 (feasible=YES) bestThisIter=161533.88 feasibleAnts=9 noImprove=39 (elapsed 149.813s)
[ITER 120] bestGlobalCost=154286.92 (feasible=YES) bestThisIter=160906.83 feasibleAnts=9 noImprove=49 (elapsed 161.725s)
[RESET] no improvement for50-> reset pheromones
[ITER 130] bestGlobalCost=154286.92 (feasible=YES) bestThisIter=155167.95 feasibleAnts=10 noImprove=9 (elapsed 175.37s)
[ITER 131] New best cost=154247.97 (feasible=YES, time 176.599s)
[ITER 140] bestGlobalCost=154247.97 (feasible=YES) bestThisIter=155930.26 feasibleAnts=11 noImprove=9 (elapsed 186.785s)
[ITER 150] bestGlobalCost=154247.97 (feasible=YES) bestThisIter=156076.25 feasibleAnts=10 noImprove=19 (elapsed 198.701s)
[ITER 151] New best cost=154085.89 (feasible=YES, time 199.968s)
[ITER 160] bestGlobalCost=154085.89 (feasible=YES) bestThisIter=155324.76 feasibleAnts=10 noImprove=9 (elapsed 210.73s)
[ITER 161] New best cost=153832.66 (feasible=YES, time 212.172s)
[ITER 162] New best cost=153561.07 (feasible=YES, time 213.834s)
[ITER 166] New best cost=152884.79 (feasible=YES, time 220.108s)
[ITER 170] bestGlobalCost=152884.79 (feasible=YES) bestThisIter=153531.94 feasibleAnts=10 noImprove=4 (elapsed 226.753s)
[ITER 180] bestGlobalCost=152884.79 (feasible=YES) bestThisIter=153471.47 feasibleAnts=10 noImprove=14 (elapsed 241.751s)
[ITER 190] bestGlobalCost=152884.79 (feasible=YES) bestThisIter=155366.71 feasibleAnts=10 noImprove=24 (elapsed 257.745s)
[ITER 200] bestGlobalCost=152884.79 (feasible=YES) bestThisIter=154900.58 feasibleAnts=7 noImprove=34 (elapsed 272.88s)
[ITER 210] bestGlobalCost=152884.79 (feasible=YES) bestThisIter=158050.35 feasibleAnts=10 noImprove=44 (elapsed 286.843s)
[RESET] no improvement for50-> reset pheromones
[ITER 220] bestGlobalCost=152884.79 (feasible=YES) bestThisIter=156301.43 feasibleAnts=14 noImprove=4 (elapsed 300.045s)
67 70 71 72 73 75 88 89 91 99 102 103 104 105 106 107 109 127 165 206 220 
108 125 126 129 143 144 145 146 147 148 149 150 151 152 153 154 155 156 162 167 168 169 214 
2 27 49 50 51 52 53 54 55 56 57 58 59 69 74 133 188 189 190 191 199 205 207 224 225 
25 26 28 29 30 31 32 33 34 35 40 76 77 78 81 98 100 202 204 208 216 219 
1 3 4 6 7 8 41 42 43 44 45 46 47 48 192 193 194 195 196 197 198 200 218 
5 9 10 11 12 13 14 15 16 17 18 19 20 21 22 23 24 36 37 38 39 203 
90 128 131 132 134 135 136 137 138 139 140 141 142 157 158 159 160 161 163 164 183 201 213 215 
79 80 82 83 84 85 86 87 92 93 94 95 96 97 101 130 209 210 211 217 221 222 
114 116 121 122 123 124 166 170 171 172 173 174 176 177 178 179 180 181 182 184 212 
60 61 62 63 64 65 66 68 110 111 112 113 115 117 118 119 120 175 185 186 187 223 
[SAVELOGS] evolution saved to results/logs/aco_logs/evolution/tsp225_10_5.txt
[SAVELOGS] best cost saved to results/logs/aco_logs/objectives/tsp225_10_5.txt
[SAVELOGS] best solution saved to results/logs/aco_logs/solutions/tsp225_10_5.txt
