[ITER 1] New best cost=1539155.48 (feasible=NO, time 0.38126s)
[ITER 1] New best cost=1543119.62 (feasible=YES, time 0.385966s)
[ITER 2] New best cost=1522969.59 (feasible=YES, time 0.535188s)
[ITER 3] New best cost=1522250.48 (feasible=YES, time 0.683513s)
[ITER 9] New best cost=1518748.88 (feasible=YES, time 2.40063s)
[ITER 10] bestGlobalCost=1518748.88 (feasible=YES) bestThisIter=1522250.48 feasibleAnts=29 noImprove=1 (elapsed 3.6886s)
[ITER 11] New best cost=1512174.10 (feasible=YES, time 3.77764s)
[ITER 12] New best cost=1510573.16 (feasible=YES, time 3.89802s)
[ITER 13] New best cost=1510264.84 (feasible=YES, time 4.03733s)
[ITER 15] New best cost=1499995.43 (feasible=YES, time 5.96126s)
[ITER 20] bestGlobalCost=1499995.43 (feasible=YES) bestThisIter=1516060.07 feasibleAnts=34 noImprove=5 (elapsed 8.06823s)
[ITER 30] bestGlobalCost=1499995.43 (feasible=YES) bestThisIter=1501626.22 feasibleAnts=17 noImprove=15 (elapsed 11.7264s)
[ITER 32] New best cost=1495287.24 (feasible=YES, time 12.0546s)
[ITER 37] New best cost=1494748.79 (feasible=YES, time 13.5697s)
[ITER 40] bestGlobalCost=1494748.79 (feasible=YES) bestThisIter=1495557.13 feasibleAnts=34 noImprove=3 (elapsed 14.9586s)
[ITER 43] New best cost=1485966.97 (feasible=YES, time 15.2125s)
[ITER 48] New best cost=1485302.26 (feasible=YES, time 17.0614s)
[ITER 50] bestGlobalCost=1485302.26 (feasible=YES) bestThisIter=1486924.91 feasibleAnts=14 noImprove=2 (elapsed 18.9172s)
[ITER 51] New best cost=1481350.95 (feasible=YES, time 19.0699s)
[ITER 60] bestGlobalCost=1481350.95 (feasible=YES) bestThisIter=1488122.09 feasibleAnts=15 noImprove=9 (elapsed 22.5246s)
[ITER 61] New best cost=1477010.36 (feasible=YES, time 22.6642s)
[ITER 66] New best cost=1475262.80 (feasible=YES, time 24.3291s)
[ITER 68] New best cost=1471940.00 (feasible=YES, time 24.4727s)
[ITER 70] bestGlobalCost=1471940.00 (feasible=YES) bestThisIter=1475262.80 feasibleAnts=13 noImprove=2 (elapsed 25.839s)
[ITER 74] New best cost=1459987.36 (feasible=YES, time 26.2593s)
[ITER 78] New best cost=1455940.24 (feasible=YES, time 27.767s)
[ITER 80] bestGlobalCost=1455940.24 (feasible=YES) bestThisIter=1468144.25 feasibleAnts=14 noImprove=2 (elapsed 29.1299s)
[ITER 85] New best cost=1451867.44 (feasible=YES, time 30.7524s)
[ITER 90] New best cost=1450612.91 (feasible=YES, time 32.2841s)
[ITER 90] bestGlobalCost=1450612.91 (feasible=YES) bestThisIter=1451149.93 feasibleAnts=19 noImprove=0 (elapsed 32.289s)
[ITER 100] bestGlobalCost=1450612.91 (feasible=YES) bestThisIter=1452057.79 feasibleAnts=17 noImprove=10 (elapsed 35.6645s)
[ITER 110] bestGlobalCost=1450612.91 (feasible=YES) bestThisIter=1452087.45 feasibleAnts=11 noImprove=20 (elapsed 39.422s)
[ITER 120] bestGlobalCost=1450612.91 (feasible=YES) bestThisIter=1457102.53 feasibleAnts=12 noImprove=30 (elapsed 43.7672s)
[ITER 130] bestGlobalCost=1450612.91 (feasible=YES) bestThisIter=1486584.57 feasibleAnts=11 noImprove=40 (elapsed 48.366s)
[ITER 140] bestGlobalCost=1450612.91 (feasible=YES) bestThisIter=1487895.14 feasibleAnts=12 noImprove=50 (elapsed 53.2423s)
[RESET] no improvement for50-> reset pheromones
[ITER 150] bestGlobalCost=1450612.91 (feasible=YES) bestThisIter=1462095.46 feasibleAnts=11 noImprove=10 (elapsed 57.6922s)
[ITER 160] bestGlobalCost=1450612.91 (feasible=YES) bestThisIter=1462367.45 feasibleAnts=10 noImprove=20 (elapsed 61.8269s)
[ITER 170] bestGlobalCost=1450612.91 (feasible=YES) bestThisIter=1465409.29 feasibleAnts=13 noImprove=30 (elapsed 66.3889s)
[ITER 180] bestGlobalCost=1450612.91 (feasible=YES) bestThisIter=1475905.05 feasibleAnts=10 noImprove=40 (elapsed 71.31s)
[ITER 190] bestGlobalCost=1450612.91 (feasible=YES) bestThisIter=1492413.49 feasibleAnts=11 noImprove=50 (elapsed 76.336s)
[RESET] no improvement for50-> reset pheromones
[ITER 200] bestGlobalCost=1450612.91 (feasible=YES) bestThisIter=1455505.85 feasibleAnts=12 noImprove=10 (elapsed 80.8801s)
[ITER 210] bestGlobalCost=1450612.91 (feasible=YES) bestThisIter=1471614.51 feasibleAnts=8 noImprove=20 (elapsed 85.1618s)
[ITER 220] bestGlobalCost=1450612.91 (feasible=YES) bestThisIter=1465409.65 feasibleAnts=11 noImprove=30 (elapsed 89.7583s)
[ITER 230] bestGlobalCost=1450612.91 (feasible=YES) bestThisIter=1464515.93 feasibleAnts=8 noImprove=40 (elapsed 94.5872s)
[ITER 240] bestGlobalCost=1450612.91 (feasible=YES) bestThisIter=1480263.88 feasibleAnts=11 noImprove=50 (elapsed 99.6174s)
[RESET] no improvement for50-> reset pheromones
[ITER 250] bestGlobalCost=1450612.91 (feasible=YES) bestThisIter=1461040.17 feasibleAnts=14 noImprove=10 (elapsed 103.974s)
[ITER 260] bestGlobalCost=1450612.91 (feasible=YES) bestThisIter=1485386.10 feasibleAnts=12 noImprove=20 (elapsed 108.216s)
[ITER 270] bestGlobalCost=1450612.91 (feasible=YES) bestThisIter=1482419.92 feasibleAnts=12 noImprove=30 (elapsed 112.716s)
[ITER 280] bestGlobalCost=1450612.91 (feasible=YES) bestThisIter=1504635.41 feasibleAnts=10 noImprove=40 (elapsed 117.447s)
[ITER 290] bestGlobalCost=1450612.91 (feasible=YES) bestThisIter=1478029.92 feasibleAnts=10 noImprove=50 (elapsed 122.442s)
[RESET] no improvement for50-> reset pheromones
[ITER 300] bestGlobalCost=1450612.91 (feasible=YES) bestThisIter=1458182.64 feasibleAnts=12 noImprove=10 (elapsed 126.878s)
[ITER 310] bestGlobalCost=1450612.91 (feasible=YES) bestThisIter=1454971.75 feasibleAnts=10 noImprove=20 (elapsed 131.127s)
[ITER 320] bestGlobalCost=1450612.91 (feasible=YES) bestThisIter=1467044.14 feasibleAnts=11 noImprove=30 (elapsed 135.73s)
[ITER 330] bestGlobalCost=1450612.91 (feasible=YES) bestThisIter=1484566.96 feasibleAnts=8 noImprove=40 (elapsed 140.508s)
[ITER 340] bestGlobalCost=1450612.91 (feasible=YES) bestThisIter=1504985.97 feasibleAnts=8 noImprove=50 (elapsed 145.561s)
[RESET] no improvement for50-> reset pheromones
[ITER 350] bestGlobalCost=1450612.91 (feasible=YES) bestThisIter=1461479.63 feasibleAnts=15 noImprove=10 (elapsed 149.879s)
[ITER 360] bestGlobalCost=1450612.91 (feasible=YES) bestThisIter=1479264.07 feasibleAnts=7 noImprove=20 (elapsed 154.203s)
[ITER 370] bestGlobalCost=1450612.91 (feasible=YES) bestThisIter=1481128.99 feasibleAnts=13 noImprove=30 (elapsed 158.668s)
[ITER 380] bestGlobalCost=1450612.91 (feasible=YES) bestThisIter=1488359.56 feasibleAnts=9 noImprove=40 (elapsed 163.455s)
[ITER 390] bestGlobalCost=1450612.91 (feasible=YES) bestThisIter=1481800.71 feasibleAnts=11 noImprove=50 (elapsed 168.505s)
[RESET] no improvement for50-> reset pheromones
[ITER 400] bestGlobalCost=1450612.91 (feasible=YES) bestThisIter=1462002.03 feasibleAnts=11 noImprove=10 (elapsed 172.783s)
[ITER 410] bestGlobalCost=1450612.91 (feasible=YES) bestThisIter=1458062.70 feasibleAnts=13 noImprove=20 (elapsed 177.069s)
[ITER 420] bestGlobalCost=1450612.91 (feasible=YES) bestThisIter=1468146.02 feasibleAnts=10 noImprove=30 (elapsed 181.624s)
[ITER 430] bestGlobalCost=1450612.91 (feasible=YES) bestThisIter=1461206.02 feasibleAnts=12 noImprove=40 (elapsed 186.456s)
[ITER 440] bestGlobalCost=1450612.91 (feasible=YES) bestThisIter=1520808.48 feasibleAnts=8 noImprove=50 (elapsed 191.457s)
[RESET] no improvement for50-> reset pheromones
[ITER 450] bestGlobalCost=1450612.91 (feasible=YES) bestThisIter=1454210.06 feasibleAnts=12 noImprove=10 (elapsed 195.866s)
[ITER 460] bestGlobalCost=1450612.91 (feasible=YES) bestThisIter=1475358.81 feasibleAnts=14 noImprove=20 (elapsed 200.079s)
[ITER 470] bestGlobalCost=1450612.91 (feasible=YES) bestThisIter=1476079.70 feasibleAnts=10 noImprove=30 (elapsed 204.697s)
[ITER 480] bestGlobalCost=1450612.91 (feasible=YES) bestThisIter=1485284.51 feasibleAnts=10 noImprove=40 (elapsed 209.48s)
[ITER 490] bestGlobalCost=1450612.91 (feasible=YES) bestThisIter=1487740.86 feasibleAnts=12 noImprove=50 (elapsed 214.462s)
[RESET] no improvement for50-> reset pheromones
[ITER 500] bestGlobalCost=1450612.91 (feasible=YES) bestThisIter=1456169.33 feasibleAnts=10 noImprove=10 (elapsed 218.825s)
[ITER 510] bestGlobalCost=1450612.91 (feasible=YES) bestThisIter=1452973.24 feasibleAnts=11 noImprove=20 (elapsed 223.09s)
[ITER 520] bestGlobalCost=1450612.91 (feasible=YES) bestThisIter=1458139.66 feasibleAnts=9 noImprove=30 (elapsed 227.663s)
[ITER 530] bestGlobalCost=1450612.91 (feasible=YES) bestThisIter=1489934.61 feasibleAnts=9 noImprove=40 (elapsed 232.473s)
[ITER 540] bestGlobalCost=1450612.91 (feasible=YES) bestThisIter=1493708.67 feasibleAnts=8 noImprove=50 (elapsed 237.571s)
[RESET] no improvement for50-> reset pheromones
[ITER 550] bestGlobalCost=1450612.91 (feasible=YES) bestThisIter=1452587.33 feasibleAnts=11 noImprove=10 (elapsed 241.853s)
[ITER 560] bestGlobalCost=1450612.91 (feasible=YES) bestThisIter=1465914.54 feasibleAnts=13 noImprove=20 (elapsed 246.085s)
[ITER 570] bestGlobalCost=1450612.91 (feasible=YES) bestThisIter=1474706.97 feasibleAnts=10 noImprove=30 (elapsed 250.706s)
[ITER 580] bestGlobalCost=1450612.91 (feasible=YES) bestThisIter=1472649.71 feasibleAnts=13 noImprove=40 (elapsed 255.454s)
[ITER 590] bestGlobalCost=1450612.91 (feasible=YES) bestThisIter=1471784.90 feasibleAnts=10 noImprove=50 (elapsed 260.543s)
[RESET] no improvement for50-> reset pheromones
[ITER 600] bestGlobalCost=1450612.91 (feasible=YES) bestThisIter=1450842.35 feasibleAnts=14 noImprove=10 (elapsed 264.94s)
[ITER 610] bestGlobalCost=1450612.91 (feasible=YES) bestThisIter=1458875.55 feasibleAnts=14 noImprove=20 (elapsed 269.252s)
[ITER 620] bestGlobalCost=1450612.91 (feasible=YES) bestThisIter=1461045.54 feasibleAnts=12 noImprove=30 (elapsed 273.825s)
[ITER 630] bestGlobalCost=1450612.91 (feasible=YES) bestThisIter=1494859.40 feasibleAnts=8 noImprove=40 (elapsed 278.66s)
[ITER 640] bestGlobalCost=1450612.91 (feasible=YES) bestThisIter=1508510.19 feasibleAnts=8 noImprove=50 (elapsed 283.664s)
[RESET] no improvement for50-> reset pheromones
[ITER 650] bestGlobalCost=1450612.91 (feasible=YES) bestThisIter=1453270.51 feasibleAnts=9 noImprove=10 (elapsed 288.094s)
[ITER 660] bestGlobalCost=1450612.91 (feasible=YES) bestThisIter=1454179.95 feasibleAnts=11 noImprove=20 (elapsed 292.371s)
[ITER 670] bestGlobalCost=1450612.91 (feasible=YES) bestThisIter=1469726.63 feasibleAnts=11 noImprove=30 (elapsed 296.93s)
[ITER 680] bestGlobalCost=1450612.91 (feasible=YES) bestThisIter=1482371.85 feasibleAnts=9 noImprove=40 (elapsed 301.73s)
[ITER 690] bestGlobalCost=1450612.91 (feasible=YES) bestThisIter=1482894.30 feasibleAnts=11 noImprove=50 (elapsed 306.698s)
[RESET] no improvement for50-> reset pheromones
[ITER 700] bestGlobalCost=1450612.91 (feasible=YES) bestThisIter=1454863.17 feasibleAnts=11 noImprove=10 (elapsed 311.117s)
[ITER 710] bestGlobalCost=1450612.91 (feasible=YES) bestThisIter=1461223.39 feasibleAnts=9 noImprove=20 (elapsed 315.435s)
[ITER 720] bestGlobalCost=1450612.91 (feasible=YES) bestThisIter=1469177.40 feasibleAnts=13 noImprove=30 (elapsed 320.072s)
[ITER 730] bestGlobalCost=1450612.91 (feasible=YES) bestThisIter=1505042.70 feasibleAnts=10 noImprove=40 (elapsed 324.786s)
[ITER 740] bestGlobalCost=1450612.91 (feasible=YES) bestThisIter=1506238.66 feasibleAnts=11 noImprove=50 (elapsed 329.686s)
[RESET] no improvement for50-> reset pheromones
[ITER 750] bestGlobalCost=1450612.91 (feasible=YES) bestThisIter=1453347.18 feasibleAnts=14 noImprove=10 (elapsed 333.997s)
[ITER 760] bestGlobalCost=1450612.91 (feasible=YES) bestThisIter=1457954.85 feasibleAnts=9 noImprove=20 (elapsed 338.224s)
[ITER 770] bestGlobalCost=1450612.91 (feasible=YES) bestThisIter=1475582.41 feasibleAnts=11 noImprove=30 (elapsed 342.868s)
[ITER 780] bestGlobalCost=1450612.91 (feasible=YES) bestThisIter=1489737.82 feasibleAnts=12 noImprove=40 (elapsed 347.776s)
140 182 184 185 187 188 210 211 212 213 214 215 247 248 249 250 251 252 253 
31 32 33 34 35 36 39 62 63 64 65 110 111 113 114 115 117 119 120 121 
149 150 151 152 153 154 155 157 158 227 228 229 230 231 232 233 234 235 236 
133 134 135 192 194 195 196 197 198 199 200 201 202 203 258 259 260 
1 37 38 40 42 43 44 46 47 48 59 60 61 90 107 116 118 
145 146 147 148 156 159 160 161 162 163 164 165 225 226 237 238 
13 14 15 16 17 18 19 21 72 74 75 76 98 99 101 102 103 105 106 
141 142 172 173 174 175 176 177 178 180 216 217 218 243 244 245 246 
2 3 4 5 6 7 8 9 10 11 12 20 80 81 82 84 
22 23 24 25 26 27 28 29 30 66 67 68 69 70 71 73 104 108 109 
53 100 112 130 131 136 138 139 179 181 183 186 191 
77 78 79 83 85 86 87 88 89 91 92 93 94 95 96 97 132 
137 189 190 193 204 205 206 207 208 209 254 255 256 257 261 262 263 
143 144 166 167 168 169 170 171 219 220 221 222 223 224 239 240 241 242 264 
41 45 49 50 51 52 54 55 56 57 58 122 123 124 125 126 127 128 129 
[SAVELOGS] evolution saved to results/logs/aco_logs/evolution/pr264_15_2.txt
[SAVELOGS] best cost saved to results/logs/aco_logs/objectives/pr264_15_2.txt
[SAVELOGS] best solution saved to results/logs/aco_logs/solutions/pr264_15_2.txt
