[ITER 1] New best cost=1574358.07 (feasible=NO, time 0.334098s)
[ITER 1] New best cost=1588847.36 (feasible=YES, time 0.338587s)
[ITER 2] New best cost=1545948.21 (feasible=YES, time 0.510948s)
[ITER 3] New best cost=1527851.38 (feasible=YES, time 0.684141s)
[ITER 5] New best cost=1515231.44 (feasible=YES, time 2.26653s)
[ITER 6] New best cost=1514033.36 (feasible=YES, time 2.47262s)
[ITER 10] bestGlobalCost=1514033.36 (feasible=YES) bestThisIter=1524621.08 feasibleAnts=17 noImprove=4 (elapsed 4.19288s)
[ITER 12] New best cost=1505223.71 (feasible=YES, time 4.41533s)
[ITER 17] New best cost=1494314.78 (feasible=YES, time 6.31431s)
[ITER 20] bestGlobalCost=1494314.78 (feasible=YES) bestThisIter=1502588.42 feasibleAnts=15 noImprove=3 (elapsed 7.88374s)
[ITER 21] New best cost=1493148.37 (feasible=YES, time 8.01572s)
[ITER 30] bestGlobalCost=1493148.37 (feasible=YES) bestThisIter=1498534.41 feasibleAnts=21 noImprove=9 (elapsed 11.3412s)
[ITER 39] New best cost=1492981.28 (feasible=YES, time 13.9733s)
[ITER 40] bestGlobalCost=1492981.28 (feasible=YES) bestThisIter=1493148.37 feasibleAnts=32 noImprove=1 (elapsed 15.2583s)
[ITER 43] New best cost=1488872.19 (feasible=YES, time 15.598s)
[ITER 45] New best cost=1486242.71 (feasible=YES, time 17.0423s)
[ITER 49] New best cost=1486071.14 (feasible=YES, time 17.5447s)
[ITER 50] New best cost=1485340.79 (feasible=YES, time 18.8666s)
[ITER 50] bestGlobalCost=1485340.79 (feasible=YES) bestThisIter=1486071.14 feasibleAnts=12 noImprove=0 (elapsed 18.871s)
[ITER 60] bestGlobalCost=1485340.79 (feasible=YES) bestThisIter=1487856.41 feasibleAnts=14 noImprove=10 (elapsed 22.5116s)
[ITER 67] New best cost=1484206.17 (feasible=YES, time 25.4304s)
[ITER 70] bestGlobalCost=1484206.17 (feasible=YES) bestThisIter=1485340.79 feasibleAnts=18 noImprove=3 (elapsed 27.1679s)
[ITER 72] New best cost=1483144.14 (feasible=YES, time 27.4426s)
[ITER 73] New best cost=1479235.51 (feasible=YES, time 27.5199s)
[ITER 74] New best cost=1475301.21 (feasible=YES, time 27.6472s)
[ITER 76] New best cost=1471223.50 (feasible=YES, time 29.0877s)
[ITER 80] bestGlobalCost=1471223.50 (feasible=YES) bestThisIter=1477556.52 feasibleAnts=14 noImprove=4 (elapsed 30.6571s)
[ITER 90] bestGlobalCost=1471223.50 (feasible=YES) bestThisIter=1472123.25 feasibleAnts=13 noImprove=14 (elapsed 34.2971s)
[ITER 100] bestGlobalCost=1471223.50 (feasible=YES) bestThisIter=1490020.24 feasibleAnts=13 noImprove=24 (elapsed 38.4178s)
[ITER 110] bestGlobalCost=1471223.50 (feasible=YES) bestThisIter=1498085.76 feasibleAnts=11 noImprove=34 (elapsed 43.1102s)
[ITER 120] bestGlobalCost=1471223.50 (feasible=YES) bestThisIter=1484280.05 feasibleAnts=10 noImprove=44 (elapsed 48.0532s)
[RESET] no improvement for50-> reset pheromones
[ITER 130] bestGlobalCost=1471223.50 (feasible=YES) bestThisIter=1481357.27 feasibleAnts=10 noImprove=4 (elapsed 53.1972s)
[ITER 140] bestGlobalCost=1471223.50 (feasible=YES) bestThisIter=1475541.79 feasibleAnts=13 noImprove=14 (elapsed 57.5335s)
[ITER 150] bestGlobalCost=1471223.50 (feasible=YES) bestThisIter=1493280.99 feasibleAnts=14 noImprove=24 (elapsed 62.0961s)
[ITER 160] bestGlobalCost=1471223.50 (feasible=YES) bestThisIter=1501813.98 feasibleAnts=12 noImprove=34 (elapsed 68.0362s)
[ITER 170] bestGlobalCost=1471223.50 (feasible=YES) bestThisIter=1502904.23 feasibleAnts=13 noImprove=44 (elapsed 73.1201s)
[RESET] no improvement for50-> reset pheromones
[ITER 180] bestGlobalCost=1471223.50 (feasible=YES) bestThisIter=1498999.84 feasibleAnts=12 noImprove=4 (elapsed 78.2525s)
[ITER 190] bestGlobalCost=1471223.50 (feasible=YES) bestThisIter=1490723.35 feasibleAnts=12 noImprove=14 (elapsed 82.627s)
[ITER 200] bestGlobalCost=1471223.50 (feasible=YES) bestThisIter=1479223.81 feasibleAnts=13 noImprove=24 (elapsed 87.2989s)
[ITER 210] bestGlobalCost=1471223.50 (feasible=YES) bestThisIter=1504945.60 feasibleAnts=8 noImprove=34 (elapsed 92.2165s)
[ITER 220] bestGlobalCost=1471223.50 (feasible=YES) bestThisIter=1515957.01 feasibleAnts=10 noImprove=44 (elapsed 97.4611s)
[RESET] no improvement for50-> reset pheromones
[ITER 230] bestGlobalCost=1471223.50 (feasible=YES) bestThisIter=1485291.77 feasibleAnts=12 noImprove=4 (elapsed 103.987s)
[ITER 240] bestGlobalCost=1471223.50 (feasible=YES) bestThisIter=1479059.34 feasibleAnts=12 noImprove=14 (elapsed 108.934s)
[ITER 250] bestGlobalCost=1471223.50 (feasible=YES) bestThisIter=1479503.96 feasibleAnts=13 noImprove=24 (elapsed 113.993s)
[ITER 260] bestGlobalCost=1471223.50 (feasible=YES) bestThisIter=1486379.41 feasibleAnts=12 noImprove=34 (elapsed 118.914s)
[ITER 270] bestGlobalCost=1471223.50 (feasible=YES) bestThisIter=1525525.12 feasibleAnts=13 noImprove=44 (elapsed 124.116s)
[RESET] no improvement for50-> reset pheromones
[ITER 280] bestGlobalCost=1471223.50 (feasible=YES) bestThisIter=1486869.57 feasibleAnts=10 noImprove=4 (elapsed 130.319s)
[ITER 290] bestGlobalCost=1471223.50 (feasible=YES) bestThisIter=1490803.86 feasibleAnts=9 noImprove=14 (elapsed 134.704s)
[ITER 300] bestGlobalCost=1471223.50 (feasible=YES) bestThisIter=1516467.09 feasibleAnts=13 noImprove=24 (elapsed 139.327s)
[ITER 310] bestGlobalCost=1471223.50 (feasible=YES) bestThisIter=1499559.38 feasibleAnts=10 noImprove=34 (elapsed 144.111s)
[ITER 320] bestGlobalCost=1471223.50 (feasible=YES) bestThisIter=1516232.18 feasibleAnts=11 noImprove=44 (elapsed 149.262s)
[RESET] no improvement for50-> reset pheromones
[ITER 330] bestGlobalCost=1471223.50 (feasible=YES) bestThisIter=1487780.19 feasibleAnts=12 noImprove=4 (elapsed 154.34s)
[ITER 339] New best cost=1468650.69 (feasible=YES, time 158.069s)
[ITER 340] bestGlobalCost=1468650.69 (feasible=YES) bestThisIter=1471223.50 feasibleAnts=30 noImprove=1 (elapsed 159.51s)
[ITER 348] New best cost=1464477.93 (feasible=YES, time 161.733s)
[ITER 350] bestGlobalCost=1464477.93 (feasible=YES) bestThisIter=1468208.29 feasibleAnts=13 noImprove=2 (elapsed 163.228s)
[ITER 355] New best cost=1464271.89 (feasible=YES, time 165.024s)
[ITER 358] New best cost=1461430.20 (feasible=YES, time 165.196s)
[ITER 360] bestGlobalCost=1461430.20 (feasible=YES) bestThisIter=1464271.89 feasibleAnts=12 noImprove=2 (elapsed 166.598s)
[ITER 362] New best cost=1459626.50 (feasible=YES, time 166.823s)
[ITER 363] New best cost=1459207.21 (feasible=YES, time 166.898s)
[ITER 370] bestGlobalCost=1459207.21 (feasible=YES) bestThisIter=1460310.73 feasibleAnts=15 noImprove=7 (elapsed 169.916s)
[ITER 371] New best cost=1458494.25 (feasible=YES, time 170.045s)
[ITER 380] bestGlobalCost=1458494.25 (feasible=YES) bestThisIter=1455638.29 feasibleAnts=12 noImprove=9 (elapsed 173.281s)
[ITER 390] bestGlobalCost=1458494.25 (feasible=YES) bestThisIter=1463560.75 feasibleAnts=7 noImprove=19 (elapsed 177.146s)
[ITER 400] bestGlobalCost=1458494.25 (feasible=YES) bestThisIter=1490772.48 feasibleAnts=8 noImprove=29 (elapsed 181.455s)
[ITER 410] bestGlobalCost=1458494.25 (feasible=YES) bestThisIter=1474515.33 feasibleAnts=9 noImprove=39 (elapsed 186.277s)
[ITER 420] bestGlobalCost=1458494.25 (feasible=YES) bestThisIter=1485013.17 feasibleAnts=11 noImprove=49 (elapsed 191.202s)
[RESET] no improvement for50-> reset pheromones
[ITER 430] bestGlobalCost=1458494.25 (feasible=YES) bestThisIter=1465583.14 feasibleAnts=9 noImprove=9 (elapsed 196.021s)
[ITER 440] bestGlobalCost=1458494.25 (feasible=YES) bestThisIter=1468111.39 feasibleAnts=9 noImprove=19 (elapsed 201.473s)
[ITER 450] bestGlobalCost=1458494.25 (feasible=YES) bestThisIter=1486059.96 feasibleAnts=11 noImprove=29 (elapsed 206.981s)
[ITER 460] bestGlobalCost=1458494.25 (feasible=YES) bestThisIter=1492154.34 feasibleAnts=12 noImprove=39 (elapsed 212.029s)
[ITER 470] bestGlobalCost=1458494.25 (feasible=YES) bestThisIter=1489662.15 feasibleAnts=10 noImprove=49 (elapsed 217.203s)
[RESET] no improvement for50-> reset pheromones
[ITER 480] bestGlobalCost=1458494.25 (feasible=YES) bestThisIter=1465238.14 feasibleAnts=10 noImprove=9 (elapsed 221.934s)
[ITER 490] bestGlobalCost=1458494.25 (feasible=YES) bestThisIter=1473648.02 feasibleAnts=7 noImprove=19 (elapsed 226.415s)
[ITER 500] bestGlobalCost=1458494.25 (feasible=YES) bestThisIter=1496444.58 feasibleAnts=12 noImprove=29 (elapsed 231.094s)
[ITER 510] bestGlobalCost=1458494.25 (feasible=YES) bestThisIter=1497584.95 feasibleAnts=11 noImprove=39 (elapsed 236.222s)
[ITER 520] bestGlobalCost=1458494.25 (feasible=YES) bestThisIter=1496358.68 feasibleAnts=11 noImprove=49 (elapsed 241.315s)
[RESET] no improvement for50-> reset pheromones
[ITER 530] bestGlobalCost=1458494.25 (feasible=YES) bestThisIter=1479959.52 feasibleAnts=9 noImprove=9 (elapsed 245.906s)
[ITER 531] New best cost=1457672.33 (feasible=YES, time 246.086s)
[ITER 535] New best cost=1452649.22 (feasible=YES, time 247.619s)
[ITER 540] bestGlobalCost=1452649.22 (feasible=YES) bestThisIter=1465095.34 feasibleAnts=28 noImprove=5 (elapsed 249.331s)
[ITER 550] bestGlobalCost=1452649.22 (feasible=YES) bestThisIter=1452889.26 feasibleAnts=12 noImprove=15 (elapsed 253.249s)
[ITER 555] New best cost=1452274.98 (feasible=YES, time 255.285s)
[ITER 560] bestGlobalCost=1452274.98 (feasible=YES) bestThisIter=1452649.22 feasibleAnts=19 noImprove=5 (elapsed 256.906s)
[ITER 562] New best cost=1451370.46 (feasible=YES, time 257.186s)
[ITER 567] New best cost=1443297.00 (feasible=YES, time 258.749s)
[ITER 570] bestGlobalCost=1443297.00 (feasible=YES) bestThisIter=1447415.54 feasibleAnts=12 noImprove=3 (elapsed 260.245s)
[ITER 572] New best cost=1442617.13 (feasible=YES, time 260.453s)
[ITER 580] bestGlobalCost=1442617.13 (feasible=YES) bestThisIter=1442911.95 feasibleAnts=19 noImprove=8 (elapsed 263.642s)
[ITER 590] bestGlobalCost=1442617.13 (feasible=YES) bestThisIter=1453902.31 feasibleAnts=14 noImprove=18 (elapsed 267.429s)
[ITER 600] bestGlobalCost=1442617.13 (feasible=YES) bestThisIter=1466221.68 feasibleAnts=9 noImprove=28 (elapsed 271.735s)
[ITER 610] bestGlobalCost=1442617.13 (feasible=YES) bestThisIter=1471430.63 feasibleAnts=10 noImprove=38 (elapsed 276.358s)
[ITER 620] bestGlobalCost=1442617.13 (feasible=YES) bestThisIter=1494914.56 feasibleAnts=11 noImprove=48 (elapsed 281.351s)
[RESET] no improvement for50-> reset pheromones
[ITER 630] bestGlobalCost=1442617.13 (feasible=YES) bestThisIter=1446871.41 feasibleAnts=13 noImprove=8 (elapsed 286.177s)
[ITER 640] bestGlobalCost=1442617.13 (feasible=YES) bestThisIter=1446350.19 feasibleAnts=12 noImprove=18 (elapsed 290.476s)
[ITER 650] bestGlobalCost=1442617.13 (feasible=YES) bestThisIter=1488386.54 feasibleAnts=9 noImprove=28 (elapsed 295.06s)
[ITER 660] bestGlobalCost=1442617.13 (feasible=YES) bestThisIter=1507013.48 feasibleAnts=6 noImprove=38 (elapsed 299.948s)
[ITER 670] bestGlobalCost=1442617.13 (feasible=YES) bestThisIter=1508832.25 feasibleAnts=7 noImprove=48 (elapsed 305.129s)
[RESET] no improvement for50-> reset pheromones
[ITER 680] bestGlobalCost=1442617.13 (feasible=YES) bestThisIter=1447572.34 feasibleAnts=10 noImprove=8 (elapsed 309.965s)
[ITER 690] bestGlobalCost=1442617.13 (feasible=YES) bestThisIter=1447330.70 feasibleAnts=12 noImprove=18 (elapsed 314.35s)
[ITER 700] bestGlobalCost=1442617.13 (feasible=YES) bestThisIter=1491315.50 feasibleAnts=9 noImprove=28 (elapsed 320.003s)
[ITER 710] bestGlobalCost=1442617.13 (feasible=YES) bestThisIter=1497111.99 feasibleAnts=10 noImprove=38 (elapsed 325.34s)
[ITER 720] bestGlobalCost=1442617.13 (feasible=YES) bestThisIter=1497451.30 feasibleAnts=7 noImprove=48 (elapsed 331.828s)
[RESET] no improvement for50-> reset pheromones
[ITER 730] bestGlobalCost=1442617.13 (feasible=YES) bestThisIter=1463816.64 feasibleAnts=13 noImprove=8 (elapsed 336.572s)
[ITER 740] bestGlobalCost=1442617.13 (feasible=YES) bestThisIter=1444108.41 feasibleAnts=12 noImprove=18 (elapsed 340.861s)
[ITER 750] bestGlobalCost=1442617.13 (feasible=YES) bestThisIter=1449781.91 feasibleAnts=11 noImprove=28 (elapsed 345.521s)
[ITER 760] bestGlobalCost=1442617.13 (feasible=YES) bestThisIter=1499064.86 feasibleAnts=11 noImprove=38 (elapsed 351.655s)
2 3 4 5 6 7 8 9 10 11 12 20 78 81 82 83 91 
13 14 15 16 17 18 19 21 72 74 75 76 77 79 90 97 98 99 
137 138 139 140 181 182 184 185 186 187 188 189 208 209 211 252 253 
178 179 180 183 212 213 214 215 216 217 245 246 247 248 249 250 
25 26 28 29 30 31 32 33 34 36 39 63 64 65 66 110 111 113 115 117 
22 23 24 27 67 68 69 70 71 73 101 102 103 104 105 106 108 109 
133 134 135 192 194 195 196 197 198 199 200 201 202 203 258 259 260 
44 53 59 107 112 146 147 159 160 161 234 243 244 
80 84 85 86 87 88 89 92 93 94 95 96 100 130 131 132 
145 148 162 163 164 165 167 168 222 223 224 225 226 237 238 239 240 264 
41 45 49 50 51 52 54 55 56 57 58 122 123 124 125 126 127 128 129 
136 190 191 193 204 205 206 207 210 251 254 255 256 257 261 262 263 
149 150 151 152 153 154 155 156 157 158 227 228 229 230 231 232 233 235 236 
141 142 143 144 166 169 170 171 172 173 174 175 176 177 218 219 220 221 241 242 
1 35 37 38 40 42 43 46 47 48 60 61 62 114 116 118 119 120 121 
[SAVELOGS] evolution saved to results/logs/aco_logs/evolution/pr264_15_2.txt
[SAVELOGS] best cost saved to results/logs/aco_logs/objectives/pr264_15_2.txt
[SAVELOGS] best solution saved to results/logs/aco_logs/solutions/pr264_15_2.txt
