[ITER 1] New best cost=235850.80 (feasible=YES, time 0.104993s)
[ITER 2] New best cost=233396.89 (feasible=YES, time 0.151686s)
[ITER 3] New best cost=225864.48 (feasible=YES, time 0.202881s)
[ITER 6] New best cost=224699.65 (feasible=YES, time 0.384412s)
[ITER 9] New best cost=224669.68 (feasible=YES, time 0.56485s)
[ITER 10] bestGlobalCost=224669.68 (feasible=YES) bestThisIter=224669.68 feasibleAnts=17 noImprove=1 (elapsed 0.61303s)
[ITER 20] bestGlobalCost=224669.68 (feasible=YES) bestThisIter=224669.68 feasibleAnts=10 noImprove=11 (elapsed 3.15742s)
[ITER 30] bestGlobalCost=224669.68 (feasible=YES) bestThisIter=225738.78 feasibleAnts=10 noImprove=21 (elapsed 5.49438s)
[RESET] no improvement for30-> reset pheromones
[ITER 40] bestGlobalCost=224669.68 (feasible=YES) bestThisIter=247707.58 feasibleAnts=10 noImprove=1 (elapsed 5.95552s)
[ITER 50] bestGlobalCost=224669.68 (feasible=YES) bestThisIter=225581.36 feasibleAnts=10 noImprove=11 (elapsed 8.32865s)
[ITER 60] bestGlobalCost=224669.68 (feasible=YES) bestThisIter=225864.48 feasibleAnts=10 noImprove=21 (elapsed 10.9513s)
[RESET] no improvement for30-> reset pheromones
[ITER 70] bestGlobalCost=224669.68 (feasible=YES) bestThisIter=235752.60 feasibleAnts=10 noImprove=1 (elapsed 11.4975s)
[ITER 80] bestGlobalCost=224669.68 (feasible=YES) bestThisIter=231153.93 feasibleAnts=10 noImprove=11 (elapsed 13.8009s)
[ITER 90] bestGlobalCost=224669.68 (feasible=YES) bestThisIter=224699.65 feasibleAnts=10 noImprove=21 (elapsed 15.9514s)
[RESET] no improvement for30-> reset pheromones
[ITER 100] bestGlobalCost=224669.68 (feasible=YES) bestThisIter=236276.49 feasibleAnts=10 noImprove=1 (elapsed 16.4206s)
[ITER 110] bestGlobalCost=224669.68 (feasible=YES) bestThisIter=231622.70 feasibleAnts=10 noImprove=11 (elapsed 18.6892s)
[ITER 120] bestGlobalCost=224669.68 (feasible=YES) bestThisIter=230353.09 feasibleAnts=10 noImprove=21 (elapsed 21.1512s)
[RESET] no improvement for30-> reset pheromones
[ITER 130] bestGlobalCost=224669.68 (feasible=YES) bestThisIter=241709.43 feasibleAnts=10 noImprove=1 (elapsed 21.746s)
[ITER 140] bestGlobalCost=224669.68 (feasible=YES) bestThisIter=230174.85 feasibleAnts=10 noImprove=11 (elapsed 24.3931s)
[ITER 150] bestGlobalCost=224669.68 (feasible=YES) bestThisIter=224669.68 feasibleAnts=10 noImprove=21 (elapsed 26.4681s)
[RESET] no improvement for30-> reset pheromones
[ITER 160] bestGlobalCost=224669.68 (feasible=YES) bestThisIter=240998.50 feasibleAnts=10 noImprove=1 (elapsed 26.9082s)
[ITER 170] bestGlobalCost=224669.68 (feasible=YES) bestThisIter=233094.88 feasibleAnts=10 noImprove=11 (elapsed 29.1436s)
[ITER 180] bestGlobalCost=224669.68 (feasible=YES) bestThisIter=230290.04 feasibleAnts=10 noImprove=21 (elapsed 31.2844s)
[RESET] no improvement for30-> reset pheromones
[ITER 190] bestGlobalCost=224669.68 (feasible=YES) bestThisIter=240308.17 feasibleAnts=10 noImprove=1 (elapsed 31.7196s)
[ITER 200] bestGlobalCost=224669.68 (feasible=YES) bestThisIter=227922.24 feasibleAnts=10 noImprove=11 (elapsed 34.487s)
[ITER 210] bestGlobalCost=224669.68 (feasible=YES) bestThisIter=229272.31 feasibleAnts=10 noImprove=21 (elapsed 36.827s)
[RESET] no improvement for30-> reset pheromones
[ITER 220] bestGlobalCost=224669.68 (feasible=YES) bestThisIter=242420.71 feasibleAnts=10 noImprove=1 (elapsed 37.3159s)
[ITER 230] bestGlobalCost=224669.68 (feasible=YES) bestThisIter=228590.43 feasibleAnts=10 noImprove=11 (elapsed 39.5281s)
[ITER 240] bestGlobalCost=224669.68 (feasible=YES) bestThisIter=231692.59 feasibleAnts=10 noImprove=21 (elapsed 41.665s)
[RESET] no improvement for30-> reset pheromones
[ITER 250] bestGlobalCost=224669.68 (feasible=YES) bestThisIter=245898.88 feasibleAnts=10 noImprove=1 (elapsed 42.131s)
[ITER 260] bestGlobalCost=224669.68 (feasible=YES) bestThisIter=237870.12 feasibleAnts=10 noImprove=11 (elapsed 44.6238s)
[ITER 270] bestGlobalCost=224669.68 (feasible=YES) bestThisIter=224669.68 feasibleAnts=10 noImprove=21 (elapsed 47.3079s)
[RESET] no improvement for30-> reset pheromones
[ITER 280] bestGlobalCost=224669.68 (feasible=YES) bestThisIter=234918.82 feasibleAnts=10 noImprove=1 (elapsed 47.8517s)
[ITER 290] bestGlobalCost=224669.68 (feasible=YES) bestThisIter=225101.16 feasibleAnts=10 noImprove=11 (elapsed 50.0969s)
[ITER 300] bestGlobalCost=224669.68 (feasible=YES) bestThisIter=224669.68 feasibleAnts=10 noImprove=21 (elapsed 52.3315s)
[RESET] no improvement for30-> reset pheromones
[ITER 310] bestGlobalCost=224669.68 (feasible=YES) bestThisIter=235883.24 feasibleAnts=10 noImprove=1 (elapsed 52.9496s)
[ITER 320] bestGlobalCost=224669.68 (feasible=YES) bestThisIter=225101.16 feasibleAnts=10 noImprove=11 (elapsed 55.8002s)
[ITER 330] bestGlobalCost=224669.68 (feasible=YES) bestThisIter=224669.68 feasibleAnts=10 noImprove=21 (elapsed 57.9163s)
[RESET] no improvement for30-> reset pheromones
[ITER 340] bestGlobalCost=224669.68 (feasible=YES) bestThisIter=243418.90 feasibleAnts=10 noImprove=1 (elapsed 58.3683s)
4 12 14 18 19 29 32 46 49 93 99 
1 15 27 31 40 53 65 79 80 85 
11 16 44 51 52 63 66 84 87 96 
2 3 30 35 41 59 60 73 77 89 
10 33 36 45 57 69 74 81 92 97 100 
21 23 50 62 68 70 76 91 94 95 
7 9 24 26 37 48 61 78 82 
8 17 22 25 34 58 72 90 98 
5 28 38 39 43 56 71 83 86 88 
6 13 20 42 47 54 55 64 67 75 
[SAVELOGS] evolution saved to results/logs/kroC100_10_3/evolution/kroC100_10_3
[SAVELOGS] best cost saved to results/logs/kroC100_10_3/objectives/kroC100_10_3
[SAVELOGS] best solution saved to results/logs/kroC100_10_3/solutions/kroC100_10_3
