[ITER 1] New best cost=2025720.48 (feasible=YES, time 0.077692s)
[ITER 2] New best cost=1987918.73 (feasible=YES, time 0.121348s)
[ITER 3] New best cost=1987709.68 (feasible=YES, time 0.159565s)
[ITER 5] New best cost=1980455.23 (feasible=YES, time 0.251371s)
[ITER 10] New best cost=1976492.47 (feasible=YES, time 0.52053s)
[ITER 10] bestGlobalCost=1976492.47 (feasible=YES) bestThisIter=1976492.47 feasibleAnts=10 noImprove=0 (elapsed 0.523813s)
[ITER 20] bestGlobalCost=1976492.47 (feasible=YES) bestThisIter=1976492.47 feasibleAnts=14 noImprove=10 (elapsed 3.68715s)
[ITER 30] bestGlobalCost=1976492.47 (feasible=YES) bestThisIter=1976492.47 feasibleAnts=12 noImprove=20 (elapsed 6.69533s)
[ITER 38] New best cost=1973941.06 (feasible=YES, time 7.07827s)
[ITER 40] bestGlobalCost=1973941.06 (feasible=YES) bestThisIter=1976492.47 feasibleAnts=20 noImprove=2 (elapsed 7.15186s)
[ITER 50] bestGlobalCost=1973941.06 (feasible=YES) bestThisIter=1973941.06 feasibleAnts=10 noImprove=12 (elapsed 9.77049s)
[ITER 60] bestGlobalCost=1973941.06 (feasible=YES) bestThisIter=1973941.06 feasibleAnts=10 noImprove=22 (elapsed 12.617s)
[RESET] no improvement for30-> reset pheromones
[ITER 70] bestGlobalCost=1973941.06 (feasible=YES) bestThisIter=1992333.14 feasibleAnts=10 noImprove=2 (elapsed 13.0933s)
[ITER 80] bestGlobalCost=1973941.06 (feasible=YES) bestThisIter=1973941.06 feasibleAnts=10 noImprove=12 (elapsed 16.3253s)
[ITER 90] bestGlobalCost=1973941.06 (feasible=YES) bestThisIter=1973941.06 feasibleAnts=10 noImprove=22 (elapsed 19.3908s)
[RESET] no improvement for30-> reset pheromones
[ITER 100] bestGlobalCost=1973941.06 (feasible=YES) bestThisIter=1990537.97 feasibleAnts=10 noImprove=2 (elapsed 19.7461s)
[ITER 110] bestGlobalCost=1973941.06 (feasible=YES) bestThisIter=1973941.06 feasibleAnts=10 noImprove=12 (elapsed 22.5563s)
[ITER 120] bestGlobalCost=1973941.06 (feasible=YES) bestThisIter=1973941.06 feasibleAnts=10 noImprove=22 (elapsed 25.5596s)
[RESET] no improvement for30-> reset pheromones
[ITER 130] bestGlobalCost=1973941.06 (feasible=YES) bestThisIter=1987709.68 feasibleAnts=10 noImprove=2 (elapsed 25.9829s)
[ITER 140] bestGlobalCost=1973941.06 (feasible=YES) bestThisIter=1973941.06 feasibleAnts=10 noImprove=12 (elapsed 29.176s)
[ITER 150] bestGlobalCost=1973941.06 (feasible=YES) bestThisIter=1977943.02 feasibleAnts=10 noImprove=22 (elapsed 32.0803s)
[RESET] no improvement for30-> reset pheromones
[ITER 160] bestGlobalCost=1973941.06 (feasible=YES) bestThisIter=1990068.31 feasibleAnts=10 noImprove=2 (elapsed 32.5065s)
[ITER 170] bestGlobalCost=1973941.06 (feasible=YES) bestThisIter=1988103.15 feasibleAnts=10 noImprove=12 (elapsed 35.6992s)
[ITER 180] bestGlobalCost=1973941.06 (feasible=YES) bestThisIter=1973941.06 feasibleAnts=10 noImprove=22 (elapsed 38.7618s)
[RESET] no improvement for30-> reset pheromones
[ITER 190] bestGlobalCost=1973941.06 (feasible=YES) bestThisIter=2008993.56 feasibleAnts=10 noImprove=2 (elapsed 39.2176s)
[ITER 200] bestGlobalCost=1973941.06 (feasible=YES) bestThisIter=1986923.74 feasibleAnts=10 noImprove=12 (elapsed 42.379s)
[ITER 210] bestGlobalCost=1973941.06 (feasible=YES) bestThisIter=1979481.35 feasibleAnts=10 noImprove=22 (elapsed 45.1807s)
[RESET] no improvement for30-> reset pheromones
[ITER 220] bestGlobalCost=1973941.06 (feasible=YES) bestThisIter=1977943.02 feasibleAnts=10 noImprove=2 (elapsed 45.6412s)
[ITER 230] bestGlobalCost=1973941.06 (feasible=YES) bestThisIter=1979481.35 feasibleAnts=10 noImprove=12 (elapsed 48.5756s)
[ITER 240] bestGlobalCost=1973941.06 (feasible=YES) bestThisIter=1973941.06 feasibleAnts=10 noImprove=22 (elapsed 51.6235s)
[RESET] no improvement for30-> reset pheromones
[ITER 250] bestGlobalCost=1973941.06 (feasible=YES) bestThisIter=1990875.80 feasibleAnts=10 noImprove=2 (elapsed 52.0793s)
[ITER 260] bestGlobalCost=1973941.06 (feasible=YES) bestThisIter=1989980.64 feasibleAnts=10 noImprove=12 (elapsed 54.9032s)
[ITER 270] bestGlobalCost=1973941.06 (feasible=YES) bestThisIter=1979825.78 feasibleAnts=9 noImprove=22 (elapsed 57.8783s)
[RESET] no improvement for30-> reset pheromones
[ITER 280] bestGlobalCost=1973941.06 (feasible=YES) bestThisIter=1973941.06 feasibleAnts=10 noImprove=2 (elapsed 58.3998s)
55 56 58 85 87 89 91 92 93 94 96 97 98 99 100 101 102 103 104 105 106 107 
1 3 4 5 6 7 8 9 10 11 12 13 14 15 16 17 18 19 20 21 24 30 
2 23 27 28 29 31 32 34 35 57 59 60 61 80 81 86 90 95 
22 25 26 33 36 37 38 39 40 41 42 43 44 45 46 47 48 49 50 51 52 53 54 
62 63 64 65 66 67 68 69 70 71 72 73 74 75 76 77 78 79 82 83 84 88 
[SAVELOGS] evolution saved to results/logs/pr107_05_4/evolution/pr107_05_4
[SAVELOGS] best cost saved to results/logs/pr107_05_4/objectives/pr107_05_4
[SAVELOGS] best solution saved to results/logs/pr107_05_4/solutions/pr107_05_4
