[ITER 1] New best cost=2018048.06 (feasible=YES, time 0.0486425s)
[ITER 2] New best cost=1990565.51 (feasible=YES, time 0.110599s)
[ITER 10] bestGlobalCost=1990565.51 (feasible=YES) bestThisIter=1996406.00 feasibleAnts=10 noImprove=8 (elapsed 0.599642s)
[ITER 15] New best cost=1978963.11 (feasible=YES, time 3.13925s)
[ITER 20] bestGlobalCost=1978963.11 (feasible=YES) bestThisIter=1978963.11 feasibleAnts=20 noImprove=5 (elapsed 3.92044s)
[ITER 21] New best cost=1973941.06 (feasible=YES, time 3.97695s)
[ITER 30] bestGlobalCost=1973941.06 (feasible=YES) bestThisIter=1973941.06 feasibleAnts=11 noImprove=9 (elapsed 6.99674s)
[ITER 40] bestGlobalCost=1973941.06 (feasible=YES) bestThisIter=1973941.06 feasibleAnts=10 noImprove=19 (elapsed 7.51688s)
[ITER 50] bestGlobalCost=1973941.06 (feasible=YES) bestThisIter=1973941.06 feasibleAnts=10 noImprove=29 (elapsed 10.7493s)
[RESET] no improvement for30-> reset pheromones
[ITER 60] bestGlobalCost=1973941.06 (feasible=YES) bestThisIter=2012315.48 feasibleAnts=10 noImprove=9 (elapsed 15.1111s)
[ITER 70] bestGlobalCost=1973941.06 (feasible=YES) bestThisIter=1973941.06 feasibleAnts=10 noImprove=19 (elapsed 15.5648s)
[ITER 80] bestGlobalCost=1973941.06 (feasible=YES) bestThisIter=1973941.06 feasibleAnts=10 noImprove=29 (elapsed 18.8148s)
[RESET] no improvement for30-> reset pheromones
[ITER 90] bestGlobalCost=1973941.06 (feasible=YES) bestThisIter=1977943.02 feasibleAnts=10 noImprove=9 (elapsed 22.0304s)
[ITER 100] bestGlobalCost=1973941.06 (feasible=YES) bestThisIter=1973941.06 feasibleAnts=9 noImprove=19 (elapsed 22.4726s)
[ITER 110] bestGlobalCost=1973941.06 (feasible=YES) bestThisIter=1986923.74 feasibleAnts=10 noImprove=29 (elapsed 26.0605s)
[RESET] no improvement for30-> reset pheromones
[ITER 120] bestGlobalCost=1973941.06 (feasible=YES) bestThisIter=1977943.02 feasibleAnts=10 noImprove=9 (elapsed 29.3905s)
[ITER 130] bestGlobalCost=1973941.06 (feasible=YES) bestThisIter=1973941.06 feasibleAnts=10 noImprove=19 (elapsed 29.8949s)
[ITER 140] bestGlobalCost=1973941.06 (feasible=YES) bestThisIter=1973941.06 feasibleAnts=10 noImprove=29 (elapsed 32.9185s)
[RESET] no improvement for30-> reset pheromones
[ITER 150] bestGlobalCost=1973941.06 (feasible=YES) bestThisIter=1994532.77 feasibleAnts=10 noImprove=9 (elapsed 36.1249s)
[ITER 160] bestGlobalCost=1973941.06 (feasible=YES) bestThisIter=1973941.06 feasibleAnts=10 noImprove=19 (elapsed 36.6161s)
[ITER 170] bestGlobalCost=1973941.06 (feasible=YES) bestThisIter=1973941.06 feasibleAnts=10 noImprove=29 (elapsed 39.6936s)
[RESET] no improvement for30-> reset pheromones
[ITER 180] bestGlobalCost=1973941.06 (feasible=YES) bestThisIter=1993804.48 feasibleAnts=10 noImprove=9 (elapsed 43.0393s)
[ITER 190] bestGlobalCost=1973941.06 (feasible=YES) bestThisIter=1973941.06 feasibleAnts=10 noImprove=19 (elapsed 43.4337s)
[ITER 200] bestGlobalCost=1973941.06 (feasible=YES) bestThisIter=1973941.06 feasibleAnts=10 noImprove=29 (elapsed 46.0933s)
[RESET] no improvement for30-> reset pheromones
[ITER 210] bestGlobalCost=1973941.06 (feasible=YES) bestThisIter=1992441.82 feasibleAnts=10 noImprove=9 (elapsed 49.3144s)
[ITER 220] bestGlobalCost=1973941.06 (feasible=YES) bestThisIter=1973941.06 feasibleAnts=10 noImprove=19 (elapsed 49.75s)
[ITER 230] bestGlobalCost=1973941.06 (feasible=YES) bestThisIter=1977943.02 feasibleAnts=10 noImprove=29 (elapsed 52.8928s)
[RESET] no improvement for30-> reset pheromones
[ITER 240] bestGlobalCost=1973941.06 (feasible=YES) bestThisIter=1993804.48 feasibleAnts=10 noImprove=9 (elapsed 56.1632s)
[ITER 250] bestGlobalCost=1973941.06 (feasible=YES) bestThisIter=1973941.06 feasibleAnts=10 noImprove=19 (elapsed 56.7014s)
[ITER 260] bestGlobalCost=1973941.06 (feasible=YES) bestThisIter=1973941.06 feasibleAnts=10 noImprove=29 (elapsed 59.7277s)
[RESET] no improvement for30-> reset pheromones
55 56 58 85 87 89 91 92 93 94 96 97 98 99 100 101 102 103 104 105 106 107 
2 23 27 28 29 31 32 34 35 57 59 60 61 80 81 86 90 95 
62 63 64 65 66 67 68 69 70 71 72 73 74 75 76 77 78 79 82 83 84 88 
22 25 26 33 36 37 38 39 40 41 42 43 44 45 46 47 48 49 50 51 52 53 54 
1 3 4 5 6 7 8 9 10 11 12 13 14 15 16 17 18 19 20 21 24 30 
[SAVELOGS] evolution saved to results/logs/pr107_05_4/evolution/pr107_05_4
[SAVELOGS] best cost saved to results/logs/pr107_05_4/objectives/pr107_05_4
[SAVELOGS] best solution saved to results/logs/pr107_05_4/solutions/pr107_05_4
