[ITER 1] New best cost=140747.38 (feasible=YES, time 0.109017s)
[ITER 2] New best cost=131460.92 (feasible=YES, time 0.220323s)
[ITER 3] New best cost=128492.74 (feasible=YES, time 0.295541s)
[ITER 4] New best cost=124988.43 (feasible=YES, time 0.36938s)
[ITER 8] New best cost=124398.38 (feasible=YES, time 0.677887s)
[ITER 10] bestGlobalCost=124398.38 (feasible=YES) bestThisIter=124490.47 feasibleAnts=10 noImprove=2 (elapsed 0.799343s)
[ITER 12] New best cost=123808.12 (feasible=YES, time 0.911708s)
[ITER 15] New best cost=123745.94 (feasible=YES, time 1.54043s)
[ITER 15] New best cost=122535.55 (feasible=YES, time 3.04284s)
[ITER 18] New best cost=121986.22 (feasible=YES, time 3.70445s)
[ITER 19] New best cost=120901.72 (feasible=YES, time 3.77012s)
[ITER 20] bestGlobalCost=120901.72 (feasible=YES) bestThisIter=120864.14 feasibleAnts=10 noImprove=1 (elapsed 3.82679s)
[ITER 21] New best cost=119491.29 (feasible=YES, time 3.88225s)
[ITER 24] New best cost=118456.55 (feasible=YES, time 4.07228s)
[ITER 30] bestGlobalCost=118456.55 (feasible=YES) bestThisIter=118456.55 feasibleAnts=10 noImprove=6 (elapsed 6.42534s)
[ITER 40] bestGlobalCost=118456.55 (feasible=YES) bestThisIter=121826.95 feasibleAnts=10 noImprove=16 (elapsed 7.09245s)
[ITER 50] bestGlobalCost=118456.55 (feasible=YES) bestThisIter=126901.96 feasibleAnts=10 noImprove=26 (elapsed 10.2531s)
[RESET] no improvement for30-> reset pheromones
[ITER 60] bestGlobalCost=118456.55 (feasible=YES) bestThisIter=130256.13 feasibleAnts=10 noImprove=6 (elapsed 13.3276s)
[ITER 70] bestGlobalCost=118456.55 (feasible=YES) bestThisIter=121394.22 feasibleAnts=10 noImprove=16 (elapsed 14.1607s)
[ITER 80] bestGlobalCost=118456.55 (feasible=YES) bestThisIter=133887.94 feasibleAnts=10 noImprove=26 (elapsed 16.8876s)
[RESET] no improvement for30-> reset pheromones
[ITER 90] bestGlobalCost=118456.55 (feasible=YES) bestThisIter=128516.95 feasibleAnts=10 noImprove=6 (elapsed 19.6265s)
[ITER 100] bestGlobalCost=118456.55 (feasible=YES) bestThisIter=125852.09 feasibleAnts=10 noImprove=16 (elapsed 20.6682s)
[ITER 110] bestGlobalCost=118456.55 (feasible=YES) bestThisIter=124108.20 feasibleAnts=10 noImprove=26 (elapsed 23.9902s)
[RESET] no improvement for30-> reset pheromones
[ITER 120] New best cost=118330.53 (feasible=YES, time 26.0083s)
[ITER 120] bestGlobalCost=118330.53 (feasible=YES) bestThisIter=136168.07 feasibleAnts=10 noImprove=0 (elapsed 26.7908s)
[ITER 130] bestGlobalCost=118330.53 (feasible=YES) bestThisIter=120412.01 feasibleAnts=7 noImprove=10 (elapsed 27.3849s)
[ITER 140] bestGlobalCost=118330.53 (feasible=YES) bestThisIter=126022.76 feasibleAnts=10 noImprove=20 (elapsed 30.5976s)
[ITER 150] bestGlobalCost=118330.53 (feasible=YES) bestThisIter=120748.77 feasibleAnts=10 noImprove=30 (elapsed 33.4327s)
[RESET] no improvement for30-> reset pheromones
[ITER 160] bestGlobalCost=118330.53 (feasible=YES) bestThisIter=126140.30 feasibleAnts=10 noImprove=10 (elapsed 34.2617s)
[ITER 170] bestGlobalCost=118330.53 (feasible=YES) bestThisIter=122204.92 feasibleAnts=10 noImprove=20 (elapsed 37.2789s)
[ITER 180] bestGlobalCost=118330.53 (feasible=YES) bestThisIter=119806.15 feasibleAnts=10 noImprove=30 (elapsed 40.4818s)
[RESET] no improvement for30-> reset pheromones
[ITER 190] bestGlobalCost=118330.53 (feasible=YES) bestThisIter=133041.68 feasibleAnts=10 noImprove=10 (elapsed 41.32s)
[ITER 200] bestGlobalCost=118330.53 (feasible=YES) bestThisIter=130480.83 feasibleAnts=10 noImprove=20 (elapsed 44.128s)
[ITER 210] bestGlobalCost=118330.53 (feasible=YES) bestThisIter=129591.58 feasibleAnts=10 noImprove=30 (elapsed 47.3883s)
[RESET] no improvement for30-> reset pheromones
[ITER 220] bestGlobalCost=118330.53 (feasible=YES) bestThisIter=124508.36 feasibleAnts=10 noImprove=10 (elapsed 48.3725s)
[ITER 230] bestGlobalCost=118330.53 (feasible=YES) bestThisIter=122001.14 feasibleAnts=10 noImprove=20 (elapsed 51.1146s)
[ITER 240] bestGlobalCost=118330.53 (feasible=YES) bestThisIter=124900.69 feasibleAnts=10 noImprove=30 (elapsed 54.2205s)
[RESET] no improvement for30-> reset pheromones
[ITER 250] bestGlobalCost=118330.53 (feasible=YES) bestThisIter=129155.82 feasibleAnts=10 noImprove=10 (elapsed 55.2721s)
[ITER 260] bestGlobalCost=118330.53 (feasible=YES) bestThisIter=126274.54 feasibleAnts=10 noImprove=20 (elapsed 58.0406s)
[ITER 270] bestGlobalCost=118330.53 (feasible=YES) bestThisIter=126723.42 feasibleAnts=10 noImprove=30 (elapsed 61.0226s)
[RESET] no improvement for30-> reset pheromones
2 19 30 35 51 92 100 
18 40 59 64 83 85 
12 21 25 28 47 56 95 
4 44 53 60 71 77 93 
31 33 57 72 78 80 99 
16 39 43 54 63 73 91 
14 45 65 68 86 96 
3 5 6 9 10 20 82 
8 38 46 52 66 76 
22 23 32 42 70 89 
13 15 41 69 79 84 88 
1 11 24 27 34 50 81 
7 29 36 58 61 67 74 75 
26 37 48 55 62 87 
17 49 90 94 97 98 
[SAVELOGS] evolution saved to results/logs/kroD100_15_3/evolution/kroD100_15_3
[SAVELOGS] best cost saved to results/logs/kroD100_15_3/objectives/kroD100_15_3
[SAVELOGS] best solution saved to results/logs/kroD100_15_3/solutions/kroD100_15_3
