[ITER 1] New best cost=2754947.81 (feasible=YES, time 0.894298s)
[ITER 2] New best cost=2749123.77 (feasible=YES, time 0.936699s)
[ITER 10] bestGlobalCost=2749123.77 (feasible=YES) bestThisIter=2749826.80 feasibleAnts=12 noImprove=8 (elapsed 1.23923s)
[ITER 20] bestGlobalCost=2749123.77 (feasible=YES) bestThisIter=2747592.36 feasibleAnts=13 noImprove=18 (elapsed 2.49477s)
[ITER 30] bestGlobalCost=2749123.77 (feasible=YES) bestThisIter=2750738.38 feasibleAnts=13 noImprove=28 (elapsed 3.72387s)
[ITER 40] bestGlobalCost=2749123.77 (feasible=YES) bestThisIter=2756985.93 feasibleAnts=15 noImprove=38 (elapsed 4.94799s)
[ITER 45] New best cost=2748556.78 (feasible=YES, time 5.96276s)
[ITER 50] bestGlobalCost=2748556.78 (feasible=YES) bestThisIter=2752500.66 feasibleAnts=11 noImprove=5 (elapsed 6.15371s)
[ITER 60] New best cost=2747445.47 (feasible=YES, time 7.39298s)
[ITER 60] bestGlobalCost=2747445.47 (feasible=YES) bestThisIter=2748556.78 feasibleAnts=15 noImprove=0 (elapsed 7.39767s)
[ITER 70] bestGlobalCost=2747445.47 (feasible=YES) bestThisIter=2748556.78 feasibleAnts=14 noImprove=10 (elapsed 8.6199s)
[ITER 80] bestGlobalCost=2747445.47 (feasible=YES) bestThisIter=2748890.54 feasibleAnts=13 noImprove=20 (elapsed 9.87164s)
[ITER 90] bestGlobalCost=2747445.47 (feasible=YES) bestThisIter=2751893.87 feasibleAnts=13 noImprove=30 (elapsed 11.1164s)
[ITER 100] bestGlobalCost=2747445.47 (feasible=YES) bestThisIter=2744887.25 feasibleAnts=11 noImprove=40 (elapsed 12.3497s)
[ITER 110] bestGlobalCost=2747445.47 (feasible=YES) bestThisIter=2758646.85 feasibleAnts=14 noImprove=50 (elapsed 13.5649s)
[RESET] no improvement for50-> reset pheromones
[ITER 120] bestGlobalCost=2747445.47 (feasible=YES) bestThisIter=2748890.54 feasibleAnts=14 noImprove=10 (elapsed 14.8032s)
[ITER 130] bestGlobalCost=2747445.47 (feasible=YES) bestThisIter=2748890.54 feasibleAnts=15 noImprove=20 (elapsed 16.0269s)
[ITER 140] bestGlobalCost=2747445.47 (feasible=YES) bestThisIter=2755078.98 feasibleAnts=15 noImprove=30 (elapsed 17.2546s)
[ITER 150] bestGlobalCost=2747445.47 (feasible=YES) bestThisIter=2757543.53 feasibleAnts=13 noImprove=40 (elapsed 18.5014s)
[ITER 160] bestGlobalCost=2747445.47 (feasible=YES) bestThisIter=2755069.74 feasibleAnts=14 noImprove=50 (elapsed 19.7098s)
[RESET] no improvement for50-> reset pheromones
[ITER 170] bestGlobalCost=2747445.47 (feasible=YES) bestThisIter=2748556.78 feasibleAnts=14 noImprove=10 (elapsed 20.9427s)
[ITER 180] bestGlobalCost=2747445.47 (feasible=YES) bestThisIter=2744887.25 feasibleAnts=12 noImprove=20 (elapsed 22.1705s)
[ITER 190] bestGlobalCost=2747445.47 (feasible=YES) bestThisIter=2750017.83 feasibleAnts=12 noImprove=30 (elapsed 23.4029s)
[ITER 200] bestGlobalCost=2747445.47 (feasible=YES) bestThisIter=2748556.78 feasibleAnts=13 noImprove=40 (elapsed 24.6231s)
[ITER 210] bestGlobalCost=2747445.47 (feasible=YES) bestThisIter=2748890.54 feasibleAnts=15 noImprove=50 (elapsed 25.8873s)
[RESET] no improvement for50-> reset pheromones
[ITER 220] bestGlobalCost=2747445.47 (feasible=YES) bestThisIter=2744887.25 feasibleAnts=12 noImprove=10 (elapsed 27.1517s)
[ITER 230] bestGlobalCost=2747445.47 (feasible=YES) bestThisIter=2754653.65 feasibleAnts=13 noImprove=20 (elapsed 28.491s)
[ITER 240] bestGlobalCost=2747445.47 (feasible=YES) bestThisIter=2753900.71 feasibleAnts=13 noImprove=30 (elapsed 30.1463s)
[ITER 250] bestGlobalCost=2747445.47 (feasible=YES) bestThisIter=2748890.54 feasibleAnts=13 noImprove=40 (elapsed 31.8033s)
[ITER 260] bestGlobalCost=2747445.47 (feasible=YES) bestThisIter=2752953.05 feasibleAnts=13 noImprove=50 (elapsed 33.1519s)
[RESET] no improvement for50-> reset pheromones
[ITER 270] bestGlobalCost=2747445.47 (feasible=YES) bestThisIter=2754946.53 feasibleAnts=15 noImprove=10 (elapsed 34.414s)
[ITER 280] bestGlobalCost=2747445.47 (feasible=YES) bestThisIter=2749243.66 feasibleAnts=14 noImprove=20 (elapsed 35.6429s)
[ITER 290] bestGlobalCost=2747445.47 (feasible=YES) bestThisIter=2760828.92 feasibleAnts=13 noImprove=30 (elapsed 37.1056s)
[ITER 300] bestGlobalCost=2747445.47 (feasible=YES) bestThisIter=2755054.61 feasibleAnts=13 noImprove=40 (elapsed 38.6958s)
[ITER 310] bestGlobalCost=2747445.47 (feasible=YES) bestThisIter=2748890.54 feasibleAnts=14 noImprove=50 (elapsed 40.3298s)
[RESET] no improvement for50-> reset pheromones
[ITER 320] bestGlobalCost=2747445.47 (feasible=YES) bestThisIter=2749523.19 feasibleAnts=14 noImprove=10 (elapsed 41.5465s)
[ITER 330] bestGlobalCost=2747445.47 (feasible=YES) bestThisIter=2756288.62 feasibleAnts=15 noImprove=20 (elapsed 42.7906s)
[ITER 340] bestGlobalCost=2747445.47 (feasible=YES) bestThisIter=2748890.54 feasibleAnts=15 noImprove=30 (elapsed 44.0217s)
[ITER 350] bestGlobalCost=2747445.47 (feasible=YES) bestThisIter=2752574.20 feasibleAnts=12 noImprove=40 (elapsed 45.2616s)
[ITER 360] bestGlobalCost=2747445.47 (feasible=YES) bestThisIter=2752953.05 feasibleAnts=11 noImprove=50 (elapsed 46.4947s)
[RESET] no improvement for50-> reset pheromones
[ITER 370] bestGlobalCost=2747445.47 (feasible=YES) bestThisIter=2749315.89 feasibleAnts=12 noImprove=10 (elapsed 47.7686s)
[ITER 380] bestGlobalCost=2747445.47 (feasible=YES) bestThisIter=2758334.82 feasibleAnts=14 noImprove=20 (elapsed 49.0144s)
[ITER 390] bestGlobalCost=2747445.47 (feasible=YES) bestThisIter=2747463.34 feasibleAnts=10 noImprove=30 (elapsed 50.5841s)
[ITER 400] bestGlobalCost=2747445.47 (feasible=YES) bestThisIter=2753008.58 feasibleAnts=14 noImprove=40 (elapsed 52.0513s)
[ITER 410] bestGlobalCost=2747445.47 (feasible=YES) bestThisIter=2757156.40 feasibleAnts=14 noImprove=50 (elapsed 53.6539s)
[RESET] no improvement for50-> reset pheromones
[ITER 420] bestGlobalCost=2747445.47 (feasible=YES) bestThisIter=2749523.19 feasibleAnts=14 noImprove=10 (elapsed 55.4176s)
[ITER 430] bestGlobalCost=2747445.47 (feasible=YES) bestThisIter=2748556.78 feasibleAnts=12 noImprove=20 (elapsed 57.1487s)
[ITER 440] bestGlobalCost=2747445.47 (feasible=YES) bestThisIter=2757863.21 feasibleAnts=11 noImprove=30 (elapsed 58.8618s)
[ITER 450] bestGlobalCost=2747445.47 (feasible=YES) bestThisIter=2748556.78 feasibleAnts=13 noImprove=40 (elapsed 60.4523s)
[ITER 460] bestGlobalCost=2747445.47 (feasible=YES) bestThisIter=2754844.83 feasibleAnts=12 noImprove=50 (elapsed 61.7064s)
[RESET] no improvement for50-> reset pheromones
[ITER 470] bestGlobalCost=2747445.47 (feasible=YES) bestThisIter=2748890.54 feasibleAnts=13 noImprove=10 (elapsed 62.9609s)
[ITER 480] bestGlobalCost=2747445.47 (feasible=YES) bestThisIter=2749315.89 feasibleAnts=15 noImprove=20 (elapsed 64.1981s)
[ITER 490] bestGlobalCost=2747445.47 (feasible=YES) bestThisIter=2748556.78 feasibleAnts=13 noImprove=30 (elapsed 65.4603s)
[ITER 500] bestGlobalCost=2747445.47 (feasible=YES) bestThisIter=2751490.16 feasibleAnts=12 noImprove=40 (elapsed 66.6853s)
[ITER 510] bestGlobalCost=2747445.47 (feasible=YES) bestThisIter=2750017.83 feasibleAnts=14 noImprove=50 (elapsed 67.9519s)
[RESET] no improvement for50-> reset pheromones
[ITER 520] bestGlobalCost=2747445.47 (feasible=YES) bestThisIter=2752455.92 feasibleAnts=13 noImprove=10 (elapsed 69.1995s)
[ITER 530] bestGlobalCost=2747445.47 (feasible=YES) bestThisIter=2753008.58 feasibleAnts=14 noImprove=20 (elapsed 70.4276s)
[ITER 540] bestGlobalCost=2747445.47 (feasible=YES) bestThisIter=2748890.54 feasibleAnts=14 noImprove=30 (elapsed 71.684s)
[ITER 550] bestGlobalCost=2747445.47 (feasible=YES) bestThisIter=2749523.19 feasibleAnts=15 noImprove=40 (elapsed 72.907s)
[ITER 560] bestGlobalCost=2747445.47 (feasible=YES) bestThisIter=2752574.20 feasibleAnts=16 noImprove=50 (elapsed 74.137s)
[RESET] no improvement for50-> reset pheromones
[ITER 570] bestGlobalCost=2747445.47 (feasible=YES) bestThisIter=2748890.54 feasibleAnts=14 noImprove=10 (elapsed 75.3902s)
[ITER 580] bestGlobalCost=2747445.47 (feasible=YES) bestThisIter=2747463.34 feasibleAnts=13 noImprove=20 (elapsed 76.6321s)
[ITER 590] bestGlobalCost=2747445.47 (feasible=YES) bestThisIter=2748556.78 feasibleAnts=11 noImprove=30 (elapsed 77.8804s)
[ITER 600] bestGlobalCost=2747445.47 (feasible=YES) bestThisIter=2748556.78 feasibleAnts=14 noImprove=40 (elapsed 79.1251s)
[ITER 610] bestGlobalCost=2747445.47 (feasible=YES) bestThisIter=2748890.54 feasibleAnts=14 noImprove=50 (elapsed 80.3315s)
[RESET] no improvement for50-> reset pheromones
[ITER 620] bestGlobalCost=2747445.47 (feasible=YES) bestThisIter=2747463.34 feasibleAnts=14 noImprove=10 (elapsed 81.6053s)
[ITER 630] bestGlobalCost=2747445.47 (feasible=YES) bestThisIter=2747463.34 feasibleAnts=12 noImprove=20 (elapsed 82.8284s)
[ITER 640] bestGlobalCost=2747445.47 (feasible=YES) bestThisIter=2744887.25 feasibleAnts=11 noImprove=30 (elapsed 84.0527s)
[ITER 650] bestGlobalCost=2747445.47 (feasible=YES) bestThisIter=2754326.34 feasibleAnts=12 noImprove=40 (elapsed 85.3055s)
[ITER 660] bestGlobalCost=2747445.47 (feasible=YES) bestThisIter=2753750.33 feasibleAnts=13 noImprove=50 (elapsed 86.5569s)
[RESET] no improvement for50-> reset pheromones
[ITER 670] bestGlobalCost=2747445.47 (feasible=YES) bestThisIter=2754946.53 feasibleAnts=13 noImprove=10 (elapsed 87.8254s)
[ITER 680] bestGlobalCost=2747445.47 (feasible=YES) bestThisIter=2749243.66 feasibleAnts=13 noImprove=20 (elapsed 89.1085s)
[ITER 690] bestGlobalCost=2747445.47 (feasible=YES) bestThisIter=2749123.77 feasibleAnts=14 noImprove=30 (elapsed 90.3322s)
[ITER 700] bestGlobalCost=2747445.47 (feasible=YES) bestThisIter=2749937.36 feasibleAnts=14 noImprove=40 (elapsed 91.5822s)
[ITER 710] bestGlobalCost=2747445.47 (feasible=YES) bestThisIter=2749937.36 feasibleAnts=14 noImprove=50 (elapsed 92.8368s)
[RESET] no improvement for50-> reset pheromones
[ITER 720] bestGlobalCost=2747445.47 (feasible=YES) bestThisIter=2752391.04 feasibleAnts=13 noImprove=10 (elapsed 94.0885s)
[ITER 730] bestGlobalCost=2747445.47 (feasible=YES) bestThisIter=2748556.78 feasibleAnts=15 noImprove=20 (elapsed 95.34s)
[ITER 740] bestGlobalCost=2747445.47 (feasible=YES) bestThisIter=2749758.74 feasibleAnts=16 noImprove=30 (elapsed 96.6423s)
[ITER 750] bestGlobalCost=2747445.47 (feasible=YES) bestThisIter=2751951.97 feasibleAnts=12 noImprove=40 (elapsed 97.9208s)
[ITER 760] bestGlobalCost=2747445.47 (feasible=YES) bestThisIter=2749243.66 feasibleAnts=11 noImprove=50 (elapsed 99.1625s)
[RESET] no improvement for50-> reset pheromones
[ITER 770] bestGlobalCost=2747445.47 (feasible=YES) bestThisIter=2750017.83 feasibleAnts=13 noImprove=10 (elapsed 100.436s)
[ITER 780] bestGlobalCost=2747445.47 (feasible=YES) bestThisIter=2749315.89 feasibleAnts=13 noImprove=20 (elapsed 102.094s)
[ITER 790] bestGlobalCost=2747445.47 (feasible=YES) bestThisIter=2758643.25 feasibleAnts=14 noImprove=30 (elapsed 103.72s)
[ITER 800] bestGlobalCost=2747445.47 (feasible=YES) bestThisIter=2749523.19 feasibleAnts=11 noImprove=40 (elapsed 105.099s)
[ITER 810] bestGlobalCost=2747445.47 (feasible=YES) bestThisIter=2755157.78 feasibleAnts=13 noImprove=50 (elapsed 106.34s)
[RESET] no improvement for50-> reset pheromones
[ITER 820] bestGlobalCost=2747445.47 (feasible=YES) bestThisIter=2749758.74 feasibleAnts=15 noImprove=10 (elapsed 107.564s)
[ITER 830] bestGlobalCost=2747445.47 (feasible=YES) bestThisIter=2747463.34 feasibleAnts=12 noImprove=20 (elapsed 108.932s)
[ITER 840] bestGlobalCost=2747445.47 (feasible=YES) bestThisIter=2750017.83 feasibleAnts=14 noImprove=30 (elapsed 110.553s)
[ITER 850] bestGlobalCost=2747445.47 (feasible=YES) bestThisIter=2748890.54 feasibleAnts=13 noImprove=40 (elapsed 112.204s)
[ITER 860] bestGlobalCost=2747445.47 (feasible=YES) bestThisIter=2752391.04 feasibleAnts=14 noImprove=50 (elapsed 113.472s)
[RESET] no improvement for50-> reset pheromones
[ITER 870] bestGlobalCost=2747445.47 (feasible=YES) bestThisIter=2748890.54 feasibleAnts=15 noImprove=10 (elapsed 114.719s)
[ITER 880] bestGlobalCost=2747445.47 (feasible=YES) bestThisIter=2748890.54 feasibleAnts=14 noImprove=20 (elapsed 115.946s)
[ITER 890] bestGlobalCost=2747445.47 (feasible=YES) bestThisIter=2749315.89 feasibleAnts=13 noImprove=30 (elapsed 117.195s)
[ITER 900] bestGlobalCost=2747445.47 (feasible=YES) bestThisIter=2761797.49 feasibleAnts=15 noImprove=40 (elapsed 118.452s)
[ITER 910] bestGlobalCost=2747445.47 (feasible=YES) bestThisIter=2752055.27 feasibleAnts=14 noImprove=50 (elapsed 119.738s)
[RESET] no improvement for50-> reset pheromones
[ITER 920] bestGlobalCost=2747445.47 (feasible=YES) bestThisIter=2755078.98 feasibleAnts=14 noImprove=10 (elapsed 120.97s)
[ITER 930] bestGlobalCost=2747445.47 (feasible=YES) bestThisIter=2749243.66 feasibleAnts=14 noImprove=20 (elapsed 122.204s)
[ITER 940] bestGlobalCost=2747445.47 (feasible=YES) bestThisIter=2748890.54 feasibleAnts=13 noImprove=30 (elapsed 123.426s)
[ITER 950] bestGlobalCost=2747445.47 (feasible=YES) bestThisIter=2748890.54 feasibleAnts=15 noImprove=40 (elapsed 124.657s)
[ITER 960] bestGlobalCost=2747445.47 (feasible=YES) bestThisIter=2748890.54 feasibleAnts=12 noImprove=50 (elapsed 125.863s)
[RESET] no improvement for50-> reset pheromones
[ITER 970] bestGlobalCost=2747445.47 (feasible=YES) bestThisIter=2757209.39 feasibleAnts=13 noImprove=10 (elapsed 127.13s)
[ITER 980] bestGlobalCost=2747445.47 (feasible=YES) bestThisIter=2765045.18 feasibleAnts=11 noImprove=20 (elapsed 128.343s)
[ITER 990] bestGlobalCost=2747445.47 (feasible=YES) bestThisIter=2752455.92 feasibleAnts=15 noImprove=30 (elapsed 129.581s)
[ITER 1000] bestGlobalCost=2747445.47 (feasible=YES) bestThisIter=2753846.67 feasibleAnts=15 noImprove=40 (elapsed 130.801s)
[ITER 1010] bestGlobalCost=2747445.47 (feasible=YES) bestThisIter=2748556.78 feasibleAnts=11 noImprove=50 (elapsed 132.021s)
[RESET] no improvement for50-> reset pheromones
[ITER 1020] bestGlobalCost=2747445.47 (feasible=YES) bestThisIter=2747463.34 feasibleAnts=11 noImprove=10 (elapsed 133.26s)
[ITER 1030] bestGlobalCost=2747445.47 (feasible=YES) bestThisIter=2751523.80 feasibleAnts=12 noImprove=20 (elapsed 134.485s)
[ITER 1040] bestGlobalCost=2747445.47 (feasible=YES) bestThisIter=2748556.78 feasibleAnts=14 noImprove=30 (elapsed 135.695s)
[ITER 1050] bestGlobalCost=2747445.47 (feasible=YES) bestThisIter=2750605.07 feasibleAnts=14 noImprove=40 (elapsed 136.922s)
[ITER 1060] bestGlobalCost=2747445.47 (feasible=YES) bestThisIter=2766430.21 feasibleAnts=14 noImprove=50 (elapsed 138.148s)
[RESET] no improvement for50-> reset pheromones
[ITER 1070] bestGlobalCost=2747445.47 (feasible=YES) bestThisIter=2757209.39 feasibleAnts=15 noImprove=10 (elapsed 139.402s)
[ITER 1080] bestGlobalCost=2747445.47 (feasible=YES) bestThisIter=2744887.25 feasibleAnts=14 noImprove=20 (elapsed 140.605s)
[ITER 1090] bestGlobalCost=2747445.47 (feasible=YES) bestThisIter=2747463.34 feasibleAnts=8 noImprove=30 (elapsed 141.855s)
[ITER 1100] bestGlobalCost=2747445.47 (feasible=YES) bestThisIter=2758642.32 feasibleAnts=13 noImprove=40 (elapsed 143.086s)
[ITER 1110] bestGlobalCost=2747445.47 (feasible=YES) bestThisIter=2762305.98 feasibleAnts=14 noImprove=50 (elapsed 144.296s)
[RESET] no improvement for50-> reset pheromones
[ITER 1120] bestGlobalCost=2747445.47 (feasible=YES) bestThisIter=2752455.92 feasibleAnts=13 noImprove=10 (elapsed 145.543s)
[ITER 1130] bestGlobalCost=2747445.47 (feasible=YES) bestThisIter=2760788.22 feasibleAnts=13 noImprove=20 (elapsed 146.754s)
[ITER 1140] bestGlobalCost=2747445.47 (feasible=YES) bestThisIter=2749492.42 feasibleAnts=11 noImprove=30 (elapsed 148.008s)
[ITER 1150] bestGlobalCost=2747445.47 (feasible=YES) bestThisIter=2749243.66 feasibleAnts=14 noImprove=40 (elapsed 149.533s)
[ITER 1160] bestGlobalCost=2747445.47 (feasible=YES) bestThisIter=2744887.25 feasibleAnts=12 noImprove=50 (elapsed 151.167s)
[RESET] no improvement for50-> reset pheromones
[ITER 1170] bestGlobalCost=2747445.47 (feasible=YES) bestThisIter=2749243.66 feasibleAnts=14 noImprove=10 (elapsed 152.769s)
[ITER 1180] bestGlobalCost=2747445.47 (feasible=YES) bestThisIter=2750017.83 feasibleAnts=13 noImprove=20 (elapsed 154.008s)
[ITER 1190] bestGlobalCost=2747445.47 (feasible=YES) bestThisIter=2747463.34 feasibleAnts=13 noImprove=30 (elapsed 155.215s)
[ITER 1200] bestGlobalCost=2747445.47 (feasible=YES) bestThisIter=2758058.97 feasibleAnts=13 noImprove=40 (elapsed 156.451s)
[ITER 1210] bestGlobalCost=2747445.47 (feasible=YES) bestThisIter=2748890.54 feasibleAnts=12 noImprove=50 (elapsed 158.096s)
[RESET] no improvement for50-> reset pheromones
[ITER 1220] bestGlobalCost=2747445.47 (feasible=YES) bestThisIter=2748890.54 feasibleAnts=14 noImprove=10 (elapsed 159.766s)
[ITER 1230] bestGlobalCost=2747445.47 (feasible=YES) bestThisIter=2753741.42 feasibleAnts=14 noImprove=20 (elapsed 161.144s)
[ITER 1240] bestGlobalCost=2747445.47 (feasible=YES) bestThisIter=2750017.83 feasibleAnts=12 noImprove=30 (elapsed 162.384s)
[ITER 1250] bestGlobalCost=2747445.47 (feasible=YES) bestThisIter=2772157.71 feasibleAnts=15 noImprove=40 (elapsed 163.604s)
[ITER 1260] bestGlobalCost=2747445.47 (feasible=YES) bestThisIter=2752455.92 feasibleAnts=12 noImprove=50 (elapsed 164.848s)
[RESET] no improvement for50-> reset pheromones
[ITER 1270] bestGlobalCost=2747445.47 (feasible=YES) bestThisIter=2753875.71 feasibleAnts=14 noImprove=10 (elapsed 166.076s)
[ITER 1280] bestGlobalCost=2747445.47 (feasible=YES) bestThisIter=2753010.78 feasibleAnts=12 noImprove=20 (elapsed 167.309s)
[ITER 1290] bestGlobalCost=2747445.47 (feasible=YES) bestThisIter=2756289.27 feasibleAnts=13 noImprove=30 (elapsed 168.511s)
[ITER 1300] bestGlobalCost=2747445.47 (feasible=YES) bestThisIter=2751408.85 feasibleAnts=15 noImprove=40 (elapsed 169.748s)
[ITER 1310] bestGlobalCost=2747445.47 (feasible=YES) bestThisIter=2750017.83 feasibleAnts=11 noImprove=50 (elapsed 171.004s)
[RESET] no improvement for50-> reset pheromones
[ITER 1320] bestGlobalCost=2747445.47 (feasible=YES) bestThisIter=2749315.89 feasibleAnts=15 noImprove=10 (elapsed 172.243s)
[ITER 1330] bestGlobalCost=2747445.47 (feasible=YES) bestThisIter=2754540.95 feasibleAnts=9 noImprove=20 (elapsed 173.479s)
[ITER 1340] bestGlobalCost=2747445.47 (feasible=YES) bestThisIter=2748890.54 feasibleAnts=14 noImprove=30 (elapsed 174.692s)
[ITER 1350] bestGlobalCost=2747445.47 (feasible=YES) bestThisIter=2748556.78 feasibleAnts=13 noImprove=40 (elapsed 175.909s)
[ITER 1360] bestGlobalCost=2747445.47 (feasible=YES) bestThisIter=2750605.07 feasibleAnts=15 noImprove=50 (elapsed 177.132s)
[RESET] no improvement for50-> reset pheromones
[ITER 1370] bestGlobalCost=2747445.47 (feasible=YES) bestThisIter=2755069.74 feasibleAnts=13 noImprove=10 (elapsed 178.396s)
[ITER 1380] bestGlobalCost=2747445.47 (feasible=YES) bestThisIter=2748890.54 feasibleAnts=12 noImprove=20 (elapsed 179.66s)
[ITER 1390] bestGlobalCost=2747445.47 (feasible=YES) bestThisIter=2747463.34 feasibleAnts=12 noImprove=30 (elapsed 181.052s)
[ITER 1400] bestGlobalCost=2747445.47 (feasible=YES) bestThisIter=2756292.24 feasibleAnts=13 noImprove=40 (elapsed 182.7s)
[ITER 1410] bestGlobalCost=2747445.47 (feasible=YES) bestThisIter=2755257.22 feasibleAnts=15 noImprove=50 (elapsed 184.336s)
[RESET] no improvement for50-> reset pheromones
[ITER 1420] bestGlobalCost=2747445.47 (feasible=YES) bestThisIter=2748890.54 feasibleAnts=15 noImprove=10 (elapsed 185.599s)
[ITER 1430] bestGlobalCost=2747445.47 (feasible=YES) bestThisIter=2753908.80 feasibleAnts=14 noImprove=20 (elapsed 186.824s)
[ITER 1440] bestGlobalCost=2747445.47 (feasible=YES) bestThisIter=2749523.19 feasibleAnts=14 noImprove=30 (elapsed 188.061s)
[ITER 1450] bestGlobalCost=2747445.47 (feasible=YES) bestThisIter=2755069.74 feasibleAnts=13 noImprove=40 (elapsed 189.284s)
[ITER 1460] bestGlobalCost=2747445.47 (feasible=YES) bestThisIter=2749523.19 feasibleAnts=11 noImprove=50 (elapsed 190.524s)
[RESET] no improvement for50-> reset pheromones
[ITER 1470] bestGlobalCost=2747445.47 (feasible=YES) bestThisIter=2748556.78 feasibleAnts=14 noImprove=10 (elapsed 191.76s)
[ITER 1480] bestGlobalCost=2747445.47 (feasible=YES) bestThisIter=2748556.78 feasibleAnts=13 noImprove=20 (elapsed 192.98s)
[ITER 1490] bestGlobalCost=2747445.47 (feasible=YES) bestThisIter=2751628.39 feasibleAnts=14 noImprove=30 (elapsed 194.233s)
[ITER 1500] bestGlobalCost=2747445.47 (feasible=YES) bestThisIter=2750605.07 feasibleAnts=13 noImprove=40 (elapsed 195.45s)
[ITER 1510] bestGlobalCost=2747445.47 (feasible=YES) bestThisIter=2748890.54 feasibleAnts=13 noImprove=50 (elapsed 196.682s)
[RESET] no improvement for50-> reset pheromones
[ITER 1520] bestGlobalCost=2747445.47 (feasible=YES) bestThisIter=2744887.25 feasibleAnts=17 noImprove=10 (elapsed 197.962s)
[ITER 1530] bestGlobalCost=2747445.47 (feasible=YES) bestThisIter=2748890.54 feasibleAnts=13 noImprove=20 (elapsed 199.182s)
[ITER 1540] bestGlobalCost=2747445.47 (feasible=YES) bestThisIter=2748556.78 feasibleAnts=13 noImprove=30 (elapsed 200.429s)
[ITER 1550] bestGlobalCost=2747445.47 (feasible=YES) bestThisIter=2752455.92 feasibleAnts=14 noImprove=40 (elapsed 201.627s)
[ITER 1560] bestGlobalCost=2747445.47 (feasible=YES) bestThisIter=2744887.25 feasibleAnts=14 noImprove=50 (elapsed 202.868s)
[RESET] no improvement for50-> reset pheromones
[ITER 1570] bestGlobalCost=2747445.47 (feasible=YES) bestThisIter=2757329.33 feasibleAnts=12 noImprove=10 (elapsed 204.103s)
[ITER 1580] bestGlobalCost=2747445.47 (feasible=YES) bestThisIter=2752055.27 feasibleAnts=14 noImprove=20 (elapsed 205.35s)
[ITER 1590] bestGlobalCost=2747445.47 (feasible=YES) bestThisIter=2750605.07 feasibleAnts=15 noImprove=30 (elapsed 206.585s)
[ITER 1600] bestGlobalCost=2747445.47 (feasible=YES) bestThisIter=2751408.85 feasibleAnts=11 noImprove=40 (elapsed 207.811s)
[ITER 1610] bestGlobalCost=2747445.47 (feasible=YES) bestThisIter=2748890.54 feasibleAnts=13 noImprove=50 (elapsed 209.049s)
[RESET] no improvement for50-> reset pheromones
[ITER 1620] bestGlobalCost=2747445.47 (feasible=YES) bestThisIter=2749523.19 feasibleAnts=15 noImprove=10 (elapsed 210.395s)
[ITER 1630] bestGlobalCost=2747445.47 (feasible=YES) bestThisIter=2754721.82 feasibleAnts=15 noImprove=20 (elapsed 211.625s)
[ITER 1640] bestGlobalCost=2747445.47 (feasible=YES) bestThisIter=2752455.92 feasibleAnts=15 noImprove=30 (elapsed 212.876s)
[ITER 1650] bestGlobalCost=2747445.47 (feasible=YES) bestThisIter=2748890.54 feasibleAnts=14 noImprove=40 (elapsed 214.121s)
[ITER 1660] bestGlobalCost=2747445.47 (feasible=YES) bestThisIter=2749315.89 feasibleAnts=14 noImprove=50 (elapsed 215.339s)
[RESET] no improvement for50-> reset pheromones
[ITER 1670] bestGlobalCost=2747445.47 (feasible=YES) bestThisIter=2757209.39 feasibleAnts=14 noImprove=10 (elapsed 216.576s)
[ITER 1680] bestGlobalCost=2747445.47 (feasible=YES) bestThisIter=2752237.34 feasibleAnts=14 noImprove=20 (elapsed 217.804s)
[ITER 1690] bestGlobalCost=2747445.47 (feasible=YES) bestThisIter=2749523.19 feasibleAnts=13 noImprove=30 (elapsed 219.033s)
[ITER 1700] bestGlobalCost=2747445.47 (feasible=YES) bestThisIter=2767937.43 feasibleAnts=14 noImprove=40 (elapsed 220.269s)
[ITER 1710] bestGlobalCost=2747445.47 (feasible=YES) bestThisIter=2755410.94 feasibleAnts=14 noImprove=50 (elapsed 221.517s)
[RESET] no improvement for50-> reset pheromones
[ITER 1720] bestGlobalCost=2747445.47 (feasible=YES) bestThisIter=2756289.27 feasibleAnts=13 noImprove=10 (elapsed 222.798s)
[ITER 1730] bestGlobalCost=2747445.47 (feasible=YES) bestThisIter=2749315.89 feasibleAnts=15 noImprove=20 (elapsed 224.031s)
[ITER 1740] bestGlobalCost=2747445.47 (feasible=YES) bestThisIter=2749123.77 feasibleAnts=14 noImprove=30 (elapsed 225.284s)
[ITER 1750] bestGlobalCost=2747445.47 (feasible=YES) bestThisIter=2755901.72 feasibleAnts=14 noImprove=40 (elapsed 226.501s)
[ITER 1760] bestGlobalCost=2747445.47 (feasible=YES) bestThisIter=2748890.54 feasibleAnts=13 noImprove=50 (elapsed 227.73s)
[RESET] no improvement for50-> reset pheromones
[ITER 1770] bestGlobalCost=2747445.47 (feasible=YES) bestThisIter=2754483.03 feasibleAnts=12 noImprove=10 (elapsed 229.166s)
[ITER 1780] bestGlobalCost=2747445.47 (feasible=YES) bestThisIter=2754946.53 feasibleAnts=14 noImprove=20 (elapsed 230.819s)
[ITER 1790] bestGlobalCost=2747445.47 (feasible=YES) bestThisIter=2749243.66 feasibleAnts=14 noImprove=30 (elapsed 232.466s)
[ITER 1800] bestGlobalCost=2747445.47 (feasible=YES) bestThisIter=2748556.78 feasibleAnts=14 noImprove=40 (elapsed 233.689s)
[ITER 1810] bestGlobalCost=2747445.47 (feasible=YES) bestThisIter=2746794.36 feasibleAnts=12 noImprove=50 (elapsed 234.959s)
[RESET] no improvement for50-> reset pheromones
[ITER 1820] bestGlobalCost=2747445.47 (feasible=YES) bestThisIter=2749315.89 feasibleAnts=14 noImprove=10 (elapsed 236.203s)
[ITER 1830] bestGlobalCost=2747445.47 (feasible=YES) bestThisIter=2752455.92 feasibleAnts=14 noImprove=20 (elapsed 237.435s)
[ITER 1840] bestGlobalCost=2747445.47 (feasible=YES) bestThisIter=2768225.86 feasibleAnts=13 noImprove=30 (elapsed 238.687s)
[ITER 1850] bestGlobalCost=2747445.47 (feasible=YES) bestThisIter=2759727.47 feasibleAnts=12 noImprove=40 (elapsed 239.944s)
[ITER 1860] bestGlobalCost=2747445.47 (feasible=YES) bestThisIter=2765020.74 feasibleAnts=13 noImprove=50 (elapsed 241.231s)
[RESET] no improvement for50-> reset pheromones
[ITER 1870] bestGlobalCost=2747445.47 (feasible=YES) bestThisIter=2749523.19 feasibleAnts=13 noImprove=10 (elapsed 242.504s)
[ITER 1880] bestGlobalCost=2747445.47 (feasible=YES) bestThisIter=2749315.89 feasibleAnts=12 noImprove=20 (elapsed 243.739s)
[ITER 1890] bestGlobalCost=2747445.47 (feasible=YES) bestThisIter=2749315.89 feasibleAnts=13 noImprove=30 (elapsed 244.97s)
[ITER 1900] bestGlobalCost=2747445.47 (feasible=YES) bestThisIter=2748890.54 feasibleAnts=13 noImprove=40 (elapsed 246.23s)
[ITER 1910] bestGlobalCost=2747445.47 (feasible=YES) bestThisIter=2749315.89 feasibleAnts=12 noImprove=50 (elapsed 247.521s)
[RESET] no improvement for50-> reset pheromones
[ITER 1920] bestGlobalCost=2747445.47 (feasible=YES) bestThisIter=2749243.66 feasibleAnts=12 noImprove=10 (elapsed 248.8s)
[ITER 1930] bestGlobalCost=2747445.47 (feasible=YES) bestThisIter=2752455.92 feasibleAnts=14 noImprove=20 (elapsed 250.027s)
[ITER 1940] bestGlobalCost=2747445.47 (feasible=YES) bestThisIter=2752455.92 feasibleAnts=14 noImprove=30 (elapsed 251.281s)
[ITER 1950] bestGlobalCost=2747445.47 (feasible=YES) bestThisIter=2755333.07 feasibleAnts=14 noImprove=40 (elapsed 252.519s)
[ITER 1960] bestGlobalCost=2747445.47 (feasible=YES) bestThisIter=2759805.45 feasibleAnts=13 noImprove=50 (elapsed 253.761s)
[RESET] no improvement for50-> reset pheromones
[ITER 1970] bestGlobalCost=2747445.47 (feasible=YES) bestThisIter=2748556.78 feasibleAnts=14 noImprove=10 (elapsed 254.994s)
[ITER 1980] bestGlobalCost=2747445.47 (feasible=YES) bestThisIter=2755068.41 feasibleAnts=11 noImprove=20 (elapsed 256.221s)
[ITER 1990] bestGlobalCost=2747445.47 (feasible=YES) bestThisIter=2748556.78 feasibleAnts=12 noImprove=30 (elapsed 257.445s)
[ITER 2000] bestGlobalCost=2747445.47 (feasible=YES) bestThisIter=2748890.54 feasibleAnts=13 noImprove=40 (elapsed 258.692s)
[ITER 2010] bestGlobalCost=2747445.47 (feasible=YES) bestThisIter=2748556.78 feasibleAnts=14 noImprove=50 (elapsed 259.918s)
[RESET] no improvement for50-> reset pheromones
[ITER 2020] bestGlobalCost=2747445.47 (feasible=YES) bestThisIter=2750738.38 feasibleAnts=15 noImprove=10 (elapsed 261.167s)
[ITER 2030] bestGlobalCost=2747445.47 (feasible=YES) bestThisIter=2752475.70 feasibleAnts=15 noImprove=20 (elapsed 262.388s)
[ITER 2040] bestGlobalCost=2747445.47 (feasible=YES) bestThisIter=2756714.57 feasibleAnts=14 noImprove=30 (elapsed 263.641s)
[ITER 2050] bestGlobalCost=2747445.47 (feasible=YES) bestThisIter=2751354.96 feasibleAnts=15 noImprove=40 (elapsed 264.878s)
[ITER 2060] bestGlobalCost=2747445.47 (feasible=YES) bestThisIter=2747183.78 feasibleAnts=13 noImprove=50 (elapsed 266.115s)
[RESET] no improvement for50-> reset pheromones
[ITER 2070] bestGlobalCost=2747445.47 (feasible=YES) bestThisIter=2761474.07 feasibleAnts=14 noImprove=10 (elapsed 267.346s)
[ITER 2080] bestGlobalCost=2747445.47 (feasible=YES) bestThisIter=2750738.38 feasibleAnts=14 noImprove=20 (elapsed 268.581s)
[ITER 2090] bestGlobalCost=2747445.47 (feasible=YES) bestThisIter=2749243.66 feasibleAnts=11 noImprove=30 (elapsed 269.797s)
[ITER 2100] bestGlobalCost=2747445.47 (feasible=YES) bestThisIter=2751523.80 feasibleAnts=12 noImprove=40 (elapsed 271.089s)
[ITER 2110] bestGlobalCost=2747445.47 (feasible=YES) bestThisIter=2765332.57 feasibleAnts=14 noImprove=50 (elapsed 272.344s)
[RESET] no improvement for50-> reset pheromones
[ITER 2120] bestGlobalCost=2747445.47 (feasible=YES) bestThisIter=2749492.42 feasibleAnts=14 noImprove=10 (elapsed 273.966s)
[ITER 2130] bestGlobalCost=2747445.47 (feasible=YES) bestThisIter=2761133.90 feasibleAnts=14 noImprove=20 (elapsed 275.618s)
[ITER 2140] bestGlobalCost=2747445.47 (feasible=YES) bestThisIter=2757817.64 feasibleAnts=14 noImprove=30 (elapsed 277.087s)
[ITER 2150] bestGlobalCost=2747445.47 (feasible=YES) bestThisIter=2758643.25 feasibleAnts=15 noImprove=40 (elapsed 278.326s)
[ITER 2160] bestGlobalCost=2747445.47 (feasible=YES) bestThisIter=2754946.53 feasibleAnts=9 noImprove=50 (elapsed 279.564s)
[RESET] no improvement for50-> reset pheromones
[ITER 2170] bestGlobalCost=2747445.47 (feasible=YES) bestThisIter=2748890.54 feasibleAnts=14 noImprove=10 (elapsed 280.811s)
[ITER 2180] bestGlobalCost=2747445.47 (feasible=YES) bestThisIter=2749523.19 feasibleAnts=13 noImprove=20 (elapsed 282.04s)
[ITER 2190] bestGlobalCost=2747445.47 (feasible=YES) bestThisIter=2748890.54 feasibleAnts=12 noImprove=30 (elapsed 283.252s)
[ITER 2200] bestGlobalCost=2747445.47 (feasible=YES) bestThisIter=2748556.78 feasibleAnts=13 noImprove=40 (elapsed 284.49s)
[ITER 2210] bestGlobalCost=2747445.47 (feasible=YES) bestThisIter=2761498.16 feasibleAnts=14 noImprove=50 (elapsed 285.728s)
[RESET] no improvement for50-> reset pheromones
[ITER 2220] bestGlobalCost=2747445.47 (feasible=YES) bestThisIter=2744887.25 feasibleAnts=14 noImprove=10 (elapsed 286.983s)
[ITER 2230] bestGlobalCost=2747445.47 (feasible=YES) bestThisIter=2755485.88 feasibleAnts=14 noImprove=20 (elapsed 288.249s)
[ITER 2240] bestGlobalCost=2747445.47 (feasible=YES) bestThisIter=2749315.89 feasibleAnts=12 noImprove=30 (elapsed 289.79s)
[ITER 2250] bestGlobalCost=2747445.47 (feasible=YES) bestThisIter=2747463.34 feasibleAnts=14 noImprove=40 (elapsed 291.422s)
[ITER 2260] bestGlobalCost=2747445.47 (feasible=YES) bestThisIter=2747463.34 feasibleAnts=14 noImprove=50 (elapsed 292.921s)
[RESET] no improvement for50-> reset pheromones
[ITER 2270] bestGlobalCost=2747445.47 (feasible=YES) bestThisIter=2747463.34 feasibleAnts=13 noImprove=10 (elapsed 294.145s)
[ITER 2280] bestGlobalCost=2747445.47 (feasible=YES) bestThisIter=2749523.19 feasibleAnts=11 noImprove=20 (elapsed 295.375s)
[ITER 2290] bestGlobalCost=2747445.47 (feasible=YES) bestThisIter=2746968.75 feasibleAnts=14 noImprove=30 (elapsed 296.591s)
[ITER 2300] bestGlobalCost=2747445.47 (feasible=YES) bestThisIter=2748169.15 feasibleAnts=14 noImprove=40 (elapsed 297.843s)
[ITER 2310] bestGlobalCost=2747445.47 (feasible=YES) bestThisIter=2750017.83 feasibleAnts=15 noImprove=50 (elapsed 299.064s)
[RESET] no improvement for50-> reset pheromones
7 9 12 16 18 24 26 29 32 37 44 46 49 51 61 63 66 78 82 93 110 116 117 118 121 122 124 136 138 153 159 170 172 174 179 184 188 190 194 199 
5 8 17 22 25 28 34 38 39 54 56 58 62 71 75 88 90 98 103 105 107 109 114 129 130 133 134 137 139 141 143 146 148 152 155 171 178 183 196 200 
4 10 11 14 19 33 36 45 48 52 57 60 69 74 81 84 87 92 96 97 99 100 104 106 108 119 126 131 142 149 156 163 165 166 175 180 189 192 197 
2 3 21 23 30 35 41 43 50 59 68 70 72 73 76 83 86 89 91 94 95 102 113 125 140 144 150 151 154 158 161 164 167 168 169 173 176 181 182 185 195 
1 6 13 15 20 27 31 40 42 47 53 55 64 65 67 77 79 80 85 101 111 112 115 120 123 127 128 132 135 145 147 157 160 162 177 186 187 191 193 198 
[SAVELOGS] evolution saved to results/logs/aco_logs/evolution/kroA200_05_3.txt
[SAVELOGS] best cost saved to results/logs/aco_logs/objectives/kroA200_05_3.txt
[SAVELOGS] best solution saved to results/logs/aco_logs/solutions/kroA200_05_3.txt
