[ITER 1] New best cost=1073996.68 (feasible=YES, time 0.635994s)
[ITER 2] New best cost=1049692.94 (feasible=YES, time 1.40517s)
[ITER 3] New best cost=1048919.83 (feasible=YES, time 2.18446s)
[ITER 4] New best cost=1014961.51 (feasible=YES, time 2.89046s)
[ITER 7] New best cost=1011776.55 (feasible=YES, time 4.65423s)
[ITER 10] New best cost=1000049.99 (feasible=YES, time 8.2768s)
[ITER 10] bestGlobalCost=1000049.99 (feasible=YES) bestThisIter=1011929.08 feasibleAnts=10 noImprove=0 (elapsed 8.28078s)
[ITER 16] New best cost=997130.82 (feasible=YES, time 11.7615s)
[ITER 20] bestGlobalCost=997130.82 (feasible=YES) bestThisIter=1016422.87 feasibleAnts=10 noImprove=4 (elapsed 15.366s)
[ITER 30] bestGlobalCost=997130.82 (feasible=YES) bestThisIter=1004966.24 feasibleAnts=10 noImprove=14 (elapsed 22.7052s)
[ITER 40] bestGlobalCost=997130.82 (feasible=YES) bestThisIter=1000694.23 feasibleAnts=9 noImprove=24 (elapsed 30.4655s)
[ITER 50] bestGlobalCost=997130.82 (feasible=YES) bestThisIter=1033019.01 feasibleAnts=10 noImprove=34 (elapsed 38.9178s)
[ITER 60] bestGlobalCost=997130.82 (feasible=YES) bestThisIter=1040686.08 feasibleAnts=10 noImprove=44 (elapsed 46.767s)
[RESET] no improvement for50-> reset pheromones
[ITER 70] bestGlobalCost=997130.82 (feasible=YES) bestThisIter=1030427.57 feasibleAnts=16 noImprove=4 (elapsed 53.6102s)
[ITER 80] bestGlobalCost=997130.82 (feasible=YES) bestThisIter=1015541.15 feasibleAnts=10 noImprove=14 (elapsed 60.0848s)
[ITER 90] bestGlobalCost=997130.82 (feasible=YES) bestThisIter=1005739.91 feasibleAnts=10 noImprove=24 (elapsed 67.2706s)
[ITER 100] bestGlobalCost=997130.82 (feasible=YES) bestThisIter=1005641.32 feasibleAnts=9 noImprove=34 (elapsed 75.8625s)
[ITER 110] bestGlobalCost=997130.82 (feasible=YES) bestThisIter=1030341.08 feasibleAnts=10 noImprove=44 (elapsed 84.0859s)
[RESET] no improvement for50-> reset pheromones
[ITER 120] bestGlobalCost=997130.82 (feasible=YES) bestThisIter=1009447.75 feasibleAnts=14 noImprove=4 (elapsed 92.1557s)
[ITER 130] bestGlobalCost=997130.82 (feasible=YES) bestThisIter=1011425.66 feasibleAnts=10 noImprove=14 (elapsed 99.1399s)
[ITER 140] bestGlobalCost=997130.82 (feasible=YES) bestThisIter=1018531.44 feasibleAnts=10 noImprove=24 (elapsed 106.47s)
[ITER 150] bestGlobalCost=997130.82 (feasible=YES) bestThisIter=1029027.38 feasibleAnts=10 noImprove=34 (elapsed 115.705s)
[ITER 160] bestGlobalCost=997130.82 (feasible=YES) bestThisIter=1037318.46 feasibleAnts=10 noImprove=44 (elapsed 124.497s)
[RESET] no improvement for50-> reset pheromones
[ITER 170] bestGlobalCost=997130.82 (feasible=YES) bestThisIter=1016722.13 feasibleAnts=12 noImprove=4 (elapsed 132.735s)
[ITER 180] bestGlobalCost=997130.82 (feasible=YES) bestThisIter=1006070.67 feasibleAnts=10 noImprove=14 (elapsed 140.639s)
[ITER 190] bestGlobalCost=997130.82 (feasible=YES) bestThisIter=1025507.36 feasibleAnts=10 noImprove=24 (elapsed 149.228s)
[ITER 200] bestGlobalCost=997130.82 (feasible=YES) bestThisIter=1021949.61 feasibleAnts=10 noImprove=34 (elapsed 158.181s)
[ITER 210] bestGlobalCost=997130.82 (feasible=YES) bestThisIter=1033915.15 feasibleAnts=10 noImprove=44 (elapsed 168.488s)
[RESET] no improvement for50-> reset pheromones
[ITER 220] bestGlobalCost=997130.82 (feasible=YES) bestThisIter=1006834.73 feasibleAnts=13 noImprove=4 (elapsed 179.386s)
[ITER 230] bestGlobalCost=997130.82 (feasible=YES) bestThisIter=1013619.02 feasibleAnts=10 noImprove=14 (elapsed 188.228s)
[ITER 240] bestGlobalCost=997130.82 (feasible=YES) bestThisIter=1010314.80 feasibleAnts=10 noImprove=24 (elapsed 196.408s)
[ITER 250] bestGlobalCost=997130.82 (feasible=YES) bestThisIter=1019858.15 feasibleAnts=10 noImprove=34 (elapsed 205.088s)
[ITER 260] bestGlobalCost=997130.82 (feasible=YES) bestThisIter=1039211.31 feasibleAnts=10 noImprove=44 (elapsed 214.632s)
[RESET] no improvement for50-> reset pheromones
[ITER 270] bestGlobalCost=997130.82 (feasible=YES) bestThisIter=1019256.79 feasibleAnts=16 noImprove=4 (elapsed 223.435s)
[ITER 280] bestGlobalCost=997130.82 (feasible=YES) bestThisIter=1019453.04 feasibleAnts=11 noImprove=14 (elapsed 229.964s)
[ITER 290] bestGlobalCost=997130.82 (feasible=YES) bestThisIter=1006177.37 feasibleAnts=10 noImprove=24 (elapsed 237.6s)
[ITER 300] bestGlobalCost=997130.82 (feasible=YES) bestThisIter=1022980.25 feasibleAnts=10 noImprove=34 (elapsed 251.904s)
[ITER 310] bestGlobalCost=997130.82 (feasible=YES) bestThisIter=1029909.05 feasibleAnts=10 noImprove=44 (elapsed 262.259s)
[RESET] no improvement for50-> reset pheromones
[ITER 320] bestGlobalCost=997130.82 (feasible=YES) bestThisIter=1004520.61 feasibleAnts=16 noImprove=4 (elapsed 272.379s)
[ITER 330] bestGlobalCost=997130.82 (feasible=YES) bestThisIter=1005167.93 feasibleAnts=10 noImprove=14 (elapsed 281.225s)
[ITER 340] bestGlobalCost=997130.82 (feasible=YES) bestThisIter=1002289.03 feasibleAnts=10 noImprove=24 (elapsed 288.815s)
[ITER 350] bestGlobalCost=997130.82 (feasible=YES) bestThisIter=1037345.55 feasibleAnts=8 noImprove=34 (elapsed 297.963s)
5 26 39 40 56 62 67 70 100 101 117 132 150 170 190 194 197 198 
20 30 37 38 47 65 72 75 79 80 81 113 115 124 127 139 141 179 184 188 
3 8 11 28 29 32 59 73 76 85 91 93 97 99 122 129 136 149 158 
2 6 14 16 42 64 77 83 87 103 106 109 118 120 125 140 159 164 182 183 185 
9 12 25 27 34 35 57 61 66 71 94 98 107 157 161 167 169 172 174 175 
15 31 33 48 51 63 82 110 112 119 121 126 128 147 148 155 156 187 195 
13 17 18 19 36 41 44 45 78 92 96 102 130 135 137 151 153 162 192 200 
4 7 43 52 60 74 84 89 114 116 131 133 145 165 168 176 178 180 186 196 199 
22 23 24 50 54 55 58 88 104 105 143 144 154 160 163 171 173 177 191 193 
1 10 21 46 49 53 68 69 86 90 95 108 111 123 134 138 142 146 152 166 181 189 
[SAVELOGS] evolution saved to results/logs/aco_logs/evolution/kroB200_10_4.txt
[SAVELOGS] best cost saved to results/logs/aco_logs/objectives/kroB200_10_4.txt
[SAVELOGS] best solution saved to results/logs/aco_logs/solutions/kroB200_10_4.txt
