[ITER 1] New best cost=1712281.86 (feasible=YES, time 0.149564s)
[ITER 2] New best cost=1669447.59 (feasible=YES, time 0.263981s)
[ITER 4] New best cost=1658361.76 (feasible=YES, time 0.469764s)
[ITER 5] New best cost=1653698.13 (feasible=YES, time 0.566596s)
[ITER 9] New best cost=1651992.01 (feasible=YES, time 0.951028s)
[ITER 10] New best cost=1645425.66 (feasible=YES, time 1.13439s)
[ITER 10] bestGlobalCost=1645425.66 (feasible=YES) bestThisIter=1645425.66 feasibleAnts=10 noImprove=0 (elapsed 1.13835s)
[ITER 11] New best cost=1644978.69 (feasible=YES, time 1.23063s)
[ITER 15] New best cost=1632781.86 (feasible=YES, time 3.44019s)
[ITER 18] New best cost=1626382.40 (feasible=YES, time 9.54328s)
[ITER 19] New best cost=1619487.26 (feasible=YES, time 9.62491s)
[ITER 20] bestGlobalCost=1619487.26 (feasible=YES) bestThisIter=1623689.64 feasibleAnts=10 noImprove=1 (elapsed 9.7227s)
[ITER 23] New best cost=1619218.90 (feasible=YES, time 9.9047s)
[ITER 30] bestGlobalCost=1619218.90 (feasible=YES) bestThisIter=1619218.90 feasibleAnts=15 noImprove=7 (elapsed 18.1644s)
[ITER 40] bestGlobalCost=1619218.90 (feasible=YES) bestThisIter=1619218.90 feasibleAnts=10 noImprove=17 (elapsed 19.0086s)
[ITER 50] bestGlobalCost=1619218.90 (feasible=YES) bestThisIter=1619218.90 feasibleAnts=9 noImprove=27 (elapsed 27.4547s)
[RESET] no improvement for30-> reset pheromones
[ITER 60] bestGlobalCost=1619218.90 (feasible=YES) bestThisIter=1642980.59 feasibleAnts=10 noImprove=7 (elapsed 35.9037s)
[ITER 70] bestGlobalCost=1619218.90 (feasible=YES) bestThisIter=1619218.90 feasibleAnts=10 noImprove=17 (elapsed 36.9724s)
[ITER 80] bestGlobalCost=1619218.90 (feasible=YES) bestThisIter=1638168.30 feasibleAnts=10 noImprove=27 (elapsed 45.2137s)
[RESET] no improvement for30-> reset pheromones
[ITER 90] bestGlobalCost=1619218.90 (feasible=YES) bestThisIter=1728599.43 feasibleAnts=10 noImprove=7 (elapsed 54.3607s)
[ITER 100] bestGlobalCost=1619218.90 (feasible=YES) bestThisIter=1619218.90 feasibleAnts=9 noImprove=17 (elapsed 55.2804s)
7 9 12 16 18 24 26 29 32 37 46 49 51 61 63 78 82 87 99 105 117 120 125 127 132 135 137 142 146 
10 11 19 33 36 44 45 48 52 57 66 69 74 81 84 89 92 93 96 97 100 103 116 128 136 140 141 143 144 150 
3 5 21 23 35 41 50 59 62 68 70 72 73 76 91 94 95 102 111 112 118 121 122 123 129 131 134 139 
8 17 22 25 28 34 38 39 43 56 58 65 71 75 83 86 88 90 98 101 104 106 108 109 113 114 119 124 126 133 145 148 
1 2 4 6 13 14 15 20 27 30 31 40 42 47 53 54 55 60 64 67 77 79 80 85 107 110 115 130 138 147 149 
[SAVELOGS] evolution saved to results/logs/kroB150_05_5/evolution/kroB150_05_5
[SAVELOGS] best cost saved to results/logs/kroB150_05_5/objectives/kroB150_05_5
[SAVELOGS] best solution saved to results/logs/kroB150_05_5/solutions/kroB150_05_5
