[ITER 1] New best cost=703531.04 (feasible=YES, time 0.253386s)
[ITER 2] New best cost=671650.83 (feasible=YES, time 0.50703s)
[ITER 3] New best cost=649579.44 (feasible=YES, time 0.686741s)
[ITER 4] New best cost=621755.87 (feasible=YES, time 0.876281s)
[ITER 5] New best cost=611275.24 (feasible=YES, time 1.02107s)
[ITER 7] New best cost=607894.74 (feasible=YES, time 1.3229s)
[ITER 10] bestGlobalCost=607894.74 (feasible=YES) bestThisIter=611740.79 feasibleAnts=10 noImprove=3 (elapsed 1.71844s)
[ITER 15] New best cost=597121.18 (feasible=YES, time 6.434s)
[ITER 20] bestGlobalCost=597121.18 (feasible=YES) bestThisIter=597121.18 feasibleAnts=10 noImprove=5 (elapsed 7.94753s)
[ITER 30] New best cost=595791.73 (feasible=YES, time 10.9087s)
[ITER 30] bestGlobalCost=595791.73 (feasible=YES) bestThisIter=613802.49 feasibleAnts=10 noImprove=0 (elapsed 14.7772s)
[ITER 40] bestGlobalCost=595791.73 (feasible=YES) bestThisIter=630332.72 feasibleAnts=9 noImprove=10 (elapsed 15.9216s)
[ITER 50] bestGlobalCost=595791.73 (feasible=YES) bestThisIter=626296.21 feasibleAnts=10 noImprove=20 (elapsed 23.0263s)
[ITER 60] bestGlobalCost=595791.73 (feasible=YES) bestThisIter=655488.73 feasibleAnts=10 noImprove=30 (elapsed 30.2326s)
[RESET] no improvement for30-> reset pheromones
[ITER 70] bestGlobalCost=595791.73 (feasible=YES) bestThisIter=732086.50 feasibleAnts=10 noImprove=10 (elapsed 32.6091s)
[ITER 80] bestGlobalCost=595791.73 (feasible=YES) bestThisIter=685342.71 feasibleAnts=10 noImprove=20 (elapsed 39.7427s)
[ITER 90] New best cost=594813.89 (feasible=YES, time 44.1989s)
[ITER 90] bestGlobalCost=594813.89 (feasible=YES) bestThisIter=685843.18 feasibleAnts=10 noImprove=0 (elapsed 46.8876s)
[ITER 95] New best cost=594632.91 (feasible=YES, time 47.3024s)
[ITER 100] bestGlobalCost=594632.91 (feasible=YES) bestThisIter=594632.91 feasibleAnts=11 noImprove=5 (elapsed 47.6304s)
[ITER 110] bestGlobalCost=594632.91 (feasible=YES) bestThisIter=632518.99 feasibleAnts=10 noImprove=15 (elapsed 54.3863s)
[ITER 120] New best cost=592928.52 (feasible=YES, time 57.2367s)
[ITER 120] bestGlobalCost=592928.52 (feasible=YES) bestThisIter=663942.98 feasibleAnts=10 noImprove=0 (elapsed 61.4088s)
104 105 106 107 109 110 111 112 114 
5 29 30 31 33 34 36 
55 57 58 59 60 61 62 67 
24 25 26 35 37 38 39 40 56 
12 14 16 17 21 50 51 52 
65 66 71 81 82 83 84 91 
9 10 11 13 15 46 47 48 
86 87 89 90 101 102 103 108 113 
7 18 19 20 22 23 41 42 
75 78 93 96 97 98 99 100 122 124 
43 44 45 49 53 54 85 88 
63 64 68 69 70 72 74 
73 76 77 79 80 92 94 95 
115 116 117 118 119 120 121 123 
1 2 3 4 6 8 27 28 32 
[SAVELOGS] evolution saved to results/logs/pr124_15_4/evolution/pr124_15_4
[SAVELOGS] best cost saved to results/logs/pr124_15_4/objectives/pr124_15_4
[SAVELOGS] best solution saved to results/logs/pr124_15_4/solutions/pr124_15_4
