[ITER 1] New best cost=313234.14 (feasible=YES, time 0.17281s)
[ITER 3] New best cost=306833.41 (feasible=YES, time 0.341298s)
[ITER 5] New best cost=303843.80 (feasible=YES, time 0.51285s)
[ITER 7] New best cost=301283.44 (feasible=YES, time 0.672557s)
[ITER 8] New best cost=300979.90 (feasible=YES, time 0.76989s)
[ITER 9] New best cost=295076.40 (feasible=YES, time 0.832334s)
[ITER 10] bestGlobalCost=295076.40 (feasible=YES) bestThisIter=297722.22 feasibleAnts=9 noImprove=1 (elapsed 0.911974s)
[ITER 15] New best cost=291644.40 (feasible=YES, time 1.96127s)
[ITER 15] New best cost=289102.18 (feasible=YES, time 2.6144s)
[ITER 19] New best cost=286044.08 (feasible=YES, time 4.6797s)
[ITER 20] bestGlobalCost=286044.08 (feasible=YES) bestThisIter=293273.66 feasibleAnts=9 noImprove=1 (elapsed 4.75267s)
[ITER 25] New best cost=282476.35 (feasible=YES, time 5.08722s)
[ITER 27] New best cost=280189.23 (feasible=YES, time 5.22345s)
[ITER 28] New best cost=277903.76 (feasible=YES, time 5.30529s)
[ITER 30] bestGlobalCost=277903.76 (feasible=YES) bestThisIter=279332.10 feasibleAnts=10 noImprove=2 (elapsed 8.17992s)
[ITER 35] New best cost=277081.50 (feasible=YES, time 8.43043s)
[ITER 40] bestGlobalCost=277081.50 (feasible=YES) bestThisIter=277081.50 feasibleAnts=10 noImprove=5 (elapsed 8.7314s)
[ITER 50] bestGlobalCost=277081.50 (feasible=YES) bestThisIter=302613.38 feasibleAnts=10 noImprove=15 (elapsed 12.5427s)
[ITER 60] bestGlobalCost=277081.50 (feasible=YES) bestThisIter=313448.54 feasibleAnts=10 noImprove=25 (elapsed 15.9988s)
[RESET] no improvement for30-> reset pheromones
[ITER 70] bestGlobalCost=277081.50 (feasible=YES) bestThisIter=306491.94 feasibleAnts=10 noImprove=5 (elapsed 17.1014s)
[ITER 80] bestGlobalCost=277081.50 (feasible=YES) bestThisIter=294671.37 feasibleAnts=10 noImprove=15 (elapsed 21.2909s)
[ITER 90] bestGlobalCost=277081.50 (feasible=YES) bestThisIter=287261.06 feasibleAnts=8 noImprove=25 (elapsed 24.9663s)
[RESET] no improvement for30-> reset pheromones
[ITER 100] bestGlobalCost=277081.50 (feasible=YES) bestThisIter=318957.54 feasibleAnts=10 noImprove=5 (elapsed 26.0252s)
[ITER 110] New best cost=276705.24 (feasible=YES, time 29.8784s)
[ITER 110] bestGlobalCost=276705.24 (feasible=YES) bestThisIter=276705.24 feasibleAnts=10 noImprove=0 (elapsed 29.8818s)
[ITER 112] New best cost=275214.08 (feasible=YES, time 29.9744s)
[ITER 120] bestGlobalCost=275214.08 (feasible=YES) bestThisIter=275214.08 feasibleAnts=11 noImprove=8 (elapsed 33.3747s)
[ITER 130] bestGlobalCost=275214.08 (feasible=YES) bestThisIter=294913.09 feasibleAnts=10 noImprove=18 (elapsed 34.2146s)
[ITER 140] bestGlobalCost=275214.08 (feasible=YES) bestThisIter=311450.02 feasibleAnts=10 noImprove=28 (elapsed 37.885s)
[RESET] no improvement for30-> reset pheromones
[ITER 150] bestGlobalCost=275214.08 (feasible=YES) bestThisIter=308630.23 feasibleAnts=10 noImprove=8 (elapsed 42.0867s)
[ITER 160] bestGlobalCost=275214.08 (feasible=YES) bestThisIter=302027.31 feasibleAnts=9 noImprove=18 (elapsed 43.1327s)
[ITER 170] bestGlobalCost=275214.08 (feasible=YES) bestThisIter=290103.80 feasibleAnts=10 noImprove=28 (elapsed 46.7367s)
[RESET] no improvement for30-> reset pheromones
[ITER 180] bestGlobalCost=275214.08 (feasible=YES) bestThisIter=320026.29 feasibleAnts=10 noImprove=8 (elapsed 51.2048s)
[ITER 190] bestGlobalCost=275214.08 (feasible=YES) bestThisIter=275214.08 feasibleAnts=10 noImprove=18 (elapsed 52.1115s)
[ITER 200] bestGlobalCost=275214.08 (feasible=YES) bestThisIter=305176.42 feasibleAnts=10 noImprove=28 (elapsed 55.5858s)
[RESET] no improvement for30-> reset pheromones
[ITER 210] bestGlobalCost=275214.08 (feasible=YES) bestThisIter=302509.72 feasibleAnts=10 noImprove=8 (elapsed 60.0245s)
1 12 20 27 38 46 49 75 80 86 
16 17 18 19 24 36 41 45 88 92 
3 8 28 29 32 59 76 91 97 99 
7 9 25 34 35 52 58 66 74 87 94 
4 6 13 14 15 33 42 43 64 82 83 
10 11 61 71 73 85 93 95 98 
5 21 39 40 53 67 68 69 70 90 
22 23 37 54 55 57 60 72 84 89 
2 31 44 48 50 51 63 77 78 96 
26 30 47 56 62 65 79 81 100 
[SAVELOGS] evolution saved to results/logs/kroB100_10_5/evolution/kroB100_10_5
[SAVELOGS] best cost saved to results/logs/kroB100_10_5/objectives/kroB100_10_5
[SAVELOGS] best solution saved to results/logs/kroB100_10_5/solutions/kroB100_10_5
