[ITER 1] New best cost=1909.96 (feasible=YES, time 0.00913259s)
[ITER 10] bestGlobalCost=1909.96 (feasible=YES) bestThisIter=1909.96 feasibleAnts=40 noImprove=9 (elapsed 0.158002s)
[ITER 20] bestGlobalCost=1909.96 (feasible=YES) bestThisIter=1909.96 feasibleAnts=40 noImprove=19 (elapsed 0.353916s)
[ITER 30] bestGlobalCost=1909.96 (feasible=YES) bestThisIter=1909.96 feasibleAnts=40 noImprove=29 (elapsed 0.539338s)
[RESET] no improvement for30-> reset pheromones
[ITER 40] bestGlobalCost=1909.96 (feasible=YES) bestThisIter=1909.96 feasibleAnts=40 noImprove=9 (elapsed 0.682664s)
[ITER 50] bestGlobalCost=1909.96 (feasible=YES) bestThisIter=1909.96 feasibleAnts=40 noImprove=19 (elapsed 0.821601s)
[ITER 60] bestGlobalCost=1909.96 (feasible=YES) bestThisIter=1909.96 feasibleAnts=38 noImprove=29 (elapsed 0.954518s)
[RESET] no improvement for30-> reset pheromones
[ITER 70] bestGlobalCost=1909.96 (feasible=YES) bestThisIter=1909.96 feasibleAnts=38 noImprove=9 (elapsed 1.09943s)
[ITER 80] bestGlobalCost=1909.96 (feasible=YES) bestThisIter=1909.96 feasibleAnts=37 noImprove=19 (elapsed 1.2382s)
[ITER 90] bestGlobalCost=1909.96 (feasible=YES) bestThisIter=1909.96 feasibleAnts=39 noImprove=29 (elapsed 1.3671s)
[RESET] no improvement for30-> reset pheromones
[ITER 100] bestGlobalCost=1909.96 (feasible=YES) bestThisIter=1909.96 feasibleAnts=40 noImprove=9 (elapsed 1.51237s)
[ITER 110] bestGlobalCost=1909.96 (feasible=YES) bestThisIter=1909.96 feasibleAnts=36 noImprove=19 (elapsed 1.65095s)
[ITER 120] bestGlobalCost=1909.96 (feasible=YES) bestThisIter=1909.96 feasibleAnts=38 noImprove=29 (elapsed 1.78961s)
[RESET] no improvement for30-> reset pheromones
[ITER 130] bestGlobalCost=1909.96 (feasible=YES) bestThisIter=1909.96 feasibleAnts=38 noImprove=9 (elapsed 1.92679s)
[ITER 140] bestGlobalCost=1909.96 (feasible=YES) bestThisIter=1909.96 feasibleAnts=38 noImprove=19 (elapsed 2.05078s)
[ITER 150] bestGlobalCost=1909.96 (feasible=YES) bestThisIter=1909.96 feasibleAnts=37 noImprove=29 (elapsed 2.16361s)
[RESET] no improvement for30-> reset pheromones
[ITER 160] bestGlobalCost=1909.96 (feasible=YES) bestThisIter=1909.96 feasibleAnts=37 noImprove=9 (elapsed 2.29999s)
[ITER 170] bestGlobalCost=1909.96 (feasible=YES) bestThisIter=1909.96 feasibleAnts=40 noImprove=19 (elapsed 2.432s)
[ITER 180] bestGlobalCost=1909.96 (feasible=YES) bestThisIter=1909.96 feasibleAnts=37 noImprove=29 (elapsed 2.54672s)
[RESET] no improvement for30-> reset pheromones
[ITER 190] bestGlobalCost=1909.96 (feasible=YES) bestThisIter=1909.96 feasibleAnts=40 noImprove=9 (elapsed 2.68312s)
[ITER 200] bestGlobalCost=1909.96 (feasible=YES) bestThisIter=1909.96 feasibleAnts=39 noImprove=19 (elapsed 2.81731s)
[ITER 210] bestGlobalCost=1909.96 (feasible=YES) bestThisIter=1909.96 feasibleAnts=40 noImprove=29 (elapsed 2.95153s)
[RESET] no improvement for30-> reset pheromones
[ITER 220] bestGlobalCost=1909.96 (feasible=YES) bestThisIter=1909.96 feasibleAnts=39 noImprove=9 (elapsed 3.08534s)
[ITER 230] bestGlobalCost=1909.96 (feasible=YES) bestThisIter=1909.96 feasibleAnts=39 noImprove=19 (elapsed 3.21467s)
[ITER 240] bestGlobalCost=1909.96 (feasible=YES) bestThisIter=1909.96 feasibleAnts=35 noImprove=29 (elapsed 3.33914s)
[RESET] no improvement for30-> reset pheromones
[ITER 250] bestGlobalCost=1909.96 (feasible=YES) bestThisIter=1909.96 feasibleAnts=37 noImprove=9 (elapsed 3.47484s)
[ITER 260] bestGlobalCost=1909.96 (feasible=YES) bestThisIter=1909.96 feasibleAnts=39 noImprove=19 (elapsed 3.61818s)
[ITER 270] bestGlobalCost=1909.96 (feasible=YES) bestThisIter=1909.96 feasibleAnts=40 noImprove=29 (elapsed 3.75127s)
[RESET] no improvement for30-> reset pheromones
[ITER 280] bestGlobalCost=1909.96 (feasible=YES) bestThisIter=1909.96 feasibleAnts=39 noImprove=9 (elapsed 3.88715s)
[ITER 290] bestGlobalCost=1909.96 (feasible=YES) bestThisIter=1909.96 feasibleAnts=37 noImprove=19 (elapsed 4.01072s)
[ITER 300] bestGlobalCost=1909.96 (feasible=YES) bestThisIter=1909.96 feasibleAnts=34 noImprove=29 (elapsed 4.14609s)
[RESET] no improvement for30-> reset pheromones
[ITER 310] bestGlobalCost=1909.96 (feasible=YES) bestThisIter=1909.96 feasibleAnts=40 noImprove=9 (elapsed 4.28308s)
[ITER 320] bestGlobalCost=1909.96 (feasible=YES) bestThisIter=1909.96 feasibleAnts=40 noImprove=19 (elapsed 4.40732s)
[ITER 330] bestGlobalCost=1909.96 (feasible=YES) bestThisIter=1909.96 feasibleAnts=40 noImprove=29 (elapsed 4.54669s)
[RESET] no improvement for30-> reset pheromones
[ITER 340] bestGlobalCost=1909.96 (feasible=YES) bestThisIter=1909.96 feasibleAnts=38 noImprove=9 (elapsed 4.68889s)
[ITER 350] bestGlobalCost=1909.96 (feasible=YES) bestThisIter=1909.96 feasibleAnts=36 noImprove=19 (elapsed 4.81358s)
[ITER 360] bestGlobalCost=1909.96 (feasible=YES) bestThisIter=1909.96 feasibleAnts=40 noImprove=29 (elapsed 4.93244s)
[RESET] no improvement for30-> reset pheromones
[ITER 370] bestGlobalCost=1909.96 (feasible=YES) bestThisIter=1909.96 feasibleAnts=40 noImprove=9 (elapsed 5.03363s)
[ITER 380] bestGlobalCost=1909.96 (feasible=YES) bestThisIter=1909.96 feasibleAnts=38 noImprove=19 (elapsed 5.13284s)
[ITER 390] bestGlobalCost=1909.96 (feasible=YES) bestThisIter=1909.96 feasibleAnts=37 noImprove=29 (elapsed 5.24227s)
[RESET] no improvement for30-> reset pheromones
[ITER 400] bestGlobalCost=1909.96 (feasible=YES) bestThisIter=1909.96 feasibleAnts=38 noImprove=9 (elapsed 5.3546s)
[ITER 410] bestGlobalCost=1909.96 (feasible=YES) bestThisIter=1909.96 feasibleAnts=40 noImprove=19 (elapsed 5.4609s)
[ITER 420] bestGlobalCost=1909.96 (feasible=YES) bestThisIter=1909.96 feasibleAnts=33 noImprove=29 (elapsed 5.55455s)
[RESET] no improvement for30-> reset pheromones
[ITER 430] bestGlobalCost=1909.96 (feasible=YES) bestThisIter=1909.96 feasibleAnts=37 noImprove=9 (elapsed 5.66286s)
[ITER 440] bestGlobalCost=1909.96 (feasible=YES) bestThisIter=1909.96 feasibleAnts=40 noImprove=19 (elapsed 5.76618s)
[ITER 450] bestGlobalCost=1909.96 (feasible=YES) bestThisIter=1909.96 feasibleAnts=39 noImprove=29 (elapsed 5.86834s)
[RESET] no improvement for30-> reset pheromones
[ITER 460] bestGlobalCost=1909.96 (feasible=YES) bestThisIter=1909.96 feasibleAnts=40 noImprove=9 (elapsed 5.97099s)
[ITER 470] bestGlobalCost=1909.96 (feasible=YES) bestThisIter=1909.96 feasibleAnts=38 noImprove=19 (elapsed 6.07352s)
[ITER 480] bestGlobalCost=1909.96 (feasible=YES) bestThisIter=1909.96 feasibleAnts=37 noImprove=29 (elapsed 6.16908s)
[RESET] no improvement for30-> reset pheromones
[ITER 490] bestGlobalCost=1909.96 (feasible=YES) bestThisIter=1909.96 feasibleAnts=40 noImprove=9 (elapsed 6.27606s)
[ITER 500] bestGlobalCost=1909.96 (feasible=YES) bestThisIter=1909.96 feasibleAnts=40 noImprove=19 (elapsed 6.37018s)
[ITER 510] bestGlobalCost=1909.96 (feasible=YES) bestThisIter=1909.96 feasibleAnts=38 noImprove=29 (elapsed 6.46624s)
[RESET] no improvement for30-> reset pheromones
[ITER 520] bestGlobalCost=1909.96 (feasible=YES) bestThisIter=1909.96 feasibleAnts=38 noImprove=9 (elapsed 6.57035s)
[ITER 530] bestGlobalCost=1909.96 (feasible=YES) bestThisIter=1909.96 feasibleAnts=38 noImprove=19 (elapsed 6.65561s)
[ITER 540] bestGlobalCost=1909.96 (feasible=YES) bestThisIter=1909.96 feasibleAnts=39 noImprove=29 (elapsed 6.74888s)
[RESET] no improvement for30-> reset pheromones
[ITER 550] bestGlobalCost=1909.96 (feasible=YES) bestThisIter=1909.96 feasibleAnts=40 noImprove=9 (elapsed 6.85076s)
[ITER 560] bestGlobalCost=1909.96 (feasible=YES) bestThisIter=1909.96 feasibleAnts=38 noImprove=19 (elapsed 6.94402s)
[ITER 570] bestGlobalCost=1909.96 (feasible=YES) bestThisIter=1909.96 feasibleAnts=40 noImprove=29 (elapsed 7.03741s)
[RESET] no improvement for30-> reset pheromones
[ITER 580] bestGlobalCost=1909.96 (feasible=YES) bestThisIter=1909.96 feasibleAnts=39 noImprove=9 (elapsed 7.13912s)
[ITER 590] bestGlobalCost=1909.96 (feasible=YES) bestThisIter=1909.96 feasibleAnts=40 noImprove=19 (elapsed 7.24185s)
[ITER 600] bestGlobalCost=1909.96 (feasible=YES) bestThisIter=1909.96 feasibleAnts=40 noImprove=29 (elapsed 7.34144s)
[RESET] no improvement for30-> reset pheromones
[ITER 610] bestGlobalCost=1909.96 (feasible=YES) bestThisIter=1909.96 feasibleAnts=40 noImprove=9 (elapsed 7.44577s)
[ITER 620] bestGlobalCost=1909.96 (feasible=YES) bestThisIter=1909.96 feasibleAnts=40 noImprove=19 (elapsed 7.54219s)
[ITER 630] bestGlobalCost=1909.96 (feasible=YES) bestThisIter=1909.96 feasibleAnts=40 noImprove=29 (elapsed 7.63121s)
[RESET] no improvement for30-> reset pheromones
[ITER 640] bestGlobalCost=1909.96 (feasible=YES) bestThisIter=1909.96 feasibleAnts=38 noImprove=9 (elapsed 7.74004s)
[ITER 650] bestGlobalCost=1909.96 (feasible=YES) bestThisIter=1909.96 feasibleAnts=39 noImprove=19 (elapsed 7.84045s)
[ITER 660] bestGlobalCost=1909.96 (feasible=YES) bestThisIter=1909.96 feasibleAnts=38 noImprove=29 (elapsed 7.94628s)
[RESET] no improvement for30-> reset pheromones
[ITER 670] bestGlobalCost=1909.96 (feasible=YES) bestThisIter=1909.96 feasibleAnts=38 noImprove=9 (elapsed 8.04778s)
[ITER 680] bestGlobalCost=1909.96 (feasible=YES) bestThisIter=1909.96 feasibleAnts=38 noImprove=19 (elapsed 8.14051s)
[ITER 690] bestGlobalCost=1909.96 (feasible=YES) bestThisIter=1909.96 feasibleAnts=38 noImprove=29 (elapsed 8.23623s)
[RESET] no improvement for30-> reset pheromones
[ITER 700] bestGlobalCost=1909.96 (feasible=YES) bestThisIter=1909.96 feasibleAnts=40 noImprove=9 (elapsed 8.3403s)
[ITER 710] bestGlobalCost=1909.96 (feasible=YES) bestThisIter=1909.96 feasibleAnts=39 noImprove=19 (elapsed 8.43436s)
[ITER 720] bestGlobalCost=1909.96 (feasible=YES) bestThisIter=1909.96 feasibleAnts=37 noImprove=29 (elapsed 8.52308s)
[RESET] no improvement for30-> reset pheromones
[ITER 730] bestGlobalCost=1909.96 (feasible=YES) bestThisIter=1909.96 feasibleAnts=40 noImprove=9 (elapsed 8.6337s)
[ITER 740] bestGlobalCost=1909.96 (feasible=YES) bestThisIter=1909.96 feasibleAnts=39 noImprove=19 (elapsed 8.72808s)
[ITER 750] bestGlobalCost=1909.96 (feasible=YES) bestThisIter=1909.96 feasibleAnts=39 noImprove=29 (elapsed 8.82119s)
[RESET] no improvement for30-> reset pheromones
[ITER 760] bestGlobalCost=1909.96 (feasible=YES) bestThisIter=1909.96 feasibleAnts=39 noImprove=9 (elapsed 8.92986s)
[ITER 770] bestGlobalCost=1909.96 (feasible=YES) bestThisIter=1909.96 feasibleAnts=39 noImprove=19 (elapsed 9.01694s)
[ITER 780] bestGlobalCost=1909.96 (feasible=YES) bestThisIter=1909.96 feasibleAnts=39 noImprove=29 (elapsed 9.11942s)
[RESET] no improvement for30-> reset pheromones
[ITER 790] bestGlobalCost=1909.96 (feasible=YES) bestThisIter=1909.96 feasibleAnts=40 noImprove=9 (elapsed 9.22104s)
[ITER 800] bestGlobalCost=1909.96 (feasible=YES) bestThisIter=1909.96 feasibleAnts=38 noImprove=19 (elapsed 9.32369s)
[ITER 810] bestGlobalCost=1909.96 (feasible=YES) bestThisIter=1909.96 feasibleAnts=37 noImprove=29 (elapsed 9.41065s)
[RESET] no improvement for30-> reset pheromones
[ITER 820] bestGlobalCost=1909.96 (feasible=YES) bestThisIter=1909.96 feasibleAnts=40 noImprove=9 (elapsed 9.51423s)
[ITER 830] bestGlobalCost=1909.96 (feasible=YES) bestThisIter=1909.96 feasibleAnts=38 noImprove=19 (elapsed 9.61539s)
[ITER 840] bestGlobalCost=1909.96 (feasible=YES) bestThisIter=1909.96 feasibleAnts=36 noImprove=29 (elapsed 9.71003s)
[RESET] no improvement for30-> reset pheromones
[ITER 850] bestGlobalCost=1909.96 (feasible=YES) bestThisIter=1909.96 feasibleAnts=40 noImprove=9 (elapsed 9.81294s)
[ITER 860] bestGlobalCost=1909.96 (feasible=YES) bestThisIter=1909.96 feasibleAnts=40 noImprove=19 (elapsed 9.91865s)
[ITER 870] bestGlobalCost=1909.96 (feasible=YES) bestThisIter=1909.96 feasibleAnts=40 noImprove=29 (elapsed 10.0146s)
5 6 11 14 21 26 29 
1 2 4 8 9 10 12 18 19 23 27 
15 17 20 22 24 28 30 
3 7 13 16 25 
[SAVELOGS] evolution saved to results/logs/aco_logs/evolution/muestra5_30_4.txt
[SAVELOGS] best cost saved to results/logs/aco_logs/objectives/muestra5_30_4.txt
[SAVELOGS] best solution saved to results/logs/aco_logs/solutions/muestra5_30_4.txt
