[ITER 1] New best cost=1619465.20 (feasible=YES, time 5.18712s)
[ITER 2] New best cost=1593286.08 (feasible=YES, time 9.59152s)
[ITER 4] New best cost=1591033.27 (feasible=YES, time 16.7169s)
[ITER 5] New best cost=1589079.03 (feasible=YES, time 20.4912s)
[ITER 7] New best cost=1585731.10 (feasible=YES, time 30.0692s)
[ITER 10] bestGlobalCost=1585731.10 (feasible=YES) bestThisIter=1591126.05 feasibleAnts=10 noImprove=3 (elapsed 47.6594s)
[ITER 11] New best cost=1576568.58 (feasible=YES, time 53.0333s)
[ITER 14] New best cost=1573778.24 (feasible=YES, time 65.6192s)
[ITER 16] New best cost=1567595.60 (feasible=YES, time 73.8243s)
[ITER 20] bestGlobalCost=1567595.60 (feasible=YES) bestThisIter=1579927.31 feasibleAnts=10 noImprove=4 (elapsed 96.4034s)
[ITER 24] New best cost=1566284.79 (feasible=YES, time 112.615s)
[ITER 30] bestGlobalCost=1566284.79 (feasible=YES) bestThisIter=1583195.70 feasibleAnts=10 noImprove=6 (elapsed 141.973s)
[ITER 40] bestGlobalCost=1566284.79 (feasible=YES) bestThisIter=1584007.69 feasibleAnts=10 noImprove=16 (elapsed 186.085s)
[ITER 41] New best cost=1565609.50 (feasible=YES, time 190.643s)
[ITER 50] bestGlobalCost=1565609.50 (feasible=YES) bestThisIter=1580759.78 feasibleAnts=10 noImprove=9 (elapsed 236.042s)
[ITER 60] bestGlobalCost=1565609.50 (feasible=YES) bestThisIter=1577601.92 feasibleAnts=10 noImprove=19 (elapsed 285.062s)
[ITER 70] bestGlobalCost=1565609.50 (feasible=YES) bestThisIter=1595170.18 feasibleAnts=10 noImprove=29 (elapsed 333.008s)
[RESET] no improvement for30-> reset pheromones
[ITER 80] bestGlobalCost=1565609.50 (feasible=YES) bestThisIter=1584269.63 feasibleAnts=10 noImprove=9 (elapsed 384.226s)
[ITER 90] bestGlobalCost=1565609.50 (feasible=YES) bestThisIter=1596035.32 feasibleAnts=10 noImprove=19 (elapsed 432.367s)
[ITER 100] bestGlobalCost=1565609.50 (feasible=YES) bestThisIter=1597927.00 feasibleAnts=10 noImprove=29 (elapsed 478.33s)
[RESET] no improvement for30-> reset pheromones
[ITER 110] bestGlobalCost=1565609.50 (feasible=YES) bestThisIter=1569432.01 feasibleAnts=10 noImprove=9 (elapsed 526.726s)
[ITER 120] bestGlobalCost=1565609.50 (feasible=YES) bestThisIter=1582182.97 feasibleAnts=10 noImprove=19 (elapsed 574.164s)
[ITER 130] bestGlobalCost=1565609.50 (feasible=YES) bestThisIter=1585984.04 feasibleAnts=10 noImprove=29 (elapsed 624.47s)
[RESET] no improvement for30-> reset pheromones
[ITER 140] bestGlobalCost=1565609.50 (feasible=YES) bestThisIter=1581243.58 feasibleAnts=10 noImprove=9 (elapsed 673.61s)
[ITER 150] bestGlobalCost=1565609.50 (feasible=YES) bestThisIter=1587128.18 feasibleAnts=10 noImprove=19 (elapsed 719.824s)
[ITER 160] bestGlobalCost=1565609.50 (feasible=YES) bestThisIter=1575154.38 feasibleAnts=10 noImprove=29 (elapsed 766.391s)
[RESET] no improvement for30-> reset pheromones
[ITER 170] bestGlobalCost=1565609.50 (feasible=YES) bestThisIter=1579757.15 feasibleAnts=10 noImprove=9 (elapsed 814.97s)
[ITER 180] bestGlobalCost=1565609.50 (feasible=YES) bestThisIter=1593592.76 feasibleAnts=9 noImprove=19 (elapsed 866.165s)
[ITER 190] bestGlobalCost=1565609.50 (feasible=YES) bestThisIter=1582359.36 feasibleAnts=10 noImprove=29 (elapsed 916.892s)
[RESET] no improvement for30-> reset pheromones
[ITER 195] New best cost=1564796.42 (feasible=YES, time 939.679s)
[ITER 200] bestGlobalCost=1564796.42 (feasible=YES) bestThisIter=1582705.22 feasibleAnts=10 noImprove=5 (elapsed 961.805s)
[ITER 210] bestGlobalCost=1564796.42 (feasible=YES) bestThisIter=1597112.72 feasibleAnts=10 noImprove=15 (elapsed 1008.69s)
[ITER 214] New best cost=1564223.18 (feasible=YES, time 1024.2s)
[ITER 220] bestGlobalCost=1564223.18 (feasible=YES) bestThisIter=1600668.72 feasibleAnts=10 noImprove=6 (elapsed 1054.69s)
[ITER 230] bestGlobalCost=1564223.18 (feasible=YES) bestThisIter=1582371.42 feasibleAnts=10 noImprove=16 (elapsed 1100.75s)
[ITER 240] bestGlobalCost=1564223.18 (feasible=YES) bestThisIter=1590920.17 feasibleAnts=10 noImprove=26 (elapsed 1146.6s)
[RESET] no improvement for30-> reset pheromones
[ITER 250] bestGlobalCost=1564223.18 (feasible=YES) bestThisIter=1584680.06 feasibleAnts=10 noImprove=6 (elapsed 1190.71s)
[ITER 260] bestGlobalCost=1564223.18 (feasible=YES) bestThisIter=1581849.98 feasibleAnts=10 noImprove=16 (elapsed 1234.46s)
[ITER 270] bestGlobalCost=1564223.18 (feasible=YES) bestThisIter=1572474.71 feasibleAnts=10 noImprove=26 (elapsed 1276.67s)
[RESET] no improvement for30-> reset pheromones
[ITER 280] bestGlobalCost=1564223.18 (feasible=YES) bestThisIter=1587492.60 feasibleAnts=10 noImprove=6 (elapsed 1322.18s)
[ITER 290] bestGlobalCost=1564223.18 (feasible=YES) bestThisIter=1590118.62 feasibleAnts=10 noImprove=16 (elapsed 1366.8s)
[ITER 300] bestGlobalCost=1564223.18 (feasible=YES) bestThisIter=1586273.64 feasibleAnts=10 noImprove=26 (elapsed 1411.38s)
[RESET] no improvement for30-> reset pheromones
[ITER 310] bestGlobalCost=1564223.18 (feasible=YES) bestThisIter=1581585.34 feasibleAnts=10 noImprove=6 (elapsed 1457.79s)
[ITER 314] New best cost=1563891.05 (feasible=YES, time 1475.08s)
[ITER 320] bestGlobalCost=1563891.05 (feasible=YES) bestThisIter=1591126.48 feasibleAnts=10 noImprove=6 (elapsed 1505.94s)
3 20 29 110 111 112 113 114 115 116 117 118 120 122 123 124 125 126 127 128 132 134 135 136 137 139 140 141 142 143 144 145 146 147 148 149 150 151 153 
155 156 157 158 159 160 161 162 163 164 165 166 167 168 169 170 171 172 173 174 175 176 177 180 181 182 184 185 186 187 189 190 191 192 193 194 195 196 197 198 199 200 201 318 
44 48 53 54 55 56 57 59 61 62 63 64 65 66 67 68 70 71 73 74 75 76 77 78 79 80 81 82 83 84 85 86 87 88 91 92 93 94 95 96 97 98 99 100 
204 205 206 207 208 209 210 212 213 214 215 216 217 218 219 220 221 222 223 224 225 227 229 230 232 233 234 235 236 237 238 239 240 241 242 243 244 245 247 248 249 368 393 
51 101 102 104 246 251 253 272 274 281 369 370 371 372 373 374 375 376 377 379 384 385 386 387 394 395 396 397 399 409 410 411 412 413 414 415 416 417 
33 58 60 69 72 89 90 103 105 202 203 211 226 228 231 358 359 360 361 362 363 364 365 366 367 380 381 382 383 388 389 390 391 392 400 401 402 403 404 405 406 407 408 
35 37 40 106 107 108 109 130 131 138 298 299 300 301 302 303 304 305 306 307 308 320 321 322 323 328 329 330 331 332 333 340 341 342 343 344 345 346 347 348 
1 2 5 7 8 9 10 11 12 13 14 15 16 17 18 21 22 23 24 25 26 27 28 30 31 39 42 43 45 47 49 50 52 119 121 129 133 152 310 
250 252 254 255 256 257 258 259 260 261 262 263 264 265 266 267 268 269 270 271 273 275 276 277 278 279 280 282 283 284 285 286 287 288 289 290 291 292 293 294 295 296 297 378 398 
4 6 19 32 34 36 38 41 46 154 178 179 183 188 309 311 312 313 314 315 316 317 319 324 325 326 327 334 335 336 337 338 339 349 350 351 352 353 354 355 356 357 
[SAVELOGS] evolution saved to results/logs/aco_logs/evolution/fl417_10_3.txt
[SAVELOGS] best cost saved to results/logs/aco_logs/objectives/fl417_10_3.txt
[SAVELOGS] best solution saved to results/logs/aco_logs/solutions/fl417_10_3.txt
