[ITER 1] New best cost=1612095.71 (feasible=YES, time 5.62543s)
[ITER 2] New best cost=1591154.75 (feasible=YES, time 8.35968s)
[ITER 3] New best cost=1586568.44 (feasible=YES, time 11.9342s)
[ITER 10] [TS] New best cost=1586278.09 (feasible=YES, time 43.3735s)
[ITER 10] bestGlobalCost=1586278.09 (feasible=YES) bestThisIter=1586278.09 feasibleAnts=10 noImprove=1 (elapsed 46.6484s)
[ITER 13] New best cost=1581245.90 (feasible=YES, time 59.4278s)
[ITER 19] New best cost=1578788.95 (feasible=YES, time 88.1412s)
[ITER 20] [TS] New best cost=1578657.75 (feasible=YES, time 92.3961s)
[ITER 20] bestGlobalCost=1578657.75 (feasible=YES) bestThisIter=1578657.75 feasibleAnts=10 noImprove=1 (elapsed 95.6893s)
[ITER 30] bestGlobalCost=1578657.75 (feasible=YES) bestThisIter=1578657.75 feasibleAnts=10 noImprove=11 (elapsed 141.595s)
[ITER 31] New best cost=1575993.67 (feasible=YES, time 145.537s)
[ITER 33] New best cost=1572849.72 (feasible=YES, time 153.319s)
[ITER 40] bestGlobalCost=1572849.72 (feasible=YES) bestThisIter=1588761.16 feasibleAnts=10 noImprove=7 (elapsed 188.635s)
[ITER 50] bestGlobalCost=1572849.72 (feasible=YES) bestThisIter=1589092.34 feasibleAnts=10 noImprove=17 (elapsed 234.743s)
[ITER 60] bestGlobalCost=1572849.72 (feasible=YES) bestThisIter=1580370.14 feasibleAnts=10 noImprove=27 (elapsed 276.884s)
[RESET] no improvement for30-> reset pheromones
[ITER 70] bestGlobalCost=1572849.72 (feasible=YES) bestThisIter=1590293.37 feasibleAnts=10 noImprove=7 (elapsed 328.866s)
[ITER 80] bestGlobalCost=1572849.72 (feasible=YES) bestThisIter=1591851.07 feasibleAnts=10 noImprove=17 (elapsed 377.779s)
[ITER 90] bestGlobalCost=1572849.72 (feasible=YES) bestThisIter=1581192.55 feasibleAnts=10 noImprove=27 (elapsed 422.976s)
[RESET] no improvement for30-> reset pheromones
[ITER 100] [TS] New best cost=1572815.02 (feasible=YES, time 471.371s)
[ITER 100] bestGlobalCost=1572815.02 (feasible=YES) bestThisIter=1572815.02 feasibleAnts=10 noImprove=1 (elapsed 474.703s)
[ITER 110] bestGlobalCost=1572815.02 (feasible=YES) bestThisIter=1587381.12 feasibleAnts=10 noImprove=11 (elapsed 528.155s)
[ITER 120] bestGlobalCost=1572815.02 (feasible=YES) bestThisIter=1586669.32 feasibleAnts=10 noImprove=21 (elapsed 577.471s)
[RESET] no improvement for30-> reset pheromones
[ITER 130] bestGlobalCost=1572815.02 (feasible=YES) bestThisIter=1609418.93 feasibleAnts=10 noImprove=1 (elapsed 626.484s)
[ITER 140] bestGlobalCost=1572815.02 (feasible=YES) bestThisIter=1583405.94 feasibleAnts=10 noImprove=11 (elapsed 675.259s)
[ITER 150] bestGlobalCost=1572815.02 (feasible=YES) bestThisIter=1582098.76 feasibleAnts=10 noImprove=21 (elapsed 726.928s)
[RESET] no improvement for30-> reset pheromones
[ITER 160] bestGlobalCost=1572815.02 (feasible=YES) bestThisIter=1593838.33 feasibleAnts=10 noImprove=1 (elapsed 778.546s)
[ITER 170] bestGlobalCost=1572815.02 (feasible=YES) bestThisIter=1582095.30 feasibleAnts=10 noImprove=11 (elapsed 826.918s)
[ITER 180] bestGlobalCost=1572815.02 (feasible=YES) bestThisIter=1580886.23 feasibleAnts=10 noImprove=21 (elapsed 873.249s)
[RESET] no improvement for30-> reset pheromones
[ITER 190] bestGlobalCost=1572815.02 (feasible=YES) bestThisIter=1640610.15 feasibleAnts=10 noImprove=1 (elapsed 926.343s)
[ITER 200] bestGlobalCost=1572815.02 (feasible=YES) bestThisIter=1588508.25 feasibleAnts=10 noImprove=11 (elapsed 976.377s)
[ITER 210] bestGlobalCost=1572815.02 (feasible=YES) bestThisIter=1594291.49 feasibleAnts=10 noImprove=21 (elapsed 1026.87s)
[RESET] no improvement for30-> reset pheromones
[ITER 220] bestGlobalCost=1572815.02 (feasible=YES) bestThisIter=1604324.17 feasibleAnts=10 noImprove=1 (elapsed 1079.69s)
[ITER 230] bestGlobalCost=1572815.02 (feasible=YES) bestThisIter=1591015.24 feasibleAnts=10 noImprove=11 (elapsed 1129.47s)
[ITER 236] New best cost=1572378.85 (feasible=YES, time 1155.98s)
[ITER 240] bestGlobalCost=1572378.85 (feasible=YES) bestThisIter=1589750.77 feasibleAnts=10 noImprove=4 (elapsed 1181.84s)
[ITER 250] bestGlobalCost=1572378.85 (feasible=YES) bestThisIter=1573520.68 feasibleAnts=10 noImprove=14 (elapsed 1229s)
[ITER 260] bestGlobalCost=1572378.85 (feasible=YES) bestThisIter=1588434.64 feasibleAnts=10 noImprove=24 (elapsed 1274.05s)
[RESET] no improvement for30-> reset pheromones
[ITER 270] bestGlobalCost=1572378.85 (feasible=YES) bestThisIter=1603234.34 feasibleAnts=10 noImprove=4 (elapsed 1316.82s)
[ITER 280] bestGlobalCost=1572378.85 (feasible=YES) bestThisIter=1600153.15 feasibleAnts=10 noImprove=14 (elapsed 1364.15s)
[ITER 290] bestGlobalCost=1572378.85 (feasible=YES) bestThisIter=1587738.09 feasibleAnts=10 noImprove=24 (elapsed 1411.43s)
[RESET] no improvement for30-> reset pheromones
[ITER 300] bestGlobalCost=1572378.85 (feasible=YES) bestThisIter=1578736.37 feasibleAnts=10 noImprove=4 (elapsed 1462.25s)
155 156 157 158 159 161 162 163 164 165 166 167 168 169 170 171 172 173 174 175 176 177 180 181 182 183 184 185 186 188 189 190 191 192 193 194 195 196 197 198 199 200 201 318 
44 53 54 56 57 59 60 61 62 63 64 65 66 67 68 70 71 73 74 75 76 77 78 79 80 81 82 83 84 85 86 87 88 90 91 92 93 94 95 96 97 98 99 100 101 
6 25 32 34 38 41 46 48 154 160 178 179 187 309 310 311 312 313 314 315 316 317 319 324 325 326 327 334 335 336 337 338 339 349 351 352 353 354 355 356 357 
33 40 58 69 72 89 103 204 210 211 225 228 231 358 359 360 361 362 363 364 365 366 367 368 380 381 382 383 388 389 390 391 392 393 400 401 402 403 404 405 406 407 408 
35 106 107 108 109 110 112 113 130 133 298 299 300 301 302 303 304 305 306 307 320 321 322 323 328 329 330 331 332 333 340 341 342 343 344 345 346 347 348 
202 203 205 206 207 208 209 212 213 214 215 216 217 218 219 220 221 222 223 224 226 227 229 230 232 233 234 235 236 237 238 239 240 241 242 243 244 245 246 247 248 249 372 
1 3 23 29 37 111 114 115 116 117 118 120 122 123 124 125 126 127 128 129 132 134 135 136 137 138 139 141 142 143 144 145 146 147 148 149 150 151 153 308 
252 254 255 256 257 258 259 260 261 262 263 264 265 266 267 268 269 270 271 272 273 275 277 278 279 280 282 283 284 285 286 287 288 289 290 291 292 293 294 295 296 297 378 398 
2 4 5 7 8 9 10 11 12 13 14 15 16 17 18 19 20 21 22 24 26 27 28 30 31 36 39 42 43 45 47 49 50 52 119 121 131 140 152 350 
51 55 102 104 105 250 251 253 274 276 281 369 370 371 373 374 375 376 377 379 384 385 386 387 394 395 396 397 399 409 410 411 412 413 414 415 416 417 
[SAVELOGS] evolution saved to results/logs/aco_logs/evolution/fl417_10_3.txt
[SAVELOGS] best cost saved to results/logs/aco_logs/objectives/fl417_10_3.txt
[SAVELOGS] best solution saved to results/logs/aco_logs/solutions/fl417_10_3.txt
