[ITER 1] New best cost=1612097.58 (feasible=YES, time 5.48357s)
[ITER 2] New best cost=1596188.87 (feasible=YES, time 9.29129s)
[ITER 3] New best cost=1583712.65 (feasible=YES, time 14.1112s)
[ITER 9] New best cost=1572232.50 (feasible=YES, time 38.7267s)
[ITER 10] bestGlobalCost=1572232.50 (feasible=YES) bestThisIter=1596896.01 feasibleAnts=10 noImprove=1 (elapsed 47.2072s)
[ITER 20] bestGlobalCost=1572232.50 (feasible=YES) bestThisIter=1592469.67 feasibleAnts=10 noImprove=11 (elapsed 95.0966s)
[ITER 29] New best cost=1570392.41 (feasible=YES, time 135.751s)
[ITER 30] bestGlobalCost=1570392.41 (feasible=YES) bestThisIter=1598373.57 feasibleAnts=10 noImprove=1 (elapsed 144.128s)
[ITER 40] bestGlobalCost=1570392.41 (feasible=YES) bestThisIter=1587083.74 feasibleAnts=10 noImprove=11 (elapsed 186.221s)
[ITER 50] bestGlobalCost=1570392.41 (feasible=YES) bestThisIter=1591939.66 feasibleAnts=10 noImprove=21 (elapsed 227.003s)
[RESET] no improvement for30-> reset pheromones
[ITER 60] bestGlobalCost=1570392.41 (feasible=YES) bestThisIter=1612538.28 feasibleAnts=10 noImprove=1 (elapsed 280.172s)
[ITER 70] bestGlobalCost=1570392.41 (feasible=YES) bestThisIter=1588464.74 feasibleAnts=10 noImprove=11 (elapsed 323.907s)
[ITER 80] bestGlobalCost=1570392.41 (feasible=YES) bestThisIter=1590574.33 feasibleAnts=10 noImprove=21 (elapsed 371.119s)
[RESET] no improvement for30-> reset pheromones
[ITER 90] bestGlobalCost=1570392.41 (feasible=YES) bestThisIter=1614742.30 feasibleAnts=10 noImprove=1 (elapsed 422.642s)
[ITER 100] bestGlobalCost=1570392.41 (feasible=YES) bestThisIter=1589281.62 feasibleAnts=10 noImprove=11 (elapsed 471.733s)
[ITER 110] bestGlobalCost=1570392.41 (feasible=YES) bestThisIter=1588877.08 feasibleAnts=10 noImprove=21 (elapsed 515.784s)
[RESET] no improvement for30-> reset pheromones
[ITER 120] bestGlobalCost=1570392.41 (feasible=YES) bestThisIter=1608830.34 feasibleAnts=10 noImprove=1 (elapsed 566.214s)
[ITER 130] bestGlobalCost=1570392.41 (feasible=YES) bestThisIter=1585260.13 feasibleAnts=10 noImprove=11 (elapsed 617.303s)
[ITER 140] bestGlobalCost=1570392.41 (feasible=YES) bestThisIter=1576523.68 feasibleAnts=10 noImprove=21 (elapsed 665.175s)
[RESET] no improvement for30-> reset pheromones
[ITER 150] bestGlobalCost=1570392.41 (feasible=YES) bestThisIter=1623432.97 feasibleAnts=10 noImprove=1 (elapsed 712.833s)
[ITER 160] bestGlobalCost=1570392.41 (feasible=YES) bestThisIter=1579064.75 feasibleAnts=10 noImprove=11 (elapsed 760.357s)
[ITER 170] bestGlobalCost=1570392.41 (feasible=YES) bestThisIter=1589454.36 feasibleAnts=10 noImprove=21 (elapsed 807.286s)
[RESET] no improvement for30-> reset pheromones
[ITER 180] bestGlobalCost=1570392.41 (feasible=YES) bestThisIter=1593396.00 feasibleAnts=10 noImprove=1 (elapsed 852.557s)
[ITER 190] bestGlobalCost=1570392.41 (feasible=YES) bestThisIter=1589296.32 feasibleAnts=10 noImprove=11 (elapsed 899.202s)
[ITER 200] bestGlobalCost=1570392.41 (feasible=YES) bestThisIter=1588467.08 feasibleAnts=10 noImprove=21 (elapsed 943.136s)
[RESET] no improvement for30-> reset pheromones
[ITER 210] bestGlobalCost=1570392.41 (feasible=YES) bestThisIter=1616211.61 feasibleAnts=10 noImprove=1 (elapsed 991.906s)
[ITER 220] bestGlobalCost=1570392.41 (feasible=YES) bestThisIter=1586778.42 feasibleAnts=10 noImprove=11 (elapsed 1037.17s)
[ITER 230] bestGlobalCost=1570392.41 (feasible=YES) bestThisIter=1584312.85 feasibleAnts=10 noImprove=21 (elapsed 1082.24s)
[RESET] no improvement for30-> reset pheromones
[ITER 240] bestGlobalCost=1570392.41 (feasible=YES) bestThisIter=1608143.60 feasibleAnts=10 noImprove=1 (elapsed 1132.17s)
[ITER 250] bestGlobalCost=1570392.41 (feasible=YES) bestThisIter=1578816.24 feasibleAnts=10 noImprove=11 (elapsed 1179.88s)
[ITER 260] bestGlobalCost=1570392.41 (feasible=YES) bestThisIter=1579864.90 feasibleAnts=10 noImprove=21 (elapsed 1232.2s)
[RESET] no improvement for30-> reset pheromones
[ITER 270] bestGlobalCost=1570392.41 (feasible=YES) bestThisIter=1613505.17 feasibleAnts=10 noImprove=1 (elapsed 1282.55s)
[ITER 280] bestGlobalCost=1570392.41 (feasible=YES) bestThisIter=1583949.62 feasibleAnts=10 noImprove=11 (elapsed 1329.9s)
[ITER 290] bestGlobalCost=1570392.41 (feasible=YES) bestThisIter=1589109.27 feasibleAnts=10 noImprove=21 (elapsed 1385.09s)
[RESET] no improvement for30-> reset pheromones
[ITER 300] bestGlobalCost=1570392.41 (feasible=YES) bestThisIter=1614144.00 feasibleAnts=10 noImprove=1 (elapsed 1434.76s)
[ITER 310] bestGlobalCost=1570392.41 (feasible=YES) bestThisIter=1601506.13 feasibleAnts=10 noImprove=11 (elapsed 1479.39s)
33 35 37 107 108 109 110 113 131 137 138 298 299 300 301 302 303 304 305 306 307 320 321 322 323 328 329 330 331 332 333 340 341 342 343 344 345 346 347 348 
3 29 56 106 111 112 114 115 116 117 118 120 122 123 124 125 126 127 128 129 130 132 133 134 135 136 139 140 141 142 143 144 145 146 148 149 150 151 153 310 
4 6 19 32 34 36 38 41 46 154 156 160 178 183 309 311 312 313 314 315 316 317 319 324 325 326 327 334 335 336 337 338 339 349 350 351 352 353 354 355 356 357 
155 157 158 159 161 162 163 164 165 166 167 168 169 170 171 172 173 174 175 176 177 179 180 181 182 184 185 186 187 188 189 190 191 192 193 194 195 196 197 198 199 200 201 318 
43 51 55 97 250 251 252 253 274 281 369 370 371 372 373 374 375 376 377 379 384 385 386 387 394 395 396 397 399 409 410 411 412 413 414 415 416 417 
48 53 57 58 59 60 61 62 63 64 65 66 67 68 70 71 73 74 75 76 77 78 79 80 81 82 83 85 86 87 88 90 91 92 93 94 95 96 98 99 100 101 102 104 
84 205 207 208 209 210 213 214 215 216 217 218 219 220 221 222 223 224 225 226 227 228 229 230 232 233 234 235 236 237 238 239 240 241 242 243 244 245 246 247 248 249 368 393 
40 54 69 72 89 103 105 202 203 204 206 211 212 231 358 359 360 361 362 363 364 365 366 367 380 381 382 383 388 389 390 391 392 400 401 402 403 404 405 406 407 408 
254 255 256 257 258 259 260 261 262 263 264 265 266 267 268 269 270 271 272 273 275 276 277 278 279 280 282 283 284 285 286 287 288 289 290 291 292 293 294 295 296 297 378 398 
1 2 5 7 8 9 10 11 12 13 14 15 16 17 18 20 21 22 23 24 25 26 27 28 30 31 39 42 44 45 47 49 50 52 119 121 147 152 308 
[SAVELOGS] evolution saved to results/logs/aco_logs/evolution/fl417_10_3.txt
[SAVELOGS] best cost saved to results/logs/aco_logs/objectives/fl417_10_3.txt
[SAVELOGS] best solution saved to results/logs/aco_logs/solutions/fl417_10_3.txt
