[ITER 1] New best cost=689521.51 (feasible=YES, time 0.0138752s)
[ITER 2] New best cost=681109.94 (feasible=YES, time 0.0355997s)
[ITER 4] New best cost=681091.40 (feasible=YES, time 0.059287s)
[ITER 10] bestGlobalCost=681091.40 (feasible=YES) bestThisIter=681091.40 feasibleAnts=10 noImprove=6 (elapsed 0.126738s)
[ITER 13] New best cost=679873.90 (feasible=YES, time 0.166663s)
[ITER 20] bestGlobalCost=679873.90 (feasible=YES) bestThisIter=679873.90 feasibleAnts=19 noImprove=7 (elapsed 1.18573s)
[ITER 30] bestGlobalCost=679873.90 (feasible=YES) bestThisIter=679873.90 feasibleAnts=10 noImprove=17 (elapsed 2.18129s)
[ITER 40] bestGlobalCost=679873.90 (feasible=YES) bestThisIter=679873.90 feasibleAnts=10 noImprove=27 (elapsed 2.28065s)
[RESET] no improvement for30-> reset pheromones
[ITER 50] bestGlobalCost=679873.90 (feasible=YES) bestThisIter=679873.90 feasibleAnts=10 noImprove=7 (elapsed 3.46859s)
[ITER 60] bestGlobalCost=679873.90 (feasible=YES) bestThisIter=679873.90 feasibleAnts=10 noImprove=17 (elapsed 4.7722s)
[ITER 70] bestGlobalCost=679873.90 (feasible=YES) bestThisIter=679873.90 feasibleAnts=10 noImprove=27 (elapsed 4.88799s)
[RESET] no improvement for30-> reset pheromones
[ITER 80] bestGlobalCost=679873.90 (feasible=YES) bestThisIter=679873.90 feasibleAnts=10 noImprove=7 (elapsed 6.22427s)
[ITER 90] bestGlobalCost=679873.90 (feasible=YES) bestThisIter=679873.90 feasibleAnts=10 noImprove=17 (elapsed 7.3433s)
[ITER 100] bestGlobalCost=679873.90 (feasible=YES) bestThisIter=679873.90 feasibleAnts=10 noImprove=27 (elapsed 7.43489s)
[RESET] no improvement for30-> reset pheromones
[ITER 110] bestGlobalCost=679873.90 (feasible=YES) bestThisIter=679873.90 feasibleAnts=10 noImprove=7 (elapsed 8.47727s)
[ITER 120] bestGlobalCost=679873.90 (feasible=YES) bestThisIter=679873.90 feasibleAnts=10 noImprove=17 (elapsed 9.53697s)
[ITER 130] bestGlobalCost=679873.90 (feasible=YES) bestThisIter=679873.90 feasibleAnts=12 noImprove=27 (elapsed 9.62903s)
[RESET] no improvement for30-> reset pheromones
[ITER 140] bestGlobalCost=679873.90 (feasible=YES) bestThisIter=679873.90 feasibleAnts=10 noImprove=7 (elapsed 10.7285s)
[ITER 150] bestGlobalCost=679873.90 (feasible=YES) bestThisIter=679873.90 feasibleAnts=10 noImprove=17 (elapsed 12.0165s)
[ITER 160] bestGlobalCost=679873.90 (feasible=YES) bestThisIter=679873.90 feasibleAnts=10 noImprove=27 (elapsed 12.1478s)
[RESET] no improvement for30-> reset pheromones
[ITER 170] bestGlobalCost=679873.90 (feasible=YES) bestThisIter=679873.90 feasibleAnts=10 noImprove=7 (elapsed 13.4662s)
[ITER 180] bestGlobalCost=679873.90 (feasible=YES) bestThisIter=679873.90 feasibleAnts=10 noImprove=17 (elapsed 14.7712s)
[ITER 190] bestGlobalCost=679873.90 (feasible=YES) bestThisIter=679873.90 feasibleAnts=10 noImprove=27 (elapsed 14.8709s)
[RESET] no improvement for30-> reset pheromones
[ITER 200] bestGlobalCost=679873.90 (feasible=YES) bestThisIter=679873.90 feasibleAnts=10 noImprove=7 (elapsed 15.9249s)
[ITER 210] bestGlobalCost=679873.90 (feasible=YES) bestThisIter=679873.90 feasibleAnts=15 noImprove=17 (elapsed 16.9647s)
[ITER 220] bestGlobalCost=679873.90 (feasible=YES) bestThisIter=679873.90 feasibleAnts=10 noImprove=27 (elapsed 17.069s)
[RESET] no improvement for30-> reset pheromones
[ITER 230] bestGlobalCost=679873.90 (feasible=YES) bestThisIter=679873.90 feasibleAnts=10 noImprove=7 (elapsed 18.1088s)
[ITER 240] bestGlobalCost=679873.90 (feasible=YES) bestThisIter=679873.90 feasibleAnts=10 noImprove=17 (elapsed 19.2366s)
[ITER 250] bestGlobalCost=679873.90 (feasible=YES) bestThisIter=679873.90 feasibleAnts=10 noImprove=27 (elapsed 19.35s)
[RESET] no improvement for30-> reset pheromones
[ITER 260] bestGlobalCost=679873.90 (feasible=YES) bestThisIter=679873.90 feasibleAnts=10 noImprove=7 (elapsed 20.6625s)
[ITER 270] bestGlobalCost=679873.90 (feasible=YES) bestThisIter=679873.90 feasibleAnts=11 noImprove=17 (elapsed 21.9594s)
[ITER 280] bestGlobalCost=679873.90 (feasible=YES) bestThisIter=679873.90 feasibleAnts=10 noImprove=27 (elapsed 22.0826s)
[RESET] no improvement for30-> reset pheromones
[ITER 290] bestGlobalCost=679873.90 (feasible=YES) bestThisIter=681109.94 feasibleAnts=10 noImprove=7 (elapsed 23.2595s)
[ITER 300] bestGlobalCost=679873.90 (feasible=YES) bestThisIter=679873.90 feasibleAnts=13 noImprove=17 (elapsed 24.3117s)
[ITER 310] bestGlobalCost=679873.90 (feasible=YES) bestThisIter=679873.90 feasibleAnts=10 noImprove=27 (elapsed 24.4004s)
[RESET] no improvement for30-> reset pheromones
[ITER 320] bestGlobalCost=679873.90 (feasible=YES) bestThisIter=681091.40 feasibleAnts=10 noImprove=7 (elapsed 25.4667s)
[ITER 330] bestGlobalCost=679873.90 (feasible=YES) bestThisIter=679873.90 feasibleAnts=10 noImprove=17 (elapsed 26.5174s)
[ITER 340] bestGlobalCost=679873.90 (feasible=YES) bestThisIter=679873.90 feasibleAnts=11 noImprove=27 (elapsed 26.61s)
[RESET] no improvement for30-> reset pheromones
[ITER 350] bestGlobalCost=679873.90 (feasible=YES) bestThisIter=679873.90 feasibleAnts=10 noImprove=7 (elapsed 27.8987s)
[ITER 360] bestGlobalCost=679873.90 (feasible=YES) bestThisIter=679873.90 feasibleAnts=10 noImprove=17 (elapsed 29.169s)
[ITER 370] bestGlobalCost=679873.90 (feasible=YES) bestThisIter=679873.90 feasibleAnts=11 noImprove=27 (elapsed 29.2976s)
[RESET] no improvement for30-> reset pheromones
[ITER 380] bestGlobalCost=679873.90 (feasible=YES) bestThisIter=679873.90 feasibleAnts=10 noImprove=7 (elapsed 30.622s)
[ITER 390] bestGlobalCost=679873.90 (feasible=YES) bestThisIter=679873.90 feasibleAnts=10 noImprove=17 (elapsed 31.7459s)
[ITER 400] bestGlobalCost=679873.90 (feasible=YES) bestThisIter=679873.90 feasibleAnts=13 noImprove=27 (elapsed 31.8455s)
[RESET] no improvement for30-> reset pheromones
[ITER 410] bestGlobalCost=679873.90 (feasible=YES) bestThisIter=679873.90 feasibleAnts=10 noImprove=7 (elapsed 32.8949s)
[ITER 420] bestGlobalCost=679873.90 (feasible=YES) bestThisIter=679873.90 feasibleAnts=10 noImprove=17 (elapsed 33.9233s)
[ITER 430] bestGlobalCost=679873.90 (feasible=YES) bestThisIter=679873.90 feasibleAnts=11 noImprove=27 (elapsed 34.0107s)
[RESET] no improvement for30-> reset pheromones
[ITER 440] bestGlobalCost=679873.90 (feasible=YES) bestThisIter=679873.90 feasibleAnts=10 noImprove=7 (elapsed 35.1562s)
[ITER 450] bestGlobalCost=679873.90 (feasible=YES) bestThisIter=679873.90 feasibleAnts=13 noImprove=17 (elapsed 36.4238s)
[ITER 460] bestGlobalCost=679873.90 (feasible=YES) bestThisIter=679873.90 feasibleAnts=12 noImprove=27 (elapsed 36.5535s)
[RESET] no improvement for30-> reset pheromones
[ITER 470] bestGlobalCost=679873.90 (feasible=YES) bestThisIter=679873.90 feasibleAnts=10 noImprove=7 (elapsed 37.8409s)
[ITER 480] bestGlobalCost=679873.90 (feasible=YES) bestThisIter=679873.90 feasibleAnts=12 noImprove=17 (elapsed 39.042s)
[ITER 490] bestGlobalCost=679873.90 (feasible=YES) bestThisIter=679873.90 feasibleAnts=10 noImprove=27 (elapsed 39.1304s)
[RESET] no improvement for30-> reset pheromones
[ITER 500] bestGlobalCost=679873.90 (feasible=YES) bestThisIter=682095.25 feasibleAnts=10 noImprove=7 (elapsed 40.1793s)
[ITER 510] bestGlobalCost=679873.90 (feasible=YES) bestThisIter=679873.90 feasibleAnts=10 noImprove=17 (elapsed 41.1946s)
[ITER 520] bestGlobalCost=679873.90 (feasible=YES) bestThisIter=679873.90 feasibleAnts=10 noImprove=27 (elapsed 41.2799s)
[RESET] no improvement for30-> reset pheromones
[ITER 530] bestGlobalCost=679873.90 (feasible=YES) bestThisIter=681091.40 feasibleAnts=10 noImprove=7 (elapsed 42.3663s)
[ITER 540] bestGlobalCost=679873.90 (feasible=YES) bestThisIter=679873.90 feasibleAnts=11 noImprove=17 (elapsed 43.3908s)
[ITER 550] bestGlobalCost=679873.90 (feasible=YES) bestThisIter=679873.90 feasibleAnts=10 noImprove=27 (elapsed 43.4861s)
[RESET] no improvement for30-> reset pheromones
[ITER 560] bestGlobalCost=679873.90 (feasible=YES) bestThisIter=679873.90 feasibleAnts=10 noImprove=7 (elapsed 44.5631s)
[ITER 570] bestGlobalCost=679873.90 (feasible=YES) bestThisIter=679873.90 feasibleAnts=13 noImprove=17 (elapsed 45.605s)
[ITER 580] bestGlobalCost=679873.90 (feasible=YES) bestThisIter=679873.90 feasibleAnts=12 noImprove=27 (elapsed 45.6982s)
[RESET] no improvement for30-> reset pheromones
[ITER 590] bestGlobalCost=679873.90 (feasible=YES) bestThisIter=679873.90 feasibleAnts=10 noImprove=7 (elapsed 46.7656s)
[ITER 600] bestGlobalCost=679873.90 (feasible=YES) bestThisIter=679873.90 feasibleAnts=11 noImprove=17 (elapsed 47.835s)
[ITER 610] bestGlobalCost=679873.90 (feasible=YES) bestThisIter=679873.90 feasibleAnts=10 noImprove=27 (elapsed 47.9346s)
[RESET] no improvement for30-> reset pheromones
[ITER 620] bestGlobalCost=679873.90 (feasible=YES) bestThisIter=679873.90 feasibleAnts=10 noImprove=7 (elapsed 48.9947s)
[ITER 630] bestGlobalCost=679873.90 (feasible=YES) bestThisIter=679873.90 feasibleAnts=11 noImprove=17 (elapsed 50.0664s)
[ITER 640] bestGlobalCost=679873.90 (feasible=YES) bestThisIter=679873.90 feasibleAnts=10 noImprove=27 (elapsed 50.1688s)
[RESET] no improvement for30-> reset pheromones
[ITER 650] bestGlobalCost=679873.90 (feasible=YES) bestThisIter=681109.94 feasibleAnts=10 noImprove=7 (elapsed 51.3013s)
[ITER 660] bestGlobalCost=679873.90 (feasible=YES) bestThisIter=679873.90 feasibleAnts=10 noImprove=17 (elapsed 52.619s)
[ITER 670] bestGlobalCost=679873.90 (feasible=YES) bestThisIter=679873.90 feasibleAnts=10 noImprove=27 (elapsed 52.7443s)
[RESET] no improvement for30-> reset pheromones
[ITER 680] bestGlobalCost=679873.90 (feasible=YES) bestThisIter=679873.90 feasibleAnts=10 noImprove=7 (elapsed 54.0477s)
[ITER 690] bestGlobalCost=679873.90 (feasible=YES) bestThisIter=679873.90 feasibleAnts=12 noImprove=17 (elapsed 55.2026s)
[ITER 700] bestGlobalCost=679873.90 (feasible=YES) bestThisIter=679873.90 feasibleAnts=11 noImprove=27 (elapsed 55.2955s)
[RESET] no improvement for30-> reset pheromones
[ITER 710] bestGlobalCost=679873.90 (feasible=YES) bestThisIter=681091.40 feasibleAnts=10 noImprove=7 (elapsed 56.3591s)
[ITER 720] bestGlobalCost=679873.90 (feasible=YES) bestThisIter=679873.90 feasibleAnts=10 noImprove=17 (elapsed 57.38s)
[ITER 730] bestGlobalCost=679873.90 (feasible=YES) bestThisIter=679873.90 feasibleAnts=11 noImprove=27 (elapsed 57.4824s)
[RESET] no improvement for30-> reset pheromones
[ITER 740] bestGlobalCost=679873.90 (feasible=YES) bestThisIter=686249.71 feasibleAnts=10 noImprove=7 (elapsed 58.5248s)
[ITER 750] bestGlobalCost=679873.90 (feasible=YES) bestThisIter=679873.90 feasibleAnts=10 noImprove=17 (elapsed 59.7137s)
[ITER 760] bestGlobalCost=679873.90 (feasible=YES) bestThisIter=679873.90 feasibleAnts=12 noImprove=27 (elapsed 59.8254s)
[RESET] no improvement for30-> reset pheromones
1 6 10 11 15 17 18 21 24 32 36 38 45 47 59 63 72 74 84 91 99 
3 5 13 14 30 33 37 39 41 48 52 71 76 78 82 85 95 96 100 
4 8 16 19 22 26 31 42 49 53 56 65 66 70 75 79 80 88 90 92 94 97 
2 25 28 40 44 50 51 54 58 61 64 67 68 69 73 81 87 89 93 
7 9 12 20 23 27 29 34 35 43 46 55 57 60 62 77 83 86 98 
[SAVELOGS] evolution saved to results/logs/kroA100_05_2/evolution/kroA100_05_2
[SAVELOGS] best cost saved to results/logs/kroA100_05_2/objectives/kroA100_05_2
[SAVELOGS] best solution saved to results/logs/kroA100_05_2/solutions/kroA100_05_2
