[ITER 1] New best cost=686472.77 (feasible=YES, time 0.0123622s)
[ITER 2] New best cost=685598.82 (feasible=YES, time 0.023209s)
[ITER 3] New best cost=681091.40 (feasible=YES, time 0.0337962s)
[ITER 9] New best cost=679873.90 (feasible=YES, time 0.113828s)
[ITER 10] bestGlobalCost=679873.90 (feasible=YES) bestThisIter=681091.40 feasibleAnts=26 noImprove=1 (elapsed 0.126603s)
[ITER 20] bestGlobalCost=679873.90 (feasible=YES) bestThisIter=679873.90 feasibleAnts=16 noImprove=11 (elapsed 1.13665s)
[ITER 30] bestGlobalCost=679873.90 (feasible=YES) bestThisIter=679873.90 feasibleAnts=10 noImprove=21 (elapsed 2.1806s)
[RESET] no improvement for30-> reset pheromones
[ITER 40] bestGlobalCost=679873.90 (feasible=YES) bestThisIter=682095.25 feasibleAnts=10 noImprove=1 (elapsed 2.28799s)
[ITER 50] bestGlobalCost=679873.90 (feasible=YES) bestThisIter=679873.90 feasibleAnts=10 noImprove=11 (elapsed 3.40272s)
[ITER 60] bestGlobalCost=679873.90 (feasible=YES) bestThisIter=679873.90 feasibleAnts=10 noImprove=21 (elapsed 4.57879s)
[RESET] no improvement for30-> reset pheromones
[ITER 70] bestGlobalCost=679873.90 (feasible=YES) bestThisIter=690039.25 feasibleAnts=11 noImprove=1 (elapsed 4.70049s)
[ITER 80] bestGlobalCost=679873.90 (feasible=YES) bestThisIter=679873.90 feasibleAnts=10 noImprove=11 (elapsed 6.01564s)
[ITER 90] bestGlobalCost=679873.90 (feasible=YES) bestThisIter=679873.90 feasibleAnts=12 noImprove=21 (elapsed 7.26658s)
[RESET] no improvement for30-> reset pheromones
[ITER 100] bestGlobalCost=679873.90 (feasible=YES) bestThisIter=688423.30 feasibleAnts=10 noImprove=1 (elapsed 7.41255s)
[ITER 110] bestGlobalCost=679873.90 (feasible=YES) bestThisIter=679873.90 feasibleAnts=10 noImprove=11 (elapsed 8.54886s)
[ITER 120] bestGlobalCost=679873.90 (feasible=YES) bestThisIter=679873.90 feasibleAnts=10 noImprove=21 (elapsed 9.59774s)
[RESET] no improvement for30-> reset pheromones
[ITER 130] bestGlobalCost=679873.90 (feasible=YES) bestThisIter=679873.90 feasibleAnts=10 noImprove=1 (elapsed 9.70097s)
[ITER 140] bestGlobalCost=679873.90 (feasible=YES) bestThisIter=679873.90 feasibleAnts=10 noImprove=11 (elapsed 10.77s)
[ITER 150] bestGlobalCost=679873.90 (feasible=YES) bestThisIter=679873.90 feasibleAnts=10 noImprove=21 (elapsed 11.828s)
[RESET] no improvement for30-> reset pheromones
[ITER 160] bestGlobalCost=679873.90 (feasible=YES) bestThisIter=684313.09 feasibleAnts=11 noImprove=1 (elapsed 11.9377s)
[ITER 170] bestGlobalCost=679873.90 (feasible=YES) bestThisIter=679873.90 feasibleAnts=10 noImprove=11 (elapsed 13.2548s)
[ITER 180] bestGlobalCost=679873.90 (feasible=YES) bestThisIter=679873.90 feasibleAnts=10 noImprove=21 (elapsed 14.5473s)
[RESET] no improvement for30-> reset pheromones
[ITER 190] bestGlobalCost=679873.90 (feasible=YES) bestThisIter=681109.94 feasibleAnts=10 noImprove=1 (elapsed 14.6599s)
[ITER 200] bestGlobalCost=679873.90 (feasible=YES) bestThisIter=679873.90 feasibleAnts=10 noImprove=11 (elapsed 15.9542s)
[ITER 210] bestGlobalCost=679873.90 (feasible=YES) bestThisIter=679873.90 feasibleAnts=11 noImprove=21 (elapsed 16.9676s)
[RESET] no improvement for30-> reset pheromones
[ITER 220] bestGlobalCost=679873.90 (feasible=YES) bestThisIter=685924.81 feasibleAnts=10 noImprove=1 (elapsed 17.0699s)
[ITER 230] bestGlobalCost=679873.90 (feasible=YES) bestThisIter=679873.90 feasibleAnts=10 noImprove=11 (elapsed 18.1475s)
[ITER 240] bestGlobalCost=679873.90 (feasible=YES) bestThisIter=679873.90 feasibleAnts=10 noImprove=21 (elapsed 19.1972s)
[RESET] no improvement for30-> reset pheromones
[ITER 250] bestGlobalCost=679873.90 (feasible=YES) bestThisIter=689579.87 feasibleAnts=10 noImprove=1 (elapsed 19.3021s)
[ITER 260] bestGlobalCost=679873.90 (feasible=YES) bestThisIter=679873.90 feasibleAnts=10 noImprove=11 (elapsed 20.5723s)
[ITER 270] bestGlobalCost=679873.90 (feasible=YES) bestThisIter=679873.90 feasibleAnts=10 noImprove=21 (elapsed 21.844s)
[RESET] no improvement for30-> reset pheromones
[ITER 280] bestGlobalCost=679873.90 (feasible=YES) bestThisIter=684690.20 feasibleAnts=13 noImprove=1 (elapsed 21.9792s)
[ITER 290] bestGlobalCost=679873.90 (feasible=YES) bestThisIter=679873.90 feasibleAnts=10 noImprove=11 (elapsed 23.2941s)
[ITER 300] bestGlobalCost=679873.90 (feasible=YES) bestThisIter=679873.90 feasibleAnts=12 noImprove=21 (elapsed 24.442s)
[RESET] no improvement for30-> reset pheromones
[ITER 310] bestGlobalCost=679873.90 (feasible=YES) bestThisIter=682095.25 feasibleAnts=12 noImprove=1 (elapsed 24.5503s)
[ITER 320] bestGlobalCost=679873.90 (feasible=YES) bestThisIter=679873.90 feasibleAnts=10 noImprove=11 (elapsed 25.6234s)
[ITER 330] bestGlobalCost=679873.90 (feasible=YES) bestThisIter=679873.90 feasibleAnts=13 noImprove=21 (elapsed 26.6241s)
[RESET] no improvement for30-> reset pheromones
[ITER 340] bestGlobalCost=679873.90 (feasible=YES) bestThisIter=683878.63 feasibleAnts=10 noImprove=1 (elapsed 26.7358s)
[ITER 350] bestGlobalCost=679873.90 (feasible=YES) bestThisIter=679873.90 feasibleAnts=10 noImprove=11 (elapsed 27.8087s)
[ITER 360] bestGlobalCost=679873.90 (feasible=YES) bestThisIter=679873.90 feasibleAnts=10 noImprove=21 (elapsed 29.0499s)
[RESET] no improvement for30-> reset pheromones
[ITER 370] bestGlobalCost=679873.90 (feasible=YES) bestThisIter=682095.25 feasibleAnts=10 noImprove=1 (elapsed 29.1768s)
[ITER 380] bestGlobalCost=679873.90 (feasible=YES) bestThisIter=679873.90 feasibleAnts=10 noImprove=11 (elapsed 30.4755s)
[ITER 390] bestGlobalCost=679873.90 (feasible=YES) bestThisIter=679873.90 feasibleAnts=10 noImprove=21 (elapsed 31.7637s)
[RESET] no improvement for30-> reset pheromones
[ITER 400] bestGlobalCost=679873.90 (feasible=YES) bestThisIter=689722.21 feasibleAnts=10 noImprove=1 (elapsed 31.8846s)
[ITER 410] bestGlobalCost=679873.90 (feasible=YES) bestThisIter=679873.90 feasibleAnts=10 noImprove=11 (elapsed 32.907s)
[ITER 420] bestGlobalCost=679873.90 (feasible=YES) bestThisIter=679873.90 feasibleAnts=13 noImprove=21 (elapsed 33.9441s)
[RESET] no improvement for30-> reset pheromones
[ITER 430] bestGlobalCost=679873.90 (feasible=YES) bestThisIter=686097.67 feasibleAnts=11 noImprove=1 (elapsed 34.0477s)
[ITER 440] bestGlobalCost=679873.90 (feasible=YES) bestThisIter=679873.90 feasibleAnts=10 noImprove=11 (elapsed 35.146s)
[ITER 450] bestGlobalCost=679873.90 (feasible=YES) bestThisIter=679873.90 feasibleAnts=12 noImprove=21 (elapsed 36.25s)
[RESET] no improvement for30-> reset pheromones
[ITER 460] bestGlobalCost=679873.90 (feasible=YES) bestThisIter=681566.85 feasibleAnts=11 noImprove=1 (elapsed 36.387s)
[ITER 470] bestGlobalCost=679873.90 (feasible=YES) bestThisIter=679873.90 feasibleAnts=10 noImprove=11 (elapsed 37.6948s)
[ITER 480] bestGlobalCost=679873.90 (feasible=YES) bestThisIter=679873.90 feasibleAnts=11 noImprove=21 (elapsed 38.9667s)
[RESET] no improvement for30-> reset pheromones
[ITER 490] bestGlobalCost=679873.90 (feasible=YES) bestThisIter=681109.94 feasibleAnts=12 noImprove=1 (elapsed 39.0839s)
[ITER 500] bestGlobalCost=679873.90 (feasible=YES) bestThisIter=679873.90 feasibleAnts=10 noImprove=11 (elapsed 40.3278s)
[ITER 510] bestGlobalCost=679873.90 (feasible=YES) bestThisIter=679873.90 feasibleAnts=10 noImprove=21 (elapsed 41.3453s)
[RESET] no improvement for30-> reset pheromones
[ITER 520] bestGlobalCost=679873.90 (feasible=YES) bestThisIter=689427.36 feasibleAnts=10 noImprove=1 (elapsed 41.448s)
[ITER 530] bestGlobalCost=679873.90 (feasible=YES) bestThisIter=679873.90 feasibleAnts=10 noImprove=11 (elapsed 42.5153s)
[ITER 540] bestGlobalCost=679873.90 (feasible=YES) bestThisIter=679873.90 feasibleAnts=15 noImprove=21 (elapsed 43.5513s)
[RESET] no improvement for30-> reset pheromones
[ITER 550] bestGlobalCost=679873.90 (feasible=YES) bestThisIter=689722.21 feasibleAnts=12 noImprove=1 (elapsed 43.656s)
[ITER 560] bestGlobalCost=679873.90 (feasible=YES) bestThisIter=679873.90 feasibleAnts=10 noImprove=11 (elapsed 44.883s)
[ITER 570] bestGlobalCost=679873.90 (feasible=YES) bestThisIter=679873.90 feasibleAnts=10 noImprove=21 (elapsed 46.1659s)
[RESET] no improvement for30-> reset pheromones
[ITER 580] bestGlobalCost=679873.90 (feasible=YES) bestThisIter=686472.77 feasibleAnts=11 noImprove=1 (elapsed 46.2819s)
[ITER 590] bestGlobalCost=679873.90 (feasible=YES) bestThisIter=679873.90 feasibleAnts=10 noImprove=11 (elapsed 47.6204s)
[ITER 600] bestGlobalCost=679873.90 (feasible=YES) bestThisIter=679873.90 feasibleAnts=12 noImprove=21 (elapsed 48.6777s)
[RESET] no improvement for30-> reset pheromones
[ITER 610] bestGlobalCost=679873.90 (feasible=YES) bestThisIter=686478.25 feasibleAnts=10 noImprove=1 (elapsed 48.779s)
[ITER 620] bestGlobalCost=679873.90 (feasible=YES) bestThisIter=679873.90 feasibleAnts=10 noImprove=11 (elapsed 49.8406s)
[ITER 630] bestGlobalCost=679873.90 (feasible=YES) bestThisIter=679873.90 feasibleAnts=10 noImprove=21 (elapsed 50.8719s)
[RESET] no improvement for30-> reset pheromones
[ITER 640] bestGlobalCost=679873.90 (feasible=YES) bestThisIter=682095.25 feasibleAnts=11 noImprove=1 (elapsed 50.9844s)
[ITER 650] bestGlobalCost=679873.90 (feasible=YES) bestThisIter=679873.90 feasibleAnts=10 noImprove=11 (elapsed 52.0874s)
[ITER 660] bestGlobalCost=679873.90 (feasible=YES) bestThisIter=679873.90 feasibleAnts=11 noImprove=21 (elapsed 53.4044s)
[RESET] no improvement for30-> reset pheromones
[ITER 670] bestGlobalCost=679873.90 (feasible=YES) bestThisIter=687751.22 feasibleAnts=11 noImprove=1 (elapsed 53.5416s)
[ITER 680] bestGlobalCost=679873.90 (feasible=YES) bestThisIter=679873.90 feasibleAnts=10 noImprove=11 (elapsed 54.8623s)
[ITER 690] bestGlobalCost=679873.90 (feasible=YES) bestThisIter=679873.90 feasibleAnts=11 noImprove=21 (elapsed 56.1597s)
[RESET] no improvement for30-> reset pheromones
[ITER 700] bestGlobalCost=679873.90 (feasible=YES) bestThisIter=681109.94 feasibleAnts=10 noImprove=1 (elapsed 56.259s)
[ITER 710] bestGlobalCost=679873.90 (feasible=YES) bestThisIter=679873.90 feasibleAnts=10 noImprove=11 (elapsed 57.3047s)
[ITER 720] bestGlobalCost=679873.90 (feasible=YES) bestThisIter=679873.90 feasibleAnts=10 noImprove=21 (elapsed 58.3226s)
[RESET] no improvement for30-> reset pheromones
[ITER 730] bestGlobalCost=679873.90 (feasible=YES) bestThisIter=687190.57 feasibleAnts=10 noImprove=1 (elapsed 58.4294s)
[ITER 740] bestGlobalCost=679873.90 (feasible=YES) bestThisIter=679873.90 feasibleAnts=10 noImprove=11 (elapsed 59.4684s)
[ITER 750] bestGlobalCost=679873.90 (feasible=YES) bestThisIter=679873.90 feasibleAnts=10 noImprove=21 (elapsed 60.5047s)
2 25 28 40 44 50 51 54 58 61 64 67 68 69 73 81 87 89 93 
3 5 13 14 30 33 37 39 41 48 52 71 76 78 82 85 95 96 100 
1 6 10 11 15 17 18 21 24 32 36 38 45 47 59 63 72 74 84 91 99 
4 8 16 19 22 26 31 42 49 53 56 65 66 70 75 79 80 88 90 92 94 97 
7 9 12 20 23 27 29 34 35 43 46 55 57 60 62 77 83 86 98 
[SAVELOGS] evolution saved to results/logs/kroA100_05_2/evolution/kroA100_05_2
[SAVELOGS] best cost saved to results/logs/kroA100_05_2/objectives/kroA100_05_2
[SAVELOGS] best solution saved to results/logs/kroA100_05_2/solutions/kroA100_05_2
