[ITER 1] New best cost=694293.87 (feasible=YES, time 0.0185756s)
[ITER 2] New best cost=685922.01 (feasible=YES, time 0.0292165s)
[ITER 3] New best cost=684313.09 (feasible=YES, time 0.0388655s)
[ITER 5] New best cost=683878.63 (feasible=YES, time 0.0580547s)
[ITER 10] bestGlobalCost=683878.63 (feasible=YES) bestThisIter=683878.63 feasibleAnts=10 noImprove=5 (elapsed 0.105129s)
[ITER 20] bestGlobalCost=683878.63 (feasible=YES) bestThisIter=683878.63 feasibleAnts=11 noImprove=15 (elapsed 1.27537s)
[ITER 30] bestGlobalCost=683878.63 (feasible=YES) bestThisIter=683878.63 feasibleAnts=10 noImprove=25 (elapsed 2.57305s)
[RESET] no improvement for30-> reset pheromones
[ITER 40] bestGlobalCost=683878.63 (feasible=YES) bestThisIter=683878.63 feasibleAnts=10 noImprove=5 (elapsed 2.70312s)
[ITER 50] bestGlobalCost=683878.63 (feasible=YES) bestThisIter=683878.63 feasibleAnts=11 noImprove=15 (elapsed 3.95131s)
[ITER 60] bestGlobalCost=683878.63 (feasible=YES) bestThisIter=683878.63 feasibleAnts=10 noImprove=25 (elapsed 5.08971s)
[RESET] no improvement for30-> reset pheromones
[ITER 70] bestGlobalCost=683878.63 (feasible=YES) bestThisIter=684313.09 feasibleAnts=10 noImprove=5 (elapsed 5.19911s)
[ITER 80] bestGlobalCost=683878.63 (feasible=YES) bestThisIter=683878.63 feasibleAnts=11 noImprove=15 (elapsed 6.25439s)
[ITER 90] bestGlobalCost=683878.63 (feasible=YES) bestThisIter=683878.63 feasibleAnts=10 noImprove=25 (elapsed 7.2711s)
[RESET] no improvement for30-> reset pheromones
[ITER 100] bestGlobalCost=683878.63 (feasible=YES) bestThisIter=685922.01 feasibleAnts=10 noImprove=5 (elapsed 7.36647s)
[ITER 110] bestGlobalCost=683878.63 (feasible=YES) bestThisIter=683878.63 feasibleAnts=12 noImprove=15 (elapsed 8.42111s)
[ITER 120] bestGlobalCost=683878.63 (feasible=YES) bestThisIter=683878.63 feasibleAnts=10 noImprove=25 (elapsed 9.60435s)
[RESET] no improvement for30-> reset pheromones
[ITER 130] bestGlobalCost=683878.63 (feasible=YES) bestThisIter=683878.63 feasibleAnts=10 noImprove=5 (elapsed 9.74533s)
[ITER 140] bestGlobalCost=683878.63 (feasible=YES) bestThisIter=683878.63 feasibleAnts=10 noImprove=15 (elapsed 11.0269s)
[ITER 150] bestGlobalCost=683878.63 (feasible=YES) bestThisIter=683878.63 feasibleAnts=10 noImprove=25 (elapsed 12.311s)
[RESET] no improvement for30-> reset pheromones
[ITER 160] bestGlobalCost=683878.63 (feasible=YES) bestThisIter=683878.63 feasibleAnts=10 noImprove=5 (elapsed 12.4436s)
[ITER 170] bestGlobalCost=683878.63 (feasible=YES) bestThisIter=683878.63 feasibleAnts=11 noImprove=15 (elapsed 13.4982s)
[ITER 180] bestGlobalCost=683878.63 (feasible=YES) bestThisIter=683878.63 feasibleAnts=10 noImprove=25 (elapsed 14.5574s)
[RESET] no improvement for30-> reset pheromones
[ITER 190] bestGlobalCost=683878.63 (feasible=YES) bestThisIter=683878.63 feasibleAnts=10 noImprove=5 (elapsed 14.6719s)
[ITER 200] bestGlobalCost=683878.63 (feasible=YES) bestThisIter=683878.63 feasibleAnts=10 noImprove=15 (elapsed 15.7444s)
[ITER 210] bestGlobalCost=683878.63 (feasible=YES) bestThisIter=683878.63 feasibleAnts=10 noImprove=25 (elapsed 16.7845s)
[RESET] no improvement for30-> reset pheromones
[ITER 220] bestGlobalCost=683878.63 (feasible=YES) bestThisIter=683878.63 feasibleAnts=10 noImprove=5 (elapsed 16.9072s)
[ITER 230] bestGlobalCost=683878.63 (feasible=YES) bestThisIter=683878.63 feasibleAnts=10 noImprove=15 (elapsed 18.1665s)
[ITER 240] bestGlobalCost=683878.63 (feasible=YES) bestThisIter=683878.63 feasibleAnts=10 noImprove=25 (elapsed 19.4234s)
[RESET] no improvement for30-> reset pheromones
[ITER 250] bestGlobalCost=683878.63 (feasible=YES) bestThisIter=684313.09 feasibleAnts=10 noImprove=5 (elapsed 19.5603s)
[ITER 260] bestGlobalCost=683878.63 (feasible=YES) bestThisIter=683878.63 feasibleAnts=10 noImprove=15 (elapsed 20.8148s)
[ITER 270] bestGlobalCost=683878.63 (feasible=YES) bestThisIter=683878.63 feasibleAnts=13 noImprove=25 (elapsed 21.862s)
[RESET] no improvement for30-> reset pheromones
[ITER 280] bestGlobalCost=683878.63 (feasible=YES) bestThisIter=683878.63 feasibleAnts=10 noImprove=5 (elapsed 21.9548s)
[ITER 290] bestGlobalCost=683878.63 (feasible=YES) bestThisIter=683878.63 feasibleAnts=12 noImprove=15 (elapsed 22.9909s)
[ITER 300] bestGlobalCost=683878.63 (feasible=YES) bestThisIter=683878.63 feasibleAnts=10 noImprove=25 (elapsed 24.0224s)
[RESET] no improvement for30-> reset pheromones
[ITER 306] New best cost=681566.85 (feasible=YES, time 24.0872s)
[ITER 308] New best cost=679873.90 (feasible=YES, time 24.1143s)
[ITER 310] bestGlobalCost=679873.90 (feasible=YES) bestThisIter=679873.90 feasibleAnts=11 noImprove=2 (elapsed 24.1343s)
[ITER 320] bestGlobalCost=679873.90 (feasible=YES) bestThisIter=679873.90 feasibleAnts=12 noImprove=12 (elapsed 25.3164s)
[ITER 330] bestGlobalCost=679873.90 (feasible=YES) bestThisIter=679873.90 feasibleAnts=10 noImprove=22 (elapsed 26.5653s)
[RESET] no improvement for30-> reset pheromones
[ITER 340] bestGlobalCost=679873.90 (feasible=YES) bestThisIter=679873.90 feasibleAnts=14 noImprove=2 (elapsed 26.6946s)
[ITER 350] bestGlobalCost=679873.90 (feasible=YES) bestThisIter=679873.90 feasibleAnts=10 noImprove=12 (elapsed 28.0102s)
[ITER 360] bestGlobalCost=679873.90 (feasible=YES) bestThisIter=679873.90 feasibleAnts=11 noImprove=22 (elapsed 29.1531s)
[RESET] no improvement for30-> reset pheromones
[ITER 370] bestGlobalCost=679873.90 (feasible=YES) bestThisIter=679873.90 feasibleAnts=10 noImprove=2 (elapsed 29.2557s)
[ITER 380] bestGlobalCost=679873.90 (feasible=YES) bestThisIter=679873.90 feasibleAnts=10 noImprove=12 (elapsed 30.3126s)
[ITER 390] bestGlobalCost=679873.90 (feasible=YES) bestThisIter=679873.90 feasibleAnts=10 noImprove=22 (elapsed 31.3806s)
[RESET] no improvement for30-> reset pheromones
[ITER 400] bestGlobalCost=679873.90 (feasible=YES) bestThisIter=679873.90 feasibleAnts=10 noImprove=2 (elapsed 31.5008s)
[ITER 410] bestGlobalCost=679873.90 (feasible=YES) bestThisIter=679873.90 feasibleAnts=13 noImprove=12 (elapsed 32.5663s)
[ITER 420] bestGlobalCost=679873.90 (feasible=YES) bestThisIter=679873.90 feasibleAnts=10 noImprove=22 (elapsed 33.6226s)
[RESET] no improvement for30-> reset pheromones
[ITER 430] bestGlobalCost=679873.90 (feasible=YES) bestThisIter=681566.85 feasibleAnts=11 noImprove=2 (elapsed 33.7398s)
[ITER 440] bestGlobalCost=679873.90 (feasible=YES) bestThisIter=679873.90 feasibleAnts=10 noImprove=12 (elapsed 34.8475s)
[ITER 450] bestGlobalCost=679873.90 (feasible=YES) bestThisIter=679873.90 feasibleAnts=12 noImprove=22 (elapsed 35.8661s)
[RESET] no improvement for30-> reset pheromones
[ITER 460] bestGlobalCost=679873.90 (feasible=YES) bestThisIter=679873.90 feasibleAnts=10 noImprove=2 (elapsed 35.9824s)
[ITER 470] bestGlobalCost=679873.90 (feasible=YES) bestThisIter=679873.90 feasibleAnts=11 noImprove=12 (elapsed 37.1329s)
[ITER 480] bestGlobalCost=679873.90 (feasible=YES) bestThisIter=679873.90 feasibleAnts=11 noImprove=22 (elapsed 38.39s)
[RESET] no improvement for30-> reset pheromones
[ITER 490] bestGlobalCost=679873.90 (feasible=YES) bestThisIter=679873.90 feasibleAnts=10 noImprove=2 (elapsed 38.5187s)
[ITER 500] bestGlobalCost=679873.90 (feasible=YES) bestThisIter=679873.90 feasibleAnts=10 noImprove=12 (elapsed 39.8318s)
[ITER 510] bestGlobalCost=679873.90 (feasible=YES) bestThisIter=679873.90 feasibleAnts=11 noImprove=22 (elapsed 41.0489s)
[RESET] no improvement for30-> reset pheromones
[ITER 520] bestGlobalCost=679873.90 (feasible=YES) bestThisIter=679873.90 feasibleAnts=10 noImprove=2 (elapsed 41.156s)
[ITER 530] bestGlobalCost=679873.90 (feasible=YES) bestThisIter=679873.90 feasibleAnts=10 noImprove=12 (elapsed 42.2136s)
[ITER 540] bestGlobalCost=679873.90 (feasible=YES) bestThisIter=679873.90 feasibleAnts=10 noImprove=22 (elapsed 43.2972s)
[RESET] no improvement for30-> reset pheromones
[ITER 550] bestGlobalCost=679873.90 (feasible=YES) bestThisIter=679873.90 feasibleAnts=11 noImprove=2 (elapsed 43.4185s)
[ITER 560] bestGlobalCost=679873.90 (feasible=YES) bestThisIter=679873.90 feasibleAnts=10 noImprove=12 (elapsed 44.4791s)
[ITER 570] bestGlobalCost=679873.90 (feasible=YES) bestThisIter=679873.90 feasibleAnts=13 noImprove=22 (elapsed 45.6785s)
[RESET] no improvement for30-> reset pheromones
[ITER 580] bestGlobalCost=679873.90 (feasible=YES) bestThisIter=679873.90 feasibleAnts=12 noImprove=2 (elapsed 45.8099s)
[ITER 590] bestGlobalCost=679873.90 (feasible=YES) bestThisIter=679873.90 feasibleAnts=10 noImprove=12 (elapsed 47.1211s)
[ITER 600] bestGlobalCost=679873.90 (feasible=YES) bestThisIter=679873.90 feasibleAnts=14 noImprove=22 (elapsed 48.4026s)
[RESET] no improvement for30-> reset pheromones
[ITER 610] bestGlobalCost=679873.90 (feasible=YES) bestThisIter=681566.85 feasibleAnts=14 noImprove=2 (elapsed 48.5327s)
[ITER 620] bestGlobalCost=679873.90 (feasible=YES) bestThisIter=679873.90 feasibleAnts=10 noImprove=12 (elapsed 49.6534s)
[ITER 630] bestGlobalCost=679873.90 (feasible=YES) bestThisIter=679873.90 feasibleAnts=10 noImprove=22 (elapsed 50.6874s)
[RESET] no improvement for30-> reset pheromones
[ITER 640] bestGlobalCost=679873.90 (feasible=YES) bestThisIter=679873.90 feasibleAnts=13 noImprove=2 (elapsed 50.8023s)
[ITER 650] bestGlobalCost=679873.90 (feasible=YES) bestThisIter=679873.90 feasibleAnts=11 noImprove=12 (elapsed 51.8548s)
[ITER 660] bestGlobalCost=679873.90 (feasible=YES) bestThisIter=679873.90 feasibleAnts=10 noImprove=22 (elapsed 52.9421s)
[RESET] no improvement for30-> reset pheromones
[ITER 670] bestGlobalCost=679873.90 (feasible=YES) bestThisIter=679873.90 feasibleAnts=12 noImprove=2 (elapsed 53.0655s)
[ITER 680] bestGlobalCost=679873.90 (feasible=YES) bestThisIter=679873.90 feasibleAnts=10 noImprove=12 (elapsed 54.3742s)
[ITER 690] bestGlobalCost=679873.90 (feasible=YES) bestThisIter=679873.90 feasibleAnts=10 noImprove=22 (elapsed 55.6316s)
[RESET] no improvement for30-> reset pheromones
[ITER 700] bestGlobalCost=679873.90 (feasible=YES) bestThisIter=679873.90 feasibleAnts=12 noImprove=2 (elapsed 55.7824s)
[ITER 710] bestGlobalCost=679873.90 (feasible=YES) bestThisIter=679873.90 feasibleAnts=10 noImprove=12 (elapsed 56.9924s)
[ITER 720] bestGlobalCost=679873.90 (feasible=YES) bestThisIter=679873.90 feasibleAnts=10 noImprove=22 (elapsed 58.0154s)
[RESET] no improvement for30-> reset pheromones
[ITER 730] bestGlobalCost=679873.90 (feasible=YES) bestThisIter=679873.90 feasibleAnts=13 noImprove=2 (elapsed 58.1163s)
[ITER 740] bestGlobalCost=679873.90 (feasible=YES) bestThisIter=679873.90 feasibleAnts=12 noImprove=12 (elapsed 59.2249s)
[ITER 750] bestGlobalCost=679873.90 (feasible=YES) bestThisIter=679873.90 feasibleAnts=10 noImprove=22 (elapsed 60.2422s)
1 6 10 11 15 17 18 21 24 32 36 38 45 47 59 63 72 74 84 91 99 
7 9 12 20 23 27 29 34 35 43 46 55 57 60 62 77 83 86 98 
2 25 28 40 44 50 51 54 58 61 64 67 68 69 73 81 87 89 93 
3 5 13 14 30 33 37 39 41 48 52 71 76 78 82 85 95 96 100 
4 8 16 19 22 26 31 42 49 53 56 65 66 70 75 79 80 88 90 92 94 97 
[SAVELOGS] evolution saved to results/logs/kroA100_05_2/evolution/kroA100_05_2
[SAVELOGS] best cost saved to results/logs/kroA100_05_2/objectives/kroA100_05_2
[SAVELOGS] best solution saved to results/logs/kroA100_05_2/solutions/kroA100_05_2
