[ITER 1] New best cost=419326.36 (feasible=YES, time 0.333739s)
[ITER 4] New best cost=408673.88 (feasible=YES, time 0.91805s)
[ITER 5] New best cost=391458.36 (feasible=YES, time 1.11614s)
[ITER 7] New best cost=381574.51 (feasible=YES, time 1.52306s)
[ITER 9] New best cost=347532.61 (feasible=YES, time 1.98037s)
[ITER 10] bestGlobalCost=347532.61 (feasible=YES) bestThisIter=378937.50 feasibleAnts=10 noImprove=1 (elapsed 2.16307s)
[ITER 15] New best cost=340593.89 (feasible=YES, time 3.85296s)
[ITER 15] New best cost=340586.88 (feasible=YES, time 5.54198s)
[ITER 15] New best cost=332320.07 (feasible=YES, time 6.41997s)
[ITER 18] New best cost=329381.81 (feasible=YES, time 7.69398s)
[ITER 19] New best cost=327827.82 (feasible=YES, time 7.80189s)
[ITER 20] bestGlobalCost=327827.82 (feasible=YES) bestThisIter=327827.82 feasibleAnts=28 noImprove=1 (elapsed 7.90773s)
[ITER 30] New best cost=326800.38 (feasible=YES, time 10.105s)
[ITER 30] bestGlobalCost=326800.38 (feasible=YES) bestThisIter=326800.38 feasibleAnts=10 noImprove=0 (elapsed 14.0729s)
[ITER 40] bestGlobalCost=326800.38 (feasible=YES) bestThisIter=331891.20 feasibleAnts=10 noImprove=10 (elapsed 15.2168s)
[ITER 45] New best cost=319653.49 (feasible=YES, time 17.7808s)
[ITER 50] bestGlobalCost=319653.49 (feasible=YES) bestThisIter=319653.49 feasibleAnts=9 noImprove=5 (elapsed 20.8845s)
[ITER 60] bestGlobalCost=319653.49 (feasible=YES) bestThisIter=393655.28 feasibleAnts=9 noImprove=15 (elapsed 27.0408s)
[ITER 70] bestGlobalCost=319653.49 (feasible=YES) bestThisIter=409756.28 feasibleAnts=10 noImprove=25 (elapsed 29.1585s)
[RESET] no improvement for30-> reset pheromones
[ITER 80] bestGlobalCost=319653.49 (feasible=YES) bestThisIter=438953.26 feasibleAnts=10 noImprove=5 (elapsed 35.9476s)
[ITER 90] New best cost=311909.60 (feasible=YES, time 41.2682s)
[ITER 90] bestGlobalCost=311909.60 (feasible=YES) bestThisIter=416496.98 feasibleAnts=10 noImprove=0 (elapsed 42.9528s)
[ITER 100] bestGlobalCost=311909.60 (feasible=YES) bestThisIter=341009.16 feasibleAnts=10 noImprove=10 (elapsed 44.1308s)
[ITER 110] bestGlobalCost=311909.60 (feasible=YES) bestThisIter=361774.81 feasibleAnts=10 noImprove=20 (elapsed 50.7854s)
[ITER 120] bestGlobalCost=311909.60 (feasible=YES) bestThisIter=372721.43 feasibleAnts=10 noImprove=30 (elapsed 58.1469s)
[RESET] no improvement for30-> reset pheromones
25 32 34 37 38 42 48 
61 74 80 82 83 85 89 
59 60 84 86 87 88 93 
62 70 71 72 73 75 77 
39 40 41 44 45 47 49 
55 56 99 100 102 103 104 105 
43 46 50 51 52 53 54 
1 2 4 5 6 8 10 12 
15 17 18 19 20 21 23 24 
57 58 90 91 92 94 96 
95 97 98 101 106 107 
7 26 76 78 79 81 
27 28 29 30 31 35 36 
3 9 11 13 14 16 22 33 
63 64 65 66 67 68 69 
[SAVELOGS] evolution saved to results/logs/pr107_15_5/evolution/pr107_15_5
[SAVELOGS] best cost saved to results/logs/pr107_15_5/objectives/pr107_15_5
[SAVELOGS] best solution saved to results/logs/pr107_15_5/solutions/pr107_15_5
