[ITER 1] New best cost=432948.80 (feasible=YES, time 0.261768s)
[ITER 2] New best cost=405300.15 (feasible=YES, time 0.463418s)
[ITER 3] New best cost=395805.04 (feasible=YES, time 0.636804s)
[ITER 4] New best cost=338218.75 (feasible=YES, time 0.860708s)
[ITER 5] New best cost=336648.56 (feasible=YES, time 1.06847s)
[ITER 10] bestGlobalCost=336648.56 (feasible=YES) bestThisIter=363294.30 feasibleAnts=9 noImprove=5 (elapsed 2.0514s)
[ITER 15] New best cost=335111.18 (feasible=YES, time 3.87479s)
[ITER 15] New best cost=331051.12 (feasible=YES, time 5.58518s)
[ITER 20] New best cost=329210.07 (feasible=YES, time 7.98519s)
[ITER 20] bestGlobalCost=329210.07 (feasible=YES) bestThisIter=329210.07 feasibleAnts=9 noImprove=0 (elapsed 7.99009s)
[ITER 22] New best cost=312273.23 (feasible=YES, time 8.21863s)
[ITER 30] New best cost=309509.94 (feasible=YES, time 10.051s)
[ITER 30] bestGlobalCost=309509.94 (feasible=YES) bestThisIter=348429.30 feasibleAnts=9 noImprove=0 (elapsed 13.9627s)
[ITER 40] bestGlobalCost=309509.94 (feasible=YES) bestThisIter=334891.92 feasibleAnts=9 noImprove=10 (elapsed 15.2467s)
[ITER 50] bestGlobalCost=309509.94 (feasible=YES) bestThisIter=450583.83 feasibleAnts=10 noImprove=20 (elapsed 21.5838s)
[ITER 60] bestGlobalCost=309509.94 (feasible=YES) bestThisIter=397826.79 feasibleAnts=9 noImprove=30 (elapsed 28.7114s)
[RESET] no improvement for30-> reset pheromones
[ITER 70] bestGlobalCost=309509.94 (feasible=YES) bestThisIter=368827.84 feasibleAnts=10 noImprove=10 (elapsed 31.4851s)
[ITER 80] bestGlobalCost=309509.94 (feasible=YES) bestThisIter=355935.52 feasibleAnts=10 noImprove=20 (elapsed 38.2471s)
[ITER 90] bestGlobalCost=309509.94 (feasible=YES) bestThisIter=424317.14 feasibleAnts=10 noImprove=30 (elapsed 45.1115s)
[RESET] no improvement for30-> reset pheromones
[ITER 100] bestGlobalCost=309509.94 (feasible=YES) bestThisIter=446383.45 feasibleAnts=10 noImprove=10 (elapsed 47.5561s)
[ITER 110] bestGlobalCost=309509.94 (feasible=YES) bestThisIter=461471.28 feasibleAnts=10 noImprove=20 (elapsed 54.3422s)
[ITER 120] bestGlobalCost=309509.94 (feasible=YES) bestThisIter=412029.76 feasibleAnts=10 noImprove=30 (elapsed 61.2911s)
[RESET] no improvement for30-> reset pheromones
57 58 89 90 92 94 96 
39 40 41 44 45 47 49 
43 46 50 51 52 53 54 
1 2 4 5 6 8 10 12 
3 7 17 78 81 82 
34 35 37 38 42 48 
21 25 27 30 31 32 33 36 
74 75 76 79 80 83 84 85 
9 11 13 14 15 16 23 
59 60 86 87 88 91 93 
63 64 65 66 67 68 69 
55 95 97 99 101 104 107 
56 98 100 102 103 105 106 
18 19 20 22 24 26 28 29 
61 62 70 71 72 73 77 
[SAVELOGS] evolution saved to results/logs/pr107_15_5/evolution/pr107_15_5
[SAVELOGS] best cost saved to results/logs/pr107_15_5/objectives/pr107_15_5
[SAVELOGS] best solution saved to results/logs/pr107_15_5/solutions/pr107_15_5
