[ITER 1] New best cost=473246.01 (feasible=YES, time 0.249995s)
[ITER 2] New best cost=369532.50 (feasible=YES, time 0.522552s)
[ITER 10] bestGlobalCost=369532.50 (feasible=YES) bestThisIter=423953.45 feasibleAnts=10 noImprove=8 (elapsed 2.25068s)
[ITER 15] New best cost=346037.83 (feasible=YES, time 4.47038s)
[ITER 15] New best cost=334544.90 (feasible=YES, time 5.45625s)
[ITER 20] bestGlobalCost=334544.90 (feasible=YES) bestThisIter=334544.90 feasibleAnts=9 noImprove=5 (elapsed 9.06685s)
[ITER 21] New best cost=328154.16 (feasible=YES, time 9.18646s)
[ITER 24] New best cost=328127.92 (feasible=YES, time 9.52396s)
[ITER 27] New best cost=326315.12 (feasible=YES, time 9.85754s)
[ITER 30] New best cost=324661.85 (feasible=YES, time 11.1563s)
[ITER 30] New best cost=321677.41 (feasible=YES, time 12.189s)
[ITER 30] bestGlobalCost=321677.41 (feasible=YES) bestThisIter=326315.12 feasibleAnts=10 noImprove=0 (elapsed 15.0724s)
[ITER 40] bestGlobalCost=321677.41 (feasible=YES) bestThisIter=371097.76 feasibleAnts=9 noImprove=10 (elapsed 16.0016s)
[ITER 45] New best cost=317837.38 (feasible=YES, time 19.3301s)
[ITER 45] New best cost=313535.09 (feasible=YES, time 20.1859s)
[ITER 48] New best cost=312749.57 (feasible=YES, time 21.478s)
[ITER 50] bestGlobalCost=312749.57 (feasible=YES) bestThisIter=313535.09 feasibleAnts=18 noImprove=2 (elapsed 21.7146s)
[ITER 51] New best cost=311981.11 (feasible=YES, time 21.881s)
[ITER 60] bestGlobalCost=311981.11 (feasible=YES) bestThisIter=311981.11 feasibleAnts=10 noImprove=9 (elapsed 27.9135s)
[ITER 70] bestGlobalCost=311981.11 (feasible=YES) bestThisIter=400117.02 feasibleAnts=10 noImprove=19 (elapsed 29.6724s)
[ITER 80] bestGlobalCost=311981.11 (feasible=YES) bestThisIter=375109.39 feasibleAnts=8 noImprove=29 (elapsed 36.3121s)
[RESET] no improvement for30-> reset pheromones
[ITER 90] bestGlobalCost=311981.11 (feasible=YES) bestThisIter=438706.23 feasibleAnts=10 noImprove=9 (elapsed 43.6288s)
[ITER 100] bestGlobalCost=311981.11 (feasible=YES) bestThisIter=397181.45 feasibleAnts=10 noImprove=19 (elapsed 45.8364s)
[ITER 110] bestGlobalCost=311981.11 (feasible=YES) bestThisIter=342131.03 feasibleAnts=9 noImprove=29 (elapsed 52.5564s)
[RESET] no improvement for30-> reset pheromones
[ITER 120] bestGlobalCost=311981.11 (feasible=YES) bestThisIter=422576.95 feasibleAnts=10 noImprove=9 (elapsed 60.1624s)
34 35 37 38 42 48 
39 40 41 44 45 47 49 
58 90 91 92 94 96 103 
3 7 26 73 81 88 
61 78 80 82 83 84 85 
1 2 4 5 6 8 10 12 
59 60 79 86 87 89 93 
27 28 29 30 32 33 36 
57 95 97 98 99 100 105 
17 18 19 20 21 22 24 25 31 
63 64 65 66 67 68 69 71 
9 11 13 14 15 16 23 
55 56 101 102 104 106 107 
62 70 72 74 75 76 77 
43 46 50 51 52 53 54 
[SAVELOGS] evolution saved to results/logs/pr107_15_5/evolution/pr107_15_5
[SAVELOGS] best cost saved to results/logs/pr107_15_5/objectives/pr107_15_5
[SAVELOGS] best solution saved to results/logs/pr107_15_5/solutions/pr107_15_5
