[ITER 1] New best cost=399385.72 (feasible=YES, time 0.297982s)
[ITER 2] New best cost=399101.91 (feasible=YES, time 0.521619s)
[ITER 3] New best cost=398270.81 (feasible=YES, time 0.709281s)
[ITER 4] New best cost=386147.68 (feasible=YES, time 0.951782s)
[ITER 6] New best cost=383545.87 (feasible=YES, time 1.38028s)
[ITER 7] New best cost=336238.03 (feasible=YES, time 1.52212s)
[ITER 10] bestGlobalCost=336238.03 (feasible=YES) bestThisIter=357139.48 feasibleAnts=10 noImprove=3 (elapsed 2.01435s)
[ITER 14] New best cost=332108.26 (feasible=YES, time 2.6655s)
[ITER 15] New best cost=321842.12 (feasible=YES, time 3.76117s)
[ITER 15] New best cost=317190.20 (feasible=YES, time 7.74475s)
[ITER 20] bestGlobalCost=317190.20 (feasible=YES) bestThisIter=325570.91 feasibleAnts=9 noImprove=5 (elapsed 8.5235s)
[ITER 22] New best cost=314050.90 (feasible=YES, time 8.71002s)
[ITER 25] New best cost=310210.88 (feasible=YES, time 8.92141s)
[ITER 28] New best cost=309442.41 (feasible=YES, time 9.29538s)
[ITER 30] bestGlobalCost=309442.41 (feasible=YES) bestThisIter=310210.88 feasibleAnts=19 noImprove=2 (elapsed 13.7716s)
[ITER 40] bestGlobalCost=309442.41 (feasible=YES) bestThisIter=309442.41 feasibleAnts=10 noImprove=12 (elapsed 15.1514s)
[ITER 50] bestGlobalCost=309442.41 (feasible=YES) bestThisIter=368718.32 feasibleAnts=10 noImprove=22 (elapsed 21.8354s)
[RESET] no improvement for30-> reset pheromones
[ITER 60] bestGlobalCost=309442.41 (feasible=YES) bestThisIter=397782.77 feasibleAnts=10 noImprove=2 (elapsed 28.615s)
[ITER 70] bestGlobalCost=309442.41 (feasible=YES) bestThisIter=416317.61 feasibleAnts=10 noImprove=12 (elapsed 31.4083s)
[ITER 80] bestGlobalCost=309442.41 (feasible=YES) bestThisIter=391718.65 feasibleAnts=10 noImprove=22 (elapsed 38.0643s)
[RESET] no improvement for30-> reset pheromones
[ITER 90] bestGlobalCost=309442.41 (feasible=YES) bestThisIter=422479.07 feasibleAnts=10 noImprove=2 (elapsed 44.6107s)
[ITER 100] bestGlobalCost=309442.41 (feasible=YES) bestThisIter=383520.03 feasibleAnts=10 noImprove=12 (elapsed 47.2322s)
[ITER 110] bestGlobalCost=309442.41 (feasible=YES) bestThisIter=429179.36 feasibleAnts=10 noImprove=22 (elapsed 53.7449s)
[RESET] no improvement for30-> reset pheromones
[ITER 120] bestGlobalCost=309442.41 (feasible=YES) bestThisIter=398347.51 feasibleAnts=9 noImprove=2 (elapsed 60.7038s)
59 60 79 86 87 89 93 
34 35 37 38 42 48 
1 2 4 5 6 8 10 12 
58 90 91 92 94 96 103 
61 78 80 82 83 84 85 
9 19 20 22 23 24 28 29 
3 7 26 73 81 88 
21 25 27 30 31 32 33 36 
43 46 50 51 52 53 54 
55 56 101 102 104 106 107 
63 64 65 66 67 68 69 71 
57 95 97 98 99 100 105 
11 13 14 15 16 17 18 
62 70 72 74 75 76 77 
39 40 41 44 45 47 49 
[SAVELOGS] evolution saved to results/logs/pr107_15_5/evolution/pr107_15_5
[SAVELOGS] best cost saved to results/logs/pr107_15_5/objectives/pr107_15_5
[SAVELOGS] best solution saved to results/logs/pr107_15_5/solutions/pr107_15_5
