[ITER 1] New best cost=1860211.81 (feasible=YES, time 0.0345093s)
[ITER 4] New best cost=1859433.61 (feasible=YES, time 0.0960813s)
[ITER 6] New best cost=1859369.91 (feasible=YES, time 0.13705s)
[ITER 7] New best cost=1850536.57 (feasible=YES, time 0.153648s)
[ITER 10] bestGlobalCost=1850536.57 (feasible=YES) bestThisIter=1850536.57 feasibleAnts=14 noImprove=3 (elapsed 0.216512s)
[ITER 20] bestGlobalCost=1850536.57 (feasible=YES) bestThisIter=1850536.57 feasibleAnts=12 noImprove=13 (elapsed 1.67887s)
[ITER 30] bestGlobalCost=1850536.57 (feasible=YES) bestThisIter=1850536.57 feasibleAnts=11 noImprove=23 (elapsed 3.41736s)
[RESET] no improvement for30-> reset pheromones
[ITER 40] bestGlobalCost=1850536.57 (feasible=YES) bestThisIter=1855093.13 feasibleAnts=10 noImprove=3 (elapsed 3.69197s)
[ITER 50] bestGlobalCost=1850536.57 (feasible=YES) bestThisIter=1850536.57 feasibleAnts=10 noImprove=13 (elapsed 5.54986s)
[ITER 60] bestGlobalCost=1850536.57 (feasible=YES) bestThisIter=1850536.57 feasibleAnts=10 noImprove=23 (elapsed 6.91494s)
[RESET] no improvement for30-> reset pheromones
[ITER 70] bestGlobalCost=1850536.57 (feasible=YES) bestThisIter=1859462.71 feasibleAnts=10 noImprove=3 (elapsed 7.12639s)
[ITER 80] bestGlobalCost=1850536.57 (feasible=YES) bestThisIter=1850536.57 feasibleAnts=10 noImprove=13 (elapsed 8.69771s)
[ITER 90] bestGlobalCost=1850536.57 (feasible=YES) bestThisIter=1850536.57 feasibleAnts=10 noImprove=23 (elapsed 10.0734s)
[RESET] no improvement for30-> reset pheromones
[ITER 100] bestGlobalCost=1850536.57 (feasible=YES) bestThisIter=1856265.17 feasibleAnts=9 noImprove=3 (elapsed 10.2769s)
[ITER 110] bestGlobalCost=1850536.57 (feasible=YES) bestThisIter=1850536.57 feasibleAnts=10 noImprove=13 (elapsed 11.7037s)
[ITER 120] bestGlobalCost=1850536.57 (feasible=YES) bestThisIter=1850536.57 feasibleAnts=10 noImprove=23 (elapsed 13.0977s)
[RESET] no improvement for30-> reset pheromones
[ITER 130] bestGlobalCost=1850536.57 (feasible=YES) bestThisIter=1850536.57 feasibleAnts=11 noImprove=3 (elapsed 13.3247s)
[ITER 140] bestGlobalCost=1850536.57 (feasible=YES) bestThisIter=1850536.57 feasibleAnts=10 noImprove=13 (elapsed 15.0505s)
[ITER 150] bestGlobalCost=1850536.57 (feasible=YES) bestThisIter=1850536.57 feasibleAnts=10 noImprove=23 (elapsed 16.7778s)
[RESET] no improvement for30-> reset pheromones
[ITER 160] bestGlobalCost=1850536.57 (feasible=YES) bestThisIter=1850536.57 feasibleAnts=10 noImprove=3 (elapsed 17.0889s)
[ITER 170] bestGlobalCost=1850536.57 (feasible=YES) bestThisIter=1850536.57 feasibleAnts=11 noImprove=13 (elapsed 18.5412s)
[ITER 180] bestGlobalCost=1850536.57 (feasible=YES) bestThisIter=1850536.57 feasibleAnts=11 noImprove=23 (elapsed 20.0138s)
[RESET] no improvement for30-> reset pheromones
[ITER 190] bestGlobalCost=1850536.57 (feasible=YES) bestThisIter=1850536.57 feasibleAnts=10 noImprove=3 (elapsed 20.2499s)
[ITER 200] bestGlobalCost=1850536.57 (feasible=YES) bestThisIter=1850536.57 feasibleAnts=10 noImprove=13 (elapsed 21.9034s)
[ITER 210] bestGlobalCost=1850536.57 (feasible=YES) bestThisIter=1850536.57 feasibleAnts=10 noImprove=23 (elapsed 23.6286s)
[RESET] no improvement for30-> reset pheromones
[ITER 220] bestGlobalCost=1850536.57 (feasible=YES) bestThisIter=1858721.68 feasibleAnts=10 noImprove=3 (elapsed 23.9046s)
[ITER 230] bestGlobalCost=1850536.57 (feasible=YES) bestThisIter=1850536.57 feasibleAnts=12 noImprove=13 (elapsed 25.6384s)
[ITER 240] bestGlobalCost=1850536.57 (feasible=YES) bestThisIter=1850536.57 feasibleAnts=10 noImprove=23 (elapsed 27.3316s)
[RESET] no improvement for30-> reset pheromones
[ITER 250] bestGlobalCost=1850536.57 (feasible=YES) bestThisIter=1850536.57 feasibleAnts=10 noImprove=3 (elapsed 28.1458s)
[ITER 260] bestGlobalCost=1850536.57 (feasible=YES) bestThisIter=1850536.57 feasibleAnts=10 noImprove=13 (elapsed 31.6911s)
[ITER 270] bestGlobalCost=1850536.57 (feasible=YES) bestThisIter=1850536.57 feasibleAnts=10 noImprove=23 (elapsed 35.0474s)
[RESET] no improvement for30-> reset pheromones
[ITER 280] bestGlobalCost=1850536.57 (feasible=YES) bestThisIter=1858721.68 feasibleAnts=10 noImprove=3 (elapsed 35.4846s)
[ITER 290] bestGlobalCost=1850536.57 (feasible=YES) bestThisIter=1850536.57 feasibleAnts=11 noImprove=13 (elapsed 37.8908s)
[ITER 300] bestGlobalCost=1850536.57 (feasible=YES) bestThisIter=1850536.57 feasibleAnts=11 noImprove=23 (elapsed 40.2523s)
[RESET] no improvement for30-> reset pheromones
[ITER 310] bestGlobalCost=1850536.57 (feasible=YES) bestThisIter=1856265.17 feasibleAnts=10 noImprove=3 (elapsed 40.57s)
[ITER 320] bestGlobalCost=1850536.57 (feasible=YES) bestThisIter=1850536.57 feasibleAnts=10 noImprove=13 (elapsed 42.8922s)
[ITER 330] bestGlobalCost=1850536.57 (feasible=YES) bestThisIter=1850536.57 feasibleAnts=10 noImprove=23 (elapsed 44.8261s)
[RESET] no improvement for30-> reset pheromones
[ITER 340] bestGlobalCost=1850536.57 (feasible=YES) bestThisIter=1869820.54 feasibleAnts=10 noImprove=3 (elapsed 45.0899s)
[ITER 350] bestGlobalCost=1850536.57 (feasible=YES) bestThisIter=1850536.57 feasibleAnts=10 noImprove=13 (elapsed 47.3572s)
[ITER 360] bestGlobalCost=1850536.57 (feasible=YES) bestThisIter=1850536.57 feasibleAnts=11 noImprove=23 (elapsed 49.3294s)
[RESET] no improvement for30-> reset pheromones
[ITER 370] bestGlobalCost=1850536.57 (feasible=YES) bestThisIter=1860211.81 feasibleAnts=10 noImprove=3 (elapsed 49.6407s)
[ITER 380] bestGlobalCost=1850536.57 (feasible=YES) bestThisIter=1850536.57 feasibleAnts=10 noImprove=13 (elapsed 52.1966s)
[ITER 390] bestGlobalCost=1850536.57 (feasible=YES) bestThisIter=1850536.57 feasibleAnts=10 noImprove=23 (elapsed 54.6627s)
[RESET] no improvement for30-> reset pheromones
[ITER 400] bestGlobalCost=1850536.57 (feasible=YES) bestThisIter=1850536.57 feasibleAnts=10 noImprove=3 (elapsed 55.0127s)
[ITER 410] bestGlobalCost=1850536.57 (feasible=YES) bestThisIter=1850536.57 feasibleAnts=10 noImprove=13 (elapsed 57.6587s)
[ITER 420] bestGlobalCost=1850536.57 (feasible=YES) bestThisIter=1850536.57 feasibleAnts=11 noImprove=23 (elapsed 59.6755s)
[RESET] no improvement for30-> reset pheromones
[ITER 430] bestGlobalCost=1850536.57 (feasible=YES) bestThisIter=1850536.57 feasibleAnts=10 noImprove=3 (elapsed 59.9988s)
1 2 3 4 5 6 7 8 9 10 11 12 13 14 15 16 17 18 19 20 22 27 
55 56 57 90 91 92 94 95 96 97 98 99 100 101 102 103 104 105 106 107 
61 62 63 64 65 66 67 68 69 70 71 72 73 74 75 76 77 78 79 80 82 
24 25 26 28 29 30 31 33 34 35 36 37 38 39 40 41 42 43 45 46 47 48 49 50 52 54 
21 23 32 44 51 53 58 59 60 81 83 84 85 86 87 88 89 93 
[SAVELOGS] evolution saved to results/logs/pr107_05_2/evolution/pr107_05_2
[SAVELOGS] best cost saved to results/logs/pr107_05_2/objectives/pr107_05_2
[SAVELOGS] best solution saved to results/logs/pr107_05_2/solutions/pr107_05_2
