[ITER 1] New best cost=1653240.25 (feasible=YES, time 8.73381s)
[ITER 2] New best cost=1632430.84 (feasible=YES, time 14.612s)
[ITER 3] New best cost=1632087.09 (feasible=YES, time 20.6516s)
[ITER 10] bestGlobalCost=1632087.09 (feasible=YES) bestThisIter=1637968.39 feasibleAnts=10 noImprove=7 (elapsed 69.9045s)
[ITER 17] New best cost=1618958.59 (feasible=YES, time 109.656s)
[ITER 20] bestGlobalCost=1618958.59 (feasible=YES) bestThisIter=1637763.93 feasibleAnts=10 noImprove=3 (elapsed 137.149s)
[ITER 21] New best cost=1611232.92 (feasible=YES, time 143.18s)
[ITER 30] bestGlobalCost=1611232.92 (feasible=YES) bestThisIter=1618793.39 feasibleAnts=10 noImprove=9 (elapsed 201.926s)
[ITER 40] bestGlobalCost=1611232.92 (feasible=YES) bestThisIter=1635051.02 feasibleAnts=10 noImprove=19 (elapsed 266.517s)
165 166 167 171 269 273 274 277 278 281 282 283 284 285 286 287 288 289 290 291 292 293 294 
40 47 48 50 54 55 56 57 58 59 62 63 67 71 73 75 86 105 316 317 
109 118 119 149 211 212 213 216 217 220 221 222 225 230 231 232 233 238 239 241 313 
139 140 143 144 163 240 242 243 250 251 254 255 257 259 260 261 264 265 266 314 
16 20 24 26 31 32 33 36 37 41 42 43 44 45 46 49 51 52 53 104 
168 169 172 173 174 175 176 177 178 179 180 181 183 184 185 186 187 189 191 195 198 204 
110 114 121 122 123 124 125 128 129 130 131 132 133 134 136 138 141 142 147 148 209 
61 65 66 74 81 87 88 94 95 98 99 100 182 188 190 196 197 201 202 206 207 
214 215 218 219 223 224 226 227 228 229 234 235 236 237 244 245 246 247 248 252 253 
1 2 3 6 7 8 10 11 12 15 18 19 21 22 23 25 27 28 29 30 103 
34 38 39 60 70 145 146 150 151 152 153 154 155 156 157 158 159 160 161 162 164 210 
64 68 69 72 76 77 78 79 80 82 83 84 85 89 90 91 92 93 96 97 101 102 
4 5 9 13 14 17 35 106 107 108 111 112 113 115 116 117 120 126 127 135 137 208 
170 192 193 194 199 200 203 205 295 296 299 300 301 302 303 306 307 308 309 311 312 
249 256 258 262 263 267 268 270 271 272 275 276 279 280 297 298 304 305 310 315 318 
[SAVELOGS] evolution saved to results/logs/aco_logs/evolution/lin318_15_5.txt
[SAVELOGS] best cost saved to results/logs/aco_logs/objectives/lin318_15_5.txt
[SAVELOGS] best solution saved to results/logs/aco_logs/solutions/lin318_15_5.txt
