[ITER 1] New best cost=1844835.68 (feasible=YES, time 1.85208s)
[ITER 3] New best cost=1834216.74 (feasible=YES, time 5.04116s)
[ITER 4] New best cost=1829951.31 (feasible=YES, time 6.45525s)
[ITER 5] New best cost=1819143.87 (feasible=YES, time 8.54357s)
[TS] New best cost=1786623.59 (feasible=YES, time 15.5292s)
[TS] New best cost=1778939.13 (feasible=YES, time 18.0807s)
[ITER 10] bestGlobalCost=1778939.13 (feasible=YES) bestThisIter=1786623.59 feasibleAnts=5 noImprove=5 (elapsed 18.0846s)
[TS] New best cost=1772524.63 (feasible=YES, time 33.9377s)
[ITER 20] bestGlobalCost=1772524.63 (feasible=YES) bestThisIter=1812368.41 feasibleAnts=5 noImprove=15 (elapsed 36.8002s)
[TS] New best cost=1758865.65 (feasible=YES, time 51.1478s)
[ITER 30] bestGlobalCost=1758865.65 (feasible=YES) bestThisIter=1854684.96 feasibleAnts=5 noImprove=25 (elapsed 54.4312s)
[ITER 40] bestGlobalCost=1758865.65 (feasible=YES) bestThisIter=1837671.39 feasibleAnts=5 noImprove=35 (elapsed 73.6843s)
[ITER 50] bestGlobalCost=1758865.65 (feasible=YES) bestThisIter=1871499.57 feasibleAnts=5 noImprove=45 (elapsed 90.6063s)
[RESET] no improvement for50-> reset pheromones
[ITER 59] New best cost=1749973.40 (feasible=YES, time 99.6754s)
[ITER 60] bestGlobalCost=1749973.40 (feasible=YES) bestThisIter=1780574.21 feasibleAnts=5 noImprove=1 (elapsed 107.465s)
[ITER 70] bestGlobalCost=1749973.40 (feasible=YES) bestThisIter=1850459.01 feasibleAnts=5 noImprove=11 (elapsed 122.061s)
[ITER 80] bestGlobalCost=1749973.40 (feasible=YES) bestThisIter=1853748.23 feasibleAnts=5 noImprove=21 (elapsed 138.658s)
[ITER 90] bestGlobalCost=1749973.40 (feasible=YES) bestThisIter=1808816.84 feasibleAnts=5 noImprove=31 (elapsed 156.621s)
[ITER 100] bestGlobalCost=1749973.40 (feasible=YES) bestThisIter=1813795.10 feasibleAnts=5 noImprove=41 (elapsed 173.984s)
[RESET] no improvement for50-> reset pheromones
[ITER 110] bestGlobalCost=1749973.40 (feasible=YES) bestThisIter=1878887.94 feasibleAnts=5 noImprove=1 (elapsed 192.255s)
[ITER 114] New best cost=1747823.54 (feasible=YES, time 195.861s)
[ITER 120] bestGlobalCost=1747823.54 (feasible=YES) bestThisIter=1801815.36 feasibleAnts=5 noImprove=6 (elapsed 207.724s)
[ITER 130] bestGlobalCost=1747823.54 (feasible=YES) bestThisIter=1815585.53 feasibleAnts=5 noImprove=16 (elapsed 227.622s)
[ITER 140] bestGlobalCost=1747823.54 (feasible=YES) bestThisIter=1842806.33 feasibleAnts=5 noImprove=26 (elapsed 245.98s)
[ITER 150] bestGlobalCost=1747823.54 (feasible=YES) bestThisIter=1829029.58 feasibleAnts=5 noImprove=36 (elapsed 264.018s)
[ITER 160] bestGlobalCost=1747823.54 (feasible=YES) bestThisIter=1867908.75 feasibleAnts=5 noImprove=46 (elapsed 283.278s)
[RESET] no improvement for50-> reset pheromones
[ITER 167] New best cost=1742235.57 (feasible=YES, time 291.628s)
[ITER 170] bestGlobalCost=1742235.57 (feasible=YES) bestThisIter=1747735.45 feasibleAnts=5 noImprove=3 (elapsed 303.602s)
3 144 145 146 147 148 149 150 151 152 153 154 155 156 214 215 295 296 297 298 
15 18 22 23 24 25 26 72 75 76 80 81 82 83 84 87 99 100 102 133 
162 164 166 199 200 202 203 228 229 230 231 232 233 275 276 277 279 280 281 282 
11 16 17 19 20 21 79 86 89 90 91 94 95 96 97 98 101 139 142 161 
55 114 115 116 117 118 119 120 121 122 124 125 175 176 177 178 180 181 182 
27 30 31 32 33 34 35 36 37 63 64 65 66 67 68 69 70 71 77 197 
169 173 187 188 189 190 191 192 193 194 195 242 244 245 247 248 249 250 251 266 268 
160 204 206 207 208 209 211 219 221 223 224 225 226 227 283 284 285 286 299 
179 183 184 185 186 252 253 254 255 256 257 258 259 260 261 262 263 264 265 267 
1 2 4 5 6 7 8 9 10 12 13 14 85 88 92 93 140 141 143 159 
40 41 42 43 44 45 46 47 48 49 50 51 52 53 54 56 57 58 60 105 
167 168 170 196 234 235 236 237 238 239 240 241 243 246 269 270 271 272 273 274 278 
38 39 59 61 62 106 107 108 109 110 111 112 113 123 126 127 128 171 172 174 
157 158 205 210 212 213 216 217 218 220 222 287 288 289 290 291 292 293 294 
28 29 73 74 78 103 104 129 130 131 132 134 135 136 137 138 163 165 198 201 
[SAVELOGS] evolution saved to results/logs/aco_logs/evolution/pr299_15_5.txt
[SAVELOGS] best cost saved to results/logs/aco_logs/objectives/pr299_15_5.txt
[SAVELOGS] best solution saved to results/logs/aco_logs/solutions/pr299_15_5.txt
