[ITER 1] New best cost=1964995.63 (feasible=YES, time 1.47527s)
[ITER 2] New best cost=1911351.17 (feasible=YES, time 3.19061s)
[ITER 3] New best cost=1854742.22 (feasible=YES, time 4.62498s)
[ITER 6] New best cost=1818412.44 (feasible=YES, time 8.16021s)
[TS] New best cost=1808405.77 (feasible=YES, time 17.5381s)
[ITER 10] bestGlobalCost=1808405.77 (feasible=YES) bestThisIter=1808405.77 feasibleAnts=5 noImprove=1 (elapsed 21.2243s)
[ITER 13] New best cost=1802052.34 (feasible=YES, time 25.0129s)
[TS] New best cost=1799730.37 (feasible=YES, time 37.2174s)
[ITER 20] bestGlobalCost=1799730.37 (feasible=YES) bestThisIter=1835058.46 feasibleAnts=5 noImprove=1 (elapsed 40.8309s)
[ITER 24] New best cost=1781951.72 (feasible=YES, time 46.2223s)
[ITER 29] New best cost=1770497.75 (feasible=YES, time 52.6327s)
[ITER 30] bestGlobalCost=1770497.75 (feasible=YES) bestThisIter=1775468.08 feasibleAnts=5 noImprove=1 (elapsed 60.513s)
[ITER 34] New best cost=1758861.47 (feasible=YES, time 65.7863s)
[TS] New best cost=1754602.01 (feasible=YES, time 76.6742s)
[ITER 40] bestGlobalCost=1754602.01 (feasible=YES) bestThisIter=1810867.26 feasibleAnts=5 noImprove=1 (elapsed 80.3033s)
[ITER 50] bestGlobalCost=1754602.01 (feasible=YES) bestThisIter=1848005.80 feasibleAnts=5 noImprove=11 (elapsed 99.3158s)
[ITER 60] bestGlobalCost=1754602.01 (feasible=YES) bestThisIter=1858956.98 feasibleAnts=5 noImprove=21 (elapsed 121.251s)
[ITER 70] bestGlobalCost=1754602.01 (feasible=YES) bestThisIter=1859770.90 feasibleAnts=5 noImprove=31 (elapsed 143.286s)
[ITER 80] bestGlobalCost=1754602.01 (feasible=YES) bestThisIter=1907218.54 feasibleAnts=5 noImprove=41 (elapsed 167.432s)
[RESET] no improvement for50-> reset pheromones
[ITER 90] bestGlobalCost=1754602.01 (feasible=YES) bestThisIter=1933909.44 feasibleAnts=5 noImprove=1 (elapsed 187.241s)
[ITER 93] New best cost=1754243.58 (feasible=YES, time 190.631s)
[ITER 98] New best cost=1753705.09 (feasible=YES, time 196.129s)
[ITER 100] bestGlobalCost=1753705.09 (feasible=YES) bestThisIter=1765802.90 feasibleAnts=5 noImprove=2 (elapsed 205.443s)
[ITER 110] bestGlobalCost=1753705.09 (feasible=YES) bestThisIter=1825651.85 feasibleAnts=5 noImprove=12 (elapsed 226.572s)
[ITER 120] bestGlobalCost=1753705.09 (feasible=YES) bestThisIter=1883017.84 feasibleAnts=5 noImprove=22 (elapsed 247.488s)
[ITER 130] bestGlobalCost=1753705.09 (feasible=YES) bestThisIter=1904196.88 feasibleAnts=5 noImprove=32 (elapsed 271.142s)
[ITER 140] bestGlobalCost=1753705.09 (feasible=YES) bestThisIter=1890063.71 feasibleAnts=5 noImprove=42 (elapsed 294.44s)
15 17 19 20 21 22 24 25 79 81 82 83 84 86 87 95 96 98 99 100 
138 167 168 198 200 232 234 235 236 237 238 240 243 272 273 274 275 276 278 282 
160 207 208 209 210 211 212 216 217 218 219 220 221 222 223 224 283 285 286 287 
183 184 185 248 252 254 255 256 257 258 259 260 261 262 263 264 265 266 267 268 
1 2 3 4 6 7 144 145 146 147 148 149 150 151 152 153 154 155 156 298 
55 111 113 122 126 127 128 169 171 172 174 175 176 177 178 179 187 189 191 253 
18 23 26 27 28 29 31 67 69 70 71 72 73 74 76 77 80 133 135 
53 54 56 60 114 115 116 117 118 119 120 121 124 125 180 181 182 186 
140 143 157 158 159 213 214 215 284 288 289 290 291 292 293 294 295 296 297 
161 199 202 203 204 205 206 225 226 227 228 229 230 231 233 277 279 280 281 299 
5 8 9 10 11 12 13 14 16 85 88 89 90 91 92 93 94 97 141 142 
30 32 33 34 35 36 37 38 39 40 62 63 64 65 66 68 105 107 108 170 
75 78 101 102 103 104 129 130 131 132 134 136 137 139 162 163 164 165 166 197 201 
173 188 190 192 193 194 195 196 239 241 242 244 245 246 247 249 250 251 269 270 271 
41 42 43 44 45 46 47 48 49 50 51 52 57 58 59 61 106 109 110 112 123 
[SAVELOGS] evolution saved to results/logs/aco_logs/evolution/pr299_15_5.txt
[SAVELOGS] best cost saved to results/logs/aco_logs/objectives/pr299_15_5.txt
[SAVELOGS] best solution saved to results/logs/aco_logs/solutions/pr299_15_5.txt
