[ITER 1] New best cost=1936704.03 (feasible=YES, time 1.35314s)
[ITER 2] New best cost=1839155.11 (feasible=YES, time 2.14312s)
[ITER 5] New best cost=1834868.27 (feasible=YES, time 4.85962s)
[ITER 6] New best cost=1824032.30 (feasible=YES, time 6.04889s)
[TS] New best cost=1803193.11 (feasible=YES, time 11.5589s)
[TS] New best cost=1788643.62 (feasible=YES, time 14.0454s)
[ITER 10] bestGlobalCost=1788643.62 (feasible=YES) bestThisIter=1814200.96 feasibleAnts=5 noImprove=4 (elapsed 14.0512s)
[TS] New best cost=1786412.22 (feasible=YES, time 31.03s)
[ITER 20] bestGlobalCost=1786412.22 (feasible=YES) bestThisIter=1837326.81 feasibleAnts=5 noImprove=14 (elapsed 34.4104s)
[TS] New best cost=1783832.34 (feasible=YES, time 51.2221s)
[ITER 30] bestGlobalCost=1783832.34 (feasible=YES) bestThisIter=1817914.64 feasibleAnts=5 noImprove=24 (elapsed 54.6312s)
[ITER 40] bestGlobalCost=1783832.34 (feasible=YES) bestThisIter=1892061.61 feasibleAnts=5 noImprove=34 (elapsed 72.8781s)
[TS] New best cost=1773170.66 (feasible=YES, time 87.1487s)
[ITER 50] bestGlobalCost=1773170.66 (feasible=YES) bestThisIter=1951441.33 feasibleAnts=5 noImprove=44 (elapsed 90.8472s)
[RESET] no improvement for50-> reset pheromones
[TS] New best cost=1759269.20 (feasible=YES, time 109.561s)
[ITER 60] bestGlobalCost=1759269.20 (feasible=YES) bestThisIter=1779466.32 feasibleAnts=5 noImprove=4 (elapsed 109.564s)
[ITER 68] New best cost=1753908.37 (feasible=YES, time 117.219s)
[ITER 70] bestGlobalCost=1753908.37 (feasible=YES) bestThisIter=1809203.86 feasibleAnts=5 noImprove=2 (elapsed 123.839s)
[ITER 71] New best cost=1752750.24 (feasible=YES, time 124.772s)
[ITER 76] New best cost=1750226.51 (feasible=YES, time 129.188s)
[TS] New best cost=1749573.15 (feasible=YES, time 135.805s)
[ITER 80] bestGlobalCost=1749573.15 (feasible=YES) bestThisIter=1749573.15 feasibleAnts=5 noImprove=4 (elapsed 139.137s)
[ITER 90] bestGlobalCost=1749573.15 (feasible=YES) bestThisIter=1817810.99 feasibleAnts=5 noImprove=14 (elapsed 157.79s)
[ITER 100] bestGlobalCost=1749573.15 (feasible=YES) bestThisIter=1839687.82 feasibleAnts=5 noImprove=24 (elapsed 172.835s)
[TS] New best cost=1748344.63 (feasible=YES, time 190.855s)
[ITER 110] bestGlobalCost=1748344.63 (feasible=YES) bestThisIter=1865976.65 feasibleAnts=5 noImprove=34 (elapsed 190.86s)
[ITER 120] bestGlobalCost=1748344.63 (feasible=YES) bestThisIter=1864206.74 feasibleAnts=5 noImprove=44 (elapsed 211.371s)
[RESET] no improvement for50-> reset pheromones
[ITER 130] bestGlobalCost=1748344.63 (feasible=YES) bestThisIter=1759731.89 feasibleAnts=5 noImprove=4 (elapsed 229.351s)
[ITER 140] bestGlobalCost=1748344.63 (feasible=YES) bestThisIter=1790383.87 feasibleAnts=5 noImprove=14 (elapsed 246.397s)
[ITER 150] bestGlobalCost=1748344.63 (feasible=YES) bestThisIter=1860354.93 feasibleAnts=5 noImprove=24 (elapsed 262.021s)
[ITER 160] bestGlobalCost=1748344.63 (feasible=YES) bestThisIter=1830867.75 feasibleAnts=5 noImprove=34 (elapsed 277.511s)
[ITER 170] bestGlobalCost=1748344.63 (feasible=YES) bestThisIter=1901244.43 feasibleAnts=5 noImprove=44 (elapsed 295.233s)
[RESET] no improvement for50-> reset pheromones
54 55 56 114 115 116 117 118 119 120 121 122 124 125 175 177 178 180 182 
63 167 170 196 234 235 236 237 238 239 240 241 242 243 250 269 270 271 272 273 274 
157 159 160 161 209 212 213 216 217 218 222 284 287 288 289 290 291 292 293 294 
181 183 184 185 186 188 252 253 254 255 256 257 258 259 260 261 262 263 265 266 
204 205 206 207 208 210 211 219 220 221 223 224 226 227 229 283 285 286 299 
171 173 179 187 189 190 191 192 193 194 195 244 245 246 247 248 249 251 264 267 268 
11 12 15 16 18 19 20 21 83 86 88 89 90 95 96 97 100 139 141 142 
1 2 3 4 5 6 7 8 9 10 13 14 85 91 92 93 94 140 143 144 
27 28 29 30 31 32 33 34 35 36 64 65 66 67 68 69 71 73 74 197 
37 38 40 41 42 43 44 45 46 47 48 49 50 51 52 53 58 62 105 107 
145 146 147 148 149 150 151 152 153 154 155 156 158 214 215 295 296 297 298 
17 22 23 24 25 26 70 72 75 76 77 78 79 80 81 82 84 87 99 201 
98 101 102 103 104 129 130 131 132 133 134 135 136 137 138 162 163 164 165 166 199 
168 198 200 202 203 225 228 230 231 232 233 275 276 277 278 279 280 281 282 
39 57 59 60 61 106 108 109 110 111 112 113 123 126 127 128 169 172 174 176 
[SAVELOGS] evolution saved to results/logs/aco_logs/evolution/pr299_15_5.txt
[SAVELOGS] best cost saved to results/logs/aco_logs/objectives/pr299_15_5.txt
[SAVELOGS] best solution saved to results/logs/aco_logs/solutions/pr299_15_5.txt
