[ITER 1] New best cost=2898740.00 (feasible=YES, time 1.1536s)
[ITER 2] New best cost=2862540.62 (feasible=YES, time 1.21813s)
[ITER 5] New best cost=2861924.14 (feasible=YES, time 1.36653s)
[ITER 6] New best cost=2851451.31 (feasible=YES, time 1.42015s)
[ITER 8] New best cost=2847551.13 (feasible=YES, time 1.52044s)
[ITER 10] bestGlobalCost=2847551.13 (feasible=YES) bestThisIter=2834967.55 feasibleAnts=6 noImprove=2 (elapsed 1.63117s)
[ITER 20] bestGlobalCost=2847551.13 (feasible=YES) bestThisIter=2839784.02 feasibleAnts=6 noImprove=12 (elapsed 3.23443s)
[ITER 27] New best cost=2847082.56 (feasible=YES, time 4.71862s)
[ITER 30] bestGlobalCost=2847082.56 (feasible=YES) bestThisIter=2831628.17 feasibleAnts=4 noImprove=3 (elapsed 4.86685s)
[ITER 40] bestGlobalCost=2847082.56 (feasible=YES) bestThisIter=2839615.26 feasibleAnts=9 noImprove=13 (elapsed 6.44981s)
[ITER 50] bestGlobalCost=2847082.56 (feasible=YES) bestThisIter=2838453.48 feasibleAnts=6 noImprove=23 (elapsed 8.05247s)
[ITER 58] New best cost=2845433.81 (feasible=YES, time 9.55327s)
[ITER 60] bestGlobalCost=2845433.81 (feasible=YES) bestThisIter=2845920.78 feasibleAnts=9 noImprove=2 (elapsed 9.65266s)
[ITER 70] bestGlobalCost=2845433.81 (feasible=YES) bestThisIter=2844113.49 feasibleAnts=10 noImprove=12 (elapsed 11.2269s)
[ITER 80] bestGlobalCost=2845433.81 (feasible=YES) bestThisIter=2834141.05 feasibleAnts=7 noImprove=22 (elapsed 12.8162s)
[ITER 90] bestGlobalCost=2845433.81 (feasible=YES) bestThisIter=2842726.52 feasibleAnts=9 noImprove=32 (elapsed 14.4107s)
[ITER 100] bestGlobalCost=2845433.81 (feasible=YES) bestThisIter=2837966.51 feasibleAnts=5 noImprove=42 (elapsed 15.9641s)
[RESET] no improvement for50-> reset pheromones
[ITER 110] bestGlobalCost=2845433.81 (feasible=YES) bestThisIter=2849352.34 feasibleAnts=7 noImprove=2 (elapsed 17.6064s)
[ITER 120] bestGlobalCost=2845433.81 (feasible=YES) bestThisIter=2863181.75 feasibleAnts=9 noImprove=12 (elapsed 19.1769s)
[ITER 130] bestGlobalCost=2845433.81 (feasible=YES) bestThisIter=2849808.39 feasibleAnts=10 noImprove=22 (elapsed 20.7437s)
[ITER 140] bestGlobalCost=2845433.81 (feasible=YES) bestThisIter=2849115.20 feasibleAnts=10 noImprove=32 (elapsed 22.3576s)
[ITER 150] bestGlobalCost=2845433.81 (feasible=YES) bestThisIter=2833466.80 feasibleAnts=7 noImprove=42 (elapsed 23.8956s)
[RESET] no improvement for50-> reset pheromones
[ITER 160] bestGlobalCost=2845433.81 (feasible=YES) bestThisIter=2828469.93 feasibleAnts=4 noImprove=2 (elapsed 25.5282s)
[ITER 170] bestGlobalCost=2845433.81 (feasible=YES) bestThisIter=2847600.73 feasibleAnts=8 noImprove=12 (elapsed 27.1331s)
[ITER 177] New best cost=2844257.16 (feasible=YES, time 28.5252s)
[ITER 180] bestGlobalCost=2844257.16 (feasible=YES) bestThisIter=2841179.00 feasibleAnts=6 noImprove=3 (elapsed 28.6621s)
[ITER 184] New best cost=2841794.07 (feasible=YES, time 29.892s)
[ITER 190] bestGlobalCost=2841794.07 (feasible=YES) bestThisIter=2838769.90 feasibleAnts=6 noImprove=6 (elapsed 30.1763s)
[ITER 200] bestGlobalCost=2841794.07 (feasible=YES) bestThisIter=2837949.05 feasibleAnts=7 noImprove=16 (elapsed 31.7217s)
[ITER 210] bestGlobalCost=2841794.07 (feasible=YES) bestThisIter=2857158.96 feasibleAnts=7 noImprove=26 (elapsed 33.2492s)
[ITER 220] bestGlobalCost=2841794.07 (feasible=YES) bestThisIter=2856693.75 feasibleAnts=5 noImprove=36 (elapsed 34.8323s)
[ITER 230] bestGlobalCost=2841794.07 (feasible=YES) bestThisIter=2839660.33 feasibleAnts=6 noImprove=46 (elapsed 36.4023s)
[RESET] no improvement for50-> reset pheromones
[ITER 240] bestGlobalCost=2841794.07 (feasible=YES) bestThisIter=2835480.84 feasibleAnts=11 noImprove=6 (elapsed 38.0198s)
[ITER 250] bestGlobalCost=2841794.07 (feasible=YES) bestThisIter=2857900.74 feasibleAnts=10 noImprove=16 (elapsed 39.5884s)
[ITER 260] bestGlobalCost=2841794.07 (feasible=YES) bestThisIter=2859995.79 feasibleAnts=10 noImprove=26 (elapsed 41.1532s)
[ITER 270] bestGlobalCost=2841794.07 (feasible=YES) bestThisIter=2845295.99 feasibleAnts=12 noImprove=36 (elapsed 42.7215s)
[ITER 280] bestGlobalCost=2841794.07 (feasible=YES) bestThisIter=2851104.05 feasibleAnts=6 noImprove=46 (elapsed 44.2865s)
[RESET] no improvement for50-> reset pheromones
[ITER 290] bestGlobalCost=2841794.07 (feasible=YES) bestThisIter=2844209.22 feasibleAnts=10 noImprove=6 (elapsed 45.8952s)
[ITER 300] bestGlobalCost=2841794.07 (feasible=YES) bestThisIter=2850228.02 feasibleAnts=12 noImprove=16 (elapsed 47.4556s)
[ITER 310] bestGlobalCost=2841794.07 (feasible=YES) bestThisIter=2852747.20 feasibleAnts=5 noImprove=26 (elapsed 49.0283s)
[ITER 320] bestGlobalCost=2841794.07 (feasible=YES) bestThisIter=2854964.88 feasibleAnts=9 noImprove=36 (elapsed 50.6244s)
[ITER 330] bestGlobalCost=2841794.07 (feasible=YES) bestThisIter=2844257.16 feasibleAnts=11 noImprove=46 (elapsed 52.1999s)
[RESET] no improvement for50-> reset pheromones
[ITER 340] bestGlobalCost=2841794.07 (feasible=YES) bestThisIter=2834960.95 feasibleAnts=5 noImprove=6 (elapsed 53.8335s)
[ITER 350] bestGlobalCost=2841794.07 (feasible=YES) bestThisIter=2839660.33 feasibleAnts=5 noImprove=16 (elapsed 55.3826s)
[ITER 360] bestGlobalCost=2841794.07 (feasible=YES) bestThisIter=2840955.55 feasibleAnts=6 noImprove=26 (elapsed 56.9006s)
[ITER 370] bestGlobalCost=2841794.07 (feasible=YES) bestThisIter=2844257.16 feasibleAnts=10 noImprove=36 (elapsed 58.5486s)
[ITER 380] bestGlobalCost=2841794.07 (feasible=YES) bestThisIter=2856025.00 feasibleAnts=8 noImprove=46 (elapsed 60.1579s)
[RESET] no improvement for50-> reset pheromones
[ITER 390] bestGlobalCost=2841794.07 (feasible=YES) bestThisIter=2841248.17 feasibleAnts=8 noImprove=6 (elapsed 61.788s)
[ITER 400] bestGlobalCost=2841794.07 (feasible=YES) bestThisIter=2842773.66 feasibleAnts=8 noImprove=16 (elapsed 63.3485s)
[ITER 410] bestGlobalCost=2841794.07 (feasible=YES) bestThisIter=2844257.16 feasibleAnts=7 noImprove=26 (elapsed 64.9464s)
[ITER 420] bestGlobalCost=2841794.07 (feasible=YES) bestThisIter=2859452.34 feasibleAnts=9 noImprove=36 (elapsed 66.5204s)
[ITER 430] bestGlobalCost=2841794.07 (feasible=YES) bestThisIter=2851672.62 feasibleAnts=8 noImprove=46 (elapsed 68.0757s)
[RESET] no improvement for50-> reset pheromones
[ITER 440] bestGlobalCost=2841794.07 (feasible=YES) bestThisIter=2848857.03 feasibleAnts=12 noImprove=6 (elapsed 69.7193s)
[ITER 450] bestGlobalCost=2841794.07 (feasible=YES) bestThisIter=2858772.30 feasibleAnts=8 noImprove=16 (elapsed 71.3054s)
[ITER 460] bestGlobalCost=2841794.07 (feasible=YES) bestThisIter=2855185.44 feasibleAnts=6 noImprove=26 (elapsed 72.8573s)
[ITER 470] bestGlobalCost=2841794.07 (feasible=YES) bestThisIter=2845357.04 feasibleAnts=9 noImprove=36 (elapsed 74.4398s)
[ITER 480] bestGlobalCost=2841794.07 (feasible=YES) bestThisIter=2850877.90 feasibleAnts=9 noImprove=46 (elapsed 75.9831s)
[RESET] no improvement for50-> reset pheromones
[ITER 490] bestGlobalCost=2841794.07 (feasible=YES) bestThisIter=2834960.95 feasibleAnts=7 noImprove=6 (elapsed 77.6246s)
[ITER 500] bestGlobalCost=2841794.07 (feasible=YES) bestThisIter=2843637.57 feasibleAnts=10 noImprove=16 (elapsed 79.1963s)
[ITER 510] bestGlobalCost=2841794.07 (feasible=YES) bestThisIter=2838755.76 feasibleAnts=6 noImprove=26 (elapsed 80.7617s)
[ITER 520] bestGlobalCost=2841794.07 (feasible=YES) bestThisIter=2852698.94 feasibleAnts=8 noImprove=36 (elapsed 82.7854s)
[ITER 530] bestGlobalCost=2841794.07 (feasible=YES) bestThisIter=2840187.70 feasibleAnts=7 noImprove=46 (elapsed 84.3582s)
[RESET] no improvement for50-> reset pheromones
[ITER 540] bestGlobalCost=2841794.07 (feasible=YES) bestThisIter=2852695.21 feasibleAnts=9 noImprove=6 (elapsed 85.9982s)
[ITER 550] bestGlobalCost=2841794.07 (feasible=YES) bestThisIter=2853772.55 feasibleAnts=11 noImprove=16 (elapsed 87.6181s)
[ITER 560] bestGlobalCost=2841794.07 (feasible=YES) bestThisIter=2842773.66 feasibleAnts=6 noImprove=26 (elapsed 89.4887s)
[ITER 570] bestGlobalCost=2841794.07 (feasible=YES) bestThisIter=2852818.55 feasibleAnts=11 noImprove=36 (elapsed 91.6464s)
[ITER 580] bestGlobalCost=2841794.07 (feasible=YES) bestThisIter=2849622.89 feasibleAnts=6 noImprove=46 (elapsed 93.4411s)
[RESET] no improvement for50-> reset pheromones
[ITER 590] bestGlobalCost=2841794.07 (feasible=YES) bestThisIter=2860018.55 feasibleAnts=8 noImprove=6 (elapsed 95.0648s)
[ITER 600] bestGlobalCost=2841794.07 (feasible=YES) bestThisIter=2841567.91 feasibleAnts=9 noImprove=16 (elapsed 96.6942s)
[ITER 610] bestGlobalCost=2841794.07 (feasible=YES) bestThisIter=2848186.75 feasibleAnts=6 noImprove=26 (elapsed 98.8201s)
[ITER 620] bestGlobalCost=2841794.07 (feasible=YES) bestThisIter=2849880.53 feasibleAnts=11 noImprove=36 (elapsed 100.807s)
[ITER 630] bestGlobalCost=2841794.07 (feasible=YES) bestThisIter=2853670.64 feasibleAnts=7 noImprove=46 (elapsed 102.414s)
[RESET] no improvement for50-> reset pheromones
[ITER 640] bestGlobalCost=2841794.07 (feasible=YES) bestThisIter=2864923.65 feasibleAnts=11 noImprove=6 (elapsed 104.005s)
[ITER 650] bestGlobalCost=2841794.07 (feasible=YES) bestThisIter=2857132.57 feasibleAnts=8 noImprove=16 (elapsed 105.565s)
[ITER 660] bestGlobalCost=2841794.07 (feasible=YES) bestThisIter=2849169.46 feasibleAnts=9 noImprove=26 (elapsed 107.153s)
[ITER 670] bestGlobalCost=2841794.07 (feasible=YES) bestThisIter=2856798.00 feasibleAnts=7 noImprove=36 (elapsed 108.761s)
[ITER 680] bestGlobalCost=2841794.07 (feasible=YES) bestThisIter=2849372.66 feasibleAnts=9 noImprove=46 (elapsed 110.355s)
[RESET] no improvement for50-> reset pheromones
[ITER 690] bestGlobalCost=2841794.07 (feasible=YES) bestThisIter=2858728.58 feasibleAnts=11 noImprove=6 (elapsed 111.971s)
[ITER 700] bestGlobalCost=2841794.07 (feasible=YES) bestThisIter=2848857.03 feasibleAnts=8 noImprove=16 (elapsed 113.534s)
[ITER 710] bestGlobalCost=2841794.07 (feasible=YES) bestThisIter=2857132.57 feasibleAnts=11 noImprove=26 (elapsed 115.249s)
[ITER 720] bestGlobalCost=2841794.07 (feasible=YES) bestThisIter=2838783.28 feasibleAnts=6 noImprove=36 (elapsed 116.818s)
[ITER 730] bestGlobalCost=2841794.07 (feasible=YES) bestThisIter=2843931.74 feasibleAnts=5 noImprove=46 (elapsed 118.452s)
[RESET] no improvement for50-> reset pheromones
[ITER 740] bestGlobalCost=2841794.07 (feasible=YES) bestThisIter=2852818.55 feasibleAnts=8 noImprove=6 (elapsed 120.141s)
[ITER 750] bestGlobalCost=2841794.07 (feasible=YES) bestThisIter=2854777.89 feasibleAnts=12 noImprove=16 (elapsed 121.715s)
[ITER 760] bestGlobalCost=2841794.07 (feasible=YES) bestThisIter=2842959.56 feasibleAnts=10 noImprove=26 (elapsed 123.283s)
[ITER 770] bestGlobalCost=2841794.07 (feasible=YES) bestThisIter=2842959.56 feasibleAnts=8 noImprove=36 (elapsed 124.874s)
[ITER 780] bestGlobalCost=2841794.07 (feasible=YES) bestThisIter=2844257.16 feasibleAnts=5 noImprove=46 (elapsed 126.438s)
[RESET] no improvement for50-> reset pheromones
[ITER 790] bestGlobalCost=2841794.07 (feasible=YES) bestThisIter=2854418.24 feasibleAnts=7 noImprove=6 (elapsed 128.034s)
[ITER 800] bestGlobalCost=2841794.07 (feasible=YES) bestThisIter=2852698.94 feasibleAnts=8 noImprove=16 (elapsed 129.587s)
[ITER 810] bestGlobalCost=2841794.07 (feasible=YES) bestThisIter=2858881.91 feasibleAnts=11 noImprove=26 (elapsed 131.169s)
[ITER 820] bestGlobalCost=2841794.07 (feasible=YES) bestThisIter=2832625.61 feasibleAnts=8 noImprove=36 (elapsed 132.732s)
[ITER 830] bestGlobalCost=2841794.07 (feasible=YES) bestThisIter=2847743.98 feasibleAnts=11 noImprove=46 (elapsed 134.332s)
[RESET] no improvement for50-> reset pheromones
[ITER 840] bestGlobalCost=2841794.07 (feasible=YES) bestThisIter=2848186.75 feasibleAnts=6 noImprove=6 (elapsed 135.941s)
[ITER 850] bestGlobalCost=2841794.07 (feasible=YES) bestThisIter=2844209.22 feasibleAnts=9 noImprove=16 (elapsed 137.49s)
[ITER 860] bestGlobalCost=2841794.07 (feasible=YES) bestThisIter=2839469.19 feasibleAnts=7 noImprove=26 (elapsed 139.043s)
[ITER 870] bestGlobalCost=2841794.07 (feasible=YES) bestThisIter=2843599.90 feasibleAnts=5 noImprove=36 (elapsed 140.628s)
[ITER 880] bestGlobalCost=2841794.07 (feasible=YES) bestThisIter=2842773.66 feasibleAnts=10 noImprove=46 (elapsed 142.183s)
[RESET] no improvement for50-> reset pheromones
[ITER 890] bestGlobalCost=2841794.07 (feasible=YES) bestThisIter=2846816.56 feasibleAnts=10 noImprove=6 (elapsed 143.798s)
[ITER 900] bestGlobalCost=2841794.07 (feasible=YES) bestThisIter=2839431.89 feasibleAnts=9 noImprove=16 (elapsed 145.357s)
[ITER 910] bestGlobalCost=2841794.07 (feasible=YES) bestThisIter=2844257.16 feasibleAnts=10 noImprove=26 (elapsed 146.936s)
[ITER 920] bestGlobalCost=2841794.07 (feasible=YES) bestThisIter=2853362.02 feasibleAnts=10 noImprove=36 (elapsed 148.536s)
[ITER 930] bestGlobalCost=2841794.07 (feasible=YES) bestThisIter=2853335.24 feasibleAnts=9 noImprove=46 (elapsed 150.117s)
[RESET] no improvement for50-> reset pheromones
[ITER 940] bestGlobalCost=2841794.07 (feasible=YES) bestThisIter=2857547.99 feasibleAnts=10 noImprove=6 (elapsed 151.731s)
[ITER 950] bestGlobalCost=2841794.07 (feasible=YES) bestThisIter=2850271.37 feasibleAnts=7 noImprove=16 (elapsed 153.286s)
[ITER 960] bestGlobalCost=2841794.07 (feasible=YES) bestThisIter=2852957.53 feasibleAnts=10 noImprove=26 (elapsed 154.896s)
[ITER 970] bestGlobalCost=2841794.07 (feasible=YES) bestThisIter=2855195.02 feasibleAnts=12 noImprove=36 (elapsed 156.466s)
[ITER 980] bestGlobalCost=2841794.07 (feasible=YES) bestThisIter=2852079.83 feasibleAnts=9 noImprove=46 (elapsed 158.034s)
[RESET] no improvement for50-> reset pheromones
[ITER 990] bestGlobalCost=2841794.07 (feasible=YES) bestThisIter=2848186.75 feasibleAnts=9 noImprove=6 (elapsed 159.631s)
[ITER 1000] bestGlobalCost=2841794.07 (feasible=YES) bestThisIter=2851444.05 feasibleAnts=10 noImprove=16 (elapsed 161.271s)
[ITER 1010] bestGlobalCost=2841794.07 (feasible=YES) bestThisIter=2834172.23 feasibleAnts=8 noImprove=26 (elapsed 162.864s)
[ITER 1020] bestGlobalCost=2841794.07 (feasible=YES) bestThisIter=2835403.66 feasibleAnts=10 noImprove=36 (elapsed 164.435s)
[ITER 1030] bestGlobalCost=2841794.07 (feasible=YES) bestThisIter=2848875.74 feasibleAnts=8 noImprove=46 (elapsed 166.004s)
[RESET] no improvement for50-> reset pheromones
[ITER 1040] bestGlobalCost=2841794.07 (feasible=YES) bestThisIter=2855170.82 feasibleAnts=8 noImprove=6 (elapsed 167.597s)
[ITER 1050] bestGlobalCost=2841794.07 (feasible=YES) bestThisIter=2856865.60 feasibleAnts=11 noImprove=16 (elapsed 169.133s)
[ITER 1060] bestGlobalCost=2841794.07 (feasible=YES) bestThisIter=2848065.11 feasibleAnts=9 noImprove=26 (elapsed 170.735s)
[ITER 1070] bestGlobalCost=2841794.07 (feasible=YES) bestThisIter=2859789.08 feasibleAnts=9 noImprove=36 (elapsed 172.276s)
[ITER 1080] bestGlobalCost=2841794.07 (feasible=YES) bestThisIter=2852744.93 feasibleAnts=9 noImprove=46 (elapsed 173.835s)
[RESET] no improvement for50-> reset pheromones
[ITER 1090] bestGlobalCost=2841794.07 (feasible=YES) bestThisIter=2847323.10 feasibleAnts=13 noImprove=6 (elapsed 175.444s)
[ITER 1100] bestGlobalCost=2841794.07 (feasible=YES) bestThisIter=2847929.89 feasibleAnts=9 noImprove=16 (elapsed 177.019s)
[ITER 1110] bestGlobalCost=2841794.07 (feasible=YES) bestThisIter=2847730.91 feasibleAnts=10 noImprove=26 (elapsed 178.639s)
[ITER 1120] bestGlobalCost=2841794.07 (feasible=YES) bestThisIter=2847724.47 feasibleAnts=5 noImprove=36 (elapsed 180.203s)
[ITER 1130] bestGlobalCost=2841794.07 (feasible=YES) bestThisIter=2843053.92 feasibleAnts=9 noImprove=46 (elapsed 181.793s)
[RESET] no improvement for50-> reset pheromones
[ITER 1140] bestGlobalCost=2841794.07 (feasible=YES) bestThisIter=2863796.50 feasibleAnts=12 noImprove=6 (elapsed 183.408s)
[ITER 1150] bestGlobalCost=2841794.07 (feasible=YES) bestThisIter=2837394.23 feasibleAnts=13 noImprove=16 (elapsed 184.963s)
[ITER 1160] bestGlobalCost=2841794.07 (feasible=YES) bestThisIter=2829083.61 feasibleAnts=4 noImprove=26 (elapsed 186.516s)
[ITER 1170] bestGlobalCost=2841794.07 (feasible=YES) bestThisIter=2842178.51 feasibleAnts=9 noImprove=36 (elapsed 188.1s)
[ITER 1180] bestGlobalCost=2841794.07 (feasible=YES) bestThisIter=2858151.79 feasibleAnts=6 noImprove=46 (elapsed 189.691s)
[RESET] no improvement for50-> reset pheromones
[ITER 1190] bestGlobalCost=2841794.07 (feasible=YES) bestThisIter=2858416.67 feasibleAnts=6 noImprove=6 (elapsed 191.339s)
[ITER 1200] bestGlobalCost=2841794.07 (feasible=YES) bestThisIter=2852818.55 feasibleAnts=8 noImprove=16 (elapsed 192.905s)
[ITER 1210] bestGlobalCost=2841794.07 (feasible=YES) bestThisIter=2851221.33 feasibleAnts=11 noImprove=26 (elapsed 194.507s)
[ITER 1220] bestGlobalCost=2841794.07 (feasible=YES) bestThisIter=2844209.22 feasibleAnts=12 noImprove=36 (elapsed 196.072s)
[ITER 1230] bestGlobalCost=2841794.07 (feasible=YES) bestThisIter=2842395.16 feasibleAnts=7 noImprove=46 (elapsed 197.645s)
[RESET] no improvement for50-> reset pheromones
[ITER 1240] bestGlobalCost=2841794.07 (feasible=YES) bestThisIter=2858965.22 feasibleAnts=12 noImprove=6 (elapsed 199.23s)
[ITER 1250] bestGlobalCost=2841794.07 (feasible=YES) bestThisIter=2846816.56 feasibleAnts=7 noImprove=16 (elapsed 200.792s)
[ITER 1260] bestGlobalCost=2841794.07 (feasible=YES) bestThisIter=2850228.02 feasibleAnts=10 noImprove=26 (elapsed 202.349s)
[ITER 1270] bestGlobalCost=2841794.07 (feasible=YES) bestThisIter=2847341.06 feasibleAnts=11 noImprove=36 (elapsed 203.93s)
[ITER 1280] bestGlobalCost=2841794.07 (feasible=YES) bestThisIter=2841567.91 feasibleAnts=9 noImprove=46 (elapsed 205.537s)
[RESET] no improvement for50-> reset pheromones
[ITER 1290] bestGlobalCost=2841794.07 (feasible=YES) bestThisIter=2851104.05 feasibleAnts=11 noImprove=6 (elapsed 207.164s)
[ITER 1300] bestGlobalCost=2841794.07 (feasible=YES) bestThisIter=2840266.08 feasibleAnts=13 noImprove=16 (elapsed 208.71s)
[ITER 1310] bestGlobalCost=2841794.07 (feasible=YES) bestThisIter=2847607.84 feasibleAnts=8 noImprove=26 (elapsed 210.348s)
[ITER 1320] bestGlobalCost=2841794.07 (feasible=YES) bestThisIter=2849265.51 feasibleAnts=6 noImprove=36 (elapsed 211.931s)
[ITER 1330] bestGlobalCost=2841794.07 (feasible=YES) bestThisIter=2857547.99 feasibleAnts=14 noImprove=46 (elapsed 213.522s)
[RESET] no improvement for50-> reset pheromones
[ITER 1340] bestGlobalCost=2841794.07 (feasible=YES) bestThisIter=2834960.95 feasibleAnts=11 noImprove=6 (elapsed 215.133s)
[ITER 1350] bestGlobalCost=2841794.07 (feasible=YES) bestThisIter=2854824.38 feasibleAnts=4 noImprove=16 (elapsed 216.702s)
[ITER 1360] bestGlobalCost=2841794.07 (feasible=YES) bestThisIter=2858151.79 feasibleAnts=9 noImprove=26 (elapsed 218.262s)
[ITER 1370] bestGlobalCost=2841794.07 (feasible=YES) bestThisIter=2837204.46 feasibleAnts=8 noImprove=36 (elapsed 219.855s)
[ITER 1380] bestGlobalCost=2841794.07 (feasible=YES) bestThisIter=2845627.69 feasibleAnts=7 noImprove=46 (elapsed 221.461s)
[RESET] no improvement for50-> reset pheromones
[ITER 1390] bestGlobalCost=2841794.07 (feasible=YES) bestThisIter=2852415.58 feasibleAnts=9 noImprove=6 (elapsed 223.067s)
[ITER 1400] bestGlobalCost=2841794.07 (feasible=YES) bestThisIter=2844209.22 feasibleAnts=10 noImprove=16 (elapsed 224.623s)
[ITER 1410] bestGlobalCost=2841794.07 (feasible=YES) bestThisIter=2843931.74 feasibleAnts=8 noImprove=26 (elapsed 226.232s)
[ITER 1420] bestGlobalCost=2841794.07 (feasible=YES) bestThisIter=2837394.23 feasibleAnts=7 noImprove=36 (elapsed 227.825s)
[ITER 1430] bestGlobalCost=2841794.07 (feasible=YES) bestThisIter=2848186.75 feasibleAnts=7 noImprove=46 (elapsed 229.394s)
[RESET] no improvement for50-> reset pheromones
[ITER 1440] bestGlobalCost=2841794.07 (feasible=YES) bestThisIter=2844105.82 feasibleAnts=6 noImprove=6 (elapsed 231.063s)
[ITER 1450] bestGlobalCost=2841794.07 (feasible=YES) bestThisIter=2870493.35 feasibleAnts=10 noImprove=16 (elapsed 232.636s)
[ITER 1460] bestGlobalCost=2841794.07 (feasible=YES) bestThisIter=2853505.18 feasibleAnts=7 noImprove=26 (elapsed 234.233s)
[ITER 1470] bestGlobalCost=2841794.07 (feasible=YES) bestThisIter=2835872.55 feasibleAnts=5 noImprove=36 (elapsed 235.817s)
[ITER 1480] bestGlobalCost=2841794.07 (feasible=YES) bestThisIter=2850271.37 feasibleAnts=8 noImprove=46 (elapsed 237.412s)
[RESET] no improvement for50-> reset pheromones
[ITER 1490] bestGlobalCost=2841794.07 (feasible=YES) bestThisIter=2842959.56 feasibleAnts=9 noImprove=6 (elapsed 239.019s)
[ITER 1500] bestGlobalCost=2841794.07 (feasible=YES) bestThisIter=2852962.91 feasibleAnts=11 noImprove=16 (elapsed 240.639s)
[ITER 1510] bestGlobalCost=2841794.07 (feasible=YES) bestThisIter=2850228.02 feasibleAnts=8 noImprove=26 (elapsed 242.262s)
[ITER 1520] bestGlobalCost=2841794.07 (feasible=YES) bestThisIter=2848186.75 feasibleAnts=8 noImprove=36 (elapsed 243.861s)
[ITER 1530] bestGlobalCost=2841794.07 (feasible=YES) bestThisIter=2848857.03 feasibleAnts=10 noImprove=46 (elapsed 245.476s)
[RESET] no improvement for50-> reset pheromones
[ITER 1540] bestGlobalCost=2841794.07 (feasible=YES) bestThisIter=2834960.95 feasibleAnts=7 noImprove=6 (elapsed 247.081s)
[ITER 1550] bestGlobalCost=2841794.07 (feasible=YES) bestThisIter=2848090.13 feasibleAnts=7 noImprove=16 (elapsed 248.623s)
[ITER 1560] bestGlobalCost=2841794.07 (feasible=YES) bestThisIter=2841567.91 feasibleAnts=7 noImprove=26 (elapsed 250.213s)
[ITER 1570] bestGlobalCost=2841794.07 (feasible=YES) bestThisIter=2849880.53 feasibleAnts=6 noImprove=36 (elapsed 251.809s)
[ITER 1580] bestGlobalCost=2841794.07 (feasible=YES) bestThisIter=2843759.65 feasibleAnts=8 noImprove=46 (elapsed 253.368s)
[RESET] no improvement for50-> reset pheromones
[ITER 1590] bestGlobalCost=2841794.07 (feasible=YES) bestThisIter=2865251.83 feasibleAnts=8 noImprove=6 (elapsed 254.983s)
[ITER 1600] bestGlobalCost=2841794.07 (feasible=YES) bestThisIter=2829037.46 feasibleAnts=5 noImprove=16 (elapsed 256.544s)
[ITER 1610] bestGlobalCost=2841794.07 (feasible=YES) bestThisIter=2846634.41 feasibleAnts=8 noImprove=26 (elapsed 258.106s)
[ITER 1620] bestGlobalCost=2841794.07 (feasible=YES) bestThisIter=2858994.63 feasibleAnts=6 noImprove=36 (elapsed 259.669s)
[ITER 1630] bestGlobalCost=2841794.07 (feasible=YES) bestThisIter=2846424.13 feasibleAnts=6 noImprove=46 (elapsed 261.294s)
[RESET] no improvement for50-> reset pheromones
[ITER 1640] bestGlobalCost=2841794.07 (feasible=YES) bestThisIter=2856932.67 feasibleAnts=14 noImprove=6 (elapsed 262.944s)
[ITER 1650] bestGlobalCost=2841794.07 (feasible=YES) bestThisIter=2858153.49 feasibleAnts=9 noImprove=16 (elapsed 264.512s)
[ITER 1660] bestGlobalCost=2841794.07 (feasible=YES) bestThisIter=2855313.84 feasibleAnts=9 noImprove=26 (elapsed 266.09s)
[ITER 1670] bestGlobalCost=2841794.07 (feasible=YES) bestThisIter=2860372.96 feasibleAnts=11 noImprove=36 (elapsed 267.663s)
[ITER 1680] bestGlobalCost=2841794.07 (feasible=YES) bestThisIter=2844211.68 feasibleAnts=8 noImprove=46 (elapsed 269.252s)
[RESET] no improvement for50-> reset pheromones
[ITER 1690] bestGlobalCost=2841794.07 (feasible=YES) bestThisIter=2850228.02 feasibleAnts=11 noImprove=6 (elapsed 270.941s)
[ITER 1700] bestGlobalCost=2841794.07 (feasible=YES) bestThisIter=2846355.53 feasibleAnts=9 noImprove=16 (elapsed 272.539s)
[ITER 1710] bestGlobalCost=2841794.07 (feasible=YES) bestThisIter=2852698.94 feasibleAnts=10 noImprove=26 (elapsed 274.135s)
[ITER 1720] bestGlobalCost=2841794.07 (feasible=YES) bestThisIter=2859526.88 feasibleAnts=5 noImprove=36 (elapsed 275.728s)
[ITER 1730] bestGlobalCost=2841794.07 (feasible=YES) bestThisIter=2853508.76 feasibleAnts=7 noImprove=46 (elapsed 277.301s)
[RESET] no improvement for50-> reset pheromones
[ITER 1740] bestGlobalCost=2841794.07 (feasible=YES) bestThisIter=2844989.21 feasibleAnts=12 noImprove=6 (elapsed 278.942s)
[ITER 1750] bestGlobalCost=2841794.07 (feasible=YES) bestThisIter=2842773.66 feasibleAnts=7 noImprove=16 (elapsed 280.524s)
[ITER 1760] bestGlobalCost=2841794.07 (feasible=YES) bestThisIter=2837394.23 feasibleAnts=9 noImprove=26 (elapsed 282.115s)
[ITER 1770] bestGlobalCost=2841794.07 (feasible=YES) bestThisIter=2868770.77 feasibleAnts=6 noImprove=36 (elapsed 283.716s)
[ITER 1780] bestGlobalCost=2841794.07 (feasible=YES) bestThisIter=2855866.86 feasibleAnts=8 noImprove=46 (elapsed 285.293s)
[RESET] no improvement for50-> reset pheromones
[ITER 1790] bestGlobalCost=2841794.07 (feasible=YES) bestThisIter=2852818.55 feasibleAnts=12 noImprove=6 (elapsed 286.902s)
[ITER 1800] bestGlobalCost=2841794.07 (feasible=YES) bestThisIter=2844143.70 feasibleAnts=8 noImprove=16 (elapsed 288.465s)
[ITER 1810] bestGlobalCost=2841794.07 (feasible=YES) bestThisIter=2854964.88 feasibleAnts=8 noImprove=26 (elapsed 290.079s)
[ITER 1820] bestGlobalCost=2841794.07 (feasible=YES) bestThisIter=2834960.95 feasibleAnts=7 noImprove=36 (elapsed 291.661s)
[ITER 1830] bestGlobalCost=2841794.07 (feasible=YES) bestThisIter=2849220.53 feasibleAnts=4 noImprove=46 (elapsed 293.266s)
[RESET] no improvement for50-> reset pheromones
[ITER 1840] bestGlobalCost=2841794.07 (feasible=YES) bestThisIter=2855865.28 feasibleAnts=6 noImprove=6 (elapsed 294.913s)
[ITER 1850] bestGlobalCost=2841794.07 (feasible=YES) bestThisIter=2847682.24 feasibleAnts=10 noImprove=16 (elapsed 296.482s)
[ITER 1860] bestGlobalCost=2841794.07 (feasible=YES) bestThisIter=2852818.55 feasibleAnts=11 noImprove=26 (elapsed 298.048s)
[ITER 1870] bestGlobalCost=2841794.07 (feasible=YES) bestThisIter=2843931.74 feasibleAnts=9 noImprove=36 (elapsed 299.639s)
10 11 14 19 33 36 44 45 48 51 52 57 63 66 74 81 84 87 92 96 97 99 100 104 108 116 118 119 122 126 153 156 165 166 170 175 180 188 190 194 197 
1 4 7 9 12 16 18 24 26 27 29 32 37 40 46 49 53 61 78 82 85 93 101 110 111 115 117 121 124 132 136 138 145 149 159 172 174 179 184 191 199 
2 3 21 23 30 35 41 59 60 65 68 69 73 77 80 89 106 123 125 128 131 140 142 144 147 154 158 160 161 163 164 167 169 173 181 189 192 193 198 
6 8 13 15 17 20 22 25 31 34 42 47 54 55 64 67 75 79 90 103 107 109 112 114 120 127 134 135 141 143 146 151 155 157 162 171 177 183 186 187 
5 28 38 39 43 50 56 58 62 70 71 72 76 83 86 88 91 94 95 98 102 105 113 129 130 133 137 139 148 150 152 168 176 178 182 185 195 196 200 
[SAVELOGS] evolution saved to results/logs/aco_logs/evolution/kroA200_05_5.txt
[SAVELOGS] best cost saved to results/logs/aco_logs/objectives/kroA200_05_5.txt
[SAVELOGS] best solution saved to results/logs/aco_logs/solutions/kroA200_05_5.txt
