[ITER 1] New best cost=2890028.19 (feasible=YES, time 5.8394s)
[ITER 4] New best cost=2856135.46 (feasible=YES, time 6.66223s)
[ITER 9] New best cost=2854519.07 (feasible=YES, time 7.90744s)
[ITER 10] bestGlobalCost=2854519.07 (feasible=YES) bestThisIter=2849168.40 feasibleAnts=1 noImprove=1 (elapsed 8.16724s)
[ITER 12] New best cost=2853511.84 (feasible=YES, time 14.634s)
[ITER 17] New best cost=2852010.82 (feasible=YES, time 15.8588s)
[ITER 20] bestGlobalCost=2852010.82 (feasible=YES) bestThisIter=2839959.27 feasibleAnts=4 noImprove=3 (elapsed 16.5702s)
[ITER 30] bestGlobalCost=2852010.82 (feasible=YES) bestThisIter=2855250.85 feasibleAnts=6 noImprove=13 (elapsed 25.1051s)
[ITER 40] bestGlobalCost=2852010.82 (feasible=YES) bestThisIter=2841776.09 feasibleAnts=7 noImprove=23 (elapsed 31.309s)
[ITER 50] bestGlobalCost=2852010.82 (feasible=YES) bestThisIter=2854056.76 feasibleAnts=8 noImprove=33 (elapsed 35.2426s)
[ITER 60] bestGlobalCost=2852010.82 (feasible=YES) bestThisIter=2854407.22 feasibleAnts=4 noImprove=43 (elapsed 38.5709s)
[RESET] no improvement for50-> reset pheromones
[ITER 70] bestGlobalCost=2852010.82 (feasible=YES) bestThisIter=2836695.20 feasibleAnts=5 noImprove=3 (elapsed 41.3853s)
[ITER 78] New best cost=2846472.05 (feasible=YES, time 43.8431s)
[ITER 80] bestGlobalCost=2846472.05 (feasible=YES) bestThisIter=2835154.46 feasibleAnts=3 noImprove=2 (elapsed 44.0035s)
[ITER 90] bestGlobalCost=2846472.05 (feasible=YES) bestThisIter=2850499.77 feasibleAnts=6 noImprove=12 (elapsed 46.6023s)
[ITER 100] bestGlobalCost=2846472.05 (feasible=YES) bestThisIter=2850228.28 feasibleAnts=6 noImprove=22 (elapsed 49.012s)
[ITER 110] bestGlobalCost=2846472.05 (feasible=YES) bestThisIter=2841357.69 feasibleAnts=7 noImprove=32 (elapsed 51.2743s)
[ITER 120] bestGlobalCost=2846472.05 (feasible=YES) bestThisIter=2830830.61 feasibleAnts=7 noImprove=42 (elapsed 53.5707s)
[RESET] no improvement for50-> reset pheromones
[ITER 130] bestGlobalCost=2846472.05 (feasible=YES) bestThisIter=2837260.34 feasibleAnts=3 noImprove=2 (elapsed 55.9877s)
[ITER 140] bestGlobalCost=2846472.05 (feasible=YES) bestThisIter=2845945.97 feasibleAnts=10 noImprove=12 (elapsed 58.1838s)
[ITER 150] bestGlobalCost=2846472.05 (feasible=YES) bestThisIter=2849645.07 feasibleAnts=3 noImprove=22 (elapsed 60.356s)
[ITER 160] bestGlobalCost=2846472.05 (feasible=YES) bestThisIter=2854136.56 feasibleAnts=11 noImprove=32 (elapsed 62.0404s)
[ITER 170] bestGlobalCost=2846472.05 (feasible=YES) bestThisIter=2841776.09 feasibleAnts=6 noImprove=42 (elapsed 63.651s)
[RESET] no improvement for50-> reset pheromones
[ITER 180] bestGlobalCost=2846472.05 (feasible=YES) bestThisIter=2835502.10 feasibleAnts=3 noImprove=2 (elapsed 65.3179s)
[ITER 190] bestGlobalCost=2846472.05 (feasible=YES) bestThisIter=2841236.35 feasibleAnts=1 noImprove=12 (elapsed 66.908s)
[ITER 200] bestGlobalCost=2846472.05 (feasible=YES) bestThisIter=2853417.23 feasibleAnts=6 noImprove=22 (elapsed 68.5542s)
[ITER 210] bestGlobalCost=2846472.05 (feasible=YES) bestThisIter=2843465.62 feasibleAnts=3 noImprove=32 (elapsed 70.1833s)
[ITER 220] bestGlobalCost=2846472.05 (feasible=YES) bestThisIter=2839439.90 feasibleAnts=7 noImprove=42 (elapsed 71.8089s)
[RESET] no improvement for50-> reset pheromones
[ITER 230] bestGlobalCost=2846472.05 (feasible=YES) bestThisIter=2846714.38 feasibleAnts=9 noImprove=2 (elapsed 73.4721s)
[ITER 240] bestGlobalCost=2846472.05 (feasible=YES) bestThisIter=2846024.17 feasibleAnts=8 noImprove=12 (elapsed 75.1109s)
[ITER 250] bestGlobalCost=2846472.05 (feasible=YES) bestThisIter=2858704.74 feasibleAnts=9 noImprove=22 (elapsed 76.7274s)
[ITER 260] bestGlobalCost=2846472.05 (feasible=YES) bestThisIter=2847339.09 feasibleAnts=6 noImprove=32 (elapsed 78.3403s)
[ITER 270] bestGlobalCost=2846472.05 (feasible=YES) bestThisIter=2839866.68 feasibleAnts=3 noImprove=42 (elapsed 79.9691s)
[ITER 277] New best cost=2842843.02 (feasible=YES, time 81.4838s)
[ITER 280] bestGlobalCost=2842843.02 (feasible=YES) bestThisIter=2831968.58 feasibleAnts=4 noImprove=3 (elapsed 81.6346s)
[ITER 282] New best cost=2841023.30 (feasible=YES, time 82.8468s)
[ITER 290] bestGlobalCost=2841023.30 (feasible=YES) bestThisIter=2847239.45 feasibleAnts=7 noImprove=8 (elapsed 83.2338s)
[ITER 300] bestGlobalCost=2841023.30 (feasible=YES) bestThisIter=2835716.34 feasibleAnts=7 noImprove=18 (elapsed 84.8795s)
[ITER 310] bestGlobalCost=2841023.30 (feasible=YES) bestThisIter=2840862.68 feasibleAnts=5 noImprove=28 (elapsed 86.484s)
[ITER 320] bestGlobalCost=2841023.30 (feasible=YES) bestThisIter=2827743.80 feasibleAnts=5 noImprove=38 (elapsed 88.4042s)
[ITER 330] bestGlobalCost=2841023.30 (feasible=YES) bestThisIter=2849070.32 feasibleAnts=10 noImprove=48 (elapsed 90.4948s)
[RESET] no improvement for50-> reset pheromones
[ITER 340] bestGlobalCost=2841023.30 (feasible=YES) bestThisIter=2833669.77 feasibleAnts=6 noImprove=8 (elapsed 92.7164s)
[ITER 350] bestGlobalCost=2841023.30 (feasible=YES) bestThisIter=2844390.72 feasibleAnts=7 noImprove=18 (elapsed 94.2871s)
[ITER 360] bestGlobalCost=2841023.30 (feasible=YES) bestThisIter=2851014.06 feasibleAnts=8 noImprove=28 (elapsed 95.8918s)
[ITER 370] bestGlobalCost=2841023.30 (feasible=YES) bestThisIter=2836088.65 feasibleAnts=3 noImprove=38 (elapsed 97.4835s)
[ITER 380] bestGlobalCost=2841023.30 (feasible=YES) bestThisIter=2841845.42 feasibleAnts=4 noImprove=48 (elapsed 99.094s)
[RESET] no improvement for50-> reset pheromones
[ITER 390] bestGlobalCost=2841023.30 (feasible=YES) bestThisIter=2834168.64 feasibleAnts=9 noImprove=8 (elapsed 100.733s)
[ITER 400] bestGlobalCost=2841023.30 (feasible=YES) bestThisIter=2853457.28 feasibleAnts=7 noImprove=18 (elapsed 102.372s)
[ITER 410] bestGlobalCost=2841023.30 (feasible=YES) bestThisIter=2836510.73 feasibleAnts=6 noImprove=28 (elapsed 103.973s)
[ITER 420] bestGlobalCost=2841023.30 (feasible=YES) bestThisIter=2836088.65 feasibleAnts=5 noImprove=38 (elapsed 105.563s)
[ITER 430] bestGlobalCost=2841023.30 (feasible=YES) bestThisIter=2841416.22 feasibleAnts=8 noImprove=48 (elapsed 107.17s)
[RESET] no improvement for50-> reset pheromones
[ITER 440] bestGlobalCost=2841023.30 (feasible=YES) bestThisIter=2849271.63 feasibleAnts=7 noImprove=8 (elapsed 108.83s)
[ITER 450] bestGlobalCost=2841023.30 (feasible=YES) bestThisIter=2843333.10 feasibleAnts=7 noImprove=18 (elapsed 110.439s)
[ITER 460] bestGlobalCost=2841023.30 (feasible=YES) bestThisIter=2840536.12 feasibleAnts=7 noImprove=28 (elapsed 112.11s)
[ITER 470] bestGlobalCost=2841023.30 (feasible=YES) bestThisIter=2836088.65 feasibleAnts=5 noImprove=38 (elapsed 113.715s)
[ITER 480] bestGlobalCost=2841023.30 (feasible=YES) bestThisIter=2848312.54 feasibleAnts=5 noImprove=48 (elapsed 115.307s)
[RESET] no improvement for50-> reset pheromones
[ITER 490] bestGlobalCost=2841023.30 (feasible=YES) bestThisIter=2840862.68 feasibleAnts=11 noImprove=8 (elapsed 116.95s)
[ITER 500] bestGlobalCost=2841023.30 (feasible=YES) bestThisIter=2851137.53 feasibleAnts=6 noImprove=18 (elapsed 118.593s)
[ITER 510] bestGlobalCost=2841023.30 (feasible=YES) bestThisIter=2843456.18 feasibleAnts=5 noImprove=28 (elapsed 120.202s)
[ITER 520] bestGlobalCost=2841023.30 (feasible=YES) bestThisIter=2838139.56 feasibleAnts=2 noImprove=38 (elapsed 121.787s)
[ITER 530] bestGlobalCost=2841023.30 (feasible=YES) bestThisIter=2837760.41 feasibleAnts=8 noImprove=48 (elapsed 123.409s)
[RESET] no improvement for50-> reset pheromones
[ITER 540] bestGlobalCost=2841023.30 (feasible=YES) bestThisIter=2837872.09 feasibleAnts=6 noImprove=8 (elapsed 125.073s)
[ITER 550] bestGlobalCost=2841023.30 (feasible=YES) bestThisIter=2845802.49 feasibleAnts=10 noImprove=18 (elapsed 126.652s)
[ITER 560] bestGlobalCost=2841023.30 (feasible=YES) bestThisIter=2848871.97 feasibleAnts=8 noImprove=28 (elapsed 128.263s)
[ITER 570] bestGlobalCost=2841023.30 (feasible=YES) bestThisIter=2840899.91 feasibleAnts=6 noImprove=38 (elapsed 129.887s)
[ITER 580] bestGlobalCost=2841023.30 (feasible=YES) bestThisIter=2853099.99 feasibleAnts=4 noImprove=48 (elapsed 131.499s)
[RESET] no improvement for50-> reset pheromones
[ITER 590] bestGlobalCost=2841023.30 (feasible=YES) bestThisIter=2852203.67 feasibleAnts=7 noImprove=8 (elapsed 133.161s)
[ITER 600] bestGlobalCost=2841023.30 (feasible=YES) bestThisIter=2838139.56 feasibleAnts=4 noImprove=18 (elapsed 134.777s)
[ITER 610] bestGlobalCost=2841023.30 (feasible=YES) bestThisIter=2827743.80 feasibleAnts=5 noImprove=28 (elapsed 136.38s)
[ITER 620] bestGlobalCost=2841023.30 (feasible=YES) bestThisIter=2841845.42 feasibleAnts=8 noImprove=38 (elapsed 137.971s)
[ITER 630] bestGlobalCost=2841023.30 (feasible=YES) bestThisIter=2819999.09 feasibleAnts=3 noImprove=48 (elapsed 139.567s)
[RESET] no improvement for50-> reset pheromones
[ITER 640] bestGlobalCost=2841023.30 (feasible=YES) bestThisIter=2846630.26 feasibleAnts=5 noImprove=8 (elapsed 141.194s)
[ITER 650] bestGlobalCost=2841023.30 (feasible=YES) bestThisIter=2838139.56 feasibleAnts=7 noImprove=18 (elapsed 142.863s)
[ITER 660] bestGlobalCost=2841023.30 (feasible=YES) bestThisIter=2840190.35 feasibleAnts=4 noImprove=28 (elapsed 144.471s)
[ITER 670] bestGlobalCost=2841023.30 (feasible=YES) bestThisIter=2838139.56 feasibleAnts=8 noImprove=38 (elapsed 146.102s)
[ITER 680] bestGlobalCost=2841023.30 (feasible=YES) bestThisIter=2850548.68 feasibleAnts=6 noImprove=48 (elapsed 147.697s)
[RESET] no improvement for50-> reset pheromones
[ITER 690] bestGlobalCost=2841023.30 (feasible=YES) bestThisIter=2844446.84 feasibleAnts=11 noImprove=8 (elapsed 149.355s)
[ITER 700] bestGlobalCost=2841023.30 (feasible=YES) bestThisIter=2845782.41 feasibleAnts=10 noImprove=18 (elapsed 150.976s)
[ITER 710] bestGlobalCost=2841023.30 (feasible=YES) bestThisIter=2859554.75 feasibleAnts=7 noImprove=28 (elapsed 152.613s)
[ITER 720] bestGlobalCost=2841023.30 (feasible=YES) bestThisIter=2832287.56 feasibleAnts=6 noImprove=38 (elapsed 154.22s)
[ITER 730] bestGlobalCost=2841023.30 (feasible=YES) bestThisIter=2846546.47 feasibleAnts=8 noImprove=48 (elapsed 155.849s)
[RESET] no improvement for50-> reset pheromones
[ITER 740] bestGlobalCost=2841023.30 (feasible=YES) bestThisIter=2837872.09 feasibleAnts=6 noImprove=8 (elapsed 157.521s)
[ITER 750] bestGlobalCost=2841023.30 (feasible=YES) bestThisIter=2837872.09 feasibleAnts=8 noImprove=18 (elapsed 159.145s)
[ITER 760] bestGlobalCost=2841023.30 (feasible=YES) bestThisIter=2841845.42 feasibleAnts=6 noImprove=28 (elapsed 160.755s)
[ITER 770] bestGlobalCost=2841023.30 (feasible=YES) bestThisIter=2838518.94 feasibleAnts=4 noImprove=38 (elapsed 162.354s)
[ITER 780] bestGlobalCost=2841023.30 (feasible=YES) bestThisIter=2849678.95 feasibleAnts=8 noImprove=48 (elapsed 163.963s)
[RESET] no improvement for50-> reset pheromones
[ITER 790] bestGlobalCost=2841023.30 (feasible=YES) bestThisIter=2836088.65 feasibleAnts=8 noImprove=8 (elapsed 165.574s)
[ITER 800] bestGlobalCost=2841023.30 (feasible=YES) bestThisIter=2838139.56 feasibleAnts=8 noImprove=18 (elapsed 167.205s)
[ITER 810] bestGlobalCost=2841023.30 (feasible=YES) bestThisIter=2862081.71 feasibleAnts=7 noImprove=28 (elapsed 168.973s)
[ITER 820] bestGlobalCost=2841023.30 (feasible=YES) bestThisIter=2840200.98 feasibleAnts=7 noImprove=38 (elapsed 171.328s)
[ITER 830] bestGlobalCost=2841023.30 (feasible=YES) bestThisIter=2841416.22 feasibleAnts=5 noImprove=48 (elapsed 173.572s)
[RESET] no improvement for50-> reset pheromones
[ITER 840] bestGlobalCost=2841023.30 (feasible=YES) bestThisIter=2835867.44 feasibleAnts=10 noImprove=8 (elapsed 175.796s)
[ITER 850] bestGlobalCost=2841023.30 (feasible=YES) bestThisIter=2849574.28 feasibleAnts=9 noImprove=18 (elapsed 177.62s)
[ITER 860] bestGlobalCost=2841023.30 (feasible=YES) bestThisIter=2843674.64 feasibleAnts=5 noImprove=28 (elapsed 179.252s)
[ITER 870] bestGlobalCost=2841023.30 (feasible=YES) bestThisIter=2845063.49 feasibleAnts=5 noImprove=38 (elapsed 180.885s)
[ITER 880] bestGlobalCost=2841023.30 (feasible=YES) bestThisIter=2849574.28 feasibleAnts=6 noImprove=48 (elapsed 182.51s)
[RESET] no improvement for50-> reset pheromones
[ITER 890] bestGlobalCost=2841023.30 (feasible=YES) bestThisIter=2836088.65 feasibleAnts=6 noImprove=8 (elapsed 184.199s)
[ITER 900] bestGlobalCost=2841023.30 (feasible=YES) bestThisIter=2835688.46 feasibleAnts=5 noImprove=18 (elapsed 185.758s)
[ITER 910] bestGlobalCost=2841023.30 (feasible=YES) bestThisIter=2837955.88 feasibleAnts=7 noImprove=28 (elapsed 187.351s)
[ITER 920] bestGlobalCost=2841023.30 (feasible=YES) bestThisIter=2845782.41 feasibleAnts=8 noImprove=38 (elapsed 188.955s)
[ITER 930] bestGlobalCost=2841023.30 (feasible=YES) bestThisIter=2855386.04 feasibleAnts=8 noImprove=48 (elapsed 190.581s)
[RESET] no improvement for50-> reset pheromones
[ITER 940] bestGlobalCost=2841023.30 (feasible=YES) bestThisIter=2847414.15 feasibleAnts=12 noImprove=8 (elapsed 192.243s)
[ITER 950] bestGlobalCost=2841023.30 (feasible=YES) bestThisIter=2859219.06 feasibleAnts=9 noImprove=18 (elapsed 193.873s)
[ITER 960] bestGlobalCost=2841023.30 (feasible=YES) bestThisIter=2831799.77 feasibleAnts=4 noImprove=28 (elapsed 195.521s)
[ITER 970] bestGlobalCost=2841023.30 (feasible=YES) bestThisIter=2840489.15 feasibleAnts=4 noImprove=38 (elapsed 197.141s)
[ITER 980] bestGlobalCost=2841023.30 (feasible=YES) bestThisIter=2831799.77 feasibleAnts=1 noImprove=48 (elapsed 198.752s)
[RESET] no improvement for50-> reset pheromones
[ITER 990] bestGlobalCost=2841023.30 (feasible=YES) bestThisIter=2836088.65 feasibleAnts=9 noImprove=8 (elapsed 200.44s)
[ITER 1000] bestGlobalCost=2841023.30 (feasible=YES) bestThisIter=2854395.61 feasibleAnts=6 noImprove=18 (elapsed 202.063s)
[ITER 1010] bestGlobalCost=2841023.30 (feasible=YES) bestThisIter=2846546.47 feasibleAnts=6 noImprove=28 (elapsed 203.726s)
[ITER 1020] bestGlobalCost=2841023.30 (feasible=YES) bestThisIter=2845431.51 feasibleAnts=6 noImprove=38 (elapsed 205.349s)
[ITER 1030] bestGlobalCost=2841023.30 (feasible=YES) bestThisIter=2847578.31 feasibleAnts=8 noImprove=48 (elapsed 206.981s)
[RESET] no improvement for50-> reset pheromones
[ITER 1040] bestGlobalCost=2841023.30 (feasible=YES) bestThisIter=2849606.95 feasibleAnts=8 noImprove=8 (elapsed 208.617s)
[ITER 1050] bestGlobalCost=2841023.30 (feasible=YES) bestThisIter=2846039.65 feasibleAnts=8 noImprove=18 (elapsed 210.233s)
[ITER 1060] bestGlobalCost=2841023.30 (feasible=YES) bestThisIter=2838832.11 feasibleAnts=5 noImprove=28 (elapsed 211.88s)
[ITER 1070] bestGlobalCost=2841023.30 (feasible=YES) bestThisIter=2838832.11 feasibleAnts=2 noImprove=38 (elapsed 213.502s)
[ITER 1080] bestGlobalCost=2841023.30 (feasible=YES) bestThisIter=2846546.47 feasibleAnts=8 noImprove=48 (elapsed 215.131s)
[RESET] no improvement for50-> reset pheromones
[ITER 1090] bestGlobalCost=2841023.30 (feasible=YES) bestThisIter=2835716.34 feasibleAnts=5 noImprove=8 (elapsed 216.777s)
[ITER 1100] bestGlobalCost=2841023.30 (feasible=YES) bestThisIter=2844840.60 feasibleAnts=8 noImprove=18 (elapsed 218.388s)
[ITER 1110] bestGlobalCost=2841023.30 (feasible=YES) bestThisIter=2854243.30 feasibleAnts=5 noImprove=28 (elapsed 219.999s)
[ITER 1120] bestGlobalCost=2841023.30 (feasible=YES) bestThisIter=2838518.94 feasibleAnts=9 noImprove=38 (elapsed 221.915s)
[ITER 1130] bestGlobalCost=2841023.30 (feasible=YES) bestThisIter=2841845.42 feasibleAnts=10 noImprove=48 (elapsed 224.077s)
[RESET] no improvement for50-> reset pheromones
[ITER 1140] bestGlobalCost=2841023.30 (feasible=YES) bestThisIter=2849093.35 feasibleAnts=9 noImprove=8 (elapsed 225.866s)
[ITER 1150] bestGlobalCost=2841023.30 (feasible=YES) bestThisIter=2832287.56 feasibleAnts=4 noImprove=18 (elapsed 227.484s)
[ITER 1160] bestGlobalCost=2841023.30 (feasible=YES) bestThisIter=2836004.18 feasibleAnts=5 noImprove=28 (elapsed 229.083s)
[ITER 1161] New best cost=2832557.25 (feasible=YES, time 230.247s)
[ITER 1170] bestGlobalCost=2832557.25 (feasible=YES) bestThisIter=2823455.19 feasibleAnts=7 noImprove=9 (elapsed 230.682s)
[ITER 1180] bestGlobalCost=2832557.25 (feasible=YES) bestThisIter=2824737.15 feasibleAnts=5 noImprove=19 (elapsed 232.304s)
[ITER 1190] bestGlobalCost=2832557.25 (feasible=YES) bestThisIter=2833455.60 feasibleAnts=3 noImprove=29 (elapsed 233.97s)
[ITER 1200] bestGlobalCost=2832557.25 (feasible=YES) bestThisIter=2824466.83 feasibleAnts=4 noImprove=39 (elapsed 235.56s)
[ITER 1210] bestGlobalCost=2832557.25 (feasible=YES) bestThisIter=2817898.65 feasibleAnts=2 noImprove=49 (elapsed 237.148s)
[RESET] no improvement for50-> reset pheromones
[ITER 1220] bestGlobalCost=2832557.25 (feasible=YES) bestThisIter=2836277.52 feasibleAnts=8 noImprove=9 (elapsed 238.808s)
[ITER 1230] bestGlobalCost=2832557.25 (feasible=YES) bestThisIter=2844460.60 feasibleAnts=7 noImprove=19 (elapsed 240.432s)
[ITER 1240] bestGlobalCost=2832557.25 (feasible=YES) bestThisIter=2821506.79 feasibleAnts=4 noImprove=29 (elapsed 242.03s)
[ITER 1250] bestGlobalCost=2832557.25 (feasible=YES) bestThisIter=2829847.46 feasibleAnts=4 noImprove=39 (elapsed 243.612s)
[ITER 1260] bestGlobalCost=2832557.25 (feasible=YES) bestThisIter=2831377.01 feasibleAnts=6 noImprove=49 (elapsed 245.212s)
[RESET] no improvement for50-> reset pheromones
[ITER 1270] bestGlobalCost=2832557.25 (feasible=YES) bestThisIter=2817898.65 feasibleAnts=6 noImprove=9 (elapsed 246.848s)
[ITER 1280] bestGlobalCost=2832557.25 (feasible=YES) bestThisIter=2825607.52 feasibleAnts=3 noImprove=19 (elapsed 248.434s)
[ITER 1290] bestGlobalCost=2832557.25 (feasible=YES) bestThisIter=2836586.46 feasibleAnts=1 noImprove=29 (elapsed 250.061s)
[ITER 1300] bestGlobalCost=2832557.25 (feasible=YES) bestThisIter=2824466.83 feasibleAnts=5 noImprove=39 (elapsed 251.689s)
[ITER 1310] bestGlobalCost=2832557.25 (feasible=YES) bestThisIter=2836080.47 feasibleAnts=2 noImprove=49 (elapsed 253.303s)
[RESET] no improvement for50-> reset pheromones
[ITER 1320] bestGlobalCost=2832557.25 (feasible=YES) bestThisIter=2829215.66 feasibleAnts=6 noImprove=9 (elapsed 254.989s)
[ITER 1330] bestGlobalCost=2832557.25 (feasible=YES) bestThisIter=2846360.96 feasibleAnts=5 noImprove=19 (elapsed 256.614s)
[ITER 1340] bestGlobalCost=2832557.25 (feasible=YES) bestThisIter=2821506.79 feasibleAnts=7 noImprove=29 (elapsed 258.262s)
[ITER 1350] bestGlobalCost=2832557.25 (feasible=YES) bestThisIter=2824466.83 feasibleAnts=6 noImprove=39 (elapsed 259.853s)
[ITER 1360] bestGlobalCost=2832557.25 (feasible=YES) bestThisIter=2837360.22 feasibleAnts=4 noImprove=49 (elapsed 261.481s)
[RESET] no improvement for50-> reset pheromones
[ITER 1370] bestGlobalCost=2832557.25 (feasible=YES) bestThisIter=2824466.83 feasibleAnts=6 noImprove=9 (elapsed 263.149s)
[ITER 1380] bestGlobalCost=2832557.25 (feasible=YES) bestThisIter=2837280.76 feasibleAnts=6 noImprove=19 (elapsed 264.824s)
[ITER 1390] bestGlobalCost=2832557.25 (feasible=YES) bestThisIter=2826583.57 feasibleAnts=5 noImprove=29 (elapsed 266.458s)
[ITER 1400] bestGlobalCost=2832557.25 (feasible=YES) bestThisIter=2838712.04 feasibleAnts=5 noImprove=39 (elapsed 268.079s)
[ITER 1410] bestGlobalCost=2832557.25 (feasible=YES) bestThisIter=2829215.66 feasibleAnts=4 noImprove=49 (elapsed 269.687s)
[RESET] no improvement for50-> reset pheromones
[ITER 1420] bestGlobalCost=2832557.25 (feasible=YES) bestThisIter=2843297.82 feasibleAnts=4 noImprove=9 (elapsed 271.336s)
[ITER 1430] bestGlobalCost=2832557.25 (feasible=YES) bestThisIter=2824466.83 feasibleAnts=3 noImprove=19 (elapsed 272.961s)
[ITER 1440] bestGlobalCost=2832557.25 (feasible=YES) bestThisIter=2830489.54 feasibleAnts=5 noImprove=29 (elapsed 274.583s)
[ITER 1450] bestGlobalCost=2832557.25 (feasible=YES) bestThisIter=2841237.95 feasibleAnts=8 noImprove=39 (elapsed 276.197s)
[ITER 1460] bestGlobalCost=2832557.25 (feasible=YES) bestThisIter=2829029.35 feasibleAnts=7 noImprove=49 (elapsed 277.823s)
[RESET] no improvement for50-> reset pheromones
[ITER 1463] New best cost=2827685.86 (feasible=YES, time 279.128s)
[ITER 1470] bestGlobalCost=2827685.86 (feasible=YES) bestThisIter=2829993.73 feasibleAnts=6 noImprove=7 (elapsed 279.477s)
[ITER 1480] bestGlobalCost=2827685.86 (feasible=YES) bestThisIter=2823216.11 feasibleAnts=3 noImprove=17 (elapsed 281.058s)
[ITER 1490] bestGlobalCost=2827685.86 (feasible=YES) bestThisIter=2825581.64 feasibleAnts=4 noImprove=27 (elapsed 282.674s)
[ITER 1500] bestGlobalCost=2827685.86 (feasible=YES) bestThisIter=2829835.54 feasibleAnts=3 noImprove=37 (elapsed 284.259s)
[ITER 1510] bestGlobalCost=2827685.86 (feasible=YES) bestThisIter=2824344.27 feasibleAnts=3 noImprove=47 (elapsed 285.847s)
[RESET] no improvement for50-> reset pheromones
[ITER 1520] bestGlobalCost=2827685.86 (feasible=YES) bestThisIter=2830965.42 feasibleAnts=5 noImprove=7 (elapsed 287.473s)
[ITER 1530] bestGlobalCost=2827685.86 (feasible=YES) bestThisIter=2835565.81 feasibleAnts=7 noImprove=17 (elapsed 289.061s)
[ITER 1540] bestGlobalCost=2827685.86 (feasible=YES) bestThisIter=2805480.16 feasibleAnts=3 noImprove=27 (elapsed 290.664s)
[ITER 1550] bestGlobalCost=2827685.86 (feasible=YES) bestThisIter=2825581.64 feasibleAnts=5 noImprove=37 (elapsed 292.289s)
[ITER 1560] bestGlobalCost=2827685.86 (feasible=YES) bestThisIter=2820717.18 feasibleAnts=4 noImprove=47 (elapsed 293.934s)
[RESET] no improvement for50-> reset pheromones
[ITER 1570] bestGlobalCost=2827685.86 (feasible=YES) bestThisIter=2826866.40 feasibleAnts=5 noImprove=7 (elapsed 295.579s)
[ITER 1580] bestGlobalCost=2827685.86 (feasible=YES) bestThisIter=2824344.27 feasibleAnts=6 noImprove=17 (elapsed 297.173s)
[ITER 1590] bestGlobalCost=2827685.86 (feasible=YES) bestThisIter=2827175.47 feasibleAnts=4 noImprove=27 (elapsed 298.781s)
2 21 23 30 35 41 50 54 62 68 70 73 76 80 83 89 91 94 102 113 125 139 140 144 150 151 154 161 164 167 168 169 173 176 181 182 195 
1 4 6 13 15 20 27 31 40 42 47 55 60 64 65 67 77 79 85 107 112 120 123 127 128 132 135 145 147 155 157 158 160 162 177 186 187 191 193 198 
5 8 17 22 25 28 34 38 39 43 56 58 71 72 75 86 88 90 95 98 103 105 109 114 129 130 133 134 137 141 143 146 148 152 171 178 183 185 196 200 
3 10 11 14 18 19 33 36 45 48 49 57 59 69 74 81 84 87 92 93 96 97 99 100 104 106 108 119 126 131 142 156 163 165 166 170 180 189 192 197 
7 9 12 16 24 26 29 32 37 44 46 51 52 53 61 63 66 78 82 101 110 111 115 116 117 118 121 122 124 136 138 149 153 159 172 174 175 179 184 188 190 194 199 
[SAVELOGS] evolution saved to results/logs/aco_logs/evolution/kroA200_05_5.txt
[SAVELOGS] best cost saved to results/logs/aco_logs/objectives/kroA200_05_5.txt
[SAVELOGS] best solution saved to results/logs/aco_logs/solutions/kroA200_05_5.txt
