[ITER 1] New best cost=2883961.40 (feasible=YES, time 1.15574s)
[ITER 3] New best cost=2876935.09 (feasible=YES, time 1.26967s)
[ITER 8] New best cost=2870797.42 (feasible=YES, time 1.54923s)
[ITER 10] bestGlobalCost=2870797.42 (feasible=YES) bestThisIter=2837784.00 feasibleAnts=7 noImprove=2 (elapsed 1.65757s)
[ITER 16] New best cost=2869016.71 (feasible=YES, time 3.02792s)
[ITER 20] bestGlobalCost=2869016.71 (feasible=YES) bestThisIter=2837584.20 feasibleAnts=7 noImprove=4 (elapsed 3.24773s)
[ITER 22] New best cost=2857480.80 (feasible=YES, time 4.40718s)
[ITER 25] New best cost=2850372.62 (feasible=YES, time 4.55888s)
[ITER 28] New best cost=2848667.61 (feasible=YES, time 4.70751s)
[ITER 30] bestGlobalCost=2848667.61 (feasible=YES) bestThisIter=2833749.82 feasibleAnts=7 noImprove=2 (elapsed 4.80577s)
[ITER 39] New best cost=2848660.70 (feasible=YES, time 6.28846s)
[ITER 40] bestGlobalCost=2848660.70 (feasible=YES) bestThisIter=2833749.82 feasibleAnts=6 noImprove=1 (elapsed 6.34552s)
[ITER 49] New best cost=2847437.58 (feasible=YES, time 7.86232s)
[ITER 50] bestGlobalCost=2847437.58 (feasible=YES) bestThisIter=2848660.70 feasibleAnts=5 noImprove=1 (elapsed 7.91039s)
[ITER 51] New best cost=2844970.93 (feasible=YES, time 9.0248s)
[ITER 60] bestGlobalCost=2844970.93 (feasible=YES) bestThisIter=2852633.97 feasibleAnts=8 noImprove=9 (elapsed 9.49071s)
[ITER 66] New best cost=2844209.22 (feasible=YES, time 10.8505s)
[ITER 70] bestGlobalCost=2844209.22 (feasible=YES) bestThisIter=2842134.71 feasibleAnts=8 noImprove=4 (elapsed 11.0689s)
[ITER 72] New best cost=2844162.44 (feasible=YES, time 12.245s)
[ITER 80] bestGlobalCost=2844162.44 (feasible=YES) bestThisIter=2827120.90 feasibleAnts=5 noImprove=8 (elapsed 12.666s)
[ITER 90] bestGlobalCost=2844162.44 (feasible=YES) bestThisIter=2863410.04 feasibleAnts=11 noImprove=18 (elapsed 14.527s)
[ITER 100] bestGlobalCost=2844162.44 (feasible=YES) bestThisIter=2845561.03 feasibleAnts=7 noImprove=28 (elapsed 16.9008s)
[ITER 110] bestGlobalCost=2844162.44 (feasible=YES) bestThisIter=2845433.81 feasibleAnts=10 noImprove=38 (elapsed 19.1385s)
[ITER 120] bestGlobalCost=2844162.44 (feasible=YES) bestThisIter=2844970.93 feasibleAnts=11 noImprove=48 (elapsed 21.4159s)
[RESET] no improvement for50-> reset pheromones
[ITER 130] bestGlobalCost=2844162.44 (feasible=YES) bestThisIter=2842134.71 feasibleAnts=5 noImprove=8 (elapsed 23.2993s)
[ITER 140] bestGlobalCost=2844162.44 (feasible=YES) bestThisIter=2851453.50 feasibleAnts=8 noImprove=18 (elapsed 24.9305s)
[ITER 150] bestGlobalCost=2844162.44 (feasible=YES) bestThisIter=2847319.81 feasibleAnts=9 noImprove=28 (elapsed 26.5173s)
[ITER 160] bestGlobalCost=2844162.44 (feasible=YES) bestThisIter=2844257.16 feasibleAnts=7 noImprove=38 (elapsed 28.1038s)
[ITER 170] bestGlobalCost=2844162.44 (feasible=YES) bestThisIter=2846355.53 feasibleAnts=9 noImprove=48 (elapsed 29.6624s)
[RESET] no improvement for50-> reset pheromones
[ITER 180] bestGlobalCost=2844162.44 (feasible=YES) bestThisIter=2880005.59 feasibleAnts=13 noImprove=8 (elapsed 31.2864s)
[ITER 190] bestGlobalCost=2844162.44 (feasible=YES) bestThisIter=2827120.90 feasibleAnts=11 noImprove=18 (elapsed 32.8869s)
[ITER 200] bestGlobalCost=2844162.44 (feasible=YES) bestThisIter=2848826.80 feasibleAnts=10 noImprove=28 (elapsed 34.4808s)
[ITER 210] bestGlobalCost=2844162.44 (feasible=YES) bestThisIter=2848013.84 feasibleAnts=7 noImprove=38 (elapsed 36.082s)
[ITER 220] bestGlobalCost=2844162.44 (feasible=YES) bestThisIter=2850094.54 feasibleAnts=6 noImprove=48 (elapsed 37.6781s)
[RESET] no improvement for50-> reset pheromones
[ITER 230] bestGlobalCost=2844162.44 (feasible=YES) bestThisIter=2846822.10 feasibleAnts=12 noImprove=8 (elapsed 39.3086s)
[ITER 240] bestGlobalCost=2844162.44 (feasible=YES) bestThisIter=2858807.11 feasibleAnts=13 noImprove=18 (elapsed 40.899s)
[ITER 250] bestGlobalCost=2844162.44 (feasible=YES) bestThisIter=2844970.93 feasibleAnts=12 noImprove=28 (elapsed 42.5051s)
[ITER 260] bestGlobalCost=2844162.44 (feasible=YES) bestThisIter=2840660.88 feasibleAnts=6 noImprove=38 (elapsed 44.1051s)
[ITER 270] bestGlobalCost=2844162.44 (feasible=YES) bestThisIter=2827120.90 feasibleAnts=7 noImprove=48 (elapsed 45.6886s)
[RESET] no improvement for50-> reset pheromones
[ITER 280] bestGlobalCost=2844162.44 (feasible=YES) bestThisIter=2860356.88 feasibleAnts=12 noImprove=8 (elapsed 47.3254s)
[ITER 290] bestGlobalCost=2844162.44 (feasible=YES) bestThisIter=2848013.84 feasibleAnts=9 noImprove=18 (elapsed 48.9612s)
[ITER 300] bestGlobalCost=2844162.44 (feasible=YES) bestThisIter=2851478.41 feasibleAnts=9 noImprove=28 (elapsed 50.5702s)
[ITER 310] bestGlobalCost=2844162.44 (feasible=YES) bestThisIter=2845561.03 feasibleAnts=8 noImprove=38 (elapsed 52.1598s)
[ITER 320] bestGlobalCost=2844162.44 (feasible=YES) bestThisIter=2846822.10 feasibleAnts=10 noImprove=48 (elapsed 53.794s)
[RESET] no improvement for50-> reset pheromones
[ITER 330] bestGlobalCost=2844162.44 (feasible=YES) bestThisIter=2845449.47 feasibleAnts=10 noImprove=8 (elapsed 55.4319s)
[ITER 340] bestGlobalCost=2844162.44 (feasible=YES) bestThisIter=2862385.14 feasibleAnts=10 noImprove=18 (elapsed 57.0214s)
[ITER 350] bestGlobalCost=2844162.44 (feasible=YES) bestThisIter=2844209.22 feasibleAnts=7 noImprove=28 (elapsed 58.639s)
[ITER 360] bestGlobalCost=2844162.44 (feasible=YES) bestThisIter=2846059.19 feasibleAnts=8 noImprove=38 (elapsed 60.2339s)
[ITER 370] bestGlobalCost=2844162.44 (feasible=YES) bestThisIter=2841337.49 feasibleAnts=9 noImprove=48 (elapsed 61.8343s)
[RESET] no improvement for50-> reset pheromones
[ITER 380] bestGlobalCost=2844162.44 (feasible=YES) bestThisIter=2854953.38 feasibleAnts=11 noImprove=8 (elapsed 63.4508s)
[ITER 390] bestGlobalCost=2844162.44 (feasible=YES) bestThisIter=2835063.21 feasibleAnts=11 noImprove=18 (elapsed 65.0715s)
[ITER 400] bestGlobalCost=2844162.44 (feasible=YES) bestThisIter=2851663.23 feasibleAnts=8 noImprove=28 (elapsed 66.6676s)
[ITER 410] bestGlobalCost=2844162.44 (feasible=YES) bestThisIter=2867766.85 feasibleAnts=8 noImprove=38 (elapsed 68.2265s)
[ITER 420] bestGlobalCost=2844162.44 (feasible=YES) bestThisIter=2844209.22 feasibleAnts=11 noImprove=48 (elapsed 69.804s)
[RESET] no improvement for50-> reset pheromones
[ITER 430] bestGlobalCost=2844162.44 (feasible=YES) bestThisIter=2856340.69 feasibleAnts=10 noImprove=8 (elapsed 71.4398s)
[ITER 437] New best cost=2843892.45 (feasible=YES, time 72.8666s)
[ITER 440] bestGlobalCost=2843892.45 (feasible=YES) bestThisIter=2844162.44 feasibleAnts=7 noImprove=3 (elapsed 73.0327s)
[ITER 443] New best cost=2841794.07 (feasible=YES, time 74.2593s)
[ITER 450] bestGlobalCost=2841794.07 (feasible=YES) bestThisIter=2840888.49 feasibleAnts=10 noImprove=7 (elapsed 74.6336s)
[ITER 460] bestGlobalCost=2841794.07 (feasible=YES) bestThisIter=2852291.62 feasibleAnts=9 noImprove=17 (elapsed 76.2779s)
[ITER 470] bestGlobalCost=2841794.07 (feasible=YES) bestThisIter=2838408.43 feasibleAnts=7 noImprove=27 (elapsed 77.9707s)
[ITER 480] bestGlobalCost=2841794.07 (feasible=YES) bestThisIter=2862618.78 feasibleAnts=11 noImprove=37 (elapsed 80.0699s)
[ITER 490] bestGlobalCost=2841794.07 (feasible=YES) bestThisIter=2851564.20 feasibleAnts=6 noImprove=47 (elapsed 82.0651s)
[RESET] no improvement for50-> reset pheromones
[ITER 500] bestGlobalCost=2841794.07 (feasible=YES) bestThisIter=2834960.95 feasibleAnts=10 noImprove=7 (elapsed 83.6675s)
[ITER 510] bestGlobalCost=2841794.07 (feasible=YES) bestThisIter=2841226.19 feasibleAnts=7 noImprove=17 (elapsed 85.2365s)
[ITER 520] bestGlobalCost=2841794.07 (feasible=YES) bestThisIter=2841567.91 feasibleAnts=5 noImprove=27 (elapsed 86.832s)
[ITER 530] bestGlobalCost=2841794.07 (feasible=YES) bestThisIter=2851978.91 feasibleAnts=8 noImprove=37 (elapsed 88.385s)
[ITER 540] bestGlobalCost=2841794.07 (feasible=YES) bestThisIter=2844130.68 feasibleAnts=6 noImprove=47 (elapsed 89.9451s)
[RESET] no improvement for50-> reset pheromones
[ITER 550] bestGlobalCost=2841794.07 (feasible=YES) bestThisIter=2844257.16 feasibleAnts=8 noImprove=7 (elapsed 91.5642s)
[ITER 560] bestGlobalCost=2841794.07 (feasible=YES) bestThisIter=2851564.20 feasibleAnts=8 noImprove=17 (elapsed 93.1262s)
[ITER 570] bestGlobalCost=2841794.07 (feasible=YES) bestThisIter=2850228.02 feasibleAnts=7 noImprove=27 (elapsed 94.6865s)
[ITER 580] bestGlobalCost=2841794.07 (feasible=YES) bestThisIter=2838979.92 feasibleAnts=5 noImprove=37 (elapsed 96.2946s)
[ITER 590] bestGlobalCost=2841794.07 (feasible=YES) bestThisIter=2850228.02 feasibleAnts=10 noImprove=47 (elapsed 97.9269s)
[RESET] no improvement for50-> reset pheromones
[ITER 600] bestGlobalCost=2841794.07 (feasible=YES) bestThisIter=2876792.15 feasibleAnts=10 noImprove=7 (elapsed 99.5439s)
[ITER 610] bestGlobalCost=2841794.07 (feasible=YES) bestThisIter=2863400.21 feasibleAnts=7 noImprove=17 (elapsed 101.083s)
[ITER 620] bestGlobalCost=2841794.07 (feasible=YES) bestThisIter=2860497.01 feasibleAnts=9 noImprove=27 (elapsed 102.663s)
[ITER 630] bestGlobalCost=2841794.07 (feasible=YES) bestThisIter=2851564.20 feasibleAnts=7 noImprove=37 (elapsed 104.228s)
[ITER 640] bestGlobalCost=2841794.07 (feasible=YES) bestThisIter=2871161.68 feasibleAnts=9 noImprove=47 (elapsed 105.786s)
[RESET] no improvement for50-> reset pheromones
[ITER 650] bestGlobalCost=2841794.07 (feasible=YES) bestThisIter=2837394.23 feasibleAnts=9 noImprove=7 (elapsed 107.47s)
[ITER 660] bestGlobalCost=2841794.07 (feasible=YES) bestThisIter=2854964.88 feasibleAnts=11 noImprove=17 (elapsed 109.028s)
[ITER 670] bestGlobalCost=2841794.07 (feasible=YES) bestThisIter=2844209.22 feasibleAnts=10 noImprove=27 (elapsed 110.602s)
[ITER 680] bestGlobalCost=2841794.07 (feasible=YES) bestThisIter=2851642.83 feasibleAnts=7 noImprove=37 (elapsed 112.147s)
[ITER 690] bestGlobalCost=2841794.07 (feasible=YES) bestThisIter=2848783.74 feasibleAnts=7 noImprove=47 (elapsed 113.694s)
[RESET] no improvement for50-> reset pheromones
[ITER 700] bestGlobalCost=2841794.07 (feasible=YES) bestThisIter=2851533.65 feasibleAnts=10 noImprove=7 (elapsed 115.304s)
[ITER 710] bestGlobalCost=2841794.07 (feasible=YES) bestThisIter=2852474.08 feasibleAnts=8 noImprove=17 (elapsed 116.917s)
[ITER 720] bestGlobalCost=2841794.07 (feasible=YES) bestThisIter=2852141.11 feasibleAnts=9 noImprove=27 (elapsed 118.495s)
[ITER 730] bestGlobalCost=2841794.07 (feasible=YES) bestThisIter=2852818.55 feasibleAnts=11 noImprove=37 (elapsed 120.05s)
[ITER 740] bestGlobalCost=2841794.07 (feasible=YES) bestThisIter=2844370.38 feasibleAnts=7 noImprove=47 (elapsed 121.628s)
[RESET] no improvement for50-> reset pheromones
[ITER 750] bestGlobalCost=2841794.07 (feasible=YES) bestThisIter=2841351.64 feasibleAnts=6 noImprove=7 (elapsed 123.25s)
[ITER 760] bestGlobalCost=2841794.07 (feasible=YES) bestThisIter=2847730.91 feasibleAnts=7 noImprove=17 (elapsed 124.818s)
[ITER 770] bestGlobalCost=2841794.07 (feasible=YES) bestThisIter=2849880.53 feasibleAnts=10 noImprove=27 (elapsed 126.408s)
[ITER 780] bestGlobalCost=2841794.07 (feasible=YES) bestThisIter=2851514.87 feasibleAnts=10 noImprove=37 (elapsed 128.013s)
[ITER 790] bestGlobalCost=2841794.07 (feasible=YES) bestThisIter=2835872.55 feasibleAnts=10 noImprove=47 (elapsed 129.59s)
[RESET] no improvement for50-> reset pheromones
[ITER 800] bestGlobalCost=2841794.07 (feasible=YES) bestThisIter=2850228.02 feasibleAnts=10 noImprove=7 (elapsed 131.177s)
[ITER 810] bestGlobalCost=2841794.07 (feasible=YES) bestThisIter=2854946.88 feasibleAnts=8 noImprove=17 (elapsed 132.761s)
[ITER 820] bestGlobalCost=2841794.07 (feasible=YES) bestThisIter=2839660.33 feasibleAnts=7 noImprove=27 (elapsed 134.576s)
[ITER 830] bestGlobalCost=2841794.07 (feasible=YES) bestThisIter=2856519.92 feasibleAnts=9 noImprove=37 (elapsed 136.693s)
[ITER 840] bestGlobalCost=2841794.07 (feasible=YES) bestThisIter=2862943.65 feasibleAnts=6 noImprove=47 (elapsed 138.533s)
[RESET] no improvement for50-> reset pheromones
[ITER 850] bestGlobalCost=2841794.07 (feasible=YES) bestThisIter=2858136.44 feasibleAnts=12 noImprove=7 (elapsed 140.134s)
[ITER 860] bestGlobalCost=2841794.07 (feasible=YES) bestThisIter=2844970.93 feasibleAnts=11 noImprove=17 (elapsed 141.687s)
[ITER 870] bestGlobalCost=2841794.07 (feasible=YES) bestThisIter=2847730.91 feasibleAnts=4 noImprove=27 (elapsed 143.249s)
[ITER 880] bestGlobalCost=2841794.07 (feasible=YES) bestThisIter=2847341.06 feasibleAnts=7 noImprove=37 (elapsed 144.822s)
[ITER 890] bestGlobalCost=2841794.07 (feasible=YES) bestThisIter=2855282.97 feasibleAnts=11 noImprove=47 (elapsed 146.386s)
[RESET] no improvement for50-> reset pheromones
[ITER 900] bestGlobalCost=2841794.07 (feasible=YES) bestThisIter=2845295.99 feasibleAnts=11 noImprove=7 (elapsed 148.005s)
[ITER 910] bestGlobalCost=2841794.07 (feasible=YES) bestThisIter=2848186.75 feasibleAnts=6 noImprove=17 (elapsed 149.548s)
[ITER 920] bestGlobalCost=2841794.07 (feasible=YES) bestThisIter=2855986.92 feasibleAnts=9 noImprove=27 (elapsed 151.14s)
[ITER 930] bestGlobalCost=2841794.07 (feasible=YES) bestThisIter=2858959.87 feasibleAnts=6 noImprove=37 (elapsed 152.7s)
[ITER 940] bestGlobalCost=2841794.07 (feasible=YES) bestThisIter=2849526.66 feasibleAnts=11 noImprove=47 (elapsed 154.279s)
[RESET] no improvement for50-> reset pheromones
[ITER 950] bestGlobalCost=2841794.07 (feasible=YES) bestThisIter=2832625.61 feasibleAnts=9 noImprove=7 (elapsed 155.904s)
[ITER 960] bestGlobalCost=2841794.07 (feasible=YES) bestThisIter=2844257.16 feasibleAnts=8 noImprove=17 (elapsed 157.46s)
[ITER 970] bestGlobalCost=2841794.07 (feasible=YES) bestThisIter=2842406.23 feasibleAnts=10 noImprove=27 (elapsed 159.045s)
[ITER 980] bestGlobalCost=2841794.07 (feasible=YES) bestThisIter=2852514.05 feasibleAnts=8 noImprove=37 (elapsed 160.61s)
[ITER 990] bestGlobalCost=2841794.07 (feasible=YES) bestThisIter=2851564.20 feasibleAnts=10 noImprove=47 (elapsed 162.186s)
[RESET] no improvement for50-> reset pheromones
[ITER 1000] bestGlobalCost=2841794.07 (feasible=YES) bestThisIter=2856054.06 feasibleAnts=6 noImprove=7 (elapsed 163.857s)
[ITER 1010] bestGlobalCost=2841794.07 (feasible=YES) bestThisIter=2855522.33 feasibleAnts=8 noImprove=17 (elapsed 165.446s)
[ITER 1020] bestGlobalCost=2841794.07 (feasible=YES) bestThisIter=2844257.16 feasibleAnts=8 noImprove=27 (elapsed 167.046s)
[ITER 1030] bestGlobalCost=2841794.07 (feasible=YES) bestThisIter=2849323.23 feasibleAnts=9 noImprove=37 (elapsed 168.633s)
[ITER 1040] bestGlobalCost=2841794.07 (feasible=YES) bestThisIter=2858442.96 feasibleAnts=8 noImprove=47 (elapsed 170.228s)
[RESET] no improvement for50-> reset pheromones
[ITER 1050] bestGlobalCost=2841794.07 (feasible=YES) bestThisIter=2845295.99 feasibleAnts=7 noImprove=7 (elapsed 171.817s)
[ITER 1060] bestGlobalCost=2841794.07 (feasible=YES) bestThisIter=2856000.92 feasibleAnts=8 noImprove=17 (elapsed 173.403s)
[ITER 1070] bestGlobalCost=2841794.07 (feasible=YES) bestThisIter=2844627.16 feasibleAnts=9 noImprove=27 (elapsed 174.978s)
[ITER 1080] bestGlobalCost=2841794.07 (feasible=YES) bestThisIter=2844209.22 feasibleAnts=8 noImprove=37 (elapsed 176.556s)
[ITER 1090] bestGlobalCost=2841794.07 (feasible=YES) bestThisIter=2834172.23 feasibleAnts=8 noImprove=47 (elapsed 178.139s)
[RESET] no improvement for50-> reset pheromones
[ITER 1100] bestGlobalCost=2841794.07 (feasible=YES) bestThisIter=2848186.75 feasibleAnts=10 noImprove=7 (elapsed 179.724s)
[ITER 1110] bestGlobalCost=2841794.07 (feasible=YES) bestThisIter=2837394.23 feasibleAnts=10 noImprove=17 (elapsed 181.334s)
[ITER 1120] bestGlobalCost=2841794.07 (feasible=YES) bestThisIter=2854916.92 feasibleAnts=7 noImprove=27 (elapsed 182.983s)
[ITER 1130] bestGlobalCost=2841794.07 (feasible=YES) bestThisIter=2854777.89 feasibleAnts=9 noImprove=37 (elapsed 184.575s)
[ITER 1140] bestGlobalCost=2841794.07 (feasible=YES) bestThisIter=2853974.89 feasibleAnts=6 noImprove=47 (elapsed 186.133s)
[RESET] no improvement for50-> reset pheromones
[ITER 1150] bestGlobalCost=2841794.07 (feasible=YES) bestThisIter=2838755.76 feasibleAnts=10 noImprove=7 (elapsed 187.764s)
[ITER 1160] bestGlobalCost=2841794.07 (feasible=YES) bestThisIter=2863080.91 feasibleAnts=9 noImprove=17 (elapsed 189.331s)
[ITER 1170] bestGlobalCost=2841794.07 (feasible=YES) bestThisIter=2849981.45 feasibleAnts=7 noImprove=27 (elapsed 190.887s)
[ITER 1180] bestGlobalCost=2841794.07 (feasible=YES) bestThisIter=2846586.04 feasibleAnts=8 noImprove=37 (elapsed 192.477s)
[ITER 1190] bestGlobalCost=2841794.07 (feasible=YES) bestThisIter=2842526.60 feasibleAnts=4 noImprove=47 (elapsed 194.086s)
[RESET] no improvement for50-> reset pheromones
[ITER 1200] bestGlobalCost=2841794.07 (feasible=YES) bestThisIter=2856248.36 feasibleAnts=10 noImprove=7 (elapsed 195.729s)
[ITER 1210] bestGlobalCost=2841794.07 (feasible=YES) bestThisIter=2844257.16 feasibleAnts=8 noImprove=17 (elapsed 197.253s)
[ITER 1220] bestGlobalCost=2841794.07 (feasible=YES) bestThisIter=2857026.68 feasibleAnts=10 noImprove=27 (elapsed 199.22s)
[ITER 1230] bestGlobalCost=2841794.07 (feasible=YES) bestThisIter=2844257.16 feasibleAnts=11 noImprove=37 (elapsed 201.295s)
[ITER 1240] bestGlobalCost=2841794.07 (feasible=YES) bestThisIter=2845243.10 feasibleAnts=9 noImprove=47 (elapsed 203.002s)
[RESET] no improvement for50-> reset pheromones
[ITER 1250] bestGlobalCost=2841794.07 (feasible=YES) bestThisIter=2853335.24 feasibleAnts=12 noImprove=7 (elapsed 204.612s)
[ITER 1260] bestGlobalCost=2841794.07 (feasible=YES) bestThisIter=2854037.45 feasibleAnts=10 noImprove=17 (elapsed 206.164s)
[ITER 1270] bestGlobalCost=2841794.07 (feasible=YES) bestThisIter=2850646.76 feasibleAnts=9 noImprove=27 (elapsed 207.755s)
[ITER 1280] bestGlobalCost=2841794.07 (feasible=YES) bestThisIter=2837976.66 feasibleAnts=5 noImprove=37 (elapsed 209.362s)
[ITER 1290] bestGlobalCost=2841794.07 (feasible=YES) bestThisIter=2847566.20 feasibleAnts=8 noImprove=47 (elapsed 210.968s)
[RESET] no improvement for50-> reset pheromones
[ITER 1300] bestGlobalCost=2841794.07 (feasible=YES) bestThisIter=2844257.16 feasibleAnts=9 noImprove=7 (elapsed 212.531s)
[ITER 1310] bestGlobalCost=2841794.07 (feasible=YES) bestThisIter=2851811.64 feasibleAnts=6 noImprove=17 (elapsed 214.202s)
[ITER 1320] bestGlobalCost=2841794.07 (feasible=YES) bestThisIter=2851837.94 feasibleAnts=8 noImprove=27 (elapsed 216.293s)
[ITER 1330] bestGlobalCost=2841794.07 (feasible=YES) bestThisIter=2849880.53 feasibleAnts=9 noImprove=37 (elapsed 218.255s)
[ITER 1340] bestGlobalCost=2841794.07 (feasible=YES) bestThisIter=2854964.88 feasibleAnts=11 noImprove=47 (elapsed 219.814s)
[RESET] no improvement for50-> reset pheromones
[ITER 1350] bestGlobalCost=2841794.07 (feasible=YES) bestThisIter=2843931.74 feasibleAnts=11 noImprove=7 (elapsed 221.42s)
[ITER 1360] bestGlobalCost=2841794.07 (feasible=YES) bestThisIter=2854599.95 feasibleAnts=11 noImprove=17 (elapsed 222.983s)
[ITER 1370] bestGlobalCost=2841794.07 (feasible=YES) bestThisIter=2843931.74 feasibleAnts=10 noImprove=27 (elapsed 224.559s)
[ITER 1380] bestGlobalCost=2841794.07 (feasible=YES) bestThisIter=2847666.39 feasibleAnts=11 noImprove=37 (elapsed 226.132s)
[ITER 1390] bestGlobalCost=2841794.07 (feasible=YES) bestThisIter=2855573.82 feasibleAnts=9 noImprove=47 (elapsed 227.704s)
[RESET] no improvement for50-> reset pheromones
[ITER 1400] bestGlobalCost=2841794.07 (feasible=YES) bestThisIter=2851564.20 feasibleAnts=10 noImprove=7 (elapsed 229.365s)
[ITER 1410] bestGlobalCost=2841794.07 (feasible=YES) bestThisIter=2856083.83 feasibleAnts=6 noImprove=17 (elapsed 231.27s)
[ITER 1420] bestGlobalCost=2841794.07 (feasible=YES) bestThisIter=2839599.44 feasibleAnts=7 noImprove=27 (elapsed 233.386s)
[ITER 1430] bestGlobalCost=2841794.07 (feasible=YES) bestThisIter=2846758.72 feasibleAnts=9 noImprove=37 (elapsed 235.044s)
[ITER 1440] bestGlobalCost=2841794.07 (feasible=YES) bestThisIter=2848186.75 feasibleAnts=8 noImprove=47 (elapsed 236.62s)
[RESET] no improvement for50-> reset pheromones
[ITER 1450] bestGlobalCost=2841794.07 (feasible=YES) bestThisIter=2842526.60 feasibleAnts=11 noImprove=7 (elapsed 238.28s)
[ITER 1460] bestGlobalCost=2841794.07 (feasible=YES) bestThisIter=2849880.53 feasibleAnts=6 noImprove=17 (elapsed 239.854s)
[ITER 1470] bestGlobalCost=2841794.07 (feasible=YES) bestThisIter=2849880.53 feasibleAnts=7 noImprove=27 (elapsed 241.439s)
[ITER 1480] bestGlobalCost=2841794.07 (feasible=YES) bestThisIter=2844257.16 feasibleAnts=10 noImprove=37 (elapsed 242.997s)
[ITER 1490] bestGlobalCost=2841794.07 (feasible=YES) bestThisIter=2853681.06 feasibleAnts=12 noImprove=47 (elapsed 244.58s)
[RESET] no improvement for50-> reset pheromones
[ITER 1500] bestGlobalCost=2841794.07 (feasible=YES) bestThisIter=2850865.26 feasibleAnts=9 noImprove=7 (elapsed 246.188s)
[ITER 1510] bestGlobalCost=2841794.07 (feasible=YES) bestThisIter=2844209.22 feasibleAnts=11 noImprove=17 (elapsed 247.757s)
[ITER 1520] bestGlobalCost=2841794.07 (feasible=YES) bestThisIter=2836682.73 feasibleAnts=9 noImprove=27 (elapsed 249.361s)
[ITER 1530] bestGlobalCost=2841794.07 (feasible=YES) bestThisIter=2855042.04 feasibleAnts=4 noImprove=37 (elapsed 250.935s)
[ITER 1540] bestGlobalCost=2841794.07 (feasible=YES) bestThisIter=2837949.05 feasibleAnts=9 noImprove=47 (elapsed 252.503s)
[RESET] no improvement for50-> reset pheromones
[ITER 1550] bestGlobalCost=2841794.07 (feasible=YES) bestThisIter=2848186.75 feasibleAnts=9 noImprove=7 (elapsed 254.166s)
[ITER 1560] bestGlobalCost=2841794.07 (feasible=YES) bestThisIter=2851223.18 feasibleAnts=7 noImprove=17 (elapsed 255.75s)
[ITER 1570] bestGlobalCost=2841794.07 (feasible=YES) bestThisIter=2841320.41 feasibleAnts=9 noImprove=27 (elapsed 257.318s)
[ITER 1580] bestGlobalCost=2841794.07 (feasible=YES) bestThisIter=2845295.99 feasibleAnts=9 noImprove=37 (elapsed 258.941s)
[ITER 1590] bestGlobalCost=2841794.07 (feasible=YES) bestThisIter=2852536.77 feasibleAnts=10 noImprove=47 (elapsed 260.548s)
[RESET] no improvement for50-> reset pheromones
[ITER 1600] bestGlobalCost=2841794.07 (feasible=YES) bestThisIter=2842959.56 feasibleAnts=10 noImprove=7 (elapsed 262.151s)
[ITER 1610] bestGlobalCost=2841794.07 (feasible=YES) bestThisIter=2856786.90 feasibleAnts=9 noImprove=17 (elapsed 263.748s)
[ITER 1620] bestGlobalCost=2841794.07 (feasible=YES) bestThisIter=2849372.66 feasibleAnts=5 noImprove=27 (elapsed 265.302s)
[ITER 1630] bestGlobalCost=2841794.07 (feasible=YES) bestThisIter=2844183.31 feasibleAnts=9 noImprove=37 (elapsed 266.859s)
[ITER 1640] bestGlobalCost=2841794.07 (feasible=YES) bestThisIter=2841226.19 feasibleAnts=13 noImprove=47 (elapsed 268.441s)
[RESET] no improvement for50-> reset pheromones
[ITER 1650] bestGlobalCost=2841794.07 (feasible=YES) bestThisIter=2851533.65 feasibleAnts=9 noImprove=7 (elapsed 270.06s)
[ITER 1660] bestGlobalCost=2841794.07 (feasible=YES) bestThisIter=2850743.93 feasibleAnts=9 noImprove=17 (elapsed 271.606s)
[ITER 1670] bestGlobalCost=2841794.07 (feasible=YES) bestThisIter=2856137.57 feasibleAnts=8 noImprove=27 (elapsed 273.209s)
[ITER 1680] bestGlobalCost=2841794.07 (feasible=YES) bestThisIter=2829083.61 feasibleAnts=4 noImprove=37 (elapsed 274.788s)
[ITER 1690] bestGlobalCost=2841794.07 (feasible=YES) bestThisIter=2858728.58 feasibleAnts=11 noImprove=47 (elapsed 276.368s)
[RESET] no improvement for50-> reset pheromones
[ITER 1700] bestGlobalCost=2841794.07 (feasible=YES) bestThisIter=2856986.24 feasibleAnts=6 noImprove=7 (elapsed 278.021s)
[ITER 1710] bestGlobalCost=2841794.07 (feasible=YES) bestThisIter=2854900.76 feasibleAnts=10 noImprove=17 (elapsed 279.567s)
[ITER 1720] bestGlobalCost=2841794.07 (feasible=YES) bestThisIter=2847666.53 feasibleAnts=9 noImprove=27 (elapsed 281.178s)
[ITER 1730] bestGlobalCost=2841794.07 (feasible=YES) bestThisIter=2840955.55 feasibleAnts=5 noImprove=37 (elapsed 282.756s)
[ITER 1740] bestGlobalCost=2841794.07 (feasible=YES) bestThisIter=2840663.59 feasibleAnts=8 noImprove=47 (elapsed 284.311s)
[RESET] no improvement for50-> reset pheromones
[ITER 1750] bestGlobalCost=2841794.07 (feasible=YES) bestThisIter=2849526.66 feasibleAnts=9 noImprove=7 (elapsed 285.942s)
[ITER 1760] bestGlobalCost=2841794.07 (feasible=YES) bestThisIter=2866163.85 feasibleAnts=10 noImprove=17 (elapsed 287.536s)
[ITER 1770] bestGlobalCost=2841794.07 (feasible=YES) bestThisIter=2843931.74 feasibleAnts=10 noImprove=27 (elapsed 289.157s)
[ITER 1780] bestGlobalCost=2841794.07 (feasible=YES) bestThisIter=2844655.96 feasibleAnts=7 noImprove=37 (elapsed 290.766s)
[ITER 1790] bestGlobalCost=2841794.07 (feasible=YES) bestThisIter=2847899.44 feasibleAnts=11 noImprove=47 (elapsed 292.38s)
[RESET] no improvement for50-> reset pheromones
[ITER 1800] bestGlobalCost=2841794.07 (feasible=YES) bestThisIter=2854366.98 feasibleAnts=9 noImprove=7 (elapsed 294.002s)
[ITER 1810] bestGlobalCost=2841794.07 (feasible=YES) bestThisIter=2845160.23 feasibleAnts=7 noImprove=17 (elapsed 295.54s)
[ITER 1820] bestGlobalCost=2841794.07 (feasible=YES) bestThisIter=2858251.73 feasibleAnts=11 noImprove=27 (elapsed 297.11s)
[ITER 1830] bestGlobalCost=2841794.07 (feasible=YES) bestThisIter=2842773.66 feasibleAnts=10 noImprove=37 (elapsed 298.708s)
2 3 21 23 30 35 41 59 60 65 68 69 73 77 80 89 106 123 125 128 131 140 142 144 147 154 158 160 161 163 164 167 169 173 181 189 192 193 198 
6 8 13 15 17 20 22 25 31 34 42 47 54 55 64 67 75 79 90 103 107 109 112 114 120 127 134 135 141 143 146 151 155 157 162 171 177 183 186 187 
5 28 38 39 43 50 56 58 62 70 71 72 76 83 86 88 91 94 95 98 102 105 113 129 130 133 137 139 148 150 152 168 176 178 182 185 195 196 200 
1 4 7 9 12 16 18 24 26 27 29 32 37 40 46 49 53 61 78 82 85 93 101 110 111 115 117 121 124 132 136 138 145 149 159 172 174 179 184 191 199 
10 11 14 19 33 36 44 45 48 51 52 57 63 66 74 81 84 87 92 96 97 99 100 104 108 116 118 119 122 126 153 156 165 166 170 175 180 188 190 194 197 
[SAVELOGS] evolution saved to results/logs/aco_logs/evolution/kroA200_05_5.txt
[SAVELOGS] best cost saved to results/logs/aco_logs/objectives/kroA200_05_5.txt
[SAVELOGS] best solution saved to results/logs/aco_logs/solutions/kroA200_05_5.txt
