[ITER 1] New best cost=732147.84 (feasible=YES, time 5.90961s)
[ITER 2] New best cost=725067.08 (feasible=YES, time 11.5356s)
[ITER 6] New best cost=724530.93 (feasible=YES, time 31.6813s)
[ITER 8] New best cost=724445.21 (feasible=YES, time 40.6732s)
[ITER 10] bestGlobalCost=724445.21 (feasible=YES) bestThisIter=726366.07 feasibleAnts=10 noImprove=2 (elapsed 54.4436s)
[ITER 14] New best cost=723930.68 (feasible=YES, time 72.3475s)
[ITER 18] New best cost=723627.14 (feasible=YES, time 90.8992s)
[ITER 20] bestGlobalCost=723627.14 (feasible=YES) bestThisIter=725322.81 feasibleAnts=10 noImprove=2 (elapsed 105.149s)
[ITER 30] bestGlobalCost=723627.14 (feasible=YES) bestThisIter=723702.17 feasibleAnts=10 noImprove=12 (elapsed 151.946s)
[ITER 32] New best cost=723450.69 (feasible=YES, time 160.258s)
[ITER 40] bestGlobalCost=723450.69 (feasible=YES) bestThisIter=723450.69 feasibleAnts=10 noImprove=8 (elapsed 199.157s)
[ITER 48] New best cost=723344.02 (feasible=YES, time 235.27s)
[ITER 50] bestGlobalCost=723344.02 (feasible=YES) bestThisIter=725343.82 feasibleAnts=10 noImprove=2 (elapsed 248.057s)
[ITER 60] bestGlobalCost=723344.02 (feasible=YES) bestThisIter=725473.37 feasibleAnts=10 noImprove=12 (elapsed 295.293s)
[ITER 63] New best cost=723254.77 (feasible=YES, time 309.327s)
[ITER 70] bestGlobalCost=723254.77 (feasible=YES) bestThisIter=723254.77 feasibleAnts=10 noImprove=7 (elapsed 344.942s)
[ITER 80] bestGlobalCost=723254.77 (feasible=YES) bestThisIter=724846.34 feasibleAnts=10 noImprove=17 (elapsed 395.818s)
[ITER 90] bestGlobalCost=723254.77 (feasible=YES) bestThisIter=723254.77 feasibleAnts=10 noImprove=27 (elapsed 444.466s)
[RESET] no improvement for30-> reset pheromones
[ITER 100] bestGlobalCost=723254.77 (feasible=YES) bestThisIter=725467.89 feasibleAnts=10 noImprove=7 (elapsed 494.398s)
[ITER 110] bestGlobalCost=723254.77 (feasible=YES) bestThisIter=726500.11 feasibleAnts=10 noImprove=17 (elapsed 541.195s)
[ITER 120] bestGlobalCost=723254.77 (feasible=YES) bestThisIter=725802.71 feasibleAnts=10 noImprove=27 (elapsed 591.809s)
[RESET] no improvement for30-> reset pheromones
[ITER 126] New best cost=723243.36 (feasible=YES, time 621.339s)
[ITER 130] bestGlobalCost=723243.36 (feasible=YES) bestThisIter=723243.36 feasibleAnts=10 noImprove=4 (elapsed 642.128s)
[ITER 140] bestGlobalCost=723243.36 (feasible=YES) bestThisIter=724238.31 feasibleAnts=10 noImprove=14 (elapsed 690.14s)
[ITER 150] bestGlobalCost=723243.36 (feasible=YES) bestThisIter=726346.09 feasibleAnts=10 noImprove=24 (elapsed 738.928s)
[RESET] no improvement for30-> reset pheromones
[ITER 160] bestGlobalCost=723243.36 (feasible=YES) bestThisIter=725823.63 feasibleAnts=10 noImprove=4 (elapsed 787.306s)
[ITER 170] bestGlobalCost=723243.36 (feasible=YES) bestThisIter=723627.14 feasibleAnts=10 noImprove=14 (elapsed 837.421s)
[ITER 180] bestGlobalCost=723243.36 (feasible=YES) bestThisIter=723243.36 feasibleAnts=10 noImprove=24 (elapsed 884.512s)
[RESET] no improvement for30-> reset pheromones
[ITER 190] bestGlobalCost=723243.36 (feasible=YES) bestThisIter=727965.57 feasibleAnts=10 noImprove=4 (elapsed 933.372s)
[ITER 200] bestGlobalCost=723243.36 (feasible=YES) bestThisIter=724799.83 feasibleAnts=10 noImprove=14 (elapsed 982.909s)
[ITER 210] bestGlobalCost=723243.36 (feasible=YES) bestThisIter=730470.35 feasibleAnts=10 noImprove=24 (elapsed 1034.34s)
[RESET] no improvement for30-> reset pheromones
[ITER 220] bestGlobalCost=723243.36 (feasible=YES) bestThisIter=723655.17 feasibleAnts=10 noImprove=4 (elapsed 1086.81s)
[ITER 230] bestGlobalCost=723243.36 (feasible=YES) bestThisIter=724755.40 feasibleAnts=10 noImprove=14 (elapsed 1136.5s)
[ITER 240] bestGlobalCost=723243.36 (feasible=YES) bestThisIter=723243.36 feasibleAnts=10 noImprove=24 (elapsed 1187.68s)
[RESET] no improvement for30-> reset pheromones
[ITER 250] bestGlobalCost=723243.36 (feasible=YES) bestThisIter=723627.14 feasibleAnts=10 noImprove=4 (elapsed 1240.74s)
[ITER 260] bestGlobalCost=723243.36 (feasible=YES) bestThisIter=723243.36 feasibleAnts=10 noImprove=14 (elapsed 1289.43s)
[ITER 270] bestGlobalCost=723243.36 (feasible=YES) bestThisIter=725361.86 feasibleAnts=10 noImprove=24 (elapsed 1344.39s)
[RESET] no improvement for30-> reset pheromones
[ITER 280] bestGlobalCost=723243.36 (feasible=YES) bestThisIter=724097.11 feasibleAnts=10 noImprove=4 (elapsed 1396.13s)
[ITER 290] bestGlobalCost=723243.36 (feasible=YES) bestThisIter=724865.97 feasibleAnts=10 noImprove=14 (elapsed 1445.95s)
[ITER 300] bestGlobalCost=723243.36 (feasible=YES) bestThisIter=725528.17 feasibleAnts=10 noImprove=24 (elapsed 1496.65s)
13 17 19 21 26 39 115 117 120 129 164 167 173 178 202 214 216 222 247 282 285 286 295 301 304 328 347 
1 4 9 22 56 66 92 96 103 108 137 147 157 179 201 203 257 273 275 290 299 300 339 354 358 360 367 
5 10 14 31 52 80 125 141 146 176 189 221 223 226 228 242 250 255 260 262 266 269 280 281 337 353 377 388 
34 38 40 44 45 55 109 112 121 128 133 161 168 169 181 237 239 246 249 256 258 264 349 352 375 
20 28 37 57 75 82 99 104 106 111 143 166 215 220 227 270 274 291 297 326 368 370 371 378 386 
7 15 23 30 35 36 47 48 64 68 69 72 76 101 119 123 124 154 184 191 206 253 271 279 316 320 341 397 
25 29 41 53 65 71 84 85 95 159 163 174 187 190 197 200 243 308 331 340 343 356 359 366 369 381 389 398 
46 70 78 81 86 94 134 138 144 172 177 183 198 208 235 241 267 277 292 302 322 325 333 351 364 372 374 
2 32 59 60 62 110 113 130 142 148 158 224 251 254 276 293 307 311 327 329 344 345 350 362 363 385 396 
54 67 77 87 89 155 199 205 211 234 236 263 268 278 284 289 306 309 312 317 348 357 395 400 
51 79 88 90 102 114 127 153 156 162 165 185 192 210 225 229 232 238 244 252 259 261 287 313 315 383 392 
12 27 33 43 61 63 105 126 131 150 170 171 194 218 231 248 283 294 303 310 318 321 324 334 355 376 
8 18 50 74 83 91 97 140 145 149 152 175 180 182 188 193 204 217 219 233 296 305 319 335 338 365 380 394 399 
3 11 16 73 93 100 116 122 132 135 139 195 207 209 212 245 265 272 314 330 332 361 373 382 387 390 393 
6 24 42 49 58 98 107 118 136 151 160 186 196 213 230 240 288 298 323 336 342 346 379 384 391 
[SAVELOGS] evolution saved to results/logs/aco_logs/evolution/rd400_15_2.txt
[SAVELOGS] best cost saved to results/logs/aco_logs/objectives/rd400_15_2.txt
[SAVELOGS] best solution saved to results/logs/aco_logs/solutions/rd400_15_2.txt
