[ITER 1] New best cost=734039.76 (feasible=YES, time 5.01422s)
[ITER 2] New best cost=729061.57 (feasible=YES, time 9.46297s)
[ITER 3] New best cost=728459.70 (feasible=YES, time 13.8926s)
[ITER 4] New best cost=727382.04 (feasible=YES, time 18.6772s)
[ITER 5] New best cost=724330.97 (feasible=YES, time 24.0535s)
[ITER 9] New best cost=724087.60 (feasible=YES, time 41.7266s)
[ITER 10] bestGlobalCost=724087.60 (feasible=YES) bestThisIter=724263.79 feasibleAnts=10 noImprove=1 (elapsed 50.9578s)
[ITER 13] New best cost=723797.33 (feasible=YES, time 64.7427s)
[ITER 14] New best cost=722672.80 (feasible=YES, time 69.2125s)
[ITER 15] New best cost=720699.92 (feasible=YES, time 73.4452s)
[ITER 18] New best cost=718828.82 (feasible=YES, time 87.0005s)
[ITER 19] New best cost=718287.63 (feasible=YES, time 90.5198s)
[ITER 20] bestGlobalCost=718287.63 (feasible=YES) bestThisIter=718544.02 feasibleAnts=10 noImprove=1 (elapsed 98.0933s)
[ITER 24] New best cost=717826.56 (feasible=YES, time 114.3s)
[ITER 28] New best cost=717363.08 (feasible=YES, time 129.934s)
[ITER 30] bestGlobalCost=717363.08 (feasible=YES) bestThisIter=718937.52 feasibleAnts=10 noImprove=2 (elapsed 141.846s)
[ITER 33] New best cost=716550.24 (feasible=YES, time 154.099s)
[ITER 36] New best cost=716361.94 (feasible=YES, time 167.057s)
[ITER 38] New best cost=716357.61 (feasible=YES, time 174.44s)
[ITER 40] [TS] New best cost=715799.74 (feasible=YES, time 184.478s)
[ITER 40] bestGlobalCost=715799.74 (feasible=YES) bestThisIter=716533.90 feasibleAnts=10 noImprove=1 (elapsed 187.214s)
[ITER 43] New best cost=715403.73 (feasible=YES, time 201.613s)
[ITER 50] [TS] New best cost=715399.75 (feasible=YES, time 232.16s)
[ITER 50] bestGlobalCost=715399.75 (feasible=YES) bestThisIter=715631.64 feasibleAnts=10 noImprove=1 (elapsed 234.566s)
[ITER 56] New best cost=715274.93 (feasible=YES, time 259.573s)
[ITER 57] New best cost=715040.20 (feasible=YES, time 264.004s)
[ITER 60] [TS] New best cost=714997.80 (feasible=YES, time 277.429s)
[ITER 60] bestGlobalCost=714997.80 (feasible=YES) bestThisIter=714997.80 feasibleAnts=10 noImprove=1 (elapsed 280.479s)
[ITER 67] New best cost=714869.68 (feasible=YES, time 309.392s)
[ITER 68] New best cost=714851.37 (feasible=YES, time 313.077s)
[ITER 70] bestGlobalCost=714851.37 (feasible=YES) bestThisIter=717450.42 feasibleAnts=10 noImprove=2 (elapsed 324.783s)
[ITER 72] New best cost=714558.53 (feasible=YES, time 333.198s)
[ITER 80] bestGlobalCost=714558.53 (feasible=YES) bestThisIter=716446.54 feasibleAnts=10 noImprove=8 (elapsed 373.846s)
[ITER 82] New best cost=714438.93 (feasible=YES, time 382.181s)
[ITER 90] [TS] New best cost=713822.31 (feasible=YES, time 416.55s)
[ITER 90] bestGlobalCost=713822.31 (feasible=YES) bestThisIter=713822.31 feasibleAnts=10 noImprove=1 (elapsed 419.736s)
[ITER 100] [TS] New best cost=713634.22 (feasible=YES, time 462.191s)
[ITER 100] bestGlobalCost=713634.22 (feasible=YES) bestThisIter=713634.22 feasibleAnts=10 noImprove=1 (elapsed 465.609s)
[ITER 110] bestGlobalCost=713634.22 (feasible=YES) bestThisIter=714969.33 feasibleAnts=11 noImprove=11 (elapsed 512.901s)
[ITER 114] New best cost=713532.36 (feasible=YES, time 530.78s)
[ITER 120] bestGlobalCost=713532.36 (feasible=YES) bestThisIter=713532.36 feasibleAnts=10 noImprove=6 (elapsed 560.508s)
[ITER 127] New best cost=713446.92 (feasible=YES, time 589.565s)
[ITER 129] New best cost=713427.06 (feasible=YES, time 598.952s)
[ITER 130] bestGlobalCost=713427.06 (feasible=YES) bestThisIter=715887.07 feasibleAnts=10 noImprove=1 (elapsed 607.121s)
[ITER 136] New best cost=713368.38 (feasible=YES, time 635.188s)
[ITER 140] bestGlobalCost=713368.38 (feasible=YES) bestThisIter=714859.47 feasibleAnts=10 noImprove=4 (elapsed 656.161s)
[ITER 150] bestGlobalCost=713368.38 (feasible=YES) bestThisIter=717629.78 feasibleAnts=10 noImprove=14 (elapsed 702.181s)
[ITER 160] bestGlobalCost=713368.38 (feasible=YES) bestThisIter=714985.43 feasibleAnts=10 noImprove=24 (elapsed 751.816s)
[RESET] no improvement for30-> reset pheromones
[ITER 170] bestGlobalCost=713368.38 (feasible=YES) bestThisIter=716651.49 feasibleAnts=10 noImprove=4 (elapsed 801.394s)
[ITER 180] bestGlobalCost=713368.38 (feasible=YES) bestThisIter=716603.30 feasibleAnts=10 noImprove=14 (elapsed 847.019s)
[ITER 190] bestGlobalCost=713368.38 (feasible=YES) bestThisIter=717333.96 feasibleAnts=10 noImprove=24 (elapsed 894.738s)
[RESET] no improvement for30-> reset pheromones
[ITER 200] bestGlobalCost=713368.38 (feasible=YES) bestThisIter=714086.16 feasibleAnts=10 noImprove=4 (elapsed 943.225s)
[ITER 210] bestGlobalCost=713368.38 (feasible=YES) bestThisIter=716968.56 feasibleAnts=10 noImprove=14 (elapsed 990.969s)
[ITER 220] bestGlobalCost=713368.38 (feasible=YES) bestThisIter=715070.87 feasibleAnts=10 noImprove=24 (elapsed 1037.39s)
[RESET] no improvement for30-> reset pheromones
[ITER 230] bestGlobalCost=713368.38 (feasible=YES) bestThisIter=716156.48 feasibleAnts=10 noImprove=4 (elapsed 1089.82s)
[ITER 240] bestGlobalCost=713368.38 (feasible=YES) bestThisIter=718909.21 feasibleAnts=11 noImprove=14 (elapsed 1138.9s)
[ITER 250] bestGlobalCost=713368.38 (feasible=YES) bestThisIter=714568.97 feasibleAnts=10 noImprove=24 (elapsed 1188.2s)
[RESET] no improvement for30-> reset pheromones
[ITER 260] bestGlobalCost=713368.38 (feasible=YES) bestThisIter=714639.24 feasibleAnts=10 noImprove=4 (elapsed 1238.27s)
[ITER 270] bestGlobalCost=713368.38 (feasible=YES) bestThisIter=713368.38 feasibleAnts=10 noImprove=14 (elapsed 1285.72s)
[ITER 280] bestGlobalCost=713368.38 (feasible=YES) bestThisIter=713453.82 feasibleAnts=10 noImprove=24 (elapsed 1334.74s)
[RESET] no improvement for30-> reset pheromones
[ITER 290] bestGlobalCost=713368.38 (feasible=YES) bestThisIter=717945.48 feasibleAnts=10 noImprove=4 (elapsed 1384.3s)
[ITER 300] bestGlobalCost=713368.38 (feasible=YES) bestThisIter=717526.07 feasibleAnts=10 noImprove=14 (elapsed 1431.25s)
[ITER 310] bestGlobalCost=713368.38 (feasible=YES) bestThisIter=716015.85 feasibleAnts=10 noImprove=24 (elapsed 1478.85s)
2 11 32 59 60 73 100 116 122 132 148 195 209 224 245 254 265 272 314 329 330 332 345 363 382 387 390 
25 29 41 53 65 84 85 87 95 159 163 174 187 190 197 200 243 308 312 331 340 356 359 366 369 381 389 398 
22 56 66 92 96 103 108 139 147 157 179 203 215 227 257 273 275 290 299 300 339 354 358 360 367 385 
13 15 19 21 24 26 30 42 69 98 129 160 164 167 173 186 196 240 288 298 301 316 328 336 384 391 
6 7 35 36 49 58 64 72 107 118 119 136 151 154 184 191 213 230 253 271 279 323 341 342 346 379 
20 28 37 57 82 99 106 111 143 166 176 221 223 250 269 270 274 297 326 337 368 371 378 386 388 
1 4 9 34 39 45 115 120 137 161 169 178 201 202 214 216 222 237 247 256 258 285 286 295 304 309 347 
18 50 74 83 94 97 134 140 149 152 172 180 182 188 193 204 217 219 233 267 296 305 319 333 338 365 380 394 399 
46 61 70 78 81 86 138 144 150 177 183 198 208 235 241 277 283 292 302 322 324 325 351 364 372 374 
17 54 67 77 89 117 155 199 205 211 234 236 263 268 278 282 284 289 306 317 348 357 395 400 
51 71 88 90 102 114 127 153 156 162 165 185 192 210 225 232 238 244 252 259 261 287 313 315 343 383 392 
12 27 33 43 63 75 104 105 126 131 170 171 194 218 220 231 248 291 294 303 310 318 321 334 355 370 376 
23 47 48 62 68 76 101 110 113 123 124 130 142 158 206 251 276 293 307 311 320 327 344 350 362 396 397 
3 5 10 14 16 31 52 80 93 125 135 141 146 189 207 212 226 228 242 255 260 262 266 280 281 353 361 373 377 393 
8 38 40 44 55 79 91 109 112 121 128 133 145 168 175 181 229 239 246 249 264 335 349 352 375 
[SAVELOGS] evolution saved to results/logs/aco_logs/evolution/rd400_15_2.txt
[SAVELOGS] best cost saved to results/logs/aco_logs/objectives/rd400_15_2.txt
[SAVELOGS] best solution saved to results/logs/aco_logs/solutions/rd400_15_2.txt
