[ITER 1] New best cost=315009.11 (feasible=YES, time 0.467102s)
[ITER 2] New best cost=314696.64 (feasible=YES, time 0.806399s)
[ITER 4] New best cost=314439.53 (feasible=YES, time 1.37513s)
[ITER 8] New best cost=314189.88 (feasible=YES, time 2.48816s)
[ITER 10] bestGlobalCost=314189.88 (feasible=YES) bestThisIter=314439.53 feasibleAnts=15 noImprove=2 (elapsed 3.13414s)
[ITER 12] New best cost=314121.97 (feasible=YES, time 3.74949s)
[ITER 20] bestGlobalCost=314121.97 (feasible=YES) bestThisIter=314189.88 feasibleAnts=11 noImprove=8 (elapsed 6.25326s)
[ITER 30] bestGlobalCost=314121.97 (feasible=YES) bestThisIter=314189.88 feasibleAnts=15 noImprove=18 (elapsed 9.84886s)
[ITER 40] bestGlobalCost=314121.97 (feasible=YES) bestThisIter=314509.14 feasibleAnts=10 noImprove=28 (elapsed 13.8051s)
[ITER 50] bestGlobalCost=314121.97 (feasible=YES) bestThisIter=314752.20 feasibleAnts=13 noImprove=38 (elapsed 17.5767s)
[ITER 60] bestGlobalCost=314121.97 (feasible=YES) bestThisIter=314439.53 feasibleAnts=11 noImprove=48 (elapsed 21.5539s)
[RESET] no improvement for50-> reset pheromones
[ITER 70] bestGlobalCost=314121.97 (feasible=YES) bestThisIter=314189.88 feasibleAnts=13 noImprove=8 (elapsed 24.9593s)
[ITER 80] bestGlobalCost=314121.97 (feasible=YES) bestThisIter=314189.88 feasibleAnts=10 noImprove=18 (elapsed 28.5416s)
[ITER 90] bestGlobalCost=314121.97 (feasible=YES) bestThisIter=314585.47 feasibleAnts=10 noImprove=28 (elapsed 32.118s)
[ITER 100] bestGlobalCost=314121.97 (feasible=YES) bestThisIter=314757.17 feasibleAnts=10 noImprove=38 (elapsed 36.0298s)
[ITER 110] bestGlobalCost=314121.97 (feasible=YES) bestThisIter=314565.88 feasibleAnts=11 noImprove=48 (elapsed 40.1482s)
[RESET] no improvement for50-> reset pheromones
[ITER 120] bestGlobalCost=314121.97 (feasible=YES) bestThisIter=314189.88 feasibleAnts=12 noImprove=8 (elapsed 43.5283s)
[ITER 130] bestGlobalCost=314121.97 (feasible=YES) bestThisIter=314384.48 feasibleAnts=12 noImprove=18 (elapsed 46.996s)
[ITER 140] bestGlobalCost=314121.97 (feasible=YES) bestThisIter=314439.53 feasibleAnts=10 noImprove=28 (elapsed 50.8205s)
[ITER 150] bestGlobalCost=314121.97 (feasible=YES) bestThisIter=314189.88 feasibleAnts=10 noImprove=38 (elapsed 54.6611s)
[ITER 160] bestGlobalCost=314121.97 (feasible=YES) bestThisIter=314478.92 feasibleAnts=10 noImprove=48 (elapsed 58.7153s)
[RESET] no improvement for50-> reset pheromones
[ITER 170] bestGlobalCost=314121.97 (feasible=YES) bestThisIter=314407.45 feasibleAnts=11 noImprove=8 (elapsed 62.1408s)
[ITER 180] bestGlobalCost=314121.97 (feasible=YES) bestThisIter=314439.53 feasibleAnts=11 noImprove=18 (elapsed 65.6976s)
[ITER 190] bestGlobalCost=314121.97 (feasible=YES) bestThisIter=314439.53 feasibleAnts=11 noImprove=28 (elapsed 69.5762s)
[ITER 200] bestGlobalCost=314121.97 (feasible=YES) bestThisIter=314340.16 feasibleAnts=10 noImprove=38 (elapsed 73.8007s)
[ITER 210] bestGlobalCost=314121.97 (feasible=YES) bestThisIter=314368.72 feasibleAnts=10 noImprove=48 (elapsed 77.4636s)
[RESET] no improvement for50-> reset pheromones
[ITER 220] bestGlobalCost=314121.97 (feasible=YES) bestThisIter=314512.43 feasibleAnts=11 noImprove=8 (elapsed 81.0328s)
[ITER 230] bestGlobalCost=314121.97 (feasible=YES) bestThisIter=314384.48 feasibleAnts=10 noImprove=18 (elapsed 84.7713s)
[ITER 240] bestGlobalCost=314121.97 (feasible=YES) bestThisIter=314687.82 feasibleAnts=10 noImprove=28 (elapsed 88.3899s)
[ITER 250] bestGlobalCost=314121.97 (feasible=YES) bestThisIter=314340.16 feasibleAnts=10 noImprove=38 (elapsed 92.3038s)
[ITER 260] bestGlobalCost=314121.97 (feasible=YES) bestThisIter=314585.47 feasibleAnts=10 noImprove=48 (elapsed 95.8705s)
[RESET] no improvement for50-> reset pheromones
[ITER 270] bestGlobalCost=314121.97 (feasible=YES) bestThisIter=314189.88 feasibleAnts=13 noImprove=8 (elapsed 99.4257s)
[ITER 280] bestGlobalCost=314121.97 (feasible=YES) bestThisIter=314189.88 feasibleAnts=12 noImprove=18 (elapsed 102.946s)
[ITER 290] bestGlobalCost=314121.97 (feasible=YES) bestThisIter=314189.88 feasibleAnts=12 noImprove=28 (elapsed 106.623s)
[ITER 300] bestGlobalCost=314121.97 (feasible=YES) bestThisIter=314478.92 feasibleAnts=10 noImprove=38 (elapsed 110.431s)
[ITER 310] bestGlobalCost=314121.97 (feasible=YES) bestThisIter=314189.88 feasibleAnts=10 noImprove=48 (elapsed 114.371s)
[RESET] no improvement for50-> reset pheromones
[ITER 320] bestGlobalCost=314121.97 (feasible=YES) bestThisIter=314189.88 feasibleAnts=16 noImprove=8 (elapsed 117.617s)
[ITER 330] bestGlobalCost=314121.97 (feasible=YES) bestThisIter=314189.88 feasibleAnts=12 noImprove=18 (elapsed 121.496s)
[ITER 340] bestGlobalCost=314121.97 (feasible=YES) bestThisIter=314478.92 feasibleAnts=10 noImprove=28 (elapsed 125.333s)
[ITER 350] bestGlobalCost=314121.97 (feasible=YES) bestThisIter=314407.45 feasibleAnts=11 noImprove=38 (elapsed 129.023s)
[ITER 360] bestGlobalCost=314121.97 (feasible=YES) bestThisIter=314368.72 feasibleAnts=10 noImprove=48 (elapsed 132.777s)
[RESET] no improvement for50-> reset pheromones
[ITER 370] bestGlobalCost=314121.97 (feasible=YES) bestThisIter=314189.88 feasibleAnts=13 noImprove=8 (elapsed 136.074s)
[ITER 380] bestGlobalCost=314121.97 (feasible=YES) bestThisIter=314189.88 feasibleAnts=12 noImprove=18 (elapsed 139.704s)
[ITER 390] bestGlobalCost=314121.97 (feasible=YES) bestThisIter=314368.72 feasibleAnts=11 noImprove=28 (elapsed 143.664s)
[ITER 400] bestGlobalCost=314121.97 (feasible=YES) bestThisIter=314478.92 feasibleAnts=11 noImprove=38 (elapsed 147.444s)
[ITER 410] bestGlobalCost=314121.97 (feasible=YES) bestThisIter=314407.45 feasibleAnts=10 noImprove=48 (elapsed 151.098s)
[RESET] no improvement for50-> reset pheromones
[ITER 420] bestGlobalCost=314121.97 (feasible=YES) bestThisIter=314589.45 feasibleAnts=10 noImprove=8 (elapsed 154.514s)
[ITER 430] bestGlobalCost=314121.97 (feasible=YES) bestThisIter=314189.88 feasibleAnts=12 noImprove=18 (elapsed 158.219s)
[ITER 440] bestGlobalCost=314121.97 (feasible=YES) bestThisIter=314696.64 feasibleAnts=10 noImprove=28 (elapsed 161.867s)
[ITER 450] bestGlobalCost=314121.97 (feasible=YES) bestThisIter=314478.92 feasibleAnts=10 noImprove=38 (elapsed 165.767s)
[ITER 460] bestGlobalCost=314121.97 (feasible=YES) bestThisIter=314189.88 feasibleAnts=11 noImprove=48 (elapsed 169.263s)
[RESET] no improvement for50-> reset pheromones
[ITER 470] bestGlobalCost=314121.97 (feasible=YES) bestThisIter=314189.88 feasibleAnts=12 noImprove=8 (elapsed 172.932s)
[ITER 480] bestGlobalCost=314121.97 (feasible=YES) bestThisIter=314478.92 feasibleAnts=12 noImprove=18 (elapsed 176.499s)
[ITER 490] bestGlobalCost=314121.97 (feasible=YES) bestThisIter=314189.88 feasibleAnts=10 noImprove=28 (elapsed 180.616s)
[ITER 500] bestGlobalCost=314121.97 (feasible=YES) bestThisIter=315592.38 feasibleAnts=11 noImprove=38 (elapsed 184.514s)
[ITER 510] bestGlobalCost=314121.97 (feasible=YES) bestThisIter=314439.53 feasibleAnts=10 noImprove=48 (elapsed 188.346s)
[RESET] no improvement for50-> reset pheromones
[ITER 520] bestGlobalCost=314121.97 (feasible=YES) bestThisIter=314512.43 feasibleAnts=13 noImprove=8 (elapsed 191.76s)
[ITER 530] bestGlobalCost=314121.97 (feasible=YES) bestThisIter=314189.88 feasibleAnts=12 noImprove=18 (elapsed 195.405s)
[ITER 540] bestGlobalCost=314121.97 (feasible=YES) bestThisIter=314439.53 feasibleAnts=13 noImprove=28 (elapsed 198.9s)
[ITER 550] bestGlobalCost=314121.97 (feasible=YES) bestThisIter=315388.92 feasibleAnts=11 noImprove=38 (elapsed 202.338s)
[ITER 560] bestGlobalCost=314121.97 (feasible=YES) bestThisIter=314672.16 feasibleAnts=11 noImprove=48 (elapsed 206.431s)
[RESET] no improvement for50-> reset pheromones
[ITER 570] bestGlobalCost=314121.97 (feasible=YES) bestThisIter=314439.53 feasibleAnts=12 noImprove=8 (elapsed 209.888s)
[ITER 580] bestGlobalCost=314121.97 (feasible=YES) bestThisIter=314478.92 feasibleAnts=11 noImprove=18 (elapsed 213.342s)
[ITER 590] bestGlobalCost=314121.97 (feasible=YES) bestThisIter=314189.88 feasibleAnts=12 noImprove=28 (elapsed 216.944s)
[ITER 600] bestGlobalCost=314121.97 (feasible=YES) bestThisIter=314189.88 feasibleAnts=12 noImprove=38 (elapsed 220.541s)
[ITER 610] bestGlobalCost=314121.97 (feasible=YES) bestThisIter=314818.24 feasibleAnts=10 noImprove=48 (elapsed 224.214s)
[RESET] no improvement for50-> reset pheromones
[ITER 620] bestGlobalCost=314121.97 (feasible=YES) bestThisIter=314189.88 feasibleAnts=11 noImprove=8 (elapsed 227.652s)
[ITER 630] bestGlobalCost=314121.97 (feasible=YES) bestThisIter=314189.88 feasibleAnts=12 noImprove=18 (elapsed 231.266s)
[ITER 640] bestGlobalCost=314121.97 (feasible=YES) bestThisIter=314478.92 feasibleAnts=10 noImprove=28 (elapsed 235.007s)
[ITER 650] bestGlobalCost=314121.97 (feasible=YES) bestThisIter=314368.72 feasibleAnts=12 noImprove=38 (elapsed 238.667s)
[ITER 660] bestGlobalCost=314121.97 (feasible=YES) bestThisIter=314969.71 feasibleAnts=10 noImprove=48 (elapsed 242.646s)
[RESET] no improvement for50-> reset pheromones
[ITER 670] bestGlobalCost=314121.97 (feasible=YES) bestThisIter=314189.88 feasibleAnts=14 noImprove=8 (elapsed 246.413s)
[ITER 680] bestGlobalCost=314121.97 (feasible=YES) bestThisIter=314569.48 feasibleAnts=11 noImprove=18 (elapsed 250.309s)
[ITER 690] bestGlobalCost=314121.97 (feasible=YES) bestThisIter=314478.92 feasibleAnts=10 noImprove=28 (elapsed 254.417s)
[ITER 700] bestGlobalCost=314121.97 (feasible=YES) bestThisIter=314439.53 feasibleAnts=12 noImprove=38 (elapsed 258.671s)
[ITER 710] bestGlobalCost=314121.97 (feasible=YES) bestThisIter=315493.13 feasibleAnts=10 noImprove=48 (elapsed 262.411s)
[RESET] no improvement for50-> reset pheromones
[ITER 720] bestGlobalCost=314121.97 (feasible=YES) bestThisIter=314725.39 feasibleAnts=13 noImprove=8 (elapsed 265.674s)
[ITER 730] bestGlobalCost=314121.97 (feasible=YES) bestThisIter=314384.48 feasibleAnts=10 noImprove=18 (elapsed 268.912s)
[ITER 740] bestGlobalCost=314121.97 (feasible=YES) bestThisIter=314340.16 feasibleAnts=11 noImprove=28 (elapsed 272.862s)
[ITER 750] bestGlobalCost=314121.97 (feasible=YES) bestThisIter=314478.92 feasibleAnts=11 noImprove=38 (elapsed 277.04s)
[ITER 760] bestGlobalCost=314121.97 (feasible=YES) bestThisIter=314368.72 feasibleAnts=10 noImprove=48 (elapsed 280.613s)
[RESET] no improvement for50-> reset pheromones
[ITER 770] bestGlobalCost=314121.97 (feasible=YES) bestThisIter=314512.43 feasibleAnts=13 noImprove=8 (elapsed 284.01s)
[ITER 780] bestGlobalCost=314121.97 (feasible=YES) bestThisIter=314189.88 feasibleAnts=11 noImprove=18 (elapsed 287.567s)
[ITER 790] bestGlobalCost=314121.97 (feasible=YES) bestThisIter=314189.88 feasibleAnts=12 noImprove=28 (elapsed 291.446s)
[ITER 800] bestGlobalCost=314121.97 (feasible=YES) bestThisIter=314368.72 feasibleAnts=12 noImprove=38 (elapsed 295.297s)
[ITER 810] bestGlobalCost=314121.97 (feasible=YES) bestThisIter=314189.88 feasibleAnts=10 noImprove=48 (elapsed 299.117s)
[RESET] no improvement for50-> reset pheromones
3 8 10 11 16 38 39 42 43 56 57 62 64 66 69 80 82 84 101 103 112 113 116 118 122 123 126 131 135 146 157 163 177 190 193 194 197 203 213 214 215 223 224 225 235 237 238 241 242 249 250 256 
1 4 5 7 19 21 31 33 34 61 68 70 71 72 74 76 79 81 87 90 95 99 100 108 115 133 138 139 140 141 142 145 154 155 160 164 172 185 186 188 202 205 209 211 221 229 231 232 234 244 246 254 258 
2 9 12 13 18 26 27 30 36 49 53 54 58 65 73 83 89 96 106 114 121 124 125 129 130 137 148 150 153 166 167 170 173 183 189 191 195 198 204 206 207 217 220 228 230 248 253 257 261 262 
6 15 17 20 24 29 32 37 40 41 47 51 52 55 59 60 67 75 78 85 92 97 102 105 109 110 127 132 134 136 147 158 159 162 165 168 169 171 175 176 178 181 201 210 219 222 226 227 233 243 245 255 259 
14 22 23 25 28 35 44 45 46 48 50 63 77 86 88 91 93 94 98 104 107 111 117 119 120 128 143 144 149 151 152 156 161 174 179 180 182 184 187 192 196 199 200 208 212 216 218 236 239 240 247 251 252 260 
[SAVELOGS] evolution saved to results/logs/aco_logs/evolution/gil262_05_2.txt
[SAVELOGS] best cost saved to results/logs/aco_logs/objectives/gil262_05_2.txt
[SAVELOGS] best solution saved to results/logs/aco_logs/solutions/gil262_05_2.txt
