[ITER 1] New best cost=314900.78 (feasible=YES, time 0.378838s)
[ITER 2] New best cost=314696.64 (feasible=YES, time 0.673633s)
[ITER 8] New best cost=314565.88 (feasible=YES, time 2.40053s)
[ITER 10] bestGlobalCost=314565.88 (feasible=YES) bestThisIter=314696.64 feasibleAnts=20 noImprove=2 (elapsed 3.00393s)
[ITER 11] New best cost=314340.16 (feasible=YES, time 3.25942s)
[ITER 20] bestGlobalCost=314340.16 (feasible=YES) bestThisIter=314439.53 feasibleAnts=12 noImprove=9 (elapsed 6.10732s)
[ITER 30] bestGlobalCost=314340.16 (feasible=YES) bestThisIter=314407.45 feasibleAnts=10 noImprove=19 (elapsed 9.69561s)
[ITER 32] New best cost=314189.88 (feasible=YES, time 10.3453s)
[ITER 40] bestGlobalCost=314189.88 (feasible=YES) bestThisIter=314368.72 feasibleAnts=14 noImprove=8 (elapsed 12.942s)
[ITER 50] New best cost=314121.97 (feasible=YES, time 16.7625s)
[ITER 50] bestGlobalCost=314121.97 (feasible=YES) bestThisIter=314189.88 feasibleAnts=15 noImprove=0 (elapsed 16.7658s)
[ITER 60] bestGlobalCost=314121.97 (feasible=YES) bestThisIter=314439.53 feasibleAnts=12 noImprove=10 (elapsed 19.8228s)
[ITER 70] bestGlobalCost=314121.97 (feasible=YES) bestThisIter=314340.16 feasibleAnts=11 noImprove=20 (elapsed 23.4308s)
[ITER 80] bestGlobalCost=314121.97 (feasible=YES) bestThisIter=314478.92 feasibleAnts=10 noImprove=30 (elapsed 27.3262s)
[ITER 90] bestGlobalCost=314121.97 (feasible=YES) bestThisIter=314340.16 feasibleAnts=11 noImprove=40 (elapsed 31.202s)
[ITER 100] bestGlobalCost=314121.97 (feasible=YES) bestThisIter=314565.88 feasibleAnts=10 noImprove=50 (elapsed 35.2307s)
[RESET] no improvement for50-> reset pheromones
[ITER 110] bestGlobalCost=314121.97 (feasible=YES) bestThisIter=314189.88 feasibleAnts=13 noImprove=10 (elapsed 38.6597s)
[ITER 120] bestGlobalCost=314121.97 (feasible=YES) bestThisIter=314189.88 feasibleAnts=11 noImprove=20 (elapsed 42.4541s)
[ITER 130] bestGlobalCost=314121.97 (feasible=YES) bestThisIter=314189.88 feasibleAnts=10 noImprove=30 (elapsed 46.5373s)
[ITER 140] bestGlobalCost=314121.97 (feasible=YES) bestThisIter=314189.88 feasibleAnts=16 noImprove=40 (elapsed 50.7372s)
[ITER 150] bestGlobalCost=314121.97 (feasible=YES) bestThisIter=314368.72 feasibleAnts=11 noImprove=50 (elapsed 54.7513s)
[RESET] no improvement for50-> reset pheromones
[ITER 160] bestGlobalCost=314121.97 (feasible=YES) bestThisIter=314189.88 feasibleAnts=12 noImprove=10 (elapsed 58.0526s)
[ITER 170] bestGlobalCost=314121.97 (feasible=YES) bestThisIter=314189.88 feasibleAnts=10 noImprove=20 (elapsed 61.9407s)
[ITER 180] bestGlobalCost=314121.97 (feasible=YES) bestThisIter=315025.01 feasibleAnts=10 noImprove=30 (elapsed 65.7059s)
[ITER 190] bestGlobalCost=314121.97 (feasible=YES) bestThisIter=315165.47 feasibleAnts=11 noImprove=40 (elapsed 69.6036s)
[ITER 200] bestGlobalCost=314121.97 (feasible=YES) bestThisIter=314619.91 feasibleAnts=10 noImprove=50 (elapsed 73.7436s)
[RESET] no improvement for50-> reset pheromones
[ITER 210] bestGlobalCost=314121.97 (feasible=YES) bestThisIter=314189.88 feasibleAnts=12 noImprove=10 (elapsed 77.4324s)
[ITER 220] bestGlobalCost=314121.97 (feasible=YES) bestThisIter=314829.95 feasibleAnts=12 noImprove=20 (elapsed 81.1173s)
[ITER 230] bestGlobalCost=314121.97 (feasible=YES) bestThisIter=314478.92 feasibleAnts=11 noImprove=30 (elapsed 84.4647s)
[ITER 240] bestGlobalCost=314121.97 (feasible=YES) bestThisIter=314949.70 feasibleAnts=10 noImprove=40 (elapsed 88.2806s)
[ITER 250] bestGlobalCost=314121.97 (feasible=YES) bestThisIter=314340.16 feasibleAnts=10 noImprove=50 (elapsed 91.8643s)
[RESET] no improvement for50-> reset pheromones
[ITER 260] bestGlobalCost=314121.97 (feasible=YES) bestThisIter=314189.88 feasibleAnts=14 noImprove=10 (elapsed 95.1546s)
[ITER 270] bestGlobalCost=314121.97 (feasible=YES) bestThisIter=314665.57 feasibleAnts=10 noImprove=20 (elapsed 99.3008s)
[ITER 280] bestGlobalCost=314121.97 (feasible=YES) bestThisIter=314368.72 feasibleAnts=10 noImprove=30 (elapsed 103.561s)
[ITER 290] bestGlobalCost=314121.97 (feasible=YES) bestThisIter=314669.41 feasibleAnts=10 noImprove=40 (elapsed 106.816s)
[ITER 300] bestGlobalCost=314121.97 (feasible=YES) bestThisIter=314189.88 feasibleAnts=10 noImprove=50 (elapsed 110.555s)
[RESET] no improvement for50-> reset pheromones
[ITER 310] bestGlobalCost=314121.97 (feasible=YES) bestThisIter=314189.88 feasibleAnts=13 noImprove=10 (elapsed 114.129s)
[ITER 320] bestGlobalCost=314121.97 (feasible=YES) bestThisIter=314189.88 feasibleAnts=12 noImprove=20 (elapsed 118.254s)
[ITER 330] bestGlobalCost=314121.97 (feasible=YES) bestThisIter=314585.47 feasibleAnts=11 noImprove=30 (elapsed 122.255s)
[ITER 340] bestGlobalCost=314121.97 (feasible=YES) bestThisIter=314752.48 feasibleAnts=10 noImprove=40 (elapsed 126.23s)
[ITER 350] bestGlobalCost=314121.97 (feasible=YES) bestThisIter=314585.47 feasibleAnts=10 noImprove=50 (elapsed 130.103s)
[RESET] no improvement for50-> reset pheromones
[ITER 360] bestGlobalCost=314121.97 (feasible=YES) bestThisIter=314189.88 feasibleAnts=12 noImprove=10 (elapsed 133.349s)
[ITER 370] bestGlobalCost=314121.97 (feasible=YES) bestThisIter=314189.88 feasibleAnts=12 noImprove=20 (elapsed 136.999s)
[ITER 380] bestGlobalCost=314121.97 (feasible=YES) bestThisIter=314189.88 feasibleAnts=11 noImprove=30 (elapsed 140.779s)
[ITER 390] bestGlobalCost=314121.97 (feasible=YES) bestThisIter=314189.88 feasibleAnts=10 noImprove=40 (elapsed 145.108s)
[ITER 400] bestGlobalCost=314121.97 (feasible=YES) bestThisIter=314439.53 feasibleAnts=11 noImprove=50 (elapsed 149.399s)
[RESET] no improvement for50-> reset pheromones
[ITER 410] bestGlobalCost=314121.97 (feasible=YES) bestThisIter=314523.53 feasibleAnts=12 noImprove=10 (elapsed 152.765s)
[ITER 420] bestGlobalCost=314121.97 (feasible=YES) bestThisIter=314189.88 feasibleAnts=11 noImprove=20 (elapsed 156.653s)
[ITER 430] bestGlobalCost=314121.97 (feasible=YES) bestThisIter=314189.88 feasibleAnts=12 noImprove=30 (elapsed 160.558s)
[ITER 440] bestGlobalCost=314121.97 (feasible=YES) bestThisIter=314340.16 feasibleAnts=10 noImprove=40 (elapsed 164.58s)
[ITER 450] bestGlobalCost=314121.97 (feasible=YES) bestThisIter=314439.53 feasibleAnts=10 noImprove=50 (elapsed 168.805s)
[RESET] no improvement for50-> reset pheromones
[ITER 460] bestGlobalCost=314121.97 (feasible=YES) bestThisIter=314189.88 feasibleAnts=11 noImprove=10 (elapsed 172.163s)
[ITER 470] bestGlobalCost=314121.97 (feasible=YES) bestThisIter=314368.72 feasibleAnts=10 noImprove=20 (elapsed 175.508s)
[ITER 480] bestGlobalCost=314121.97 (feasible=YES) bestThisIter=314189.88 feasibleAnts=10 noImprove=30 (elapsed 179.161s)
[ITER 490] bestGlobalCost=314121.97 (feasible=YES) bestThisIter=314340.16 feasibleAnts=10 noImprove=40 (elapsed 183.202s)
[ITER 500] bestGlobalCost=314121.97 (feasible=YES) bestThisIter=314340.16 feasibleAnts=11 noImprove=50 (elapsed 186.908s)
[RESET] no improvement for50-> reset pheromones
[ITER 510] bestGlobalCost=314121.97 (feasible=YES) bestThisIter=314189.88 feasibleAnts=15 noImprove=10 (elapsed 190.49s)
[ITER 520] bestGlobalCost=314121.97 (feasible=YES) bestThisIter=314696.64 feasibleAnts=11 noImprove=20 (elapsed 194.192s)
[ITER 530] bestGlobalCost=314121.97 (feasible=YES) bestThisIter=314340.16 feasibleAnts=11 noImprove=30 (elapsed 198.27s)
[ITER 540] bestGlobalCost=314121.97 (feasible=YES) bestThisIter=314478.92 feasibleAnts=10 noImprove=40 (elapsed 202.564s)
[ITER 550] bestGlobalCost=314121.97 (feasible=YES) bestThisIter=314368.72 feasibleAnts=11 noImprove=50 (elapsed 206.582s)
[RESET] no improvement for50-> reset pheromones
[ITER 560] bestGlobalCost=314121.97 (feasible=YES) bestThisIter=314189.88 feasibleAnts=12 noImprove=10 (elapsed 209.906s)
[ITER 570] bestGlobalCost=314121.97 (feasible=YES) bestThisIter=314340.16 feasibleAnts=10 noImprove=20 (elapsed 213.584s)
[ITER 580] bestGlobalCost=314121.97 (feasible=YES) bestThisIter=314368.72 feasibleAnts=10 noImprove=30 (elapsed 217.677s)
[ITER 590] bestGlobalCost=314121.97 (feasible=YES) bestThisIter=314478.92 feasibleAnts=10 noImprove=40 (elapsed 222.016s)
[ITER 600] bestGlobalCost=314121.97 (feasible=YES) bestThisIter=314368.72 feasibleAnts=10 noImprove=50 (elapsed 225.986s)
[RESET] no improvement for50-> reset pheromones
[ITER 610] bestGlobalCost=314121.97 (feasible=YES) bestThisIter=314189.88 feasibleAnts=11 noImprove=10 (elapsed 229.369s)
[ITER 620] bestGlobalCost=314121.97 (feasible=YES) bestThisIter=314189.88 feasibleAnts=11 noImprove=20 (elapsed 233.094s)
[ITER 630] bestGlobalCost=314121.97 (feasible=YES) bestThisIter=314189.88 feasibleAnts=11 noImprove=30 (elapsed 237.137s)
[ITER 640] bestGlobalCost=314121.97 (feasible=YES) bestThisIter=314478.92 feasibleAnts=10 noImprove=40 (elapsed 241.11s)
[ITER 650] bestGlobalCost=314121.97 (feasible=YES) bestThisIter=314368.72 feasibleAnts=10 noImprove=50 (elapsed 244.951s)
[RESET] no improvement for50-> reset pheromones
[ITER 660] bestGlobalCost=314121.97 (feasible=YES) bestThisIter=314642.03 feasibleAnts=12 noImprove=10 (elapsed 248.251s)
[ITER 670] bestGlobalCost=314121.97 (feasible=YES) bestThisIter=314189.88 feasibleAnts=13 noImprove=20 (elapsed 252.194s)
[ITER 680] bestGlobalCost=314121.97 (feasible=YES) bestThisIter=314189.88 feasibleAnts=10 noImprove=30 (elapsed 256.081s)
[ITER 690] bestGlobalCost=314121.97 (feasible=YES) bestThisIter=314189.88 feasibleAnts=10 noImprove=40 (elapsed 260.189s)
[ITER 700] bestGlobalCost=314121.97 (feasible=YES) bestThisIter=314478.92 feasibleAnts=11 noImprove=50 (elapsed 263.979s)
[RESET] no improvement for50-> reset pheromones
[ITER 710] bestGlobalCost=314121.97 (feasible=YES) bestThisIter=314189.88 feasibleAnts=12 noImprove=10 (elapsed 267.487s)
[ITER 720] bestGlobalCost=314121.97 (feasible=YES) bestThisIter=314478.92 feasibleAnts=11 noImprove=20 (elapsed 271.25s)
[ITER 730] bestGlobalCost=314121.97 (feasible=YES) bestThisIter=314368.72 feasibleAnts=13 noImprove=30 (elapsed 275.114s)
[ITER 740] bestGlobalCost=314121.97 (feasible=YES) bestThisIter=314189.88 feasibleAnts=11 noImprove=40 (elapsed 279.263s)
[ITER 750] bestGlobalCost=314121.97 (feasible=YES) bestThisIter=314189.88 feasibleAnts=11 noImprove=50 (elapsed 283.481s)
[RESET] no improvement for50-> reset pheromones
[ITER 760] bestGlobalCost=314121.97 (feasible=YES) bestThisIter=314665.57 feasibleAnts=14 noImprove=10 (elapsed 286.661s)
[ITER 770] bestGlobalCost=314121.97 (feasible=YES) bestThisIter=314189.88 feasibleAnts=12 noImprove=20 (elapsed 291.005s)
[ITER 780] bestGlobalCost=314121.97 (feasible=YES) bestThisIter=314368.72 feasibleAnts=11 noImprove=30 (elapsed 294.721s)
[ITER 790] bestGlobalCost=314121.97 (feasible=YES) bestThisIter=314189.88 feasibleAnts=10 noImprove=40 (elapsed 298.855s)
1 4 5 7 19 21 31 33 34 61 68 70 71 72 74 76 79 81 87 90 95 99 100 108 115 133 138 139 140 141 142 145 154 155 160 164 172 185 186 188 202 205 209 211 221 229 231 232 234 244 246 254 258 
3 8 10 11 16 38 39 42 43 56 57 62 64 66 69 80 82 84 101 103 112 113 116 118 122 123 126 131 135 146 157 163 177 190 193 194 197 203 213 214 215 223 224 225 235 237 238 241 242 249 250 256 
6 15 17 20 24 29 32 37 40 41 47 51 52 55 59 60 67 75 78 85 92 97 102 105 109 110 127 132 134 136 147 158 159 162 165 168 169 171 175 176 178 181 201 210 219 222 226 227 233 243 245 255 259 
2 9 12 13 18 26 27 30 36 49 53 54 58 65 73 83 89 96 106 114 121 124 125 129 130 137 148 150 153 166 167 170 173 183 189 191 195 198 204 206 207 217 220 228 230 248 253 257 261 262 
14 22 23 25 28 35 44 45 46 48 50 63 77 86 88 91 93 94 98 104 107 111 117 119 120 128 143 144 149 151 152 156 161 174 179 180 182 184 187 192 196 199 200 208 212 216 218 236 239 240 247 251 252 260 
[SAVELOGS] evolution saved to results/logs/aco_logs/evolution/gil262_05_2.txt
[SAVELOGS] best cost saved to results/logs/aco_logs/objectives/gil262_05_2.txt
[SAVELOGS] best solution saved to results/logs/aco_logs/solutions/gil262_05_2.txt
