[ITER 1] New best cost=5328565.99 (feasible=YES, time 4.56265s)
[ITER 2] New best cost=5306818.63 (feasible=YES, time 7.93779s)
[ITER 3] New best cost=5299929.22 (feasible=YES, time 10.4904s)
[ITER 10] bestGlobalCost=5299929.22 (feasible=YES) bestThisIter=5299929.22 feasibleAnts=11 noImprove=7 (elapsed 36.722s)
[ITER 19] New best cost=5295348.47 (feasible=YES, time 63.4774s)
[ITER 20] bestGlobalCost=5295348.47 (feasible=YES) bestThisIter=5304615.36 feasibleAnts=10 noImprove=1 (elapsed 67.9813s)
[ITER 30] bestGlobalCost=5295348.47 (feasible=YES) bestThisIter=5295348.47 feasibleAnts=10 noImprove=11 (elapsed 101.653s)
[ITER 40] bestGlobalCost=5295348.47 (feasible=YES) bestThisIter=5303172.57 feasibleAnts=11 noImprove=21 (elapsed 136.085s)
[RESET] no improvement for30-> reset pheromones
[ITER 50] bestGlobalCost=5295348.47 (feasible=YES) bestThisIter=5301809.18 feasibleAnts=10 noImprove=1 (elapsed 168.4s)
[ITER 60] bestGlobalCost=5295348.47 (feasible=YES) bestThisIter=5299929.22 feasibleAnts=10 noImprove=11 (elapsed 202.05s)
[ITER 70] bestGlobalCost=5295348.47 (feasible=YES) bestThisIter=5300401.19 feasibleAnts=10 noImprove=21 (elapsed 231.41s)
[RESET] no improvement for30-> reset pheromones
[ITER 80] bestGlobalCost=5295348.47 (feasible=YES) bestThisIter=5317476.87 feasibleAnts=10 noImprove=1 (elapsed 263.19s)
[ITER 90] bestGlobalCost=5295348.47 (feasible=YES) bestThisIter=5299929.22 feasibleAnts=10 noImprove=11 (elapsed 293.879s)
[ITER 100] bestGlobalCost=5295348.47 (feasible=YES) bestThisIter=5302717.01 feasibleAnts=10 noImprove=21 (elapsed 323.958s)
[RESET] no improvement for30-> reset pheromones
[ITER 110] bestGlobalCost=5295348.47 (feasible=YES) bestThisIter=5312179.65 feasibleAnts=10 noImprove=1 (elapsed 355.356s)
[ITER 120] bestGlobalCost=5295348.47 (feasible=YES) bestThisIter=5299929.22 feasibleAnts=10 noImprove=11 (elapsed 390.173s)
[ITER 130] bestGlobalCost=5295348.47 (feasible=YES) bestThisIter=5295348.47 feasibleAnts=10 noImprove=21 (elapsed 422.43s)
[RESET] no improvement for30-> reset pheromones
[ITER 140] bestGlobalCost=5295348.47 (feasible=YES) bestThisIter=5318505.29 feasibleAnts=10 noImprove=1 (elapsed 454.25s)
[ITER 150] bestGlobalCost=5295348.47 (feasible=YES) bestThisIter=5308988.62 feasibleAnts=10 noImprove=11 (elapsed 485.569s)
[ITER 160] bestGlobalCost=5295348.47 (feasible=YES) bestThisIter=5303517.83 feasibleAnts=10 noImprove=21 (elapsed 515.898s)
[RESET] no improvement for30-> reset pheromones
[ITER 170] bestGlobalCost=5295348.47 (feasible=YES) bestThisIter=5321516.89 feasibleAnts=10 noImprove=1 (elapsed 547.948s)
[ITER 180] bestGlobalCost=5295348.47 (feasible=YES) bestThisIter=5295348.47 feasibleAnts=11 noImprove=11 (elapsed 583.217s)
[ITER 190] bestGlobalCost=5295348.47 (feasible=YES) bestThisIter=5295348.47 feasibleAnts=11 noImprove=21 (elapsed 614.114s)
[RESET] no improvement for30-> reset pheromones
[ITER 200] bestGlobalCost=5295348.47 (feasible=YES) bestThisIter=5317761.20 feasibleAnts=10 noImprove=1 (elapsed 647.959s)
[ITER 210] bestGlobalCost=5295348.47 (feasible=YES) bestThisIter=5299929.22 feasibleAnts=10 noImprove=11 (elapsed 679.944s)
[ITER 220] bestGlobalCost=5295348.47 (feasible=YES) bestThisIter=5295348.47 feasibleAnts=11 noImprove=21 (elapsed 712.653s)
[RESET] no improvement for30-> reset pheromones
[ITER 230] bestGlobalCost=5295348.47 (feasible=YES) bestThisIter=5307462.44 feasibleAnts=10 noImprove=1 (elapsed 746.738s)
[ITER 240] bestGlobalCost=5295348.47 (feasible=YES) bestThisIter=5295348.47 feasibleAnts=11 noImprove=11 (elapsed 779.077s)
[ITER 250] bestGlobalCost=5295348.47 (feasible=YES) bestThisIter=5295348.47 feasibleAnts=10 noImprove=21 (elapsed 812.095s)
[RESET] no improvement for30-> reset pheromones
[ITER 260] bestGlobalCost=5295348.47 (feasible=YES) bestThisIter=5322491.73 feasibleAnts=10 noImprove=1 (elapsed 843.351s)
[ITER 270] bestGlobalCost=5295348.47 (feasible=YES) bestThisIter=5305682.54 feasibleAnts=10 noImprove=11 (elapsed 876.564s)
[ITER 280] bestGlobalCost=5295348.47 (feasible=YES) bestThisIter=5310063.18 feasibleAnts=10 noImprove=21 (elapsed 906.162s)
[RESET] no improvement for30-> reset pheromones
[ITER 290] bestGlobalCost=5295348.47 (feasible=YES) bestThisIter=5309648.87 feasibleAnts=10 noImprove=1 (elapsed 937.027s)
[ITER 300] bestGlobalCost=5295348.47 (feasible=YES) bestThisIter=5295348.47 feasibleAnts=10 noImprove=11 (elapsed 969.837s)
[ITER 310] bestGlobalCost=5295348.47 (feasible=YES) bestThisIter=5311822.89 feasibleAnts=10 noImprove=21 (elapsed 999.643s)
[RESET] no improvement for30-> reset pheromones
[ITER 320] bestGlobalCost=5295348.47 (feasible=YES) bestThisIter=5324335.46 feasibleAnts=10 noImprove=1 (elapsed 1031.81s)
[ITER 330] bestGlobalCost=5295348.47 (feasible=YES) bestThisIter=5295348.47 feasibleAnts=10 noImprove=11 (elapsed 1065.06s)
[ITER 340] bestGlobalCost=5295348.47 (feasible=YES) bestThisIter=5303172.57 feasibleAnts=10 noImprove=21 (elapsed 1096.46s)
[RESET] no improvement for30-> reset pheromones
[ITER 350] bestGlobalCost=5295348.47 (feasible=YES) bestThisIter=5308317.81 feasibleAnts=10 noImprove=1 (elapsed 1129.82s)
[ITER 360] bestGlobalCost=5295348.47 (feasible=YES) bestThisIter=5295348.47 feasibleAnts=10 noImprove=11 (elapsed 1163.08s)
[ITER 370] bestGlobalCost=5295348.47 (feasible=YES) bestThisIter=5305047.74 feasibleAnts=10 noImprove=21 (elapsed 1195.96s)
[RESET] no improvement for30-> reset pheromones
[ITER 380] bestGlobalCost=5295348.47 (feasible=YES) bestThisIter=5328021.75 feasibleAnts=10 noImprove=1 (elapsed 1228.94s)
[ITER 390] bestGlobalCost=5295348.47 (feasible=YES) bestThisIter=5295348.47 feasibleAnts=10 noImprove=11 (elapsed 1262.02s)
[ITER 400] bestGlobalCost=5295348.47 (feasible=YES) bestThisIter=5321040.98 feasibleAnts=10 noImprove=21 (elapsed 1291.3s)
[RESET] no improvement for30-> reset pheromones
[ITER 410] bestGlobalCost=5295348.47 (feasible=YES) bestThisIter=5316340.94 feasibleAnts=10 noImprove=1 (elapsed 1325.76s)
[ITER 420] bestGlobalCost=5295348.47 (feasible=YES) bestThisIter=5320415.12 feasibleAnts=10 noImprove=11 (elapsed 1358.82s)
[ITER 430] bestGlobalCost=5295348.47 (feasible=YES) bestThisIter=5310885.44 feasibleAnts=11 noImprove=21 (elapsed 1393.41s)
[RESET] no improvement for30-> reset pheromones
[ITER 440] bestGlobalCost=5295348.47 (feasible=YES) bestThisIter=5309800.82 feasibleAnts=10 noImprove=1 (elapsed 1426.84s)
[ITER 450] bestGlobalCost=5295348.47 (feasible=YES) bestThisIter=5295348.47 feasibleAnts=10 noImprove=11 (elapsed 1459.99s)
[ITER 460] bestGlobalCost=5295348.47 (feasible=YES) bestThisIter=5295348.47 feasibleAnts=11 noImprove=21 (elapsed 1494.39s)
2 5 7 8 9 10 11 12 13 14 15 16 17 18 19 20 21 23 26 27 30 31 33 39 40 41 42 43 44 45 46 47 48 49 50 51 52 53 54 55 56 57 58 59 60 62 63 64 67 68 70 71 74 75 77 78 79 81 82 83 85 86 87 88 90 91 92 93 94 95 96 97 98 99 100 121 133 145 147 152 
61 76 101 102 104 250 251 252 253 254 255 256 257 258 259 260 261 262 263 264 265 266 267 268 269 270 271 272 273 274 275 276 277 278 279 280 281 282 283 284 285 286 287 288 289 290 291 292 293 294 295 296 297 369 370 371 372 373 374 375 376 377 378 379 384 385 386 387 394 395 396 397 398 399 408 409 410 411 412 413 414 415 416 417 
1 3 29 35 37 106 107 108 109 110 111 112 113 114 115 116 117 118 119 120 122 123 124 125 126 127 128 129 130 131 132 134 135 136 137 138 139 140 141 142 143 144 146 148 149 150 151 153 298 299 300 301 302 303 304 305 306 307 308 310 312 320 321 322 323 328 329 330 331 332 333 340 341 342 343 344 345 346 347 348 
65 66 69 72 73 80 84 89 103 105 202 203 204 205 206 207 208 209 210 211 212 213 214 215 216 217 218 219 220 221 222 223 224 225 226 227 228 229 230 231 232 233 234 235 236 237 238 239 240 241 242 243 244 245 246 247 248 249 358 359 360 361 362 363 364 365 366 367 368 380 381 382 383 388 389 390 391 392 393 400 401 402 403 404 405 406 407 
4 6 22 24 25 28 32 34 36 38 154 155 156 157 158 159 160 161 162 163 164 165 166 167 168 169 170 171 172 173 174 175 176 177 178 179 180 181 182 183 184 185 186 187 188 189 190 191 192 193 194 195 196 197 198 199 200 201 309 311 313 314 315 316 317 318 319 324 325 326 327 334 335 336 337 338 339 349 350 351 352 353 354 355 356 357 
[SAVELOGS] evolution saved to results/logs/aco_logs/evolution/fl417_05_3.txt
[SAVELOGS] best cost saved to results/logs/aco_logs/objectives/fl417_05_3.txt
[SAVELOGS] best solution saved to results/logs/aco_logs/solutions/fl417_05_3.txt
