[ITER 1] New best cost=5315427.24 (feasible=YES, time 3.99121s)
[ITER 2] New best cost=5312496.66 (feasible=YES, time 6.65768s)
[ITER 4] New best cost=5301809.18 (feasible=YES, time 12.4296s)
[ITER 8] New best cost=5301226.60 (feasible=YES, time 25.8758s)
[ITER 10] bestGlobalCost=5301226.60 (feasible=YES) bestThisIter=5301809.18 feasibleAnts=10 noImprove=2 (elapsed 35.1749s)
[ITER 13] New best cost=5297062.14 (feasible=YES, time 43.9333s)
[ITER 20] bestGlobalCost=5297062.14 (feasible=YES) bestThisIter=5303061.38 feasibleAnts=10 noImprove=7 (elapsed 66.4722s)
[ITER 30] bestGlobalCost=5297062.14 (feasible=YES) bestThisIter=5299929.22 feasibleAnts=10 noImprove=17 (elapsed 98.7655s)
[ITER 40] bestGlobalCost=5297062.14 (feasible=YES) bestThisIter=5297062.14 feasibleAnts=11 noImprove=27 (elapsed 131.026s)
[RESET] no improvement for30-> reset pheromones
[ITER 50] bestGlobalCost=5297062.14 (feasible=YES) bestThisIter=5307876.57 feasibleAnts=11 noImprove=7 (elapsed 163.136s)
[ITER 60] bestGlobalCost=5297062.14 (feasible=YES) bestThisIter=5301809.18 feasibleAnts=10 noImprove=17 (elapsed 195.91s)
[ITER 70] bestGlobalCost=5297062.14 (feasible=YES) bestThisIter=5297062.14 feasibleAnts=10 noImprove=27 (elapsed 229.368s)
[RESET] no improvement for30-> reset pheromones
[ITER 80] bestGlobalCost=5297062.14 (feasible=YES) bestThisIter=5297062.14 feasibleAnts=11 noImprove=7 (elapsed 261.866s)
[ITER 90] bestGlobalCost=5297062.14 (feasible=YES) bestThisIter=5297062.14 feasibleAnts=10 noImprove=17 (elapsed 289.553s)
[ITER 97] New best cost=5296121.96 (feasible=YES, time 308.893s)
[ITER 100] bestGlobalCost=5296121.96 (feasible=YES) bestThisIter=5296121.96 feasibleAnts=10 noImprove=3 (elapsed 320.23s)
[ITER 110] bestGlobalCost=5296121.96 (feasible=YES) bestThisIter=5314296.35 feasibleAnts=10 noImprove=13 (elapsed 352.156s)
[ITER 114] New best cost=5295348.47 (feasible=YES, time 361.565s)
[ITER 120] bestGlobalCost=5295348.47 (feasible=YES) bestThisIter=5295348.47 feasibleAnts=11 noImprove=6 (elapsed 380.534s)
[ITER 130] bestGlobalCost=5295348.47 (feasible=YES) bestThisIter=5306155.08 feasibleAnts=10 noImprove=16 (elapsed 413.482s)
[ITER 140] bestGlobalCost=5295348.47 (feasible=YES) bestThisIter=5295348.47 feasibleAnts=10 noImprove=26 (elapsed 445.034s)
[RESET] no improvement for30-> reset pheromones
[ITER 150] bestGlobalCost=5295348.47 (feasible=YES) bestThisIter=5299929.22 feasibleAnts=10 noImprove=6 (elapsed 475.87s)
[ITER 160] bestGlobalCost=5295348.47 (feasible=YES) bestThisIter=5308297.91 feasibleAnts=10 noImprove=16 (elapsed 504.849s)
[ITER 170] bestGlobalCost=5295348.47 (feasible=YES) bestThisIter=5297577.63 feasibleAnts=11 noImprove=26 (elapsed 535.834s)
[RESET] no improvement for30-> reset pheromones
[ITER 180] bestGlobalCost=5295348.47 (feasible=YES) bestThisIter=5295348.47 feasibleAnts=10 noImprove=6 (elapsed 568.544s)
[ITER 190] bestGlobalCost=5295348.47 (feasible=YES) bestThisIter=5318708.42 feasibleAnts=10 noImprove=16 (elapsed 600.48s)
[ITER 200] bestGlobalCost=5295348.47 (feasible=YES) bestThisIter=5307846.13 feasibleAnts=10 noImprove=26 (elapsed 628.976s)
[RESET] no improvement for30-> reset pheromones
[ITER 210] bestGlobalCost=5295348.47 (feasible=YES) bestThisIter=5303783.10 feasibleAnts=10 noImprove=6 (elapsed 661.908s)
[ITER 220] bestGlobalCost=5295348.47 (feasible=YES) bestThisIter=5312783.95 feasibleAnts=10 noImprove=16 (elapsed 692.131s)
[ITER 230] bestGlobalCost=5295348.47 (feasible=YES) bestThisIter=5295348.47 feasibleAnts=10 noImprove=26 (elapsed 721.733s)
[RESET] no improvement for30-> reset pheromones
[ITER 240] bestGlobalCost=5295348.47 (feasible=YES) bestThisIter=5299929.22 feasibleAnts=10 noImprove=6 (elapsed 757.099s)
[ITER 250] bestGlobalCost=5295348.47 (feasible=YES) bestThisIter=5306616.31 feasibleAnts=10 noImprove=16 (elapsed 789.018s)
[ITER 260] bestGlobalCost=5295348.47 (feasible=YES) bestThisIter=5295348.47 feasibleAnts=11 noImprove=26 (elapsed 821.313s)
[RESET] no improvement for30-> reset pheromones
[ITER 270] bestGlobalCost=5295348.47 (feasible=YES) bestThisIter=5295348.47 feasibleAnts=10 noImprove=6 (elapsed 852.17s)
[ITER 280] bestGlobalCost=5295348.47 (feasible=YES) bestThisIter=5299929.22 feasibleAnts=10 noImprove=16 (elapsed 883.147s)
[ITER 290] bestGlobalCost=5295348.47 (feasible=YES) bestThisIter=5295348.47 feasibleAnts=10 noImprove=26 (elapsed 914.639s)
[RESET] no improvement for30-> reset pheromones
[ITER 300] bestGlobalCost=5295348.47 (feasible=YES) bestThisIter=5303061.38 feasibleAnts=10 noImprove=6 (elapsed 950.655s)
[ITER 310] bestGlobalCost=5295348.47 (feasible=YES) bestThisIter=5321924.25 feasibleAnts=10 noImprove=16 (elapsed 982.205s)
[ITER 320] bestGlobalCost=5295348.47 (feasible=YES) bestThisIter=5310815.47 feasibleAnts=10 noImprove=26 (elapsed 1015.35s)
[RESET] no improvement for30-> reset pheromones
[ITER 330] bestGlobalCost=5295348.47 (feasible=YES) bestThisIter=5312783.95 feasibleAnts=10 noImprove=6 (elapsed 1050.3s)
[ITER 340] bestGlobalCost=5295348.47 (feasible=YES) bestThisIter=5295348.47 feasibleAnts=11 noImprove=16 (elapsed 1081.68s)
[ITER 350] bestGlobalCost=5295348.47 (feasible=YES) bestThisIter=5295348.47 feasibleAnts=11 noImprove=26 (elapsed 1113.52s)
[RESET] no improvement for30-> reset pheromones
[ITER 360] bestGlobalCost=5295348.47 (feasible=YES) bestThisIter=5299929.22 feasibleAnts=10 noImprove=6 (elapsed 1147.99s)
[ITER 370] bestGlobalCost=5295348.47 (feasible=YES) bestThisIter=5301226.60 feasibleAnts=10 noImprove=16 (elapsed 1179.17s)
[ITER 380] bestGlobalCost=5295348.47 (feasible=YES) bestThisIter=5295348.47 feasibleAnts=11 noImprove=26 (elapsed 1210.91s)
[RESET] no improvement for30-> reset pheromones
[ITER 390] bestGlobalCost=5295348.47 (feasible=YES) bestThisIter=5299929.22 feasibleAnts=10 noImprove=6 (elapsed 1241.97s)
[ITER 400] bestGlobalCost=5295348.47 (feasible=YES) bestThisIter=5295348.47 feasibleAnts=13 noImprove=16 (elapsed 1272.51s)
[ITER 410] bestGlobalCost=5295348.47 (feasible=YES) bestThisIter=5295348.47 feasibleAnts=11 noImprove=26 (elapsed 1303.74s)
[RESET] no improvement for30-> reset pheromones
[ITER 420] bestGlobalCost=5295348.47 (feasible=YES) bestThisIter=5295348.47 feasibleAnts=10 noImprove=6 (elapsed 1337.02s)
[ITER 430] bestGlobalCost=5295348.47 (feasible=YES) bestThisIter=5295348.47 feasibleAnts=12 noImprove=16 (elapsed 1365.83s)
[ITER 440] bestGlobalCost=5295348.47 (feasible=YES) bestThisIter=5295348.47 feasibleAnts=10 noImprove=26 (elapsed 1397.87s)
[RESET] no improvement for30-> reset pheromones
[ITER 450] bestGlobalCost=5295348.47 (feasible=YES) bestThisIter=5301226.60 feasibleAnts=10 noImprove=6 (elapsed 1430.02s)
[ITER 460] bestGlobalCost=5295348.47 (feasible=YES) bestThisIter=5295348.47 feasibleAnts=10 noImprove=16 (elapsed 1462.43s)
[ITER 470] bestGlobalCost=5295348.47 (feasible=YES) bestThisIter=5308213.10 feasibleAnts=10 noImprove=26 (elapsed 1494.85s)
61 76 101 102 104 250 251 252 253 254 255 256 257 258 259 260 261 262 263 264 265 266 267 268 269 270 271 272 273 274 275 276 277 278 279 280 281 282 283 284 285 286 287 288 289 290 291 292 293 294 295 296 297 369 370 371 372 373 374 375 376 377 378 379 384 385 386 387 394 395 396 397 398 399 408 409 410 411 412 413 414 415 416 417 
1 3 29 35 37 106 107 108 109 110 111 112 113 114 115 116 117 118 119 120 122 123 124 125 126 127 128 129 130 131 132 134 135 136 137 138 139 140 141 142 143 144 146 148 149 150 151 153 298 299 300 301 302 303 304 305 306 307 308 310 312 320 321 322 323 328 329 330 331 332 333 340 341 342 343 344 345 346 347 348 
65 66 69 72 73 80 84 89 103 105 202 203 204 205 206 207 208 209 210 211 212 213 214 215 216 217 218 219 220 221 222 223 224 225 226 227 228 229 230 231 232 233 234 235 236 237 238 239 240 241 242 243 244 245 246 247 248 249 358 359 360 361 362 363 364 365 366 367 368 380 381 382 383 388 389 390 391 392 393 400 401 402 403 404 405 406 407 
4 6 22 24 25 28 32 34 36 38 154 155 156 157 158 159 160 161 162 163 164 165 166 167 168 169 170 171 172 173 174 175 176 177 178 179 180 181 182 183 184 185 186 187 188 189 190 191 192 193 194 195 196 197 198 199 200 201 309 311 313 314 315 316 317 318 319 324 325 326 327 334 335 336 337 338 339 349 350 351 352 353 354 355 356 357 
2 5 7 8 9 10 11 12 13 14 15 16 17 18 19 20 21 23 26 27 30 31 33 39 40 41 42 43 44 45 46 47 48 49 50 51 52 53 54 55 56 57 58 59 60 62 63 64 67 68 70 71 74 75 77 78 79 81 82 83 85 86 87 88 90 91 92 93 94 95 96 97 98 99 100 121 133 145 147 152 
[SAVELOGS] evolution saved to results/logs/aco_logs/evolution/fl417_05_3.txt
[SAVELOGS] best cost saved to results/logs/aco_logs/objectives/fl417_05_3.txt
[SAVELOGS] best solution saved to results/logs/aco_logs/solutions/fl417_05_3.txt
