[ITER 1] New best cost=3938625.51 (feasible=YES, time 5.90757s)
[ITER 2] New best cost=3920887.50 (feasible=YES, time 12.4041s)
[ITER 3] New best cost=3907850.63 (feasible=YES, time 19.1418s)
[ITER 4] New best cost=3906867.15 (feasible=YES, time 24.4314s)
[ITER 5] New best cost=3886687.43 (feasible=YES, time 28.8678s)
[ITER 7] New best cost=3885234.03 (feasible=YES, time 40.3171s)
[ITER 10] bestGlobalCost=3885234.03 (feasible=YES) bestThisIter=3905023.83 feasibleAnts=10 noImprove=3 (elapsed 66.798s)
[ITER 12] New best cost=3883470.89 (feasible=YES, time 81.0536s)
[ITER 13] New best cost=3870086.01 (feasible=YES, time 87.0039s)
[ITER 19] New best cost=3865113.81 (feasible=YES, time 120.226s)
[ITER 20] [TS] New best cost=3847389.31 (feasible=YES, time 125.999s)
[ITER 20] bestGlobalCost=3847389.31 (feasible=YES) bestThisIter=3847389.31 feasibleAnts=10 noImprove=1 (elapsed 132.215s)
[ITER 30] bestGlobalCost=3847389.31 (feasible=YES) bestThisIter=3867057.30 feasibleAnts=9 noImprove=11 (elapsed 188.809s)
[ITER 32] New best cost=3845320.98 (feasible=YES, time 196.7s)
[ITER 40] bestGlobalCost=3845320.98 (feasible=YES) bestThisIter=3856219.98 feasibleAnts=10 noImprove=8 (elapsed 244.375s)
[ITER 50] bestGlobalCost=3845320.98 (feasible=YES) bestThisIter=3851975.81 feasibleAnts=10 noImprove=18 (elapsed 299.471s)
[ITER 60] bestGlobalCost=3845320.98 (feasible=YES) bestThisIter=3878034.06 feasibleAnts=10 noImprove=28 (elapsed 356.194s)
[RESET] no improvement for30-> reset pheromones
[ITER 70] bestGlobalCost=3845320.98 (feasible=YES) bestThisIter=3874475.48 feasibleAnts=10 noImprove=8 (elapsed 414.931s)
[ITER 80] [TS] New best cost=3844197.59 (feasible=YES, time 460.017s)
[ITER 80] bestGlobalCost=3844197.59 (feasible=YES) bestThisIter=3856749.49 feasibleAnts=10 noImprove=1 (elapsed 466.215s)
[ITER 83] New best cost=3843075.73 (feasible=YES, time 479.701s)
[ITER 90] bestGlobalCost=3843075.73 (feasible=YES) bestThisIter=3843075.73 feasibleAnts=10 noImprove=7 (elapsed 526.432s)
[ITER 100] bestGlobalCost=3843075.73 (feasible=YES) bestThisIter=3864432.18 feasibleAnts=10 noImprove=17 (elapsed 588.818s)
[ITER 110] bestGlobalCost=3843075.73 (feasible=YES) bestThisIter=3876359.55 feasibleAnts=10 noImprove=27 (elapsed 642.997s)
[RESET] no improvement for30-> reset pheromones
[ITER 120] bestGlobalCost=3843075.73 (feasible=YES) bestThisIter=3843075.73 feasibleAnts=10 noImprove=7 (elapsed 697.93s)
[ITER 121] New best cost=3842141.30 (feasible=YES, time 701.017s)
[ITER 130] bestGlobalCost=3842141.30 (feasible=YES) bestThisIter=3863831.50 feasibleAnts=10 noImprove=9 (elapsed 750.328s)
[ITER 140] bestGlobalCost=3842141.30 (feasible=YES) bestThisIter=3857747.60 feasibleAnts=10 noImprove=19 (elapsed 804.297s)
[ITER 150] bestGlobalCost=3842141.30 (feasible=YES) bestThisIter=3869672.01 feasibleAnts=10 noImprove=29 (elapsed 857.135s)
[RESET] no improvement for30-> reset pheromones
[ITER 160] bestGlobalCost=3842141.30 (feasible=YES) bestThisIter=3842141.30 feasibleAnts=10 noImprove=9 (elapsed 916.198s)
[ITER 170] bestGlobalCost=3842141.30 (feasible=YES) bestThisIter=3892144.85 feasibleAnts=10 noImprove=19 (elapsed 970.747s)
[ITER 180] bestGlobalCost=3842141.30 (feasible=YES) bestThisIter=3867475.53 feasibleAnts=10 noImprove=29 (elapsed 1027.85s)
[RESET] no improvement for30-> reset pheromones
[ITER 190] bestGlobalCost=3842141.30 (feasible=YES) bestThisIter=3869297.80 feasibleAnts=10 noImprove=9 (elapsed 1097.33s)
[ITER 200] bestGlobalCost=3842141.30 (feasible=YES) bestThisIter=3860589.89 feasibleAnts=10 noImprove=19 (elapsed 1153.34s)
[ITER 210] bestGlobalCost=3842141.30 (feasible=YES) bestThisIter=3851975.96 feasibleAnts=10 noImprove=29 (elapsed 1213.45s)
[RESET] no improvement for30-> reset pheromones
[ITER 220] bestGlobalCost=3842141.30 (feasible=YES) bestThisIter=3866907.87 feasibleAnts=10 noImprove=9 (elapsed 1274.81s)
[ITER 226] New best cost=3839097.52 (feasible=YES, time 1300.3s)
[ITER 230] bestGlobalCost=3839097.52 (feasible=YES) bestThisIter=3856290.00 feasibleAnts=10 noImprove=4 (elapsed 1329.49s)
[ITER 240] bestGlobalCost=3839097.52 (feasible=YES) bestThisIter=3852111.73 feasibleAnts=10 noImprove=14 (elapsed 1386.27s)
[ITER 250] bestGlobalCost=3839097.52 (feasible=YES) bestThisIter=3854280.09 feasibleAnts=10 noImprove=24 (elapsed 1441.74s)
[RESET] no improvement for30-> reset pheromones
[ITER 260] bestGlobalCost=3839097.52 (feasible=YES) bestThisIter=3853720.34 feasibleAnts=10 noImprove=4 (elapsed 1496.13s)
[ITER 261] New best cost=3837510.83 (feasible=YES, time 1500.54s)
362 366 372 373 379 388 394 395 401 402 403 406 410 418 419 421 426 427 428 430 439 440 441 442 452 453 454 455 456 474 475 476 477 478 479 480 481 482 484 485 486 487 488 489 490 491 492 493 
25 223 231 236 240 268 272 276 297 298 304 310 317 318 326 330 334 337 341 342 345 349 350 352 358 364 369 370 371 382 385 389 390 391 392 397 398 399 411 422 423 429 431 457 458 461 462 464 
143 151 153 157 158 164 165 168 169 177 178 183 187 188 191 192 193 195 196 199 200 202 203 204 205 207 213 214 217 219 221 226 227 228 232 237 238 239 250 251 252 258 261 283 285 335 
87 88 89 90 91 92 93 94 95 97 98 100 101 102 103 104 105 106 107 108 109 110 111 112 113 114 115 117 118 119 120 121 122 123 124 125 126 127 129 130 131 133 134 135 136 137 138 140 141 145 148 152 
249 253 254 262 263 264 265 270 274 275 284 286 287 288 294 295 296 300 302 303 307 311 312 313 315 316 319 320 324 328 331 332 336 339 340 344 347 348 351 354 355 356 361 363 367 376 380 384 420 
5 7 8 9 10 11 13 14 15 16 17 18 19 20 53 54 55 56 57 58 59 60 61 62 63 64 66 67 68 69 70 71 72 73 74 75 76 77 78 79 80 81 82 83 84 85 86 96 99 116 128 139 
220 229 233 234 242 243 244 245 246 247 248 256 257 259 260 267 271 273 278 279 280 281 282 289 290 291 292 293 299 306 308 309 314 321 322 323 325 327 329 333 338 343 346 353 357 359 360 365 368 375 377 
132 142 144 146 147 149 150 154 155 156 159 160 161 162 163 166 167 171 172 174 175 176 179 180 181 182 184 185 186 189 190 194 197 198 201 206 208 209 211 212 215 216 218 222 230 241 255 277 
1 2 3 4 6 12 21 22 23 24 26 27 28 29 30 31 32 33 34 35 36 37 38 39 40 41 42 43 44 45 46 47 48 49 50 51 52 65 170 173 210 224 225 235 266 269 301 305 
374 378 381 383 386 387 393 396 400 404 405 407 408 409 412 413 414 415 416 417 424 425 432 433 434 435 436 437 438 443 444 445 446 447 448 449 450 451 459 460 463 465 466 467 468 469 470 471 472 473 483 
[SAVELOGS] evolution saved to results/logs/aco_logs/evolution/d493_10_5.txt
[SAVELOGS] best cost saved to results/logs/aco_logs/objectives/d493_10_5.txt
[SAVELOGS] best solution saved to results/logs/aco_logs/solutions/d493_10_5.txt
