[ITER 1] New best cost=3712.29 (feasible=YES, time 0.0127789s)
[ITER 3] New best cost=3689.44 (feasible=YES, time 0.0433396s)
[ITER 10] [TS] New best cost=3671.28 (feasible=YES, time 0.19792s)
[ITER 10] bestGlobalCost=3671.28 (feasible=YES) bestThisIter=3689.44 feasibleAnts=37 noImprove=1 (elapsed 0.296065s)
[ITER 20] bestGlobalCost=3671.28 (feasible=YES) bestThisIter=3671.28 feasibleAnts=37 noImprove=11 (elapsed 0.608881s)
[ITER 30] bestGlobalCost=3671.28 (feasible=YES) bestThisIter=3671.28 feasibleAnts=35 noImprove=21 (elapsed 0.799502s)
[RESET] no improvement for30-> reset pheromones
[ITER 40] bestGlobalCost=3671.28 (feasible=YES) bestThisIter=3689.44 feasibleAnts=13 noImprove=1 (elapsed 1.02024s)
[ITER 50] bestGlobalCost=3671.28 (feasible=YES) bestThisIter=3671.28 feasibleAnts=33 noImprove=11 (elapsed 1.20215s)
[ITER 60] bestGlobalCost=3671.28 (feasible=YES) bestThisIter=3671.28 feasibleAnts=34 noImprove=21 (elapsed 1.40939s)
[RESET] no improvement for30-> reset pheromones
[ITER 70] bestGlobalCost=3671.28 (feasible=YES) bestThisIter=3909.05 feasibleAnts=11 noImprove=1 (elapsed 1.62371s)
[ITER 80] bestGlobalCost=3671.28 (feasible=YES) bestThisIter=3671.28 feasibleAnts=36 noImprove=11 (elapsed 1.76877s)
[ITER 90] bestGlobalCost=3671.28 (feasible=YES) bestThisIter=3671.28 feasibleAnts=37 noImprove=21 (elapsed 1.97397s)
[RESET] no improvement for30-> reset pheromones
[ITER 100] bestGlobalCost=3671.28 (feasible=YES) bestThisIter=3712.29 feasibleAnts=13 noImprove=1 (elapsed 2.18282s)
[ITER 110] bestGlobalCost=3671.28 (feasible=YES) bestThisIter=3671.28 feasibleAnts=36 noImprove=11 (elapsed 2.32476s)
[ITER 120] bestGlobalCost=3671.28 (feasible=YES) bestThisIter=3671.28 feasibleAnts=34 noImprove=21 (elapsed 2.4672s)
[RESET] no improvement for30-> reset pheromones
[ITER 130] bestGlobalCost=3671.28 (feasible=YES) bestThisIter=3689.44 feasibleAnts=11 noImprove=1 (elapsed 2.67665s)
[ITER 140] bestGlobalCost=3671.28 (feasible=YES) bestThisIter=3671.28 feasibleAnts=38 noImprove=11 (elapsed 2.87725s)
[ITER 150] bestGlobalCost=3671.28 (feasible=YES) bestThisIter=3671.28 feasibleAnts=36 noImprove=21 (elapsed 3.05923s)
[RESET] no improvement for30-> reset pheromones
[ITER 160] bestGlobalCost=3671.28 (feasible=YES) bestThisIter=3689.44 feasibleAnts=11 noImprove=1 (elapsed 3.27186s)
[ITER 170] bestGlobalCost=3671.28 (feasible=YES) bestThisIter=3671.28 feasibleAnts=37 noImprove=11 (elapsed 3.43724s)
[ITER 180] bestGlobalCost=3671.28 (feasible=YES) bestThisIter=3671.28 feasibleAnts=37 noImprove=21 (elapsed 3.6399s)
[RESET] no improvement for30-> reset pheromones
[ITER 190] bestGlobalCost=3671.28 (feasible=YES) bestThisIter=3712.29 feasibleAnts=10 noImprove=1 (elapsed 3.84996s)
[ITER 200] bestGlobalCost=3671.28 (feasible=YES) bestThisIter=3671.28 feasibleAnts=36 noImprove=11 (elapsed 4.0086s)
[ITER 210] bestGlobalCost=3671.28 (feasible=YES) bestThisIter=3671.28 feasibleAnts=33 noImprove=21 (elapsed 4.17164s)
[RESET] no improvement for30-> reset pheromones
[ITER 220] bestGlobalCost=3671.28 (feasible=YES) bestThisIter=3671.28 feasibleAnts=10 noImprove=1 (elapsed 4.37785s)
[ITER 230] bestGlobalCost=3671.28 (feasible=YES) bestThisIter=3671.28 feasibleAnts=31 noImprove=11 (elapsed 4.55754s)
[ITER 240] bestGlobalCost=3671.28 (feasible=YES) bestThisIter=3671.28 feasibleAnts=36 noImprove=21 (elapsed 4.7133s)
[RESET] no improvement for30-> reset pheromones
[ITER 250] bestGlobalCost=3671.28 (feasible=YES) bestThisIter=3694.13 feasibleAnts=10 noImprove=1 (elapsed 4.92929s)
[ITER 260] bestGlobalCost=3671.28 (feasible=YES) bestThisIter=3671.28 feasibleAnts=34 noImprove=11 (elapsed 5.09444s)
[ITER 270] bestGlobalCost=3671.28 (feasible=YES) bestThisIter=3671.28 feasibleAnts=34 noImprove=21 (elapsed 5.27757s)
[RESET] no improvement for30-> reset pheromones
[ITER 280] bestGlobalCost=3671.28 (feasible=YES) bestThisIter=3712.29 feasibleAnts=12 noImprove=1 (elapsed 5.48317s)
[ITER 290] bestGlobalCost=3671.28 (feasible=YES) bestThisIter=3671.28 feasibleAnts=33 noImprove=11 (elapsed 5.66262s)
[ITER 300] bestGlobalCost=3671.28 (feasible=YES) bestThisIter=3671.28 feasibleAnts=35 noImprove=21 (elapsed 5.85107s)
[RESET] no improvement for30-> reset pheromones
[ITER 310] bestGlobalCost=3671.28 (feasible=YES) bestThisIter=3717.92 feasibleAnts=12 noImprove=1 (elapsed 6.00779s)
[ITER 320] bestGlobalCost=3671.28 (feasible=YES) bestThisIter=3671.28 feasibleAnts=31 noImprove=11 (elapsed 6.15194s)
[ITER 330] bestGlobalCost=3671.28 (feasible=YES) bestThisIter=3671.28 feasibleAnts=35 noImprove=21 (elapsed 6.31325s)
[RESET] no improvement for30-> reset pheromones
[ITER 340] bestGlobalCost=3671.28 (feasible=YES) bestThisIter=3671.28 feasibleAnts=12 noImprove=1 (elapsed 6.4689s)
[ITER 350] bestGlobalCost=3671.28 (feasible=YES) bestThisIter=3671.28 feasibleAnts=32 noImprove=11 (elapsed 6.58861s)
[ITER 360] bestGlobalCost=3671.28 (feasible=YES) bestThisIter=3671.28 feasibleAnts=38 noImprove=21 (elapsed 6.72449s)
[RESET] no improvement for30-> reset pheromones
[ITER 370] bestGlobalCost=3671.28 (feasible=YES) bestThisIter=3689.44 feasibleAnts=11 noImprove=1 (elapsed 6.87561s)
[ITER 380] bestGlobalCost=3671.28 (feasible=YES) bestThisIter=3671.28 feasibleAnts=36 noImprove=11 (elapsed 7.01173s)
[ITER 390] bestGlobalCost=3671.28 (feasible=YES) bestThisIter=3671.28 feasibleAnts=35 noImprove=21 (elapsed 7.15808s)
[RESET] no improvement for30-> reset pheromones
[ITER 400] bestGlobalCost=3671.28 (feasible=YES) bestThisIter=3694.13 feasibleAnts=12 noImprove=1 (elapsed 7.31268s)
[ITER 410] bestGlobalCost=3671.28 (feasible=YES) bestThisIter=3671.28 feasibleAnts=32 noImprove=11 (elapsed 7.41796s)
[ITER 420] bestGlobalCost=3671.28 (feasible=YES) bestThisIter=3671.28 feasibleAnts=33 noImprove=21 (elapsed 7.55451s)
[RESET] no improvement for30-> reset pheromones
[ITER 430] bestGlobalCost=3671.28 (feasible=YES) bestThisIter=3677.15 feasibleAnts=11 noImprove=1 (elapsed 7.71251s)
[ITER 440] bestGlobalCost=3671.28 (feasible=YES) bestThisIter=3671.28 feasibleAnts=35 noImprove=11 (elapsed 7.83496s)
[ITER 450] bestGlobalCost=3671.28 (feasible=YES) bestThisIter=3671.28 feasibleAnts=34 noImprove=21 (elapsed 7.96002s)
[RESET] no improvement for30-> reset pheromones
[ITER 460] bestGlobalCost=3671.28 (feasible=YES) bestThisIter=3671.28 feasibleAnts=10 noImprove=1 (elapsed 8.11068s)
[ITER 470] bestGlobalCost=3671.28 (feasible=YES) bestThisIter=3671.28 feasibleAnts=34 noImprove=11 (elapsed 8.22833s)
[ITER 480] bestGlobalCost=3671.28 (feasible=YES) bestThisIter=3671.28 feasibleAnts=34 noImprove=21 (elapsed 8.38218s)
[RESET] no improvement for30-> reset pheromones
[ITER 490] bestGlobalCost=3671.28 (feasible=YES) bestThisIter=3689.44 feasibleAnts=10 noImprove=1 (elapsed 8.54149s)
[ITER 500] bestGlobalCost=3671.28 (feasible=YES) bestThisIter=3671.28 feasibleAnts=32 noImprove=11 (elapsed 8.66053s)
[ITER 510] bestGlobalCost=3671.28 (feasible=YES) bestThisIter=3671.28 feasibleAnts=36 noImprove=21 (elapsed 8.79974s)
[RESET] no improvement for30-> reset pheromones
[ITER 520] bestGlobalCost=3671.28 (feasible=YES) bestThisIter=3689.44 feasibleAnts=10 noImprove=1 (elapsed 8.95122s)
[ITER 530] bestGlobalCost=3671.28 (feasible=YES) bestThisIter=3671.28 feasibleAnts=34 noImprove=11 (elapsed 9.1053s)
[ITER 540] bestGlobalCost=3671.28 (feasible=YES) bestThisIter=3671.28 feasibleAnts=34 noImprove=21 (elapsed 9.258s)
[RESET] no improvement for30-> reset pheromones
[ITER 550] bestGlobalCost=3671.28 (feasible=YES) bestThisIter=3689.44 feasibleAnts=12 noImprove=1 (elapsed 9.41959s)
[ITER 560] bestGlobalCost=3671.28 (feasible=YES) bestThisIter=3671.28 feasibleAnts=36 noImprove=11 (elapsed 9.56131s)
[ITER 570] bestGlobalCost=3671.28 (feasible=YES) bestThisIter=3671.28 feasibleAnts=35 noImprove=21 (elapsed 9.6881s)
[RESET] no improvement for30-> reset pheromones
[ITER 580] bestGlobalCost=3671.28 (feasible=YES) bestThisIter=3689.44 feasibleAnts=12 noImprove=1 (elapsed 9.84061s)
[ITER 590] bestGlobalCost=3671.28 (feasible=YES) bestThisIter=3671.28 feasibleAnts=31 noImprove=11 (elapsed 9.94713s)
21 22 32 38 39 46 54 55 
6 8 14 15 18 23 31 34 36 43 47 48 49 52 
2 3 4 10 11 13 17 20 24 25 29 45 
7 16 19 26 27 33 40 42 
1 5 9 30 37 50 51 
12 28 35 41 44 53 
[SAVELOGS] evolution saved to results/logs/aco_logs/evolution/muestra2_55_6.txt
[SAVELOGS] best cost saved to results/logs/aco_logs/objectives/muestra2_55_6.txt
[SAVELOGS] best solution saved to results/logs/aco_logs/solutions/muestra2_55_6.txt
