[ITER 1] New best cost=535695.53 (feasible=YES, time 0.208812s)
[ITER 2] New best cost=527285.84 (feasible=YES, time 0.371085s)
[ITER 3] New best cost=515665.63 (feasible=YES, time 0.504192s)
[ITER 4] New best cost=509351.58 (feasible=YES, time 0.647219s)
[ITER 7] New best cost=508848.46 (feasible=YES, time 1.07774s)
[ITER 10] New best cost=497109.20 (feasible=YES, time 1.48164s)
[ITER 10] bestGlobalCost=497109.20 (feasible=YES) bestThisIter=497109.20 feasibleAnts=10 noImprove=0 (elapsed 1.50888s)
[ITER 11] New best cost=492759.53 (feasible=YES, time 1.63501s)
[ITER 15] New best cost=492047.63 (feasible=YES, time 2.99539s)
[ITER 15] New best cost=491434.22 (feasible=YES, time 5.61022s)
[ITER 19] New best cost=491133.19 (feasible=YES, time 6.89792s)
[ITER 20] bestGlobalCost=491133.19 (feasible=YES) bestThisIter=491434.22 feasibleAnts=14 noImprove=1 (elapsed 7.01459s)
[ITER 23] New best cost=491090.78 (feasible=YES, time 7.34248s)
[ITER 30] bestGlobalCost=491090.78 (feasible=YES) bestThisIter=491090.78 feasibleAnts=10 noImprove=7 (elapsed 12.4116s)
[ITER 40] bestGlobalCost=491090.78 (feasible=YES) bestThisIter=508596.95 feasibleAnts=10 noImprove=17 (elapsed 13.6576s)
[ITER 50] bestGlobalCost=491090.78 (feasible=YES) bestThisIter=518466.62 feasibleAnts=10 noImprove=27 (elapsed 19.4799s)
[RESET] no improvement for30-> reset pheromones
[ITER 60] bestGlobalCost=491090.78 (feasible=YES) bestThisIter=523539.33 feasibleAnts=10 noImprove=7 (elapsed 25.4355s)
[ITER 70] bestGlobalCost=491090.78 (feasible=YES) bestThisIter=517724.29 feasibleAnts=10 noImprove=17 (elapsed 27.0543s)
[ITER 80] bestGlobalCost=491090.78 (feasible=YES) bestThisIter=511694.01 feasibleAnts=10 noImprove=27 (elapsed 32.7294s)
[RESET] no improvement for30-> reset pheromones
[ITER 90] bestGlobalCost=491090.78 (feasible=YES) bestThisIter=523406.10 feasibleAnts=10 noImprove=7 (elapsed 38.7328s)
[ITER 100] bestGlobalCost=491090.78 (feasible=YES) bestThisIter=509295.80 feasibleAnts=10 noImprove=17 (elapsed 40.2468s)
[ITER 110] bestGlobalCost=491090.78 (feasible=YES) bestThisIter=493516.04 feasibleAnts=10 noImprove=27 (elapsed 45.8727s)
[RESET] no improvement for30-> reset pheromones
[ITER 120] bestGlobalCost=491090.78 (feasible=YES) bestThisIter=503713.57 feasibleAnts=10 noImprove=7 (elapsed 51.8394s)
[ITER 130] bestGlobalCost=491090.78 (feasible=YES) bestThisIter=506749.60 feasibleAnts=10 noImprove=17 (elapsed 53.6089s)
[ITER 140] bestGlobalCost=491090.78 (feasible=YES) bestThisIter=505012.02 feasibleAnts=10 noImprove=27 (elapsed 59.361s)
[RESET] no improvement for30-> reset pheromones
68 75 77 81 84 117 
86 87 88 96 109 119 
63 82 83 101 102 126 
8 9 18 67 72 73 74 
65 89 92 99 104 125 
6 11 15 105 106 108 114 
44 93 95 97 103 123 
69 70 71 85 110 
3 7 10 13 115 120 
98 107 112 127 
12 27 31 76 78 79 80 
5 50 52 55 56 124 
1 2 14 16 35 36 37 
46 47 48 49 94 111 118 
26 30 34 39 40 41 42 43 
45 51 53 54 57 121 
25 28 29 32 33 38 122 
4 17 19 20 21 22 23 24 
58 64 66 90 100 113 
59 60 61 62 91 116 
[SAVELOGS] evolution saved to results/logs/bier127_20_2/evolution/bier127_20_2
[SAVELOGS] best cost saved to results/logs/bier127_20_2/objectives/bier127_20_2
[SAVELOGS] best solution saved to results/logs/bier127_20_2/solutions/bier127_20_2
