[ITER 1] New best cost=1613461.04 (feasible=YES, time 6.67464s)
[ITER 2] New best cost=1548871.20 (feasible=YES, time 11.0002s)
[ITER 3] New best cost=1540604.61 (feasible=YES, time 15.2755s)
[ITER 4] New best cost=1528431.93 (feasible=YES, time 19.6129s)
[ITER 7] New best cost=1511941.65 (feasible=YES, time 36.0583s)
[ITER 10] bestGlobalCost=1511941.65 (feasible=YES) bestThisIter=1521922.67 feasibleAnts=10 noImprove=3 (elapsed 53.9112s)
[ITER 11] New best cost=1507526.36 (feasible=YES, time 58.4147s)
[ITER 20] bestGlobalCost=1507526.36 (feasible=YES) bestThisIter=1531801.39 feasibleAnts=10 noImprove=9 (elapsed 109.138s)
[ITER 30] bestGlobalCost=1507526.36 (feasible=YES) bestThisIter=1557475.68 feasibleAnts=10 noImprove=19 (elapsed 162.058s)
[ITER 32] New best cost=1490511.20 (feasible=YES, time 172.552s)
[ITER 40] bestGlobalCost=1490511.20 (feasible=YES) bestThisIter=1525047.49 feasibleAnts=10 noImprove=8 (elapsed 211.216s)
[ITER 50] bestGlobalCost=1490511.20 (feasible=YES) bestThisIter=1548810.38 feasibleAnts=10 noImprove=18 (elapsed 259.994s)
[ITER 60] bestGlobalCost=1490511.20 (feasible=YES) bestThisIter=1514920.33 feasibleAnts=10 noImprove=28 (elapsed 307.094s)
[RESET] no improvement for30-> reset pheromones
[ITER 70] bestGlobalCost=1490511.20 (feasible=YES) bestThisIter=1507911.84 feasibleAnts=10 noImprove=8 (elapsed 359.274s)
[ITER 80] bestGlobalCost=1490511.20 (feasible=YES) bestThisIter=1507891.05 feasibleAnts=10 noImprove=18 (elapsed 412.508s)
[ITER 90] bestGlobalCost=1490511.20 (feasible=YES) bestThisIter=1531157.35 feasibleAnts=10 noImprove=28 (elapsed 464.955s)
[RESET] no improvement for30-> reset pheromones
[ITER 100] bestGlobalCost=1490511.20 (feasible=YES) bestThisIter=1517050.11 feasibleAnts=10 noImprove=8 (elapsed 515.959s)
[ITER 110] bestGlobalCost=1490511.20 (feasible=YES) bestThisIter=1517870.89 feasibleAnts=10 noImprove=18 (elapsed 562.853s)
[ITER 120] bestGlobalCost=1490511.20 (feasible=YES) bestThisIter=1523337.08 feasibleAnts=10 noImprove=28 (elapsed 620.742s)
[RESET] no improvement for30-> reset pheromones
[ITER 130] bestGlobalCost=1490511.20 (feasible=YES) bestThisIter=1532275.91 feasibleAnts=10 noImprove=8 (elapsed 675.668s)
[ITER 140] bestGlobalCost=1490511.20 (feasible=YES) bestThisIter=1515248.09 feasibleAnts=10 noImprove=18 (elapsed 730.407s)
[ITER 150] bestGlobalCost=1490511.20 (feasible=YES) bestThisIter=1498819.08 feasibleAnts=10 noImprove=28 (elapsed 783.37s)
[RESET] no improvement for30-> reset pheromones
[ITER 160] bestGlobalCost=1490511.20 (feasible=YES) bestThisIter=1506612.05 feasibleAnts=10 noImprove=8 (elapsed 831.379s)
[ITER 170] bestGlobalCost=1490511.20 (feasible=YES) bestThisIter=1533587.37 feasibleAnts=10 noImprove=18 (elapsed 883.44s)
[ITER 180] bestGlobalCost=1490511.20 (feasible=YES) bestThisIter=1545540.23 feasibleAnts=10 noImprove=28 (elapsed 937.354s)
[RESET] no improvement for30-> reset pheromones
[ITER 190] bestGlobalCost=1490511.20 (feasible=YES) bestThisIter=1529914.66 feasibleAnts=10 noImprove=8 (elapsed 992.015s)
[ITER 200] bestGlobalCost=1490511.20 (feasible=YES) bestThisIter=1511818.03 feasibleAnts=10 noImprove=18 (elapsed 1040.17s)
[ITER 210] bestGlobalCost=1490511.20 (feasible=YES) bestThisIter=1519405.20 feasibleAnts=10 noImprove=28 (elapsed 1089.84s)
[RESET] no improvement for30-> reset pheromones
[ITER 220] bestGlobalCost=1490511.20 (feasible=YES) bestThisIter=1523810.48 feasibleAnts=10 noImprove=8 (elapsed 1139.33s)
[ITER 230] bestGlobalCost=1490511.20 (feasible=YES) bestThisIter=1536178.53 feasibleAnts=10 noImprove=18 (elapsed 1188.58s)
[ITER 240] bestGlobalCost=1490511.20 (feasible=YES) bestThisIter=1534325.73 feasibleAnts=10 noImprove=28 (elapsed 1238.97s)
[RESET] no improvement for30-> reset pheromones
[ITER 250] bestGlobalCost=1490511.20 (feasible=YES) bestThisIter=1509053.26 feasibleAnts=10 noImprove=8 (elapsed 1291.13s)
[ITER 260] bestGlobalCost=1490511.20 (feasible=YES) bestThisIter=1532171.15 feasibleAnts=10 noImprove=18 (elapsed 1340.31s)
[ITER 270] bestGlobalCost=1490511.20 (feasible=YES) bestThisIter=1530056.22 feasibleAnts=10 noImprove=28 (elapsed 1390.02s)
[RESET] no improvement for30-> reset pheromones
[ITER 280] bestGlobalCost=1490511.20 (feasible=YES) bestThisIter=1538164.87 feasibleAnts=10 noImprove=8 (elapsed 1442.53s)
[ITER 290] bestGlobalCost=1490511.20 (feasible=YES) bestThisIter=1555848.47 feasibleAnts=10 noImprove=18 (elapsed 1491.14s)
50 53 54 57 58 59 60 61 62 63 64 65 66 67 68 69 71 72 75 77 78 79 80 81 82 83 84 85 86 87 88 89 90 91 92 93 94 95 96 97 98 99 100 102 
250 252 254 255 256 257 258 259 261 262 264 265 266 267 268 269 270 271 272 273 275 277 278 280 281 282 283 284 285 286 287 288 289 290 291 292 293 294 295 296 378 
154 156 158 159 161 162 163 164 165 166 167 168 169 170 171 172 173 174 175 176 177 178 179 181 182 183 184 185 186 188 189 190 191 192 193 194 195 196 197 198 199 200 201 319 338 
202 203 205 206 207 208 209 226 227 229 230 232 233 358 359 360 361 362 363 364 365 366 367 368 380 381 382 383 388 389 390 391 392 393 400 401 402 403 404 405 406 407 408 
12 23 37 108 110 111 113 115 116 117 118 119 120 121 122 123 124 125 126 127 128 129 130 134 135 136 137 138 139 140 141 142 143 144 145 146 147 148 149 150 151 153 
34 36 38 41 43 46 48 49 51 52 155 157 160 180 187 309 310 311 312 313 314 315 316 317 318 325 326 327 335 336 337 339 349 350 351 352 353 354 355 356 357 
1 2 3 4 5 6 7 8 9 10 11 13 14 15 16 17 18 19 20 21 22 24 25 26 27 28 29 30 31 32 35 39 40 44 45 47 55 56 152 324 334 
73 103 104 204 210 211 212 213 214 215 216 217 218 219 220 221 222 223 224 225 228 231 234 235 236 237 238 239 240 241 242 243 244 245 246 247 248 249 274 410 413 
33 42 106 107 109 112 114 131 132 133 298 299 300 301 302 303 304 305 306 307 308 320 321 322 323 328 329 330 331 332 333 340 341 342 343 344 345 346 347 348 
70 74 76 101 105 251 253 260 263 276 279 297 369 370 371 372 373 374 375 376 377 379 384 385 386 387 394 395 396 397 398 399 409 411 412 414 415 416 417 
[SAVELOGS] evolution saved to results/logs/aco_logs/evolution/fl417_10_4.txt
[SAVELOGS] best cost saved to results/logs/aco_logs/objectives/fl417_10_4.txt
[SAVELOGS] best solution saved to results/logs/aco_logs/solutions/fl417_10_4.txt
