[ITER 1] New best cost=1586254.04 (feasible=YES, time 6.22856s)
[ITER 2] New best cost=1542857.12 (feasible=YES, time 12.2715s)
[ITER 4] New best cost=1537713.89 (feasible=YES, time 21.0853s)
[ITER 7] New best cost=1530537.59 (feasible=YES, time 35.7156s)
[ITER 8] New best cost=1530359.08 (feasible=YES, time 40.0664s)
[ITER 10] bestGlobalCost=1530359.08 (feasible=YES) bestThisIter=1552178.87 feasibleAnts=10 noImprove=2 (elapsed 54.4558s)
[ITER 12] New best cost=1526663.20 (feasible=YES, time 63.3856s)
[ITER 16] New best cost=1523502.80 (feasible=YES, time 81.5492s)
[ITER 20] bestGlobalCost=1523502.80 (feasible=YES) bestThisIter=1524861.49 feasibleAnts=10 noImprove=4 (elapsed 105.29s)
[ITER 25] New best cost=1523249.96 (feasible=YES, time 126.779s)
[ITER 30] bestGlobalCost=1523249.96 (feasible=YES) bestThisIter=1536362.70 feasibleAnts=10 noImprove=5 (elapsed 154.22s)
[ITER 37] New best cost=1522922.19 (feasible=YES, time 184.87s)
[ITER 40] bestGlobalCost=1522922.19 (feasible=YES) bestThisIter=1559770.86 feasibleAnts=10 noImprove=3 (elapsed 205.652s)
[ITER 45] New best cost=1517603.07 (feasible=YES, time 230.46s)
[ITER 49] New best cost=1510110.16 (feasible=YES, time 250.098s)
[ITER 50] bestGlobalCost=1510110.16 (feasible=YES) bestThisIter=1524166.40 feasibleAnts=10 noImprove=1 (elapsed 260.688s)
[ITER 55] New best cost=1501802.42 (feasible=YES, time 284.374s)
[ITER 60] bestGlobalCost=1501802.42 (feasible=YES) bestThisIter=1539641.81 feasibleAnts=10 noImprove=5 (elapsed 312.471s)
[ITER 68] New best cost=1500259.21 (feasible=YES, time 350.179s)
[ITER 69] New best cost=1497605.54 (feasible=YES, time 353.892s)
[ITER 70] bestGlobalCost=1497605.54 (feasible=YES) bestThisIter=1519156.92 feasibleAnts=10 noImprove=1 (elapsed 362.753s)
[ITER 72] New best cost=1496949.82 (feasible=YES, time 372.536s)
[ITER 80] bestGlobalCost=1496949.82 (feasible=YES) bestThisIter=1509919.29 feasibleAnts=10 noImprove=8 (elapsed 414.453s)
[ITER 86] New best cost=1495984.90 (feasible=YES, time 446.543s)
[ITER 90] bestGlobalCost=1495984.90 (feasible=YES) bestThisIter=1518180.09 feasibleAnts=10 noImprove=4 (elapsed 467.492s)
[ITER 100] bestGlobalCost=1495984.90 (feasible=YES) bestThisIter=1509658.14 feasibleAnts=10 noImprove=14 (elapsed 517.852s)
[ITER 110] bestGlobalCost=1495984.90 (feasible=YES) bestThisIter=1520201.03 feasibleAnts=10 noImprove=24 (elapsed 569.567s)
[RESET] no improvement for30-> reset pheromones
[ITER 120] bestGlobalCost=1495984.90 (feasible=YES) bestThisIter=1546193.74 feasibleAnts=10 noImprove=4 (elapsed 620.061s)
[ITER 130] bestGlobalCost=1495984.90 (feasible=YES) bestThisIter=1507788.90 feasibleAnts=10 noImprove=14 (elapsed 673.704s)
[ITER 140] bestGlobalCost=1495984.90 (feasible=YES) bestThisIter=1537027.31 feasibleAnts=10 noImprove=24 (elapsed 725.118s)
[RESET] no improvement for30-> reset pheromones
[ITER 150] bestGlobalCost=1495984.90 (feasible=YES) bestThisIter=1515588.74 feasibleAnts=10 noImprove=4 (elapsed 775.85s)
[ITER 160] bestGlobalCost=1495984.90 (feasible=YES) bestThisIter=1535029.10 feasibleAnts=10 noImprove=14 (elapsed 828.916s)
[ITER 170] bestGlobalCost=1495984.90 (feasible=YES) bestThisIter=1536621.75 feasibleAnts=10 noImprove=24 (elapsed 882.038s)
[RESET] no improvement for30-> reset pheromones
[ITER 180] bestGlobalCost=1495984.90 (feasible=YES) bestThisIter=1543807.75 feasibleAnts=10 noImprove=4 (elapsed 936.614s)
[ITER 190] bestGlobalCost=1495984.90 (feasible=YES) bestThisIter=1546500.51 feasibleAnts=10 noImprove=14 (elapsed 991.82s)
[ITER 200] bestGlobalCost=1495984.90 (feasible=YES) bestThisIter=1550889.96 feasibleAnts=10 noImprove=24 (elapsed 1046.28s)
[RESET] no improvement for30-> reset pheromones
[ITER 210] bestGlobalCost=1495984.90 (feasible=YES) bestThisIter=1555026.76 feasibleAnts=10 noImprove=4 (elapsed 1101.57s)
[ITER 211] New best cost=1492782.93 (feasible=YES, time 1105.84s)
[ITER 220] bestGlobalCost=1492782.93 (feasible=YES) bestThisIter=1556156.14 feasibleAnts=10 noImprove=9 (elapsed 1150.87s)
[ITER 230] bestGlobalCost=1492782.93 (feasible=YES) bestThisIter=1539022.74 feasibleAnts=10 noImprove=19 (elapsed 1202.46s)
[ITER 240] bestGlobalCost=1492782.93 (feasible=YES) bestThisIter=1523388.25 feasibleAnts=10 noImprove=29 (elapsed 1255.58s)
[RESET] no improvement for30-> reset pheromones
[ITER 250] bestGlobalCost=1492782.93 (feasible=YES) bestThisIter=1534791.96 feasibleAnts=10 noImprove=9 (elapsed 1309.77s)
[ITER 260] [TS] New best cost=1490723.33 (feasible=YES, time 1352.19s)
[ITER 260] bestGlobalCost=1490723.33 (feasible=YES) bestThisIter=1490723.33 feasibleAnts=10 noImprove=1 (elapsed 1356.26s)
[ITER 270] bestGlobalCost=1490723.33 (feasible=YES) bestThisIter=1533211.90 feasibleAnts=10 noImprove=11 (elapsed 1408.71s)
[ITER 280] bestGlobalCost=1490723.33 (feasible=YES) bestThisIter=1505503.53 feasibleAnts=10 noImprove=21 (elapsed 1459.04s)
[RESET] no improvement for30-> reset pheromones
154 156 158 159 161 162 163 164 165 166 167 168 169 170 171 172 173 174 175 176 177 178 179 181 182 183 184 185 186 188 189 190 191 192 193 194 195 196 197 198 199 200 201 319 338 
33 106 107 110 112 117 131 132 134 148 298 299 300 301 302 303 304 305 306 307 308 320 321 322 323 328 329 330 331 332 333 340 341 342 343 344 345 346 347 348 
103 202 203 204 205 206 208 215 226 227 230 232 236 358 359 360 361 362 363 364 365 366 367 368 380 381 382 383 388 389 390 391 392 393 400 401 402 403 404 405 406 407 408 
50 53 54 57 58 59 60 61 62 63 64 65 66 67 68 69 72 74 75 77 78 79 80 81 82 83 84 85 86 87 88 89 90 91 92 93 94 95 96 97 98 99 100 102 
70 71 76 101 105 250 251 253 260 261 273 279 369 370 371 372 373 374 375 376 377 379 384 385 386 387 394 395 396 397 398 399 409 411 412 414 415 416 417 
1 2 3 4 5 6 7 9 11 13 14 15 16 17 18 19 20 21 22 24 25 26 27 28 30 32 35 39 40 42 43 44 45 46 47 48 49 51 55 56 141 
73 104 207 209 210 211 212 213 214 216 217 218 219 220 221 222 223 224 225 228 229 231 233 234 235 237 238 239 240 241 242 243 244 245 246 247 248 249 274 410 413 
252 254 255 256 257 258 259 262 263 264 265 266 267 268 269 270 271 272 275 276 277 278 280 281 282 283 284 285 286 287 288 289 290 291 292 293 294 295 296 297 378 
12 23 29 37 108 109 111 113 114 115 116 118 119 120 121 122 123 124 125 126 127 128 129 130 133 135 136 137 138 139 140 142 143 144 145 146 147 149 150 151 152 153 
8 10 31 34 36 38 41 52 155 157 160 180 187 309 310 311 312 313 314 315 316 317 318 324 325 326 327 334 335 336 337 339 349 350 351 352 353 354 355 356 357 
[SAVELOGS] evolution saved to results/logs/aco_logs/evolution/fl417_10_4.txt
[SAVELOGS] best cost saved to results/logs/aco_logs/objectives/fl417_10_4.txt
[SAVELOGS] best solution saved to results/logs/aco_logs/solutions/fl417_10_4.txt
