[ITER 1] New best cost=79328.24 (feasible=YES, time 5.12967s)
[ITER 2] New best cost=72180.38 (feasible=YES, time 17.9765s)
[ITER 3] New best cost=71896.60 (feasible=YES, time 31.2719s)
[ITER 4] New best cost=71288.81 (feasible=YES, time 42.2429s)
[ITER 5] New best cost=71267.53 (feasible=YES, time 53.2531s)
[ITER 9] New best cost=70862.49 (feasible=YES, time 96.0671s)
[ITER 10] bestGlobalCost=70862.49 (feasible=YES) bestThisIter=71247.34 feasibleAnts=10 noImprove=1 (elapsed 113.553s)
[ITER 12] New best cost=70770.48 (feasible=YES, time 131.993s)
[ITER 15] New best cost=70663.47 (feasible=YES, time 163.512s)
[ITER 17] New best cost=70235.85 (feasible=YES, time 182.953s)
[ITER 20] [TS] New best cost=70035.65 (feasible=YES, time 215.624s)
[ITER 20] bestGlobalCost=70035.65 (feasible=YES) bestThisIter=70035.65 feasibleAnts=10 noImprove=1 (elapsed 223.576s)
[ITER 26] New best cost=69818.15 (feasible=YES, time 280.966s)
[ITER 30] [TS] New best cost=69816.37 (feasible=YES, time 322.926s)
[ITER 30] bestGlobalCost=69816.37 (feasible=YES) bestThisIter=69925.89 feasibleAnts=10 noImprove=1 (elapsed 330.811s)
[ITER 40] bestGlobalCost=69816.37 (feasible=YES) bestThisIter=70507.42 feasibleAnts=10 noImprove=11 (elapsed 439.017s)
[ITER 50] bestGlobalCost=69816.37 (feasible=YES) bestThisIter=70782.10 feasibleAnts=10 noImprove=21 (elapsed 534.204s)
[RESET] no improvement for30-> reset pheromones
[ITER 60] bestGlobalCost=69816.37 (feasible=YES) bestThisIter=81131.98 feasibleAnts=10 noImprove=1 (elapsed 628.514s)
[ITER 70] bestGlobalCost=69816.37 (feasible=YES) bestThisIter=70699.26 feasibleAnts=10 noImprove=11 (elapsed 733.902s)
[ITER 80] bestGlobalCost=69816.37 (feasible=YES) bestThisIter=69851.45 feasibleAnts=10 noImprove=21 (elapsed 841.027s)
[RESET] no improvement for30-> reset pheromones
[ITER 90] bestGlobalCost=69816.37 (feasible=YES) bestThisIter=78044.84 feasibleAnts=10 noImprove=1 (elapsed 944.349s)
[ITER 98] New best cost=69803.75 (feasible=YES, time 1019.56s)
[ITER 100] bestGlobalCost=69803.75 (feasible=YES) bestThisIter=70044.97 feasibleAnts=10 noImprove=2 (elapsed 1048.81s)
[ITER 110] [TS] New best cost=69773.50 (feasible=YES, time 1141.1s)
[ITER 110] bestGlobalCost=69773.50 (feasible=YES) bestThisIter=70320.52 feasibleAnts=10 noImprove=1 (elapsed 1148.69s)
[ITER 120] [TS] New best cost=69733.31 (feasible=YES, time 1252.23s)
[ITER 120] bestGlobalCost=69733.31 (feasible=YES) bestThisIter=70216.75 feasibleAnts=10 noImprove=1 (elapsed 1258.14s)
[ITER 130] bestGlobalCost=69733.31 (feasible=YES) bestThisIter=69958.25 feasibleAnts=10 noImprove=11 (elapsed 1366.43s)
[ITER 140] bestGlobalCost=69733.31 (feasible=YES) bestThisIter=69961.27 feasibleAnts=10 noImprove=21 (elapsed 1469.86s)
241 242 337 366 367 368 369 370 371 374 375 376 377 378 379 380 381 382 383 400 401 
20 21 22 26 27 28 29 31 32 33 34 35 36 37 42 44 45 52 53 54 56 127 137 
225 226 227 239 277 278 286 287 288 289 290 291 292 293 294 295 296 297 301 302 303 305 
351 352 353 356 357 358 359 360 361 362 364 365 397 402 403 406 407 411 413 414 
228 229 230 231 232 233 234 235 236 237 238 240 299 304 307 308 309 310 311 315 317 
298 300 306 312 313 314 316 318 319 320 321 322 323 324 325 326 328 329 330 331 340 372 
261 262 263 264 265 267 268 269 270 271 272 273 274 275 276 279 281 282 283 284 285 
243 244 246 248 249 250 251 252 384 385 386 387 388 389 390 391 393 394 395 396 398 399 
43 48 51 55 57 58 59 60 61 62 63 64 65 66 67 68 69 70 71 72 73 74 99 
327 332 333 334 335 336 338 339 341 342 343 344 345 346 347 348 349 350 354 355 373 
96 102 116 134 135 136 160 163 164 166 167 168 169 170 171 172 173 174 175 176 177 185 188 
179 202 204 212 214 215 216 217 218 219 220 221 222 223 224 255 256 257 258 259 260 
77 78 79 80 81 82 87 90 91 157 159 161 162 165 203 205 206 207 208 209 210 211 
47 83 84 85 86 88 89 92 93 94 95 97 98 100 101 108 111 114 115 117 125 158 
38 39 40 41 46 49 50 103 104 106 107 109 110 112 118 119 120 121 123 124 128 129 130 131 
15 23 75 76 105 113 122 143 155 156 280 419 420 426 427 428 429 430 431 
245 247 363 392 404 405 408 409 410 412 415 416 417 418 421 422 423 424 425 
178 180 181 182 183 189 191 192 193 194 195 196 197 198 199 200 201 213 253 254 266 
1 2 3 4 5 6 7 8 9 10 11 12 13 14 16 17 18 19 30 140 146 
24 25 126 132 133 138 139 141 142 144 145 147 148 149 150 151 152 153 154 184 186 187 190 
[SAVELOGS] evolution saved to results/logs/aco_logs/evolution/gr431_20_4.txt
[SAVELOGS] best cost saved to results/logs/aco_logs/objectives/gr431_20_4.txt
[SAVELOGS] best solution saved to results/logs/aco_logs/solutions/gr431_20_4.txt
