[ITER 1] New best cost=79642.63 (feasible=YES, time 4.77852s)
[ITER 2] New best cost=72177.71 (feasible=YES, time 15.6473s)
[ITER 3] New best cost=71788.92 (feasible=YES, time 25.261s)
[ITER 5] New best cost=71476.59 (feasible=YES, time 44.1814s)
[ITER 8] New best cost=71335.14 (feasible=YES, time 74.3961s)
[ITER 10] [TS] New best cost=71128.04 (feasible=YES, time 96.8359s)
[ITER 10] bestGlobalCost=71128.04 (feasible=YES) bestThisIter=72400.49 feasibleAnts=10 noImprove=1 (elapsed 104.745s)
[ITER 11] New best cost=71097.77 (feasible=YES, time 112.834s)
[ITER 12] New best cost=70927.55 (feasible=YES, time 123.291s)
[ITER 18] New best cost=70838.86 (feasible=YES, time 181.653s)
[ITER 20] [TS] New best cost=70600.66 (feasible=YES, time 203.988s)
[ITER 20] bestGlobalCost=70600.66 (feasible=YES) bestThisIter=70930.51 feasibleAnts=10 noImprove=1 (elapsed 211.641s)
[ITER 30] [TS] New best cost=70491.04 (feasible=YES, time 302.266s)
[ITER 30] bestGlobalCost=70491.04 (feasible=YES) bestThisIter=71050.90 feasibleAnts=10 noImprove=1 (elapsed 308.15s)
[ITER 34] New best cost=70386.68 (feasible=YES, time 342.687s)
[ITER 40] [TS] New best cost=70359.19 (feasible=YES, time 403.569s)
[ITER 40] [TS] New best cost=70343.70 (feasible=YES, time 407.83s)
[ITER 40] bestGlobalCost=70343.70 (feasible=YES) bestThisIter=70359.19 feasibleAnts=10 noImprove=1 (elapsed 411.835s)
[ITER 44] New best cost=70340.15 (feasible=YES, time 453.801s)
[ITER 46] New best cost=70257.19 (feasible=YES, time 474.449s)
[ITER 50] [TS] New best cost=70136.46 (feasible=YES, time 519.86s)
[ITER 50] bestGlobalCost=70136.46 (feasible=YES) bestThisIter=70893.72 feasibleAnts=10 noImprove=1 (elapsed 528.133s)
[ITER 55] New best cost=69750.86 (feasible=YES, time 580.961s)
[ITER 60] [TS] New best cost=69691.62 (feasible=YES, time 635.204s)
[ITER 60] bestGlobalCost=69691.62 (feasible=YES) bestThisIter=70080.37 feasibleAnts=10 noImprove=1 (elapsed 643.209s)
[ITER 70] bestGlobalCost=69691.62 (feasible=YES) bestThisIter=69696.25 feasibleAnts=10 noImprove=11 (elapsed 741.939s)
[ITER 80] bestGlobalCost=69691.62 (feasible=YES) bestThisIter=70736.99 feasibleAnts=10 noImprove=21 (elapsed 846.553s)
[RESET] no improvement for30-> reset pheromones
[ITER 90] bestGlobalCost=69691.62 (feasible=YES) bestThisIter=76538.83 feasibleAnts=10 noImprove=1 (elapsed 948.075s)
[ITER 100] bestGlobalCost=69691.62 (feasible=YES) bestThisIter=71342.76 feasibleAnts=10 noImprove=11 (elapsed 1049.98s)
[ITER 110] bestGlobalCost=69691.62 (feasible=YES) bestThisIter=70028.62 feasibleAnts=10 noImprove=21 (elapsed 1152.36s)
[ITER 112] New best cost=69679.78 (feasible=YES, time 1169.9s)
[ITER 120] [TS] New best cost=69668.01 (feasible=YES, time 1241.82s)
[ITER 120] bestGlobalCost=69668.01 (feasible=YES) bestThisIter=70445.30 feasibleAnts=10 noImprove=1 (elapsed 1249.54s)
[ITER 130] bestGlobalCost=69668.01 (feasible=YES) bestThisIter=70589.73 feasibleAnts=10 noImprove=11 (elapsed 1349.34s)
[ITER 140] bestGlobalCost=69668.01 (feasible=YES) bestThisIter=70455.21 feasibleAnts=10 noImprove=21 (elapsed 1449.95s)
183 195 213 215 216 217 218 220 221 222 223 224 225 226 253 255 256 257 258 262 266 285 
11 24 25 29 121 126 131 132 133 137 138 139 140 141 142 144 145 146 147 148 149 152 186 
227 238 239 276 277 279 283 286 288 289 290 291 292 293 294 295 296 297 302 303 304 
243 244 246 248 249 250 251 252 386 387 388 389 390 391 393 394 395 396 397 398 402 
83 84 86 87 88 89 91 92 93 94 96 97 98 101 102 114 115 116 117 158 170 
50 51 53 55 57 58 59 60 62 63 64 65 66 67 68 69 70 71 72 73 74 85 99 
241 364 366 367 369 370 374 375 376 377 378 379 380 381 382 383 384 385 399 400 401 
150 151 153 154 174 178 180 181 182 190 191 192 193 194 196 197 198 199 200 201 254 
38 39 40 41 95 100 103 104 105 106 107 108 109 110 111 112 118 119 120 123 124 128 129 130 
298 300 305 306 308 312 313 314 316 318 319 320 321 322 323 324 325 328 329 331 340 368 
338 348 350 351 352 353 356 357 358 359 360 361 362 365 403 406 407 411 413 414 
1 2 3 4 5 6 7 8 9 10 12 13 14 16 17 18 19 21 22 26 127 
228 229 230 231 232 233 234 235 236 237 240 242 299 301 307 309 310 311 315 317 326 
20 27 28 30 31 32 33 34 35 36 37 42 43 44 45 46 47 48 49 52 54 56 61 
125 134 135 136 157 159 160 163 164 165 166 167 168 169 171 172 173 175 176 184 185 187 188 189 
327 330 332 333 334 335 336 337 339 341 342 343 344 345 346 347 349 354 355 371 372 373 
245 247 363 392 404 405 408 409 410 412 415 416 417 418 421 422 423 424 425 
202 259 260 261 263 264 265 267 268 269 270 271 272 273 274 275 278 281 282 284 287 
77 78 79 80 81 82 90 161 162 179 203 204 205 206 207 208 209 210 211 212 214 219 
15 23 75 76 113 122 143 155 156 177 280 419 420 426 427 428 429 430 431 
[SAVELOGS] evolution saved to results/logs/aco_logs/evolution/gr431_20_4.txt
[SAVELOGS] best cost saved to results/logs/aco_logs/objectives/gr431_20_4.txt
[SAVELOGS] best solution saved to results/logs/aco_logs/solutions/gr431_20_4.txt
