[ITER 1] New best cost=290100.76 (feasible=YES, time 0.0643298s)
[ITER 2] New best cost=288623.52 (feasible=YES, time 0.107078s)
[ITER 3] New best cost=288170.47 (feasible=YES, time 0.152964s)
[ITER 10] bestGlobalCost=288170.47 (feasible=YES) bestThisIter=288170.47 feasibleAnts=10 noImprove=7 (elapsed 0.404529s)
[ITER 20] bestGlobalCost=288170.47 (feasible=YES) bestThisIter=288170.47 feasibleAnts=13 noImprove=17 (elapsed 3.7069s)
[ITER 30] bestGlobalCost=288170.47 (feasible=YES) bestThisIter=288170.47 feasibleAnts=10 noImprove=27 (elapsed 7.46713s)
[RESET] no improvement for30-> reset pheromones
[ITER 40] bestGlobalCost=288170.47 (feasible=YES) bestThisIter=288170.47 feasibleAnts=10 noImprove=7 (elapsed 7.87232s)
[ITER 50] bestGlobalCost=288170.47 (feasible=YES) bestThisIter=288170.47 feasibleAnts=10 noImprove=17 (elapsed 11.2059s)
[ITER 60] bestGlobalCost=288170.47 (feasible=YES) bestThisIter=288170.47 feasibleAnts=10 noImprove=27 (elapsed 15.0368s)
[RESET] no improvement for30-> reset pheromones
[ITER 70] bestGlobalCost=288170.47 (feasible=YES) bestThisIter=288170.47 feasibleAnts=10 noImprove=7 (elapsed 15.5181s)
[ITER 80] bestGlobalCost=288170.47 (feasible=YES) bestThisIter=288170.47 feasibleAnts=10 noImprove=17 (elapsed 18.8897s)
[ITER 90] bestGlobalCost=288170.47 (feasible=YES) bestThisIter=288170.47 feasibleAnts=10 noImprove=27 (elapsed 22.7133s)
[RESET] no improvement for30-> reset pheromones
[ITER 100] bestGlobalCost=288170.47 (feasible=YES) bestThisIter=288995.67 feasibleAnts=10 noImprove=7 (elapsed 23.1621s)
[ITER 110] bestGlobalCost=288170.47 (feasible=YES) bestThisIter=288170.47 feasibleAnts=10 noImprove=17 (elapsed 26.5975s)
[ITER 120] bestGlobalCost=288170.47 (feasible=YES) bestThisIter=288170.47 feasibleAnts=10 noImprove=27 (elapsed 30.2505s)
[RESET] no improvement for30-> reset pheromones
[ITER 130] bestGlobalCost=288170.47 (feasible=YES) bestThisIter=288995.67 feasibleAnts=10 noImprove=7 (elapsed 30.7068s)
[ITER 140] bestGlobalCost=288170.47 (feasible=YES) bestThisIter=288170.47 feasibleAnts=10 noImprove=17 (elapsed 34.1599s)
[ITER 150] bestGlobalCost=288170.47 (feasible=YES) bestThisIter=288170.47 feasibleAnts=10 noImprove=27 (elapsed 37.7666s)
[RESET] no improvement for30-> reset pheromones
[ITER 160] bestGlobalCost=288170.47 (feasible=YES) bestThisIter=288995.67 feasibleAnts=10 noImprove=7 (elapsed 38.2095s)
[ITER 170] bestGlobalCost=288170.47 (feasible=YES) bestThisIter=288170.47 feasibleAnts=10 noImprove=17 (elapsed 41.7825s)
[ITER 180] bestGlobalCost=288170.47 (feasible=YES) bestThisIter=288170.47 feasibleAnts=10 noImprove=27 (elapsed 45.3187s)
[RESET] no improvement for30-> reset pheromones
[ITER 190] bestGlobalCost=288170.47 (feasible=YES) bestThisIter=288170.47 feasibleAnts=10 noImprove=7 (elapsed 45.7471s)
[ITER 200] bestGlobalCost=288170.47 (feasible=YES) bestThisIter=288170.47 feasibleAnts=10 noImprove=17 (elapsed 49.4048s)
[ITER 210] New best cost=286656.60 (feasible=YES, time 52.8455s)
[ITER 210] bestGlobalCost=286656.60 (feasible=YES) bestThisIter=288170.47 feasibleAnts=10 noImprove=0 (elapsed 52.8497s)
[ITER 214] New best cost=286443.03 (feasible=YES, time 52.9847s)
[ITER 220] bestGlobalCost=286443.03 (feasible=YES) bestThisIter=286443.03 feasibleAnts=14 noImprove=6 (elapsed 53.2053s)
[ITER 230] bestGlobalCost=286443.03 (feasible=YES) bestThisIter=286443.03 feasibleAnts=10 noImprove=16 (elapsed 56.9089s)
[ITER 240] bestGlobalCost=286443.03 (feasible=YES) bestThisIter=286443.03 feasibleAnts=10 noImprove=26 (elapsed 60.3715s)
1 2 11 16 26 27 34 41 43 45 46 54 61 64 69 70 76 86 88 97 104 107 109 124 127 129 
9 38 49 52 53 56 57 58 65 72 73 74 75 77 81 82 91 92 99 101 103 106 111 123 
7 12 15 17 19 24 25 29 31 32 36 48 63 68 79 84 87 89 94 95 98 100 110 113 116 119 
3 5 8 18 20 28 30 39 50 59 62 66 71 78 80 83 85 90 105 108 112 114 115 117 121 125 126 128 130 
4 6 10 13 14 21 22 23 33 35 37 40 42 44 47 51 55 60 67 93 96 102 118 120 122 
[SAVELOGS] evolution saved to results/logs/ch130_05_3/evolution/ch130_05_3
[SAVELOGS] best cost saved to results/logs/ch130_05_3/objectives/ch130_05_3
[SAVELOGS] best solution saved to results/logs/ch130_05_3/solutions/ch130_05_3
