[ITER 1] New best cost=15987.00 (feasible=YES, time 0.0192563s)
[ITER 3] New best cost=15889.05 (feasible=YES, time 0.056375s)
[ITER 4] New best cost=15863.34 (feasible=YES, time 0.0670692s)
[ITER 10] bestGlobalCost=15863.34 (feasible=YES) bestThisIter=15863.34 feasibleAnts=10 noImprove=6 (elapsed 0.1233s)
[ITER 20] bestGlobalCost=15863.34 (feasible=YES) bestThisIter=15863.34 feasibleAnts=10 noImprove=16 (elapsed 1.15357s)
[ITER 30] bestGlobalCost=15863.34 (feasible=YES) bestThisIter=15863.34 feasibleAnts=10 noImprove=26 (elapsed 2.20449s)
[RESET] no improvement for30-> reset pheromones
[ITER 40] bestGlobalCost=15863.34 (feasible=YES) bestThisIter=15863.34 feasibleAnts=10 noImprove=6 (elapsed 2.33626s)
[ITER 50] bestGlobalCost=15863.34 (feasible=YES) bestThisIter=15863.34 feasibleAnts=10 noImprove=16 (elapsed 3.48997s)
[ITER 60] bestGlobalCost=15863.34 (feasible=YES) bestThisIter=15863.34 feasibleAnts=10 noImprove=26 (elapsed 4.74614s)
[RESET] no improvement for30-> reset pheromones
[ITER 70] bestGlobalCost=15863.34 (feasible=YES) bestThisIter=15863.34 feasibleAnts=10 noImprove=6 (elapsed 4.92984s)
[ITER 80] bestGlobalCost=15863.34 (feasible=YES) bestThisIter=15863.34 feasibleAnts=12 noImprove=16 (elapsed 6.28667s)
[ITER 90] bestGlobalCost=15863.34 (feasible=YES) bestThisIter=15863.34 feasibleAnts=11 noImprove=26 (elapsed 7.6177s)
[RESET] no improvement for30-> reset pheromones
[ITER 100] bestGlobalCost=15863.34 (feasible=YES) bestThisIter=15863.34 feasibleAnts=10 noImprove=6 (elapsed 7.78351s)
[ITER 110] bestGlobalCost=15863.34 (feasible=YES) bestThisIter=15863.34 feasibleAnts=10 noImprove=16 (elapsed 8.83771s)
[ITER 120] bestGlobalCost=15863.34 (feasible=YES) bestThisIter=15863.34 feasibleAnts=10 noImprove=26 (elapsed 9.8925s)
[RESET] no improvement for30-> reset pheromones
[ITER 130] bestGlobalCost=15863.34 (feasible=YES) bestThisIter=15863.34 feasibleAnts=10 noImprove=6 (elapsed 10.0259s)
[ITER 140] bestGlobalCost=15863.34 (feasible=YES) bestThisIter=15863.34 feasibleAnts=11 noImprove=16 (elapsed 11.0918s)
[ITER 150] bestGlobalCost=15863.34 (feasible=YES) bestThisIter=15863.34 feasibleAnts=9 noImprove=26 (elapsed 12.1227s)
[RESET] no improvement for30-> reset pheromones
[ITER 160] bestGlobalCost=15863.34 (feasible=YES) bestThisIter=15863.34 feasibleAnts=10 noImprove=6 (elapsed 12.2648s)
[ITER 170] bestGlobalCost=15863.34 (feasible=YES) bestThisIter=15863.34 feasibleAnts=10 noImprove=16 (elapsed 13.3401s)
[ITER 180] bestGlobalCost=15863.34 (feasible=YES) bestThisIter=15863.34 feasibleAnts=10 noImprove=26 (elapsed 14.3984s)
[RESET] no improvement for30-> reset pheromones
[ITER 190] bestGlobalCost=15863.34 (feasible=YES) bestThisIter=15863.34 feasibleAnts=10 noImprove=6 (elapsed 14.5466s)
[ITER 200] bestGlobalCost=15863.34 (feasible=YES) bestThisIter=15863.34 feasibleAnts=10 noImprove=16 (elapsed 15.6013s)
[ITER 210] bestGlobalCost=15863.34 (feasible=YES) bestThisIter=15863.34 feasibleAnts=10 noImprove=26 (elapsed 16.8555s)
[RESET] no improvement for30-> reset pheromones
[ITER 220] bestGlobalCost=15863.34 (feasible=YES) bestThisIter=15863.34 feasibleAnts=10 noImprove=6 (elapsed 17.0235s)
[ITER 230] bestGlobalCost=15863.34 (feasible=YES) bestThisIter=15863.34 feasibleAnts=10 noImprove=16 (elapsed 18.3471s)
[ITER 240] bestGlobalCost=15863.34 (feasible=YES) bestThisIter=15863.34 feasibleAnts=10 noImprove=26 (elapsed 19.6179s)
[RESET] no improvement for30-> reset pheromones
[ITER 250] bestGlobalCost=15863.34 (feasible=YES) bestThisIter=15863.34 feasibleAnts=10 noImprove=6 (elapsed 19.7791s)
[ITER 260] bestGlobalCost=15863.34 (feasible=YES) bestThisIter=15863.34 feasibleAnts=12 noImprove=16 (elapsed 20.8536s)
[ITER 270] bestGlobalCost=15863.34 (feasible=YES) bestThisIter=15863.34 feasibleAnts=10 noImprove=26 (elapsed 21.8923s)
[RESET] no improvement for30-> reset pheromones
[ITER 280] bestGlobalCost=15863.34 (feasible=YES) bestThisIter=15863.34 feasibleAnts=10 noImprove=6 (elapsed 22.0321s)
[ITER 290] bestGlobalCost=15863.34 (feasible=YES) bestThisIter=15863.34 feasibleAnts=9 noImprove=16 (elapsed 23.3772s)
[ITER 300] bestGlobalCost=15863.34 (feasible=YES) bestThisIter=15863.34 feasibleAnts=10 noImprove=26 (elapsed 24.8125s)
[RESET] no improvement for30-> reset pheromones
[ITER 310] bestGlobalCost=15863.34 (feasible=YES) bestThisIter=15947.09 feasibleAnts=10 noImprove=6 (elapsed 24.9766s)
[ITER 320] bestGlobalCost=15863.34 (feasible=YES) bestThisIter=15863.34 feasibleAnts=10 noImprove=16 (elapsed 26.3867s)
[ITER 330] bestGlobalCost=15863.34 (feasible=YES) bestThisIter=15863.34 feasibleAnts=10 noImprove=26 (elapsed 27.7055s)
[RESET] no improvement for30-> reset pheromones
[ITER 340] bestGlobalCost=15863.34 (feasible=YES) bestThisIter=15863.34 feasibleAnts=10 noImprove=6 (elapsed 27.8794s)
[ITER 350] bestGlobalCost=15863.34 (feasible=YES) bestThisIter=15863.34 feasibleAnts=10 noImprove=16 (elapsed 29.2234s)
[ITER 360] bestGlobalCost=15863.34 (feasible=YES) bestThisIter=15863.34 feasibleAnts=10 noImprove=26 (elapsed 30.5189s)
[RESET] no improvement for30-> reset pheromones
[ITER 370] bestGlobalCost=15863.34 (feasible=YES) bestThisIter=15863.34 feasibleAnts=10 noImprove=6 (elapsed 30.6856s)
[ITER 380] bestGlobalCost=15863.34 (feasible=YES) bestThisIter=15863.34 feasibleAnts=10 noImprove=16 (elapsed 32.0653s)
[ITER 390] bestGlobalCost=15863.34 (feasible=YES) bestThisIter=15863.34 feasibleAnts=10 noImprove=26 (elapsed 33.4071s)
[RESET] no improvement for30-> reset pheromones
[ITER 400] bestGlobalCost=15863.34 (feasible=YES) bestThisIter=15863.34 feasibleAnts=10 noImprove=6 (elapsed 33.5839s)
[ITER 410] bestGlobalCost=15863.34 (feasible=YES) bestThisIter=15863.34 feasibleAnts=10 noImprove=16 (elapsed 34.9166s)
[ITER 420] bestGlobalCost=15863.34 (feasible=YES) bestThisIter=15863.34 feasibleAnts=10 noImprove=26 (elapsed 36.1053s)
[RESET] no improvement for30-> reset pheromones
[ITER 430] bestGlobalCost=15863.34 (feasible=YES) bestThisIter=15863.34 feasibleAnts=10 noImprove=6 (elapsed 36.2372s)
[ITER 440] bestGlobalCost=15863.34 (feasible=YES) bestThisIter=15863.34 feasibleAnts=11 noImprove=16 (elapsed 37.2839s)
[ITER 450] bestGlobalCost=15863.34 (feasible=YES) bestThisIter=15863.34 feasibleAnts=10 noImprove=26 (elapsed 38.3395s)
[RESET] no improvement for30-> reset pheromones
[ITER 460] bestGlobalCost=15863.34 (feasible=YES) bestThisIter=15938.74 feasibleAnts=10 noImprove=6 (elapsed 38.4921s)
[ITER 470] bestGlobalCost=15863.34 (feasible=YES) bestThisIter=15863.34 feasibleAnts=10 noImprove=16 (elapsed 39.5331s)
[ITER 480] bestGlobalCost=15863.34 (feasible=YES) bestThisIter=15863.34 feasibleAnts=10 noImprove=26 (elapsed 40.7994s)
[RESET] no improvement for30-> reset pheromones
[ITER 490] bestGlobalCost=15863.34 (feasible=YES) bestThisIter=15863.34 feasibleAnts=11 noImprove=6 (elapsed 40.9813s)
[ITER 500] bestGlobalCost=15863.34 (feasible=YES) bestThisIter=15863.34 feasibleAnts=10 noImprove=16 (elapsed 42.3212s)
[ITER 510] bestGlobalCost=15863.34 (feasible=YES) bestThisIter=15863.34 feasibleAnts=10 noImprove=26 (elapsed 43.6498s)
[RESET] no improvement for30-> reset pheromones
[ITER 520] bestGlobalCost=15863.34 (feasible=YES) bestThisIter=15863.34 feasibleAnts=10 noImprove=6 (elapsed 43.8075s)
[ITER 530] bestGlobalCost=15863.34 (feasible=YES) bestThisIter=15863.34 feasibleAnts=11 noImprove=16 (elapsed 44.8526s)
[ITER 540] bestGlobalCost=15863.34 (feasible=YES) bestThisIter=15863.34 feasibleAnts=10 noImprove=26 (elapsed 45.9159s)
[RESET] no improvement for30-> reset pheromones
[ITER 550] bestGlobalCost=15863.34 (feasible=YES) bestThisIter=15892.01 feasibleAnts=10 noImprove=6 (elapsed 46.0534s)
[ITER 560] bestGlobalCost=15863.34 (feasible=YES) bestThisIter=15863.34 feasibleAnts=16 noImprove=16 (elapsed 47.107s)
[ITER 570] bestGlobalCost=15863.34 (feasible=YES) bestThisIter=15863.34 feasibleAnts=10 noImprove=26 (elapsed 48.24s)
[RESET] no improvement for30-> reset pheromones
[ITER 580] bestGlobalCost=15863.34 (feasible=YES) bestThisIter=15863.34 feasibleAnts=10 noImprove=6 (elapsed 48.3871s)
[ITER 590] bestGlobalCost=15863.34 (feasible=YES) bestThisIter=15863.34 feasibleAnts=12 noImprove=16 (elapsed 49.7836s)
[ITER 600] bestGlobalCost=15863.34 (feasible=YES) bestThisIter=15863.34 feasibleAnts=10 noImprove=26 (elapsed 51.1115s)
[RESET] no improvement for30-> reset pheromones
[ITER 610] bestGlobalCost=15863.34 (feasible=YES) bestThisIter=15863.34 feasibleAnts=10 noImprove=6 (elapsed 51.277s)
[ITER 620] bestGlobalCost=15863.34 (feasible=YES) bestThisIter=15863.34 feasibleAnts=9 noImprove=16 (elapsed 52.4101s)
[ITER 630] bestGlobalCost=15863.34 (feasible=YES) bestThisIter=15863.34 feasibleAnts=11 noImprove=26 (elapsed 53.467s)
[RESET] no improvement for30-> reset pheromones
[ITER 640] bestGlobalCost=15863.34 (feasible=YES) bestThisIter=15889.05 feasibleAnts=10 noImprove=6 (elapsed 53.6036s)
[ITER 650] bestGlobalCost=15863.34 (feasible=YES) bestThisIter=15863.34 feasibleAnts=10 noImprove=16 (elapsed 54.6791s)
[ITER 660] bestGlobalCost=15863.34 (feasible=YES) bestThisIter=15863.34 feasibleAnts=12 noImprove=26 (elapsed 55.7226s)
[RESET] no improvement for30-> reset pheromones
[ITER 670] bestGlobalCost=15863.34 (feasible=YES) bestThisIter=15863.34 feasibleAnts=10 noImprove=6 (elapsed 55.8514s)
[ITER 680] bestGlobalCost=15863.34 (feasible=YES) bestThisIter=15863.34 feasibleAnts=10 noImprove=16 (elapsed 56.9553s)
[ITER 690] bestGlobalCost=15863.34 (feasible=YES) bestThisIter=15863.34 feasibleAnts=10 noImprove=26 (elapsed 58.0185s)
[RESET] no improvement for30-> reset pheromones
[ITER 700] bestGlobalCost=15863.34 (feasible=YES) bestThisIter=15863.34 feasibleAnts=10 noImprove=6 (elapsed 58.1846s)
[ITER 710] bestGlobalCost=15863.34 (feasible=YES) bestThisIter=15863.34 feasibleAnts=10 noImprove=16 (elapsed 59.2749s)
[ITER 720] bestGlobalCost=15863.34 (feasible=YES) bestThisIter=15863.34 feasibleAnts=10 noImprove=26 (elapsed 60.4891s)
7 8 10 11 19 31 32 36 46 47 48 49 62 63 64 70 82 88 90 
2 4 12 21 22 23 25 26 39 40 41 53 54 55 56 57 58 67 72 73 74 75 
14 15 16 37 38 42 43 44 59 61 85 86 87 91 92 93 97 98 99 100 
3 9 20 24 29 30 33 34 35 50 51 65 66 68 71 76 77 78 79 80 81 
1 5 6 13 17 18 27 28 45 52 60 69 83 84 89 94 95 96 101 
[SAVELOGS] evolution saved to results/logs/eil101_05_2/evolution/eil101_05_2
[SAVELOGS] best cost saved to results/logs/eil101_05_2/objectives/eil101_05_2
[SAVELOGS] best solution saved to results/logs/eil101_05_2/solutions/eil101_05_2
