[ITER 1] New best cost=2113139.95 (feasible=YES, time 0.267525s)
[ITER 2] New best cost=2070779.88 (feasible=YES, time 0.416387s)
[ITER 6] New best cost=1981238.37 (feasible=YES, time 1.27673s)
[ITER 9] New best cost=1965265.28 (feasible=YES, time 1.72279s)
[ITER 10] bestGlobalCost=1965265.28 (feasible=YES) bestThisIter=2006944.07 feasibleAnts=10 noImprove=1 (elapsed 1.86616s)
[ITER 12] New best cost=1954145.13 (feasible=YES, time 2.1316s)
[ITER 13] New best cost=1953543.30 (feasible=YES, time 2.23649s)
[ITER 15] New best cost=1949070.64 (feasible=YES, time 3.94305s)
[ITER 15] New best cost=1936698.55 (feasible=YES, time 8.92737s)
[ITER 18] New best cost=1920213.39 (feasible=YES, time 10.6824s)
[ITER 20] bestGlobalCost=1920213.39 (feasible=YES) bestThisIter=1920213.39 feasibleAnts=14 noImprove=2 (elapsed 10.8329s)
[ITER 30] bestGlobalCost=1920213.39 (feasible=YES) bestThisIter=2011565.11 feasibleAnts=10 noImprove=12 (elapsed 19.7569s)
[ITER 40] bestGlobalCost=1920213.39 (feasible=YES) bestThisIter=2070352.54 feasibleAnts=10 noImprove=22 (elapsed 21.149s)
[RESET] no improvement for30-> reset pheromones
[ITER 50] bestGlobalCost=1920213.39 (feasible=YES) bestThisIter=2101698.52 feasibleAnts=10 noImprove=2 (elapsed 31.1078s)
[ITER 60] bestGlobalCost=1920213.39 (feasible=YES) bestThisIter=2045885.11 feasibleAnts=10 noImprove=12 (elapsed 41.2086s)
[ITER 70] bestGlobalCost=1920213.39 (feasible=YES) bestThisIter=2089826.08 feasibleAnts=10 noImprove=22 (elapsed 43.0232s)
[RESET] no improvement for30-> reset pheromones
[ITER 80] bestGlobalCost=1920213.39 (feasible=YES) bestThisIter=2102395.88 feasibleAnts=10 noImprove=2 (elapsed 52.2644s)
[ITER 90] bestGlobalCost=1920213.39 (feasible=YES) bestThisIter=2221682.67 feasibleAnts=10 noImprove=12 (elapsed 62.7322s)
47 48 49 50 51 73 74 75 76 77 78 92 93 94 95 115 116 
121 122 123 124 125 126 127 128 130 131 148 150 151 152 
1 2 3 14 15 16 29 31 33 34 35 36 37 38 
88 97 98 99 101 102 111 114 120 129 132 144 147 149 
6 7 8 9 10 11 17 18 19 20 21 23 39 40 81 
41 42 43 59 60 61 83 84 85 86 105 106 107 108 109 110 
4 5 12 13 22 24 25 26 27 28 30 32 44 57 
45 46 52 53 54 69 70 71 72 79 80 90 91 96 100 113 
117 118 119 133 134 135 136 137 138 139 140 141 142 143 145 146 
55 56 58 62 63 64 65 66 67 68 82 87 89 103 104 112 
[SAVELOGS] evolution saved to results/logs/pr152_10_4/evolution/pr152_10_4
[SAVELOGS] best cost saved to results/logs/pr152_10_4/objectives/pr152_10_4
[SAVELOGS] best solution saved to results/logs/pr152_10_4/solutions/pr152_10_4
