[ITER 1] New best cost=743655.35 (feasible=YES, time 0.49448s)
[ITER 2] New best cost=686120.65 (feasible=YES, time 1.00364s)
[ITER 4] New best cost=675837.99 (feasible=YES, time 1.85044s)
[ITER 7] New best cost=638812.83 (feasible=YES, time 3.08423s)
[ITER 8] New best cost=637263.33 (feasible=YES, time 3.28586s)
[ITER 10] bestGlobalCost=637263.33 (feasible=YES) bestThisIter=685382.58 feasibleAnts=9 noImprove=2 (elapsed 3.81795s)
[ITER 12] New best cost=621775.74 (feasible=YES, time 4.44323s)
[ITER 14] New best cost=620668.54 (feasible=YES, time 4.87025s)
[ITER 15] New best cost=609467.61 (feasible=YES, time 6.89214s)
[ITER 15] New best cost=606160.37 (feasible=YES, time 9.18841s)
[ITER 15] New best cost=595710.84 (feasible=YES, time 11.334s)
[ITER 20] bestGlobalCost=595710.84 (feasible=YES) bestThisIter=609195.32 feasibleAnts=8 noImprove=5 (elapsed 16.5585s)
[ITER 21] New best cost=594274.43 (feasible=YES, time 16.8511s)
[ITER 22] New best cost=580411.17 (feasible=YES, time 17.1351s)
[ITER 30] New best cost=577110.06 (feasible=YES, time 23.1183s)
[ITER 30] New best cost=575875.50 (feasible=YES, time 29.4092s)
[ITER 30] bestGlobalCost=575875.50 (feasible=YES) bestThisIter=658172.15 feasibleAnts=10 noImprove=0 (elapsed 29.4134s)
[ITER 40] bestGlobalCost=575875.50 (feasible=YES) bestThisIter=643533.72 feasibleAnts=9 noImprove=10 (elapsed 31.5983s)
[ITER 45] New best cost=574588.78 (feasible=YES, time 35.439s)
[ITER 45] New best cost=574540.00 (feasible=YES, time 37.6478s)
[ITER 50] bestGlobalCost=574540.00 (feasible=YES) bestThisIter=601039.21 feasibleAnts=9 noImprove=5 (elapsed 44.6463s)
[ITER 60] New best cost=569068.08 (feasible=YES, time 58.4321s)
[ITER 60] bestGlobalCost=569068.08 (feasible=YES) bestThisIter=754034.09 feasibleAnts=10 noImprove=0 (elapsed 58.437s)
[ITER 64] New best cost=552798.31 (feasible=YES, time 59.1407s)
24 25 26 27 29 35 36 
60 79 87 88 105 108 109 
100 101 102 103 121 122 133 
12 14 15 16 21 41 
61 63 64 65 66 68 69 70 
49 50 51 52 53 54 56 
73 76 77 78 89 90 93 94 
42 44 45 67 71 72 74 
91 92 95 96 97 98 99 
115 131 135 137 138 139 142 
116 117 118 119 120 132 134 
86 104 106 107 110 111 114 
123 124 125 126 127 128 129 130 
57 58 80 81 82 83 84 85 
18 19 20 23 38 39 40 
112 113 136 140 141 143 144 
2 30 31 32 33 34 55 
7 8 9 10 11 13 17 37 
1 3 4 5 6 22 28 
43 46 47 48 59 62 75 
[SAVELOGS] evolution saved to results/logs/pr144_20_5/evolution/pr144_20_5
[SAVELOGS] best cost saved to results/logs/pr144_20_5/objectives/pr144_20_5
[SAVELOGS] best solution saved to results/logs/pr144_20_5/solutions/pr144_20_5
