[ITER 1] New best cost=502205.62 (feasible=YES, time 0.143105s)
[ITER 2] New best cost=479025.12 (feasible=YES, time 0.237215s)
[ITER 3] New best cost=466865.16 (feasible=YES, time 0.339742s)
[ITER 7] New best cost=464469.18 (feasible=YES, time 0.755145s)
[ITER 9] New best cost=452304.03 (feasible=YES, time 0.934317s)
[ITER 10] bestGlobalCost=452304.03 (feasible=YES) bestThisIter=456070.55 feasibleAnts=9 noImprove=1 (elapsed 0.999791s)
[ITER 15] New best cost=449382.79 (feasible=YES, time 1.98205s)
[ITER 18] New best cost=447475.18 (feasible=YES, time 4.96881s)
[ITER 20] New best cost=446829.89 (feasible=YES, time 5.09449s)
[ITER 20] bestGlobalCost=446829.89 (feasible=YES) bestThisIter=446829.89 feasibleAnts=25 noImprove=0 (elapsed 5.09799s)
[ITER 30] bestGlobalCost=446829.89 (feasible=YES) bestThisIter=446829.89 feasibleAnts=11 noImprove=10 (elapsed 9.11797s)
[ITER 40] bestGlobalCost=446829.89 (feasible=YES) bestThisIter=449030.31 feasibleAnts=10 noImprove=20 (elapsed 9.94357s)
[ITER 50] bestGlobalCost=446829.89 (feasible=YES) bestThisIter=454296.07 feasibleAnts=10 noImprove=30 (elapsed 14.432s)
[RESET] no improvement for30-> reset pheromones
[ITER 60] bestGlobalCost=446829.89 (feasible=YES) bestThisIter=490121.37 feasibleAnts=10 noImprove=10 (elapsed 18.8066s)
[ITER 70] bestGlobalCost=446829.89 (feasible=YES) bestThisIter=459790.71 feasibleAnts=10 noImprove=20 (elapsed 19.6794s)
[ITER 80] bestGlobalCost=446829.89 (feasible=YES) bestThisIter=466281.97 feasibleAnts=10 noImprove=30 (elapsed 23.844s)
[RESET] no improvement for30-> reset pheromones
[ITER 90] bestGlobalCost=446829.89 (feasible=YES) bestThisIter=461305.26 feasibleAnts=10 noImprove=10 (elapsed 28.7332s)
[ITER 100] bestGlobalCost=446829.89 (feasible=YES) bestThisIter=463101.77 feasibleAnts=10 noImprove=20 (elapsed 29.7235s)
[ITER 110] bestGlobalCost=446829.89 (feasible=YES) bestThisIter=452157.19 feasibleAnts=10 noImprove=30 (elapsed 34.2901s)
[RESET] no improvement for30-> reset pheromones
[ITER 120] bestGlobalCost=446829.89 (feasible=YES) bestThisIter=455980.39 feasibleAnts=10 noImprove=10 (elapsed 38.9005s)
[ITER 130] bestGlobalCost=446829.89 (feasible=YES) bestThisIter=450596.42 feasibleAnts=10 noImprove=20 (elapsed 39.7781s)
[ITER 140] bestGlobalCost=446829.89 (feasible=YES) bestThisIter=456873.74 feasibleAnts=9 noImprove=30 (elapsed 44.06s)
[RESET] no improvement for30-> reset pheromones
[ITER 150] bestGlobalCost=446829.89 (feasible=YES) bestThisIter=485488.21 feasibleAnts=10 noImprove=10 (elapsed 48.7477s)
[ITER 160] bestGlobalCost=446829.89 (feasible=YES) bestThisIter=449030.31 feasibleAnts=10 noImprove=20 (elapsed 49.7431s)
[ITER 170] bestGlobalCost=446829.89 (feasible=YES) bestThisIter=471818.21 feasibleAnts=10 noImprove=30 (elapsed 54.1264s)
[RESET] no improvement for30-> reset pheromones
[ITER 180] bestGlobalCost=446829.89 (feasible=YES) bestThisIter=483633.46 feasibleAnts=10 noImprove=10 (elapsed 59.0031s)
[ITER 190] bestGlobalCost=446829.89 (feasible=YES) bestThisIter=446829.89 feasibleAnts=10 noImprove=20 (elapsed 60.0705s)
3 11 12 13 14 15 16 17 18 20 22 
19 21 23 24 25 27 28 29 30 33 34 35 
60 61 70 72 74 76 77 79 82 83 88 
62 63 64 65 66 67 68 69 71 73 75 
31 32 36 37 38 39 40 41 42 43 47 
26 44 45 46 48 49 50 51 52 53 54 
59 78 80 81 84 85 86 87 90 92 
56 57 58 89 91 93 94 95 97 98 
1 2 4 5 6 7 8 9 10 
55 96 99 100 101 102 103 104 105 106 107 
[SAVELOGS] evolution saved to results/logs/pr107_10_4/evolution/pr107_10_4
[SAVELOGS] best cost saved to results/logs/pr107_10_4/objectives/pr107_10_4
[SAVELOGS] best solution saved to results/logs/pr107_10_4/solutions/pr107_10_4
