[ITER 1] New best cost=9016805.97 (feasible=YES, time 0.297962s)
[ITER 7] New best cost=8988465.08 (feasible=YES, time 1.46683s)
[ITER 10] New best cost=8976361.08 (feasible=YES, time 2.33576s)
[ITER 10] bestGlobalCost=8976361.08 (feasible=YES) bestThisIter=8994929.99 feasibleAnts=9 noImprove=0 (elapsed 2.33919s)
[ITER 13] New best cost=8975428.81 (feasible=YES, time 2.68358s)
[ITER 19] New best cost=8958192.17 (feasible=YES, time 3.8217s)
[ITER 20] bestGlobalCost=8958192.17 (feasible=YES) bestThisIter=8975428.81 feasibleAnts=38 noImprove=1 (elapsed 4.55147s)
[ITER 25] New best cost=8935885.36 (feasible=YES, time 5.63885s)
[ITER 30] bestGlobalCost=8935885.36 (feasible=YES) bestThisIter=8966658.97 feasibleAnts=10 noImprove=5 (elapsed 6.62222s)
[ITER 37] New best cost=8921626.81 (feasible=YES, time 7.97494s)
[ITER 40] bestGlobalCost=8921626.81 (feasible=YES) bestThisIter=8935885.36 feasibleAnts=32 noImprove=3 (elapsed 8.80059s)
[ITER 50] bestGlobalCost=8921626.81 (feasible=YES) bestThisIter=8925071.02 feasibleAnts=14 noImprove=13 (elapsed 11.2263s)
[ITER 55] New best cost=8904117.39 (feasible=YES, time 12.5154s)
[ITER 60] New best cost=8892686.76 (feasible=YES, time 13.5957s)
[ITER 60] bestGlobalCost=8892686.76 (feasible=YES) bestThisIter=8904117.39 feasibleAnts=7 noImprove=0 (elapsed 13.5991s)
[ITER 61] New best cost=8883102.65 (feasible=YES, time 13.6812s)
[ITER 63] New best cost=8877504.16 (feasible=YES, time 13.8573s)
[ITER 70] bestGlobalCost=8877504.16 (feasible=YES) bestThisIter=8905586.72 feasibleAnts=22 noImprove=7 (elapsed 15.6923s)
[ITER 80] bestGlobalCost=8877504.16 (feasible=YES) bestThisIter=8917841.25 feasibleAnts=13 noImprove=17 (elapsed 18.2097s)
[ITER 85] New best cost=8875627.18 (feasible=YES, time 19.506s)
[ITER 90] bestGlobalCost=8875627.18 (feasible=YES) bestThisIter=8875627.18 feasibleAnts=33 noImprove=5 (elapsed 20.4542s)
[ITER 92] New best cost=8867025.34 (feasible=YES, time 20.6754s)
[ITER 100] bestGlobalCost=8867025.34 (feasible=YES) bestThisIter=8889723.31 feasibleAnts=16 noImprove=8 (elapsed 22.7735s)
[ITER 110] bestGlobalCost=8867025.34 (feasible=YES) bestThisIter=8881081.80 feasibleAnts=7 noImprove=18 (elapsed 25.3103s)
[ITER 113] New best cost=8851294.10 (feasible=YES, time 25.702s)
[ITER 120] bestGlobalCost=8851294.10 (feasible=YES) bestThisIter=8882887.78 feasibleAnts=25 noImprove=7 (elapsed 27.4667s)
[ITER 130] bestGlobalCost=8851294.10 (feasible=YES) bestThisIter=8862570.70 feasibleAnts=13 noImprove=17 (elapsed 29.9908s)
[ITER 140] bestGlobalCost=8851294.10 (feasible=YES) bestThisIter=8883694.22 feasibleAnts=8 noImprove=27 (elapsed 32.5259s)
[ITER 150] bestGlobalCost=8851294.10 (feasible=YES) bestThisIter=8880569.17 feasibleAnts=7 noImprove=37 (elapsed 35.1781s)
[ITER 160] bestGlobalCost=8851294.10 (feasible=YES) bestThisIter=8892456.46 feasibleAnts=6 noImprove=47 (elapsed 38.005s)
[RESET] no improvement for50-> reset pheromones
[ITER 170] bestGlobalCost=8851294.10 (feasible=YES) bestThisIter=8874095.24 feasibleAnts=7 noImprove=7 (elapsed 40.8872s)
[ITER 180] bestGlobalCost=8851294.10 (feasible=YES) bestThisIter=8881338.09 feasibleAnts=6 noImprove=17 (elapsed 43.469s)
[ITER 190] bestGlobalCost=8851294.10 (feasible=YES) bestThisIter=8869538.95 feasibleAnts=5 noImprove=27 (elapsed 46.1056s)
[ITER 200] bestGlobalCost=8851294.10 (feasible=YES) bestThisIter=8886295.83 feasibleAnts=3 noImprove=37 (elapsed 48.9326s)
[ITER 210] bestGlobalCost=8851294.10 (feasible=YES) bestThisIter=8922138.74 feasibleAnts=6 noImprove=47 (elapsed 51.7531s)
[RESET] no improvement for50-> reset pheromones
[ITER 220] bestGlobalCost=8851294.10 (feasible=YES) bestThisIter=8888885.42 feasibleAnts=8 noImprove=7 (elapsed 54.6533s)
[ITER 230] bestGlobalCost=8851294.10 (feasible=YES) bestThisIter=8869742.91 feasibleAnts=6 noImprove=17 (elapsed 57.2228s)
[ITER 240] bestGlobalCost=8851294.10 (feasible=YES) bestThisIter=8864057.46 feasibleAnts=6 noImprove=27 (elapsed 59.8222s)
[ITER 250] bestGlobalCost=8851294.10 (feasible=YES) bestThisIter=8901040.71 feasibleAnts=11 noImprove=37 (elapsed 62.814s)
[ITER 260] bestGlobalCost=8851294.10 (feasible=YES) bestThisIter=8955715.28 feasibleAnts=5 noImprove=47 (elapsed 66.328s)
[RESET] no improvement for50-> reset pheromones
[ITER 270] bestGlobalCost=8851294.10 (feasible=YES) bestThisIter=8870425.27 feasibleAnts=5 noImprove=7 (elapsed 69.2927s)
[ITER 280] bestGlobalCost=8851294.10 (feasible=YES) bestThisIter=8870842.13 feasibleAnts=7 noImprove=17 (elapsed 71.8953s)
[ITER 290] bestGlobalCost=8851294.10 (feasible=YES) bestThisIter=8893052.81 feasibleAnts=8 noImprove=27 (elapsed 74.5237s)
[ITER 300] bestGlobalCost=8851294.10 (feasible=YES) bestThisIter=8870916.21 feasibleAnts=6 noImprove=37 (elapsed 77.3289s)
[ITER 310] bestGlobalCost=8851294.10 (feasible=YES) bestThisIter=8969669.36 feasibleAnts=6 noImprove=47 (elapsed 80.1479s)
[RESET] no improvement for50-> reset pheromones
[ITER 320] bestGlobalCost=8851294.10 (feasible=YES) bestThisIter=8855371.90 feasibleAnts=9 noImprove=7 (elapsed 83.2318s)
[ITER 330] bestGlobalCost=8851294.10 (feasible=YES) bestThisIter=8886759.73 feasibleAnts=9 noImprove=17 (elapsed 85.8229s)
[ITER 340] bestGlobalCost=8851294.10 (feasible=YES) bestThisIter=8859794.71 feasibleAnts=4 noImprove=27 (elapsed 88.4698s)
[ITER 350] bestGlobalCost=8851294.10 (feasible=YES) bestThisIter=8867419.93 feasibleAnts=7 noImprove=37 (elapsed 91.3375s)
[ITER 360] bestGlobalCost=8851294.10 (feasible=YES) bestThisIter=8884402.90 feasibleAnts=5 noImprove=47 (elapsed 94.288s)
[RESET] no improvement for50-> reset pheromones
[ITER 370] bestGlobalCost=8851294.10 (feasible=YES) bestThisIter=8875683.00 feasibleAnts=6 noImprove=7 (elapsed 97.2497s)
[ITER 380] bestGlobalCost=8851294.10 (feasible=YES) bestThisIter=8856441.43 feasibleAnts=6 noImprove=17 (elapsed 99.9254s)
[ITER 390] bestGlobalCost=8851294.10 (feasible=YES) bestThisIter=8878567.75 feasibleAnts=6 noImprove=27 (elapsed 102.491s)
[ITER 400] bestGlobalCost=8851294.10 (feasible=YES) bestThisIter=8871764.19 feasibleAnts=5 noImprove=37 (elapsed 105.344s)
[ITER 410] bestGlobalCost=8851294.10 (feasible=YES) bestThisIter=8940039.47 feasibleAnts=7 noImprove=47 (elapsed 108.295s)
[RESET] no improvement for50-> reset pheromones
[ITER 420] bestGlobalCost=8851294.10 (feasible=YES) bestThisIter=8878683.46 feasibleAnts=11 noImprove=7 (elapsed 111.247s)
[ITER 430] bestGlobalCost=8851294.10 (feasible=YES) bestThisIter=8892285.16 feasibleAnts=7 noImprove=17 (elapsed 113.81s)
[ITER 440] bestGlobalCost=8851294.10 (feasible=YES) bestThisIter=8909723.08 feasibleAnts=9 noImprove=27 (elapsed 116.46s)
[ITER 450] bestGlobalCost=8851294.10 (feasible=YES) bestThisIter=8902728.51 feasibleAnts=5 noImprove=37 (elapsed 119.197s)
[ITER 460] bestGlobalCost=8851294.10 (feasible=YES) bestThisIter=8897848.75 feasibleAnts=4 noImprove=47 (elapsed 122.091s)
[RESET] no improvement for50-> reset pheromones
[ITER 470] bestGlobalCost=8851294.10 (feasible=YES) bestThisIter=8883133.73 feasibleAnts=15 noImprove=7 (elapsed 124.944s)
[ITER 480] bestGlobalCost=8851294.10 (feasible=YES) bestThisIter=8890157.17 feasibleAnts=7 noImprove=17 (elapsed 127.509s)
[ITER 490] bestGlobalCost=8851294.10 (feasible=YES) bestThisIter=8860000.12 feasibleAnts=9 noImprove=27 (elapsed 130.129s)
[ITER 500] bestGlobalCost=8851294.10 (feasible=YES) bestThisIter=8898693.31 feasibleAnts=6 noImprove=37 (elapsed 132.923s)
[ITER 510] bestGlobalCost=8851294.10 (feasible=YES) bestThisIter=8858607.41 feasibleAnts=6 noImprove=47 (elapsed 135.898s)
[RESET] no improvement for50-> reset pheromones
[ITER 520] bestGlobalCost=8851294.10 (feasible=YES) bestThisIter=8855685.82 feasibleAnts=9 noImprove=7 (elapsed 138.909s)
[ITER 530] bestGlobalCost=8851294.10 (feasible=YES) bestThisIter=8856284.20 feasibleAnts=9 noImprove=17 (elapsed 141.413s)
[ITER 540] bestGlobalCost=8851294.10 (feasible=YES) bestThisIter=8862156.48 feasibleAnts=5 noImprove=27 (elapsed 143.976s)
[ITER 550] bestGlobalCost=8851294.10 (feasible=YES) bestThisIter=8880498.11 feasibleAnts=4 noImprove=37 (elapsed 146.705s)
[ITER 560] bestGlobalCost=8851294.10 (feasible=YES) bestThisIter=8869538.95 feasibleAnts=5 noImprove=47 (elapsed 149.629s)
[RESET] no improvement for50-> reset pheromones
[ITER 570] bestGlobalCost=8851294.10 (feasible=YES) bestThisIter=8864591.38 feasibleAnts=9 noImprove=7 (elapsed 152.515s)
[ITER 580] bestGlobalCost=8851294.10 (feasible=YES) bestThisIter=8889017.14 feasibleAnts=6 noImprove=17 (elapsed 155.086s)
[ITER 590] bestGlobalCost=8851294.10 (feasible=YES) bestThisIter=8861165.25 feasibleAnts=5 noImprove=27 (elapsed 157.769s)
[ITER 600] bestGlobalCost=8851294.10 (feasible=YES) bestThisIter=8897695.31 feasibleAnts=5 noImprove=37 (elapsed 160.586s)
[ITER 610] bestGlobalCost=8851294.10 (feasible=YES) bestThisIter=8893862.08 feasibleAnts=9 noImprove=47 (elapsed 163.59s)
[RESET] no improvement for50-> reset pheromones
[ITER 620] bestGlobalCost=8851294.10 (feasible=YES) bestThisIter=8876391.85 feasibleAnts=6 noImprove=7 (elapsed 166.567s)
[ITER 630] bestGlobalCost=8851294.10 (feasible=YES) bestThisIter=8863747.16 feasibleAnts=7 noImprove=17 (elapsed 169.146s)
[ITER 640] bestGlobalCost=8851294.10 (feasible=YES) bestThisIter=8894825.82 feasibleAnts=6 noImprove=27 (elapsed 171.821s)
[ITER 650] bestGlobalCost=8851294.10 (feasible=YES) bestThisIter=8914560.08 feasibleAnts=5 noImprove=37 (elapsed 174.579s)
[ITER 660] bestGlobalCost=8851294.10 (feasible=YES) bestThisIter=8869538.95 feasibleAnts=6 noImprove=47 (elapsed 177.466s)
[RESET] no improvement for50-> reset pheromones
[ITER 670] bestGlobalCost=8851294.10 (feasible=YES) bestThisIter=8880343.72 feasibleAnts=9 noImprove=7 (elapsed 180.542s)
[ITER 680] bestGlobalCost=8851294.10 (feasible=YES) bestThisIter=8888453.55 feasibleAnts=10 noImprove=17 (elapsed 183.077s)
[ITER 690] bestGlobalCost=8851294.10 (feasible=YES) bestThisIter=8866631.99 feasibleAnts=5 noImprove=27 (elapsed 185.705s)
[ITER 700] bestGlobalCost=8851294.10 (feasible=YES) bestThisIter=8906263.17 feasibleAnts=4 noImprove=37 (elapsed 188.396s)
[ITER 710] bestGlobalCost=8851294.10 (feasible=YES) bestThisIter=8876010.10 feasibleAnts=7 noImprove=47 (elapsed 191.268s)
[RESET] no improvement for50-> reset pheromones
[ITER 720] bestGlobalCost=8851294.10 (feasible=YES) bestThisIter=8855887.88 feasibleAnts=11 noImprove=7 (elapsed 194.235s)
[ITER 730] bestGlobalCost=8851294.10 (feasible=YES) bestThisIter=8860961.10 feasibleAnts=7 noImprove=17 (elapsed 196.763s)
[ITER 740] bestGlobalCost=8851294.10 (feasible=YES) bestThisIter=8880498.11 feasibleAnts=9 noImprove=27 (elapsed 199.325s)
[ITER 750] bestGlobalCost=8851294.10 (feasible=YES) bestThisIter=8936364.80 feasibleAnts=6 noImprove=37 (elapsed 202.197s)
[ITER 760] bestGlobalCost=8851294.10 (feasible=YES) bestThisIter=8910480.73 feasibleAnts=6 noImprove=47 (elapsed 205.095s)
[RESET] no improvement for50-> reset pheromones
[ITER 770] bestGlobalCost=8851294.10 (feasible=YES) bestThisIter=8872271.57 feasibleAnts=6 noImprove=7 (elapsed 208.078s)
[ITER 780] bestGlobalCost=8851294.10 (feasible=YES) bestThisIter=8873622.54 feasibleAnts=7 noImprove=17 (elapsed 210.687s)
[ITER 790] bestGlobalCost=8851294.10 (feasible=YES) bestThisIter=8884559.59 feasibleAnts=6 noImprove=27 (elapsed 213.295s)
[ITER 800] bestGlobalCost=8851294.10 (feasible=YES) bestThisIter=8875285.96 feasibleAnts=6 noImprove=37 (elapsed 216.675s)
[ITER 810] bestGlobalCost=8851294.10 (feasible=YES) bestThisIter=8926291.03 feasibleAnts=5 noImprove=47 (elapsed 219.822s)
[RESET] no improvement for50-> reset pheromones
[ITER 820] bestGlobalCost=8851294.10 (feasible=YES) bestThisIter=8876355.95 feasibleAnts=6 noImprove=7 (elapsed 222.732s)
[ITER 830] bestGlobalCost=8851294.10 (feasible=YES) bestThisIter=8873693.99 feasibleAnts=6 noImprove=17 (elapsed 225.287s)
[ITER 840] bestGlobalCost=8851294.10 (feasible=YES) bestThisIter=8875204.23 feasibleAnts=7 noImprove=27 (elapsed 227.909s)
[ITER 850] bestGlobalCost=8851294.10 (feasible=YES) bestThisIter=8905086.85 feasibleAnts=4 noImprove=37 (elapsed 230.764s)
[ITER 860] bestGlobalCost=8851294.10 (feasible=YES) bestThisIter=8917345.06 feasibleAnts=7 noImprove=47 (elapsed 233.591s)
[RESET] no improvement for50-> reset pheromones
[ITER 870] bestGlobalCost=8851294.10 (feasible=YES) bestThisIter=8893052.81 feasibleAnts=9 noImprove=7 (elapsed 236.61s)
[ITER 880] bestGlobalCost=8851294.10 (feasible=YES) bestThisIter=8868644.52 feasibleAnts=11 noImprove=17 (elapsed 239.133s)
[ITER 890] bestGlobalCost=8851294.10 (feasible=YES) bestThisIter=8877326.87 feasibleAnts=8 noImprove=27 (elapsed 241.795s)
[ITER 900] bestGlobalCost=8851294.10 (feasible=YES) bestThisIter=8954750.00 feasibleAnts=6 noImprove=37 (elapsed 244.592s)
[ITER 910] bestGlobalCost=8851294.10 (feasible=YES) bestThisIter=8911260.95 feasibleAnts=7 noImprove=47 (elapsed 248.237s)
[RESET] no improvement for50-> reset pheromones
[ITER 920] bestGlobalCost=8851294.10 (feasible=YES) bestThisIter=8869792.81 feasibleAnts=11 noImprove=7 (elapsed 251.59s)
[ITER 930] bestGlobalCost=8851294.10 (feasible=YES) bestThisIter=8865613.33 feasibleAnts=7 noImprove=17 (elapsed 254.025s)
[ITER 940] bestGlobalCost=8851294.10 (feasible=YES) bestThisIter=8973039.34 feasibleAnts=6 noImprove=27 (elapsed 256.634s)
[ITER 950] bestGlobalCost=8851294.10 (feasible=YES) bestThisIter=8899512.46 feasibleAnts=6 noImprove=37 (elapsed 259.51s)
[ITER 960] bestGlobalCost=8851294.10 (feasible=YES) bestThisIter=8914670.86 feasibleAnts=6 noImprove=47 (elapsed 262.475s)
[RESET] no improvement for50-> reset pheromones
[ITER 970] bestGlobalCost=8851294.10 (feasible=YES) bestThisIter=8890512.99 feasibleAnts=6 noImprove=7 (elapsed 265.391s)
[ITER 980] bestGlobalCost=8851294.10 (feasible=YES) bestThisIter=8874912.73 feasibleAnts=6 noImprove=17 (elapsed 267.931s)
[ITER 990] bestGlobalCost=8851294.10 (feasible=YES) bestThisIter=8872819.86 feasibleAnts=10 noImprove=27 (elapsed 270.709s)
[ITER 1000] bestGlobalCost=8851294.10 (feasible=YES) bestThisIter=8902203.27 feasibleAnts=4 noImprove=37 (elapsed 273.597s)
1 2 3 4 5 6 7 8 9 10 11 12 86 89 92 93 141 142 143 144 145 146 147 148 149 150 151 152 153 154 155 156 157 158 159 160 211 212 213 214 215 216 217 218 221 222 287 288 289 290 291 292 293 294 295 296 297 298 
13 14 15 16 17 18 19 20 21 22 23 24 25 26 27 28 29 30 32 34 66 68 69 70 71 72 73 74 75 76 77 78 79 80 81 82 83 84 85 87 88 90 91 94 95 96 97 98 99 100 101 102 103 129 130 132 135 136 139 140 162 
120 125 171 172 173 175 177 178 179 180 181 182 183 184 185 186 187 188 189 190 191 192 193 194 195 196 238 242 243 244 245 246 247 248 249 250 251 252 253 254 255 256 257 258 259 260 261 262 263 264 265 266 267 268 269 270 271 272 
31 33 35 36 37 38 39 40 41 42 43 44 45 46 47 48 49 50 51 52 53 54 55 56 57 58 59 60 61 62 63 64 65 67 105 107 108 109 110 111 112 113 114 115 116 117 118 119 121 122 123 124 126 127 128 169 170 174 176 
104 106 131 133 134 137 138 161 163 164 165 166 167 168 197 198 199 200 201 202 203 204 205 206 207 208 209 210 219 220 223 224 225 226 227 228 229 230 231 232 233 234 235 236 237 239 240 241 273 274 275 276 277 278 279 280 281 282 283 284 285 286 299 
[SAVELOGS] evolution saved to results/logs/aco_logs/evolution/pr299_05_4.txt
[SAVELOGS] best cost saved to results/logs/aco_logs/objectives/pr299_05_4.txt
[SAVELOGS] best solution saved to results/logs/aco_logs/solutions/pr299_05_4.txt
