[ITER 1] New best cost=8947798.96 (feasible=NO, time 0.306116s)
[ITER 1] New best cost=9016679.71 (feasible=YES, time 0.310778s)
[ITER 2] New best cost=8987407.38 (feasible=YES, time 0.457499s)
[ITER 3] New best cost=8941547.15 (feasible=YES, time 0.608623s)
[ITER 5] New best cost=8888229.83 (feasible=YES, time 1.45632s)
[ITER 6] New best cost=8864203.63 (feasible=YES, time 1.55788s)
[ITER 8] New best cost=8862123.66 (feasible=YES, time 1.82507s)
[ITER 9] New best cost=8855650.69 (feasible=YES, time 1.92606s)
[ITER 10] New best cost=8851923.64 (feasible=YES, time 2.71483s)
[ITER 10] bestGlobalCost=8851923.64 (feasible=YES) bestThisIter=8852227.36 feasibleAnts=9 noImprove=0 (elapsed 2.71941s)
[ITER 13] New best cost=8840791.48 (feasible=YES, time 3.12331s)
[ITER 20] bestGlobalCost=8840791.48 (feasible=YES) bestThisIter=8845825.00 feasibleAnts=12 noImprove=7 (elapsed 5.23672s)
[ITER 22] New best cost=8836159.53 (feasible=YES, time 5.44251s)
[ITER 26] New best cost=8815443.04 (feasible=YES, time 6.45846s)
[ITER 28] New best cost=8805401.11 (feasible=YES, time 6.696s)
[ITER 29] New best cost=8790630.29 (feasible=YES, time 6.81969s)
[ITER 30] bestGlobalCost=8790630.29 (feasible=YES) bestThisIter=8783099.80 feasibleAnts=8 noImprove=1 (elapsed 7.60439s)
[ITER 37] New best cost=8785485.35 (feasible=YES, time 9.10854s)
[ITER 40] bestGlobalCost=8785485.35 (feasible=YES) bestThisIter=8790630.29 feasibleAnts=12 noImprove=3 (elapsed 10.0106s)
[ITER 49] New best cost=8778385.68 (feasible=YES, time 11.5196s)
[ITER 50] bestGlobalCost=8778385.68 (feasible=YES) bestThisIter=8785485.35 feasibleAnts=38 noImprove=1 (elapsed 12.2285s)
[ITER 60] bestGlobalCost=8778385.68 (feasible=YES) bestThisIter=8799524.08 feasibleAnts=16 noImprove=11 (elapsed 14.5757s)
[ITER 70] bestGlobalCost=8778385.68 (feasible=YES) bestThisIter=8805918.04 feasibleAnts=10 noImprove=21 (elapsed 17.2091s)
[ITER 80] bestGlobalCost=8778385.68 (feasible=YES) bestThisIter=8817109.07 feasibleAnts=6 noImprove=31 (elapsed 19.9742s)
[ITER 86] New best cost=8768781.81 (feasible=YES, time 21.5186s)
[ITER 90] bestGlobalCost=8768781.81 (feasible=YES) bestThisIter=8778385.68 feasibleAnts=8 noImprove=4 (elapsed 22.4358s)
[ITER 100] bestGlobalCost=8768781.81 (feasible=YES) bestThisIter=8790903.64 feasibleAnts=12 noImprove=14 (elapsed 24.9833s)
[ITER 110] bestGlobalCost=8768781.81 (feasible=YES) bestThisIter=8777975.05 feasibleAnts=5 noImprove=24 (elapsed 27.6636s)
[ITER 120] bestGlobalCost=8768781.81 (feasible=YES) bestThisIter=8803510.22 feasibleAnts=7 noImprove=34 (elapsed 30.4145s)
[ITER 130] bestGlobalCost=8768781.81 (feasible=YES) bestThisIter=8815010.85 feasibleAnts=6 noImprove=44 (elapsed 33.3365s)
[ITER 132] New best cost=8759401.44 (feasible=YES, time 33.7099s)
[ITER 140] bestGlobalCost=8759401.44 (feasible=YES) bestThisIter=8784723.54 feasibleAnts=18 noImprove=8 (elapsed 35.689s)
[ITER 150] bestGlobalCost=8759401.44 (feasible=YES) bestThisIter=8774306.58 feasibleAnts=10 noImprove=18 (elapsed 38.323s)
[ITER 160] bestGlobalCost=8759401.44 (feasible=YES) bestThisIter=8795091.36 feasibleAnts=5 noImprove=28 (elapsed 41.0495s)
[ITER 170] bestGlobalCost=8759401.44 (feasible=YES) bestThisIter=8795553.09 feasibleAnts=4 noImprove=38 (elapsed 43.9481s)
[ITER 180] bestGlobalCost=8759401.44 (feasible=YES) bestThisIter=8796332.73 feasibleAnts=4 noImprove=48 (elapsed 46.9541s)
[RESET] no improvement for50-> reset pheromones
[ITER 190] bestGlobalCost=8759401.44 (feasible=YES) bestThisIter=8787587.28 feasibleAnts=8 noImprove=8 (elapsed 50.0179s)
[ITER 200] bestGlobalCost=8759401.44 (feasible=YES) bestThisIter=8805415.11 feasibleAnts=8 noImprove=18 (elapsed 52.7277s)
[ITER 210] bestGlobalCost=8759401.44 (feasible=YES) bestThisIter=8792556.27 feasibleAnts=7 noImprove=28 (elapsed 55.5515s)
[ITER 220] bestGlobalCost=8759401.44 (feasible=YES) bestThisIter=8796647.26 feasibleAnts=9 noImprove=38 (elapsed 58.5356s)
[ITER 230] bestGlobalCost=8759401.44 (feasible=YES) bestThisIter=8822738.75 feasibleAnts=3 noImprove=48 (elapsed 61.6412s)
[RESET] no improvement for50-> reset pheromones
[ITER 240] bestGlobalCost=8759401.44 (feasible=YES) bestThisIter=8779046.70 feasibleAnts=7 noImprove=8 (elapsed 64.6836s)
[ITER 250] bestGlobalCost=8759401.44 (feasible=YES) bestThisIter=8778404.74 feasibleAnts=7 noImprove=18 (elapsed 67.3881s)
[ITER 260] bestGlobalCost=8759401.44 (feasible=YES) bestThisIter=8811842.20 feasibleAnts=7 noImprove=28 (elapsed 70.1863s)
[ITER 270] bestGlobalCost=8759401.44 (feasible=YES) bestThisIter=8794873.39 feasibleAnts=4 noImprove=38 (elapsed 73.121s)
[ITER 280] bestGlobalCost=8759401.44 (feasible=YES) bestThisIter=8831381.28 feasibleAnts=3 noImprove=48 (elapsed 76.2529s)
[RESET] no improvement for50-> reset pheromones
[ITER 290] bestGlobalCost=8759401.44 (feasible=YES) bestThisIter=8807829.47 feasibleAnts=9 noImprove=8 (elapsed 79.3243s)
[ITER 300] bestGlobalCost=8759401.44 (feasible=YES) bestThisIter=8818214.79 feasibleAnts=10 noImprove=18 (elapsed 81.9649s)
[ITER 310] bestGlobalCost=8759401.44 (feasible=YES) bestThisIter=8802487.37 feasibleAnts=5 noImprove=28 (elapsed 84.7773s)
[ITER 320] bestGlobalCost=8759401.44 (feasible=YES) bestThisIter=8816143.80 feasibleAnts=4 noImprove=38 (elapsed 87.8355s)
[ITER 330] bestGlobalCost=8759401.44 (feasible=YES) bestThisIter=8869127.50 feasibleAnts=3 noImprove=48 (elapsed 90.9803s)
[RESET] no improvement for50-> reset pheromones
[ITER 340] bestGlobalCost=8759401.44 (feasible=YES) bestThisIter=8805274.17 feasibleAnts=11 noImprove=8 (elapsed 93.9284s)
[ITER 350] bestGlobalCost=8759401.44 (feasible=YES) bestThisIter=8762685.01 feasibleAnts=4 noImprove=18 (elapsed 96.6019s)
[ITER 360] bestGlobalCost=8759401.44 (feasible=YES) bestThisIter=8809069.09 feasibleAnts=5 noImprove=28 (elapsed 99.5405s)
[ITER 370] bestGlobalCost=8759401.44 (feasible=YES) bestThisIter=8821155.53 feasibleAnts=3 noImprove=38 (elapsed 102.571s)
[ITER 380] bestGlobalCost=8759401.44 (feasible=YES) bestThisIter=8810556.36 feasibleAnts=6 noImprove=48 (elapsed 105.716s)
[RESET] no improvement for50-> reset pheromones
[ITER 390] bestGlobalCost=8759401.44 (feasible=YES) bestThisIter=8818110.09 feasibleAnts=8 noImprove=8 (elapsed 108.776s)
[ITER 400] bestGlobalCost=8759401.44 (feasible=YES) bestThisIter=8777563.75 feasibleAnts=6 noImprove=18 (elapsed 111.451s)
[ITER 410] bestGlobalCost=8759401.44 (feasible=YES) bestThisIter=8810821.22 feasibleAnts=5 noImprove=28 (elapsed 114.26s)
[ITER 420] bestGlobalCost=8759401.44 (feasible=YES) bestThisIter=8827532.29 feasibleAnts=5 noImprove=38 (elapsed 117.172s)
[ITER 430] bestGlobalCost=8759401.44 (feasible=YES) bestThisIter=8836547.82 feasibleAnts=7 noImprove=48 (elapsed 120.218s)
[RESET] no improvement for50-> reset pheromones
[ITER 440] bestGlobalCost=8759401.44 (feasible=YES) bestThisIter=8824241.55 feasibleAnts=7 noImprove=8 (elapsed 123.321s)
[ITER 450] bestGlobalCost=8759401.44 (feasible=YES) bestThisIter=8839279.88 feasibleAnts=6 noImprove=18 (elapsed 126.112s)
[ITER 460] bestGlobalCost=8759401.44 (feasible=YES) bestThisIter=8775800.18 feasibleAnts=7 noImprove=28 (elapsed 128.918s)
[ITER 470] bestGlobalCost=8759401.44 (feasible=YES) bestThisIter=8805270.00 feasibleAnts=3 noImprove=38 (elapsed 131.902s)
[ITER 480] bestGlobalCost=8759401.44 (feasible=YES) bestThisIter=8792423.78 feasibleAnts=5 noImprove=48 (elapsed 134.882s)
[RESET] no improvement for50-> reset pheromones
[ITER 490] bestGlobalCost=8759401.44 (feasible=YES) bestThisIter=8785505.74 feasibleAnts=10 noImprove=8 (elapsed 137.981s)
[ITER 500] bestGlobalCost=8759401.44 (feasible=YES) bestThisIter=8824836.29 feasibleAnts=8 noImprove=18 (elapsed 140.652s)
[ITER 510] bestGlobalCost=8759401.44 (feasible=YES) bestThisIter=8821653.07 feasibleAnts=7 noImprove=28 (elapsed 143.456s)
[ITER 520] bestGlobalCost=8759401.44 (feasible=YES) bestThisIter=8812788.88 feasibleAnts=4 noImprove=38 (elapsed 146.452s)
[ITER 530] bestGlobalCost=8759401.44 (feasible=YES) bestThisIter=8802384.36 feasibleAnts=6 noImprove=48 (elapsed 149.574s)
[RESET] no improvement for50-> reset pheromones
[ITER 540] bestGlobalCost=8759401.44 (feasible=YES) bestThisIter=8776207.49 feasibleAnts=8 noImprove=8 (elapsed 152.581s)
[ITER 550] bestGlobalCost=8759401.44 (feasible=YES) bestThisIter=8814383.66 feasibleAnts=4 noImprove=18 (elapsed 155.254s)
[ITER 560] bestGlobalCost=8759401.44 (feasible=YES) bestThisIter=8825349.53 feasibleAnts=3 noImprove=28 (elapsed 158.022s)
[ITER 570] bestGlobalCost=8759401.44 (feasible=YES) bestThisIter=8863681.48 feasibleAnts=3 noImprove=38 (elapsed 161.051s)
[ITER 580] bestGlobalCost=8759401.44 (feasible=YES) bestThisIter=8815961.58 feasibleAnts=1 noImprove=48 (elapsed 164.182s)
[RESET] no improvement for50-> reset pheromones
[ITER 590] bestGlobalCost=8759401.44 (feasible=YES) bestThisIter=8799458.37 feasibleAnts=8 noImprove=8 (elapsed 167.148s)
[ITER 600] bestGlobalCost=8759401.44 (feasible=YES) bestThisIter=8793123.59 feasibleAnts=3 noImprove=18 (elapsed 169.891s)
[ITER 610] bestGlobalCost=8759401.44 (feasible=YES) bestThisIter=8809620.39 feasibleAnts=4 noImprove=28 (elapsed 172.592s)
[ITER 620] bestGlobalCost=8759401.44 (feasible=YES) bestThisIter=8789034.34 feasibleAnts=5 noImprove=38 (elapsed 175.492s)
[ITER 630] bestGlobalCost=8759401.44 (feasible=YES) bestThisIter=8839957.03 feasibleAnts=4 noImprove=48 (elapsed 178.735s)
[RESET] no improvement for50-> reset pheromones
[ITER 640] bestGlobalCost=8759401.44 (feasible=YES) bestThisIter=8772128.89 feasibleAnts=11 noImprove=8 (elapsed 181.84s)
[ITER 650] bestGlobalCost=8759401.44 (feasible=YES) bestThisIter=8804329.94 feasibleAnts=6 noImprove=18 (elapsed 184.544s)
[ITER 660] bestGlobalCost=8759401.44 (feasible=YES) bestThisIter=8778404.74 feasibleAnts=8 noImprove=28 (elapsed 187.259s)
[ITER 670] bestGlobalCost=8759401.44 (feasible=YES) bestThisIter=8790197.21 feasibleAnts=3 noImprove=38 (elapsed 190.152s)
[ITER 680] bestGlobalCost=8759401.44 (feasible=YES) bestThisIter=8812181.35 feasibleAnts=7 noImprove=48 (elapsed 193.215s)
[RESET] no improvement for50-> reset pheromones
[ITER 690] bestGlobalCost=8759401.44 (feasible=YES) bestThisIter=8774284.01 feasibleAnts=5 noImprove=8 (elapsed 196.272s)
[ITER 700] bestGlobalCost=8759401.44 (feasible=YES) bestThisIter=8804774.94 feasibleAnts=8 noImprove=18 (elapsed 198.991s)
[ITER 710] bestGlobalCost=8759401.44 (feasible=YES) bestThisIter=8830858.98 feasibleAnts=5 noImprove=28 (elapsed 201.746s)
[ITER 720] bestGlobalCost=8759401.44 (feasible=YES) bestThisIter=8812597.06 feasibleAnts=6 noImprove=38 (elapsed 204.74s)
[ITER 730] bestGlobalCost=8759401.44 (feasible=YES) bestThisIter=8819995.53 feasibleAnts=6 noImprove=48 (elapsed 207.842s)
[RESET] no improvement for50-> reset pheromones
[ITER 740] bestGlobalCost=8759401.44 (feasible=YES) bestThisIter=8817833.56 feasibleAnts=12 noImprove=8 (elapsed 210.975s)
[ITER 750] bestGlobalCost=8759401.44 (feasible=YES) bestThisIter=8807910.45 feasibleAnts=7 noImprove=18 (elapsed 213.659s)
[ITER 760] bestGlobalCost=8759401.44 (feasible=YES) bestThisIter=8804232.05 feasibleAnts=3 noImprove=28 (elapsed 216.418s)
[ITER 770] bestGlobalCost=8759401.44 (feasible=YES) bestThisIter=8855291.47 feasibleAnts=5 noImprove=38 (elapsed 219.476s)
[ITER 780] bestGlobalCost=8759401.44 (feasible=YES) bestThisIter=8794326.97 feasibleAnts=5 noImprove=48 (elapsed 222.594s)
[RESET] no improvement for50-> reset pheromones
[ITER 790] bestGlobalCost=8759401.44 (feasible=YES) bestThisIter=8815739.48 feasibleAnts=7 noImprove=8 (elapsed 225.685s)
[ITER 800] bestGlobalCost=8759401.44 (feasible=YES) bestThisIter=8790152.68 feasibleAnts=8 noImprove=18 (elapsed 228.856s)
[ITER 810] bestGlobalCost=8759401.44 (feasible=YES) bestThisIter=8789426.71 feasibleAnts=3 noImprove=28 (elapsed 232.63s)
[ITER 820] bestGlobalCost=8759401.44 (feasible=YES) bestThisIter=8832132.65 feasibleAnts=7 noImprove=38 (elapsed 236.775s)
[ITER 830] bestGlobalCost=8759401.44 (feasible=YES) bestThisIter=8803155.73 feasibleAnts=3 noImprove=48 (elapsed 240.545s)
[RESET] no improvement for50-> reset pheromones
[ITER 840] bestGlobalCost=8759401.44 (feasible=YES) bestThisIter=8791868.79 feasibleAnts=4 noImprove=8 (elapsed 244.61s)
[ITER 850] bestGlobalCost=8759401.44 (feasible=YES) bestThisIter=8812228.29 feasibleAnts=9 noImprove=18 (elapsed 247.459s)
[ITER 860] bestGlobalCost=8759401.44 (feasible=YES) bestThisIter=8779690.69 feasibleAnts=6 noImprove=28 (elapsed 250.253s)
[ITER 870] bestGlobalCost=8759401.44 (feasible=YES) bestThisIter=8811298.19 feasibleAnts=2 noImprove=38 (elapsed 254.349s)
[ITER 880] bestGlobalCost=8759401.44 (feasible=YES) bestThisIter=8791664.86 feasibleAnts=6 noImprove=48 (elapsed 258.532s)
[RESET] no improvement for50-> reset pheromones
[ITER 890] bestGlobalCost=8759401.44 (feasible=YES) bestThisIter=8779046.70 feasibleAnts=6 noImprove=8 (elapsed 263.479s)
[ITER 900] bestGlobalCost=8759401.44 (feasible=YES) bestThisIter=8815402.88 feasibleAnts=6 noImprove=18 (elapsed 267.616s)
[ITER 910] bestGlobalCost=8759401.44 (feasible=YES) bestThisIter=8793447.90 feasibleAnts=9 noImprove=28 (elapsed 270.687s)
[ITER 920] bestGlobalCost=8759401.44 (feasible=YES) bestThisIter=8829556.99 feasibleAnts=6 noImprove=38 (elapsed 273.612s)
[ITER 930] bestGlobalCost=8759401.44 (feasible=YES) bestThisIter=8861177.38 feasibleAnts=6 noImprove=48 (elapsed 276.72s)
[RESET] no improvement for50-> reset pheromones
[ITER 940] bestGlobalCost=8759401.44 (feasible=YES) bestThisIter=8776303.53 feasibleAnts=7 noImprove=8 (elapsed 280.131s)
[ITER 950] bestGlobalCost=8759401.44 (feasible=YES) bestThisIter=8825199.50 feasibleAnts=8 noImprove=18 (elapsed 283.354s)
[ITER 960] bestGlobalCost=8759401.44 (feasible=YES) bestThisIter=8780834.67 feasibleAnts=2 noImprove=28 (elapsed 286.165s)
[ITER 970] bestGlobalCost=8759401.44 (feasible=YES) bestThisIter=8804328.41 feasibleAnts=5 noImprove=38 (elapsed 289.109s)
[ITER 980] bestGlobalCost=8759401.44 (feasible=YES) bestThisIter=8826704.45 feasibleAnts=5 noImprove=48 (elapsed 292.16s)
[RESET] no improvement for50-> reset pheromones
[ITER 990] bestGlobalCost=8759401.44 (feasible=YES) bestThisIter=8785039.53 feasibleAnts=10 noImprove=8 (elapsed 295.223s)
[ITER 1000] bestGlobalCost=8759401.44 (feasible=YES) bestThisIter=8788440.88 feasibleAnts=6 noImprove=18 (elapsed 298.027s)
30 32 33 35 36 37 38 39 40 41 42 43 44 45 46 47 48 49 50 51 52 53 54 55 56 57 58 59 60 61 62 63 65 106 107 108 109 110 111 112 113 114 115 116 118 119 120 121 122 123 124 125 126 127 128 171 172 174 176 182 
1 2 3 4 5 6 7 8 9 10 11 13 14 16 83 85 88 89 90 91 92 93 94 97 139 140 141 142 143 144 145 146 147 148 149 150 151 152 153 154 155 156 157 158 159 213 214 215 218 288 290 291 292 293 294 295 296 297 298 
12 15 17 18 19 20 21 22 23 24 25 26 27 28 29 31 34 64 66 67 68 69 70 71 72 73 74 75 76 77 78 79 80 81 82 84 86 87 95 96 98 99 100 101 102 103 104 105 129 130 131 132 133 135 136 137 138 161 163 167 
117 169 170 173 175 177 178 179 180 181 183 184 185 186 187 188 189 190 191 192 193 194 195 196 236 237 238 239 240 241 242 243 244 245 246 247 248 249 250 251 252 253 254 255 256 257 258 259 260 261 262 263 264 265 266 267 268 269 270 271 272 
134 160 162 164 165 166 168 197 198 199 200 201 202 203 204 205 206 207 208 209 210 211 212 216 217 219 220 221 222 223 224 225 226 227 228 229 230 231 232 233 234 235 273 274 275 276 277 278 279 280 281 282 283 284 285 286 287 289 299 
[SAVELOGS] evolution saved to results/logs/aco_logs/evolution/pr299_05_5.txt
[SAVELOGS] best cost saved to results/logs/aco_logs/objectives/pr299_05_5.txt
[SAVELOGS] best solution saved to results/logs/aco_logs/solutions/pr299_05_5.txt
