[ITER 1] New best cost=372850.98 (feasible=YES, time 0.418721s)
[ITER 2] New best cost=362262.83 (feasible=YES, time 0.698508s)
[ITER 3] New best cost=359328.84 (feasible=YES, time 0.964174s)
[ITER 6] New best cost=348280.63 (feasible=YES, time 2.00471s)
[ITER 10] New best cost=348154.76 (feasible=YES, time 2.99375s)
[ITER 10] bestGlobalCost=348154.76 (feasible=YES) bestThisIter=348154.76 feasibleAnts=10 noImprove=0 (elapsed 2.99717s)
[ITER 13] New best cost=344949.98 (feasible=YES, time 3.51577s)
[ITER 15] New best cost=331782.73 (feasible=YES, time 5.54964s)
[ITER 15] New best cost=323737.91 (feasible=YES, time 7.52135s)
[ITER 20] New best cost=322938.62 (feasible=YES, time 13.7447s)
[ITER 20] bestGlobalCost=322938.62 (feasible=YES) bestThisIter=322938.62 feasibleAnts=9 noImprove=0 (elapsed 13.749s)
[ITER 25] New best cost=321303.03 (feasible=YES, time 14.5028s)
[ITER 30] New best cost=317969.83 (feasible=YES, time 17.4523s)
[ITER 30] New best cost=317851.80 (feasible=YES, time 20.8734s)
[ITER 30] bestGlobalCost=317851.80 (feasible=YES) bestThisIter=321303.03 feasibleAnts=11 noImprove=0 (elapsed 24.2082s)
[ITER 40] bestGlobalCost=317851.80 (feasible=YES) bestThisIter=333432.24 feasibleAnts=9 noImprove=10 (elapsed 25.5983s)
[ITER 45] New best cost=317424.82 (feasible=YES, time 30.7793s)
[ITER 45] New best cost=317313.93 (feasible=YES, time 32.4838s)
[ITER 45] New best cost=316323.21 (feasible=YES, time 34.1563s)
[ITER 50] bestGlobalCost=316323.21 (feasible=YES) bestThisIter=318295.14 feasibleAnts=9 noImprove=5 (elapsed 36.8754s)
[ITER 60] bestGlobalCost=316323.21 (feasible=YES) bestThisIter=328173.16 feasibleAnts=10 noImprove=15 (elapsed 48.3372s)
[ITER 70] bestGlobalCost=316323.21 (feasible=YES) bestThisIter=354074.84 feasibleAnts=10 noImprove=25 (elapsed 51.5965s)
[RESET] no improvement for30-> reset pheromones
2 40 44 50 54 64 114 116 126 144 
9 12 55 57 62 83 87 117 145 149 
3 14 29 41 43 46 48 71 100 136 
10 21 24 36 84 99 102 104 109 111 
4 8 31 42 56 80 89 122 133 139 143 
25 51 61 67 68 69 73 81 85 125 
20 27 34 35 115 120 121 123 128 
7 23 32 45 60 77 86 91 110 150 
16 18 22 38 66 70 79 94 106 137 
5 13 33 37 76 78 82 95 103 146 147 
28 58 93 105 108 131 138 142 148 
11 15 17 47 59 72 74 98 127 141 
30 39 52 96 101 107 112 132 135 140 
1 6 19 49 63 90 92 113 130 134 
26 53 65 75 88 97 118 119 124 129 
[SAVELOGS] evolution saved to results/logs/kroA150_15_4/evolution/kroA150_15_4
[SAVELOGS] best cost saved to results/logs/kroA150_15_4/objectives/kroA150_15_4
[SAVELOGS] best solution saved to results/logs/kroA150_15_4/solutions/kroA150_15_4
