[ITER 1] New best cost=1661057.13 (feasible=YES, time 0.186317s)
[ITER 4] New best cost=1660797.46 (feasible=YES, time 0.509127s)
[ITER 5] New best cost=1651801.78 (feasible=YES, time 0.575202s)
[ITER 6] New best cost=1649734.11 (feasible=YES, time 0.67179s)
[ITER 7] New best cost=1638510.44 (feasible=YES, time 0.750326s)
[ITER 9] New best cost=1632245.44 (feasible=YES, time 0.954895s)
[ITER 10] bestGlobalCost=1632245.44 (feasible=YES) bestThisIter=1635239.65 feasibleAnts=10 noImprove=1 (elapsed 1.05573s)
[ITER 20] bestGlobalCost=1632245.44 (feasible=YES) bestThisIter=1632245.44 feasibleAnts=10 noImprove=11 (elapsed 8.81756s)
[ITER 30] New best cost=1625432.75 (feasible=YES, time 13.5732s)
[ITER 30] bestGlobalCost=1625432.75 (feasible=YES) bestThisIter=1635069.09 feasibleAnts=10 noImprove=0 (elapsed 16.5226s)
[ITER 40] bestGlobalCost=1625432.75 (feasible=YES) bestThisIter=1625432.75 feasibleAnts=11 noImprove=10 (elapsed 17.6302s)
[ITER 50] bestGlobalCost=1625432.75 (feasible=YES) bestThisIter=1625432.75 feasibleAnts=9 noImprove=20 (elapsed 25.6162s)
[ITER 60] bestGlobalCost=1625432.75 (feasible=YES) bestThisIter=1625432.75 feasibleAnts=10 noImprove=30 (elapsed 33.6513s)
[RESET] no improvement for30-> reset pheromones
[ITER 70] bestGlobalCost=1625432.75 (feasible=YES) bestThisIter=1636759.16 feasibleAnts=10 noImprove=10 (elapsed 34.8284s)
[ITER 80] bestGlobalCost=1625432.75 (feasible=YES) bestThisIter=1636678.90 feasibleAnts=10 noImprove=20 (elapsed 42.8442s)
[ITER 90] bestGlobalCost=1625432.75 (feasible=YES) bestThisIter=1642779.78 feasibleAnts=10 noImprove=30 (elapsed 50.0745s)
[RESET] no improvement for30-> reset pheromones
[ITER 100] bestGlobalCost=1625432.75 (feasible=YES) bestThisIter=1663466.17 feasibleAnts=10 noImprove=10 (elapsed 51.416s)
[ITER 110] bestGlobalCost=1625432.75 (feasible=YES) bestThisIter=1629071.60 feasibleAnts=10 noImprove=20 (elapsed 59.5208s)
11 12 15 17 20 23 27 32 35 45 47 51 57 58 60 61 62 77 86 87 91 93 98 108 109 110 131 145 150 
3 7 9 14 29 30 34 41 43 46 48 52 55 69 71 83 100 101 107 112 115 117 120 123 128 132 135 136 140 149 
2 5 13 25 33 37 39 40 44 50 54 64 68 73 76 78 81 82 85 95 96 103 114 116 121 125 126 144 146 147 
10 16 18 19 21 22 24 36 38 49 53 59 63 66 70 72 74 79 84 88 99 102 104 106 111 113 127 134 137 141 
1 4 6 8 26 28 31 42 56 65 67 75 80 89 90 92 94 97 105 118 119 122 124 129 130 133 138 139 142 143 148 
[SAVELOGS] evolution saved to results/logs/kroA150_05_5/evolution/kroA150_05_5
[SAVELOGS] best cost saved to results/logs/kroA150_05_5/objectives/kroA150_05_5
[SAVELOGS] best solution saved to results/logs/kroA150_05_5/solutions/kroA150_05_5
