[ITER 1] New best cost=1999078.57 (feasible=YES, time 0.372938s)
[ITER 2] New best cost=1956174.60 (feasible=YES, time 0.697111s)
[ITER 3] New best cost=1918089.51 (feasible=YES, time 1.14026s)
[ITER 5] New best cost=1886786.39 (feasible=YES, time 2.30027s)
[ITER 9] New best cost=1886697.13 (feasible=YES, time 4.52454s)
[TS] New best cost=1884433.50 (feasible=YES, time 5.96665s)
[TS] New best cost=1866991.05 (feasible=YES, time 6.78229s)
[ITER 10] bestGlobalCost=1866991.05 (feasible=YES) bestThisIter=1884433.50 feasibleAnts=10 noImprove=1 (elapsed 9.08166s)
[ITER 15] New best cost=1855133.15 (feasible=YES, time 11.6456s)
[ITER 16] New best cost=1852879.68 (feasible=YES, time 12.1215s)
[ITER 20] bestGlobalCost=1852879.68 (feasible=YES) bestThisIter=1852879.68 feasibleAnts=11 noImprove=4 (elapsed 17.6261s)
[ITER 24] New best cost=1846184.33 (feasible=YES, time 19.6316s)
[ITER 28] New best cost=1825043.00 (feasible=YES, time 22.1281s)
[ITER 30] bestGlobalCost=1825043.00 (feasible=YES) bestThisIter=1825043.00 feasibleAnts=10 noImprove=2 (elapsed 27.2396s)
[ITER 38] New best cost=1818350.35 (feasible=YES, time 31.3343s)
[ITER 40] bestGlobalCost=1818350.35 (feasible=YES) bestThisIter=1825043.00 feasibleAnts=10 noImprove=2 (elapsed 36.8311s)
[ITER 46] New best cost=1817800.89 (feasible=YES, time 39.694s)
[ITER 50] bestGlobalCost=1817800.89 (feasible=YES) bestThisIter=1817800.89 feasibleAnts=10 noImprove=4 (elapsed 45.9669s)
[ITER 60] bestGlobalCost=1817800.89 (feasible=YES) bestThisIter=1879265.04 feasibleAnts=10 noImprove=14 (elapsed 54.8599s)
[ITER 70] bestGlobalCost=1817800.89 (feasible=YES) bestThisIter=1895468.49 feasibleAnts=10 noImprove=24 (elapsed 63.3205s)
[ITER 80] bestGlobalCost=1817800.89 (feasible=YES) bestThisIter=1881168.02 feasibleAnts=10 noImprove=34 (elapsed 71.642s)
[ITER 90] bestGlobalCost=1817800.89 (feasible=YES) bestThisIter=1980537.03 feasibleAnts=10 noImprove=44 (elapsed 78.5845s)
[RESET] no improvement for50-> reset pheromones
[ITER 100] bestGlobalCost=1817800.89 (feasible=YES) bestThisIter=1837560.13 feasibleAnts=10 noImprove=4 (elapsed 86.6355s)
[ITER 110] bestGlobalCost=1817800.89 (feasible=YES) bestThisIter=1849435.30 feasibleAnts=11 noImprove=14 (elapsed 95.025s)
[ITER 120] bestGlobalCost=1817800.89 (feasible=YES) bestThisIter=1934562.14 feasibleAnts=10 noImprove=24 (elapsed 102.854s)
[ITER 130] bestGlobalCost=1817800.89 (feasible=YES) bestThisIter=1925280.86 feasibleAnts=10 noImprove=34 (elapsed 111.396s)
[ITER 140] bestGlobalCost=1817800.89 (feasible=YES) bestThisIter=2012172.89 feasibleAnts=10 noImprove=44 (elapsed 119.217s)
[RESET] no improvement for50-> reset pheromones
[ITER 150] bestGlobalCost=1817800.89 (feasible=YES) bestThisIter=1817800.89 feasibleAnts=10 noImprove=4 (elapsed 126.83s)
[ITER 160] bestGlobalCost=1817800.89 (feasible=YES) bestThisIter=1900828.59 feasibleAnts=10 noImprove=14 (elapsed 136.118s)
[ITER 170] bestGlobalCost=1817800.89 (feasible=YES) bestThisIter=1899167.61 feasibleAnts=10 noImprove=24 (elapsed 146.148s)
[ITER 180] bestGlobalCost=1817800.89 (feasible=YES) bestThisIter=1905282.23 feasibleAnts=10 noImprove=34 (elapsed 154.803s)
[ITER 190] bestGlobalCost=1817800.89 (feasible=YES) bestThisIter=1916422.84 feasibleAnts=10 noImprove=44 (elapsed 161.509s)
[RESET] no improvement for50-> reset pheromones
[ITER 200] bestGlobalCost=1817800.89 (feasible=YES) bestThisIter=1817800.89 feasibleAnts=11 noImprove=4 (elapsed 169.472s)
[ITER 210] bestGlobalCost=1817800.89 (feasible=YES) bestThisIter=1880064.43 feasibleAnts=10 noImprove=14 (elapsed 179.232s)
[ITER 220] bestGlobalCost=1817800.89 (feasible=YES) bestThisIter=1869916.11 feasibleAnts=10 noImprove=24 (elapsed 188.353s)
[ITER 230] bestGlobalCost=1817800.89 (feasible=YES) bestThisIter=1895476.05 feasibleAnts=10 noImprove=34 (elapsed 195.694s)
[ITER 240] bestGlobalCost=1817800.89 (feasible=YES) bestThisIter=1939235.41 feasibleAnts=10 noImprove=44 (elapsed 203.314s)
[RESET] no improvement for50-> reset pheromones
[ITER 250] bestGlobalCost=1817800.89 (feasible=YES) bestThisIter=1817800.89 feasibleAnts=10 noImprove=4 (elapsed 211.084s)
[ITER 260] bestGlobalCost=1817800.89 (feasible=YES) bestThisIter=1845669.93 feasibleAnts=10 noImprove=14 (elapsed 220.453s)
[ITER 270] bestGlobalCost=1817800.89 (feasible=YES) bestThisIter=1878368.18 feasibleAnts=10 noImprove=24 (elapsed 229.822s)
[ITER 280] bestGlobalCost=1817800.89 (feasible=YES) bestThisIter=1933989.08 feasibleAnts=10 noImprove=34 (elapsed 237.425s)
[ITER 290] bestGlobalCost=1817800.89 (feasible=YES) bestThisIter=1952018.16 feasibleAnts=10 noImprove=44 (elapsed 244.588s)
[RESET] no improvement for50-> reset pheromones
[ITER 300] bestGlobalCost=1817800.89 (feasible=YES) bestThisIter=1817800.89 feasibleAnts=10 noImprove=4 (elapsed 253.257s)
[ITER 310] bestGlobalCost=1817800.89 (feasible=YES) bestThisIter=1892803.16 feasibleAnts=10 noImprove=14 (elapsed 262.289s)
[ITER 320] bestGlobalCost=1817800.89 (feasible=YES) bestThisIter=1844775.33 feasibleAnts=10 noImprove=24 (elapsed 270.143s)
[ITER 330] bestGlobalCost=1817800.89 (feasible=YES) bestThisIter=1880503.00 feasibleAnts=10 noImprove=34 (elapsed 278.104s)
[ITER 340] bestGlobalCost=1817800.89 (feasible=YES) bestThisIter=1962389.61 feasibleAnts=10 noImprove=44 (elapsed 286.068s)
[RESET] no improvement for50-> reset pheromones
[ITER 350] bestGlobalCost=1817800.89 (feasible=YES) bestThisIter=1817800.89 feasibleAnts=9 noImprove=4 (elapsed 292.993s)
[ITER 360] bestGlobalCost=1817800.89 (feasible=YES) bestThisIter=1850233.47 feasibleAnts=10 noImprove=14 (elapsed 301.768s)
72 73 74 75 99 174 175 196 197 198 199 200 
54 56 57 58 59 60 159 160 181 182 183 
51 53 76 77 176 177 178 179 180 201 203 
101 102 103 104 105 106 202 204 205 208 
90 91 92 93 94 95 96 194 195 216 217 218 
1 2 3 4 5 6 7 126 127 128 129 132 
40 41 42 43 44 45 46 143 144 145 166 167 
15 17 18 19 20 21 22 23 24 25 141 142 
30 31 32 33 131 133 134 135 156 157 158 
8 9 10 11 12 13 14 16 136 137 
68 69 70 71 168 169 170 191 192 193 
26 27 28 29 52 55 130 151 152 153 154 155 
47 48 49 50 146 147 148 149 150 171 172 173 
61 62 63 64 65 66 67 164 165 186 187 
97 98 100 123 124 125 221 222 223 224 225 
107 108 109 110 111 112 113 209 210 215 
85 86 87 88 89 188 189 190 211 213 214 
114 115 116 117 118 119 120 121 122 212 219 220 
34 35 36 37 38 39 138 139 140 161 162 163 
78 79 80 81 82 83 84 184 185 206 207 
[SAVELOGS] evolution saved to results/logs/aco_logs/evolution/ts225_20_2.txt
[SAVELOGS] best cost saved to results/logs/aco_logs/objectives/ts225_20_2.txt
[SAVELOGS] best solution saved to results/logs/aco_logs/solutions/ts225_20_2.txt
