[ITER 1] New best cost=628046.24 (feasible=YES, time 0.64441s)
[ITER 2] New best cost=619619.05 (feasible=YES, time 1.11184s)
[ITER 5] New best cost=611711.90 (feasible=YES, time 2.14624s)
[ITER 10] bestGlobalCost=611711.90 (feasible=YES) bestThisIter=633184.12 feasibleAnts=10 noImprove=5 (elapsed 3.86746s)
[ITER 14] New best cost=608933.51 (feasible=YES, time 5.08862s)
[ITER 15] New best cost=598210.23 (feasible=YES, time 8.47829s)
[ITER 15] New best cost=591694.09 (feasible=YES, time 15.6803s)
[ITER 15] New best cost=580968.19 (feasible=YES, time 19.4005s)
[ITER 20] bestGlobalCost=580968.19 (feasible=YES) bestThisIter=584563.47 feasibleAnts=8 noImprove=5 (elapsed 24.0009s)
[ITER 30] New best cost=578782.13 (feasible=YES, time 34.9334s)
[ITER 30] New best cost=571670.19 (feasible=YES, time 41.3415s)
[ITER 30] bestGlobalCost=571670.19 (feasible=YES) bestThisIter=612946.49 feasibleAnts=10 noImprove=0 (elapsed 45.2623s)
[ITER 34] New best cost=570833.43 (feasible=YES, time 46.1978s)
[ITER 38] New best cost=569518.45 (feasible=YES, time 47.1668s)
[ITER 40] bestGlobalCost=569518.45 (feasible=YES) bestThisIter=570644.69 feasibleAnts=9 noImprove=2 (elapsed 47.6819s)
[ITER 41] New best cost=569514.67 (feasible=YES, time 47.9532s)
[ITER 45] New best cost=567200.20 (feasible=YES, time 53.1562s)
[ITER 45] New best cost=565256.31 (feasible=YES, time 63.6961s)
137 142 146 147 148 149 152 153 154 157 158 161 162 163 164 165 166 172 
50 63 64 65 77 78 80 81 89 91 92 94 95 101 103 111 112 113 118 
127 173 174 175 176 177 178 179 180 184 185 186 187 188 189 190 192 193 194 195 196 198 
124 125 128 129 131 132 133 134 135 136 140 141 143 144 145 150 151 160 169 170 171 
14 17 18 19 20 21 22 23 24 25 26 27 28 29 31 33 35 37 46 75 
1 2 3 4 5 6 7 8 9 11 12 13 15 16 41 45 69 84 
76 79 93 102 104 105 106 107 114 115 116 117 120 121 122 123 126 138 139 156 159 
39 42 48 86 108 109 110 119 130 155 167 168 181 182 183 191 197 
10 40 43 44 54 55 57 58 59 60 67 71 72 73 83 85 87 96 97 98 99 100 
30 32 34 36 38 47 49 51 52 53 56 61 62 66 68 70 74 82 88 90 
[SAVELOGS] evolution saved to results/logs/d198_10_5/evolution/d198_10_5
[SAVELOGS] best cost saved to results/logs/d198_10_5/objectives/d198_10_5
[SAVELOGS] best solution saved to results/logs/d198_10_5/solutions/d198_10_5
