[ITER 1] New best cost=70189.11 (feasible=YES, time 0.0606844s)
[ITER 3] New best cost=69871.79 (feasible=YES, time 0.166611s)
[ITER 4] New best cost=68664.52 (feasible=YES, time 0.213642s)
[ITER 5] New best cost=67625.19 (feasible=YES, time 0.254884s)
[ITER 6] New best cost=67322.11 (feasible=YES, time 0.308359s)
[ITER 10] bestGlobalCost=67322.11 (feasible=YES) bestThisIter=67322.11 feasibleAnts=10 noImprove=4 (elapsed 0.507318s)
[ITER 12] New best cost=67153.81 (feasible=YES, time 0.608533s)
[ITER 15] New best cost=67096.03 (feasible=YES, time 1.03666s)
[ITER 19] New best cost=66120.97 (feasible=YES, time 2.45976s)
[ITER 20] bestGlobalCost=66120.97 (feasible=YES) bestThisIter=66120.97 feasibleAnts=10 noImprove=1 (elapsed 2.50935s)
[ITER 30] bestGlobalCost=66120.97 (feasible=YES) bestThisIter=67282.77 feasibleAnts=10 noImprove=11 (elapsed 4.76049s)
[ITER 40] bestGlobalCost=66120.97 (feasible=YES) bestThisIter=68045.72 feasibleAnts=10 noImprove=21 (elapsed 5.36611s)
[RESET] no improvement for30-> reset pheromones
[ITER 50] bestGlobalCost=66120.97 (feasible=YES) bestThisIter=72531.17 feasibleAnts=10 noImprove=1 (elapsed 7.46675s)
[ITER 60] bestGlobalCost=66120.97 (feasible=YES) bestThisIter=71975.96 feasibleAnts=10 noImprove=11 (elapsed 9.56316s)
[ITER 70] bestGlobalCost=66120.97 (feasible=YES) bestThisIter=68479.88 feasibleAnts=10 noImprove=21 (elapsed 10.1588s)
[RESET] no improvement for30-> reset pheromones
[ITER 80] bestGlobalCost=66120.97 (feasible=YES) bestThisIter=69571.40 feasibleAnts=10 noImprove=1 (elapsed 12.6019s)
[ITER 90] bestGlobalCost=66120.97 (feasible=YES) bestThisIter=67063.39 feasibleAnts=10 noImprove=11 (elapsed 14.9211s)
[ITER 100] bestGlobalCost=66120.97 (feasible=YES) bestThisIter=68591.80 feasibleAnts=10 noImprove=21 (elapsed 15.4021s)
[RESET] no improvement for30-> reset pheromones
[ITER 110] bestGlobalCost=66120.97 (feasible=YES) bestThisIter=71540.19 feasibleAnts=10 noImprove=1 (elapsed 17.4778s)
[ITER 120] bestGlobalCost=66120.97 (feasible=YES) bestThisIter=71838.93 feasibleAnts=10 noImprove=11 (elapsed 19.9299s)
[ITER 130] bestGlobalCost=66120.97 (feasible=YES) bestThisIter=68148.80 feasibleAnts=10 noImprove=21 (elapsed 20.5388s)
[RESET] no improvement for30-> reset pheromones
[ITER 140] bestGlobalCost=66120.97 (feasible=YES) bestThisIter=69306.16 feasibleAnts=10 noImprove=1 (elapsed 22.7354s)
[ITER 150] bestGlobalCost=66120.97 (feasible=YES) bestThisIter=67525.97 feasibleAnts=10 noImprove=11 (elapsed 25.0604s)
[ITER 160] bestGlobalCost=66120.97 (feasible=YES) bestThisIter=69160.83 feasibleAnts=10 noImprove=21 (elapsed 25.579s)
[RESET] no improvement for30-> reset pheromones
[ITER 170] bestGlobalCost=66120.97 (feasible=YES) bestThisIter=71420.86 feasibleAnts=10 noImprove=1 (elapsed 27.8989s)
[ITER 180] bestGlobalCost=66120.97 (feasible=YES) bestThisIter=69871.08 feasibleAnts=10 noImprove=11 (elapsed 30.3609s)
[ITER 190] bestGlobalCost=66120.97 (feasible=YES) bestThisIter=68326.36 feasibleAnts=10 noImprove=21 (elapsed 30.8967s)
[RESET] no improvement for30-> reset pheromones
[ITER 200] bestGlobalCost=66120.97 (feasible=YES) bestThisIter=69765.60 feasibleAnts=10 noImprove=1 (elapsed 32.9001s)
[ITER 210] bestGlobalCost=66120.97 (feasible=YES) bestThisIter=69343.87 feasibleAnts=10 noImprove=11 (elapsed 35.1739s)
[ITER 220] bestGlobalCost=66120.97 (feasible=YES) bestThisIter=68503.14 feasibleAnts=10 noImprove=21 (elapsed 35.801s)
[RESET] no improvement for30-> reset pheromones
[ITER 230] bestGlobalCost=66120.97 (feasible=YES) bestThisIter=68656.34 feasibleAnts=10 noImprove=1 (elapsed 38.2079s)
[ITER 240] bestGlobalCost=66120.97 (feasible=YES) bestThisIter=70288.83 feasibleAnts=10 noImprove=11 (elapsed 40.3069s)
[ITER 250] bestGlobalCost=66120.97 (feasible=YES) bestThisIter=67301.36 feasibleAnts=10 noImprove=21 (elapsed 40.827s)
[RESET] no improvement for30-> reset pheromones
[ITER 260] bestGlobalCost=66120.97 (feasible=YES) bestThisIter=70433.69 feasibleAnts=10 noImprove=1 (elapsed 43.1s)
[ITER 270] bestGlobalCost=66120.97 (feasible=YES) bestThisIter=69173.51 feasibleAnts=10 noImprove=11 (elapsed 45.6835s)
[ITER 280] bestGlobalCost=66120.97 (feasible=YES) bestThisIter=66455.79 feasibleAnts=10 noImprove=21 (elapsed 46.2846s)
[RESET] no improvement for30-> reset pheromones
[ITER 290] bestGlobalCost=66120.97 (feasible=YES) bestThisIter=70123.78 feasibleAnts=10 noImprove=1 (elapsed 48.2963s)
[ITER 300] bestGlobalCost=66120.97 (feasible=YES) bestThisIter=69035.86 feasibleAnts=10 noImprove=11 (elapsed 50.4521s)
[ITER 310] bestGlobalCost=66120.97 (feasible=YES) bestThisIter=69560.66 feasibleAnts=10 noImprove=21 (elapsed 51.105s)
[RESET] no improvement for30-> reset pheromones
[ITER 320] bestGlobalCost=66120.97 (feasible=YES) bestThisIter=70168.03 feasibleAnts=10 noImprove=1 (elapsed 53.5822s)
[ITER 330] bestGlobalCost=66120.97 (feasible=YES) bestThisIter=69461.50 feasibleAnts=10 noImprove=11 (elapsed 55.7542s)
[ITER 340] bestGlobalCost=66120.97 (feasible=YES) bestThisIter=71381.50 feasibleAnts=10 noImprove=21 (elapsed 56.2897s)
[RESET] no improvement for30-> reset pheromones
[ITER 350] bestGlobalCost=66120.97 (feasible=YES) bestThisIter=70827.55 feasibleAnts=10 noImprove=1 (elapsed 58.3938s)
[ITER 360] bestGlobalCost=66120.97 (feasible=YES) bestThisIter=68316.88 feasibleAnts=10 noImprove=11 (elapsed 60.9717s)
2 30 35 37 51 100 
8 34 38 46 52 66 
3 5 53 83 
1 24 27 50 81 
22 23 29 36 42 58 
13 41 79 88 
19 48 55 62 92 
18 20 25 40 82 
49 70 89 90 98 
31 57 72 76 80 
33 45 68 78 99 
6 59 64 85 
7 61 67 74 75 
9 10 26 87 95 
14 65 86 96 
11 17 32 94 97 
16 43 54 63 77 91 
12 21 28 47 56 
4 44 60 71 93 
15 39 69 73 84 
[SAVELOGS] evolution saved to results/logs/kroD100_20_2/evolution/kroD100_20_2
[SAVELOGS] best cost saved to results/logs/kroD100_20_2/objectives/kroD100_20_2
[SAVELOGS] best solution saved to results/logs/kroD100_20_2/solutions/kroD100_20_2
