[ITER 1] New best cost=172708.80 (feasible=YES, time 0.512256s)
[ITER 2] New best cost=172198.22 (feasible=YES, time 0.974398s)
[ITER 3] New best cost=172022.62 (feasible=YES, time 1.41172s)
[ITER 5] New best cost=171973.38 (feasible=YES, time 2.70406s)
[ITER 6] New best cost=171596.50 (feasible=YES, time 3.10731s)
[ITER 10] bestGlobalCost=171596.50 (feasible=YES) bestThisIter=171850.69 feasibleAnts=13 noImprove=4 (elapsed 4.47646s)
[ITER 20] bestGlobalCost=171596.50 (feasible=YES) bestThisIter=172182.57 feasibleAnts=10 noImprove=14 (elapsed 8.43336s)
[ITER 30] bestGlobalCost=171596.50 (feasible=YES) bestThisIter=172781.20 feasibleAnts=10 noImprove=24 (elapsed 13.761s)
[ITER 40] bestGlobalCost=171596.50 (feasible=YES) bestThisIter=171679.59 feasibleAnts=10 noImprove=34 (elapsed 18.7087s)
[ITER 50] bestGlobalCost=171596.50 (feasible=YES) bestThisIter=171851.02 feasibleAnts=10 noImprove=44 (elapsed 24.1695s)
[RESET] no improvement for50-> reset pheromones
[ITER 60] bestGlobalCost=171596.50 (feasible=YES) bestThisIter=171850.69 feasibleAnts=14 noImprove=4 (elapsed 29.6741s)
[ITER 70] bestGlobalCost=171596.50 (feasible=YES) bestThisIter=171703.10 feasibleAnts=10 noImprove=14 (elapsed 33.7179s)
[ITER 80] bestGlobalCost=171596.50 (feasible=YES) bestThisIter=172460.76 feasibleAnts=11 noImprove=24 (elapsed 38.5733s)
[ITER 90] bestGlobalCost=171596.50 (feasible=YES) bestThisIter=171801.58 feasibleAnts=10 noImprove=34 (elapsed 44.3027s)
[ITER 100] bestGlobalCost=171596.50 (feasible=YES) bestThisIter=172227.46 feasibleAnts=10 noImprove=44 (elapsed 50.1114s)
[RESET] no improvement for50-> reset pheromones
[ITER 110] bestGlobalCost=171596.50 (feasible=YES) bestThisIter=172299.55 feasibleAnts=12 noImprove=4 (elapsed 55.6691s)
[ITER 120] bestGlobalCost=171596.50 (feasible=YES) bestThisIter=171625.37 feasibleAnts=10 noImprove=14 (elapsed 60.0531s)
[ITER 130] bestGlobalCost=171596.50 (feasible=YES) bestThisIter=172649.98 feasibleAnts=10 noImprove=24 (elapsed 64.9989s)
[ITER 140] bestGlobalCost=171596.50 (feasible=YES) bestThisIter=172331.04 feasibleAnts=10 noImprove=34 (elapsed 70.4063s)
[ITER 150] bestGlobalCost=171596.50 (feasible=YES) bestThisIter=172910.38 feasibleAnts=10 noImprove=44 (elapsed 76.4867s)
[RESET] no improvement for50-> reset pheromones
[ITER 160] bestGlobalCost=171596.50 (feasible=YES) bestThisIter=171703.10 feasibleAnts=13 noImprove=4 (elapsed 81.8367s)
[ITER 170] bestGlobalCost=171596.50 (feasible=YES) bestThisIter=171723.33 feasibleAnts=10 noImprove=14 (elapsed 85.7607s)
[ITER 180] bestGlobalCost=171596.50 (feasible=YES) bestThisIter=172088.82 feasibleAnts=10 noImprove=24 (elapsed 90.8228s)
[ITER 190] bestGlobalCost=171596.50 (feasible=YES) bestThisIter=172946.15 feasibleAnts=10 noImprove=34 (elapsed 96.1394s)
[ITER 200] bestGlobalCost=171596.50 (feasible=YES) bestThisIter=172721.12 feasibleAnts=10 noImprove=44 (elapsed 101.361s)
[RESET] no improvement for50-> reset pheromones
[ITER 210] bestGlobalCost=171596.50 (feasible=YES) bestThisIter=172125.58 feasibleAnts=15 noImprove=4 (elapsed 106.241s)
[ITER 217] New best cost=171426.33 (feasible=YES, time 108.938s)
[ITER 220] bestGlobalCost=171426.33 (feasible=YES) bestThisIter=171596.50 feasibleAnts=10 noImprove=3 (elapsed 109.935s)
[ITER 230] New best cost=171316.78 (feasible=YES, time 113.63s)
[ITER 230] bestGlobalCost=171316.78 (feasible=YES) bestThisIter=171455.85 feasibleAnts=10 noImprove=0 (elapsed 113.634s)
[ITER 240] bestGlobalCost=171316.78 (feasible=YES) bestThisIter=171927.52 feasibleAnts=12 noImprove=10 (elapsed 117.504s)
[ITER 250] bestGlobalCost=171316.78 (feasible=YES) bestThisIter=171840.50 feasibleAnts=10 noImprove=20 (elapsed 122.104s)
[ITER 260] bestGlobalCost=171316.78 (feasible=YES) bestThisIter=172399.22 feasibleAnts=10 noImprove=30 (elapsed 127.177s)
[ITER 270] bestGlobalCost=171316.78 (feasible=YES) bestThisIter=172534.31 feasibleAnts=10 noImprove=40 (elapsed 132.654s)
[ITER 280] bestGlobalCost=171316.78 (feasible=YES) bestThisIter=173160.06 feasibleAnts=10 noImprove=50 (elapsed 138.82s)
[RESET] no improvement for50-> reset pheromones
[ITER 290] bestGlobalCost=171316.78 (feasible=YES) bestThisIter=171691.36 feasibleAnts=10 noImprove=10 (elapsed 142.792s)
[ITER 300] bestGlobalCost=171316.78 (feasible=YES) bestThisIter=171688.77 feasibleAnts=10 noImprove=20 (elapsed 147.328s)
[ITER 310] bestGlobalCost=171316.78 (feasible=YES) bestThisIter=172509.90 feasibleAnts=10 noImprove=30 (elapsed 152.402s)
[ITER 320] bestGlobalCost=171316.78 (feasible=YES) bestThisIter=172665.72 feasibleAnts=10 noImprove=40 (elapsed 158.35s)
[ITER 330] bestGlobalCost=171316.78 (feasible=YES) bestThisIter=172117.64 feasibleAnts=10 noImprove=50 (elapsed 164.331s)
[RESET] no improvement for50-> reset pheromones
[ITER 340] bestGlobalCost=171316.78 (feasible=YES) bestThisIter=171896.58 feasibleAnts=10 noImprove=10 (elapsed 168.818s)
[ITER 350] bestGlobalCost=171316.78 (feasible=YES) bestThisIter=171990.64 feasibleAnts=10 noImprove=20 (elapsed 173.512s)
[ITER 360] bestGlobalCost=171316.78 (feasible=YES) bestThisIter=172304.80 feasibleAnts=10 noImprove=30 (elapsed 178.874s)
[ITER 370] bestGlobalCost=171316.78 (feasible=YES) bestThisIter=172294.17 feasibleAnts=10 noImprove=40 (elapsed 184.041s)
[ITER 380] bestGlobalCost=171316.78 (feasible=YES) bestThisIter=171977.52 feasibleAnts=10 noImprove=50 (elapsed 189.674s)
[RESET] no improvement for50-> reset pheromones
[ITER 390] bestGlobalCost=171316.78 (feasible=YES) bestThisIter=171469.79 feasibleAnts=10 noImprove=10 (elapsed 193.688s)
[ITER 400] bestGlobalCost=171316.78 (feasible=YES) bestThisIter=172419.65 feasibleAnts=10 noImprove=20 (elapsed 198.629s)
[ITER 410] bestGlobalCost=171316.78 (feasible=YES) bestThisIter=172489.42 feasibleAnts=10 noImprove=30 (elapsed 203.894s)
[ITER 420] bestGlobalCost=171316.78 (feasible=YES) bestThisIter=172351.38 feasibleAnts=10 noImprove=40 (elapsed 209.548s)
[ITER 430] bestGlobalCost=171316.78 (feasible=YES) bestThisIter=172582.48 feasibleAnts=10 noImprove=50 (elapsed 214.963s)
[RESET] no improvement for50-> reset pheromones
[ITER 440] bestGlobalCost=171316.78 (feasible=YES) bestThisIter=171426.33 feasibleAnts=11 noImprove=10 (elapsed 218.949s)
[ITER 450] bestGlobalCost=171316.78 (feasible=YES) bestThisIter=171889.31 feasibleAnts=10 noImprove=20 (elapsed 223.585s)
[ITER 460] bestGlobalCost=171316.78 (feasible=YES) bestThisIter=171634.85 feasibleAnts=10 noImprove=30 (elapsed 228.499s)
[ITER 470] bestGlobalCost=171316.78 (feasible=YES) bestThisIter=172150.48 feasibleAnts=10 noImprove=40 (elapsed 234.209s)
[ITER 480] bestGlobalCost=171316.78 (feasible=YES) bestThisIter=172562.74 feasibleAnts=10 noImprove=50 (elapsed 239.556s)
[RESET] no improvement for50-> reset pheromones
[ITER 490] bestGlobalCost=171316.78 (feasible=YES) bestThisIter=171467.13 feasibleAnts=10 noImprove=10 (elapsed 243.867s)
[ITER 500] bestGlobalCost=171316.78 (feasible=YES) bestThisIter=171625.81 feasibleAnts=10 noImprove=20 (elapsed 249.18s)
[ITER 510] bestGlobalCost=171316.78 (feasible=YES) bestThisIter=172278.96 feasibleAnts=11 noImprove=30 (elapsed 254.246s)
[ITER 520] bestGlobalCost=171316.78 (feasible=YES) bestThisIter=172253.43 feasibleAnts=10 noImprove=40 (elapsed 260.14s)
[ITER 530] bestGlobalCost=171316.78 (feasible=YES) bestThisIter=172690.83 feasibleAnts=10 noImprove=50 (elapsed 265.204s)
[RESET] no improvement for50-> reset pheromones
[ITER 540] bestGlobalCost=171316.78 (feasible=YES) bestThisIter=171754.20 feasibleAnts=11 noImprove=10 (elapsed 269.46s)
[ITER 550] bestGlobalCost=171316.78 (feasible=YES) bestThisIter=172091.28 feasibleAnts=10 noImprove=20 (elapsed 274.028s)
[ITER 560] bestGlobalCost=171316.78 (feasible=YES) bestThisIter=172368.78 feasibleAnts=10 noImprove=30 (elapsed 280.296s)
[ITER 570] bestGlobalCost=171316.78 (feasible=YES) bestThisIter=171959.54 feasibleAnts=10 noImprove=40 (elapsed 285.087s)
[ITER 580] bestGlobalCost=171316.78 (feasible=YES) bestThisIter=172358.99 feasibleAnts=10 noImprove=50 (elapsed 290.74s)
[RESET] no improvement for50-> reset pheromones
[ITER 590] bestGlobalCost=171316.78 (feasible=YES) bestThisIter=171947.61 feasibleAnts=10 noImprove=10 (elapsed 294.775s)
[ITER 600] bestGlobalCost=171316.78 (feasible=YES) bestThisIter=172954.10 feasibleAnts=10 noImprove=20 (elapsed 299.474s)
1 2 3 4 5 6 7 8 9 11 12 13 14 15 16 17 18 20 21 22 24 26 28 29 31 33 51 52 53 55 57 58 66 81 217 218 224 225 226 227 228 229 
134 139 141 143 144 145 146 147 148 149 150 151 152 153 154 155 156 157 158 159 161 162 164 194 200 201 202 203 204 205 206 207 208 209 210 211 212 213 214 215 216 219 220 221 222 223 
10 19 23 25 27 30 35 36 37 54 56 59 60 61 62 63 64 65 67 68 69 70 71 72 73 74 75 76 77 78 79 80 82 83 84 85 86 87 88 89 90 91 92 93 94 95 100 
34 38 96 97 98 99 101 102 103 104 105 106 107 108 109 110 111 112 113 114 115 116 117 118 119 120 121 122 123 124 125 126 127 128 129 130 131 132 133 135 136 137 138 140 142 166 168 169 
32 39 40 41 42 43 44 45 46 47 48 49 50 160 163 165 167 170 171 172 173 174 175 176 177 178 179 180 181 182 183 184 185 186 187 188 189 190 191 192 193 195 196 197 198 199 
[SAVELOGS] evolution saved to results/logs/aco_logs/evolution/gr229_05_4.txt
[SAVELOGS] best cost saved to results/logs/aco_logs/objectives/gr229_05_4.txt
[SAVELOGS] best solution saved to results/logs/aco_logs/solutions/gr229_05_4.txt
