[ITER 1] New best cost=10544765.60 (feasible=YES, time 9.53111s)
[ITER 2] New best cost=10520108.70 (feasible=YES, time 15.5579s)
[ITER 3] New best cost=10511444.20 (feasible=YES, time 21.7798s)
[ITER 5] New best cost=10510349.26 (feasible=YES, time 36.4862s)
[ITER 6] New best cost=10493911.83 (feasible=YES, time 44.7866s)
[ITER 10] [TS] New best cost=10493098.70 (feasible=YES, time 71.3233s)
[ITER 10] bestGlobalCost=10493098.70 (feasible=YES) bestThisIter=10507886.32 feasibleAnts=12 noImprove=1 (elapsed 73.8551s)
[ITER 12] New best cost=10488285.85 (feasible=YES, time 84.7384s)
[ITER 18] New best cost=10487695.73 (feasible=YES, time 126.801s)
[ITER 20] bestGlobalCost=10487695.73 (feasible=YES) bestThisIter=10487695.73 feasibleAnts=10 noImprove=2 (elapsed 141.886s)
[ITER 30] bestGlobalCost=10487695.73 (feasible=YES) bestThisIter=10496963.73 feasibleAnts=10 noImprove=12 (elapsed 214.595s)
[ITER 31] New best cost=10486934.31 (feasible=YES, time 220.234s)
[ITER 40] bestGlobalCost=10486934.31 (feasible=YES) bestThisIter=10511948.81 feasibleAnts=10 noImprove=9 (elapsed 283.069s)
[ITER 50] bestGlobalCost=10486934.31 (feasible=YES) bestThisIter=10495833.50 feasibleAnts=10 noImprove=19 (elapsed 348.182s)
[ITER 60] bestGlobalCost=10486934.31 (feasible=YES) bestThisIter=10493132.85 feasibleAnts=10 noImprove=29 (elapsed 409.139s)
[RESET] no improvement for30-> reset pheromones
[ITER 67] New best cost=10485785.85 (feasible=YES, time 461.12s)
[ITER 70] bestGlobalCost=10485785.85 (feasible=YES) bestThisIter=10507134.18 feasibleAnts=10 noImprove=3 (elapsed 481.758s)
[ITER 76] New best cost=10483359.99 (feasible=YES, time 518.432s)
[ITER 80] bestGlobalCost=10483359.99 (feasible=YES) bestThisIter=10492668.40 feasibleAnts=10 noImprove=4 (elapsed 547.852s)
[ITER 90] bestGlobalCost=10483359.99 (feasible=YES) bestThisIter=10495935.89 feasibleAnts=10 noImprove=14 (elapsed 615.325s)
[ITER 100] bestGlobalCost=10483359.99 (feasible=YES) bestThisIter=10490483.56 feasibleAnts=11 noImprove=24 (elapsed 684.453s)
[RESET] no improvement for30-> reset pheromones
[ITER 110] bestGlobalCost=10483359.99 (feasible=YES) bestThisIter=10497702.26 feasibleAnts=10 noImprove=4 (elapsed 753.996s)
[ITER 120] bestGlobalCost=10483359.99 (feasible=YES) bestThisIter=10491147.22 feasibleAnts=10 noImprove=14 (elapsed 813.016s)
[ITER 130] bestGlobalCost=10483359.99 (feasible=YES) bestThisIter=10502051.67 feasibleAnts=10 noImprove=24 (elapsed 877.986s)
[RESET] no improvement for30-> reset pheromones
[ITER 140] [TS] New best cost=10483032.58 (feasible=YES, time 946.322s)
[ITER 140] bestGlobalCost=10483032.58 (feasible=YES) bestThisIter=10483032.58 feasibleAnts=10 noImprove=1 (elapsed 948.57s)
[ITER 150] bestGlobalCost=10483032.58 (feasible=YES) bestThisIter=10495155.56 feasibleAnts=10 noImprove=11 (elapsed 1014.03s)
[ITER 160] bestGlobalCost=10483032.58 (feasible=YES) bestThisIter=10483032.58 feasibleAnts=10 noImprove=21 (elapsed 1073.32s)
[RESET] no improvement for30-> reset pheromones
[ITER 170] bestGlobalCost=10483032.58 (feasible=YES) bestThisIter=10518862.00 feasibleAnts=10 noImprove=1 (elapsed 1139.96s)
[ITER 180] bestGlobalCost=10483032.58 (feasible=YES) bestThisIter=10496805.14 feasibleAnts=10 noImprove=11 (elapsed 1206.39s)
[ITER 190] bestGlobalCost=10483032.58 (feasible=YES) bestThisIter=10498418.33 feasibleAnts=10 noImprove=21 (elapsed 1273.22s)
[RESET] no improvement for30-> reset pheromones
[ITER 200] bestGlobalCost=10483032.58 (feasible=YES) bestThisIter=10524843.46 feasibleAnts=10 noImprove=1 (elapsed 1346.51s)
[ITER 210] bestGlobalCost=10483032.58 (feasible=YES) bestThisIter=10483032.58 feasibleAnts=10 noImprove=11 (elapsed 1415.48s)
[ITER 220] bestGlobalCost=10483032.58 (feasible=YES) bestThisIter=10490903.16 feasibleAnts=10 noImprove=21 (elapsed 1484.17s)
307 315 316 320 324 328 331 332 335 336 339 340 344 347 348 351 354 355 356 359 361 362 363 366 367 372 373 375 376 379 380 384 386 387 388 394 395 401 402 403 404 405 406 407 410 413 414 415 416 417 418 419 420 421 426 427 428 430 434 435 436 437 438 439 440 441 442 447 448 449 450 451 452 453 454 455 456 471 472 473 474 475 476 477 478 479 480 481 482 483 484 485 486 487 488 489 490 491 492 493 
1 2 3 4 5 6 7 8 9 10 11 12 13 14 15 16 17 18 19 20 21 22 23 24 26 32 33 34 35 36 37 38 39 40 41 42 43 44 45 46 47 48 49 50 51 52 53 54 55 56 57 58 59 60 61 62 63 64 65 66 67 68 69 70 71 72 73 74 75 76 77 78 79 80 81 82 83 84 85 86 87 116 128 139 149 155 163 170 190 210 216 235 266 269 277 301 
151 157 158 164 165 168 177 183 184 187 188 191 192 193 195 196 197 199 200 202 203 204 205 206 207 211 213 214 219 220 221 226 227 228 229 232 233 234 237 238 239 242 243 244 245 246 247 248 249 250 251 252 253 254 256 257 258 259 260 261 262 263 264 265 270 271 274 275 279 280 281 282 283 284 285 286 287 288 289 290 291 292 293 294 295 296 300 302 303 306 308 309 311 312 313 314 319 322 329 333 338 408 
25 27 28 29 30 31 222 224 225 230 231 236 241 255 267 268 272 273 276 278 297 298 299 304 305 310 317 318 321 323 325 326 327 330 334 337 341 342 343 345 346 349 350 352 353 357 358 360 364 365 368 369 370 371 374 377 378 381 382 383 385 389 390 391 392 393 396 397 398 399 400 409 411 412 422 423 424 425 429 431 432 433 443 444 445 446 457 458 459 460 461 462 463 464 465 466 467 468 469 470 
88 89 90 91 92 93 94 95 96 97 98 99 100 101 102 103 104 105 106 107 108 109 110 111 112 113 114 115 117 118 119 120 121 122 123 124 125 126 127 129 130 131 132 133 134 135 136 137 138 140 141 142 143 144 145 146 147 148 150 152 153 154 156 159 160 161 162 166 167 169 171 172 173 174 175 176 178 179 180 181 182 185 186 189 194 198 201 208 209 212 215 217 218 223 240 
[SAVELOGS] evolution saved to results/logs/aco_logs/evolution/d493_05_3.txt
[SAVELOGS] best cost saved to results/logs/aco_logs/objectives/d493_05_3.txt
[SAVELOGS] best solution saved to results/logs/aco_logs/solutions/d493_05_3.txt
