[ITER 1] New best cost=637113.95 (feasible=YES, time 0.327018s)
[ITER 2] New best cost=634762.99 (feasible=YES, time 0.526432s)
[ITER 10] New best cost=632115.92 (feasible=YES, time 1.8834s)
[ITER 10] bestGlobalCost=632115.92 (feasible=YES) bestThisIter=632115.92 feasibleAnts=10 noImprove=0 (elapsed 1.88729s)
[ITER 14] New best cost=630578.12 (feasible=YES, time 2.51185s)
[ITER 15] New best cost=612082.97 (feasible=YES, time 4.49381s)
[ITER 15] New best cost=609671.54 (feasible=YES, time 8.95761s)
[ITER 18] New best cost=604380.99 (feasible=YES, time 10.8051s)
[ITER 19] New best cost=604239.35 (feasible=YES, time 10.9252s)
[ITER 20] bestGlobalCost=604239.35 (feasible=YES) bestThisIter=604380.99 feasibleAnts=9 noImprove=1 (elapsed 11.0458s)
[ITER 22] New best cost=601747.37 (feasible=YES, time 11.2972s)
[ITER 30] bestGlobalCost=601747.37 (feasible=YES) bestThisIter=601747.37 feasibleAnts=10 noImprove=8 (elapsed 20.3045s)
[ITER 40] bestGlobalCost=601747.37 (feasible=YES) bestThisIter=648988.22 feasibleAnts=10 noImprove=18 (elapsed 21.8238s)
[ITER 45] New best cost=600449.13 (feasible=YES, time 29.9699s)
[ITER 49] New best cost=599502.99 (feasible=YES, time 30.4637s)
[ITER 50] bestGlobalCost=599502.99 (feasible=YES) bestThisIter=600449.13 feasibleAnts=12 noImprove=1 (elapsed 30.6058s)
[ITER 60] bestGlobalCost=599502.99 (feasible=YES) bestThisIter=614356.89 feasibleAnts=10 noImprove=11 (elapsed 39.9368s)
[ITER 70] bestGlobalCost=599502.99 (feasible=YES) bestThisIter=637713.57 feasibleAnts=10 noImprove=21 (elapsed 41.6277s)
[RESET] no improvement for30-> reset pheromones
[ITER 80] bestGlobalCost=599502.99 (feasible=YES) bestThisIter=637983.98 feasibleAnts=10 noImprove=1 (elapsed 51.7265s)
[ITER 90] bestGlobalCost=599502.99 (feasible=YES) bestThisIter=647883.47 feasibleAnts=10 noImprove=11 (elapsed 62.0078s)
18 24 36 38 72 79 90 94 99 102 104 106 111 137 
5 13 33 37 52 76 78 82 95 96 101 103 121 126 146 147 
3 14 29 30 41 43 48 71 100 107 115 120 128 136 
4 6 8 28 31 42 75 80 89 92 122 130 133 139 142 143 
16 19 22 26 49 53 56 65 66 70 88 97 118 119 124 129 
10 11 15 17 21 47 59 63 74 84 109 113 127 134 141 
7 9 20 27 46 55 57 83 87 112 117 123 132 140 145 
12 23 32 34 35 45 60 62 77 86 91 98 110 149 150 
1 2 51 54 58 61 67 93 105 108 125 131 138 148 
25 39 40 44 50 64 68 69 73 81 85 114 116 135 144 
[SAVELOGS] evolution saved to results/logs/kroA150_10_4/evolution/kroA150_10_4
[SAVELOGS] best cost saved to results/logs/kroA150_10_4/objectives/kroA150_10_4
[SAVELOGS] best solution saved to results/logs/kroA150_10_4/solutions/kroA150_10_4
