[ITER 1] New best cost=57179.38 (feasible=YES, time 0.161244s)
[ITER 2] New best cost=56470.51 (feasible=YES, time 0.282154s)
[ITER 3] New best cost=56303.45 (feasible=YES, time 0.409831s)
[ITER 4] New best cost=55141.27 (feasible=YES, time 0.597199s)
[ITER 10] bestGlobalCost=55141.27 (feasible=YES) bestThisIter=56342.87 feasibleAnts=10 noImprove=6 (elapsed 1.51441s)
[ITER 11] New best cost=55137.81 (feasible=YES, time 1.65272s)
[ITER 14] New best cost=54675.54 (feasible=YES, time 2.04835s)
[ITER 15] New best cost=54561.11 (feasible=YES, time 3.19281s)
[ITER 15] New best cost=54176.02 (feasible=YES, time 6.25441s)
[ITER 20] New best cost=53997.62 (feasible=YES, time 7.69772s)
[ITER 20] bestGlobalCost=53997.62 (feasible=YES) bestThisIter=53997.62 feasibleAnts=10 noImprove=0 (elapsed 7.70111s)
[ITER 24] New best cost=53867.65 (feasible=YES, time 8.16706s)
[ITER 26] New best cost=53009.16 (feasible=YES, time 8.38732s)
[ITER 30] New best cost=52983.52 (feasible=YES, time 9.64286s)
[ITER 30] New best cost=52829.19 (feasible=YES, time 10.5944s)
[ITER 30] New best cost=52640.97 (feasible=YES, time 11.6161s)
[ITER 30] bestGlobalCost=52640.97 (feasible=YES) bestThisIter=52983.52 feasibleAnts=10 noImprove=0 (elapsed 13.6154s)
[ITER 40] bestGlobalCost=52640.97 (feasible=YES) bestThisIter=53149.91 feasibleAnts=10 noImprove=10 (elapsed 14.7704s)
[ITER 50] bestGlobalCost=52640.97 (feasible=YES) bestThisIter=57349.77 feasibleAnts=10 noImprove=20 (elapsed 20.736s)
[ITER 60] bestGlobalCost=52640.97 (feasible=YES) bestThisIter=54551.66 feasibleAnts=10 noImprove=30 (elapsed 26.5497s)
[RESET] no improvement for30-> reset pheromones
[ITER 70] bestGlobalCost=52640.97 (feasible=YES) bestThisIter=55122.80 feasibleAnts=10 noImprove=10 (elapsed 28.5278s)
[ITER 80] bestGlobalCost=52640.97 (feasible=YES) bestThisIter=55882.17 feasibleAnts=10 noImprove=20 (elapsed 34.4412s)
[ITER 90] bestGlobalCost=52640.97 (feasible=YES) bestThisIter=56404.56 feasibleAnts=10 noImprove=30 (elapsed 40.761s)
[RESET] no improvement for30-> reset pheromones
[ITER 100] bestGlobalCost=52640.97 (feasible=YES) bestThisIter=56963.79 feasibleAnts=10 noImprove=10 (elapsed 42.4239s)
[ITER 110] bestGlobalCost=52640.97 (feasible=YES) bestThisIter=54580.70 feasibleAnts=10 noImprove=20 (elapsed 48.733s)
[ITER 120] bestGlobalCost=52640.97 (feasible=YES) bestThisIter=54704.56 feasibleAnts=10 noImprove=30 (elapsed 55.0219s)
[RESET] no improvement for30-> reset pheromones
[ITER 130] bestGlobalCost=52640.97 (feasible=YES) bestThisIter=57930.99 feasibleAnts=10 noImprove=10 (elapsed 56.5626s)
9 52 56 57 82 101 111 123 
3 8 18 21 50 108 114 126 130 
28 30 59 66 78 83 85 90 121 125 
25 32 36 48 68 84 94 113 
1 11 45 61 64 76 109 124 129 
15 17 24 31 54 79 95 100 116 
19 27 34 43 63 89 104 107 127 
7 26 69 70 86 88 97 98 110 
49 51 53 58 60 72 102 120 
5 16 39 41 62 105 112 115 117 128 
38 73 74 75 91 92 99 106 
6 10 13 14 47 55 67 96 122 
2 4 20 35 46 71 80 118 
12 29 65 77 81 87 103 119 
22 23 33 37 40 42 44 93 
[SAVELOGS] evolution saved to results/logs/ch130_15_3/evolution/ch130_15_3
[SAVELOGS] best cost saved to results/logs/ch130_15_3/objectives/ch130_15_3
[SAVELOGS] best solution saved to results/logs/ch130_15_3/solutions/ch130_15_3
