[ITER 1] New best cost=57584.36 (feasible=YES, time 0.171073s)
[ITER 2] New best cost=56914.09 (feasible=YES, time 0.268215s)
[ITER 3] New best cost=55330.48 (feasible=YES, time 0.402041s)
[ITER 4] New best cost=55051.99 (feasible=YES, time 0.499286s)
[ITER 5] New best cost=54961.01 (feasible=YES, time 0.643587s)
[ITER 10] bestGlobalCost=54961.01 (feasible=YES) bestThisIter=56154.48 feasibleAnts=10 noImprove=5 (elapsed 1.1814s)
[ITER 13] New best cost=54933.51 (feasible=YES, time 1.48117s)
[ITER 15] New best cost=54046.46 (feasible=YES, time 3.62616s)
[ITER 15] New best cost=53385.97 (feasible=YES, time 4.64133s)
[ITER 20] bestGlobalCost=53385.97 (feasible=YES) bestThisIter=53385.97 feasibleAnts=10 noImprove=5 (elapsed 6.99772s)
[ITER 30] bestGlobalCost=53385.97 (feasible=YES) bestThisIter=55431.62 feasibleAnts=10 noImprove=15 (elapsed 12.2768s)
[ITER 40] bestGlobalCost=53385.97 (feasible=YES) bestThisIter=57806.29 feasibleAnts=10 noImprove=25 (elapsed 13.6037s)
[RESET] no improvement for30-> reset pheromones
[ITER 50] bestGlobalCost=53385.97 (feasible=YES) bestThisIter=57196.56 feasibleAnts=10 noImprove=5 (elapsed 19.895s)
[ITER 60] bestGlobalCost=53385.97 (feasible=YES) bestThisIter=53385.97 feasibleAnts=10 noImprove=15 (elapsed 25.6487s)
[ITER 70] bestGlobalCost=53385.97 (feasible=YES) bestThisIter=56033.39 feasibleAnts=10 noImprove=25 (elapsed 27.12s)
[RESET] no improvement for30-> reset pheromones
[ITER 80] bestGlobalCost=53385.97 (feasible=YES) bestThisIter=57208.07 feasibleAnts=10 noImprove=5 (elapsed 33.2355s)
[ITER 89] New best cost=52890.15 (feasible=YES, time 34.4761s)
[ITER 90] bestGlobalCost=52890.15 (feasible=YES) bestThisIter=53385.97 feasibleAnts=26 noImprove=1 (elapsed 39.071s)
[ITER 93] New best cost=52785.18 (feasible=YES, time 39.4269s)
[ITER 97] New best cost=52733.34 (feasible=YES, time 39.8509s)
[ITER 100] bestGlobalCost=52733.34 (feasible=YES) bestThisIter=52733.34 feasibleAnts=10 noImprove=3 (elapsed 40.1522s)
[ITER 103] New best cost=52534.19 (feasible=YES, time 40.5025s)
[ITER 110] bestGlobalCost=52534.19 (feasible=YES) bestThisIter=52534.19 feasibleAnts=10 noImprove=7 (elapsed 45.7149s)
[ITER 120] bestGlobalCost=52534.19 (feasible=YES) bestThisIter=54525.89 feasibleAnts=10 noImprove=17 (elapsed 51.614s)
[ITER 130] bestGlobalCost=52534.19 (feasible=YES) bestThisIter=55427.62 feasibleAnts=10 noImprove=27 (elapsed 52.9061s)
[RESET] no improvement for30-> reset pheromones
[ITER 140] bestGlobalCost=52534.19 (feasible=YES) bestThisIter=58024.87 feasibleAnts=10 noImprove=7 (elapsed 59.6456s)
10 13 14 22 23 47 67 96 122 
1 11 16 41 45 76 109 129 
7 26 61 64 69 86 88 97 110 124 
56 57 82 101 103 111 123 
2 17 19 27 31 34 54 79 100 
25 32 36 48 84 94 113 119 
9 52 65 73 74 75 92 99 
3 8 18 21 33 50 108 114 130 
5 39 62 71 105 112 115 117 126 128 
12 24 29 77 81 87 89 95 116 
4 20 35 37 46 80 93 118 
28 30 59 66 78 83 85 90 121 125 
15 43 63 68 70 98 104 107 127 
6 40 42 44 51 55 60 102 
38 49 53 58 72 91 106 120 
[SAVELOGS] evolution saved to results/logs/ch130_15_3/evolution/ch130_15_3
[SAVELOGS] best cost saved to results/logs/ch130_15_3/objectives/ch130_15_3
[SAVELOGS] best solution saved to results/logs/ch130_15_3/solutions/ch130_15_3
