[ITER 1] New best cost=277245.99 (feasible=YES, time 0.0379134s)
[ITER 2] New best cost=267109.38 (feasible=YES, time 0.0808943s)
[ITER 3] New best cost=263936.28 (feasible=YES, time 0.107634s)
[ITER 4] New best cost=262400.65 (feasible=YES, time 0.147806s)
[ITER 7] New best cost=259517.61 (feasible=YES, time 0.287402s)
[ITER 10] New best cost=258527.02 (feasible=YES, time 0.411857s)
[ITER 10] bestGlobalCost=258527.02 (feasible=YES) bestThisIter=258527.02 feasibleAnts=9 noImprove=0 (elapsed 0.414728s)
[ITER 11] New best cost=257459.93 (feasible=YES, time 0.454546s)
[ITER 20] bestGlobalCost=257459.93 (feasible=YES) bestThisIter=257459.93 feasibleAnts=14 noImprove=9 (elapsed 2.75365s)
[ITER 30] bestGlobalCost=257459.93 (feasible=YES) bestThisIter=257459.93 feasibleAnts=10 noImprove=19 (elapsed 5.59117s)
[ITER 40] bestGlobalCost=257459.93 (feasible=YES) bestThisIter=257459.93 feasibleAnts=10 noImprove=29 (elapsed 6.0368s)
[RESET] no improvement for30-> reset pheromones
[ITER 50] bestGlobalCost=257459.93 (feasible=YES) bestThisIter=261619.21 feasibleAnts=10 noImprove=9 (elapsed 8.68674s)
[ITER 60] bestGlobalCost=257459.93 (feasible=YES) bestThisIter=257459.93 feasibleAnts=10 noImprove=19 (elapsed 10.9947s)
[ITER 70] bestGlobalCost=257459.93 (feasible=YES) bestThisIter=257459.93 feasibleAnts=10 noImprove=29 (elapsed 11.4156s)
[RESET] no improvement for30-> reset pheromones
[ITER 80] bestGlobalCost=257459.93 (feasible=YES) bestThisIter=264055.21 feasibleAnts=10 noImprove=9 (elapsed 14.4658s)
[ITER 90] bestGlobalCost=257459.93 (feasible=YES) bestThisIter=257459.93 feasibleAnts=11 noImprove=19 (elapsed 17.0283s)
[ITER 100] bestGlobalCost=257459.93 (feasible=YES) bestThisIter=257459.93 feasibleAnts=12 noImprove=29 (elapsed 17.3617s)
[RESET] no improvement for30-> reset pheromones
[ITER 110] bestGlobalCost=257459.93 (feasible=YES) bestThisIter=257859.47 feasibleAnts=10 noImprove=9 (elapsed 20.0149s)
[ITER 120] bestGlobalCost=257459.93 (feasible=YES) bestThisIter=257459.93 feasibleAnts=10 noImprove=19 (elapsed 22.9714s)
[ITER 130] bestGlobalCost=257459.93 (feasible=YES) bestThisIter=257859.47 feasibleAnts=10 noImprove=29 (elapsed 23.4154s)
[RESET] no improvement for30-> reset pheromones
[ITER 140] bestGlobalCost=257459.93 (feasible=YES) bestThisIter=262228.81 feasibleAnts=10 noImprove=9 (elapsed 25.8677s)
[ITER 150] bestGlobalCost=257459.93 (feasible=YES) bestThisIter=257459.93 feasibleAnts=11 noImprove=19 (elapsed 28.2374s)
[ITER 160] bestGlobalCost=257459.93 (feasible=YES) bestThisIter=257459.93 feasibleAnts=10 noImprove=29 (elapsed 28.6434s)
[RESET] no improvement for30-> reset pheromones
[ITER 170] bestGlobalCost=257459.93 (feasible=YES) bestThisIter=261594.35 feasibleAnts=10 noImprove=9 (elapsed 31.1269s)
[ITER 180] bestGlobalCost=257459.93 (feasible=YES) bestThisIter=257859.47 feasibleAnts=10 noImprove=19 (elapsed 34.0506s)
[ITER 190] bestGlobalCost=257459.93 (feasible=YES) bestThisIter=257459.93 feasibleAnts=10 noImprove=29 (elapsed 34.5003s)
[RESET] no improvement for30-> reset pheromones
[ITER 200] bestGlobalCost=257459.93 (feasible=YES) bestThisIter=261336.85 feasibleAnts=10 noImprove=9 (elapsed 37.0851s)
[ITER 210] bestGlobalCost=257459.93 (feasible=YES) bestThisIter=257459.93 feasibleAnts=11 noImprove=19 (elapsed 39.4862s)
[ITER 220] bestGlobalCost=257459.93 (feasible=YES) bestThisIter=257459.93 feasibleAnts=10 noImprove=29 (elapsed 39.9527s)
[RESET] no improvement for30-> reset pheromones
[ITER 230] bestGlobalCost=257459.93 (feasible=YES) bestThisIter=267367.93 feasibleAnts=10 noImprove=9 (elapsed 42.899s)
[ITER 240] bestGlobalCost=257459.93 (feasible=YES) bestThisIter=257459.93 feasibleAnts=10 noImprove=19 (elapsed 45.3629s)
[ITER 250] bestGlobalCost=257459.93 (feasible=YES) bestThisIter=257859.47 feasibleAnts=10 noImprove=29 (elapsed 45.7714s)
[RESET] no improvement for30-> reset pheromones
[ITER 260] bestGlobalCost=257459.93 (feasible=YES) bestThisIter=262485.23 feasibleAnts=10 noImprove=9 (elapsed 48.5132s)
[ITER 270] bestGlobalCost=257459.93 (feasible=YES) bestThisIter=257459.93 feasibleAnts=8 noImprove=19 (elapsed 51.3548s)
[ITER 280] bestGlobalCost=257459.93 (feasible=YES) bestThisIter=258527.02 feasibleAnts=10 noImprove=29 (elapsed 51.7743s)
[RESET] no improvement for30-> reset pheromones
[ITER 290] bestGlobalCost=257459.93 (feasible=YES) bestThisIter=259200.52 feasibleAnts=10 noImprove=9 (elapsed 54.23s)
[ITER 300] bestGlobalCost=257459.93 (feasible=YES) bestThisIter=257459.93 feasibleAnts=10 noImprove=19 (elapsed 56.9687s)
[ITER 310] bestGlobalCost=257459.93 (feasible=YES) bestThisIter=258527.02 feasibleAnts=10 noImprove=29 (elapsed 57.4463s)
[RESET] no improvement for30-> reset pheromones
3 4 9 10 12 14 17 20 26 32 33 37 38 70 72 74 78 82 85 92 
2 6 16 23 29 31 35 39 40 44 45 52 55 84 88 89 94 96 98 100 
1 8 13 15 18 21 49 60 62 63 64 67 68 69 71 75 83 86 87 97 
5 7 11 22 24 25 30 34 36 41 42 43 48 51 61 65 80 81 90 91 
19 27 28 46 47 50 53 54 56 57 58 59 66 73 76 77 79 93 95 99 
[SAVELOGS] evolution saved to results/logs/rd100_05_5/evolution/rd100_05_5
[SAVELOGS] best cost saved to results/logs/rd100_05_5/objectives/rd100_05_5
[SAVELOGS] best solution saved to results/logs/rd100_05_5/solutions/rd100_05_5
