[ITER 1] New best cost=270167.23 (feasible=YES, time 0.0619311s)
[ITER 2] New best cost=261174.36 (feasible=YES, time 0.122449s)
[ITER 4] New best cost=258951.17 (feasible=YES, time 0.215431s)
[ITER 10] bestGlobalCost=258951.17 (feasible=YES) bestThisIter=258951.17 feasibleAnts=9 noImprove=6 (elapsed 0.455776s)
[ITER 20] bestGlobalCost=258951.17 (feasible=YES) bestThisIter=258951.17 feasibleAnts=11 noImprove=16 (elapsed 2.76234s)
[ITER 26] New best cost=257459.93 (feasible=YES, time 2.99358s)
[ITER 30] bestGlobalCost=257459.93 (feasible=YES) bestThisIter=257459.93 feasibleAnts=19 noImprove=4 (elapsed 5.58275s)
[ITER 40] bestGlobalCost=257459.93 (feasible=YES) bestThisIter=257459.93 feasibleAnts=10 noImprove=14 (elapsed 6.02644s)
[ITER 50] bestGlobalCost=257459.93 (feasible=YES) bestThisIter=257459.93 feasibleAnts=10 noImprove=24 (elapsed 8.56575s)
[RESET] no improvement for30-> reset pheromones
[ITER 60] bestGlobalCost=257459.93 (feasible=YES) bestThisIter=262235.16 feasibleAnts=10 noImprove=4 (elapsed 10.9691s)
[ITER 70] bestGlobalCost=257459.93 (feasible=YES) bestThisIter=257459.93 feasibleAnts=11 noImprove=14 (elapsed 11.5157s)
[ITER 80] bestGlobalCost=257459.93 (feasible=YES) bestThisIter=257459.93 feasibleAnts=9 noImprove=24 (elapsed 14.3012s)
[RESET] no improvement for30-> reset pheromones
[ITER 90] bestGlobalCost=257459.93 (feasible=YES) bestThisIter=266964.20 feasibleAnts=10 noImprove=4 (elapsed 16.7636s)
[ITER 100] bestGlobalCost=257459.93 (feasible=YES) bestThisIter=257459.93 feasibleAnts=10 noImprove=14 (elapsed 17.2339s)
[ITER 110] bestGlobalCost=257459.93 (feasible=YES) bestThisIter=257459.93 feasibleAnts=9 noImprove=24 (elapsed 19.6982s)
[RESET] no improvement for30-> reset pheromones
[ITER 120] bestGlobalCost=257459.93 (feasible=YES) bestThisIter=261591.55 feasibleAnts=10 noImprove=4 (elapsed 22.6715s)
[ITER 130] bestGlobalCost=257459.93 (feasible=YES) bestThisIter=257459.93 feasibleAnts=10 noImprove=14 (elapsed 23.1855s)
[ITER 140] bestGlobalCost=257459.93 (feasible=YES) bestThisIter=259647.11 feasibleAnts=10 noImprove=24 (elapsed 25.5218s)
[RESET] no improvement for30-> reset pheromones
[ITER 150] bestGlobalCost=257459.93 (feasible=YES) bestThisIter=261758.62 feasibleAnts=10 noImprove=4 (elapsed 28.1312s)
[ITER 160] bestGlobalCost=257459.93 (feasible=YES) bestThisIter=257859.47 feasibleAnts=9 noImprove=14 (elapsed 28.6737s)
[ITER 170] bestGlobalCost=257459.93 (feasible=YES) bestThisIter=257459.93 feasibleAnts=10 noImprove=24 (elapsed 31.4512s)
[RESET] no improvement for30-> reset pheromones
[ITER 180] bestGlobalCost=257459.93 (feasible=YES) bestThisIter=259517.61 feasibleAnts=10 noImprove=4 (elapsed 33.8516s)
[ITER 190] bestGlobalCost=257459.93 (feasible=YES) bestThisIter=257459.93 feasibleAnts=10 noImprove=14 (elapsed 34.3395s)
[ITER 200] bestGlobalCost=257459.93 (feasible=YES) bestThisIter=257597.90 feasibleAnts=9 noImprove=24 (elapsed 37.069s)
[RESET] no improvement for30-> reset pheromones
[ITER 210] bestGlobalCost=257459.93 (feasible=YES) bestThisIter=266289.09 feasibleAnts=10 noImprove=4 (elapsed 39.8295s)
[ITER 220] bestGlobalCost=257459.93 (feasible=YES) bestThisIter=257459.93 feasibleAnts=9 noImprove=14 (elapsed 40.2551s)
[ITER 230] bestGlobalCost=257459.93 (feasible=YES) bestThisIter=257459.93 feasibleAnts=10 noImprove=24 (elapsed 42.6412s)
[RESET] no improvement for30-> reset pheromones
[ITER 240] bestGlobalCost=257459.93 (feasible=YES) bestThisIter=263025.01 feasibleAnts=10 noImprove=4 (elapsed 45.4421s)
[ITER 250] bestGlobalCost=257459.93 (feasible=YES) bestThisIter=257459.93 feasibleAnts=10 noImprove=14 (elapsed 45.9657s)
[ITER 260] bestGlobalCost=257459.93 (feasible=YES) bestThisIter=257459.93 feasibleAnts=11 noImprove=24 (elapsed 48.4565s)
[RESET] no improvement for30-> reset pheromones
[ITER 270] bestGlobalCost=257459.93 (feasible=YES) bestThisIter=262674.18 feasibleAnts=10 noImprove=4 (elapsed 50.8362s)
[ITER 280] bestGlobalCost=257459.93 (feasible=YES) bestThisIter=257859.47 feasibleAnts=10 noImprove=14 (elapsed 51.3051s)
[ITER 290] bestGlobalCost=257459.93 (feasible=YES) bestThisIter=257459.93 feasibleAnts=10 noImprove=24 (elapsed 54.1848s)
[RESET] no improvement for30-> reset pheromones
[ITER 300] bestGlobalCost=257459.93 (feasible=YES) bestThisIter=265571.16 feasibleAnts=10 noImprove=4 (elapsed 56.721s)
[ITER 310] bestGlobalCost=257459.93 (feasible=YES) bestThisIter=257459.93 feasibleAnts=10 noImprove=14 (elapsed 57.2102s)
[ITER 320] bestGlobalCost=257459.93 (feasible=YES) bestThisIter=257459.93 feasibleAnts=10 noImprove=24 (elapsed 59.6872s)
[RESET] no improvement for30-> reset pheromones
5 7 11 22 24 25 30 34 36 41 42 43 48 51 61 65 80 81 90 91 
1 8 13 15 18 21 49 60 62 63 64 67 68 69 71 75 83 86 87 97 
2 6 16 23 29 31 35 39 40 44 45 52 55 84 88 89 94 96 98 100 
3 4 9 10 12 14 17 20 26 32 33 37 38 70 72 74 78 82 85 92 
19 27 28 46 47 50 53 54 56 57 58 59 66 73 76 77 79 93 95 99 
[SAVELOGS] evolution saved to results/logs/rd100_05_5/evolution/rd100_05_5
[SAVELOGS] best cost saved to results/logs/rd100_05_5/objectives/rd100_05_5
[SAVELOGS] best solution saved to results/logs/rd100_05_5/solutions/rd100_05_5
