[ITER 1] New best cost=53244.52 (feasible=YES, time 0.441577s)
[ITER 2] New best cost=53151.55 (feasible=YES, time 0.731427s)
[ITER 3] New best cost=53049.85 (feasible=YES, time 1.13137s)
[ITER 6] New best cost=51877.13 (feasible=YES, time 2.41395s)
[ITER 8] New best cost=51774.75 (feasible=YES, time 3.21625s)
[ITER 10] New best cost=51201.03 (feasible=YES, time 7.2729s)
[ITER 10] bestGlobalCost=51201.03 (feasible=YES) bestThisIter=51201.03 feasibleAnts=5 noImprove=0 (elapsed 7.27671s)
[ITER 15] New best cost=50804.06 (feasible=YES, time 8.9784s)
[ITER 20] New best cost=49829.46 (feasible=YES, time 14.741s)
[ITER 20] bestGlobalCost=49829.46 (feasible=YES) bestThisIter=49829.46 feasibleAnts=6 noImprove=0 (elapsed 14.745s)
[ITER 24] New best cost=49616.12 (feasible=YES, time 16.3684s)
[ITER 27] New best cost=49432.98 (feasible=YES, time 17.4344s)
[ITER 30] bestGlobalCost=49432.98 (feasible=YES) bestThisIter=49981.93 feasibleAnts=5 noImprove=3 (elapsed 21.1722s)
[ITER 40] bestGlobalCost=49432.98 (feasible=YES) bestThisIter=50682.00 feasibleAnts=5 noImprove=13 (elapsed 27.77s)
[ITER 50] bestGlobalCost=49432.98 (feasible=YES) bestThisIter=50769.70 feasibleAnts=5 noImprove=23 (elapsed 35.1785s)
[ITER 60] bestGlobalCost=49432.98 (feasible=YES) bestThisIter=52176.08 feasibleAnts=5 noImprove=33 (elapsed 41.6912s)
[ITER 70] bestGlobalCost=49432.98 (feasible=YES) bestThisIter=50186.37 feasibleAnts=5 noImprove=43 (elapsed 48.1079s)
[RESET] no improvement for50-> reset pheromones
[ITER 79] New best cost=49382.94 (feasible=YES, time 51.1214s)
[ITER 80] bestGlobalCost=49382.94 (feasible=YES) bestThisIter=49777.05 feasibleAnts=5 noImprove=1 (elapsed 54.5843s)
[ITER 90] bestGlobalCost=49382.94 (feasible=YES) bestThisIter=50954.58 feasibleAnts=5 noImprove=11 (elapsed 61.7232s)
[ITER 100] bestGlobalCost=49382.94 (feasible=YES) bestThisIter=50843.15 feasibleAnts=5 noImprove=21 (elapsed 68.2385s)
[ITER 110] bestGlobalCost=49382.94 (feasible=YES) bestThisIter=50500.83 feasibleAnts=5 noImprove=31 (elapsed 75.2812s)
[ITER 120] bestGlobalCost=49382.94 (feasible=YES) bestThisIter=50561.48 feasibleAnts=5 noImprove=41 (elapsed 81.4565s)
[RESET] no improvement for50-> reset pheromones
[ITER 130] bestGlobalCost=49382.94 (feasible=YES) bestThisIter=50643.09 feasibleAnts=5 noImprove=1 (elapsed 87.6374s)
[ITER 140] bestGlobalCost=49382.94 (feasible=YES) bestThisIter=50876.40 feasibleAnts=5 noImprove=11 (elapsed 94.5188s)
[ITER 150] bestGlobalCost=49382.94 (feasible=YES) bestThisIter=51622.79 feasibleAnts=4 noImprove=21 (elapsed 101.67s)
[ITER 160] bestGlobalCost=49382.94 (feasible=YES) bestThisIter=52017.21 feasibleAnts=5 noImprove=31 (elapsed 109.012s)
[ITER 170] bestGlobalCost=49382.94 (feasible=YES) bestThisIter=49798.68 feasibleAnts=5 noImprove=41 (elapsed 116.117s)
[RESET] no improvement for50-> reset pheromones
[ITER 180] bestGlobalCost=49382.94 (feasible=YES) bestThisIter=50317.13 feasibleAnts=5 noImprove=1 (elapsed 121.968s)
[ITER 190] bestGlobalCost=49382.94 (feasible=YES) bestThisIter=51005.81 feasibleAnts=5 noImprove=11 (elapsed 128.872s)
[ITER 200] bestGlobalCost=49382.94 (feasible=YES) bestThisIter=50964.73 feasibleAnts=5 noImprove=21 (elapsed 136.294s)
[ITER 210] bestGlobalCost=49382.94 (feasible=YES) bestThisIter=50936.58 feasibleAnts=5 noImprove=31 (elapsed 142.903s)
[ITER 220] bestGlobalCost=49382.94 (feasible=YES) bestThisIter=51140.44 feasibleAnts=5 noImprove=41 (elapsed 149.663s)
[RESET] no improvement for50-> reset pheromones
[ITER 230] bestGlobalCost=49382.94 (feasible=YES) bestThisIter=51354.68 feasibleAnts=5 noImprove=1 (elapsed 155.692s)
[ITER 240] bestGlobalCost=49382.94 (feasible=YES) bestThisIter=51107.82 feasibleAnts=5 noImprove=11 (elapsed 162.13s)
[ITER 250] bestGlobalCost=49382.94 (feasible=YES) bestThisIter=50589.91 feasibleAnts=5 noImprove=21 (elapsed 169.599s)
[ITER 260] bestGlobalCost=49382.94 (feasible=YES) bestThisIter=50294.39 feasibleAnts=5 noImprove=31 (elapsed 177.229s)
[ITER 270] bestGlobalCost=49382.94 (feasible=YES) bestThisIter=50349.98 feasibleAnts=5 noImprove=41 (elapsed 183.445s)
[RESET] no improvement for50-> reset pheromones
[ITER 280] bestGlobalCost=49382.94 (feasible=YES) bestThisIter=49630.68 feasibleAnts=5 noImprove=1 (elapsed 189.813s)
[ITER 284] New best cost=49365.79 (feasible=YES, time 191.552s)
[ITER 286] New best cost=49325.97 (feasible=YES, time 192.421s)
[ITER 290] bestGlobalCost=49325.97 (feasible=YES) bestThisIter=49325.97 feasibleAnts=7 noImprove=4 (elapsed 196.551s)
[ITER 300] bestGlobalCost=49325.97 (feasible=YES) bestThisIter=50830.99 feasibleAnts=5 noImprove=14 (elapsed 204.043s)
[ITER 310] bestGlobalCost=49325.97 (feasible=YES) bestThisIter=50850.67 feasibleAnts=5 noImprove=24 (elapsed 211.53s)
[ITER 320] bestGlobalCost=49325.97 (feasible=YES) bestThisIter=51035.96 feasibleAnts=5 noImprove=34 (elapsed 218.498s)
[ITER 330] bestGlobalCost=49325.97 (feasible=YES) bestThisIter=50722.31 feasibleAnts=5 noImprove=44 (elapsed 223.92s)
[RESET] no improvement for50-> reset pheromones
[ITER 340] bestGlobalCost=49325.97 (feasible=YES) bestThisIter=49829.32 feasibleAnts=5 noImprove=4 (elapsed 229.802s)
[ITER 350] bestGlobalCost=49325.97 (feasible=YES) bestThisIter=50035.82 feasibleAnts=5 noImprove=14 (elapsed 236.297s)
[ITER 360] bestGlobalCost=49325.97 (feasible=YES) bestThisIter=51313.00 feasibleAnts=5 noImprove=24 (elapsed 242.821s)
[ITER 370] bestGlobalCost=49325.97 (feasible=YES) bestThisIter=51384.20 feasibleAnts=5 noImprove=34 (elapsed 249.309s)
[ITER 380] bestGlobalCost=49325.97 (feasible=YES) bestThisIter=50749.39 feasibleAnts=5 noImprove=44 (elapsed 256.458s)
[RESET] no improvement for50-> reset pheromones
[ITER 390] bestGlobalCost=49325.97 (feasible=YES) bestThisIter=49512.62 feasibleAnts=5 noImprove=4 (elapsed 263.252s)
[ITER 400] bestGlobalCost=49325.97 (feasible=YES) bestThisIter=50813.65 feasibleAnts=5 noImprove=14 (elapsed 270.521s)
[ITER 410] bestGlobalCost=49325.97 (feasible=YES) bestThisIter=51531.09 feasibleAnts=5 noImprove=24 (elapsed 278.017s)
[ITER 420] bestGlobalCost=49325.97 (feasible=YES) bestThisIter=51063.57 feasibleAnts=5 noImprove=34 (elapsed 285.592s)
[ITER 430] bestGlobalCost=49325.97 (feasible=YES) bestThisIter=51685.00 feasibleAnts=5 noImprove=44 (elapsed 290.631s)
[RESET] no improvement for50-> reset pheromones
[ITER 440] bestGlobalCost=49325.97 (feasible=YES) bestThisIter=49325.97 feasibleAnts=5 noImprove=4 (elapsed 296.417s)
86 87 88 89 127 129 130 131 132 210 211 222 
6 45 46 48 191 192 193 194 195 196 218 
138 139 140 141 142 144 157 159 161 163 201 
13 14 15 16 17 19 20 21 22 23 203 
145 172 173 174 176 177 178 179 180 181 182 
113 114 115 116 118 119 120 184 185 186 187 223 
24 25 26 32 33 35 36 37 39 204 208 
2 27 47 50 58 59 61 62 63 117 188 189 225 
75 81 95 96 97 98 99 100 101 216 219 
53 55 68 69 70 71 72 73 74 102 103 
143 146 147 149 152 153 154 155 156 160 
64 110 111 112 121 122 123 124 169 170 171 175 
134 135 136 137 158 162 164 165 183 213 215 
1 3 4 5 41 42 43 44 197 198 200 
49 51 52 54 56 57 133 190 199 205 207 224 
125 126 128 148 150 151 166 167 168 212 214 
80 82 83 84 85 90 91 92 93 94 209 221 
7 8 9 10 11 12 18 34 38 40 
28 29 30 31 76 77 78 79 202 206 217 
60 65 66 67 104 105 106 107 108 109 220 
[SAVELOGS] evolution saved to results/logs/aco_logs/evolution/tsp225_20_3.txt
[SAVELOGS] best cost saved to results/logs/aco_logs/objectives/tsp225_20_3.txt
[SAVELOGS] best solution saved to results/logs/aco_logs/solutions/tsp225_20_3.txt
