[ITER 1] New best cost=5981180.63 (feasible=NO, time 0.112608s)
[ITER 1] New best cost=6055394.80 (feasible=YES, time 0.117149s)
[ITER 2] New best cost=6016754.84 (feasible=YES, time 0.237841s)
[ITER 3] New best cost=5983758.51 (feasible=YES, time 0.328036s)
[ITER 10] bestGlobalCost=5983758.51 (feasible=YES) bestThisIter=5988817.25 feasibleAnts=17 noImprove=7 (elapsed 1.71072s)
[ITER 13] New best cost=5974446.87 (feasible=YES, time 1.87449s)
[ITER 20] bestGlobalCost=5974446.87 (feasible=YES) bestThisIter=5975016.50 feasibleAnts=23 noImprove=7 (elapsed 3.18669s)
[ITER 27] New best cost=5963319.68 (feasible=YES, time 3.51501s)
[ITER 30] bestGlobalCost=5963319.68 (feasible=YES) bestThisIter=5974446.87 feasibleAnts=35 noImprove=3 (elapsed 4.73037s)
[ITER 31] New best cost=5960205.24 (feasible=YES, time 4.79764s)
[ITER 40] bestGlobalCost=5960205.24 (feasible=YES) bestThisIter=5960612.71 feasibleAnts=21 noImprove=9 (elapsed 6.63398s)
[ITER 50] bestGlobalCost=5960205.24 (feasible=YES) bestThisIter=5975269.89 feasibleAnts=10 noImprove=19 (elapsed 8.48325s)
[ITER 60] New best cost=5949312.52 (feasible=YES, time 10.0085s)
[ITER 60] bestGlobalCost=5949312.52 (feasible=YES) bestThisIter=5960205.24 feasibleAnts=10 noImprove=0 (elapsed 10.0128s)
[ITER 65] New best cost=5947050.52 (feasible=YES, time 10.1865s)
[ITER 70] bestGlobalCost=5947050.52 (feasible=YES) bestThisIter=5947050.52 feasibleAnts=32 noImprove=5 (elapsed 11.4263s)
[ITER 71] New best cost=5946691.72 (feasible=YES, time 11.4851s)
[ITER 78] New best cost=5945359.82 (feasible=YES, time 11.7767s)
[ITER 80] bestGlobalCost=5945359.82 (feasible=YES) bestThisIter=5946691.72 feasibleAnts=26 noImprove=2 (elapsed 12.8707s)
[ITER 86] New best cost=5935480.58 (feasible=YES, time 13.1291s)
[ITER 90] bestGlobalCost=5935480.58 (feasible=YES) bestThisIter=5938961.59 feasibleAnts=7 noImprove=4 (elapsed 14.2916s)
[ITER 91] New best cost=5927322.03 (feasible=YES, time 14.3439s)
[ITER 92] New best cost=5922501.30 (feasible=YES, time 14.3871s)
[ITER 100] bestGlobalCost=5922501.30 (feasible=YES) bestThisIter=5938403.37 feasibleAnts=24 noImprove=8 (elapsed 15.7602s)
[ITER 110] bestGlobalCost=5922501.30 (feasible=YES) bestThisIter=5937851.71 feasibleAnts=12 noImprove=18 (elapsed 17.2514s)
[ITER 117] New best cost=5921183.40 (feasible=YES, time 17.6332s)
[ITER 120] bestGlobalCost=5921183.40 (feasible=YES) bestThisIter=5922501.30 feasibleAnts=29 noImprove=3 (elapsed 18.7191s)
[ITER 130] bestGlobalCost=5921183.40 (feasible=YES) bestThisIter=5924798.96 feasibleAnts=13 noImprove=13 (elapsed 20.1833s)
[ITER 140] bestGlobalCost=5921183.40 (feasible=YES) bestThisIter=5935710.65 feasibleAnts=9 noImprove=23 (elapsed 21.7171s)
[ITER 143] New best cost=5917743.00 (feasible=YES, time 21.9005s)
[ITER 150] bestGlobalCost=5917743.00 (feasible=YES) bestThisIter=5918146.44 feasibleAnts=15 noImprove=7 (elapsed 23.1787s)
[ITER 160] bestGlobalCost=5917743.00 (feasible=YES) bestThisIter=5921907.64 feasibleAnts=10 noImprove=17 (elapsed 24.6689s)
[ITER 170] bestGlobalCost=5917743.00 (feasible=YES) bestThisIter=5921578.16 feasibleAnts=10 noImprove=27 (elapsed 26.2024s)
[ITER 180] bestGlobalCost=5917743.00 (feasible=YES) bestThisIter=5922573.30 feasibleAnts=9 noImprove=37 (elapsed 27.8804s)
[ITER 190] bestGlobalCost=5917743.00 (feasible=YES) bestThisIter=5921044.72 feasibleAnts=10 noImprove=47 (elapsed 30.0799s)
[ITER 200] bestGlobalCost=5917743.00 (feasible=YES) bestThisIter=5931824.41 feasibleAnts=10 noImprove=57 (elapsed 32.4706s)
[ITER 210] bestGlobalCost=5917743.00 (feasible=YES) bestThisIter=5949813.51 feasibleAnts=10 noImprove=67 (elapsed 34.3521s)
[ITER 220] bestGlobalCost=5917743.00 (feasible=YES) bestThisIter=5983275.94 feasibleAnts=7 noImprove=77 (elapsed 36.2259s)
[ITER 230] New best cost=5885383.87 (feasible=YES, time 38.1902s)
[ITER 230] bestGlobalCost=5885383.87 (feasible=YES) bestThisIter=5975126.23 feasibleAnts=8 noImprove=0 (elapsed 38.1943s)
[ITER 235] New best cost=5876123.39 (feasible=YES, time 38.4252s)
[ITER 240] bestGlobalCost=5876123.39 (feasible=YES) bestThisIter=5904587.26 feasibleAnts=33 noImprove=5 (elapsed 39.6141s)
[ITER 250] bestGlobalCost=5876123.39 (feasible=YES) bestThisIter=5889817.63 feasibleAnts=10 noImprove=15 (elapsed 41.1156s)
[ITER 260] bestGlobalCost=5876123.39 (feasible=YES) bestThisIter=5882483.98 feasibleAnts=9 noImprove=25 (elapsed 42.5985s)
[ITER 270] bestGlobalCost=5876123.39 (feasible=YES) bestThisIter=5893778.52 feasibleAnts=9 noImprove=35 (elapsed 44.2852s)
[ITER 280] bestGlobalCost=5876123.39 (feasible=YES) bestThisIter=5897969.55 feasibleAnts=7 noImprove=45 (elapsed 46.0077s)
[ITER 290] bestGlobalCost=5876123.39 (feasible=YES) bestThisIter=5931130.45 feasibleAnts=8 noImprove=55 (elapsed 47.7918s)
[ITER 300] bestGlobalCost=5876123.39 (feasible=YES) bestThisIter=5964371.01 feasibleAnts=8 noImprove=65 (elapsed 49.6184s)
[ITER 310] bestGlobalCost=5876123.39 (feasible=YES) bestThisIter=5895483.73 feasibleAnts=9 noImprove=75 (elapsed 51.5371s)
[ITER 320] bestGlobalCost=5876123.39 (feasible=YES) bestThisIter=5960988.09 feasibleAnts=9 noImprove=85 (elapsed 53.4674s)
[ITER 330] bestGlobalCost=5876123.39 (feasible=YES) bestThisIter=5945461.52 feasibleAnts=9 noImprove=95 (elapsed 55.4461s)
[RESET] no improvement for100-> reset pheromones
[ITER 340] bestGlobalCost=5876123.39 (feasible=YES) bestThisIter=5876614.75 feasibleAnts=10 noImprove=5 (elapsed 57.3353s)
[ITER 350] bestGlobalCost=5876123.39 (feasible=YES) bestThisIter=5897557.40 feasibleAnts=9 noImprove=15 (elapsed 58.8823s)
[ITER 360] bestGlobalCost=5876123.39 (feasible=YES) bestThisIter=5887449.36 feasibleAnts=9 noImprove=25 (elapsed 60.526s)
[ITER 370] bestGlobalCost=5876123.39 (feasible=YES) bestThisIter=5920488.09 feasibleAnts=8 noImprove=35 (elapsed 62.7764s)
[ITER 380] bestGlobalCost=5876123.39 (feasible=YES) bestThisIter=5939962.90 feasibleAnts=8 noImprove=45 (elapsed 64.8901s)
[ITER 390] bestGlobalCost=5876123.39 (feasible=YES) bestThisIter=5940149.21 feasibleAnts=6 noImprove=55 (elapsed 66.7274s)
[ITER 400] bestGlobalCost=5876123.39 (feasible=YES) bestThisIter=5972597.54 feasibleAnts=8 noImprove=65 (elapsed 68.8106s)
[ITER 410] bestGlobalCost=5876123.39 (feasible=YES) bestThisIter=5928090.12 feasibleAnts=7 noImprove=75 (elapsed 71.3437s)
[ITER 420] bestGlobalCost=5876123.39 (feasible=YES) bestThisIter=5932076.73 feasibleAnts=7 noImprove=85 (elapsed 73.5128s)
[ITER 430] bestGlobalCost=5876123.39 (feasible=YES) bestThisIter=5959095.79 feasibleAnts=6 noImprove=95 (elapsed 75.4968s)
[RESET] no improvement for100-> reset pheromones
[ITER 440] bestGlobalCost=5876123.39 (feasible=YES) bestThisIter=5903310.40 feasibleAnts=9 noImprove=5 (elapsed 77.3825s)
[ITER 450] bestGlobalCost=5876123.39 (feasible=YES) bestThisIter=5912269.25 feasibleAnts=10 noImprove=15 (elapsed 78.939s)
[ITER 460] bestGlobalCost=5876123.39 (feasible=YES) bestThisIter=5882737.29 feasibleAnts=7 noImprove=25 (elapsed 80.6199s)
[ITER 470] bestGlobalCost=5876123.39 (feasible=YES) bestThisIter=5887695.56 feasibleAnts=9 noImprove=35 (elapsed 82.8053s)
[ITER 480] bestGlobalCost=5876123.39 (feasible=YES) bestThisIter=5891693.21 feasibleAnts=8 noImprove=45 (elapsed 84.9505s)
[ITER 490] bestGlobalCost=5876123.39 (feasible=YES) bestThisIter=5909338.66 feasibleAnts=8 noImprove=55 (elapsed 86.789s)
[ITER 500] bestGlobalCost=5876123.39 (feasible=YES) bestThisIter=5877127.01 feasibleAnts=8 noImprove=65 (elapsed 88.6576s)
[ITER 510] bestGlobalCost=5876123.39 (feasible=YES) bestThisIter=5955686.07 feasibleAnts=6 noImprove=75 (elapsed 90.5888s)
[ITER 520] bestGlobalCost=5876123.39 (feasible=YES) bestThisIter=5954566.28 feasibleAnts=7 noImprove=85 (elapsed 92.5997s)
[ITER 530] bestGlobalCost=5876123.39 (feasible=YES) bestThisIter=5981411.05 feasibleAnts=7 noImprove=95 (elapsed 94.5605s)
[RESET] no improvement for100-> reset pheromones
[ITER 540] bestGlobalCost=5876123.39 (feasible=YES) bestThisIter=5889817.63 feasibleAnts=9 noImprove=5 (elapsed 96.4891s)
[ITER 550] bestGlobalCost=5876123.39 (feasible=YES) bestThisIter=5891894.23 feasibleAnts=10 noImprove=15 (elapsed 98.04s)
[ITER 560] bestGlobalCost=5876123.39 (feasible=YES) bestThisIter=5916221.80 feasibleAnts=7 noImprove=25 (elapsed 99.6207s)
[ITER 570] bestGlobalCost=5876123.39 (feasible=YES) bestThisIter=5931421.06 feasibleAnts=8 noImprove=35 (elapsed 101.324s)
[ITER 580] bestGlobalCost=5876123.39 (feasible=YES) bestThisIter=5948006.51 feasibleAnts=9 noImprove=45 (elapsed 103.097s)
[ITER 590] bestGlobalCost=5876123.39 (feasible=YES) bestThisIter=5889055.19 feasibleAnts=8 noImprove=55 (elapsed 104.912s)
[ITER 600] bestGlobalCost=5876123.39 (feasible=YES) bestThisIter=5908584.20 feasibleAnts=8 noImprove=65 (elapsed 106.782s)
[ITER 610] bestGlobalCost=5876123.39 (feasible=YES) bestThisIter=5978196.98 feasibleAnts=8 noImprove=75 (elapsed 108.713s)
[ITER 620] bestGlobalCost=5876123.39 (feasible=YES) bestThisIter=5939185.54 feasibleAnts=8 noImprove=85 (elapsed 110.648s)
[ITER 630] bestGlobalCost=5876123.39 (feasible=YES) bestThisIter=5986540.97 feasibleAnts=6 noImprove=95 (elapsed 112.617s)
[RESET] no improvement for100-> reset pheromones
[ITER 640] bestGlobalCost=5876123.39 (feasible=YES) bestThisIter=5881698.24 feasibleAnts=10 noImprove=5 (elapsed 114.492s)
[ITER 650] bestGlobalCost=5876123.39 (feasible=YES) bestThisIter=5889709.51 feasibleAnts=9 noImprove=15 (elapsed 115.997s)
[ITER 660] bestGlobalCost=5876123.39 (feasible=YES) bestThisIter=5887204.20 feasibleAnts=10 noImprove=25 (elapsed 117.593s)
[ITER 670] bestGlobalCost=5876123.39 (feasible=YES) bestThisIter=5892451.39 feasibleAnts=6 noImprove=35 (elapsed 119.272s)
[ITER 680] bestGlobalCost=5876123.39 (feasible=YES) bestThisIter=5887732.50 feasibleAnts=7 noImprove=45 (elapsed 121.036s)
[ITER 690] bestGlobalCost=5876123.39 (feasible=YES) bestThisIter=5926590.19 feasibleAnts=8 noImprove=55 (elapsed 122.88s)
[ITER 700] bestGlobalCost=5876123.39 (feasible=YES) bestThisIter=5974569.89 feasibleAnts=6 noImprove=65 (elapsed 124.723s)
[ITER 710] bestGlobalCost=5876123.39 (feasible=YES) bestThisIter=5935634.36 feasibleAnts=7 noImprove=75 (elapsed 126.597s)
[ITER 720] bestGlobalCost=5876123.39 (feasible=YES) bestThisIter=5940065.60 feasibleAnts=10 noImprove=85 (elapsed 128.682s)
[ITER 730] bestGlobalCost=5876123.39 (feasible=YES) bestThisIter=5961028.01 feasibleAnts=7 noImprove=95 (elapsed 131.301s)
[RESET] no improvement for100-> reset pheromones
[ITER 740] bestGlobalCost=5876123.39 (feasible=YES) bestThisIter=5905449.23 feasibleAnts=9 noImprove=5 (elapsed 133.425s)
[ITER 750] bestGlobalCost=5876123.39 (feasible=YES) bestThisIter=5887204.20 feasibleAnts=8 noImprove=15 (elapsed 134.915s)
[ITER 760] bestGlobalCost=5876123.39 (feasible=YES) bestThisIter=5896007.68 feasibleAnts=9 noImprove=25 (elapsed 136.52s)
[ITER 770] bestGlobalCost=5876123.39 (feasible=YES) bestThisIter=5891452.31 feasibleAnts=8 noImprove=35 (elapsed 138.221s)
[ITER 780] bestGlobalCost=5876123.39 (feasible=YES) bestThisIter=5917887.81 feasibleAnts=8 noImprove=45 (elapsed 139.947s)
[ITER 790] bestGlobalCost=5876123.39 (feasible=YES) bestThisIter=5926474.87 feasibleAnts=9 noImprove=55 (elapsed 141.766s)
[ITER 800] bestGlobalCost=5876123.39 (feasible=YES) bestThisIter=5904361.47 feasibleAnts=7 noImprove=65 (elapsed 143.643s)
[ITER 810] bestGlobalCost=5876123.39 (feasible=YES) bestThisIter=5957379.52 feasibleAnts=7 noImprove=75 (elapsed 145.563s)
[ITER 820] bestGlobalCost=5876123.39 (feasible=YES) bestThisIter=5921532.50 feasibleAnts=7 noImprove=85 (elapsed 147.506s)
[ITER 830] bestGlobalCost=5876123.39 (feasible=YES) bestThisIter=5922991.33 feasibleAnts=6 noImprove=95 (elapsed 149.496s)
[RESET] no improvement for100-> reset pheromones
[ITER 840] bestGlobalCost=5876123.39 (feasible=YES) bestThisIter=5891560.45 feasibleAnts=10 noImprove=5 (elapsed 151.377s)
[ITER 850] bestGlobalCost=5876123.39 (feasible=YES) bestThisIter=5908776.68 feasibleAnts=7 noImprove=15 (elapsed 152.894s)
[ITER 860] bestGlobalCost=5876123.39 (feasible=YES) bestThisIter=5887204.20 feasibleAnts=8 noImprove=25 (elapsed 154.528s)
[ITER 870] bestGlobalCost=5876123.39 (feasible=YES) bestThisIter=5941398.90 feasibleAnts=8 noImprove=35 (elapsed 156.236s)
[ITER 880] bestGlobalCost=5876123.39 (feasible=YES) bestThisIter=5890384.56 feasibleAnts=7 noImprove=45 (elapsed 157.97s)
[ITER 890] bestGlobalCost=5876123.39 (feasible=YES) bestThisIter=5966787.33 feasibleAnts=8 noImprove=55 (elapsed 159.896s)
[ITER 900] bestGlobalCost=5876123.39 (feasible=YES) bestThisIter=5953302.85 feasibleAnts=7 noImprove=65 (elapsed 161.861s)
[ITER 910] bestGlobalCost=5876123.39 (feasible=YES) bestThisIter=5968818.85 feasibleAnts=7 noImprove=75 (elapsed 163.746s)
[ITER 920] bestGlobalCost=5876123.39 (feasible=YES) bestThisIter=5918650.26 feasibleAnts=7 noImprove=85 (elapsed 165.669s)
[ITER 930] bestGlobalCost=5876123.39 (feasible=YES) bestThisIter=5915601.87 feasibleAnts=8 noImprove=95 (elapsed 167.655s)
[RESET] no improvement for100-> reset pheromones
[ITER 940] bestGlobalCost=5876123.39 (feasible=YES) bestThisIter=5887656.41 feasibleAnts=9 noImprove=5 (elapsed 169.55s)
[ITER 950] bestGlobalCost=5876123.39 (feasible=YES) bestThisIter=5890357.33 feasibleAnts=11 noImprove=15 (elapsed 171.098s)
[ITER 960] bestGlobalCost=5876123.39 (feasible=YES) bestThisIter=5890627.17 feasibleAnts=7 noImprove=25 (elapsed 172.73s)
[ITER 970] bestGlobalCost=5876123.39 (feasible=YES) bestThisIter=5890627.17 feasibleAnts=8 noImprove=35 (elapsed 174.454s)
[ITER 980] bestGlobalCost=5876123.39 (feasible=YES) bestThisIter=5925912.01 feasibleAnts=7 noImprove=45 (elapsed 176.194s)
[ITER 990] bestGlobalCost=5876123.39 (feasible=YES) bestThisIter=5963659.00 feasibleAnts=6 noImprove=55 (elapsed 178.024s)
[ITER 1000] bestGlobalCost=5876123.39 (feasible=YES) bestThisIter=5892231.21 feasibleAnts=6 noImprove=65 (elapsed 179.92s)
[ITER 1010] bestGlobalCost=5876123.39 (feasible=YES) bestThisIter=5935630.85 feasibleAnts=9 noImprove=75 (elapsed 182.391s)
[ITER 1020] bestGlobalCost=5876123.39 (feasible=YES) bestThisIter=5909014.47 feasibleAnts=7 noImprove=85 (elapsed 184.812s)
[ITER 1030] bestGlobalCost=5876123.39 (feasible=YES) bestThisIter=5998893.75 feasibleAnts=7 noImprove=95 (elapsed 186.778s)
[RESET] no improvement for100-> reset pheromones
[ITER 1040] bestGlobalCost=5876123.39 (feasible=YES) bestThisIter=5883986.15 feasibleAnts=8 noImprove=5 (elapsed 188.697s)
[ITER 1050] bestGlobalCost=5876123.39 (feasible=YES) bestThisIter=5908951.70 feasibleAnts=8 noImprove=15 (elapsed 190.252s)
[ITER 1060] bestGlobalCost=5876123.39 (feasible=YES) bestThisIter=5888630.50 feasibleAnts=8 noImprove=25 (elapsed 191.858s)
[ITER 1070] bestGlobalCost=5876123.39 (feasible=YES) bestThisIter=5896585.08 feasibleAnts=5 noImprove=35 (elapsed 193.515s)
[ITER 1080] bestGlobalCost=5876123.39 (feasible=YES) bestThisIter=5927366.04 feasibleAnts=8 noImprove=45 (elapsed 195.247s)
[ITER 1090] bestGlobalCost=5876123.39 (feasible=YES) bestThisIter=5924614.32 feasibleAnts=6 noImprove=55 (elapsed 197.294s)
[ITER 1100] bestGlobalCost=5876123.39 (feasible=YES) bestThisIter=5877127.01 feasibleAnts=7 noImprove=65 (elapsed 199.818s)
[ITER 1110] bestGlobalCost=5876123.39 (feasible=YES) bestThisIter=5943122.50 feasibleAnts=9 noImprove=75 (elapsed 201.813s)
[ITER 1120] bestGlobalCost=5876123.39 (feasible=YES) bestThisIter=5976732.27 feasibleAnts=7 noImprove=85 (elapsed 203.817s)
[ITER 1130] bestGlobalCost=5876123.39 (feasible=YES) bestThisIter=5906968.74 feasibleAnts=7 noImprove=95 (elapsed 205.79s)
[RESET] no improvement for100-> reset pheromones
[ITER 1140] bestGlobalCost=5876123.39 (feasible=YES) bestThisIter=5902396.19 feasibleAnts=8 noImprove=5 (elapsed 207.649s)
[ITER 1150] bestGlobalCost=5876123.39 (feasible=YES) bestThisIter=5905149.85 feasibleAnts=8 noImprove=15 (elapsed 209.282s)
[ITER 1160] bestGlobalCost=5876123.39 (feasible=YES) bestThisIter=5891460.93 feasibleAnts=8 noImprove=25 (elapsed 210.94s)
[ITER 1170] bestGlobalCost=5876123.39 (feasible=YES) bestThisIter=5946954.09 feasibleAnts=6 noImprove=35 (elapsed 212.679s)
[ITER 1180] bestGlobalCost=5876123.39 (feasible=YES) bestThisIter=5935811.94 feasibleAnts=8 noImprove=45 (elapsed 214.497s)
[ITER 1190] bestGlobalCost=5876123.39 (feasible=YES) bestThisIter=5929899.15 feasibleAnts=8 noImprove=55 (elapsed 216.343s)
[ITER 1200] bestGlobalCost=5876123.39 (feasible=YES) bestThisIter=5936413.47 feasibleAnts=6 noImprove=65 (elapsed 218.198s)
[ITER 1210] bestGlobalCost=5876123.39 (feasible=YES) bestThisIter=5947296.15 feasibleAnts=6 noImprove=75 (elapsed 220.197s)
[ITER 1220] bestGlobalCost=5876123.39 (feasible=YES) bestThisIter=5878088.99 feasibleAnts=8 noImprove=85 (elapsed 222.705s)
[ITER 1230] bestGlobalCost=5876123.39 (feasible=YES) bestThisIter=5979645.37 feasibleAnts=7 noImprove=95 (elapsed 225.084s)
[RESET] no improvement for100-> reset pheromones
[ITER 1240] bestGlobalCost=5876123.39 (feasible=YES) bestThisIter=5876614.75 feasibleAnts=10 noImprove=5 (elapsed 226.933s)
[ITER 1250] bestGlobalCost=5876123.39 (feasible=YES) bestThisIter=5893040.81 feasibleAnts=7 noImprove=15 (elapsed 228.458s)
[ITER 1260] bestGlobalCost=5876123.39 (feasible=YES) bestThisIter=5899494.67 feasibleAnts=9 noImprove=25 (elapsed 230.075s)
[ITER 1270] bestGlobalCost=5876123.39 (feasible=YES) bestThisIter=5893657.95 feasibleAnts=7 noImprove=35 (elapsed 231.794s)
[ITER 1280] bestGlobalCost=5876123.39 (feasible=YES) bestThisIter=5904865.76 feasibleAnts=7 noImprove=45 (elapsed 233.92s)
[ITER 1290] bestGlobalCost=5876123.39 (feasible=YES) bestThisIter=5931486.23 feasibleAnts=7 noImprove=55 (elapsed 236.316s)
[ITER 1300] bestGlobalCost=5876123.39 (feasible=YES) bestThisIter=5953941.83 feasibleAnts=8 noImprove=65 (elapsed 238.181s)
[ITER 1310] bestGlobalCost=5876123.39 (feasible=YES) bestThisIter=5932305.64 feasibleAnts=9 noImprove=75 (elapsed 240.112s)
[ITER 1320] bestGlobalCost=5876123.39 (feasible=YES) bestThisIter=5911602.68 feasibleAnts=7 noImprove=85 (elapsed 242.061s)
[ITER 1330] bestGlobalCost=5876123.39 (feasible=YES) bestThisIter=5986422.18 feasibleAnts=8 noImprove=95 (elapsed 244.047s)
[RESET] no improvement for100-> reset pheromones
[ITER 1340] bestGlobalCost=5876123.39 (feasible=YES) bestThisIter=5887449.36 feasibleAnts=11 noImprove=5 (elapsed 245.971s)
[ITER 1350] bestGlobalCost=5876123.39 (feasible=YES) bestThisIter=5883986.15 feasibleAnts=6 noImprove=15 (elapsed 247.477s)
[ITER 1360] bestGlobalCost=5876123.39 (feasible=YES) bestThisIter=5918626.71 feasibleAnts=10 noImprove=25 (elapsed 249.088s)
[ITER 1370] bestGlobalCost=5876123.39 (feasible=YES) bestThisIter=5918496.57 feasibleAnts=9 noImprove=35 (elapsed 250.819s)
[ITER 1380] bestGlobalCost=5876123.39 (feasible=YES) bestThisIter=5945842.52 feasibleAnts=7 noImprove=45 (elapsed 252.536s)
[ITER 1390] bestGlobalCost=5876123.39 (feasible=YES) bestThisIter=5953957.46 feasibleAnts=10 noImprove=55 (elapsed 254.334s)
[ITER 1400] bestGlobalCost=5876123.39 (feasible=YES) bestThisIter=5965973.19 feasibleAnts=8 noImprove=65 (elapsed 256.232s)
[ITER 1410] bestGlobalCost=5876123.39 (feasible=YES) bestThisIter=5916568.87 feasibleAnts=6 noImprove=75 (elapsed 258.125s)
[ITER 1420] bestGlobalCost=5876123.39 (feasible=YES) bestThisIter=5983056.64 feasibleAnts=7 noImprove=85 (elapsed 260.071s)
[ITER 1430] bestGlobalCost=5876123.39 (feasible=YES) bestThisIter=5949611.50 feasibleAnts=8 noImprove=95 (elapsed 262.035s)
[RESET] no improvement for100-> reset pheromones
[ITER 1440] bestGlobalCost=5876123.39 (feasible=YES) bestThisIter=5891894.23 feasibleAnts=11 noImprove=5 (elapsed 263.926s)
[ITER 1450] bestGlobalCost=5876123.39 (feasible=YES) bestThisIter=5884507.58 feasibleAnts=6 noImprove=15 (elapsed 265.424s)
[ITER 1460] bestGlobalCost=5876123.39 (feasible=YES) bestThisIter=5907616.79 feasibleAnts=8 noImprove=25 (elapsed 266.982s)
[ITER 1470] bestGlobalCost=5876123.39 (feasible=YES) bestThisIter=5935957.18 feasibleAnts=9 noImprove=35 (elapsed 268.658s)
[ITER 1480] bestGlobalCost=5876123.39 (feasible=YES) bestThisIter=5936100.40 feasibleAnts=7 noImprove=45 (elapsed 270.448s)
[ITER 1490] bestGlobalCost=5876123.39 (feasible=YES) bestThisIter=5899169.09 feasibleAnts=10 noImprove=55 (elapsed 272.283s)
[ITER 1500] bestGlobalCost=5876123.39 (feasible=YES) bestThisIter=5951772.87 feasibleAnts=6 noImprove=65 (elapsed 274.144s)
[ITER 1510] bestGlobalCost=5876123.39 (feasible=YES) bestThisIter=5941756.49 feasibleAnts=9 noImprove=75 (elapsed 276.049s)
[ITER 1520] bestGlobalCost=5876123.39 (feasible=YES) bestThisIter=5915911.68 feasibleAnts=7 noImprove=85 (elapsed 278.041s)
[ITER 1530] bestGlobalCost=5876123.39 (feasible=YES) bestThisIter=5921549.00 feasibleAnts=8 noImprove=95 (elapsed 280.126s)
[RESET] no improvement for100-> reset pheromones
[ITER 1540] bestGlobalCost=5876123.39 (feasible=YES) bestThisIter=5891551.12 feasibleAnts=8 noImprove=5 (elapsed 282.55s)
[ITER 1550] bestGlobalCost=5876123.39 (feasible=YES) bestThisIter=5876614.75 feasibleAnts=7 noImprove=15 (elapsed 284.561s)
[ITER 1560] bestGlobalCost=5876123.39 (feasible=YES) bestThisIter=5887204.20 feasibleAnts=9 noImprove=25 (elapsed 286.179s)
[ITER 1570] bestGlobalCost=5876123.39 (feasible=YES) bestThisIter=5895750.91 feasibleAnts=7 noImprove=35 (elapsed 287.844s)
[ITER 1580] bestGlobalCost=5876123.39 (feasible=YES) bestThisIter=5957493.83 feasibleAnts=6 noImprove=45 (elapsed 289.592s)
[ITER 1590] bestGlobalCost=5876123.39 (feasible=YES) bestThisIter=5947544.31 feasibleAnts=6 noImprove=55 (elapsed 291.397s)
[ITER 1600] bestGlobalCost=5876123.39 (feasible=YES) bestThisIter=5967594.00 feasibleAnts=8 noImprove=65 (elapsed 293.523s)
[ITER 1610] bestGlobalCost=5876123.39 (feasible=YES) bestThisIter=5933454.74 feasibleAnts=7 noImprove=75 (elapsed 296.071s)
[ITER 1620] bestGlobalCost=5876123.39 (feasible=YES) bestThisIter=5953776.85 feasibleAnts=8 noImprove=85 (elapsed 298.123s)
[ITER 1630] bestGlobalCost=5876123.39 (feasible=YES) bestThisIter=5930563.15 feasibleAnts=7 noImprove=95 (elapsed 300.073s)
1 2 3 4 5 26 27 28 29 30 31 32 33 126 127 128 129 130 134 135 151 152 153 156 157 
37 38 39 40 41 42 43 44 46 68 140 145 161 162 163 164 165 166 167 168 169 170 
94 95 97 116 117 118 119 120 121 122 123 124 125 195 216 217 218 219 220 222 223 224 225 
70 71 72 73 74 75 96 98 99 100 173 174 175 191 193 194 196 197 198 199 200 221 
77 78 79 80 82 101 102 103 104 105 106 179 184 185 201 202 203 204 205 206 
59 60 61 62 63 64 65 66 67 69 87 88 89 90 91 92 93 186 187 188 189 190 192 
17 18 19 20 21 22 23 24 25 45 47 48 49 50 141 142 143 144 146 147 148 149 150 171 172 
51 52 53 54 55 56 57 58 76 81 83 154 155 158 159 160 176 177 178 180 181 182 183 
84 85 86 107 108 109 110 111 112 113 114 115 207 208 209 210 211 212 213 214 215 
6 7 8 9 10 11 12 13 14 15 16 34 35 36 131 132 133 136 137 138 139 
[SAVELOGS] evolution saved to results/logs/aco_logs/evolution/ts225_10_2.txt
[SAVELOGS] best cost saved to results/logs/aco_logs/objectives/ts225_10_2.txt
[SAVELOGS] best solution saved to results/logs/aco_logs/solutions/ts225_10_2.txt
