[ITER 1] New best cost=65458.64 (feasible=YES, time 0.160818s)
[ITER 2] New best cost=65086.11 (feasible=YES, time 0.24063s)
[ITER 4] New best cost=64777.11 (feasible=YES, time 0.477599s)
[ITER 10] bestGlobalCost=64777.11 (feasible=YES) bestThisIter=64943.57 feasibleAnts=10 noImprove=6 (elapsed 1.30575s)
[ITER 13] New best cost=64760.46 (feasible=YES, time 1.66464s)
[ITER 15] New best cost=64592.39 (feasible=YES, time 3.61714s)
[ITER 15] New best cost=63966.00 (feasible=YES, time 5.59588s)
[ITER 20] bestGlobalCost=63966.00 (feasible=YES) bestThisIter=63966.00 feasibleAnts=10 noImprove=5 (elapsed 11.2708s)
[ITER 21] New best cost=63807.91 (feasible=YES, time 11.3588s)
[ITER 30] bestGlobalCost=63807.91 (feasible=YES) bestThisIter=63807.91 feasibleAnts=10 noImprove=9 (elapsed 21.1658s)
[ITER 40] bestGlobalCost=63807.91 (feasible=YES) bestThisIter=64145.40 feasibleAnts=10 noImprove=19 (elapsed 22.5381s)
[ITER 50] bestGlobalCost=63807.91 (feasible=YES) bestThisIter=64162.74 feasibleAnts=10 noImprove=29 (elapsed 32.5689s)
[RESET] no improvement for30-> reset pheromones
[ITER 60] New best cost=63802.09 (feasible=YES, time 40.506s)
[ITER 60] bestGlobalCost=63802.09 (feasible=YES) bestThisIter=64727.49 feasibleAnts=10 noImprove=0 (elapsed 44.6894s)
[ITER 70] bestGlobalCost=63802.09 (feasible=YES) bestThisIter=63802.09 feasibleAnts=10 noImprove=10 (elapsed 47.3747s)
41 42 43 44 45 53 54 55 56 57 58 59 60 68 70 71 72 73 85 
9 10 11 12 13 20 21 22 23 24 25 26 33 34 35 36 37 38 39 48 
148 149 150 157 158 159 160 161 170 171 172 173 174 175 183 184 185 186 187 188 
125 128 129 130 137 138 139 140 141 142 143 151 152 153 154 155 156 166 168 169 180 
162 163 164 165 167 176 177 178 179 181 182 189 190 191 192 193 194 195 
66 67 69 79 80 81 82 83 84 92 93 94 95 96 97 107 109 110 
87 91 98 99 100 101 102 103 104 111 112 113 114 115 116 117 124 126 127 
105 106 108 118 119 120 121 122 123 131 132 133 134 135 136 144 145 146 147 
46 47 49 50 51 52 61 62 63 64 65 74 75 76 77 78 86 88 89 90 
1 2 3 4 5 6 7 8 14 15 16 17 18 19 27 28 29 30 31 32 40 
[SAVELOGS] evolution saved to results/logs/rat195_10_2/evolution/rat195_10_2
[SAVELOGS] best cost saved to results/logs/rat195_10_2/objectives/rat195_10_2
[SAVELOGS] best solution saved to results/logs/rat195_10_2/solutions/rat195_10_2
