[ITER 1] New best cost=1276753.37 (feasible=YES, time 1.68766s)
[ITER 2] New best cost=1174634.26 (feasible=YES, time 3.97702s)
[ITER 3] New best cost=1104967.94 (feasible=YES, time 6.1124s)
[ITER 4] New best cost=1101258.41 (feasible=YES, time 8.67216s)
[ITER 8] New best cost=1093358.38 (feasible=YES, time 15.4958s)
[TS] New best cost=1089564.41 (feasible=YES, time 23.4502s)
[TS] New best cost=1088164.82 (feasible=YES, time 35.9823s)
[ITER 10] bestGlobalCost=1088164.82 (feasible=YES) bestThisIter=1099884.45 feasibleAnts=3 noImprove=2 (elapsed 40.2324s)
[TS] New best cost=1083654.07 (feasible=YES, time 58.339s)
[TS] New best cost=1074931.82 (feasible=YES, time 66.4282s)
[ITER 20] bestGlobalCost=1074931.82 (feasible=YES) bestThisIter=1086620.91 feasibleAnts=6 noImprove=12 (elapsed 75.1941s)
[ITER 30] bestGlobalCost=1074931.82 (feasible=YES) bestThisIter=1168348.51 feasibleAnts=9 noImprove=22 (elapsed 109.013s)
[TS] New best cost=1066845.34 (feasible=YES, time 136.952s)
[ITER 40] bestGlobalCost=1066845.34 (feasible=YES) bestThisIter=1193517.45 feasibleAnts=9 noImprove=32 (elapsed 145.064s)
[TS] New best cost=1064753.21 (feasible=YES, time 181.692s)
[ITER 50] bestGlobalCost=1064753.21 (feasible=YES) bestThisIter=1213128.23 feasibleAnts=5 noImprove=42 (elapsed 181.695s)
[RESET] no improvement for50-> reset pheromones
[ITER 60] bestGlobalCost=1064753.21 (feasible=YES) bestThisIter=1077417.26 feasibleAnts=7 noImprove=2 (elapsed 222.423s)
[ITER 63] New best cost=1053864.59 (feasible=YES, time 227.592s)
[ITER 65] New best cost=1041930.92 (feasible=YES, time 231.638s)
[ITER 70] bestGlobalCost=1041930.92 (feasible=YES) bestThisIter=1051418.68 feasibleAnts=1 noImprove=5 (elapsed 264.714s)
[ITER 80] bestGlobalCost=1041930.92 (feasible=YES) bestThisIter=1151620.60 feasibleAnts=7 noImprove=15 (elapsed 300.909s)
8 16 17 18 19 22 24 25 26 27 28 29 30 31 36 37 
65 69 70 74 75 76 77 79 80 81 86 88 89 90 93 98 
41 42 43 46 51 52 53 54 57 58 61 62 63 66 
214 215 219 222 223 226 227 228 229 234 235 236 237 244 245 246 
165 269 274 277 278 281 282 285 286 287 288 290 291 292 293 295 296 315 
139 140 143 144 147 151 157 163 166 231 238 239 240 241 242 243 
60 146 149 153 156 158 159 160 161 162 164 167 168 171 179 210 
250 254 255 256 257 258 259 260 261 262 264 265 266 267 314 
59 67 68 72 73 78 82 83 84 85 91 92 96 97 101 102 
276 279 280 283 284 289 294 297 298 299 300 304 305 308 309 310 
170 192 193 194 199 200 203 204 205 301 302 303 306 307 311 312 
169 172 173 174 175 176 177 178 180 181 182 183 186 187 189 191 195 
4 5 13 35 106 107 108 111 112 113 115 116 117 120 126 127 208 
33 40 44 45 47 48 49 50 55 56 64 71 104 105 316 317 
224 247 248 249 251 252 253 263 268 270 271 272 273 275 318 
87 94 95 99 100 184 185 188 190 196 197 198 201 202 206 207 
14 34 38 39 125 135 137 138 145 148 150 152 154 155 209 
110 114 121 122 123 124 128 129 130 131 132 133 134 136 141 142 
109 118 119 211 212 213 216 217 218 220 221 225 230 232 233 313 
1 2 3 6 7 9 10 11 12 15 20 21 23 32 103 
[SAVELOGS] evolution saved to results/logs/aco_logs/evolution/lin318_20_5.txt
[SAVELOGS] best cost saved to results/logs/aco_logs/objectives/lin318_20_5.txt
[SAVELOGS] best solution saved to results/logs/aco_logs/solutions/lin318_20_5.txt
