[ITER 1] New best cost=488310.18 (feasible=YES, time 4.29169s)
[ITER 2] New best cost=487866.08 (feasible=YES, time 8.08728s)
[ITER 10] bestGlobalCost=487866.08 (feasible=YES) bestThisIter=487959.29 feasibleAnts=10 noImprove=8 (elapsed 33.253s)
[ITER 18] New best cost=487864.69 (feasible=YES, time 53.4074s)
[ITER 19] New best cost=487848.98 (feasible=YES, time 55.3283s)
[ITER 20] [TS] New best cost=487713.15 (feasible=YES, time 58.2004s)
[ITER 20] bestGlobalCost=487713.15 (feasible=YES) bestThisIter=487713.15 feasibleAnts=10 noImprove=1 (elapsed 59.765s)
[ITER 30] bestGlobalCost=487713.15 (feasible=YES) bestThisIter=488053.28 feasibleAnts=12 noImprove=11 (elapsed 90.0909s)
[ITER 37] New best cost=487695.25 (feasible=YES, time 107.788s)
[ITER 40] bestGlobalCost=487695.25 (feasible=YES) bestThisIter=487941.85 feasibleAnts=10 noImprove=3 (elapsed 117.466s)
[ITER 50] bestGlobalCost=487695.25 (feasible=YES) bestThisIter=488238.50 feasibleAnts=10 noImprove=13 (elapsed 145.235s)
[ITER 60] bestGlobalCost=487695.25 (feasible=YES) bestThisIter=487695.25 feasibleAnts=11 noImprove=23 (elapsed 172.892s)
[RESET] no improvement for30-> reset pheromones
[ITER 70] bestGlobalCost=487695.25 (feasible=YES) bestThisIter=488023.05 feasibleAnts=10 noImprove=3 (elapsed 202.823s)
[ITER 80] bestGlobalCost=487695.25 (feasible=YES) bestThisIter=487695.25 feasibleAnts=11 noImprove=13 (elapsed 231.985s)
[ITER 90] bestGlobalCost=487695.25 (feasible=YES) bestThisIter=487946.88 feasibleAnts=11 noImprove=23 (elapsed 261.767s)
[RESET] no improvement for30-> reset pheromones
[ITER 100] bestGlobalCost=487695.25 (feasible=YES) bestThisIter=487695.25 feasibleAnts=10 noImprove=3 (elapsed 291.844s)
[ITER 110] bestGlobalCost=487695.25 (feasible=YES) bestThisIter=488025.01 feasibleAnts=10 noImprove=13 (elapsed 319.207s)
[ITER 120] bestGlobalCost=487695.25 (feasible=YES) bestThisIter=487695.25 feasibleAnts=11 noImprove=23 (elapsed 349.178s)
[RESET] no improvement for30-> reset pheromones
[ITER 130] bestGlobalCost=487695.25 (feasible=YES) bestThisIter=487902.82 feasibleAnts=11 noImprove=3 (elapsed 379.197s)
[ITER 140] bestGlobalCost=487695.25 (feasible=YES) bestThisIter=487695.25 feasibleAnts=10 noImprove=13 (elapsed 411.906s)
[ITER 150] bestGlobalCost=487695.25 (feasible=YES) bestThisIter=487695.25 feasibleAnts=12 noImprove=23 (elapsed 443.522s)
[RESET] no improvement for30-> reset pheromones
[ITER 160] bestGlobalCost=487695.25 (feasible=YES) bestThisIter=487845.03 feasibleAnts=11 noImprove=3 (elapsed 474.706s)
[ITER 170] bestGlobalCost=487695.25 (feasible=YES) bestThisIter=487695.25 feasibleAnts=10 noImprove=13 (elapsed 506.08s)
[ITER 180] bestGlobalCost=487695.25 (feasible=YES) bestThisIter=488026.63 feasibleAnts=10 noImprove=23 (elapsed 534.477s)
[RESET] no improvement for30-> reset pheromones
[ITER 190] bestGlobalCost=487695.25 (feasible=YES) bestThisIter=488004.06 feasibleAnts=10 noImprove=3 (elapsed 566.789s)
[ITER 200] bestGlobalCost=487695.25 (feasible=YES) bestThisIter=487695.25 feasibleAnts=10 noImprove=13 (elapsed 596.549s)
[ITER 210] bestGlobalCost=487695.25 (feasible=YES) bestThisIter=487985.02 feasibleAnts=10 noImprove=23 (elapsed 625.97s)
[RESET] no improvement for30-> reset pheromones
[ITER 220] bestGlobalCost=487695.25 (feasible=YES) bestThisIter=488142.63 feasibleAnts=10 noImprove=3 (elapsed 656.329s)
[ITER 230] bestGlobalCost=487695.25 (feasible=YES) bestThisIter=487841.95 feasibleAnts=10 noImprove=13 (elapsed 686.986s)
[ITER 240] bestGlobalCost=487695.25 (feasible=YES) bestThisIter=487800.90 feasibleAnts=10 noImprove=23 (elapsed 718.232s)
[RESET] no improvement for30-> reset pheromones
[ITER 250] bestGlobalCost=487695.25 (feasible=YES) bestThisIter=487897.59 feasibleAnts=11 noImprove=3 (elapsed 751.369s)
[ITER 260] bestGlobalCost=487695.25 (feasible=YES) bestThisIter=488042.42 feasibleAnts=11 noImprove=13 (elapsed 782.529s)
[ITER 270] bestGlobalCost=487695.25 (feasible=YES) bestThisIter=487993.68 feasibleAnts=13 noImprove=23 (elapsed 813.756s)
[RESET] no improvement for30-> reset pheromones
[ITER 280] bestGlobalCost=487695.25 (feasible=YES) bestThisIter=488031.63 feasibleAnts=10 noImprove=3 (elapsed 845.828s)
[ITER 290] bestGlobalCost=487695.25 (feasible=YES) bestThisIter=488038.38 feasibleAnts=10 noImprove=13 (elapsed 874.558s)
[ITER 300] bestGlobalCost=487695.25 (feasible=YES) bestThisIter=487735.34 feasibleAnts=11 noImprove=23 (elapsed 903.169s)
[RESET] no improvement for30-> reset pheromones
[ITER 310] bestGlobalCost=487695.25 (feasible=YES) bestThisIter=488139.46 feasibleAnts=11 noImprove=3 (elapsed 934.458s)
[ITER 320] bestGlobalCost=487695.25 (feasible=YES) bestThisIter=487733.63 feasibleAnts=11 noImprove=13 (elapsed 963.909s)
[ITER 330] bestGlobalCost=487695.25 (feasible=YES) bestThisIter=487872.99 feasibleAnts=10 noImprove=23 (elapsed 994.172s)
[RESET] no improvement for30-> reset pheromones
[ITER 340] bestGlobalCost=487695.25 (feasible=YES) bestThisIter=487993.68 feasibleAnts=13 noImprove=3 (elapsed 1025.23s)
[ITER 350] bestGlobalCost=487695.25 (feasible=YES) bestThisIter=487695.25 feasibleAnts=11 noImprove=13 (elapsed 1054.79s)
[ITER 360] bestGlobalCost=487695.25 (feasible=YES) bestThisIter=487695.25 feasibleAnts=11 noImprove=23 (elapsed 1085s)
[RESET] no improvement for30-> reset pheromones
[ITER 370] bestGlobalCost=487695.25 (feasible=YES) bestThisIter=487977.53 feasibleAnts=12 noImprove=3 (elapsed 1114.14s)
[ITER 380] bestGlobalCost=487695.25 (feasible=YES) bestThisIter=487695.25 feasibleAnts=10 noImprove=13 (elapsed 1144.95s)
[ITER 390] bestGlobalCost=487695.25 (feasible=YES) bestThisIter=488006.53 feasibleAnts=12 noImprove=23 (elapsed 1176.38s)
[RESET] no improvement for30-> reset pheromones
[ITER 400] bestGlobalCost=487695.25 (feasible=YES) bestThisIter=488118.94 feasibleAnts=12 noImprove=3 (elapsed 1207.72s)
[ITER 410] bestGlobalCost=487695.25 (feasible=YES) bestThisIter=487927.16 feasibleAnts=10 noImprove=13 (elapsed 1237.06s)
[ITER 420] bestGlobalCost=487695.25 (feasible=YES) bestThisIter=487695.25 feasibleAnts=10 noImprove=23 (elapsed 1271.28s)
[RESET] no improvement for30-> reset pheromones
[ITER 430] bestGlobalCost=487695.25 (feasible=YES) bestThisIter=487800.90 feasibleAnts=10 noImprove=3 (elapsed 1302.46s)
[ITER 440] bestGlobalCost=487695.25 (feasible=YES) bestThisIter=487733.63 feasibleAnts=11 noImprove=13 (elapsed 1330.77s)
[ITER 450] bestGlobalCost=487695.25 (feasible=YES) bestThisIter=487970.75 feasibleAnts=10 noImprove=23 (elapsed 1358.45s)
[RESET] no improvement for30-> reset pheromones
[ITER 460] bestGlobalCost=487695.25 (feasible=YES) bestThisIter=487856.08 feasibleAnts=12 noImprove=3 (elapsed 1388.78s)
[ITER 470] bestGlobalCost=487695.25 (feasible=YES) bestThisIter=487978.55 feasibleAnts=11 noImprove=13 (elapsed 1417.67s)
[ITER 480] bestGlobalCost=487695.25 (feasible=YES) bestThisIter=487946.88 feasibleAnts=10 noImprove=23 (elapsed 1444.31s)
[RESET] no improvement for30-> reset pheromones
[ITER 490] bestGlobalCost=487695.25 (feasible=YES) bestThisIter=487695.25 feasibleAnts=10 noImprove=3 (elapsed 1472.09s)
[ITER 500] bestGlobalCost=487695.25 (feasible=YES) bestThisIter=488004.06 feasibleAnts=11 noImprove=13 (elapsed 1498.48s)
77 78 79 80 81 82 148 160 161 162 165 166 174 176 177 178 179 180 181 182 183 189 191 192 193 194 195 196 197 198 199 200 201 202 203 204 205 206 207 208 209 210 211 212 213 214 215 216 218 219 220 221 222 223 224 225 226 253 254 255 256 257 258 259 260 261 262 263 264 265 266 267 268 269 270 273 280 282 283 284 285 286 287 289 290 
17 22 24 25 27 29 34 35 38 39 40 41 42 46 47 48 49 52 56 87 88 89 90 91 92 93 95 96 97 98 99 101 102 104 105 106 108 109 111 113 114 115 116 117 118 119 120 121 122 123 124 125 126 128 129 130 131 132 134 135 136 137 138 139 140 141 142 143 144 145 146 149 150 151 152 153 154 155 156 157 158 159 163 164 167 168 169 170 171 172 173 175 184 185 186 187 188 190 
217 227 228 229 230 231 232 233 234 235 236 237 238 239 240 241 242 271 272 274 275 276 277 278 279 281 288 291 292 293 294 295 296 297 298 299 300 301 302 303 304 305 306 307 308 309 310 311 312 313 314 315 316 317 318 319 320 321 322 323 324 325 326 327 328 329 330 331 332 333 334 335 336 337 341 343 344 345 368 369 371 372 373 383 
243 244 245 246 247 248 249 250 251 252 338 339 340 342 346 347 348 349 350 351 352 353 354 355 356 357 358 359 360 361 362 363 364 365 366 367 370 374 375 376 377 378 379 380 381 382 384 385 386 387 388 389 390 391 392 393 394 395 396 397 398 399 400 401 402 403 404 405 406 407 408 409 410 411 412 413 414 415 416 417 418 421 422 423 424 425 
1 2 3 4 5 6 7 8 9 10 11 12 13 14 15 16 18 19 20 21 23 26 28 30 31 32 33 36 37 43 44 45 50 51 53 54 55 57 58 59 60 61 62 63 64 65 66 67 68 69 70 71 72 73 74 75 76 83 84 85 86 94 100 103 107 110 112 127 133 147 419 420 426 427 428 429 430 431 
[SAVELOGS] evolution saved to results/logs/aco_logs/evolution/gr431_05_2.txt
[SAVELOGS] best cost saved to results/logs/aco_logs/objectives/gr431_05_2.txt
[SAVELOGS] best solution saved to results/logs/aco_logs/solutions/gr431_05_2.txt
