[ITER 1] New best cost=489130.78 (feasible=YES, time 2.92337s)
[ITER 2] New best cost=488595.26 (feasible=YES, time 5.50918s)
[ITER 3] New best cost=487733.63 (feasible=YES, time 9.18324s)
[ITER 7] New best cost=487695.25 (feasible=YES, time 19.5976s)
[ITER 10] bestGlobalCost=487695.25 (feasible=YES) bestThisIter=487858.01 feasibleAnts=10 noImprove=3 (elapsed 30.9971s)
[ITER 20] bestGlobalCost=487695.25 (feasible=YES) bestThisIter=487695.25 feasibleAnts=11 noImprove=13 (elapsed 60.5811s)
[ITER 30] bestGlobalCost=487695.25 (feasible=YES) bestThisIter=488002.80 feasibleAnts=10 noImprove=23 (elapsed 90.1498s)
[RESET] no improvement for30-> reset pheromones
[ITER 40] bestGlobalCost=487695.25 (feasible=YES) bestThisIter=487894.42 feasibleAnts=11 noImprove=3 (elapsed 120.308s)
[ITER 50] bestGlobalCost=487695.25 (feasible=YES) bestThisIter=488139.69 feasibleAnts=11 noImprove=13 (elapsed 149.474s)
[ITER 60] bestGlobalCost=487695.25 (feasible=YES) bestThisIter=488121.95 feasibleAnts=10 noImprove=23 (elapsed 180.222s)
[RESET] no improvement for30-> reset pheromones
[ITER 70] bestGlobalCost=487695.25 (feasible=YES) bestThisIter=488235.76 feasibleAnts=11 noImprove=3 (elapsed 207.689s)
[ITER 80] bestGlobalCost=487695.25 (feasible=YES) bestThisIter=487733.63 feasibleAnts=11 noImprove=13 (elapsed 239.063s)
[ITER 90] bestGlobalCost=487695.25 (feasible=YES) bestThisIter=487695.25 feasibleAnts=10 noImprove=23 (elapsed 272.571s)
[RESET] no improvement for30-> reset pheromones
[ITER 100] bestGlobalCost=487695.25 (feasible=YES) bestThisIter=488114.15 feasibleAnts=11 noImprove=3 (elapsed 306.747s)
[ITER 110] bestGlobalCost=487695.25 (feasible=YES) bestThisIter=487826.82 feasibleAnts=11 noImprove=13 (elapsed 339.541s)
[ITER 120] bestGlobalCost=487695.25 (feasible=YES) bestThisIter=488024.82 feasibleAnts=11 noImprove=23 (elapsed 369.686s)
[RESET] no improvement for30-> reset pheromones
[ITER 130] bestGlobalCost=487695.25 (feasible=YES) bestThisIter=488026.63 feasibleAnts=10 noImprove=3 (elapsed 401.455s)
[ITER 140] bestGlobalCost=487695.25 (feasible=YES) bestThisIter=488059.35 feasibleAnts=10 noImprove=13 (elapsed 429.072s)
[ITER 150] bestGlobalCost=487695.25 (feasible=YES) bestThisIter=487695.25 feasibleAnts=11 noImprove=23 (elapsed 460.104s)
[RESET] no improvement for30-> reset pheromones
[ITER 160] bestGlobalCost=487695.25 (feasible=YES) bestThisIter=487695.25 feasibleAnts=10 noImprove=3 (elapsed 493.022s)
[ITER 170] bestGlobalCost=487695.25 (feasible=YES) bestThisIter=487928.94 feasibleAnts=10 noImprove=13 (elapsed 522.517s)
[ITER 180] bestGlobalCost=487695.25 (feasible=YES) bestThisIter=487970.87 feasibleAnts=10 noImprove=23 (elapsed 552.532s)
[RESET] no improvement for30-> reset pheromones
[ITER 190] bestGlobalCost=487695.25 (feasible=YES) bestThisIter=487987.96 feasibleAnts=11 noImprove=3 (elapsed 580.77s)
[ITER 200] bestGlobalCost=487695.25 (feasible=YES) bestThisIter=487814.94 feasibleAnts=10 noImprove=13 (elapsed 607.736s)
[ITER 210] bestGlobalCost=487695.25 (feasible=YES) bestThisIter=487946.88 feasibleAnts=11 noImprove=23 (elapsed 636.613s)
[RESET] no improvement for30-> reset pheromones
[ITER 220] bestGlobalCost=487695.25 (feasible=YES) bestThisIter=488013.39 feasibleAnts=11 noImprove=3 (elapsed 668.039s)
[ITER 230] bestGlobalCost=487695.25 (feasible=YES) bestThisIter=487927.16 feasibleAnts=11 noImprove=13 (elapsed 695.327s)
[ITER 240] bestGlobalCost=487695.25 (feasible=YES) bestThisIter=487927.16 feasibleAnts=10 noImprove=23 (elapsed 724.941s)
[RESET] no improvement for30-> reset pheromones
[ITER 250] bestGlobalCost=487695.25 (feasible=YES) bestThisIter=487990.94 feasibleAnts=10 noImprove=3 (elapsed 756.059s)
[ITER 260] bestGlobalCost=487695.25 (feasible=YES) bestThisIter=488024.82 feasibleAnts=10 noImprove=13 (elapsed 782.476s)
[ITER 270] bestGlobalCost=487695.25 (feasible=YES) bestThisIter=488018.80 feasibleAnts=10 noImprove=23 (elapsed 812.835s)
[RESET] no improvement for30-> reset pheromones
[ITER 280] bestGlobalCost=487695.25 (feasible=YES) bestThisIter=488113.52 feasibleAnts=12 noImprove=3 (elapsed 843.825s)
[ITER 290] bestGlobalCost=487695.25 (feasible=YES) bestThisIter=487695.25 feasibleAnts=10 noImprove=13 (elapsed 873.1s)
[ITER 300] bestGlobalCost=487695.25 (feasible=YES) bestThisIter=487695.25 feasibleAnts=10 noImprove=23 (elapsed 898.513s)
[RESET] no improvement for30-> reset pheromones
[ITER 310] bestGlobalCost=487695.25 (feasible=YES) bestThisIter=487874.94 feasibleAnts=11 noImprove=3 (elapsed 929.069s)
[ITER 320] bestGlobalCost=487695.25 (feasible=YES) bestThisIter=487735.34 feasibleAnts=12 noImprove=13 (elapsed 958.381s)
[ITER 330] bestGlobalCost=487695.25 (feasible=YES) bestThisIter=488251.30 feasibleAnts=10 noImprove=23 (elapsed 987.428s)
[RESET] no improvement for30-> reset pheromones
[ITER 340] bestGlobalCost=487695.25 (feasible=YES) bestThisIter=487695.25 feasibleAnts=10 noImprove=3 (elapsed 1017.55s)
[ITER 350] bestGlobalCost=487695.25 (feasible=YES) bestThisIter=487858.01 feasibleAnts=10 noImprove=13 (elapsed 1046.54s)
[ITER 360] bestGlobalCost=487695.25 (feasible=YES) bestThisIter=487695.25 feasibleAnts=10 noImprove=23 (elapsed 1074.75s)
[RESET] no improvement for30-> reset pheromones
[ITER 370] bestGlobalCost=487695.25 (feasible=YES) bestThisIter=487993.68 feasibleAnts=11 noImprove=3 (elapsed 1104.14s)
[ITER 380] bestGlobalCost=487695.25 (feasible=YES) bestThisIter=487695.25 feasibleAnts=11 noImprove=13 (elapsed 1133.14s)
[ITER 390] bestGlobalCost=487695.25 (feasible=YES) bestThisIter=487985.02 feasibleAnts=11 noImprove=23 (elapsed 1161.6s)
[RESET] no improvement for30-> reset pheromones
[ITER 400] bestGlobalCost=487695.25 (feasible=YES) bestThisIter=487946.88 feasibleAnts=11 noImprove=3 (elapsed 1191.77s)
[ITER 410] bestGlobalCost=487695.25 (feasible=YES) bestThisIter=488008.69 feasibleAnts=10 noImprove=13 (elapsed 1219.91s)
[ITER 420] bestGlobalCost=487695.25 (feasible=YES) bestThisIter=487998.72 feasibleAnts=12 noImprove=23 (elapsed 1247.43s)
[RESET] no improvement for30-> reset pheromones
[ITER 430] bestGlobalCost=487695.25 (feasible=YES) bestThisIter=487993.68 feasibleAnts=11 noImprove=3 (elapsed 1276.57s)
[ITER 440] bestGlobalCost=487695.25 (feasible=YES) bestThisIter=487824.66 feasibleAnts=10 noImprove=13 (elapsed 1307.07s)
[ITER 450] bestGlobalCost=487695.25 (feasible=YES) bestThisIter=487952.75 feasibleAnts=10 noImprove=23 (elapsed 1334.57s)
[RESET] no improvement for30-> reset pheromones
[ITER 460] bestGlobalCost=487695.25 (feasible=YES) bestThisIter=487735.34 feasibleAnts=10 noImprove=3 (elapsed 1366.5s)
[ITER 470] bestGlobalCost=487695.25 (feasible=YES) bestThisIter=488251.58 feasibleAnts=10 noImprove=13 (elapsed 1399.04s)
[ITER 480] bestGlobalCost=487695.25 (feasible=YES) bestThisIter=487814.16 feasibleAnts=10 noImprove=23 (elapsed 1431.82s)
[RESET] no improvement for30-> reset pheromones
[ITER 490] bestGlobalCost=487695.25 (feasible=YES) bestThisIter=488151.11 feasibleAnts=11 noImprove=3 (elapsed 1461.89s)
[ITER 500] bestGlobalCost=487695.25 (feasible=YES) bestThisIter=487927.16 feasibleAnts=10 noImprove=13 (elapsed 1494.23s)
77 78 79 80 81 82 148 160 161 162 165 166 174 176 177 178 179 180 181 182 183 189 191 192 193 194 195 196 197 198 199 200 201 202 203 204 205 206 207 208 209 210 211 212 213 214 215 216 218 219 220 221 222 223 224 225 226 253 254 255 256 257 258 259 260 261 262 263 264 265 266 267 268 269 270 273 280 282 283 284 285 286 287 289 290 
217 227 228 229 230 231 232 233 234 235 236 237 238 239 240 241 242 271 272 274 275 276 277 278 279 281 288 291 292 293 294 295 296 297 298 299 300 301 302 303 304 305 306 307 308 309 310 311 312 313 314 315 316 317 318 319 320 321 322 323 324 325 326 327 328 329 330 331 332 333 334 335 336 337 341 343 344 345 368 369 371 372 373 383 
1 2 3 4 5 6 7 8 9 10 11 12 13 14 15 16 18 19 20 21 23 26 28 30 31 32 33 36 37 43 44 45 50 51 53 54 55 57 58 59 60 61 62 63 64 65 66 67 68 69 70 71 72 73 74 75 76 83 84 85 86 94 100 103 107 110 112 127 133 147 419 420 426 427 428 429 430 431 
17 22 24 25 27 29 34 35 38 39 40 41 42 46 47 48 49 52 56 87 88 89 90 91 92 93 95 96 97 98 99 101 102 104 105 106 108 109 111 113 114 115 116 117 118 119 120 121 122 123 124 125 126 128 129 130 131 132 134 135 136 137 138 139 140 141 142 143 144 145 146 149 150 151 152 153 154 155 156 157 158 159 163 164 167 168 169 170 171 172 173 175 184 185 186 187 188 190 
243 244 245 246 247 248 249 250 251 252 338 339 340 342 346 347 348 349 350 351 352 353 354 355 356 357 358 359 360 361 362 363 364 365 366 367 370 374 375 376 377 378 379 380 381 382 384 385 386 387 388 389 390 391 392 393 394 395 396 397 398 399 400 401 402 403 404 405 406 407 408 409 410 411 412 413 414 415 416 417 418 421 422 423 424 425 
[SAVELOGS] evolution saved to results/logs/aco_logs/evolution/gr431_05_2.txt
[SAVELOGS] best cost saved to results/logs/aco_logs/objectives/gr431_05_2.txt
[SAVELOGS] best solution saved to results/logs/aco_logs/solutions/gr431_05_2.txt
