[ITER 1] New best cost=10750970.77 (feasible=YES, time 13.3036s)
[ITER 2] New best cost=10688505.68 (feasible=YES, time 25.1716s)
[ITER 3] New best cost=10674196.49 (feasible=YES, time 36.6879s)
[ITER 5] New best cost=10669340.22 (feasible=YES, time 58.244s)
[ITER 9] New best cost=10668391.42 (feasible=YES, time 95.1444s)
[ITER 10] bestGlobalCost=10668391.42 (feasible=YES) bestThisIter=10670687.09 feasibleAnts=10 noImprove=1 (elapsed 110.664s)
[ITER 11] New best cost=10665760.96 (feasible=YES, time 120.868s)
[ITER 20] bestGlobalCost=10665760.96 (feasible=YES) bestThisIter=10672208.52 feasibleAnts=10 noImprove=9 (elapsed 211.621s)
[ITER 30] bestGlobalCost=10665760.96 (feasible=YES) bestThisIter=10672467.22 feasibleAnts=10 noImprove=19 (elapsed 309.773s)
[ITER 33] New best cost=10665540.35 (feasible=YES, time 338.486s)
[ITER 35] New best cost=10661195.61 (feasible=YES, time 355.801s)
[ITER 40] [TS] New best cost=10661092.63 (feasible=YES, time 404.531s)
[ITER 40] bestGlobalCost=10661092.63 (feasible=YES) bestThisIter=10661092.63 feasibleAnts=10 noImprove=1 (elapsed 408.579s)
[ITER 50] bestGlobalCost=10661092.63 (feasible=YES) bestThisIter=10665404.30 feasibleAnts=10 noImprove=11 (elapsed 508.19s)
[ITER 56] New best cost=10660172.09 (feasible=YES, time 562.118s)
[ITER 60] bestGlobalCost=10660172.09 (feasible=YES) bestThisIter=10677808.77 feasibleAnts=10 noImprove=4 (elapsed 605.174s)
[ITER 70] bestGlobalCost=10660172.09 (feasible=YES) bestThisIter=10661092.63 feasibleAnts=10 noImprove=14 (elapsed 704.466s)
[ITER 80] bestGlobalCost=10660172.09 (feasible=YES) bestThisIter=10667005.74 feasibleAnts=10 noImprove=24 (elapsed 800.938s)
[RESET] no improvement for30-> reset pheromones
[ITER 90] bestGlobalCost=10660172.09 (feasible=YES) bestThisIter=10661195.61 feasibleAnts=10 noImprove=4 (elapsed 905.238s)
[ITER 100] bestGlobalCost=10660172.09 (feasible=YES) bestThisIter=10675848.99 feasibleAnts=10 noImprove=14 (elapsed 1000.7s)
[ITER 110] bestGlobalCost=10660172.09 (feasible=YES) bestThisIter=10672561.06 feasibleAnts=10 noImprove=24 (elapsed 1100.21s)
[RESET] no improvement for30-> reset pheromones
[ITER 120] bestGlobalCost=10660172.09 (feasible=YES) bestThisIter=10669428.09 feasibleAnts=10 noImprove=4 (elapsed 1201.77s)
[ITER 126] New best cost=10659675.56 (feasible=YES, time 1254.96s)
[ITER 130] bestGlobalCost=10659675.56 (feasible=YES) bestThisIter=10666251.44 feasibleAnts=10 noImprove=4 (elapsed 1299.92s)
[ITER 140] bestGlobalCost=10659675.56 (feasible=YES) bestThisIter=10666237.57 feasibleAnts=10 noImprove=14 (elapsed 1400.52s)
[ITER 150] bestGlobalCost=10659675.56 (feasible=YES) bestThisIter=10672712.67 feasibleAnts=10 noImprove=24 (elapsed 1500.2s)
300 308 313 319 320 328 331 332 336 339 340 344 347 348 351 354 355 359 361 362 363 366 367 372 373 375 376 379 380 384 387 388 394 395 401 402 403 404 405 406 410 415 416 417 418 419 420 421 426 427 428 430 435 436 437 438 439 440 441 442 446 447 448 449 450 451 452 453 454 455 456 470 471 472 473 474 475 476 477 478 479 480 481 482 483 484 485 486 487 488 489 490 491 492 493 
88 89 90 91 92 93 94 95 97 98 99 100 101 102 103 104 105 106 107 108 109 110 111 112 113 114 115 117 118 119 120 121 122 123 124 125 126 127 129 130 131 132 133 134 135 136 137 138 140 141 142 143 144 145 146 147 148 149 150 152 153 154 155 156 158 159 160 161 162 163 164 166 167 168 171 172 174 175 176 179 180 182 184 185 186 189 194 197 198 201 208 209 212 215 216 222 230 255 
1 2 3 4 5 6 7 8 9 10 11 12 13 14 15 16 17 18 19 20 21 22 23 24 28 30 31 32 33 34 35 36 37 38 39 40 41 42 43 44 45 46 47 48 49 50 51 52 53 54 55 56 57 58 59 60 61 62 63 64 65 66 67 68 69 70 71 72 73 74 75 76 77 78 79 80 81 82 83 84 85 86 87 96 116 128 139 170 173 181 190 210 224 225 235 240 266 269 301 305 
25 26 27 29 231 236 256 267 268 271 272 276 277 278 279 289 297 298 299 304 306 309 310 314 317 318 321 323 325 326 329 330 333 334 337 338 341 342 343 345 346 349 350 352 353 357 358 360 364 365 368 369 370 371 374 377 378 381 382 383 385 389 390 391 392 393 396 397 398 399 400 407 408 409 411 412 413 414 422 423 424 425 429 431 432 433 434 443 444 445 457 458 459 460 461 462 463 464 465 466 467 468 469 
151 157 165 169 177 178 183 187 188 191 192 193 195 196 199 200 202 203 204 205 206 207 211 213 214 217 218 219 220 221 223 226 227 228 229 232 233 234 237 238 239 241 242 243 244 245 246 247 248 249 250 251 252 253 254 257 258 259 260 261 262 263 264 265 270 273 274 275 280 281 282 283 284 285 286 287 288 290 291 292 293 294 295 296 302 303 307 311 312 315 316 322 324 327 335 356 386 
[SAVELOGS] evolution saved to results/logs/aco_logs/evolution/d493_05_5.txt
[SAVELOGS] best cost saved to results/logs/aco_logs/objectives/d493_05_5.txt
[SAVELOGS] best solution saved to results/logs/aco_logs/solutions/d493_05_5.txt
