[ITER 1] New best cost=10724339.89 (feasible=YES, time 10.8222s)
[ITER 2] New best cost=10679117.83 (feasible=YES, time 21.3086s)
[ITER 7] New best cost=10672347.65 (feasible=YES, time 72.3536s)
[ITER 10] [TS] New best cost=10670934.55 (feasible=YES, time 102.91s)
[ITER 10] bestGlobalCost=10670934.55 (feasible=YES) bestThisIter=10670934.55 feasibleAnts=10 noImprove=1 (elapsed 106.793s)
[ITER 20] [TS] New best cost=10669854.67 (feasible=YES, time 203.221s)
[ITER 20] bestGlobalCost=10669854.67 (feasible=YES) bestThisIter=10669854.67 feasibleAnts=10 noImprove=1 (elapsed 207.042s)
[ITER 30] bestGlobalCost=10669854.67 (feasible=YES) bestThisIter=10686819.69 feasibleAnts=10 noImprove=11 (elapsed 301.3s)
[ITER 31] New best cost=10669148.55 (feasible=YES, time 314.188s)
[ITER 34] New best cost=10665170.83 (feasible=YES, time 342.402s)
[ITER 40] bestGlobalCost=10665170.83 (feasible=YES) bestThisIter=10668873.27 feasibleAnts=10 noImprove=6 (elapsed 404.323s)
[ITER 50] bestGlobalCost=10665170.83 (feasible=YES) bestThisIter=10668964.66 feasibleAnts=10 noImprove=16 (elapsed 502.345s)
[ITER 60] bestGlobalCost=10665170.83 (feasible=YES) bestThisIter=10665170.83 feasibleAnts=10 noImprove=26 (elapsed 603.364s)
[RESET] no improvement for30-> reset pheromones
[ITER 70] bestGlobalCost=10665170.83 (feasible=YES) bestThisIter=10683554.89 feasibleAnts=10 noImprove=6 (elapsed 703.835s)
[ITER 80] bestGlobalCost=10665170.83 (feasible=YES) bestThisIter=10665170.83 feasibleAnts=10 noImprove=16 (elapsed 803.974s)
[ITER 90] bestGlobalCost=10665170.83 (feasible=YES) bestThisIter=10678333.53 feasibleAnts=10 noImprove=26 (elapsed 906.612s)
[RESET] no improvement for30-> reset pheromones
[ITER 99] New best cost=10664791.65 (feasible=YES, time 995.312s)
[ITER 100] bestGlobalCost=10664791.65 (feasible=YES) bestThisIter=10665170.83 feasibleAnts=10 noImprove=1 (elapsed 1009.87s)
[ITER 110] bestGlobalCost=10664791.65 (feasible=YES) bestThisIter=10679254.60 feasibleAnts=10 noImprove=11 (elapsed 1113.9s)
[ITER 111] New best cost=10662313.40 (feasible=YES, time 1125.89s)
[ITER 119] New best cost=10661401.77 (feasible=YES, time 1204.11s)
[ITER 120] bestGlobalCost=10661401.77 (feasible=YES) bestThisIter=10664044.53 feasibleAnts=10 noImprove=1 (elapsed 1217.59s)
[ITER 130] bestGlobalCost=10661401.77 (feasible=YES) bestThisIter=10671571.94 feasibleAnts=10 noImprove=11 (elapsed 1320.65s)
[ITER 140] bestGlobalCost=10661401.77 (feasible=YES) bestThisIter=10667366.26 feasibleAnts=10 noImprove=21 (elapsed 1419.58s)
[RESET] no improvement for30-> reset pheromones
151 157 165 177 178 183 187 188 191 192 193 195 196 199 200 202 203 204 205 207 211 213 214 217 218 219 220 221 223 226 227 228 229 232 233 234 237 238 239 241 242 243 244 245 246 247 248 249 250 251 252 253 254 256 257 258 259 260 261 262 264 265 270 273 275 280 281 282 283 284 285 286 287 288 290 291 292 293 294 295 296 302 303 307 308 311 312 313 315 316 322 324 327 351 356 359 365 
263 274 300 319 320 328 331 332 335 336 339 340 344 347 348 354 355 361 362 363 366 367 372 373 375 376 379 380 384 387 388 394 395 401 402 403 404 405 406 410 415 416 417 418 419 420 421 426 427 428 430 433 435 436 437 438 439 440 441 442 446 447 448 449 450 451 452 453 454 455 456 468 471 472 473 474 475 476 477 478 479 480 481 482 483 484 485 486 487 488 489 490 491 492 493 
88 89 90 91 92 93 94 95 97 98 99 100 101 102 103 104 105 106 107 108 109 110 111 112 113 114 115 117 118 119 120 121 122 123 124 125 126 127 129 130 131 132 133 134 135 136 137 138 140 141 142 143 144 145 146 147 148 149 150 152 153 154 155 156 158 159 160 161 162 163 164 166 167 168 169 171 172 174 175 176 179 180 182 184 185 186 189 194 197 198 201 206 208 209 212 215 216 222 230 
25 26 27 29 231 236 255 267 268 271 272 276 277 278 279 289 297 298 299 304 306 309 310 314 317 318 321 323 325 326 329 330 333 334 337 338 341 342 343 345 346 349 350 352 353 357 358 360 364 368 369 370 371 374 377 378 381 382 383 385 386 389 390 391 392 393 396 397 398 399 400 407 408 409 411 412 413 414 422 423 424 425 429 431 432 434 443 444 445 457 458 459 460 461 462 463 464 465 466 467 469 470 
1 2 3 4 5 6 7 8 9 10 11 12 13 14 15 16 17 18 19 20 21 22 23 24 28 30 31 32 33 34 35 36 37 38 39 40 41 42 43 44 45 46 47 48 49 50 51 52 53 54 55 56 57 58 59 60 61 62 63 64 65 66 67 68 69 70 71 72 73 74 75 76 77 78 79 80 81 82 83 84 85 86 87 96 116 128 139 170 173 181 190 210 224 225 235 240 266 269 301 305 
[SAVELOGS] evolution saved to results/logs/aco_logs/evolution/d493_05_5.txt
[SAVELOGS] best cost saved to results/logs/aco_logs/objectives/d493_05_5.txt
[SAVELOGS] best solution saved to results/logs/aco_logs/solutions/d493_05_5.txt
