[ITER 1] New best cost=93504.55 (feasible=YES, time 0.171452s)
[ITER 5] New best cost=91617.06 (feasible=YES, time 0.964642s)
[ITER 8] New best cost=90921.72 (feasible=YES, time 1.34103s)
[ITER 10] New best cost=89824.45 (feasible=YES, time 1.6281s)
[ITER 10] bestGlobalCost=89824.45 (feasible=YES) bestThisIter=89824.45 feasibleAnts=10 noImprove=0 (elapsed 1.63275s)
[ITER 13] New best cost=89361.90 (feasible=YES, time 1.99997s)
[ITER 14] New best cost=87857.88 (feasible=YES, time 2.10099s)
[ITER 15] New best cost=87424.03 (feasible=YES, time 2.74743s)
[ITER 20] New best cost=84619.26 (feasible=YES, time 5.64304s)
[ITER 20] bestGlobalCost=84619.26 (feasible=YES) bestThisIter=84619.26 feasibleAnts=10 noImprove=0 (elapsed 5.64649s)
[ITER 25] New best cost=84597.74 (feasible=YES, time 6.12435s)
[ITER 29] New best cost=83859.85 (feasible=YES, time 6.62264s)
[ITER 30] bestGlobalCost=83859.85 (feasible=YES) bestThisIter=84597.74 feasibleAnts=23 noImprove=1 (elapsed 10.0377s)
[ITER 40] bestGlobalCost=83859.85 (feasible=YES) bestThisIter=94302.98 feasibleAnts=10 noImprove=11 (elapsed 11.0412s)
[ITER 45] New best cost=83226.17 (feasible=YES, time 14.8798s)
[ITER 50] bestGlobalCost=83226.17 (feasible=YES) bestThisIter=83226.17 feasibleAnts=10 noImprove=5 (elapsed 15.4823s)
[ITER 60] bestGlobalCost=83226.17 (feasible=YES) bestThisIter=92495.23 feasibleAnts=10 noImprove=15 (elapsed 19.7676s)
[ITER 70] bestGlobalCost=83226.17 (feasible=YES) bestThisIter=100352.61 feasibleAnts=10 noImprove=25 (elapsed 21.4054s)
[RESET] no improvement for30-> reset pheromones
[ITER 80] bestGlobalCost=83226.17 (feasible=YES) bestThisIter=100493.07 feasibleAnts=10 noImprove=5 (elapsed 26.5885s)
[ITER 90] New best cost=83223.55 (feasible=YES, time 29.5574s)
[ITER 90] bestGlobalCost=83223.55 (feasible=YES) bestThisIter=97570.16 feasibleAnts=10 noImprove=0 (elapsed 31.6389s)
[ITER 100] bestGlobalCost=83223.55 (feasible=YES) bestThisIter=92173.40 feasibleAnts=10 noImprove=10 (elapsed 32.8962s)
[ITER 105] New best cost=83044.13 (feasible=YES, time 34.8008s)
[ITER 110] bestGlobalCost=83044.13 (feasible=YES) bestThisIter=83044.13 feasibleAnts=9 noImprove=5 (elapsed 36.8896s)
[ITER 120] bestGlobalCost=83044.13 (feasible=YES) bestThisIter=95692.81 feasibleAnts=10 noImprove=15 (elapsed 41.5815s)
[ITER 130] bestGlobalCost=83044.13 (feasible=YES) bestThisIter=96473.95 feasibleAnts=10 noImprove=25 (elapsed 43.2818s)
[RESET] no improvement for30-> reset pheromones
[ITER 140] bestGlobalCost=83044.13 (feasible=YES) bestThisIter=95175.50 feasibleAnts=10 noImprove=5 (elapsed 48.3737s)
[ITER 150] bestGlobalCost=83044.13 (feasible=YES) bestThisIter=83849.66 feasibleAnts=10 noImprove=15 (elapsed 52.9185s)
[ITER 160] bestGlobalCost=83044.13 (feasible=YES) bestThisIter=93344.60 feasibleAnts=10 noImprove=25 (elapsed 54.668s)
[RESET] no improvement for30-> reset pheromones
[ITER 170] bestGlobalCost=83044.13 (feasible=YES) bestThisIter=97057.75 feasibleAnts=10 noImprove=5 (elapsed 59.62s)
25 34 58 88 90 98 
4 14 60 69 77 
8 22 62 72 75 83 
33 81 87 96 100 
3 30 41 59 73 
5 38 43 95 
24 27 32 46 61 
13 31 55 67 79 
2 21 35 68 89 
1 15 40 53 85 
12 18 29 93 
23 70 76 91 94 
17 20 42 64 
6 47 54 65 80 
49 57 74 97 99 
11 44 48 52 84 
28 39 50 56 71 86 
10 19 36 45 92 
7 9 26 51 78 82 
16 37 63 66 
[SAVELOGS] evolution saved to results/logs/kroC100_20_4/evolution/kroC100_20_4
[SAVELOGS] best cost saved to results/logs/kroC100_20_4/objectives/kroC100_20_4
[SAVELOGS] best solution saved to results/logs/kroC100_20_4/solutions/kroC100_20_4
