[ITER 1] New best cost=2092715.06 (feasible=YES, time 5.18977s)
[ITER 2] New best cost=2070427.77 (feasible=YES, time 7.34859s)
[ITER 3] New best cost=2069579.11 (feasible=YES, time 10.6684s)
[ITER 4] New best cost=2063877.20 (feasible=YES, time 13.2343s)
[ITER 7] New best cost=2061429.17 (feasible=YES, time 21.8571s)
[ITER 8] New best cost=2061363.50 (feasible=YES, time 24.7163s)
[ITER 10] [TS] New best cost=2059164.85 (feasible=YES, time 30.7951s)
[ITER 10] [TS] New best cost=2057828.41 (feasible=YES, time 31.4335s)
[ITER 10] [TS] New best cost=2056445.28 (feasible=YES, time 32.1146s)
[ITER 10] bestGlobalCost=2056445.28 (feasible=YES) bestThisIter=2059164.85 feasibleAnts=10 noImprove=1 (elapsed 33.675s)
[ITER 14] New best cost=2056180.43 (feasible=YES, time 43.6836s)
[ITER 16] New best cost=2055284.82 (feasible=YES, time 48.6763s)
[ITER 20] [TS] New best cost=2054935.43 (feasible=YES, time 57.6447s)
[ITER 20] bestGlobalCost=2054935.43 (feasible=YES) bestThisIter=2059689.93 feasibleAnts=10 noImprove=1 (elapsed 60.2122s)
[ITER 22] New best cost=2052935.09 (feasible=YES, time 65.2372s)
[ITER 23] New best cost=2052848.63 (feasible=YES, time 67.3664s)
[ITER 25] New best cost=2052144.36 (feasible=YES, time 71.8415s)
[ITER 29] New best cost=2051469.80 (feasible=YES, time 82.1365s)
[ITER 30] [TS] New best cost=2050101.70 (feasible=YES, time 85.0947s)
[ITER 30] bestGlobalCost=2050101.70 (feasible=YES) bestThisIter=2054725.82 feasibleAnts=10 noImprove=1 (elapsed 87.9591s)
[ITER 33] New best cost=2049747.36 (feasible=YES, time 93.9387s)
[ITER 39] New best cost=2047883.10 (feasible=YES, time 111.218s)
[ITER 40] [TS] New best cost=2047811.37 (feasible=YES, time 117.394s)
[ITER 40] bestGlobalCost=2047811.37 (feasible=YES) bestThisIter=2058927.17 feasibleAnts=10 noImprove=1 (elapsed 118.198s)
[ITER 46] New best cost=2047590.81 (feasible=YES, time 132.059s)
[ITER 48] New best cost=2044707.83 (feasible=YES, time 137.077s)
[ITER 50] [TS] New best cost=2043099.65 (feasible=YES, time 143.041s)
[ITER 50] bestGlobalCost=2043099.65 (feasible=YES) bestThisIter=2050386.49 feasibleAnts=10 noImprove=1 (elapsed 145.991s)
[ITER 60] bestGlobalCost=2043099.65 (feasible=YES) bestThisIter=2050862.26 feasibleAnts=10 noImprove=11 (elapsed 172.962s)
[ITER 70] [TS] New best cost=2042242.70 (feasible=YES, time 198.986s)
[ITER 70] bestGlobalCost=2042242.70 (feasible=YES) bestThisIter=2052202.83 feasibleAnts=10 noImprove=1 (elapsed 201.114s)
[ITER 80] bestGlobalCost=2042242.70 (feasible=YES) bestThisIter=2051511.74 feasibleAnts=10 noImprove=11 (elapsed 226.202s)
[ITER 88] New best cost=2042147.70 (feasible=YES, time 242.021s)
[ITER 90] [TS] New best cost=2041973.04 (feasible=YES, time 247.158s)
[ITER 90] bestGlobalCost=2041973.04 (feasible=YES) bestThisIter=2045916.55 feasibleAnts=10 noImprove=1 (elapsed 249.877s)
[ITER 92] New best cost=2040296.29 (feasible=YES, time 255.074s)
[ITER 100] bestGlobalCost=2040296.29 (feasible=YES) bestThisIter=2048933.34 feasibleAnts=10 noImprove=8 (elapsed 275.55s)
[ITER 110] bestGlobalCost=2040296.29 (feasible=YES) bestThisIter=2046378.53 feasibleAnts=10 noImprove=18 (elapsed 301.757s)
[ITER 120] bestGlobalCost=2040296.29 (feasible=YES) bestThisIter=2040296.29 feasibleAnts=10 noImprove=28 (elapsed 328.978s)
[RESET] no improvement for30-> reset pheromones
[ITER 128] New best cost=2037762.21 (feasible=YES, time 351.454s)
[ITER 130] bestGlobalCost=2037762.21 (feasible=YES) bestThisIter=2043967.38 feasibleAnts=10 noImprove=2 (elapsed 360.151s)
[ITER 140] bestGlobalCost=2037762.21 (feasible=YES) bestThisIter=2042643.06 feasibleAnts=10 noImprove=12 (elapsed 384.568s)
[ITER 150] bestGlobalCost=2037762.21 (feasible=YES) bestThisIter=2046292.94 feasibleAnts=10 noImprove=22 (elapsed 413.47s)
[RESET] no improvement for30-> reset pheromones
[ITER 160] bestGlobalCost=2037762.21 (feasible=YES) bestThisIter=2052290.98 feasibleAnts=10 noImprove=2 (elapsed 441.942s)
[ITER 170] bestGlobalCost=2037762.21 (feasible=YES) bestThisIter=2041073.39 feasibleAnts=10 noImprove=12 (elapsed 469.374s)
[ITER 180] bestGlobalCost=2037762.21 (feasible=YES) bestThisIter=2043539.48 feasibleAnts=10 noImprove=22 (elapsed 493.97s)
[RESET] no improvement for30-> reset pheromones
[ITER 190] bestGlobalCost=2037762.21 (feasible=YES) bestThisIter=2051079.11 feasibleAnts=10 noImprove=2 (elapsed 521.797s)
[ITER 200] bestGlobalCost=2037762.21 (feasible=YES) bestThisIter=2044172.98 feasibleAnts=10 noImprove=12 (elapsed 552.429s)
[ITER 210] bestGlobalCost=2037762.21 (feasible=YES) bestThisIter=2040587.57 feasibleAnts=10 noImprove=22 (elapsed 577.641s)
[RESET] no improvement for30-> reset pheromones
[ITER 220] bestGlobalCost=2037762.21 (feasible=YES) bestThisIter=2055964.74 feasibleAnts=10 noImprove=2 (elapsed 606.325s)
[ITER 230] bestGlobalCost=2037762.21 (feasible=YES) bestThisIter=2047886.77 feasibleAnts=10 noImprove=12 (elapsed 634.3s)
[ITER 231] New best cost=2037009.39 (feasible=YES, time 636.942s)
[ITER 240] bestGlobalCost=2037009.39 (feasible=YES) bestThisIter=2047382.93 feasibleAnts=10 noImprove=9 (elapsed 662.085s)
[ITER 250] bestGlobalCost=2037009.39 (feasible=YES) bestThisIter=2043411.98 feasibleAnts=10 noImprove=19 (elapsed 687.089s)
[ITER 260] bestGlobalCost=2037009.39 (feasible=YES) bestThisIter=2042036.71 feasibleAnts=10 noImprove=29 (elapsed 712.557s)
[RESET] no improvement for30-> reset pheromones
[ITER 270] bestGlobalCost=2037009.39 (feasible=YES) bestThisIter=2043432.21 feasibleAnts=10 noImprove=9 (elapsed 740.291s)
[ITER 275] New best cost=2036873.59 (feasible=YES, time 751.89s)
[ITER 280] bestGlobalCost=2036873.59 (feasible=YES) bestThisIter=2036873.59 feasibleAnts=10 noImprove=5 (elapsed 766.338s)
[ITER 290] bestGlobalCost=2036873.59 (feasible=YES) bestThisIter=2043602.23 feasibleAnts=10 noImprove=15 (elapsed 794.042s)
[ITER 294] New best cost=2036794.59 (feasible=YES, time 803.393s)
[ITER 300] bestGlobalCost=2036794.59 (feasible=YES) bestThisIter=2039410.64 feasibleAnts=10 noImprove=6 (elapsed 817.964s)
[ITER 310] bestGlobalCost=2036794.59 (feasible=YES) bestThisIter=2036896.90 feasibleAnts=10 noImprove=16 (elapsed 845.335s)
[ITER 320] [TS] New best cost=2036634.92 (feasible=YES, time 869.406s)
[ITER 320] bestGlobalCost=2036634.92 (feasible=YES) bestThisIter=2046721.86 feasibleAnts=10 noImprove=1 (elapsed 871.588s)
[ITER 330] bestGlobalCost=2036634.92 (feasible=YES) bestThisIter=2040559.86 feasibleAnts=10 noImprove=11 (elapsed 899.405s)
[ITER 334] New best cost=2033035.30 (feasible=YES, time 908.263s)
[ITER 340] bestGlobalCost=2033035.30 (feasible=YES) bestThisIter=2037692.65 feasibleAnts=10 noImprove=6 (elapsed 928.271s)
[ITER 350] bestGlobalCost=2033035.30 (feasible=YES) bestThisIter=2035555.10 feasibleAnts=10 noImprove=16 (elapsed 954.221s)
[ITER 360] bestGlobalCost=2033035.30 (feasible=YES) bestThisIter=2043084.33 feasibleAnts=10 noImprove=26 (elapsed 980.867s)
[RESET] no improvement for30-> reset pheromones
[ITER 370] bestGlobalCost=2033035.30 (feasible=YES) bestThisIter=2040154.39 feasibleAnts=10 noImprove=6 (elapsed 1008.6s)
[ITER 380] bestGlobalCost=2033035.30 (feasible=YES) bestThisIter=2047562.07 feasibleAnts=10 noImprove=16 (elapsed 1036.29s)
[ITER 390] bestGlobalCost=2033035.30 (feasible=YES) bestThisIter=2046013.41 feasibleAnts=10 noImprove=26 (elapsed 1065.54s)
[RESET] no improvement for30-> reset pheromones
[ITER 400] bestGlobalCost=2033035.30 (feasible=YES) bestThisIter=2045027.45 feasibleAnts=10 noImprove=6 (elapsed 1096.99s)
[ITER 407] New best cost=2031044.01 (feasible=YES, time 1112.77s)
[ITER 410] bestGlobalCost=2031044.01 (feasible=YES) bestThisIter=2034910.57 feasibleAnts=10 noImprove=3 (elapsed 1124.4s)
[ITER 420] bestGlobalCost=2031044.01 (feasible=YES) bestThisIter=2043585.74 feasibleAnts=10 noImprove=13 (elapsed 1152.51s)
[ITER 430] bestGlobalCost=2031044.01 (feasible=YES) bestThisIter=2036732.28 feasibleAnts=10 noImprove=23 (elapsed 1184.39s)
[RESET] no improvement for30-> reset pheromones
[ITER 440] bestGlobalCost=2031044.01 (feasible=YES) bestThisIter=2044035.03 feasibleAnts=10 noImprove=3 (elapsed 1213.35s)
[ITER 450] bestGlobalCost=2031044.01 (feasible=YES) bestThisIter=2041258.03 feasibleAnts=10 noImprove=13 (elapsed 1239.97s)
[ITER 460] bestGlobalCost=2031044.01 (feasible=YES) bestThisIter=2047541.71 feasibleAnts=10 noImprove=23 (elapsed 1267.01s)
[RESET] no improvement for30-> reset pheromones
[ITER 470] bestGlobalCost=2031044.01 (feasible=YES) bestThisIter=2040669.34 feasibleAnts=10 noImprove=3 (elapsed 1298.74s)
[ITER 480] bestGlobalCost=2031044.01 (feasible=YES) bestThisIter=2039904.92 feasibleAnts=10 noImprove=13 (elapsed 1328.36s)
[ITER 490] bestGlobalCost=2031044.01 (feasible=YES) bestThisIter=2041086.20 feasibleAnts=10 noImprove=23 (elapsed 1354.65s)
[RESET] no improvement for30-> reset pheromones
[ITER 500] bestGlobalCost=2031044.01 (feasible=YES) bestThisIter=2049885.79 feasibleAnts=10 noImprove=3 (elapsed 1383.41s)
[ITER 510] bestGlobalCost=2031044.01 (feasible=YES) bestThisIter=2035238.21 feasibleAnts=10 noImprove=13 (elapsed 1410.81s)
[ITER 520] bestGlobalCost=2031044.01 (feasible=YES) bestThisIter=2039756.67 feasibleAnts=10 noImprove=23 (elapsed 1440.37s)
[RESET] no improvement for30-> reset pheromones
[ITER 530] bestGlobalCost=2031044.01 (feasible=YES) bestThisIter=2046878.47 feasibleAnts=10 noImprove=3 (elapsed 1470.48s)
[ITER 540] bestGlobalCost=2031044.01 (feasible=YES) bestThisIter=2034803.44 feasibleAnts=10 noImprove=13 (elapsed 1497.12s)
256 279 280 281 282 289 290 291 292 299 304 306 309 314 318 321 322 323 327 329 330 333 338 346 353 357 360 365 374 375 378 383 386 393 
75 77 79 88 89 90 91 92 93 94 95 96 97 98 99 100 101 102 103 104 105 106 107 108 109 110 111 112 113 117 
179 182 197 198 206 208 211 212 213 215 217 218 221 222 223 228 229 230 231 234 236 241 242 243 244 245 255 257 267 271 273 
1 2 3 4 5 6 7 8 9 10 11 12 13 14 15 18 36 37 38 40 43 44 45 48 49 50 51 52 54 55 60 
227 233 237 238 239 246 247 248 249 250 251 252 253 254 258 259 260 261 262 263 264 265 283 284 285 286 287 293 294 295 296 303 312 313 
270 274 275 288 300 302 307 308 311 315 316 319 320 324 328 331 332 336 339 340 344 347 348 351 354 355 361 363 366 367 373 376 379 394 
21 42 46 47 65 139 149 152 154 155 156 159 160 161 162 163 166 167 170 171 173 174 175 176 180 181 185 186 189 190 194 201 209 210 216 
114 115 118 119 120 121 122 123 124 125 126 127 128 129 130 131 132 133 134 135 136 137 138 140 142 144 145 146 147 148 150 153 169 172 
356 359 380 387 402 403 404 405 406 410 412 417 418 419 426 435 437 438 439 440 441 447 448 449 450 451 452 453 454 455 481 483 
396 400 407 408 413 414 415 416 424 425 431 432 433 434 436 443 444 445 446 458 459 460 461 463 464 465 466 467 468 469 470 471 472 473 
22 23 24 25 26 27 28 29 30 31 32 33 34 35 39 41 224 225 235 240 266 269 272 277 298 301 305 385 392 399 422 423 429 457 462 
335 362 372 384 388 395 401 420 421 427 428 430 442 456 474 475 476 477 478 479 480 482 484 485 486 487 488 489 490 491 492 493 
16 17 19 20 53 56 57 58 59 61 62 63 64 66 67 68 69 70 71 72 73 74 76 78 80 81 82 83 84 85 86 87 116 
268 276 278 297 310 317 325 326 334 337 341 342 343 345 349 350 352 358 364 368 369 370 371 377 381 382 389 390 391 397 398 409 411 
141 143 151 157 158 164 165 168 177 178 183 184 187 188 191 192 193 195 196 199 200 202 203 204 205 207 214 219 220 226 232 
[SAVELOGS] evolution saved to results/logs/aco_logs/evolution/d493_15_2.txt
[SAVELOGS] best cost saved to results/logs/aco_logs/objectives/d493_15_2.txt
[SAVELOGS] best solution saved to results/logs/aco_logs/solutions/d493_15_2.txt
