[ITER 1] New best cost=3844105.64 (feasible=YES, time 6.17818s)
[ITER 10] bestGlobalCost=3844105.64 (feasible=YES) bestThisIter=3844105.64 feasibleAnts=10 noImprove=9 (elapsed 49.2838s)
[ITER 20] bestGlobalCost=3844105.64 (feasible=YES) bestThisIter=3844105.64 feasibleAnts=10 noImprove=19 (elapsed 95.7993s)
[ITER 22] New best cost=3843150.74 (feasible=YES, time 105.806s)
[ITER 30] bestGlobalCost=3843150.74 (feasible=YES) bestThisIter=3843150.74 feasibleAnts=12 noImprove=8 (elapsed 140.629s)
[ITER 40] bestGlobalCost=3843150.74 (feasible=YES) bestThisIter=3843150.74 feasibleAnts=10 noImprove=18 (elapsed 184.189s)
[ITER 50] bestGlobalCost=3843150.74 (feasible=YES) bestThisIter=3843150.74 feasibleAnts=10 noImprove=28 (elapsed 226.119s)
[RESET] no improvement for30-> reset pheromones
[ITER 60] bestGlobalCost=3843150.74 (feasible=YES) bestThisIter=3843150.74 feasibleAnts=11 noImprove=8 (elapsed 269.842s)
[ITER 70] bestGlobalCost=3843150.74 (feasible=YES) bestThisIter=3843150.74 feasibleAnts=11 noImprove=18 (elapsed 313.22s)
[ITER 80] bestGlobalCost=3843150.74 (feasible=YES) bestThisIter=3843150.74 feasibleAnts=10 noImprove=28 (elapsed 357.836s)
[RESET] no improvement for30-> reset pheromones
[ITER 90] bestGlobalCost=3843150.74 (feasible=YES) bestThisIter=3843150.74 feasibleAnts=10 noImprove=8 (elapsed 406.554s)
[ITER 100] bestGlobalCost=3843150.74 (feasible=YES) bestThisIter=3843150.74 feasibleAnts=10 noImprove=18 (elapsed 449.899s)
[ITER 110] bestGlobalCost=3843150.74 (feasible=YES) bestThisIter=3843150.74 feasibleAnts=12 noImprove=28 (elapsed 496.108s)
[RESET] no improvement for30-> reset pheromones
[ITER 120] bestGlobalCost=3843150.74 (feasible=YES) bestThisIter=3843150.74 feasibleAnts=10 noImprove=8 (elapsed 540.341s)
[ITER 130] bestGlobalCost=3843150.74 (feasible=YES) bestThisIter=3843150.74 feasibleAnts=10 noImprove=18 (elapsed 582.059s)
[ITER 140] bestGlobalCost=3843150.74 (feasible=YES) bestThisIter=3843150.74 feasibleAnts=10 noImprove=28 (elapsed 626.317s)
[RESET] no improvement for30-> reset pheromones
[ITER 150] bestGlobalCost=3843150.74 (feasible=YES) bestThisIter=3843150.74 feasibleAnts=10 noImprove=8 (elapsed 679.395s)
[ITER 160] bestGlobalCost=3843150.74 (feasible=YES) bestThisIter=3843150.74 feasibleAnts=11 noImprove=18 (elapsed 727.181s)
[ITER 170] bestGlobalCost=3843150.74 (feasible=YES) bestThisIter=3843150.74 feasibleAnts=11 noImprove=28 (elapsed 773.594s)
[RESET] no improvement for30-> reset pheromones
[ITER 180] bestGlobalCost=3843150.74 (feasible=YES) bestThisIter=3843150.74 feasibleAnts=10 noImprove=8 (elapsed 830.288s)
[ITER 190] bestGlobalCost=3843150.74 (feasible=YES) bestThisIter=3843150.74 feasibleAnts=10 noImprove=18 (elapsed 875.649s)
[ITER 200] bestGlobalCost=3843150.74 (feasible=YES) bestThisIter=3843150.74 feasibleAnts=11 noImprove=28 (elapsed 924.229s)
[RESET] no improvement for30-> reset pheromones
[ITER 210] bestGlobalCost=3843150.74 (feasible=YES) bestThisIter=3843150.74 feasibleAnts=10 noImprove=8 (elapsed 972.513s)
[ITER 220] bestGlobalCost=3843150.74 (feasible=YES) bestThisIter=3843150.74 feasibleAnts=10 noImprove=18 (elapsed 1017.21s)
[ITER 230] bestGlobalCost=3843150.74 (feasible=YES) bestThisIter=3843150.74 feasibleAnts=10 noImprove=28 (elapsed 1064.11s)
[RESET] no improvement for30-> reset pheromones
[ITER 233] New best cost=3841492.04 (feasible=YES, time 1076.86s)
[ITER 236] New best cost=3841483.62 (feasible=YES, time 1091.66s)
[ITER 237] New best cost=3841085.16 (feasible=YES, time 1097.12s)
[ITER 239] New best cost=3841062.50 (feasible=YES, time 1106.87s)
[ITER 240] bestGlobalCost=3841062.50 (feasible=YES) bestThisIter=3841492.04 feasibleAnts=10 noImprove=1 (elapsed 1114.56s)
[ITER 250] bestGlobalCost=3841062.50 (feasible=YES) bestThisIter=3846628.95 feasibleAnts=10 noImprove=11 (elapsed 1166.62s)
[ITER 254] New best cost=3840225.71 (feasible=YES, time 1185.57s)
[ITER 260] bestGlobalCost=3840225.71 (feasible=YES) bestThisIter=3843353.21 feasibleAnts=11 noImprove=6 (elapsed 1218.05s)
[ITER 261] New best cost=3838881.57 (feasible=YES, time 1223.64s)
[ITER 270] bestGlobalCost=3838881.57 (feasible=YES) bestThisIter=3838881.57 feasibleAnts=10 noImprove=9 (elapsed 1271.89s)
[ITER 280] bestGlobalCost=3838881.57 (feasible=YES) bestThisIter=3838881.57 feasibleAnts=11 noImprove=19 (elapsed 1330.01s)
[ITER 290] bestGlobalCost=3838881.57 (feasible=YES) bestThisIter=3838881.57 feasibleAnts=10 noImprove=29 (elapsed 1382.89s)
[RESET] no improvement for30-> reset pheromones
[ITER 300] bestGlobalCost=3838881.57 (feasible=YES) bestThisIter=3838881.57 feasibleAnts=10 noImprove=9 (elapsed 1437.93s)
[ITER 310] bestGlobalCost=3838881.57 (feasible=YES) bestThisIter=3840918.85 feasibleAnts=11 noImprove=19 (elapsed 1489.59s)
12 20 27 33 43 44 46 55 61 70 74 78 81 82 86 94 97 99 104 105 109 111 112 126 131 134 138 140 143 144 147 150 168 170 171 172 177 183 188 193 194 198 208 217 218 219 220 231 235 241 246 248 264 267 270 277 283 291 292 294 297 302 303 310 318 321 322 324 325 333 334 338 351 352 355 364 365 370 372 374 376 380 386 399 
8 18 25 29 38 40 41 50 53 65 71 79 83 84 85 88 90 91 95 102 114 121 127 128 145 149 152 153 156 159 162 163 165 174 175 180 181 182 185 187 190 192 197 200 204 210 225 229 232 233 239 243 244 252 259 261 278 287 296 305 308 312 313 315 319 331 335 340 343 349 356 359 366 369 375 381 383 389 392 394 398 
3 5 10 14 16 22 28 31 37 52 57 63 66 73 75 80 93 96 103 106 108 116 122 125 132 135 141 146 166 176 179 189 195 207 209 212 215 221 223 226 227 228 242 250 255 257 260 262 265 266 269 272 274 280 281 290 299 314 326 330 332 337 353 354 361 367 368 371 373 377 378 382 387 388 390 393 
1 4 9 13 15 17 19 21 24 26 30 34 39 42 45 51 54 56 64 67 77 87 89 115 117 120 129 133 136 155 161 164 167 169 173 178 186 199 201 202 203 205 211 214 216 222 234 236 237 238 240 247 249 256 258 263 268 275 282 284 285 286 288 289 295 298 304 306 309 317 328 336 347 348 357 384 395 400 
2 6 7 11 23 32 35 36 47 48 49 58 59 60 62 68 69 72 76 92 98 100 101 107 110 113 118 119 123 124 130 137 139 142 148 151 154 157 158 160 184 191 196 206 213 224 230 245 251 253 254 271 273 276 279 293 300 301 307 311 316 320 323 327 329 339 341 342 344 345 346 350 358 360 362 363 379 385 391 396 397 
[SAVELOGS] evolution saved to results/logs/aco_logs/evolution/rd400_05_3.txt
[SAVELOGS] best cost saved to results/logs/aco_logs/objectives/rd400_05_3.txt
[SAVELOGS] best solution saved to results/logs/aco_logs/solutions/rd400_05_3.txt
