[ITER 1] New best cost=3848952.45 (feasible=YES, time 3.42646s)
[ITER 2] New best cost=3847804.22 (feasible=YES, time 6.25874s)
[ITER 3] New best cost=3841648.28 (feasible=YES, time 9.69378s)
[ITER 10] bestGlobalCost=3841648.28 (feasible=YES) bestThisIter=3841648.28 feasibleAnts=11 noImprove=7 (elapsed 28.6309s)
[ITER 20] bestGlobalCost=3841648.28 (feasible=YES) bestThisIter=3842233.72 feasibleAnts=10 noImprove=17 (elapsed 51.654s)
[ITER 30] bestGlobalCost=3841648.28 (feasible=YES) bestThisIter=3841648.28 feasibleAnts=11 noImprove=27 (elapsed 75.99s)
[RESET] no improvement for30-> reset pheromones
[ITER 40] bestGlobalCost=3841648.28 (feasible=YES) bestThisIter=3841648.28 feasibleAnts=10 noImprove=7 (elapsed 103.491s)
[ITER 50] bestGlobalCost=3841648.28 (feasible=YES) bestThisIter=3841648.28 feasibleAnts=10 noImprove=17 (elapsed 127.097s)
[ITER 60] bestGlobalCost=3841648.28 (feasible=YES) bestThisIter=3841648.28 feasibleAnts=10 noImprove=27 (elapsed 150.285s)
[RESET] no improvement for30-> reset pheromones
[ITER 70] bestGlobalCost=3841648.28 (feasible=YES) bestThisIter=3841648.28 feasibleAnts=10 noImprove=7 (elapsed 176.388s)
[ITER 80] bestGlobalCost=3841648.28 (feasible=YES) bestThisIter=3841648.28 feasibleAnts=10 noImprove=17 (elapsed 196.84s)
[ITER 90] bestGlobalCost=3841648.28 (feasible=YES) bestThisIter=3841648.28 feasibleAnts=10 noImprove=27 (elapsed 219.993s)
[RESET] no improvement for30-> reset pheromones
[ITER 100] bestGlobalCost=3841648.28 (feasible=YES) bestThisIter=3841648.28 feasibleAnts=11 noImprove=7 (elapsed 248.961s)
[ITER 110] bestGlobalCost=3841648.28 (feasible=YES) bestThisIter=3841648.28 feasibleAnts=10 noImprove=17 (elapsed 272.586s)
[ITER 120] bestGlobalCost=3841648.28 (feasible=YES) bestThisIter=3842233.72 feasibleAnts=10 noImprove=27 (elapsed 300.566s)
[RESET] no improvement for30-> reset pheromones
[ITER 130] bestGlobalCost=3841648.28 (feasible=YES) bestThisIter=3841648.28 feasibleAnts=10 noImprove=7 (elapsed 327.655s)
[ITER 140] bestGlobalCost=3841648.28 (feasible=YES) bestThisIter=3841648.28 feasibleAnts=10 noImprove=17 (elapsed 349.004s)
[ITER 150] bestGlobalCost=3841648.28 (feasible=YES) bestThisIter=3841648.28 feasibleAnts=10 noImprove=27 (elapsed 373.753s)
[RESET] no improvement for30-> reset pheromones
[ITER 160] bestGlobalCost=3841648.28 (feasible=YES) bestThisIter=3841648.28 feasibleAnts=10 noImprove=7 (elapsed 397.293s)
[ITER 170] bestGlobalCost=3841648.28 (feasible=YES) bestThisIter=3841648.28 feasibleAnts=10 noImprove=17 (elapsed 417.416s)
[ITER 180] bestGlobalCost=3841648.28 (feasible=YES) bestThisIter=3841648.28 feasibleAnts=10 noImprove=27 (elapsed 442.41s)
[RESET] no improvement for30-> reset pheromones
[ITER 190] bestGlobalCost=3841648.28 (feasible=YES) bestThisIter=3841648.28 feasibleAnts=12 noImprove=7 (elapsed 469.382s)
[ITER 200] bestGlobalCost=3841648.28 (feasible=YES) bestThisIter=3841648.28 feasibleAnts=11 noImprove=17 (elapsed 493.019s)
[ITER 210] bestGlobalCost=3841648.28 (feasible=YES) bestThisIter=3841648.28 feasibleAnts=13 noImprove=27 (elapsed 520.371s)
[RESET] no improvement for30-> reset pheromones
[ITER 220] bestGlobalCost=3841648.28 (feasible=YES) bestThisIter=3841648.28 feasibleAnts=10 noImprove=7 (elapsed 544.016s)
[ITER 230] bestGlobalCost=3841648.28 (feasible=YES) bestThisIter=3841648.28 feasibleAnts=10 noImprove=17 (elapsed 565.885s)
[ITER 240] bestGlobalCost=3841648.28 (feasible=YES) bestThisIter=3841648.28 feasibleAnts=11 noImprove=27 (elapsed 590.164s)
[RESET] no improvement for30-> reset pheromones
[ITER 250] bestGlobalCost=3841648.28 (feasible=YES) bestThisIter=3841648.28 feasibleAnts=10 noImprove=7 (elapsed 614.793s)
[ITER 260] bestGlobalCost=3841648.28 (feasible=YES) bestThisIter=3841648.28 feasibleAnts=10 noImprove=17 (elapsed 638.016s)
[ITER 270] bestGlobalCost=3841648.28 (feasible=YES) bestThisIter=3841648.28 feasibleAnts=11 noImprove=27 (elapsed 660.963s)
[RESET] no improvement for30-> reset pheromones
[ITER 280] bestGlobalCost=3841648.28 (feasible=YES) bestThisIter=3841648.28 feasibleAnts=10 noImprove=7 (elapsed 688.304s)
[ITER 290] bestGlobalCost=3841648.28 (feasible=YES) bestThisIter=3841648.28 feasibleAnts=10 noImprove=17 (elapsed 711.957s)
[ITER 300] bestGlobalCost=3841648.28 (feasible=YES) bestThisIter=3841648.28 feasibleAnts=10 noImprove=27 (elapsed 734.901s)
[RESET] no improvement for30-> reset pheromones
[ITER 310] bestGlobalCost=3841648.28 (feasible=YES) bestThisIter=3841648.28 feasibleAnts=11 noImprove=7 (elapsed 762.981s)
[ITER 320] bestGlobalCost=3841648.28 (feasible=YES) bestThisIter=3841648.28 feasibleAnts=10 noImprove=17 (elapsed 787.415s)
[ITER 330] bestGlobalCost=3841648.28 (feasible=YES) bestThisIter=3841648.28 feasibleAnts=10 noImprove=27 (elapsed 815.133s)
[RESET] no improvement for30-> reset pheromones
[ITER 340] bestGlobalCost=3841648.28 (feasible=YES) bestThisIter=3841648.28 feasibleAnts=11 noImprove=7 (elapsed 843.308s)
[ITER 350] bestGlobalCost=3841648.28 (feasible=YES) bestThisIter=3841648.28 feasibleAnts=12 noImprove=17 (elapsed 870.861s)
[ITER 360] bestGlobalCost=3841648.28 (feasible=YES) bestThisIter=3841648.28 feasibleAnts=11 noImprove=27 (elapsed 899.634s)
[RESET] no improvement for30-> reset pheromones
[ITER 370] bestGlobalCost=3841648.28 (feasible=YES) bestThisIter=3841648.28 feasibleAnts=11 noImprove=7 (elapsed 923.602s)
[ITER 380] bestGlobalCost=3841648.28 (feasible=YES) bestThisIter=3841648.28 feasibleAnts=10 noImprove=17 (elapsed 948.818s)
[ITER 390] bestGlobalCost=3841648.28 (feasible=YES) bestThisIter=3841648.28 feasibleAnts=10 noImprove=27 (elapsed 974.984s)
[RESET] no improvement for30-> reset pheromones
[ITER 400] bestGlobalCost=3841648.28 (feasible=YES) bestThisIter=3841648.28 feasibleAnts=10 noImprove=7 (elapsed 1002.2s)
[ITER 410] bestGlobalCost=3841648.28 (feasible=YES) bestThisIter=3841648.28 feasibleAnts=11 noImprove=17 (elapsed 1027.15s)
[ITER 420] bestGlobalCost=3841648.28 (feasible=YES) bestThisIter=3841648.28 feasibleAnts=10 noImprove=27 (elapsed 1049.75s)
[RESET] no improvement for30-> reset pheromones
[ITER 430] bestGlobalCost=3841648.28 (feasible=YES) bestThisIter=3841648.28 feasibleAnts=10 noImprove=7 (elapsed 1078.99s)
[ITER 440] bestGlobalCost=3841648.28 (feasible=YES) bestThisIter=3841648.28 feasibleAnts=11 noImprove=17 (elapsed 1105.94s)
[ITER 450] bestGlobalCost=3841648.28 (feasible=YES) bestThisIter=3841648.28 feasibleAnts=11 noImprove=27 (elapsed 1133.86s)
[RESET] no improvement for30-> reset pheromones
[ITER 460] bestGlobalCost=3841648.28 (feasible=YES) bestThisIter=3841648.28 feasibleAnts=10 noImprove=7 (elapsed 1164.69s)
[ITER 470] bestGlobalCost=3841648.28 (feasible=YES) bestThisIter=3841648.28 feasibleAnts=10 noImprove=17 (elapsed 1193.61s)
[ITER 480] bestGlobalCost=3841648.28 (feasible=YES) bestThisIter=3841648.28 feasibleAnts=10 noImprove=27 (elapsed 1222.49s)
[RESET] no improvement for30-> reset pheromones
[ITER 490] bestGlobalCost=3841648.28 (feasible=YES) bestThisIter=3841648.28 feasibleAnts=10 noImprove=7 (elapsed 1257.3s)
[ITER 500] bestGlobalCost=3841648.28 (feasible=YES) bestThisIter=3841648.28 feasibleAnts=10 noImprove=17 (elapsed 1292.97s)
[ITER 510] bestGlobalCost=3841648.28 (feasible=YES) bestThisIter=3841648.28 feasibleAnts=11 noImprove=27 (elapsed 1326.47s)
[RESET] no improvement for30-> reset pheromones
[ITER 520] bestGlobalCost=3841648.28 (feasible=YES) bestThisIter=3841648.28 feasibleAnts=10 noImprove=7 (elapsed 1365.58s)
[ITER 530] bestGlobalCost=3841648.28 (feasible=YES) bestThisIter=3841648.28 feasibleAnts=11 noImprove=17 (elapsed 1394.95s)
[ITER 540] bestGlobalCost=3841648.28 (feasible=YES) bestThisIter=3841648.28 feasibleAnts=10 noImprove=27 (elapsed 1427.85s)
[RESET] no improvement for30-> reset pheromones
[ITER 550] bestGlobalCost=3841648.28 (feasible=YES) bestThisIter=3842027.05 feasibleAnts=10 noImprove=7 (elapsed 1463.8s)
[ITER 560] bestGlobalCost=3841648.28 (feasible=YES) bestThisIter=3841648.28 feasibleAnts=10 noImprove=17 (elapsed 1497.56s)
12 18 27 33 40 44 46 55 61 70 74 78 81 86 94 97 99 104 105 109 111 112 126 131 133 134 138 140 143 144 150 168 170 171 172 177 182 183 188 193 194 198 208 217 218 219 220 231 233 235 241 246 248 249 264 267 277 283 291 292 294 302 303 305 310 318 322 324 325 333 334 338 351 352 355 364 365 370 372 374 376 380 399 
8 25 29 38 41 50 51 53 65 71 79 83 84 85 87 88 90 91 95 102 114 121 127 128 145 149 152 153 156 159 162 163 165 174 175 180 181 185 187 190 192 197 200 204 210 225 229 232 238 239 243 244 252 258 259 261 263 278 287 296 308 312 313 315 319 331 335 340 343 348 349 356 359 366 369 375 381 383 389 392 394 398 
3 5 10 14 16 20 22 28 31 37 43 52 57 63 66 73 75 80 82 93 96 103 106 108 116 125 135 141 146 147 166 176 179 189 195 207 212 215 221 223 226 227 228 242 250 255 257 260 262 265 266 269 270 272 274 280 281 297 314 321 326 330 337 353 361 368 371 373 377 378 382 386 387 388 390 393 
1 6 7 9 13 15 17 19 21 24 26 30 34 39 42 45 49 54 58 64 67 77 89 98 107 115 117 120 129 136 155 160 161 164 167 169 173 178 186 196 199 202 205 211 213 214 216 222 234 236 237 240 247 256 268 282 284 285 286 288 289 295 298 304 306 309 316 317 323 328 336 346 347 357 379 384 391 395 400 
2 4 11 23 32 35 36 47 48 56 59 60 62 68 69 72 76 92 100 101 110 113 118 119 122 123 124 130 132 137 139 142 148 151 154 157 158 184 191 201 203 206 209 224 230 245 251 253 254 271 273 275 276 279 290 293 299 300 301 307 311 320 327 329 332 339 341 342 344 345 350 354 358 360 362 363 367 385 396 397 
[SAVELOGS] evolution saved to results/logs/aco_logs/evolution/rd400_05_3.txt
[SAVELOGS] best cost saved to results/logs/aco_logs/objectives/rd400_05_3.txt
[SAVELOGS] best solution saved to results/logs/aco_logs/solutions/rd400_05_3.txt
