[ITER 1] New best cost=917517.90 (feasible=YES, time 0.406868s)
[ITER 2] New best cost=897102.50 (feasible=YES, time 0.650249s)
[ITER 3] New best cost=896917.29 (feasible=YES, time 0.898296s)
[ITER 9] New best cost=895224.63 (feasible=YES, time 2.30866s)
[ITER 10] bestGlobalCost=895224.63 (feasible=YES) bestThisIter=900577.05 feasibleAnts=21 noImprove=1 (elapsed 3.32704s)
[ITER 20] bestGlobalCost=895224.63 (feasible=YES) bestThisIter=895568.98 feasibleAnts=10 noImprove=11 (elapsed 5.75269s)
[ITER 30] bestGlobalCost=895224.63 (feasible=YES) bestThisIter=896084.15 feasibleAnts=12 noImprove=21 (elapsed 9.28059s)
[ITER 40] bestGlobalCost=895224.63 (feasible=YES) bestThisIter=903545.20 feasibleAnts=10 noImprove=31 (elapsed 12.5892s)
[ITER 50] bestGlobalCost=895224.63 (feasible=YES) bestThisIter=895568.98 feasibleAnts=12 noImprove=41 (elapsed 16.0694s)
[RESET] no improvement for50-> reset pheromones
[ITER 60] bestGlobalCost=895224.63 (feasible=YES) bestThisIter=929076.66 feasibleAnts=10 noImprove=1 (elapsed 19.9359s)
[ITER 70] bestGlobalCost=895224.63 (feasible=YES) bestThisIter=897921.01 feasibleAnts=10 noImprove=11 (elapsed 22.979s)
[ITER 80] bestGlobalCost=895224.63 (feasible=YES) bestThisIter=898333.89 feasibleAnts=10 noImprove=21 (elapsed 25.802s)
[ITER 90] bestGlobalCost=895224.63 (feasible=YES) bestThisIter=901668.46 feasibleAnts=11 noImprove=31 (elapsed 29.2747s)
[ITER 100] bestGlobalCost=895224.63 (feasible=YES) bestThisIter=896932.69 feasibleAnts=10 noImprove=41 (elapsed 33.0388s)
[RESET] no improvement for50-> reset pheromones
[ITER 110] bestGlobalCost=895224.63 (feasible=YES) bestThisIter=922236.65 feasibleAnts=8 noImprove=1 (elapsed 36.6355s)
[ITER 120] bestGlobalCost=895224.63 (feasible=YES) bestThisIter=895568.98 feasibleAnts=10 noImprove=11 (elapsed 39.5209s)
[ITER 130] bestGlobalCost=895224.63 (feasible=YES) bestThisIter=901379.70 feasibleAnts=11 noImprove=21 (elapsed 42.9579s)
[ITER 140] bestGlobalCost=895224.63 (feasible=YES) bestThisIter=897608.26 feasibleAnts=12 noImprove=31 (elapsed 46.0206s)
[ITER 150] bestGlobalCost=895224.63 (feasible=YES) bestThisIter=895568.98 feasibleAnts=11 noImprove=41 (elapsed 50.1369s)
[RESET] no improvement for50-> reset pheromones
[ITER 160] bestGlobalCost=895224.63 (feasible=YES) bestThisIter=912209.26 feasibleAnts=9 noImprove=1 (elapsed 53.8048s)
[ITER 164] New best cost=895065.67 (feasible=YES, time 54.7486s)
[ITER 170] bestGlobalCost=895065.67 (feasible=YES) bestThisIter=897287.61 feasibleAnts=10 noImprove=6 (elapsed 57.1403s)
[ITER 174] New best cost=895056.93 (feasible=YES, time 58.2811s)
[ITER 180] bestGlobalCost=895056.93 (feasible=YES) bestThisIter=897129.88 feasibleAnts=11 noImprove=6 (elapsed 60.005s)
[ITER 190] bestGlobalCost=895056.93 (feasible=YES) bestThisIter=896585.59 feasibleAnts=10 noImprove=16 (elapsed 62.9886s)
[ITER 191] New best cost=894651.62 (feasible=YES, time 63.3409s)
[ITER 200] bestGlobalCost=894651.62 (feasible=YES) bestThisIter=896236.72 feasibleAnts=10 noImprove=9 (elapsed 66.2158s)
[ITER 209] New best cost=894527.86 (feasible=YES, time 68.3884s)
[ITER 210] bestGlobalCost=894527.86 (feasible=YES) bestThisIter=908609.26 feasibleAnts=14 noImprove=1 (elapsed 69.3055s)
[ITER 220] bestGlobalCost=894527.86 (feasible=YES) bestThisIter=896236.72 feasibleAnts=10 noImprove=11 (elapsed 72.0354s)
[ITER 230] bestGlobalCost=894527.86 (feasible=YES) bestThisIter=897727.25 feasibleAnts=10 noImprove=21 (elapsed 75.5316s)
[ITER 236] New best cost=894519.35 (feasible=YES, time 77.1947s)
[ITER 240] bestGlobalCost=894519.35 (feasible=YES) bestThisIter=897311.49 feasibleAnts=10 noImprove=4 (elapsed 78.797s)
[ITER 248] New best cost=893293.93 (feasible=YES, time 80.9764s)
[ITER 250] bestGlobalCost=893293.93 (feasible=YES) bestThisIter=902830.52 feasibleAnts=21 noImprove=2 (elapsed 82.4091s)
[ITER 260] bestGlobalCost=893293.93 (feasible=YES) bestThisIter=897329.16 feasibleAnts=10 noImprove=12 (elapsed 87.0741s)
[ITER 270] bestGlobalCost=893293.93 (feasible=YES) bestThisIter=894691.40 feasibleAnts=11 noImprove=22 (elapsed 90.8866s)
[ITER 280] bestGlobalCost=893293.93 (feasible=YES) bestThisIter=902548.40 feasibleAnts=11 noImprove=32 (elapsed 95.2848s)
[ITER 290] bestGlobalCost=893293.93 (feasible=YES) bestThisIter=895224.75 feasibleAnts=10 noImprove=42 (elapsed 99.4322s)
[RESET] no improvement for50-> reset pheromones
[ITER 300] bestGlobalCost=893293.93 (feasible=YES) bestThisIter=895224.75 feasibleAnts=10 noImprove=2 (elapsed 103.846s)
[ITER 310] bestGlobalCost=893293.93 (feasible=YES) bestThisIter=895578.49 feasibleAnts=10 noImprove=12 (elapsed 107.974s)
[ITER 320] bestGlobalCost=893293.93 (feasible=YES) bestThisIter=895224.75 feasibleAnts=11 noImprove=22 (elapsed 112.174s)
[ITER 330] bestGlobalCost=893293.93 (feasible=YES) bestThisIter=897587.31 feasibleAnts=10 noImprove=32 (elapsed 116.177s)
[ITER 340] bestGlobalCost=893293.93 (feasible=YES) bestThisIter=900074.18 feasibleAnts=10 noImprove=42 (elapsed 120.301s)
[RESET] no improvement for50-> reset pheromones
[ITER 350] bestGlobalCost=893293.93 (feasible=YES) bestThisIter=895224.75 feasibleAnts=10 noImprove=2 (elapsed 124.439s)
[ITER 360] bestGlobalCost=893293.93 (feasible=YES) bestThisIter=895578.49 feasibleAnts=10 noImprove=12 (elapsed 129.097s)
[ITER 370] bestGlobalCost=893293.93 (feasible=YES) bestThisIter=895224.75 feasibleAnts=12 noImprove=22 (elapsed 133.229s)
[ITER 380] bestGlobalCost=893293.93 (feasible=YES) bestThisIter=896136.42 feasibleAnts=10 noImprove=32 (elapsed 136.956s)
[ITER 390] bestGlobalCost=893293.93 (feasible=YES) bestThisIter=899034.94 feasibleAnts=10 noImprove=42 (elapsed 141.335s)
[RESET] no improvement for50-> reset pheromones
[ITER 400] bestGlobalCost=893293.93 (feasible=YES) bestThisIter=894917.01 feasibleAnts=10 noImprove=2 (elapsed 145.226s)
[ITER 410] bestGlobalCost=893293.93 (feasible=YES) bestThisIter=895578.49 feasibleAnts=11 noImprove=12 (elapsed 149.61s)
[ITER 420] bestGlobalCost=893293.93 (feasible=YES) bestThisIter=894401.84 feasibleAnts=10 noImprove=22 (elapsed 153.486s)
[ITER 430] bestGlobalCost=893293.93 (feasible=YES) bestThisIter=895224.75 feasibleAnts=11 noImprove=32 (elapsed 157.92s)
[ITER 440] bestGlobalCost=893293.93 (feasible=YES) bestThisIter=902174.49 feasibleAnts=10 noImprove=42 (elapsed 161.932s)
[RESET] no improvement for50-> reset pheromones
[ITER 450] bestGlobalCost=893293.93 (feasible=YES) bestThisIter=895201.76 feasibleAnts=11 noImprove=2 (elapsed 166.034s)
[ITER 460] bestGlobalCost=893293.93 (feasible=YES) bestThisIter=895224.75 feasibleAnts=10 noImprove=12 (elapsed 170.127s)
[ITER 470] bestGlobalCost=893293.93 (feasible=YES) bestThisIter=895201.76 feasibleAnts=10 noImprove=22 (elapsed 174.724s)
[ITER 480] bestGlobalCost=893293.93 (feasible=YES) bestThisIter=896999.58 feasibleAnts=10 noImprove=32 (elapsed 178.526s)
[ITER 490] bestGlobalCost=893293.93 (feasible=YES) bestThisIter=900065.21 feasibleAnts=11 noImprove=42 (elapsed 182.779s)
[RESET] no improvement for50-> reset pheromones
[ITER 500] bestGlobalCost=893293.93 (feasible=YES) bestThisIter=897369.52 feasibleAnts=10 noImprove=2 (elapsed 187.464s)
[ITER 510] bestGlobalCost=893293.93 (feasible=YES) bestThisIter=895201.76 feasibleAnts=10 noImprove=12 (elapsed 191.396s)
[ITER 520] bestGlobalCost=893293.93 (feasible=YES) bestThisIter=895201.76 feasibleAnts=12 noImprove=22 (elapsed 195.931s)
[ITER 530] bestGlobalCost=893293.93 (feasible=YES) bestThisIter=893609.77 feasibleAnts=11 noImprove=32 (elapsed 199.993s)
[ITER 540] bestGlobalCost=893293.93 (feasible=YES) bestThisIter=900580.39 feasibleAnts=10 noImprove=42 (elapsed 204.381s)
[RESET] no improvement for50-> reset pheromones
[ITER 550] bestGlobalCost=893293.93 (feasible=YES) bestThisIter=894691.40 feasibleAnts=10 noImprove=2 (elapsed 208.472s)
[ITER 560] bestGlobalCost=893293.93 (feasible=YES) bestThisIter=894691.40 feasibleAnts=10 noImprove=12 (elapsed 212.774s)
[ITER 570] bestGlobalCost=893293.93 (feasible=YES) bestThisIter=895201.76 feasibleAnts=11 noImprove=22 (elapsed 216.824s)
[ITER 580] bestGlobalCost=893293.93 (feasible=YES) bestThisIter=895224.75 feasibleAnts=12 noImprove=32 (elapsed 221.028s)
[ITER 590] bestGlobalCost=893293.93 (feasible=YES) bestThisIter=898460.99 feasibleAnts=10 noImprove=42 (elapsed 225.525s)
[RESET] no improvement for50-> reset pheromones
[ITER 600] bestGlobalCost=893293.93 (feasible=YES) bestThisIter=898335.06 feasibleAnts=10 noImprove=2 (elapsed 229.594s)
[ITER 610] bestGlobalCost=893293.93 (feasible=YES) bestThisIter=899370.40 feasibleAnts=10 noImprove=12 (elapsed 234.053s)
[ITER 620] bestGlobalCost=893293.93 (feasible=YES) bestThisIter=896679.23 feasibleAnts=12 noImprove=22 (elapsed 237.924s)
[ITER 630] bestGlobalCost=893293.93 (feasible=YES) bestThisIter=897375.26 feasibleAnts=12 noImprove=32 (elapsed 242.626s)
[ITER 640] bestGlobalCost=893293.93 (feasible=YES) bestThisIter=897273.33 feasibleAnts=11 noImprove=42 (elapsed 246.458s)
[RESET] no improvement for50-> reset pheromones
[ITER 650] bestGlobalCost=893293.93 (feasible=YES) bestThisIter=895201.76 feasibleAnts=10 noImprove=2 (elapsed 251.044s)
[ITER 660] bestGlobalCost=893293.93 (feasible=YES) bestThisIter=895201.76 feasibleAnts=10 noImprove=12 (elapsed 254.873s)
[ITER 670] bestGlobalCost=893293.93 (feasible=YES) bestThisIter=894401.84 feasibleAnts=10 noImprove=22 (elapsed 259.618s)
[ITER 680] bestGlobalCost=893293.93 (feasible=YES) bestThisIter=897059.70 feasibleAnts=10 noImprove=32 (elapsed 263.512s)
[ITER 690] bestGlobalCost=893293.93 (feasible=YES) bestThisIter=898202.40 feasibleAnts=10 noImprove=42 (elapsed 267.22s)
[RESET] no improvement for50-> reset pheromones
[ITER 700] bestGlobalCost=893293.93 (feasible=YES) bestThisIter=895201.76 feasibleAnts=11 noImprove=2 (elapsed 271.704s)
[ITER 710] bestGlobalCost=893293.93 (feasible=YES) bestThisIter=896059.68 feasibleAnts=10 noImprove=12 (elapsed 275.557s)
[ITER 720] bestGlobalCost=893293.93 (feasible=YES) bestThisIter=896360.39 feasibleAnts=10 noImprove=22 (elapsed 280.117s)
[ITER 730] bestGlobalCost=893293.93 (feasible=YES) bestThisIter=901011.97 feasibleAnts=10 noImprove=32 (elapsed 284.022s)
[ITER 740] bestGlobalCost=893293.93 (feasible=YES) bestThisIter=895461.68 feasibleAnts=10 noImprove=42 (elapsed 287.885s)
[RESET] no improvement for50-> reset pheromones
[ITER 750] bestGlobalCost=893293.93 (feasible=YES) bestThisIter=895201.76 feasibleAnts=10 noImprove=2 (elapsed 292.051s)
[ITER 760] bestGlobalCost=893293.93 (feasible=YES) bestThisIter=897081.12 feasibleAnts=10 noImprove=12 (elapsed 296.414s)
[ITER 770] bestGlobalCost=893293.93 (feasible=YES) bestThisIter=895201.76 feasibleAnts=11 noImprove=22 (elapsed 300.697s)
3 8 11 12 28 29 32 59 76 91 93 95 97 99 107 129 136 158 167 175 
1 9 25 27 34 35 46 61 71 94 98 131 157 161 172 174 176 178 180 199 
4 6 15 31 33 48 51 63 64 82 83 110 112 121 126 128 147 156 195 
7 43 52 57 58 60 66 74 84 87 89 114 133 145 165 168 182 186 196 
26 37 47 56 65 72 79 81 100 101 113 124 127 150 169 173 179 184 188 
17 18 19 24 36 41 44 45 92 96 102 119 130 135 137 148 151 153 162 187 192 200 
5 39 40 53 62 67 70 73 85 111 117 122 132 149 170 189 190 194 197 198 
10 20 21 30 38 49 68 69 75 80 86 90 108 123 134 138 142 146 152 166 181 
22 23 54 55 88 104 115 116 139 141 143 144 154 160 163 171 177 191 193 
2 13 14 16 42 50 77 78 103 105 106 109 118 120 125 140 155 159 164 183 185 
[SAVELOGS] evolution saved to results/logs/aco_logs/evolution/kroB200_10_2.txt
[SAVELOGS] best cost saved to results/logs/aco_logs/objectives/kroB200_10_2.txt
[SAVELOGS] best solution saved to results/logs/aco_logs/solutions/kroB200_10_2.txt
