[ITER 1] New best cost=622461.75 (feasible=YES, time 0.476542s)
[ITER 2] New best cost=578080.56 (feasible=YES, time 0.834021s)
[ITER 3] New best cost=567670.28 (feasible=YES, time 1.05058s)
[ITER 4] New best cost=557969.50 (feasible=YES, time 1.27621s)
[ITER 5] New best cost=552173.04 (feasible=YES, time 1.63846s)
[ITER 7] New best cost=551999.91 (feasible=YES, time 2.26444s)
[ITER 8] New best cost=527656.28 (feasible=YES, time 2.53575s)
[ITER 10] bestGlobalCost=527656.28 (feasible=YES) bestThisIter=534597.54 feasibleAnts=10 noImprove=2 (elapsed 3.09347s)
[ITER 15] New best cost=516227.82 (feasible=YES, time 6.80712s)
[ITER 15] New best cost=504603.17 (feasible=YES, time 8.7261s)
[ITER 19] New best cost=499199.47 (feasible=YES, time 15.2323s)
[ITER 20] bestGlobalCost=499199.47 (feasible=YES) bestThisIter=504603.17 feasibleAnts=8 noImprove=1 (elapsed 15.4034s)
[ITER 30] New best cost=495611.31 (feasible=YES, time 19.5278s)
[ITER 30] New best cost=494825.18 (feasible=YES, time 21.5749s)
[ITER 30] New best cost=490590.94 (feasible=YES, time 27.2588s)
[ITER 30] bestGlobalCost=490590.94 (feasible=YES) bestThisIter=570591.99 feasibleAnts=10 noImprove=0 (elapsed 27.2636s)
[ITER 40] bestGlobalCost=490590.94 (feasible=YES) bestThisIter=513886.45 feasibleAnts=10 noImprove=10 (elapsed 29.6194s)
[ITER 42] New best cost=486876.67 (feasible=YES, time 30.2581s)
[ITER 44] New best cost=486600.99 (feasible=YES, time 30.5667s)
[ITER 45] New best cost=485509.44 (feasible=YES, time 32.3312s)
[ITER 45] New best cost=485318.46 (feasible=YES, time 38.0418s)
[ITER 50] bestGlobalCost=485318.46 (feasible=YES) bestThisIter=485318.46 feasibleAnts=10 noImprove=5 (elapsed 40.8795s)
[ITER 60] New best cost=480203.29 (feasible=YES, time 46.1778s)
[ITER 60] bestGlobalCost=480203.29 (feasible=YES) bestThisIter=539008.70 feasibleAnts=10 noImprove=0 (elapsed 53.408s)
[ITER 70] bestGlobalCost=480203.29 (feasible=YES) bestThisIter=542612.49 feasibleAnts=9 noImprove=10 (elapsed 55.6557s)
83 87 104 105 106 108 109 110 
5 27 31 32 33 34 49 
2 4 25 29 30 35 36 
18 19 21 22 37 38 39 
28 46 47 48 56 59 60 
50 51 52 53 54 55 57 58 
88 97 100 101 102 103 124 
91 116 117 118 119 120 121 122 
111 112 113 114 141 143 
107 137 138 139 140 142 144 
43 45 67 70 71 72 77 
79 80 81 82 84 85 86 
1 3 6 23 24 26 40 
115 131 132 133 134 135 136 
44 73 74 75 76 78 89 92 
61 62 63 64 65 66 68 69 
7 14 15 16 17 20 41 42 
123 125 126 127 128 129 130 
8 9 10 11 12 13 
90 93 94 95 96 98 99 
[SAVELOGS] evolution saved to results/logs/pr144_20_4/evolution/pr144_20_4
[SAVELOGS] best cost saved to results/logs/pr144_20_4/objectives/pr144_20_4
[SAVELOGS] best solution saved to results/logs/pr144_20_4/solutions/pr144_20_4
