[ITER 1] New best cost=631951.11 (feasible=YES, time 0.590133s)
[ITER 2] New best cost=547294.31 (feasible=YES, time 1.11034s)
[ITER 10] bestGlobalCost=547294.31 (feasible=YES) bestThisIter=614593.30 feasibleAnts=10 noImprove=8 (elapsed 5.46859s)
[ITER 14] New best cost=538058.94 (feasible=YES, time 7.457s)
[ITER 15] New best cost=513835.85 (feasible=YES, time 9.74638s)
[ITER 15] New best cost=509948.55 (feasible=YES, time 15.0895s)
[ITER 20] bestGlobalCost=509948.55 (feasible=YES) bestThisIter=511644.58 feasibleAnts=10 noImprove=5 (elapsed 18.2758s)
[ITER 30] New best cost=508676.90 (feasible=YES, time 31.2038s)
[ITER 30] bestGlobalCost=508676.90 (feasible=YES) bestThisIter=565532.93 feasibleAnts=10 noImprove=0 (elapsed 31.2079s)
[ITER 40] bestGlobalCost=508676.90 (feasible=YES) bestThisIter=542835.29 feasibleAnts=10 noImprove=10 (elapsed 33.9144s)
[ITER 48] New best cost=506558.94 (feasible=YES, time 46.6066s)
[ITER 50] bestGlobalCost=506558.94 (feasible=YES) bestThisIter=522145.28 feasibleAnts=10 noImprove=2 (elapsed 47.103s)
[ITER 51] New best cost=505881.61 (feasible=YES, time 47.4029s)
[ITER 54] New best cost=494689.00 (feasible=YES, time 47.8781s)
[ITER 56] New best cost=493201.83 (feasible=YES, time 48.267s)
[ITER 60] New best cost=487168.26 (feasible=YES, time 50.8904s)
[ITER 60] bestGlobalCost=487168.26 (feasible=YES) bestThisIter=493201.83 feasibleAnts=10 noImprove=0 (elapsed 57.4763s)
[ITER 70] bestGlobalCost=487168.26 (feasible=YES) bestThisIter=515813.36 feasibleAnts=10 noImprove=10 (elapsed 60.1188s)
1 2 3 22 23 25 29 35 
107 137 138 139 140 142 144 
6 19 37 38 39 40 
91 116 117 118 119 120 121 122 
88 97 100 101 102 103 124 
123 125 126 127 128 129 130 
61 63 64 65 66 68 69 70 
31 32 33 34 49 50 60 
10 15 16 18 20 21 41 42 
79 80 81 82 84 85 86 
4 5 24 26 27 30 36 
7 8 9 11 12 13 
111 112 113 114 141 143 
83 87 104 105 106 108 109 110 
28 46 47 48 59 62 
89 93 94 95 96 98 99 
115 131 132 133 134 135 136 
14 17 44 45 67 71 72 
51 52 53 54 55 56 57 58 
43 73 74 75 76 77 78 90 92 
[SAVELOGS] evolution saved to results/logs/pr144_20_4/evolution/pr144_20_4
[SAVELOGS] best cost saved to results/logs/pr144_20_4/objectives/pr144_20_4
[SAVELOGS] best solution saved to results/logs/pr144_20_4/solutions/pr144_20_4
