[ITER 1] New best cost=6087732.59 (feasible=YES, time 0.322039s)
[ITER 2] New best cost=6022104.16 (feasible=YES, time 0.458292s)
[ITER 4] New best cost=6019889.31 (feasible=YES, time 0.646516s)
[ITER 5] New best cost=5999529.23 (feasible=YES, time 0.718516s)
[ITER 7] New best cost=5987559.44 (feasible=YES, time 0.866994s)
[ITER 10] bestGlobalCost=5987559.44 (feasible=YES) bestThisIter=6006476.35 feasibleAnts=30 noImprove=3 (elapsed 2.17389s)
[ITER 17] New best cost=5971206.56 (feasible=YES, time 2.66765s)
[ITER 20] bestGlobalCost=5971206.56 (feasible=YES) bestThisIter=5987559.44 feasibleAnts=34 noImprove=3 (elapsed 3.93575s)
[ITER 30] bestGlobalCost=5971206.56 (feasible=YES) bestThisIter=5989057.52 feasibleAnts=9 noImprove=13 (elapsed 5.7376s)
[ITER 32] New best cost=5966477.42 (feasible=YES, time 5.90711s)
[ITER 40] New best cost=5964778.34 (feasible=YES, time 7.80897s)
[ITER 40] bestGlobalCost=5964778.34 (feasible=YES) bestThisIter=5966477.42 feasibleAnts=15 noImprove=0 (elapsed 7.81331s)
[ITER 50] bestGlobalCost=5964778.34 (feasible=YES) bestThisIter=6011932.78 feasibleAnts=18 noImprove=10 (elapsed 10.1799s)
[ITER 59] New best cost=5944362.23 (feasible=YES, time 11.0885s)
[ITER 60] bestGlobalCost=5944362.23 (feasible=YES) bestThisIter=5964778.34 feasibleAnts=35 noImprove=1 (elapsed 12.2463s)
[ITER 68] New best cost=5941710.90 (feasible=YES, time 12.7231s)
[ITER 70] bestGlobalCost=5941710.90 (feasible=YES) bestThisIter=5944362.23 feasibleAnts=32 noImprove=2 (elapsed 14.1287s)
[ITER 80] bestGlobalCost=5941710.90 (feasible=YES) bestThisIter=6049439.22 feasibleAnts=9 noImprove=12 (elapsed 15.8915s)
[ITER 90] bestGlobalCost=5941710.90 (feasible=YES) bestThisIter=6014918.24 feasibleAnts=6 noImprove=22 (elapsed 17.7534s)
[ITER 100] bestGlobalCost=5941710.90 (feasible=YES) bestThisIter=5967097.50 feasibleAnts=6 noImprove=32 (elapsed 19.8261s)
[ITER 110] bestGlobalCost=5941710.90 (feasible=YES) bestThisIter=5979043.27 feasibleAnts=6 noImprove=42 (elapsed 22.0706s)
[ITER 120] bestGlobalCost=5941710.90 (feasible=YES) bestThisIter=6169375.11 feasibleAnts=6 noImprove=52 (elapsed 24.4979s)
[ITER 130] bestGlobalCost=5941710.90 (feasible=YES) bestThisIter=6121139.84 feasibleAnts=6 noImprove=62 (elapsed 27.046s)
[ITER 140] bestGlobalCost=5941710.90 (feasible=YES) bestThisIter=6109971.80 feasibleAnts=4 noImprove=72 (elapsed 29.6891s)
[ITER 150] bestGlobalCost=5941710.90 (feasible=YES) bestThisIter=6063845.36 feasibleAnts=7 noImprove=82 (elapsed 32.4163s)
[ITER 160] bestGlobalCost=5941710.90 (feasible=YES) bestThisIter=6069040.87 feasibleAnts=5 noImprove=92 (elapsed 35.2125s)
[RESET] no improvement for100-> reset pheromones
[ITER 170] bestGlobalCost=5941710.90 (feasible=YES) bestThisIter=5969321.74 feasibleAnts=5 noImprove=2 (elapsed 38.0995s)
[ITER 180] New best cost=5940983.54 (feasible=YES, time 40.0925s)
[ITER 180] bestGlobalCost=5940983.54 (feasible=YES) bestThisIter=5941710.90 feasibleAnts=8 noImprove=0 (elapsed 40.0955s)
[ITER 190] bestGlobalCost=5940983.54 (feasible=YES) bestThisIter=5941596.43 feasibleAnts=17 noImprove=10 (elapsed 41.7953s)
[ITER 200] bestGlobalCost=5940983.54 (feasible=YES) bestThisIter=5951326.30 feasibleAnts=6 noImprove=20 (elapsed 43.6974s)
[ITER 201] New best cost=5937678.24 (feasible=YES, time 43.7856s)
[ITER 206] New best cost=5937584.95 (feasible=YES, time 43.9754s)
[ITER 210] bestGlobalCost=5937584.95 (feasible=YES) bestThisIter=5937678.24 feasibleAnts=26 noImprove=4 (elapsed 45.2657s)
[ITER 220] bestGlobalCost=5937584.95 (feasible=YES) bestThisIter=5978742.23 feasibleAnts=9 noImprove=14 (elapsed 47.1327s)
[ITER 230] bestGlobalCost=5937584.95 (feasible=YES) bestThisIter=5959042.86 feasibleAnts=7 noImprove=24 (elapsed 49.0494s)
[ITER 240] bestGlobalCost=5937584.95 (feasible=YES) bestThisIter=5937678.24 feasibleAnts=6 noImprove=34 (elapsed 51.031s)
[ITER 250] bestGlobalCost=5937584.95 (feasible=YES) bestThisIter=6021476.21 feasibleAnts=5 noImprove=44 (elapsed 53.3059s)
[ITER 260] bestGlobalCost=5937584.95 (feasible=YES) bestThisIter=6097023.04 feasibleAnts=5 noImprove=54 (elapsed 55.6226s)
[ITER 270] bestGlobalCost=5937584.95 (feasible=YES) bestThisIter=6091937.04 feasibleAnts=5 noImprove=64 (elapsed 58.2074s)
[ITER 280] bestGlobalCost=5937584.95 (feasible=YES) bestThisIter=6029406.86 feasibleAnts=5 noImprove=74 (elapsed 60.9699s)
[ITER 290] bestGlobalCost=5937584.95 (feasible=YES) bestThisIter=6009386.33 feasibleAnts=5 noImprove=84 (elapsed 63.7346s)
[ITER 300] bestGlobalCost=5937584.95 (feasible=YES) bestThisIter=6089080.77 feasibleAnts=6 noImprove=94 (elapsed 66.5619s)
[RESET] no improvement for100-> reset pheromones
[ITER 310] bestGlobalCost=5937584.95 (feasible=YES) bestThisIter=5938687.11 feasibleAnts=6 noImprove=4 (elapsed 69.3754s)
[ITER 317] New best cost=5929252.92 (feasible=YES, time 69.9731s)
[ITER 320] bestGlobalCost=5929252.92 (feasible=YES) bestThisIter=5937584.95 feasibleAnts=34 noImprove=3 (elapsed 71.239s)
[ITER 330] bestGlobalCost=5929252.92 (feasible=YES) bestThisIter=6069081.68 feasibleAnts=11 noImprove=13 (elapsed 73.0963s)
[ITER 340] bestGlobalCost=5929252.92 (feasible=YES) bestThisIter=5950538.90 feasibleAnts=6 noImprove=23 (elapsed 75.0058s)
[ITER 350] bestGlobalCost=5929252.92 (feasible=YES) bestThisIter=6031790.52 feasibleAnts=9 noImprove=33 (elapsed 76.9831s)
[ITER 354] New best cost=5924709.80 (feasible=YES, time 77.407s)
[ITER 359] New best cost=5923966.96 (feasible=YES, time 77.62s)
[ITER 360] bestGlobalCost=5923966.96 (feasible=YES) bestThisIter=5924709.80 feasibleAnts=34 noImprove=1 (elapsed 78.8355s)
[ITER 370] bestGlobalCost=5923966.96 (feasible=YES) bestThisIter=5935175.98 feasibleAnts=9 noImprove=11 (elapsed 80.5654s)
[ITER 378] New best cost=5917045.67 (feasible=YES, time 81.1275s)
[ITER 380] bestGlobalCost=5917045.67 (feasible=YES) bestThisIter=5923966.96 feasibleAnts=29 noImprove=2 (elapsed 82.3387s)
[ITER 390] bestGlobalCost=5917045.67 (feasible=YES) bestThisIter=5955171.10 feasibleAnts=8 noImprove=12 (elapsed 84.1595s)
[ITER 393] New best cost=5911643.57 (feasible=YES, time 84.3918s)
[ITER 400] bestGlobalCost=5911643.57 (feasible=YES) bestThisIter=5926841.50 feasibleAnts=18 noImprove=7 (elapsed 85.8828s)
[ITER 401] New best cost=5911321.01 (feasible=YES, time 85.9668s)
[ITER 406] New best cost=5904431.81 (feasible=YES, time 86.2681s)
[ITER 410] bestGlobalCost=5904431.81 (feasible=YES) bestThisIter=5911321.01 feasibleAnts=27 noImprove=4 (elapsed 87.562s)
[ITER 420] bestGlobalCost=5904431.81 (feasible=YES) bestThisIter=5976768.16 feasibleAnts=11 noImprove=14 (elapsed 89.4224s)
[ITER 430] bestGlobalCost=5904431.81 (feasible=YES) bestThisIter=5944366.29 feasibleAnts=7 noImprove=24 (elapsed 91.5614s)
[ITER 440] bestGlobalCost=5904431.81 (feasible=YES) bestThisIter=5919675.10 feasibleAnts=8 noImprove=34 (elapsed 94.3352s)
[ITER 450] bestGlobalCost=5904431.81 (feasible=YES) bestThisIter=5950106.47 feasibleAnts=6 noImprove=44 (elapsed 96.8026s)
[ITER 460] bestGlobalCost=5904431.81 (feasible=YES) bestThisIter=5958631.98 feasibleAnts=5 noImprove=54 (elapsed 99.1823s)
[ITER 470] bestGlobalCost=5904431.81 (feasible=YES) bestThisIter=6075453.05 feasibleAnts=6 noImprove=64 (elapsed 101.724s)
[ITER 480] bestGlobalCost=5904431.81 (feasible=YES) bestThisIter=6032770.74 feasibleAnts=5 noImprove=74 (elapsed 104.406s)
[ITER 490] bestGlobalCost=5904431.81 (feasible=YES) bestThisIter=6010803.00 feasibleAnts=8 noImprove=84 (elapsed 107.147s)
[ITER 500] bestGlobalCost=5904431.81 (feasible=YES) bestThisIter=6004583.65 feasibleAnts=6 noImprove=94 (elapsed 109.96s)
[RESET] no improvement for100-> reset pheromones
[ITER 510] bestGlobalCost=5904431.81 (feasible=YES) bestThisIter=5933194.06 feasibleAnts=7 noImprove=4 (elapsed 112.75s)
[ITER 520] bestGlobalCost=5904431.81 (feasible=YES) bestThisIter=5928649.03 feasibleAnts=8 noImprove=14 (elapsed 114.71s)
[ITER 530] bestGlobalCost=5904431.81 (feasible=YES) bestThisIter=5990327.71 feasibleAnts=6 noImprove=24 (elapsed 116.79s)
[ITER 540] bestGlobalCost=5904431.81 (feasible=YES) bestThisIter=6028402.56 feasibleAnts=5 noImprove=34 (elapsed 119.061s)
[ITER 550] bestGlobalCost=5904431.81 (feasible=YES) bestThisIter=6062860.72 feasibleAnts=6 noImprove=44 (elapsed 121.557s)
[ITER 560] bestGlobalCost=5904431.81 (feasible=YES) bestThisIter=6057695.93 feasibleAnts=5 noImprove=54 (elapsed 124.219s)
[ITER 570] bestGlobalCost=5904431.81 (feasible=YES) bestThisIter=6061719.18 feasibleAnts=5 noImprove=64 (elapsed 126.889s)
[ITER 580] bestGlobalCost=5904431.81 (feasible=YES) bestThisIter=6047646.11 feasibleAnts=5 noImprove=74 (elapsed 129.706s)
[ITER 590] bestGlobalCost=5904431.81 (feasible=YES) bestThisIter=6136583.20 feasibleAnts=7 noImprove=84 (elapsed 132.506s)
[ITER 600] bestGlobalCost=5904431.81 (feasible=YES) bestThisIter=5997103.60 feasibleAnts=7 noImprove=94 (elapsed 135.37s)
[RESET] no improvement for100-> reset pheromones
[ITER 610] bestGlobalCost=5904431.81 (feasible=YES) bestThisIter=5913610.77 feasibleAnts=8 noImprove=4 (elapsed 138.165s)
[ITER 620] bestGlobalCost=5904431.81 (feasible=YES) bestThisIter=5913883.88 feasibleAnts=6 noImprove=14 (elapsed 140.133s)
[ITER 630] bestGlobalCost=5904431.81 (feasible=YES) bestThisIter=5971383.97 feasibleAnts=6 noImprove=24 (elapsed 142.233s)
[ITER 640] bestGlobalCost=5904431.81 (feasible=YES) bestThisIter=5976703.64 feasibleAnts=5 noImprove=34 (elapsed 144.466s)
[ITER 650] bestGlobalCost=5904431.81 (feasible=YES) bestThisIter=5968074.94 feasibleAnts=7 noImprove=44 (elapsed 146.951s)
[ITER 660] bestGlobalCost=5904431.81 (feasible=YES) bestThisIter=5956683.17 feasibleAnts=5 noImprove=54 (elapsed 149.513s)
[ITER 670] bestGlobalCost=5904431.81 (feasible=YES) bestThisIter=6043395.74 feasibleAnts=5 noImprove=64 (elapsed 152.243s)
[ITER 680] bestGlobalCost=5904431.81 (feasible=YES) bestThisIter=5994315.13 feasibleAnts=4 noImprove=74 (elapsed 154.964s)
[ITER 690] bestGlobalCost=5904431.81 (feasible=YES) bestThisIter=6155792.83 feasibleAnts=6 noImprove=84 (elapsed 157.79s)
[ITER 700] bestGlobalCost=5904431.81 (feasible=YES) bestThisIter=6166650.42 feasibleAnts=7 noImprove=94 (elapsed 160.568s)
[RESET] no improvement for100-> reset pheromones
[ITER 710] bestGlobalCost=5904431.81 (feasible=YES) bestThisIter=5914571.26 feasibleAnts=8 noImprove=4 (elapsed 163.335s)
[ITER 720] bestGlobalCost=5904431.81 (feasible=YES) bestThisIter=5945503.70 feasibleAnts=7 noImprove=14 (elapsed 165.255s)
[ITER 730] bestGlobalCost=5904431.81 (feasible=YES) bestThisIter=5908195.21 feasibleAnts=6 noImprove=24 (elapsed 167.375s)
[ITER 740] bestGlobalCost=5904431.81 (feasible=YES) bestThisIter=6064407.04 feasibleAnts=5 noImprove=34 (elapsed 169.716s)
[ITER 750] bestGlobalCost=5904431.81 (feasible=YES) bestThisIter=6111772.48 feasibleAnts=5 noImprove=44 (elapsed 172.104s)
[ITER 760] bestGlobalCost=5904431.81 (feasible=YES) bestThisIter=5993030.48 feasibleAnts=4 noImprove=54 (elapsed 174.659s)
[ITER 770] bestGlobalCost=5904431.81 (feasible=YES) bestThisIter=6064578.86 feasibleAnts=5 noImprove=64 (elapsed 177.399s)
[ITER 780] bestGlobalCost=5904431.81 (feasible=YES) bestThisIter=5992096.70 feasibleAnts=4 noImprove=74 (elapsed 180.26s)
[ITER 790] bestGlobalCost=5904431.81 (feasible=YES) bestThisIter=6109978.55 feasibleAnts=5 noImprove=84 (elapsed 183.14s)
[ITER 800] bestGlobalCost=5904431.81 (feasible=YES) bestThisIter=6037210.91 feasibleAnts=5 noImprove=94 (elapsed 186.084s)
[RESET] no improvement for100-> reset pheromones
[ITER 810] bestGlobalCost=5904431.81 (feasible=YES) bestThisIter=5933194.06 feasibleAnts=8 noImprove=4 (elapsed 188.835s)
[ITER 820] bestGlobalCost=5904431.81 (feasible=YES) bestThisIter=5918056.21 feasibleAnts=9 noImprove=14 (elapsed 190.799s)
[ITER 830] bestGlobalCost=5904431.81 (feasible=YES) bestThisIter=5919539.15 feasibleAnts=6 noImprove=24 (elapsed 192.897s)
[ITER 840] bestGlobalCost=5904431.81 (feasible=YES) bestThisIter=5992966.48 feasibleAnts=5 noImprove=34 (elapsed 195.211s)
[ITER 850] bestGlobalCost=5904431.81 (feasible=YES) bestThisIter=6024290.28 feasibleAnts=6 noImprove=44 (elapsed 197.654s)
[ITER 860] bestGlobalCost=5904431.81 (feasible=YES) bestThisIter=6096736.50 feasibleAnts=5 noImprove=54 (elapsed 200.198s)
[ITER 870] bestGlobalCost=5904431.81 (feasible=YES) bestThisIter=5981812.13 feasibleAnts=4 noImprove=64 (elapsed 202.909s)
[ITER 880] bestGlobalCost=5904431.81 (feasible=YES) bestThisIter=6103057.18 feasibleAnts=6 noImprove=74 (elapsed 206.456s)
[ITER 890] bestGlobalCost=5904431.81 (feasible=YES) bestThisIter=6076213.32 feasibleAnts=4 noImprove=84 (elapsed 209.54s)
[ITER 900] bestGlobalCost=5904431.81 (feasible=YES) bestThisIter=5991931.24 feasibleAnts=5 noImprove=94 (elapsed 212.481s)
[RESET] no improvement for100-> reset pheromones
[ITER 910] bestGlobalCost=5904431.81 (feasible=YES) bestThisIter=5934746.58 feasibleAnts=3 noImprove=4 (elapsed 215.227s)
[ITER 920] bestGlobalCost=5904431.81 (feasible=YES) bestThisIter=5916813.36 feasibleAnts=6 noImprove=14 (elapsed 217.166s)
[ITER 930] bestGlobalCost=5904431.81 (feasible=YES) bestThisIter=5913610.77 feasibleAnts=7 noImprove=24 (elapsed 219.353s)
[ITER 940] bestGlobalCost=5904431.81 (feasible=YES) bestThisIter=5927939.33 feasibleAnts=8 noImprove=34 (elapsed 221.576s)
[ITER 950] bestGlobalCost=5904431.81 (feasible=YES) bestThisIter=6117494.60 feasibleAnts=5 noImprove=44 (elapsed 224.051s)
[ITER 960] bestGlobalCost=5904431.81 (feasible=YES) bestThisIter=6009695.62 feasibleAnts=5 noImprove=54 (elapsed 226.574s)
[ITER 970] bestGlobalCost=5904431.81 (feasible=YES) bestThisIter=6146036.40 feasibleAnts=6 noImprove=64 (elapsed 229.236s)
[ITER 980] bestGlobalCost=5904431.81 (feasible=YES) bestThisIter=6053024.35 feasibleAnts=6 noImprove=74 (elapsed 232.059s)
[ITER 990] bestGlobalCost=5904431.81 (feasible=YES) bestThisIter=6072092.01 feasibleAnts=5 noImprove=84 (elapsed 234.906s)
[ITER 1000] bestGlobalCost=5904431.81 (feasible=YES) bestThisIter=6031949.67 feasibleAnts=6 noImprove=94 (elapsed 237.872s)
[RESET] no improvement for100-> reset pheromones
[ITER 1010] bestGlobalCost=5904431.81 (feasible=YES) bestThisIter=5909239.40 feasibleAnts=7 noImprove=4 (elapsed 240.726s)
[ITER 1020] bestGlobalCost=5904431.81 (feasible=YES) bestThisIter=5968704.57 feasibleAnts=6 noImprove=14 (elapsed 242.74s)
[ITER 1030] bestGlobalCost=5904431.81 (feasible=YES) bestThisIter=5969051.99 feasibleAnts=6 noImprove=24 (elapsed 245.43s)
[ITER 1040] bestGlobalCost=5904431.81 (feasible=YES) bestThisIter=5977326.23 feasibleAnts=5 noImprove=34 (elapsed 248.182s)
[ITER 1050] bestGlobalCost=5904431.81 (feasible=YES) bestThisIter=6163517.33 feasibleAnts=6 noImprove=44 (elapsed 250.68s)
[ITER 1060] bestGlobalCost=5904431.81 (feasible=YES) bestThisIter=5980215.69 feasibleAnts=4 noImprove=54 (elapsed 253.189s)
[ITER 1070] bestGlobalCost=5904431.81 (feasible=YES) bestThisIter=6071371.38 feasibleAnts=6 noImprove=64 (elapsed 256.021s)
[ITER 1080] bestGlobalCost=5904431.81 (feasible=YES) bestThisIter=6132404.10 feasibleAnts=7 noImprove=74 (elapsed 259.702s)
[ITER 1090] bestGlobalCost=5904431.81 (feasible=YES) bestThisIter=6155873.65 feasibleAnts=5 noImprove=84 (elapsed 262.569s)
[ITER 1100] bestGlobalCost=5904431.81 (feasible=YES) bestThisIter=6163019.08 feasibleAnts=5 noImprove=94 (elapsed 265.356s)
[RESET] no improvement for100-> reset pheromones
[ITER 1110] bestGlobalCost=5904431.81 (feasible=YES) bestThisIter=5928371.57 feasibleAnts=8 noImprove=4 (elapsed 268.162s)
[ITER 1120] bestGlobalCost=5904431.81 (feasible=YES) bestThisIter=5940723.88 feasibleAnts=8 noImprove=14 (elapsed 270.139s)
[ITER 1130] bestGlobalCost=5904431.81 (feasible=YES) bestThisIter=5938723.98 feasibleAnts=6 noImprove=24 (elapsed 272.158s)
[ITER 1140] bestGlobalCost=5904431.81 (feasible=YES) bestThisIter=5917807.98 feasibleAnts=3 noImprove=34 (elapsed 274.468s)
[ITER 1150] bestGlobalCost=5904431.81 (feasible=YES) bestThisIter=6113741.58 feasibleAnts=5 noImprove=44 (elapsed 276.907s)
[ITER 1160] bestGlobalCost=5904431.81 (feasible=YES) bestThisIter=6017813.98 feasibleAnts=5 noImprove=54 (elapsed 279.409s)
[ITER 1170] bestGlobalCost=5904431.81 (feasible=YES) bestThisIter=6113777.13 feasibleAnts=6 noImprove=64 (elapsed 282.076s)
[ITER 1180] bestGlobalCost=5904431.81 (feasible=YES) bestThisIter=6104054.27 feasibleAnts=5 noImprove=74 (elapsed 284.935s)
[ITER 1190] bestGlobalCost=5904431.81 (feasible=YES) bestThisIter=6158400.48 feasibleAnts=7 noImprove=84 (elapsed 287.749s)
[ITER 1200] bestGlobalCost=5904431.81 (feasible=YES) bestThisIter=6024892.01 feasibleAnts=4 noImprove=94 (elapsed 290.766s)
[RESET] no improvement for100-> reset pheromones
[ITER 1210] bestGlobalCost=5904431.81 (feasible=YES) bestThisIter=5946241.70 feasibleAnts=5 noImprove=4 (elapsed 293.544s)
[ITER 1220] bestGlobalCost=5904431.81 (feasible=YES) bestThisIter=5913911.68 feasibleAnts=8 noImprove=14 (elapsed 295.478s)
[ITER 1230] bestGlobalCost=5904431.81 (feasible=YES) bestThisIter=5908195.21 feasibleAnts=5 noImprove=24 (elapsed 297.539s)
[ITER 1240] bestGlobalCost=5904431.81 (feasible=YES) bestThisIter=5954860.92 feasibleAnts=6 noImprove=34 (elapsed 299.794s)
87 88 89 91 92 94 95 112 113 114 115 116 117 119 120 190 211 212 213 214 215 216 220 
1 2 3 4 5 6 7 8 9 10 11 30 33 34 35 126 127 131 132 133 134 135 
58 60 61 62 63 64 65 66 67 68 90 160 161 162 163 164 165 182 186 187 188 189 
85 86 101 102 103 104 105 106 107 108 109 110 111 203 204 205 206 207 208 209 210 
69 70 71 72 73 74 75 168 169 170 171 172 173 174 175 191 192 193 194 196 197 198 
26 27 28 29 31 32 51 52 53 54 55 128 129 130 151 152 153 154 155 156 157 158 159 176 
12 13 14 15 16 17 18 19 36 37 38 39 40 41 42 43 136 137 138 139 140 144 145 
56 57 59 76 77 78 79 80 81 82 83 84 177 178 179 180 181 183 184 185 201 202 
93 96 97 98 99 100 118 121 122 123 124 125 195 199 200 217 218 219 221 222 223 224 225 
20 21 22 23 24 25 44 45 46 47 48 49 50 141 142 143 146 147 148 149 150 166 167 
[SAVELOGS] evolution saved to results/logs/aco_logs/evolution/ts225_10_4.txt
[SAVELOGS] best cost saved to results/logs/aco_logs/objectives/ts225_10_4.txt
[SAVELOGS] best solution saved to results/logs/aco_logs/solutions/ts225_10_4.txt
