[ITER 1] New best cost=405826.49 (feasible=YES, time 1.44296s)
[ITER 2] New best cost=405517.64 (feasible=YES, time 2.76875s)
[ITER 5] New best cost=405314.13 (feasible=YES, time 6.07582s)
[ITER 8] New best cost=405313.87 (feasible=YES, time 8.92366s)
[ITER 10] bestGlobalCost=405313.87 (feasible=YES) bestThisIter=405313.87 feasibleAnts=10 noImprove=2 (elapsed 12.9143s)
[ITER 20] bestGlobalCost=405313.87 (feasible=YES) bestThisIter=405313.87 feasibleAnts=14 noImprove=12 (elapsed 25.8512s)
[ITER 30] bestGlobalCost=405313.87 (feasible=YES) bestThisIter=405313.87 feasibleAnts=11 noImprove=22 (elapsed 38.5903s)
[RESET] no improvement for30-> reset pheromones
[ITER 40] bestGlobalCost=405313.87 (feasible=YES) bestThisIter=405313.87 feasibleAnts=10 noImprove=2 (elapsed 51.7742s)
[ITER 50] bestGlobalCost=405313.87 (feasible=YES) bestThisIter=405313.87 feasibleAnts=12 noImprove=12 (elapsed 64.9288s)
[ITER 60] bestGlobalCost=405313.87 (feasible=YES) bestThisIter=405313.87 feasibleAnts=12 noImprove=22 (elapsed 79.2782s)
[RESET] no improvement for30-> reset pheromones
[ITER 70] bestGlobalCost=405313.87 (feasible=YES) bestThisIter=405313.87 feasibleAnts=10 noImprove=2 (elapsed 93.3234s)
[ITER 80] bestGlobalCost=405313.87 (feasible=YES) bestThisIter=405313.87 feasibleAnts=10 noImprove=12 (elapsed 105.913s)
[ITER 90] bestGlobalCost=405313.87 (feasible=YES) bestThisIter=405313.87 feasibleAnts=12 noImprove=22 (elapsed 118.811s)
[RESET] no improvement for30-> reset pheromones
[ITER 100] bestGlobalCost=405313.87 (feasible=YES) bestThisIter=405313.87 feasibleAnts=10 noImprove=2 (elapsed 132.115s)
[ITER 110] bestGlobalCost=405313.87 (feasible=YES) bestThisIter=405313.87 feasibleAnts=11 noImprove=12 (elapsed 144.883s)
[ITER 120] bestGlobalCost=405313.87 (feasible=YES) bestThisIter=405313.87 feasibleAnts=11 noImprove=22 (elapsed 157.613s)
[RESET] no improvement for30-> reset pheromones
[ITER 130] bestGlobalCost=405313.87 (feasible=YES) bestThisIter=405313.87 feasibleAnts=11 noImprove=2 (elapsed 171.262s)
[ITER 140] bestGlobalCost=405313.87 (feasible=YES) bestThisIter=405313.87 feasibleAnts=11 noImprove=12 (elapsed 184.047s)
[ITER 150] bestGlobalCost=405313.87 (feasible=YES) bestThisIter=405313.87 feasibleAnts=12 noImprove=22 (elapsed 197.542s)
[RESET] no improvement for30-> reset pheromones
[ITER 160] bestGlobalCost=405313.87 (feasible=YES) bestThisIter=405313.87 feasibleAnts=10 noImprove=2 (elapsed 211.154s)
[ITER 170] bestGlobalCost=405313.87 (feasible=YES) bestThisIter=405313.87 feasibleAnts=12 noImprove=12 (elapsed 224.178s)
[ITER 180] bestGlobalCost=405313.87 (feasible=YES) bestThisIter=405313.87 feasibleAnts=11 noImprove=22 (elapsed 237.533s)
[RESET] no improvement for30-> reset pheromones
[ITER 190] bestGlobalCost=405313.87 (feasible=YES) bestThisIter=405313.87 feasibleAnts=10 noImprove=2 (elapsed 250.36s)
[ITER 200] bestGlobalCost=405313.87 (feasible=YES) bestThisIter=405313.87 feasibleAnts=14 noImprove=12 (elapsed 262.816s)
[ITER 210] bestGlobalCost=405313.87 (feasible=YES) bestThisIter=405313.87 feasibleAnts=13 noImprove=22 (elapsed 275.617s)
[RESET] no improvement for30-> reset pheromones
[ITER 220] bestGlobalCost=405313.87 (feasible=YES) bestThisIter=405313.87 feasibleAnts=11 noImprove=2 (elapsed 289.622s)
[ITER 230] bestGlobalCost=405313.87 (feasible=YES) bestThisIter=405313.87 feasibleAnts=11 noImprove=12 (elapsed 302.282s)
128 129 134 135 136 137 138 139 140 141 142 143 144 145 146 147 148 149 150 151 152 153 154 155 156 157 158 159 160 161 162 163 164 165 166 167 177 178 183 201 212 213 215 
5 8 10 11 12 13 14 15 16 17 18 19 20 21 22 23 24 25 26 28 29 30 31 32 33 34 35 36 37 38 39 40 41 76 77 78 79 202 203 204 206 208 217 219 
67 69 70 71 72 73 75 80 81 82 83 84 85 86 87 88 89 90 91 92 93 94 95 96 97 98 99 100 101 102 103 104 105 106 127 130 131 132 209 210 211 216 220 221 222 
60 61 62 63 64 65 66 107 108 109 110 111 112 113 114 115 116 117 118 119 120 121 122 123 124 125 126 168 169 170 171 172 173 174 175 176 179 180 181 182 184 185 186 187 188 214 223 
1 2 3 4 6 7 9 27 42 43 44 45 46 47 48 49 50 51 52 53 54 55 56 57 58 59 68 74 133 189 190 191 192 193 194 195 196 197 198 199 200 205 207 218 224 225 
[SAVELOGS] evolution saved to results/logs/aco_logs/evolution/tsp225_05_3.txt
[SAVELOGS] best cost saved to results/logs/aco_logs/objectives/tsp225_05_3.txt
[SAVELOGS] best solution saved to results/logs/aco_logs/solutions/tsp225_05_3.txt
