[ITER 1] New best cost=33151.87 (feasible=YES, time 0.105085s)
[ITER 2] New best cost=32273.85 (feasible=YES, time 0.197656s)
[ITER 3] New best cost=31264.91 (feasible=YES, time 0.284808s)
[ITER 4] New best cost=31051.43 (feasible=YES, time 0.352911s)
[ITER 10] bestGlobalCost=31051.43 (feasible=YES) bestThisIter=31913.31 feasibleAnts=10 noImprove=6 (elapsed 0.880577s)
[ITER 14] New best cost=30789.40 (feasible=YES, time 1.25019s)
[ITER 15] New best cost=30273.56 (feasible=YES, time 1.94966s)
[ITER 15] New best cost=30154.84 (feasible=YES, time 3.8679s)
[ITER 20] bestGlobalCost=30154.84 (feasible=YES) bestThisIter=30154.84 feasibleAnts=10 noImprove=5 (elapsed 4.9286s)
[ITER 30] bestGlobalCost=30154.84 (feasible=YES) bestThisIter=31093.41 feasibleAnts=10 noImprove=15 (elapsed 9.62287s)
[ITER 40] bestGlobalCost=30154.84 (feasible=YES) bestThisIter=32923.72 feasibleAnts=10 noImprove=25 (elapsed 10.7736s)
[ITER 45] New best cost=30112.52 (feasible=YES, time 13.4691s)
[ITER 45] New best cost=29935.85 (feasible=YES, time 14.2097s)
[ITER 50] bestGlobalCost=29935.85 (feasible=YES) bestThisIter=29935.85 feasibleAnts=10 noImprove=5 (elapsed 15.4093s)
[ITER 60] bestGlobalCost=29935.85 (feasible=YES) bestThisIter=31319.66 feasibleAnts=10 noImprove=15 (elapsed 19.5711s)
[ITER 70] bestGlobalCost=29935.85 (feasible=YES) bestThisIter=31056.33 feasibleAnts=10 noImprove=25 (elapsed 20.731s)
[RESET] no improvement for30-> reset pheromones
[ITER 80] bestGlobalCost=29935.85 (feasible=YES) bestThisIter=32091.62 feasibleAnts=10 noImprove=5 (elapsed 25.613s)
[ITER 90] bestGlobalCost=29935.85 (feasible=YES) bestThisIter=31410.06 feasibleAnts=10 noImprove=15 (elapsed 30.3509s)
[ITER 100] bestGlobalCost=29935.85 (feasible=YES) bestThisIter=31778.11 feasibleAnts=10 noImprove=25 (elapsed 31.7083s)
[RESET] no improvement for30-> reset pheromones
[ITER 110] bestGlobalCost=29935.85 (feasible=YES) bestThisIter=31339.09 feasibleAnts=10 noImprove=5 (elapsed 36.0836s)
[ITER 120] bestGlobalCost=29935.85 (feasible=YES) bestThisIter=30992.64 feasibleAnts=10 noImprove=15 (elapsed 41.0725s)
[ITER 130] bestGlobalCost=29935.85 (feasible=YES) bestThisIter=31643.87 feasibleAnts=10 noImprove=25 (elapsed 42.1322s)
[RESET] no improvement for30-> reset pheromones
[ITER 140] bestGlobalCost=29935.85 (feasible=YES) bestThisIter=31158.58 feasibleAnts=10 noImprove=5 (elapsed 46.8812s)
[ITER 150] bestGlobalCost=29935.85 (feasible=YES) bestThisIter=30503.85 feasibleAnts=10 noImprove=15 (elapsed 51.4749s)
[ITER 160] bestGlobalCost=29935.85 (feasible=YES) bestThisIter=30772.78 feasibleAnts=10 noImprove=25 (elapsed 52.6922s)
[RESET] no improvement for30-> reset pheromones
[ITER 170] bestGlobalCost=29935.85 (feasible=YES) bestThisIter=30798.18 feasibleAnts=10 noImprove=5 (elapsed 57.5694s)
[ITER 180] bestGlobalCost=29935.85 (feasible=YES) bestThisIter=31681.29 feasibleAnts=10 noImprove=15 (elapsed 62.2762s)
61 64 69 86 88 124 
12 56 65 81 87 103 
6 42 51 53 60 102 
1 5 11 45 76 109 
17 27 31 34 43 100 104 107 
7 26 70 97 127 129 
38 49 58 72 91 92 106 120 
59 66 78 85 90 125 
25 32 36 84 94 113 
3 8 30 83 108 114 126 
22 37 40 44 47 122 
48 63 68 89 98 110 
4 20 35 46 54 80 93 118 
77 82 101 111 119 123 
15 19 24 29 79 95 116 
10 14 55 67 96 
2 39 41 50 71 117 130 
13 18 21 23 33 121 
16 28 62 105 112 115 128 
9 52 57 73 74 75 99 
[SAVELOGS] evolution saved to results/logs/ch130_20_2/evolution/ch130_20_2
[SAVELOGS] best cost saved to results/logs/ch130_20_2/objectives/ch130_20_2
[SAVELOGS] best solution saved to results/logs/ch130_20_2/solutions/ch130_20_2
