[ITER 1] New best cost=31995.53 (feasible=YES, time 0.147705s)
[ITER 2] New best cost=31817.05 (feasible=YES, time 0.246119s)
[ITER 3] New best cost=31303.15 (feasible=YES, time 0.355312s)
[ITER 5] New best cost=31023.47 (feasible=YES, time 0.586712s)
[ITER 6] New best cost=30875.55 (feasible=YES, time 0.699536s)
[ITER 10] New best cost=30803.26 (feasible=YES, time 1.11696s)
[ITER 10] bestGlobalCost=30803.26 (feasible=YES) bestThisIter=30803.26 feasibleAnts=10 noImprove=0 (elapsed 1.12099s)
[ITER 14] New best cost=30583.57 (feasible=YES, time 1.53529s)
[ITER 15] New best cost=30098.95 (feasible=YES, time 2.40374s)
[ITER 15] New best cost=30080.74 (feasible=YES, time 3.15664s)
[ITER 15] New best cost=30004.61 (feasible=YES, time 3.84798s)
[ITER 15] New best cost=29958.41 (feasible=YES, time 4.46346s)
[ITER 18] New best cost=29935.85 (feasible=YES, time 5.31325s)
[ITER 20] bestGlobalCost=29935.85 (feasible=YES) bestThisIter=29935.85 feasibleAnts=10 noImprove=2 (elapsed 5.47219s)
[ITER 30] bestGlobalCost=29935.85 (feasible=YES) bestThisIter=30651.02 feasibleAnts=10 noImprove=12 (elapsed 9.90357s)
[ITER 40] bestGlobalCost=29935.85 (feasible=YES) bestThisIter=31653.14 feasibleAnts=10 noImprove=22 (elapsed 11.1221s)
[RESET] no improvement for30-> reset pheromones
[ITER 50] bestGlobalCost=29935.85 (feasible=YES) bestThisIter=31056.88 feasibleAnts=10 noImprove=2 (elapsed 15.4533s)
[ITER 60] bestGlobalCost=29935.85 (feasible=YES) bestThisIter=31847.73 feasibleAnts=10 noImprove=12 (elapsed 19.8423s)
[ITER 70] bestGlobalCost=29935.85 (feasible=YES) bestThisIter=30869.67 feasibleAnts=10 noImprove=22 (elapsed 21.1007s)
[RESET] no improvement for30-> reset pheromones
[ITER 80] bestGlobalCost=29935.85 (feasible=YES) bestThisIter=30167.81 feasibleAnts=10 noImprove=2 (elapsed 25.8409s)
[ITER 90] bestGlobalCost=29935.85 (feasible=YES) bestThisIter=31006.41 feasibleAnts=10 noImprove=12 (elapsed 30.2952s)
[ITER 100] bestGlobalCost=29935.85 (feasible=YES) bestThisIter=30772.23 feasibleAnts=10 noImprove=22 (elapsed 31.4593s)
[RESET] no improvement for30-> reset pheromones
[ITER 110] bestGlobalCost=29935.85 (feasible=YES) bestThisIter=30922.95 feasibleAnts=10 noImprove=2 (elapsed 36.5368s)
[ITER 120] bestGlobalCost=29935.85 (feasible=YES) bestThisIter=31686.28 feasibleAnts=10 noImprove=12 (elapsed 41.3253s)
[ITER 130] bestGlobalCost=29935.85 (feasible=YES) bestThisIter=31141.81 feasibleAnts=10 noImprove=22 (elapsed 42.8044s)
[RESET] no improvement for30-> reset pheromones
[ITER 140] bestGlobalCost=29935.85 (feasible=YES) bestThisIter=31195.08 feasibleAnts=10 noImprove=2 (elapsed 47.2594s)
[ITER 150] bestGlobalCost=29935.85 (feasible=YES) bestThisIter=31464.90 feasibleAnts=10 noImprove=12 (elapsed 52.3833s)
[ITER 160] bestGlobalCost=29935.85 (feasible=YES) bestThisIter=31235.75 feasibleAnts=10 noImprove=22 (elapsed 53.4672s)
[RESET] no improvement for30-> reset pheromones
[ITER 170] bestGlobalCost=29935.85 (feasible=YES) bestThisIter=30870.25 feasibleAnts=10 noImprove=2 (elapsed 57.8109s)
[ITER 180] bestGlobalCost=29935.85 (feasible=YES) bestThisIter=32110.93 feasibleAnts=10 noImprove=12 (elapsed 62.7852s)
22 37 40 44 47 122 
3 8 30 83 108 114 126 
1 5 11 45 76 109 
25 32 36 84 94 113 
2 39 41 50 71 117 130 
4 20 35 46 54 80 93 118 
77 82 101 111 119 123 
38 49 58 72 91 92 106 120 
48 63 68 89 98 110 
61 64 69 86 88 124 
17 27 31 34 43 100 104 107 
6 42 51 53 60 102 
12 56 65 81 87 103 
59 66 78 85 90 125 
16 28 62 105 112 115 128 
9 52 57 73 74 75 99 
10 14 55 67 96 
15 19 24 29 79 95 116 
13 18 21 23 33 121 
7 26 70 97 127 129 
[SAVELOGS] evolution saved to results/logs/ch130_20_2/evolution/ch130_20_2
[SAVELOGS] best cost saved to results/logs/ch130_20_2/objectives/ch130_20_2
[SAVELOGS] best solution saved to results/logs/ch130_20_2/solutions/ch130_20_2
