[ITER 1] New best cost=83105.07 (feasible=YES, time 7.54969s)
[ITER 2] New best cost=73381.93 (feasible=YES, time 21.6064s)
[ITER 4] New best cost=73206.53 (feasible=YES, time 43.906s)
[ITER 7] New best cost=73175.15 (feasible=YES, time 72.9521s)
[ITER 8] New best cost=72708.55 (feasible=YES, time 82.9776s)
[ITER 10] bestGlobalCost=72708.55 (feasible=YES) bestThisIter=73332.83 feasibleAnts=10 noImprove=2 (elapsed 115.68s)
[ITER 17] New best cost=72398.33 (feasible=YES, time 189.603s)
[ITER 20] [TS] New best cost=72335.84 (feasible=YES, time 223.42s)
[ITER 20] bestGlobalCost=72335.84 (feasible=YES) bestThisIter=73028.87 feasibleAnts=10 noImprove=1 (elapsed 233.758s)
[ITER 22] New best cost=71717.55 (feasible=YES, time 251.123s)
[ITER 30] bestGlobalCost=71717.55 (feasible=YES) bestThisIter=71808.29 feasibleAnts=10 noImprove=8 (elapsed 341.657s)
[ITER 40] [TS] New best cost=71491.63 (feasible=YES, time 434.513s)
[ITER 40] bestGlobalCost=71491.63 (feasible=YES) bestThisIter=71491.63 feasibleAnts=10 noImprove=1 (elapsed 444.224s)
[ITER 50] bestGlobalCost=71491.63 (feasible=YES) bestThisIter=72391.30 feasibleAnts=10 noImprove=11 (elapsed 557.246s)
[ITER 60] bestGlobalCost=71491.63 (feasible=YES) bestThisIter=72897.37 feasibleAnts=10 noImprove=21 (elapsed 656.784s)
[RESET] no improvement for30-> reset pheromones
[ITER 70] bestGlobalCost=71491.63 (feasible=YES) bestThisIter=81063.57 feasibleAnts=10 noImprove=1 (elapsed 761.039s)
[ITER 80] bestGlobalCost=71491.63 (feasible=YES) bestThisIter=71765.83 feasibleAnts=10 noImprove=11 (elapsed 876.417s)
[ITER 90] bestGlobalCost=71491.63 (feasible=YES) bestThisIter=73593.94 feasibleAnts=10 noImprove=21 (elapsed 988.018s)
[RESET] no improvement for30-> reset pheromones
[ITER 100] bestGlobalCost=71491.63 (feasible=YES) bestThisIter=82928.30 feasibleAnts=10 noImprove=1 (elapsed 1090.21s)
[ITER 110] bestGlobalCost=71491.63 (feasible=YES) bestThisIter=73981.08 feasibleAnts=10 noImprove=11 (elapsed 1193.64s)
[ITER 120] bestGlobalCost=71491.63 (feasible=YES) bestThisIter=72780.67 feasibleAnts=10 noImprove=21 (elapsed 1296.94s)
[RESET] no improvement for30-> reset pheromones
[ITER 130] bestGlobalCost=71491.63 (feasible=YES) bestThisIter=80488.42 feasibleAnts=10 noImprove=1 (elapsed 1402.1s)
[ITER 140] bestGlobalCost=71491.63 (feasible=YES) bestThisIter=72715.17 feasibleAnts=10 noImprove=11 (elapsed 1505.11s)
273 276 297 298 306 308 309 311 312 313 315 316 317 319 320 321 322 323 324 325 326 
1 3 5 16 51 55 69 73 74 75 76 419 420 426 427 428 429 430 431 
135 140 143 145 147 148 149 152 153 154 155 160 169 170 171 175 184 186 188 190 192 197 
31 32 34 35 36 39 41 42 43 44 46 48 49 53 56 57 58 70 105 108 109 111 112 
150 151 181 199 200 201 202 253 258 259 260 261 262 263 264 266 267 268 269 271 272 284 
26 45 47 52 54 59 60 62 63 64 65 66 67 68 71 72 84 85 93 99 
225 270 274 275 277 278 279 280 281 282 285 288 289 290 291 292 293 303 304 305 314 
231 233 234 235 236 237 238 239 240 241 294 296 299 300 301 302 307 310 318 327 368 
244 245 246 247 248 249 251 252 381 388 390 391 392 393 394 396 397 398 399 401 402 425 
242 243 250 366 367 369 370 371 375 376 377 378 379 380 382 383 384 385 386 389 395 400 
165 172 177 178 179 180 182 183 189 191 193 194 195 196 198 212 213 214 220 221 222 255 256 265 
78 79 80 81 82 87 90 161 162 164 166 173 174 176 203 205 206 207 208 209 210 211 
2 4 6 7 8 9 10 11 12 13 14 15 17 18 19 20 21 22 24 30 33 146 
23 25 119 121 122 124 125 128 129 130 131 132 133 134 136 137 138 139 141 142 144 167 185 
344 352 355 362 387 404 405 408 409 410 411 412 413 415 416 417 418 421 422 423 424 
328 329 330 331 333 334 335 336 337 338 339 340 347 361 363 364 365 372 373 374 
27 28 29 37 38 40 50 61 95 96 100 103 104 106 107 110 113 114 120 123 127 
77 204 215 216 217 218 219 223 224 226 227 228 229 230 232 254 257 283 286 287 295 
332 341 342 343 345 346 348 349 350 351 353 354 356 357 358 359 360 403 406 407 414 
83 86 88 89 91 92 94 97 98 101 102 115 116 117 118 126 156 157 158 159 163 168 187 
[SAVELOGS] evolution saved to results/logs/aco_logs/evolution/gr431_20_5.txt
[SAVELOGS] best cost saved to results/logs/aco_logs/objectives/gr431_20_5.txt
[SAVELOGS] best solution saved to results/logs/aco_logs/solutions/gr431_20_5.txt
