[ITER 1] New best cost=80101.29 (feasible=YES, time 7.42072s)
[ITER 2] New best cost=77566.04 (feasible=YES, time 17.6226s)
[ITER 3] New best cost=73625.29 (feasible=YES, time 29.3468s)
[ITER 10] [TS] New best cost=72937.62 (feasible=YES, time 103.877s)
[ITER 10] bestGlobalCost=72937.62 (feasible=YES) bestThisIter=72937.62 feasibleAnts=10 noImprove=1 (elapsed 114.036s)
[ITER 13] New best cost=72865.14 (feasible=YES, time 143.811s)
[ITER 19] New best cost=72785.65 (feasible=YES, time 198.241s)
[ITER 20] [TS] New best cost=72182.50 (feasible=YES, time 212.262s)
[ITER 20] bestGlobalCost=72182.50 (feasible=YES) bestThisIter=72182.50 feasibleAnts=10 noImprove=1 (elapsed 222.477s)
[ITER 23] New best cost=72033.45 (feasible=YES, time 253.955s)
[ITER 30] bestGlobalCost=72033.45 (feasible=YES) bestThisIter=72875.48 feasibleAnts=10 noImprove=7 (elapsed 334.478s)
[ITER 31] New best cost=71950.24 (feasible=YES, time 345.446s)
[ITER 40] [TS] New best cost=70453.05 (feasible=YES, time 434.217s)
[ITER 40] bestGlobalCost=70453.05 (feasible=YES) bestThisIter=70453.05 feasibleAnts=10 noImprove=1 (elapsed 444.226s)
[ITER 44] New best cost=70452.48 (feasible=YES, time 483.128s)
[ITER 50] bestGlobalCost=70452.48 (feasible=YES) bestThisIter=71479.79 feasibleAnts=10 noImprove=6 (elapsed 557.737s)
[ITER 60] bestGlobalCost=70452.48 (feasible=YES) bestThisIter=73866.75 feasibleAnts=10 noImprove=16 (elapsed 661.842s)
[ITER 70] bestGlobalCost=70452.48 (feasible=YES) bestThisIter=72634.68 feasibleAnts=10 noImprove=26 (elapsed 773.155s)
[RESET] no improvement for30-> reset pheromones
[ITER 80] bestGlobalCost=70452.48 (feasible=YES) bestThisIter=72134.05 feasibleAnts=9 noImprove=6 (elapsed 876.181s)
[ITER 90] bestGlobalCost=70452.48 (feasible=YES) bestThisIter=71268.22 feasibleAnts=10 noImprove=16 (elapsed 984.962s)
[ITER 91] New best cost=70313.75 (feasible=YES, time 993.365s)
[ITER 100] bestGlobalCost=70313.75 (feasible=YES) bestThisIter=72144.21 feasibleAnts=10 noImprove=9 (elapsed 1092.63s)
[ITER 110] bestGlobalCost=70313.75 (feasible=YES) bestThisIter=73213.16 feasibleAnts=10 noImprove=19 (elapsed 1201.49s)
[ITER 120] bestGlobalCost=70313.75 (feasible=YES) bestThisIter=72268.21 feasibleAnts=10 noImprove=29 (elapsed 1313.04s)
[RESET] no improvement for30-> reset pheromones
[ITER 130] bestGlobalCost=70313.75 (feasible=YES) bestThisIter=72551.13 feasibleAnts=10 noImprove=9 (elapsed 1413.26s)
[ITER 140] bestGlobalCost=70313.75 (feasible=YES) bestThisIter=72519.70 feasibleAnts=9 noImprove=19 (elapsed 1520.55s)
59 83 86 87 88 89 90 91 92 93 94 97 98 100 101 102 112 114 115 117 156 168 
77 78 79 80 81 161 166 172 178 179 186 203 206 207 208 209 210 211 212 214 218 220 222 
244 245 246 247 248 249 250 251 252 386 389 390 391 392 393 394 395 396 398 399 401 425 
258 272 274 275 277 278 279 280 281 282 285 287 288 289 290 291 292 293 296 297 314 
273 305 307 308 310 312 313 315 316 318 319 320 321 322 323 324 325 326 330 331 
329 341 345 346 348 349 350 351 353 354 355 356 357 358 359 360 361 362 363 405 407 
231 232 233 234 235 237 238 239 276 294 298 299 300 301 302 303 304 306 309 311 317 328 
82 116 132 134 136 139 140 157 158 159 160 163 164 165 167 169 170 173 174 175 176 180 
177 196 204 205 215 216 217 219 221 223 224 225 227 228 229 230 236 257 283 286 295 
26 35 47 51 54 56 57 58 60 61 62 64 65 66 67 68 70 71 72 84 85 
38 39 41 46 49 95 96 99 103 104 105 106 107 108 109 110 113 119 121 123 124 125 129 
240 241 242 243 327 367 369 370 372 375 377 378 379 380 381 382 383 384 385 387 388 400 
181 195 200 202 226 253 254 256 259 260 261 262 263 264 265 266 267 268 269 270 271 284 
332 333 334 335 336 337 338 339 340 342 343 344 347 364 365 366 368 371 373 376 402 
22 24 27 28 29 31 36 37 40 42 43 44 45 48 50 52 53 111 127 128 130 
135 148 149 150 151 152 153 162 182 183 187 188 189 190 191 192 193 194 197 198 199 201 213 255 
1 3 5 16 55 63 69 73 74 75 76 419 420 426 427 428 429 430 431 
352 374 397 403 404 406 408 409 410 411 412 413 414 415 416 417 418 421 422 423 424 
2 4 6 7 8 9 10 11 12 13 14 15 17 18 19 20 21 23 30 32 33 34 
25 118 120 122 126 131 133 137 138 141 142 143 144 145 146 147 154 155 171 184 185 
[SAVELOGS] evolution saved to results/logs/aco_logs/evolution/gr431_20_5.txt
[SAVELOGS] best cost saved to results/logs/aco_logs/objectives/gr431_20_5.txt
[SAVELOGS] best solution saved to results/logs/aco_logs/solutions/gr431_20_5.txt
