[ITER 1] New best cost=6374397.36 (feasible=YES, time 0.0617228s)
[ITER 2] New best cost=6374397.36 (feasible=YES, time 0.0965359s)
[ITER 10] bestGlobalCost=6374397.36 (feasible=YES) bestThisIter=6374397.36 feasibleAnts=10 noImprove=8 (elapsed 0.332975s)
[ITER 20] bestGlobalCost=6374397.36 (feasible=YES) bestThisIter=6374397.36 feasibleAnts=10 noImprove=18 (elapsed 4.62817s)
[ITER 30] bestGlobalCost=6374397.36 (feasible=YES) bestThisIter=6374397.36 feasibleAnts=10 noImprove=28 (elapsed 9.84788s)
[RESET] no improvement for30-> reset pheromones
[ITER 40] bestGlobalCost=6374397.36 (feasible=YES) bestThisIter=6374397.36 feasibleAnts=10 noImprove=8 (elapsed 10.1859s)
[ITER 50] bestGlobalCost=6374397.36 (feasible=YES) bestThisIter=6374397.36 feasibleAnts=10 noImprove=18 (elapsed 14.7936s)
[ITER 60] bestGlobalCost=6374397.36 (feasible=YES) bestThisIter=6374397.36 feasibleAnts=10 noImprove=28 (elapsed 18.9126s)
[RESET] no improvement for30-> reset pheromones
[ITER 70] bestGlobalCost=6374397.36 (feasible=YES) bestThisIter=6374397.36 feasibleAnts=10 noImprove=8 (elapsed 19.3011s)
[ITER 80] bestGlobalCost=6374397.36 (feasible=YES) bestThisIter=6374397.36 feasibleAnts=10 noImprove=18 (elapsed 23.9312s)
[ITER 90] bestGlobalCost=6374397.36 (feasible=YES) bestThisIter=6374397.36 feasibleAnts=10 noImprove=28 (elapsed 28.487s)
[RESET] no improvement for30-> reset pheromones
[ITER 100] bestGlobalCost=6374397.36 (feasible=YES) bestThisIter=6374397.36 feasibleAnts=10 noImprove=8 (elapsed 28.8128s)
[ITER 110] bestGlobalCost=6374397.36 (feasible=YES) bestThisIter=6374397.36 feasibleAnts=10 noImprove=18 (elapsed 32.9852s)
[ITER 120] bestGlobalCost=6374397.36 (feasible=YES) bestThisIter=6374397.36 feasibleAnts=10 noImprove=28 (elapsed 37.1914s)
[RESET] no improvement for30-> reset pheromones
[ITER 127] New best cost=6359853.19 (feasible=YES, time 37.4178s)
[ITER 130] New best cost=6359853.19 (feasible=YES, time 37.49s)
[ITER 130] bestGlobalCost=6359853.19 (feasible=YES) bestThisIter=6359853.19 feasibleAnts=10 noImprove=0 (elapsed 37.4931s)
[ITER 135] New best cost=6341719.45 (feasible=YES, time 39.6897s)
[ITER 140] bestGlobalCost=6341719.45 (feasible=YES) bestThisIter=6341719.45 feasibleAnts=17 noImprove=5 (elapsed 41.7131s)
[ITER 150] bestGlobalCost=6341719.45 (feasible=YES) bestThisIter=6341719.45 feasibleAnts=10 noImprove=15 (elapsed 45.9559s)
[ITER 160] bestGlobalCost=6341719.45 (feasible=YES) bestThisIter=6341719.45 feasibleAnts=10 noImprove=25 (elapsed 46.7065s)
[RESET] no improvement for30-> reset pheromones
[ITER 170] bestGlobalCost=6341719.45 (feasible=YES) bestThisIter=6345216.44 feasibleAnts=10 noImprove=5 (elapsed 51.6115s)
[ITER 180] bestGlobalCost=6341719.45 (feasible=YES) bestThisIter=6341719.45 feasibleAnts=10 noImprove=15 (elapsed 55.8726s)
[ITER 190] bestGlobalCost=6341719.45 (feasible=YES) bestThisIter=6341719.45 feasibleAnts=10 noImprove=25 (elapsed 56.908s)
[RESET] no improvement for30-> reset pheromones
8 9 10 17 18 19 20 40 41 58 59 60 61 62 63 84 85 86 105 106 107 108 109 110 137 138 139 141 
45 46 47 48 49 50 51 52 54 70 71 72 73 74 75 76 77 78 79 90 91 92 93 94 95 96 97 98 99 114 115 116 
42 43 44 53 55 56 57 64 65 66 67 68 69 80 81 82 83 87 88 89 100 101 102 103 104 111 112 113 
117 118 119 120 121 122 123 124 125 126 127 128 129 130 131 132 133 134 135 136 140 142 143 144 145 146 147 148 149 150 151 152 
1 2 3 4 5 6 7 11 12 13 14 15 16 21 22 23 24 25 26 27 28 29 30 31 32 33 34 35 36 37 38 39 
[SAVELOGS] evolution saved to results/logs/pr152_05_2/evolution/pr152_05_2
[SAVELOGS] best cost saved to results/logs/pr152_05_2/objectives/pr152_05_2
[SAVELOGS] best solution saved to results/logs/pr152_05_2/solutions/pr152_05_2
