[ITER 1] New best cost=4587.34 (feasible=YES, time 0.317039s)
[ITER 2] New best cost=4312.82 (feasible=YES, time 0.549581s)
[ITER 4] New best cost=4229.60 (feasible=YES, time 1.02463s)
[ITER 10] bestGlobalCost=4229.60 (feasible=YES) bestThisIter=4464.35 feasibleAnts=10 noImprove=6 (elapsed 2.61691s)
[ITER 15] New best cost=4147.01 (feasible=YES, time 4.74704s)
[ITER 15] New best cost=4143.57 (feasible=YES, time 5.78421s)
[ITER 18] New best cost=4129.32 (feasible=YES, time 9.84969s)
[ITER 19] New best cost=4123.27 (feasible=YES, time 10.0188s)
[ITER 20] bestGlobalCost=4123.27 (feasible=YES) bestThisIter=4123.27 feasibleAnts=10 noImprove=1 (elapsed 10.2197s)
[ITER 30] bestGlobalCost=4123.27 (feasible=YES) bestThisIter=4406.09 feasibleAnts=10 noImprove=11 (elapsed 17.3551s)
[ITER 40] bestGlobalCost=4123.27 (feasible=YES) bestThisIter=4348.94 feasibleAnts=10 noImprove=21 (elapsed 19.7255s)
[RESET] no improvement for30-> reset pheromones
[ITER 50] bestGlobalCost=4123.27 (feasible=YES) bestThisIter=4503.23 feasibleAnts=10 noImprove=1 (elapsed 27.6516s)
[ITER 60] bestGlobalCost=4123.27 (feasible=YES) bestThisIter=4356.09 feasibleAnts=10 noImprove=11 (elapsed 35.7082s)
[ITER 70] bestGlobalCost=4123.27 (feasible=YES) bestThisIter=4240.88 feasibleAnts=10 noImprove=21 (elapsed 37.9701s)
[RESET] no improvement for30-> reset pheromones
[ITER 80] bestGlobalCost=4123.27 (feasible=YES) bestThisIter=4609.08 feasibleAnts=10 noImprove=1 (elapsed 45.9406s)
[ITER 90] bestGlobalCost=4123.27 (feasible=YES) bestThisIter=4385.20 feasibleAnts=10 noImprove=11 (elapsed 53.8878s)
[ITER 100] bestGlobalCost=4123.27 (feasible=YES) bestThisIter=4373.51 feasibleAnts=10 noImprove=21 (elapsed 56.4464s)
27 28 34 52 53 54 57 
86 89 90 91 93 95 
63 66 67 68 69 70 92 
106 107 108 109 110 111 117 
100 101 102 103 104 126 128 
105 112 113 114 115 116 118 
127 129 131 132 133 134 135 
55 56 58 59 60 61 62 
6 20 21 22 23 24 25 
94 96 97 98 99 137 
29 30 36 37 38 43 
78 79 80 81 83 84 85 136 
71 73 76 77 82 87 88 
50 51 65 72 74 75 
12 13 15 33 41 42 47 
14 16 17 45 46 48 
119 120 121 122 123 124 125 130 
7 8 9 10 11 26 31 
32 35 39 40 44 49 64 
1 2 3 4 5 18 19 
[SAVELOGS] evolution saved to results/logs/gr137_20_3/evolution/gr137_20_3
[SAVELOGS] best cost saved to results/logs/gr137_20_3/objectives/gr137_20_3
[SAVELOGS] best solution saved to results/logs/gr137_20_3/solutions/gr137_20_3
