[ITER 1] New best cost=4546.61 (feasible=YES, time 0.341739s)
[ITER 2] New best cost=4285.09 (feasible=YES, time 0.605013s)
[ITER 10] bestGlobalCost=4285.09 (feasible=YES) bestThisIter=4489.12 feasibleAnts=10 noImprove=8 (elapsed 2.86712s)
[ITER 14] New best cost=4164.88 (feasible=YES, time 3.77183s)
[ITER 15] New best cost=4117.77 (feasible=YES, time 4.94295s)
[ITER 20] bestGlobalCost=4117.77 (feasible=YES) bestThisIter=4117.77 feasibleAnts=10 noImprove=5 (elapsed 10.2666s)
[ITER 30] bestGlobalCost=4117.77 (feasible=YES) bestThisIter=4377.43 feasibleAnts=10 noImprove=15 (elapsed 17.4873s)
[ITER 40] bestGlobalCost=4117.77 (feasible=YES) bestThisIter=4537.09 feasibleAnts=10 noImprove=25 (elapsed 19.7644s)
[RESET] no improvement for30-> reset pheromones
[ITER 50] bestGlobalCost=4117.77 (feasible=YES) bestThisIter=4448.19 feasibleAnts=10 noImprove=5 (elapsed 27.5217s)
[ITER 60] bestGlobalCost=4117.77 (feasible=YES) bestThisIter=4460.46 feasibleAnts=10 noImprove=15 (elapsed 35.4974s)
[ITER 70] bestGlobalCost=4117.77 (feasible=YES) bestThisIter=4370.21 feasibleAnts=10 noImprove=25 (elapsed 37.6967s)
[RESET] no improvement for30-> reset pheromones
[ITER 80] bestGlobalCost=4117.77 (feasible=YES) bestThisIter=4259.92 feasibleAnts=10 noImprove=5 (elapsed 45.62s)
[ITER 90] bestGlobalCost=4117.77 (feasible=YES) bestThisIter=4513.87 feasibleAnts=10 noImprove=15 (elapsed 53.7512s)
[ITER 100] bestGlobalCost=4117.77 (feasible=YES) bestThisIter=4467.05 feasibleAnts=10 noImprove=25 (elapsed 56.2149s)
[RESET] no improvement for30-> reset pheromones
107 108 109 110 111 113 117 118 
7 8 9 10 11 26 31 
96 98 99 100 101 102 
78 79 80 81 82 85 86 87 
83 84 133 134 135 136 137 
12 13 15 33 41 42 47 
66 67 68 69 70 92 
112 119 120 121 122 123 124 125 
56 58 59 60 61 62 63 
49 50 51 65 72 74 77 
6 20 21 22 23 24 25 
29 30 36 37 38 43 
14 16 17 45 46 48 
1 2 3 4 5 18 19 
71 73 75 76 88 89 
103 104 105 106 114 115 116 
126 127 128 129 130 131 132 
90 91 93 94 95 97 
32 34 35 39 40 44 64 
27 28 52 53 54 55 57 
[SAVELOGS] evolution saved to results/logs/gr137_20_3/evolution/gr137_20_3
[SAVELOGS] best cost saved to results/logs/gr137_20_3/objectives/gr137_20_3
[SAVELOGS] best solution saved to results/logs/gr137_20_3/solutions/gr137_20_3
