[ITER 1] New best cost=503344.95 (feasible=YES, time 1.61427s)
[ITER 2] New best cost=496704.45 (feasible=YES, time 1.73795s)
[ITER 3] New best cost=494652.57 (feasible=YES, time 1.81399s)
[ITER 5] New best cost=492898.41 (feasible=YES, time 1.94907s)
[ITER 6] New best cost=492762.85 (feasible=YES, time 2.02665s)
[ITER 7] New best cost=491375.38 (feasible=YES, time 2.11335s)
[ITER 8] New best cost=488775.24 (feasible=YES, time 2.19216s)
[ITER 10] New best cost=487113.20 (feasible=YES, time 2.34799s)
[ITER 10] bestGlobalCost=487113.20 (feasible=YES) bestThisIter=488781.73 feasibleAnts=14 noImprove=0 (elapsed 2.35252s)
[ITER 12] New best cost=487047.79 (feasible=YES, time 3.85498s)
[ITER 20] bestGlobalCost=487047.79 (feasible=YES) bestThisIter=489254.68 feasibleAnts=15 noImprove=8 (elapsed 4.40595s)
[ITER 28] New best cost=486723.68 (feasible=YES, time 6.29385s)
[ITER 30] bestGlobalCost=486723.68 (feasible=YES) bestThisIter=487047.79 feasibleAnts=15 noImprove=2 (elapsed 6.42987s)
[ITER 31] New best cost=486453.19 (feasible=YES, time 7.87195s)
[ITER 39] New best cost=484915.24 (feasible=YES, time 8.41972s)
[ITER 40] bestGlobalCost=484915.24 (feasible=YES) bestThisIter=488005.23 feasibleAnts=15 noImprove=1 (elapsed 8.4979s)
[ITER 50] bestGlobalCost=484915.24 (feasible=YES) bestThisIter=490108.86 feasibleAnts=15 noImprove=11 (elapsed 10.5501s)
[ITER 60] bestGlobalCost=484915.24 (feasible=YES) bestThisIter=489880.12 feasibleAnts=14 noImprove=21 (elapsed 12.6219s)
[ITER 61] New best cost=484544.94 (feasible=YES, time 14.0528s)
[ITER 65] New best cost=484207.51 (feasible=YES, time 14.3216s)
[ITER 70] bestGlobalCost=484207.51 (feasible=YES) bestThisIter=487530.69 feasibleAnts=15 noImprove=5 (elapsed 14.6949s)
[ITER 80] bestGlobalCost=484207.51 (feasible=YES) bestThisIter=486894.19 feasibleAnts=15 noImprove=15 (elapsed 16.8014s)
[ITER 89] New best cost=484193.08 (feasible=YES, time 18.8049s)
[ITER 90] bestGlobalCost=484193.08 (feasible=YES) bestThisIter=489852.99 feasibleAnts=14 noImprove=1 (elapsed 18.8784s)
[ITER 91] New best cost=483506.76 (feasible=YES, time 20.2924s)
[ITER 99] New best cost=483092.59 (feasible=YES, time 20.851s)
[ITER 100] bestGlobalCost=483092.59 (feasible=YES) bestThisIter=485943.30 feasibleAnts=14 noImprove=1 (elapsed 20.9225s)
[ITER 108] New best cost=482675.52 (feasible=YES, time 22.8783s)
[ITER 110] bestGlobalCost=482675.52 (feasible=YES) bestThisIter=483092.59 feasibleAnts=14 noImprove=2 (elapsed 23.015s)
[ITER 120] bestGlobalCost=482675.52 (feasible=YES) bestThisIter=486126.76 feasibleAnts=14 noImprove=12 (elapsed 25.0641s)
[ITER 130] bestGlobalCost=482675.52 (feasible=YES) bestThisIter=489710.08 feasibleAnts=15 noImprove=22 (elapsed 27.1122s)
[ITER 132] New best cost=482258.63 (feasible=YES, time 28.6332s)
[ITER 140] bestGlobalCost=482258.63 (feasible=YES) bestThisIter=485760.02 feasibleAnts=15 noImprove=8 (elapsed 29.6671s)
[ITER 145] New best cost=482061.01 (feasible=YES, time 32.3777s)
[ITER 150] bestGlobalCost=482061.01 (feasible=YES) bestThisIter=486082.69 feasibleAnts=15 noImprove=5 (elapsed 32.924s)
[ITER 160] bestGlobalCost=482061.01 (feasible=YES) bestThisIter=484428.80 feasibleAnts=15 noImprove=15 (elapsed 35.9045s)
[ITER 170] bestGlobalCost=482061.01 (feasible=YES) bestThisIter=488838.40 feasibleAnts=14 noImprove=25 (elapsed 38.8162s)
[ITER 180] bestGlobalCost=482061.01 (feasible=YES) bestThisIter=485733.20 feasibleAnts=15 noImprove=35 (elapsed 40.9447s)
[ITER 190] bestGlobalCost=482061.01 (feasible=YES) bestThisIter=483097.63 feasibleAnts=15 noImprove=45 (elapsed 43.079s)
[RESET] no improvement for50-> reset pheromones
[ITER 200] bestGlobalCost=482061.01 (feasible=YES) bestThisIter=483744.94 feasibleAnts=15 noImprove=5 (elapsed 45.2484s)
[ITER 210] bestGlobalCost=482061.01 (feasible=YES) bestThisIter=482552.40 feasibleAnts=15 noImprove=15 (elapsed 47.3074s)
[ITER 220] bestGlobalCost=482061.01 (feasible=YES) bestThisIter=485799.91 feasibleAnts=15 noImprove=25 (elapsed 49.3973s)
[ITER 230] bestGlobalCost=482061.01 (feasible=YES) bestThisIter=485748.74 feasibleAnts=15 noImprove=35 (elapsed 51.5231s)
[ITER 240] bestGlobalCost=482061.01 (feasible=YES) bestThisIter=492882.51 feasibleAnts=15 noImprove=45 (elapsed 53.762s)
[RESET] no improvement for50-> reset pheromones
[ITER 250] bestGlobalCost=482061.01 (feasible=YES) bestThisIter=483617.87 feasibleAnts=15 noImprove=5 (elapsed 55.9957s)
[ITER 260] bestGlobalCost=482061.01 (feasible=YES) bestThisIter=490130.57 feasibleAnts=15 noImprove=15 (elapsed 58.0749s)
[ITER 270] bestGlobalCost=482061.01 (feasible=YES) bestThisIter=487926.11 feasibleAnts=15 noImprove=25 (elapsed 60.1529s)
[ITER 280] bestGlobalCost=482061.01 (feasible=YES) bestThisIter=483830.09 feasibleAnts=15 noImprove=35 (elapsed 62.3241s)
[ITER 290] bestGlobalCost=482061.01 (feasible=YES) bestThisIter=487764.45 feasibleAnts=15 noImprove=45 (elapsed 65.0612s)
[RESET] no improvement for50-> reset pheromones
[ITER 300] bestGlobalCost=482061.01 (feasible=YES) bestThisIter=482837.53 feasibleAnts=15 noImprove=5 (elapsed 67.6285s)
[ITER 310] bestGlobalCost=482061.01 (feasible=YES) bestThisIter=486823.54 feasibleAnts=15 noImprove=15 (elapsed 69.6667s)
[ITER 320] bestGlobalCost=482061.01 (feasible=YES) bestThisIter=486082.69 feasibleAnts=15 noImprove=25 (elapsed 71.8007s)
[ITER 330] bestGlobalCost=482061.01 (feasible=YES) bestThisIter=490626.16 feasibleAnts=15 noImprove=35 (elapsed 73.9192s)
[ITER 340] bestGlobalCost=482061.01 (feasible=YES) bestThisIter=487181.08 feasibleAnts=15 noImprove=45 (elapsed 76.0727s)
[RESET] no improvement for50-> reset pheromones
[ITER 350] bestGlobalCost=482061.01 (feasible=YES) bestThisIter=484864.39 feasibleAnts=15 noImprove=5 (elapsed 78.3185s)
[ITER 360] bestGlobalCost=482061.01 (feasible=YES) bestThisIter=491807.60 feasibleAnts=15 noImprove=15 (elapsed 81.019s)
[ITER 370] bestGlobalCost=482061.01 (feasible=YES) bestThisIter=484136.13 feasibleAnts=15 noImprove=25 (elapsed 83.5387s)
[ITER 380] bestGlobalCost=482061.01 (feasible=YES) bestThisIter=482062.55 feasibleAnts=15 noImprove=35 (elapsed 85.6479s)
[ITER 381] New best cost=480915.83 (feasible=YES, time 87.0944s)
[ITER 390] bestGlobalCost=480915.83 (feasible=YES) bestThisIter=485297.96 feasibleAnts=15 noImprove=9 (elapsed 87.7359s)
[ITER 400] bestGlobalCost=480915.83 (feasible=YES) bestThisIter=488108.28 feasibleAnts=15 noImprove=19 (elapsed 89.7918s)
[ITER 410] bestGlobalCost=480915.83 (feasible=YES) bestThisIter=485412.66 feasibleAnts=15 noImprove=29 (elapsed 91.8319s)
[ITER 420] bestGlobalCost=480915.83 (feasible=YES) bestThisIter=493018.28 feasibleAnts=15 noImprove=39 (elapsed 93.9534s)
[ITER 430] bestGlobalCost=480915.83 (feasible=YES) bestThisIter=487789.02 feasibleAnts=15 noImprove=49 (elapsed 96.1208s)
[RESET] no improvement for50-> reset pheromones
[ITER 440] bestGlobalCost=480915.83 (feasible=YES) bestThisIter=482432.41 feasibleAnts=15 noImprove=9 (elapsed 98.2621s)
[ITER 450] bestGlobalCost=480915.83 (feasible=YES) bestThisIter=481757.49 feasibleAnts=15 noImprove=19 (elapsed 100.347s)
[ITER 460] bestGlobalCost=480915.83 (feasible=YES) bestThisIter=491099.02 feasibleAnts=15 noImprove=29 (elapsed 102.451s)
[ITER 470] bestGlobalCost=480915.83 (feasible=YES) bestThisIter=483797.05 feasibleAnts=15 noImprove=39 (elapsed 104.609s)
[ITER 480] bestGlobalCost=480915.83 (feasible=YES) bestThisIter=486185.89 feasibleAnts=15 noImprove=49 (elapsed 106.762s)
[RESET] no improvement for50-> reset pheromones
[ITER 490] bestGlobalCost=480915.83 (feasible=YES) bestThisIter=486557.13 feasibleAnts=15 noImprove=9 (elapsed 108.885s)
[ITER 500] bestGlobalCost=480915.83 (feasible=YES) bestThisIter=488522.14 feasibleAnts=15 noImprove=19 (elapsed 110.943s)
[ITER 510] bestGlobalCost=480915.83 (feasible=YES) bestThisIter=482097.93 feasibleAnts=15 noImprove=29 (elapsed 113.087s)
[ITER 520] bestGlobalCost=480915.83 (feasible=YES) bestThisIter=482851.15 feasibleAnts=15 noImprove=39 (elapsed 115.202s)
[ITER 530] bestGlobalCost=480915.83 (feasible=YES) bestThisIter=482398.60 feasibleAnts=15 noImprove=49 (elapsed 117.29s)
[RESET] no improvement for50-> reset pheromones
[ITER 540] bestGlobalCost=480915.83 (feasible=YES) bestThisIter=483160.88 feasibleAnts=15 noImprove=9 (elapsed 119.645s)
[ITER 550] bestGlobalCost=480915.83 (feasible=YES) bestThisIter=485525.94 feasibleAnts=15 noImprove=19 (elapsed 122.391s)
[ITER 560] bestGlobalCost=480915.83 (feasible=YES) bestThisIter=483761.43 feasibleAnts=15 noImprove=29 (elapsed 124.546s)
[ITER 570] bestGlobalCost=480915.83 (feasible=YES) bestThisIter=482169.45 feasibleAnts=15 noImprove=39 (elapsed 126.657s)
[ITER 580] New best cost=480893.50 (feasible=YES, time 128.786s)
[ITER 580] bestGlobalCost=480893.50 (feasible=YES) bestThisIter=485023.32 feasibleAnts=15 noImprove=0 (elapsed 128.79s)
[ITER 590] bestGlobalCost=480893.50 (feasible=YES) bestThisIter=481525.77 feasibleAnts=15 noImprove=10 (elapsed 130.787s)
[ITER 600] bestGlobalCost=480893.50 (feasible=YES) bestThisIter=489087.24 feasibleAnts=14 noImprove=20 (elapsed 132.784s)
[ITER 610] bestGlobalCost=480893.50 (feasible=YES) bestThisIter=482917.94 feasibleAnts=15 noImprove=30 (elapsed 134.815s)
[ITER 620] bestGlobalCost=480893.50 (feasible=YES) bestThisIter=485089.63 feasibleAnts=15 noImprove=40 (elapsed 136.907s)
[ITER 621] New best cost=480448.14 (feasible=YES, time 138.397s)
[ITER 630] bestGlobalCost=480448.14 (feasible=YES) bestThisIter=486730.34 feasibleAnts=15 noImprove=9 (elapsed 139.002s)
[ITER 640] bestGlobalCost=480448.14 (feasible=YES) bestThisIter=483433.53 feasibleAnts=14 noImprove=19 (elapsed 141.046s)
[ITER 650] bestGlobalCost=480448.14 (feasible=YES) bestThisIter=488190.88 feasibleAnts=15 noImprove=29 (elapsed 143.201s)
[ITER 660] bestGlobalCost=480448.14 (feasible=YES) bestThisIter=485136.02 feasibleAnts=15 noImprove=39 (elapsed 145.332s)
[ITER 670] bestGlobalCost=480448.14 (feasible=YES) bestThisIter=483791.95 feasibleAnts=15 noImprove=49 (elapsed 147.468s)
[RESET] no improvement for50-> reset pheromones
[ITER 680] bestGlobalCost=480448.14 (feasible=YES) bestThisIter=484009.37 feasibleAnts=15 noImprove=9 (elapsed 149.661s)
[ITER 690] bestGlobalCost=480448.14 (feasible=YES) bestThisIter=484134.37 feasibleAnts=14 noImprove=19 (elapsed 151.68s)
[ITER 700] bestGlobalCost=480448.14 (feasible=YES) bestThisIter=483462.60 feasibleAnts=15 noImprove=29 (elapsed 153.822s)
[ITER 710] bestGlobalCost=480448.14 (feasible=YES) bestThisIter=482438.89 feasibleAnts=15 noImprove=39 (elapsed 155.928s)
[ITER 711] New best cost=480250.52 (feasible=YES, time 157.361s)
[ITER 720] bestGlobalCost=480250.52 (feasible=YES) bestThisIter=492937.41 feasibleAnts=15 noImprove=9 (elapsed 157.969s)
[ITER 730] bestGlobalCost=480250.52 (feasible=YES) bestThisIter=482492.18 feasibleAnts=15 noImprove=19 (elapsed 160.047s)
[ITER 740] bestGlobalCost=480250.52 (feasible=YES) bestThisIter=487997.49 feasibleAnts=15 noImprove=29 (elapsed 162.104s)
[ITER 750] bestGlobalCost=480250.52 (feasible=YES) bestThisIter=480893.50 feasibleAnts=15 noImprove=39 (elapsed 164.209s)
[ITER 760] bestGlobalCost=480250.52 (feasible=YES) bestThisIter=483356.23 feasibleAnts=15 noImprove=49 (elapsed 166.353s)
[RESET] no improvement for50-> reset pheromones
[ITER 770] bestGlobalCost=480250.52 (feasible=YES) bestThisIter=488179.15 feasibleAnts=15 noImprove=9 (elapsed 168.504s)
[ITER 780] bestGlobalCost=480250.52 (feasible=YES) bestThisIter=487973.64 feasibleAnts=15 noImprove=19 (elapsed 170.565s)
[ITER 790] bestGlobalCost=480250.52 (feasible=YES) bestThisIter=483318.58 feasibleAnts=15 noImprove=29 (elapsed 172.615s)
[ITER 800] bestGlobalCost=480250.52 (feasible=YES) bestThisIter=491745.71 feasibleAnts=15 noImprove=39 (elapsed 174.778s)
[ITER 810] bestGlobalCost=480250.52 (feasible=YES) bestThisIter=483231.45 feasibleAnts=15 noImprove=49 (elapsed 176.964s)
[RESET] no improvement for50-> reset pheromones
[ITER 820] bestGlobalCost=480250.52 (feasible=YES) bestThisIter=481807.38 feasibleAnts=15 noImprove=9 (elapsed 179.069s)
[ITER 830] bestGlobalCost=480250.52 (feasible=YES) bestThisIter=485108.30 feasibleAnts=14 noImprove=19 (elapsed 181.141s)
[ITER 840] bestGlobalCost=480250.52 (feasible=YES) bestThisIter=487549.65 feasibleAnts=15 noImprove=29 (elapsed 183.204s)
[ITER 850] bestGlobalCost=480250.52 (feasible=YES) bestThisIter=489068.62 feasibleAnts=15 noImprove=39 (elapsed 185.352s)
[ITER 860] bestGlobalCost=480250.52 (feasible=YES) bestThisIter=481587.74 feasibleAnts=15 noImprove=49 (elapsed 187.49s)
[RESET] no improvement for50-> reset pheromones
[ITER 870] bestGlobalCost=480250.52 (feasible=YES) bestThisIter=483231.45 feasibleAnts=15 noImprove=9 (elapsed 189.636s)
[ITER 880] bestGlobalCost=480250.52 (feasible=YES) bestThisIter=483674.79 feasibleAnts=15 noImprove=19 (elapsed 191.673s)
[ITER 890] bestGlobalCost=480250.52 (feasible=YES) bestThisIter=482513.19 feasibleAnts=14 noImprove=29 (elapsed 193.759s)
[ITER 900] bestGlobalCost=480250.52 (feasible=YES) bestThisIter=482984.16 feasibleAnts=14 noImprove=39 (elapsed 195.9s)
[ITER 910] bestGlobalCost=480250.52 (feasible=YES) bestThisIter=480448.14 feasibleAnts=14 noImprove=49 (elapsed 198.068s)
[RESET] no improvement for50-> reset pheromones
[ITER 920] bestGlobalCost=480250.52 (feasible=YES) bestThisIter=485633.13 feasibleAnts=15 noImprove=9 (elapsed 200.684s)
[ITER 930] bestGlobalCost=480250.52 (feasible=YES) bestThisIter=486339.15 feasibleAnts=15 noImprove=19 (elapsed 203.267s)
[ITER 940] bestGlobalCost=480250.52 (feasible=YES) bestThisIter=485337.68 feasibleAnts=14 noImprove=29 (elapsed 205.406s)
[ITER 950] bestGlobalCost=480250.52 (feasible=YES) bestThisIter=490567.86 feasibleAnts=15 noImprove=39 (elapsed 207.502s)
[ITER 960] bestGlobalCost=480250.52 (feasible=YES) bestThisIter=487081.76 feasibleAnts=14 noImprove=49 (elapsed 209.679s)
[RESET] no improvement for50-> reset pheromones
[ITER 970] bestGlobalCost=480250.52 (feasible=YES) bestThisIter=481807.38 feasibleAnts=14 noImprove=9 (elapsed 212.15s)
[ITER 980] bestGlobalCost=480250.52 (feasible=YES) bestThisIter=490100.05 feasibleAnts=14 noImprove=19 (elapsed 214.863s)
[ITER 990] bestGlobalCost=480250.52 (feasible=YES) bestThisIter=485603.34 feasibleAnts=15 noImprove=29 (elapsed 216.918s)
[ITER 1000] bestGlobalCost=480250.52 (feasible=YES) bestThisIter=484044.39 feasibleAnts=15 noImprove=39 (elapsed 219.031s)
[ITER 1010] bestGlobalCost=480250.52 (feasible=YES) bestThisIter=485830.50 feasibleAnts=15 noImprove=49 (elapsed 221.187s)
[RESET] no improvement for50-> reset pheromones
[ITER 1020] bestGlobalCost=480250.52 (feasible=YES) bestThisIter=482282.15 feasibleAnts=14 noImprove=9 (elapsed 223.33s)
[ITER 1030] bestGlobalCost=480250.52 (feasible=YES) bestThisIter=484564.62 feasibleAnts=15 noImprove=19 (elapsed 225.357s)
[ITER 1040] bestGlobalCost=480250.52 (feasible=YES) bestThisIter=483768.54 feasibleAnts=15 noImprove=29 (elapsed 227.696s)
[ITER 1050] bestGlobalCost=480250.52 (feasible=YES) bestThisIter=484246.51 feasibleAnts=15 noImprove=39 (elapsed 230.491s)
[ITER 1060] bestGlobalCost=480250.52 (feasible=YES) bestThisIter=483959.79 feasibleAnts=15 noImprove=49 (elapsed 232.709s)
[RESET] no improvement for50-> reset pheromones
[ITER 1070] bestGlobalCost=480250.52 (feasible=YES) bestThisIter=481347.46 feasibleAnts=14 noImprove=9 (elapsed 234.864s)
[ITER 1080] bestGlobalCost=480250.52 (feasible=YES) bestThisIter=483332.03 feasibleAnts=15 noImprove=19 (elapsed 236.917s)
[ITER 1090] bestGlobalCost=480250.52 (feasible=YES) bestThisIter=482230.67 feasibleAnts=15 noImprove=29 (elapsed 239.009s)
[ITER 1100] bestGlobalCost=480250.52 (feasible=YES) bestThisIter=485990.10 feasibleAnts=15 noImprove=39 (elapsed 241.088s)
[ITER 1110] bestGlobalCost=480250.52 (feasible=YES) bestThisIter=486829.60 feasibleAnts=15 noImprove=49 (elapsed 243.267s)
[RESET] no improvement for50-> reset pheromones
[ITER 1120] bestGlobalCost=480250.52 (feasible=YES) bestThisIter=485362.46 feasibleAnts=15 noImprove=9 (elapsed 245.378s)
[ITER 1130] bestGlobalCost=480250.52 (feasible=YES) bestThisIter=485196.23 feasibleAnts=15 noImprove=19 (elapsed 247.411s)
[ITER 1140] bestGlobalCost=480250.52 (feasible=YES) bestThisIter=483155.49 feasibleAnts=15 noImprove=29 (elapsed 249.497s)
[ITER 1150] bestGlobalCost=480250.52 (feasible=YES) bestThisIter=484628.55 feasibleAnts=15 noImprove=39 (elapsed 251.608s)
[ITER 1160] bestGlobalCost=480250.52 (feasible=YES) bestThisIter=488889.77 feasibleAnts=15 noImprove=49 (elapsed 253.766s)
[RESET] no improvement for50-> reset pheromones
[ITER 1170] bestGlobalCost=480250.52 (feasible=YES) bestThisIter=483207.39 feasibleAnts=15 noImprove=9 (elapsed 255.837s)
[ITER 1180] bestGlobalCost=480250.52 (feasible=YES) bestThisIter=484791.94 feasibleAnts=15 noImprove=19 (elapsed 257.866s)
[ITER 1190] bestGlobalCost=480250.52 (feasible=YES) bestThisIter=481807.38 feasibleAnts=14 noImprove=29 (elapsed 259.972s)
[ITER 1200] bestGlobalCost=480250.52 (feasible=YES) bestThisIter=488621.16 feasibleAnts=15 noImprove=39 (elapsed 262.123s)
[ITER 1210] bestGlobalCost=480250.52 (feasible=YES) bestThisIter=484346.23 feasibleAnts=15 noImprove=49 (elapsed 264.272s)
[RESET] no improvement for50-> reset pheromones
[ITER 1220] bestGlobalCost=480250.52 (feasible=YES) bestThisIter=481807.38 feasibleAnts=15 noImprove=9 (elapsed 266.393s)
[ITER 1230] bestGlobalCost=480250.52 (feasible=YES) bestThisIter=489690.22 feasibleAnts=15 noImprove=19 (elapsed 268.411s)
[ITER 1240] bestGlobalCost=480250.52 (feasible=YES) bestThisIter=484132.94 feasibleAnts=15 noImprove=29 (elapsed 270.483s)
[ITER 1250] bestGlobalCost=480250.52 (feasible=YES) bestThisIter=489545.19 feasibleAnts=15 noImprove=39 (elapsed 272.591s)
[ITER 1260] bestGlobalCost=480250.52 (feasible=YES) bestThisIter=485869.69 feasibleAnts=15 noImprove=49 (elapsed 274.727s)
[RESET] no improvement for50-> reset pheromones
[ITER 1270] bestGlobalCost=480250.52 (feasible=YES) bestThisIter=490498.36 feasibleAnts=15 noImprove=9 (elapsed 276.825s)
[ITER 1280] bestGlobalCost=480250.52 (feasible=YES) bestThisIter=488969.87 feasibleAnts=15 noImprove=19 (elapsed 278.875s)
[ITER 1290] bestGlobalCost=480250.52 (feasible=YES) bestThisIter=487511.04 feasibleAnts=15 noImprove=29 (elapsed 280.922s)
[ITER 1300] bestGlobalCost=480250.52 (feasible=YES) bestThisIter=485493.92 feasibleAnts=15 noImprove=39 (elapsed 283.035s)
[ITER 1310] bestGlobalCost=480250.52 (feasible=YES) bestThisIter=488988.93 feasibleAnts=15 noImprove=49 (elapsed 285.198s)
[RESET] no improvement for50-> reset pheromones
[ITER 1320] bestGlobalCost=480250.52 (feasible=YES) bestThisIter=482055.59 feasibleAnts=14 noImprove=9 (elapsed 287.351s)
[ITER 1330] bestGlobalCost=480250.52 (feasible=YES) bestThisIter=483837.23 feasibleAnts=15 noImprove=19 (elapsed 289.372s)
[ITER 1340] bestGlobalCost=480250.52 (feasible=YES) bestThisIter=485860.26 feasibleAnts=15 noImprove=29 (elapsed 291.407s)
[ITER 1350] bestGlobalCost=480250.52 (feasible=YES) bestThisIter=485997.90 feasibleAnts=15 noImprove=39 (elapsed 293.495s)
[ITER 1360] bestGlobalCost=480250.52 (feasible=YES) bestThisIter=487011.49 feasibleAnts=15 noImprove=49 (elapsed 295.68s)
[RESET] no improvement for50-> reset pheromones
[ITER 1370] bestGlobalCost=480250.52 (feasible=YES) bestThisIter=482725.50 feasibleAnts=15 noImprove=9 (elapsed 297.79s)
[ITER 1380] bestGlobalCost=480250.52 (feasible=YES) bestThisIter=486283.59 feasibleAnts=15 noImprove=19 (elapsed 299.83s)
16 37 44 51 63 66 116 118 122 153 179 188 194 
8 17 25 34 58 98 103 114 129 141 143 146 148 171 200 
14 33 36 45 57 74 100 108 131 156 180 192 197 
28 38 39 50 56 62 71 72 83 88 130 139 185 196 
5 43 86 95 105 113 133 137 152 176 178 182 195 
7 9 26 29 61 78 82 124 136 138 184 199 
2 30 35 68 77 80 125 151 158 161 168 169 181 
3 41 59 60 69 73 89 128 142 167 189 193 
1 12 18 24 32 46 53 111 115 117 121 159 172 174 
4 10 19 49 92 93 99 101 106 110 149 163 175 190 
6 22 47 54 65 67 75 107 109 134 155 157 183 187 
21 23 70 76 91 94 102 140 144 150 154 164 173 
13 15 27 40 79 85 123 132 145 147 160 191 198 
20 31 42 55 64 90 112 120 127 135 162 177 186 
11 48 52 81 84 87 96 97 104 119 126 165 166 170 
[SAVELOGS] evolution saved to results/logs/aco_logs/evolution/kroA200_15_2.txt
[SAVELOGS] best cost saved to results/logs/aco_logs/objectives/kroA200_15_2.txt
[SAVELOGS] best solution saved to results/logs/aco_logs/solutions/kroA200_15_2.txt
