[ITER 1] New best cost=706633.23 (feasible=NO, time 0.0988239s)
[ITER 2] New best cost=409630.65 (feasible=YES, time 1.04391s)
[ITER 3] New best cost=382342.85 (feasible=YES, time 1.32737s)
[ITER 5] New best cost=370379.17 (feasible=YES, time 3.6268s)
[ITER 8] New best cost=368667.44 (feasible=YES, time 7.58s)
[ITER 9] New best cost=362265.13 (feasible=YES, time 8.90401s)
[ITER 10] bestGlobalCost=362265.13 (feasible=YES) bestThisIter=366757.30 feasibleAnts=9 noImprove=1 (elapsed 12.1436s)
[ITER 13] New best cost=362199.32 (feasible=YES, time 15.2311s)
[ITER 18] New best cost=360439.00 (feasible=YES, time 20.7527s)
[ITER 20] bestGlobalCost=360439.00 (feasible=YES) bestThisIter=361551.42 feasibleAnts=10 noImprove=2 (elapsed 25.496s)
[ITER 30] New best cost=359700.28 (feasible=YES, time 39.1222s)
[ITER 30] bestGlobalCost=359700.28 (feasible=YES) bestThisIter=379180.44 feasibleAnts=10 noImprove=0 (elapsed 39.126s)
[ITER 34] New best cost=355659.11 (feasible=YES, time 43.0067s)
[ITER 36] New best cost=351732.53 (feasible=YES, time 45.6244s)
[ITER 38] New best cost=351425.28 (feasible=YES, time 47.8156s)
[ITER 40] New best cost=351077.95 (feasible=YES, time 52.1374s)
[ITER 40] bestGlobalCost=351077.95 (feasible=YES) bestThisIter=351147.34 feasibleAnts=14 noImprove=0 (elapsed 52.1405s)
[ITER 49] New best cost=347883.66 (feasible=YES, time 60.6436s)
[ITER 50] bestGlobalCost=347883.66 (feasible=YES) bestThisIter=351077.95 feasibleAnts=19 noImprove=1 (elapsed 64.2217s)
[ITER 60] bestGlobalCost=347883.66 (feasible=YES) bestThisIter=353631.38 feasibleAnts=10 noImprove=11 (elapsed 76.5578s)
[ITER 70] bestGlobalCost=347883.66 (feasible=YES) bestThisIter=365450.10 feasibleAnts=8 noImprove=21 (elapsed 89.589s)
[ITER 80] bestGlobalCost=347883.66 (feasible=YES) bestThisIter=452534.83 feasibleAnts=3 noImprove=31 (elapsed 98.0752s)
[ITER 90] bestGlobalCost=347883.66 (feasible=YES) bestThisIter=443699.44 feasibleAnts=3 noImprove=41 (elapsed 102.21s)
[RESET] no improvement for50-> reset pheromones
[ITER 100] bestGlobalCost=347883.66 (feasible=YES) bestThisIter=450210.13 feasibleAnts=3 noImprove=1 (elapsed 105.741s)
[ITER 107] New best cost=346853.11 (feasible=YES, time 113.457s)
[ITER 110] bestGlobalCost=346853.11 (feasible=YES) bestThisIter=347883.66 feasibleAnts=14 noImprove=3 (elapsed 119.511s)
[ITER 120] bestGlobalCost=346853.11 (feasible=YES) bestThisIter=360588.56 feasibleAnts=10 noImprove=13 (elapsed 132.817s)
[ITER 130] bestGlobalCost=346853.11 (feasible=YES) bestThisIter=366108.19 feasibleAnts=5 noImprove=23 (elapsed 144.327s)
[ITER 140] bestGlobalCost=346853.11 (feasible=YES) bestThisIter=400273.36 feasibleAnts=4 noImprove=33 (elapsed 151.205s)
[ITER 150] bestGlobalCost=346853.11 (feasible=YES) bestThisIter=427846.58 feasibleAnts=3 noImprove=43 (elapsed 156.256s)
[RESET] no improvement for50-> reset pheromones
[ITER 160] bestGlobalCost=346853.11 (feasible=YES) bestThisIter=347371.08 feasibleAnts=10 noImprove=3 (elapsed 161.424s)
[ITER 162] New best cost=343204.15 (feasible=YES, time 163.135s)
[ITER 170] bestGlobalCost=343204.15 (feasible=YES) bestThisIter=345025.07 feasibleAnts=10 noImprove=8 (elapsed 172.957s)
[ITER 177] New best cost=342955.80 (feasible=YES, time 181.046s)
[ITER 180] bestGlobalCost=342955.80 (feasible=YES) bestThisIter=343204.15 feasibleAnts=16 noImprove=3 (elapsed 185.599s)
[ITER 181] New best cost=342532.30 (feasible=YES, time 186.261s)
[ITER 190] bestGlobalCost=342532.30 (feasible=YES) bestThisIter=345318.41 feasibleAnts=9 noImprove=9 (elapsed 197.376s)
[ITER 200] bestGlobalCost=342532.30 (feasible=YES) bestThisIter=378846.54 feasibleAnts=8 noImprove=19 (elapsed 210.589s)
[ITER 210] bestGlobalCost=342532.30 (feasible=YES) bestThisIter=379513.42 feasibleAnts=4 noImprove=29 (elapsed 219.283s)
[ITER 220] bestGlobalCost=342532.30 (feasible=YES) bestThisIter=426579.57 feasibleAnts=3 noImprove=39 (elapsed 223.301s)
[ITER 230] bestGlobalCost=342532.30 (feasible=YES) bestThisIter=425838.89 feasibleAnts=3 noImprove=49 (elapsed 226.89s)
[RESET] no improvement for50-> reset pheromones
[ITER 240] bestGlobalCost=342532.30 (feasible=YES) bestThisIter=354416.34 feasibleAnts=10 noImprove=9 (elapsed 237.691s)
[ITER 250] bestGlobalCost=342532.30 (feasible=YES) bestThisIter=362961.56 feasibleAnts=7 noImprove=19 (elapsed 250.745s)
[ITER 260] bestGlobalCost=342532.30 (feasible=YES) bestThisIter=387139.86 feasibleAnts=4 noImprove=29 (elapsed 259.789s)
[ITER 270] bestGlobalCost=342532.30 (feasible=YES) bestThisIter=397357.76 feasibleAnts=3 noImprove=39 (elapsed 265.065s)
[ITER 280] bestGlobalCost=342532.30 (feasible=YES) bestThisIter=435860.09 feasibleAnts=3 noImprove=49 (elapsed 268.634s)
[RESET] no improvement for50-> reset pheromones
[ITER 288] New best cost=342357.53 (feasible=YES, time 274.969s)
[ITER 290] bestGlobalCost=342357.53 (feasible=YES) bestThisIter=342532.30 feasibleAnts=15 noImprove=2 (elapsed 278.831s)
[ITER 300] bestGlobalCost=342357.53 (feasible=YES) bestThisIter=347691.20 feasibleAnts=10 noImprove=12 (elapsed 290.669s)
[ITER 310] bestGlobalCost=342357.53 (feasible=YES) bestThisIter=376916.99 feasibleAnts=8 noImprove=22 (elapsed 303.342s)
1 12 21 32 90 95 98 107 123 174 
17 18 45 96 105 119 135 137 160 162 
8 28 29 59 76 97 99 136 167 175 
47 65 72 75 79 81 113 127 179 188 
5 26 62 67 69 100 117 132 194 197 
3 10 11 73 85 91 93 122 129 158 
13 31 48 63 110 126 155 187 192 195 
39 40 53 70 111 142 149 170 189 190 198 
9 27 34 35 61 71 94 157 161 172 
57 58 84 131 169 176 178 180 199 
4 66 74 87 114 133 145 165 168 
20 25 46 68 86 108 138 146 152 166 
2 6 14 42 64 106 118 120 125 185 
30 38 49 56 80 101 124 134 150 181 
7 37 54 115 139 141 163 173 184 191 
19 36 41 44 92 102 130 148 151 200 
15 33 51 82 83 112 121 128 147 156 182 
16 24 77 78 103 109 140 144 153 159 
43 50 52 60 89 116 164 177 183 186 
22 23 55 88 104 143 154 171 193 196 
[SAVELOGS] evolution saved to results/logs/aco_logs/evolution/kroB200_20_5.txt
[SAVELOGS] best cost saved to results/logs/aco_logs/objectives/kroB200_20_5.txt
[SAVELOGS] best solution saved to results/logs/aco_logs/solutions/kroB200_20_5.txt
