[ITER 1] New best cost=201010.18 (feasible=YES, time 0.342534s)
[ITER 2] New best cost=189014.96 (feasible=YES, time 0.565052s)
[ITER 3] New best cost=184525.09 (feasible=YES, time 0.687107s)
[ITER 4] New best cost=179370.81 (feasible=YES, time 0.949918s)
[ITER 10] bestGlobalCost=179370.81 (feasible=YES) bestThisIter=185094.27 feasibleAnts=10 noImprove=6 (elapsed 2.54509s)
[ITER 15] New best cost=172771.13 (feasible=YES, time 5.46404s)
[ITER 18] New best cost=172746.35 (feasible=YES, time 11.7023s)
[ITER 19] New best cost=172269.23 (feasible=YES, time 11.8057s)
[ITER 20] bestGlobalCost=172269.23 (feasible=YES) bestThisIter=169783.09 feasibleAnts=10 noImprove=1 (elapsed 11.9493s)
[ITER 30] New best cost=171696.48 (feasible=YES, time 19.3083s)
[ITER 30] bestGlobalCost=171696.48 (feasible=YES) bestThisIter=181982.90 feasibleAnts=10 noImprove=0 (elapsed 20.9108s)
[ITER 40] bestGlobalCost=171696.48 (feasible=YES) bestThisIter=178763.07 feasibleAnts=10 noImprove=10 (elapsed 22.4304s)
[ITER 50] bestGlobalCost=171696.48 (feasible=YES) bestThisIter=186672.16 feasibleAnts=10 noImprove=20 (elapsed 32.0598s)
[ITER 60] bestGlobalCost=171696.48 (feasible=YES) bestThisIter=195786.13 feasibleAnts=10 noImprove=30 (elapsed 41.758s)
[RESET] no improvement for30-> reset pheromones
[ITER 70] bestGlobalCost=171696.48 (feasible=YES) bestThisIter=191342.99 feasibleAnts=10 noImprove=10 (elapsed 44.8981s)
[ITER 80] bestGlobalCost=171696.48 (feasible=YES) bestThisIter=182000.25 feasibleAnts=10 noImprove=20 (elapsed 54.8889s)
[ITER 90] bestGlobalCost=171696.48 (feasible=YES) bestThisIter=180449.50 feasibleAnts=10 noImprove=30 (elapsed 64.4371s)
[RESET] no improvement for30-> reset pheromones
24 36 38 99 102 104 111 
5 30 37 52 78 103 146 147 
31 42 56 75 92 97 119 143 
29 34 43 46 112 115 123 132 
7 9 57 83 117 135 140 145 
2 40 44 54 64 73 114 144 
10 18 66 79 84 90 106 
28 58 67 93 105 142 148 
25 51 61 69 81 87 108 125 
1 6 19 49 63 113 130 
20 60 62 77 98 110 150 
13 33 76 82 95 116 126 
11 23 32 45 47 91 109 131 
22 53 70 88 94 134 137 
4 16 26 65 118 124 129 
8 80 89 122 133 138 139 
15 17 21 59 72 74 127 141 
39 50 68 85 96 101 107 121 
3 14 41 48 71 100 128 136 
12 27 35 55 86 120 149 
[SAVELOGS] evolution saved to results/logs/kroA150_20_3/evolution/kroA150_20_3
[SAVELOGS] best cost saved to results/logs/kroA150_20_3/objectives/kroA150_20_3
[SAVELOGS] best solution saved to results/logs/kroA150_20_3/solutions/kroA150_20_3
