[ITER 1] New best cost=4392.06 (feasible=YES, time 0.0125326s)
[ITER 2] New best cost=4374.85 (feasible=YES, time 0.0231496s)
[ITER 10] bestGlobalCost=4374.85 (feasible=YES) bestThisIter=4374.85 feasibleAnts=39 noImprove=8 (elapsed 0.121949s)
[ITER 20] [TS] New best cost=4329.18 (feasible=YES, time 0.252243s)
[ITER 20] bestGlobalCost=4329.18 (feasible=YES) bestThisIter=4374.85 feasibleAnts=36 noImprove=1 (elapsed 0.256154s)
[ITER 23] New best cost=4311.32 (feasible=YES, time 0.273808s)
[ITER 30] bestGlobalCost=4311.32 (feasible=YES) bestThisIter=4311.32 feasibleAnts=31 noImprove=7 (elapsed 0.395189s)
[ITER 40] bestGlobalCost=4311.32 (feasible=YES) bestThisIter=4311.32 feasibleAnts=35 noImprove=17 (elapsed 0.543354s)
[ITER 50] bestGlobalCost=4311.32 (feasible=YES) bestThisIter=4311.32 feasibleAnts=36 noImprove=27 (elapsed 0.600533s)
[RESET] no improvement for30-> reset pheromones
[ITER 60] bestGlobalCost=4311.32 (feasible=YES) bestThisIter=4311.32 feasibleAnts=36 noImprove=7 (elapsed 0.723742s)
[ITER 70] bestGlobalCost=4311.32 (feasible=YES) bestThisIter=4311.32 feasibleAnts=38 noImprove=17 (elapsed 0.810407s)
[ITER 80] bestGlobalCost=4311.32 (feasible=YES) bestThisIter=4311.32 feasibleAnts=36 noImprove=27 (elapsed 0.914248s)
[RESET] no improvement for30-> reset pheromones
[ITER 90] bestGlobalCost=4311.32 (feasible=YES) bestThisIter=4311.32 feasibleAnts=33 noImprove=7 (elapsed 1.0254s)
[ITER 100] bestGlobalCost=4311.32 (feasible=YES) bestThisIter=4311.32 feasibleAnts=37 noImprove=17 (elapsed 1.10937s)
[ITER 110] bestGlobalCost=4311.32 (feasible=YES) bestThisIter=4311.32 feasibleAnts=38 noImprove=27 (elapsed 1.17768s)
[RESET] no improvement for30-> reset pheromones
[ITER 120] bestGlobalCost=4311.32 (feasible=YES) bestThisIter=4311.32 feasibleAnts=39 noImprove=7 (elapsed 1.28313s)
[ITER 130] bestGlobalCost=4311.32 (feasible=YES) bestThisIter=4311.32 feasibleAnts=37 noImprove=17 (elapsed 1.3552s)
[ITER 140] bestGlobalCost=4311.32 (feasible=YES) bestThisIter=4311.32 feasibleAnts=40 noImprove=27 (elapsed 1.41578s)
[RESET] no improvement for30-> reset pheromones
[ITER 150] bestGlobalCost=4311.32 (feasible=YES) bestThisIter=4311.32 feasibleAnts=35 noImprove=7 (elapsed 1.52392s)
[ITER 160] bestGlobalCost=4311.32 (feasible=YES) bestThisIter=4311.32 feasibleAnts=36 noImprove=17 (elapsed 1.63388s)
[ITER 170] bestGlobalCost=4311.32 (feasible=YES) bestThisIter=4311.32 feasibleAnts=36 noImprove=27 (elapsed 1.69387s)
[RESET] no improvement for30-> reset pheromones
[ITER 180] bestGlobalCost=4311.32 (feasible=YES) bestThisIter=4311.32 feasibleAnts=39 noImprove=7 (elapsed 1.81082s)
[ITER 190] bestGlobalCost=4311.32 (feasible=YES) bestThisIter=4311.32 feasibleAnts=34 noImprove=17 (elapsed 1.89085s)
[ITER 200] bestGlobalCost=4311.32 (feasible=YES) bestThisIter=4311.32 feasibleAnts=37 noImprove=27 (elapsed 1.95743s)
[RESET] no improvement for30-> reset pheromones
[ITER 210] bestGlobalCost=4311.32 (feasible=YES) bestThisIter=4311.32 feasibleAnts=38 noImprove=7 (elapsed 2.06261s)
[ITER 220] bestGlobalCost=4311.32 (feasible=YES) bestThisIter=4311.32 feasibleAnts=35 noImprove=17 (elapsed 2.16202s)
[ITER 230] bestGlobalCost=4311.32 (feasible=YES) bestThisIter=4311.32 feasibleAnts=37 noImprove=27 (elapsed 2.23161s)
[RESET] no improvement for30-> reset pheromones
[ITER 240] bestGlobalCost=4311.32 (feasible=YES) bestThisIter=4311.32 feasibleAnts=34 noImprove=7 (elapsed 2.3419s)
[ITER 250] bestGlobalCost=4311.32 (feasible=YES) bestThisIter=4311.32 feasibleAnts=38 noImprove=17 (elapsed 2.44055s)
[ITER 260] bestGlobalCost=4311.32 (feasible=YES) bestThisIter=4311.32 feasibleAnts=38 noImprove=27 (elapsed 2.53717s)
[RESET] no improvement for30-> reset pheromones
[ITER 270] bestGlobalCost=4311.32 (feasible=YES) bestThisIter=4311.32 feasibleAnts=39 noImprove=7 (elapsed 2.65685s)
[ITER 280] bestGlobalCost=4311.32 (feasible=YES) bestThisIter=4311.32 feasibleAnts=40 noImprove=17 (elapsed 2.7281s)
[ITER 290] bestGlobalCost=4311.32 (feasible=YES) bestThisIter=4311.32 feasibleAnts=37 noImprove=27 (elapsed 2.79286s)
[RESET] no improvement for30-> reset pheromones
[ITER 300] bestGlobalCost=4311.32 (feasible=YES) bestThisIter=4311.32 feasibleAnts=36 noImprove=7 (elapsed 2.89937s)
[ITER 310] bestGlobalCost=4311.32 (feasible=YES) bestThisIter=4311.32 feasibleAnts=36 noImprove=17 (elapsed 2.96994s)
[ITER 320] bestGlobalCost=4311.32 (feasible=YES) bestThisIter=4311.32 feasibleAnts=35 noImprove=27 (elapsed 3.05599s)
[RESET] no improvement for30-> reset pheromones
[ITER 330] bestGlobalCost=4311.32 (feasible=YES) bestThisIter=4311.32 feasibleAnts=38 noImprove=7 (elapsed 3.16237s)
[ITER 340] bestGlobalCost=4311.32 (feasible=YES) bestThisIter=4311.32 feasibleAnts=37 noImprove=17 (elapsed 3.23271s)
[ITER 350] bestGlobalCost=4311.32 (feasible=YES) bestThisIter=4311.32 feasibleAnts=37 noImprove=27 (elapsed 3.30519s)
[RESET] no improvement for30-> reset pheromones
[ITER 360] bestGlobalCost=4311.32 (feasible=YES) bestThisIter=4311.32 feasibleAnts=39 noImprove=7 (elapsed 3.40667s)
[ITER 370] bestGlobalCost=4311.32 (feasible=YES) bestThisIter=4311.32 feasibleAnts=38 noImprove=17 (elapsed 3.4785s)
[ITER 380] bestGlobalCost=4311.32 (feasible=YES) bestThisIter=4311.32 feasibleAnts=40 noImprove=27 (elapsed 3.56389s)
[RESET] no improvement for30-> reset pheromones
[ITER 390] bestGlobalCost=4311.32 (feasible=YES) bestThisIter=4311.32 feasibleAnts=40 noImprove=7 (elapsed 3.67358s)
[ITER 400] bestGlobalCost=4311.32 (feasible=YES) bestThisIter=4311.32 feasibleAnts=36 noImprove=17 (elapsed 3.75905s)
[ITER 410] bestGlobalCost=4311.32 (feasible=YES) bestThisIter=4311.32 feasibleAnts=39 noImprove=27 (elapsed 3.858s)
[RESET] no improvement for30-> reset pheromones
[ITER 420] bestGlobalCost=4311.32 (feasible=YES) bestThisIter=4311.32 feasibleAnts=38 noImprove=7 (elapsed 3.97117s)
[ITER 430] bestGlobalCost=4311.32 (feasible=YES) bestThisIter=4311.32 feasibleAnts=32 noImprove=17 (elapsed 4.04949s)
[ITER 440] bestGlobalCost=4311.32 (feasible=YES) bestThisIter=4311.32 feasibleAnts=40 noImprove=27 (elapsed 4.13088s)
[RESET] no improvement for30-> reset pheromones
[ITER 450] bestGlobalCost=4311.32 (feasible=YES) bestThisIter=4311.32 feasibleAnts=39 noImprove=7 (elapsed 4.23627s)
[ITER 460] bestGlobalCost=4311.32 (feasible=YES) bestThisIter=4311.32 feasibleAnts=33 noImprove=17 (elapsed 4.33501s)
[ITER 470] bestGlobalCost=4311.32 (feasible=YES) bestThisIter=4311.32 feasibleAnts=40 noImprove=27 (elapsed 4.4219s)
[RESET] no improvement for30-> reset pheromones
[ITER 480] bestGlobalCost=4311.32 (feasible=YES) bestThisIter=4311.32 feasibleAnts=35 noImprove=7 (elapsed 4.5295s)
[ITER 490] bestGlobalCost=4311.32 (feasible=YES) bestThisIter=4311.32 feasibleAnts=37 noImprove=17 (elapsed 4.6012s)
[ITER 500] bestGlobalCost=4311.32 (feasible=YES) bestThisIter=4311.32 feasibleAnts=36 noImprove=27 (elapsed 4.68917s)
[RESET] no improvement for30-> reset pheromones
[ITER 510] bestGlobalCost=4311.32 (feasible=YES) bestThisIter=4311.32 feasibleAnts=39 noImprove=7 (elapsed 4.79474s)
[ITER 520] bestGlobalCost=4311.32 (feasible=YES) bestThisIter=4311.32 feasibleAnts=37 noImprove=17 (elapsed 4.8786s)
[ITER 530] bestGlobalCost=4311.32 (feasible=YES) bestThisIter=4311.32 feasibleAnts=38 noImprove=27 (elapsed 4.96199s)
[RESET] no improvement for30-> reset pheromones
[ITER 540] bestGlobalCost=4311.32 (feasible=YES) bestThisIter=4311.32 feasibleAnts=37 noImprove=7 (elapsed 5.08958s)
[ITER 550] bestGlobalCost=4311.32 (feasible=YES) bestThisIter=4311.32 feasibleAnts=36 noImprove=17 (elapsed 5.18044s)
[ITER 560] bestGlobalCost=4311.32 (feasible=YES) bestThisIter=4311.32 feasibleAnts=39 noImprove=27 (elapsed 5.28536s)
[RESET] no improvement for30-> reset pheromones
[ITER 570] bestGlobalCost=4311.32 (feasible=YES) bestThisIter=4311.32 feasibleAnts=38 noImprove=7 (elapsed 5.39733s)
[ITER 580] bestGlobalCost=4311.32 (feasible=YES) bestThisIter=4311.32 feasibleAnts=36 noImprove=17 (elapsed 5.46798s)
[ITER 590] bestGlobalCost=4311.32 (feasible=YES) bestThisIter=4311.32 feasibleAnts=39 noImprove=27 (elapsed 5.53899s)
[RESET] no improvement for30-> reset pheromones
[ITER 600] bestGlobalCost=4311.32 (feasible=YES) bestThisIter=4311.32 feasibleAnts=36 noImprove=7 (elapsed 5.65426s)
[ITER 610] bestGlobalCost=4311.32 (feasible=YES) bestThisIter=4311.32 feasibleAnts=36 noImprove=17 (elapsed 5.73812s)
[ITER 620] bestGlobalCost=4311.32 (feasible=YES) bestThisIter=4311.32 feasibleAnts=40 noImprove=27 (elapsed 5.83721s)
[RESET] no improvement for30-> reset pheromones
[ITER 630] bestGlobalCost=4311.32 (feasible=YES) bestThisIter=4311.32 feasibleAnts=37 noImprove=7 (elapsed 5.94394s)
[ITER 640] bestGlobalCost=4311.32 (feasible=YES) bestThisIter=4311.32 feasibleAnts=36 noImprove=17 (elapsed 6.01389s)
[ITER 650] bestGlobalCost=4311.32 (feasible=YES) bestThisIter=4311.32 feasibleAnts=37 noImprove=27 (elapsed 6.10024s)
[RESET] no improvement for30-> reset pheromones
[ITER 660] bestGlobalCost=4311.32 (feasible=YES) bestThisIter=4311.32 feasibleAnts=34 noImprove=7 (elapsed 6.2033s)
[ITER 670] bestGlobalCost=4311.32 (feasible=YES) bestThisIter=4311.32 feasibleAnts=35 noImprove=17 (elapsed 6.27688s)
[ITER 680] bestGlobalCost=4311.32 (feasible=YES) bestThisIter=4311.32 feasibleAnts=38 noImprove=27 (elapsed 6.33093s)
[RESET] no improvement for30-> reset pheromones
[ITER 690] bestGlobalCost=4311.32 (feasible=YES) bestThisIter=4311.32 feasibleAnts=40 noImprove=7 (elapsed 6.41755s)
[ITER 700] bestGlobalCost=4311.32 (feasible=YES) bestThisIter=4311.32 feasibleAnts=37 noImprove=17 (elapsed 6.48419s)
[ITER 710] bestGlobalCost=4311.32 (feasible=YES) bestThisIter=4311.32 feasibleAnts=36 noImprove=27 (elapsed 6.5405s)
[RESET] no improvement for30-> reset pheromones
[ITER 720] bestGlobalCost=4311.32 (feasible=YES) bestThisIter=4311.32 feasibleAnts=37 noImprove=7 (elapsed 6.62685s)
[ITER 730] bestGlobalCost=4311.32 (feasible=YES) bestThisIter=4311.32 feasibleAnts=38 noImprove=17 (elapsed 6.67496s)
[ITER 740] bestGlobalCost=4311.32 (feasible=YES) bestThisIter=4311.32 feasibleAnts=38 noImprove=27 (elapsed 6.742s)
[RESET] no improvement for30-> reset pheromones
[ITER 750] bestGlobalCost=4311.32 (feasible=YES) bestThisIter=4311.32 feasibleAnts=37 noImprove=7 (elapsed 6.82455s)
[ITER 760] bestGlobalCost=4311.32 (feasible=YES) bestThisIter=4311.32 feasibleAnts=37 noImprove=17 (elapsed 6.88603s)
[ITER 770] bestGlobalCost=4311.32 (feasible=YES) bestThisIter=4311.32 feasibleAnts=36 noImprove=27 (elapsed 6.94746s)
[RESET] no improvement for30-> reset pheromones
[ITER 780] bestGlobalCost=4311.32 (feasible=YES) bestThisIter=4311.32 feasibleAnts=40 noImprove=7 (elapsed 7.04069s)
[ITER 790] bestGlobalCost=4311.32 (feasible=YES) bestThisIter=4311.32 feasibleAnts=39 noImprove=17 (elapsed 7.11039s)
[ITER 800] bestGlobalCost=4311.32 (feasible=YES) bestThisIter=4311.32 feasibleAnts=38 noImprove=27 (elapsed 7.18131s)
[RESET] no improvement for30-> reset pheromones
[ITER 810] bestGlobalCost=4311.32 (feasible=YES) bestThisIter=4311.32 feasibleAnts=35 noImprove=7 (elapsed 7.26439s)
[ITER 820] bestGlobalCost=4311.32 (feasible=YES) bestThisIter=4311.32 feasibleAnts=37 noImprove=17 (elapsed 7.35738s)
[ITER 830] bestGlobalCost=4311.32 (feasible=YES) bestThisIter=4311.32 feasibleAnts=37 noImprove=27 (elapsed 7.43185s)
[RESET] no improvement for30-> reset pheromones
[ITER 840] bestGlobalCost=4311.32 (feasible=YES) bestThisIter=4311.32 feasibleAnts=37 noImprove=7 (elapsed 7.51917s)
[ITER 850] bestGlobalCost=4311.32 (feasible=YES) bestThisIter=4311.32 feasibleAnts=38 noImprove=17 (elapsed 7.58596s)
[ITER 860] bestGlobalCost=4311.32 (feasible=YES) bestThisIter=4311.32 feasibleAnts=35 noImprove=27 (elapsed 7.63519s)
[RESET] no improvement for30-> reset pheromones
[ITER 870] bestGlobalCost=4311.32 (feasible=YES) bestThisIter=4311.32 feasibleAnts=39 noImprove=7 (elapsed 7.71883s)
[ITER 880] bestGlobalCost=4311.32 (feasible=YES) bestThisIter=4311.32 feasibleAnts=37 noImprove=17 (elapsed 7.78299s)
[ITER 890] bestGlobalCost=4311.32 (feasible=YES) bestThisIter=4311.32 feasibleAnts=39 noImprove=27 (elapsed 7.84726s)
[RESET] no improvement for30-> reset pheromones
[ITER 900] bestGlobalCost=4311.32 (feasible=YES) bestThisIter=4311.32 feasibleAnts=33 noImprove=7 (elapsed 7.94243s)
[ITER 910] bestGlobalCost=4311.32 (feasible=YES) bestThisIter=4311.32 feasibleAnts=37 noImprove=17 (elapsed 8.02882s)
[ITER 920] bestGlobalCost=4311.32 (feasible=YES) bestThisIter=4311.32 feasibleAnts=37 noImprove=27 (elapsed 8.10953s)
[RESET] no improvement for30-> reset pheromones
[ITER 930] bestGlobalCost=4311.32 (feasible=YES) bestThisIter=4311.32 feasibleAnts=37 noImprove=7 (elapsed 8.2047s)
[ITER 940] bestGlobalCost=4311.32 (feasible=YES) bestThisIter=4311.32 feasibleAnts=39 noImprove=17 (elapsed 8.24741s)
[ITER 950] bestGlobalCost=4311.32 (feasible=YES) bestThisIter=4311.32 feasibleAnts=39 noImprove=27 (elapsed 8.31577s)
[RESET] no improvement for30-> reset pheromones
[ITER 960] bestGlobalCost=4311.32 (feasible=YES) bestThisIter=4311.32 feasibleAnts=39 noImprove=7 (elapsed 8.40144s)
[ITER 970] bestGlobalCost=4311.32 (feasible=YES) bestThisIter=4311.32 feasibleAnts=38 noImprove=17 (elapsed 8.49005s)
[ITER 980] bestGlobalCost=4311.32 (feasible=YES) bestThisIter=4311.32 feasibleAnts=38 noImprove=27 (elapsed 8.57334s)
[RESET] no improvement for30-> reset pheromones
[ITER 990] bestGlobalCost=4311.32 (feasible=YES) bestThisIter=4311.32 feasibleAnts=37 noImprove=7 (elapsed 8.66791s)
[ITER 1000] bestGlobalCost=4311.32 (feasible=YES) bestThisIter=4311.32 feasibleAnts=33 noImprove=17 (elapsed 8.73718s)
[ITER 1010] bestGlobalCost=4311.32 (feasible=YES) bestThisIter=4311.32 feasibleAnts=35 noImprove=27 (elapsed 8.79857s)
[RESET] no improvement for30-> reset pheromones
[ITER 1020] bestGlobalCost=4311.32 (feasible=YES) bestThisIter=4311.32 feasibleAnts=39 noImprove=7 (elapsed 8.88693s)
[ITER 1030] bestGlobalCost=4311.32 (feasible=YES) bestThisIter=4311.32 feasibleAnts=36 noImprove=17 (elapsed 8.96036s)
[ITER 1040] bestGlobalCost=4311.32 (feasible=YES) bestThisIter=4311.32 feasibleAnts=38 noImprove=27 (elapsed 9.01248s)
[RESET] no improvement for30-> reset pheromones
[ITER 1050] bestGlobalCost=4311.32 (feasible=YES) bestThisIter=4311.32 feasibleAnts=40 noImprove=7 (elapsed 9.10632s)
[ITER 1060] bestGlobalCost=4311.32 (feasible=YES) bestThisIter=4311.32 feasibleAnts=39 noImprove=17 (elapsed 9.1516s)
[ITER 1070] bestGlobalCost=4311.32 (feasible=YES) bestThisIter=4311.32 feasibleAnts=39 noImprove=27 (elapsed 9.21981s)
[RESET] no improvement for30-> reset pheromones
[ITER 1080] bestGlobalCost=4311.32 (feasible=YES) bestThisIter=4311.32 feasibleAnts=33 noImprove=7 (elapsed 9.3032s)
[ITER 1090] bestGlobalCost=4311.32 (feasible=YES) bestThisIter=4311.32 feasibleAnts=39 noImprove=17 (elapsed 9.39372s)
[ITER 1100] bestGlobalCost=4311.32 (feasible=YES) bestThisIter=4311.32 feasibleAnts=33 noImprove=27 (elapsed 9.47389s)
[RESET] no improvement for30-> reset pheromones
[ITER 1110] bestGlobalCost=4311.32 (feasible=YES) bestThisIter=4311.32 feasibleAnts=36 noImprove=7 (elapsed 9.56254s)
[ITER 1120] bestGlobalCost=4311.32 (feasible=YES) bestThisIter=4311.32 feasibleAnts=36 noImprove=17 (elapsed 9.63068s)
[ITER 1130] bestGlobalCost=4311.32 (feasible=YES) bestThisIter=4311.32 feasibleAnts=40 noImprove=27 (elapsed 9.6991s)
[RESET] no improvement for30-> reset pheromones
[ITER 1140] bestGlobalCost=4311.32 (feasible=YES) bestThisIter=4311.32 feasibleAnts=34 noImprove=7 (elapsed 9.7875s)
[ITER 1150] bestGlobalCost=4311.32 (feasible=YES) bestThisIter=4311.32 feasibleAnts=39 noImprove=17 (elapsed 9.85089s)
[ITER 1160] bestGlobalCost=4311.32 (feasible=YES) bestThisIter=4311.32 feasibleAnts=35 noImprove=27 (elapsed 9.91214s)
[RESET] no improvement for30-> reset pheromones
[ITER 1170] bestGlobalCost=4311.32 (feasible=YES) bestThisIter=4311.32 feasibleAnts=36 noImprove=7 (elapsed 10.011s)
20 22 24 25 30 31 
6 9 14 23 27 28 33 36 38 
2 4 5 7 12 18 21 26 29 39 
1 3 8 10 11 15 16 19 34 37 40 
13 17 32 35 
[SAVELOGS] evolution saved to results/logs/aco_logs/evolution/muestra4_40_5.txt
[SAVELOGS] best cost saved to results/logs/aco_logs/objectives/muestra4_40_5.txt
[SAVELOGS] best solution saved to results/logs/aco_logs/solutions/muestra4_40_5.txt
