[ITER 1] New best cost=4341.00 (feasible=YES, time 0.00968961s)
[ITER 4] New best cost=4311.32 (feasible=YES, time 0.0217169s)
[ITER 10] bestGlobalCost=4311.32 (feasible=YES) bestThisIter=4311.32 feasibleAnts=37 noImprove=6 (elapsed 0.0880024s)
[ITER 20] bestGlobalCost=4311.32 (feasible=YES) bestThisIter=4311.32 feasibleAnts=35 noImprove=16 (elapsed 0.15274s)
[ITER 30] bestGlobalCost=4311.32 (feasible=YES) bestThisIter=4311.32 feasibleAnts=35 noImprove=26 (elapsed 0.264222s)
[RESET] no improvement for30-> reset pheromones
[ITER 40] bestGlobalCost=4311.32 (feasible=YES) bestThisIter=4311.32 feasibleAnts=37 noImprove=6 (elapsed 0.486646s)
[ITER 50] bestGlobalCost=4311.32 (feasible=YES) bestThisIter=4311.32 feasibleAnts=38 noImprove=16 (elapsed 0.590657s)
[ITER 60] bestGlobalCost=4311.32 (feasible=YES) bestThisIter=4311.32 feasibleAnts=38 noImprove=26 (elapsed 0.653665s)
[RESET] no improvement for30-> reset pheromones
[ITER 70] bestGlobalCost=4311.32 (feasible=YES) bestThisIter=4311.32 feasibleAnts=38 noImprove=6 (elapsed 0.747036s)
[ITER 80] bestGlobalCost=4311.32 (feasible=YES) bestThisIter=4311.32 feasibleAnts=36 noImprove=16 (elapsed 0.818244s)
[ITER 90] bestGlobalCost=4311.32 (feasible=YES) bestThisIter=4311.32 feasibleAnts=37 noImprove=26 (elapsed 0.890112s)
[RESET] no improvement for30-> reset pheromones
[ITER 100] bestGlobalCost=4311.32 (feasible=YES) bestThisIter=4311.32 feasibleAnts=39 noImprove=6 (elapsed 0.990995s)
[ITER 110] bestGlobalCost=4311.32 (feasible=YES) bestThisIter=4311.32 feasibleAnts=37 noImprove=16 (elapsed 1.06849s)
[ITER 120] bestGlobalCost=4311.32 (feasible=YES) bestThisIter=4311.32 feasibleAnts=37 noImprove=26 (elapsed 1.13276s)
[RESET] no improvement for30-> reset pheromones
[ITER 130] bestGlobalCost=4311.32 (feasible=YES) bestThisIter=4311.32 feasibleAnts=38 noImprove=6 (elapsed 1.22228s)
[ITER 140] bestGlobalCost=4311.32 (feasible=YES) bestThisIter=4311.32 feasibleAnts=35 noImprove=16 (elapsed 1.31937s)
[ITER 150] bestGlobalCost=4311.32 (feasible=YES) bestThisIter=4311.32 feasibleAnts=35 noImprove=26 (elapsed 1.40806s)
[RESET] no improvement for30-> reset pheromones
[ITER 160] bestGlobalCost=4311.32 (feasible=YES) bestThisIter=4311.32 feasibleAnts=38 noImprove=6 (elapsed 1.53028s)
[ITER 170] bestGlobalCost=4311.32 (feasible=YES) bestThisIter=4311.32 feasibleAnts=36 noImprove=16 (elapsed 1.63244s)
[ITER 180] bestGlobalCost=4311.32 (feasible=YES) bestThisIter=4311.32 feasibleAnts=40 noImprove=26 (elapsed 1.72403s)
[RESET] no improvement for30-> reset pheromones
[ITER 190] bestGlobalCost=4311.32 (feasible=YES) bestThisIter=4311.32 feasibleAnts=36 noImprove=6 (elapsed 1.82848s)
[ITER 200] bestGlobalCost=4311.32 (feasible=YES) bestThisIter=4311.32 feasibleAnts=36 noImprove=16 (elapsed 1.9195s)
[ITER 210] bestGlobalCost=4311.32 (feasible=YES) bestThisIter=4311.32 feasibleAnts=39 noImprove=26 (elapsed 2.00765s)
[RESET] no improvement for30-> reset pheromones
[ITER 220] bestGlobalCost=4311.32 (feasible=YES) bestThisIter=4311.32 feasibleAnts=38 noImprove=6 (elapsed 2.12495s)
[ITER 230] bestGlobalCost=4311.32 (feasible=YES) bestThisIter=4311.32 feasibleAnts=39 noImprove=16 (elapsed 2.19575s)
[ITER 240] bestGlobalCost=4311.32 (feasible=YES) bestThisIter=4311.32 feasibleAnts=38 noImprove=26 (elapsed 2.26838s)
[RESET] no improvement for30-> reset pheromones
[ITER 250] bestGlobalCost=4311.32 (feasible=YES) bestThisIter=4311.32 feasibleAnts=35 noImprove=6 (elapsed 2.38077s)
[ITER 260] bestGlobalCost=4311.32 (feasible=YES) bestThisIter=4311.32 feasibleAnts=37 noImprove=16 (elapsed 2.49243s)
[ITER 270] bestGlobalCost=4311.32 (feasible=YES) bestThisIter=4311.32 feasibleAnts=39 noImprove=26 (elapsed 2.57269s)
[RESET] no improvement for30-> reset pheromones
[ITER 280] bestGlobalCost=4311.32 (feasible=YES) bestThisIter=4311.32 feasibleAnts=36 noImprove=6 (elapsed 2.67836s)
[ITER 290] bestGlobalCost=4311.32 (feasible=YES) bestThisIter=4311.32 feasibleAnts=35 noImprove=16 (elapsed 2.76952s)
[ITER 300] bestGlobalCost=4311.32 (feasible=YES) bestThisIter=4311.32 feasibleAnts=37 noImprove=26 (elapsed 2.85424s)
[RESET] no improvement for30-> reset pheromones
[ITER 310] bestGlobalCost=4311.32 (feasible=YES) bestThisIter=4311.32 feasibleAnts=37 noImprove=6 (elapsed 2.9614s)
[ITER 320] bestGlobalCost=4311.32 (feasible=YES) bestThisIter=4311.32 feasibleAnts=35 noImprove=16 (elapsed 3.02011s)
[ITER 330] bestGlobalCost=4311.32 (feasible=YES) bestThisIter=4311.32 feasibleAnts=37 noImprove=26 (elapsed 3.1058s)
[RESET] no improvement for30-> reset pheromones
[ITER 340] bestGlobalCost=4311.32 (feasible=YES) bestThisIter=4311.32 feasibleAnts=36 noImprove=6 (elapsed 3.21661s)
[ITER 350] bestGlobalCost=4311.32 (feasible=YES) bestThisIter=4311.32 feasibleAnts=37 noImprove=16 (elapsed 3.30214s)
[ITER 360] bestGlobalCost=4311.32 (feasible=YES) bestThisIter=4311.32 feasibleAnts=37 noImprove=26 (elapsed 3.37331s)
[RESET] no improvement for30-> reset pheromones
[ITER 370] bestGlobalCost=4311.32 (feasible=YES) bestThisIter=4311.32 feasibleAnts=34 noImprove=6 (elapsed 3.48593s)
[ITER 380] bestGlobalCost=4311.32 (feasible=YES) bestThisIter=4311.32 feasibleAnts=34 noImprove=16 (elapsed 3.56071s)
[ITER 390] bestGlobalCost=4311.32 (feasible=YES) bestThisIter=4311.32 feasibleAnts=39 noImprove=26 (elapsed 3.63296s)
[RESET] no improvement for30-> reset pheromones
[ITER 400] bestGlobalCost=4311.32 (feasible=YES) bestThisIter=4311.32 feasibleAnts=37 noImprove=6 (elapsed 3.74478s)
[ITER 410] bestGlobalCost=4311.32 (feasible=YES) bestThisIter=4311.32 feasibleAnts=37 noImprove=16 (elapsed 3.80089s)
[ITER 420] bestGlobalCost=4311.32 (feasible=YES) bestThisIter=4311.32 feasibleAnts=39 noImprove=26 (elapsed 3.85924s)
[RESET] no improvement for30-> reset pheromones
[ITER 430] bestGlobalCost=4311.32 (feasible=YES) bestThisIter=4311.32 feasibleAnts=35 noImprove=6 (elapsed 3.97504s)
[ITER 440] bestGlobalCost=4311.32 (feasible=YES) bestThisIter=4311.32 feasibleAnts=34 noImprove=16 (elapsed 4.06s)
[ITER 450] bestGlobalCost=4311.32 (feasible=YES) bestThisIter=4311.32 feasibleAnts=36 noImprove=26 (elapsed 4.1677s)
[RESET] no improvement for30-> reset pheromones
[ITER 460] bestGlobalCost=4311.32 (feasible=YES) bestThisIter=4311.32 feasibleAnts=35 noImprove=6 (elapsed 4.30035s)
[ITER 470] bestGlobalCost=4311.32 (feasible=YES) bestThisIter=4311.32 feasibleAnts=36 noImprove=16 (elapsed 4.38628s)
[ITER 480] bestGlobalCost=4311.32 (feasible=YES) bestThisIter=4311.32 feasibleAnts=36 noImprove=26 (elapsed 4.46834s)
[RESET] no improvement for30-> reset pheromones
[ITER 490] bestGlobalCost=4311.32 (feasible=YES) bestThisIter=4311.32 feasibleAnts=37 noImprove=6 (elapsed 4.57426s)
[ITER 500] bestGlobalCost=4311.32 (feasible=YES) bestThisIter=4311.32 feasibleAnts=38 noImprove=16 (elapsed 4.67819s)
[ITER 510] bestGlobalCost=4311.32 (feasible=YES) bestThisIter=4311.32 feasibleAnts=37 noImprove=26 (elapsed 4.78269s)
[RESET] no improvement for30-> reset pheromones
[ITER 520] bestGlobalCost=4311.32 (feasible=YES) bestThisIter=4311.32 feasibleAnts=38 noImprove=6 (elapsed 4.90939s)
[ITER 530] bestGlobalCost=4311.32 (feasible=YES) bestThisIter=4311.32 feasibleAnts=40 noImprove=16 (elapsed 4.9959s)
[ITER 540] bestGlobalCost=4311.32 (feasible=YES) bestThisIter=4311.32 feasibleAnts=37 noImprove=26 (elapsed 5.07661s)
[RESET] no improvement for30-> reset pheromones
[ITER 550] bestGlobalCost=4311.32 (feasible=YES) bestThisIter=4311.32 feasibleAnts=36 noImprove=6 (elapsed 5.19239s)
[ITER 560] bestGlobalCost=4311.32 (feasible=YES) bestThisIter=4311.32 feasibleAnts=36 noImprove=16 (elapsed 5.27687s)
[ITER 570] bestGlobalCost=4311.32 (feasible=YES) bestThisIter=4311.32 feasibleAnts=35 noImprove=26 (elapsed 5.33289s)
[RESET] no improvement for30-> reset pheromones
[ITER 580] bestGlobalCost=4311.32 (feasible=YES) bestThisIter=4311.32 feasibleAnts=37 noImprove=6 (elapsed 5.44511s)
[ITER 590] bestGlobalCost=4311.32 (feasible=YES) bestThisIter=4311.32 feasibleAnts=36 noImprove=16 (elapsed 5.53016s)
[ITER 600] bestGlobalCost=4311.32 (feasible=YES) bestThisIter=4311.32 feasibleAnts=37 noImprove=26 (elapsed 5.62892s)
[RESET] no improvement for30-> reset pheromones
[ITER 610] bestGlobalCost=4311.32 (feasible=YES) bestThisIter=4311.32 feasibleAnts=36 noImprove=6 (elapsed 5.74128s)
[ITER 620] bestGlobalCost=4311.32 (feasible=YES) bestThisIter=4311.32 feasibleAnts=33 noImprove=16 (elapsed 5.8291s)
[ITER 630] bestGlobalCost=4311.32 (feasible=YES) bestThisIter=4311.32 feasibleAnts=37 noImprove=26 (elapsed 5.91571s)
[RESET] no improvement for30-> reset pheromones
[ITER 640] bestGlobalCost=4311.32 (feasible=YES) bestThisIter=4311.32 feasibleAnts=35 noImprove=6 (elapsed 6.03267s)
[ITER 650] bestGlobalCost=4311.32 (feasible=YES) bestThisIter=4311.32 feasibleAnts=36 noImprove=16 (elapsed 6.10516s)
[ITER 660] bestGlobalCost=4311.32 (feasible=YES) bestThisIter=4311.32 feasibleAnts=39 noImprove=26 (elapsed 6.19832s)
[RESET] no improvement for30-> reset pheromones
[ITER 670] bestGlobalCost=4311.32 (feasible=YES) bestThisIter=4311.32 feasibleAnts=36 noImprove=6 (elapsed 6.30559s)
[ITER 680] bestGlobalCost=4311.32 (feasible=YES) bestThisIter=4311.32 feasibleAnts=38 noImprove=16 (elapsed 6.38954s)
[ITER 690] bestGlobalCost=4311.32 (feasible=YES) bestThisIter=4311.32 feasibleAnts=38 noImprove=26 (elapsed 6.46468s)
[RESET] no improvement for30-> reset pheromones
[ITER 700] bestGlobalCost=4311.32 (feasible=YES) bestThisIter=4311.32 feasibleAnts=39 noImprove=6 (elapsed 6.56789s)
[ITER 710] bestGlobalCost=4311.32 (feasible=YES) bestThisIter=4311.32 feasibleAnts=34 noImprove=16 (elapsed 6.64936s)
[ITER 720] bestGlobalCost=4311.32 (feasible=YES) bestThisIter=4311.32 feasibleAnts=35 noImprove=26 (elapsed 6.72236s)
[RESET] no improvement for30-> reset pheromones
[ITER 730] bestGlobalCost=4311.32 (feasible=YES) bestThisIter=4311.32 feasibleAnts=36 noImprove=6 (elapsed 6.82163s)
[ITER 740] bestGlobalCost=4311.32 (feasible=YES) bestThisIter=4311.32 feasibleAnts=39 noImprove=16 (elapsed 6.90251s)
[ITER 750] bestGlobalCost=4311.32 (feasible=YES) bestThisIter=4311.32 feasibleAnts=38 noImprove=26 (elapsed 6.95764s)
[RESET] no improvement for30-> reset pheromones
[ITER 760] bestGlobalCost=4311.32 (feasible=YES) bestThisIter=4311.32 feasibleAnts=34 noImprove=6 (elapsed 7.0618s)
[ITER 770] bestGlobalCost=4311.32 (feasible=YES) bestThisIter=4311.32 feasibleAnts=36 noImprove=16 (elapsed 7.13352s)
[ITER 780] bestGlobalCost=4311.32 (feasible=YES) bestThisIter=4311.32 feasibleAnts=39 noImprove=26 (elapsed 7.24431s)
[RESET] no improvement for30-> reset pheromones
[ITER 790] bestGlobalCost=4311.32 (feasible=YES) bestThisIter=4311.32 feasibleAnts=38 noImprove=6 (elapsed 7.34636s)
[ITER 800] bestGlobalCost=4311.32 (feasible=YES) bestThisIter=4311.32 feasibleAnts=38 noImprove=16 (elapsed 7.41929s)
[ITER 810] bestGlobalCost=4311.32 (feasible=YES) bestThisIter=4311.32 feasibleAnts=36 noImprove=26 (elapsed 7.50165s)
[RESET] no improvement for30-> reset pheromones
[ITER 820] bestGlobalCost=4311.32 (feasible=YES) bestThisIter=4311.32 feasibleAnts=38 noImprove=6 (elapsed 7.6091s)
[ITER 830] bestGlobalCost=4311.32 (feasible=YES) bestThisIter=4311.32 feasibleAnts=38 noImprove=16 (elapsed 7.6774s)
[ITER 840] bestGlobalCost=4311.32 (feasible=YES) bestThisIter=4311.32 feasibleAnts=38 noImprove=26 (elapsed 7.76089s)
[RESET] no improvement for30-> reset pheromones
[ITER 850] bestGlobalCost=4311.32 (feasible=YES) bestThisIter=4311.32 feasibleAnts=38 noImprove=6 (elapsed 7.8658s)
[ITER 860] bestGlobalCost=4311.32 (feasible=YES) bestThisIter=4311.32 feasibleAnts=36 noImprove=16 (elapsed 7.97386s)
[ITER 870] bestGlobalCost=4311.32 (feasible=YES) bestThisIter=4311.32 feasibleAnts=39 noImprove=26 (elapsed 8.07569s)
[RESET] no improvement for30-> reset pheromones
[ITER 880] bestGlobalCost=4311.32 (feasible=YES) bestThisIter=4311.32 feasibleAnts=40 noImprove=6 (elapsed 8.18057s)
[ITER 890] bestGlobalCost=4311.32 (feasible=YES) bestThisIter=4311.32 feasibleAnts=37 noImprove=16 (elapsed 8.27646s)
[ITER 900] bestGlobalCost=4311.32 (feasible=YES) bestThisIter=4311.32 feasibleAnts=38 noImprove=26 (elapsed 8.34252s)
[RESET] no improvement for30-> reset pheromones
[ITER 910] bestGlobalCost=4311.32 (feasible=YES) bestThisIter=4311.32 feasibleAnts=38 noImprove=6 (elapsed 8.44683s)
[ITER 920] bestGlobalCost=4311.32 (feasible=YES) bestThisIter=4311.32 feasibleAnts=38 noImprove=16 (elapsed 8.51699s)
[ITER 930] bestGlobalCost=4311.32 (feasible=YES) bestThisIter=4311.32 feasibleAnts=38 noImprove=26 (elapsed 8.61398s)
[RESET] no improvement for30-> reset pheromones
[ITER 940] bestGlobalCost=4311.32 (feasible=YES) bestThisIter=4311.32 feasibleAnts=38 noImprove=6 (elapsed 8.71583s)
[ITER 950] bestGlobalCost=4311.32 (feasible=YES) bestThisIter=4311.32 feasibleAnts=37 noImprove=16 (elapsed 8.81848s)
[ITER 960] bestGlobalCost=4311.32 (feasible=YES) bestThisIter=4311.32 feasibleAnts=39 noImprove=26 (elapsed 8.91962s)
[RESET] no improvement for30-> reset pheromones
[ITER 970] bestGlobalCost=4311.32 (feasible=YES) bestThisIter=4311.32 feasibleAnts=38 noImprove=6 (elapsed 9.02417s)
[ITER 980] bestGlobalCost=4311.32 (feasible=YES) bestThisIter=4311.32 feasibleAnts=38 noImprove=16 (elapsed 9.11432s)
[ITER 990] bestGlobalCost=4311.32 (feasible=YES) bestThisIter=4311.32 feasibleAnts=37 noImprove=26 (elapsed 9.21441s)
[RESET] no improvement for30-> reset pheromones
[ITER 1000] bestGlobalCost=4311.32 (feasible=YES) bestThisIter=4311.32 feasibleAnts=35 noImprove=6 (elapsed 9.33024s)
[ITER 1010] bestGlobalCost=4311.32 (feasible=YES) bestThisIter=4311.32 feasibleAnts=40 noImprove=16 (elapsed 9.42911s)
[ITER 1020] bestGlobalCost=4311.32 (feasible=YES) bestThisIter=4311.32 feasibleAnts=37 noImprove=26 (elapsed 9.48433s)
[RESET] no improvement for30-> reset pheromones
[ITER 1030] bestGlobalCost=4311.32 (feasible=YES) bestThisIter=4311.32 feasibleAnts=37 noImprove=6 (elapsed 9.58786s)
[ITER 1040] bestGlobalCost=4311.32 (feasible=YES) bestThisIter=4311.32 feasibleAnts=35 noImprove=16 (elapsed 9.68729s)
[ITER 1050] bestGlobalCost=4311.32 (feasible=YES) bestThisIter=4311.32 feasibleAnts=36 noImprove=26 (elapsed 9.74517s)
[RESET] no improvement for30-> reset pheromones
[ITER 1060] bestGlobalCost=4311.32 (feasible=YES) bestThisIter=4311.32 feasibleAnts=33 noImprove=6 (elapsed 9.85319s)
[ITER 1070] bestGlobalCost=4311.32 (feasible=YES) bestThisIter=4311.32 feasibleAnts=37 noImprove=16 (elapsed 9.93744s)
[ITER 1080] bestGlobalCost=4311.32 (feasible=YES) bestThisIter=4311.32 feasibleAnts=39 noImprove=26 (elapsed 10.01s)
1 3 8 10 11 15 16 19 34 37 40 
20 22 24 25 30 31 
6 9 14 23 27 28 33 36 38 
2 4 5 7 12 18 21 26 29 39 
13 17 32 35 
[SAVELOGS] evolution saved to results/logs/aco_logs/evolution/muestra4_40_5.txt
[SAVELOGS] best cost saved to results/logs/aco_logs/objectives/muestra4_40_5.txt
[SAVELOGS] best solution saved to results/logs/aco_logs/solutions/muestra4_40_5.txt
