[ITER 1] New best cost=676650.12 (feasible=YES, time 0.0222341s)
[ITER 2] New best cost=670109.36 (feasible=YES, time 0.0420415s)
[ITER 4] New best cost=668715.77 (feasible=YES, time 0.0692533s)
[ITER 7] New best cost=667790.72 (feasible=YES, time 0.133717s)
[ITER 10] bestGlobalCost=667790.72 (feasible=YES) bestThisIter=667790.72 feasibleAnts=10 noImprove=3 (elapsed 0.210685s)
[ITER 20] bestGlobalCost=667790.72 (feasible=YES) bestThisIter=667790.72 feasibleAnts=12 noImprove=13 (elapsed 1.53428s)
[ITER 30] bestGlobalCost=667790.72 (feasible=YES) bestThisIter=667790.72 feasibleAnts=10 noImprove=23 (elapsed 2.87637s)
[RESET] no improvement for30-> reset pheromones
[ITER 40] bestGlobalCost=667790.72 (feasible=YES) bestThisIter=667790.72 feasibleAnts=10 noImprove=3 (elapsed 3.01003s)
[ITER 45] New best cost=664914.16 (feasible=YES, time 3.60615s)
[ITER 50] bestGlobalCost=664914.16 (feasible=YES) bestThisIter=664914.16 feasibleAnts=10 noImprove=5 (elapsed 4.25641s)
[ITER 60] bestGlobalCost=664914.16 (feasible=YES) bestThisIter=664914.16 feasibleAnts=10 noImprove=15 (elapsed 5.37936s)
[ITER 70] bestGlobalCost=664914.16 (feasible=YES) bestThisIter=664914.16 feasibleAnts=11 noImprove=25 (elapsed 5.49435s)
[RESET] no improvement for30-> reset pheromones
[ITER 80] bestGlobalCost=664914.16 (feasible=YES) bestThisIter=666632.65 feasibleAnts=10 noImprove=5 (elapsed 6.6235s)
[ITER 90] bestGlobalCost=664914.16 (feasible=YES) bestThisIter=664914.16 feasibleAnts=12 noImprove=15 (elapsed 7.86258s)
[ITER 100] bestGlobalCost=664914.16 (feasible=YES) bestThisIter=664914.16 feasibleAnts=13 noImprove=25 (elapsed 8.00475s)
[RESET] no improvement for30-> reset pheromones
[ITER 110] bestGlobalCost=664914.16 (feasible=YES) bestThisIter=664914.16 feasibleAnts=10 noImprove=5 (elapsed 9.42192s)
[ITER 120] bestGlobalCost=664914.16 (feasible=YES) bestThisIter=664914.16 feasibleAnts=12 noImprove=15 (elapsed 10.8219s)
[ITER 130] bestGlobalCost=664914.16 (feasible=YES) bestThisIter=664914.16 feasibleAnts=11 noImprove=25 (elapsed 10.9577s)
[RESET] no improvement for30-> reset pheromones
[ITER 140] bestGlobalCost=664914.16 (feasible=YES) bestThisIter=664914.16 feasibleAnts=10 noImprove=5 (elapsed 12.2956s)
[ITER 150] bestGlobalCost=664914.16 (feasible=YES) bestThisIter=664914.16 feasibleAnts=10 noImprove=15 (elapsed 13.5603s)
[ITER 160] bestGlobalCost=664914.16 (feasible=YES) bestThisIter=664914.16 feasibleAnts=10 noImprove=25 (elapsed 13.6965s)
[RESET] no improvement for30-> reset pheromones
[ITER 170] bestGlobalCost=664914.16 (feasible=YES) bestThisIter=664914.16 feasibleAnts=10 noImprove=5 (elapsed 14.9693s)
[ITER 180] bestGlobalCost=664914.16 (feasible=YES) bestThisIter=664914.16 feasibleAnts=11 noImprove=15 (elapsed 16.3372s)
[ITER 190] bestGlobalCost=664914.16 (feasible=YES) bestThisIter=664914.16 feasibleAnts=10 noImprove=25 (elapsed 16.4578s)
[RESET] no improvement for30-> reset pheromones
[ITER 200] bestGlobalCost=664914.16 (feasible=YES) bestThisIter=664914.16 feasibleAnts=10 noImprove=5 (elapsed 17.8591s)
[ITER 210] bestGlobalCost=664914.16 (feasible=YES) bestThisIter=664914.16 feasibleAnts=10 noImprove=15 (elapsed 19.2758s)
[ITER 220] bestGlobalCost=664914.16 (feasible=YES) bestThisIter=664914.16 feasibleAnts=11 noImprove=25 (elapsed 19.442s)
[RESET] no improvement for30-> reset pheromones
[ITER 230] bestGlobalCost=664914.16 (feasible=YES) bestThisIter=664914.16 feasibleAnts=10 noImprove=5 (elapsed 20.6625s)
[ITER 240] bestGlobalCost=664914.16 (feasible=YES) bestThisIter=664914.16 feasibleAnts=10 noImprove=15 (elapsed 21.8261s)
[ITER 250] bestGlobalCost=664914.16 (feasible=YES) bestThisIter=664914.16 feasibleAnts=10 noImprove=25 (elapsed 21.9309s)
[RESET] no improvement for30-> reset pheromones
[ITER 260] bestGlobalCost=664914.16 (feasible=YES) bestThisIter=664914.16 feasibleAnts=10 noImprove=5 (elapsed 23.108s)
[ITER 270] bestGlobalCost=664914.16 (feasible=YES) bestThisIter=664914.16 feasibleAnts=11 noImprove=15 (elapsed 24.3531s)
[ITER 280] bestGlobalCost=664914.16 (feasible=YES) bestThisIter=664914.16 feasibleAnts=10 noImprove=25 (elapsed 24.4888s)
[RESET] no improvement for30-> reset pheromones
[ITER 290] bestGlobalCost=664914.16 (feasible=YES) bestThisIter=667707.06 feasibleAnts=10 noImprove=5 (elapsed 25.8734s)
[ITER 300] bestGlobalCost=664914.16 (feasible=YES) bestThisIter=664914.16 feasibleAnts=11 noImprove=15 (elapsed 27.2488s)
[ITER 310] bestGlobalCost=664914.16 (feasible=YES) bestThisIter=664914.16 feasibleAnts=14 noImprove=25 (elapsed 27.4091s)
[RESET] no improvement for30-> reset pheromones
[ITER 320] bestGlobalCost=664914.16 (feasible=YES) bestThisIter=664914.16 feasibleAnts=10 noImprove=5 (elapsed 28.6066s)
[ITER 330] bestGlobalCost=664914.16 (feasible=YES) bestThisIter=664914.16 feasibleAnts=14 noImprove=15 (elapsed 29.7625s)
[ITER 340] bestGlobalCost=664914.16 (feasible=YES) bestThisIter=664914.16 feasibleAnts=10 noImprove=25 (elapsed 29.9007s)
[RESET] no improvement for30-> reset pheromones
[ITER 350] bestGlobalCost=664914.16 (feasible=YES) bestThisIter=664914.16 feasibleAnts=10 noImprove=5 (elapsed 31.1112s)
[ITER 360] bestGlobalCost=664914.16 (feasible=YES) bestThisIter=664914.16 feasibleAnts=12 noImprove=15 (elapsed 32.3973s)
[ITER 370] bestGlobalCost=664914.16 (feasible=YES) bestThisIter=664914.16 feasibleAnts=11 noImprove=25 (elapsed 32.5883s)
[RESET] no improvement for30-> reset pheromones
[ITER 380] bestGlobalCost=664914.16 (feasible=YES) bestThisIter=664914.16 feasibleAnts=10 noImprove=5 (elapsed 33.9647s)
[ITER 390] bestGlobalCost=664914.16 (feasible=YES) bestThisIter=664914.16 feasibleAnts=10 noImprove=15 (elapsed 35.3349s)
[ITER 400] bestGlobalCost=664914.16 (feasible=YES) bestThisIter=664914.16 feasibleAnts=11 noImprove=25 (elapsed 35.4692s)
[RESET] no improvement for30-> reset pheromones
[ITER 410] bestGlobalCost=664914.16 (feasible=YES) bestThisIter=664914.16 feasibleAnts=10 noImprove=5 (elapsed 36.6447s)
[ITER 420] bestGlobalCost=664914.16 (feasible=YES) bestThisIter=664914.16 feasibleAnts=12 noImprove=15 (elapsed 37.8395s)
[ITER 430] bestGlobalCost=664914.16 (feasible=YES) bestThisIter=664914.16 feasibleAnts=10 noImprove=25 (elapsed 37.9669s)
[RESET] no improvement for30-> reset pheromones
[ITER 440] bestGlobalCost=664914.16 (feasible=YES) bestThisIter=664914.16 feasibleAnts=10 noImprove=5 (elapsed 39.1103s)
[ITER 450] bestGlobalCost=664914.16 (feasible=YES) bestThisIter=664914.16 feasibleAnts=11 noImprove=15 (elapsed 40.3834s)
[ITER 460] bestGlobalCost=664914.16 (feasible=YES) bestThisIter=664914.16 feasibleAnts=10 noImprove=25 (elapsed 40.5087s)
[RESET] no improvement for30-> reset pheromones
[ITER 470] bestGlobalCost=664914.16 (feasible=YES) bestThisIter=667812.13 feasibleAnts=10 noImprove=5 (elapsed 41.9288s)
[ITER 480] bestGlobalCost=664914.16 (feasible=YES) bestThisIter=664914.16 feasibleAnts=10 noImprove=15 (elapsed 43.3107s)
[ITER 490] bestGlobalCost=664914.16 (feasible=YES) bestThisIter=664914.16 feasibleAnts=10 noImprove=25 (elapsed 43.4471s)
[RESET] no improvement for30-> reset pheromones
[ITER 500] bestGlobalCost=664914.16 (feasible=YES) bestThisIter=667812.13 feasibleAnts=10 noImprove=5 (elapsed 44.6715s)
[ITER 510] bestGlobalCost=664914.16 (feasible=YES) bestThisIter=664914.16 feasibleAnts=14 noImprove=15 (elapsed 45.8528s)
[ITER 520] bestGlobalCost=664914.16 (feasible=YES) bestThisIter=664914.16 feasibleAnts=10 noImprove=25 (elapsed 45.9776s)
[RESET] no improvement for30-> reset pheromones
[ITER 530] bestGlobalCost=664914.16 (feasible=YES) bestThisIter=664914.16 feasibleAnts=10 noImprove=5 (elapsed 47.1388s)
[ITER 540] bestGlobalCost=664914.16 (feasible=YES) bestThisIter=664914.16 feasibleAnts=11 noImprove=15 (elapsed 48.402s)
[ITER 550] bestGlobalCost=664914.16 (feasible=YES) bestThisIter=664914.16 feasibleAnts=10 noImprove=25 (elapsed 48.5563s)
[RESET] no improvement for30-> reset pheromones
[ITER 560] bestGlobalCost=664914.16 (feasible=YES) bestThisIter=667707.06 feasibleAnts=10 noImprove=5 (elapsed 49.9783s)
[ITER 570] bestGlobalCost=664914.16 (feasible=YES) bestThisIter=664914.16 feasibleAnts=11 noImprove=15 (elapsed 51.3723s)
[ITER 580] bestGlobalCost=664914.16 (feasible=YES) bestThisIter=664914.16 feasibleAnts=10 noImprove=25 (elapsed 51.5443s)
[RESET] no improvement for30-> reset pheromones
[ITER 590] bestGlobalCost=664914.16 (feasible=YES) bestThisIter=664914.16 feasibleAnts=10 noImprove=5 (elapsed 52.722s)
[ITER 600] bestGlobalCost=664914.16 (feasible=YES) bestThisIter=664914.16 feasibleAnts=12 noImprove=15 (elapsed 53.8603s)
[ITER 610] bestGlobalCost=664914.16 (feasible=YES) bestThisIter=664914.16 feasibleAnts=10 noImprove=25 (elapsed 53.9812s)
[RESET] no improvement for30-> reset pheromones
[ITER 620] bestGlobalCost=664914.16 (feasible=YES) bestThisIter=666632.65 feasibleAnts=10 noImprove=5 (elapsed 55.1482s)
[ITER 630] bestGlobalCost=664914.16 (feasible=YES) bestThisIter=664914.16 feasibleAnts=12 noImprove=15 (elapsed 56.3892s)
[ITER 640] bestGlobalCost=664914.16 (feasible=YES) bestThisIter=664914.16 feasibleAnts=10 noImprove=25 (elapsed 56.5187s)
[RESET] no improvement for30-> reset pheromones
[ITER 650] bestGlobalCost=664914.16 (feasible=YES) bestThisIter=664914.16 feasibleAnts=10 noImprove=5 (elapsed 57.8921s)
[ITER 660] bestGlobalCost=664914.16 (feasible=YES) bestThisIter=664914.16 feasibleAnts=13 noImprove=15 (elapsed 59.2768s)
[ITER 670] bestGlobalCost=664914.16 (feasible=YES) bestThisIter=664914.16 feasibleAnts=10 noImprove=25 (elapsed 59.4225s)
[RESET] no improvement for30-> reset pheromones
2 16 17 18 19 22 23 24 36 41 44 45 47 50 55 77 78 88 92 96 
1 3 8 10 11 21 28 29 32 59 73 76 85 90 91 93 95 97 98 99 
4 6 13 14 15 31 33 42 43 48 51 60 63 64 66 74 82 83 87 89 
7 9 12 20 25 27 34 35 37 46 52 54 57 58 61 65 71 72 80 84 94 
5 26 30 38 39 40 49 53 56 62 67 68 69 70 75 79 81 86 100 
[SAVELOGS] evolution saved to results/logs/kroB100_05_2/evolution/kroB100_05_2
[SAVELOGS] best cost saved to results/logs/kroB100_05_2/objectives/kroB100_05_2
[SAVELOGS] best solution saved to results/logs/kroB100_05_2/solutions/kroB100_05_2
