[ITER 1] New best cost=4841381.84 (feasible=YES, time 0.0359538s)
[ITER 2] New best cost=4833165.91 (feasible=YES, time 0.0743528s)
[ITER 3] New best cost=4819845.03 (feasible=YES, time 0.108874s)
[ITER 9] New best cost=4819845.03 (feasible=YES, time 0.268404s)
[ITER 10] bestGlobalCost=4819845.03 (feasible=YES) bestThisIter=4819845.03 feasibleAnts=25 noImprove=1 (elapsed 0.29177s)
[ITER 15] New best cost=4814806.85 (feasible=YES, time 0.964516s)
[ITER 15] New best cost=4802259.30 (feasible=YES, time 1.51262s)
[ITER 20] bestGlobalCost=4802259.30 (feasible=YES) bestThisIter=4802259.30 feasibleAnts=15 noImprove=5 (elapsed 3.32649s)
[ITER 30] New best cost=4800033.65 (feasible=YES, time 5.4012s)
[ITER 30] bestGlobalCost=4800033.65 (feasible=YES) bestThisIter=4802259.30 feasibleAnts=10 noImprove=0 (elapsed 6.79803s)
[ITER 33] New best cost=4800033.65 (feasible=YES, time 6.85368s)
[ITER 40] bestGlobalCost=4800033.65 (feasible=YES) bestThisIter=4800033.65 feasibleAnts=11 noImprove=7 (elapsed 7.08605s)
[ITER 50] bestGlobalCost=4800033.65 (feasible=YES) bestThisIter=4800033.65 feasibleAnts=10 noImprove=17 (elapsed 10.3073s)
[ITER 60] bestGlobalCost=4800033.65 (feasible=YES) bestThisIter=4800033.65 feasibleAnts=10 noImprove=27 (elapsed 13.6632s)
[RESET] no improvement for30-> reset pheromones
[ITER 70] bestGlobalCost=4800033.65 (feasible=YES) bestThisIter=4823773.14 feasibleAnts=10 noImprove=7 (elapsed 13.9964s)
[ITER 80] bestGlobalCost=4800033.65 (feasible=YES) bestThisIter=4800033.65 feasibleAnts=10 noImprove=17 (elapsed 17.466s)
[ITER 90] bestGlobalCost=4800033.65 (feasible=YES) bestThisIter=4804543.80 feasibleAnts=10 noImprove=27 (elapsed 20.6508s)
[RESET] no improvement for30-> reset pheromones
[ITER 100] bestGlobalCost=4800033.65 (feasible=YES) bestThisIter=4800033.65 feasibleAnts=10 noImprove=7 (elapsed 21.0835s)
[ITER 110] bestGlobalCost=4800033.65 (feasible=YES) bestThisIter=4800033.65 feasibleAnts=10 noImprove=17 (elapsed 24.6662s)
[ITER 120] bestGlobalCost=4800033.65 (feasible=YES) bestThisIter=4800033.65 feasibleAnts=10 noImprove=27 (elapsed 28.0963s)
[RESET] no improvement for30-> reset pheromones
[ITER 130] bestGlobalCost=4800033.65 (feasible=YES) bestThisIter=4813604.92 feasibleAnts=10 noImprove=7 (elapsed 28.4588s)
[ITER 140] bestGlobalCost=4800033.65 (feasible=YES) bestThisIter=4800033.65 feasibleAnts=10 noImprove=17 (elapsed 32.1398s)
[ITER 150] bestGlobalCost=4800033.65 (feasible=YES) bestThisIter=4800033.65 feasibleAnts=10 noImprove=27 (elapsed 35.2181s)
[RESET] no improvement for30-> reset pheromones
[ITER 160] bestGlobalCost=4800033.65 (feasible=YES) bestThisIter=4823773.14 feasibleAnts=10 noImprove=7 (elapsed 35.5434s)
[ITER 170] bestGlobalCost=4800033.65 (feasible=YES) bestThisIter=4800033.65 feasibleAnts=10 noImprove=17 (elapsed 39.1553s)
[ITER 180] bestGlobalCost=4800033.65 (feasible=YES) bestThisIter=4800033.65 feasibleAnts=10 noImprove=27 (elapsed 42.3679s)
[RESET] no improvement for30-> reset pheromones
[ITER 190] bestGlobalCost=4800033.65 (feasible=YES) bestThisIter=4830539.37 feasibleAnts=10 noImprove=7 (elapsed 42.6432s)
[ITER 200] bestGlobalCost=4800033.65 (feasible=YES) bestThisIter=4800033.65 feasibleAnts=10 noImprove=17 (elapsed 46.155s)
[ITER 210] bestGlobalCost=4800033.65 (feasible=YES) bestThisIter=4800033.65 feasibleAnts=10 noImprove=27 (elapsed 49.5328s)
[RESET] no improvement for30-> reset pheromones
[ITER 220] bestGlobalCost=4800033.65 (feasible=YES) bestThisIter=4807521.72 feasibleAnts=10 noImprove=7 (elapsed 49.7984s)
[ITER 230] bestGlobalCost=4800033.65 (feasible=YES) bestThisIter=4800033.65 feasibleAnts=10 noImprove=17 (elapsed 53.1071s)
[ITER 240] bestGlobalCost=4800033.65 (feasible=YES) bestThisIter=4807521.72 feasibleAnts=10 noImprove=27 (elapsed 56.611s)
[RESET] no improvement for30-> reset pheromones
[ITER 250] bestGlobalCost=4800033.65 (feasible=YES) bestThisIter=4823773.14 feasibleAnts=10 noImprove=7 (elapsed 56.8538s)
[ITER 260] bestGlobalCost=4800033.65 (feasible=YES) bestThisIter=4800033.65 feasibleAnts=10 noImprove=17 (elapsed 59.9288s)
47 49 50 51 52 53 54 56 57 58 79 80 81 82 83 84 85 86 87 104 105 106 108 109 110 111 112 113 114 
1 2 3 4 5 6 22 23 24 25 26 27 28 29 30 31 32 33 34 35 36 37 38 39 40 46 48 55 59 60 
88 102 103 107 115 122 123 124 125 126 127 128 129 130 131 132 133 134 135 136 137 138 139 140 141 142 143 144 
7 8 9 10 11 12 13 14 15 16 17 18 19 20 21 41 42 43 44 45 62 64 66 67 68 69 70 71 72 
61 63 65 73 74 75 76 77 78 89 90 91 92 93 94 95 96 97 98 99 100 101 116 117 118 119 120 121 
[SAVELOGS] evolution saved to results/logs/pr144_05_2/evolution/pr144_05_2
[SAVELOGS] best cost saved to results/logs/pr144_05_2/objectives/pr144_05_2
[SAVELOGS] best solution saved to results/logs/pr144_05_2/solutions/pr144_05_2
