[ITER 1] New best cost=6694102.16 (feasible=YES, time 2.43279s)
[ITER 2] New best cost=6641767.14 (feasible=YES, time 4.25322s)
[ITER 4] New best cost=6577685.27 (feasible=YES, time 7.51574s)
[ITER 10] [TS] New best cost=6571866.21 (feasible=YES, time 19.5029s)
[ITER 10] [TS] New best cost=6565444.08 (feasible=YES, time 20.4497s)
[ITER 10] bestGlobalCost=6565444.08 (feasible=YES) bestThisIter=6586051.10 feasibleAnts=10 noImprove=1 (elapsed 20.9836s)
[ITER 20] bestGlobalCost=6565444.08 (feasible=YES) bestThisIter=6565857.28 feasibleAnts=10 noImprove=11 (elapsed 42.1576s)
[ITER 30] [TS] New best cost=6562625.81 (feasible=YES, time 62.7777s)
[ITER 30] bestGlobalCost=6562625.81 (feasible=YES) bestThisIter=6583342.82 feasibleAnts=10 noImprove=1 (elapsed 64.6573s)
[ITER 39] New best cost=6556525.14 (feasible=YES, time 78.7909s)
[ITER 40] bestGlobalCost=6556525.14 (feasible=YES) bestThisIter=6581750.40 feasibleAnts=10 noImprove=1 (elapsed 83.486s)
[ITER 50] bestGlobalCost=6556525.14 (feasible=YES) bestThisIter=6573000.40 feasibleAnts=10 noImprove=11 (elapsed 104.13s)
[ITER 56] New best cost=6552713.47 (feasible=YES, time 113.908s)
[ITER 60] bestGlobalCost=6552713.47 (feasible=YES) bestThisIter=6562469.17 feasibleAnts=10 noImprove=4 (elapsed 123.606s)
[ITER 70] bestGlobalCost=6552713.47 (feasible=YES) bestThisIter=6579300.75 feasibleAnts=10 noImprove=14 (elapsed 145.705s)
[ITER 80] bestGlobalCost=6552713.47 (feasible=YES) bestThisIter=6568888.55 feasibleAnts=10 noImprove=24 (elapsed 167.926s)
[RESET] no improvement for30-> reset pheromones
[ITER 90] bestGlobalCost=6552713.47 (feasible=YES) bestThisIter=6601122.99 feasibleAnts=10 noImprove=4 (elapsed 191.732s)
[ITER 100] bestGlobalCost=6552713.47 (feasible=YES) bestThisIter=6588407.79 feasibleAnts=10 noImprove=14 (elapsed 212.204s)
[ITER 110] bestGlobalCost=6552713.47 (feasible=YES) bestThisIter=6576398.36 feasibleAnts=10 noImprove=24 (elapsed 235.662s)
[RESET] no improvement for30-> reset pheromones
[ITER 120] bestGlobalCost=6552713.47 (feasible=YES) bestThisIter=6593244.39 feasibleAnts=10 noImprove=4 (elapsed 258.852s)
[ITER 130] bestGlobalCost=6552713.47 (feasible=YES) bestThisIter=6552713.47 feasibleAnts=10 noImprove=14 (elapsed 309.555s)
[ITER 140] bestGlobalCost=6552713.47 (feasible=YES) bestThisIter=6552713.47 feasibleAnts=10 noImprove=24 (elapsed 336.071s)
[RESET] no improvement for30-> reset pheromones
[ITER 150] bestGlobalCost=6552713.47 (feasible=YES) bestThisIter=6614841.12 feasibleAnts=11 noImprove=4 (elapsed 367.917s)
[ITER 160] bestGlobalCost=6552713.47 (feasible=YES) bestThisIter=6581109.96 feasibleAnts=10 noImprove=14 (elapsed 392.638s)
[ITER 170] bestGlobalCost=6552713.47 (feasible=YES) bestThisIter=6552713.47 feasibleAnts=10 noImprove=24 (elapsed 414.414s)
[RESET] no improvement for30-> reset pheromones
[ITER 180] bestGlobalCost=6552713.47 (feasible=YES) bestThisIter=6606848.53 feasibleAnts=10 noImprove=4 (elapsed 435.689s)
[ITER 190] bestGlobalCost=6552713.47 (feasible=YES) bestThisIter=6572234.62 feasibleAnts=10 noImprove=14 (elapsed 457.497s)
[ITER 200] bestGlobalCost=6552713.47 (feasible=YES) bestThisIter=6612272.06 feasibleAnts=10 noImprove=24 (elapsed 477.72s)
[RESET] no improvement for30-> reset pheromones
[ITER 210] bestGlobalCost=6552713.47 (feasible=YES) bestThisIter=6606569.31 feasibleAnts=9 noImprove=4 (elapsed 500.291s)
[ITER 220] [TS] New best cost=6552157.03 (feasible=YES, time 517.896s)
[ITER 220] bestGlobalCost=6552157.03 (feasible=YES) bestThisIter=6552157.03 feasibleAnts=10 noImprove=1 (elapsed 520.073s)
[ITER 230] bestGlobalCost=6552157.03 (feasible=YES) bestThisIter=6607452.11 feasibleAnts=10 noImprove=11 (elapsed 540.894s)
[ITER 240] bestGlobalCost=6552157.03 (feasible=YES) bestThisIter=6552157.03 feasibleAnts=10 noImprove=21 (elapsed 559.749s)
[RESET] no improvement for30-> reset pheromones
[ITER 250] bestGlobalCost=6552157.03 (feasible=YES) bestThisIter=6831756.28 feasibleAnts=10 noImprove=1 (elapsed 578.749s)
[ITER 260] bestGlobalCost=6552157.03 (feasible=YES) bestThisIter=6578477.82 feasibleAnts=11 noImprove=11 (elapsed 598.242s)
[ITER 270] bestGlobalCost=6552157.03 (feasible=YES) bestThisIter=6586840.74 feasibleAnts=10 noImprove=21 (elapsed 617.698s)
[RESET] no improvement for30-> reset pheromones
[ITER 280] bestGlobalCost=6552157.03 (feasible=YES) bestThisIter=6858682.02 feasibleAnts=10 noImprove=1 (elapsed 635.96s)
[ITER 290] bestGlobalCost=6552157.03 (feasible=YES) bestThisIter=6570647.93 feasibleAnts=10 noImprove=11 (elapsed 656.944s)
[ITER 300] bestGlobalCost=6552157.03 (feasible=YES) bestThisIter=6571696.97 feasibleAnts=10 noImprove=21 (elapsed 676.236s)
[RESET] no improvement for30-> reset pheromones
[ITER 310] bestGlobalCost=6552157.03 (feasible=YES) bestThisIter=6835435.33 feasibleAnts=10 noImprove=1 (elapsed 694.465s)
[ITER 320] bestGlobalCost=6552157.03 (feasible=YES) bestThisIter=6595376.61 feasibleAnts=10 noImprove=11 (elapsed 714.463s)
[ITER 330] bestGlobalCost=6552157.03 (feasible=YES) bestThisIter=6582235.67 feasibleAnts=10 noImprove=21 (elapsed 733.738s)
[RESET] no improvement for30-> reset pheromones
[ITER 340] bestGlobalCost=6552157.03 (feasible=YES) bestThisIter=6780822.34 feasibleAnts=10 noImprove=1 (elapsed 753.865s)
[ITER 350] bestGlobalCost=6552157.03 (feasible=YES) bestThisIter=6554676.62 feasibleAnts=10 noImprove=11 (elapsed 773.906s)
[ITER 360] bestGlobalCost=6552157.03 (feasible=YES) bestThisIter=6577480.85 feasibleAnts=10 noImprove=21 (elapsed 794.527s)
[RESET] no improvement for30-> reset pheromones
[ITER 370] bestGlobalCost=6552157.03 (feasible=YES) bestThisIter=6785076.68 feasibleAnts=10 noImprove=1 (elapsed 814.517s)
[ITER 380] bestGlobalCost=6552157.03 (feasible=YES) bestThisIter=6572130.55 feasibleAnts=10 noImprove=11 (elapsed 835.807s)
[ITER 390] bestGlobalCost=6552157.03 (feasible=YES) bestThisIter=6588401.70 feasibleAnts=10 noImprove=21 (elapsed 857.716s)
[RESET] no improvement for30-> reset pheromones
[ITER 400] bestGlobalCost=6552157.03 (feasible=YES) bestThisIter=6673342.62 feasibleAnts=10 noImprove=1 (elapsed 879.192s)
[ITER 410] bestGlobalCost=6552157.03 (feasible=YES) bestThisIter=6552157.03 feasibleAnts=10 noImprove=11 (elapsed 899.935s)
[ITER 420] bestGlobalCost=6552157.03 (feasible=YES) bestThisIter=6552157.03 feasibleAnts=10 noImprove=21 (elapsed 918.519s)
[RESET] no improvement for30-> reset pheromones
[ITER 430] bestGlobalCost=6552157.03 (feasible=YES) bestThisIter=6786981.22 feasibleAnts=10 noImprove=1 (elapsed 940.04s)
[ITER 440] bestGlobalCost=6552157.03 (feasible=YES) bestThisIter=6579335.09 feasibleAnts=10 noImprove=11 (elapsed 960.712s)
[ITER 450] bestGlobalCost=6552157.03 (feasible=YES) bestThisIter=6568971.95 feasibleAnts=10 noImprove=21 (elapsed 978.535s)
[RESET] no improvement for30-> reset pheromones
[ITER 460] bestGlobalCost=6552157.03 (feasible=YES) bestThisIter=6907996.66 feasibleAnts=10 noImprove=1 (elapsed 995.619s)
[ITER 470] bestGlobalCost=6552157.03 (feasible=YES) bestThisIter=6597446.42 feasibleAnts=10 noImprove=11 (elapsed 1014.9s)
[ITER 480] bestGlobalCost=6552157.03 (feasible=YES) bestThisIter=6588260.03 feasibleAnts=10 noImprove=21 (elapsed 1036.35s)
[RESET] no improvement for30-> reset pheromones
[ITER 490] bestGlobalCost=6552157.03 (feasible=YES) bestThisIter=6742369.20 feasibleAnts=10 noImprove=1 (elapsed 1055.4s)
[ITER 500] bestGlobalCost=6552157.03 (feasible=YES) bestThisIter=6592942.29 feasibleAnts=10 noImprove=11 (elapsed 1075.42s)
[ITER 501] New best cost=6551940.29 (feasible=YES, time 1077.7s)
[ITER 510] bestGlobalCost=6551940.29 (feasible=YES) bestThisIter=6596987.57 feasibleAnts=10 noImprove=9 (elapsed 1095.86s)
[ITER 520] bestGlobalCost=6551940.29 (feasible=YES) bestThisIter=6565368.39 feasibleAnts=10 noImprove=19 (elapsed 1114.18s)
[ITER 530] bestGlobalCost=6551940.29 (feasible=YES) bestThisIter=6572429.24 feasibleAnts=10 noImprove=29 (elapsed 1133.76s)
[RESET] no improvement for30-> reset pheromones
[ITER 540] bestGlobalCost=6551940.29 (feasible=YES) bestThisIter=6583634.01 feasibleAnts=11 noImprove=9 (elapsed 1154.49s)
[ITER 550] bestGlobalCost=6551940.29 (feasible=YES) bestThisIter=6575355.72 feasibleAnts=10 noImprove=19 (elapsed 1174s)
[ITER 560] bestGlobalCost=6551940.29 (feasible=YES) bestThisIter=6561064.81 feasibleAnts=10 noImprove=29 (elapsed 1192.43s)
[RESET] no improvement for30-> reset pheromones
[ITER 570] bestGlobalCost=6551940.29 (feasible=YES) bestThisIter=6569556.40 feasibleAnts=10 noImprove=9 (elapsed 1212.09s)
[ITER 580] bestGlobalCost=6551940.29 (feasible=YES) bestThisIter=6571972.74 feasibleAnts=10 noImprove=19 (elapsed 1232.92s)
[ITER 590] bestGlobalCost=6551940.29 (feasible=YES) bestThisIter=6561064.81 feasibleAnts=10 noImprove=29 (elapsed 1252.89s)
[RESET] no improvement for30-> reset pheromones
[ITER 600] bestGlobalCost=6551940.29 (feasible=YES) bestThisIter=6566177.88 feasibleAnts=10 noImprove=9 (elapsed 1272.76s)
[ITER 610] bestGlobalCost=6551940.29 (feasible=YES) bestThisIter=6599360.25 feasibleAnts=10 noImprove=19 (elapsed 1292.43s)
[ITER 620] bestGlobalCost=6551940.29 (feasible=YES) bestThisIter=6579201.04 feasibleAnts=10 noImprove=29 (elapsed 1315.14s)
[RESET] no improvement for30-> reset pheromones
[ITER 630] bestGlobalCost=6551940.29 (feasible=YES) bestThisIter=6596969.34 feasibleAnts=10 noImprove=9 (elapsed 1336.14s)
[ITER 640] bestGlobalCost=6551940.29 (feasible=YES) bestThisIter=6610584.80 feasibleAnts=10 noImprove=19 (elapsed 1355.78s)
[ITER 650] bestGlobalCost=6551940.29 (feasible=YES) bestThisIter=6573834.91 feasibleAnts=10 noImprove=29 (elapsed 1374.81s)
[RESET] no improvement for30-> reset pheromones
[ITER 660] bestGlobalCost=6551940.29 (feasible=YES) bestThisIter=6579337.81 feasibleAnts=10 noImprove=9 (elapsed 1393.87s)
[ITER 670] bestGlobalCost=6551940.29 (feasible=YES) bestThisIter=6577557.08 feasibleAnts=10 noImprove=19 (elapsed 1414.34s)
[ITER 680] bestGlobalCost=6551940.29 (feasible=YES) bestThisIter=6600215.71 feasibleAnts=10 noImprove=29 (elapsed 1434.84s)
[RESET] no improvement for30-> reset pheromones
[ITER 690] bestGlobalCost=6551940.29 (feasible=YES) bestThisIter=6595405.28 feasibleAnts=10 noImprove=9 (elapsed 1454.66s)
[ITER 695] New best cost=6548607.85 (feasible=YES, time 1463.09s)
[ITER 700] bestGlobalCost=6548607.85 (feasible=YES) bestThisIter=6569945.30 feasibleAnts=10 noImprove=5 (elapsed 1474.32s)
[ITER 710] bestGlobalCost=6548607.85 (feasible=YES) bestThisIter=6590612.55 feasibleAnts=10 noImprove=15 (elapsed 1492.9s)
209 210 246 247 248 249 250 251 252 253 254 255 256 257 258 259 260 261 263 310 311 312 313 314 315 316 317 318 319 320 321 322 
126 127 129 130 131 132 133 134 135 136 137 159 160 161 162 163 164 165 166 167 168 169 170 171 172 173 174 206 207 
13 14 15 16 17 26 27 28 29 30 31 32 33 34 36 58 59 60 61 62 63 73 74 75 76 77 78 86 87 112 
148 232 279 280 285 286 287 288 289 290 291 292 293 345 346 347 348 349 350 351 352 353 354 355 356 357 358 359 376 380 
340 370 371 372 373 374 375 377 379 381 382 383 389 390 391 392 393 394 395 397 398 399 407 414 419 420 421 
224 273 274 275 276 277 278 294 295 296 297 298 299 300 301 332 333 334 335 336 337 338 339 360 361 362 363 364 365 366 367 369 
139 140 141 142 143 144 145 150 151 152 153 154 155 156 157 158 178 179 180 181 182 183 184 185 190 191 192 193 194 195 
2 3 4 5 6 7 8 9 10 11 12 35 37 38 39 40 41 42 43 44 45 46 48 49 50 52 54 56 57 79 81 
284 342 344 384 396 403 406 408 409 410 411 412 413 422 423 424 425 426 427 430 432 433 434 435 436 437 438 439 
219 220 221 222 223 233 234 235 236 237 238 239 240 264 265 266 267 268 269 270 272 302 303 304 305 306 307 308 309 327 328 331 
18 92 93 94 95 96 97 98 99 100 101 102 103 104 113 114 115 116 117 118 119 120 121 122 123 124 125 128 138 
175 176 177 196 197 198 199 200 201 202 203 204 205 208 211 212 213 214 215 216 217 218 241 242 243 244 245 262 
1 47 51 53 55 80 82 83 84 85 149 186 187 188 189 225 226 227 228 229 230 231 281 282 283 341 343 
271 323 324 325 326 329 330 368 378 385 386 387 388 400 401 402 404 405 415 416 417 418 428 429 431 
19 20 21 22 23 24 25 64 65 66 67 68 69 70 71 72 88 89 90 91 105 106 107 108 109 110 111 146 147 
[SAVELOGS] evolution saved to results/logs/aco_logs/evolution/pr439_15_2.txt
[SAVELOGS] best cost saved to results/logs/aco_logs/objectives/pr439_15_2.txt
[SAVELOGS] best solution saved to results/logs/aco_logs/solutions/pr439_15_2.txt
