[ITER 1] New best cost=1116376.73 (feasible=NO, time 0.596233s)
[ITER 1] New best cost=1244197.81 (feasible=YES, time 0.601245s)
[ITER 2] New best cost=1214725.61 (feasible=YES, time 0.822637s)
[ITER 3] New best cost=1144828.14 (feasible=YES, time 1.03137s)
[ITER 4] New best cost=1137212.85 (feasible=YES, time 1.33696s)
[ITER 6] New best cost=1135353.19 (feasible=YES, time 4.11619s)
[ITER 8] New best cost=1129269.30 (feasible=YES, time 4.60139s)
[ITER 10] New best cost=1104357.11 (feasible=YES, time 7.16126s)
[ITER 10] bestGlobalCost=1104357.11 (feasible=YES) bestThisIter=1120372.07 feasibleAnts=7 noImprove=0 (elapsed 7.16562s)
[ITER 15] New best cost=1104243.54 (feasible=YES, time 10.1603s)
[ITER 16] New best cost=1099012.92 (feasible=YES, time 10.2963s)
[ITER 18] New best cost=1081256.41 (feasible=YES, time 10.6375s)
[ITER 20] bestGlobalCost=1081256.41 (feasible=YES) bestThisIter=1089797.49 feasibleAnts=8 noImprove=2 (elapsed 13.1622s)
[ITER 22] New best cost=1080598.28 (feasible=YES, time 13.4218s)
[ITER 30] New best cost=1077887.97 (feasible=YES, time 18.9024s)
[ITER 30] bestGlobalCost=1077887.97 (feasible=YES) bestThisIter=1080598.28 feasibleAnts=11 noImprove=0 (elapsed 18.9071s)
[ITER 33] New best cost=1077850.65 (feasible=YES, time 19.1928s)
[ITER 40] bestGlobalCost=1077850.65 (feasible=YES) bestThisIter=1078628.32 feasibleAnts=8 noImprove=7 (elapsed 24.4457s)
[ITER 43] New best cost=1076667.25 (feasible=YES, time 24.9187s)
[ITER 50] bestGlobalCost=1076667.25 (feasible=YES) bestThisIter=1077776.62 feasibleAnts=12 noImprove=7 (elapsed 30.0609s)
[ITER 51] New best cost=1066991.41 (feasible=YES, time 30.2186s)
[ITER 56] New best cost=1060367.49 (feasible=YES, time 33.0113s)
[ITER 60] bestGlobalCost=1060367.49 (feasible=YES) bestThisIter=1063571.72 feasibleAnts=11 noImprove=4 (elapsed 35.6285s)
[ITER 70] bestGlobalCost=1060367.49 (feasible=YES) bestThisIter=1064494.73 feasibleAnts=5 noImprove=14 (elapsed 41.5226s)
[ITER 80] bestGlobalCost=1060367.49 (feasible=YES) bestThisIter=1098469.82 feasibleAnts=4 noImprove=24 (elapsed 48.2881s)
[ITER 90] bestGlobalCost=1060367.49 (feasible=YES) bestThisIter=1116751.50 feasibleAnts=3 noImprove=34 (elapsed 55.6119s)
[ITER 100] bestGlobalCost=1060367.49 (feasible=YES) bestThisIter=1115301.92 feasibleAnts=4 noImprove=44 (elapsed 63.2909s)
[RESET] no improvement for50-> reset pheromones
[ITER 110] bestGlobalCost=1060367.49 (feasible=YES) bestThisIter=1095988.51 feasibleAnts=4 noImprove=4 (elapsed 71.0492s)
[ITER 120] bestGlobalCost=1060367.49 (feasible=YES) bestThisIter=1088884.00 feasibleAnts=6 noImprove=14 (elapsed 77.8837s)
[ITER 130] bestGlobalCost=1060367.49 (feasible=YES) bestThisIter=1116774.37 feasibleAnts=4 noImprove=24 (elapsed 84.9794s)
[ITER 140] bestGlobalCost=1060367.49 (feasible=YES) bestThisIter=1121678.58 feasibleAnts=3 noImprove=34 (elapsed 92.4905s)
[ITER 150] bestGlobalCost=1060367.49 (feasible=YES) bestThisIter=1143793.43 feasibleAnts=3 noImprove=44 (elapsed 100.329s)
[RESET] no improvement for50-> reset pheromones
[ITER 160] bestGlobalCost=1060367.49 (feasible=YES) bestThisIter=1111676.59 feasibleAnts=4 noImprove=4 (elapsed 108.004s)
[ITER 170] bestGlobalCost=1060367.49 (feasible=YES) bestThisIter=1106790.19 feasibleAnts=3 noImprove=14 (elapsed 114.785s)
[ITER 180] bestGlobalCost=1060367.49 (feasible=YES) bestThisIter=1120594.40 feasibleAnts=5 noImprove=24 (elapsed 122.037s)
[ITER 190] bestGlobalCost=1060367.49 (feasible=YES) bestThisIter=1115608.62 feasibleAnts=3 noImprove=34 (elapsed 129.501s)
[ITER 200] bestGlobalCost=1060367.49 (feasible=YES) bestThisIter=1140924.47 feasibleAnts=5 noImprove=44 (elapsed 137.277s)
[RESET] no improvement for50-> reset pheromones
[ITER 210] bestGlobalCost=1060367.49 (feasible=YES) bestThisIter=1083118.38 feasibleAnts=4 noImprove=4 (elapsed 145.027s)
[ITER 220] bestGlobalCost=1060367.49 (feasible=YES) bestThisIter=1106416.44 feasibleAnts=5 noImprove=14 (elapsed 153.379s)
[ITER 230] bestGlobalCost=1060367.49 (feasible=YES) bestThisIter=1125582.45 feasibleAnts=4 noImprove=24 (elapsed 160.425s)
[ITER 240] bestGlobalCost=1060367.49 (feasible=YES) bestThisIter=1120227.58 feasibleAnts=4 noImprove=34 (elapsed 167.808s)
[ITER 250] bestGlobalCost=1060367.49 (feasible=YES) bestThisIter=1121253.40 feasibleAnts=3 noImprove=44 (elapsed 175.56s)
[RESET] no improvement for50-> reset pheromones
[ITER 260] bestGlobalCost=1060367.49 (feasible=YES) bestThisIter=1103004.41 feasibleAnts=4 noImprove=4 (elapsed 183.063s)
[ITER 270] bestGlobalCost=1060367.49 (feasible=YES) bestThisIter=1080131.62 feasibleAnts=5 noImprove=14 (elapsed 189.949s)
[ITER 280] bestGlobalCost=1060367.49 (feasible=YES) bestThisIter=1115764.97 feasibleAnts=6 noImprove=24 (elapsed 197.055s)
[ITER 290] bestGlobalCost=1060367.49 (feasible=YES) bestThisIter=1125822.84 feasibleAnts=3 noImprove=34 (elapsed 204.518s)
[ITER 300] bestGlobalCost=1060367.49 (feasible=YES) bestThisIter=1127529.83 feasibleAnts=5 noImprove=44 (elapsed 212.32s)
[RESET] no improvement for50-> reset pheromones
[ITER 310] bestGlobalCost=1060367.49 (feasible=YES) bestThisIter=1101260.62 feasibleAnts=6 noImprove=4 (elapsed 219.96s)
[ITER 320] bestGlobalCost=1060367.49 (feasible=YES) bestThisIter=1097304.32 feasibleAnts=7 noImprove=14 (elapsed 226.759s)
[ITER 330] bestGlobalCost=1060367.49 (feasible=YES) bestThisIter=1116138.40 feasibleAnts=4 noImprove=24 (elapsed 234.073s)
[ITER 340] bestGlobalCost=1060367.49 (feasible=YES) bestThisIter=1107454.44 feasibleAnts=4 noImprove=34 (elapsed 241.567s)
[ITER 350] bestGlobalCost=1060367.49 (feasible=YES) bestThisIter=1137516.38 feasibleAnts=5 noImprove=44 (elapsed 249.264s)
[RESET] no improvement for50-> reset pheromones
[ITER 360] bestGlobalCost=1060367.49 (feasible=YES) bestThisIter=1103057.32 feasibleAnts=5 noImprove=4 (elapsed 256.92s)
[ITER 370] bestGlobalCost=1060367.49 (feasible=YES) bestThisIter=1092610.99 feasibleAnts=3 noImprove=14 (elapsed 263.854s)
[ITER 380] bestGlobalCost=1060367.49 (feasible=YES) bestThisIter=1108401.35 feasibleAnts=5 noImprove=24 (elapsed 271.18s)
[ITER 390] bestGlobalCost=1060367.49 (feasible=YES) bestThisIter=1130043.83 feasibleAnts=5 noImprove=34 (elapsed 278.66s)
[ITER 400] bestGlobalCost=1060367.49 (feasible=YES) bestThisIter=1139239.44 feasibleAnts=4 noImprove=44 (elapsed 286.304s)
[RESET] no improvement for50-> reset pheromones
[ITER 410] bestGlobalCost=1060367.49 (feasible=YES) bestThisIter=1080324.08 feasibleAnts=5 noImprove=4 (elapsed 293.984s)
[ITER 420] bestGlobalCost=1060367.49 (feasible=YES) bestThisIter=1099903.52 feasibleAnts=3 noImprove=14 (elapsed 300.902s)
204 205 207 208 219 220 223 224 226 278 280 284 285 286 299 
16 17 18 19 22 76 79 80 81 82 85 87 99 100 102 
103 104 129 130 131 132 133 134 135 136 137 138 162 163 164 166 
48 49 50 51 52 53 54 55 56 114 116 118 121 124 
140 141 160 161 206 209 210 211 212 216 217 218 221 222 
125 126 127 128 171 173 174 175 176 177 178 179 187 189 190 
1 2 3 4 5 6 7 8 9 10 11 12 14 88 92 93 
15 20 21 23 24 25 26 27 28 72 73 74 75 78 
165 167 168 197 198 199 200 201 202 230 232 234 235 274 
32 35 36 37 38 39 40 41 42 43 44 45 46 47 57 60 62 
91 143 144 145 146 147 148 149 150 151 152 153 154 155 156 157 
188 248 252 253 255 258 259 260 261 262 263 264 265 266 267 
213 214 215 287 288 289 290 291 292 293 294 295 296 297 298 
105 170 194 236 237 238 239 240 241 242 243 269 271 272 273 
58 59 61 65 106 107 108 109 110 111 112 113 123 172 
169 191 192 193 195 196 244 245 246 247 249 250 251 268 270 
203 225 227 228 229 231 233 275 276 277 279 281 282 283 
13 83 84 86 89 90 94 95 96 97 98 101 139 142 158 159 
115 117 119 120 122 180 181 182 183 184 185 186 254 256 257 
29 30 31 33 34 63 64 66 67 68 69 70 71 77 
[SAVELOGS] evolution saved to results/logs/aco_logs/evolution/pr299_20_3.txt
[SAVELOGS] best cost saved to results/logs/aco_logs/objectives/pr299_20_3.txt
[SAVELOGS] best solution saved to results/logs/aco_logs/solutions/pr299_20_3.txt
