[ITER 1] New best cost=58092.75 (feasible=YES, time 0.0700311s)
[ITER 2] New best cost=57309.68 (feasible=YES, time 0.121107s)
[ITER 3] New best cost=57277.30 (feasible=YES, time 0.175279s)
[ITER 4] New best cost=57062.79 (feasible=YES, time 0.247624s)
[ITER 10] bestGlobalCost=57062.79 (feasible=YES) bestThisIter=57062.79 feasibleAnts=11 noImprove=6 (elapsed 0.60944s)
[ITER 20] bestGlobalCost=57062.79 (feasible=YES) bestThisIter=57062.79 feasibleAnts=10 noImprove=16 (elapsed 4.2663s)
[ITER 30] bestGlobalCost=57062.79 (feasible=YES) bestThisIter=57062.79 feasibleAnts=10 noImprove=26 (elapsed 8.49009s)
[RESET] no improvement for30-> reset pheromones
[ITER 40] bestGlobalCost=57062.79 (feasible=YES) bestThisIter=57504.23 feasibleAnts=10 noImprove=6 (elapsed 9.04306s)
[ITER 50] bestGlobalCost=57062.79 (feasible=YES) bestThisIter=57062.79 feasibleAnts=11 noImprove=16 (elapsed 12.9453s)
[ITER 60] bestGlobalCost=57062.79 (feasible=YES) bestThisIter=57062.79 feasibleAnts=10 noImprove=26 (elapsed 17.2916s)
[RESET] no improvement for30-> reset pheromones
[ITER 70] bestGlobalCost=57062.79 (feasible=YES) bestThisIter=57734.41 feasibleAnts=10 noImprove=6 (elapsed 17.9902s)
[ITER 80] bestGlobalCost=57062.79 (feasible=YES) bestThisIter=57062.79 feasibleAnts=11 noImprove=16 (elapsed 22.0426s)
[ITER 90] bestGlobalCost=57062.79 (feasible=YES) bestThisIter=57188.91 feasibleAnts=10 noImprove=26 (elapsed 26.1472s)
[RESET] no improvement for30-> reset pheromones
[ITER 100] bestGlobalCost=57062.79 (feasible=YES) bestThisIter=57274.23 feasibleAnts=10 noImprove=6 (elapsed 26.9074s)
[ITER 110] bestGlobalCost=57062.79 (feasible=YES) bestThisIter=57062.79 feasibleAnts=11 noImprove=16 (elapsed 30.7712s)
[ITER 120] bestGlobalCost=57062.79 (feasible=YES) bestThisIter=57062.79 feasibleAnts=10 noImprove=26 (elapsed 34.7243s)
[RESET] no improvement for30-> reset pheromones
[ITER 130] bestGlobalCost=57062.79 (feasible=YES) bestThisIter=57777.29 feasibleAnts=10 noImprove=6 (elapsed 35.5113s)
[ITER 140] bestGlobalCost=57062.79 (feasible=YES) bestThisIter=57062.79 feasibleAnts=10 noImprove=16 (elapsed 39.3735s)
[ITER 150] bestGlobalCost=57062.79 (feasible=YES) bestThisIter=57062.79 feasibleAnts=10 noImprove=26 (elapsed 43.5338s)
[RESET] no improvement for30-> reset pheromones
[ITER 160] bestGlobalCost=57062.79 (feasible=YES) bestThisIter=57062.79 feasibleAnts=10 noImprove=6 (elapsed 44.2607s)
[ITER 170] bestGlobalCost=57062.79 (feasible=YES) bestThisIter=57062.79 feasibleAnts=10 noImprove=16 (elapsed 47.9669s)
[ITER 180] bestGlobalCost=57062.79 (feasible=YES) bestThisIter=57062.79 feasibleAnts=13 noImprove=26 (elapsed 52.3006s)
[RESET] no improvement for30-> reset pheromones
[ITER 190] bestGlobalCost=57062.79 (feasible=YES) bestThisIter=57826.51 feasibleAnts=10 noImprove=6 (elapsed 52.8514s)
[ITER 200] bestGlobalCost=57062.79 (feasible=YES) bestThisIter=57062.79 feasibleAnts=10 noImprove=16 (elapsed 56.4896s)
[ITER 210] bestGlobalCost=57062.79 (feasible=YES) bestThisIter=57062.79 feasibleAnts=11 noImprove=26 (elapsed 60.6999s)
4 7 8 9 17 23 24 34 38 40 41 42 44 46 54 56 60 70 72 87 111 116 119 
13 19 20 25 33 43 49 50 52 58 65 68 69 79 85 91 98 100 107 108 113 117 118 
1 14 15 16 18 22 28 29 30 31 32 45 59 61 66 74 75 76 78 81 86 92 94 105 120 
2 3 5 11 12 21 27 39 51 53 57 63 64 77 80 82 88 93 95 97 101 103 109 115 
6 10 26 35 36 37 47 48 55 62 67 71 73 83 84 89 90 96 99 102 104 106 110 112 114 
[SAVELOGS] evolution saved to results/logs/gr120_05_4/evolution/gr120_05_4
[SAVELOGS] best cost saved to results/logs/gr120_05_4/objectives/gr120_05_4
[SAVELOGS] best solution saved to results/logs/gr120_05_4/solutions/gr120_05_4
