[ITER 1] New best cost=713288.53 (feasible=YES, time 0.328502s)
[ITER 2] New best cost=611803.25 (feasible=YES, time 0.547684s)
[ITER 4] New best cost=599993.01 (feasible=YES, time 1.14359s)
[ITER 5] New best cost=593240.66 (feasible=YES, time 1.41388s)
[ITER 6] New best cost=582590.49 (feasible=YES, time 1.63332s)
[ITER 7] New best cost=577521.24 (feasible=YES, time 1.93166s)
[ITER 10] New best cost=564516.72 (feasible=YES, time 2.87105s)
[ITER 10] bestGlobalCost=564516.72 (feasible=YES) bestThisIter=564516.72 feasibleAnts=10 noImprove=0 (elapsed 2.87462s)
[ITER 14] New best cost=563156.63 (feasible=YES, time 3.88536s)
[ITER 15] New best cost=560932.76 (feasible=YES, time 5.8499s)
[ITER 15] New best cost=559698.35 (feasible=YES, time 7.29082s)
[ITER 15] New best cost=556302.12 (feasible=YES, time 8.72394s)
[ITER 19] New best cost=554478.40 (feasible=YES, time 12.998s)
[ITER 20] bestGlobalCost=554478.40 (feasible=YES) bestThisIter=556302.12 feasibleAnts=16 noImprove=1 (elapsed 13.2653s)
[ITER 30] New best cost=551990.14 (feasible=YES, time 22.3235s)
[ITER 30] bestGlobalCost=551990.14 (feasible=YES) bestThisIter=597092.19 feasibleAnts=10 noImprove=0 (elapsed 23.7577s)
[ITER 33] New best cost=551180.14 (feasible=YES, time 24.3994s)
[ITER 34] New best cost=549118.25 (feasible=YES, time 24.628s)
[ITER 40] bestGlobalCost=549118.25 (feasible=YES) bestThisIter=555296.55 feasibleAnts=10 noImprove=6 (elapsed 25.992s)
[ITER 50] bestGlobalCost=549118.25 (feasible=YES) bestThisIter=594642.29 feasibleAnts=10 noImprove=16 (elapsed 37.0111s)
[ITER 60] bestGlobalCost=549118.25 (feasible=YES) bestThisIter=607142.81 feasibleAnts=10 noImprove=26 (elapsed 48.2708s)
[RESET] no improvement for30-> reset pheromones
[ITER 70] bestGlobalCost=549118.25 (feasible=YES) bestThisIter=593344.95 feasibleAnts=10 noImprove=6 (elapsed 51.5233s)
11 20 21 22 23 24 26 39 
125 126 129 130 131 147 149 
81 88 89 100 101 102 103 112 
47 48 49 50 51 74 75 76 77 
45 46 53 54 69 70 71 72 113 
41 58 59 60 61 62 107 
120 134 135 136 141 144 145 146 
79 90 91 96 97 98 114 
42 63 64 87 104 105 111 
5 6 12 25 27 28 38 
43 44 57 65 66 67 68 82 
1 2 3 15 16 33 35 36 
99 118 121 122 132 148 
117 119 133 137 138 139 140 142 143 
34 37 52 55 56 80 
7 8 9 10 17 18 19 40 
73 78 92 93 94 95 115 116 
4 13 14 29 30 31 32 
123 124 127 128 150 151 152 
83 84 85 86 106 108 109 110 
[SAVELOGS] evolution saved to results/logs/pr152_20_3/evolution/pr152_20_3
[SAVELOGS] best cost saved to results/logs/pr152_20_3/objectives/pr152_20_3
[SAVELOGS] best solution saved to results/logs/pr152_20_3/solutions/pr152_20_3
