[ITER 1] New best cost=655134.47 (feasible=YES, time 0.390217s)
[ITER 2] New best cost=618101.46 (feasible=YES, time 0.7398s)
[ITER 3] New best cost=608509.03 (feasible=YES, time 0.993201s)
[ITER 5] New best cost=599632.39 (feasible=YES, time 1.59875s)
[ITER 6] New best cost=587728.83 (feasible=YES, time 1.95995s)
[ITER 9] New best cost=587154.75 (feasible=YES, time 2.80374s)
[ITER 10] New best cost=586324.13 (feasible=YES, time 3.01546s)
[ITER 10] bestGlobalCost=586324.13 (feasible=YES) bestThisIter=586324.13 feasibleAnts=10 noImprove=0 (elapsed 3.01862s)
[ITER 15] New best cost=571829.98 (feasible=YES, time 5.50932s)
[ITER 19] New best cost=566494.71 (feasible=YES, time 12.9578s)
[ITER 20] bestGlobalCost=566494.71 (feasible=YES) bestThisIter=566494.71 feasibleAnts=9 noImprove=1 (elapsed 13.2067s)
[ITER 21] New best cost=560014.81 (feasible=YES, time 13.4128s)
[ITER 24] New best cost=557126.29 (feasible=YES, time 14.0448s)
[ITER 27] New best cost=555510.61 (feasible=YES, time 14.7631s)
[ITER 30] New best cost=553928.35 (feasible=YES, time 18.895s)
[ITER 30] New best cost=550809.17 (feasible=YES, time 20.3344s)
[ITER 30] bestGlobalCost=550809.17 (feasible=YES) bestThisIter=555510.61 feasibleAnts=10 noImprove=0 (elapsed 23.302s)
[ITER 40] bestGlobalCost=550809.17 (feasible=YES) bestThisIter=574354.33 feasibleAnts=10 noImprove=10 (elapsed 25.9354s)
[ITER 45] New best cost=549923.52 (feasible=YES, time 32.2014s)
[ITER 49] New best cost=549356.59 (feasible=YES, time 36.262s)
[ITER 50] bestGlobalCost=549356.59 (feasible=YES) bestThisIter=549923.52 feasibleAnts=12 noImprove=1 (elapsed 36.4705s)
[ITER 54] New best cost=548421.20 (feasible=YES, time 37.1711s)
[ITER 56] New best cost=546087.68 (feasible=YES, time 37.5768s)
[ITER 60] bestGlobalCost=546087.68 (feasible=YES) bestThisIter=556642.15 feasibleAnts=10 noImprove=4 (elapsed 46.1735s)
[ITER 70] bestGlobalCost=546087.68 (feasible=YES) bestThisIter=607432.10 feasibleAnts=10 noImprove=14 (elapsed 49.2218s)
[ITER 80] bestGlobalCost=546087.68 (feasible=YES) bestThisIter=602975.95 feasibleAnts=10 noImprove=24 (elapsed 60.2967s)
47 48 49 50 51 74 75 76 77 94 
121 122 130 131 132 134 147 
5 6 12 25 27 28 38 
41 60 61 84 85 108 109 
73 78 91 92 93 95 115 116 
4 13 14 29 30 31 32 
34 37 55 56 80 89 
7 8 9 10 17 18 19 40 
42 58 59 62 63 64 87 
119 133 135 138 141 144 145 146 
123 124 127 128 150 151 152 
81 88 90 101 102 103 111 112 
83 86 104 105 106 107 110 
1 2 3 15 16 33 35 36 
45 46 52 53 54 70 71 72 
43 44 57 65 66 67 68 82 
11 20 21 22 23 24 26 39 
69 79 97 98 99 100 113 114 
117 118 120 136 137 139 140 142 143 
96 125 126 129 148 149 
[SAVELOGS] evolution saved to results/logs/pr152_20_3/evolution/pr152_20_3
[SAVELOGS] best cost saved to results/logs/pr152_20_3/objectives/pr152_20_3
[SAVELOGS] best solution saved to results/logs/pr152_20_3/solutions/pr152_20_3
