[ITER 1] New best cost=142190.99 (feasible=YES, time 0.225467s)
[ITER 10] bestGlobalCost=142190.99 (feasible=YES) bestThisIter=145236.92 feasibleAnts=10 noImprove=9 (elapsed 1.95643s)
[ITER 13] New best cost=141764.14 (feasible=YES, time 2.42694s)
[ITER 14] New best cost=139947.76 (feasible=YES, time 2.58951s)
[ITER 15] New best cost=137933.64 (feasible=YES, time 4.08702s)
[ITER 17] New best cost=137227.11 (feasible=YES, time 10.6257s)
[ITER 18] New best cost=137202.33 (feasible=YES, time 10.7688s)
[ITER 20] bestGlobalCost=137202.33 (feasible=YES) bestThisIter=137202.33 feasibleAnts=18 noImprove=2 (elapsed 10.9361s)
[ITER 21] New best cost=136780.43 (feasible=YES, time 11.0733s)
[ITER 24] New best cost=136544.53 (feasible=YES, time 11.4577s)
[ITER 30] bestGlobalCost=136544.53 (feasible=YES) bestThisIter=136544.53 feasibleAnts=10 noImprove=6 (elapsed 19.4142s)
[ITER 40] bestGlobalCost=136544.53 (feasible=YES) bestThisIter=138869.69 feasibleAnts=9 noImprove=16 (elapsed 20.8873s)
[ITER 50] bestGlobalCost=136544.53 (feasible=YES) bestThisIter=140901.99 feasibleAnts=10 noImprove=26 (elapsed 30.7001s)
[RESET] no improvement for30-> reset pheromones
[ITER 60] bestGlobalCost=136544.53 (feasible=YES) bestThisIter=142051.15 feasibleAnts=10 noImprove=6 (elapsed 40.6461s)
[ITER 70] bestGlobalCost=136544.53 (feasible=YES) bestThisIter=142005.39 feasibleAnts=10 noImprove=16 (elapsed 42.4077s)
[ITER 80] bestGlobalCost=136544.53 (feasible=YES) bestThisIter=139029.86 feasibleAnts=10 noImprove=26 (elapsed 51.9477s)
[RESET] no improvement for30-> reset pheromones
[ITER 90] bestGlobalCost=136544.53 (feasible=YES) bestThisIter=142952.04 feasibleAnts=10 noImprove=6 (elapsed 61.8177s)
27 31 49 64 72 74 112 122 123 129 136 144 145 147 
18 26 50 58 65 70 75 81 83 85 86 132 135 137 142 146 
1 5 7 30 34 82 84 87 95 96 97 98 100 103 107 143 
20 25 29 46 51 54 55 56 90 92 99 105 110 138 141 
4 13 44 45 68 71 91 104 106 115 119 128 149 150 
3 8 10 33 35 48 52 63 73 76 89 93 113 124 126 
12 23 32 38 41 43 67 77 101 109 116 117 131 133 134 
11 17 24 36 39 42 57 60 61 66 69 127 130 140 148 
14 15 16 21 22 59 62 78 79 80 88 94 111 121 125 
2 6 9 19 28 37 40 47 53 102 108 114 118 120 139 
[SAVELOGS] evolution saved to results/logs/ch150_10_4/evolution/ch150_10_4
[SAVELOGS] best cost saved to results/logs/ch150_10_4/objectives/ch150_10_4
[SAVELOGS] best solution saved to results/logs/ch150_10_4/solutions/ch150_10_4
