[ITER 1] New best cost=436289.51 (feasible=YES, time 1.6009s)
[ITER 2] New best cost=434876.36 (feasible=YES, time 1.66978s)
[ITER 3] New best cost=433283.27 (feasible=YES, time 1.73612s)
[ITER 4] New best cost=432540.39 (feasible=YES, time 1.80314s)
[ITER 5] New best cost=431194.26 (feasible=YES, time 1.86999s)
[ITER 10] bestGlobalCost=431194.26 (feasible=YES) bestThisIter=428986.07 feasibleAnts=5 noImprove=5 (elapsed 2.16326s)
[ITER 20] bestGlobalCost=431194.26 (feasible=YES) bestThisIter=429499.12 feasibleAnts=5 noImprove=15 (elapsed 4.05663s)
[ITER 30] bestGlobalCost=431194.26 (feasible=YES) bestThisIter=431216.40 feasibleAnts=4 noImprove=25 (elapsed 5.9239s)
[ITER 40] bestGlobalCost=431194.26 (feasible=YES) bestThisIter=430263.60 feasibleAnts=5 noImprove=35 (elapsed 7.79423s)
[ITER 48] New best cost=430724.67 (feasible=YES, time 9.56405s)
[ITER 50] bestGlobalCost=430724.67 (feasible=YES) bestThisIter=430069.79 feasibleAnts=4 noImprove=2 (elapsed 9.68368s)
[ITER 60] bestGlobalCost=430724.67 (feasible=YES) bestThisIter=429877.77 feasibleAnts=6 noImprove=12 (elapsed 11.5592s)
[ITER 67] New best cost=430332.33 (feasible=YES, time 13.2326s)
[ITER 70] bestGlobalCost=430332.33 (feasible=YES) bestThisIter=429570.66 feasibleAnts=3 noImprove=3 (elapsed 13.4184s)
[ITER 80] bestGlobalCost=430332.33 (feasible=YES) bestThisIter=430456.62 feasibleAnts=5 noImprove=13 (elapsed 15.2622s)
[ITER 90] bestGlobalCost=430332.33 (feasible=YES) bestThisIter=429913.33 feasibleAnts=1 noImprove=23 (elapsed 17.1416s)
[ITER 100] bestGlobalCost=430332.33 (feasible=YES) bestThisIter=430260.61 feasibleAnts=5 noImprove=33 (elapsed 19.057s)
[ITER 106] New best cost=430067.71 (feasible=YES, time 20.6972s)
[ITER 110] bestGlobalCost=430067.71 (feasible=YES) bestThisIter=428869.02 feasibleAnts=8 noImprove=4 (elapsed 20.9355s)
[ITER 120] bestGlobalCost=430067.71 (feasible=YES) bestThisIter=430068.30 feasibleAnts=9 noImprove=14 (elapsed 22.7829s)
[ITER 130] bestGlobalCost=430067.71 (feasible=YES) bestThisIter=430844.77 feasibleAnts=6 noImprove=24 (elapsed 24.666s)
[ITER 140] bestGlobalCost=430067.71 (feasible=YES) bestThisIter=429136.40 feasibleAnts=6 noImprove=34 (elapsed 26.5411s)
[ITER 150] bestGlobalCost=430067.71 (feasible=YES) bestThisIter=430156.47 feasibleAnts=6 noImprove=44 (elapsed 28.4116s)
[RESET] no improvement for50-> reset pheromones
[ITER 160] bestGlobalCost=430067.71 (feasible=YES) bestThisIter=430833.11 feasibleAnts=8 noImprove=4 (elapsed 30.3404s)
[ITER 170] bestGlobalCost=430067.71 (feasible=YES) bestThisIter=429871.59 feasibleAnts=4 noImprove=14 (elapsed 32.2058s)
[ITER 180] bestGlobalCost=430067.71 (feasible=YES) bestThisIter=428148.04 feasibleAnts=3 noImprove=24 (elapsed 34.0824s)
[ITER 190] bestGlobalCost=430067.71 (feasible=YES) bestThisIter=429721.51 feasibleAnts=3 noImprove=34 (elapsed 35.941s)
[ITER 200] bestGlobalCost=430067.71 (feasible=YES) bestThisIter=430153.57 feasibleAnts=6 noImprove=44 (elapsed 37.8071s)
[RESET] no improvement for50-> reset pheromones
[ITER 210] bestGlobalCost=430067.71 (feasible=YES) bestThisIter=429625.17 feasibleAnts=8 noImprove=4 (elapsed 39.7655s)
[ITER 220] bestGlobalCost=430067.71 (feasible=YES) bestThisIter=429167.93 feasibleAnts=6 noImprove=14 (elapsed 41.6008s)
[ITER 230] bestGlobalCost=430067.71 (feasible=YES) bestThisIter=429179.02 feasibleAnts=3 noImprove=24 (elapsed 43.4828s)
[ITER 240] bestGlobalCost=430067.71 (feasible=YES) bestThisIter=429999.83 feasibleAnts=4 noImprove=34 (elapsed 45.3511s)
[ITER 250] bestGlobalCost=430067.71 (feasible=YES) bestThisIter=427779.10 feasibleAnts=3 noImprove=44 (elapsed 47.2686s)
[RESET] no improvement for50-> reset pheromones
[ITER 260] bestGlobalCost=430067.71 (feasible=YES) bestThisIter=430086.29 feasibleAnts=8 noImprove=4 (elapsed 49.2054s)
[ITER 270] bestGlobalCost=430067.71 (feasible=YES) bestThisIter=430024.95 feasibleAnts=5 noImprove=14 (elapsed 51.0974s)
[ITER 280] bestGlobalCost=430067.71 (feasible=YES) bestThisIter=430349.77 feasibleAnts=3 noImprove=24 (elapsed 52.9556s)
[ITER 290] bestGlobalCost=430067.71 (feasible=YES) bestThisIter=430199.18 feasibleAnts=2 noImprove=34 (elapsed 54.8451s)
[ITER 300] bestGlobalCost=430067.71 (feasible=YES) bestThisIter=430646.89 feasibleAnts=2 noImprove=44 (elapsed 56.6992s)
[RESET] no improvement for50-> reset pheromones
[ITER 310] bestGlobalCost=430067.71 (feasible=YES) bestThisIter=428027.71 feasibleAnts=4 noImprove=4 (elapsed 58.6301s)
[ITER 320] bestGlobalCost=430067.71 (feasible=YES) bestThisIter=430684.13 feasibleAnts=5 noImprove=14 (elapsed 60.4936s)
[ITER 330] bestGlobalCost=430067.71 (feasible=YES) bestThisIter=430012.47 feasibleAnts=5 noImprove=24 (elapsed 62.3765s)
[ITER 340] bestGlobalCost=430067.71 (feasible=YES) bestThisIter=430683.87 feasibleAnts=5 noImprove=34 (elapsed 64.2808s)
[ITER 350] bestGlobalCost=430067.71 (feasible=YES) bestThisIter=430764.25 feasibleAnts=5 noImprove=44 (elapsed 66.1928s)
[ITER 355] New best cost=430021.29 (feasible=YES, time 67.7824s)
[ITER 360] bestGlobalCost=430021.29 (feasible=YES) bestThisIter=427732.09 feasibleAnts=2 noImprove=5 (elapsed 68.0925s)
[ITER 370] bestGlobalCost=430021.29 (feasible=YES) bestThisIter=426669.29 feasibleAnts=0 noImprove=15 (elapsed 69.9706s)
[ITER 380] bestGlobalCost=430021.29 (feasible=YES) bestThisIter=427034.73 feasibleAnts=2 noImprove=25 (elapsed 71.9036s)
[ITER 390] bestGlobalCost=430021.29 (feasible=YES) bestThisIter=427721.31 feasibleAnts=2 noImprove=35 (elapsed 73.7971s)
[ITER 400] bestGlobalCost=430021.29 (feasible=YES) bestThisIter=428356.24 feasibleAnts=6 noImprove=45 (elapsed 75.7477s)
[RESET] no improvement for50-> reset pheromones
[ITER 410] bestGlobalCost=430021.29 (feasible=YES) bestThisIter=428643.22 feasibleAnts=5 noImprove=5 (elapsed 77.6837s)
[ITER 420] bestGlobalCost=430021.29 (feasible=YES) bestThisIter=428277.91 feasibleAnts=3 noImprove=15 (elapsed 79.5981s)
[ITER 430] bestGlobalCost=430021.29 (feasible=YES) bestThisIter=429401.24 feasibleAnts=2 noImprove=25 (elapsed 81.5273s)
[ITER 440] bestGlobalCost=430021.29 (feasible=YES) bestThisIter=427816.75 feasibleAnts=4 noImprove=35 (elapsed 83.3922s)
[ITER 450] bestGlobalCost=430021.29 (feasible=YES) bestThisIter=428225.41 feasibleAnts=2 noImprove=45 (elapsed 85.3689s)
[RESET] no improvement for50-> reset pheromones
[ITER 460] bestGlobalCost=430021.29 (feasible=YES) bestThisIter=430673.54 feasibleAnts=10 noImprove=5 (elapsed 87.3332s)
[ITER 470] bestGlobalCost=430021.29 (feasible=YES) bestThisIter=428741.50 feasibleAnts=3 noImprove=15 (elapsed 89.2219s)
[ITER 480] bestGlobalCost=430021.29 (feasible=YES) bestThisIter=430670.32 feasibleAnts=1 noImprove=25 (elapsed 91.1246s)
[ITER 490] bestGlobalCost=430021.29 (feasible=YES) bestThisIter=429794.35 feasibleAnts=4 noImprove=35 (elapsed 93.0205s)
[ITER 500] bestGlobalCost=430021.29 (feasible=YES) bestThisIter=429505.74 feasibleAnts=2 noImprove=45 (elapsed 94.9709s)
[RESET] no improvement for50-> reset pheromones
[ITER 510] bestGlobalCost=430021.29 (feasible=YES) bestThisIter=427766.59 feasibleAnts=3 noImprove=5 (elapsed 97.0719s)
[ITER 520] bestGlobalCost=430021.29 (feasible=YES) bestThisIter=430499.02 feasibleAnts=5 noImprove=15 (elapsed 98.9656s)
[ITER 530] bestGlobalCost=430021.29 (feasible=YES) bestThisIter=428542.59 feasibleAnts=6 noImprove=25 (elapsed 100.852s)
[ITER 540] bestGlobalCost=430021.29 (feasible=YES) bestThisIter=428393.68 feasibleAnts=3 noImprove=35 (elapsed 102.837s)
[ITER 550] bestGlobalCost=430021.29 (feasible=YES) bestThisIter=428542.59 feasibleAnts=6 noImprove=45 (elapsed 104.758s)
[RESET] no improvement for50-> reset pheromones
[ITER 560] bestGlobalCost=430021.29 (feasible=YES) bestThisIter=428684.65 feasibleAnts=2 noImprove=5 (elapsed 106.723s)
[ITER 570] bestGlobalCost=430021.29 (feasible=YES) bestThisIter=429195.65 feasibleAnts=6 noImprove=15 (elapsed 108.598s)
[ITER 580] bestGlobalCost=430021.29 (feasible=YES) bestThisIter=428997.33 feasibleAnts=3 noImprove=25 (elapsed 110.516s)
[ITER 590] bestGlobalCost=430021.29 (feasible=YES) bestThisIter=428806.77 feasibleAnts=4 noImprove=35 (elapsed 112.424s)
[ITER 600] bestGlobalCost=430021.29 (feasible=YES) bestThisIter=429871.18 feasibleAnts=3 noImprove=45 (elapsed 114.372s)
[RESET] no improvement for50-> reset pheromones
[ITER 610] bestGlobalCost=430021.29 (feasible=YES) bestThisIter=429205.13 feasibleAnts=3 noImprove=5 (elapsed 116.351s)
[ITER 620] bestGlobalCost=430021.29 (feasible=YES) bestThisIter=429378.23 feasibleAnts=2 noImprove=15 (elapsed 118.239s)
[ITER 630] bestGlobalCost=430021.29 (feasible=YES) bestThisIter=429455.22 feasibleAnts=5 noImprove=25 (elapsed 120.157s)
[ITER 640] bestGlobalCost=430021.29 (feasible=YES) bestThisIter=428806.77 feasibleAnts=1 noImprove=35 (elapsed 122.054s)
[ITER 650] bestGlobalCost=430021.29 (feasible=YES) bestThisIter=429305.88 feasibleAnts=3 noImprove=45 (elapsed 123.96s)
[RESET] no improvement for50-> reset pheromones
[ITER 660] bestGlobalCost=430021.29 (feasible=YES) bestThisIter=430311.89 feasibleAnts=3 noImprove=5 (elapsed 125.99s)
[ITER 670] bestGlobalCost=430021.29 (feasible=YES) bestThisIter=428542.59 feasibleAnts=6 noImprove=15 (elapsed 127.89s)
[ITER 680] bestGlobalCost=430021.29 (feasible=YES) bestThisIter=429190.14 feasibleAnts=4 noImprove=25 (elapsed 129.814s)
[ITER 690] bestGlobalCost=430021.29 (feasible=YES) bestThisIter=429818.80 feasibleAnts=1 noImprove=35 (elapsed 131.686s)
[ITER 700] bestGlobalCost=430021.29 (feasible=YES) bestThisIter=428043.00 feasibleAnts=2 noImprove=45 (elapsed 133.629s)
[RESET] no improvement for50-> reset pheromones
[ITER 710] bestGlobalCost=430021.29 (feasible=YES) bestThisIter=429298.19 feasibleAnts=3 noImprove=5 (elapsed 135.61s)
[ITER 720] bestGlobalCost=430021.29 (feasible=YES) bestThisIter=428518.64 feasibleAnts=6 noImprove=15 (elapsed 137.537s)
[ITER 730] bestGlobalCost=430021.29 (feasible=YES) bestThisIter=426349.41 feasibleAnts=3 noImprove=25 (elapsed 139.449s)
[ITER 740] bestGlobalCost=430021.29 (feasible=YES) bestThisIter=429436.99 feasibleAnts=1 noImprove=35 (elapsed 141.341s)
[ITER 750] bestGlobalCost=430021.29 (feasible=YES) bestThisIter=428130.95 feasibleAnts=4 noImprove=45 (elapsed 143.244s)
[RESET] no improvement for50-> reset pheromones
[ITER 760] bestGlobalCost=430021.29 (feasible=YES) bestThisIter=428277.91 feasibleAnts=6 noImprove=5 (elapsed 145.219s)
[ITER 770] bestGlobalCost=430021.29 (feasible=YES) bestThisIter=428542.59 feasibleAnts=3 noImprove=15 (elapsed 147.125s)
[ITER 780] bestGlobalCost=430021.29 (feasible=YES) bestThisIter=429151.73 feasibleAnts=2 noImprove=25 (elapsed 149.041s)
[ITER 790] bestGlobalCost=430021.29 (feasible=YES) bestThisIter=427334.65 feasibleAnts=3 noImprove=35 (elapsed 150.948s)
[ITER 800] bestGlobalCost=430021.29 (feasible=YES) bestThisIter=428411.54 feasibleAnts=4 noImprove=45 (elapsed 152.852s)
[RESET] no improvement for50-> reset pheromones
[ITER 810] bestGlobalCost=430021.29 (feasible=YES) bestThisIter=429378.23 feasibleAnts=4 noImprove=5 (elapsed 154.889s)
[ITER 820] bestGlobalCost=430021.29 (feasible=YES) bestThisIter=430668.41 feasibleAnts=6 noImprove=15 (elapsed 157.344s)
[ITER 830] bestGlobalCost=430021.29 (feasible=YES) bestThisIter=427577.23 feasibleAnts=4 noImprove=25 (elapsed 159.78s)
[ITER 840] bestGlobalCost=430021.29 (feasible=YES) bestThisIter=428684.00 feasibleAnts=4 noImprove=35 (elapsed 161.699s)
[ITER 850] bestGlobalCost=430021.29 (feasible=YES) bestThisIter=428462.26 feasibleAnts=3 noImprove=45 (elapsed 163.599s)
[RESET] no improvement for50-> reset pheromones
[ITER 860] bestGlobalCost=430021.29 (feasible=YES) bestThisIter=426883.19 feasibleAnts=4 noImprove=5 (elapsed 165.586s)
[ITER 870] bestGlobalCost=430021.29 (feasible=YES) bestThisIter=428820.71 feasibleAnts=8 noImprove=15 (elapsed 167.494s)
[ITER 880] bestGlobalCost=430021.29 (feasible=YES) bestThisIter=427577.23 feasibleAnts=7 noImprove=25 (elapsed 169.415s)
[ITER 890] bestGlobalCost=430021.29 (feasible=YES) bestThisIter=431027.15 feasibleAnts=5 noImprove=35 (elapsed 171.332s)
[ITER 900] bestGlobalCost=430021.29 (feasible=YES) bestThisIter=428462.26 feasibleAnts=5 noImprove=45 (elapsed 173.276s)
[RESET] no improvement for50-> reset pheromones
[ITER 910] bestGlobalCost=430021.29 (feasible=YES) bestThisIter=426807.23 feasibleAnts=1 noImprove=5 (elapsed 175.263s)
[ITER 920] bestGlobalCost=430021.29 (feasible=YES) bestThisIter=427928.52 feasibleAnts=2 noImprove=15 (elapsed 177.156s)
[ITER 930] bestGlobalCost=430021.29 (feasible=YES) bestThisIter=428479.71 feasibleAnts=4 noImprove=25 (elapsed 179.053s)
[ITER 940] bestGlobalCost=430021.29 (feasible=YES) bestThisIter=425537.09 feasibleAnts=4 noImprove=35 (elapsed 180.933s)
[ITER 950] bestGlobalCost=430021.29 (feasible=YES) bestThisIter=428438.91 feasibleAnts=2 noImprove=45 (elapsed 182.834s)
[RESET] no improvement for50-> reset pheromones
[ITER 960] bestGlobalCost=430021.29 (feasible=YES) bestThisIter=426807.23 feasibleAnts=8 noImprove=5 (elapsed 184.835s)
[ITER 970] bestGlobalCost=430021.29 (feasible=YES) bestThisIter=428542.59 feasibleAnts=2 noImprove=15 (elapsed 186.757s)
[ITER 980] bestGlobalCost=430021.29 (feasible=YES) bestThisIter=428723.36 feasibleAnts=5 noImprove=25 (elapsed 188.672s)
[ITER 990] bestGlobalCost=430021.29 (feasible=YES) bestThisIter=428871.85 feasibleAnts=5 noImprove=35 (elapsed 190.564s)
[ITER 1000] bestGlobalCost=430021.29 (feasible=YES) bestThisIter=429934.86 feasibleAnts=3 noImprove=45 (elapsed 192.446s)
[RESET] no improvement for50-> reset pheromones
[ITER 1010] bestGlobalCost=430021.29 (feasible=YES) bestThisIter=428462.26 feasibleAnts=10 noImprove=5 (elapsed 194.378s)
[ITER 1020] bestGlobalCost=430021.29 (feasible=YES) bestThisIter=428643.22 feasibleAnts=8 noImprove=15 (elapsed 196.253s)
[ITER 1030] bestGlobalCost=430021.29 (feasible=YES) bestThisIter=428755.10 feasibleAnts=4 noImprove=25 (elapsed 198.154s)
[ITER 1040] bestGlobalCost=430021.29 (feasible=YES) bestThisIter=429625.81 feasibleAnts=4 noImprove=35 (elapsed 200.055s)
[ITER 1050] bestGlobalCost=430021.29 (feasible=YES) bestThisIter=428462.26 feasibleAnts=4 noImprove=45 (elapsed 201.974s)
[RESET] no improvement for50-> reset pheromones
[ITER 1060] bestGlobalCost=430021.29 (feasible=YES) bestThisIter=428382.75 feasibleAnts=5 noImprove=5 (elapsed 203.963s)
[ITER 1070] bestGlobalCost=430021.29 (feasible=YES) bestThisIter=430846.68 feasibleAnts=3 noImprove=15 (elapsed 205.865s)
[ITER 1080] bestGlobalCost=430021.29 (feasible=YES) bestThisIter=428483.56 feasibleAnts=2 noImprove=25 (elapsed 207.742s)
[ITER 1090] bestGlobalCost=430021.29 (feasible=YES) bestThisIter=428643.22 feasibleAnts=4 noImprove=35 (elapsed 209.618s)
[ITER 1100] bestGlobalCost=430021.29 (feasible=YES) bestThisIter=429438.99 feasibleAnts=2 noImprove=45 (elapsed 211.491s)
[RESET] no improvement for50-> reset pheromones
[ITER 1110] bestGlobalCost=430021.29 (feasible=YES) bestThisIter=430086.32 feasibleAnts=6 noImprove=5 (elapsed 213.459s)
[ITER 1120] bestGlobalCost=430021.29 (feasible=YES) bestThisIter=428917.81 feasibleAnts=4 noImprove=15 (elapsed 215.349s)
[ITER 1130] bestGlobalCost=430021.29 (feasible=YES) bestThisIter=428898.32 feasibleAnts=3 noImprove=25 (elapsed 217.203s)
[ITER 1140] bestGlobalCost=430021.29 (feasible=YES) bestThisIter=430328.75 feasibleAnts=7 noImprove=35 (elapsed 219.126s)
[ITER 1150] bestGlobalCost=430021.29 (feasible=YES) bestThisIter=428806.95 feasibleAnts=3 noImprove=45 (elapsed 221.04s)
[RESET] no improvement for50-> reset pheromones
[ITER 1160] bestGlobalCost=430021.29 (feasible=YES) bestThisIter=430033.71 feasibleAnts=3 noImprove=5 (elapsed 222.973s)
[ITER 1170] bestGlobalCost=430021.29 (feasible=YES) bestThisIter=430289.23 feasibleAnts=5 noImprove=15 (elapsed 224.85s)
[ITER 1180] bestGlobalCost=430021.29 (feasible=YES) bestThisIter=430194.91 feasibleAnts=3 noImprove=25 (elapsed 226.72s)
[ITER 1190] bestGlobalCost=430021.29 (feasible=YES) bestThisIter=427336.14 feasibleAnts=5 noImprove=35 (elapsed 228.614s)
[ITER 1200] bestGlobalCost=430021.29 (feasible=YES) bestThisIter=428332.98 feasibleAnts=6 noImprove=45 (elapsed 230.492s)
[RESET] no improvement for50-> reset pheromones
[ITER 1210] bestGlobalCost=430021.29 (feasible=YES) bestThisIter=428243.86 feasibleAnts=4 noImprove=5 (elapsed 232.442s)
[ITER 1220] bestGlobalCost=430021.29 (feasible=YES) bestThisIter=427783.62 feasibleAnts=1 noImprove=15 (elapsed 234.37s)
[ITER 1230] bestGlobalCost=430021.29 (feasible=YES) bestThisIter=428658.27 feasibleAnts=5 noImprove=25 (elapsed 236.273s)
[ITER 1240] bestGlobalCost=430021.29 (feasible=YES) bestThisIter=426807.23 feasibleAnts=1 noImprove=35 (elapsed 238.166s)
[ITER 1250] bestGlobalCost=430021.29 (feasible=YES) bestThisIter=427088.47 feasibleAnts=5 noImprove=45 (elapsed 240.047s)
[RESET] no improvement for50-> reset pheromones
[ITER 1260] bestGlobalCost=430021.29 (feasible=YES) bestThisIter=429750.78 feasibleAnts=4 noImprove=5 (elapsed 241.983s)
[ITER 1270] bestGlobalCost=430021.29 (feasible=YES) bestThisIter=428770.47 feasibleAnts=3 noImprove=15 (elapsed 243.879s)
[ITER 1280] bestGlobalCost=430021.29 (feasible=YES) bestThisIter=426898.12 feasibleAnts=6 noImprove=25 (elapsed 245.818s)
[ITER 1290] bestGlobalCost=430021.29 (feasible=YES) bestThisIter=428723.36 feasibleAnts=3 noImprove=35 (elapsed 247.722s)
[ITER 1300] bestGlobalCost=430021.29 (feasible=YES) bestThisIter=428241.27 feasibleAnts=3 noImprove=45 (elapsed 249.614s)
[RESET] no improvement for50-> reset pheromones
[ITER 1310] bestGlobalCost=430021.29 (feasible=YES) bestThisIter=431444.13 feasibleAnts=6 noImprove=5 (elapsed 251.588s)
[ITER 1320] bestGlobalCost=430021.29 (feasible=YES) bestThisIter=427267.57 feasibleAnts=5 noImprove=15 (elapsed 253.546s)
[ITER 1330] bestGlobalCost=430021.29 (feasible=YES) bestThisIter=430070.00 feasibleAnts=4 noImprove=25 (elapsed 255.471s)
[ITER 1340] bestGlobalCost=430021.29 (feasible=YES) bestThisIter=427627.58 feasibleAnts=2 noImprove=35 (elapsed 257.389s)
[ITER 1350] bestGlobalCost=430021.29 (feasible=YES) bestThisIter=428964.97 feasibleAnts=4 noImprove=45 (elapsed 259.381s)
[RESET] no improvement for50-> reset pheromones
[ITER 1360] bestGlobalCost=430021.29 (feasible=YES) bestThisIter=430951.29 feasibleAnts=4 noImprove=5 (elapsed 261.355s)
[ITER 1370] bestGlobalCost=430021.29 (feasible=YES) bestThisIter=428238.24 feasibleAnts=5 noImprove=15 (elapsed 263.237s)
[ITER 1380] bestGlobalCost=430021.29 (feasible=YES) bestThisIter=428465.39 feasibleAnts=7 noImprove=25 (elapsed 265.187s)
[ITER 1390] bestGlobalCost=430021.29 (feasible=YES) bestThisIter=427257.52 feasibleAnts=3 noImprove=35 (elapsed 267.06s)
[ITER 1400] bestGlobalCost=430021.29 (feasible=YES) bestThisIter=428993.41 feasibleAnts=2 noImprove=45 (elapsed 268.966s)
[RESET] no improvement for50-> reset pheromones
[ITER 1410] bestGlobalCost=430021.29 (feasible=YES) bestThisIter=427978.62 feasibleAnts=5 noImprove=5 (elapsed 270.921s)
[ITER 1420] bestGlobalCost=430021.29 (feasible=YES) bestThisIter=430004.65 feasibleAnts=3 noImprove=15 (elapsed 272.755s)
[ITER 1430] bestGlobalCost=430021.29 (feasible=YES) bestThisIter=428717.31 feasibleAnts=2 noImprove=25 (elapsed 274.68s)
[ITER 1440] bestGlobalCost=430021.29 (feasible=YES) bestThisIter=429159.52 feasibleAnts=1 noImprove=35 (elapsed 276.646s)
[ITER 1450] bestGlobalCost=430021.29 (feasible=YES) bestThisIter=429555.85 feasibleAnts=3 noImprove=45 (elapsed 278.586s)
[RESET] no improvement for50-> reset pheromones
[ITER 1460] bestGlobalCost=430021.29 (feasible=YES) bestThisIter=430418.76 feasibleAnts=7 noImprove=5 (elapsed 280.583s)
[ITER 1470] bestGlobalCost=430021.29 (feasible=YES) bestThisIter=428438.91 feasibleAnts=4 noImprove=15 (elapsed 282.491s)
[ITER 1480] bestGlobalCost=430021.29 (feasible=YES) bestThisIter=427984.68 feasibleAnts=5 noImprove=25 (elapsed 284.394s)
[ITER 1490] bestGlobalCost=430021.29 (feasible=YES) bestThisIter=427721.31 feasibleAnts=2 noImprove=35 (elapsed 286.266s)
[ITER 1500] bestGlobalCost=430021.29 (feasible=YES) bestThisIter=427783.62 feasibleAnts=2 noImprove=45 (elapsed 288.182s)
[RESET] no improvement for50-> reset pheromones
[ITER 1510] bestGlobalCost=430021.29 (feasible=YES) bestThisIter=428819.41 feasibleAnts=5 noImprove=5 (elapsed 290.166s)
[ITER 1520] bestGlobalCost=430021.29 (feasible=YES) bestThisIter=430328.75 feasibleAnts=7 noImprove=15 (elapsed 292.066s)
[ITER 1530] bestGlobalCost=430021.29 (feasible=YES) bestThisIter=429205.13 feasibleAnts=5 noImprove=25 (elapsed 293.999s)
[ITER 1540] bestGlobalCost=430021.29 (feasible=YES) bestThisIter=426807.23 feasibleAnts=6 noImprove=35 (elapsed 295.878s)
[ITER 1550] bestGlobalCost=430021.29 (feasible=YES) bestThisIter=430568.60 feasibleAnts=2 noImprove=45 (elapsed 297.764s)
[RESET] no improvement for50-> reset pheromones
[ITER 1560] bestGlobalCost=430021.29 (feasible=YES) bestThisIter=431600.69 feasibleAnts=7 noImprove=5 (elapsed 299.77s)
30 70 71 72 73 75 77 79 80 82 83 84 85 87 88 89 91 92 93 94 95 96 97 98 99 100 101 102 103 104 105 130 131 206 209 210 211 215 217 219 220 221 222 
2 4 6 7 8 27 42 43 44 45 46 47 48 49 50 51 52 53 54 55 56 57 58 59 60 63 68 69 117 133 188 189 190 191 192 193 194 195 196 197 198 199 205 207 218 224 225 
86 90 108 114 125 126 127 128 129 132 134 135 136 137 138 139 140 141 142 143 144 145 146 147 148 149 150 151 152 153 154 155 156 157 158 159 160 161 162 163 164 165 167 168 183 201 213 214 
61 62 64 65 66 67 106 107 109 110 111 112 113 115 116 118 119 120 121 122 123 124 166 169 170 171 172 173 174 175 176 177 178 179 180 181 182 184 185 186 187 212 223 
1 3 5 9 10 11 12 13 14 15 16 17 18 19 20 21 22 23 24 25 26 28 29 31 32 33 34 35 36 37 38 39 40 41 74 76 78 81 200 202 203 204 208 216 
[SAVELOGS] evolution saved to results/logs/aco_logs/evolution/tsp225_05_5.txt
[SAVELOGS] best cost saved to results/logs/aco_logs/objectives/tsp225_05_5.txt
[SAVELOGS] best solution saved to results/logs/aco_logs/solutions/tsp225_05_5.txt
