[ITER 1] New best cost=870865.47 (feasible=YES, time 5.3324s)
[ITER 2] New best cost=840115.30 (feasible=YES, time 9.79515s)
[ITER 3] New best cost=826328.30 (feasible=YES, time 16.7549s)
[ITER 6] New best cost=823504.21 (feasible=YES, time 33.0853s)
[ITER 10] bestGlobalCost=823504.21 (feasible=YES) bestThisIter=830099.89 feasibleAnts=10 noImprove=4 (elapsed 61.5065s)
[ITER 17] New best cost=821199.66 (feasible=YES, time 96.8841s)
[ITER 19] New best cost=818598.96 (feasible=YES, time 109.49s)
[ITER 20] bestGlobalCost=818598.96 (feasible=YES) bestThisIter=831933.68 feasibleAnts=10 noImprove=1 (elapsed 120.549s)
[ITER 26] New best cost=817250.07 (feasible=YES, time 153.6s)
[ITER 30] [TS] New best cost=816595.53 (feasible=YES, time 178.554s)
[ITER 30] bestGlobalCost=816595.53 (feasible=YES) bestThisIter=821379.57 feasibleAnts=10 noImprove=1 (elapsed 182.282s)
[ITER 40] bestGlobalCost=816595.53 (feasible=YES) bestThisIter=823073.60 feasibleAnts=10 noImprove=11 (elapsed 244.266s)
[ITER 44] New best cost=814508.85 (feasible=YES, time 262.942s)
[ITER 50] bestGlobalCost=814508.85 (feasible=YES) bestThisIter=815505.00 feasibleAnts=10 noImprove=6 (elapsed 299.288s)
[ITER 60] [TS] New best cost=809060.79 (feasible=YES, time 349.92s)
[ITER 60] bestGlobalCost=809060.79 (feasible=YES) bestThisIter=809491.52 feasibleAnts=10 noImprove=1 (elapsed 353.738s)
[ITER 70] [TS] New best cost=809010.04 (feasible=YES, time 411.639s)
[ITER 70] bestGlobalCost=809010.04 (feasible=YES) bestThisIter=825426.66 feasibleAnts=10 noImprove=1 (elapsed 415.347s)
[ITER 80] bestGlobalCost=809010.04 (feasible=YES) bestThisIter=827630.98 feasibleAnts=10 noImprove=11 (elapsed 469.486s)
[ITER 90] bestGlobalCost=809010.04 (feasible=YES) bestThisIter=822286.21 feasibleAnts=10 noImprove=21 (elapsed 527.723s)
[ITER 99] New best cost=805454.51 (feasible=YES, time 571.86s)
[ITER 100] bestGlobalCost=805454.51 (feasible=YES) bestThisIter=830071.01 feasibleAnts=10 noImprove=1 (elapsed 582.314s)
[ITER 110] bestGlobalCost=805454.51 (feasible=YES) bestThisIter=816762.04 feasibleAnts=10 noImprove=11 (elapsed 637.496s)
[ITER 120] bestGlobalCost=805454.51 (feasible=YES) bestThisIter=818676.85 feasibleAnts=10 noImprove=21 (elapsed 695.364s)
[RESET] no improvement for30-> reset pheromones
[ITER 130] bestGlobalCost=805454.51 (feasible=YES) bestThisIter=886373.95 feasibleAnts=10 noImprove=1 (elapsed 752.129s)
[ITER 140] bestGlobalCost=805454.51 (feasible=YES) bestThisIter=808162.93 feasibleAnts=10 noImprove=11 (elapsed 811.902s)
[ITER 150] bestGlobalCost=805454.51 (feasible=YES) bestThisIter=818511.18 feasibleAnts=10 noImprove=21 (elapsed 874.382s)
[RESET] no improvement for30-> reset pheromones
[ITER 160] bestGlobalCost=805454.51 (feasible=YES) bestThisIter=854282.09 feasibleAnts=10 noImprove=1 (elapsed 935.283s)
[ITER 170] bestGlobalCost=805454.51 (feasible=YES) bestThisIter=818491.70 feasibleAnts=10 noImprove=11 (elapsed 993.209s)
[ITER 171] New best cost=805003.89 (feasible=YES, time 998.698s)
[ITER 178] New best cost=804826.49 (feasible=YES, time 1035.48s)
[ITER 180] [TS] New best cost=804208.46 (feasible=YES, time 1049.27s)
[ITER 180] bestGlobalCost=804208.46 (feasible=YES) bestThisIter=814269.54 feasibleAnts=10 noImprove=1 (elapsed 1053.09s)
[ITER 190] bestGlobalCost=804208.46 (feasible=YES) bestThisIter=821589.61 feasibleAnts=10 noImprove=11 (elapsed 1113.71s)
[ITER 200] bestGlobalCost=804208.46 (feasible=YES) bestThisIter=826923.03 feasibleAnts=10 noImprove=21 (elapsed 1175.46s)
[RESET] no improvement for30-> reset pheromones
[ITER 210] bestGlobalCost=804208.46 (feasible=YES) bestThisIter=841487.57 feasibleAnts=10 noImprove=1 (elapsed 1237.87s)
[ITER 220] bestGlobalCost=804208.46 (feasible=YES) bestThisIter=821427.26 feasibleAnts=10 noImprove=11 (elapsed 1295.38s)
[ITER 228] New best cost=802573.85 (feasible=YES, time 1338.84s)
[ITER 230] [TS] New best cost=802194.17 (feasible=YES, time 1352.32s)
[ITER 230] bestGlobalCost=802194.17 (feasible=YES) bestThisIter=829317.49 feasibleAnts=10 noImprove=1 (elapsed 1355.94s)
[ITER 240] bestGlobalCost=802194.17 (feasible=YES) bestThisIter=822105.20 feasibleAnts=10 noImprove=11 (elapsed 1414.13s)
[ITER 246] New best cost=798703.69 (feasible=YES, time 1444.79s)
[ITER 250] [TS] New best cost=798662.28 (feasible=YES, time 1466.57s)
[ITER 250] bestGlobalCost=798662.28 (feasible=YES) bestThisIter=819656.25 feasibleAnts=10 noImprove=1 (elapsed 1470.32s)
2 4 17 32 309 310 311 312 313 314 317 324 325 326 334 335 336 338 349 350 351 352 353 354 355 356 357 
257 260 261 262 264 265 266 267 268 269 270 271 272 273 282 283 284 286 287 288 289 290 291 292 293 294 295 296 297 
202 203 214 358 359 360 361 362 363 364 365 366 367 368 380 381 382 383 388 390 391 392 393 400 401 402 403 404 405 406 407 
8 33 35 40 41 42 43 44 45 46 47 48 49 50 51 52 53 54 55 56 57 59 68 90 133 147 
37 106 108 109 110 111 112 113 114 115 116 117 119 120 130 131 132 134 136 137 138 141 148 306 308 323 333 
61 62 63 64 65 66 67 70 71 73 74 75 76 77 78 79 80 81 82 83 84 85 86 88 91 94 95 96 97 98 100 101 
1 6 7 9 10 11 12 13 14 15 16 18 19 20 21 22 23 24 25 26 27 28 30 31 39 152 
154 155 156 157 158 159 160 161 163 166 167 178 179 180 181 182 183 184 185 186 187 188 190 315 316 318 319 327 337 339 
107 298 299 300 301 302 303 304 305 307 320 321 322 328 329 330 331 332 340 341 342 343 344 345 346 347 348 
92 93 99 102 104 253 369 370 371 372 373 374 375 376 384 385 387 394 395 396 409 410 411 412 413 414 415 
58 60 69 72 87 89 103 105 204 205 206 207 210 211 218 220 226 227 228 229 231 236 246 389 408 
250 251 252 254 255 256 258 259 263 274 275 276 277 278 279 280 281 285 377 378 379 386 397 398 399 416 417 
208 209 212 213 215 216 217 219 221 222 223 224 225 230 232 233 234 235 237 238 239 240 241 242 243 244 245 247 248 249 
34 36 38 162 164 165 168 169 170 171 172 173 174 175 176 177 189 191 192 193 194 195 196 197 198 199 200 201 
3 5 29 118 121 122 123 124 125 126 127 128 129 135 139 140 142 143 144 145 146 149 150 151 153 
[SAVELOGS] evolution saved to results/logs/aco_logs/evolution/fl417_15_3.txt
[SAVELOGS] best cost saved to results/logs/aco_logs/objectives/fl417_15_3.txt
[SAVELOGS] best solution saved to results/logs/aco_logs/solutions/fl417_15_3.txt
