[ITER 1] New best cost=849254.32 (feasible=YES, time 7.4056s)
[ITER 2] New best cost=826450.04 (feasible=YES, time 15.5813s)
[ITER 10] bestGlobalCost=826450.04 (feasible=YES) bestThisIter=828469.31 feasibleAnts=10 noImprove=8 (elapsed 77.0331s)
[ITER 13] New best cost=826427.04 (feasible=YES, time 99.1785s)
[ITER 18] New best cost=822892.87 (feasible=YES, time 138.081s)
[ITER 19] New best cost=822437.91 (feasible=YES, time 146.142s)
[ITER 20] bestGlobalCost=822437.91 (feasible=YES) bestThisIter=823209.75 feasibleAnts=10 noImprove=1 (elapsed 159.417s)
[ITER 23] New best cost=817840.43 (feasible=YES, time 183.718s)
[ITER 30] bestGlobalCost=817840.43 (feasible=YES) bestThisIter=824015.78 feasibleAnts=10 noImprove=7 (elapsed 243.597s)
[ITER 40] [TS] New best cost=817758.15 (feasible=YES, time 318.552s)
[ITER 40] bestGlobalCost=817758.15 (feasible=YES) bestThisIter=817758.15 feasibleAnts=10 noImprove=1 (elapsed 323.183s)
[ITER 50] [TS] New best cost=817684.77 (feasible=YES, time 398.815s)
[ITER 50] bestGlobalCost=817684.77 (feasible=YES) bestThisIter=824198.13 feasibleAnts=10 noImprove=1 (elapsed 403.749s)
[ITER 54] New best cost=815703.68 (feasible=YES, time 437.624s)
[ITER 60] [TS] New best cost=814946.86 (feasible=YES, time 487.278s)
[ITER 60] bestGlobalCost=814946.86 (feasible=YES) bestThisIter=829017.33 feasibleAnts=10 noImprove=1 (elapsed 492.2s)
[ITER 70] bestGlobalCost=814946.86 (feasible=YES) bestThisIter=820510.15 feasibleAnts=10 noImprove=11 (elapsed 576.177s)
[ITER 80] bestGlobalCost=814946.86 (feasible=YES) bestThisIter=823446.41 feasibleAnts=10 noImprove=21 (elapsed 662.979s)
[RESET] no improvement for30-> reset pheromones
[ITER 90] bestGlobalCost=814946.86 (feasible=YES) bestThisIter=873667.41 feasibleAnts=10 noImprove=1 (elapsed 751.63s)
[ITER 92] New best cost=811436.24 (feasible=YES, time 770.425s)
[ITER 100] [TS] New best cost=810292.11 (feasible=YES, time 840.579s)
[ITER 100] bestGlobalCost=810292.11 (feasible=YES) bestThisIter=832786.98 feasibleAnts=10 noImprove=1 (elapsed 845.639s)
[ITER 110] bestGlobalCost=810292.11 (feasible=YES) bestThisIter=833052.22 feasibleAnts=10 noImprove=11 (elapsed 932.496s)
[ITER 120] bestGlobalCost=810292.11 (feasible=YES) bestThisIter=818525.73 feasibleAnts=10 noImprove=21 (elapsed 1033.94s)
[RESET] no improvement for30-> reset pheromones
[ITER 130] bestGlobalCost=810292.11 (feasible=YES) bestThisIter=850763.64 feasibleAnts=10 noImprove=1 (elapsed 1119.4s)
[ITER 140] bestGlobalCost=810292.11 (feasible=YES) bestThisIter=822580.05 feasibleAnts=10 noImprove=11 (elapsed 1203.5s)
[ITER 148] New best cost=805747.67 (feasible=YES, time 1267.2s)
[ITER 150] bestGlobalCost=805747.67 (feasible=YES) bestThisIter=831246.66 feasibleAnts=10 noImprove=2 (elapsed 1286.37s)
[ITER 160] bestGlobalCost=805747.67 (feasible=YES) bestThisIter=831001.18 feasibleAnts=10 noImprove=12 (elapsed 1366.59s)
[ITER 170] bestGlobalCost=805747.67 (feasible=YES) bestThisIter=826474.21 feasibleAnts=10 noImprove=22 (elapsed 1440.6s)
[RESET] no improvement for30-> reset pheromones
131 298 299 300 301 302 303 304 305 308 320 321 322 323 328 329 330 331 332 340 341 342 343 344 345 346 347 
103 202 214 358 359 360 361 362 364 365 366 367 368 380 381 382 383 388 390 391 392 393 400 401 402 403 404 405 406 407 408 
61 62 63 64 65 66 67 70 71 73 74 75 76 77 78 79 80 81 82 84 86 87 88 91 92 94 95 96 97 98 100 101 
154 155 156 157 158 159 160 161 162 163 166 167 178 179 180 181 182 183 184 185 186 187 195 316 318 319 337 338 339 355 
257 258 260 261 262 264 265 266 267 268 269 270 271 272 273 282 284 286 287 288 289 290 291 292 293 294 295 296 297 
6 8 25 32 34 152 309 310 311 312 313 314 315 317 324 325 326 327 334 335 336 350 351 352 353 354 356 357 
1 2 4 5 7 9 10 11 12 13 14 15 16 17 18 19 21 22 23 24 26 28 30 31 39 349 
27 33 35 40 41 42 43 44 45 46 47 48 49 50 51 52 53 54 55 56 57 59 68 85 133 147 
83 93 99 102 104 253 369 370 371 372 374 375 376 384 385 386 394 395 396 409 410 411 412 413 414 415 
106 107 108 109 110 111 112 113 114 115 116 117 118 125 130 132 134 136 137 138 139 141 306 307 333 348 
3 20 29 37 119 120 121 122 123 124 126 127 128 129 135 140 142 143 144 145 146 148 149 150 151 153 
250 251 252 254 255 256 259 263 274 275 276 277 278 279 280 281 283 285 373 377 378 379 387 397 398 399 416 417 
36 38 164 165 168 169 170 171 172 173 174 175 176 177 188 189 190 191 192 193 194 196 197 198 199 200 201 
58 60 69 72 89 90 105 212 220 221 222 223 224 225 231 236 240 241 243 244 246 247 248 363 389 
203 204 205 206 207 208 209 210 211 213 215 216 217 218 219 226 227 228 229 230 232 233 234 235 237 238 239 242 245 249 
[SAVELOGS] evolution saved to results/logs/aco_logs/evolution/fl417_15_3.txt
[SAVELOGS] best cost saved to results/logs/aco_logs/objectives/fl417_15_3.txt
[SAVELOGS] best solution saved to results/logs/aco_logs/solutions/fl417_15_3.txt
