[ITER 1] New best cost=856916.40 (feasible=YES, time 5.62983s)
[ITER 2] New best cost=849748.53 (feasible=YES, time 11.6877s)
[ITER 3] New best cost=822756.24 (feasible=YES, time 17.155s)
[ITER 10] [TS] New best cost=821497.98 (feasible=YES, time 51.8521s)
[ITER 10] [TS] New best cost=820015.38 (feasible=YES, time 52.8133s)
[ITER 10] bestGlobalCost=820015.38 (feasible=YES) bestThisIter=822116.73 feasibleAnts=10 noImprove=1 (elapsed 55.7407s)
[ITER 14] New best cost=816096.35 (feasible=YES, time 78.2458s)
[ITER 17] New best cost=815193.10 (feasible=YES, time 95.0606s)
[ITER 20] [TS] New best cost=814570.65 (feasible=YES, time 114.725s)
[ITER 20] bestGlobalCost=814570.65 (feasible=YES) bestThisIter=823643.76 feasibleAnts=10 noImprove=1 (elapsed 118.632s)
[ITER 24] New best cost=811741.96 (feasible=YES, time 139.465s)
[ITER 30] bestGlobalCost=811741.96 (feasible=YES) bestThisIter=821971.11 feasibleAnts=10 noImprove=6 (elapsed 176.753s)
[ITER 40] bestGlobalCost=811741.96 (feasible=YES) bestThisIter=828332.82 feasibleAnts=10 noImprove=16 (elapsed 233.651s)
[ITER 50] bestGlobalCost=811741.96 (feasible=YES) bestThisIter=820935.00 feasibleAnts=10 noImprove=26 (elapsed 290.745s)
[RESET] no improvement for30-> reset pheromones
[ITER 60] bestGlobalCost=811741.96 (feasible=YES) bestThisIter=831818.80 feasibleAnts=10 noImprove=6 (elapsed 352.49s)
[ITER 67] New best cost=807304.89 (feasible=YES, time 392.304s)
[ITER 70] bestGlobalCost=807304.89 (feasible=YES) bestThisIter=819523.15 feasibleAnts=10 noImprove=3 (elapsed 414.053s)
[ITER 79] New best cost=805854.55 (feasible=YES, time 463.453s)
[ITER 80] bestGlobalCost=805854.55 (feasible=YES) bestThisIter=822636.35 feasibleAnts=10 noImprove=1 (elapsed 473.43s)
[ITER 90] bestGlobalCost=805854.55 (feasible=YES) bestThisIter=827151.48 feasibleAnts=10 noImprove=11 (elapsed 531.97s)
[ITER 100] bestGlobalCost=805854.55 (feasible=YES) bestThisIter=830369.23 feasibleAnts=10 noImprove=21 (elapsed 589.499s)
[RESET] no improvement for30-> reset pheromones
[ITER 110] bestGlobalCost=805854.55 (feasible=YES) bestThisIter=867286.76 feasibleAnts=10 noImprove=1 (elapsed 646.95s)
[ITER 120] bestGlobalCost=805854.55 (feasible=YES) bestThisIter=815258.19 feasibleAnts=10 noImprove=11 (elapsed 711.822s)
[ITER 130] bestGlobalCost=805854.55 (feasible=YES) bestThisIter=823897.69 feasibleAnts=10 noImprove=21 (elapsed 769.762s)
[ITER 131] New best cost=805096.76 (feasible=YES, time 775.385s)
[ITER 140] bestGlobalCost=805096.76 (feasible=YES) bestThisIter=827223.30 feasibleAnts=10 noImprove=9 (elapsed 829.342s)
[ITER 150] bestGlobalCost=805096.76 (feasible=YES) bestThisIter=829844.02 feasibleAnts=10 noImprove=19 (elapsed 884.666s)
[ITER 160] bestGlobalCost=805096.76 (feasible=YES) bestThisIter=837294.78 feasibleAnts=10 noImprove=29 (elapsed 943.005s)
[RESET] no improvement for30-> reset pheromones
[ITER 170] bestGlobalCost=805096.76 (feasible=YES) bestThisIter=815119.16 feasibleAnts=10 noImprove=9 (elapsed 997.815s)
[ITER 180] bestGlobalCost=805096.76 (feasible=YES) bestThisIter=818267.37 feasibleAnts=10 noImprove=19 (elapsed 1058.42s)
[ITER 190] bestGlobalCost=805096.76 (feasible=YES) bestThisIter=818176.36 feasibleAnts=10 noImprove=29 (elapsed 1115.57s)
[RESET] no improvement for30-> reset pheromones
[ITER 200] bestGlobalCost=805096.76 (feasible=YES) bestThisIter=829668.16 feasibleAnts=10 noImprove=9 (elapsed 1174.3s)
[ITER 210] bestGlobalCost=805096.76 (feasible=YES) bestThisIter=827588.72 feasibleAnts=10 noImprove=19 (elapsed 1231.95s)
[ITER 220] bestGlobalCost=805096.76 (feasible=YES) bestThisIter=833581.41 feasibleAnts=10 noImprove=29 (elapsed 1289.32s)
[RESET] no improvement for30-> reset pheromones
[ITER 230] bestGlobalCost=805096.76 (feasible=YES) bestThisIter=822286.27 feasibleAnts=10 noImprove=9 (elapsed 1344.63s)
[ITER 240] bestGlobalCost=805096.76 (feasible=YES) bestThisIter=830650.14 feasibleAnts=10 noImprove=19 (elapsed 1401.35s)
[ITER 250] bestGlobalCost=805096.76 (feasible=YES) bestThisIter=822361.11 feasibleAnts=10 noImprove=29 (elapsed 1460.64s)
[RESET] no improvement for30-> reset pheromones
[ITER 257] New best cost=804288.52 (feasible=YES, time 1499.61s)
257 258 260 261 262 264 265 266 267 268 269 270 271 272 273 282 284 286 287 288 289 290 291 292 293 294 295 296 297 
207 208 212 213 215 216 217 218 219 221 222 223 224 225 230 232 233 234 235 237 238 240 241 242 243 244 245 247 248 249 
27 33 39 40 41 42 43 44 45 46 47 48 49 50 51 52 53 54 55 56 57 59 68 70 133 147 
3 20 29 110 118 120 121 122 124 125 126 127 128 136 139 140 141 143 144 145 146 148 149 150 151 153 
58 60 69 72 89 90 103 105 204 205 206 211 214 220 226 227 228 229 231 236 239 246 363 367 408 
4 6 8 17 32 309 310 311 312 313 314 315 317 324 325 326 334 335 336 350 351 352 353 354 355 356 357 
61 62 63 64 65 66 67 71 73 74 75 76 77 78 79 80 81 82 83 84 85 86 87 88 91 93 94 95 96 97 100 
92 98 99 101 102 104 369 370 371 372 373 374 375 376 384 385 386 387 394 395 409 410 412 413 414 415 417 
37 106 107 108 109 111 112 113 114 115 116 117 119 123 130 131 132 134 135 137 138 142 306 308 323 333 
35 298 299 300 301 302 303 304 305 307 320 321 322 328 329 330 331 332 340 341 342 343 344 345 346 347 348 
202 203 209 210 358 359 360 361 362 364 365 366 368 380 381 382 383 388 389 390 391 392 393 400 401 402 403 404 405 406 407 
34 36 38 161 164 165 168 169 170 171 172 173 174 175 176 177 190 191 192 193 194 195 196 197 198 199 200 201 
250 251 252 253 254 255 256 259 263 274 275 276 277 278 279 280 281 283 285 377 378 379 396 397 398 399 411 416 
1 2 5 7 9 10 11 12 13 14 15 16 18 19 21 22 23 24 25 26 28 30 31 129 152 349 
154 155 156 157 158 159 160 162 163 166 167 178 179 180 181 182 183 184 185 186 187 188 189 316 318 319 327 337 338 339 
[SAVELOGS] evolution saved to results/logs/aco_logs/evolution/fl417_15_3.txt
[SAVELOGS] best cost saved to results/logs/aco_logs/objectives/fl417_15_3.txt
[SAVELOGS] best solution saved to results/logs/aco_logs/solutions/fl417_15_3.txt
