[ITER 1] New best cost=6983.62 (feasible=YES, time 0.216594s)
[ITER 2] New best cost=6702.36 (feasible=YES, time 0.347928s)
[ITER 7] New best cost=6638.14 (feasible=YES, time 1.13194s)
[ITER 9] New best cost=6611.79 (feasible=YES, time 1.40059s)
[ITER 10] New best cost=6596.38 (feasible=YES, time 1.521s)
[ITER 10] bestGlobalCost=6596.38 (feasible=YES) bestThisIter=6596.38 feasibleAnts=10 noImprove=0 (elapsed 1.52506s)
[ITER 11] New best cost=6581.34 (feasible=YES, time 1.63161s)
[ITER 15] New best cost=6568.15 (feasible=YES, time 4.17786s)
[ITER 15] New best cost=6474.72 (feasible=YES, time 7.41321s)
[ITER 20] bestGlobalCost=6474.72 (feasible=YES) bestThisIter=6474.72 feasibleAnts=10 noImprove=5 (elapsed 7.85806s)
[ITER 26] New best cost=6468.67 (feasible=YES, time 8.53002s)
[ITER 30] bestGlobalCost=6468.67 (feasible=YES) bestThisIter=6468.67 feasibleAnts=12 noImprove=4 (elapsed 14.1724s)
[ITER 40] bestGlobalCost=6468.67 (feasible=YES) bestThisIter=6606.96 feasibleAnts=10 noImprove=14 (elapsed 15.3778s)
[ITER 50] bestGlobalCost=6468.67 (feasible=YES) bestThisIter=6621.90 feasibleAnts=10 noImprove=24 (elapsed 22.1363s)
[RESET] no improvement for30-> reset pheromones
[ITER 60] bestGlobalCost=6468.67 (feasible=YES) bestThisIter=7126.73 feasibleAnts=10 noImprove=4 (elapsed 28.7236s)
[ITER 70] bestGlobalCost=6468.67 (feasible=YES) bestThisIter=6660.28 feasibleAnts=10 noImprove=14 (elapsed 30.7609s)
[ITER 80] bestGlobalCost=6468.67 (feasible=YES) bestThisIter=7057.09 feasibleAnts=10 noImprove=24 (elapsed 37.4776s)
[RESET] no improvement for30-> reset pheromones
[ITER 90] bestGlobalCost=6468.67 (feasible=YES) bestThisIter=7073.59 feasibleAnts=10 noImprove=4 (elapsed 44.462s)
[ITER 100] bestGlobalCost=6468.67 (feasible=YES) bestThisIter=6757.53 feasibleAnts=10 noImprove=14 (elapsed 46.5412s)
[ITER 110] bestGlobalCost=6468.67 (feasible=YES) bestThisIter=6744.69 feasibleAnts=10 noImprove=24 (elapsed 53.1335s)
[RESET] no improvement for30-> reset pheromones
[ITER 120] bestGlobalCost=6468.67 (feasible=YES) bestThisIter=6883.59 feasibleAnts=10 noImprove=4 (elapsed 59.8507s)
69 70 71 88 91 92 93 95 
6 19 21 22 23 24 25 28 52 
101 102 103 104 109 112 114 116 117 127 
119 120 121 122 123 124 125 126 128 130 
83 84 129 131 132 133 134 135 136 
13 14 15 16 17 45 46 48 
8 9 10 11 26 27 29 30 36 37 
105 106 107 108 110 111 113 115 118 
54 55 56 57 58 59 60 61 62 63 
90 94 96 97 98 99 100 137 
50 51 66 67 68 72 73 74 75 
76 77 78 79 80 81 82 85 86 87 89 
1 2 3 4 5 7 18 20 
34 35 39 40 44 49 53 64 65 
12 31 32 33 38 41 42 43 47 
[SAVELOGS] evolution saved to results/logs/gr137_15_3/evolution/gr137_15_3
[SAVELOGS] best cost saved to results/logs/gr137_15_3/objectives/gr137_15_3
[SAVELOGS] best solution saved to results/logs/gr137_15_3/solutions/gr137_15_3
