[ITER 1] New best cost=7098.49 (feasible=YES, time 0.200418s)
[ITER 2] New best cost=6785.00 (feasible=YES, time 0.353292s)
[ITER 3] New best cost=6729.65 (feasible=YES, time 0.509595s)
[ITER 4] New best cost=6715.19 (feasible=YES, time 0.613546s)
[ITER 5] New best cost=6645.81 (feasible=YES, time 0.743586s)
[ITER 8] New best cost=6644.43 (feasible=YES, time 1.14985s)
[ITER 9] New best cost=6626.09 (feasible=YES, time 1.27415s)
[ITER 10] bestGlobalCost=6626.09 (feasible=YES) bestThisIter=6626.09 feasibleAnts=10 noImprove=1 (elapsed 1.39661s)
[ITER 13] New best cost=6580.01 (feasible=YES, time 1.75011s)
[ITER 15] New best cost=6567.22 (feasible=YES, time 2.87593s)
[ITER 15] New best cost=6534.97 (feasible=YES, time 4.74832s)
[ITER 20] bestGlobalCost=6534.97 (feasible=YES) bestThisIter=6534.97 feasibleAnts=11 noImprove=5 (elapsed 7.60921s)
[ITER 21] New best cost=6516.40 (feasible=YES, time 7.68775s)
[ITER 22] New best cost=6508.11 (feasible=YES, time 7.84034s)
[ITER 25] New best cost=6487.88 (feasible=YES, time 8.15528s)
[ITER 30] New best cost=6481.07 (feasible=YES, time 9.59097s)
[ITER 30] New best cost=6470.94 (feasible=YES, time 12.3933s)
[ITER 30] bestGlobalCost=6470.94 (feasible=YES) bestThisIter=6487.88 feasibleAnts=10 noImprove=0 (elapsed 13.385s)
[ITER 32] New best cost=6466.28 (feasible=YES, time 13.5598s)
[ITER 40] bestGlobalCost=6466.28 (feasible=YES) bestThisIter=6466.28 feasibleAnts=10 noImprove=8 (elapsed 14.2902s)
[ITER 50] bestGlobalCost=6466.28 (feasible=YES) bestThisIter=6741.27 feasibleAnts=10 noImprove=18 (elapsed 21.1079s)
[ITER 60] New best cost=6459.71 (feasible=YES, time 27.5905s)
[ITER 60] bestGlobalCost=6459.71 (feasible=YES) bestThisIter=6756.20 feasibleAnts=10 noImprove=0 (elapsed 27.595s)
[ITER 64] New best cost=6452.90 (feasible=YES, time 28.0319s)
[ITER 70] bestGlobalCost=6452.90 (feasible=YES) bestThisIter=6452.90 feasibleAnts=10 noImprove=6 (elapsed 28.5941s)
[ITER 80] bestGlobalCost=6452.90 (feasible=YES) bestThisIter=6652.88 feasibleAnts=10 noImprove=16 (elapsed 34.8903s)
[ITER 90] bestGlobalCost=6452.90 (feasible=YES) bestThisIter=6619.51 feasibleAnts=10 noImprove=26 (elapsed 41.8261s)
[RESET] no improvement for30-> reset pheromones
[ITER 100] bestGlobalCost=6452.90 (feasible=YES) bestThisIter=6959.79 feasibleAnts=10 noImprove=6 (elapsed 43.4111s)
[ITER 110] bestGlobalCost=6452.90 (feasible=YES) bestThisIter=6640.50 feasibleAnts=10 noImprove=16 (elapsed 50.4184s)
[ITER 120] bestGlobalCost=6452.90 (feasible=YES) bestThisIter=6874.00 feasibleAnts=10 noImprove=26 (elapsed 57.4267s)
[RESET] no improvement for30-> reset pheromones
[ITER 130] bestGlobalCost=6452.90 (feasible=YES) bestThisIter=6815.12 feasibleAnts=10 noImprove=6 (elapsed 58.9588s)
34 35 39 40 44 49 53 64 65 
54 55 56 57 58 59 60 61 62 63 
66 67 68 69 70 90 91 92 
6 19 21 22 23 24 25 28 52 
71 78 79 80 81 82 85 86 87 89 
12 29 30 33 38 41 42 43 47 
8 9 10 11 26 27 31 32 36 37 
93 94 95 96 97 98 99 137 
50 51 72 73 74 75 76 77 88 
13 14 15 16 17 45 46 48 
106 107 108 109 110 111 112 113 117 120 
100 101 103 104 105 114 115 116 118 
102 119 121 122 123 124 125 126 127 129 
83 84 128 130 131 132 133 134 135 136 
1 2 3 4 5 7 18 20 
[SAVELOGS] evolution saved to results/logs/gr137_15_3/evolution/gr137_15_3
[SAVELOGS] best cost saved to results/logs/gr137_15_3/objectives/gr137_15_3
[SAVELOGS] best solution saved to results/logs/gr137_15_3/solutions/gr137_15_3
