[ITER 1] New best cost=7124.88 (feasible=YES, time 0.179931s)
[ITER 2] New best cost=6622.87 (feasible=YES, time 0.297279s)
[ITER 3] New best cost=6574.05 (feasible=YES, time 0.3978s)
[ITER 10] bestGlobalCost=6574.05 (feasible=YES) bestThisIter=6618.82 feasibleAnts=10 noImprove=7 (elapsed 1.4607s)
[ITER 15] New best cost=6541.16 (feasible=YES, time 3.15313s)
[ITER 15] New best cost=6515.42 (feasible=YES, time 4.28809s)
[ITER 15] New best cost=6473.94 (feasible=YES, time 5.41923s)
[ITER 15] New best cost=6452.57 (feasible=YES, time 6.54353s)
[ITER 20] bestGlobalCost=6452.57 (feasible=YES) bestThisIter=6452.57 feasibleAnts=10 noImprove=5 (elapsed 8.07067s)
[ITER 30] New best cost=6437.78 (feasible=YES, time 11.2584s)
[ITER 30] bestGlobalCost=6437.78 (feasible=YES) bestThisIter=6704.82 feasibleAnts=10 noImprove=0 (elapsed 14.0337s)
[ITER 40] bestGlobalCost=6437.78 (feasible=YES) bestThisIter=6481.24 feasibleAnts=10 noImprove=10 (elapsed 15.7105s)
[ITER 50] bestGlobalCost=6437.78 (feasible=YES) bestThisIter=6669.42 feasibleAnts=10 noImprove=20 (elapsed 22.2572s)
[ITER 60] bestGlobalCost=6437.78 (feasible=YES) bestThisIter=6902.77 feasibleAnts=10 noImprove=30 (elapsed 29.3738s)
[RESET] no improvement for30-> reset pheromones
[ITER 70] bestGlobalCost=6437.78 (feasible=YES) bestThisIter=6742.45 feasibleAnts=10 noImprove=10 (elapsed 31.2434s)
[ITER 80] bestGlobalCost=6437.78 (feasible=YES) bestThisIter=6804.66 feasibleAnts=10 noImprove=20 (elapsed 38.0778s)
[ITER 90] bestGlobalCost=6437.78 (feasible=YES) bestThisIter=6810.82 feasibleAnts=10 noImprove=30 (elapsed 45.1325s)
[RESET] no improvement for30-> reset pheromones
[ITER 100] bestGlobalCost=6437.78 (feasible=YES) bestThisIter=6592.72 feasibleAnts=10 noImprove=10 (elapsed 47.2s)
[ITER 105] New best cost=6437.46 (feasible=YES, time 50.4403s)
[ITER 107] New best cost=6428.49 (feasible=YES, time 53.5487s)
[ITER 110] bestGlobalCost=6428.49 (feasible=YES) bestThisIter=6428.49 feasibleAnts=10 noImprove=3 (elapsed 53.801s)
[ITER 120] bestGlobalCost=6428.49 (feasible=YES) bestThisIter=6604.24 feasibleAnts=10 noImprove=13 (elapsed 60.2465s)
6 19 21 22 23 24 25 28 52 
112 114 119 121 122 123 124 125 126 128 
13 14 15 16 17 45 46 48 
8 9 10 11 26 27 29 30 36 37 
54 55 56 57 58 59 60 61 62 63 
12 31 32 33 38 41 42 43 47 
1 2 3 4 5 7 18 20 
99 100 101 102 103 104 115 116 117 
34 35 39 40 44 49 53 64 65 
127 129 130 131 132 133 134 135 136 
105 106 107 108 109 110 111 113 118 120 
66 67 68 69 70 71 92 94 
89 91 93 95 96 97 98 137 
50 51 72 73 74 75 76 77 88 
78 79 80 81 82 83 84 85 86 87 90 
[SAVELOGS] evolution saved to results/logs/gr137_15_3/evolution/gr137_15_3
[SAVELOGS] best cost saved to results/logs/gr137_15_3/objectives/gr137_15_3
[SAVELOGS] best solution saved to results/logs/gr137_15_3/solutions/gr137_15_3
