[ITER 1] New best cost=130065.54 (feasible=YES, time 0.0927209s)
[ITER 2] New best cost=124537.40 (feasible=YES, time 0.160472s)
[ITER 3] New best cost=121200.38 (feasible=YES, time 0.228603s)
[ITER 4] New best cost=119704.21 (feasible=YES, time 0.281462s)
[ITER 10] New best cost=119589.74 (feasible=YES, time 0.633075s)
[ITER 10] bestGlobalCost=119589.74 (feasible=YES) bestThisIter=119589.74 feasibleAnts=10 noImprove=0 (elapsed 0.637347s)
[ITER 12] New best cost=118726.64 (feasible=YES, time 0.699239s)
[ITER 15] New best cost=117733.02 (feasible=YES, time 1.1531s)
[ITER 20] bestGlobalCost=117733.02 (feasible=YES) bestThisIter=117733.02 feasibleAnts=10 noImprove=5 (elapsed 2.80327s)
[ITER 30] bestGlobalCost=117733.02 (feasible=YES) bestThisIter=118607.33 feasibleAnts=10 noImprove=15 (elapsed 5.59761s)
[ITER 40] bestGlobalCost=117733.02 (feasible=YES) bestThisIter=117733.02 feasibleAnts=10 noImprove=25 (elapsed 6.43579s)
[RESET] no improvement for30-> reset pheromones
[ITER 50] bestGlobalCost=117733.02 (feasible=YES) bestThisIter=126957.86 feasibleAnts=10 noImprove=5 (elapsed 9.20517s)
[ITER 60] bestGlobalCost=117733.02 (feasible=YES) bestThisIter=123548.49 feasibleAnts=10 noImprove=15 (elapsed 12.1747s)
[ITER 70] bestGlobalCost=117733.02 (feasible=YES) bestThisIter=121218.91 feasibleAnts=10 noImprove=25 (elapsed 13.0253s)
[RESET] no improvement for30-> reset pheromones
[ITER 80] bestGlobalCost=117733.02 (feasible=YES) bestThisIter=122416.60 feasibleAnts=10 noImprove=5 (elapsed 15.974s)
[ITER 90] bestGlobalCost=117733.02 (feasible=YES) bestThisIter=119399.86 feasibleAnts=10 noImprove=15 (elapsed 18.716s)
[ITER 100] bestGlobalCost=117733.02 (feasible=YES) bestThisIter=117733.02 feasibleAnts=10 noImprove=25 (elapsed 19.5313s)
[RESET] no improvement for30-> reset pheromones
[ITER 110] bestGlobalCost=117733.02 (feasible=YES) bestThisIter=126865.81 feasibleAnts=10 noImprove=5 (elapsed 22.8247s)
[ITER 120] bestGlobalCost=117733.02 (feasible=YES) bestThisIter=123117.68 feasibleAnts=10 noImprove=15 (elapsed 25.6518s)
[ITER 130] bestGlobalCost=117733.02 (feasible=YES) bestThisIter=118726.64 feasibleAnts=10 noImprove=25 (elapsed 26.3792s)
[RESET] no improvement for30-> reset pheromones
[ITER 140] bestGlobalCost=117733.02 (feasible=YES) bestThisIter=122307.97 feasibleAnts=10 noImprove=5 (elapsed 29.4469s)
[ITER 150] bestGlobalCost=117733.02 (feasible=YES) bestThisIter=123100.99 feasibleAnts=10 noImprove=15 (elapsed 32.5417s)
[ITER 160] bestGlobalCost=117733.02 (feasible=YES) bestThisIter=122575.99 feasibleAnts=10 noImprove=25 (elapsed 33.1987s)
[RESET] no improvement for30-> reset pheromones
[ITER 170] bestGlobalCost=117733.02 (feasible=YES) bestThisIter=128011.75 feasibleAnts=10 noImprove=5 (elapsed 35.98s)
[ITER 180] bestGlobalCost=117733.02 (feasible=YES) bestThisIter=117733.02 feasibleAnts=10 noImprove=15 (elapsed 39.2736s)
[ITER 190] bestGlobalCost=117733.02 (feasible=YES) bestThisIter=122086.85 feasibleAnts=10 noImprove=25 (elapsed 39.9833s)
[RESET] no improvement for30-> reset pheromones
[ITER 200] bestGlobalCost=117733.02 (feasible=YES) bestThisIter=126300.17 feasibleAnts=10 noImprove=5 (elapsed 42.6218s)
[ITER 210] bestGlobalCost=117733.02 (feasible=YES) bestThisIter=119857.45 feasibleAnts=10 noImprove=15 (elapsed 45.9037s)
[ITER 220] bestGlobalCost=117733.02 (feasible=YES) bestThisIter=131344.74 feasibleAnts=9 noImprove=25 (elapsed 46.7084s)
[RESET] no improvement for30-> reset pheromones
[ITER 230] bestGlobalCost=117733.02 (feasible=YES) bestThisIter=123697.44 feasibleAnts=10 noImprove=5 (elapsed 49.2853s)
[ITER 240] bestGlobalCost=117733.02 (feasible=YES) bestThisIter=122141.09 feasibleAnts=10 noImprove=15 (elapsed 52.2535s)
[ITER 250] bestGlobalCost=117733.02 (feasible=YES) bestThisIter=124505.01 feasibleAnts=10 noImprove=25 (elapsed 53.0411s)
[RESET] no improvement for30-> reset pheromones
[ITER 260] bestGlobalCost=117733.02 (feasible=YES) bestThisIter=128538.58 feasibleAnts=10 noImprove=5 (elapsed 56.0382s)
[ITER 270] bestGlobalCost=117733.02 (feasible=YES) bestThisIter=125184.62 feasibleAnts=10 noImprove=15 (elapsed 58.8286s)
[ITER 280] bestGlobalCost=117733.02 (feasible=YES) bestThisIter=124621.40 feasibleAnts=10 noImprove=25 (elapsed 59.5713s)
[RESET] no improvement for30-> reset pheromones
4 14 19 49 92 93 99 
21 23 70 76 91 94 95 
2 30 35 68 77 80 
28 38 39 56 58 72 88 
6 8 22 54 65 75 
11 52 81 87 96 97 
5 43 50 71 83 86 
16 44 48 51 63 66 84 
17 25 34 62 90 98 
1 13 15 27 31 53 85 
20 42 47 55 64 67 79 
3 40 41 59 60 73 89 
10 33 36 45 57 69 74 100 
7 9 37 61 78 82 
12 18 24 26 29 32 46 
[SAVELOGS] evolution saved to results/logs/kroC100_15_3/evolution/kroC100_15_3
[SAVELOGS] best cost saved to results/logs/kroC100_15_3/objectives/kroC100_15_3
[SAVELOGS] best solution saved to results/logs/kroC100_15_3/solutions/kroC100_15_3
