[ITER 1] New best cost=817862.76 (feasible=YES, time 0.40729s)
[ITER 2] New best cost=791079.78 (feasible=YES, time 0.825178s)
[ITER 4] New best cost=781644.57 (feasible=YES, time 1.51669s)
[ITER 5] New best cost=772026.72 (feasible=YES, time 1.8694s)
[ITER 6] New best cost=766409.02 (feasible=YES, time 2.22077s)
[ITER 7] New best cost=761630.46 (feasible=YES, time 2.63325s)
[ITER 8] New best cost=701990.57 (feasible=YES, time 3.00552s)
[ITER 9] New best cost=690431.75 (feasible=YES, time 3.38625s)
[ITER 10] bestGlobalCost=690431.75 (feasible=YES) bestThisIter=765112.56 feasibleAnts=10 noImprove=1 (elapsed 3.71537s)
[ITER 13] New best cost=688889.43 (feasible=YES, time 4.63526s)
[ITER 14] New best cost=674117.17 (feasible=YES, time 4.91928s)
[ITER 15] New best cost=638347.68 (feasible=YES, time 7.21678s)
[ITER 15] New best cost=617686.07 (feasible=YES, time 11.2078s)
[ITER 20] bestGlobalCost=617686.07 (feasible=YES) bestThisIter=675103.61 feasibleAnts=9 noImprove=5 (elapsed 16.8925s)
[ITER 30] New best cost=616278.34 (feasible=YES, time 23.3005s)
[ITER 30] New best cost=613618.59 (feasible=YES, time 25.2127s)
[ITER 30] New best cost=613075.17 (feasible=YES, time 29.0955s)
[ITER 30] bestGlobalCost=613075.17 (feasible=YES) bestThisIter=798231.80 feasibleAnts=10 noImprove=0 (elapsed 31.0662s)
[ITER 40] bestGlobalCost=613075.17 (feasible=YES) bestThisIter=713370.32 feasibleAnts=9 noImprove=10 (elapsed 34.079s)
[ITER 50] bestGlobalCost=613075.17 (feasible=YES) bestThisIter=762798.56 feasibleAnts=10 noImprove=20 (elapsed 47.8118s)
[ITER 60] bestGlobalCost=613075.17 (feasible=YES) bestThisIter=790219.81 feasibleAnts=10 noImprove=30 (elapsed 62.2857s)
[RESET] no improvement for30-> reset pheromones
46 55 69 80 89 100 113 114 
8 22 41 59 60 82 
68 87 88 101 102 103 104 112 
117 118 120 140 141 142 143 
43 56 57 65 66 67 81 83 
1 2 16 34 35 36 37 
119 133 134 135 137 138 139 144 
44 91 121 122 136 145 146 
128 129 130 131 132 147 148 149 
79 90 93 96 98 99 116 
7 9 10 17 18 19 20 40 
72 74 77 78 92 94 115 
58 61 62 63 64 86 106 111 
3 13 15 29 30 31 32 33 
45 52 53 54 70 71 97 
5 6 11 12 21 23 24 39 
47 48 49 50 51 73 75 76 95 
123 124 125 126 127 150 151 152 
42 84 85 105 107 108 109 110 
4 14 25 26 27 28 38 
[SAVELOGS] evolution saved to results/logs/pr152_20_5/evolution/pr152_20_5
[SAVELOGS] best cost saved to results/logs/pr152_20_5/objectives/pr152_20_5
[SAVELOGS] best solution saved to results/logs/pr152_20_5/solutions/pr152_20_5
