[ITER 1] New best cost=383982.10 (feasible=YES, time 0.993846s)
[ITER 2] New best cost=354705.20 (feasible=YES, time 2.00572s)
[ITER 4] New best cost=350106.88 (feasible=YES, time 4.05311s)
[ITER 6] New best cost=347459.98 (feasible=YES, time 6.09229s)
[ITER 10] New best cost=345900.03 (feasible=YES, time 8.98844s)
[ITER 10] bestGlobalCost=345900.03 (feasible=YES) bestThisIter=345900.03 feasibleAnts=12 noImprove=0 (elapsed 8.99251s)
[ITER 11] New best cost=343645.05 (feasible=YES, time 9.56694s)
[ITER 20] bestGlobalCost=343645.05 (feasible=YES) bestThisIter=343645.05 feasibleAnts=13 noImprove=9 (elapsed 14.7098s)
[ITER 21] New best cost=343570.02 (feasible=YES, time 15.2036s)
[ITER 30] bestGlobalCost=343570.02 (feasible=YES) bestThisIter=343570.02 feasibleAnts=11 noImprove=9 (elapsed 21.0609s)
[ITER 32] New best cost=342310.23 (feasible=YES, time 22.399s)
[ITER 38] New best cost=341135.15 (feasible=YES, time 25.9867s)
[ITER 40] bestGlobalCost=341135.15 (feasible=YES) bestThisIter=342310.23 feasibleAnts=11 noImprove=2 (elapsed 27.2824s)
[ITER 42] New best cost=338716.19 (feasible=YES, time 28.1988s)
[ITER 50] bestGlobalCost=338716.19 (feasible=YES) bestThisIter=338716.19 feasibleAnts=12 noImprove=8 (elapsed 32.7603s)
[ITER 60] bestGlobalCost=338716.19 (feasible=YES) bestThisIter=338716.19 feasibleAnts=10 noImprove=18 (elapsed 38.5027s)
[ITER 65] New best cost=338677.69 (feasible=YES, time 40.9444s)
[ITER 70] bestGlobalCost=338677.69 (feasible=YES) bestThisIter=338677.69 feasibleAnts=10 noImprove=5 (elapsed 43.8495s)
[ITER 77] New best cost=338042.78 (feasible=YES, time 47.723s)
[ITER 80] bestGlobalCost=338042.78 (feasible=YES) bestThisIter=338677.69 feasibleAnts=10 noImprove=3 (elapsed 49.3986s)
[ITER 81] New best cost=337032.91 (feasible=YES, time 49.8963s)
[ITER 90] bestGlobalCost=337032.91 (feasible=YES) bestThisIter=337032.91 feasibleAnts=11 noImprove=9 (elapsed 54.7801s)
[ITER 93] New best cost=336637.40 (feasible=YES, time 56.9723s)
[ITER 100] bestGlobalCost=336637.40 (feasible=YES) bestThisIter=336637.40 feasibleAnts=10 noImprove=7 (elapsed 61.4049s)
[ITER 110] bestGlobalCost=336637.40 (feasible=YES) bestThisIter=336637.40 feasibleAnts=12 noImprove=17 (elapsed 67.976s)
[ITER 120] bestGlobalCost=336637.40 (feasible=YES) bestThisIter=336637.40 feasibleAnts=10 noImprove=27 (elapsed 73.9385s)
[RESET] no improvement for30-> reset pheromones
[ITER 130] bestGlobalCost=336637.40 (feasible=YES) bestThisIter=336637.40 feasibleAnts=10 noImprove=7 (elapsed 79.766s)
[ITER 134] New best cost=336601.99 (feasible=YES, time 81.8737s)
[ITER 140] bestGlobalCost=336601.99 (feasible=YES) bestThisIter=336601.99 feasibleAnts=12 noImprove=6 (elapsed 85.0239s)
[ITER 150] bestGlobalCost=336601.99 (feasible=YES) bestThisIter=336601.99 feasibleAnts=12 noImprove=16 (elapsed 90.8656s)
[ITER 160] bestGlobalCost=336601.99 (feasible=YES) bestThisIter=336601.99 feasibleAnts=11 noImprove=26 (elapsed 95.553s)
[ITER 161] New best cost=336408.72 (feasible=YES, time 95.964s)
[ITER 164] New best cost=336162.28 (feasible=YES, time 97.4883s)
[ITER 170] bestGlobalCost=336162.28 (feasible=YES) bestThisIter=336162.28 feasibleAnts=11 noImprove=6 (elapsed 100.324s)
[ITER 177] New best cost=335969.01 (feasible=YES, time 104.085s)
[ITER 180] bestGlobalCost=335969.01 (feasible=YES) bestThisIter=336162.28 feasibleAnts=11 noImprove=3 (elapsed 105.741s)
[ITER 190] bestGlobalCost=335969.01 (feasible=YES) bestThisIter=335969.01 feasibleAnts=11 noImprove=13 (elapsed 110.42s)
[ITER 200] bestGlobalCost=335969.01 (feasible=YES) bestThisIter=335969.01 feasibleAnts=13 noImprove=23 (elapsed 115.265s)
[RESET] no improvement for30-> reset pheromones
[ITER 210] bestGlobalCost=335969.01 (feasible=YES) bestThisIter=346688.75 feasibleAnts=10 noImprove=3 (elapsed 121.128s)
[ITER 219] New best cost=335670.15 (feasible=YES, time 125.945s)
[ITER 220] bestGlobalCost=335670.15 (feasible=YES) bestThisIter=335969.01 feasibleAnts=13 noImprove=1 (elapsed 126.459s)
[ITER 230] bestGlobalCost=335670.15 (feasible=YES) bestThisIter=335670.15 feasibleAnts=13 noImprove=11 (elapsed 132.362s)
[ITER 240] bestGlobalCost=335670.15 (feasible=YES) bestThisIter=335670.15 feasibleAnts=12 noImprove=21 (elapsed 137.548s)
[RESET] no improvement for30-> reset pheromones
[ITER 250] bestGlobalCost=335670.15 (feasible=YES) bestThisIter=370982.17 feasibleAnts=10 noImprove=1 (elapsed 143.096s)
[ITER 260] bestGlobalCost=335670.15 (feasible=YES) bestThisIter=335670.15 feasibleAnts=10 noImprove=11 (elapsed 149.018s)
[ITER 270] bestGlobalCost=335670.15 (feasible=YES) bestThisIter=335670.15 feasibleAnts=11 noImprove=21 (elapsed 153.847s)
[RESET] no improvement for30-> reset pheromones
[ITER 280] bestGlobalCost=335670.15 (feasible=YES) bestThisIter=365809.52 feasibleAnts=9 noImprove=1 (elapsed 159.408s)
[ITER 290] bestGlobalCost=335670.15 (feasible=YES) bestThisIter=335670.15 feasibleAnts=13 noImprove=11 (elapsed 165.18s)
[ITER 300] bestGlobalCost=335670.15 (feasible=YES) bestThisIter=335670.15 feasibleAnts=10 noImprove=21 (elapsed 170.126s)
[RESET] no improvement for30-> reset pheromones
[ITER 310] bestGlobalCost=335670.15 (feasible=YES) bestThisIter=366445.40 feasibleAnts=10 noImprove=1 (elapsed 175.443s)
[ITER 312] New best cost=334880.84 (feasible=YES, time 176.872s)
[ITER 320] bestGlobalCost=334880.84 (feasible=YES) bestThisIter=334880.84 feasibleAnts=14 noImprove=8 (elapsed 181.921s)
[ITER 330] bestGlobalCost=334880.84 (feasible=YES) bestThisIter=334880.84 feasibleAnts=13 noImprove=18 (elapsed 191.22s)
[ITER 340] bestGlobalCost=334880.84 (feasible=YES) bestThisIter=334880.84 feasibleAnts=14 noImprove=28 (elapsed 198.963s)
[RESET] no improvement for30-> reset pheromones
[ITER 350] bestGlobalCost=334880.84 (feasible=YES) bestThisIter=334880.84 feasibleAnts=11 noImprove=8 (elapsed 209.004s)
[ITER 360] bestGlobalCost=334880.84 (feasible=YES) bestThisIter=334880.84 feasibleAnts=10 noImprove=18 (elapsed 215.035s)
[ITER 370] bestGlobalCost=334880.84 (feasible=YES) bestThisIter=334880.84 feasibleAnts=10 noImprove=28 (elapsed 221.69s)
[RESET] no improvement for30-> reset pheromones
[ITER 380] bestGlobalCost=334880.84 (feasible=YES) bestThisIter=334880.84 feasibleAnts=10 noImprove=8 (elapsed 228.46s)
[ITER 390] bestGlobalCost=334880.84 (feasible=YES) bestThisIter=334880.84 feasibleAnts=10 noImprove=18 (elapsed 233.381s)
[ITER 400] bestGlobalCost=334880.84 (feasible=YES) bestThisIter=334880.84 feasibleAnts=12 noImprove=28 (elapsed 238.845s)
[RESET] no improvement for30-> reset pheromones
[ITER 410] bestGlobalCost=334880.84 (feasible=YES) bestThisIter=334880.84 feasibleAnts=11 noImprove=8 (elapsed 244.805s)
[ITER 420] bestGlobalCost=334880.84 (feasible=YES) bestThisIter=334880.84 feasibleAnts=12 noImprove=18 (elapsed 249.902s)
[ITER 430] bestGlobalCost=334880.84 (feasible=YES) bestThisIter=334880.84 feasibleAnts=12 noImprove=28 (elapsed 255.397s)
[RESET] no improvement for30-> reset pheromones
[ITER 440] bestGlobalCost=334880.84 (feasible=YES) bestThisIter=334880.84 feasibleAnts=11 noImprove=8 (elapsed 261.777s)
[ITER 450] bestGlobalCost=334880.84 (feasible=YES) bestThisIter=334880.84 feasibleAnts=13 noImprove=18 (elapsed 265.984s)
[ITER 460] bestGlobalCost=334880.84 (feasible=YES) bestThisIter=334880.84 feasibleAnts=10 noImprove=28 (elapsed 271.877s)
[RESET] no improvement for30-> reset pheromones
[ITER 470] bestGlobalCost=334880.84 (feasible=YES) bestThisIter=334880.84 feasibleAnts=11 noImprove=8 (elapsed 278.248s)
[ITER 480] bestGlobalCost=334880.84 (feasible=YES) bestThisIter=334880.84 feasibleAnts=11 noImprove=18 (elapsed 283.408s)
[ITER 490] bestGlobalCost=334880.84 (feasible=YES) bestThisIter=334880.84 feasibleAnts=10 noImprove=28 (elapsed 288.621s)
[RESET] no improvement for30-> reset pheromones
[ITER 500] bestGlobalCost=334880.84 (feasible=YES) bestThisIter=334880.84 feasibleAnts=10 noImprove=8 (elapsed 294.49s)
[ITER 510] bestGlobalCost=334880.84 (feasible=YES) bestThisIter=334880.84 feasibleAnts=11 noImprove=18 (elapsed 299.406s)
31 47 65 67 80 109 120 151 161 177 187 
1 46 53 85 111 115 117 132 145 159 
2 23 35 91 125 150 168 169 173 181 
21 68 70 76 95 102 140 144 154 164 
5 28 43 56 88 105 137 178 196 
4 14 93 101 106 108 149 163 175 192 
10 19 33 36 45 57 81 97 156 197 
20 42 55 79 112 127 135 160 162 186 
18 24 32 61 110 121 136 172 174 184 
29 37 49 51 66 92 99 119 179 190 
17 25 34 90 103 114 129 141 143 146 171 200 
50 94 113 133 139 176 182 185 195 
30 41 60 77 89 128 158 167 193 
7 9 26 78 82 118 124 138 199 
11 48 52 84 87 96 104 126 165 166 
16 44 63 116 122 153 170 188 194 
6 8 22 54 62 75 83 107 134 155 157 183 
38 39 58 71 72 86 98 130 148 152 
12 13 15 27 40 64 123 147 191 198 
3 59 69 73 74 100 131 142 180 189 
[SAVELOGS] evolution saved to results/logs/aco_logs/evolution/kroA200_20_4.txt
[SAVELOGS] best cost saved to results/logs/aco_logs/objectives/kroA200_20_4.txt
[SAVELOGS] best solution saved to results/logs/aco_logs/solutions/kroA200_20_4.txt
