[ITER 1] New best cost=9720551.34 (feasible=YES, time 0.340194s)
[ITER 2] New best cost=9629017.38 (feasible=YES, time 0.756281s)
[ITER 3] New best cost=9487847.47 (feasible=YES, time 1.26695s)
[ITER 4] New best cost=9370562.36 (feasible=YES, time 1.63093s)
[ITER 5] New best cost=9364441.51 (feasible=YES, time 1.96309s)
[ITER 7] New best cost=9344187.07 (feasible=YES, time 2.95521s)
[ITER 8] New best cost=9322826.88 (feasible=YES, time 3.48312s)
[ITER 10] bestGlobalCost=9322826.88 (feasible=YES) bestThisIter=9370465.65 feasibleAnts=5 noImprove=2 (elapsed 4.41273s)
[ITER 20] bestGlobalCost=9322826.88 (feasible=YES) bestThisIter=9358807.97 feasibleAnts=5 noImprove=12 (elapsed 8.08099s)
[ITER 30] bestGlobalCost=9322826.88 (feasible=YES) bestThisIter=9443659.39 feasibleAnts=5 noImprove=22 (elapsed 13.0721s)
[ITER 40] bestGlobalCost=9322826.88 (feasible=YES) bestThisIter=9496301.26 feasibleAnts=5 noImprove=32 (elapsed 17.3528s)
[ITER 50] bestGlobalCost=9322826.88 (feasible=YES) bestThisIter=9549774.99 feasibleAnts=5 noImprove=42 (elapsed 21.669s)
[RESET] no improvement for50-> reset pheromones
[ITER 60] bestGlobalCost=9322826.88 (feasible=YES) bestThisIter=9403926.60 feasibleAnts=5 noImprove=2 (elapsed 25.8247s)
[ITER 70] bestGlobalCost=9322826.88 (feasible=YES) bestThisIter=9346977.09 feasibleAnts=5 noImprove=12 (elapsed 29.2523s)
[ITER 80] bestGlobalCost=9322826.88 (feasible=YES) bestThisIter=9474927.13 feasibleAnts=5 noImprove=22 (elapsed 32.6146s)
[ITER 90] bestGlobalCost=9322826.88 (feasible=YES) bestThisIter=9543325.88 feasibleAnts=5 noImprove=32 (elapsed 36.8126s)
[ITER 100] bestGlobalCost=9322826.88 (feasible=YES) bestThisIter=9469097.87 feasibleAnts=5 noImprove=42 (elapsed 41.4565s)
[RESET] no improvement for50-> reset pheromones
[ITER 110] bestGlobalCost=9322826.88 (feasible=YES) bestThisIter=9322826.88 feasibleAnts=5 noImprove=2 (elapsed 46.4001s)
[ITER 120] bestGlobalCost=9322826.88 (feasible=YES) bestThisIter=9339478.00 feasibleAnts=5 noImprove=12 (elapsed 49.9573s)
[ITER 130] bestGlobalCost=9322826.88 (feasible=YES) bestThisIter=9453238.01 feasibleAnts=5 noImprove=22 (elapsed 54.5461s)
[ITER 140] bestGlobalCost=9322826.88 (feasible=YES) bestThisIter=9610899.99 feasibleAnts=5 noImprove=32 (elapsed 58.4588s)
[ITER 150] bestGlobalCost=9322826.88 (feasible=YES) bestThisIter=9388462.90 feasibleAnts=5 noImprove=42 (elapsed 63.5357s)
[RESET] no improvement for50-> reset pheromones
[ITER 160] bestGlobalCost=9322826.88 (feasible=YES) bestThisIter=9464074.66 feasibleAnts=5 noImprove=2 (elapsed 68.5939s)
[ITER 170] bestGlobalCost=9322826.88 (feasible=YES) bestThisIter=9368604.55 feasibleAnts=5 noImprove=12 (elapsed 72.4629s)
[ITER 180] bestGlobalCost=9322826.88 (feasible=YES) bestThisIter=9585594.51 feasibleAnts=5 noImprove=22 (elapsed 76.5245s)
[ITER 190] bestGlobalCost=9322826.88 (feasible=YES) bestThisIter=9498971.04 feasibleAnts=5 noImprove=32 (elapsed 81.4087s)
[ITER 200] bestGlobalCost=9322826.88 (feasible=YES) bestThisIter=9513085.43 feasibleAnts=5 noImprove=42 (elapsed 85.8727s)
[RESET] no improvement for50-> reset pheromones
[ITER 210] bestGlobalCost=9322826.88 (feasible=YES) bestThisIter=9322826.88 feasibleAnts=5 noImprove=2 (elapsed 91.0769s)
[ITER 220] bestGlobalCost=9322826.88 (feasible=YES) bestThisIter=9429963.97 feasibleAnts=5 noImprove=12 (elapsed 94.5687s)
[ITER 230] bestGlobalCost=9322826.88 (feasible=YES) bestThisIter=9447448.70 feasibleAnts=5 noImprove=22 (elapsed 99.5779s)
[ITER 240] bestGlobalCost=9322826.88 (feasible=YES) bestThisIter=9515880.74 feasibleAnts=5 noImprove=32 (elapsed 104.554s)
[ITER 250] bestGlobalCost=9322826.88 (feasible=YES) bestThisIter=9481076.31 feasibleAnts=5 noImprove=42 (elapsed 108.705s)
[RESET] no improvement for50-> reset pheromones
[ITER 260] bestGlobalCost=9322826.88 (feasible=YES) bestThisIter=9408223.00 feasibleAnts=5 noImprove=2 (elapsed 113.682s)
[ITER 270] bestGlobalCost=9322826.88 (feasible=YES) bestThisIter=9500562.79 feasibleAnts=5 noImprove=12 (elapsed 117.707s)
[ITER 280] bestGlobalCost=9322826.88 (feasible=YES) bestThisIter=9449502.93 feasibleAnts=5 noImprove=22 (elapsed 122.5s)
[ITER 290] bestGlobalCost=9322826.88 (feasible=YES) bestThisIter=9418912.17 feasibleAnts=5 noImprove=32 (elapsed 126.76s)
[ITER 300] bestGlobalCost=9322826.88 (feasible=YES) bestThisIter=9688894.80 feasibleAnts=5 noImprove=42 (elapsed 131.109s)
[RESET] no improvement for50-> reset pheromones
[ITER 310] bestGlobalCost=9322826.88 (feasible=YES) bestThisIter=9440362.64 feasibleAnts=5 noImprove=2 (elapsed 135.284s)
[ITER 314] New best cost=9314201.21 (feasible=YES, time 136.574s)
[ITER 320] bestGlobalCost=9314201.21 (feasible=YES) bestThisIter=9347437.71 feasibleAnts=5 noImprove=6 (elapsed 139.286s)
[ITER 330] bestGlobalCost=9314201.21 (feasible=YES) bestThisIter=9403365.98 feasibleAnts=5 noImprove=16 (elapsed 142.869s)
[ITER 340] bestGlobalCost=9314201.21 (feasible=YES) bestThisIter=9524459.43 feasibleAnts=5 noImprove=26 (elapsed 146.904s)
[ITER 350] bestGlobalCost=9314201.21 (feasible=YES) bestThisIter=9534783.81 feasibleAnts=5 noImprove=36 (elapsed 151.439s)
[ITER 360] bestGlobalCost=9314201.21 (feasible=YES) bestThisIter=9551815.79 feasibleAnts=5 noImprove=46 (elapsed 155.746s)
[RESET] no improvement for50-> reset pheromones
[ITER 368] New best cost=9305682.76 (feasible=YES, time 159.986s)
[ITER 370] bestGlobalCost=9305682.76 (feasible=YES) bestThisIter=9314201.21 feasibleAnts=8 noImprove=2 (elapsed 161.63s)
[ITER 380] bestGlobalCost=9305682.76 (feasible=YES) bestThisIter=9434972.66 feasibleAnts=5 noImprove=12 (elapsed 165.523s)
[ITER 390] bestGlobalCost=9305682.76 (feasible=YES) bestThisIter=9597898.98 feasibleAnts=5 noImprove=22 (elapsed 169.266s)
[ITER 400] bestGlobalCost=9305682.76 (feasible=YES) bestThisIter=9453474.14 feasibleAnts=5 noImprove=32 (elapsed 173.538s)
[ITER 410] bestGlobalCost=9305682.76 (feasible=YES) bestThisIter=9580823.59 feasibleAnts=5 noImprove=42 (elapsed 177.827s)
[RESET] no improvement for50-> reset pheromones
[ITER 420] bestGlobalCost=9305682.76 (feasible=YES) bestThisIter=9344253.57 feasibleAnts=5 noImprove=2 (elapsed 182.294s)
[ITER 430] bestGlobalCost=9305682.76 (feasible=YES) bestThisIter=9492699.92 feasibleAnts=5 noImprove=12 (elapsed 185.688s)
[ITER 440] bestGlobalCost=9305682.76 (feasible=YES) bestThisIter=9409920.15 feasibleAnts=5 noImprove=22 (elapsed 189.699s)
[ITER 450] bestGlobalCost=9305682.76 (feasible=YES) bestThisIter=9475895.27 feasibleAnts=5 noImprove=32 (elapsed 193.682s)
[ITER 460] bestGlobalCost=9305682.76 (feasible=YES) bestThisIter=9467503.99 feasibleAnts=5 noImprove=42 (elapsed 198.281s)
[RESET] no improvement for50-> reset pheromones
[ITER 470] bestGlobalCost=9305682.76 (feasible=YES) bestThisIter=9380964.42 feasibleAnts=5 noImprove=2 (elapsed 202.435s)
[ITER 480] bestGlobalCost=9305682.76 (feasible=YES) bestThisIter=9510012.20 feasibleAnts=5 noImprove=12 (elapsed 205.99s)
[ITER 490] bestGlobalCost=9305682.76 (feasible=YES) bestThisIter=9458911.06 feasibleAnts=5 noImprove=22 (elapsed 210.292s)
[ITER 500] bestGlobalCost=9305682.76 (feasible=YES) bestThisIter=9473148.12 feasibleAnts=5 noImprove=32 (elapsed 214.474s)
[ITER 510] bestGlobalCost=9305682.76 (feasible=YES) bestThisIter=9461747.57 feasibleAnts=5 noImprove=42 (elapsed 219.274s)
[RESET] no improvement for50-> reset pheromones
[ITER 520] bestGlobalCost=9305682.76 (feasible=YES) bestThisIter=9305682.76 feasibleAnts=5 noImprove=2 (elapsed 224.341s)
[ITER 530] bestGlobalCost=9305682.76 (feasible=YES) bestThisIter=9375381.96 feasibleAnts=5 noImprove=12 (elapsed 227.41s)
[ITER 540] bestGlobalCost=9305682.76 (feasible=YES) bestThisIter=9424947.51 feasibleAnts=5 noImprove=22 (elapsed 231.47s)
[ITER 550] bestGlobalCost=9305682.76 (feasible=YES) bestThisIter=9534763.21 feasibleAnts=5 noImprove=32 (elapsed 236.173s)
[ITER 560] bestGlobalCost=9305682.76 (feasible=YES) bestThisIter=9407919.72 feasibleAnts=5 noImprove=42 (elapsed 241.01s)
[RESET] no improvement for50-> reset pheromones
[ITER 570] bestGlobalCost=9305682.76 (feasible=YES) bestThisIter=9342407.85 feasibleAnts=5 noImprove=2 (elapsed 245.343s)
[ITER 580] bestGlobalCost=9305682.76 (feasible=YES) bestThisIter=9445140.59 feasibleAnts=5 noImprove=12 (elapsed 248.733s)
[ITER 590] bestGlobalCost=9305682.76 (feasible=YES) bestThisIter=9370103.59 feasibleAnts=5 noImprove=22 (elapsed 253.065s)
[ITER 600] bestGlobalCost=9305682.76 (feasible=YES) bestThisIter=9405110.29 feasibleAnts=5 noImprove=32 (elapsed 258.817s)
[ITER 610] bestGlobalCost=9305682.76 (feasible=YES) bestThisIter=9569208.81 feasibleAnts=5 noImprove=42 (elapsed 263.258s)
[RESET] no improvement for50-> reset pheromones
[ITER 620] bestGlobalCost=9305682.76 (feasible=YES) bestThisIter=9385059.77 feasibleAnts=5 noImprove=2 (elapsed 267.505s)
[ITER 630] bestGlobalCost=9305682.76 (feasible=YES) bestThisIter=9323136.82 feasibleAnts=5 noImprove=12 (elapsed 270.854s)
[ITER 640] bestGlobalCost=9305682.76 (feasible=YES) bestThisIter=9401658.20 feasibleAnts=5 noImprove=22 (elapsed 274.351s)
[ITER 650] bestGlobalCost=9305682.76 (feasible=YES) bestThisIter=9462952.52 feasibleAnts=5 noImprove=32 (elapsed 279.214s)
[ITER 660] bestGlobalCost=9305682.76 (feasible=YES) bestThisIter=9676046.75 feasibleAnts=5 noImprove=42 (elapsed 283.337s)
[RESET] no improvement for50-> reset pheromones
[ITER 670] bestGlobalCost=9305682.76 (feasible=YES) bestThisIter=9363160.10 feasibleAnts=5 noImprove=2 (elapsed 287.828s)
[ITER 680] bestGlobalCost=9305682.76 (feasible=YES) bestThisIter=9438342.10 feasibleAnts=5 noImprove=12 (elapsed 291.173s)
[ITER 690] bestGlobalCost=9305682.76 (feasible=YES) bestThisIter=9446346.23 feasibleAnts=5 noImprove=22 (elapsed 295.289s)
[ITER 700] bestGlobalCost=9305682.76 (feasible=YES) bestThisIter=9585012.21 feasibleAnts=5 noImprove=32 (elapsed 299.195s)
2 3 4 5 6 7 8 9 10 11 12 13 14 15 16 17 18 20 25 69 70 71 72 74 75 76 77 78 79 80 81 82 83 84 85 86 87 88 89 90 91 92 93 94 95 96 98 99 100 103 104 106 130 131 132 
139 141 142 143 144 145 146 147 162 164 165 166 167 168 169 170 171 172 173 174 175 176 177 178 179 180 183 213 215 216 217 218 219 220 221 222 223 224 225 237 238 239 240 241 243 244 245 246 248 249 250 264 
19 21 22 23 24 26 27 28 30 31 32 33 34 35 36 37 38 39 41 42 43 44 45 46 57 58 59 60 61 62 63 64 65 66 67 68 73 97 101 102 105 107 108 109 110 111 112 113 115 117 118 119 120 121 129 
1 29 40 47 48 49 50 51 52 53 54 55 56 114 116 122 123 124 125 126 127 128 148 149 150 151 152 153 154 155 156 157 158 159 160 161 163 212 226 227 228 229 230 231 232 233 234 235 236 
133 134 135 136 137 138 140 181 182 184 185 186 187 188 189 190 191 192 193 194 195 196 197 198 199 200 201 202 203 204 205 206 207 208 209 210 211 214 242 247 251 252 253 254 255 256 257 258 259 260 261 262 263 
[SAVELOGS] evolution saved to results/logs/aco_logs/evolution/pr264_05_5.txt
[SAVELOGS] best cost saved to results/logs/aco_logs/objectives/pr264_05_5.txt
[SAVELOGS] best solution saved to results/logs/aco_logs/solutions/pr264_05_5.txt
