[ITER 1] New best cost=9744535.61 (feasible=YES, time 0.425327s)
[ITER 2] New best cost=9419635.17 (feasible=YES, time 0.801302s)
[ITER 6] New best cost=9378631.37 (feasible=YES, time 2.24248s)
[ITER 7] New best cost=9363000.40 (feasible=YES, time 2.50689s)
[ITER 9] New best cost=9342924.93 (feasible=YES, time 3.03375s)
[ITER 10] New best cost=9338327.78 (feasible=YES, time 3.98015s)
[ITER 10] bestGlobalCost=9338327.78 (feasible=YES) bestThisIter=9338327.78 feasibleAnts=5 noImprove=0 (elapsed 3.98509s)
[ITER 20] bestGlobalCost=9338327.78 (feasible=YES) bestThisIter=9364099.07 feasibleAnts=5 noImprove=10 (elapsed 8.187s)
[ITER 30] bestGlobalCost=9338327.78 (feasible=YES) bestThisIter=9461144.56 feasibleAnts=5 noImprove=20 (elapsed 14.1559s)
[ITER 40] bestGlobalCost=9338327.78 (feasible=YES) bestThisIter=9463368.86 feasibleAnts=5 noImprove=30 (elapsed 18.7466s)
[ITER 50] bestGlobalCost=9338327.78 (feasible=YES) bestThisIter=9430090.46 feasibleAnts=5 noImprove=40 (elapsed 23.8969s)
[ITER 60] bestGlobalCost=9338327.78 (feasible=YES) bestThisIter=9537665.35 feasibleAnts=5 noImprove=50 (elapsed 28.5744s)
[RESET] no improvement for50-> reset pheromones
[ITER 70] bestGlobalCost=9338327.78 (feasible=YES) bestThisIter=9338327.78 feasibleAnts=5 noImprove=10 (elapsed 33.3192s)
[ITER 80] bestGlobalCost=9338327.78 (feasible=YES) bestThisIter=9532943.94 feasibleAnts=5 noImprove=20 (elapsed 37.906s)
[ITER 90] bestGlobalCost=9338327.78 (feasible=YES) bestThisIter=9648422.40 feasibleAnts=5 noImprove=30 (elapsed 42.7486s)
[ITER 100] bestGlobalCost=9338327.78 (feasible=YES) bestThisIter=9585224.70 feasibleAnts=5 noImprove=40 (elapsed 50.8323s)
[ITER 110] bestGlobalCost=9338327.78 (feasible=YES) bestThisIter=9403178.92 feasibleAnts=5 noImprove=50 (elapsed 55.8518s)
[RESET] no improvement for50-> reset pheromones
[ITER 119] New best cost=9322811.69 (feasible=YES, time 59.5688s)
[ITER 120] bestGlobalCost=9322811.69 (feasible=YES) bestThisIter=9338327.78 feasibleAnts=16 noImprove=1 (elapsed 60.4414s)
[ITER 130] bestGlobalCost=9322811.69 (feasible=YES) bestThisIter=9523156.68 feasibleAnts=5 noImprove=11 (elapsed 64.9035s)
[ITER 140] bestGlobalCost=9322811.69 (feasible=YES) bestThisIter=9464017.38 feasibleAnts=5 noImprove=21 (elapsed 69.5784s)
[ITER 150] bestGlobalCost=9322811.69 (feasible=YES) bestThisIter=9529333.36 feasibleAnts=5 noImprove=31 (elapsed 74.8484s)
[ITER 160] bestGlobalCost=9322811.69 (feasible=YES) bestThisIter=9418550.83 feasibleAnts=5 noImprove=41 (elapsed 80.3947s)
[RESET] no improvement for50-> reset pheromones
[ITER 170] bestGlobalCost=9322811.69 (feasible=YES) bestThisIter=9564803.44 feasibleAnts=5 noImprove=1 (elapsed 86.4773s)
[ITER 180] bestGlobalCost=9322811.69 (feasible=YES) bestThisIter=9448440.29 feasibleAnts=5 noImprove=11 (elapsed 90.4063s)
[ITER 190] bestGlobalCost=9322811.69 (feasible=YES) bestThisIter=9429611.68 feasibleAnts=5 noImprove=21 (elapsed 94.9623s)
[ITER 200] bestGlobalCost=9322811.69 (feasible=YES) bestThisIter=9550337.51 feasibleAnts=5 noImprove=31 (elapsed 99.686s)
[ITER 210] bestGlobalCost=9322811.69 (feasible=YES) bestThisIter=9482084.61 feasibleAnts=5 noImprove=41 (elapsed 105.394s)
[RESET] no improvement for50-> reset pheromones
[ITER 220] bestGlobalCost=9322811.69 (feasible=YES) bestThisIter=9783830.20 feasibleAnts=5 noImprove=1 (elapsed 110.547s)
[ITER 230] bestGlobalCost=9322811.69 (feasible=YES) bestThisIter=9436104.70 feasibleAnts=5 noImprove=11 (elapsed 115.353s)
[ITER 240] bestGlobalCost=9322811.69 (feasible=YES) bestThisIter=9415773.97 feasibleAnts=5 noImprove=21 (elapsed 119.705s)
[ITER 250] bestGlobalCost=9322811.69 (feasible=YES) bestThisIter=9503248.13 feasibleAnts=5 noImprove=31 (elapsed 124.56s)
[ITER 260] bestGlobalCost=9322811.69 (feasible=YES) bestThisIter=9417563.78 feasibleAnts=5 noImprove=41 (elapsed 129.233s)
[RESET] no improvement for50-> reset pheromones
[ITER 270] bestGlobalCost=9322811.69 (feasible=YES) bestThisIter=9903189.78 feasibleAnts=5 noImprove=1 (elapsed 134.287s)
[ITER 280] bestGlobalCost=9322811.69 (feasible=YES) bestThisIter=9405728.29 feasibleAnts=5 noImprove=11 (elapsed 137.789s)
[ITER 290] bestGlobalCost=9322811.69 (feasible=YES) bestThisIter=9491715.72 feasibleAnts=5 noImprove=21 (elapsed 142.753s)
[ITER 300] bestGlobalCost=9322811.69 (feasible=YES) bestThisIter=9517178.53 feasibleAnts=5 noImprove=31 (elapsed 150.687s)
[ITER 310] bestGlobalCost=9322811.69 (feasible=YES) bestThisIter=9460108.71 feasibleAnts=5 noImprove=41 (elapsed 156.224s)
[RESET] no improvement for50-> reset pheromones
[ITER 320] bestGlobalCost=9322811.69 (feasible=YES) bestThisIter=9650559.12 feasibleAnts=5 noImprove=1 (elapsed 160.882s)
[ITER 325] New best cost=9321934.40 (feasible=YES, time 163.022s)
[ITER 329] New best cost=9305682.76 (feasible=YES, time 164.731s)
[ITER 330] bestGlobalCost=9305682.76 (feasible=YES) bestThisIter=9352674.02 feasibleAnts=5 noImprove=1 (elapsed 166.33s)
[ITER 340] bestGlobalCost=9305682.76 (feasible=YES) bestThisIter=9425769.89 feasibleAnts=5 noImprove=11 (elapsed 170.416s)
[ITER 350] bestGlobalCost=9305682.76 (feasible=YES) bestThisIter=9530718.55 feasibleAnts=5 noImprove=21 (elapsed 178.342s)
[ITER 360] bestGlobalCost=9305682.76 (feasible=YES) bestThisIter=9436141.48 feasibleAnts=5 noImprove=31 (elapsed 185.301s)
[ITER 370] bestGlobalCost=9305682.76 (feasible=YES) bestThisIter=9538454.57 feasibleAnts=5 noImprove=41 (elapsed 198.173s)
[RESET] no improvement for50-> reset pheromones
[ITER 380] bestGlobalCost=9305682.76 (feasible=YES) bestThisIter=9571863.97 feasibleAnts=5 noImprove=1 (elapsed 204.917s)
[ITER 390] bestGlobalCost=9305682.76 (feasible=YES) bestThisIter=9488449.49 feasibleAnts=5 noImprove=11 (elapsed 209.983s)
[ITER 400] bestGlobalCost=9305682.76 (feasible=YES) bestThisIter=9502906.04 feasibleAnts=5 noImprove=21 (elapsed 216.269s)
[ITER 410] bestGlobalCost=9305682.76 (feasible=YES) bestThisIter=9471103.53 feasibleAnts=5 noImprove=31 (elapsed 227.765s)
[ITER 420] bestGlobalCost=9305682.76 (feasible=YES) bestThisIter=9438229.46 feasibleAnts=5 noImprove=41 (elapsed 239.338s)
[RESET] no improvement for50-> reset pheromones
[ITER 430] bestGlobalCost=9305682.76 (feasible=YES) bestThisIter=9644513.75 feasibleAnts=5 noImprove=1 (elapsed 245.8s)
[ITER 435] New best cost=9305145.08 (feasible=YES, time 248.215s)
[ITER 437] New best cost=9304794.66 (feasible=YES, time 249.202s)
[ITER 440] bestGlobalCost=9304794.66 (feasible=YES) bestThisIter=9383466.66 feasibleAnts=5 noImprove=3 (elapsed 251.188s)
[ITER 450] bestGlobalCost=9304794.66 (feasible=YES) bestThisIter=9411302.70 feasibleAnts=5 noImprove=13 (elapsed 255.743s)
[ITER 460] bestGlobalCost=9304794.66 (feasible=YES) bestThisIter=9383445.08 feasibleAnts=5 noImprove=23 (elapsed 262.066s)
[ITER 470] bestGlobalCost=9304794.66 (feasible=YES) bestThisIter=9432421.25 feasibleAnts=5 noImprove=33 (elapsed 268.494s)
[ITER 480] bestGlobalCost=9304794.66 (feasible=YES) bestThisIter=9450373.48 feasibleAnts=5 noImprove=43 (elapsed 274.116s)
[RESET] no improvement for50-> reset pheromones
[ITER 490] bestGlobalCost=9304794.66 (feasible=YES) bestThisIter=9304794.66 feasibleAnts=5 noImprove=3 (elapsed 279.921s)
[ITER 500] bestGlobalCost=9304794.66 (feasible=YES) bestThisIter=9469540.84 feasibleAnts=5 noImprove=13 (elapsed 285.733s)
[ITER 510] bestGlobalCost=9304794.66 (feasible=YES) bestThisIter=9459856.26 feasibleAnts=5 noImprove=23 (elapsed 290.541s)
[ITER 520] bestGlobalCost=9304794.66 (feasible=YES) bestThisIter=9452415.29 feasibleAnts=5 noImprove=33 (elapsed 296.764s)
1 19 21 22 23 24 26 27 28 29 30 31 32 33 34 35 38 39 41 42 43 44 45 46 52 57 59 60 61 62 63 64 65 66 67 68 73 97 101 102 105 107 108 109 110 111 112 113 115 117 118 119 120 121 129 
2 3 4 5 6 7 8 9 10 11 12 13 14 15 16 17 18 20 25 69 70 71 72 74 75 76 77 78 79 80 81 82 83 84 85 86 87 88 89 90 91 92 93 94 95 96 98 99 100 103 104 106 130 131 132 
36 37 40 47 48 49 50 51 53 54 55 56 58 114 116 122 123 124 125 126 127 128 148 149 150 151 152 153 154 155 156 157 158 159 160 161 163 212 226 227 228 229 230 231 232 233 234 235 236 
133 134 135 136 137 138 140 181 182 184 185 186 187 188 189 190 191 192 193 194 195 196 197 198 199 200 201 202 203 204 205 206 207 208 209 210 211 214 242 247 251 252 253 254 255 256 257 258 259 260 261 262 263 
139 141 142 143 144 145 146 147 162 164 165 166 167 168 169 170 171 172 173 174 175 176 177 178 179 180 183 213 215 216 217 218 219 220 221 222 223 224 225 237 238 239 240 241 243 244 245 246 248 249 250 264 
[SAVELOGS] evolution saved to results/logs/aco_logs/evolution/pr264_05_5.txt
[SAVELOGS] best cost saved to results/logs/aco_logs/objectives/pr264_05_5.txt
[SAVELOGS] best solution saved to results/logs/aco_logs/solutions/pr264_05_5.txt
