[ITER 1] New best cost=404725.03 (feasible=YES, time 0.115924s)
[ITER 1] New best cost=397057.58 (feasible=YES, time 0.120934s)
[ITER 2] New best cost=396614.64 (feasible=YES, time 0.175649s)
[ITER 10] New best cost=395775.01 (feasible=YES, time 1.52836s)
[ITER 10] New best cost=395704.71 (feasible=YES, time 1.53179s)
[ITER 10] New best cost=395417.78 (feasible=YES, time 1.53568s)
[ITER 10] bestGlobalCost=395417.78 (feasible=YES) bestThisIter=396614.64 feasibleAnts=21 noImprove=0 (elapsed 1.53952s)
[ITER 14] New best cost=395363.16 (feasible=YES, time 1.73499s)
[ITER 14] New best cost=395344.99 (feasible=YES, time 1.73835s)
[ITER 20] New best cost=395116.25 (feasible=YES, time 3.36479s)
[ITER 20] bestGlobalCost=395116.25 (feasible=YES) bestThisIter=395344.99 feasibleAnts=28 noImprove=0 (elapsed 3.36926s)
[ITER 24] New best cost=394929.91 (feasible=YES, time 3.549s)
[ITER 30] bestGlobalCost=394929.91 (feasible=YES) bestThisIter=396275.66 feasibleAnts=25 noImprove=6 (elapsed 4.96372s)
[ITER 34] New best cost=394649.08 (feasible=YES, time 5.24687s)
[ITER 40] bestGlobalCost=394649.08 (feasible=YES) bestThisIter=397447.93 feasibleAnts=21 noImprove=6 (elapsed 6.51128s)
[ITER 42] New best cost=394615.45 (feasible=YES, time 6.6451s)
[ITER 45] New best cost=394382.41 (feasible=YES, time 7.2005s)
[ITER 45] New best cost=394254.31 (feasible=YES, time 7.20479s)
[ITER 50] bestGlobalCost=394254.31 (feasible=YES) bestThisIter=394254.31 feasibleAnts=40 noImprove=5 (elapsed 7.82331s)
[ITER 58] New best cost=394239.48 (feasible=YES, time 8.71091s)
[ITER 60] bestGlobalCost=394239.48 (feasible=YES) bestThisIter=394254.31 feasibleAnts=40 noImprove=2 (elapsed 9.18514s)
[ITER 68] New best cost=394031.87 (feasible=YES, time 10.0081s)
[ITER 70] bestGlobalCost=394031.87 (feasible=YES) bestThisIter=394239.48 feasibleAnts=40 noImprove=2 (elapsed 10.6401s)
[ITER 72] New best cost=393974.47 (feasible=YES, time 10.7365s)
[ITER 80] bestGlobalCost=393974.47 (feasible=YES) bestThisIter=397882.03 feasibleAnts=23 noImprove=8 (elapsed 12.4017s)
[ITER 90] bestGlobalCost=393974.47 (feasible=YES) bestThisIter=396422.98 feasibleAnts=19 noImprove=18 (elapsed 14.2707s)
[ITER 100] bestGlobalCost=393974.47 (feasible=YES) bestThisIter=394635.05 feasibleAnts=9 noImprove=28 (elapsed 15.6669s)
[ITER 102] New best cost=393943.92 (feasible=YES, time 15.7771s)
[ITER 110] bestGlobalCost=393943.92 (feasible=YES) bestThisIter=396814.34 feasibleAnts=24 noImprove=8 (elapsed 16.9482s)
[ITER 116] New best cost=393918.61 (feasible=YES, time 17.7392s)
[ITER 120] bestGlobalCost=393918.61 (feasible=YES) bestThisIter=397718.89 feasibleAnts=10 noImprove=4 (elapsed 18.3789s)
[ITER 130] bestGlobalCost=393918.61 (feasible=YES) bestThisIter=397344.25 feasibleAnts=17 noImprove=14 (elapsed 20.2236s)
[ITER 140] bestGlobalCost=393918.61 (feasible=YES) bestThisIter=396725.61 feasibleAnts=12 noImprove=24 (elapsed 22.1132s)
[ITER 150] bestGlobalCost=393918.61 (feasible=YES) bestThisIter=397845.14 feasibleAnts=10 noImprove=34 (elapsed 23.591s)
[ITER 160] bestGlobalCost=393918.61 (feasible=YES) bestThisIter=396133.19 feasibleAnts=9 noImprove=44 (elapsed 25.0998s)
[RESET] no improvement for50-> reset pheromones
[ITER 170] bestGlobalCost=393918.61 (feasible=YES) bestThisIter=393918.61 feasibleAnts=40 noImprove=4 (elapsed 26.5401s)
[ITER 180] bestGlobalCost=393918.61 (feasible=YES) bestThisIter=396949.57 feasibleAnts=16 noImprove=14 (elapsed 27.9493s)
[ITER 190] bestGlobalCost=393918.61 (feasible=YES) bestThisIter=395001.65 feasibleAnts=10 noImprove=24 (elapsed 29.3729s)
[ITER 200] bestGlobalCost=393918.61 (feasible=YES) bestThisIter=395952.96 feasibleAnts=9 noImprove=34 (elapsed 31.1306s)
[ITER 210] bestGlobalCost=393918.61 (feasible=YES) bestThisIter=395649.45 feasibleAnts=8 noImprove=44 (elapsed 33.184s)
[RESET] no improvement for50-> reset pheromones
[ITER 220] bestGlobalCost=393918.61 (feasible=YES) bestThisIter=393918.61 feasibleAnts=40 noImprove=4 (elapsed 34.8662s)
[ITER 230] bestGlobalCost=393918.61 (feasible=YES) bestThisIter=396053.79 feasibleAnts=11 noImprove=14 (elapsed 36.2825s)
[ITER 240] bestGlobalCost=393918.61 (feasible=YES) bestThisIter=401286.74 feasibleAnts=9 noImprove=24 (elapsed 37.7484s)
[ITER 250] bestGlobalCost=393918.61 (feasible=YES) bestThisIter=396896.49 feasibleAnts=12 noImprove=34 (elapsed 39.2204s)
[ITER 260] bestGlobalCost=393918.61 (feasible=YES) bestThisIter=395546.48 feasibleAnts=9 noImprove=44 (elapsed 40.7382s)
[RESET] no improvement for50-> reset pheromones
[ITER 270] bestGlobalCost=393918.61 (feasible=YES) bestThisIter=393918.61 feasibleAnts=40 noImprove=4 (elapsed 42.1938s)
[ITER 280] bestGlobalCost=393918.61 (feasible=YES) bestThisIter=396143.70 feasibleAnts=17 noImprove=14 (elapsed 43.6417s)
[ITER 290] bestGlobalCost=393918.61 (feasible=YES) bestThisIter=395124.62 feasibleAnts=12 noImprove=24 (elapsed 45.097s)
[ITER 300] bestGlobalCost=393918.61 (feasible=YES) bestThisIter=396420.79 feasibleAnts=8 noImprove=34 (elapsed 46.6042s)
[ITER 303] New best cost=393833.25 (feasible=YES, time 46.7861s)
[ITER 310] bestGlobalCost=393833.25 (feasible=YES) bestThisIter=396292.24 feasibleAnts=27 noImprove=7 (elapsed 47.9583s)
[ITER 320] bestGlobalCost=393833.25 (feasible=YES) bestThisIter=395041.39 feasibleAnts=12 noImprove=17 (elapsed 49.4143s)
[ITER 330] bestGlobalCost=393833.25 (feasible=YES) bestThisIter=395888.55 feasibleAnts=10 noImprove=27 (elapsed 51.1058s)
[ITER 340] bestGlobalCost=393833.25 (feasible=YES) bestThisIter=396175.23 feasibleAnts=11 noImprove=37 (elapsed 53.0924s)
[ITER 350] bestGlobalCost=393833.25 (feasible=YES) bestThisIter=395886.50 feasibleAnts=8 noImprove=47 (elapsed 54.9056s)
[RESET] no improvement for50-> reset pheromones
[ITER 360] bestGlobalCost=393833.25 (feasible=YES) bestThisIter=394752.98 feasibleAnts=18 noImprove=7 (elapsed 56.2763s)
[ITER 370] bestGlobalCost=393833.25 (feasible=YES) bestThisIter=396028.46 feasibleAnts=11 noImprove=17 (elapsed 57.6889s)
[ITER 380] bestGlobalCost=393833.25 (feasible=YES) bestThisIter=394429.53 feasibleAnts=10 noImprove=27 (elapsed 59.4432s)
[ITER 390] bestGlobalCost=393833.25 (feasible=YES) bestThisIter=395986.70 feasibleAnts=9 noImprove=37 (elapsed 61.417s)
[ITER 400] bestGlobalCost=393833.25 (feasible=YES) bestThisIter=393974.47 feasibleAnts=10 noImprove=47 (elapsed 63.128s)
[RESET] no improvement for50-> reset pheromones
[ITER 410] bestGlobalCost=393833.25 (feasible=YES) bestThisIter=399195.83 feasibleAnts=27 noImprove=7 (elapsed 64.5089s)
[ITER 420] bestGlobalCost=393833.25 (feasible=YES) bestThisIter=394031.87 feasibleAnts=11 noImprove=17 (elapsed 65.9149s)
[ITER 430] bestGlobalCost=393833.25 (feasible=YES) bestThisIter=396409.13 feasibleAnts=9 noImprove=27 (elapsed 67.7183s)
[ITER 440] bestGlobalCost=393833.25 (feasible=YES) bestThisIter=396182.22 feasibleAnts=10 noImprove=37 (elapsed 69.6731s)
[ITER 450] bestGlobalCost=393833.25 (feasible=YES) bestThisIter=394195.47 feasibleAnts=9 noImprove=47 (elapsed 71.3214s)
[RESET] no improvement for50-> reset pheromones
[ITER 460] bestGlobalCost=393833.25 (feasible=YES) bestThisIter=397237.78 feasibleAnts=27 noImprove=7 (elapsed 72.7427s)
[ITER 470] bestGlobalCost=393833.25 (feasible=YES) bestThisIter=397405.16 feasibleAnts=14 noImprove=17 (elapsed 74.2322s)
[ITER 480] bestGlobalCost=393833.25 (feasible=YES) bestThisIter=395464.26 feasibleAnts=10 noImprove=27 (elapsed 76.0985s)
[ITER 490] bestGlobalCost=393833.25 (feasible=YES) bestThisIter=394989.31 feasibleAnts=10 noImprove=37 (elapsed 78.007s)
[ITER 500] bestGlobalCost=393833.25 (feasible=YES) bestThisIter=395064.47 feasibleAnts=10 noImprove=47 (elapsed 79.5069s)
[RESET] no improvement for50-> reset pheromones
[ITER 510] bestGlobalCost=393833.25 (feasible=YES) bestThisIter=394673.68 feasibleAnts=22 noImprove=7 (elapsed 80.8723s)
[ITER 520] bestGlobalCost=393833.25 (feasible=YES) bestThisIter=395177.80 feasibleAnts=9 noImprove=17 (elapsed 82.3516s)
[ITER 530] bestGlobalCost=393833.25 (feasible=YES) bestThisIter=396882.22 feasibleAnts=10 noImprove=27 (elapsed 84.2559s)
[ITER 540] bestGlobalCost=393833.25 (feasible=YES) bestThisIter=397265.48 feasibleAnts=8 noImprove=37 (elapsed 86.215s)
[ITER 550] bestGlobalCost=393833.25 (feasible=YES) bestThisIter=395132.45 feasibleAnts=10 noImprove=47 (elapsed 87.6913s)
[RESET] no improvement for50-> reset pheromones
[ITER 560] bestGlobalCost=393833.25 (feasible=YES) bestThisIter=394745.31 feasibleAnts=17 noImprove=7 (elapsed 89.0957s)
[ITER 570] bestGlobalCost=393833.25 (feasible=YES) bestThisIter=394963.90 feasibleAnts=12 noImprove=17 (elapsed 90.4908s)
[ITER 580] bestGlobalCost=393833.25 (feasible=YES) bestThisIter=395264.08 feasibleAnts=8 noImprove=27 (elapsed 91.8745s)
[ITER 590] bestGlobalCost=393833.25 (feasible=YES) bestThisIter=395458.83 feasibleAnts=10 noImprove=37 (elapsed 93.3353s)
[ITER 600] bestGlobalCost=393833.25 (feasible=YES) bestThisIter=396337.17 feasibleAnts=8 noImprove=47 (elapsed 94.8563s)
[RESET] no improvement for50-> reset pheromones
[ITER 610] bestGlobalCost=393833.25 (feasible=YES) bestThisIter=396008.85 feasibleAnts=19 noImprove=7 (elapsed 96.2954s)
[ITER 620] bestGlobalCost=393833.25 (feasible=YES) bestThisIter=394365.63 feasibleAnts=11 noImprove=17 (elapsed 97.7056s)
[ITER 630] bestGlobalCost=393833.25 (feasible=YES) bestThisIter=396693.40 feasibleAnts=7 noImprove=27 (elapsed 99.1293s)
[ITER 640] bestGlobalCost=393833.25 (feasible=YES) bestThisIter=395299.27 feasibleAnts=10 noImprove=37 (elapsed 100.569s)
[ITER 650] bestGlobalCost=393833.25 (feasible=YES) bestThisIter=395714.64 feasibleAnts=9 noImprove=47 (elapsed 102.08s)
[RESET] no improvement for50-> reset pheromones
[ITER 660] bestGlobalCost=393833.25 (feasible=YES) bestThisIter=395615.20 feasibleAnts=20 noImprove=7 (elapsed 103.906s)
[ITER 670] bestGlobalCost=393833.25 (feasible=YES) bestThisIter=394256.79 feasibleAnts=20 noImprove=17 (elapsed 105.83s)
[ITER 680] bestGlobalCost=393833.25 (feasible=YES) bestThisIter=396610.58 feasibleAnts=10 noImprove=27 (elapsed 107.321s)
[ITER 690] bestGlobalCost=393833.25 (feasible=YES) bestThisIter=396501.62 feasibleAnts=9 noImprove=37 (elapsed 108.739s)
[ITER 700] bestGlobalCost=393833.25 (feasible=YES) bestThisIter=396599.49 feasibleAnts=9 noImprove=47 (elapsed 110.267s)
[RESET] no improvement for50-> reset pheromones
[ITER 710] bestGlobalCost=393833.25 (feasible=YES) bestThisIter=395599.77 feasibleAnts=20 noImprove=7 (elapsed 111.662s)
[ITER 720] bestGlobalCost=393833.25 (feasible=YES) bestThisIter=394973.59 feasibleAnts=12 noImprove=17 (elapsed 113.077s)
[ITER 730] bestGlobalCost=393833.25 (feasible=YES) bestThisIter=398168.66 feasibleAnts=10 noImprove=27 (elapsed 114.964s)
[ITER 740] bestGlobalCost=393833.25 (feasible=YES) bestThisIter=397714.11 feasibleAnts=10 noImprove=37 (elapsed 117.031s)
[ITER 750] bestGlobalCost=393833.25 (feasible=YES) bestThisIter=396835.19 feasibleAnts=8 noImprove=47 (elapsed 118.865s)
[RESET] no improvement for50-> reset pheromones
[ITER 760] bestGlobalCost=393833.25 (feasible=YES) bestThisIter=394486.32 feasibleAnts=16 noImprove=7 (elapsed 120.293s)
[ITER 770] bestGlobalCost=393833.25 (feasible=YES) bestThisIter=398145.46 feasibleAnts=14 noImprove=17 (elapsed 121.737s)
[ITER 780] bestGlobalCost=393833.25 (feasible=YES) bestThisIter=396410.61 feasibleAnts=10 noImprove=27 (elapsed 123.209s)
[ITER 790] bestGlobalCost=393833.25 (feasible=YES) bestThisIter=396046.41 feasibleAnts=11 noImprove=37 (elapsed 124.652s)
[ITER 800] bestGlobalCost=393833.25 (feasible=YES) bestThisIter=396322.74 feasibleAnts=8 noImprove=47 (elapsed 126.202s)
[RESET] no improvement for50-> reset pheromones
[ITER 810] bestGlobalCost=393833.25 (feasible=YES) bestThisIter=398221.18 feasibleAnts=22 noImprove=7 (elapsed 127.649s)
[ITER 820] bestGlobalCost=393833.25 (feasible=YES) bestThisIter=399008.95 feasibleAnts=15 noImprove=17 (elapsed 129.049s)
[ITER 830] bestGlobalCost=393833.25 (feasible=YES) bestThisIter=396005.60 feasibleAnts=9 noImprove=27 (elapsed 130.47s)
[ITER 840] bestGlobalCost=393833.25 (feasible=YES) bestThisIter=396539.81 feasibleAnts=10 noImprove=37 (elapsed 131.893s)
[ITER 850] bestGlobalCost=393833.25 (feasible=YES) bestThisIter=397268.20 feasibleAnts=6 noImprove=47 (elapsed 133.432s)
[RESET] no improvement for50-> reset pheromones
[ITER 860] bestGlobalCost=393833.25 (feasible=YES) bestThisIter=395670.36 feasibleAnts=23 noImprove=7 (elapsed 135.122s)
[ITER 870] bestGlobalCost=393833.25 (feasible=YES) bestThisIter=396666.54 feasibleAnts=14 noImprove=17 (elapsed 136.991s)
[ITER 880] bestGlobalCost=393833.25 (feasible=YES) bestThisIter=394780.22 feasibleAnts=8 noImprove=27 (elapsed 138.691s)
[ITER 890] bestGlobalCost=393833.25 (feasible=YES) bestThisIter=395248.52 feasibleAnts=10 noImprove=37 (elapsed 140.172s)
[ITER 900] bestGlobalCost=393833.25 (feasible=YES) bestThisIter=397195.94 feasibleAnts=8 noImprove=47 (elapsed 141.653s)
[RESET] no improvement for50-> reset pheromones
[ITER 910] bestGlobalCost=393833.25 (feasible=YES) bestThisIter=398851.55 feasibleAnts=18 noImprove=7 (elapsed 143.053s)
[ITER 920] bestGlobalCost=393833.25 (feasible=YES) bestThisIter=395199.32 feasibleAnts=14 noImprove=17 (elapsed 144.52s)
[ITER 930] bestGlobalCost=393833.25 (feasible=YES) bestThisIter=394816.85 feasibleAnts=10 noImprove=27 (elapsed 145.97s)
[ITER 940] bestGlobalCost=393833.25 (feasible=YES) bestThisIter=394082.55 feasibleAnts=9 noImprove=37 (elapsed 147.806s)
[ITER 950] bestGlobalCost=393833.25 (feasible=YES) bestThisIter=397060.02 feasibleAnts=8 noImprove=47 (elapsed 149.821s)
[RESET] no improvement for50-> reset pheromones
[ITER 960] bestGlobalCost=393833.25 (feasible=YES) bestThisIter=395685.97 feasibleAnts=19 noImprove=7 (elapsed 151.306s)
[ITER 970] bestGlobalCost=393833.25 (feasible=YES) bestThisIter=396335.60 feasibleAnts=15 noImprove=17 (elapsed 152.709s)
[ITER 980] bestGlobalCost=393833.25 (feasible=YES) bestThisIter=395326.53 feasibleAnts=8 noImprove=27 (elapsed 154.151s)
[ITER 990] bestGlobalCost=393833.25 (feasible=YES) bestThisIter=396809.25 feasibleAnts=10 noImprove=37 (elapsed 156.092s)
[ITER 1000] bestGlobalCost=393833.25 (feasible=YES) bestThisIter=394867.69 feasibleAnts=9 noImprove=47 (elapsed 158.09s)
28 29 30 31 32 33 34 35 36 37 38 39 40 41 42 43 44 45 46 47 48 49 50 51 52 53 54 55 56 57 58 59 60 61 62 63 64 65 67 68 69 71 86 117 118 120 121 122 123 124 125 126 127 154 155 
66 70 72 73 74 75 76 77 78 79 80 81 82 83 84 85 87 88 89 90 91 92 93 94 95 96 97 98 99 100 101 102 103 104 105 106 107 108 109 110 111 112 113 114 115 116 162 166 167 168 169 170 171 172 173 174 
1 3 5 6 7 8 9 10 11 12 13 14 15 16 17 18 19 20 21 22 23 24 25 26 27 128 129 130 131 132 133 134 135 136 137 257 259 260 261 262 263 264 265 266 267 268 269 270 271 272 273 274 275 276 279 
119 138 139 140 141 142 144 145 146 147 148 149 150 151 152 153 156 157 158 159 160 161 163 164 165 175 176 177 178 179 180 181 182 183 184 185 186 187 188 189 190 191 192 193 194 195 196 197 198 199 200 201 202 203 205 222 
2 4 143 204 206 207 208 209 210 211 212 213 214 215 216 217 218 219 220 221 223 224 225 226 227 228 229 230 231 232 233 234 235 236 237 238 239 240 241 242 243 244 245 246 247 248 249 250 251 252 253 254 255 256 258 277 278 280 
[SAVELOGS] evolution saved to results/logs/aco_logs/evolution/a280_05_2.txt
[SAVELOGS] best cost saved to results/logs/aco_logs/objectives/a280_05_2.txt
[SAVELOGS] best solution saved to results/logs/aco_logs/solutions/a280_05_2.txt
