[ITER 1] New best cost=152295.25 (feasible=YES, time 0.146249s)
[ITER 2] New best cost=148830.80 (feasible=YES, time 0.262274s)
[ITER 3] New best cost=141997.90 (feasible=YES, time 0.372823s)
[ITER 6] New best cost=139564.62 (feasible=YES, time 0.64395s)
[ITER 9] New best cost=138299.16 (feasible=YES, time 0.861351s)
[ITER 10] bestGlobalCost=138299.16 (feasible=YES) bestThisIter=138299.16 feasibleAnts=15 noImprove=1 (elapsed 0.941475s)
[ITER 15] New best cost=137635.64 (feasible=YES, time 1.79108s)
[ITER 20] bestGlobalCost=137635.64 (feasible=YES) bestThisIter=137635.64 feasibleAnts=11 noImprove=5 (elapsed 4.4447s)
[ITER 30] bestGlobalCost=137635.64 (feasible=YES) bestThisIter=142544.08 feasibleAnts=10 noImprove=15 (elapsed 8.18587s)
[ITER 31] New best cost=136709.49 (feasible=YES, time 8.28679s)
[ITER 35] New best cost=136066.26 (feasible=YES, time 8.57899s)
[ITER 36] New best cost=134943.75 (feasible=YES, time 8.6357s)
[ITER 40] bestGlobalCost=134943.75 (feasible=YES) bestThisIter=134943.75 feasibleAnts=10 noImprove=4 (elapsed 8.86516s)
[ITER 43] New best cost=134815.27 (feasible=YES, time 9.05316s)
[ITER 45] New best cost=134803.15 (feasible=YES, time 10.6228s)
[ITER 50] bestGlobalCost=134803.15 (feasible=YES) bestThisIter=134875.12 feasibleAnts=10 noImprove=5 (elapsed 12.1564s)
[ITER 60] bestGlobalCost=134803.15 (feasible=YES) bestThisIter=135514.38 feasibleAnts=10 noImprove=15 (elapsed 15.7733s)
[ITER 70] bestGlobalCost=134803.15 (feasible=YES) bestThisIter=139904.06 feasibleAnts=10 noImprove=25 (elapsed 16.7911s)
[RESET] no improvement for30-> reset pheromones
[ITER 80] bestGlobalCost=134803.15 (feasible=YES) bestThisIter=142658.42 feasibleAnts=10 noImprove=5 (elapsed 20.7357s)
[ITER 90] New best cost=134395.39 (feasible=YES, time 24.2725s)
[ITER 90] bestGlobalCost=134395.39 (feasible=YES) bestThisIter=145780.54 feasibleAnts=10 noImprove=0 (elapsed 24.7599s)
[ITER 93] New best cost=134306.10 (feasible=YES, time 24.9671s)
[ITER 100] bestGlobalCost=134306.10 (feasible=YES) bestThisIter=134306.10 feasibleAnts=10 noImprove=7 (elapsed 25.4015s)
[ITER 105] New best cost=133554.87 (feasible=YES, time 26.253s)
[ITER 110] bestGlobalCost=133554.87 (feasible=YES) bestThisIter=133554.87 feasibleAnts=11 noImprove=5 (elapsed 28.8497s)
[ITER 120] bestGlobalCost=133554.87 (feasible=YES) bestThisIter=137508.90 feasibleAnts=9 noImprove=15 (elapsed 32.4292s)
[ITER 130] bestGlobalCost=133554.87 (feasible=YES) bestThisIter=138772.58 feasibleAnts=10 noImprove=25 (elapsed 33.5168s)
[RESET] no improvement for30-> reset pheromones
[ITER 140] bestGlobalCost=133554.87 (feasible=YES) bestThisIter=148537.64 feasibleAnts=10 noImprove=5 (elapsed 37.7537s)
[ITER 150] bestGlobalCost=133554.87 (feasible=YES) bestThisIter=137184.15 feasibleAnts=10 noImprove=15 (elapsed 41.7402s)
[ITER 160] bestGlobalCost=133554.87 (feasible=YES) bestThisIter=144261.77 feasibleAnts=10 noImprove=25 (elapsed 42.828s)
[RESET] no improvement for30-> reset pheromones
[ITER 170] bestGlobalCost=133554.87 (feasible=YES) bestThisIter=156487.94 feasibleAnts=10 noImprove=5 (elapsed 47.0797s)
[ITER 180] bestGlobalCost=133554.87 (feasible=YES) bestThisIter=144486.54 feasibleAnts=10 noImprove=15 (elapsed 50.7411s)
[ITER 190] bestGlobalCost=133554.87 (feasible=YES) bestThisIter=139895.38 feasibleAnts=10 noImprove=25 (elapsed 52.0726s)
[RESET] no improvement for30-> reset pheromones
[ITER 200] bestGlobalCost=133554.87 (feasible=YES) bestThisIter=154937.69 feasibleAnts=10 noImprove=5 (elapsed 56.2483s)
[ITER 210] bestGlobalCost=133554.87 (feasible=YES) bestThisIter=139948.47 feasibleAnts=10 noImprove=15 (elapsed 60.0886s)
7 43 57 58 74 84 94 
1 32 90 93 95 98 
3 11 28 73 85 91 
10 21 30 49 68 69 86 
5 26 39 40 53 67 70 
9 25 27 34 35 46 61 71 
2 13 14 16 42 82 
4 50 60 66 77 89 
8 12 29 59 76 97 99 
18 19 24 41 44 92 96 
17 31 45 48 63 78 
20 37 38 56 72 75 80 
47 62 65 79 81 100 
6 15 33 51 64 83 87 
22 23 36 52 54 55 88 
[SAVELOGS] evolution saved to results/logs/kroB100_15_4/evolution/kroB100_15_4
[SAVELOGS] best cost saved to results/logs/kroB100_15_4/objectives/kroB100_15_4
[SAVELOGS] best solution saved to results/logs/kroB100_15_4/solutions/kroB100_15_4
