[ITER 1] New best cost=156198.70 (feasible=YES, time 0.155475s)
[ITER 2] New best cost=154759.45 (feasible=YES, time 0.297134s)
[ITER 5] New best cost=146564.85 (feasible=YES, time 0.679501s)
[ITER 6] New best cost=145013.37 (feasible=YES, time 0.801421s)
[ITER 7] New best cost=140915.53 (feasible=YES, time 0.902052s)
[ITER 10] bestGlobalCost=140915.53 (feasible=YES) bestThisIter=142222.54 feasibleAnts=10 noImprove=3 (elapsed 1.22972s)
[ITER 13] New best cost=136336.41 (feasible=YES, time 1.49074s)
[ITER 20] bestGlobalCost=136336.41 (feasible=YES) bestThisIter=136336.41 feasibleAnts=10 noImprove=7 (elapsed 4.43807s)
[ITER 22] New best cost=135303.20 (feasible=YES, time 4.58585s)
[ITER 27] New best cost=135213.90 (feasible=YES, time 4.92692s)
[ITER 30] New best cost=134694.11 (feasible=YES, time 6.96598s)
[ITER 30] bestGlobalCost=134694.11 (feasible=YES) bestThisIter=135213.90 feasibleAnts=14 noImprove=0 (elapsed 8.20523s)
[ITER 34] New best cost=134649.24 (feasible=YES, time 8.53628s)
[ITER 40] bestGlobalCost=134649.24 (feasible=YES) bestThisIter=134649.24 feasibleAnts=11 noImprove=6 (elapsed 9.03486s)
[ITER 50] bestGlobalCost=134649.24 (feasible=YES) bestThisIter=142715.04 feasibleAnts=10 noImprove=16 (elapsed 12.326s)
[ITER 60] bestGlobalCost=134649.24 (feasible=YES) bestThisIter=148721.48 feasibleAnts=10 noImprove=26 (elapsed 15.9408s)
[RESET] no improvement for30-> reset pheromones
[ITER 70] bestGlobalCost=134649.24 (feasible=YES) bestThisIter=145726.37 feasibleAnts=10 noImprove=6 (elapsed 17.1879s)
[ITER 80] bestGlobalCost=134649.24 (feasible=YES) bestThisIter=142052.38 feasibleAnts=10 noImprove=16 (elapsed 21.5309s)
[ITER 90] bestGlobalCost=134649.24 (feasible=YES) bestThisIter=140649.35 feasibleAnts=10 noImprove=26 (elapsed 24.999s)
[RESET] no improvement for30-> reset pheromones
[ITER 100] bestGlobalCost=134649.24 (feasible=YES) bestThisIter=150474.67 feasibleAnts=10 noImprove=6 (elapsed 26.4691s)
[ITER 110] bestGlobalCost=134649.24 (feasible=YES) bestThisIter=148767.24 feasibleAnts=10 noImprove=16 (elapsed 30.7864s)
[ITER 120] bestGlobalCost=134649.24 (feasible=YES) bestThisIter=147350.80 feasibleAnts=10 noImprove=26 (elapsed 34.6686s)
[RESET] no improvement for30-> reset pheromones
[ITER 130] bestGlobalCost=134649.24 (feasible=YES) bestThisIter=144945.59 feasibleAnts=10 noImprove=6 (elapsed 36.0517s)
[ITER 140] bestGlobalCost=134649.24 (feasible=YES) bestThisIter=141428.47 feasibleAnts=10 noImprove=16 (elapsed 39.9676s)
[ITER 150] bestGlobalCost=134649.24 (feasible=YES) bestThisIter=144080.16 feasibleAnts=10 noImprove=26 (elapsed 44.06s)
[RESET] no improvement for30-> reset pheromones
[ITER 160] bestGlobalCost=134649.24 (feasible=YES) bestThisIter=149966.77 feasibleAnts=10 noImprove=6 (elapsed 45.4809s)
[ITER 170] bestGlobalCost=134649.24 (feasible=YES) bestThisIter=135729.18 feasibleAnts=10 noImprove=16 (elapsed 49.0971s)
[ITER 180] bestGlobalCost=134649.24 (feasible=YES) bestThisIter=144141.94 feasibleAnts=10 noImprove=26 (elapsed 52.6553s)
[RESET] no improvement for30-> reset pheromones
[ITER 190] bestGlobalCost=134649.24 (feasible=YES) bestThisIter=152000.00 feasibleAnts=10 noImprove=6 (elapsed 53.9006s)
[ITER 200] bestGlobalCost=134649.24 (feasible=YES) bestThisIter=149704.28 feasibleAnts=10 noImprove=16 (elapsed 57.7135s)
[ITER 210] bestGlobalCost=134649.24 (feasible=YES) bestThisIter=148968.73 feasibleAnts=10 noImprove=26 (elapsed 61.9619s)
18 19 24 36 44 92 96 
1 32 90 93 95 98 
7 43 57 58 74 84 94 
47 56 65 69 79 81 100 
9 25 27 34 35 46 61 71 
10 49 62 68 75 86 
17 41 45 48 63 78 
5 26 39 40 53 67 70 
15 33 42 51 64 82 83 
3 11 28 73 85 91 
22 23 54 55 77 88 89 
8 12 29 59 76 97 99 
20 21 30 37 38 72 80 
4 6 50 52 66 87 
2 13 14 16 31 60 
[SAVELOGS] evolution saved to results/logs/kroB100_15_4/evolution/kroB100_15_4
[SAVELOGS] best cost saved to results/logs/kroB100_15_4/objectives/kroB100_15_4
[SAVELOGS] best solution saved to results/logs/kroB100_15_4/solutions/kroB100_15_4
