[ITER 1] New best cost=89189.13 (feasible=YES, time 4.13072s)
[ITER 3] New best cost=88407.44 (feasible=YES, time 10.0133s)
[ITER 4] New best cost=87821.10 (feasible=YES, time 13.2946s)
[ITER 6] New best cost=86816.85 (feasible=YES, time 19.1563s)
[ITER 9] New best cost=86736.26 (feasible=YES, time 29.4291s)
[ITER 10] [TS] New best cost=85801.20 (feasible=YES, time 33.8698s)
[ITER 10] bestGlobalCost=85801.20 (feasible=YES) bestThisIter=85801.20 feasibleAnts=10 noImprove=1 (elapsed 38.4943s)
[ITER 13] New best cost=85330.19 (feasible=YES, time 49.0829s)
[ITER 16] New best cost=84913.47 (feasible=YES, time 59.2467s)
[ITER 18] New best cost=84228.91 (feasible=YES, time 65.5888s)
[ITER 20] bestGlobalCost=84228.91 (feasible=YES) bestThisIter=84920.15 feasibleAnts=10 noImprove=2 (elapsed 77.5252s)
[ITER 22] New best cost=83999.48 (feasible=YES, time 82.4659s)
[ITER 23] New best cost=83871.23 (feasible=YES, time 85.8411s)
[ITER 26] New best cost=83434.93 (feasible=YES, time 95.8925s)
[ITER 28] New best cost=82758.70 (feasible=YES, time 102.593s)
[ITER 30] bestGlobalCost=82758.70 (feasible=YES) bestThisIter=85110.66 feasibleAnts=10 noImprove=2 (elapsed 114.797s)
[ITER 38] New best cost=82352.18 (feasible=YES, time 138.907s)
[ITER 40] bestGlobalCost=82352.18 (feasible=YES) bestThisIter=84045.27 feasibleAnts=10 noImprove=2 (elapsed 151.617s)
[ITER 50] [TS] New best cost=82247.73 (feasible=YES, time 182.522s)
[ITER 50] bestGlobalCost=82247.73 (feasible=YES) bestThisIter=82463.04 feasibleAnts=10 noImprove=1 (elapsed 187.183s)
[ITER 60] bestGlobalCost=82247.73 (feasible=YES) bestThisIter=83653.89 feasibleAnts=10 noImprove=11 (elapsed 223.615s)
[ITER 69] New best cost=82243.29 (feasible=YES, time 249.488s)
[ITER 70] bestGlobalCost=82243.29 (feasible=YES) bestThisIter=83862.85 feasibleAnts=10 noImprove=1 (elapsed 258.09s)
[ITER 80] bestGlobalCost=82243.29 (feasible=YES) bestThisIter=82398.41 feasibleAnts=10 noImprove=11 (elapsed 295.659s)
61 84 85 87 88 105 106 108 109 110 111 112 114 115 117 118 119 152 174 
35 43 44 57 58 59 62 63 64 65 66 67 68 69 70 72 86 113 116 
164 166 185 186 187 188 189 190 191 192 193 194 195 196 197 198 199 201 
30 31 33 41 120 121 122 123 124 125 129 138 150 153 154 155 156 270 
139 140 141 142 143 144 145 146 147 148 200 202 204 205 207 216 265 266 
4 5 6 7 8 9 10 11 12 258 260 261 272 273 274 275 276 277 
208 209 226 227 229 230 231 232 233 234 235 236 237 238 239 251 253 256 
203 206 210 211 212 213 214 215 217 218 219 220 221 222 223 224 225 228 252 
1 2 3 240 241 242 243 244 245 246 247 248 249 250 257 278 279 280 
81 91 92 96 99 100 101 102 104 107 165 167 168 169 170 171 172 173 
149 151 157 158 159 160 161 162 163 175 176 177 178 179 180 181 182 183 184 
16 18 19 20 21 22 23 24 25 26 27 28 29 32 126 127 128 130 131 132 133 
13 14 15 17 134 135 136 137 254 255 259 262 263 264 267 268 269 271 
34 36 37 38 39 40 42 45 46 47 48 49 50 51 52 53 54 55 56 60 71 
73 74 75 76 77 78 79 80 82 83 89 90 93 94 95 97 98 103 
[SAVELOGS] evolution saved to results/logs/aco_logs/evolution/a280_15_4.txt
[SAVELOGS] best cost saved to results/logs/aco_logs/objectives/a280_15_4.txt
[SAVELOGS] best solution saved to results/logs/aco_logs/solutions/a280_15_4.txt
