[ITER 1] New best cost=2741293.14 (feasible=YES, time 1.30709s)
[ITER 2] New best cost=2721554.96 (feasible=YES, time 2.35407s)
[ITER 4] New best cost=2717339.48 (feasible=YES, time 4.41057s)
[ITER 5] New best cost=2709843.41 (feasible=YES, time 5.26967s)
[ITER 6] New best cost=2698541.57 (feasible=YES, time 6.61295s)
[ITER 8] New best cost=2694625.24 (feasible=YES, time 9.41964s)
[ITER 9] New best cost=2694535.24 (feasible=YES, time 10.7597s)
[ITER 10] bestGlobalCost=2694535.24 (feasible=YES) bestThisIter=2702728.85 feasibleAnts=9 noImprove=1 (elapsed 18.2856s)
[ITER 11] New best cost=2690158.42 (feasible=YES, time 19.4054s)
[ITER 20] bestGlobalCost=2690158.42 (feasible=YES) bestThisIter=2692019.47 feasibleAnts=10 noImprove=9 (elapsed 36.8557s)
[ITER 22] New best cost=2687192.94 (feasible=YES, time 39.6727s)
[ITER 30] bestGlobalCost=2687192.94 (feasible=YES) bestThisIter=2711236.27 feasibleAnts=10 noImprove=8 (elapsed 54.1023s)
[ITER 40] bestGlobalCost=2687192.94 (feasible=YES) bestThisIter=2726116.15 feasibleAnts=10 noImprove=18 (elapsed 71.6224s)
[ITER 50] bestGlobalCost=2687192.94 (feasible=YES) bestThisIter=2720554.44 feasibleAnts=10 noImprove=28 (elapsed 89.9024s)
[ITER 60] bestGlobalCost=2687192.94 (feasible=YES) bestThisIter=2730295.37 feasibleAnts=10 noImprove=38 (elapsed 108.667s)
[ITER 70] bestGlobalCost=2687192.94 (feasible=YES) bestThisIter=2717397.03 feasibleAnts=10 noImprove=48 (elapsed 127.842s)
[RESET] no improvement for50-> reset pheromones
[ITER 80] bestGlobalCost=2687192.94 (feasible=YES) bestThisIter=2698541.57 feasibleAnts=9 noImprove=8 (elapsed 146.804s)
[ITER 90] bestGlobalCost=2687192.94 (feasible=YES) bestThisIter=2708007.99 feasibleAnts=10 noImprove=18 (elapsed 166.677s)
[ITER 100] bestGlobalCost=2687192.94 (feasible=YES) bestThisIter=2714119.00 feasibleAnts=10 noImprove=28 (elapsed 186.279s)
[ITER 110] bestGlobalCost=2687192.94 (feasible=YES) bestThisIter=2716956.37 feasibleAnts=10 noImprove=38 (elapsed 205.906s)
[ITER 120] bestGlobalCost=2687192.94 (feasible=YES) bestThisIter=2705283.01 feasibleAnts=10 noImprove=48 (elapsed 225.661s)
[ITER 121] New best cost=2686713.49 (feasible=YES, time 226.813s)
[ITER 130] bestGlobalCost=2686713.49 (feasible=YES) bestThisIter=2717584.93 feasibleAnts=10 noImprove=9 (elapsed 243.625s)
[ITER 140] bestGlobalCost=2686713.49 (feasible=YES) bestThisIter=2709457.56 feasibleAnts=10 noImprove=19 (elapsed 262.464s)
[ITER 150] bestGlobalCost=2686713.49 (feasible=YES) bestThisIter=2722008.04 feasibleAnts=10 noImprove=29 (elapsed 280.998s)
[ITER 160] bestGlobalCost=2686713.49 (feasible=YES) bestThisIter=2717090.08 feasibleAnts=10 noImprove=39 (elapsed 298.908s)
140 143 223 224 227 238 239 242 244 245 246 247 248 249 250 251 252 253 254 255 256 257 258 259 260 261 262 263 264 265 266 268 314 
65 66 87 88 94 95 100 169 172 173 176 177 178 181 182 183 184 185 187 188 189 190 191 194 196 197 198 201 202 206 207 
64 67 68 69 71 72 74 75 76 77 78 79 80 81 82 84 85 86 89 90 91 92 93 96 97 98 99 101 102 
109 118 119 144 211 212 213 214 215 216 217 218 219 220 221 222 225 226 228 229 230 231 232 233 234 235 236 237 240 241 243 313 
4 5 34 35 106 107 108 111 112 113 114 115 116 117 120 121 122 123 124 125 126 127 128 129 130 131 132 134 135 136 137 138 208 
165 166 170 171 175 179 180 186 192 193 195 199 200 203 204 205 277 278 281 288 292 293 294 295 296 301 302 306 307 311 312 
14 32 39 40 41 42 43 44 45 46 47 48 49 50 51 52 53 54 55 56 57 58 59 62 63 70 73 83 104 105 316 317 
38 60 61 110 133 139 141 142 145 146 147 148 149 150 151 152 153 154 155 156 157 158 159 160 161 162 163 164 167 168 174 209 210 
1 2 3 6 7 8 9 10 11 12 13 15 16 17 18 19 20 21 22 23 24 25 26 27 28 29 30 31 33 36 37 103 
267 269 270 271 272 273 274 275 276 279 280 282 283 284 285 286 287 289 290 291 297 298 299 300 303 304 305 308 309 310 315 318 
[SAVELOGS] evolution saved to results/logs/aco_logs/evolution/lin318_10_3.txt
[SAVELOGS] best cost saved to results/logs/aco_logs/objectives/lin318_10_3.txt
[SAVELOGS] best solution saved to results/logs/aco_logs/solutions/lin318_10_3.txt
