[ITER 1] New best cost=186786.42 (feasible=YES, time 1.20155s)
[ITER 2] New best cost=183775.42 (feasible=YES, time 2.40027s)
[ITER 3] New best cost=182804.14 (feasible=YES, time 3.59349s)
[ITER 4] New best cost=182641.95 (feasible=YES, time 4.50901s)
[ITER 5] New best cost=182261.39 (feasible=YES, time 5.37209s)
[ITER 10] bestGlobalCost=182261.39 (feasible=YES) bestThisIter=182283.33 feasibleAnts=12 noImprove=5 (elapsed 8.78691s)
[ITER 19] New best cost=182218.51 (feasible=YES, time 15.7588s)
[ITER 20] bestGlobalCost=182218.51 (feasible=YES) bestThisIter=182661.12 feasibleAnts=10 noImprove=1 (elapsed 16.5383s)
[ITER 24] New best cost=182074.37 (feasible=YES, time 20.0116s)
[ITER 28] New best cost=182018.53 (feasible=YES, time 23.3764s)
[ITER 30] New best cost=182005.78 (feasible=YES, time 24.3486s)
[ITER 30] bestGlobalCost=182005.78 (feasible=YES) bestThisIter=182280.98 feasibleAnts=10 noImprove=0 (elapsed 24.3515s)
[ITER 40] bestGlobalCost=182005.78 (feasible=YES) bestThisIter=182951.49 feasibleAnts=11 noImprove=10 (elapsed 29.6749s)
[ITER 41] New best cost=181992.95 (feasible=YES, time 30.2955s)
[ITER 44] New best cost=181904.50 (feasible=YES, time 32.0782s)
[ITER 50] bestGlobalCost=181904.50 (feasible=YES) bestThisIter=182539.18 feasibleAnts=10 noImprove=6 (elapsed 35.6546s)
[ITER 53] New best cost=181697.86 (feasible=YES, time 38.168s)
[ITER 57] New best cost=181673.45 (feasible=YES, time 41.3794s)
[ITER 60] bestGlobalCost=181673.45 (feasible=YES) bestThisIter=181697.86 feasibleAnts=10 noImprove=3 (elapsed 42.7261s)
[ITER 70] bestGlobalCost=181673.45 (feasible=YES) bestThisIter=182853.58 feasibleAnts=10 noImprove=13 (elapsed 49.6521s)
[ITER 80] bestGlobalCost=181673.45 (feasible=YES) bestThisIter=182872.97 feasibleAnts=10 noImprove=23 (elapsed 57.7096s)
[ITER 90] bestGlobalCost=181673.45 (feasible=YES) bestThisIter=183552.52 feasibleAnts=10 noImprove=33 (elapsed 66.896s)
[ITER 100] bestGlobalCost=181673.45 (feasible=YES) bestThisIter=182747.54 feasibleAnts=10 noImprove=43 (elapsed 76.8897s)
[RESET] no improvement for50-> reset pheromones
[ITER 110] bestGlobalCost=181673.45 (feasible=YES) bestThisIter=181855.68 feasibleAnts=11 noImprove=3 (elapsed 87.4769s)
[ITER 112] New best cost=181649.06 (feasible=YES, time 88.5211s)
[ITER 120] bestGlobalCost=181649.06 (feasible=YES) bestThisIter=181754.93 feasibleAnts=10 noImprove=8 (elapsed 93.6726s)
[ITER 130] bestGlobalCost=181649.06 (feasible=YES) bestThisIter=183208.63 feasibleAnts=10 noImprove=18 (elapsed 101.666s)
[ITER 140] bestGlobalCost=181649.06 (feasible=YES) bestThisIter=183953.62 feasibleAnts=10 noImprove=28 (elapsed 110.926s)
[ITER 150] bestGlobalCost=181649.06 (feasible=YES) bestThisIter=183936.25 feasibleAnts=10 noImprove=38 (elapsed 121.681s)
[ITER 160] bestGlobalCost=181649.06 (feasible=YES) bestThisIter=184394.92 feasibleAnts=10 noImprove=48 (elapsed 132.055s)
[RESET] no improvement for50-> reset pheromones
[ITER 170] bestGlobalCost=181649.06 (feasible=YES) bestThisIter=182147.83 feasibleAnts=12 noImprove=8 (elapsed 140.261s)
[ITER 180] bestGlobalCost=181649.06 (feasible=YES) bestThisIter=183282.16 feasibleAnts=10 noImprove=18 (elapsed 148.381s)
[ITER 190] bestGlobalCost=181649.06 (feasible=YES) bestThisIter=183247.43 feasibleAnts=10 noImprove=28 (elapsed 157.577s)
[ITER 200] bestGlobalCost=181649.06 (feasible=YES) bestThisIter=183774.42 feasibleAnts=10 noImprove=38 (elapsed 168.396s)
[ITER 210] bestGlobalCost=181649.06 (feasible=YES) bestThisIter=183582.41 feasibleAnts=10 noImprove=48 (elapsed 179.067s)
[RESET] no improvement for50-> reset pheromones
[ITER 220] bestGlobalCost=181649.06 (feasible=YES) bestThisIter=182536.26 feasibleAnts=10 noImprove=8 (elapsed 187.126s)
[ITER 230] bestGlobalCost=181649.06 (feasible=YES) bestThisIter=182789.52 feasibleAnts=10 noImprove=18 (elapsed 194.661s)
[ITER 240] bestGlobalCost=181649.06 (feasible=YES) bestThisIter=183502.28 feasibleAnts=10 noImprove=28 (elapsed 204.074s)
[ITER 250] bestGlobalCost=181649.06 (feasible=YES) bestThisIter=184005.99 feasibleAnts=10 noImprove=38 (elapsed 214.553s)
[ITER 260] bestGlobalCost=181649.06 (feasible=YES) bestThisIter=185083.55 feasibleAnts=10 noImprove=48 (elapsed 224.373s)
[RESET] no improvement for50-> reset pheromones
[ITER 270] bestGlobalCost=181649.06 (feasible=YES) bestThisIter=182907.30 feasibleAnts=10 noImprove=8 (elapsed 231.956s)
[ITER 280] bestGlobalCost=181649.06 (feasible=YES) bestThisIter=182442.67 feasibleAnts=10 noImprove=18 (elapsed 239.324s)
[ITER 290] bestGlobalCost=181649.06 (feasible=YES) bestThisIter=183412.17 feasibleAnts=10 noImprove=28 (elapsed 249.431s)
[ITER 300] bestGlobalCost=181649.06 (feasible=YES) bestThisIter=185029.36 feasibleAnts=10 noImprove=38 (elapsed 260.069s)
[ITER 310] bestGlobalCost=181649.06 (feasible=YES) bestThisIter=184060.14 feasibleAnts=10 noImprove=48 (elapsed 269.753s)
[RESET] no improvement for50-> reset pheromones
[ITER 320] bestGlobalCost=181649.06 (feasible=YES) bestThisIter=182252.42 feasibleAnts=10 noImprove=8 (elapsed 277.265s)
[ITER 325] New best cost=181635.38 (feasible=YES, time 281.488s)
[ITER 330] bestGlobalCost=181635.38 (feasible=YES) bestThisIter=181821.66 feasibleAnts=15 noImprove=5 (elapsed 285.698s)
[ITER 340] bestGlobalCost=181635.38 (feasible=YES) bestThisIter=182522.13 feasibleAnts=10 noImprove=15 (elapsed 293.214s)
1 2 3 4 5 6 7 8 9 10 12 13 16 17 18 19 20 21 23 28 51 52 53 54 55 57 58 60 61 62 63 64 66 67 81 217 218 224 225 226 227 228 229 
38 95 96 98 99 100 101 105 106 107 108 111 112 113 114 115 116 117 118 119 120 121 123 124 125 126 127 128 130 131 132 136 138 139 140 142 143 147 151 153 155 156 160 166 169 171 
94 109 122 129 133 135 137 141 144 145 146 148 149 150 152 154 157 158 159 161 162 163 200 201 202 203 204 205 206 207 208 209 210 211 212 213 214 215 216 219 220 221 222 223 
29 32 39 40 41 42 43 44 45 46 47 48 49 50 134 164 165 167 168 170 172 173 174 175 176 177 178 179 180 181 182 183 184 185 186 187 188 189 190 191 192 193 194 195 196 197 198 199 
11 14 15 22 24 25 26 27 30 31 33 34 35 36 37 56 59 65 68 69 70 71 72 73 74 75 76 77 78 79 80 82 83 84 85 86 87 88 89 90 91 92 93 97 102 103 104 110 
[SAVELOGS] evolution saved to results/logs/aco_logs/evolution/gr229_05_5.txt
[SAVELOGS] best cost saved to results/logs/aco_logs/objectives/gr229_05_5.txt
[SAVELOGS] best solution saved to results/logs/aco_logs/solutions/gr229_05_5.txt
