[ITER 1] New best cost=94370.80 (feasible=YES, time 0.0933901s)
[ITER 6] New best cost=94225.74 (feasible=YES, time 0.438301s)
[ITER 7] New best cost=92962.15 (feasible=YES, time 0.504994s)
[ITER 10] bestGlobalCost=92962.15 (feasible=YES) bestThisIter=92962.15 feasibleAnts=10 noImprove=3 (elapsed 0.765168s)
[ITER 15] New best cost=92645.93 (feasible=YES, time 2.43807s)
[ITER 20] bestGlobalCost=92645.93 (feasible=YES) bestThisIter=92645.93 feasibleAnts=11 noImprove=5 (elapsed 4.85178s)
[ITER 30] bestGlobalCost=92645.93 (feasible=YES) bestThisIter=92645.93 feasibleAnts=10 noImprove=15 (elapsed 8.66264s)
[ITER 40] bestGlobalCost=92645.93 (feasible=YES) bestThisIter=93271.59 feasibleAnts=10 noImprove=25 (elapsed 9.17632s)
[RESET] no improvement for30-> reset pheromones
[ITER 50] bestGlobalCost=92645.93 (feasible=YES) bestThisIter=94480.08 feasibleAnts=10 noImprove=5 (elapsed 12.8667s)
[ITER 60] bestGlobalCost=92645.93 (feasible=YES) bestThisIter=92962.09 feasibleAnts=10 noImprove=15 (elapsed 17.0417s)
[ITER 70] bestGlobalCost=92645.93 (feasible=YES) bestThisIter=92645.93 feasibleAnts=10 noImprove=25 (elapsed 17.6296s)
[RESET] no improvement for30-> reset pheromones
[ITER 80] bestGlobalCost=92645.93 (feasible=YES) bestThisIter=93615.00 feasibleAnts=10 noImprove=5 (elapsed 21.4431s)
[ITER 90] bestGlobalCost=92645.93 (feasible=YES) bestThisIter=93381.17 feasibleAnts=10 noImprove=15 (elapsed 25.0784s)
[ITER 100] bestGlobalCost=92645.93 (feasible=YES) bestThisIter=92645.93 feasibleAnts=10 noImprove=25 (elapsed 25.6947s)
[RESET] no improvement for30-> reset pheromones
[ITER 110] bestGlobalCost=92645.93 (feasible=YES) bestThisIter=93959.79 feasibleAnts=10 noImprove=5 (elapsed 29.7131s)
[ITER 120] bestGlobalCost=92645.93 (feasible=YES) bestThisIter=94452.05 feasibleAnts=10 noImprove=15 (elapsed 33.7982s)
[ITER 130] bestGlobalCost=92645.93 (feasible=YES) bestThisIter=92645.93 feasibleAnts=10 noImprove=25 (elapsed 34.3743s)
[RESET] no improvement for30-> reset pheromones
[ITER 140] bestGlobalCost=92645.93 (feasible=YES) bestThisIter=94303.08 feasibleAnts=10 noImprove=5 (elapsed 38.2443s)
[ITER 150] bestGlobalCost=92645.93 (feasible=YES) bestThisIter=92645.93 feasibleAnts=10 noImprove=15 (elapsed 41.9269s)
[ITER 160] bestGlobalCost=92645.93 (feasible=YES) bestThisIter=92962.09 feasibleAnts=10 noImprove=25 (elapsed 42.5904s)
[RESET] no improvement for30-> reset pheromones
[ITER 170] bestGlobalCost=92645.93 (feasible=YES) bestThisIter=95315.32 feasibleAnts=10 noImprove=5 (elapsed 46.7071s)
[ITER 180] bestGlobalCost=92645.93 (feasible=YES) bestThisIter=94202.73 feasibleAnts=10 noImprove=15 (elapsed 50.7674s)
[ITER 190] bestGlobalCost=92645.93 (feasible=YES) bestThisIter=92645.93 feasibleAnts=10 noImprove=25 (elapsed 51.3388s)
[RESET] no improvement for30-> reset pheromones
[ITER 200] bestGlobalCost=92645.93 (feasible=YES) bestThisIter=95901.16 feasibleAnts=10 noImprove=5 (elapsed 55.4961s)
[ITER 210] bestGlobalCost=92645.93 (feasible=YES) bestThisIter=92962.09 feasibleAnts=10 noImprove=15 (elapsed 59.7527s)
32 36 77 81 84 94 101 103 111 113 119 123 
15 17 19 24 27 29 31 34 54 79 89 95 100 116 
2 18 20 21 33 35 44 46 80 93 108 114 118 130 
4 6 42 49 51 53 55 58 60 72 91 102 106 120 
9 12 38 52 56 57 65 73 74 75 82 87 92 99 
7 25 43 48 63 68 97 98 104 107 110 127 
5 11 26 61 64 69 70 86 88 109 124 129 
1 16 28 39 41 45 50 62 71 76 105 112 117 128 
10 13 14 22 23 37 40 47 67 96 122 
3 8 30 59 66 78 83 85 90 115 121 125 126 
[SAVELOGS] evolution saved to results/logs/ch130_10_2/evolution/ch130_10_2
[SAVELOGS] best cost saved to results/logs/ch130_10_2/objectives/ch130_10_2
[SAVELOGS] best solution saved to results/logs/ch130_10_2/solutions/ch130_10_2
