[ITER 1] New best cost=80460.12 (feasible=YES, time 0.281267s)
[ITER 3] New best cost=79028.69 (feasible=YES, time 0.680413s)
[ITER 10] bestGlobalCost=79028.69 (feasible=YES) bestThisIter=81093.53 feasibleAnts=10 noImprove=7 (elapsed 2.25205s)
[ITER 13] New best cost=77712.35 (feasible=YES, time 2.96117s)
[ITER 14] New best cost=75712.89 (feasible=YES, time 3.05902s)
[ITER 15] New best cost=73177.49 (feasible=YES, time 3.90125s)
[ITER 15] New best cost=72787.11 (feasible=YES, time 4.66153s)
[ITER 15] New best cost=72514.80 (feasible=YES, time 6.19046s)
[ITER 20] bestGlobalCost=72514.80 (feasible=YES) bestThisIter=72514.80 feasibleAnts=10 noImprove=5 (elapsed 7.64766s)
[ITER 22] New best cost=72050.29 (feasible=YES, time 8.03309s)
[ITER 24] New best cost=70105.60 (feasible=YES, time 8.28245s)
[ITER 30] New best cost=69458.04 (feasible=YES, time 11.0694s)
[ITER 30] bestGlobalCost=69458.04 (feasible=YES) bestThisIter=77272.99 feasibleAnts=7 noImprove=0 (elapsed 12.9584s)
[ITER 40] bestGlobalCost=69458.04 (feasible=YES) bestThisIter=76781.42 feasibleAnts=10 noImprove=10 (elapsed 14.4485s)
[ITER 45] New best cost=69399.12 (feasible=YES, time 16.2448s)
[ITER 45] New best cost=68985.19 (feasible=YES, time 17.7521s)
[ITER 50] bestGlobalCost=68985.19 (feasible=YES) bestThisIter=68985.19 feasibleAnts=10 noImprove=5 (elapsed 19.976s)
[ITER 60] bestGlobalCost=68985.19 (feasible=YES) bestThisIter=77191.07 feasibleAnts=10 noImprove=15 (elapsed 26.1103s)
[ITER 70] bestGlobalCost=68985.19 (feasible=YES) bestThisIter=75461.82 feasibleAnts=10 noImprove=25 (elapsed 28.7143s)
[RESET] no improvement for30-> reset pheromones
[ITER 80] bestGlobalCost=68985.19 (feasible=YES) bestThisIter=87222.71 feasibleAnts=10 noImprove=5 (elapsed 35.3227s)
[ITER 90] bestGlobalCost=68985.19 (feasible=YES) bestThisIter=76456.77 feasibleAnts=10 noImprove=15 (elapsed 42.2265s)
[ITER 100] bestGlobalCost=68985.19 (feasible=YES) bestThisIter=83926.76 feasibleAnts=10 noImprove=25 (elapsed 44.813s)
[RESET] no improvement for30-> reset pheromones
[ITER 110] bestGlobalCost=68985.19 (feasible=YES) bestThisIter=82793.65 feasibleAnts=10 noImprove=5 (elapsed 51.2998s)
[ITER 120] bestGlobalCost=68985.19 (feasible=YES) bestThisIter=82313.53 feasibleAnts=10 noImprove=15 (elapsed 58.227s)
35 38 39 41 42 
60 61 63 65 66 
64 67 68 71 79 85 
83 84 93 96 98 
44 45 46 47 48 
69 70 74 77 81 
87 88 94 95 100 
18 19 24 25 26 27 
72 73 75 76 80 
5 9 36 37 104 
86 89 90 97 99 102 
49 50 51 55 59 
23 30 31 32 33 
43 53 54 58 62 
1 2 3 8 10 
40 52 56 57 105 
4 13 14 16 17 34 
20 21 22 28 29 103 
78 82 91 92 101 
6 7 11 12 15 
[SAVELOGS] evolution saved to results/logs/lin105_20_5/evolution/lin105_20_5
[SAVELOGS] best cost saved to results/logs/lin105_20_5/objectives/lin105_20_5
[SAVELOGS] best solution saved to results/logs/lin105_20_5/solutions/lin105_20_5
