[ITER 1] New best cost=1781991.00 (feasible=YES, time 0.221464s)
[ITER 2] New best cost=1745214.26 (feasible=YES, time 0.364894s)
[ITER 4] New best cost=1739366.37 (feasible=YES, time 0.600463s)
[ITER 7] New best cost=1736998.80 (feasible=YES, time 0.931321s)
[ITER 8] New best cost=1733352.92 (feasible=YES, time 1.01642s)
[ITER 9] New best cost=1722920.83 (feasible=YES, time 1.09648s)
[ITER 10] New best cost=1720520.31 (feasible=YES, time 1.18775s)
[ITER 10] bestGlobalCost=1720520.31 (feasible=YES) bestThisIter=1720520.31 feasibleAnts=10 noImprove=0 (elapsed 1.19218s)
[ITER 11] New best cost=1719861.51 (feasible=YES, time 1.25954s)
[ITER 12] New best cost=1717979.79 (feasible=YES, time 1.36585s)
[ITER 14] New best cost=1715568.25 (feasible=YES, time 1.52225s)
[ITER 15] New best cost=1714469.11 (feasible=YES, time 2.51906s)
[ITER 15] New best cost=1710768.39 (feasible=YES, time 3.44606s)
[ITER 15] New best cost=1694510.68 (feasible=YES, time 4.367s)
[ITER 18] New best cost=1694314.57 (feasible=YES, time 6.66975s)
[ITER 20] bestGlobalCost=1694314.57 (feasible=YES) bestThisIter=1694314.57 feasibleAnts=10 noImprove=2 (elapsed 6.81684s)
[ITER 21] New best cost=1692502.45 (feasible=YES, time 6.91226s)
[ITER 30] bestGlobalCost=1692502.45 (feasible=YES) bestThisIter=1708308.49 feasibleAnts=10 noImprove=9 (elapsed 12.4076s)
[ITER 40] bestGlobalCost=1692502.45 (feasible=YES) bestThisIter=1703908.49 feasibleAnts=10 noImprove=19 (elapsed 13.3841s)
[ITER 50] bestGlobalCost=1692502.45 (feasible=YES) bestThisIter=1708543.50 feasibleAnts=10 noImprove=29 (elapsed 19.5029s)
[RESET] no improvement for30-> reset pheromones
[ITER 60] bestGlobalCost=1692502.45 (feasible=YES) bestThisIter=1713047.02 feasibleAnts=10 noImprove=9 (elapsed 26.0948s)
[ITER 70] bestGlobalCost=1692502.45 (feasible=YES) bestThisIter=1700343.04 feasibleAnts=10 noImprove=19 (elapsed 27.3117s)
[ITER 80] bestGlobalCost=1692502.45 (feasible=YES) bestThisIter=1704112.10 feasibleAnts=10 noImprove=29 (elapsed 33.6204s)
[RESET] no improvement for30-> reset pheromones
[ITER 90] bestGlobalCost=1692502.45 (feasible=YES) bestThisIter=1729937.93 feasibleAnts=10 noImprove=9 (elapsed 40.0183s)
[ITER 100] bestGlobalCost=1692502.45 (feasible=YES) bestThisIter=1703618.22 feasibleAnts=9 noImprove=19 (elapsed 41.2436s)
[ITER 110] bestGlobalCost=1692502.45 (feasible=YES) bestThisIter=1702670.14 feasibleAnts=10 noImprove=29 (elapsed 47.1672s)
[RESET] no improvement for30-> reset pheromones
[ITER 120] New best cost=1687457.05 (feasible=YES, time 51.4505s)
[ITER 120] bestGlobalCost=1687457.05 (feasible=YES) bestThisIter=1745210.96 feasibleAnts=10 noImprove=0 (elapsed 53.3318s)
[ITER 122] New best cost=1686769.50 (feasible=YES, time 53.525s)
[ITER 130] bestGlobalCost=1686769.50 (feasible=YES) bestThisIter=1686769.50 feasibleAnts=10 noImprove=8 (elapsed 54.2985s)
[ITER 140] bestGlobalCost=1686769.50 (feasible=YES) bestThisIter=1705969.41 feasibleAnts=10 noImprove=18 (elapsed 60.0578s)
6 8 9 15 19 20 21 22 23 24 67 105 106 108 
58 61 62 64 65 66 91 92 99 113 116 125 
46 47 48 49 53 55 94 107 111 112 118 121 124 
34 40 42 44 45 54 56 57 93 95 103 127 
59 60 70 71 85 86 87 88 89 90 104 109 110 
4 17 18 68 72 73 74 75 76 77 79 80 117 
25 26 28 29 32 33 38 39 97 98 122 123 
2 3 5 7 10 11 13 51 52 100 114 115 120 
1 12 14 16 27 30 31 35 36 37 41 43 50 
63 69 78 81 82 83 84 96 101 102 119 126 
[SAVELOGS] evolution saved to results/logs/bier127_10_4/evolution/bier127_10_4
[SAVELOGS] best cost saved to results/logs/bier127_10_4/objectives/bier127_10_4
[SAVELOGS] best solution saved to results/logs/bier127_10_4/solutions/bier127_10_4
