[ITER 1] New best cost=1758637.27 (feasible=YES, time 0.128883s)
[ITER 2] New best cost=1723536.86 (feasible=YES, time 0.24983s)
[ITER 10] New best cost=1709821.70 (feasible=YES, time 1.20257s)
[ITER 10] bestGlobalCost=1709821.70 (feasible=YES) bestThisIter=1709821.70 feasibleAnts=10 noImprove=0 (elapsed 1.20675s)
[ITER 12] New best cost=1709300.07 (feasible=YES, time 1.36656s)
[ITER 15] New best cost=1697159.65 (feasible=YES, time 2.4579s)
[ITER 20] New best cost=1688951.16 (feasible=YES, time 6.97498s)
[ITER 20] bestGlobalCost=1688951.16 (feasible=YES) bestThisIter=1688951.16 feasibleAnts=10 noImprove=0 (elapsed 6.97908s)
[ITER 24] New best cost=1682121.06 (feasible=YES, time 7.26886s)
[ITER 30] bestGlobalCost=1682121.06 (feasible=YES) bestThisIter=1682121.06 feasibleAnts=11 noImprove=6 (elapsed 12.3831s)
[ITER 38] New best cost=1681161.95 (feasible=YES, time 13.1738s)
[ITER 40] bestGlobalCost=1681161.95 (feasible=YES) bestThisIter=1682121.06 feasibleAnts=15 noImprove=2 (elapsed 13.2819s)
[ITER 50] bestGlobalCost=1681161.95 (feasible=YES) bestThisIter=1684028.95 feasibleAnts=10 noImprove=12 (elapsed 18.6876s)
[ITER 60] bestGlobalCost=1681161.95 (feasible=YES) bestThisIter=1685162.03 feasibleAnts=9 noImprove=22 (elapsed 25.1705s)
[RESET] no improvement for30-> reset pheromones
[ITER 70] bestGlobalCost=1681161.95 (feasible=YES) bestThisIter=1721118.29 feasibleAnts=10 noImprove=2 (elapsed 26.5741s)
[ITER 80] bestGlobalCost=1681161.95 (feasible=YES) bestThisIter=1714400.65 feasibleAnts=10 noImprove=12 (elapsed 32.9672s)
[ITER 90] bestGlobalCost=1681161.95 (feasible=YES) bestThisIter=1700131.17 feasibleAnts=10 noImprove=22 (elapsed 39.4079s)
[RESET] no improvement for30-> reset pheromones
[ITER 100] bestGlobalCost=1681161.95 (feasible=YES) bestThisIter=1721517.03 feasibleAnts=10 noImprove=2 (elapsed 40.7317s)
[ITER 110] bestGlobalCost=1681161.95 (feasible=YES) bestThisIter=1704852.71 feasibleAnts=10 noImprove=12 (elapsed 47.4107s)
[ITER 120] bestGlobalCost=1681161.95 (feasible=YES) bestThisIter=1729013.90 feasibleAnts=10 noImprove=22 (elapsed 53.3736s)
[RESET] no improvement for30-> reset pheromones
[ITER 130] bestGlobalCost=1681161.95 (feasible=YES) bestThisIter=1699818.84 feasibleAnts=10 noImprove=2 (elapsed 54.9913s)
14 30 31 34 36 39 40 41 42 43 44 103 
3 10 11 58 60 61 64 90 100 115 116 120 
45 46 47 48 49 53 55 93 94 107 111 112 118 124 
26 74 76 78 79 81 82 83 101 102 117 126 
59 62 65 66 70 89 91 92 99 104 113 125 
4 8 9 17 18 19 21 22 23 67 72 73 77 80 
1 6 7 12 15 16 20 24 27 105 106 108 114 
25 28 29 32 33 38 95 97 98 122 123 127 
63 68 69 71 75 84 85 86 87 88 96 109 110 119 
2 5 13 35 37 50 51 52 54 56 57 121 
[SAVELOGS] evolution saved to results/logs/bier127_10_4/evolution/bier127_10_4
[SAVELOGS] best cost saved to results/logs/bier127_10_4/objectives/bier127_10_4
[SAVELOGS] best solution saved to results/logs/bier127_10_4/solutions/bier127_10_4
