[ITER 1] New best cost=5053661.44 (feasible=YES, time 0.0548961s)
[ITER 2] New best cost=4897319.45 (feasible=YES, time 0.100107s)
[ITER 3] New best cost=4894137.01 (feasible=YES, time 0.160798s)
[ITER 4] New best cost=4875947.36 (feasible=YES, time 0.198336s)
[ITER 5] New best cost=4875947.36 (feasible=YES, time 0.249799s)
[ITER 6] New best cost=4744090.45 (feasible=YES, time 0.313331s)
[ITER 10] bestGlobalCost=4744090.45 (feasible=YES) bestThisIter=4744090.45 feasibleAnts=10 noImprove=4 (elapsed 0.547582s)
[ITER 20] bestGlobalCost=4744090.45 (feasible=YES) bestThisIter=4744090.45 feasibleAnts=12 noImprove=14 (elapsed 4.64586s)
[ITER 30] bestGlobalCost=4744090.45 (feasible=YES) bestThisIter=4777508.55 feasibleAnts=10 noImprove=24 (elapsed 8.87674s)
[RESET] no improvement for30-> reset pheromones
[ITER 40] bestGlobalCost=4744090.45 (feasible=YES) bestThisIter=4862192.03 feasibleAnts=10 noImprove=4 (elapsed 9.4268s)
[ITER 50] bestGlobalCost=4744090.45 (feasible=YES) bestThisIter=4744090.45 feasibleAnts=10 noImprove=14 (elapsed 13.6062s)
[ITER 60] bestGlobalCost=4744090.45 (feasible=YES) bestThisIter=4744090.45 feasibleAnts=10 noImprove=24 (elapsed 17.7294s)
[RESET] no improvement for30-> reset pheromones
[ITER 70] bestGlobalCost=4744090.45 (feasible=YES) bestThisIter=4885986.23 feasibleAnts=10 noImprove=4 (elapsed 18.2948s)
[ITER 80] bestGlobalCost=4744090.45 (feasible=YES) bestThisIter=4744090.45 feasibleAnts=10 noImprove=14 (elapsed 22.4863s)
[ITER 90] bestGlobalCost=4744090.45 (feasible=YES) bestThisIter=4744090.45 feasibleAnts=10 noImprove=24 (elapsed 26.6444s)
[RESET] no improvement for30-> reset pheromones
[ITER 100] bestGlobalCost=4744090.45 (feasible=YES) bestThisIter=4888139.30 feasibleAnts=10 noImprove=4 (elapsed 27.2532s)
[ITER 110] bestGlobalCost=4744090.45 (feasible=YES) bestThisIter=4744090.45 feasibleAnts=10 noImprove=14 (elapsed 31.547s)
[ITER 120] bestGlobalCost=4744090.45 (feasible=YES) bestThisIter=4744090.45 feasibleAnts=10 noImprove=24 (elapsed 35.6566s)
[RESET] no improvement for30-> reset pheromones
[ITER 130] bestGlobalCost=4744090.45 (feasible=YES) bestThisIter=4870666.01 feasibleAnts=10 noImprove=4 (elapsed 36.2095s)
[ITER 140] bestGlobalCost=4744090.45 (feasible=YES) bestThisIter=4744090.45 feasibleAnts=10 noImprove=14 (elapsed 40.3768s)
[ITER 150] bestGlobalCost=4744090.45 (feasible=YES) bestThisIter=4776381.36 feasibleAnts=10 noImprove=24 (elapsed 44.5131s)
[RESET] no improvement for30-> reset pheromones
[ITER 160] bestGlobalCost=4744090.45 (feasible=YES) bestThisIter=4826173.20 feasibleAnts=10 noImprove=4 (elapsed 45.1202s)
[ITER 170] bestGlobalCost=4744090.45 (feasible=YES) bestThisIter=4774015.14 feasibleAnts=10 noImprove=14 (elapsed 49.3666s)
[ITER 180] bestGlobalCost=4744090.45 (feasible=YES) bestThisIter=4761836.67 feasibleAnts=10 noImprove=24 (elapsed 53.5259s)
[RESET] no improvement for30-> reset pheromones
[ITER 190] bestGlobalCost=4744090.45 (feasible=YES) bestThisIter=4771901.40 feasibleAnts=10 noImprove=4 (elapsed 54.0883s)
[ITER 200] bestGlobalCost=4744090.45 (feasible=YES) bestThisIter=4744090.45 feasibleAnts=10 noImprove=14 (elapsed 58.3535s)
[ITER 210] bestGlobalCost=4744090.45 (feasible=YES) bestThisIter=4744090.45 feasibleAnts=10 noImprove=24 (elapsed 62.47s)
69 80 81 89 90 91 92 93 94 101 102 103 104 111 112 113 114 115 116 123 124 125 126 127 128 133 134 
42 53 72 73 74 85 95 96 97 98 99 105 106 107 108 109 110 117 118 119 120 121 129 130 131 132 135 136 
2 9 15 26 44 49 50 54 59 60 61 66 67 70 71 75 76 77 78 83 84 86 87 88 100 122 
3 4 10 11 12 13 14 21 22 23 24 25 33 34 35 36 43 45 46 47 48 55 56 57 58 68 79 82 
1 5 6 7 8 16 17 18 19 20 27 28 29 30 31 32 37 38 39 40 41 51 52 62 63 64 65 
[SAVELOGS] evolution saved to results/logs/pr136_05_4/evolution/pr136_05_4
[SAVELOGS] best cost saved to results/logs/pr136_05_4/objectives/pr136_05_4
[SAVELOGS] best solution saved to results/logs/pr136_05_4/solutions/pr136_05_4
