[ITER 1] New best cost=4858140.94 (feasible=YES, time 0.109713s)
[ITER 2] New best cost=4849374.09 (feasible=YES, time 0.183269s)
[ITER 3] New best cost=4840461.08 (feasible=YES, time 0.239479s)
[ITER 4] New best cost=4787259.11 (feasible=YES, time 0.289814s)
[ITER 5] New best cost=4780083.62 (feasible=YES, time 0.335712s)
[ITER 8] New best cost=4749375.68 (feasible=YES, time 0.510935s)
[ITER 9] New best cost=4744090.45 (feasible=YES, time 0.563481s)
[ITER 10] bestGlobalCost=4744090.45 (feasible=YES) bestThisIter=4744090.45 feasibleAnts=10 noImprove=1 (elapsed 0.611617s)
[ITER 20] bestGlobalCost=4744090.45 (feasible=YES) bestThisIter=4744090.45 feasibleAnts=11 noImprove=11 (elapsed 4.76965s)
[ITER 30] bestGlobalCost=4744090.45 (feasible=YES) bestThisIter=4763655.65 feasibleAnts=10 noImprove=21 (elapsed 10.825s)
[RESET] no improvement for30-> reset pheromones
[ITER 40] bestGlobalCost=4744090.45 (feasible=YES) bestThisIter=5043855.35 feasibleAnts=10 noImprove=1 (elapsed 11.6243s)
[ITER 50] bestGlobalCost=4744090.45 (feasible=YES) bestThisIter=4808446.44 feasibleAnts=10 noImprove=11 (elapsed 18.4507s)
[ITER 60] bestGlobalCost=4744090.45 (feasible=YES) bestThisIter=4744090.45 feasibleAnts=10 noImprove=21 (elapsed 24.0183s)
[RESET] no improvement for30-> reset pheromones
[ITER 70] bestGlobalCost=4744090.45 (feasible=YES) bestThisIter=4842810.91 feasibleAnts=10 noImprove=1 (elapsed 24.7893s)
[ITER 80] bestGlobalCost=4744090.45 (feasible=YES) bestThisIter=4802056.98 feasibleAnts=10 noImprove=11 (elapsed 31.4916s)
[ITER 90] bestGlobalCost=4744090.45 (feasible=YES) bestThisIter=4744090.45 feasibleAnts=10 noImprove=21 (elapsed 37.3549s)
[RESET] no improvement for30-> reset pheromones
[ITER 100] bestGlobalCost=4744090.45 (feasible=YES) bestThisIter=4851702.28 feasibleAnts=10 noImprove=1 (elapsed 38.0633s)
[ITER 110] bestGlobalCost=4744090.45 (feasible=YES) bestThisIter=4744090.45 feasibleAnts=10 noImprove=11 (elapsed 43.9634s)
[ITER 120] bestGlobalCost=4744090.45 (feasible=YES) bestThisIter=4757986.44 feasibleAnts=10 noImprove=21 (elapsed 50.1906s)
[RESET] no improvement for30-> reset pheromones
[ITER 130] bestGlobalCost=4744090.45 (feasible=YES) bestThisIter=5021114.87 feasibleAnts=10 noImprove=1 (elapsed 51.0004s)
[ITER 140] bestGlobalCost=4744090.45 (feasible=YES) bestThisIter=4757986.44 feasibleAnts=10 noImprove=11 (elapsed 56.6877s)
[ITER 150] bestGlobalCost=4744090.45 (feasible=YES) bestThisIter=4769008.50 feasibleAnts=10 noImprove=21 (elapsed 62.6847s)
42 53 72 73 74 85 95 96 97 98 99 105 106 107 108 109 110 117 118 119 120 121 129 130 131 132 135 136 
3 4 10 11 12 13 14 21 22 23 24 25 33 34 35 36 43 45 46 47 48 55 56 57 58 68 79 82 
1 5 6 7 8 16 17 18 19 20 27 28 29 30 31 32 37 38 39 40 41 51 52 62 63 64 65 
69 80 81 89 90 91 92 93 94 101 102 103 104 111 112 113 114 115 116 123 124 125 126 127 128 133 134 
2 9 15 26 44 49 50 54 59 60 61 66 67 70 71 75 76 77 78 83 84 86 87 88 100 122 
[SAVELOGS] evolution saved to results/logs/pr136_05_4/evolution/pr136_05_4
[SAVELOGS] best cost saved to results/logs/pr136_05_4/objectives/pr136_05_4
[SAVELOGS] best solution saved to results/logs/pr136_05_4/solutions/pr136_05_4
