[ITER 1] New best cost=4898845.95 (feasible=YES, time 0.0704063s)
[ITER 2] New best cost=4787114.50 (feasible=YES, time 0.131938s)
[ITER 3] New best cost=4752967.13 (feasible=YES, time 0.177536s)
[ITER 9] New best cost=4744090.45 (feasible=YES, time 0.503091s)
[ITER 10] bestGlobalCost=4744090.45 (feasible=YES) bestThisIter=4752967.13 feasibleAnts=11 noImprove=1 (elapsed 0.56193s)
[ITER 20] bestGlobalCost=4744090.45 (feasible=YES) bestThisIter=4744090.45 feasibleAnts=12 noImprove=11 (elapsed 4.68349s)
[ITER 30] bestGlobalCost=4744090.45 (feasible=YES) bestThisIter=4744090.45 feasibleAnts=10 noImprove=21 (elapsed 8.72709s)
[RESET] no improvement for30-> reset pheromones
[ITER 40] bestGlobalCost=4744090.45 (feasible=YES) bestThisIter=4984748.60 feasibleAnts=10 noImprove=1 (elapsed 9.21418s)
[ITER 50] bestGlobalCost=4744090.45 (feasible=YES) bestThisIter=4791576.52 feasibleAnts=10 noImprove=11 (elapsed 13.6089s)
[ITER 60] bestGlobalCost=4744090.45 (feasible=YES) bestThisIter=4780083.62 feasibleAnts=10 noImprove=21 (elapsed 17.7659s)
[RESET] no improvement for30-> reset pheromones
[ITER 70] bestGlobalCost=4744090.45 (feasible=YES) bestThisIter=4886287.09 feasibleAnts=10 noImprove=1 (elapsed 18.3022s)
[ITER 80] bestGlobalCost=4744090.45 (feasible=YES) bestThisIter=4818788.57 feasibleAnts=10 noImprove=11 (elapsed 22.6047s)
[ITER 90] bestGlobalCost=4744090.45 (feasible=YES) bestThisIter=4744090.45 feasibleAnts=10 noImprove=21 (elapsed 26.7642s)
[RESET] no improvement for30-> reset pheromones
[ITER 100] bestGlobalCost=4744090.45 (feasible=YES) bestThisIter=4802028.85 feasibleAnts=10 noImprove=1 (elapsed 27.2474s)
[ITER 110] bestGlobalCost=4744090.45 (feasible=YES) bestThisIter=4796945.93 feasibleAnts=10 noImprove=11 (elapsed 31.6027s)
[ITER 120] bestGlobalCost=4744090.45 (feasible=YES) bestThisIter=4744090.45 feasibleAnts=10 noImprove=21 (elapsed 35.7539s)
[RESET] no improvement for30-> reset pheromones
[ITER 130] bestGlobalCost=4744090.45 (feasible=YES) bestThisIter=5068989.46 feasibleAnts=10 noImprove=1 (elapsed 36.322s)
[ITER 140] bestGlobalCost=4744090.45 (feasible=YES) bestThisIter=4819776.61 feasibleAnts=10 noImprove=11 (elapsed 40.6727s)
[ITER 150] bestGlobalCost=4744090.45 (feasible=YES) bestThisIter=4744090.45 feasibleAnts=10 noImprove=21 (elapsed 44.7945s)
[RESET] no improvement for30-> reset pheromones
[ITER 160] bestGlobalCost=4744090.45 (feasible=YES) bestThisIter=5114188.51 feasibleAnts=10 noImprove=1 (elapsed 45.3314s)
[ITER 170] bestGlobalCost=4744090.45 (feasible=YES) bestThisIter=4779780.11 feasibleAnts=10 noImprove=11 (elapsed 49.4836s)
[ITER 180] bestGlobalCost=4744090.45 (feasible=YES) bestThisIter=4744090.45 feasibleAnts=10 noImprove=21 (elapsed 53.6107s)
[RESET] no improvement for30-> reset pheromones
[ITER 190] bestGlobalCost=4744090.45 (feasible=YES) bestThisIter=4994440.26 feasibleAnts=10 noImprove=1 (elapsed 54.172s)
[ITER 200] bestGlobalCost=4744090.45 (feasible=YES) bestThisIter=4744090.45 feasibleAnts=10 noImprove=11 (elapsed 58.4564s)
[ITER 210] bestGlobalCost=4744090.45 (feasible=YES) bestThisIter=4744090.45 feasibleAnts=10 noImprove=21 (elapsed 62.6001s)
42 53 72 73 74 85 95 96 97 98 99 105 106 107 108 109 110 117 118 119 120 121 129 130 131 132 135 136 
3 4 10 11 12 13 14 21 22 23 24 25 33 34 35 36 43 45 46 47 48 55 56 57 58 68 79 82 
1 5 6 7 8 16 17 18 19 20 27 28 29 30 31 32 37 38 39 40 41 51 52 62 63 64 65 
2 9 15 26 44 49 50 54 59 60 61 66 67 70 71 75 76 77 78 83 84 86 87 88 100 122 
69 80 81 89 90 91 92 93 94 101 102 103 104 111 112 113 114 115 116 123 124 125 126 127 128 133 134 
[SAVELOGS] evolution saved to results/logs/pr136_05_4/evolution/pr136_05_4
[SAVELOGS] best cost saved to results/logs/pr136_05_4/objectives/pr136_05_4
[SAVELOGS] best solution saved to results/logs/pr136_05_4/solutions/pr136_05_4
