[ITER 1] New best cost=3254.48 (feasible=YES, time 0.0741354s)
[ITER 2] New best cost=3223.01 (feasible=YES, time 0.121479s)
[ITER 3] New best cost=3177.11 (feasible=YES, time 0.158171s)
[ITER 4] New best cost=3124.79 (feasible=YES, time 0.206884s)
[ITER 8] New best cost=3118.99 (feasible=YES, time 0.425207s)
[ITER 10] New best cost=3118.32 (feasible=YES, time 0.51305s)
[ITER 10] bestGlobalCost=3118.32 (feasible=YES) bestThisIter=3118.32 feasibleAnts=10 noImprove=0 (elapsed 0.516886s)
[ITER 11] New best cost=3110.83 (feasible=YES, time 0.563773s)
[ITER 12] New best cost=3092.61 (feasible=YES, time 0.616794s)
[ITER 15] New best cost=3085.60 (feasible=YES, time 1.40736s)
[ITER 15] New best cost=3079.04 (feasible=YES, time 2.37195s)
[ITER 18] New best cost=3075.12 (feasible=YES, time 2.51829s)
[ITER 19] New best cost=3065.11 (feasible=YES, time 2.57524s)
[ITER 20] bestGlobalCost=3065.11 (feasible=YES) bestThisIter=3065.11 feasibleAnts=27 noImprove=1 (elapsed 2.62073s)
[ITER 30] bestGlobalCost=3065.11 (feasible=YES) bestThisIter=3065.11 feasibleAnts=10 noImprove=11 (elapsed 4.53565s)
[ITER 34] New best cost=3065.01 (feasible=YES, time 4.68109s)
[ITER 40] bestGlobalCost=3065.01 (feasible=YES) bestThisIter=3065.01 feasibleAnts=11 noImprove=6 (elapsed 4.90487s)
[ITER 45] New best cost=3021.59 (feasible=YES, time 5.64008s)
[ITER 48] New best cost=3012.76 (feasible=YES, time 6.55917s)
[ITER 49] New best cost=2993.60 (feasible=YES, time 6.58239s)
[ITER 50] bestGlobalCost=2993.60 (feasible=YES) bestThisIter=2993.60 feasibleAnts=10 noImprove=1 (elapsed 6.60162s)
[ITER 60] bestGlobalCost=2993.60 (feasible=YES) bestThisIter=2993.60 feasibleAnts=10 noImprove=11 (elapsed 8.03419s)
[ITER 70] bestGlobalCost=2993.60 (feasible=YES) bestThisIter=3040.74 feasibleAnts=10 noImprove=21 (elapsed 8.405s)
[RESET] no improvement for30-> reset pheromones
[ITER 80] bestGlobalCost=2993.60 (feasible=YES) bestThisIter=3188.01 feasibleAnts=10 noImprove=1 (elapsed 10.3326s)
[ITER 90] bestGlobalCost=2993.60 (feasible=YES) bestThisIter=3059.53 feasibleAnts=10 noImprove=11 (elapsed 12.3806s)
[ITER 100] bestGlobalCost=2993.60 (feasible=YES) bestThisIter=3016.53 feasibleAnts=10 noImprove=21 (elapsed 12.6936s)
[RESET] no improvement for30-> reset pheromones
[ITER 110] bestGlobalCost=2993.60 (feasible=YES) bestThisIter=3097.58 feasibleAnts=10 noImprove=1 (elapsed 14.3153s)
[ITER 120] bestGlobalCost=2993.60 (feasible=YES) bestThisIter=3053.21 feasibleAnts=10 noImprove=11 (elapsed 16.0517s)
[ITER 130] bestGlobalCost=2993.60 (feasible=YES) bestThisIter=3089.24 feasibleAnts=10 noImprove=21 (elapsed 16.4763s)
[RESET] no improvement for30-> reset pheromones
[ITER 140] bestGlobalCost=2993.60 (feasible=YES) bestThisIter=3146.06 feasibleAnts=10 noImprove=1 (elapsed 18.4683s)
[ITER 150] bestGlobalCost=2993.60 (feasible=YES) bestThisIter=3011.22 feasibleAnts=10 noImprove=11 (elapsed 20.4448s)
[ITER 160] bestGlobalCost=2993.60 (feasible=YES) bestThisIter=2993.60 feasibleAnts=10 noImprove=21 (elapsed 20.8157s)
[RESET] no improvement for30-> reset pheromones
[ITER 170] bestGlobalCost=2993.60 (feasible=YES) bestThisIter=3120.73 feasibleAnts=11 noImprove=1 (elapsed 22.3997s)
[ITER 180] bestGlobalCost=2993.60 (feasible=YES) bestThisIter=3001.18 feasibleAnts=10 noImprove=11 (elapsed 24.1398s)
[ITER 190] bestGlobalCost=2993.60 (feasible=YES) bestThisIter=3007.02 feasibleAnts=10 noImprove=21 (elapsed 24.5715s)
[RESET] no improvement for30-> reset pheromones
[ITER 200] bestGlobalCost=2993.60 (feasible=YES) bestThisIter=3109.02 feasibleAnts=10 noImprove=1 (elapsed 26.5608s)
[ITER 210] bestGlobalCost=2993.60 (feasible=YES) bestThisIter=3129.59 feasibleAnts=10 noImprove=11 (elapsed 28.5265s)
[ITER 220] bestGlobalCost=2993.60 (feasible=YES) bestThisIter=2993.60 feasibleAnts=10 noImprove=21 (elapsed 28.8538s)
[RESET] no improvement for30-> reset pheromones
[ITER 230] bestGlobalCost=2993.60 (feasible=YES) bestThisIter=3139.52 feasibleAnts=10 noImprove=1 (elapsed 30.4922s)
[ITER 240] bestGlobalCost=2993.60 (feasible=YES) bestThisIter=3116.53 feasibleAnts=10 noImprove=11 (elapsed 32.1802s)
[ITER 250] bestGlobalCost=2993.60 (feasible=YES) bestThisIter=3071.14 feasibleAnts=10 noImprove=21 (elapsed 32.5627s)
[RESET] no improvement for30-> reset pheromones
[ITER 260] bestGlobalCost=2993.60 (feasible=YES) bestThisIter=3172.78 feasibleAnts=10 noImprove=1 (elapsed 34.5409s)
[ITER 270] bestGlobalCost=2993.60 (feasible=YES) bestThisIter=3063.00 feasibleAnts=10 noImprove=11 (elapsed 36.5223s)
[ITER 280] bestGlobalCost=2993.60 (feasible=YES) bestThisIter=3067.93 feasibleAnts=10 noImprove=21 (elapsed 36.8711s)
[RESET] no improvement for30-> reset pheromones
[ITER 290] bestGlobalCost=2993.60 (feasible=YES) bestThisIter=3160.23 feasibleAnts=10 noImprove=1 (elapsed 38.5626s)
[ITER 300] bestGlobalCost=2993.60 (feasible=YES) bestThisIter=3056.96 feasibleAnts=10 noImprove=11 (elapsed 40.391s)
[ITER 310] bestGlobalCost=2993.60 (feasible=YES) bestThisIter=3007.02 feasibleAnts=10 noImprove=21 (elapsed 40.8006s)
[RESET] no improvement for30-> reset pheromones
[ITER 320] bestGlobalCost=2993.60 (feasible=YES) bestThisIter=3147.91 feasibleAnts=10 noImprove=1 (elapsed 42.78s)
[ITER 330] bestGlobalCost=2993.60 (feasible=YES) bestThisIter=3158.39 feasibleAnts=10 noImprove=11 (elapsed 44.766s)
[ITER 340] bestGlobalCost=2993.60 (feasible=YES) bestThisIter=3018.23 feasibleAnts=10 noImprove=21 (elapsed 45.106s)
[RESET] no improvement for30-> reset pheromones
[ITER 350] bestGlobalCost=2993.60 (feasible=YES) bestThisIter=3129.11 feasibleAnts=10 noImprove=1 (elapsed 46.7697s)
[ITER 360] bestGlobalCost=2993.60 (feasible=YES) bestThisIter=3076.85 feasibleAnts=10 noImprove=11 (elapsed 48.5852s)
[ITER 370] bestGlobalCost=2993.60 (feasible=YES) bestThisIter=3039.27 feasibleAnts=10 noImprove=21 (elapsed 48.9659s)
[RESET] no improvement for30-> reset pheromones
[ITER 380] bestGlobalCost=2993.60 (feasible=YES) bestThisIter=3206.80 feasibleAnts=10 noImprove=1 (elapsed 51.0076s)
[ITER 390] bestGlobalCost=2993.60 (feasible=YES) bestThisIter=3103.17 feasibleAnts=10 noImprove=11 (elapsed 52.93s)
[ITER 400] bestGlobalCost=2993.60 (feasible=YES) bestThisIter=3016.48 feasibleAnts=10 noImprove=21 (elapsed 53.2521s)
[RESET] no improvement for30-> reset pheromones
[ITER 410] bestGlobalCost=2993.60 (feasible=YES) bestThisIter=3203.38 feasibleAnts=10 noImprove=1 (elapsed 54.8661s)
[ITER 420] bestGlobalCost=2993.60 (feasible=YES) bestThisIter=3099.24 feasibleAnts=10 noImprove=11 (elapsed 56.6308s)
[ITER 430] bestGlobalCost=2993.60 (feasible=YES) bestThisIter=2993.60 feasibleAnts=10 noImprove=21 (elapsed 57.0781s)
[RESET] no improvement for30-> reset pheromones
[ITER 440] bestGlobalCost=2993.60 (feasible=YES) bestThisIter=3053.44 feasibleAnts=10 noImprove=1 (elapsed 59.129s)
[ITER 450] bestGlobalCost=2993.60 (feasible=YES) bestThisIter=3034.98 feasibleAnts=10 noImprove=11 (elapsed 60.9951s)
10 20 30 32 63 90 
4 23 25 39 55 56 67 
6 18 52 60 89 96 
21 22 41 57 72 73 74 75 
26 27 28 40 53 58 101 
11 19 36 47 49 62 64 
37 42 59 85 91 98 100 
9 35 51 65 66 71 81 
8 45 46 48 82 83 
5 16 17 61 84 93 99 
2 13 87 92 94 95 97 
3 12 24 29 54 68 80 
14 15 38 43 44 86 
33 34 50 76 77 78 79 
1 7 31 69 70 88 
[SAVELOGS] evolution saved to results/logs/eil101_15_2/evolution/eil101_15_2
[SAVELOGS] best cost saved to results/logs/eil101_15_2/objectives/eil101_15_2
[SAVELOGS] best solution saved to results/logs/eil101_15_2/solutions/eil101_15_2
