[ITER 1] New best cost=982142.17 (feasible=YES, time 1.06746s)
[ITER 2] New best cost=969923.07 (feasible=YES, time 2.46929s)
[ITER 3] New best cost=966131.99 (feasible=YES, time 3.94237s)
[ITER 4] New best cost=965127.89 (feasible=YES, time 5.38167s)
[ITER 6] New best cost=958936.03 (feasible=YES, time 8.14336s)
[TS] New best cost=955157.97 (feasible=YES, time 15.2002s)
[TS] New best cost=954069.59 (feasible=YES, time 20.3421s)
[ITER 10] bestGlobalCost=954069.59 (feasible=YES) bestThisIter=957190.04 feasibleAnts=10 noImprove=4 (elapsed 22.0324s)
[ITER 13] New best cost=950228.18 (feasible=YES, time 26.3761s)
[ITER 18] New best cost=947568.71 (feasible=YES, time 33.6935s)
[TS] New best cost=945833.45 (feasible=YES, time 39.9369s)
[ITER 20] bestGlobalCost=945833.45 (feasible=YES) bestThisIter=954303.09 feasibleAnts=10 noImprove=2 (elapsed 44.9535s)
[ITER 28] New best cost=945053.41 (feasible=YES, time 55.5334s)
[TS] New best cost=941910.11 (feasible=YES, time 60.3667s)
[ITER 30] bestGlobalCost=941910.11 (feasible=YES) bestThisIter=941910.11 feasibleAnts=10 noImprove=2 (elapsed 67.1917s)
[ITER 33] New best cost=941109.07 (feasible=YES, time 71.1743s)
[ITER 40] bestGlobalCost=941109.07 (feasible=YES) bestThisIter=944614.18 feasibleAnts=10 noImprove=7 (elapsed 89.9512s)
[ITER 50] bestGlobalCost=941109.07 (feasible=YES) bestThisIter=960609.96 feasibleAnts=10 noImprove=17 (elapsed 111.94s)
[ITER 60] bestGlobalCost=941109.07 (feasible=YES) bestThisIter=962878.24 feasibleAnts=10 noImprove=27 (elapsed 133.785s)
[ITER 70] bestGlobalCost=941109.07 (feasible=YES) bestThisIter=963150.64 feasibleAnts=10 noImprove=37 (elapsed 154.334s)
[ITER 80] bestGlobalCost=941109.07 (feasible=YES) bestThisIter=966781.40 feasibleAnts=10 noImprove=47 (elapsed 174.247s)
[RESET] no improvement for50-> reset pheromones
[ITER 90] bestGlobalCost=941109.07 (feasible=YES) bestThisIter=955896.71 feasibleAnts=10 noImprove=7 (elapsed 196.087s)
[ITER 100] bestGlobalCost=941109.07 (feasible=YES) bestThisIter=957874.89 feasibleAnts=10 noImprove=17 (elapsed 218.84s)
[ITER 110] bestGlobalCost=941109.07 (feasible=YES) bestThisIter=980223.85 feasibleAnts=10 noImprove=27 (elapsed 240.521s)
[ITER 120] bestGlobalCost=941109.07 (feasible=YES) bestThisIter=974076.04 feasibleAnts=10 noImprove=37 (elapsed 260.695s)
[ITER 130] bestGlobalCost=941109.07 (feasible=YES) bestThisIter=974152.22 feasibleAnts=10 noImprove=47 (elapsed 278.545s)
[RESET] no improvement for50-> reset pheromones
[ITER 140] bestGlobalCost=941109.07 (feasible=YES) bestThisIter=946504.52 feasibleAnts=10 noImprove=7 (elapsed 299.96s)
141 142 146 147 148 149 150 151 152 153 155 156 157 158 159 162 163 209 
65 66 169 172 173 176 177 181 182 183 184 187 188 189 190 191 
246 251 253 254 256 257 261 262 263 264 265 266 267 268 269 272 273 315 
170 171 274 277 278 281 282 287 288 289 290 292 293 294 295 
192 193 199 200 205 296 301 302 303 306 307 308 309 311 312 
34 35 121 123 124 125 128 129 130 131 132 133 134 135 137 138 208 
139 140 143 144 165 166 240 241 242 243 250 255 258 259 260 314 
38 39 41 42 43 46 52 53 57 58 60 61 62 63 136 145 164 
78 82 83 85 86 89 91 92 93 96 97 98 99 101 102 
154 160 161 167 168 174 175 178 179 180 185 186 194 195 210 
8 9 16 17 18 19 20 23 24 25 26 27 33 36 37 
67 68 69 70 71 72 73 74 75 76 77 79 80 81 84 105 
40 44 45 47 48 49 50 51 54 55 56 59 64 90 104 316 317 
109 110 113 114 118 119 122 211 212 213 216 217 219 220 221 225 231 
214 215 223 224 244 245 247 248 249 252 270 271 318 
4 5 13 14 106 107 108 111 112 115 116 117 120 126 127 
218 222 226 227 228 229 230 232 233 234 235 236 237 238 239 313 
87 88 94 95 100 196 197 198 201 202 203 204 206 207 
1 2 3 6 7 10 11 12 15 21 22 28 29 30 31 32 103 
275 276 279 280 283 284 285 286 291 297 298 299 300 304 305 310 
[SAVELOGS] evolution saved to results/logs/aco_logs/evolution/lin318_20_2.txt
[SAVELOGS] best cost saved to results/logs/aco_logs/objectives/lin318_20_2.txt
[SAVELOGS] best solution saved to results/logs/aco_logs/solutions/lin318_20_2.txt
