[ITER 1] New best cost=949035.87 (feasible=YES, time 1.82269s)
[ITER 2] New best cost=945235.32 (feasible=YES, time 3.65775s)
[ITER 5] New best cost=943606.86 (feasible=YES, time 7.13073s)
[ITER 6] New best cost=943245.80 (feasible=YES, time 7.81716s)
[TS] New best cost=941778.26 (feasible=YES, time 20.3261s)
[ITER 10] bestGlobalCost=941778.26 (feasible=YES) bestThisIter=943245.80 feasibleAnts=10 noImprove=4 (elapsed 20.3289s)
[TS] New best cost=941621.65 (feasible=YES, time 39.1368s)
[ITER 20] bestGlobalCost=941621.65 (feasible=YES) bestThisIter=950803.82 feasibleAnts=10 noImprove=14 (elapsed 40.7112s)
[ITER 30] bestGlobalCost=941621.65 (feasible=YES) bestThisIter=958350.51 feasibleAnts=10 noImprove=24 (elapsed 63.4248s)
[ITER 40] bestGlobalCost=941621.65 (feasible=YES) bestThisIter=967272.24 feasibleAnts=10 noImprove=34 (elapsed 80.7455s)
[TS] New best cost=940951.59 (feasible=YES, time 99.5302s)
[ITER 50] bestGlobalCost=940951.59 (feasible=YES) bestThisIter=956976.80 feasibleAnts=10 noImprove=44 (elapsed 101.251s)
[RESET] no improvement for50-> reset pheromones
[TS] New best cost=940663.72 (feasible=YES, time 114.765s)
[ITER 60] bestGlobalCost=940663.72 (feasible=YES) bestThisIter=940951.59 feasibleAnts=10 noImprove=4 (elapsed 120.01s)
[TS] New best cost=940162.84 (feasible=YES, time 136.36s)
[ITER 70] bestGlobalCost=940162.84 (feasible=YES) bestThisIter=955269.23 feasibleAnts=10 noImprove=14 (elapsed 143.176s)
[ITER 80] bestGlobalCost=940162.84 (feasible=YES) bestThisIter=959225.72 feasibleAnts=10 noImprove=24 (elapsed 164.67s)
[TS] New best cost=935894.03 (feasible=YES, time 178.335s)
[ITER 90] bestGlobalCost=935894.03 (feasible=YES) bestThisIter=957821.69 feasibleAnts=10 noImprove=34 (elapsed 185.14s)
[ITER 100] bestGlobalCost=935894.03 (feasible=YES) bestThisIter=953323.51 feasibleAnts=10 noImprove=44 (elapsed 204.239s)
[RESET] no improvement for50-> reset pheromones
[TS] New best cost=935448.08 (feasible=YES, time 217.433s)
[TS] New best cost=932943.07 (feasible=YES, time 220.894s)
[ITER 110] bestGlobalCost=932943.07 (feasible=YES) bestThisIter=935448.08 feasibleAnts=10 noImprove=4 (elapsed 224.394s)
[ITER 120] bestGlobalCost=932943.07 (feasible=YES) bestThisIter=944987.58 feasibleAnts=10 noImprove=14 (elapsed 247.684s)
[ITER 130] bestGlobalCost=932943.07 (feasible=YES) bestThisIter=946369.62 feasibleAnts=10 noImprove=24 (elapsed 269.397s)
[ITER 140] bestGlobalCost=932943.07 (feasible=YES) bestThisIter=947764.43 feasibleAnts=10 noImprove=34 (elapsed 289.45s)
[ITER 150] bestGlobalCost=932943.07 (feasible=YES) bestThisIter=960047.72 feasibleAnts=10 noImprove=44 (elapsed 308.133s)
169 173 174 175 176 177 178 179 180 181 182 183 184 185 188 189 
247 250 251 253 254 255 256 257 258 259 260 261 262 263 264 265 266 267 268 314 
82 83 85 86 89 91 92 93 96 97 98 99 101 102 
87 94 95 100 190 191 194 196 197 198 201 202 203 206 207 
139 140 143 144 229 231 232 233 234 238 239 240 241 242 243 
34 35 38 39 127 135 136 137 145 150 153 154 161 164 208 209 
8 9 16 17 18 19 20 23 24 25 26 27 33 36 37 42 
192 193 195 199 200 204 205 295 301 302 306 307 308 311 312 
279 280 282 283 284 285 286 287 289 290 291 296 299 300 303 
109 110 118 119 211 212 213 216 217 218 219 220 221 222 225 230 313 
59 64 67 68 69 71 72 73 74 75 76 77 78 79 80 84 105 
40 41 44 45 47 48 49 50 52 54 55 56 57 58 62 104 316 317 
43 46 51 53 60 61 63 65 66 70 81 88 90 172 187 
4 5 13 14 106 107 108 111 112 115 116 117 120 126 134 
146 147 148 149 151 152 155 156 157 158 159 160 162 163 167 168 210 
113 114 121 122 123 124 125 128 129 130 131 132 133 138 141 142 
1 2 3 6 7 10 11 12 15 21 22 28 29 30 31 32 103 
165 166 170 171 186 269 274 277 278 281 288 292 293 294 315 
248 270 271 272 273 275 276 297 298 304 305 309 310 318 
214 215 223 224 226 227 228 235 236 237 244 245 246 249 252 
[SAVELOGS] evolution saved to results/logs/aco_logs/evolution/lin318_20_2.txt
[SAVELOGS] best cost saved to results/logs/aco_logs/objectives/lin318_20_2.txt
[SAVELOGS] best solution saved to results/logs/aco_logs/solutions/lin318_20_2.txt
