[ITER 1] New best cost=838002.90 (feasible=NO, time 0.452093s)
[ITER 1] New best cost=878755.31 (feasible=YES, time 0.457029s)
[ITER 2] New best cost=851123.10 (feasible=YES, time 0.7111s)
[ITER 3] New best cost=842525.70 (feasible=YES, time 1.00572s)
[ITER 4] New best cost=842081.20 (feasible=YES, time 1.18571s)
[ITER 5] New best cost=831587.70 (feasible=YES, time 3.22678s)
[ITER 6] New best cost=822226.36 (feasible=YES, time 3.4106s)
[ITER 9] New best cost=818018.21 (feasible=YES, time 4.07596s)
[ITER 10] New best cost=815982.56 (feasible=YES, time 6.1083s)
[ITER 10] bestGlobalCost=815982.56 (feasible=YES) bestThisIter=823098.05 feasibleAnts=12 noImprove=0 (elapsed 6.11386s)
[ITER 14] New best cost=801628.83 (feasible=YES, time 6.95927s)
[ITER 18] New best cost=796177.35 (feasible=YES, time 9.39254s)
[ITER 20] bestGlobalCost=796177.35 (feasible=YES) bestThisIter=796374.85 feasibleAnts=14 noImprove=2 (elapsed 11.6123s)
[ITER 21] New best cost=792862.25 (feasible=YES, time 11.8065s)
[ITER 22] New best cost=791380.00 (feasible=YES, time 11.9703s)
[ITER 26] New best cost=787695.99 (feasible=YES, time 14.2646s)
[ITER 30] bestGlobalCost=787695.99 (feasible=YES) bestThisIter=800876.93 feasibleAnts=29 noImprove=4 (elapsed 16.5778s)
[ITER 32] New best cost=786710.76 (feasible=YES, time 16.8556s)
[ITER 40] New best cost=784077.88 (feasible=YES, time 21.6211s)
[ITER 40] bestGlobalCost=784077.88 (feasible=YES) bestThisIter=786710.76 feasibleAnts=9 noImprove=0 (elapsed 21.6255s)
[ITER 44] New best cost=781495.98 (feasible=YES, time 22.1333s)
[ITER 48] New best cost=780774.12 (feasible=YES, time 24.4859s)
[ITER 49] New best cost=777329.80 (feasible=YES, time 24.6634s)
[ITER 50] bestGlobalCost=777329.80 (feasible=YES) bestThisIter=781495.98 feasibleAnts=11 noImprove=1 (elapsed 26.5737s)
[ITER 54] New best cost=770939.80 (feasible=YES, time 27.1162s)
[ITER 58] New best cost=768499.36 (feasible=YES, time 29.4325s)
[ITER 60] bestGlobalCost=768499.36 (feasible=YES) bestThisIter=770939.80 feasibleAnts=6 noImprove=2 (elapsed 31.444s)
[ITER 62] New best cost=766962.42 (feasible=YES, time 31.7693s)
[ITER 63] New best cost=759003.69 (feasible=YES, time 31.9093s)
[ITER 70] New best cost=756709.24 (feasible=YES, time 36.3896s)
[ITER 70] bestGlobalCost=756709.24 (feasible=YES) bestThisIter=759003.69 feasibleAnts=13 noImprove=0 (elapsed 36.3936s)
[ITER 80] bestGlobalCost=756709.24 (feasible=YES) bestThisIter=758971.69 feasibleAnts=10 noImprove=10 (elapsed 41.2185s)
[ITER 90] bestGlobalCost=756709.24 (feasible=YES) bestThisIter=773327.63 feasibleAnts=10 noImprove=20 (elapsed 47.1529s)
[ITER 100] bestGlobalCost=756709.24 (feasible=YES) bestThisIter=801052.00 feasibleAnts=5 noImprove=30 (elapsed 53.996s)
[ITER 110] bestGlobalCost=756709.24 (feasible=YES) bestThisIter=817429.77 feasibleAnts=7 noImprove=40 (elapsed 61.0079s)
[ITER 120] bestGlobalCost=756709.24 (feasible=YES) bestThisIter=828700.28 feasibleAnts=9 noImprove=50 (elapsed 68.5417s)
[RESET] no improvement for50-> reset pheromones
[ITER 130] bestGlobalCost=756709.24 (feasible=YES) bestThisIter=761229.10 feasibleAnts=8 noImprove=10 (elapsed 75.1258s)
[ITER 140] bestGlobalCost=756709.24 (feasible=YES) bestThisIter=799799.77 feasibleAnts=10 noImprove=20 (elapsed 81.7504s)
[ITER 150] bestGlobalCost=756709.24 (feasible=YES) bestThisIter=796672.69 feasibleAnts=5 noImprove=30 (elapsed 89.9819s)
[ITER 160] bestGlobalCost=756709.24 (feasible=YES) bestThisIter=863072.88 feasibleAnts=5 noImprove=40 (elapsed 97.7183s)
[ITER 170] bestGlobalCost=756709.24 (feasible=YES) bestThisIter=823271.32 feasibleAnts=5 noImprove=50 (elapsed 105.249s)
[RESET] no improvement for50-> reset pheromones
[ITER 180] bestGlobalCost=756709.24 (feasible=YES) bestThisIter=758187.04 feasibleAnts=7 noImprove=10 (elapsed 111.843s)
[ITER 190] bestGlobalCost=756709.24 (feasible=YES) bestThisIter=783733.76 feasibleAnts=9 noImprove=20 (elapsed 118.374s)
[ITER 200] bestGlobalCost=756709.24 (feasible=YES) bestThisIter=866265.79 feasibleAnts=7 noImprove=30 (elapsed 125.572s)
[ITER 210] bestGlobalCost=756709.24 (feasible=YES) bestThisIter=773530.49 feasibleAnts=4 noImprove=40 (elapsed 132.859s)
[ITER 220] bestGlobalCost=756709.24 (feasible=YES) bestThisIter=842557.59 feasibleAnts=5 noImprove=50 (elapsed 140.522s)
[RESET] no improvement for50-> reset pheromones
[ITER 230] bestGlobalCost=756709.24 (feasible=YES) bestThisIter=758928.39 feasibleAnts=6 noImprove=10 (elapsed 147.133s)
[ITER 240] bestGlobalCost=756709.24 (feasible=YES) bestThisIter=789666.13 feasibleAnts=7 noImprove=20 (elapsed 154.1s)
[ITER 250] bestGlobalCost=756709.24 (feasible=YES) bestThisIter=833694.21 feasibleAnts=5 noImprove=30 (elapsed 161.109s)
[ITER 260] bestGlobalCost=756709.24 (feasible=YES) bestThisIter=811784.48 feasibleAnts=4 noImprove=40 (elapsed 168.506s)
[ITER 270] bestGlobalCost=756709.24 (feasible=YES) bestThisIter=846843.33 feasibleAnts=5 noImprove=50 (elapsed 176.93s)
[RESET] no improvement for50-> reset pheromones
[ITER 280] bestGlobalCost=756709.24 (feasible=YES) bestThisIter=764235.64 feasibleAnts=11 noImprove=10 (elapsed 183.699s)
[ITER 290] bestGlobalCost=756709.24 (feasible=YES) bestThisIter=812054.08 feasibleAnts=7 noImprove=20 (elapsed 190.405s)
[ITER 300] bestGlobalCost=756709.24 (feasible=YES) bestThisIter=795743.17 feasibleAnts=5 noImprove=30 (elapsed 197.524s)
[ITER 310] bestGlobalCost=756709.24 (feasible=YES) bestThisIter=837300.28 feasibleAnts=5 noImprove=40 (elapsed 204.934s)
[ITER 320] bestGlobalCost=756709.24 (feasible=YES) bestThisIter=809060.00 feasibleAnts=6 noImprove=50 (elapsed 212.643s)
[RESET] no improvement for50-> reset pheromones
[ITER 330] bestGlobalCost=756709.24 (feasible=YES) bestThisIter=759780.97 feasibleAnts=9 noImprove=10 (elapsed 219.213s)
[ITER 340] bestGlobalCost=756709.24 (feasible=YES) bestThisIter=785938.43 feasibleAnts=8 noImprove=20 (elapsed 226.705s)
[ITER 350] bestGlobalCost=756709.24 (feasible=YES) bestThisIter=816987.70 feasibleAnts=7 noImprove=30 (elapsed 233.838s)
[ITER 360] bestGlobalCost=756709.24 (feasible=YES) bestThisIter=820344.54 feasibleAnts=7 noImprove=40 (elapsed 241.212s)
[ITER 370] bestGlobalCost=756709.24 (feasible=YES) bestThisIter=857318.48 feasibleAnts=6 noImprove=50 (elapsed 248.779s)
[RESET] no improvement for50-> reset pheromones
[ITER 380] bestGlobalCost=756709.24 (feasible=YES) bestThisIter=780282.92 feasibleAnts=6 noImprove=10 (elapsed 255.425s)
[ITER 390] bestGlobalCost=756709.24 (feasible=YES) bestThisIter=801307.94 feasibleAnts=9 noImprove=20 (elapsed 263.236s)
[ITER 400] bestGlobalCost=756709.24 (feasible=YES) bestThisIter=783677.43 feasibleAnts=5 noImprove=30 (elapsed 271.331s)
[ITER 410] bestGlobalCost=756709.24 (feasible=YES) bestThisIter=827771.14 feasibleAnts=6 noImprove=40 (elapsed 278.663s)
[ITER 420] bestGlobalCost=756709.24 (feasible=YES) bestThisIter=833768.27 feasibleAnts=5 noImprove=50 (elapsed 286.24s)
[RESET] no improvement for50-> reset pheromones
[ITER 430] bestGlobalCost=756709.24 (feasible=YES) bestThisIter=763105.31 feasibleAnts=9 noImprove=10 (elapsed 292.871s)
[ITER 440] bestGlobalCost=756709.24 (feasible=YES) bestThisIter=826114.32 feasibleAnts=6 noImprove=20 (elapsed 299.457s)
[ITER 450] bestGlobalCost=756709.24 (feasible=YES) bestThisIter=817742.61 feasibleAnts=9 noImprove=30 (elapsed 307.326s)
[ITER 460] bestGlobalCost=756709.24 (feasible=YES) bestThisIter=834882.56 feasibleAnts=5 noImprove=40 (elapsed 315.639s)
[ITER 470] bestGlobalCost=756709.24 (feasible=YES) bestThisIter=832938.51 feasibleAnts=5 noImprove=50 (elapsed 323.012s)
[RESET] no improvement for50-> reset pheromones
[ITER 480] bestGlobalCost=756709.24 (feasible=YES) bestThisIter=764146.68 feasibleAnts=10 noImprove=10 (elapsed 330.326s)
[ITER 490] bestGlobalCost=756709.24 (feasible=YES) bestThisIter=778095.90 feasibleAnts=7 noImprove=20 (elapsed 337.286s)
[ITER 500] bestGlobalCost=756709.24 (feasible=YES) bestThisIter=792460.20 feasibleAnts=6 noImprove=30 (elapsed 344.243s)
[ITER 510] bestGlobalCost=756709.24 (feasible=YES) bestThisIter=834330.97 feasibleAnts=5 noImprove=40 (elapsed 351.486s)
16 17 18 19 21 26 27 69 74 75 76 98 103 109 
143 144 166 167 168 169 170 220 221 222 239 240 241 242 
138 181 183 184 185 186 187 210 211 213 250 251 252 
42 44 45 46 47 49 57 58 59 122 124 129 
145 146 147 163 164 165 223 224 225 237 238 264 
23 24 25 28 29 30 31 64 65 66 67 70 71 73 
2 3 4 5 6 7 8 9 81 82 84 85 86 
78 83 87 88 89 90 92 93 94 96 130 131 132 
133 134 135 194 195 196 197 198 199 200 201 202 207 
34 35 36 62 63 110 113 114 115 116 117 118 119 120 
68 72 95 99 100 101 102 104 105 106 107 108 111 112 
148 149 150 151 156 157 158 159 160 161 162 226 236 
178 179 180 214 215 216 217 219 243 244 245 246 247 248 249 
203 204 205 206 255 256 257 258 259 260 261 262 263 
136 137 188 189 190 191 192 193 208 209 253 254 
48 50 51 52 53 54 55 56 123 125 126 127 128 
10 11 12 13 14 15 20 22 77 79 80 91 97 
1 32 33 37 38 39 40 41 43 60 61 121 
152 153 154 155 227 228 229 230 231 232 233 234 235 
139 140 141 142 171 172 173 174 175 176 177 182 212 218 
[SAVELOGS] evolution saved to results/logs/aco_logs/evolution/pr264_20_4.txt
[SAVELOGS] best cost saved to results/logs/aco_logs/objectives/pr264_20_4.txt
[SAVELOGS] best solution saved to results/logs/aco_logs/solutions/pr264_20_4.txt
