[ITER 1] New best cost=808065.64 (feasible=NO, time 0.46561s)
[ITER 2] New best cost=800210.01 (feasible=NO, time 0.623567s)
[ITER 3] New best cost=792363.25 (feasible=NO, time 0.805474s)
[ITER 4] New best cost=789281.14 (feasible=NO, time 0.953556s)
[ITER 5] New best cost=789246.07 (feasible=NO, time 2.78935s)
[ITER 5] New best cost=914350.95 (feasible=YES, time 2.79378s)
[ITER 8] New best cost=804560.67 (feasible=YES, time 3.49362s)
[ITER 10] bestGlobalCost=804560.67 (feasible=YES) bestThisIter=797259.99 feasibleAnts=4 noImprove=2 (elapsed 5.79933s)
[ITER 11] New best cost=783632.13 (feasible=YES, time 6.06888s)
[ITER 14] New best cost=760359.70 (feasible=YES, time 6.65559s)
[ITER 17] New best cost=759723.17 (feasible=YES, time 8.90198s)
[ITER 18] New best cost=758997.93 (feasible=YES, time 9.06055s)
[ITER 20] bestGlobalCost=758997.93 (feasible=YES) bestThisIter=761955.19 feasibleAnts=11 noImprove=2 (elapsed 11.1683s)
[ITER 21] New best cost=752965.18 (feasible=YES, time 11.3247s)
[ITER 30] bestGlobalCost=752965.18 (feasible=YES) bestThisIter=756089.16 feasibleAnts=10 noImprove=9 (elapsed 16.1788s)
[ITER 40] bestGlobalCost=752965.18 (feasible=YES) bestThisIter=762544.25 feasibleAnts=8 noImprove=19 (elapsed 21.8639s)
[ITER 50] bestGlobalCost=752965.18 (feasible=YES) bestThisIter=824074.69 feasibleAnts=5 noImprove=29 (elapsed 28.351s)
[ITER 60] bestGlobalCost=752965.18 (feasible=YES) bestThisIter=768464.61 feasibleAnts=6 noImprove=39 (elapsed 35.3083s)
[ITER 70] bestGlobalCost=752965.18 (feasible=YES) bestThisIter=813261.23 feasibleAnts=4 noImprove=49 (elapsed 42.5442s)
[RESET] no improvement for50-> reset pheromones
[ITER 79] New best cost=752713.84 (feasible=YES, time 47.3355s)
[ITER 80] bestGlobalCost=752713.84 (feasible=YES) bestThisIter=752965.18 feasibleAnts=29 noImprove=1 (elapsed 49.2298s)
[ITER 81] New best cost=749739.45 (feasible=YES, time 49.3443s)
[ITER 85] New best cost=748573.20 (feasible=YES, time 51.6374s)
[ITER 90] bestGlobalCost=748573.20 (feasible=YES) bestThisIter=763712.66 feasibleAnts=22 noImprove=5 (elapsed 53.7844s)
[ITER 100] bestGlobalCost=748573.20 (feasible=YES) bestThisIter=758072.99 feasibleAnts=9 noImprove=15 (elapsed 58.9943s)
[ITER 110] bestGlobalCost=748573.20 (feasible=YES) bestThisIter=773111.53 feasibleAnts=5 noImprove=25 (elapsed 65.1561s)
[ITER 120] bestGlobalCost=748573.20 (feasible=YES) bestThisIter=804173.44 feasibleAnts=5 noImprove=35 (elapsed 71.9695s)
[ITER 130] bestGlobalCost=748573.20 (feasible=YES) bestThisIter=828068.01 feasibleAnts=4 noImprove=45 (elapsed 79.0861s)
[RESET] no improvement for50-> reset pheromones
[ITER 140] bestGlobalCost=748573.20 (feasible=YES) bestThisIter=764071.94 feasibleAnts=10 noImprove=5 (elapsed 86.259s)
[ITER 150] bestGlobalCost=748573.20 (feasible=YES) bestThisIter=788020.24 feasibleAnts=5 noImprove=15 (elapsed 92.4969s)
[ITER 160] bestGlobalCost=748573.20 (feasible=YES) bestThisIter=791164.78 feasibleAnts=5 noImprove=25 (elapsed 99.2995s)
[ITER 170] bestGlobalCost=748573.20 (feasible=YES) bestThisIter=813262.43 feasibleAnts=4 noImprove=35 (elapsed 106.523s)
[ITER 180] bestGlobalCost=748573.20 (feasible=YES) bestThisIter=830334.56 feasibleAnts=7 noImprove=45 (elapsed 113.977s)
[RESET] no improvement for50-> reset pheromones
[ITER 190] bestGlobalCost=748573.20 (feasible=YES) bestThisIter=773796.93 feasibleAnts=7 noImprove=5 (elapsed 121.008s)
[ITER 200] bestGlobalCost=748573.20 (feasible=YES) bestThisIter=775877.82 feasibleAnts=8 noImprove=15 (elapsed 127.247s)
[ITER 210] bestGlobalCost=748573.20 (feasible=YES) bestThisIter=807716.97 feasibleAnts=8 noImprove=25 (elapsed 134.041s)
[ITER 220] bestGlobalCost=748573.20 (feasible=YES) bestThisIter=833459.92 feasibleAnts=6 noImprove=35 (elapsed 141.258s)
[ITER 230] bestGlobalCost=748573.20 (feasible=YES) bestThisIter=822646.80 feasibleAnts=7 noImprove=45 (elapsed 148.591s)
[RESET] no improvement for50-> reset pheromones
[ITER 240] bestGlobalCost=748573.20 (feasible=YES) bestThisIter=751503.73 feasibleAnts=9 noImprove=5 (elapsed 156.682s)
[ITER 250] bestGlobalCost=748573.20 (feasible=YES) bestThisIter=795691.36 feasibleAnts=5 noImprove=15 (elapsed 162.911s)
[ITER 260] bestGlobalCost=748573.20 (feasible=YES) bestThisIter=788735.99 feasibleAnts=10 noImprove=25 (elapsed 169.552s)
[ITER 270] bestGlobalCost=748573.20 (feasible=YES) bestThisIter=823808.21 feasibleAnts=8 noImprove=35 (elapsed 176.749s)
[ITER 280] bestGlobalCost=748573.20 (feasible=YES) bestThisIter=857189.41 feasibleAnts=6 noImprove=45 (elapsed 184.213s)
[RESET] no improvement for50-> reset pheromones
[ITER 290] bestGlobalCost=748573.20 (feasible=YES) bestThisIter=776394.85 feasibleAnts=9 noImprove=5 (elapsed 191.337s)
[ITER 300] bestGlobalCost=748573.20 (feasible=YES) bestThisIter=808651.89 feasibleAnts=11 noImprove=15 (elapsed 197.644s)
[ITER 310] bestGlobalCost=748573.20 (feasible=YES) bestThisIter=800024.80 feasibleAnts=4 noImprove=25 (elapsed 204.383s)
[ITER 320] bestGlobalCost=748573.20 (feasible=YES) bestThisIter=810301.01 feasibleAnts=5 noImprove=35 (elapsed 211.434s)
[ITER 330] bestGlobalCost=748573.20 (feasible=YES) bestThisIter=796392.46 feasibleAnts=4 noImprove=45 (elapsed 219.237s)
[RESET] no improvement for50-> reset pheromones
[ITER 340] bestGlobalCost=748573.20 (feasible=YES) bestThisIter=773463.73 feasibleAnts=9 noImprove=5 (elapsed 226.803s)
[ITER 350] bestGlobalCost=748573.20 (feasible=YES) bestThisIter=759510.08 feasibleAnts=5 noImprove=15 (elapsed 233.24s)
[ITER 360] bestGlobalCost=748573.20 (feasible=YES) bestThisIter=803078.10 feasibleAnts=8 noImprove=25 (elapsed 240.227s)
[ITER 370] bestGlobalCost=748573.20 (feasible=YES) bestThisIter=846122.54 feasibleAnts=6 noImprove=35 (elapsed 247.826s)
[ITER 380] bestGlobalCost=748573.20 (feasible=YES) bestThisIter=805840.48 feasibleAnts=7 noImprove=45 (elapsed 255.195s)
[RESET] no improvement for50-> reset pheromones
[ITER 390] bestGlobalCost=748573.20 (feasible=YES) bestThisIter=760688.93 feasibleAnts=7 noImprove=5 (elapsed 262.416s)
[ITER 400] bestGlobalCost=748573.20 (feasible=YES) bestThisIter=775400.30 feasibleAnts=9 noImprove=15 (elapsed 268.822s)
[ITER 410] bestGlobalCost=748573.20 (feasible=YES) bestThisIter=775858.64 feasibleAnts=7 noImprove=25 (elapsed 276.166s)
[ITER 420] bestGlobalCost=748573.20 (feasible=YES) bestThisIter=772859.70 feasibleAnts=7 noImprove=35 (elapsed 284.29s)
[ITER 430] bestGlobalCost=748573.20 (feasible=YES) bestThisIter=811707.12 feasibleAnts=9 noImprove=45 (elapsed 292.505s)
[RESET] no improvement for50-> reset pheromones
[ITER 440] bestGlobalCost=748573.20 (feasible=YES) bestThisIter=763356.59 feasibleAnts=7 noImprove=5 (elapsed 299.64s)
[ITER 450] bestGlobalCost=748573.20 (feasible=YES) bestThisIter=803349.35 feasibleAnts=6 noImprove=15 (elapsed 306.032s)
[ITER 460] bestGlobalCost=748573.20 (feasible=YES) bestThisIter=801403.44 feasibleAnts=8 noImprove=25 (elapsed 312.752s)
[ITER 470] bestGlobalCost=748573.20 (feasible=YES) bestThisIter=823754.71 feasibleAnts=7 noImprove=35 (elapsed 319.974s)
[ITER 480] bestGlobalCost=748573.20 (feasible=YES) bestThisIter=855008.95 feasibleAnts=5 noImprove=45 (elapsed 327.313s)
[RESET] no improvement for50-> reset pheromones
[ITER 490] bestGlobalCost=748573.20 (feasible=YES) bestThisIter=773995.99 feasibleAnts=10 noImprove=5 (elapsed 334.546s)
[ITER 500] bestGlobalCost=748573.20 (feasible=YES) bestThisIter=786120.44 feasibleAnts=9 noImprove=15 (elapsed 340.857s)
[ITER 510] bestGlobalCost=748573.20 (feasible=YES) bestThisIter=762022.21 feasibleAnts=7 noImprove=25 (elapsed 348.593s)
190 191 192 193 203 204 205 206 207 257 258 260 
133 134 135 194 195 196 197 198 199 200 201 202 259 
167 168 169 220 222 223 239 240 241 242 243 244 264 
2 3 4 5 6 11 82 83 84 85 86 87 88 
48 50 51 52 53 54 55 56 123 125 126 127 128 
1 32 33 37 38 39 40 41 43 60 61 121 
208 209 250 251 252 253 254 255 256 261 262 263 
14 16 17 18 19 20 21 22 23 26 27 65 71 76 
34 35 36 62 63 110 113 114 115 116 117 118 119 120 
24 25 28 29 30 31 64 66 67 69 70 104 106 
148 149 155 157 158 159 160 161 162 226 227 233 
42 44 45 46 47 49 57 58 59 122 124 129 
68 72 73 75 95 96 100 101 103 105 107 108 109 111 112 
136 137 138 181 183 184 185 186 187 188 189 210 211 213 
139 140 141 178 179 180 182 212 214 216 217 245 247 248 249 
7 8 9 10 12 13 15 74 77 78 80 81 91 92 
142 170 171 172 173 174 175 176 177 215 218 219 221 246 
79 89 90 93 94 97 98 99 102 130 131 132 
143 144 145 146 147 163 164 165 166 224 225 237 238 
150 151 152 153 154 156 228 229 230 231 232 234 235 236 
[SAVELOGS] evolution saved to results/logs/aco_logs/evolution/pr264_20_4.txt
[SAVELOGS] best cost saved to results/logs/aco_logs/objectives/pr264_20_4.txt
[SAVELOGS] best solution saved to results/logs/aco_logs/solutions/pr264_20_4.txt
