[ITER 1] New best cost=675723.04 (feasible=YES, time 0.0357595s)
[ITER 2] New best cost=671198.98 (feasible=YES, time 0.0573876s)
[ITER 4] New best cost=670422.81 (feasible=YES, time 0.116105s)
[ITER 6] New best cost=665834.55 (feasible=YES, time 0.179517s)
[ITER 7] New best cost=665459.98 (feasible=YES, time 0.221482s)
[ITER 9] New best cost=664419.56 (feasible=YES, time 0.298478s)
[ITER 10] New best cost=663221.40 (feasible=YES, time 0.329634s)
[ITER 10] bestGlobalCost=663221.40 (feasible=YES) bestThisIter=657778.92 feasibleAnts=10 noImprove=0 (elapsed 0.332916s)
[ITER 20] bestGlobalCost=663221.40 (feasible=YES) bestThisIter=663221.40 feasibleAnts=14 noImprove=10 (elapsed 2.12595s)
[ITER 30] bestGlobalCost=663221.40 (feasible=YES) bestThisIter=664419.56 feasibleAnts=10 noImprove=20 (elapsed 4.09916s)
[ITER 40] bestGlobalCost=663221.40 (feasible=YES) bestThisIter=663221.40 feasibleAnts=10 noImprove=30 (elapsed 4.41086s)
[RESET] no improvement for30-> reset pheromones
[ITER 50] bestGlobalCost=663221.40 (feasible=YES) bestThisIter=663221.40 feasibleAnts=10 noImprove=10 (elapsed 6.16633s)
[ITER 60] bestGlobalCost=663221.40 (feasible=YES) bestThisIter=663221.40 feasibleAnts=10 noImprove=20 (elapsed 7.75617s)
[ITER 70] bestGlobalCost=663221.40 (feasible=YES) bestThisIter=663221.40 feasibleAnts=10 noImprove=30 (elapsed 8.02641s)
[RESET] no improvement for30-> reset pheromones
[ITER 80] bestGlobalCost=663221.40 (feasible=YES) bestThisIter=663221.40 feasibleAnts=10 noImprove=10 (elapsed 9.82045s)
[ITER 90] bestGlobalCost=663221.40 (feasible=YES) bestThisIter=663221.40 feasibleAnts=10 noImprove=20 (elapsed 11.7437s)
[ITER 100] bestGlobalCost=663221.40 (feasible=YES) bestThisIter=663221.40 feasibleAnts=10 noImprove=30 (elapsed 12.0545s)
[RESET] no improvement for30-> reset pheromones
[ITER 110] bestGlobalCost=663221.40 (feasible=YES) bestThisIter=665459.98 feasibleAnts=10 noImprove=10 (elapsed 13.8664s)
[ITER 120] bestGlobalCost=663221.40 (feasible=YES) bestThisIter=663221.40 feasibleAnts=10 noImprove=20 (elapsed 15.4681s)
[ITER 130] bestGlobalCost=663221.40 (feasible=YES) bestThisIter=663221.40 feasibleAnts=11 noImprove=30 (elapsed 15.7433s)
[RESET] no improvement for30-> reset pheromones
[ITER 140] bestGlobalCost=663221.40 (feasible=YES) bestThisIter=667032.71 feasibleAnts=10 noImprove=10 (elapsed 17.4674s)
[ITER 150] bestGlobalCost=663221.40 (feasible=YES) bestThisIter=663221.40 feasibleAnts=11 noImprove=20 (elapsed 19.3863s)
[ITER 160] bestGlobalCost=663221.40 (feasible=YES) bestThisIter=663221.40 feasibleAnts=10 noImprove=30 (elapsed 19.6815s)
[RESET] no improvement for30-> reset pheromones
[ITER 170] bestGlobalCost=663221.40 (feasible=YES) bestThisIter=665459.98 feasibleAnts=10 noImprove=10 (elapsed 21.5794s)
[ITER 180] bestGlobalCost=663221.40 (feasible=YES) bestThisIter=663221.40 feasibleAnts=10 noImprove=20 (elapsed 23.1826s)
[ITER 190] bestGlobalCost=663221.40 (feasible=YES) bestThisIter=663221.40 feasibleAnts=12 noImprove=30 (elapsed 23.4384s)
[RESET] no improvement for30-> reset pheromones
[ITER 200] bestGlobalCost=663221.40 (feasible=YES) bestThisIter=666219.89 feasibleAnts=10 noImprove=10 (elapsed 25.0368s)
[ITER 210] bestGlobalCost=663221.40 (feasible=YES) bestThisIter=663221.40 feasibleAnts=10 noImprove=20 (elapsed 27.007s)
[ITER 220] bestGlobalCost=663221.40 (feasible=YES) bestThisIter=663221.40 feasibleAnts=10 noImprove=30 (elapsed 27.3274s)
[RESET] no improvement for30-> reset pheromones
[ITER 230] bestGlobalCost=663221.40 (feasible=YES) bestThisIter=663221.40 feasibleAnts=10 noImprove=10 (elapsed 29.2228s)
[ITER 240] bestGlobalCost=663221.40 (feasible=YES) bestThisIter=663221.40 feasibleAnts=10 noImprove=20 (elapsed 30.775s)
[ITER 250] bestGlobalCost=663221.40 (feasible=YES) bestThisIter=663221.40 feasibleAnts=10 noImprove=30 (elapsed 31.0298s)
[RESET] no improvement for30-> reset pheromones
[ITER 260] bestGlobalCost=663221.40 (feasible=YES) bestThisIter=664419.56 feasibleAnts=10 noImprove=10 (elapsed 32.7221s)
[ITER 270] bestGlobalCost=663221.40 (feasible=YES) bestThisIter=663221.40 feasibleAnts=10 noImprove=20 (elapsed 34.5608s)
[ITER 280] bestGlobalCost=663221.40 (feasible=YES) bestThisIter=663221.40 feasibleAnts=10 noImprove=30 (elapsed 34.8481s)
[RESET] no improvement for30-> reset pheromones
[ITER 290] bestGlobalCost=663221.40 (feasible=YES) bestThisIter=665459.98 feasibleAnts=10 noImprove=10 (elapsed 36.861s)
[ITER 300] bestGlobalCost=663221.40 (feasible=YES) bestThisIter=669474.83 feasibleAnts=10 noImprove=20 (elapsed 38.4615s)
[ITER 310] bestGlobalCost=663221.40 (feasible=YES) bestThisIter=663221.40 feasibleAnts=10 noImprove=30 (elapsed 38.7555s)
[RESET] no improvement for30-> reset pheromones
[ITER 320] bestGlobalCost=663221.40 (feasible=YES) bestThisIter=663221.40 feasibleAnts=10 noImprove=10 (elapsed 40.4133s)
[ITER 330] bestGlobalCost=663221.40 (feasible=YES) bestThisIter=663221.40 feasibleAnts=10 noImprove=20 (elapsed 42.1758s)
[ITER 340] bestGlobalCost=663221.40 (feasible=YES) bestThisIter=663221.40 feasibleAnts=10 noImprove=30 (elapsed 42.4914s)
[RESET] no improvement for30-> reset pheromones
[ITER 350] bestGlobalCost=663221.40 (feasible=YES) bestThisIter=663221.40 feasibleAnts=10 noImprove=10 (elapsed 44.5277s)
[ITER 360] bestGlobalCost=663221.40 (feasible=YES) bestThisIter=663221.40 feasibleAnts=10 noImprove=20 (elapsed 46.2193s)
[ITER 370] bestGlobalCost=663221.40 (feasible=YES) bestThisIter=663221.40 feasibleAnts=11 noImprove=30 (elapsed 46.4722s)
[RESET] no improvement for30-> reset pheromones
[ITER 380] bestGlobalCost=663221.40 (feasible=YES) bestThisIter=670822.91 feasibleAnts=10 noImprove=10 (elapsed 48.0896s)
[ITER 390] bestGlobalCost=663221.40 (feasible=YES) bestThisIter=663221.40 feasibleAnts=10 noImprove=20 (elapsed 49.7299s)
[ITER 400] bestGlobalCost=663221.40 (feasible=YES) bestThisIter=665945.02 feasibleAnts=10 noImprove=30 (elapsed 50.0559s)
[RESET] no improvement for30-> reset pheromones
[ITER 410] bestGlobalCost=663221.40 (feasible=YES) bestThisIter=665459.98 feasibleAnts=10 noImprove=10 (elapsed 52.0723s)
[ITER 420] bestGlobalCost=663221.40 (feasible=YES) bestThisIter=663221.40 feasibleAnts=10 noImprove=20 (elapsed 53.8368s)
[ITER 430] bestGlobalCost=663221.40 (feasible=YES) bestThisIter=665459.98 feasibleAnts=10 noImprove=30 (elapsed 54.0956s)
[RESET] no improvement for30-> reset pheromones
[ITER 440] bestGlobalCost=663221.40 (feasible=YES) bestThisIter=674219.21 feasibleAnts=10 noImprove=10 (elapsed 55.7641s)
[ITER 450] bestGlobalCost=663221.40 (feasible=YES) bestThisIter=663221.40 feasibleAnts=10 noImprove=20 (elapsed 57.4279s)
[ITER 460] bestGlobalCost=663221.40 (feasible=YES) bestThisIter=663221.40 feasibleAnts=10 noImprove=30 (elapsed 57.8151s)
[RESET] no improvement for30-> reset pheromones
[ITER 470] bestGlobalCost=663221.40 (feasible=YES) bestThisIter=663221.40 feasibleAnts=10 noImprove=10 (elapsed 59.7942s)
3 10 14 19 33 36 45 52 57 66 69 74 81 84 87 92 93 96 97 99 100 
7 9 11 12 16 18 24 26 29 32 37 44 46 48 49 51 61 63 78 82 
2 21 23 30 35 41 50 54 59 68 70 73 76 77 86 89 91 94 95 
5 6 8 17 25 28 34 38 39 43 56 58 62 71 72 83 88 90 98 
1 4 13 15 20 22 27 31 40 42 47 53 55 60 64 65 67 75 79 80 85 
[SAVELOGS] evolution saved to results/logs/kroC100_05_3/evolution/kroC100_05_3
[SAVELOGS] best cost saved to results/logs/kroC100_05_3/objectives/kroC100_05_3
[SAVELOGS] best solution saved to results/logs/kroC100_05_3/solutions/kroC100_05_3
