[ITER 1] New best cost=665459.98 (feasible=YES, time 0.0383424s)
[ITER 4] New best cost=664419.56 (feasible=YES, time 0.154561s)
[ITER 5] New best cost=663221.40 (feasible=YES, time 0.190561s)
[ITER 10] bestGlobalCost=663221.40 (feasible=YES) bestThisIter=663221.40 feasibleAnts=11 noImprove=5 (elapsed 0.403098s)
[ITER 20] bestGlobalCost=663221.40 (feasible=YES) bestThisIter=663221.40 feasibleAnts=11 noImprove=15 (elapsed 2.32867s)
[ITER 30] bestGlobalCost=663221.40 (feasible=YES) bestThisIter=663221.40 feasibleAnts=9 noImprove=25 (elapsed 4.22631s)
[RESET] no improvement for30-> reset pheromones
[ITER 40] bestGlobalCost=663221.40 (feasible=YES) bestThisIter=665459.98 feasibleAnts=10 noImprove=5 (elapsed 4.53954s)
[ITER 50] bestGlobalCost=663221.40 (feasible=YES) bestThisIter=663221.40 feasibleAnts=10 noImprove=15 (elapsed 6.13611s)
[ITER 60] bestGlobalCost=663221.40 (feasible=YES) bestThisIter=663221.40 feasibleAnts=10 noImprove=25 (elapsed 7.72182s)
[RESET] no improvement for30-> reset pheromones
[ITER 70] bestGlobalCost=663221.40 (feasible=YES) bestThisIter=663221.40 feasibleAnts=10 noImprove=5 (elapsed 8.00752s)
[ITER 80] bestGlobalCost=663221.40 (feasible=YES) bestThisIter=663221.40 feasibleAnts=11 noImprove=15 (elapsed 9.97057s)
[ITER 90] bestGlobalCost=663221.40 (feasible=YES) bestThisIter=663221.40 feasibleAnts=9 noImprove=25 (elapsed 11.857s)
[RESET] no improvement for30-> reset pheromones
[ITER 100] bestGlobalCost=663221.40 (feasible=YES) bestThisIter=672992.26 feasibleAnts=10 noImprove=5 (elapsed 12.1899s)
[ITER 110] bestGlobalCost=663221.40 (feasible=YES) bestThisIter=663221.40 feasibleAnts=10 noImprove=15 (elapsed 13.7959s)
[ITER 120] bestGlobalCost=663221.40 (feasible=YES) bestThisIter=663221.40 feasibleAnts=10 noImprove=25 (elapsed 15.3539s)
[RESET] no improvement for30-> reset pheromones
[ITER 130] bestGlobalCost=663221.40 (feasible=YES) bestThisIter=663221.40 feasibleAnts=10 noImprove=5 (elapsed 15.6547s)
[ITER 140] bestGlobalCost=663221.40 (feasible=YES) bestThisIter=663221.40 feasibleAnts=11 noImprove=15 (elapsed 17.5056s)
[ITER 150] bestGlobalCost=663221.40 (feasible=YES) bestThisIter=663221.40 feasibleAnts=10 noImprove=25 (elapsed 19.3954s)
[RESET] no improvement for30-> reset pheromones
[ITER 160] bestGlobalCost=663221.40 (feasible=YES) bestThisIter=663221.40 feasibleAnts=10 noImprove=5 (elapsed 19.7191s)
[ITER 170] bestGlobalCost=663221.40 (feasible=YES) bestThisIter=663221.40 feasibleAnts=10 noImprove=15 (elapsed 21.3619s)
[ITER 180] bestGlobalCost=663221.40 (feasible=YES) bestThisIter=663221.40 feasibleAnts=10 noImprove=25 (elapsed 22.942s)
[RESET] no improvement for30-> reset pheromones
[ITER 190] bestGlobalCost=663221.40 (feasible=YES) bestThisIter=671769.26 feasibleAnts=10 noImprove=5 (elapsed 23.2817s)
[ITER 200] bestGlobalCost=663221.40 (feasible=YES) bestThisIter=663221.40 feasibleAnts=11 noImprove=15 (elapsed 25.0089s)
[ITER 210] bestGlobalCost=663221.40 (feasible=YES) bestThisIter=663221.40 feasibleAnts=11 noImprove=25 (elapsed 26.9094s)
[RESET] no improvement for30-> reset pheromones
[ITER 220] bestGlobalCost=663221.40 (feasible=YES) bestThisIter=685355.21 feasibleAnts=10 noImprove=5 (elapsed 27.2783s)
[ITER 230] bestGlobalCost=663221.40 (feasible=YES) bestThisIter=663221.40 feasibleAnts=11 noImprove=15 (elapsed 29.0834s)
[ITER 240] bestGlobalCost=663221.40 (feasible=YES) bestThisIter=663221.40 feasibleAnts=10 noImprove=25 (elapsed 30.6015s)
[RESET] no improvement for30-> reset pheromones
[ITER 250] bestGlobalCost=663221.40 (feasible=YES) bestThisIter=678478.82 feasibleAnts=10 noImprove=5 (elapsed 30.8974s)
[ITER 260] bestGlobalCost=663221.40 (feasible=YES) bestThisIter=663221.40 feasibleAnts=10 noImprove=15 (elapsed 32.5483s)
[ITER 270] bestGlobalCost=663221.40 (feasible=YES) bestThisIter=663221.40 feasibleAnts=10 noImprove=25 (elapsed 34.5144s)
[RESET] no improvement for30-> reset pheromones
[ITER 280] bestGlobalCost=663221.40 (feasible=YES) bestThisIter=665459.98 feasibleAnts=10 noImprove=5 (elapsed 34.8662s)
[ITER 290] bestGlobalCost=663221.40 (feasible=YES) bestThisIter=663221.40 feasibleAnts=12 noImprove=15 (elapsed 36.6826s)
[ITER 300] bestGlobalCost=663221.40 (feasible=YES) bestThisIter=663221.40 feasibleAnts=10 noImprove=25 (elapsed 38.2786s)
[RESET] no improvement for30-> reset pheromones
[ITER 310] bestGlobalCost=663221.40 (feasible=YES) bestThisIter=676731.03 feasibleAnts=10 noImprove=5 (elapsed 38.5731s)
[ITER 320] bestGlobalCost=663221.40 (feasible=YES) bestThisIter=663221.40 feasibleAnts=11 noImprove=15 (elapsed 40.2475s)
[ITER 330] bestGlobalCost=663221.40 (feasible=YES) bestThisIter=663221.40 feasibleAnts=10 noImprove=25 (elapsed 42.1544s)
[RESET] no improvement for30-> reset pheromones
[ITER 340] bestGlobalCost=663221.40 (feasible=YES) bestThisIter=669485.77 feasibleAnts=10 noImprove=5 (elapsed 42.5258s)
[ITER 350] bestGlobalCost=663221.40 (feasible=YES) bestThisIter=663221.40 feasibleAnts=12 noImprove=15 (elapsed 44.4163s)
[ITER 360] bestGlobalCost=663221.40 (feasible=YES) bestThisIter=663221.40 feasibleAnts=12 noImprove=25 (elapsed 45.9605s)
[RESET] no improvement for30-> reset pheromones
[ITER 370] bestGlobalCost=663221.40 (feasible=YES) bestThisIter=669674.94 feasibleAnts=10 noImprove=5 (elapsed 46.2828s)
[ITER 380] bestGlobalCost=663221.40 (feasible=YES) bestThisIter=663221.40 feasibleAnts=11 noImprove=15 (elapsed 47.896s)
[ITER 390] bestGlobalCost=663221.40 (feasible=YES) bestThisIter=663221.40 feasibleAnts=9 noImprove=25 (elapsed 49.7275s)
[RESET] no improvement for30-> reset pheromones
[ITER 400] bestGlobalCost=663221.40 (feasible=YES) bestThisIter=670422.81 feasibleAnts=10 noImprove=5 (elapsed 50.086s)
[ITER 410] bestGlobalCost=663221.40 (feasible=YES) bestThisIter=663221.40 feasibleAnts=12 noImprove=15 (elapsed 52.02s)
[ITER 420] bestGlobalCost=663221.40 (feasible=YES) bestThisIter=663221.40 feasibleAnts=10 noImprove=25 (elapsed 53.6255s)
[RESET] no improvement for30-> reset pheromones
[ITER 430] bestGlobalCost=663221.40 (feasible=YES) bestThisIter=671143.78 feasibleAnts=10 noImprove=5 (elapsed 53.9401s)
[ITER 440] bestGlobalCost=663221.40 (feasible=YES) bestThisIter=663221.40 feasibleAnts=11 noImprove=15 (elapsed 55.5308s)
[ITER 450] bestGlobalCost=663221.40 (feasible=YES) bestThisIter=665459.98 feasibleAnts=10 noImprove=25 (elapsed 57.313s)
[RESET] no improvement for30-> reset pheromones
[ITER 460] bestGlobalCost=663221.40 (feasible=YES) bestThisIter=670004.81 feasibleAnts=10 noImprove=5 (elapsed 57.6735s)
[ITER 470] bestGlobalCost=663221.40 (feasible=YES) bestThisIter=663221.40 feasibleAnts=12 noImprove=15 (elapsed 59.6373s)
[ITER 480] bestGlobalCost=663221.40 (feasible=YES) bestThisIter=663221.40 feasibleAnts=10 noImprove=25 (elapsed 61.3343s)
3 10 14 19 33 36 45 52 57 66 69 74 81 84 87 92 93 96 97 99 100 
2 21 23 30 35 41 50 54 59 68 70 73 76 77 86 89 91 94 95 
7 9 11 12 16 18 24 26 29 32 37 44 46 48 49 51 61 63 78 82 
5 6 8 17 25 28 34 38 39 43 56 58 62 71 72 83 88 90 98 
1 4 13 15 20 22 27 31 40 42 47 53 55 60 64 65 67 75 79 80 85 
[SAVELOGS] evolution saved to results/logs/kroC100_05_3/evolution/kroC100_05_3
[SAVELOGS] best cost saved to results/logs/kroC100_05_3/objectives/kroC100_05_3
[SAVELOGS] best solution saved to results/logs/kroC100_05_3/solutions/kroC100_05_3
