[ITER 1] New best cost=1829306.61 (feasible=YES, time 0.398164s)
[ITER 2] New best cost=1820179.00 (feasible=YES, time 0.91559s)
[ITER 4] New best cost=1757137.55 (feasible=YES, time 1.363s)
[ITER 5] New best cost=1729547.86 (feasible=YES, time 1.57022s)
[ITER 9] New best cost=1729250.67 (feasible=YES, time 2.29686s)
[ITER 10] New best cost=1705619.47 (feasible=YES, time 2.54876s)
[ITER 10] bestGlobalCost=1705619.47 (feasible=YES) bestThisIter=1705619.47 feasibleAnts=14 noImprove=0 (elapsed 2.55436s)
[ITER 11] New best cost=1691705.81 (feasible=YES, time 2.86577s)
[ITER 12] New best cost=1688770.88 (feasible=YES, time 3.01823s)
[ITER 15] New best cost=1683714.72 (feasible=YES, time 13.3308s)
[ITER 20] bestGlobalCost=1683714.72 (feasible=YES) bestThisIter=1683714.72 feasibleAnts=9 noImprove=5 (elapsed 16.8691s)
[ITER 21] New best cost=1680716.71 (feasible=YES, time 17.2851s)
[ITER 30] New best cost=1680328.99 (feasible=YES, time 21.0701s)
[ITER 30] New best cost=1670681.13 (feasible=YES, time 23.0411s)
[ITER 30] New best cost=1662294.00 (feasible=YES, time 25.5251s)
[ITER 30] bestGlobalCost=1662294.00 (feasible=YES) bestThisIter=1680716.71 feasibleAnts=9 noImprove=0 (elapsed 30.0858s)
[ITER 34] New best cost=1660921.97 (feasible=YES, time 30.6013s)
[ITER 40] bestGlobalCost=1660921.97 (feasible=YES) bestThisIter=1660921.97 feasibleAnts=11 noImprove=6 (elapsed 31.5896s)
[ITER 50] bestGlobalCost=1660921.97 (feasible=YES) bestThisIter=1756990.96 feasibleAnts=10 noImprove=16 (elapsed 45.6536s)
[ITER 60] bestGlobalCost=1660921.97 (feasible=YES) bestThisIter=1806322.58 feasibleAnts=10 noImprove=26 (elapsed 58.7869s)
[RESET] no improvement for30-> reset pheromones
34 35 36 45 46 47 48 55 56 57 58 59 68 
37 41 42 50 54 61 62 66 71 75 76 83 87 88 100 
18 30 31 38 39 40 51 52 53 63 64 65 85 
111 112 113 115 116 122 123 125 126 127 128 133 134 
20 24 43 44 49 60 67 69 70 82 93 94 
72 73 84 86 95 96 97 98 99 108 109 110 131 132 
77 78 79 80 81 89 90 91 92 101 102 103 104 114 124 
74 105 106 107 117 118 119 120 121 129 130 135 136 
3 4 9 10 11 12 13 14 21 22 23 25 26 33 
1 2 5 6 7 8 15 16 17 19 27 28 29 32 
[SAVELOGS] evolution saved to results/logs/pr136_10_5/evolution/pr136_10_5
[SAVELOGS] best cost saved to results/logs/pr136_10_5/objectives/pr136_10_5
[SAVELOGS] best solution saved to results/logs/pr136_10_5/solutions/pr136_10_5
