[ITER 1] New best cost=1835101.67 (feasible=YES, time 0.557747s)
[ITER 2] New best cost=1783128.35 (feasible=YES, time 0.747743s)
[ITER 3] New best cost=1770267.80 (feasible=YES, time 0.934435s)
[ITER 4] New best cost=1746612.85 (feasible=YES, time 1.01995s)
[ITER 10] bestGlobalCost=1746612.85 (feasible=YES) bestThisIter=1810430.30 feasibleAnts=10 noImprove=6 (elapsed 2.54924s)
[ITER 12] New best cost=1744004.51 (feasible=YES, time 3.20253s)
[ITER 15] New best cost=1737053.69 (feasible=YES, time 5.75811s)
[ITER 15] New best cost=1726031.57 (feasible=YES, time 7.72152s)
[ITER 15] New best cost=1723665.31 (feasible=YES, time 9.53705s)
[ITER 15] New best cost=1714656.03 (feasible=YES, time 11.1737s)
[ITER 15] New best cost=1702256.25 (feasible=YES, time 12.9404s)
[ITER 20] New best cost=1700103.80 (feasible=YES, time 13.7316s)
[ITER 20] bestGlobalCost=1700103.80 (feasible=YES) bestThisIter=1700103.80 feasibleAnts=11 noImprove=0 (elapsed 13.7356s)
[ITER 21] New best cost=1693370.26 (feasible=YES, time 13.8722s)
[ITER 25] New best cost=1690826.83 (feasible=YES, time 14.371s)
[ITER 28] New best cost=1689140.87 (feasible=YES, time 14.8427s)
[ITER 30] New best cost=1685382.37 (feasible=YES, time 17.0168s)
[ITER 30] New best cost=1665785.44 (feasible=YES, time 19.3497s)
[ITER 30] bestGlobalCost=1665785.44 (feasible=YES) bestThisIter=1689011.07 feasibleAnts=9 noImprove=0 (elapsed 24.8732s)
[ITER 34] New best cost=1665706.17 (feasible=YES, time 25.3427s)
[ITER 35] New best cost=1657324.99 (feasible=YES, time 25.4992s)
[ITER 40] bestGlobalCost=1657324.99 (feasible=YES) bestThisIter=1657324.99 feasibleAnts=10 noImprove=5 (elapsed 26.3021s)
[ITER 50] bestGlobalCost=1657324.99 (feasible=YES) bestThisIter=1749779.40 feasibleAnts=10 noImprove=15 (elapsed 37.4514s)
[ITER 60] New best cost=1652472.79 (feasible=YES, time 45.2154s)
[ITER 60] bestGlobalCost=1652472.79 (feasible=YES) bestThisIter=1730119.70 feasibleAnts=10 noImprove=0 (elapsed 49.2496s)
[ITER 70] bestGlobalCost=1652472.79 (feasible=YES) bestThisIter=1652472.79 feasibleAnts=10 noImprove=10 (elapsed 51.1729s)
34 35 36 45 46 47 48 55 56 57 58 59 68 
1 2 5 6 7 17 18 19 29 30 31 40 52 
38 39 41 51 53 62 63 64 65 72 73 74 85 98 
111 112 113 115 116 122 123 125 126 127 128 133 134 
3 4 9 10 11 12 13 14 21 22 23 24 25 33 
71 75 76 83 84 87 96 99 100 105 110 117 120 135 
44 49 54 60 67 70 77 78 88 93 94 95 101 
86 97 106 107 108 109 118 119 121 129 130 131 132 136 
8 15 16 20 26 27 28 32 37 42 43 50 61 66 
69 79 80 81 82 89 90 91 92 102 103 104 114 124 
[SAVELOGS] evolution saved to results/logs/pr136_10_5/evolution/pr136_10_5
[SAVELOGS] best cost saved to results/logs/pr136_10_5/objectives/pr136_10_5
[SAVELOGS] best solution saved to results/logs/pr136_10_5/solutions/pr136_10_5
