[ITER 1] New best cost=359247.39 (feasible=YES, time 0.380835s)
[ITER 2] New best cost=353190.76 (feasible=YES, time 0.613326s)
[ITER 3] New best cost=348823.91 (feasible=YES, time 0.930127s)
[ITER 4] New best cost=345347.14 (feasible=YES, time 1.17986s)
[ITER 5] New best cost=334239.73 (feasible=YES, time 1.5176s)
[ITER 6] New best cost=327964.33 (feasible=YES, time 1.74722s)
[ITER 10] bestGlobalCost=327964.33 (feasible=YES) bestThisIter=336959.06 feasibleAnts=10 noImprove=4 (elapsed 2.77176s)
[ITER 12] New best cost=323543.84 (feasible=YES, time 3.28919s)
[ITER 15] New best cost=317381.49 (feasible=YES, time 6.28326s)
[ITER 15] New best cost=306919.75 (feasible=YES, time 10.3549s)
[ITER 20] bestGlobalCost=306919.75 (feasible=YES) bestThisIter=306919.75 feasibleAnts=10 noImprove=5 (elapsed 16.128s)
[ITER 30] bestGlobalCost=306919.75 (feasible=YES) bestThisIter=324915.98 feasibleAnts=10 noImprove=15 (elapsed 29.296s)
[ITER 40] bestGlobalCost=306919.75 (feasible=YES) bestThisIter=342838.51 feasibleAnts=10 noImprove=25 (elapsed 33.0988s)
[RESET] no improvement for30-> reset pheromones
[ITER 50] bestGlobalCost=306919.75 (feasible=YES) bestThisIter=349857.09 feasibleAnts=10 noImprove=5 (elapsed 47.5859s)
[ITER 60] bestGlobalCost=306919.75 (feasible=YES) bestThisIter=333056.74 feasibleAnts=10 noImprove=15 (elapsed 62.4989s)
4 16 22 26 65 90 118 119 124 129 
18 24 36 38 79 94 99 102 104 137 
7 9 20 51 57 61 87 117 125 145 
2 44 50 54 68 82 85 116 144 147 
3 14 41 43 48 71 100 112 132 136 
1 8 28 63 75 92 93 130 142 148 
31 42 56 80 89 97 122 133 138 139 143 
5 30 52 96 101 107 121 135 140 
6 10 19 49 53 66 70 88 106 134 
11 21 59 72 74 84 111 113 127 141 
15 17 23 32 47 91 98 109 131 
29 34 46 55 83 115 120 123 128 149 
13 33 37 39 76 78 95 103 126 146 
12 27 35 45 60 62 77 86 110 150 
25 40 58 64 67 69 73 81 105 108 114 
[SAVELOGS] evolution saved to results/logs/kroA150_15_5/evolution/kroA150_15_5
[SAVELOGS] best cost saved to results/logs/kroA150_15_5/objectives/kroA150_15_5
[SAVELOGS] best solution saved to results/logs/kroA150_15_5/solutions/kroA150_15_5
