[ITER 1] New best cost=350675.04 (feasible=YES, time 0.37965s)
[ITER 2] New best cost=348150.91 (feasible=YES, time 0.649228s)
[ITER 3] New best cost=340501.75 (feasible=YES, time 0.905825s)
[ITER 4] New best cost=326303.66 (feasible=YES, time 1.19952s)
[ITER 10] bestGlobalCost=326303.66 (feasible=YES) bestThisIter=338991.39 feasibleAnts=10 noImprove=6 (elapsed 3.37961s)
[ITER 15] New best cost=317174.31 (feasible=YES, time 6.88987s)
[ITER 15] New best cost=317043.58 (feasible=YES, time 9.05756s)
[ITER 15] New best cost=316277.89 (feasible=YES, time 11.3846s)
[ITER 20] bestGlobalCost=316277.89 (feasible=YES) bestThisIter=323254.82 feasibleAnts=8 noImprove=5 (elapsed 16.4427s)
[ITER 30] New best cost=315577.86 (feasible=YES, time 25.9224s)
[ITER 30] bestGlobalCost=315577.86 (feasible=YES) bestThisIter=344252.14 feasibleAnts=10 noImprove=0 (elapsed 30.2026s)
[ITER 31] New best cost=314006.49 (feasible=YES, time 30.4059s)
[ITER 33] New best cost=312868.31 (feasible=YES, time 30.8043s)
[ITER 40] bestGlobalCost=312868.31 (feasible=YES) bestThisIter=319778.69 feasibleAnts=10 noImprove=7 (elapsed 32.2367s)
[ITER 45] New best cost=311888.76 (feasible=YES, time 44.6128s)
[ITER 50] bestGlobalCost=311888.76 (feasible=YES) bestThisIter=312718.92 feasibleAnts=9 noImprove=5 (elapsed 45.624s)
[ITER 60] bestGlobalCost=311888.76 (feasible=YES) bestThisIter=338185.42 feasibleAnts=10 noImprove=15 (elapsed 59.3032s)
3 14 41 43 48 71 100 112 132 136 
4 10 26 53 65 118 119 124 129 
5 30 78 96 101 107 121 135 146 
13 33 37 39 52 76 95 103 147 
11 15 18 59 72 74 84 113 127 141 
9 12 25 57 61 81 87 117 125 140 145 
24 36 38 79 94 99 102 104 111 137 
1 6 28 47 63 92 93 130 142 148 
40 51 58 64 67 69 105 108 114 133 144 
8 31 42 56 80 89 97 122 138 139 143 
7 20 27 35 60 62 77 86 110 150 
17 21 23 32 45 91 98 109 131 
16 19 22 49 66 70 75 88 90 106 134 
2 44 50 54 68 73 82 85 116 126 
29 34 46 55 83 115 120 123 128 149 
[SAVELOGS] evolution saved to results/logs/kroA150_15_5/evolution/kroA150_15_5
[SAVELOGS] best cost saved to results/logs/kroA150_15_5/objectives/kroA150_15_5
[SAVELOGS] best solution saved to results/logs/kroA150_15_5/solutions/kroA150_15_5
