[ITER 1] New best cost=356383.03 (feasible=YES, time 0.565018s)
[ITER 2] New best cost=334932.72 (feasible=YES, time 0.947216s)
[ITER 5] New best cost=326602.56 (feasible=YES, time 1.98309s)
[ITER 10] bestGlobalCost=326602.56 (feasible=YES) bestThisIter=342609.60 feasibleAnts=10 noImprove=5 (elapsed 3.51981s)
[ITER 15] New best cost=323918.89 (feasible=YES, time 7.17394s)
[ITER 15] New best cost=318625.56 (feasible=YES, time 9.13657s)
[ITER 20] bestGlobalCost=318625.56 (feasible=YES) bestThisIter=324012.64 feasibleAnts=10 noImprove=5 (elapsed 16.921s)
[ITER 21] New best cost=316852.75 (feasible=YES, time 17.1476s)
[ITER 22] New best cost=315177.12 (feasible=YES, time 17.3204s)
[ITER 24] New best cost=312568.40 (feasible=YES, time 17.8339s)
[ITER 27] New best cost=310200.55 (feasible=YES, time 18.3018s)
[ITER 30] New best cost=304559.37 (feasible=YES, time 20.8191s)
[ITER 30] bestGlobalCost=304559.37 (feasible=YES) bestThisIter=304559.37 feasibleAnts=9 noImprove=0 (elapsed 29.2077s)
[ITER 40] bestGlobalCost=304559.37 (feasible=YES) bestThisIter=304559.37 feasibleAnts=10 noImprove=10 (elapsed 31.3893s)
[ITER 50] bestGlobalCost=304559.37 (feasible=YES) bestThisIter=338341.53 feasibleAnts=10 noImprove=20 (elapsed 45.5936s)
[ITER 60] bestGlobalCost=304559.37 (feasible=YES) bestThisIter=327247.84 feasibleAnts=10 noImprove=30 (elapsed 59.5759s)
[RESET] no improvement for30-> reset pheromones
6 16 19 49 53 66 70 88 90 106 
11 15 17 23 32 59 91 109 131 
10 21 63 72 74 84 113 127 137 141 
2 40 44 54 64 68 82 85 116 144 
50 51 58 61 69 73 81 114 125 145 
13 33 37 39 76 78 95 103 126 146 
20 45 47 60 62 77 86 98 110 150 
27 35 43 55 83 115 120 123 128 149 
5 30 52 96 101 107 112 121 147 
3 14 29 41 46 48 71 100 132 136 
8 31 42 56 75 80 89 122 133 138 139 143 
4 22 26 65 97 118 119 124 129 134 
1 28 67 92 93 105 108 130 142 148 
7 9 12 25 34 57 87 117 135 140 
18 24 36 38 79 94 99 102 104 111 
[SAVELOGS] evolution saved to results/logs/kroA150_15_5/evolution/kroA150_15_5
[SAVELOGS] best cost saved to results/logs/kroA150_15_5/objectives/kroA150_15_5
[SAVELOGS] best solution saved to results/logs/kroA150_15_5/solutions/kroA150_15_5
