[ITER 1] New best cost=5900.77 (feasible=YES, time 0.0345015s)
[ITER 2] New best cost=5837.31 (feasible=YES, time 0.0628874s)
[ITER 3] New best cost=5821.90 (feasible=YES, time 0.0796089s)
[ITER 4] New best cost=5809.97 (feasible=YES, time 0.0937832s)
[ITER 5] New best cost=5795.98 (feasible=YES, time 0.108702s)
[ITER 7] New best cost=5794.44 (feasible=YES, time 0.138861s)
[ITER 10] New best cost=5767.82 (feasible=YES, time 0.204571s)
[ITER 10] bestGlobalCost=5767.82 (feasible=YES) bestThisIter=5767.82 feasibleAnts=10 noImprove=0 (elapsed 0.207196s)
[ITER 15] New best cost=5720.45 (feasible=YES, time 0.525897s)
[ITER 20] bestGlobalCost=5720.45 (feasible=YES) bestThisIter=5720.45 feasibleAnts=13 noImprove=5 (elapsed 1.55974s)
[ITER 30] bestGlobalCost=5720.45 (feasible=YES) bestThisIter=5720.45 feasibleAnts=10 noImprove=15 (elapsed 2.94159s)
[ITER 40] bestGlobalCost=5720.45 (feasible=YES) bestThisIter=5720.45 feasibleAnts=10 noImprove=25 (elapsed 3.1813s)
[RESET] no improvement for30-> reset pheromones
[ITER 50] bestGlobalCost=5720.45 (feasible=YES) bestThisIter=5847.72 feasibleAnts=10 noImprove=5 (elapsed 4.87503s)
[ITER 60] bestGlobalCost=5720.45 (feasible=YES) bestThisIter=5720.45 feasibleAnts=10 noImprove=15 (elapsed 6.64967s)
[ITER 70] bestGlobalCost=5720.45 (feasible=YES) bestThisIter=5720.45 feasibleAnts=10 noImprove=25 (elapsed 6.94048s)
[RESET] no improvement for30-> reset pheromones
[ITER 80] bestGlobalCost=5720.45 (feasible=YES) bestThisIter=5766.63 feasibleAnts=10 noImprove=5 (elapsed 8.52456s)
[ITER 90] bestGlobalCost=5720.45 (feasible=YES) bestThisIter=5730.85 feasibleAnts=10 noImprove=15 (elapsed 9.99212s)
[ITER 100] bestGlobalCost=5720.45 (feasible=YES) bestThisIter=5720.45 feasibleAnts=10 noImprove=25 (elapsed 10.2153s)
[RESET] no improvement for30-> reset pheromones
[ITER 110] bestGlobalCost=5720.45 (feasible=YES) bestThisIter=5720.45 feasibleAnts=10 noImprove=5 (elapsed 11.712s)
[ITER 120] bestGlobalCost=5720.45 (feasible=YES) bestThisIter=5743.60 feasibleAnts=10 noImprove=15 (elapsed 13.2044s)
[ITER 130] bestGlobalCost=5720.45 (feasible=YES) bestThisIter=5720.45 feasibleAnts=10 noImprove=25 (elapsed 13.418s)
[RESET] no improvement for30-> reset pheromones
[ITER 140] bestGlobalCost=5720.45 (feasible=YES) bestThisIter=5720.45 feasibleAnts=10 noImprove=5 (elapsed 14.8791s)
[ITER 150] bestGlobalCost=5720.45 (feasible=YES) bestThisIter=5766.63 feasibleAnts=10 noImprove=15 (elapsed 16.4359s)
[ITER 160] bestGlobalCost=5720.45 (feasible=YES) bestThisIter=5720.45 feasibleAnts=10 noImprove=25 (elapsed 16.717s)
[RESET] no improvement for30-> reset pheromones
[ITER 170] bestGlobalCost=5720.45 (feasible=YES) bestThisIter=5760.45 feasibleAnts=10 noImprove=5 (elapsed 18.5068s)
[ITER 180] bestGlobalCost=5720.45 (feasible=YES) bestThisIter=5720.45 feasibleAnts=10 noImprove=15 (elapsed 20.195s)
[ITER 190] bestGlobalCost=5720.45 (feasible=YES) bestThisIter=5720.45 feasibleAnts=10 noImprove=25 (elapsed 20.4285s)
[RESET] no improvement for30-> reset pheromones
[ITER 200] bestGlobalCost=5720.45 (feasible=YES) bestThisIter=5720.45 feasibleAnts=10 noImprove=5 (elapsed 21.8742s)
[ITER 210] bestGlobalCost=5720.45 (feasible=YES) bestThisIter=5733.23 feasibleAnts=10 noImprove=15 (elapsed 23.3978s)
[ITER 220] bestGlobalCost=5720.45 (feasible=YES) bestThisIter=5720.45 feasibleAnts=10 noImprove=25 (elapsed 23.6018s)
[RESET] no improvement for30-> reset pheromones
[ITER 230] bestGlobalCost=5720.45 (feasible=YES) bestThisIter=5794.10 feasibleAnts=10 noImprove=5 (elapsed 25.0875s)
[ITER 240] bestGlobalCost=5720.45 (feasible=YES) bestThisIter=5720.45 feasibleAnts=10 noImprove=15 (elapsed 26.5554s)
[ITER 250] bestGlobalCost=5720.45 (feasible=YES) bestThisIter=5720.45 feasibleAnts=10 noImprove=25 (elapsed 26.8014s)
[RESET] no improvement for30-> reset pheromones
[ITER 260] bestGlobalCost=5720.45 (feasible=YES) bestThisIter=5720.45 feasibleAnts=10 noImprove=5 (elapsed 28.4273s)
[ITER 270] bestGlobalCost=5720.45 (feasible=YES) bestThisIter=5720.45 feasibleAnts=10 noImprove=15 (elapsed 30.2514s)
[ITER 280] bestGlobalCost=5720.45 (feasible=YES) bestThisIter=5720.45 feasibleAnts=10 noImprove=25 (elapsed 30.5042s)
[RESET] no improvement for30-> reset pheromones
[ITER 290] bestGlobalCost=5720.45 (feasible=YES) bestThisIter=5781.29 feasibleAnts=10 noImprove=5 (elapsed 32.1493s)
[ITER 300] bestGlobalCost=5720.45 (feasible=YES) bestThisIter=5720.45 feasibleAnts=10 noImprove=15 (elapsed 33.6021s)
[ITER 310] bestGlobalCost=5720.45 (feasible=YES) bestThisIter=5720.45 feasibleAnts=10 noImprove=25 (elapsed 33.8663s)
[RESET] no improvement for30-> reset pheromones
[ITER 320] bestGlobalCost=5720.45 (feasible=YES) bestThisIter=5729.11 feasibleAnts=10 noImprove=5 (elapsed 35.2713s)
[ITER 330] bestGlobalCost=5720.45 (feasible=YES) bestThisIter=5720.45 feasibleAnts=10 noImprove=15 (elapsed 36.908s)
[ITER 340] bestGlobalCost=5720.45 (feasible=YES) bestThisIter=5760.21 feasibleAnts=10 noImprove=25 (elapsed 37.1961s)
[RESET] no improvement for30-> reset pheromones
[ITER 350] bestGlobalCost=5720.45 (feasible=YES) bestThisIter=5810.10 feasibleAnts=10 noImprove=5 (elapsed 38.9351s)
[ITER 360] bestGlobalCost=5720.45 (feasible=YES) bestThisIter=5720.45 feasibleAnts=10 noImprove=15 (elapsed 40.5644s)
[ITER 370] bestGlobalCost=5720.45 (feasible=YES) bestThisIter=5720.45 feasibleAnts=10 noImprove=25 (elapsed 40.7921s)
[RESET] no improvement for30-> reset pheromones
[ITER 380] bestGlobalCost=5720.45 (feasible=YES) bestThisIter=5735.14 feasibleAnts=10 noImprove=5 (elapsed 42.2216s)
[ITER 390] bestGlobalCost=5720.45 (feasible=YES) bestThisIter=5720.45 feasibleAnts=10 noImprove=15 (elapsed 43.6413s)
[ITER 400] bestGlobalCost=5720.45 (feasible=YES) bestThisIter=5720.45 feasibleAnts=10 noImprove=25 (elapsed 43.8988s)
[RESET] no improvement for30-> reset pheromones
[ITER 410] bestGlobalCost=5720.45 (feasible=YES) bestThisIter=5875.64 feasibleAnts=10 noImprove=5 (elapsed 45.3208s)
[ITER 420] bestGlobalCost=5720.45 (feasible=YES) bestThisIter=5720.45 feasibleAnts=10 noImprove=15 (elapsed 46.7636s)
[ITER 430] bestGlobalCost=5720.45 (feasible=YES) bestThisIter=5720.45 feasibleAnts=10 noImprove=25 (elapsed 46.9781s)
[RESET] no improvement for30-> reset pheromones
[ITER 440] bestGlobalCost=5720.45 (feasible=YES) bestThisIter=5734.53 feasibleAnts=10 noImprove=5 (elapsed 48.6144s)
[ITER 450] bestGlobalCost=5720.45 (feasible=YES) bestThisIter=5720.45 feasibleAnts=10 noImprove=15 (elapsed 50.4752s)
[ITER 460] bestGlobalCost=5720.45 (feasible=YES) bestThisIter=5720.45 feasibleAnts=10 noImprove=25 (elapsed 50.7572s)
[RESET] no improvement for30-> reset pheromones
[ITER 470] bestGlobalCost=5720.45 (feasible=YES) bestThisIter=5821.83 feasibleAnts=10 noImprove=5 (elapsed 52.4118s)
[ITER 480] bestGlobalCost=5720.45 (feasible=YES) bestThisIter=5720.45 feasibleAnts=10 noImprove=15 (elapsed 53.9032s)
[ITER 490] bestGlobalCost=5720.45 (feasible=YES) bestThisIter=5720.45 feasibleAnts=10 noImprove=25 (elapsed 54.1424s)
[RESET] no improvement for30-> reset pheromones
[ITER 500] bestGlobalCost=5720.45 (feasible=YES) bestThisIter=5848.60 feasibleAnts=10 noImprove=5 (elapsed 55.627s)
[ITER 510] bestGlobalCost=5720.45 (feasible=YES) bestThisIter=5720.45 feasibleAnts=10 noImprove=15 (elapsed 57.0633s)
[ITER 520] bestGlobalCost=5720.45 (feasible=YES) bestThisIter=5759.52 feasibleAnts=10 noImprove=25 (elapsed 57.2975s)
[RESET] no improvement for30-> reset pheromones
[ITER 530] bestGlobalCost=5720.45 (feasible=YES) bestThisIter=5766.88 feasibleAnts=10 noImprove=5 (elapsed 58.7959s)
[ITER 540] bestGlobalCost=5720.45 (feasible=YES) bestThisIter=5720.45 feasibleAnts=10 noImprove=15 (elapsed 60.3262s)
14 16 38 43 44 85 86 91 100 
4 23 25 39 54 55 56 67 72 74 75 
1 26 27 28 31 52 69 88 89 101 
3 12 24 29 33 50 68 76 77 80 
10 11 19 30 32 62 63 64 70 90 
5 6 17 60 61 83 84 96 99 
2 13 15 21 22 40 41 53 57 58 73 
7 8 18 36 45 46 47 48 49 82 
9 20 34 35 51 65 66 71 78 79 81 
37 42 59 87 92 93 94 95 97 98 
[SAVELOGS] evolution saved to results/logs/eil101_10_2/evolution/eil101_10_2
[SAVELOGS] best cost saved to results/logs/eil101_10_2/objectives/eil101_10_2
[SAVELOGS] best solution saved to results/logs/eil101_10_2/solutions/eil101_10_2
