[ITER 1] New best cost=394591.72 (feasible=YES, time 0.120486s)
[ITER 2] New best cost=390666.03 (feasible=YES, time 0.211565s)
[ITER 3] New best cost=388960.28 (feasible=YES, time 0.302346s)
[ITER 4] New best cost=386496.39 (feasible=YES, time 0.4056s)
[ITER 5] New best cost=383430.44 (feasible=YES, time 0.517402s)
[ITER 7] New best cost=383251.32 (feasible=YES, time 0.688877s)
[ITER 9] New best cost=381535.03 (feasible=YES, time 0.837858s)
[ITER 10] bestGlobalCost=381535.03 (feasible=YES) bestThisIter=381535.03 feasibleAnts=10 noImprove=1 (elapsed 0.917765s)
[ITER 12] New best cost=380872.61 (feasible=YES, time 1.0716s)
[ITER 13] New best cost=380577.78 (feasible=YES, time 1.13893s)
[ITER 15] New best cost=380206.69 (feasible=YES, time 7.38339s)
[ITER 20] bestGlobalCost=380206.69 (feasible=YES) bestThisIter=380206.69 feasibleAnts=15 noImprove=5 (elapsed 7.72188s)
[ITER 30] bestGlobalCost=380206.69 (feasible=YES) bestThisIter=380206.69 feasibleAnts=10 noImprove=15 (elapsed 15.3696s)
[ITER 40] bestGlobalCost=380206.69 (feasible=YES) bestThisIter=380206.69 feasibleAnts=10 noImprove=25 (elapsed 16.1106s)
[RESET] no improvement for30-> reset pheromones
[ITER 50] bestGlobalCost=380206.69 (feasible=YES) bestThisIter=382775.09 feasibleAnts=10 noImprove=5 (elapsed 23.5173s)
[ITER 60] bestGlobalCost=380206.69 (feasible=YES) bestThisIter=380206.69 feasibleAnts=10 noImprove=15 (elapsed 30.5248s)
[ITER 70] bestGlobalCost=380206.69 (feasible=YES) bestThisIter=380206.69 feasibleAnts=9 noImprove=25 (elapsed 31.4144s)
[RESET] no improvement for30-> reset pheromones
[ITER 80] bestGlobalCost=380206.69 (feasible=YES) bestThisIter=384871.54 feasibleAnts=10 noImprove=5 (elapsed 38.9265s)
[ITER 90] bestGlobalCost=380206.69 (feasible=YES) bestThisIter=381535.03 feasibleAnts=10 noImprove=15 (elapsed 46.3135s)
[ITER 100] bestGlobalCost=380206.69 (feasible=YES) bestThisIter=380912.55 feasibleAnts=10 noImprove=25 (elapsed 46.9949s)
[RESET] no improvement for30-> reset pheromones
[ITER 110] bestGlobalCost=380206.69 (feasible=YES) bestThisIter=382632.68 feasibleAnts=10 noImprove=5 (elapsed 54.1094s)
[ITER 120] bestGlobalCost=380206.69 (feasible=YES) bestThisIter=380206.69 feasibleAnts=10 noImprove=15 (elapsed 61.4579s)
2 6 9 18 19 26 28 29 50 51 58 65 70 75 81 83 85 86 90 92 99 102 108 114 132 135 137 138 141 142 146 
1 3 5 7 8 10 30 33 34 35 48 63 73 76 82 84 87 89 93 94 95 96 97 98 100 103 107 113 124 126 143 
14 15 16 23 25 32 38 43 46 49 52 54 55 56 59 72 77 78 79 80 105 109 111 121 122 129 131 133 134 144 147 
4 13 21 22 27 31 44 45 62 64 68 71 74 88 91 104 106 112 115 119 123 125 128 136 145 149 150 
11 12 17 20 24 36 37 39 40 41 42 47 53 57 60 61 66 67 69 101 110 116 117 118 120 127 130 139 140 148 
[SAVELOGS] evolution saved to results/logs/ch150_05_4/evolution/ch150_05_4
[SAVELOGS] best cost saved to results/logs/ch150_05_4/objectives/ch150_05_4
[SAVELOGS] best solution saved to results/logs/ch150_05_4/solutions/ch150_05_4
