[ITER 1] New best cost=386712.32 (feasible=YES, time 0.0992786s)
[ITER 2] New best cost=386545.56 (feasible=YES, time 0.18842s)
[ITER 3] New best cost=383333.26 (feasible=YES, time 0.273719s)
[ITER 5] New best cost=382343.42 (feasible=YES, time 0.425396s)
[ITER 7] New best cost=380572.11 (feasible=YES, time 0.554992s)
[ITER 10] bestGlobalCost=380572.11 (feasible=YES) bestThisIter=380572.11 feasibleAnts=10 noImprove=3 (elapsed 0.777221s)
[ITER 11] New best cost=380206.69 (feasible=YES, time 0.835046s)
[ITER 20] bestGlobalCost=380206.69 (feasible=YES) bestThisIter=380206.69 feasibleAnts=11 noImprove=9 (elapsed 7.83624s)
[ITER 30] bestGlobalCost=380206.69 (feasible=YES) bestThisIter=380206.69 feasibleAnts=9 noImprove=19 (elapsed 15.1294s)
[ITER 40] bestGlobalCost=380206.69 (feasible=YES) bestThisIter=380206.69 feasibleAnts=10 noImprove=29 (elapsed 16.1103s)
[RESET] no improvement for30-> reset pheromones
[ITER 50] bestGlobalCost=380206.69 (feasible=YES) bestThisIter=381165.32 feasibleAnts=10 noImprove=9 (elapsed 23.5493s)
[ITER 60] bestGlobalCost=380206.69 (feasible=YES) bestThisIter=380572.11 feasibleAnts=10 noImprove=19 (elapsed 30.5834s)
[ITER 70] bestGlobalCost=380206.69 (feasible=YES) bestThisIter=381309.72 feasibleAnts=10 noImprove=29 (elapsed 31.3943s)
[RESET] no improvement for30-> reset pheromones
[ITER 80] bestGlobalCost=380206.69 (feasible=YES) bestThisIter=383498.27 feasibleAnts=10 noImprove=9 (elapsed 39.3977s)
[ITER 90] bestGlobalCost=380206.69 (feasible=YES) bestThisIter=380206.69 feasibleAnts=10 noImprove=19 (elapsed 46.7779s)
[ITER 100] bestGlobalCost=380206.69 (feasible=YES) bestThisIter=380206.69 feasibleAnts=10 noImprove=29 (elapsed 47.5776s)
[RESET] no improvement for30-> reset pheromones
[ITER 110] bestGlobalCost=380206.69 (feasible=YES) bestThisIter=382049.19 feasibleAnts=10 noImprove=9 (elapsed 55.2591s)
[ITER 120] bestGlobalCost=380206.69 (feasible=YES) bestThisIter=380206.69 feasibleAnts=10 noImprove=19 (elapsed 62.413s)
14 15 16 23 25 32 38 43 46 49 52 54 55 56 59 72 77 78 79 80 105 109 111 121 122 129 131 133 134 144 147 
11 12 17 20 24 36 37 39 40 41 42 47 53 57 60 61 66 67 69 101 110 116 117 118 120 127 130 139 140 148 
4 13 21 22 27 31 44 45 62 64 68 71 74 88 91 104 106 112 115 119 123 125 128 136 145 149 150 
2 6 9 18 19 26 28 29 50 51 58 65 70 75 81 83 85 86 90 92 99 102 108 114 132 135 137 138 141 142 146 
1 3 5 7 8 10 30 33 34 35 48 63 73 76 82 84 87 89 93 94 95 96 97 98 100 103 107 113 124 126 143 
[SAVELOGS] evolution saved to results/logs/ch150_05_4/evolution/ch150_05_4
[SAVELOGS] best cost saved to results/logs/ch150_05_4/objectives/ch150_05_4
[SAVELOGS] best solution saved to results/logs/ch150_05_4/solutions/ch150_05_4
