[ITER 1] New best cost=1094744.60 (feasible=YES, time 0.213837s)
[ITER 2] New best cost=1068260.40 (feasible=YES, time 0.39438s)
[ITER 3] New best cost=1050816.96 (feasible=YES, time 0.485406s)
[ITER 5] New best cost=1033599.79 (feasible=YES, time 0.771313s)
[ITER 6] New best cost=1030862.78 (feasible=YES, time 0.892988s)
[ITER 7] New best cost=1023917.29 (feasible=YES, time 1.02011s)
[ITER 10] New best cost=1006782.55 (feasible=YES, time 1.44295s)
[ITER 10] bestGlobalCost=1006782.55 (feasible=YES) bestThisIter=1006782.55 feasibleAnts=10 noImprove=0 (elapsed 1.4475s)
[ITER 12] New best cost=1002448.32 (feasible=YES, time 1.68322s)
[ITER 15] New best cost=991779.13 (feasible=YES, time 4.84669s)
[ITER 15] New best cost=977600.51 (feasible=YES, time 7.68945s)
[ITER 20] bestGlobalCost=977600.51 (feasible=YES) bestThisIter=977600.51 feasibleAnts=10 noImprove=5 (elapsed 9.62274s)
[ITER 21] New best cost=974718.07 (feasible=YES, time 9.75859s)
[ITER 30] bestGlobalCost=974718.07 (feasible=YES) bestThisIter=974718.07 feasibleAnts=10 noImprove=9 (elapsed 17.7527s)
[ITER 40] bestGlobalCost=974718.07 (feasible=YES) bestThisIter=1008238.82 feasibleAnts=10 noImprove=19 (elapsed 19.3207s)
[ITER 50] bestGlobalCost=974718.07 (feasible=YES) bestThisIter=979264.47 feasibleAnts=10 noImprove=29 (elapsed 28.1396s)
[RESET] no improvement for30-> reset pheromones
[ITER 60] bestGlobalCost=974718.07 (feasible=YES) bestThisIter=1055961.25 feasibleAnts=10 noImprove=9 (elapsed 37.2661s)
[ITER 70] bestGlobalCost=974718.07 (feasible=YES) bestThisIter=989283.72 feasibleAnts=10 noImprove=19 (elapsed 38.9466s)
[ITER 80] bestGlobalCost=974718.07 (feasible=YES) bestThisIter=1005043.14 feasibleAnts=10 noImprove=29 (elapsed 47.48s)
[RESET] no improvement for30-> reset pheromones
[ITER 90] bestGlobalCost=974718.07 (feasible=YES) bestThisIter=999464.13 feasibleAnts=10 noImprove=9 (elapsed 56.5079s)
[ITER 100] bestGlobalCost=974718.07 (feasible=YES) bestThisIter=979242.10 feasibleAnts=10 noImprove=19 (elapsed 58.2681s)
89 92 93 108 109 110 111 112 113 114 115 116 117 118 121 122 
43 44 46 47 48 49 50 51 52 91 94 119 120 123 
34 35 36 37 38 39 40 41 42 45 131 132 133 134 135 136 137 
18 20 21 22 23 24 25 26 27 28 29 30 32 33 
1 2 3 4 5 6 124 125 126 127 128 129 130 156 157 158 159 
11 12 13 14 15 16 17 19 31 138 139 140 141 142 143 
68 69 70 71 72 74 76 77 78 79 80 81 82 83 86 87 90 
84 85 88 95 96 97 98 99 100 101 102 103 104 105 106 107 
53 54 55 56 57 58 59 60 61 62 63 64 65 66 67 73 75 
7 8 9 10 144 145 146 147 148 149 150 151 152 153 154 155 
[SAVELOGS] evolution saved to results/logs/u159_10_4/evolution/u159_10_4
[SAVELOGS] best cost saved to results/logs/u159_10_4/objectives/u159_10_4
[SAVELOGS] best solution saved to results/logs/u159_10_4/solutions/u159_10_4
