[ITER 1] New best cost=1038254.59 (feasible=YES, time 0.198377s)
[ITER 2] New best cost=1019482.05 (feasible=YES, time 0.366062s)
[ITER 4] New best cost=1019445.27 (feasible=YES, time 0.715721s)
[ITER 5] New best cost=1016189.15 (feasible=YES, time 0.85301s)
[ITER 6] New best cost=1008219.44 (feasible=YES, time 1.01586s)
[ITER 7] New best cost=992685.33 (feasible=YES, time 1.18438s)
[ITER 8] New best cost=987826.29 (feasible=YES, time 1.30613s)
[ITER 10] bestGlobalCost=987826.29 (feasible=YES) bestThisIter=987826.29 feasibleAnts=10 noImprove=2 (elapsed 1.55754s)
[ITER 15] New best cost=979270.50 (feasible=YES, time 3.46446s)
[ITER 15] New best cost=973917.39 (feasible=YES, time 4.93046s)
[ITER 20] bestGlobalCost=973917.39 (feasible=YES) bestThisIter=973917.39 feasibleAnts=12 noImprove=5 (elapsed 9.67095s)
[ITER 30] bestGlobalCost=973917.39 (feasible=YES) bestThisIter=994284.10 feasibleAnts=10 noImprove=15 (elapsed 18.1277s)
[ITER 40] bestGlobalCost=973917.39 (feasible=YES) bestThisIter=1029041.20 feasibleAnts=10 noImprove=25 (elapsed 19.7532s)
[RESET] no improvement for30-> reset pheromones
[ITER 50] bestGlobalCost=973917.39 (feasible=YES) bestThisIter=1095641.89 feasibleAnts=10 noImprove=5 (elapsed 29.6219s)
[ITER 60] bestGlobalCost=973917.39 (feasible=YES) bestThisIter=1001919.66 feasibleAnts=10 noImprove=15 (elapsed 38.7397s)
[ITER 70] bestGlobalCost=973917.39 (feasible=YES) bestThisIter=1036982.06 feasibleAnts=10 noImprove=25 (elapsed 40.2804s)
[RESET] no improvement for30-> reset pheromones
[ITER 80] bestGlobalCost=973917.39 (feasible=YES) bestThisIter=1026566.51 feasibleAnts=10 noImprove=5 (elapsed 49.2561s)
[ITER 90] bestGlobalCost=973917.39 (feasible=YES) bestThisIter=997661.57 feasibleAnts=10 noImprove=15 (elapsed 58.4639s)
[ITER 100] bestGlobalCost=973917.39 (feasible=YES) bestThisIter=990796.78 feasibleAnts=10 noImprove=25 (elapsed 60.0539s)
92 93 94 108 109 110 111 112 113 114 115 116 117 118 119 
68 69 70 71 72 74 76 77 78 79 80 81 82 83 86 87 90 
42 43 44 46 47 48 49 50 51 52 89 91 120 121 122 
84 85 88 95 96 97 98 99 100 101 102 103 104 105 106 107 
11 12 13 14 15 16 17 19 31 139 140 141 142 145 146 
1 2 3 4 5 124 125 126 127 128 129 130 131 156 157 158 159 
53 54 55 56 57 58 59 60 61 62 63 64 65 66 67 73 75 
34 35 36 37 38 39 40 41 45 123 132 133 134 135 136 137 138 
6 7 8 9 10 143 144 147 148 149 150 151 152 153 154 155 
18 20 21 22 23 24 25 26 27 28 29 30 32 33 
[SAVELOGS] evolution saved to results/logs/u159_10_4/evolution/u159_10_4
[SAVELOGS] best cost saved to results/logs/u159_10_4/objectives/u159_10_4
[SAVELOGS] best solution saved to results/logs/u159_10_4/solutions/u159_10_4
