[ITER 1] New best cost=1056706.29 (feasible=YES, time 0.18261s)
[ITER 2] New best cost=1006711.95 (feasible=YES, time 0.333212s)
[ITER 3] New best cost=992378.37 (feasible=YES, time 0.448392s)
[ITER 10] bestGlobalCost=992378.37 (feasible=YES) bestThisIter=1014807.98 feasibleAnts=10 noImprove=7 (elapsed 1.624s)
[ITER 20] bestGlobalCost=992378.37 (feasible=YES) bestThisIter=1022893.99 feasibleAnts=10 noImprove=17 (elapsed 10.1525s)
[ITER 25] New best cost=990769.57 (feasible=YES, time 10.9279s)
[ITER 30] New best cost=988802.64 (feasible=YES, time 12.9023s)
[ITER 30] New best cost=977068.41 (feasible=YES, time 18.5617s)
[ITER 30] bestGlobalCost=977068.41 (feasible=YES) bestThisIter=988802.64 feasibleAnts=10 noImprove=0 (elapsed 18.5665s)
[ITER 33] New best cost=963142.55 (feasible=YES, time 18.8577s)
[ITER 35] New best cost=961844.86 (feasible=YES, time 19.1403s)
[ITER 40] bestGlobalCost=961844.86 (feasible=YES) bestThisIter=961844.86 feasibleAnts=10 noImprove=5 (elapsed 19.9919s)
[ITER 50] bestGlobalCost=961844.86 (feasible=YES) bestThisIter=965384.42 feasibleAnts=10 noImprove=15 (elapsed 28.7337s)
[ITER 60] New best cost=960404.57 (feasible=YES, time 36.192s)
[ITER 60] bestGlobalCost=960404.57 (feasible=YES) bestThisIter=1000018.33 feasibleAnts=10 noImprove=0 (elapsed 37.5931s)
[ITER 70] bestGlobalCost=960404.57 (feasible=YES) bestThisIter=962131.96 feasibleAnts=10 noImprove=10 (elapsed 38.9987s)
[ITER 75] New best cost=959629.28 (feasible=YES, time 46.7172s)
[ITER 80] bestGlobalCost=959629.28 (feasible=YES) bestThisIter=972063.49 feasibleAnts=10 noImprove=5 (elapsed 47.356s)
[ITER 90] bestGlobalCost=959629.28 (feasible=YES) bestThisIter=961921.40 feasibleAnts=10 noImprove=15 (elapsed 55.7671s)
[ITER 100] bestGlobalCost=959629.28 (feasible=YES) bestThisIter=962975.21 feasibleAnts=10 noImprove=25 (elapsed 57.3165s)
[RESET] no improvement for30-> reset pheromones
92 93 94 108 109 110 111 112 113 114 115 116 117 118 119 
53 54 55 56 57 58 59 60 61 62 63 64 65 66 67 73 75 
15 16 18 20 21 22 23 24 25 26 27 28 29 30 
40 43 45 46 47 48 49 50 51 52 89 91 120 121 122 
8 9 10 11 12 13 14 17 143 144 145 146 147 148 149 151 
39 41 42 44 123 124 125 127 128 129 130 131 132 133 135 136 
1 2 3 4 5 6 7 126 150 152 153 154 155 156 157 158 159 
19 31 32 33 34 35 36 37 38 134 137 138 139 140 141 142 
68 69 70 71 72 74 76 77 78 79 80 81 82 83 86 87 90 
84 85 88 95 96 97 98 99 100 101 102 103 104 105 106 107 
[SAVELOGS] evolution saved to results/logs/u159_10_4/evolution/u159_10_4
[SAVELOGS] best cost saved to results/logs/u159_10_4/objectives/u159_10_4
[SAVELOGS] best solution saved to results/logs/u159_10_4/solutions/u159_10_4
