[ITER 1] New best cost=1626236.77 (feasible=YES, time 3.57131s)
[ITER 1] bestGlobalCost=1626236.77 (feasible=YES) bestThisIter=1626236.77 feasibleAnts=10 noImprove=0 (elapsed 3.57554s)
[ITER 2] [TS] New best cost=1507504.10 (feasible=YES, time 14.3552s)
[ITER 2] bestGlobalCost=1507504.10 (feasible=YES) bestThisIter=1573910.95 feasibleAnts=10 noImprove=1 (elapsed 14.3594s)
[ITER 3] New best cost=1505286.19 (feasible=YES, time 16.4866s)
[ITER 3] bestGlobalCost=1505286.19 (feasible=YES) bestThisIter=1505286.19 feasibleAnts=10 noImprove=0 (elapsed 16.4905s)
[ITER 4] [TS] New best cost=1489303.06 (feasible=YES, time 26.2506s)
[ITER 4] bestGlobalCost=1489303.06 (feasible=YES) bestThisIter=1507954.90 feasibleAnts=9 noImprove=1 (elapsed 26.254s)
[ITER 5] bestGlobalCost=1489303.06 (feasible=YES) bestThisIter=1511603.14 feasibleAnts=9 noImprove=2 (elapsed 28.1328s)
[ITER 6] [TS] New best cost=1476893.37 (feasible=YES, time 38.4741s)
[ITER 6] bestGlobalCost=1476893.37 (feasible=YES) bestThisIter=1489999.36 feasibleAnts=10 noImprove=1 (elapsed 38.478s)
[ITER 7] bestGlobalCost=1476893.37 (feasible=YES) bestThisIter=1484105.48 feasibleAnts=10 noImprove=2 (elapsed 40.293s)
[ITER 8] [TS] New best cost=1460560.37 (feasible=YES, time 50.1313s)
[ITER 8] bestGlobalCost=1460560.37 (feasible=YES) bestThisIter=1491895.96 feasibleAnts=10 noImprove=1 (elapsed 50.1353s)
[ITER 9] bestGlobalCost=1460560.37 (feasible=YES) bestThisIter=1474068.85 feasibleAnts=10 noImprove=2 (elapsed 51.3548s)
[ITER 10] bestGlobalCost=1460560.37 (feasible=YES) bestThisIter=1478467.24 feasibleAnts=10 noImprove=3 (elapsed 61.1395s)
[ITER 11] bestGlobalCost=1460560.37 (feasible=YES) bestThisIter=1471370.80 feasibleAnts=10 noImprove=4 (elapsed 62.3855s)
[ITER 12] bestGlobalCost=1460560.37 (feasible=YES) bestThisIter=1471039.30 feasibleAnts=8 noImprove=5 (elapsed 72.2908s)
[ITER 13] bestGlobalCost=1460560.37 (feasible=YES) bestThisIter=1473722.38 feasibleAnts=10 noImprove=6 (elapsed 73.236s)
[ITER 14] [TS] New best cost=1460428.27 (feasible=YES, time 82.2655s)
[ITER 14] bestGlobalCost=1460428.27 (feasible=YES) bestThisIter=1478892.23 feasibleAnts=9 noImprove=1 (elapsed 82.2694s)
[ITER 15] bestGlobalCost=1460428.27 (feasible=YES) bestThisIter=1462853.07 feasibleAnts=10 noImprove=2 (elapsed 82.9068s)
[ITER 16] [TS] New best cost=1455594.16 (feasible=YES, time 91.4962s)
[ITER 16] bestGlobalCost=1455594.16 (feasible=YES) bestThisIter=1470343.73 feasibleAnts=10 noImprove=1 (elapsed 91.4995s)
[ITER 17] bestGlobalCost=1455594.16 (feasible=YES) bestThisIter=1477360.87 feasibleAnts=8 noImprove=2 (elapsed 92.3687s)
[ITER 18] bestGlobalCost=1455594.16 (feasible=YES) bestThisIter=1484173.49 feasibleAnts=9 noImprove=3 (elapsed 101.821s)
[ITER 19] bestGlobalCost=1455594.16 (feasible=YES) bestThisIter=1470459.30 feasibleAnts=10 noImprove=4 (elapsed 102.961s)
[ITER 20] bestGlobalCost=1455594.16 (feasible=YES) bestThisIter=1477123.16 feasibleAnts=10 noImprove=5 (elapsed 111.3s)
[ITER 21] bestGlobalCost=1455594.16 (feasible=YES) bestThisIter=1457301.21 feasibleAnts=10 noImprove=6 (elapsed 113.039s)
[ITER 22] [TS] New best cost=1451369.05 (feasible=YES, time 123.033s)
[ITER 22] bestGlobalCost=1451369.05 (feasible=YES) bestThisIter=1471358.78 feasibleAnts=10 noImprove=1 (elapsed 123.037s)
[ITER 23] bestGlobalCost=1451369.05 (feasible=YES) bestThisIter=1454398.32 feasibleAnts=10 noImprove=2 (elapsed 124.72s)
[ITER 24] bestGlobalCost=1451369.05 (feasible=YES) bestThisIter=1470897.41 feasibleAnts=10 noImprove=3 (elapsed 133.917s)
[ITER 25] bestGlobalCost=1451369.05 (feasible=YES) bestThisIter=1455159.97 feasibleAnts=9 noImprove=4 (elapsed 135.508s)
[ITER 26] bestGlobalCost=1451369.05 (feasible=YES) bestThisIter=1478805.57 feasibleAnts=10 noImprove=5 (elapsed 145.167s)
[ITER 27] bestGlobalCost=1451369.05 (feasible=YES) bestThisIter=1452697.92 feasibleAnts=10 noImprove=6 (elapsed 147.444s)
[ITER 28] bestGlobalCost=1451369.05 (feasible=YES) bestThisIter=1486802.26 feasibleAnts=9 noImprove=7 (elapsed 156.518s)
[ITER 29] bestGlobalCost=1451369.05 (feasible=YES) bestThisIter=1472968.22 feasibleAnts=9 noImprove=8 (elapsed 157.882s)
[ITER 30] bestGlobalCost=1451369.05 (feasible=YES) bestThisIter=1474698.00 feasibleAnts=10 noImprove=9 (elapsed 167.442s)
[ITER 31] bestGlobalCost=1451369.05 (feasible=YES) bestThisIter=1476440.77 feasibleAnts=10 noImprove=10 (elapsed 168.572s)
[ITER 32] bestGlobalCost=1451369.05 (feasible=YES) bestThisIter=1461223.31 feasibleAnts=10 noImprove=11 (elapsed 178.258s)
[ITER 33] bestGlobalCost=1451369.05 (feasible=YES) bestThisIter=1475216.86 feasibleAnts=10 noImprove=12 (elapsed 180.089s)
[ITER 34] bestGlobalCost=1451369.05 (feasible=YES) bestThisIter=1485291.56 feasibleAnts=10 noImprove=13 (elapsed 189.858s)
[ITER 35] bestGlobalCost=1451369.05 (feasible=YES) bestThisIter=1479168.61 feasibleAnts=10 noImprove=14 (elapsed 191.352s)
[ITER 36] bestGlobalCost=1451369.05 (feasible=YES) bestThisIter=1484729.27 feasibleAnts=10 noImprove=15 (elapsed 201.726s)
[ITER 37] bestGlobalCost=1451369.05 (feasible=YES) bestThisIter=1485159.59 feasibleAnts=10 noImprove=16 (elapsed 203.164s)
[ITER 38] bestGlobalCost=1451369.05 (feasible=YES) bestThisIter=1492191.50 feasibleAnts=10 noImprove=17 (elapsed 212.945s)
[ITER 39] bestGlobalCost=1451369.05 (feasible=YES) bestThisIter=1469182.29 feasibleAnts=10 noImprove=18 (elapsed 214.322s)
[ITER 40] bestGlobalCost=1451369.05 (feasible=YES) bestThisIter=1463705.31 feasibleAnts=10 noImprove=19 (elapsed 223.862s)
[ITER 41] bestGlobalCost=1451369.05 (feasible=YES) bestThisIter=1485797.66 feasibleAnts=10 noImprove=20 (elapsed 225.693s)
[ITER 42] bestGlobalCost=1451369.05 (feasible=YES) bestThisIter=1496055.30 feasibleAnts=9 noImprove=21 (elapsed 234.478s)
[ITER 43] bestGlobalCost=1451369.05 (feasible=YES) bestThisIter=1485041.10 feasibleAnts=10 noImprove=22 (elapsed 235.877s)
[ITER 44] bestGlobalCost=1451369.05 (feasible=YES) bestThisIter=1482541.70 feasibleAnts=10 noImprove=23 (elapsed 245.612s)
[ITER 45] bestGlobalCost=1451369.05 (feasible=YES) bestThisIter=1476765.98 feasibleAnts=10 noImprove=24 (elapsed 247.113s)
[ITER 46] bestGlobalCost=1451369.05 (feasible=YES) bestThisIter=1474193.77 feasibleAnts=10 noImprove=25 (elapsed 258.344s)
[ITER 47] bestGlobalCost=1451369.05 (feasible=YES) bestThisIter=1499099.99 feasibleAnts=10 noImprove=26 (elapsed 260.212s)
[ITER 48] bestGlobalCost=1451369.05 (feasible=YES) bestThisIter=1475594.00 feasibleAnts=10 noImprove=27 (elapsed 270.527s)
[ITER 49] bestGlobalCost=1451369.05 (feasible=YES) bestThisIter=1490113.02 feasibleAnts=10 noImprove=28 (elapsed 272.668s)
[ITER 50] bestGlobalCost=1451369.05 (feasible=YES) bestThisIter=1484741.00 feasibleAnts=10 noImprove=29 (elapsed 282.473s)
[ITER 51] bestGlobalCost=1451369.05 (feasible=YES) bestThisIter=1483878.58 feasibleAnts=10 noImprove=30 (elapsed 283.801s)
[RESET] no improvement for30-> reset pheromones
[ITER 52] bestGlobalCost=1451369.05 (feasible=YES) bestThisIter=1548494.74 feasibleAnts=10 noImprove=1 (elapsed 295.691s)
[ITER 53] bestGlobalCost=1451369.05 (feasible=YES) bestThisIter=1475193.47 feasibleAnts=10 noImprove=2 (elapsed 298.317s)
[ITER 54] bestGlobalCost=1451369.05 (feasible=YES) bestThisIter=1464141.77 feasibleAnts=10 noImprove=3 (elapsed 308.224s)
[ITER 55] bestGlobalCost=1451369.05 (feasible=YES) bestThisIter=1465253.73 feasibleAnts=9 noImprove=4 (elapsed 309.736s)
[ITER 56] bestGlobalCost=1451369.05 (feasible=YES) bestThisIter=1458180.03 feasibleAnts=9 noImprove=5 (elapsed 320.603s)
[ITER 57] bestGlobalCost=1451369.05 (feasible=YES) bestThisIter=1462540.89 feasibleAnts=10 noImprove=6 (elapsed 321.862s)
[ITER 58] bestGlobalCost=1451369.05 (feasible=YES) bestThisIter=1472670.11 feasibleAnts=10 noImprove=7 (elapsed 332.831s)
[ITER 59] bestGlobalCost=1451369.05 (feasible=YES) bestThisIter=1477234.06 feasibleAnts=10 noImprove=8 (elapsed 334.883s)
[ITER 60] bestGlobalCost=1451369.05 (feasible=YES) bestThisIter=1457386.51 feasibleAnts=10 noImprove=9 (elapsed 344.849s)
[ITER 61] bestGlobalCost=1451369.05 (feasible=YES) bestThisIter=1496628.04 feasibleAnts=10 noImprove=10 (elapsed 345.914s)
[ITER 62] bestGlobalCost=1451369.05 (feasible=YES) bestThisIter=1452305.95 feasibleAnts=10 noImprove=11 (elapsed 356.629s)
[ITER 63] bestGlobalCost=1451369.05 (feasible=YES) bestThisIter=1480998.10 feasibleAnts=10 noImprove=12 (elapsed 357.924s)
[ITER 64] [TS] New best cost=1440342.70 (feasible=YES, time 368.507s)
[ITER 64] bestGlobalCost=1440342.70 (feasible=YES) bestThisIter=1487627.09 feasibleAnts=10 noImprove=1 (elapsed 368.51s)
[ITER 65] bestGlobalCost=1440342.70 (feasible=YES) bestThisIter=1451369.05 feasibleAnts=10 noImprove=2 (elapsed 368.879s)
[ITER 66] bestGlobalCost=1440342.70 (feasible=YES) bestThisIter=1467146.98 feasibleAnts=9 noImprove=3 (elapsed 378.455s)
[ITER 67] bestGlobalCost=1440342.70 (feasible=YES) bestThisIter=1475230.73 feasibleAnts=10 noImprove=4 (elapsed 379.952s)
[ITER 68] [TS] New best cost=1426823.20 (feasible=YES, time 390.124s)
[ITER 68] bestGlobalCost=1426823.20 (feasible=YES) bestThisIter=1460203.87 feasibleAnts=9 noImprove=1 (elapsed 390.127s)
[ITER 69] bestGlobalCost=1426823.20 (feasible=YES) bestThisIter=1467244.23 feasibleAnts=10 noImprove=2 (elapsed 391.344s)
[ITER 70] bestGlobalCost=1426823.20 (feasible=YES) bestThisIter=1452117.17 feasibleAnts=10 noImprove=3 (elapsed 400.986s)
[ITER 71] bestGlobalCost=1426823.20 (feasible=YES) bestThisIter=1431252.06 feasibleAnts=10 noImprove=4 (elapsed 401.898s)
[ITER 72] [TS] New best cost=1419027.97 (feasible=YES, time 412.268s)
[ITER 72] bestGlobalCost=1419027.97 (feasible=YES) bestThisIter=1429315.15 feasibleAnts=10 noImprove=1 (elapsed 412.272s)
[ITER 73] bestGlobalCost=1419027.97 (feasible=YES) bestThisIter=1432021.23 feasibleAnts=10 noImprove=2 (elapsed 413.106s)
[ITER 74] bestGlobalCost=1419027.97 (feasible=YES) bestThisIter=1434162.06 feasibleAnts=10 noImprove=3 (elapsed 423.358s)
[ITER 75] bestGlobalCost=1419027.97 (feasible=YES) bestThisIter=1422570.50 feasibleAnts=10 noImprove=4 (elapsed 423.952s)
[ITER 76] [TS] New best cost=1415909.43 (feasible=YES, time 433.592s)
[ITER 76] bestGlobalCost=1415909.43 (feasible=YES) bestThisIter=1421040.66 feasibleAnts=10 noImprove=1 (elapsed 433.596s)
[ITER 77] bestGlobalCost=1415909.43 (feasible=YES) bestThisIter=1428374.21 feasibleAnts=9 noImprove=2 (elapsed 434.9s)
[ITER 78] bestGlobalCost=1415909.43 (feasible=YES) bestThisIter=1432131.56 feasibleAnts=10 noImprove=3 (elapsed 445.252s)
[ITER 79] bestGlobalCost=1415909.43 (feasible=YES) bestThisIter=1420551.27 feasibleAnts=10 noImprove=4 (elapsed 446.456s)
[ITER 80] [TS] New best cost=1413682.48 (feasible=YES, time 456.569s)
[ITER 80] bestGlobalCost=1413682.48 (feasible=YES) bestThisIter=1436798.13 feasibleAnts=10 noImprove=1 (elapsed 456.573s)
[ITER 81] bestGlobalCost=1413682.48 (feasible=YES) bestThisIter=1416386.89 feasibleAnts=10 noImprove=2 (elapsed 457.768s)
[ITER 82] bestGlobalCost=1413682.48 (feasible=YES) bestThisIter=1428904.75 feasibleAnts=10 noImprove=3 (elapsed 467.258s)
[ITER 83] bestGlobalCost=1413682.48 (feasible=YES) bestThisIter=1427572.44 feasibleAnts=10 noImprove=4 (elapsed 468.568s)
[ITER 84] bestGlobalCost=1413682.48 (feasible=YES) bestThisIter=1421145.84 feasibleAnts=9 noImprove=5 (elapsed 478.499s)
[ITER 85] bestGlobalCost=1413682.48 (feasible=YES) bestThisIter=1427039.35 feasibleAnts=10 noImprove=6 (elapsed 479.021s)
[ITER 86] [TS] New best cost=1412368.81 (feasible=YES, time 488.32s)
[ITER 86] bestGlobalCost=1412368.81 (feasible=YES) bestThisIter=1431186.17 feasibleAnts=10 noImprove=1 (elapsed 488.323s)
[ITER 87] bestGlobalCost=1412368.81 (feasible=YES) bestThisIter=1413682.48 feasibleAnts=10 noImprove=2 (elapsed 488.686s)
[ITER 88] bestGlobalCost=1412368.81 (feasible=YES) bestThisIter=1421329.38 feasibleAnts=10 noImprove=3 (elapsed 498.202s)
[ITER 89] bestGlobalCost=1412368.81 (feasible=YES) bestThisIter=1425684.25 feasibleAnts=10 noImprove=4 (elapsed 499.001s)
[ITER 90] bestGlobalCost=1412368.81 (feasible=YES) bestThisIter=1420678.42 feasibleAnts=10 noImprove=5 (elapsed 508.698s)
[ITER 91] bestGlobalCost=1412368.81 (feasible=YES) bestThisIter=1421234.59 feasibleAnts=9 noImprove=6 (elapsed 510.24s)
[ITER 92] bestGlobalCost=1412368.81 (feasible=YES) bestThisIter=1427468.62 feasibleAnts=10 noImprove=7 (elapsed 520.161s)
[ITER 93] bestGlobalCost=1412368.81 (feasible=YES) bestThisIter=1431117.68 feasibleAnts=9 noImprove=8 (elapsed 521.367s)
[ITER 94] bestGlobalCost=1412368.81 (feasible=YES) bestThisIter=1423824.23 feasibleAnts=8 noImprove=9 (elapsed 530.47s)
[ITER 95] bestGlobalCost=1412368.81 (feasible=YES) bestThisIter=1425858.06 feasibleAnts=10 noImprove=10 (elapsed 531.545s)
[ITER 96] bestGlobalCost=1412368.81 (feasible=YES) bestThisIter=1428720.55 feasibleAnts=10 noImprove=11 (elapsed 541.151s)
[ITER 97] bestGlobalCost=1412368.81 (feasible=YES) bestThisIter=1435534.50 feasibleAnts=10 noImprove=12 (elapsed 542.949s)
[ITER 98] bestGlobalCost=1412368.81 (feasible=YES) bestThisIter=1423837.86 feasibleAnts=10 noImprove=13 (elapsed 553.151s)
[ITER 99] bestGlobalCost=1412368.81 (feasible=YES) bestThisIter=1464166.19 feasibleAnts=10 noImprove=14 (elapsed 554.207s)
[ITER 100] bestGlobalCost=1412368.81 (feasible=YES) bestThisIter=1436673.37 feasibleAnts=10 noImprove=15 (elapsed 564.863s)
[ITER 101] bestGlobalCost=1412368.81 (feasible=YES) bestThisIter=1433898.81 feasibleAnts=10 noImprove=16 (elapsed 566.723s)
[ITER 102] bestGlobalCost=1412368.81 (feasible=YES) bestThisIter=1461888.36 feasibleAnts=10 noImprove=17 (elapsed 576.392s)
[ITER 103] bestGlobalCost=1412368.81 (feasible=YES) bestThisIter=1462480.39 feasibleAnts=10 noImprove=18 (elapsed 577.893s)
[ITER 104] bestGlobalCost=1412368.81 (feasible=YES) bestThisIter=1440250.25 feasibleAnts=10 noImprove=19 (elapsed 587.686s)
[ITER 105] bestGlobalCost=1412368.81 (feasible=YES) bestThisIter=1446794.41 feasibleAnts=10 noImprove=20 (elapsed 589.111s)
[ITER 106] bestGlobalCost=1412368.81 (feasible=YES) bestThisIter=1463157.59 feasibleAnts=10 noImprove=21 (elapsed 598.669s)
[ITER 107] bestGlobalCost=1412368.81 (feasible=YES) bestThisIter=1460802.24 feasibleAnts=10 noImprove=22 (elapsed 601.046s)
[ITER 108] bestGlobalCost=1412368.81 (feasible=YES) bestThisIter=1438910.18 feasibleAnts=10 noImprove=23 (elapsed 612.133s)
[ITER 109] bestGlobalCost=1412368.81 (feasible=YES) bestThisIter=1456061.24 feasibleAnts=10 noImprove=24 (elapsed 613.312s)
[ITER 110] bestGlobalCost=1412368.81 (feasible=YES) bestThisIter=1444111.36 feasibleAnts=10 noImprove=25 (elapsed 623.588s)
[ITER 111] bestGlobalCost=1412368.81 (feasible=YES) bestThisIter=1434723.10 feasibleAnts=10 noImprove=26 (elapsed 625.291s)
[ITER 112] bestGlobalCost=1412368.81 (feasible=YES) bestThisIter=1471770.83 feasibleAnts=10 noImprove=27 (elapsed 635.378s)
[ITER 113] bestGlobalCost=1412368.81 (feasible=YES) bestThisIter=1458301.43 feasibleAnts=10 noImprove=28 (elapsed 636.957s)
[ITER 114] bestGlobalCost=1412368.81 (feasible=YES) bestThisIter=1446548.84 feasibleAnts=10 noImprove=29 (elapsed 647.208s)
[ITER 115] bestGlobalCost=1412368.81 (feasible=YES) bestThisIter=1453598.80 feasibleAnts=10 noImprove=30 (elapsed 648.937s)
[RESET] no improvement for30-> reset pheromones
[ITER 116] bestGlobalCost=1412368.81 (feasible=YES) bestThisIter=1623901.27 feasibleAnts=10 noImprove=1 (elapsed 660.918s)
[ITER 117] bestGlobalCost=1412368.81 (feasible=YES) bestThisIter=1473443.96 feasibleAnts=10 noImprove=2 (elapsed 662.192s)
[ITER 118] bestGlobalCost=1412368.81 (feasible=YES) bestThisIter=1422352.50 feasibleAnts=10 noImprove=3 (elapsed 672.131s)
[ITER 119] bestGlobalCost=1412368.81 (feasible=YES) bestThisIter=1436601.47 feasibleAnts=10 noImprove=4 (elapsed 673.659s)
[ITER 120] bestGlobalCost=1412368.81 (feasible=YES) bestThisIter=1466408.74 feasibleAnts=10 noImprove=5 (elapsed 682.856s)
[ITER 121] bestGlobalCost=1412368.81 (feasible=YES) bestThisIter=1412368.81 feasibleAnts=10 noImprove=6 (elapsed 684.626s)
[ITER 122] bestGlobalCost=1412368.81 (feasible=YES) bestThisIter=1421972.66 feasibleAnts=10 noImprove=7 (elapsed 693.621s)
[ITER 123] bestGlobalCost=1412368.81 (feasible=YES) bestThisIter=1419500.80 feasibleAnts=10 noImprove=8 (elapsed 694.398s)
[ITER 124] bestGlobalCost=1412368.81 (feasible=YES) bestThisIter=1438784.76 feasibleAnts=9 noImprove=9 (elapsed 703.849s)
[ITER 125] bestGlobalCost=1412368.81 (feasible=YES) bestThisIter=1435702.72 feasibleAnts=10 noImprove=10 (elapsed 705.011s)
[ITER 126] bestGlobalCost=1412368.81 (feasible=YES) bestThisIter=1423689.70 feasibleAnts=10 noImprove=11 (elapsed 714.659s)
[ITER 127] bestGlobalCost=1412368.81 (feasible=YES) bestThisIter=1452317.31 feasibleAnts=10 noImprove=12 (elapsed 715.486s)
[ITER 128] bestGlobalCost=1412368.81 (feasible=YES) bestThisIter=1447753.28 feasibleAnts=10 noImprove=13 (elapsed 724.871s)
[ITER 129] bestGlobalCost=1412368.81 (feasible=YES) bestThisIter=1458077.43 feasibleAnts=10 noImprove=14 (elapsed 726.451s)
[ITER 130] bestGlobalCost=1412368.81 (feasible=YES) bestThisIter=1432367.70 feasibleAnts=10 noImprove=15 (elapsed 736.915s)
[ITER 131] bestGlobalCost=1412368.81 (feasible=YES) bestThisIter=1443660.15 feasibleAnts=9 noImprove=16 (elapsed 738.546s)
[ITER 132] bestGlobalCost=1412368.81 (feasible=YES) bestThisIter=1443768.70 feasibleAnts=10 noImprove=17 (elapsed 749.362s)
[ITER 133] bestGlobalCost=1412368.81 (feasible=YES) bestThisIter=1455435.69 feasibleAnts=10 noImprove=18 (elapsed 751.414s)
[ITER 134] bestGlobalCost=1412368.81 (feasible=YES) bestThisIter=1474586.24 feasibleAnts=10 noImprove=19 (elapsed 761.486s)
[ITER 135] bestGlobalCost=1412368.81 (feasible=YES) bestThisIter=1440528.18 feasibleAnts=10 noImprove=20 (elapsed 763.203s)
[ITER 136] bestGlobalCost=1412368.81 (feasible=YES) bestThisIter=1454606.57 feasibleAnts=10 noImprove=21 (elapsed 773.072s)
[ITER 137] bestGlobalCost=1412368.81 (feasible=YES) bestThisIter=1443599.10 feasibleAnts=10 noImprove=22 (elapsed 774.959s)
[ITER 138] bestGlobalCost=1412368.81 (feasible=YES) bestThisIter=1435940.42 feasibleAnts=10 noImprove=23 (elapsed 785.115s)
[ITER 139] bestGlobalCost=1412368.81 (feasible=YES) bestThisIter=1453297.30 feasibleAnts=10 noImprove=24 (elapsed 786.462s)
[ITER 140] bestGlobalCost=1412368.81 (feasible=YES) bestThisIter=1460106.58 feasibleAnts=10 noImprove=25 (elapsed 796.243s)
[ITER 141] bestGlobalCost=1412368.81 (feasible=YES) bestThisIter=1461450.91 feasibleAnts=10 noImprove=26 (elapsed 798.183s)
[ITER 142] bestGlobalCost=1412368.81 (feasible=YES) bestThisIter=1451414.39 feasibleAnts=10 noImprove=27 (elapsed 808.449s)
[ITER 143] bestGlobalCost=1412368.81 (feasible=YES) bestThisIter=1448148.74 feasibleAnts=10 noImprove=28 (elapsed 809.881s)
[ITER 144] bestGlobalCost=1412368.81 (feasible=YES) bestThisIter=1459714.66 feasibleAnts=10 noImprove=29 (elapsed 819.994s)
[ITER 145] bestGlobalCost=1412368.81 (feasible=YES) bestThisIter=1439696.04 feasibleAnts=10 noImprove=30 (elapsed 821.884s)
[RESET] no improvement for30-> reset pheromones
[ITER 146] bestGlobalCost=1412368.81 (feasible=YES) bestThisIter=1621958.50 feasibleAnts=10 noImprove=1 (elapsed 833.982s)
[ITER 147] bestGlobalCost=1412368.81 (feasible=YES) bestThisIter=1447649.03 feasibleAnts=10 noImprove=2 (elapsed 836.454s)
[ITER 148] bestGlobalCost=1412368.81 (feasible=YES) bestThisIter=1444849.64 feasibleAnts=10 noImprove=3 (elapsed 845.809s)
[ITER 149] bestGlobalCost=1412368.81 (feasible=YES) bestThisIter=1417343.91 feasibleAnts=10 noImprove=4 (elapsed 846.84s)
[ITER 150] bestGlobalCost=1412368.81 (feasible=YES) bestThisIter=1412368.81 feasibleAnts=10 noImprove=5 (elapsed 856.901s)
[ITER 151] bestGlobalCost=1412368.81 (feasible=YES) bestThisIter=1445968.16 feasibleAnts=10 noImprove=6 (elapsed 858.034s)
[ITER 152] bestGlobalCost=1412368.81 (feasible=YES) bestThisIter=1425494.85 feasibleAnts=10 noImprove=7 (elapsed 868.027s)
[ITER 153] bestGlobalCost=1412368.81 (feasible=YES) bestThisIter=1420698.99 feasibleAnts=10 noImprove=8 (elapsed 868.702s)
[ITER 154] bestGlobalCost=1412368.81 (feasible=YES) bestThisIter=1435342.37 feasibleAnts=10 noImprove=9 (elapsed 879.281s)
[ITER 155] bestGlobalCost=1412368.81 (feasible=YES) bestThisIter=1425108.66 feasibleAnts=9 noImprove=10 (elapsed 880.164s)
[ITER 156] bestGlobalCost=1412368.81 (feasible=YES) bestThisIter=1433200.60 feasibleAnts=10 noImprove=11 (elapsed 890.572s)
[ITER 157] bestGlobalCost=1412368.81 (feasible=YES) bestThisIter=1415513.46 feasibleAnts=10 noImprove=12 (elapsed 892.126s)
[ITER 158] bestGlobalCost=1412368.81 (feasible=YES) bestThisIter=1439370.43 feasibleAnts=10 noImprove=13 (elapsed 902.373s)
[ITER 159] bestGlobalCost=1412368.81 (feasible=YES) bestThisIter=1435877.34 feasibleAnts=10 noImprove=14 (elapsed 904.517s)
[ITER 160] bestGlobalCost=1412368.81 (feasible=YES) bestThisIter=1434063.80 feasibleAnts=9 noImprove=15 (elapsed 914.147s)
[ITER 161] bestGlobalCost=1412368.81 (feasible=YES) bestThisIter=1446026.88 feasibleAnts=10 noImprove=16 (elapsed 915.277s)
[ITER 162] bestGlobalCost=1412368.81 (feasible=YES) bestThisIter=1455257.73 feasibleAnts=10 noImprove=17 (elapsed 925.326s)
[ITER 163] bestGlobalCost=1412368.81 (feasible=YES) bestThisIter=1456285.63 feasibleAnts=9 noImprove=18 (elapsed 926.8s)
[ITER 164] bestGlobalCost=1412368.81 (feasible=YES) bestThisIter=1442113.57 feasibleAnts=10 noImprove=19 (elapsed 936.552s)
[ITER 165] bestGlobalCost=1412368.81 (feasible=YES) bestThisIter=1460022.58 feasibleAnts=9 noImprove=20 (elapsed 937.869s)
[ITER 166] bestGlobalCost=1412368.81 (feasible=YES) bestThisIter=1426582.99 feasibleAnts=10 noImprove=21 (elapsed 948.063s)
[ITER 167] bestGlobalCost=1412368.81 (feasible=YES) bestThisIter=1453189.50 feasibleAnts=10 noImprove=22 (elapsed 949.35s)
[ITER 168] bestGlobalCost=1412368.81 (feasible=YES) bestThisIter=1447208.42 feasibleAnts=10 noImprove=23 (elapsed 959.295s)
[ITER 169] bestGlobalCost=1412368.81 (feasible=YES) bestThisIter=1458149.74 feasibleAnts=10 noImprove=24 (elapsed 960.882s)
[ITER 170] bestGlobalCost=1412368.81 (feasible=YES) bestThisIter=1452318.02 feasibleAnts=10 noImprove=25 (elapsed 970.572s)
[ITER 171] bestGlobalCost=1412368.81 (feasible=YES) bestThisIter=1435814.89 feasibleAnts=10 noImprove=26 (elapsed 972.034s)
[ITER 172] bestGlobalCost=1412368.81 (feasible=YES) bestThisIter=1461540.23 feasibleAnts=10 noImprove=27 (elapsed 982.102s)
[ITER 173] bestGlobalCost=1412368.81 (feasible=YES) bestThisIter=1447200.42 feasibleAnts=10 noImprove=28 (elapsed 983.673s)
[ITER 174] bestGlobalCost=1412368.81 (feasible=YES) bestThisIter=1452078.15 feasibleAnts=10 noImprove=29 (elapsed 994.287s)
[ITER 175] bestGlobalCost=1412368.81 (feasible=YES) bestThisIter=1439092.70 feasibleAnts=10 noImprove=30 (elapsed 996.354s)
[RESET] no improvement for30-> reset pheromones
[ITER 176] bestGlobalCost=1412368.81 (feasible=YES) bestThisIter=1589637.66 feasibleAnts=10 noImprove=1 (elapsed 1007.94s)
[ITER 177] bestGlobalCost=1412368.81 (feasible=YES) bestThisIter=1462179.61 feasibleAnts=10 noImprove=2 (elapsed 1009.19s)
[ITER 178] bestGlobalCost=1412368.81 (feasible=YES) bestThisIter=1426318.78 feasibleAnts=10 noImprove=3 (elapsed 1018.76s)
[ITER 179] bestGlobalCost=1412368.81 (feasible=YES) bestThisIter=1421687.06 feasibleAnts=10 noImprove=4 (elapsed 1019.67s)
[ITER 180] bestGlobalCost=1412368.81 (feasible=YES) bestThisIter=1412368.81 feasibleAnts=10 noImprove=5 (elapsed 1028.62s)
[ITER 181] bestGlobalCost=1412368.81 (feasible=YES) bestThisIter=1426327.28 feasibleAnts=9 noImprove=6 (elapsed 1029.29s)
[ITER 182] bestGlobalCost=1412368.81 (feasible=YES) bestThisIter=1430188.17 feasibleAnts=10 noImprove=7 (elapsed 1038.91s)
[ITER 183] bestGlobalCost=1412368.81 (feasible=YES) bestThisIter=1431647.57 feasibleAnts=10 noImprove=8 (elapsed 1039.87s)
[ITER 184] bestGlobalCost=1412368.81 (feasible=YES) bestThisIter=1423595.26 feasibleAnts=10 noImprove=9 (elapsed 1049.41s)
[ITER 185] bestGlobalCost=1412368.81 (feasible=YES) bestThisIter=1421608.99 feasibleAnts=10 noImprove=10 (elapsed 1050.18s)
[ITER 186] bestGlobalCost=1412368.81 (feasible=YES) bestThisIter=1426671.19 feasibleAnts=10 noImprove=11 (elapsed 1059.84s)
[ITER 187] bestGlobalCost=1412368.81 (feasible=YES) bestThisIter=1428120.18 feasibleAnts=10 noImprove=12 (elapsed 1061.49s)
[ITER 188] bestGlobalCost=1412368.81 (feasible=YES) bestThisIter=1421409.52 feasibleAnts=10 noImprove=13 (elapsed 1071.38s)
[ITER 189] bestGlobalCost=1412368.81 (feasible=YES) bestThisIter=1427176.80 feasibleAnts=10 noImprove=14 (elapsed 1073.22s)
[ITER 190] bestGlobalCost=1412368.81 (feasible=YES) bestThisIter=1430505.00 feasibleAnts=10 noImprove=15 (elapsed 1082.86s)
[ITER 191] bestGlobalCost=1412368.81 (feasible=YES) bestThisIter=1446117.44 feasibleAnts=10 noImprove=16 (elapsed 1084.22s)
[ITER 192] bestGlobalCost=1412368.81 (feasible=YES) bestThisIter=1453667.60 feasibleAnts=10 noImprove=17 (elapsed 1094.13s)
[ITER 193] bestGlobalCost=1412368.81 (feasible=YES) bestThisIter=1456816.91 feasibleAnts=10 noImprove=18 (elapsed 1095.93s)
[ITER 194] bestGlobalCost=1412368.81 (feasible=YES) bestThisIter=1448774.02 feasibleAnts=10 noImprove=19 (elapsed 1106.52s)
[ITER 195] bestGlobalCost=1412368.81 (feasible=YES) bestThisIter=1460469.85 feasibleAnts=10 noImprove=20 (elapsed 1107.64s)
[ITER 196] bestGlobalCost=1412368.81 (feasible=YES) bestThisIter=1460251.66 feasibleAnts=10 noImprove=21 (elapsed 1117.14s)
[ITER 197] bestGlobalCost=1412368.81 (feasible=YES) bestThisIter=1457960.97 feasibleAnts=9 noImprove=22 (elapsed 1119.34s)
[ITER 198] bestGlobalCost=1412368.81 (feasible=YES) bestThisIter=1456611.65 feasibleAnts=9 noImprove=23 (elapsed 1129.55s)
[ITER 199] bestGlobalCost=1412368.81 (feasible=YES) bestThisIter=1450706.70 feasibleAnts=10 noImprove=24 (elapsed 1130.58s)
[ITER 200] bestGlobalCost=1412368.81 (feasible=YES) bestThisIter=1448671.88 feasibleAnts=10 noImprove=25 (elapsed 1141.21s)
[ITER 201] bestGlobalCost=1412368.81 (feasible=YES) bestThisIter=1469138.75 feasibleAnts=9 noImprove=26 (elapsed 1143.23s)
[ITER 202] bestGlobalCost=1412368.81 (feasible=YES) bestThisIter=1465073.71 feasibleAnts=10 noImprove=27 (elapsed 1153.27s)
[ITER 203] bestGlobalCost=1412368.81 (feasible=YES) bestThisIter=1456215.41 feasibleAnts=10 noImprove=28 (elapsed 1154.77s)
[ITER 204] bestGlobalCost=1412368.81 (feasible=YES) bestThisIter=1428381.27 feasibleAnts=10 noImprove=29 (elapsed 1165.74s)
[ITER 205] bestGlobalCost=1412368.81 (feasible=YES) bestThisIter=1457963.64 feasibleAnts=10 noImprove=30 (elapsed 1167.75s)
[RESET] no improvement for30-> reset pheromones
[ITER 206] bestGlobalCost=1412368.81 (feasible=YES) bestThisIter=1679546.45 feasibleAnts=10 noImprove=1 (elapsed 1179.41s)
[ITER 207] bestGlobalCost=1412368.81 (feasible=YES) bestThisIter=1460251.35 feasibleAnts=10 noImprove=2 (elapsed 1180.93s)
[ITER 208] bestGlobalCost=1412368.81 (feasible=YES) bestThisIter=1420973.75 feasibleAnts=10 noImprove=3 (elapsed 1190.67s)
[ITER 209] bestGlobalCost=1412368.81 (feasible=YES) bestThisIter=1428682.40 feasibleAnts=10 noImprove=4 (elapsed 1193.11s)
[ITER 210] bestGlobalCost=1412368.81 (feasible=YES) bestThisIter=1412368.81 feasibleAnts=10 noImprove=5 (elapsed 1203.66s)
[ITER 211] bestGlobalCost=1412368.81 (feasible=YES) bestThisIter=1435393.33 feasibleAnts=10 noImprove=6 (elapsed 1204.28s)
[ITER 212] bestGlobalCost=1412368.81 (feasible=YES) bestThisIter=1412368.81 feasibleAnts=10 noImprove=7 (elapsed 1213.97s)
[ITER 213] bestGlobalCost=1412368.81 (feasible=YES) bestThisIter=1430268.81 feasibleAnts=9 noImprove=8 (elapsed 1215.75s)
[ITER 214] bestGlobalCost=1412368.81 (feasible=YES) bestThisIter=1430398.32 feasibleAnts=8 noImprove=9 (elapsed 1224.92s)
[ITER 215] bestGlobalCost=1412368.81 (feasible=YES) bestThisIter=1443080.23 feasibleAnts=10 noImprove=10 (elapsed 1226.75s)
[ITER 216] bestGlobalCost=1412368.81 (feasible=YES) bestThisIter=1429509.18 feasibleAnts=9 noImprove=11 (elapsed 1236.82s)
[ITER 217] bestGlobalCost=1412368.81 (feasible=YES) bestThisIter=1433317.11 feasibleAnts=10 noImprove=12 (elapsed 1238.3s)
[ITER 218] bestGlobalCost=1412368.81 (feasible=YES) bestThisIter=1434051.34 feasibleAnts=10 noImprove=13 (elapsed 1248.12s)
[ITER 219] bestGlobalCost=1412368.81 (feasible=YES) bestThisIter=1431280.76 feasibleAnts=10 noImprove=14 (elapsed 1249.42s)
[ITER 220] bestGlobalCost=1412368.81 (feasible=YES) bestThisIter=1436597.50 feasibleAnts=10 noImprove=15 (elapsed 1258.53s)
[ITER 221] bestGlobalCost=1412368.81 (feasible=YES) bestThisIter=1475940.96 feasibleAnts=10 noImprove=16 (elapsed 1259.27s)
[ITER 222] bestGlobalCost=1412368.81 (feasible=YES) bestThisIter=1447569.50 feasibleAnts=10 noImprove=17 (elapsed 1269.09s)
[ITER 223] bestGlobalCost=1412368.81 (feasible=YES) bestThisIter=1444981.14 feasibleAnts=10 noImprove=18 (elapsed 1270.67s)
[ITER 224] bestGlobalCost=1412368.81 (feasible=YES) bestThisIter=1456107.50 feasibleAnts=10 noImprove=19 (elapsed 1280.38s)
[ITER 225] bestGlobalCost=1412368.81 (feasible=YES) bestThisIter=1433736.31 feasibleAnts=10 noImprove=20 (elapsed 1282.45s)
[ITER 226] bestGlobalCost=1412368.81 (feasible=YES) bestThisIter=1441432.41 feasibleAnts=10 noImprove=21 (elapsed 1292.78s)
[ITER 227] bestGlobalCost=1412368.81 (feasible=YES) bestThisIter=1466870.48 feasibleAnts=10 noImprove=22 (elapsed 1294.81s)
[ITER 228] bestGlobalCost=1412368.81 (feasible=YES) bestThisIter=1461545.73 feasibleAnts=10 noImprove=23 (elapsed 1304.55s)
[ITER 229] bestGlobalCost=1412368.81 (feasible=YES) bestThisIter=1449653.04 feasibleAnts=10 noImprove=24 (elapsed 1305.64s)
[ITER 230] bestGlobalCost=1412368.81 (feasible=YES) bestThisIter=1457108.21 feasibleAnts=10 noImprove=25 (elapsed 1315.9s)
[ITER 231] bestGlobalCost=1412368.81 (feasible=YES) bestThisIter=1462646.80 feasibleAnts=9 noImprove=26 (elapsed 1317.25s)
[ITER 232] bestGlobalCost=1412368.81 (feasible=YES) bestThisIter=1438365.02 feasibleAnts=10 noImprove=27 (elapsed 1327.34s)
[ITER 233] bestGlobalCost=1412368.81 (feasible=YES) bestThisIter=1432632.13 feasibleAnts=10 noImprove=28 (elapsed 1328.31s)
[ITER 234] bestGlobalCost=1412368.81 (feasible=YES) bestThisIter=1466381.83 feasibleAnts=10 noImprove=29 (elapsed 1338.14s)
[ITER 235] bestGlobalCost=1412368.81 (feasible=YES) bestThisIter=1448571.69 feasibleAnts=10 noImprove=30 (elapsed 1340.46s)
[RESET] no improvement for30-> reset pheromones
[ITER 236] bestGlobalCost=1412368.81 (feasible=YES) bestThisIter=1569429.18 feasibleAnts=10 noImprove=1 (elapsed 1352.28s)
[ITER 237] bestGlobalCost=1412368.81 (feasible=YES) bestThisIter=1433126.56 feasibleAnts=10 noImprove=2 (elapsed 1354.14s)
[ITER 238] bestGlobalCost=1412368.81 (feasible=YES) bestThisIter=1426036.89 feasibleAnts=9 noImprove=3 (elapsed 1363.87s)
[ITER 239] bestGlobalCost=1412368.81 (feasible=YES) bestThisIter=1415150.88 feasibleAnts=10 noImprove=4 (elapsed 1364.64s)
[ITER 240] bestGlobalCost=1412368.81 (feasible=YES) bestThisIter=1421643.00 feasibleAnts=9 noImprove=5 (elapsed 1374.22s)
[ITER 241] bestGlobalCost=1412368.81 (feasible=YES) bestThisIter=1419595.90 feasibleAnts=10 noImprove=6 (elapsed 1375.53s)
[ITER 242] bestGlobalCost=1412368.81 (feasible=YES) bestThisIter=1415610.59 feasibleAnts=10 noImprove=7 (elapsed 1385.1s)
[ITER 243] bestGlobalCost=1412368.81 (feasible=YES) bestThisIter=1434347.37 feasibleAnts=10 noImprove=8 (elapsed 1386.83s)
[ITER 244] bestGlobalCost=1412368.81 (feasible=YES) bestThisIter=1432562.34 feasibleAnts=10 noImprove=9 (elapsed 1396.39s)
[ITER 245] bestGlobalCost=1412368.81 (feasible=YES) bestThisIter=1433852.96 feasibleAnts=10 noImprove=10 (elapsed 1397.63s)
[ITER 246] bestGlobalCost=1412368.81 (feasible=YES) bestThisIter=1422915.03 feasibleAnts=9 noImprove=11 (elapsed 1406.88s)
[ITER 247] bestGlobalCost=1412368.81 (feasible=YES) bestThisIter=1439696.81 feasibleAnts=10 noImprove=12 (elapsed 1408.14s)
[ITER 248] bestGlobalCost=1412368.81 (feasible=YES) bestThisIter=1438373.11 feasibleAnts=10 noImprove=13 (elapsed 1417.76s)
[ITER 249] bestGlobalCost=1412368.81 (feasible=YES) bestThisIter=1456032.16 feasibleAnts=10 noImprove=14 (elapsed 1419.41s)
[ITER 250] bestGlobalCost=1412368.81 (feasible=YES) bestThisIter=1436375.45 feasibleAnts=10 noImprove=15 (elapsed 1429.24s)
[ITER 251] bestGlobalCost=1412368.81 (feasible=YES) bestThisIter=1436924.51 feasibleAnts=10 noImprove=16 (elapsed 1431.18s)
[ITER 252] bestGlobalCost=1412368.81 (feasible=YES) bestThisIter=1454532.65 feasibleAnts=9 noImprove=17 (elapsed 1441.05s)
[ITER 253] bestGlobalCost=1412368.81 (feasible=YES) bestThisIter=1441868.34 feasibleAnts=10 noImprove=18 (elapsed 1442.72s)
[ITER 254] bestGlobalCost=1412368.81 (feasible=YES) bestThisIter=1446513.57 feasibleAnts=10 noImprove=19 (elapsed 1452.9s)
[ITER 255] bestGlobalCost=1412368.81 (feasible=YES) bestThisIter=1451956.24 feasibleAnts=10 noImprove=20 (elapsed 1454.47s)
[ITER 256] bestGlobalCost=1412368.81 (feasible=YES) bestThisIter=1471768.71 feasibleAnts=10 noImprove=21 (elapsed 1464.12s)
[ITER 257] bestGlobalCost=1412368.81 (feasible=YES) bestThisIter=1430485.33 feasibleAnts=10 noImprove=22 (elapsed 1465.6s)
[ITER 258] bestGlobalCost=1412368.81 (feasible=YES) bestThisIter=1448715.30 feasibleAnts=10 noImprove=23 (elapsed 1475.09s)
[ITER 259] bestGlobalCost=1412368.81 (feasible=YES) bestThisIter=1460030.63 feasibleAnts=10 noImprove=24 (elapsed 1476.89s)
[ITER 260] bestGlobalCost=1412368.81 (feasible=YES) bestThisIter=1460724.21 feasibleAnts=10 noImprove=25 (elapsed 1486.28s)
[ITER 261] bestGlobalCost=1412368.81 (feasible=YES) bestThisIter=1464468.40 feasibleAnts=10 noImprove=26 (elapsed 1488.03s)
[ITER 262] bestGlobalCost=1412368.81 (feasible=YES) bestThisIter=1435716.70 feasibleAnts=9 noImprove=27 (elapsed 1498.05s)
[ITER 263] bestGlobalCost=1412368.81 (feasible=YES) bestThisIter=1425619.26 feasibleAnts=10 noImprove=28 (elapsed 1500.36s)
288 302 307 315 316 319 320 324 328 331 332 336 339 340 344 347 348 351 354 361 366 373 379 384 
25 298 325 326 334 341 342 345 349 352 358 364 369 370 371 382 390 391 397 398 411 429 431 457 458 
21 55 58 59 65 82 83 84 86 87 97 106 122 126 128 139 145 149 155 163 170 171 181 266 
306 318 321 327 329 330 337 343 346 353 357 359 360 365 368 374 377 378 381 386 389 393 400 413 425 
396 409 412 424 432 433 443 444 445 446 459 460 461 462 463 464 465 466 467 468 469 470 471 472 473 
1 2 4 5 6 7 8 9 10 11 12 13 14 15 17 18 19 20 53 56 57 60 62 
22 23 26 27 28 29 30 31 33 210 216 224 225 235 240 255 269 277 301 305 385 392 399 422 423 
88 89 90 91 92 93 94 95 98 100 101 102 103 104 105 108 109 110 112 115 118 120 132 138 
107 111 113 114 117 119 121 123 124 125 127 129 130 131 133 134 135 136 137 140 142 144 146 147 148 150 
355 363 367 376 380 387 388 394 401 402 403 404 410 419 420 426 430 441 442 452 453 454 455 456 481 486 
222 228 230 231 234 236 241 242 243 267 268 271 272 273 276 278 289 297 299 304 310 317 323 350 
356 375 383 405 406 407 408 414 415 416 417 418 434 435 436 437 438 439 440 447 448 449 450 451 483 
3 16 24 32 34 35 36 37 38 39 40 41 42 43 44 45 46 47 48 49 50 51 52 54 
141 153 164 169 172 182 184 197 202 203 206 207 208 211 212 213 215 217 218 219 223 227 229 233 238 
143 151 157 158 165 168 177 178 183 187 188 191 192 193 195 196 199 200 204 205 214 220 221 226 237 239 
232 249 250 251 252 253 254 260 261 262 263 264 265 270 274 275 283 284 285 286 287 296 300 303 308 311 
335 362 372 395 421 427 428 474 475 476 477 478 479 480 482 484 485 487 488 489 490 491 492 493 
244 245 246 247 248 256 257 258 259 279 280 281 282 290 291 292 293 294 295 309 312 313 314 322 333 338 
61 63 64 66 67 68 69 70 71 72 73 74 75 76 77 78 79 80 81 85 96 99 116 
152 154 156 159 160 161 162 166 167 173 174 175 176 179 180 185 186 189 190 194 198 201 209 
[SAVELOGS] evolution saved to results/logs/d493_20_3/evolution/d493_20_3
[SAVELOGS] best cost saved to results/logs/d493_20_3/objectives/d493_20_3
[SAVELOGS] best solution saved to results/logs/d493_20_3/solutions/d493_20_3
