[ITER 1] New best cost=1612544.07 (feasible=YES, time 7.51284s)
[ITER 1] bestGlobalCost=1612544.07 (feasible=YES) bestThisIter=1612544.07 feasibleAnts=10 noImprove=0 (elapsed 7.54893s)
[ITER 2] [TS] New best cost=1522643.17 (feasible=YES, time 23.0106s)
[ITER 2] bestGlobalCost=1522643.17 (feasible=YES) bestThisIter=1555328.13 feasibleAnts=10 noImprove=1 (elapsed 23.016s)
[ITER 3] New best cost=1520107.25 (feasible=YES, time 24.6375s)
[ITER 3] bestGlobalCost=1520107.25 (feasible=YES) bestThisIter=1520107.25 feasibleAnts=10 noImprove=0 (elapsed 24.6413s)
[ITER 4] [TS] New best cost=1480936.00 (feasible=YES, time 39.6468s)
[ITER 4] bestGlobalCost=1480936.00 (feasible=YES) bestThisIter=1557122.14 feasibleAnts=9 noImprove=1 (elapsed 39.6526s)
[ITER 5] bestGlobalCost=1480936.00 (feasible=YES) bestThisIter=1519317.54 feasibleAnts=10 noImprove=2 (elapsed 43.031s)
[ITER 6] [TS] New best cost=1475248.43 (feasible=YES, time 60.3631s)
[ITER 6] bestGlobalCost=1475248.43 (feasible=YES) bestThisIter=1493937.37 feasibleAnts=10 noImprove=1 (elapsed 60.3678s)
[ITER 7] bestGlobalCost=1475248.43 (feasible=YES) bestThisIter=1494557.40 feasibleAnts=10 noImprove=2 (elapsed 63.7674s)
[ITER 8] [TS] New best cost=1472717.53 (feasible=YES, time 81.9909s)
[ITER 8] bestGlobalCost=1472717.53 (feasible=YES) bestThisIter=1480441.70 feasibleAnts=10 noImprove=1 (elapsed 81.9974s)
[ITER 9] bestGlobalCost=1472717.53 (feasible=YES) bestThisIter=1482839.57 feasibleAnts=10 noImprove=2 (elapsed 85.0898s)
[ITER 10] [TS] New best cost=1450021.12 (feasible=YES, time 102.681s)
[ITER 10] bestGlobalCost=1450021.12 (feasible=YES) bestThisIter=1481057.58 feasibleAnts=10 noImprove=1 (elapsed 102.684s)
[ITER 11] bestGlobalCost=1450021.12 (feasible=YES) bestThisIter=1470886.21 feasibleAnts=10 noImprove=2 (elapsed 106.693s)
[ITER 12] bestGlobalCost=1450021.12 (feasible=YES) bestThisIter=1461469.34 feasibleAnts=10 noImprove=3 (elapsed 124.326s)
[ITER 13] bestGlobalCost=1450021.12 (feasible=YES) bestThisIter=1450897.75 feasibleAnts=9 noImprove=4 (elapsed 128.41s)
[ITER 14] [TS] New best cost=1449246.79 (feasible=YES, time 146.715s)
[ITER 14] bestGlobalCost=1449246.79 (feasible=YES) bestThisIter=1473725.66 feasibleAnts=10 noImprove=1 (elapsed 146.72s)
[ITER 15] bestGlobalCost=1449246.79 (feasible=YES) bestThisIter=1457998.95 feasibleAnts=9 noImprove=2 (elapsed 150.176s)
[ITER 16] bestGlobalCost=1449246.79 (feasible=YES) bestThisIter=1460100.66 feasibleAnts=9 noImprove=3 (elapsed 167.311s)
[ITER 17] bestGlobalCost=1449246.79 (feasible=YES) bestThisIter=1457176.28 feasibleAnts=10 noImprove=4 (elapsed 170.655s)
[ITER 18] [TS] New best cost=1446677.55 (feasible=YES, time 186.906s)
[ITER 18] bestGlobalCost=1446677.55 (feasible=YES) bestThisIter=1454950.66 feasibleAnts=10 noImprove=1 (elapsed 186.91s)
[ITER 19] bestGlobalCost=1446677.55 (feasible=YES) bestThisIter=1450069.82 feasibleAnts=10 noImprove=2 (elapsed 190.626s)
[ITER 20] bestGlobalCost=1446677.55 (feasible=YES) bestThisIter=1460303.33 feasibleAnts=10 noImprove=3 (elapsed 208.341s)
[ITER 21] bestGlobalCost=1446677.55 (feasible=YES) bestThisIter=1451925.38 feasibleAnts=10 noImprove=4 (elapsed 211.783s)
[ITER 22] [TS] New best cost=1440905.23 (feasible=YES, time 228.56s)
[ITER 22] bestGlobalCost=1440905.23 (feasible=YES) bestThisIter=1453639.50 feasibleAnts=10 noImprove=1 (elapsed 228.563s)
[ITER 23] bestGlobalCost=1440905.23 (feasible=YES) bestThisIter=1452532.18 feasibleAnts=10 noImprove=2 (elapsed 231.934s)
[ITER 24] bestGlobalCost=1440905.23 (feasible=YES) bestThisIter=1452057.75 feasibleAnts=10 noImprove=3 (elapsed 252.566s)
[ITER 25] bestGlobalCost=1440905.23 (feasible=YES) bestThisIter=1446511.54 feasibleAnts=10 noImprove=4 (elapsed 255.495s)
[ITER 26] [TS] New best cost=1439427.80 (feasible=YES, time 271.111s)
[ITER 26] bestGlobalCost=1439427.80 (feasible=YES) bestThisIter=1447127.46 feasibleAnts=10 noImprove=1 (elapsed 271.115s)
[ITER 27] bestGlobalCost=1439427.80 (feasible=YES) bestThisIter=1440905.23 feasibleAnts=10 noImprove=2 (elapsed 274.416s)
[ITER 28] bestGlobalCost=1439427.80 (feasible=YES) bestThisIter=1449645.40 feasibleAnts=10 noImprove=3 (elapsed 289.869s)
[ITER 29] bestGlobalCost=1439427.80 (feasible=YES) bestThisIter=1452541.48 feasibleAnts=10 noImprove=4 (elapsed 292.737s)
[ITER 30] bestGlobalCost=1439427.80 (feasible=YES) bestThisIter=1443647.91 feasibleAnts=10 noImprove=5 (elapsed 307.123s)
[ITER 31] bestGlobalCost=1439427.80 (feasible=YES) bestThisIter=1439916.87 feasibleAnts=10 noImprove=6 (elapsed 310.15s)
[ITER 32] bestGlobalCost=1439427.80 (feasible=YES) bestThisIter=1454132.18 feasibleAnts=10 noImprove=7 (elapsed 325.141s)
[ITER 33] bestGlobalCost=1439427.80 (feasible=YES) bestThisIter=1462564.51 feasibleAnts=10 noImprove=8 (elapsed 329.042s)
[ITER 34] bestGlobalCost=1439427.80 (feasible=YES) bestThisIter=1451285.85 feasibleAnts=10 noImprove=9 (elapsed 345.021s)
[ITER 35] bestGlobalCost=1439427.80 (feasible=YES) bestThisIter=1465457.02 feasibleAnts=10 noImprove=10 (elapsed 347.392s)
[ITER 36] bestGlobalCost=1439427.80 (feasible=YES) bestThisIter=1477617.97 feasibleAnts=10 noImprove=11 (elapsed 363.795s)
[ITER 37] bestGlobalCost=1439427.80 (feasible=YES) bestThisIter=1461801.51 feasibleAnts=10 noImprove=12 (elapsed 366.686s)
[ITER 38] bestGlobalCost=1439427.80 (feasible=YES) bestThisIter=1470838.75 feasibleAnts=10 noImprove=13 (elapsed 380.962s)
[ITER 39] bestGlobalCost=1439427.80 (feasible=YES) bestThisIter=1485432.60 feasibleAnts=10 noImprove=14 (elapsed 383.891s)
[ITER 40] bestGlobalCost=1439427.80 (feasible=YES) bestThisIter=1474903.36 feasibleAnts=10 noImprove=15 (elapsed 398.954s)
[ITER 41] bestGlobalCost=1439427.80 (feasible=YES) bestThisIter=1458546.32 feasibleAnts=10 noImprove=16 (elapsed 401.085s)
[ITER 42] bestGlobalCost=1439427.80 (feasible=YES) bestThisIter=1466462.74 feasibleAnts=10 noImprove=17 (elapsed 417.088s)
[ITER 43] bestGlobalCost=1439427.80 (feasible=YES) bestThisIter=1473360.73 feasibleAnts=10 noImprove=18 (elapsed 419.339s)
[ITER 44] bestGlobalCost=1439427.80 (feasible=YES) bestThisIter=1494708.92 feasibleAnts=10 noImprove=19 (elapsed 435.682s)
[ITER 45] bestGlobalCost=1439427.80 (feasible=YES) bestThisIter=1478350.87 feasibleAnts=10 noImprove=20 (elapsed 437.862s)
[ITER 46] bestGlobalCost=1439427.80 (feasible=YES) bestThisIter=1493706.46 feasibleAnts=10 noImprove=21 (elapsed 452.888s)
[ITER 47] bestGlobalCost=1439427.80 (feasible=YES) bestThisIter=1472098.00 feasibleAnts=10 noImprove=22 (elapsed 455.341s)
[ITER 48] bestGlobalCost=1439427.80 (feasible=YES) bestThisIter=1471390.15 feasibleAnts=10 noImprove=23 (elapsed 475.942s)
[ITER 49] bestGlobalCost=1439427.80 (feasible=YES) bestThisIter=1481080.13 feasibleAnts=10 noImprove=24 (elapsed 480.185s)
[ITER 50] bestGlobalCost=1439427.80 (feasible=YES) bestThisIter=1458999.39 feasibleAnts=9 noImprove=25 (elapsed 495.423s)
[ITER 51] bestGlobalCost=1439427.80 (feasible=YES) bestThisIter=1471833.56 feasibleAnts=9 noImprove=26 (elapsed 498.638s)
[ITER 52] bestGlobalCost=1439427.80 (feasible=YES) bestThisIter=1482537.30 feasibleAnts=10 noImprove=27 (elapsed 513.718s)
[ITER 53] bestGlobalCost=1439427.80 (feasible=YES) bestThisIter=1516673.34 feasibleAnts=10 noImprove=28 (elapsed 515.451s)
[ITER 54] bestGlobalCost=1439427.80 (feasible=YES) bestThisIter=1477112.83 feasibleAnts=10 noImprove=29 (elapsed 531.717s)
[ITER 55] bestGlobalCost=1439427.80 (feasible=YES) bestThisIter=1470192.52 feasibleAnts=10 noImprove=30 (elapsed 534.242s)
[RESET] no improvement for30-> reset pheromones
[ITER 56] bestGlobalCost=1439427.80 (feasible=YES) bestThisIter=1632136.93 feasibleAnts=10 noImprove=1 (elapsed 561.242s)
[ITER 57] bestGlobalCost=1439427.80 (feasible=YES) bestThisIter=1495052.41 feasibleAnts=10 noImprove=2 (elapsed 563.41s)
[ITER 58] bestGlobalCost=1439427.80 (feasible=YES) bestThisIter=1449501.87 feasibleAnts=10 noImprove=3 (elapsed 582.087s)
[ITER 59] bestGlobalCost=1439427.80 (feasible=YES) bestThisIter=1450467.42 feasibleAnts=10 noImprove=4 (elapsed 584.511s)
[ITER 60] bestGlobalCost=1439427.80 (feasible=YES) bestThisIter=1439427.80 feasibleAnts=10 noImprove=5 (elapsed 600.997s)
[ITER 61] bestGlobalCost=1439427.80 (feasible=YES) bestThisIter=1451848.50 feasibleAnts=10 noImprove=6 (elapsed 603.947s)
[ITER 62] bestGlobalCost=1439427.80 (feasible=YES) bestThisIter=1447822.00 feasibleAnts=9 noImprove=7 (elapsed 620.237s)
[ITER 63] bestGlobalCost=1439427.80 (feasible=YES) bestThisIter=1463385.57 feasibleAnts=10 noImprove=8 (elapsed 623.793s)
[ITER 64] bestGlobalCost=1439427.80 (feasible=YES) bestThisIter=1469211.34 feasibleAnts=10 noImprove=9 (elapsed 641.886s)
[ITER 65] bestGlobalCost=1439427.80 (feasible=YES) bestThisIter=1445765.79 feasibleAnts=10 noImprove=10 (elapsed 643.431s)
[ITER 66] bestGlobalCost=1439427.80 (feasible=YES) bestThisIter=1457889.67 feasibleAnts=10 noImprove=11 (elapsed 659.144s)
[ITER 67] bestGlobalCost=1439427.80 (feasible=YES) bestThisIter=1470962.88 feasibleAnts=10 noImprove=12 (elapsed 661.545s)
[ITER 68] bestGlobalCost=1439427.80 (feasible=YES) bestThisIter=1459717.85 feasibleAnts=9 noImprove=13 (elapsed 677.718s)
[ITER 69] bestGlobalCost=1439427.80 (feasible=YES) bestThisIter=1488044.43 feasibleAnts=10 noImprove=14 (elapsed 681.31s)
[ITER 70] bestGlobalCost=1439427.80 (feasible=YES) bestThisIter=1458817.83 feasibleAnts=10 noImprove=15 (elapsed 695.845s)
[ITER 71] bestGlobalCost=1439427.80 (feasible=YES) bestThisIter=1467586.18 feasibleAnts=10 noImprove=16 (elapsed 697.865s)
[ITER 72] bestGlobalCost=1439427.80 (feasible=YES) bestThisIter=1484328.26 feasibleAnts=10 noImprove=17 (elapsed 714.269s)
[ITER 73] bestGlobalCost=1439427.80 (feasible=YES) bestThisIter=1495987.62 feasibleAnts=10 noImprove=18 (elapsed 717.389s)
[ITER 74] bestGlobalCost=1439427.80 (feasible=YES) bestThisIter=1489598.58 feasibleAnts=10 noImprove=19 (elapsed 733.968s)
[ITER 75] bestGlobalCost=1439427.80 (feasible=YES) bestThisIter=1480759.62 feasibleAnts=10 noImprove=20 (elapsed 737.562s)
[ITER 76] bestGlobalCost=1439427.80 (feasible=YES) bestThisIter=1497718.94 feasibleAnts=9 noImprove=21 (elapsed 753.928s)
[ITER 77] bestGlobalCost=1439427.80 (feasible=YES) bestThisIter=1480053.87 feasibleAnts=10 noImprove=22 (elapsed 757.232s)
[ITER 78] bestGlobalCost=1439427.80 (feasible=YES) bestThisIter=1486172.55 feasibleAnts=10 noImprove=23 (elapsed 773.806s)
[ITER 79] bestGlobalCost=1439427.80 (feasible=YES) bestThisIter=1463891.60 feasibleAnts=10 noImprove=24 (elapsed 776.112s)
[ITER 80] bestGlobalCost=1439427.80 (feasible=YES) bestThisIter=1489155.90 feasibleAnts=9 noImprove=25 (elapsed 791.776s)
[ITER 81] bestGlobalCost=1439427.80 (feasible=YES) bestThisIter=1485579.42 feasibleAnts=10 noImprove=26 (elapsed 794.363s)
[ITER 82] bestGlobalCost=1439427.80 (feasible=YES) bestThisIter=1491034.30 feasibleAnts=10 noImprove=27 (elapsed 810.812s)
[ITER 83] bestGlobalCost=1439427.80 (feasible=YES) bestThisIter=1497750.74 feasibleAnts=10 noImprove=28 (elapsed 814.148s)
[ITER 84] bestGlobalCost=1439427.80 (feasible=YES) bestThisIter=1482978.18 feasibleAnts=9 noImprove=29 (elapsed 834.507s)
[ITER 85] bestGlobalCost=1439427.80 (feasible=YES) bestThisIter=1474336.28 feasibleAnts=10 noImprove=30 (elapsed 838.775s)
[RESET] no improvement for30-> reset pheromones
[ITER 86] bestGlobalCost=1439427.80 (feasible=YES) bestThisIter=1653800.31 feasibleAnts=10 noImprove=1 (elapsed 857.001s)
[ITER 87] bestGlobalCost=1439427.80 (feasible=YES) bestThisIter=1482757.70 feasibleAnts=10 noImprove=2 (elapsed 860.808s)
[ITER 88] bestGlobalCost=1439427.80 (feasible=YES) bestThisIter=1467940.39 feasibleAnts=10 noImprove=3 (elapsed 877.823s)
[ITER 89] bestGlobalCost=1439427.80 (feasible=YES) bestThisIter=1451721.76 feasibleAnts=10 noImprove=4 (elapsed 880.24s)
[ITER 90] bestGlobalCost=1439427.80 (feasible=YES) bestThisIter=1439427.80 feasibleAnts=10 noImprove=5 (elapsed 897.33s)
[ITER 91] bestGlobalCost=1439427.80 (feasible=YES) bestThisIter=1448500.75 feasibleAnts=10 noImprove=6 (elapsed 899.6s)
[ITER 92] bestGlobalCost=1439427.80 (feasible=YES) bestThisIter=1454020.99 feasibleAnts=10 noImprove=7 (elapsed 917.66s)
[ITER 93] bestGlobalCost=1439427.80 (feasible=YES) bestThisIter=1439427.80 feasibleAnts=9 noImprove=8 (elapsed 919.289s)
[ITER 94] bestGlobalCost=1439427.80 (feasible=YES) bestThisIter=1447024.71 feasibleAnts=10 noImprove=9 (elapsed 937.209s)
[ITER 95] bestGlobalCost=1439427.80 (feasible=YES) bestThisIter=1467267.55 feasibleAnts=10 noImprove=10 (elapsed 941.325s)
[ITER 96] bestGlobalCost=1439427.80 (feasible=YES) bestThisIter=1451814.19 feasibleAnts=9 noImprove=11 (elapsed 958.081s)
[ITER 97] bestGlobalCost=1439427.80 (feasible=YES) bestThisIter=1476185.10 feasibleAnts=9 noImprove=12 (elapsed 961.181s)
[ITER 98] bestGlobalCost=1439427.80 (feasible=YES) bestThisIter=1475254.40 feasibleAnts=10 noImprove=13 (elapsed 979.265s)
[ITER 99] bestGlobalCost=1439427.80 (feasible=YES) bestThisIter=1477949.81 feasibleAnts=9 noImprove=14 (elapsed 981.728s)
[ITER 100] bestGlobalCost=1439427.80 (feasible=YES) bestThisIter=1459776.51 feasibleAnts=10 noImprove=15 (elapsed 999.566s)
[ITER 101] bestGlobalCost=1439427.80 (feasible=YES) bestThisIter=1468250.79 feasibleAnts=10 noImprove=16 (elapsed 1001.35s)
[ITER 102] bestGlobalCost=1439427.80 (feasible=YES) bestThisIter=1488098.12 feasibleAnts=10 noImprove=17 (elapsed 1017.49s)
[ITER 103] bestGlobalCost=1439427.80 (feasible=YES) bestThisIter=1505872.32 feasibleAnts=10 noImprove=18 (elapsed 1019.94s)
[ITER 104] bestGlobalCost=1439427.80 (feasible=YES) bestThisIter=1468110.98 feasibleAnts=10 noImprove=19 (elapsed 1035.8s)
[ITER 105] bestGlobalCost=1439427.80 (feasible=YES) bestThisIter=1500732.85 feasibleAnts=10 noImprove=20 (elapsed 1038.72s)
[ITER 106] bestGlobalCost=1439427.80 (feasible=YES) bestThisIter=1498935.60 feasibleAnts=10 noImprove=21 (elapsed 1055.03s)
[ITER 107] bestGlobalCost=1439427.80 (feasible=YES) bestThisIter=1491734.37 feasibleAnts=10 noImprove=22 (elapsed 1058.22s)
[ITER 108] bestGlobalCost=1439427.80 (feasible=YES) bestThisIter=1488709.35 feasibleAnts=10 noImprove=23 (elapsed 1074.55s)
[ITER 109] bestGlobalCost=1439427.80 (feasible=YES) bestThisIter=1497419.66 feasibleAnts=10 noImprove=24 (elapsed 1077.81s)
[ITER 110] bestGlobalCost=1439427.80 (feasible=YES) bestThisIter=1476066.91 feasibleAnts=10 noImprove=25 (elapsed 1093.99s)
[ITER 111] bestGlobalCost=1439427.80 (feasible=YES) bestThisIter=1490901.96 feasibleAnts=10 noImprove=26 (elapsed 1096.65s)
[ITER 112] bestGlobalCost=1439427.80 (feasible=YES) bestThisIter=1461807.69 feasibleAnts=10 noImprove=27 (elapsed 1113.73s)
[ITER 113] bestGlobalCost=1439427.80 (feasible=YES) bestThisIter=1481206.71 feasibleAnts=10 noImprove=28 (elapsed 1117.72s)
[ITER 114] bestGlobalCost=1439427.80 (feasible=YES) bestThisIter=1470819.26 feasibleAnts=10 noImprove=29 (elapsed 1132.59s)
[ITER 115] bestGlobalCost=1439427.80 (feasible=YES) bestThisIter=1485628.50 feasibleAnts=10 noImprove=30 (elapsed 1135.77s)
[RESET] no improvement for30-> reset pheromones
[ITER 116] bestGlobalCost=1439427.80 (feasible=YES) bestThisIter=1615393.21 feasibleAnts=10 noImprove=1 (elapsed 1153.24s)
[ITER 117] bestGlobalCost=1439427.80 (feasible=YES) bestThisIter=1475911.34 feasibleAnts=10 noImprove=2 (elapsed 1155.86s)
[ITER 118] bestGlobalCost=1439427.80 (feasible=YES) bestThisIter=1477490.85 feasibleAnts=10 noImprove=3 (elapsed 1171.74s)
[ITER 119] bestGlobalCost=1439427.80 (feasible=YES) bestThisIter=1439427.80 feasibleAnts=10 noImprove=4 (elapsed 1175.11s)
[ITER 120] bestGlobalCost=1439427.80 (feasible=YES) bestThisIter=1452016.63 feasibleAnts=10 noImprove=5 (elapsed 1191.28s)
[ITER 121] bestGlobalCost=1439427.80 (feasible=YES) bestThisIter=1446284.70 feasibleAnts=10 noImprove=6 (elapsed 1194.62s)
[ITER 122] bestGlobalCost=1439427.80 (feasible=YES) bestThisIter=1445744.18 feasibleAnts=10 noImprove=7 (elapsed 1211.07s)
[ITER 123] bestGlobalCost=1439427.80 (feasible=YES) bestThisIter=1464141.48 feasibleAnts=9 noImprove=8 (elapsed 1213.96s)
[ITER 124] bestGlobalCost=1439427.80 (feasible=YES) bestThisIter=1456549.02 feasibleAnts=9 noImprove=9 (elapsed 1230.71s)
[ITER 125] bestGlobalCost=1439427.80 (feasible=YES) bestThisIter=1453222.71 feasibleAnts=10 noImprove=10 (elapsed 1233.22s)
[ITER 126] bestGlobalCost=1439427.80 (feasible=YES) bestThisIter=1471136.47 feasibleAnts=9 noImprove=11 (elapsed 1248.43s)
[ITER 127] bestGlobalCost=1439427.80 (feasible=YES) bestThisIter=1454583.65 feasibleAnts=10 noImprove=12 (elapsed 1249.96s)
[ITER 128] bestGlobalCost=1439427.80 (feasible=YES) bestThisIter=1453171.55 feasibleAnts=10 noImprove=13 (elapsed 1265.88s)
[ITER 129] bestGlobalCost=1439427.80 (feasible=YES) bestThisIter=1475125.95 feasibleAnts=10 noImprove=14 (elapsed 1268.69s)
[ITER 130] bestGlobalCost=1439427.80 (feasible=YES) bestThisIter=1484803.54 feasibleAnts=10 noImprove=15 (elapsed 1285.02s)
[ITER 131] bestGlobalCost=1439427.80 (feasible=YES) bestThisIter=1491269.81 feasibleAnts=10 noImprove=16 (elapsed 1287.68s)
[ITER 132] bestGlobalCost=1439427.80 (feasible=YES) bestThisIter=1499690.85 feasibleAnts=10 noImprove=17 (elapsed 1303.42s)
[ITER 133] bestGlobalCost=1439427.80 (feasible=YES) bestThisIter=1462750.35 feasibleAnts=10 noImprove=18 (elapsed 1306.31s)
[ITER 134] bestGlobalCost=1439427.80 (feasible=YES) bestThisIter=1479660.78 feasibleAnts=10 noImprove=19 (elapsed 1323.55s)
[ITER 135] bestGlobalCost=1439427.80 (feasible=YES) bestThisIter=1496621.76 feasibleAnts=9 noImprove=20 (elapsed 1325.72s)
[ITER 136] bestGlobalCost=1439427.80 (feasible=YES) bestThisIter=1476086.28 feasibleAnts=10 noImprove=21 (elapsed 1342.65s)
[ITER 137] bestGlobalCost=1439427.80 (feasible=YES) bestThisIter=1477773.87 feasibleAnts=9 noImprove=22 (elapsed 1346.76s)
[ITER 138] bestGlobalCost=1439427.80 (feasible=YES) bestThisIter=1481976.07 feasibleAnts=10 noImprove=23 (elapsed 1364.35s)
[ITER 139] bestGlobalCost=1439427.80 (feasible=YES) bestThisIter=1473439.66 feasibleAnts=10 noImprove=24 (elapsed 1367.78s)
[ITER 140] bestGlobalCost=1439427.80 (feasible=YES) bestThisIter=1512420.18 feasibleAnts=10 noImprove=25 (elapsed 1383s)
[ITER 141] bestGlobalCost=1439427.80 (feasible=YES) bestThisIter=1482945.56 feasibleAnts=10 noImprove=26 (elapsed 1385.38s)
[ITER 142] bestGlobalCost=1439427.80 (feasible=YES) bestThisIter=1469393.43 feasibleAnts=10 noImprove=27 (elapsed 1400.38s)
[ITER 143] bestGlobalCost=1439427.80 (feasible=YES) bestThisIter=1486654.45 feasibleAnts=10 noImprove=28 (elapsed 1402.46s)
[ITER 144] bestGlobalCost=1439427.80 (feasible=YES) bestThisIter=1484294.22 feasibleAnts=10 noImprove=29 (elapsed 1418.46s)
[ITER 145] bestGlobalCost=1439427.80 (feasible=YES) bestThisIter=1475594.72 feasibleAnts=10 noImprove=30 (elapsed 1422.32s)
[RESET] no improvement for30-> reset pheromones
[ITER 146] bestGlobalCost=1439427.80 (feasible=YES) bestThisIter=1632242.18 feasibleAnts=10 noImprove=1 (elapsed 1440.72s)
[ITER 147] bestGlobalCost=1439427.80 (feasible=YES) bestThisIter=1490840.00 feasibleAnts=10 noImprove=2 (elapsed 1443.13s)
[ITER 148] bestGlobalCost=1439427.80 (feasible=YES) bestThisIter=1474205.93 feasibleAnts=10 noImprove=3 (elapsed 1458.75s)
[ITER 149] bestGlobalCost=1439427.80 (feasible=YES) bestThisIter=1453669.81 feasibleAnts=10 noImprove=4 (elapsed 1460.53s)
[ITER 150] bestGlobalCost=1439427.80 (feasible=YES) bestThisIter=1440801.08 feasibleAnts=10 noImprove=5 (elapsed 1477.41s)
[ITER 151] bestGlobalCost=1439427.80 (feasible=YES) bestThisIter=1461576.33 feasibleAnts=9 noImprove=6 (elapsed 1480.41s)
[ITER 152] bestGlobalCost=1439427.80 (feasible=YES) bestThisIter=1450309.00 feasibleAnts=10 noImprove=7 (elapsed 1492.4s)
[ITER 153] bestGlobalCost=1439427.80 (feasible=YES) bestThisIter=1453885.55 feasibleAnts=10 noImprove=8 (elapsed 1494.39s)
[ITER 154] bestGlobalCost=1439427.80 (feasible=YES) bestThisIter=1457024.41 feasibleAnts=10 noImprove=9 (elapsed 1507.58s)
355 367 380 384 388 394 401 402 403 410 419 420 421 426 430 440 441 442 452 453 454 455 456 481 486 
186 189 194 197 198 209 215 216 218 222 225 230 231 236 240 241 255 267 268 272 277 297 298 305 
21 22 23 24 26 27 28 29 30 31 32 33 34 35 38 41 42 45 51 210 224 235 266 269 301 392 
12 13 14 15 16 17 18 20 47 48 55 56 57 58 59 60 61 62 63 65 67 84 86 87 
365 374 375 383 386 387 393 400 404 405 406 407 408 413 414 415 416 417 418 434 436 437 438 439 451 
279 280 281 282 290 291 292 293 294 306 309 312 313 314 322 327 329 333 338 346 353 356 359 360 378 
64 66 68 69 70 71 72 73 74 75 76 77 78 79 80 81 83 85 96 116 125 128 132 139 
1 2 3 4 5 6 7 8 9 10 11 19 36 37 39 40 43 44 46 49 50 52 53 54 
207 219 227 228 229 233 234 238 242 243 244 245 246 247 248 256 257 258 259 271 273 278 289 299 304 
276 310 317 318 321 323 325 330 334 337 341 342 343 349 350 352 357 358 364 368 370 377 381 389 397 409 425 
82 122 152 154 155 156 159 160 161 162 163 166 170 171 173 174 175 176 180 181 190 201 
335 362 372 379 395 427 428 474 475 476 477 478 479 480 482 484 485 487 488 489 490 491 492 493 
25 326 345 369 371 382 385 390 391 398 399 411 422 423 429 431 457 458 461 462 463 464 466 
143 151 157 158 165 168 177 178 183 187 188 191 192 193 195 196 199 200 204 205 214 220 221 226 237 239 
88 89 90 91 92 93 94 95 97 98 99 100 102 103 104 105 109 110 112 114 115 118 120 135 
232 249 250 251 252 253 254 260 261 262 263 264 265 274 283 284 285 286 287 295 296 300 303 308 311 319 
396 412 424 432 433 435 443 444 445 446 447 448 449 450 459 460 465 467 468 469 470 471 472 473 483 
101 106 107 108 111 113 117 119 121 123 124 126 127 129 131 133 134 136 137 138 144 145 146 147 149 
130 140 141 142 148 150 153 164 167 169 172 179 182 184 185 202 203 206 208 211 212 213 217 223 
270 275 288 302 307 315 316 320 324 328 331 332 336 339 340 344 347 348 351 354 361 363 366 373 376 
[SAVELOGS] evolution saved to results/logs/d493_20_3/evolution/d493_20_3
[SAVELOGS] best cost saved to results/logs/d493_20_3/objectives/d493_20_3
[SAVELOGS] best solution saved to results/logs/d493_20_3/solutions/d493_20_3
