[ITER 1] New best cost=3402552.82 (feasible=YES, time 1.02617s)
[ITER 2] New best cost=3366749.06 (feasible=YES, time 2.21195s)
[ITER 3] New best cost=3336621.44 (feasible=YES, time 3.53456s)
[ITER 5] New best cost=3311178.70 (feasible=YES, time 5.66708s)
[ITER 10] bestGlobalCost=3311178.70 (feasible=YES) bestThisIter=3337003.73 feasibleAnts=10 noImprove=5 (elapsed 11.2922s)
[ITER 20] bestGlobalCost=3311178.70 (feasible=YES) bestThisIter=3390890.41 feasibleAnts=10 noImprove=15 (elapsed 23.556s)
[ITER 30] bestGlobalCost=3311178.70 (feasible=YES) bestThisIter=3381839.11 feasibleAnts=10 noImprove=25 (elapsed 37.1488s)
[ITER 40] bestGlobalCost=3311178.70 (feasible=YES) bestThisIter=3420133.50 feasibleAnts=10 noImprove=35 (elapsed 49.3147s)
[ITER 50] bestGlobalCost=3311178.70 (feasible=YES) bestThisIter=3450319.57 feasibleAnts=10 noImprove=45 (elapsed 60.5004s)
[RESET] no improvement for50-> reset pheromones
[ITER 60] bestGlobalCost=3311178.70 (feasible=YES) bestThisIter=3317051.27 feasibleAnts=10 noImprove=5 (elapsed 71.7511s)
[ITER 70] bestGlobalCost=3311178.70 (feasible=YES) bestThisIter=3387617.93 feasibleAnts=10 noImprove=15 (elapsed 84.8032s)
[ITER 80] bestGlobalCost=3311178.70 (feasible=YES) bestThisIter=3400476.72 feasibleAnts=10 noImprove=25 (elapsed 98.5396s)
[ITER 90] bestGlobalCost=3311178.70 (feasible=YES) bestThisIter=3422540.21 feasibleAnts=10 noImprove=35 (elapsed 112.626s)
[ITER 100] bestGlobalCost=3311178.70 (feasible=YES) bestThisIter=3360508.84 feasibleAnts=10 noImprove=45 (elapsed 127.359s)
[RESET] no improvement for50-> reset pheromones
[ITER 110] bestGlobalCost=3311178.70 (feasible=YES) bestThisIter=3338900.06 feasibleAnts=10 noImprove=5 (elapsed 139.362s)
[ITER 120] bestGlobalCost=3311178.70 (feasible=YES) bestThisIter=3332282.00 feasibleAnts=10 noImprove=15 (elapsed 152.327s)
[ITER 130] bestGlobalCost=3311178.70 (feasible=YES) bestThisIter=3438269.46 feasibleAnts=10 noImprove=25 (elapsed 166.086s)
[ITER 140] bestGlobalCost=3311178.70 (feasible=YES) bestThisIter=3406979.06 feasibleAnts=10 noImprove=35 (elapsed 179.367s)
[ITER 150] bestGlobalCost=3311178.70 (feasible=YES) bestThisIter=3401823.24 feasibleAnts=10 noImprove=45 (elapsed 194.798s)
[RESET] no improvement for50-> reset pheromones
[ITER 160] bestGlobalCost=3311178.70 (feasible=YES) bestThisIter=3333974.41 feasibleAnts=10 noImprove=5 (elapsed 205.734s)
[ITER 170] bestGlobalCost=3311178.70 (feasible=YES) bestThisIter=3375314.23 feasibleAnts=10 noImprove=15 (elapsed 219.613s)
[ITER 180] bestGlobalCost=3311178.70 (feasible=YES) bestThisIter=3417654.25 feasibleAnts=10 noImprove=25 (elapsed 233.748s)
[ITER 190] bestGlobalCost=3311178.70 (feasible=YES) bestThisIter=3427942.97 feasibleAnts=10 noImprove=35 (elapsed 248.924s)
[ITER 200] bestGlobalCost=3311178.70 (feasible=YES) bestThisIter=3436529.46 feasibleAnts=10 noImprove=45 (elapsed 265.664s)
[RESET] no improvement for50-> reset pheromones
[ITER 208] New best cost=3306453.86 (feasible=YES, time 272.828s)
[ITER 210] New best cost=3297934.63 (feasible=YES, time 276.798s)
[ITER 210] bestGlobalCost=3297934.63 (feasible=YES) bestThisIter=3306453.86 feasibleAnts=10 noImprove=0 (elapsed 276.802s)
[ITER 214] New best cost=3293804.26 (feasible=YES, time 280.662s)
[ITER 215] New best cost=3293356.20 (feasible=YES, time 281.414s)
[ITER 217] New best cost=3293323.08 (feasible=YES, time 282.965s)
[ITER 220] New best cost=3282178.61 (feasible=YES, time 288.554s)
[ITER 220] bestGlobalCost=3282178.61 (feasible=YES) bestThisIter=3297242.14 feasibleAnts=10 noImprove=0 (elapsed 288.558s)
[ITER 221] New best cost=3270689.46 (feasible=YES, time 289.335s)
[ITER 230] bestGlobalCost=3270689.46 (feasible=YES) bestThisIter=3338749.36 feasibleAnts=10 noImprove=9 (elapsed 300.584s)
87 88 89 90 91 92 97 98 117 189 190 211 212 216 217 
101 102 103 104 105 107 201 202 203 204 205 206 207 209 210 
15 16 17 18 19 20 21 22 23 24 141 142 143 144 145 
86 108 109 110 111 112 113 114 115 116 119 208 213 214 215 
27 28 30 31 32 33 36 58 59 135 156 157 158 159 160 
73 74 75 93 94 95 96 99 174 195 196 197 198 199 200 
37 60 61 62 63 64 65 66 162 163 164 165 186 187 188 
6 7 8 9 10 11 12 13 34 35 131 132 133 134 
51 52 53 54 55 57 76 154 155 176 177 178 179 180 182 
14 38 39 40 41 42 43 44 136 137 138 139 140 161 166 
100 118 120 121 122 123 124 125 218 219 220 221 222 223 224 225 
45 67 68 69 70 71 72 167 168 169 170 191 192 193 194 
56 77 78 79 80 81 82 83 84 85 106 181 183 184 185 
1 2 3 4 5 26 29 126 127 128 129 130 151 152 153 
25 46 47 48 49 50 146 147 148 149 150 171 172 173 175 
[SAVELOGS] evolution saved to results/logs/aco_logs/evolution/ts225_15_4.txt
[SAVELOGS] best cost saved to results/logs/aco_logs/objectives/ts225_15_4.txt
[SAVELOGS] best solution saved to results/logs/aco_logs/solutions/ts225_15_4.txt
