[ITER 1] New best cost=6435832.11 (feasible=YES, time 3.18728s)
[ITER 2] New best cost=6350827.93 (feasible=YES, time 6.05408s)
[ITER 3] New best cost=6264190.07 (feasible=YES, time 8.95956s)
[ITER 5] New best cost=6198007.02 (feasible=YES, time 13.463s)
[ITER 7] New best cost=6196124.52 (feasible=YES, time 18.4519s)
[ITER 10] bestGlobalCost=6196124.52 (feasible=YES) bestThisIter=6212087.87 feasibleAnts=10 noImprove=3 (elapsed 29.7094s)
[ITER 11] New best cost=6178032.97 (feasible=YES, time 31.4741s)
[ITER 13] New best cost=6173676.19 (feasible=YES, time 36.4694s)
[ITER 19] New best cost=6172259.28 (feasible=YES, time 49.7256s)
[ITER 20] bestGlobalCost=6172259.28 (feasible=YES) bestThisIter=6195572.78 feasibleAnts=10 noImprove=1 (elapsed 56.6486s)
[ITER 21] New best cost=6138438.28 (feasible=YES, time 59.1133s)
[ITER 30] bestGlobalCost=6138438.28 (feasible=YES) bestThisIter=6154828.25 feasibleAnts=10 noImprove=9 (elapsed 85.3583s)
[ITER 40] bestGlobalCost=6138438.28 (feasible=YES) bestThisIter=6216899.28 feasibleAnts=10 noImprove=19 (elapsed 114.941s)
[ITER 50] bestGlobalCost=6138438.28 (feasible=YES) bestThisIter=6138438.28 feasibleAnts=10 noImprove=29 (elapsed 144.794s)
[RESET] no improvement for30-> reset pheromones
[ITER 60] bestGlobalCost=6138438.28 (feasible=YES) bestThisIter=6138438.28 feasibleAnts=10 noImprove=9 (elapsed 171.208s)
[ITER 67] New best cost=6136888.28 (feasible=YES, time 185.723s)
[ITER 70] bestGlobalCost=6136888.28 (feasible=YES) bestThisIter=6232044.70 feasibleAnts=10 noImprove=3 (elapsed 195.919s)
[ITER 80] bestGlobalCost=6136888.28 (feasible=YES) bestThisIter=6136888.28 feasibleAnts=11 noImprove=13 (elapsed 222.052s)
[ITER 90] [TS] New best cost=6129551.72 (feasible=YES, time 243.827s)
[ITER 90] bestGlobalCost=6129551.72 (feasible=YES) bestThisIter=6129551.72 feasibleAnts=9 noImprove=1 (elapsed 247.276s)
[ITER 100] bestGlobalCost=6129551.72 (feasible=YES) bestThisIter=6154813.81 feasibleAnts=10 noImprove=11 (elapsed 271.3s)
[ITER 110] bestGlobalCost=6129551.72 (feasible=YES) bestThisIter=6129551.72 feasibleAnts=11 noImprove=21 (elapsed 298.567s)
73 74 93 96 97 98 99 100 173 174 175 192 193 194 195 196 197 198 199 200 221 222 
33 57 58 59 60 61 62 63 64 65 90 156 158 160 161 163 164 165 181 182 186 187 188 189 
84 85 86 87 88 89 95 109 110 111 112 113 114 115 116 190 209 210 211 213 214 215 
27 51 52 53 54 55 56 79 81 82 151 152 153 154 155 159 176 177 178 179 180 183 184 
76 77 78 80 83 101 102 103 104 105 106 107 108 185 201 202 203 204 205 206 207 208 
17 18 19 20 21 22 23 24 25 43 46 48 141 142 143 144 145 146 147 148 149 150 171 172 
1 2 3 4 5 6 7 26 28 29 30 31 34 126 127 128 129 130 131 132 133 134 135 157 
41 42 44 45 47 49 50 66 67 68 69 70 71 72 75 162 166 167 168 169 170 191 
91 92 94 117 118 119 120 121 122 123 124 125 212 216 217 218 219 220 223 224 225 
8 9 10 11 12 13 14 15 16 32 35 36 37 38 39 40 136 137 138 139 140 
[SAVELOGS] evolution saved to results/logs/aco_logs/evolution/ts225_10_5.txt
[SAVELOGS] best cost saved to results/logs/aco_logs/objectives/ts225_10_5.txt
[SAVELOGS] best solution saved to results/logs/aco_logs/solutions/ts225_10_5.txt
