[ITER 1] New best cost=179963.54 (feasible=YES, time 0.0722492s)
[ITER 3] New best cost=179455.62 (feasible=YES, time 0.223269s)
[ITER 5] New best cost=179044.90 (feasible=YES, time 0.383233s)
[ITER 10] bestGlobalCost=179044.90 (feasible=YES) bestThisIter=179228.91 feasibleAnts=10 noImprove=5 (elapsed 0.748742s)
[ITER 11] New best cost=178583.52 (feasible=YES, time 0.83751s)
[ITER 14] New best cost=178578.19 (feasible=YES, time 1.05185s)
[ITER 15] New best cost=174887.54 (feasible=YES, time 1.60744s)
[ITER 15] New best cost=173215.78 (feasible=YES, time 2.56007s)
[ITER 15] New best cost=171450.72 (feasible=YES, time 3.70779s)
[ITER 20] bestGlobalCost=171450.72 (feasible=YES) bestThisIter=171450.72 feasibleAnts=12 noImprove=5 (elapsed 4.02921s)
[ITER 30] bestGlobalCost=171450.72 (feasible=YES) bestThisIter=173811.40 feasibleAnts=10 noImprove=15 (elapsed 6.62862s)
[ITER 40] bestGlobalCost=171450.72 (feasible=YES) bestThisIter=177349.51 feasibleAnts=10 noImprove=25 (elapsed 7.22014s)
[RESET] no improvement for30-> reset pheromones
[ITER 50] bestGlobalCost=171450.72 (feasible=YES) bestThisIter=174498.96 feasibleAnts=10 noImprove=5 (elapsed 10.0394s)
[ITER 60] bestGlobalCost=171450.72 (feasible=YES) bestThisIter=171450.72 feasibleAnts=10 noImprove=15 (elapsed 12.9166s)
[ITER 70] bestGlobalCost=171450.72 (feasible=YES) bestThisIter=177807.87 feasibleAnts=10 noImprove=25 (elapsed 13.6749s)
[RESET] no improvement for30-> reset pheromones
[ITER 80] bestGlobalCost=171450.72 (feasible=YES) bestThisIter=181438.01 feasibleAnts=10 noImprove=5 (elapsed 16.4891s)
[ITER 90] bestGlobalCost=171450.72 (feasible=YES) bestThisIter=175826.17 feasibleAnts=10 noImprove=15 (elapsed 19.3489s)
[ITER 100] bestGlobalCost=171450.72 (feasible=YES) bestThisIter=171450.72 feasibleAnts=10 noImprove=25 (elapsed 20.0089s)
[RESET] no improvement for30-> reset pheromones
[ITER 110] bestGlobalCost=171450.72 (feasible=YES) bestThisIter=176149.53 feasibleAnts=10 noImprove=5 (elapsed 23.4142s)
[ITER 120] bestGlobalCost=171450.72 (feasible=YES) bestThisIter=174386.77 feasibleAnts=10 noImprove=15 (elapsed 26.56s)
[ITER 130] bestGlobalCost=171450.72 (feasible=YES) bestThisIter=175853.69 feasibleAnts=10 noImprove=25 (elapsed 27.2024s)
[RESET] no improvement for30-> reset pheromones
[ITER 140] bestGlobalCost=171450.72 (feasible=YES) bestThisIter=175117.47 feasibleAnts=10 noImprove=5 (elapsed 30.4256s)
[ITER 150] bestGlobalCost=171450.72 (feasible=YES) bestThisIter=175335.11 feasibleAnts=10 noImprove=15 (elapsed 33.4082s)
[ITER 160] bestGlobalCost=171450.72 (feasible=YES) bestThisIter=171960.25 feasibleAnts=10 noImprove=25 (elapsed 33.9671s)
[RESET] no improvement for30-> reset pheromones
[ITER 170] bestGlobalCost=171450.72 (feasible=YES) bestThisIter=175497.00 feasibleAnts=10 noImprove=5 (elapsed 36.572s)
[ITER 180] bestGlobalCost=171450.72 (feasible=YES) bestThisIter=171450.72 feasibleAnts=10 noImprove=15 (elapsed 39.4293s)
[ITER 190] bestGlobalCost=171450.72 (feasible=YES) bestThisIter=171450.72 feasibleAnts=10 noImprove=25 (elapsed 40.1083s)
[RESET] no improvement for30-> reset pheromones
[ITER 200] bestGlobalCost=171450.72 (feasible=YES) bestThisIter=177044.64 feasibleAnts=10 noImprove=5 (elapsed 43.5353s)
[ITER 210] bestGlobalCost=171450.72 (feasible=YES) bestThisIter=171450.72 feasibleAnts=10 noImprove=15 (elapsed 46.7111s)
[ITER 220] bestGlobalCost=171450.72 (feasible=YES) bestThisIter=174812.11 feasibleAnts=8 noImprove=25 (elapsed 47.4613s)
[RESET] no improvement for30-> reset pheromones
[ITER 230] bestGlobalCost=171450.72 (feasible=YES) bestThisIter=176960.53 feasibleAnts=10 noImprove=5 (elapsed 50.3028s)
[ITER 240] bestGlobalCost=171450.72 (feasible=YES) bestThisIter=174206.04 feasibleAnts=10 noImprove=15 (elapsed 53.2241s)
[ITER 250] bestGlobalCost=171450.72 (feasible=YES) bestThisIter=171450.72 feasibleAnts=10 noImprove=25 (elapsed 53.9762s)
[RESET] no improvement for30-> reset pheromones
[ITER 260] bestGlobalCost=171450.72 (feasible=YES) bestThisIter=177827.77 feasibleAnts=10 noImprove=5 (elapsed 56.8097s)
[ITER 270] bestGlobalCost=171450.72 (feasible=YES) bestThisIter=171450.72 feasibleAnts=10 noImprove=15 (elapsed 59.6921s)
40 48 50 54 55 56 57 59 62 63 105 
67 68 71 78 82 83 84 85 86 91 
4 5 13 14 34 35 36 38 39 41 
64 70 72 73 74 75 76 77 79 80 81 
42 43 44 45 46 47 51 52 53 58 
16 17 18 19 24 25 26 27 37 49 104 
89 90 92 93 96 97 98 99 101 102 
1 2 3 6 7 8 9 10 11 12 15 
60 61 65 66 69 87 88 94 95 100 
20 21 22 23 28 29 30 31 32 33 103 
[SAVELOGS] evolution saved to results/logs/lin105_10_3/evolution/lin105_10_3
[SAVELOGS] best cost saved to results/logs/lin105_10_3/objectives/lin105_10_3
[SAVELOGS] best solution saved to results/logs/lin105_10_3/solutions/lin105_10_3
