[ITER 1] New best cost=1585878.40 (feasible=YES, time 7.85726s)
[ITER 2] New best cost=1518500.09 (feasible=YES, time 13.9676s)
[ITER 10] bestGlobalCost=1518500.09 (feasible=YES) bestThisIter=1538236.13 feasibleAnts=10 noImprove=8 (elapsed 65.85s)
[ITER 15] New best cost=1503888.10 (feasible=YES, time 99.9177s)
[ITER 20] bestGlobalCost=1503888.10 (feasible=YES) bestThisIter=1558287.35 feasibleAnts=10 noImprove=5 (elapsed 136.508s)
[ITER 30] bestGlobalCost=1503888.10 (feasible=YES) bestThisIter=1543335.94 feasibleAnts=10 noImprove=15 (elapsed 210.073s)
[ITER 40] bestGlobalCost=1503888.10 (feasible=YES) bestThisIter=1537687.29 feasibleAnts=10 noImprove=25 (elapsed 273.565s)
[RESET] no improvement for30-> reset pheromones
[ITER 50] bestGlobalCost=1503888.10 (feasible=YES) bestThisIter=1530625.40 feasibleAnts=10 noImprove=5 (elapsed 321.797s)
[ITER 60] bestGlobalCost=1503888.10 (feasible=YES) bestThisIter=1520564.11 feasibleAnts=10 noImprove=15 (elapsed 371.96s)
[ITER 70] bestGlobalCost=1503888.10 (feasible=YES) bestThisIter=1559081.09 feasibleAnts=10 noImprove=25 (elapsed 417.534s)
[RESET] no improvement for30-> reset pheromones
[ITER 80] bestGlobalCost=1503888.10 (feasible=YES) bestThisIter=1534922.32 feasibleAnts=10 noImprove=5 (elapsed 470.342s)
[ITER 85] New best cost=1502560.85 (feasible=YES, time 494.489s)
[ITER 89] New best cost=1500958.13 (feasible=YES, time 515.473s)
[ITER 90] bestGlobalCost=1500958.13 (feasible=YES) bestThisIter=1531536.46 feasibleAnts=10 noImprove=1 (elapsed 527.578s)
[ITER 92] New best cost=1499242.05 (feasible=YES, time 536.551s)
[ITER 100] bestGlobalCost=1499242.05 (feasible=YES) bestThisIter=1546009.61 feasibleAnts=9 noImprove=8 (elapsed 580.012s)
[ITER 107] New best cost=1492129.94 (feasible=YES, time 611.222s)
[ITER 110] bestGlobalCost=1492129.94 (feasible=YES) bestThisIter=1544332.06 feasibleAnts=10 noImprove=3 (elapsed 630.172s)
[ITER 115] New best cost=1486443.75 (feasible=YES, time 650.102s)
[ITER 120] bestGlobalCost=1486443.75 (feasible=YES) bestThisIter=1529356.28 feasibleAnts=10 noImprove=5 (elapsed 674.858s)
[ITER 130] bestGlobalCost=1486443.75 (feasible=YES) bestThisIter=1539625.54 feasibleAnts=10 noImprove=15 (elapsed 725.596s)
[ITER 140] bestGlobalCost=1486443.75 (feasible=YES) bestThisIter=1496141.64 feasibleAnts=10 noImprove=25 (elapsed 773.08s)
[RESET] no improvement for30-> reset pheromones
[ITER 150] bestGlobalCost=1486443.75 (feasible=YES) bestThisIter=1489866.37 feasibleAnts=10 noImprove=5 (elapsed 824.02s)
[ITER 160] bestGlobalCost=1486443.75 (feasible=YES) bestThisIter=1527731.79 feasibleAnts=10 noImprove=15 (elapsed 870.711s)
[ITER 170] bestGlobalCost=1486443.75 (feasible=YES) bestThisIter=1523328.25 feasibleAnts=10 noImprove=25 (elapsed 920.391s)
[RESET] no improvement for30-> reset pheromones
[ITER 180] bestGlobalCost=1486443.75 (feasible=YES) bestThisIter=1487394.72 feasibleAnts=10 noImprove=5 (elapsed 973.704s)
[ITER 190] bestGlobalCost=1486443.75 (feasible=YES) bestThisIter=1486443.75 feasibleAnts=10 noImprove=15 (elapsed 1022.68s)
[ITER 200] bestGlobalCost=1486443.75 (feasible=YES) bestThisIter=1529029.56 feasibleAnts=10 noImprove=25 (elapsed 1067.96s)
[RESET] no improvement for30-> reset pheromones
[ITER 210] bestGlobalCost=1486443.75 (feasible=YES) bestThisIter=1506486.12 feasibleAnts=10 noImprove=5 (elapsed 1115.21s)
[ITER 220] bestGlobalCost=1486443.75 (feasible=YES) bestThisIter=1531180.25 feasibleAnts=10 noImprove=15 (elapsed 1164.55s)
[ITER 230] bestGlobalCost=1486443.75 (feasible=YES) bestThisIter=1493529.70 feasibleAnts=10 noImprove=25 (elapsed 1211.05s)
[RESET] no improvement for30-> reset pheromones
[ITER 240] bestGlobalCost=1486443.75 (feasible=YES) bestThisIter=1523062.42 feasibleAnts=10 noImprove=5 (elapsed 1258.43s)
[ITER 250] bestGlobalCost=1486443.75 (feasible=YES) bestThisIter=1540280.14 feasibleAnts=10 noImprove=15 (elapsed 1305.19s)
[ITER 251] New best cost=1484722.38 (feasible=YES, time 1309.24s)
[ITER 260] bestGlobalCost=1484722.38 (feasible=YES) bestThisIter=1537962.28 feasibleAnts=10 noImprove=9 (elapsed 1361.75s)
[ITER 270] bestGlobalCost=1484722.38 (feasible=YES) bestThisIter=1538004.99 feasibleAnts=10 noImprove=19 (elapsed 1415.16s)
[ITER 280] bestGlobalCost=1484722.38 (feasible=YES) bestThisIter=1545611.06 feasibleAnts=10 noImprove=29 (elapsed 1467.17s)
[RESET] no improvement for30-> reset pheromones
251 252 253 255 256 258 259 260 261 262 263 265 266 267 268 269 270 271 272 273 274 275 276 277 279 280 281 282 283 284 285 286 287 288 289 290 291 292 293 294 295 296 297 
69 72 87 89 92 102 103 104 105 202 203 211 229 358 359 360 361 362 363 364 365 367 368 380 381 382 383 388 389 390 391 392 400 401 402 403 404 405 406 407 408 
154 157 158 159 160 161 162 164 165 166 167 168 169 170 171 172 173 174 175 176 177 178 180 181 182 183 184 185 186 187 188 189 190 191 192 193 195 196 197 198 199 200 201 
1 2 3 4 5 6 7 8 10 11 12 13 14 17 18 19 21 22 23 24 26 27 28 29 30 31 32 36 39 40 42 44 47 53 147 309 313 324 335 350 
45 49 56 57 58 59 60 61 62 63 64 65 66 67 68 70 71 73 74 75 76 77 78 79 80 81 82 83 84 85 86 88 90 91 93 94 96 97 98 99 100 
9 15 16 20 25 37 109 113 114 115 116 117 118 119 120 121 122 123 124 125 126 127 128 129 133 135 136 137 138 139 140 141 142 143 144 145 146 148 149 150 151 152 153 
204 205 206 207 208 209 210 212 213 214 215 216 217 218 219 220 221 222 223 224 225 226 227 228 230 231 232 233 234 235 236 237 238 239 240 241 242 243 244 245 246 247 248 249 366 393 
34 38 41 43 46 48 50 51 52 155 156 163 179 194 310 311 312 314 315 316 317 318 319 325 326 327 334 336 337 338 339 349 351 352 353 354 355 356 357 
54 55 95 101 250 254 257 264 278 369 370 371 372 373 374 375 376 377 378 379 384 385 386 387 394 395 396 397 398 399 409 410 411 412 413 414 415 416 417 
33 35 106 107 108 110 111 112 130 131 132 134 298 299 300 301 302 303 304 305 306 307 308 320 321 322 323 328 329 330 331 332 333 340 341 342 343 344 345 346 347 348 
[SAVELOGS] evolution saved to results/logs/aco_logs/evolution/fl417_10_5.txt
[SAVELOGS] best cost saved to results/logs/aco_logs/objectives/fl417_10_5.txt
[SAVELOGS] best solution saved to results/logs/aco_logs/solutions/fl417_10_5.txt
