[ITER 1] New best cost=2757205.64 (feasible=YES, time 0.790837s)
[ITER 2] New best cost=2751285.59 (feasible=YES, time 0.824495s)
[ITER 3] New best cost=2746522.85 (feasible=YES, time 0.858626s)
[ITER 10] New best cost=2746177.16 (feasible=YES, time 1.07322s)
[ITER 10] bestGlobalCost=2746177.16 (feasible=YES) bestThisIter=2746522.85 feasibleAnts=16 noImprove=0 (elapsed 1.07732s)
[ITER 11] New best cost=2742252.75 (feasible=YES, time 1.89191s)
[ITER 20] bestGlobalCost=2742252.75 (feasible=YES) bestThisIter=2748980.35 feasibleAnts=15 noImprove=9 (elapsed 2.17705s)
[ITER 30] bestGlobalCost=2742252.75 (feasible=YES) bestThisIter=2751383.11 feasibleAnts=15 noImprove=19 (elapsed 3.2641s)
[ITER 40] bestGlobalCost=2742252.75 (feasible=YES) bestThisIter=2760469.86 feasibleAnts=16 noImprove=29 (elapsed 4.68124s)
[ITER 50] bestGlobalCost=2742252.75 (feasible=YES) bestThisIter=2743161.01 feasibleAnts=15 noImprove=39 (elapsed 6.1025s)
[ITER 60] bestGlobalCost=2742252.75 (feasible=YES) bestThisIter=2751383.11 feasibleAnts=15 noImprove=49 (elapsed 7.46465s)
[RESET] no improvement for50-> reset pheromones
[ITER 70] bestGlobalCost=2742252.75 (feasible=YES) bestThisIter=2758615.45 feasibleAnts=15 noImprove=9 (elapsed 8.52439s)
[ITER 80] bestGlobalCost=2742252.75 (feasible=YES) bestThisIter=2743161.01 feasibleAnts=16 noImprove=19 (elapsed 9.63722s)
[ITER 90] bestGlobalCost=2742252.75 (feasible=YES) bestThisIter=2751069.88 feasibleAnts=16 noImprove=29 (elapsed 10.6946s)
[ITER 100] bestGlobalCost=2742252.75 (feasible=YES) bestThisIter=2748980.35 feasibleAnts=15 noImprove=39 (elapsed 11.838s)
[ITER 110] bestGlobalCost=2742252.75 (feasible=YES) bestThisIter=2743161.01 feasibleAnts=15 noImprove=49 (elapsed 12.9091s)
[RESET] no improvement for50-> reset pheromones
[ITER 120] bestGlobalCost=2742252.75 (feasible=YES) bestThisIter=2743161.01 feasibleAnts=15 noImprove=9 (elapsed 14.016s)
[ITER 130] bestGlobalCost=2742252.75 (feasible=YES) bestThisIter=2747859.03 feasibleAnts=16 noImprove=19 (elapsed 15.0863s)
[ITER 140] bestGlobalCost=2742252.75 (feasible=YES) bestThisIter=2743161.01 feasibleAnts=14 noImprove=29 (elapsed 16.178s)
[ITER 150] bestGlobalCost=2742252.75 (feasible=YES) bestThisIter=2744503.16 feasibleAnts=14 noImprove=39 (elapsed 17.2638s)
[ITER 160] bestGlobalCost=2742252.75 (feasible=YES) bestThisIter=2743161.01 feasibleAnts=15 noImprove=49 (elapsed 18.3528s)
[RESET] no improvement for50-> reset pheromones
[ITER 170] bestGlobalCost=2742252.75 (feasible=YES) bestThisIter=2750466.53 feasibleAnts=14 noImprove=9 (elapsed 19.4251s)
[ITER 180] bestGlobalCost=2742252.75 (feasible=YES) bestThisIter=2749314.45 feasibleAnts=13 noImprove=19 (elapsed 20.5272s)
[ITER 190] bestGlobalCost=2742252.75 (feasible=YES) bestThisIter=2743161.01 feasibleAnts=15 noImprove=29 (elapsed 21.6109s)
[ITER 200] bestGlobalCost=2742252.75 (feasible=YES) bestThisIter=2750707.30 feasibleAnts=14 noImprove=39 (elapsed 22.6794s)
[ITER 210] bestGlobalCost=2742252.75 (feasible=YES) bestThisIter=2745662.89 feasibleAnts=15 noImprove=49 (elapsed 23.7656s)
[RESET] no improvement for50-> reset pheromones
[ITER 220] bestGlobalCost=2742252.75 (feasible=YES) bestThisIter=2748980.35 feasibleAnts=15 noImprove=9 (elapsed 24.8658s)
[ITER 230] bestGlobalCost=2742252.75 (feasible=YES) bestThisIter=2750085.25 feasibleAnts=15 noImprove=19 (elapsed 25.9901s)
[ITER 240] bestGlobalCost=2742252.75 (feasible=YES) bestThisIter=2749573.74 feasibleAnts=15 noImprove=29 (elapsed 27.0757s)
[ITER 250] bestGlobalCost=2742252.75 (feasible=YES) bestThisIter=2743161.01 feasibleAnts=14 noImprove=39 (elapsed 28.4063s)
[ITER 260] bestGlobalCost=2742252.75 (feasible=YES) bestThisIter=2749016.31 feasibleAnts=14 noImprove=49 (elapsed 29.834s)
[RESET] no improvement for50-> reset pheromones
[ITER 270] bestGlobalCost=2742252.75 (feasible=YES) bestThisIter=2759634.02 feasibleAnts=15 noImprove=9 (elapsed 31.2978s)
[ITER 280] bestGlobalCost=2742252.75 (feasible=YES) bestThisIter=2750161.62 feasibleAnts=15 noImprove=19 (elapsed 32.3698s)
[ITER 290] bestGlobalCost=2742252.75 (feasible=YES) bestThisIter=2743161.01 feasibleAnts=15 noImprove=29 (elapsed 33.4556s)
[ITER 300] bestGlobalCost=2742252.75 (feasible=YES) bestThisIter=2753838.90 feasibleAnts=15 noImprove=39 (elapsed 34.5211s)
[ITER 310] bestGlobalCost=2742252.75 (feasible=YES) bestThisIter=2762928.60 feasibleAnts=15 noImprove=49 (elapsed 35.7087s)
[RESET] no improvement for50-> reset pheromones
[ITER 320] bestGlobalCost=2742252.75 (feasible=YES) bestThisIter=2746522.85 feasibleAnts=15 noImprove=9 (elapsed 37.1427s)
[ITER 330] bestGlobalCost=2742252.75 (feasible=YES) bestThisIter=2750707.30 feasibleAnts=16 noImprove=19 (elapsed 38.5736s)
[ITER 340] bestGlobalCost=2742252.75 (feasible=YES) bestThisIter=2750161.62 feasibleAnts=15 noImprove=29 (elapsed 39.8345s)
[ITER 350] bestGlobalCost=2742252.75 (feasible=YES) bestThisIter=2758112.30 feasibleAnts=15 noImprove=39 (elapsed 40.9016s)
[ITER 360] bestGlobalCost=2742252.75 (feasible=YES) bestThisIter=2743161.01 feasibleAnts=15 noImprove=49 (elapsed 42.0213s)
[RESET] no improvement for50-> reset pheromones
[ITER 370] bestGlobalCost=2742252.75 (feasible=YES) bestThisIter=2749252.86 feasibleAnts=15 noImprove=9 (elapsed 43.1099s)
[ITER 380] bestGlobalCost=2742252.75 (feasible=YES) bestThisIter=2745662.89 feasibleAnts=17 noImprove=19 (elapsed 44.199s)
[ITER 390] bestGlobalCost=2742252.75 (feasible=YES) bestThisIter=2743161.01 feasibleAnts=15 noImprove=29 (elapsed 45.2799s)
[ITER 400] bestGlobalCost=2742252.75 (feasible=YES) bestThisIter=2748245.77 feasibleAnts=15 noImprove=39 (elapsed 46.3675s)
[ITER 410] bestGlobalCost=2742252.75 (feasible=YES) bestThisIter=2747957.17 feasibleAnts=15 noImprove=49 (elapsed 47.4495s)
[RESET] no improvement for50-> reset pheromones
[ITER 420] bestGlobalCost=2742252.75 (feasible=YES) bestThisIter=2754850.07 feasibleAnts=15 noImprove=9 (elapsed 48.5618s)
[ITER 430] bestGlobalCost=2742252.75 (feasible=YES) bestThisIter=2745662.89 feasibleAnts=15 noImprove=19 (elapsed 49.6647s)
[ITER 440] bestGlobalCost=2742252.75 (feasible=YES) bestThisIter=2749335.17 feasibleAnts=15 noImprove=29 (elapsed 50.7413s)
[ITER 450] bestGlobalCost=2742252.75 (feasible=YES) bestThisIter=2751764.67 feasibleAnts=16 noImprove=39 (elapsed 51.8478s)
[ITER 460] bestGlobalCost=2742252.75 (feasible=YES) bestThisIter=2753104.51 feasibleAnts=15 noImprove=49 (elapsed 52.9283s)
[RESET] no improvement for50-> reset pheromones
[ITER 470] bestGlobalCost=2742252.75 (feasible=YES) bestThisIter=2743161.01 feasibleAnts=14 noImprove=9 (elapsed 54.0181s)
[ITER 480] bestGlobalCost=2742252.75 (feasible=YES) bestThisIter=2743161.01 feasibleAnts=15 noImprove=19 (elapsed 55.081s)
[ITER 490] bestGlobalCost=2742252.75 (feasible=YES) bestThisIter=2743161.01 feasibleAnts=15 noImprove=29 (elapsed 56.1471s)
[ITER 500] bestGlobalCost=2742252.75 (feasible=YES) bestThisIter=2772598.13 feasibleAnts=15 noImprove=39 (elapsed 57.2351s)
[ITER 510] bestGlobalCost=2742252.75 (feasible=YES) bestThisIter=2750085.25 feasibleAnts=15 noImprove=49 (elapsed 58.3141s)
[RESET] no improvement for50-> reset pheromones
[ITER 520] bestGlobalCost=2742252.75 (feasible=YES) bestThisIter=2761493.81 feasibleAnts=16 noImprove=9 (elapsed 59.437s)
[ITER 530] bestGlobalCost=2742252.75 (feasible=YES) bestThisIter=2754875.48 feasibleAnts=14 noImprove=19 (elapsed 60.8429s)
[ITER 540] bestGlobalCost=2742252.75 (feasible=YES) bestThisIter=2746522.85 feasibleAnts=15 noImprove=29 (elapsed 62.278s)
[ITER 550] bestGlobalCost=2742252.75 (feasible=YES) bestThisIter=2743161.01 feasibleAnts=13 noImprove=39 (elapsed 63.6275s)
[ITER 560] bestGlobalCost=2742252.75 (feasible=YES) bestThisIter=2743161.01 feasibleAnts=15 noImprove=49 (elapsed 64.6765s)
[RESET] no improvement for50-> reset pheromones
[ITER 570] bestGlobalCost=2742252.75 (feasible=YES) bestThisIter=2758780.80 feasibleAnts=15 noImprove=9 (elapsed 65.774s)
[ITER 580] bestGlobalCost=2742252.75 (feasible=YES) bestThisIter=2748980.35 feasibleAnts=13 noImprove=19 (elapsed 66.819s)
[ITER 590] bestGlobalCost=2742252.75 (feasible=YES) bestThisIter=2747957.17 feasibleAnts=16 noImprove=29 (elapsed 67.8739s)
[ITER 600] bestGlobalCost=2742252.75 (feasible=YES) bestThisIter=2750993.51 feasibleAnts=14 noImprove=39 (elapsed 68.9341s)
[ITER 610] bestGlobalCost=2742252.75 (feasible=YES) bestThisIter=2753817.06 feasibleAnts=15 noImprove=49 (elapsed 70.0011s)
[RESET] no improvement for50-> reset pheromones
[ITER 620] bestGlobalCost=2742252.75 (feasible=YES) bestThisIter=2753660.73 feasibleAnts=14 noImprove=9 (elapsed 71.082s)
[ITER 630] bestGlobalCost=2742252.75 (feasible=YES) bestThisIter=2743161.01 feasibleAnts=15 noImprove=19 (elapsed 72.4443s)
[ITER 640] bestGlobalCost=2742252.75 (feasible=YES) bestThisIter=2743161.01 feasibleAnts=15 noImprove=29 (elapsed 73.8757s)
[ITER 650] bestGlobalCost=2742252.75 (feasible=YES) bestThisIter=2743161.01 feasibleAnts=15 noImprove=39 (elapsed 75.2921s)
[ITER 660] bestGlobalCost=2742252.75 (feasible=YES) bestThisIter=2746522.85 feasibleAnts=14 noImprove=49 (elapsed 76.3523s)
[RESET] no improvement for50-> reset pheromones
[ITER 670] bestGlobalCost=2742252.75 (feasible=YES) bestThisIter=2750085.25 feasibleAnts=16 noImprove=9 (elapsed 77.4255s)
[ITER 680] bestGlobalCost=2742252.75 (feasible=YES) bestThisIter=2746522.85 feasibleAnts=15 noImprove=19 (elapsed 78.4821s)
[ITER 690] bestGlobalCost=2742252.75 (feasible=YES) bestThisIter=2756051.13 feasibleAnts=18 noImprove=29 (elapsed 79.5447s)
[ITER 700] bestGlobalCost=2742252.75 (feasible=YES) bestThisIter=2758758.97 feasibleAnts=15 noImprove=39 (elapsed 80.6051s)
[ITER 710] bestGlobalCost=2742252.75 (feasible=YES) bestThisIter=2743161.01 feasibleAnts=15 noImprove=49 (elapsed 81.6631s)
[RESET] no improvement for50-> reset pheromones
[ITER 720] bestGlobalCost=2742252.75 (feasible=YES) bestThisIter=2757315.90 feasibleAnts=15 noImprove=9 (elapsed 82.7653s)
[ITER 730] bestGlobalCost=2742252.75 (feasible=YES) bestThisIter=2743161.01 feasibleAnts=15 noImprove=19 (elapsed 83.847s)
[ITER 740] bestGlobalCost=2742252.75 (feasible=YES) bestThisIter=2743161.01 feasibleAnts=14 noImprove=29 (elapsed 84.9498s)
[ITER 750] bestGlobalCost=2742252.75 (feasible=YES) bestThisIter=2753013.54 feasibleAnts=15 noImprove=39 (elapsed 86.0148s)
[ITER 760] bestGlobalCost=2742252.75 (feasible=YES) bestThisIter=2743161.01 feasibleAnts=14 noImprove=49 (elapsed 87.1003s)
[RESET] no improvement for50-> reset pheromones
[ITER 770] bestGlobalCost=2742252.75 (feasible=YES) bestThisIter=2744599.18 feasibleAnts=14 noImprove=9 (elapsed 88.1686s)
[ITER 780] bestGlobalCost=2742252.75 (feasible=YES) bestThisIter=2756051.13 feasibleAnts=15 noImprove=19 (elapsed 89.2519s)
[ITER 790] bestGlobalCost=2742252.75 (feasible=YES) bestThisIter=2744503.16 feasibleAnts=15 noImprove=29 (elapsed 90.3198s)
[ITER 800] bestGlobalCost=2742252.75 (feasible=YES) bestThisIter=2753092.39 feasibleAnts=15 noImprove=39 (elapsed 91.4005s)
[ITER 810] bestGlobalCost=2742252.75 (feasible=YES) bestThisIter=2746522.85 feasibleAnts=15 noImprove=49 (elapsed 92.4747s)
[RESET] no improvement for50-> reset pheromones
[ITER 812] New best cost=2741887.18 (feasible=YES, time 93.3275s)
[ITER 820] bestGlobalCost=2741887.18 (feasible=YES) bestThisIter=2761980.37 feasibleAnts=15 noImprove=8 (elapsed 93.573s)
[ITER 830] bestGlobalCost=2741887.18 (feasible=YES) bestThisIter=2743945.49 feasibleAnts=16 noImprove=18 (elapsed 94.6347s)
[ITER 840] bestGlobalCost=2741887.18 (feasible=YES) bestThisIter=2743020.01 feasibleAnts=15 noImprove=28 (elapsed 95.712s)
[ITER 850] bestGlobalCost=2741887.18 (feasible=YES) bestThisIter=2750529.06 feasibleAnts=14 noImprove=38 (elapsed 96.7841s)
[ITER 860] bestGlobalCost=2741887.18 (feasible=YES) bestThisIter=2746816.98 feasibleAnts=15 noImprove=48 (elapsed 97.8607s)
[RESET] no improvement for50-> reset pheromones
[ITER 870] bestGlobalCost=2741887.18 (feasible=YES) bestThisIter=2749663.79 feasibleAnts=15 noImprove=8 (elapsed 98.9596s)
[ITER 880] bestGlobalCost=2741887.18 (feasible=YES) bestThisIter=2747787.75 feasibleAnts=15 noImprove=18 (elapsed 100.147s)
[ITER 890] bestGlobalCost=2741887.18 (feasible=YES) bestThisIter=2743426.40 feasibleAnts=14 noImprove=28 (elapsed 101.211s)
[ITER 900] bestGlobalCost=2741887.18 (feasible=YES) bestThisIter=2747787.75 feasibleAnts=15 noImprove=38 (elapsed 102.279s)
[ITER 910] bestGlobalCost=2741887.18 (feasible=YES) bestThisIter=2743881.64 feasibleAnts=15 noImprove=48 (elapsed 103.396s)
[RESET] no improvement for50-> reset pheromones
[ITER 920] bestGlobalCost=2741887.18 (feasible=YES) bestThisIter=2743020.01 feasibleAnts=15 noImprove=8 (elapsed 104.483s)
[ITER 930] bestGlobalCost=2741887.18 (feasible=YES) bestThisIter=2749040.85 feasibleAnts=16 noImprove=18 (elapsed 105.527s)
[ITER 940] bestGlobalCost=2741887.18 (feasible=YES) bestThisIter=2748230.00 feasibleAnts=14 noImprove=28 (elapsed 106.593s)
[ITER 950] bestGlobalCost=2741887.18 (feasible=YES) bestThisIter=2749064.72 feasibleAnts=16 noImprove=38 (elapsed 107.689s)
[ITER 960] bestGlobalCost=2741887.18 (feasible=YES) bestThisIter=2758501.05 feasibleAnts=15 noImprove=48 (elapsed 108.769s)
[RESET] no improvement for50-> reset pheromones
[ITER 970] bestGlobalCost=2741887.18 (feasible=YES) bestThisIter=2753135.38 feasibleAnts=15 noImprove=8 (elapsed 109.85s)
[ITER 980] bestGlobalCost=2741887.18 (feasible=YES) bestThisIter=2743426.40 feasibleAnts=15 noImprove=18 (elapsed 110.906s)
[ITER 990] bestGlobalCost=2741887.18 (feasible=YES) bestThisIter=2747451.49 feasibleAnts=16 noImprove=28 (elapsed 111.974s)
[ITER 1000] bestGlobalCost=2741887.18 (feasible=YES) bestThisIter=2747433.77 feasibleAnts=15 noImprove=38 (elapsed 113.082s)
[ITER 1010] bestGlobalCost=2741887.18 (feasible=YES) bestThisIter=2743764.90 feasibleAnts=15 noImprove=48 (elapsed 114.169s)
[RESET] no improvement for50-> reset pheromones
[ITER 1020] bestGlobalCost=2741887.18 (feasible=YES) bestThisIter=2748982.68 feasibleAnts=17 noImprove=8 (elapsed 115.256s)
[ITER 1030] bestGlobalCost=2741887.18 (feasible=YES) bestThisIter=2748822.25 feasibleAnts=15 noImprove=18 (elapsed 116.628s)
[ITER 1040] bestGlobalCost=2741887.18 (feasible=YES) bestThisIter=2748982.68 feasibleAnts=16 noImprove=28 (elapsed 118.067s)
[ITER 1050] bestGlobalCost=2741887.18 (feasible=YES) bestThisIter=2743426.40 feasibleAnts=15 noImprove=38 (elapsed 119.479s)
[ITER 1060] bestGlobalCost=2741887.18 (feasible=YES) bestThisIter=2747102.42 feasibleAnts=15 noImprove=48 (elapsed 120.534s)
[RESET] no improvement for50-> reset pheromones
[ITER 1070] bestGlobalCost=2741887.18 (feasible=YES) bestThisIter=2746522.85 feasibleAnts=16 noImprove=8 (elapsed 121.618s)
[ITER 1080] bestGlobalCost=2741887.18 (feasible=YES) bestThisIter=2755287.23 feasibleAnts=16 noImprove=18 (elapsed 122.698s)
[ITER 1090] bestGlobalCost=2741887.18 (feasible=YES) bestThisIter=2743945.49 feasibleAnts=15 noImprove=28 (elapsed 123.778s)
[ITER 1100] bestGlobalCost=2741887.18 (feasible=YES) bestThisIter=2757146.50 feasibleAnts=15 noImprove=38 (elapsed 124.84s)
[ITER 1110] bestGlobalCost=2741887.18 (feasible=YES) bestThisIter=2744599.18 feasibleAnts=14 noImprove=48 (elapsed 125.918s)
[RESET] no improvement for50-> reset pheromones
[ITER 1120] bestGlobalCost=2741887.18 (feasible=YES) bestThisIter=2751989.60 feasibleAnts=15 noImprove=8 (elapsed 127.01s)
[ITER 1130] bestGlobalCost=2741887.18 (feasible=YES) bestThisIter=2744599.18 feasibleAnts=15 noImprove=18 (elapsed 128.307s)
[ITER 1140] bestGlobalCost=2741887.18 (feasible=YES) bestThisIter=2743881.64 feasibleAnts=15 noImprove=28 (elapsed 129.733s)
[ITER 1150] bestGlobalCost=2741887.18 (feasible=YES) bestThisIter=2750022.13 feasibleAnts=15 noImprove=38 (elapsed 131.16s)
[ITER 1160] bestGlobalCost=2741887.18 (feasible=YES) bestThisIter=2749663.79 feasibleAnts=15 noImprove=48 (elapsed 132.32s)
[RESET] no improvement for50-> reset pheromones
[ITER 1170] bestGlobalCost=2741887.18 (feasible=YES) bestThisIter=2754597.80 feasibleAnts=14 noImprove=8 (elapsed 133.46s)
[ITER 1180] bestGlobalCost=2741887.18 (feasible=YES) bestThisIter=2750320.99 feasibleAnts=14 noImprove=18 (elapsed 134.553s)
[ITER 1190] bestGlobalCost=2741887.18 (feasible=YES) bestThisIter=2743426.40 feasibleAnts=15 noImprove=28 (elapsed 135.603s)
[ITER 1200] bestGlobalCost=2741887.18 (feasible=YES) bestThisIter=2744704.50 feasibleAnts=14 noImprove=38 (elapsed 136.656s)
[ITER 1210] bestGlobalCost=2741887.18 (feasible=YES) bestThisIter=2747787.75 feasibleAnts=14 noImprove=48 (elapsed 137.733s)
[RESET] no improvement for50-> reset pheromones
[ITER 1220] bestGlobalCost=2741887.18 (feasible=YES) bestThisIter=2743020.01 feasibleAnts=15 noImprove=8 (elapsed 138.838s)
[ITER 1230] bestGlobalCost=2741887.18 (feasible=YES) bestThisIter=2747787.75 feasibleAnts=15 noImprove=18 (elapsed 139.921s)
[ITER 1240] bestGlobalCost=2741887.18 (feasible=YES) bestThisIter=2753744.78 feasibleAnts=14 noImprove=28 (elapsed 140.993s)
[ITER 1250] bestGlobalCost=2741887.18 (feasible=YES) bestThisIter=2743881.64 feasibleAnts=16 noImprove=38 (elapsed 142.089s)
[ITER 1260] bestGlobalCost=2741887.18 (feasible=YES) bestThisIter=2744704.50 feasibleAnts=15 noImprove=48 (elapsed 143.166s)
[RESET] no improvement for50-> reset pheromones
[ITER 1270] bestGlobalCost=2741887.18 (feasible=YES) bestThisIter=2743881.64 feasibleAnts=15 noImprove=8 (elapsed 144.257s)
[ITER 1280] bestGlobalCost=2741887.18 (feasible=YES) bestThisIter=2747754.04 feasibleAnts=16 noImprove=18 (elapsed 145.316s)
[ITER 1290] bestGlobalCost=2741887.18 (feasible=YES) bestThisIter=2743881.64 feasibleAnts=15 noImprove=28 (elapsed 146.438s)
[ITER 1300] bestGlobalCost=2741887.18 (feasible=YES) bestThisIter=2744599.18 feasibleAnts=14 noImprove=38 (elapsed 147.514s)
[ITER 1310] bestGlobalCost=2741887.18 (feasible=YES) bestThisIter=2747787.75 feasibleAnts=15 noImprove=48 (elapsed 148.617s)
[RESET] no improvement for50-> reset pheromones
[ITER 1320] bestGlobalCost=2741887.18 (feasible=YES) bestThisIter=2751654.68 feasibleAnts=15 noImprove=8 (elapsed 149.718s)
[ITER 1330] bestGlobalCost=2741887.18 (feasible=YES) bestThisIter=2744608.75 feasibleAnts=16 noImprove=18 (elapsed 150.773s)
[ITER 1340] bestGlobalCost=2741887.18 (feasible=YES) bestThisIter=2744704.50 feasibleAnts=16 noImprove=28 (elapsed 151.843s)
[ITER 1350] bestGlobalCost=2741887.18 (feasible=YES) bestThisIter=2743945.49 feasibleAnts=15 noImprove=38 (elapsed 153.043s)
[ITER 1360] bestGlobalCost=2741887.18 (feasible=YES) bestThisIter=2743020.01 feasibleAnts=15 noImprove=48 (elapsed 154.131s)
[RESET] no improvement for50-> reset pheromones
[ITER 1370] bestGlobalCost=2741887.18 (feasible=YES) bestThisIter=2744704.50 feasibleAnts=15 noImprove=8 (elapsed 155.252s)
[ITER 1380] bestGlobalCost=2741887.18 (feasible=YES) bestThisIter=2747433.77 feasibleAnts=15 noImprove=18 (elapsed 156.625s)
[ITER 1390] bestGlobalCost=2741887.18 (feasible=YES) bestThisIter=2744704.50 feasibleAnts=14 noImprove=28 (elapsed 158.097s)
[ITER 1400] bestGlobalCost=2741887.18 (feasible=YES) bestThisIter=2744704.50 feasibleAnts=15 noImprove=38 (elapsed 159.545s)
[ITER 1410] bestGlobalCost=2741887.18 (feasible=YES) bestThisIter=2754716.48 feasibleAnts=15 noImprove=48 (elapsed 160.645s)
[RESET] no improvement for50-> reset pheromones
[ITER 1420] bestGlobalCost=2741887.18 (feasible=YES) bestThisIter=2748982.68 feasibleAnts=16 noImprove=8 (elapsed 161.78s)
[ITER 1430] bestGlobalCost=2741887.18 (feasible=YES) bestThisIter=2744608.75 feasibleAnts=15 noImprove=18 (elapsed 162.883s)
[ITER 1440] bestGlobalCost=2741887.18 (feasible=YES) bestThisIter=2743881.64 feasibleAnts=15 noImprove=28 (elapsed 164.205s)
[ITER 1450] bestGlobalCost=2741887.18 (feasible=YES) bestThisIter=2743020.01 feasibleAnts=15 noImprove=38 (elapsed 165.637s)
[ITER 1460] bestGlobalCost=2741887.18 (feasible=YES) bestThisIter=2744704.50 feasibleAnts=15 noImprove=48 (elapsed 167.072s)
[RESET] no improvement for50-> reset pheromones
[ITER 1470] bestGlobalCost=2741887.18 (feasible=YES) bestThisIter=2747433.77 feasibleAnts=14 noImprove=8 (elapsed 168.274s)
[ITER 1480] bestGlobalCost=2741887.18 (feasible=YES) bestThisIter=2750864.59 feasibleAnts=15 noImprove=18 (elapsed 169.349s)
[ITER 1490] bestGlobalCost=2741887.18 (feasible=YES) bestThisIter=2743764.90 feasibleAnts=15 noImprove=28 (elapsed 170.432s)
[ITER 1500] bestGlobalCost=2741887.18 (feasible=YES) bestThisIter=2744704.50 feasibleAnts=15 noImprove=38 (elapsed 171.498s)
[ITER 1510] bestGlobalCost=2741887.18 (feasible=YES) bestThisIter=2743426.40 feasibleAnts=15 noImprove=48 (elapsed 172.588s)
[RESET] no improvement for50-> reset pheromones
[ITER 1520] bestGlobalCost=2741887.18 (feasible=YES) bestThisIter=2744704.50 feasibleAnts=16 noImprove=8 (elapsed 173.705s)
[ITER 1530] bestGlobalCost=2741887.18 (feasible=YES) bestThisIter=2743426.40 feasibleAnts=15 noImprove=18 (elapsed 174.771s)
[ITER 1540] bestGlobalCost=2741887.18 (feasible=YES) bestThisIter=2744599.18 feasibleAnts=15 noImprove=28 (elapsed 175.852s)
[ITER 1550] bestGlobalCost=2741887.18 (feasible=YES) bestThisIter=2745364.66 feasibleAnts=14 noImprove=38 (elapsed 176.962s)
[ITER 1560] bestGlobalCost=2741887.18 (feasible=YES) bestThisIter=2743426.40 feasibleAnts=15 noImprove=48 (elapsed 178.026s)
[RESET] no improvement for50-> reset pheromones
[ITER 1570] bestGlobalCost=2741887.18 (feasible=YES) bestThisIter=2747433.77 feasibleAnts=15 noImprove=8 (elapsed 179.149s)
[ITER 1580] bestGlobalCost=2741887.18 (feasible=YES) bestThisIter=2747433.77 feasibleAnts=15 noImprove=18 (elapsed 180.458s)
[ITER 1590] bestGlobalCost=2741887.18 (feasible=YES) bestThisIter=2743020.01 feasibleAnts=15 noImprove=28 (elapsed 181.879s)
[ITER 1600] bestGlobalCost=2741887.18 (feasible=YES) bestThisIter=2743426.40 feasibleAnts=15 noImprove=38 (elapsed 183.312s)
[ITER 1610] bestGlobalCost=2741887.18 (feasible=YES) bestThisIter=2748446.74 feasibleAnts=14 noImprove=48 (elapsed 184.429s)
[RESET] no improvement for50-> reset pheromones
[ITER 1620] bestGlobalCost=2741887.18 (feasible=YES) bestThisIter=2743426.40 feasibleAnts=15 noImprove=8 (elapsed 185.526s)
[ITER 1630] bestGlobalCost=2741887.18 (feasible=YES) bestThisIter=2744704.50 feasibleAnts=15 noImprove=18 (elapsed 186.599s)
[ITER 1640] bestGlobalCost=2741887.18 (feasible=YES) bestThisIter=2743945.49 feasibleAnts=15 noImprove=28 (elapsed 187.696s)
[ITER 1650] bestGlobalCost=2741887.18 (feasible=YES) bestThisIter=2747433.77 feasibleAnts=15 noImprove=38 (elapsed 188.77s)
[ITER 1660] bestGlobalCost=2741887.18 (feasible=YES) bestThisIter=2744608.75 feasibleAnts=14 noImprove=48 (elapsed 189.843s)
[RESET] no improvement for50-> reset pheromones
[ITER 1670] bestGlobalCost=2741887.18 (feasible=YES) bestThisIter=2751186.13 feasibleAnts=15 noImprove=8 (elapsed 190.936s)
[ITER 1680] bestGlobalCost=2741887.18 (feasible=YES) bestThisIter=2747450.66 feasibleAnts=15 noImprove=18 (elapsed 192.038s)
[ITER 1690] bestGlobalCost=2741887.18 (feasible=YES) bestThisIter=2743881.64 feasibleAnts=14 noImprove=28 (elapsed 193.125s)
[ITER 1700] bestGlobalCost=2741887.18 (feasible=YES) bestThisIter=2743881.64 feasibleAnts=15 noImprove=38 (elapsed 194.272s)
[ITER 1710] bestGlobalCost=2741887.18 (feasible=YES) bestThisIter=2760899.78 feasibleAnts=15 noImprove=48 (elapsed 195.356s)
[RESET] no improvement for50-> reset pheromones
[ITER 1720] bestGlobalCost=2741887.18 (feasible=YES) bestThisIter=2748982.68 feasibleAnts=15 noImprove=8 (elapsed 196.749s)
[ITER 1730] bestGlobalCost=2741887.18 (feasible=YES) bestThisIter=2744704.50 feasibleAnts=15 noImprove=18 (elapsed 198.159s)
[ITER 1740] bestGlobalCost=2741887.18 (feasible=YES) bestThisIter=2743020.01 feasibleAnts=15 noImprove=28 (elapsed 199.569s)
[ITER 1750] bestGlobalCost=2741887.18 (feasible=YES) bestThisIter=2752428.13 feasibleAnts=15 noImprove=38 (elapsed 200.635s)
[ITER 1760] bestGlobalCost=2741887.18 (feasible=YES) bestThisIter=2752823.14 feasibleAnts=14 noImprove=48 (elapsed 201.706s)
[RESET] no improvement for50-> reset pheromones
[ITER 1770] bestGlobalCost=2741887.18 (feasible=YES) bestThisIter=2744608.75 feasibleAnts=15 noImprove=8 (elapsed 202.818s)
[ITER 1780] bestGlobalCost=2741887.18 (feasible=YES) bestThisIter=2743881.64 feasibleAnts=15 noImprove=18 (elapsed 203.896s)
[ITER 1790] bestGlobalCost=2741887.18 (feasible=YES) bestThisIter=2753276.64 feasibleAnts=16 noImprove=28 (elapsed 205.011s)
[ITER 1800] bestGlobalCost=2741887.18 (feasible=YES) bestThisIter=2758678.55 feasibleAnts=15 noImprove=38 (elapsed 206.11s)
[ITER 1810] bestGlobalCost=2741887.18 (feasible=YES) bestThisIter=2743881.64 feasibleAnts=16 noImprove=48 (elapsed 207.197s)
[RESET] no improvement for50-> reset pheromones
[ITER 1820] bestGlobalCost=2741887.18 (feasible=YES) bestThisIter=2743945.49 feasibleAnts=15 noImprove=8 (elapsed 208.533s)
[ITER 1830] bestGlobalCost=2741887.18 (feasible=YES) bestThisIter=2743426.40 feasibleAnts=15 noImprove=18 (elapsed 209.962s)
[ITER 1840] bestGlobalCost=2741887.18 (feasible=YES) bestThisIter=2749663.79 feasibleAnts=15 noImprove=28 (elapsed 211.398s)
[ITER 1850] bestGlobalCost=2741887.18 (feasible=YES) bestThisIter=2747433.77 feasibleAnts=15 noImprove=38 (elapsed 212.498s)
[ITER 1860] bestGlobalCost=2741887.18 (feasible=YES) bestThisIter=2744599.18 feasibleAnts=13 noImprove=48 (elapsed 213.574s)
[RESET] no improvement for50-> reset pheromones
[ITER 1870] bestGlobalCost=2741887.18 (feasible=YES) bestThisIter=2748982.68 feasibleAnts=15 noImprove=8 (elapsed 214.672s)
[ITER 1880] bestGlobalCost=2741887.18 (feasible=YES) bestThisIter=2750591.05 feasibleAnts=15 noImprove=18 (elapsed 215.836s)
[ITER 1890] bestGlobalCost=2741887.18 (feasible=YES) bestThisIter=2749040.85 feasibleAnts=15 noImprove=28 (elapsed 217.277s)
[ITER 1900] bestGlobalCost=2741887.18 (feasible=YES) bestThisIter=2747450.66 feasibleAnts=16 noImprove=38 (elapsed 218.712s)
[ITER 1910] bestGlobalCost=2741887.18 (feasible=YES) bestThisIter=2743764.90 feasibleAnts=15 noImprove=48 (elapsed 220.162s)
[RESET] no improvement for50-> reset pheromones
[ITER 1920] bestGlobalCost=2741887.18 (feasible=YES) bestThisIter=2744704.50 feasibleAnts=15 noImprove=8 (elapsed 221.314s)
[ITER 1930] bestGlobalCost=2741887.18 (feasible=YES) bestThisIter=2744704.50 feasibleAnts=14 noImprove=18 (elapsed 222.389s)
[ITER 1940] bestGlobalCost=2741887.18 (feasible=YES) bestThisIter=2743020.01 feasibleAnts=15 noImprove=28 (elapsed 223.475s)
[ITER 1950] bestGlobalCost=2741887.18 (feasible=YES) bestThisIter=2743020.01 feasibleAnts=15 noImprove=38 (elapsed 224.609s)
[ITER 1960] bestGlobalCost=2741887.18 (feasible=YES) bestThisIter=2749064.72 feasibleAnts=15 noImprove=48 (elapsed 225.709s)
[RESET] no improvement for50-> reset pheromones
[ITER 1970] bestGlobalCost=2741887.18 (feasible=YES) bestThisIter=2743020.01 feasibleAnts=15 noImprove=8 (elapsed 226.8s)
[ITER 1980] bestGlobalCost=2741887.18 (feasible=YES) bestThisIter=2743881.64 feasibleAnts=16 noImprove=18 (elapsed 227.891s)
[ITER 1990] bestGlobalCost=2741887.18 (feasible=YES) bestThisIter=2743881.64 feasibleAnts=15 noImprove=28 (elapsed 228.989s)
[ITER 2000] bestGlobalCost=2741887.18 (feasible=YES) bestThisIter=2747787.75 feasibleAnts=15 noImprove=38 (elapsed 230.071s)
[ITER 2010] bestGlobalCost=2741887.18 (feasible=YES) bestThisIter=2743881.64 feasibleAnts=15 noImprove=48 (elapsed 231.14s)
[RESET] no improvement for50-> reset pheromones
[ITER 2020] bestGlobalCost=2741887.18 (feasible=YES) bestThisIter=2744704.50 feasibleAnts=15 noImprove=8 (elapsed 232.47s)
[ITER 2030] bestGlobalCost=2741887.18 (feasible=YES) bestThisIter=2743881.64 feasibleAnts=17 noImprove=18 (elapsed 233.895s)
[ITER 2040] bestGlobalCost=2741887.18 (feasible=YES) bestThisIter=2744599.18 feasibleAnts=15 noImprove=28 (elapsed 235.334s)
[ITER 2050] bestGlobalCost=2741887.18 (feasible=YES) bestThisIter=2743881.64 feasibleAnts=14 noImprove=38 (elapsed 236.433s)
[ITER 2060] bestGlobalCost=2741887.18 (feasible=YES) bestThisIter=2744704.50 feasibleAnts=15 noImprove=48 (elapsed 237.515s)
[RESET] no improvement for50-> reset pheromones
[ITER 2070] bestGlobalCost=2741887.18 (feasible=YES) bestThisIter=2747787.75 feasibleAnts=16 noImprove=8 (elapsed 238.601s)
[ITER 2080] bestGlobalCost=2741887.18 (feasible=YES) bestThisIter=2744704.50 feasibleAnts=15 noImprove=18 (elapsed 239.672s)
[ITER 2090] bestGlobalCost=2741887.18 (feasible=YES) bestThisIter=2743945.49 feasibleAnts=15 noImprove=28 (elapsed 240.782s)
[ITER 2100] bestGlobalCost=2741887.18 (feasible=YES) bestThisIter=2743020.01 feasibleAnts=15 noImprove=38 (elapsed 241.857s)
[ITER 2110] bestGlobalCost=2741887.18 (feasible=YES) bestThisIter=2743945.49 feasibleAnts=15 noImprove=48 (elapsed 242.96s)
[RESET] no improvement for50-> reset pheromones
[ITER 2120] bestGlobalCost=2741887.18 (feasible=YES) bestThisIter=2744599.18 feasibleAnts=15 noImprove=8 (elapsed 244.057s)
[ITER 2130] bestGlobalCost=2741887.18 (feasible=YES) bestThisIter=2749752.59 feasibleAnts=15 noImprove=18 (elapsed 245.132s)
[ITER 2140] bestGlobalCost=2741887.18 (feasible=YES) bestThisIter=2747433.77 feasibleAnts=15 noImprove=28 (elapsed 246.206s)
[ITER 2150] bestGlobalCost=2741887.18 (feasible=YES) bestThisIter=2750529.06 feasibleAnts=15 noImprove=38 (elapsed 247.272s)
[ITER 2160] bestGlobalCost=2741887.18 (feasible=YES) bestThisIter=2744704.50 feasibleAnts=15 noImprove=48 (elapsed 248.345s)
[RESET] no improvement for50-> reset pheromones
[ITER 2170] bestGlobalCost=2741887.18 (feasible=YES) bestThisIter=2747433.77 feasibleAnts=15 noImprove=8 (elapsed 249.418s)
[ITER 2180] bestGlobalCost=2741887.18 (feasible=YES) bestThisIter=2747433.77 feasibleAnts=15 noImprove=18 (elapsed 250.482s)
[ITER 2190] bestGlobalCost=2741887.18 (feasible=YES) bestThisIter=2744704.50 feasibleAnts=15 noImprove=28 (elapsed 251.596s)
[ITER 2200] bestGlobalCost=2741887.18 (feasible=YES) bestThisIter=2748982.68 feasibleAnts=15 noImprove=38 (elapsed 253.045s)
[ITER 2210] bestGlobalCost=2741887.18 (feasible=YES) bestThisIter=2744704.50 feasibleAnts=15 noImprove=48 (elapsed 254.482s)
[RESET] no improvement for50-> reset pheromones
[ITER 2220] bestGlobalCost=2741887.18 (feasible=YES) bestThisIter=2744599.18 feasibleAnts=15 noImprove=8 (elapsed 255.832s)
[ITER 2230] bestGlobalCost=2741887.18 (feasible=YES) bestThisIter=2743881.64 feasibleAnts=16 noImprove=18 (elapsed 256.91s)
[ITER 2240] bestGlobalCost=2741887.18 (feasible=YES) bestThisIter=2744599.18 feasibleAnts=15 noImprove=28 (elapsed 257.969s)
[ITER 2250] bestGlobalCost=2741887.18 (feasible=YES) bestThisIter=2747433.77 feasibleAnts=15 noImprove=38 (elapsed 259.03s)
[ITER 2260] bestGlobalCost=2741887.18 (feasible=YES) bestThisIter=2744608.75 feasibleAnts=15 noImprove=48 (elapsed 260.11s)
[RESET] no improvement for50-> reset pheromones
[ITER 2270] bestGlobalCost=2741887.18 (feasible=YES) bestThisIter=2743426.40 feasibleAnts=15 noImprove=8 (elapsed 261.176s)
[ITER 2280] bestGlobalCost=2741887.18 (feasible=YES) bestThisIter=2747433.77 feasibleAnts=15 noImprove=18 (elapsed 262.254s)
[ITER 2290] bestGlobalCost=2741887.18 (feasible=YES) bestThisIter=2750022.13 feasibleAnts=16 noImprove=28 (elapsed 263.332s)
[ITER 2300] bestGlobalCost=2741887.18 (feasible=YES) bestThisIter=2750655.10 feasibleAnts=15 noImprove=38 (elapsed 264.399s)
[ITER 2310] bestGlobalCost=2741887.18 (feasible=YES) bestThisIter=2744704.50 feasibleAnts=14 noImprove=48 (elapsed 265.466s)
[RESET] no improvement for50-> reset pheromones
[ITER 2320] bestGlobalCost=2741887.18 (feasible=YES) bestThisIter=2744608.75 feasibleAnts=14 noImprove=8 (elapsed 266.571s)
[ITER 2330] bestGlobalCost=2741887.18 (feasible=YES) bestThisIter=2743426.40 feasibleAnts=15 noImprove=18 (elapsed 267.644s)
[ITER 2340] bestGlobalCost=2741887.18 (feasible=YES) bestThisIter=2744599.18 feasibleAnts=15 noImprove=28 (elapsed 268.701s)
[ITER 2350] bestGlobalCost=2741887.18 (feasible=YES) bestThisIter=2748230.00 feasibleAnts=15 noImprove=38 (elapsed 269.763s)
[ITER 2360] bestGlobalCost=2741887.18 (feasible=YES) bestThisIter=2743881.64 feasibleAnts=14 noImprove=48 (elapsed 270.826s)
[RESET] no improvement for50-> reset pheromones
[ITER 2370] bestGlobalCost=2741887.18 (feasible=YES) bestThisIter=2749504.17 feasibleAnts=15 noImprove=8 (elapsed 271.9s)
[ITER 2380] bestGlobalCost=2741887.18 (feasible=YES) bestThisIter=2743881.64 feasibleAnts=15 noImprove=18 (elapsed 272.974s)
[ITER 2390] bestGlobalCost=2741887.18 (feasible=YES) bestThisIter=2747433.77 feasibleAnts=15 noImprove=28 (elapsed 274.039s)
[ITER 2400] bestGlobalCost=2741887.18 (feasible=YES) bestThisIter=2747433.77 feasibleAnts=13 noImprove=38 (elapsed 275.105s)
[ITER 2410] bestGlobalCost=2741887.18 (feasible=YES) bestThisIter=2743945.49 feasibleAnts=15 noImprove=48 (elapsed 276.181s)
[RESET] no improvement for50-> reset pheromones
[ITER 2420] bestGlobalCost=2741887.18 (feasible=YES) bestThisIter=2747433.77 feasibleAnts=15 noImprove=8 (elapsed 277.285s)
[ITER 2430] bestGlobalCost=2741887.18 (feasible=YES) bestThisIter=2744704.50 feasibleAnts=15 noImprove=18 (elapsed 278.334s)
[ITER 2440] bestGlobalCost=2741887.18 (feasible=YES) bestThisIter=2743881.64 feasibleAnts=15 noImprove=28 (elapsed 279.404s)
[ITER 2450] bestGlobalCost=2741887.18 (feasible=YES) bestThisIter=2750320.99 feasibleAnts=15 noImprove=38 (elapsed 280.481s)
[ITER 2460] bestGlobalCost=2741887.18 (feasible=YES) bestThisIter=2748886.10 feasibleAnts=15 noImprove=48 (elapsed 281.58s)
[RESET] no improvement for50-> reset pheromones
[ITER 2470] bestGlobalCost=2741887.18 (feasible=YES) bestThisIter=2743881.64 feasibleAnts=15 noImprove=8 (elapsed 282.66s)
[ITER 2480] bestGlobalCost=2741887.18 (feasible=YES) bestThisIter=2744608.75 feasibleAnts=15 noImprove=18 (elapsed 283.738s)
[ITER 2490] bestGlobalCost=2741887.18 (feasible=YES) bestThisIter=2747433.77 feasibleAnts=13 noImprove=28 (elapsed 284.881s)
[ITER 2500] bestGlobalCost=2741887.18 (feasible=YES) bestThisIter=2743945.49 feasibleAnts=15 noImprove=38 (elapsed 285.963s)
[ITER 2510] bestGlobalCost=2741887.18 (feasible=YES) bestThisIter=2744608.75 feasibleAnts=15 noImprove=48 (elapsed 287.048s)
[RESET] no improvement for50-> reset pheromones
[ITER 2520] bestGlobalCost=2741887.18 (feasible=YES) bestThisIter=2744599.18 feasibleAnts=14 noImprove=8 (elapsed 288.133s)
[ITER 2530] bestGlobalCost=2741887.18 (feasible=YES) bestThisIter=2743881.64 feasibleAnts=14 noImprove=18 (elapsed 289.211s)
[ITER 2540] bestGlobalCost=2741887.18 (feasible=YES) bestThisIter=2743881.64 feasibleAnts=15 noImprove=28 (elapsed 290.299s)
[ITER 2550] bestGlobalCost=2741887.18 (feasible=YES) bestThisIter=2744704.50 feasibleAnts=14 noImprove=38 (elapsed 291.386s)
[ITER 2560] bestGlobalCost=2741887.18 (feasible=YES) bestThisIter=2744704.50 feasibleAnts=15 noImprove=48 (elapsed 292.76s)
[RESET] no improvement for50-> reset pheromones
[ITER 2570] bestGlobalCost=2741887.18 (feasible=YES) bestThisIter=2747787.75 feasibleAnts=15 noImprove=8 (elapsed 294.223s)
[ITER 2580] bestGlobalCost=2741887.18 (feasible=YES) bestThisIter=2744608.75 feasibleAnts=16 noImprove=18 (elapsed 295.656s)
[ITER 2590] bestGlobalCost=2741887.18 (feasible=YES) bestThisIter=2743020.01 feasibleAnts=15 noImprove=28 (elapsed 296.711s)
[ITER 2600] bestGlobalCost=2741887.18 (feasible=YES) bestThisIter=2744704.50 feasibleAnts=15 noImprove=38 (elapsed 297.773s)
[ITER 2610] bestGlobalCost=2741887.18 (feasible=YES) bestThisIter=2747433.77 feasibleAnts=14 noImprove=48 (elapsed 298.829s)
[RESET] no improvement for50-> reset pheromones
[ITER 2620] bestGlobalCost=2741887.18 (feasible=YES) bestThisIter=2747451.49 feasibleAnts=15 noImprove=8 (elapsed 299.927s)
7 9 12 16 18 24 26 29 32 37 40 46 49 51 53 61 78 82 93 110 111 115 117 118 121 124 132 136 138 147 159 163 172 174 179 184 190 199 
2 3 21 23 30 35 41 59 60 68 69 70 73 76 77 80 89 91 94 101 102 125 128 140 142 144 150 154 158 161 164 167 168 169 173 181 189 192 193 
1 6 13 15 20 22 27 31 42 47 54 55 64 65 67 75 79 85 90 107 109 112 120 123 127 134 135 145 151 155 157 160 162 177 183 186 187 191 198 
5 8 17 25 28 34 38 39 43 50 56 58 62 71 72 83 86 88 95 98 103 105 113 114 129 130 133 137 139 141 143 146 148 152 171 176 178 182 185 195 196 200 
4 10 11 14 19 33 36 44 45 48 52 57 63 66 74 81 84 87 92 96 97 99 100 104 106 108 116 119 122 126 131 149 153 156 165 166 170 175 180 188 194 197 
[SAVELOGS] evolution saved to results/logs/aco_logs/evolution/kroA200_05_2.txt
[SAVELOGS] best cost saved to results/logs/aco_logs/objectives/kroA200_05_2.txt
[SAVELOGS] best solution saved to results/logs/aco_logs/solutions/kroA200_05_2.txt
