[ITER 1] New best cost=109703.09 (feasible=YES, time 0.481427s)
[ITER 2] New best cost=109339.23 (feasible=YES, time 0.939856s)
[ITER 3] New best cost=109020.78 (feasible=YES, time 1.50009s)
[ITER 5] New best cost=108965.26 (feasible=YES, time 2.19842s)
[ITER 6] New best cost=108957.40 (feasible=YES, time 2.72827s)
[ITER 7] New best cost=108879.79 (feasible=YES, time 3.17595s)
[ITER 8] New best cost=108732.53 (feasible=YES, time 3.44965s)
[ITER 10] New best cost=108723.80 (feasible=YES, time 4.12059s)
[ITER 10] bestGlobalCost=108723.80 (feasible=YES) bestThisIter=108941.80 feasibleAnts=12 noImprove=0 (elapsed 4.12424s)
[ITER 13] New best cost=108700.77 (feasible=YES, time 5.48662s)
[ITER 14] New best cost=108636.74 (feasible=YES, time 6.13067s)
[ITER 20] New best cost=108486.96 (feasible=YES, time 10.0544s)
[ITER 20] bestGlobalCost=108486.96 (feasible=YES) bestThisIter=108636.74 feasibleAnts=11 noImprove=0 (elapsed 10.0573s)
[ITER 24] New best cost=108434.81 (feasible=YES, time 12.229s)
[ITER 26] New best cost=108378.62 (feasible=YES, time 13.0017s)
[ITER 27] New best cost=108291.00 (feasible=YES, time 13.3337s)
[ITER 28] New best cost=108270.21 (feasible=YES, time 13.7608s)
[ITER 30] bestGlobalCost=108270.21 (feasible=YES) bestThisIter=108291.00 feasibleAnts=12 noImprove=2 (elapsed 14.3978s)
[ITER 33] New best cost=108240.56 (feasible=YES, time 15.3951s)
[ITER 37] New best cost=108228.35 (feasible=YES, time 16.6884s)
[ITER 40] bestGlobalCost=108228.35 (feasible=YES) bestThisIter=108240.56 feasibleAnts=14 noImprove=3 (elapsed 17.6924s)
[ITER 50] bestGlobalCost=108228.35 (feasible=YES) bestThisIter=108422.21 feasibleAnts=10 noImprove=13 (elapsed 22.1179s)
[ITER 59] New best cost=107993.47 (feasible=YES, time 26.734s)
[ITER 60] bestGlobalCost=107993.47 (feasible=YES) bestThisIter=108228.35 feasibleAnts=15 noImprove=1 (elapsed 27.0472s)
[ITER 62] New best cost=107619.68 (feasible=YES, time 28.0443s)
[ITER 63] New best cost=107465.41 (feasible=YES, time 28.3938s)
[ITER 64] New best cost=107208.81 (feasible=YES, time 28.83s)
[ITER 65] New best cost=107009.17 (feasible=YES, time 29.1222s)
[ITER 70] bestGlobalCost=107009.17 (feasible=YES) bestThisIter=107135.30 feasibleAnts=13 noImprove=5 (elapsed 30.8771s)
[ITER 74] New best cost=106986.09 (feasible=YES, time 32.4165s)
[ITER 75] New best cost=106890.05 (feasible=YES, time 32.7073s)
[ITER 80] New best cost=106824.36 (feasible=YES, time 34.4402s)
[ITER 80] bestGlobalCost=106824.36 (feasible=YES) bestThisIter=106890.05 feasibleAnts=11 noImprove=0 (elapsed 34.4437s)
[ITER 90] New best cost=106677.19 (feasible=YES, time 38.2486s)
[ITER 90] bestGlobalCost=106677.19 (feasible=YES) bestThisIter=107341.59 feasibleAnts=10 noImprove=0 (elapsed 38.2516s)
[ITER 91] New best cost=106646.86 (feasible=YES, time 38.5211s)
[ITER 100] bestGlobalCost=106646.86 (feasible=YES) bestThisIter=107229.81 feasibleAnts=11 noImprove=9 (elapsed 42.0711s)
[ITER 110] bestGlobalCost=106646.86 (feasible=YES) bestThisIter=106871.94 feasibleAnts=10 noImprove=19 (elapsed 46.949s)
[ITER 120] bestGlobalCost=106646.86 (feasible=YES) bestThisIter=107453.97 feasibleAnts=10 noImprove=29 (elapsed 52.2207s)
[ITER 130] bestGlobalCost=106646.86 (feasible=YES) bestThisIter=107403.92 feasibleAnts=10 noImprove=39 (elapsed 56.9362s)
[ITER 140] bestGlobalCost=106646.86 (feasible=YES) bestThisIter=107451.97 feasibleAnts=10 noImprove=49 (elapsed 62.6743s)
[RESET] no improvement for50-> reset pheromones
[ITER 150] bestGlobalCost=106646.86 (feasible=YES) bestThisIter=106950.50 feasibleAnts=11 noImprove=9 (elapsed 66.9814s)
[ITER 160] bestGlobalCost=106646.86 (feasible=YES) bestThisIter=107408.09 feasibleAnts=10 noImprove=19 (elapsed 71.7603s)
[ITER 170] bestGlobalCost=106646.86 (feasible=YES) bestThisIter=107516.64 feasibleAnts=10 noImprove=29 (elapsed 76.5831s)
[ITER 180] bestGlobalCost=106646.86 (feasible=YES) bestThisIter=107975.11 feasibleAnts=10 noImprove=39 (elapsed 81.5026s)
[ITER 190] bestGlobalCost=106646.86 (feasible=YES) bestThisIter=107950.90 feasibleAnts=10 noImprove=49 (elapsed 86.3158s)
[RESET] no improvement for50-> reset pheromones
[ITER 200] bestGlobalCost=106646.86 (feasible=YES) bestThisIter=106824.52 feasibleAnts=10 noImprove=9 (elapsed 90.7638s)
[ITER 210] bestGlobalCost=106646.86 (feasible=YES) bestThisIter=107425.89 feasibleAnts=10 noImprove=19 (elapsed 95.4824s)
[ITER 220] bestGlobalCost=106646.86 (feasible=YES) bestThisIter=107117.59 feasibleAnts=10 noImprove=29 (elapsed 100.797s)
[ITER 230] bestGlobalCost=106646.86 (feasible=YES) bestThisIter=107554.07 feasibleAnts=10 noImprove=39 (elapsed 106.598s)
[ITER 240] bestGlobalCost=106646.86 (feasible=YES) bestThisIter=107839.89 feasibleAnts=10 noImprove=49 (elapsed 112.089s)
[RESET] no improvement for50-> reset pheromones
[ITER 250] bestGlobalCost=106646.86 (feasible=YES) bestThisIter=106773.00 feasibleAnts=10 noImprove=9 (elapsed 116.618s)
[ITER 260] bestGlobalCost=106646.86 (feasible=YES) bestThisIter=107057.55 feasibleAnts=10 noImprove=19 (elapsed 122.086s)
[ITER 270] bestGlobalCost=106646.86 (feasible=YES) bestThisIter=107708.69 feasibleAnts=10 noImprove=29 (elapsed 126.892s)
[ITER 280] bestGlobalCost=106646.86 (feasible=YES) bestThisIter=107688.62 feasibleAnts=10 noImprove=39 (elapsed 132.57s)
[ITER 290] bestGlobalCost=106646.86 (feasible=YES) bestThisIter=107838.62 feasibleAnts=10 noImprove=49 (elapsed 137.936s)
[RESET] no improvement for50-> reset pheromones
[ITER 300] bestGlobalCost=106646.86 (feasible=YES) bestThisIter=106828.00 feasibleAnts=11 noImprove=9 (elapsed 142.104s)
[ITER 310] bestGlobalCost=106646.86 (feasible=YES) bestThisIter=107496.83 feasibleAnts=10 noImprove=19 (elapsed 146.749s)
[ITER 320] bestGlobalCost=106646.86 (feasible=YES) bestThisIter=107972.87 feasibleAnts=10 noImprove=29 (elapsed 151.315s)
[ITER 330] bestGlobalCost=106646.86 (feasible=YES) bestThisIter=107401.22 feasibleAnts=10 noImprove=39 (elapsed 156.854s)
[ITER 340] bestGlobalCost=106646.86 (feasible=YES) bestThisIter=107057.55 feasibleAnts=10 noImprove=49 (elapsed 162.198s)
[RESET] no improvement for50-> reset pheromones
[ITER 350] bestGlobalCost=106646.86 (feasible=YES) bestThisIter=106831.73 feasibleAnts=11 noImprove=9 (elapsed 166.87s)
[ITER 360] bestGlobalCost=106646.86 (feasible=YES) bestThisIter=107549.49 feasibleAnts=10 noImprove=19 (elapsed 171.56s)
[ITER 370] bestGlobalCost=106646.86 (feasible=YES) bestThisIter=107661.43 feasibleAnts=10 noImprove=29 (elapsed 176.64s)
[ITER 380] bestGlobalCost=106646.86 (feasible=YES) bestThisIter=107572.50 feasibleAnts=10 noImprove=39 (elapsed 181.742s)
[ITER 390] bestGlobalCost=106646.86 (feasible=YES) bestThisIter=107778.63 feasibleAnts=10 noImprove=49 (elapsed 186.796s)
[RESET] no improvement for50-> reset pheromones
[ITER 400] bestGlobalCost=106646.86 (feasible=YES) bestThisIter=106773.00 feasibleAnts=10 noImprove=9 (elapsed 191.22s)
[ITER 410] bestGlobalCost=106646.86 (feasible=YES) bestThisIter=106986.09 feasibleAnts=10 noImprove=19 (elapsed 195.929s)
[ITER 420] bestGlobalCost=106646.86 (feasible=YES) bestThisIter=107438.40 feasibleAnts=10 noImprove=29 (elapsed 200.92s)
[ITER 430] bestGlobalCost=106646.86 (feasible=YES) bestThisIter=107340.50 feasibleAnts=10 noImprove=39 (elapsed 206.273s)
[ITER 440] bestGlobalCost=106646.86 (feasible=YES) bestThisIter=107325.74 feasibleAnts=10 noImprove=49 (elapsed 211.732s)
[RESET] no improvement for50-> reset pheromones
[ITER 450] bestGlobalCost=106646.86 (feasible=YES) bestThisIter=106677.19 feasibleAnts=11 noImprove=9 (elapsed 216.307s)
[ITER 460] bestGlobalCost=106646.86 (feasible=YES) bestThisIter=107123.33 feasibleAnts=10 noImprove=19 (elapsed 221.259s)
[ITER 470] bestGlobalCost=106646.86 (feasible=YES) bestThisIter=107280.44 feasibleAnts=10 noImprove=29 (elapsed 226.313s)
[ITER 480] bestGlobalCost=106646.86 (feasible=YES) bestThisIter=107159.33 feasibleAnts=10 noImprove=39 (elapsed 231.373s)
[ITER 490] bestGlobalCost=106646.86 (feasible=YES) bestThisIter=107390.26 feasibleAnts=10 noImprove=49 (elapsed 236.909s)
[RESET] no improvement for50-> reset pheromones
[ITER 500] bestGlobalCost=106646.86 (feasible=YES) bestThisIter=107114.09 feasibleAnts=11 noImprove=9 (elapsed 241.628s)
[ITER 510] bestGlobalCost=106646.86 (feasible=YES) bestThisIter=107054.78 feasibleAnts=10 noImprove=19 (elapsed 246.351s)
[ITER 520] bestGlobalCost=106646.86 (feasible=YES) bestThisIter=107348.61 feasibleAnts=10 noImprove=29 (elapsed 252.322s)
[ITER 530] bestGlobalCost=106646.86 (feasible=YES) bestThisIter=107419.89 feasibleAnts=10 noImprove=39 (elapsed 257.459s)
[ITER 540] bestGlobalCost=106646.86 (feasible=YES) bestThisIter=107255.94 feasibleAnts=10 noImprove=49 (elapsed 262.33s)
[RESET] no improvement for50-> reset pheromones
[ITER 550] bestGlobalCost=106646.86 (feasible=YES) bestThisIter=106824.36 feasibleAnts=10 noImprove=9 (elapsed 267.364s)
[ITER 560] bestGlobalCost=106646.86 (feasible=YES) bestThisIter=107165.25 feasibleAnts=11 noImprove=19 (elapsed 272.352s)
[ITER 570] bestGlobalCost=106646.86 (feasible=YES) bestThisIter=107672.04 feasibleAnts=10 noImprove=29 (elapsed 277.346s)
[ITER 580] bestGlobalCost=106646.86 (feasible=YES) bestThisIter=107377.44 feasibleAnts=10 noImprove=39 (elapsed 283.22s)
[ITER 590] bestGlobalCost=106646.86 (feasible=YES) bestThisIter=107508.85 feasibleAnts=10 noImprove=49 (elapsed 288.452s)
[RESET] no improvement for50-> reset pheromones
[ITER 600] bestGlobalCost=106646.86 (feasible=YES) bestThisIter=106848.45 feasibleAnts=11 noImprove=9 (elapsed 293.347s)
[ITER 610] bestGlobalCost=106646.86 (feasible=YES) bestThisIter=107478.55 feasibleAnts=11 noImprove=19 (elapsed 298.936s)
5 12 18 19 30 49 53 54 61 72 79 90 124 129 130 133 137 166 173 185 191 207 211 221 228 257 262 
1 21 31 33 68 70 71 76 99 108 115 138 139 142 145 154 155 202 205 209 229 231 232 234 244 254 
3 6 15 16 39 43 52 59 75 84 102 118 122 123 135 136 146 162 165 169 176 181 219 226 233 237 243 
8 27 62 64 69 73 82 96 101 112 125 163 177 190 193 195 198 204 213 217 224 249 250 261 
4 7 25 28 34 74 81 87 95 100 104 116 126 140 141 156 160 164 172 182 186 188 208 215 246 251 258 
35 46 50 63 77 86 88 91 93 94 119 144 149 151 152 161 179 180 184 187 192 216 218 239 247 260 
17 20 24 29 32 40 41 51 60 67 78 97 109 110 127 132 134 147 158 159 171 178 201 210 227 245 259 
2 9 13 26 36 58 65 83 89 106 114 121 148 150 153 167 170 183 189 206 220 230 248 253 
10 11 38 42 47 55 56 57 66 80 103 113 131 157 168 175 194 197 203 214 223 225 235 238 241 242 256 
14 22 23 37 44 45 48 85 92 98 105 107 111 117 120 128 143 174 196 199 200 212 222 236 240 252 255 
[SAVELOGS] evolution saved to results/logs/aco_logs/evolution/gil262_10_2.txt
[SAVELOGS] best cost saved to results/logs/aco_logs/objectives/gil262_10_2.txt
[SAVELOGS] best solution saved to results/logs/aco_logs/solutions/gil262_10_2.txt
