[ITER 1] New best cost=1534115.00 (feasible=YES, time 0.0693047s)
[ITER 2] New best cost=1494634.92 (feasible=YES, time 0.108802s)
[ITER 3] New best cost=1491955.36 (feasible=YES, time 0.185143s)
[ITER 4] New best cost=1491384.92 (feasible=YES, time 0.25323s)
[ITER 8] New best cost=1489750.26 (feasible=YES, time 0.487415s)
[ITER 10] bestGlobalCost=1489750.26 (feasible=YES) bestThisIter=1489750.26 feasibleAnts=10 noImprove=2 (elapsed 0.619991s)
[ITER 15] New best cost=1484980.58 (feasible=YES, time 1.98988s)
[ITER 15] New best cost=1481042.41 (feasible=YES, time 2.51238s)
[ITER 18] New best cost=1473825.82 (feasible=YES, time 3.7052s)
[ITER 20] bestGlobalCost=1473825.82 (feasible=YES) bestThisIter=1473825.82 feasibleAnts=10 noImprove=2 (elapsed 3.84109s)
[ITER 21] New best cost=1470861.22 (feasible=YES, time 3.9081s)
[ITER 22] New best cost=1467978.92 (feasible=YES, time 3.94469s)
[ITER 29] New best cost=1466727.23 (feasible=YES, time 4.21858s)
[ITER 30] New best cost=1466474.06 (feasible=YES, time 6.28586s)
[ITER 30] bestGlobalCost=1466474.06 (feasible=YES) bestThisIter=1467978.92 feasibleAnts=32 noImprove=0 (elapsed 6.81099s)
[ITER 32] New best cost=1465265.15 (feasible=YES, time 6.90341s)
[ITER 40] bestGlobalCost=1465265.15 (feasible=YES) bestThisIter=1465265.15 feasibleAnts=10 noImprove=8 (elapsed 7.24534s)
[ITER 50] bestGlobalCost=1465265.15 (feasible=YES) bestThisIter=1467786.10 feasibleAnts=10 noImprove=18 (elapsed 10.2626s)
[ITER 60] bestGlobalCost=1465265.15 (feasible=YES) bestThisIter=1480587.40 feasibleAnts=10 noImprove=28 (elapsed 13.2935s)
[RESET] no improvement for30-> reset pheromones
[ITER 70] bestGlobalCost=1465265.15 (feasible=YES) bestThisIter=1489740.10 feasibleAnts=10 noImprove=8 (elapsed 13.876s)
[ITER 80] bestGlobalCost=1465265.15 (feasible=YES) bestThisIter=1465946.82 feasibleAnts=10 noImprove=18 (elapsed 17.0014s)
[ITER 90] bestGlobalCost=1465265.15 (feasible=YES) bestThisIter=1465265.15 feasibleAnts=10 noImprove=28 (elapsed 19.9971s)
[RESET] no improvement for30-> reset pheromones
[ITER 100] bestGlobalCost=1465265.15 (feasible=YES) bestThisIter=1469436.28 feasibleAnts=10 noImprove=8 (elapsed 20.5265s)
[ITER 110] bestGlobalCost=1465265.15 (feasible=YES) bestThisIter=1465265.15 feasibleAnts=10 noImprove=18 (elapsed 23.5235s)
[ITER 120] bestGlobalCost=1465265.15 (feasible=YES) bestThisIter=1465265.15 feasibleAnts=10 noImprove=28 (elapsed 26.5721s)
[RESET] no improvement for30-> reset pheromones
[ITER 130] bestGlobalCost=1465265.15 (feasible=YES) bestThisIter=1465265.15 feasibleAnts=10 noImprove=8 (elapsed 27.1355s)
[ITER 140] bestGlobalCost=1465265.15 (feasible=YES) bestThisIter=1465265.15 feasibleAnts=10 noImprove=18 (elapsed 30.1373s)
[ITER 150] bestGlobalCost=1465265.15 (feasible=YES) bestThisIter=1465265.15 feasibleAnts=10 noImprove=28 (elapsed 33.2335s)
[RESET] no improvement for30-> reset pheromones
[ITER 160] bestGlobalCost=1465265.15 (feasible=YES) bestThisIter=1468754.61 feasibleAnts=10 noImprove=8 (elapsed 33.7599s)
[ITER 170] bestGlobalCost=1465265.15 (feasible=YES) bestThisIter=1465265.15 feasibleAnts=10 noImprove=18 (elapsed 36.7993s)
[ITER 180] bestGlobalCost=1465265.15 (feasible=YES) bestThisIter=1483011.45 feasibleAnts=10 noImprove=28 (elapsed 39.8805s)
[RESET] no improvement for30-> reset pheromones
[ITER 190] bestGlobalCost=1465265.15 (feasible=YES) bestThisIter=1477740.90 feasibleAnts=10 noImprove=8 (elapsed 40.389s)
[ITER 200] bestGlobalCost=1465265.15 (feasible=YES) bestThisIter=1480587.40 feasibleAnts=10 noImprove=18 (elapsed 43.468s)
[ITER 210] bestGlobalCost=1465265.15 (feasible=YES) bestThisIter=1483405.82 feasibleAnts=10 noImprove=28 (elapsed 46.5792s)
[RESET] no improvement for30-> reset pheromones
[ITER 220] bestGlobalCost=1465265.15 (feasible=YES) bestThisIter=1473739.00 feasibleAnts=10 noImprove=8 (elapsed 47.1185s)
[ITER 230] bestGlobalCost=1465265.15 (feasible=YES) bestThisIter=1465265.15 feasibleAnts=10 noImprove=18 (elapsed 50.2261s)
[ITER 240] bestGlobalCost=1465265.15 (feasible=YES) bestThisIter=1477740.90 feasibleAnts=10 noImprove=28 (elapsed 53.2974s)
[RESET] no improvement for30-> reset pheromones
[ITER 250] bestGlobalCost=1465265.15 (feasible=YES) bestThisIter=1473279.95 feasibleAnts=10 noImprove=8 (elapsed 53.8446s)
[ITER 260] bestGlobalCost=1465265.15 (feasible=YES) bestThisIter=1468754.61 feasibleAnts=10 noImprove=18 (elapsed 56.8616s)
[ITER 270] bestGlobalCost=1465265.15 (feasible=YES) bestThisIter=1465265.15 feasibleAnts=10 noImprove=28 (elapsed 59.8728s)
[RESET] no improvement for30-> reset pheromones
71 75 83 87 95 96 99 100 105 110 121 122 
9 15 25 26 36 43 44 45 48 49 59 60 67 
1 2 5 6 7 8 16 17 18 19 27 28 29 30 31 
39 52 53 63 64 65 72 73 74 84 85 86 97 98 
20 32 37 38 40 41 42 50 51 54 61 62 66 76 
70 77 78 82 88 89 92 93 94 101 111 112 
3 4 10 11 12 13 14 21 22 23 24 33 34 46 
103 104 113 114 115 116 123 124 125 126 127 128 133 134 
35 47 55 56 57 58 68 69 79 80 81 90 91 102 
106 107 108 109 117 118 119 120 129 130 131 132 135 136 
[SAVELOGS] evolution saved to results/logs/pr136_10_2/evolution/pr136_10_2
[SAVELOGS] best cost saved to results/logs/pr136_10_2/objectives/pr136_10_2
[SAVELOGS] best solution saved to results/logs/pr136_10_2/solutions/pr136_10_2
