[ITER 1] New best cost=1506842.24 (feasible=YES, time 0.0823733s)
[ITER 2] New best cost=1499115.92 (feasible=YES, time 0.147275s)
[ITER 3] New best cost=1495316.25 (feasible=YES, time 0.202155s)
[ITER 4] New best cost=1489750.26 (feasible=YES, time 0.246186s)
[ITER 10] bestGlobalCost=1489750.26 (feasible=YES) bestThisIter=1489750.26 feasibleAnts=10 noImprove=6 (elapsed 0.605116s)
[ITER 14] New best cost=1482315.47 (feasible=YES, time 0.862421s)
[ITER 20] bestGlobalCost=1482315.47 (feasible=YES) bestThisIter=1482315.47 feasibleAnts=10 noImprove=6 (elapsed 3.7032s)
[ITER 30] bestGlobalCost=1482315.47 (feasible=YES) bestThisIter=1488559.24 feasibleAnts=10 noImprove=16 (elapsed 6.72912s)
[ITER 40] bestGlobalCost=1482315.47 (feasible=YES) bestThisIter=1482315.47 feasibleAnts=10 noImprove=26 (elapsed 7.26565s)
[RESET] no improvement for30-> reset pheromones
[ITER 50] bestGlobalCost=1482315.47 (feasible=YES) bestThisIter=1508215.15 feasibleAnts=10 noImprove=6 (elapsed 10.4537s)
[ITER 60] bestGlobalCost=1482315.47 (feasible=YES) bestThisIter=1490053.37 feasibleAnts=10 noImprove=16 (elapsed 13.5388s)
[ITER 69] New best cost=1481136.97 (feasible=YES, time 14.0523s)
[ITER 70] bestGlobalCost=1481136.97 (feasible=YES) bestThisIter=1482315.47 feasibleAnts=29 noImprove=1 (elapsed 14.0874s)
[ITER 75] New best cost=1467786.10 (feasible=YES, time 15.3858s)
[ITER 80] New best cost=1465265.15 (feasible=YES, time 17.184s)
[ITER 80] bestGlobalCost=1465265.15 (feasible=YES) bestThisIter=1465265.15 feasibleAnts=10 noImprove=0 (elapsed 17.1885s)
[ITER 90] bestGlobalCost=1465265.15 (feasible=YES) bestThisIter=1465265.15 feasibleAnts=10 noImprove=10 (elapsed 20.2081s)
[ITER 100] bestGlobalCost=1465265.15 (feasible=YES) bestThisIter=1484770.55 feasibleAnts=10 noImprove=20 (elapsed 20.627s)
[ITER 110] bestGlobalCost=1465265.15 (feasible=YES) bestThisIter=1468754.61 feasibleAnts=10 noImprove=30 (elapsed 23.6377s)
[RESET] no improvement for30-> reset pheromones
[ITER 120] bestGlobalCost=1465265.15 (feasible=YES) bestThisIter=1497621.78 feasibleAnts=10 noImprove=10 (elapsed 26.8072s)
[ITER 130] bestGlobalCost=1465265.15 (feasible=YES) bestThisIter=1465265.15 feasibleAnts=10 noImprove=20 (elapsed 27.2968s)
[ITER 140] bestGlobalCost=1465265.15 (feasible=YES) bestThisIter=1469790.49 feasibleAnts=10 noImprove=30 (elapsed 30.3181s)
[RESET] no improvement for30-> reset pheromones
[ITER 150] bestGlobalCost=1465265.15 (feasible=YES) bestThisIter=1468440.36 feasibleAnts=10 noImprove=10 (elapsed 33.4454s)
[ITER 160] bestGlobalCost=1465265.15 (feasible=YES) bestThisIter=1465265.15 feasibleAnts=10 noImprove=20 (elapsed 33.8777s)
[ITER 170] bestGlobalCost=1465265.15 (feasible=YES) bestThisIter=1466727.23 feasibleAnts=10 noImprove=30 (elapsed 36.9176s)
[RESET] no improvement for30-> reset pheromones
[ITER 180] bestGlobalCost=1465265.15 (feasible=YES) bestThisIter=1468754.61 feasibleAnts=10 noImprove=10 (elapsed 40.0457s)
[ITER 190] bestGlobalCost=1465265.15 (feasible=YES) bestThisIter=1469790.49 feasibleAnts=10 noImprove=20 (elapsed 40.4924s)
[ITER 200] bestGlobalCost=1465265.15 (feasible=YES) bestThisIter=1482366.23 feasibleAnts=10 noImprove=30 (elapsed 43.5342s)
[RESET] no improvement for30-> reset pheromones
[ITER 210] bestGlobalCost=1465265.15 (feasible=YES) bestThisIter=1500167.97 feasibleAnts=10 noImprove=10 (elapsed 46.6371s)
[ITER 220] bestGlobalCost=1465265.15 (feasible=YES) bestThisIter=1466727.23 feasibleAnts=10 noImprove=20 (elapsed 47.0846s)
[ITER 230] bestGlobalCost=1465265.15 (feasible=YES) bestThisIter=1465265.15 feasibleAnts=10 noImprove=30 (elapsed 50.1168s)
[RESET] no improvement for30-> reset pheromones
[ITER 240] bestGlobalCost=1465265.15 (feasible=YES) bestThisIter=1488652.19 feasibleAnts=10 noImprove=10 (elapsed 53.231s)
[ITER 250] bestGlobalCost=1465265.15 (feasible=YES) bestThisIter=1483322.18 feasibleAnts=10 noImprove=20 (elapsed 53.6532s)
[ITER 260] bestGlobalCost=1465265.15 (feasible=YES) bestThisIter=1465265.15 feasibleAnts=10 noImprove=30 (elapsed 56.6108s)
[RESET] no improvement for30-> reset pheromones
[ITER 270] bestGlobalCost=1465265.15 (feasible=YES) bestThisIter=1471275.56 feasibleAnts=10 noImprove=10 (elapsed 59.7035s)
1 2 5 6 7 8 16 17 18 19 27 28 29 30 31 
9 15 25 26 36 43 44 45 48 49 59 60 67 
103 104 113 114 115 116 123 124 125 126 127 128 133 134 
70 77 78 82 88 89 92 93 94 101 111 112 
20 32 37 38 40 41 42 50 51 54 61 62 66 76 
71 75 83 87 95 96 99 100 105 110 121 122 
35 47 55 56 57 58 68 69 79 80 81 90 91 102 
3 4 10 11 12 13 14 21 22 23 24 33 34 46 
39 52 53 63 64 65 72 73 74 84 85 86 97 98 
106 107 108 109 117 118 119 120 129 130 131 132 135 136 
[SAVELOGS] evolution saved to results/logs/pr136_10_2/evolution/pr136_10_2
[SAVELOGS] best cost saved to results/logs/pr136_10_2/objectives/pr136_10_2
[SAVELOGS] best solution saved to results/logs/pr136_10_2/solutions/pr136_10_2
