[ITER 1] New best cost=1508897.30 (feasible=YES, time 0.0548726s)
[ITER 2] New best cost=1483607.80 (feasible=YES, time 0.0988948s)
[ITER 3] New best cost=1465265.15 (feasible=YES, time 0.148139s)
[ITER 10] bestGlobalCost=1465265.15 (feasible=YES) bestThisIter=1465265.15 feasibleAnts=10 noImprove=7 (elapsed 0.501516s)
[ITER 20] bestGlobalCost=1465265.15 (feasible=YES) bestThisIter=1466727.23 feasibleAnts=10 noImprove=17 (elapsed 3.54913s)
[ITER 30] bestGlobalCost=1465265.15 (feasible=YES) bestThisIter=1481805.96 feasibleAnts=10 noImprove=27 (elapsed 6.58789s)
[RESET] no improvement for30-> reset pheromones
[ITER 40] bestGlobalCost=1465265.15 (feasible=YES) bestThisIter=1477740.90 feasibleAnts=10 noImprove=7 (elapsed 7.13552s)
[ITER 50] bestGlobalCost=1465265.15 (feasible=YES) bestThisIter=1465265.15 feasibleAnts=10 noImprove=17 (elapsed 10.1901s)
[ITER 60] bestGlobalCost=1465265.15 (feasible=YES) bestThisIter=1487332.59 feasibleAnts=10 noImprove=27 (elapsed 13.2007s)
[RESET] no improvement for30-> reset pheromones
[ITER 70] bestGlobalCost=1465265.15 (feasible=YES) bestThisIter=1493975.69 feasibleAnts=10 noImprove=7 (elapsed 13.6515s)
[ITER 80] bestGlobalCost=1465265.15 (feasible=YES) bestThisIter=1465265.15 feasibleAnts=10 noImprove=17 (elapsed 16.7774s)
[ITER 90] bestGlobalCost=1465265.15 (feasible=YES) bestThisIter=1468754.61 feasibleAnts=10 noImprove=27 (elapsed 19.8415s)
[RESET] no improvement for30-> reset pheromones
[ITER 100] bestGlobalCost=1465265.15 (feasible=YES) bestThisIter=1500733.81 feasibleAnts=10 noImprove=7 (elapsed 20.3809s)
[ITER 110] bestGlobalCost=1465265.15 (feasible=YES) bestThisIter=1465265.15 feasibleAnts=10 noImprove=17 (elapsed 23.4054s)
[ITER 120] bestGlobalCost=1465265.15 (feasible=YES) bestThisIter=1465265.15 feasibleAnts=10 noImprove=27 (elapsed 26.4623s)
[RESET] no improvement for30-> reset pheromones
[ITER 130] bestGlobalCost=1465265.15 (feasible=YES) bestThisIter=1498740.98 feasibleAnts=10 noImprove=7 (elapsed 26.9819s)
[ITER 140] bestGlobalCost=1465265.15 (feasible=YES) bestThisIter=1468754.61 feasibleAnts=10 noImprove=17 (elapsed 30.0709s)
[ITER 150] bestGlobalCost=1465265.15 (feasible=YES) bestThisIter=1475340.09 feasibleAnts=10 noImprove=27 (elapsed 33.0318s)
[RESET] no improvement for30-> reset pheromones
[ITER 160] bestGlobalCost=1465265.15 (feasible=YES) bestThisIter=1484949.96 feasibleAnts=10 noImprove=7 (elapsed 33.5571s)
[ITER 170] bestGlobalCost=1465265.15 (feasible=YES) bestThisIter=1468754.61 feasibleAnts=10 noImprove=17 (elapsed 36.6134s)
[ITER 180] bestGlobalCost=1465265.15 (feasible=YES) bestThisIter=1469503.69 feasibleAnts=10 noImprove=27 (elapsed 39.6604s)
[RESET] no improvement for30-> reset pheromones
[ITER 190] bestGlobalCost=1465265.15 (feasible=YES) bestThisIter=1529356.67 feasibleAnts=10 noImprove=7 (elapsed 40.1987s)
[ITER 200] bestGlobalCost=1465265.15 (feasible=YES) bestThisIter=1465265.15 feasibleAnts=10 noImprove=17 (elapsed 43.2179s)
[ITER 210] bestGlobalCost=1465265.15 (feasible=YES) bestThisIter=1477740.90 feasibleAnts=10 noImprove=27 (elapsed 46.2461s)
[RESET] no improvement for30-> reset pheromones
[ITER 220] bestGlobalCost=1465265.15 (feasible=YES) bestThisIter=1489695.57 feasibleAnts=10 noImprove=7 (elapsed 46.7236s)
[ITER 230] bestGlobalCost=1465265.15 (feasible=YES) bestThisIter=1468754.61 feasibleAnts=10 noImprove=17 (elapsed 49.8029s)
[ITER 240] bestGlobalCost=1465265.15 (feasible=YES) bestThisIter=1465265.15 feasibleAnts=10 noImprove=27 (elapsed 52.7996s)
[RESET] no improvement for30-> reset pheromones
[ITER 250] bestGlobalCost=1465265.15 (feasible=YES) bestThisIter=1486980.91 feasibleAnts=10 noImprove=7 (elapsed 53.2924s)
[ITER 260] bestGlobalCost=1465265.15 (feasible=YES) bestThisIter=1465265.15 feasibleAnts=10 noImprove=17 (elapsed 56.2926s)
[ITER 270] bestGlobalCost=1465265.15 (feasible=YES) bestThisIter=1465265.15 feasibleAnts=10 noImprove=27 (elapsed 59.3212s)
[RESET] no improvement for30-> reset pheromones
[ITER 280] bestGlobalCost=1465265.15 (feasible=YES) bestThisIter=1494446.80 feasibleAnts=10 noImprove=7 (elapsed 59.7962s)
9 15 25 26 36 43 44 45 48 49 59 60 67 
103 104 113 114 115 116 123 124 125 126 127 128 133 134 
39 52 53 63 64 65 72 73 74 84 85 86 97 98 
3 4 10 11 12 13 14 21 22 23 24 33 34 46 
20 32 37 38 40 41 42 50 51 54 61 62 66 76 
70 77 78 82 88 89 92 93 94 101 111 112 
106 107 108 109 117 118 119 120 129 130 131 132 135 136 
1 2 5 6 7 8 16 17 18 19 27 28 29 30 31 
71 75 83 87 95 96 99 100 105 110 121 122 
35 47 55 56 57 58 68 69 79 80 81 90 91 102 
[SAVELOGS] evolution saved to results/logs/pr136_10_2/evolution/pr136_10_2
[SAVELOGS] best cost saved to results/logs/pr136_10_2/objectives/pr136_10_2
[SAVELOGS] best solution saved to results/logs/pr136_10_2/solutions/pr136_10_2
