[ITER 1] New best cost=60619.46 (feasible=YES, time 0.075836s)
[ITER 2] New best cost=60235.85 (feasible=YES, time 0.140633s)
[ITER 3] New best cost=59772.33 (feasible=YES, time 0.188201s)
[ITER 7] New best cost=59474.05 (feasible=YES, time 0.502036s)
[ITER 10] New best cost=59338.56 (feasible=YES, time 0.672658s)
[ITER 10] bestGlobalCost=59338.56 (feasible=YES) bestThisIter=59338.56 feasibleAnts=11 noImprove=0 (elapsed 0.67632s)
[ITER 11] New best cost=58893.02 (feasible=YES, time 0.77205s)
[ITER 15] New best cost=58821.11 (feasible=YES, time 1.76289s)
[ITER 15] New best cost=58817.29 (feasible=YES, time 3.46271s)
[ITER 20] bestGlobalCost=58817.29 (feasible=YES) bestThisIter=58817.29 feasibleAnts=16 noImprove=5 (elapsed 5.6379s)
[ITER 30] bestGlobalCost=58817.29 (feasible=YES) bestThisIter=58817.29 feasibleAnts=10 noImprove=15 (elapsed 9.90482s)
[ITER 36] New best cost=58776.92 (feasible=YES, time 10.3056s)
[ITER 40] bestGlobalCost=58776.92 (feasible=YES) bestThisIter=58776.92 feasibleAnts=19 noImprove=4 (elapsed 10.5767s)
[ITER 50] bestGlobalCost=58776.92 (feasible=YES) bestThisIter=58776.92 feasibleAnts=10 noImprove=14 (elapsed 15.4718s)
[ITER 60] bestGlobalCost=58776.92 (feasible=YES) bestThisIter=58776.92 feasibleAnts=10 noImprove=24 (elapsed 20.1042s)
[RESET] no improvement for30-> reset pheromones
[ITER 70] bestGlobalCost=58776.92 (feasible=YES) bestThisIter=59116.00 feasibleAnts=10 noImprove=4 (elapsed 20.9836s)
[ITER 80] bestGlobalCost=58776.92 (feasible=YES) bestThisIter=58776.92 feasibleAnts=11 noImprove=14 (elapsed 25.546s)
[ITER 84] New best cost=58694.03 (feasible=YES, time 25.8252s)
[ITER 90] bestGlobalCost=58694.03 (feasible=YES) bestThisIter=58694.03 feasibleAnts=15 noImprove=6 (elapsed 30.4183s)
[ITER 91] New best cost=58466.85 (feasible=YES, time 30.4757s)
[ITER 100] bestGlobalCost=58466.85 (feasible=YES) bestThisIter=58466.85 feasibleAnts=13 noImprove=9 (elapsed 30.8087s)
[ITER 110] bestGlobalCost=58466.85 (feasible=YES) bestThisIter=58466.85 feasibleAnts=11 noImprove=19 (elapsed 35.2526s)
[ITER 120] bestGlobalCost=58466.85 (feasible=YES) bestThisIter=58682.31 feasibleAnts=10 noImprove=29 (elapsed 39.8398s)
[RESET] no improvement for30-> reset pheromones
[ITER 130] bestGlobalCost=58466.85 (feasible=YES) bestThisIter=59222.30 feasibleAnts=10 noImprove=9 (elapsed 40.6532s)
[ITER 140] bestGlobalCost=58466.85 (feasible=YES) bestThisIter=58466.85 feasibleAnts=10 noImprove=19 (elapsed 45.4195s)
[ITER 150] bestGlobalCost=58466.85 (feasible=YES) bestThisIter=58466.85 feasibleAnts=10 noImprove=29 (elapsed 49.8316s)
[RESET] no improvement for30-> reset pheromones
[ITER 160] bestGlobalCost=58466.85 (feasible=YES) bestThisIter=59557.95 feasibleAnts=10 noImprove=9 (elapsed 50.7156s)
[ITER 170] bestGlobalCost=58466.85 (feasible=YES) bestThisIter=58466.85 feasibleAnts=10 noImprove=19 (elapsed 55.5299s)
[ITER 180] bestGlobalCost=58466.85 (feasible=YES) bestThisIter=58466.85 feasibleAnts=10 noImprove=29 (elapsed 60.15s)
6 8 10 16 35 36 47 48 54 55 62 67 70 71 84 96 99 101 102 104 106 111 112 114 
13 17 19 20 25 31 33 43 46 49 50 52 58 65 68 69 79 85 91 100 107 108 113 117 118 
2 5 12 21 27 37 39 53 57 63 64 73 77 80 82 83 88 93 95 97 109 115 
1 14 15 18 22 28 29 30 32 44 45 59 61 66 74 75 76 78 81 86 87 92 94 105 120 
3 4 7 9 11 23 24 26 34 38 40 41 42 51 56 60 72 89 90 98 103 110 116 119 
[SAVELOGS] evolution saved to results/logs/gr120_05_5/evolution/gr120_05_5
[SAVELOGS] best cost saved to results/logs/gr120_05_5/objectives/gr120_05_5
[SAVELOGS] best solution saved to results/logs/gr120_05_5/solutions/gr120_05_5
