[ITER 1] New best cost=59209.63 (feasible=YES, time 0.11054s)
[ITER 3] New best cost=58814.40 (feasible=YES, time 0.265868s)
[ITER 6] New best cost=58485.82 (feasible=YES, time 0.439665s)
[ITER 10] bestGlobalCost=58485.82 (feasible=YES) bestThisIter=58485.82 feasibleAnts=10 noImprove=4 (elapsed 0.655936s)
[ITER 20] bestGlobalCost=58485.82 (feasible=YES) bestThisIter=58485.82 feasibleAnts=10 noImprove=14 (elapsed 4.94121s)
[ITER 30] bestGlobalCost=58485.82 (feasible=YES) bestThisIter=58573.30 feasibleAnts=10 noImprove=24 (elapsed 9.7457s)
[RESET] no improvement for30-> reset pheromones
[ITER 40] bestGlobalCost=58485.82 (feasible=YES) bestThisIter=58814.40 feasibleAnts=10 noImprove=4 (elapsed 10.321s)
[ITER 50] bestGlobalCost=58485.82 (feasible=YES) bestThisIter=59153.64 feasibleAnts=10 noImprove=14 (elapsed 15.014s)
[ITER 60] bestGlobalCost=58485.82 (feasible=YES) bestThisIter=58922.21 feasibleAnts=10 noImprove=24 (elapsed 19.4695s)
[RESET] no improvement for30-> reset pheromones
[ITER 70] bestGlobalCost=58485.82 (feasible=YES) bestThisIter=59441.70 feasibleAnts=10 noImprove=4 (elapsed 20.0712s)
[ITER 80] bestGlobalCost=58485.82 (feasible=YES) bestThisIter=58485.82 feasibleAnts=10 noImprove=14 (elapsed 25.0486s)
[ITER 90] bestGlobalCost=58485.82 (feasible=YES) bestThisIter=58485.82 feasibleAnts=10 noImprove=24 (elapsed 29.7735s)
[ITER 96] New best cost=58445.12 (feasible=YES, time 30.0496s)
[ITER 100] bestGlobalCost=58445.12 (feasible=YES) bestThisIter=58445.12 feasibleAnts=20 noImprove=4 (elapsed 30.2093s)
[ITER 110] bestGlobalCost=58445.12 (feasible=YES) bestThisIter=58445.12 feasibleAnts=10 noImprove=14 (elapsed 34.6433s)
[ITER 120] bestGlobalCost=58445.12 (feasible=YES) bestThisIter=59403.44 feasibleAnts=10 noImprove=24 (elapsed 40.5197s)
[ITER 125] New best cost=58298.39 (feasible=YES, time 40.9965s)
[ITER 130] bestGlobalCost=58298.39 (feasible=YES) bestThisIter=58298.39 feasibleAnts=16 noImprove=5 (elapsed 41.3932s)
[ITER 140] bestGlobalCost=58298.39 (feasible=YES) bestThisIter=58298.39 feasibleAnts=10 noImprove=15 (elapsed 46.5036s)
[ITER 150] bestGlobalCost=58298.39 (feasible=YES) bestThisIter=58933.02 feasibleAnts=10 noImprove=25 (elapsed 51.2486s)
[RESET] no improvement for30-> reset pheromones
[ITER 160] bestGlobalCost=58298.39 (feasible=YES) bestThisIter=58720.63 feasibleAnts=10 noImprove=5 (elapsed 52.0658s)
[ITER 170] bestGlobalCost=58298.39 (feasible=YES) bestThisIter=58298.39 feasibleAnts=10 noImprove=15 (elapsed 57.6346s)
[ITER 180] bestGlobalCost=58298.39 (feasible=YES) bestThisIter=58298.39 feasibleAnts=10 noImprove=25 (elapsed 63.058s)
4 6 7 9 10 35 36 37 39 47 48 55 57 62 67 71 73 83 99 101 102 104 106 112 
2 3 5 11 12 21 23 27 51 53 63 64 77 80 82 88 93 95 97 103 109 114 115 
13 17 18 19 20 25 31 33 43 49 52 58 65 68 69 79 85 91 100 107 108 113 117 118 
1 8 16 24 26 29 34 38 40 54 60 61 70 72 76 84 89 90 96 110 111 116 119 120 
14 15 22 28 30 32 41 42 44 45 46 50 56 59 66 74 75 78 81 86 87 92 94 98 105 
[SAVELOGS] evolution saved to results/logs/gr120_05_5/evolution/gr120_05_5
[SAVELOGS] best cost saved to results/logs/gr120_05_5/objectives/gr120_05_5
[SAVELOGS] best solution saved to results/logs/gr120_05_5/solutions/gr120_05_5
