[ITER 1] New best cost=4624687.23 (feasible=YES, time 7.90196s)
[ITER 2] New best cost=4539513.37 (feasible=YES, time 14.1824s)
[ITER 3] New best cost=4535271.90 (feasible=YES, time 19.7757s)
[ITER 4] New best cost=4503836.54 (feasible=YES, time 23.7702s)
[ITER 5] New best cost=4460641.00 (feasible=YES, time 29.3s)
[ITER 6] New best cost=4454116.95 (feasible=YES, time 34.2595s)
[ITER 7] New best cost=4406531.53 (feasible=YES, time 40.1613s)
[ITER 8] New best cost=4370793.07 (feasible=YES, time 46.1244s)
[ITER 10] bestGlobalCost=4370793.07 (feasible=YES) bestThisIter=4419716.84 feasibleAnts=10 noImprove=2 (elapsed 64.388s)
[ITER 15] New best cost=4335574.87 (feasible=YES, time 93.0421s)
[ITER 18] New best cost=4330250.33 (feasible=YES, time 111.472s)
[ITER 20] [TS] New best cost=4321789.97 (feasible=YES, time 121.089s)
[ITER 20] [TS] New best cost=4312778.51 (feasible=YES, time 123.552s)
[ITER 20] bestGlobalCost=4312778.51 (feasible=YES) bestThisIter=4342242.86 feasibleAnts=10 noImprove=1 (elapsed 125.966s)
[ITER 28] New best cost=4305960.93 (feasible=YES, time 162.866s)
[ITER 30] bestGlobalCost=4305960.93 (feasible=YES) bestThisIter=4327819.18 feasibleAnts=10 noImprove=2 (elapsed 178.508s)
[ITER 40] [TS] New best cost=4291303.41 (feasible=YES, time 231.075s)
[ITER 40] bestGlobalCost=4291303.41 (feasible=YES) bestThisIter=4377267.38 feasibleAnts=10 noImprove=1 (elapsed 235.56s)
[ITER 50] bestGlobalCost=4291303.41 (feasible=YES) bestThisIter=4304649.09 feasibleAnts=10 noImprove=11 (elapsed 293.621s)
[ITER 55] New best cost=4287714.90 (feasible=YES, time 319.34s)
[ITER 60] bestGlobalCost=4287714.90 (feasible=YES) bestThisIter=4349708.66 feasibleAnts=10 noImprove=5 (elapsed 352.967s)
[ITER 69] New best cost=4286113.79 (feasible=YES, time 401.034s)
[ITER 70] bestGlobalCost=4286113.79 (feasible=YES) bestThisIter=4314614.04 feasibleAnts=10 noImprove=1 (elapsed 412.281s)
[ITER 78] New best cost=4285471.86 (feasible=YES, time 455.713s)
[ITER 80] bestGlobalCost=4285471.86 (feasible=YES) bestThisIter=4374600.76 feasibleAnts=9 noImprove=2 (elapsed 471.232s)
[ITER 86] New best cost=4284400.86 (feasible=YES, time 501.101s)
[ITER 90] bestGlobalCost=4284400.86 (feasible=YES) bestThisIter=4329511.23 feasibleAnts=10 noImprove=4 (elapsed 528.508s)
[ITER 100] bestGlobalCost=4284400.86 (feasible=YES) bestThisIter=4319481.12 feasibleAnts=10 noImprove=14 (elapsed 582.307s)
[ITER 110] bestGlobalCost=4284400.86 (feasible=YES) bestThisIter=4375829.32 feasibleAnts=10 noImprove=24 (elapsed 637.014s)
[RESET] no improvement for30-> reset pheromones
[ITER 120] bestGlobalCost=4284400.86 (feasible=YES) bestThisIter=4286382.48 feasibleAnts=10 noImprove=4 (elapsed 689.961s)
[ITER 129] New best cost=4281368.02 (feasible=YES, time 735.718s)
[ITER 130] bestGlobalCost=4281368.02 (feasible=YES) bestThisIter=4305976.66 feasibleAnts=10 noImprove=1 (elapsed 746.105s)
[ITER 140] bestGlobalCost=4281368.02 (feasible=YES) bestThisIter=4302381.08 feasibleAnts=10 noImprove=11 (elapsed 796.986s)
[ITER 150] bestGlobalCost=4281368.02 (feasible=YES) bestThisIter=4349106.07 feasibleAnts=10 noImprove=21 (elapsed 855.705s)
[RESET] no improvement for30-> reset pheromones
[ITER 160] bestGlobalCost=4281368.02 (feasible=YES) bestThisIter=4349101.70 feasibleAnts=10 noImprove=1 (elapsed 916.611s)
[ITER 170] bestGlobalCost=4281368.02 (feasible=YES) bestThisIter=4287292.26 feasibleAnts=10 noImprove=11 (elapsed 971.672s)
[ITER 180] [TS] New best cost=4276523.83 (feasible=YES, time 1024.83s)
[ITER 180] bestGlobalCost=4276523.83 (feasible=YES) bestThisIter=4316760.39 feasibleAnts=10 noImprove=1 (elapsed 1029.44s)
[ITER 190] bestGlobalCost=4276523.83 (feasible=YES) bestThisIter=4336146.29 feasibleAnts=10 noImprove=11 (elapsed 1086.22s)
[ITER 200] bestGlobalCost=4276523.83 (feasible=YES) bestThisIter=4325257.87 feasibleAnts=10 noImprove=21 (elapsed 1138.23s)
[RESET] no improvement for30-> reset pheromones
[ITER 210] bestGlobalCost=4276523.83 (feasible=YES) bestThisIter=4547811.50 feasibleAnts=10 noImprove=1 (elapsed 1192.82s)
[ITER 220] bestGlobalCost=4276523.83 (feasible=YES) bestThisIter=4327271.88 feasibleAnts=10 noImprove=11 (elapsed 1251.48s)
[ITER 230] bestGlobalCost=4276523.83 (feasible=YES) bestThisIter=4308264.24 feasibleAnts=10 noImprove=21 (elapsed 1308.4s)
[RESET] no improvement for30-> reset pheromones
[ITER 240] bestGlobalCost=4276523.83 (feasible=YES) bestThisIter=4610496.26 feasibleAnts=10 noImprove=1 (elapsed 1367.55s)
[ITER 250] bestGlobalCost=4276523.83 (feasible=YES) bestThisIter=4307229.32 feasibleAnts=10 noImprove=11 (elapsed 1428.13s)
[ITER 260] bestGlobalCost=4276523.83 (feasible=YES) bestThisIter=4347167.29 feasibleAnts=10 noImprove=21 (elapsed 1490.58s)
3 7 8 9 10 11 12 13 14 15 16 37 38 39 40 41 42 43 45 46 57 79 
70 90 91 92 102 103 104 105 106 107 108 109 110 111 112 113 144 145 146 147 148 185 
243 244 261 262 263 264 265 306 307 308 309 310 311 312 313 319 320 321 322 323 324 
317 325 326 327 386 387 388 400 401 402 404 405 415 416 417 418 428 429 431 
119 179 184 191 192 193 194 195 196 197 198 217 218 219 220 221 235 236 237 238 239 240 241 242 266 
232 280 285 286 287 288 289 290 292 340 345 346 347 348 349 350 351 352 353 354 355 376 377 379 380 
17 27 29 31 32 33 34 35 36 58 59 60 61 62 63 73 75 76 77 78 86 87 
222 224 233 234 267 268 269 270 271 272 273 274 276 296 301 302 303 304 305 328 329 330 331 332 
190 223 275 279 291 293 294 297 299 300 356 357 358 359 385 390 414 419 420 
341 371 372 373 375 381 382 383 384 389 391 392 393 394 395 396 397 398 399 406 407 412 421 
129 130 131 132 133 162 163 164 165 166 167 168 169 170 171 172 173 174 206 207 208 
277 278 295 298 333 334 335 336 337 338 339 360 361 362 363 364 365 366 367 368 369 370 378 
403 408 409 410 411 413 422 423 424 425 426 427 430 432 433 434 435 436 437 438 439 
18 19 20 21 22 23 24 25 26 28 30 64 65 66 67 68 69 71 72 74 88 89 93 
209 210 245 246 247 248 249 250 251 252 253 254 255 256 257 258 259 260 314 315 316 318 
149 186 187 188 189 225 226 227 228 229 230 231 281 282 283 284 342 343 344 374 
95 96 97 98 99 100 101 120 121 122 123 124 125 126 127 128 134 135 136 161 
94 114 115 116 117 118 138 139 140 141 142 143 150 151 152 153 154 155 156 157 181 182 183 
137 158 159 160 175 176 177 178 180 199 200 201 202 203 204 205 211 212 213 214 215 216 
1 2 4 5 6 44 47 48 49 50 51 52 53 54 55 56 80 81 82 83 84 85 
[SAVELOGS] evolution saved to results/logs/aco_logs/evolution/pr439_20_3.txt
[SAVELOGS] best cost saved to results/logs/aco_logs/objectives/pr439_20_3.txt
[SAVELOGS] best solution saved to results/logs/aco_logs/solutions/pr439_20_3.txt
