[ITER 1] New best cost=36662448.75 (feasible=YES, time 2.6529s)
[ITER 2] New best cost=36345743.56 (feasible=YES, time 4.41863s)
[ITER 4] New best cost=36330343.55 (feasible=YES, time 7.64763s)
[ITER 5] New best cost=36296356.67 (feasible=YES, time 9.59006s)
[ITER 7] New best cost=36266387.45 (feasible=YES, time 13.0499s)
[ITER 8] New best cost=36142450.31 (feasible=YES, time 14.9622s)
[ITER 10] bestGlobalCost=36142450.31 (feasible=YES) bestThisIter=36462511.54 feasibleAnts=10 noImprove=2 (elapsed 20.6722s)
[ITER 20] bestGlobalCost=36142450.31 (feasible=YES) bestThisIter=36414097.13 feasibleAnts=10 noImprove=12 (elapsed 41.6725s)
[ITER 30] bestGlobalCost=36142450.31 (feasible=YES) bestThisIter=36209793.20 feasibleAnts=10 noImprove=22 (elapsed 62.8338s)
[ITER 40] bestGlobalCost=36142450.31 (feasible=YES) bestThisIter=36369608.64 feasibleAnts=10 noImprove=32 (elapsed 84.7501s)
[ITER 50] bestGlobalCost=36142450.31 (feasible=YES) bestThisIter=36442150.41 feasibleAnts=12 noImprove=42 (elapsed 110.374s)
[RESET] no improvement for50-> reset pheromones
[ITER 60] bestGlobalCost=36142450.31 (feasible=YES) bestThisIter=36351115.16 feasibleAnts=10 noImprove=2 (elapsed 132.976s)
[ITER 70] bestGlobalCost=36142450.31 (feasible=YES) bestThisIter=36283045.72 feasibleAnts=10 noImprove=12 (elapsed 151.848s)
[ITER 80] bestGlobalCost=36142450.31 (feasible=YES) bestThisIter=36350592.45 feasibleAnts=10 noImprove=22 (elapsed 171.966s)
[ITER 90] bestGlobalCost=36142450.31 (feasible=YES) bestThisIter=36520112.83 feasibleAnts=10 noImprove=32 (elapsed 194.134s)
[ITER 100] bestGlobalCost=36142450.31 (feasible=YES) bestThisIter=36414762.89 feasibleAnts=12 noImprove=42 (elapsed 220.306s)
[RESET] no improvement for50-> reset pheromones
[ITER 110] bestGlobalCost=36142450.31 (feasible=YES) bestThisIter=36417850.64 feasibleAnts=10 noImprove=2 (elapsed 246.223s)
[ITER 120] bestGlobalCost=36142450.31 (feasible=YES) bestThisIter=36322235.30 feasibleAnts=10 noImprove=12 (elapsed 265.77s)
[ITER 130] bestGlobalCost=36142450.31 (feasible=YES) bestThisIter=36346002.04 feasibleAnts=10 noImprove=22 (elapsed 287.634s)
[ITER 140] bestGlobalCost=36142450.31 (feasible=YES) bestThisIter=36328139.84 feasibleAnts=12 noImprove=32 (elapsed 307.509s)
[ITER 150] bestGlobalCost=36142450.31 (feasible=YES) bestThisIter=36381242.03 feasibleAnts=10 noImprove=42 (elapsed 332.724s)
[RESET] no improvement for50-> reset pheromones
[ITER 160] bestGlobalCost=36142450.31 (feasible=YES) bestThisIter=36236218.79 feasibleAnts=10 noImprove=2 (elapsed 353.663s)
[ITER 170] bestGlobalCost=36142450.31 (feasible=YES) bestThisIter=36301383.02 feasibleAnts=10 noImprove=12 (elapsed 372.92s)
[ITER 180] bestGlobalCost=36142450.31 (feasible=YES) bestThisIter=36371640.96 feasibleAnts=11 noImprove=22 (elapsed 392.632s)
[ITER 190] bestGlobalCost=36142450.31 (feasible=YES) bestThisIter=36342660.27 feasibleAnts=10 noImprove=32 (elapsed 413.768s)
[ITER 200] bestGlobalCost=36142450.31 (feasible=YES) bestThisIter=36228684.30 feasibleAnts=10 noImprove=42 (elapsed 436.683s)
[RESET] no improvement for50-> reset pheromones
[ITER 210] bestGlobalCost=36142450.31 (feasible=YES) bestThisIter=36242427.69 feasibleAnts=10 noImprove=2 (elapsed 460.262s)
[ITER 220] bestGlobalCost=36142450.31 (feasible=YES) bestThisIter=36231684.30 feasibleAnts=10 noImprove=12 (elapsed 479.536s)
[ITER 230] bestGlobalCost=36142450.31 (feasible=YES) bestThisIter=36372717.76 feasibleAnts=10 noImprove=22 (elapsed 499.328s)
[ITER 240] bestGlobalCost=36142450.31 (feasible=YES) bestThisIter=36272747.84 feasibleAnts=10 noImprove=32 (elapsed 526.261s)
[ITER 250] bestGlobalCost=36142450.31 (feasible=YES) bestThisIter=36308729.38 feasibleAnts=10 noImprove=42 (elapsed 554.637s)
[RESET] no improvement for50-> reset pheromones
[ITER 260] bestGlobalCost=36142450.31 (feasible=YES) bestThisIter=36350383.13 feasibleAnts=10 noImprove=2 (elapsed 576.087s)
[ITER 262] New best cost=36140001.16 (feasible=YES, time 578.372s)
[ITER 270] bestGlobalCost=36140001.16 (feasible=YES) bestThisIter=36265115.85 feasibleAnts=10 noImprove=8 (elapsed 592.102s)
[ITER 280] bestGlobalCost=36140001.16 (feasible=YES) bestThisIter=36280231.07 feasibleAnts=10 noImprove=18 (elapsed 613.741s)
[ITER 290] bestGlobalCost=36140001.16 (feasible=YES) bestThisIter=36316246.61 feasibleAnts=10 noImprove=28 (elapsed 637.465s)
[ITER 300] bestGlobalCost=36140001.16 (feasible=YES) bestThisIter=36511873.99 feasibleAnts=11 noImprove=38 (elapsed 659.334s)
[ITER 310] bestGlobalCost=36140001.16 (feasible=YES) bestThisIter=36541123.37 feasibleAnts=11 noImprove=48 (elapsed 682.242s)
[RESET] no improvement for50-> reset pheromones
[ITER 320] bestGlobalCost=36140001.16 (feasible=YES) bestThisIter=36335369.78 feasibleAnts=10 noImprove=8 (elapsed 702.604s)
[ITER 330] bestGlobalCost=36140001.16 (feasible=YES) bestThisIter=36228935.46 feasibleAnts=10 noImprove=18 (elapsed 725.328s)
[ITER 340] bestGlobalCost=36140001.16 (feasible=YES) bestThisIter=36283331.27 feasibleAnts=11 noImprove=28 (elapsed 749.777s)
[ITER 350] bestGlobalCost=36140001.16 (feasible=YES) bestThisIter=36441106.17 feasibleAnts=10 noImprove=38 (elapsed 773.338s)
[ITER 358] New best cost=36119401.47 (feasible=YES, time 791.121s)
[ITER 360] bestGlobalCost=36119401.47 (feasible=YES) bestThisIter=36140001.16 feasibleAnts=10 noImprove=2 (elapsed 794.786s)
[ITER 370] bestGlobalCost=36119401.47 (feasible=YES) bestThisIter=36328873.99 feasibleAnts=10 noImprove=12 (elapsed 812.915s)
[ITER 380] bestGlobalCost=36119401.47 (feasible=YES) bestThisIter=36316219.12 feasibleAnts=10 noImprove=22 (elapsed 832.902s)
[ITER 390] bestGlobalCost=36119401.47 (feasible=YES) bestThisIter=36211801.85 feasibleAnts=11 noImprove=32 (elapsed 854.461s)
[ITER 400] bestGlobalCost=36119401.47 (feasible=YES) bestThisIter=36395757.65 feasibleAnts=10 noImprove=42 (elapsed 876.023s)
[RESET] no improvement for50-> reset pheromones
[ITER 410] bestGlobalCost=36119401.47 (feasible=YES) bestThisIter=36296661.79 feasibleAnts=11 noImprove=2 (elapsed 898.043s)
[ITER 420] bestGlobalCost=36119401.47 (feasible=YES) bestThisIter=36260703.54 feasibleAnts=10 noImprove=12 (elapsed 914.56s)
[ITER 430] bestGlobalCost=36119401.47 (feasible=YES) bestThisIter=36378189.88 feasibleAnts=10 noImprove=22 (elapsed 935.157s)
[ITER 440] bestGlobalCost=36119401.47 (feasible=YES) bestThisIter=36266737.24 feasibleAnts=12 noImprove=32 (elapsed 958.384s)
[ITER 450] bestGlobalCost=36119401.47 (feasible=YES) bestThisIter=36337636.78 feasibleAnts=11 noImprove=42 (elapsed 978.731s)
[RESET] no improvement for50-> reset pheromones
[ITER 460] bestGlobalCost=36119401.47 (feasible=YES) bestThisIter=36277894.26 feasibleAnts=10 noImprove=2 (elapsed 999.065s)
[ITER 470] bestGlobalCost=36119401.47 (feasible=YES) bestThisIter=36177944.38 feasibleAnts=10 noImprove=12 (elapsed 1017.34s)
[ITER 480] bestGlobalCost=36119401.47 (feasible=YES) bestThisIter=36232108.52 feasibleAnts=10 noImprove=22 (elapsed 1036.28s)
[ITER 490] bestGlobalCost=36119401.47 (feasible=YES) bestThisIter=36382368.63 feasibleAnts=10 noImprove=32 (elapsed 1057.92s)
[ITER 500] bestGlobalCost=36119401.47 (feasible=YES) bestThisIter=36293950.06 feasibleAnts=11 noImprove=42 (elapsed 1080.3s)
[RESET] no improvement for50-> reset pheromones
[ITER 510] bestGlobalCost=36119401.47 (feasible=YES) bestThisIter=36273274.07 feasibleAnts=10 noImprove=2 (elapsed 1104.15s)
[ITER 518] New best cost=36082664.10 (feasible=YES, time 1117.18s)
[ITER 520] bestGlobalCost=36082664.10 (feasible=YES) bestThisIter=36119401.47 feasibleAnts=10 noImprove=2 (elapsed 1120.96s)
[ITER 530] bestGlobalCost=36082664.10 (feasible=YES) bestThisIter=36308885.30 feasibleAnts=10 noImprove=12 (elapsed 1143.57s)
[ITER 540] bestGlobalCost=36082664.10 (feasible=YES) bestThisIter=36203033.97 feasibleAnts=10 noImprove=22 (elapsed 1165.53s)
[ITER 550] bestGlobalCost=36082664.10 (feasible=YES) bestThisIter=36267812.20 feasibleAnts=12 noImprove=32 (elapsed 1187.77s)
[ITER 560] bestGlobalCost=36082664.10 (feasible=YES) bestThisIter=36372951.46 feasibleAnts=10 noImprove=42 (elapsed 1209.94s)
[RESET] no improvement for50-> reset pheromones
[ITER 570] bestGlobalCost=36082664.10 (feasible=YES) bestThisIter=36262038.63 feasibleAnts=10 noImprove=2 (elapsed 1232.08s)
[ITER 580] bestGlobalCost=36082664.10 (feasible=YES) bestThisIter=36195315.51 feasibleAnts=10 noImprove=12 (elapsed 1251.31s)
[ITER 590] bestGlobalCost=36082664.10 (feasible=YES) bestThisIter=36254298.55 feasibleAnts=11 noImprove=22 (elapsed 1273.37s)
[ITER 600] bestGlobalCost=36082664.10 (feasible=YES) bestThisIter=36322325.70 feasibleAnts=10 noImprove=32 (elapsed 1293.81s)
[ITER 610] bestGlobalCost=36082664.10 (feasible=YES) bestThisIter=36220777.30 feasibleAnts=10 noImprove=42 (elapsed 1319.51s)
[RESET] no improvement for50-> reset pheromones
[ITER 620] bestGlobalCost=36082664.10 (feasible=YES) bestThisIter=36191991.11 feasibleAnts=10 noImprove=2 (elapsed 1343.14s)
[ITER 624] New best cost=36074376.04 (feasible=YES, time 1349.78s)
[ITER 630] bestGlobalCost=36074376.04 (feasible=YES) bestThisIter=36139858.39 feasibleAnts=10 noImprove=6 (elapsed 1357.17s)
[ITER 632] New best cost=36070119.79 (feasible=YES, time 1361.27s)
[ITER 640] bestGlobalCost=36070119.79 (feasible=YES) bestThisIter=36133371.00 feasibleAnts=10 noImprove=8 (elapsed 1371.32s)
[ITER 650] bestGlobalCost=36070119.79 (feasible=YES) bestThisIter=36279205.20 feasibleAnts=10 noImprove=18 (elapsed 1394.85s)
[ITER 660] bestGlobalCost=36070119.79 (feasible=YES) bestThisIter=36222836.67 feasibleAnts=10 noImprove=28 (elapsed 1418.25s)
[ITER 670] bestGlobalCost=36070119.79 (feasible=YES) bestThisIter=36320489.62 feasibleAnts=11 noImprove=38 (elapsed 1445.13s)
[ITER 680] bestGlobalCost=36070119.79 (feasible=YES) bestThisIter=36416518.55 feasibleAnts=10 noImprove=48 (elapsed 1468.84s)
[RESET] no improvement for50-> reset pheromones
[ITER 686] New best cost=36068711.69 (feasible=YES, time 1481.38s)
[ITER 690] bestGlobalCost=36068711.69 (feasible=YES) bestThisIter=36068711.69 feasibleAnts=13 noImprove=4 (elapsed 1487.13s)
145 190 222 223 224 233 234 235 239 266 267 269 270 271 272 273 274 275 276 277 279 290 292 294 295 296 297 298 299 300 301 302 303 304 305 306 308 323 324 325 327 328 329 330 331 332 333 334 335 336 337 338 339 350 352 355 360 361 362 363 364 365 366 367 368 369 370 378 385 386 387 388 400 401 402 404 405 415 416 417 418 428 429 431 
83 85 149 186 188 225 226 227 228 229 230 231 280 283 284 285 286 287 288 291 340 341 342 343 344 345 347 348 349 351 353 354 356 357 358 359 371 372 373 374 375 376 377 379 380 381 382 383 384 389 390 391 392 393 394 395 396 397 398 399 403 406 407 408 409 410 411 412 413 414 419 420 421 422 423 424 425 426 427 430 432 433 434 435 436 437 438 439 
18 19 20 21 22 24 25 65 66 67 68 69 70 71 72 88 89 91 92 93 94 95 96 97 98 99 100 101 102 103 104 105 106 107 108 109 111 113 115 116 117 118 119 120 121 122 123 124 125 126 127 128 129 130 131 132 133 134 136 137 138 139 140 141 142 143 144 146 148 150 151 152 153 154 155 156 157 158 161 162 164 174 177 180 181 182 183 184 185 195 
135 159 163 165 166 167 168 169 170 171 172 173 175 176 178 179 191 192 193 194 196 197 198 199 200 201 202 203 204 205 206 207 208 209 210 211 212 213 214 215 216 217 218 219 220 221 236 238 240 241 242 243 244 245 246 247 248 249 250 251 252 253 254 255 256 257 258 259 260 261 262 263 264 265 268 307 309 310 311 312 313 314 315 316 317 318 319 320 321 322 326 
1 2 3 4 5 6 7 8 9 10 11 12 13 14 15 16 17 23 26 27 28 29 30 31 32 33 34 35 36 37 38 39 40 41 42 43 44 45 46 47 48 49 50 51 52 53 54 55 56 57 58 59 60 61 62 63 64 73 74 75 76 77 78 79 80 81 82 84 86 87 90 110 112 114 147 160 187 189 232 237 278 281 282 289 293 346 
[SAVELOGS] evolution saved to results/logs/aco_logs/evolution/pr439_05_5.txt
[SAVELOGS] best cost saved to results/logs/aco_logs/objectives/pr439_05_5.txt
[SAVELOGS] best solution saved to results/logs/aco_logs/solutions/pr439_05_5.txt
