[ITER 1] New best cost=36530379.57 (feasible=YES, time 1.68974s)
[ITER 2] New best cost=36271467.48 (feasible=YES, time 3.45122s)
[ITER 4] New best cost=36184593.02 (feasible=YES, time 5.67044s)
[ITER 10] bestGlobalCost=36184593.02 (feasible=YES) bestThisIter=36273740.52 feasibleAnts=10 noImprove=6 (elapsed 15.5107s)
[ITER 20] New best cost=36172417.45 (feasible=YES, time 33.5516s)
[ITER 20] bestGlobalCost=36172417.45 (feasible=YES) bestThisIter=36342561.77 feasibleAnts=10 noImprove=0 (elapsed 33.5557s)
[ITER 29] New best cost=36162494.12 (feasible=YES, time 48.6013s)
[ITER 30] bestGlobalCost=36162494.12 (feasible=YES) bestThisIter=41903980.17 feasibleAnts=12 noImprove=1 (elapsed 51.6937s)
[ITER 31] New best cost=36154977.99 (feasible=YES, time 52.9759s)
[ITER 33] New best cost=36117941.77 (feasible=YES, time 56.0525s)
[ITER 40] bestGlobalCost=36117941.77 (feasible=YES) bestThisIter=36195234.02 feasibleAnts=10 noImprove=7 (elapsed 71.3075s)
[ITER 50] bestGlobalCost=36117941.77 (feasible=YES) bestThisIter=36321838.95 feasibleAnts=10 noImprove=17 (elapsed 92.5117s)
[ITER 60] bestGlobalCost=36117941.77 (feasible=YES) bestThisIter=36184120.06 feasibleAnts=10 noImprove=27 (elapsed 115.443s)
[ITER 70] bestGlobalCost=36117941.77 (feasible=YES) bestThisIter=36518972.80 feasibleAnts=10 noImprove=37 (elapsed 139.644s)
[ITER 80] bestGlobalCost=36117941.77 (feasible=YES) bestThisIter=36369249.41 feasibleAnts=10 noImprove=47 (elapsed 162.878s)
[RESET] no improvement for50-> reset pheromones
[ITER 90] bestGlobalCost=36117941.77 (feasible=YES) bestThisIter=36265798.18 feasibleAnts=10 noImprove=7 (elapsed 183.082s)
[ITER 100] bestGlobalCost=36117941.77 (feasible=YES) bestThisIter=36295293.12 feasibleAnts=10 noImprove=17 (elapsed 204.505s)
[ITER 110] bestGlobalCost=36117941.77 (feasible=YES) bestThisIter=36256242.61 feasibleAnts=10 noImprove=27 (elapsed 224.921s)
[ITER 120] bestGlobalCost=36117941.77 (feasible=YES) bestThisIter=36352460.12 feasibleAnts=10 noImprove=37 (elapsed 249.557s)
[ITER 130] bestGlobalCost=36117941.77 (feasible=YES) bestThisIter=36435446.51 feasibleAnts=10 noImprove=47 (elapsed 275.001s)
[RESET] no improvement for50-> reset pheromones
[ITER 140] bestGlobalCost=36117941.77 (feasible=YES) bestThisIter=36408621.62 feasibleAnts=10 noImprove=7 (elapsed 294.67s)
[ITER 143] New best cost=36117523.42 (feasible=YES, time 298.72s)
[ITER 147] New best cost=36113407.50 (feasible=YES, time 301.39s)
[ITER 148] New best cost=36089700.51 (feasible=YES, time 302.723s)
[ITER 150] bestGlobalCost=36089700.51 (feasible=YES) bestThisIter=36089700.51 feasibleAnts=10 noImprove=2 (elapsed 307.136s)
[ITER 160] bestGlobalCost=36089700.51 (feasible=YES) bestThisIter=36138831.97 feasibleAnts=10 noImprove=12 (elapsed 322.788s)
[ITER 170] bestGlobalCost=36089700.51 (feasible=YES) bestThisIter=36208632.93 feasibleAnts=10 noImprove=22 (elapsed 342.13s)
[ITER 180] bestGlobalCost=36089700.51 (feasible=YES) bestThisIter=36257972.96 feasibleAnts=10 noImprove=32 (elapsed 365.841s)
[ITER 190] bestGlobalCost=36089700.51 (feasible=YES) bestThisIter=36448035.00 feasibleAnts=10 noImprove=42 (elapsed 390.642s)
[RESET] no improvement for50-> reset pheromones
[ITER 200] bestGlobalCost=36089700.51 (feasible=YES) bestThisIter=36300317.14 feasibleAnts=10 noImprove=2 (elapsed 418.171s)
[ITER 210] bestGlobalCost=36089700.51 (feasible=YES) bestThisIter=36179987.32 feasibleAnts=10 noImprove=12 (elapsed 437.249s)
[ITER 220] bestGlobalCost=36089700.51 (feasible=YES) bestThisIter=36239058.87 feasibleAnts=10 noImprove=22 (elapsed 459.012s)
[ITER 222] New best cost=36082703.80 (feasible=YES, time 462.899s)
[ITER 230] bestGlobalCost=36082703.80 (feasible=YES) bestThisIter=36117453.39 feasibleAnts=10 noImprove=8 (elapsed 475.666s)
[ITER 240] bestGlobalCost=36082703.80 (feasible=YES) bestThisIter=36239167.14 feasibleAnts=10 noImprove=18 (elapsed 494.559s)
[ITER 250] bestGlobalCost=36082703.80 (feasible=YES) bestThisIter=36382609.72 feasibleAnts=10 noImprove=28 (elapsed 516.306s)
[ITER 260] bestGlobalCost=36082703.80 (feasible=YES) bestThisIter=36270034.23 feasibleAnts=11 noImprove=38 (elapsed 538.824s)
[ITER 270] bestGlobalCost=36082703.80 (feasible=YES) bestThisIter=36364836.38 feasibleAnts=11 noImprove=48 (elapsed 559.654s)
[RESET] no improvement for50-> reset pheromones
[ITER 276] New best cost=36080776.21 (feasible=YES, time 570.604s)
[ITER 278] New best cost=36064036.87 (feasible=YES, time 573.3s)
[ITER 280] bestGlobalCost=36064036.87 (feasible=YES) bestThisIter=36080776.21 feasibleAnts=10 noImprove=2 (elapsed 577.527s)
[ITER 290] bestGlobalCost=36064036.87 (feasible=YES) bestThisIter=36395212.86 feasibleAnts=10 noImprove=12 (elapsed 594.886s)
[ITER 300] bestGlobalCost=36064036.87 (feasible=YES) bestThisIter=36200640.12 feasibleAnts=10 noImprove=22 (elapsed 619.285s)
[ITER 310] bestGlobalCost=36064036.87 (feasible=YES) bestThisIter=36232404.88 feasibleAnts=10 noImprove=32 (elapsed 642.893s)
[ITER 320] bestGlobalCost=36064036.87 (feasible=YES) bestThisIter=36270421.42 feasibleAnts=10 noImprove=42 (elapsed 663.269s)
[RESET] no improvement for50-> reset pheromones
[ITER 330] New best cost=36061474.54 (feasible=YES, time 686.146s)
[ITER 330] bestGlobalCost=36061474.54 (feasible=YES) bestThisIter=36274832.67 feasibleAnts=10 noImprove=0 (elapsed 686.15s)
[ITER 340] bestGlobalCost=36061474.54 (feasible=YES) bestThisIter=36180253.43 feasibleAnts=10 noImprove=10 (elapsed 699.777s)
[ITER 350] bestGlobalCost=36061474.54 (feasible=YES) bestThisIter=36239366.18 feasibleAnts=10 noImprove=20 (elapsed 721.264s)
[ITER 360] bestGlobalCost=36061474.54 (feasible=YES) bestThisIter=36334115.27 feasibleAnts=10 noImprove=30 (elapsed 745.012s)
[ITER 370] bestGlobalCost=36061474.54 (feasible=YES) bestThisIter=36267582.23 feasibleAnts=10 noImprove=40 (elapsed 767.716s)
[ITER 380] bestGlobalCost=36061474.54 (feasible=YES) bestThisIter=36419395.15 feasibleAnts=10 noImprove=50 (elapsed 792.934s)
[RESET] no improvement for50-> reset pheromones
[ITER 390] bestGlobalCost=36061474.54 (feasible=YES) bestThisIter=36148606.82 feasibleAnts=10 noImprove=10 (elapsed 811.545s)
[ITER 400] bestGlobalCost=36061474.54 (feasible=YES) bestThisIter=36089882.28 feasibleAnts=10 noImprove=20 (elapsed 836.709s)
[ITER 410] bestGlobalCost=36061474.54 (feasible=YES) bestThisIter=36268169.04 feasibleAnts=10 noImprove=30 (elapsed 860.046s)
[ITER 420] bestGlobalCost=36061474.54 (feasible=YES) bestThisIter=36387964.47 feasibleAnts=10 noImprove=40 (elapsed 883.663s)
[ITER 430] bestGlobalCost=36061474.54 (feasible=YES) bestThisIter=36396820.49 feasibleAnts=10 noImprove=50 (elapsed 908.039s)
[RESET] no improvement for50-> reset pheromones
[ITER 440] bestGlobalCost=36061474.54 (feasible=YES) bestThisIter=36088965.53 feasibleAnts=10 noImprove=10 (elapsed 926.766s)
[ITER 450] bestGlobalCost=36061474.54 (feasible=YES) bestThisIter=36129419.89 feasibleAnts=10 noImprove=20 (elapsed 947.656s)
[ITER 460] bestGlobalCost=36061474.54 (feasible=YES) bestThisIter=36237811.39 feasibleAnts=10 noImprove=30 (elapsed 975.051s)
[ITER 470] bestGlobalCost=36061474.54 (feasible=YES) bestThisIter=36424686.70 feasibleAnts=11 noImprove=40 (elapsed 1002.22s)
[ITER 480] bestGlobalCost=36061474.54 (feasible=YES) bestThisIter=36239184.22 feasibleAnts=10 noImprove=50 (elapsed 1026.24s)
[RESET] no improvement for50-> reset pheromones
[ITER 490] bestGlobalCost=36061474.54 (feasible=YES) bestThisIter=36197386.46 feasibleAnts=10 noImprove=10 (elapsed 1045.92s)
[ITER 500] bestGlobalCost=36061474.54 (feasible=YES) bestThisIter=36098545.41 feasibleAnts=10 noImprove=20 (elapsed 1066.38s)
[ITER 510] bestGlobalCost=36061474.54 (feasible=YES) bestThisIter=36228638.06 feasibleAnts=11 noImprove=30 (elapsed 1091.7s)
[ITER 520] bestGlobalCost=36061474.54 (feasible=YES) bestThisIter=36288600.64 feasibleAnts=10 noImprove=40 (elapsed 1111.65s)
[ITER 530] bestGlobalCost=36061474.54 (feasible=YES) bestThisIter=36416720.19 feasibleAnts=10 noImprove=50 (elapsed 1136.82s)
[RESET] no improvement for50-> reset pheromones
[ITER 540] bestGlobalCost=36061474.54 (feasible=YES) bestThisIter=36107257.71 feasibleAnts=10 noImprove=10 (elapsed 1157.91s)
[ITER 550] bestGlobalCost=36061474.54 (feasible=YES) bestThisIter=36266560.98 feasibleAnts=10 noImprove=20 (elapsed 1178.85s)
[ITER 560] bestGlobalCost=36061474.54 (feasible=YES) bestThisIter=36243522.36 feasibleAnts=10 noImprove=30 (elapsed 1202.98s)
[ITER 570] bestGlobalCost=36061474.54 (feasible=YES) bestThisIter=36333571.18 feasibleAnts=12 noImprove=40 (elapsed 1224.23s)
[ITER 580] bestGlobalCost=36061474.54 (feasible=YES) bestThisIter=36191794.28 feasibleAnts=10 noImprove=50 (elapsed 1247.05s)
[RESET] no improvement for50-> reset pheromones
[ITER 590] bestGlobalCost=36061474.54 (feasible=YES) bestThisIter=36105845.28 feasibleAnts=10 noImprove=10 (elapsed 1267.26s)
[ITER 600] bestGlobalCost=36061474.54 (feasible=YES) bestThisIter=36319701.33 feasibleAnts=10 noImprove=20 (elapsed 1289.54s)
[ITER 610] bestGlobalCost=36061474.54 (feasible=YES) bestThisIter=36242810.19 feasibleAnts=11 noImprove=30 (elapsed 1310.9s)
[ITER 620] bestGlobalCost=36061474.54 (feasible=YES) bestThisIter=36285157.49 feasibleAnts=10 noImprove=40 (elapsed 1334.39s)
[ITER 630] bestGlobalCost=36061474.54 (feasible=YES) bestThisIter=36420951.22 feasibleAnts=10 noImprove=50 (elapsed 1360.16s)
[RESET] no improvement for50-> reset pheromones
[ITER 640] bestGlobalCost=36061474.54 (feasible=YES) bestThisIter=36125019.60 feasibleAnts=10 noImprove=10 (elapsed 1378.94s)
[ITER 650] bestGlobalCost=36061474.54 (feasible=YES) bestThisIter=36208612.06 feasibleAnts=10 noImprove=20 (elapsed 1397.82s)
[ITER 660] bestGlobalCost=36061474.54 (feasible=YES) bestThisIter=36251538.01 feasibleAnts=12 noImprove=30 (elapsed 1423.29s)
[ITER 670] bestGlobalCost=36061474.54 (feasible=YES) bestThisIter=36334209.14 feasibleAnts=12 noImprove=40 (elapsed 1446.27s)
[ITER 680] bestGlobalCost=36061474.54 (feasible=YES) bestThisIter=36343455.85 feasibleAnts=11 noImprove=50 (elapsed 1470.37s)
[RESET] no improvement for50-> reset pheromones
[ITER 690] bestGlobalCost=36061474.54 (feasible=YES) bestThisIter=36280916.04 feasibleAnts=10 noImprove=10 (elapsed 1492.47s)
135 162 163 164 165 166 167 168 169 170 172 173 175 176 178 179 181 191 193 194 195 196 197 198 199 200 201 202 203 204 205 206 207 208 209 210 211 212 213 214 215 216 217 218 219 220 221 234 238 240 241 242 243 244 245 246 247 248 249 250 251 252 253 254 255 256 257 258 259 260 261 262 263 264 307 309 310 311 312 313 314 315 316 317 318 319 320 321 322 323 326 
1 2 3 4 5 6 7 8 9 10 11 12 13 14 15 16 17 23 26 27 28 29 30 31 32 33 34 35 36 37 38 39 40 41 42 43 44 45 46 47 48 49 50 51 52 53 54 55 56 57 58 59 60 61 62 63 64 73 74 75 76 77 78 79 80 81 82 84 85 86 87 90 109 110 112 114 147 187 189 237 277 281 285 289 291 346 
18 19 20 21 22 24 25 65 66 67 68 69 70 71 72 88 89 91 92 93 94 95 96 97 98 99 100 101 102 103 104 105 106 107 108 111 113 115 116 117 118 119 120 121 122 123 124 125 126 127 128 129 130 131 132 133 134 136 137 138 139 140 141 142 143 144 145 146 148 150 151 152 153 154 155 156 157 158 159 160 161 171 174 177 180 182 183 184 185 
83 149 186 188 225 226 227 228 229 230 231 232 280 282 283 284 286 287 288 340 341 342 343 344 345 347 348 349 350 351 353 354 355 356 357 358 359 360 371 372 373 374 375 376 377 379 380 381 382 383 384 389 390 391 392 393 394 395 396 397 398 399 403 406 407 408 409 410 411 412 413 419 420 421 422 423 424 425 426 427 430 432 433 434 435 436 437 438 439 
190 192 222 223 224 233 235 236 239 265 266 267 268 269 270 271 272 273 274 275 276 278 279 290 292 293 294 295 296 297 298 299 300 301 302 303 304 305 306 308 324 325 327 328 329 330 331 332 333 334 335 336 337 338 339 352 361 362 363 364 365 366 367 368 369 370 378 385 386 387 388 400 401 402 404 405 414 415 416 417 418 428 429 431 
[SAVELOGS] evolution saved to results/logs/aco_logs/evolution/pr439_05_5.txt
[SAVELOGS] best cost saved to results/logs/aco_logs/objectives/pr439_05_5.txt
[SAVELOGS] best solution saved to results/logs/aco_logs/solutions/pr439_05_5.txt
