[ITER 1] New best cost=65034.49 (feasible=YES, time 0.78225s)
[ITER 2] New best cost=64727.96 (feasible=YES, time 1.65588s)
[ITER 3] New best cost=64260.66 (feasible=YES, time 2.30141s)
[ITER 6] New best cost=64020.32 (feasible=YES, time 4.48419s)
[ITER 10] New best cost=63967.42 (feasible=YES, time 6.80462s)
[ITER 10] bestGlobalCost=63967.42 (feasible=YES) bestThisIter=64020.32 feasibleAnts=10 noImprove=0 (elapsed 6.80856s)
[ITER 11] New best cost=63943.83 (feasible=YES, time 7.29057s)
[ITER 12] New best cost=63918.61 (feasible=YES, time 7.63913s)
[ITER 13] New best cost=63832.52 (feasible=YES, time 8.24139s)
[ITER 16] New best cost=63815.73 (feasible=YES, time 9.62041s)
[ITER 20] bestGlobalCost=63815.73 (feasible=YES) bestThisIter=64266.03 feasibleAnts=10 noImprove=4 (elapsed 11.5693s)
[ITER 21] New best cost=63813.17 (feasible=YES, time 11.9651s)
[ITER 27] New best cost=63746.82 (feasible=YES, time 14.7644s)
[ITER 30] bestGlobalCost=63746.82 (feasible=YES) bestThisIter=64030.44 feasibleAnts=10 noImprove=3 (elapsed 16.0645s)
[ITER 40] bestGlobalCost=63746.82 (feasible=YES) bestThisIter=63858.63 feasibleAnts=10 noImprove=13 (elapsed 21.9544s)
[ITER 50] bestGlobalCost=63746.82 (feasible=YES) bestThisIter=64353.17 feasibleAnts=10 noImprove=23 (elapsed 28.978s)
[ITER 60] bestGlobalCost=63746.82 (feasible=YES) bestThisIter=64158.74 feasibleAnts=10 noImprove=33 (elapsed 37.2176s)
[ITER 70] bestGlobalCost=63746.82 (feasible=YES) bestThisIter=64770.86 feasibleAnts=10 noImprove=43 (elapsed 45.1995s)
[RESET] no improvement for50-> reset pheromones
[ITER 80] bestGlobalCost=63746.82 (feasible=YES) bestThisIter=63758.15 feasibleAnts=10 noImprove=3 (elapsed 52.3666s)
[ITER 84] New best cost=63695.99 (feasible=YES, time 54.2657s)
[ITER 88] New best cost=63613.50 (feasible=YES, time 56.4835s)
[ITER 90] bestGlobalCost=63613.50 (feasible=YES) bestThisIter=63683.24 feasibleAnts=10 noImprove=2 (elapsed 57.2976s)
[ITER 100] bestGlobalCost=63613.50 (feasible=YES) bestThisIter=64436.24 feasibleAnts=10 noImprove=12 (elapsed 63.8489s)
[ITER 110] bestGlobalCost=63613.50 (feasible=YES) bestThisIter=64558.65 feasibleAnts=10 noImprove=22 (elapsed 71.2301s)
[ITER 120] bestGlobalCost=63613.50 (feasible=YES) bestThisIter=64810.31 feasibleAnts=10 noImprove=32 (elapsed 78.3448s)
[ITER 130] bestGlobalCost=63613.50 (feasible=YES) bestThisIter=64295.79 feasibleAnts=10 noImprove=42 (elapsed 86.6287s)
[RESET] no improvement for50-> reset pheromones
[ITER 140] bestGlobalCost=63613.50 (feasible=YES) bestThisIter=64177.90 feasibleAnts=10 noImprove=2 (elapsed 95.3757s)
[ITER 141] New best cost=63606.52 (feasible=YES, time 95.8639s)
[ITER 150] bestGlobalCost=63606.52 (feasible=YES) bestThisIter=64621.91 feasibleAnts=10 noImprove=9 (elapsed 100.822s)
[ITER 160] bestGlobalCost=63606.52 (feasible=YES) bestThisIter=64389.05 feasibleAnts=10 noImprove=19 (elapsed 107.785s)
[ITER 170] bestGlobalCost=63606.52 (feasible=YES) bestThisIter=64717.70 feasibleAnts=10 noImprove=29 (elapsed 116.188s)
[ITER 180] bestGlobalCost=63606.52 (feasible=YES) bestThisIter=64922.81 feasibleAnts=10 noImprove=39 (elapsed 123.733s)
[ITER 190] bestGlobalCost=63606.52 (feasible=YES) bestThisIter=64557.09 feasibleAnts=10 noImprove=49 (elapsed 131.916s)
[RESET] no improvement for50-> reset pheromones
[ITER 198] New best cost=63598.96 (feasible=YES, time 136.507s)
[ITER 200] bestGlobalCost=63598.96 (feasible=YES) bestThisIter=63606.52 feasibleAnts=10 noImprove=2 (elapsed 137.302s)
[ITER 206] New best cost=63529.71 (feasible=YES, time 140.363s)
[ITER 210] New best cost=63511.00 (feasible=YES, time 142.329s)
[ITER 210] bestGlobalCost=63511.00 (feasible=YES) bestThisIter=63529.71 feasibleAnts=10 noImprove=0 (elapsed 142.332s)
[ITER 220] bestGlobalCost=63511.00 (feasible=YES) bestThisIter=64052.19 feasibleAnts=10 noImprove=10 (elapsed 147.862s)
[ITER 230] bestGlobalCost=63511.00 (feasible=YES) bestThisIter=64447.67 feasibleAnts=10 noImprove=20 (elapsed 155.559s)
[ITER 240] bestGlobalCost=63511.00 (feasible=YES) bestThisIter=64486.67 feasibleAnts=10 noImprove=30 (elapsed 165.228s)
[ITER 250] bestGlobalCost=63511.00 (feasible=YES) bestThisIter=64682.04 feasibleAnts=10 noImprove=40 (elapsed 173.105s)
[ITER 260] bestGlobalCost=63511.00 (feasible=YES) bestThisIter=64807.53 feasibleAnts=10 noImprove=50 (elapsed 181.861s)
[RESET] no improvement for50-> reset pheromones
[ITER 266] New best cost=63459.42 (feasible=YES, time 185.797s)
[ITER 270] bestGlobalCost=63459.42 (feasible=YES) bestThisIter=63657.80 feasibleAnts=10 noImprove=4 (elapsed 188.016s)
[ITER 280] bestGlobalCost=63459.42 (feasible=YES) bestThisIter=63660.12 feasibleAnts=10 noImprove=14 (elapsed 193.745s)
[ITER 281] New best cost=63398.93 (feasible=YES, time 194.242s)
[ITER 283] New best cost=63398.42 (feasible=YES, time 195.207s)
[ITER 284] New best cost=63357.92 (feasible=YES, time 195.702s)
[ITER 290] bestGlobalCost=63357.92 (feasible=YES) bestThisIter=63932.53 feasibleAnts=10 noImprove=6 (elapsed 198.415s)
[ITER 300] bestGlobalCost=63357.92 (feasible=YES) bestThisIter=64945.65 feasibleAnts=10 noImprove=16 (elapsed 205.883s)
[ITER 310] bestGlobalCost=63357.92 (feasible=YES) bestThisIter=65284.72 feasibleAnts=10 noImprove=26 (elapsed 213.353s)
[ITER 320] bestGlobalCost=63357.92 (feasible=YES) bestThisIter=64112.01 feasibleAnts=10 noImprove=36 (elapsed 221.185s)
[ITER 330] bestGlobalCost=63357.92 (feasible=YES) bestThisIter=64445.67 feasibleAnts=10 noImprove=46 (elapsed 229.389s)
[RESET] no improvement for50-> reset pheromones
[ITER 340] bestGlobalCost=63357.92 (feasible=YES) bestThisIter=63733.15 feasibleAnts=10 noImprove=6 (elapsed 236.266s)
[ITER 350] bestGlobalCost=63357.92 (feasible=YES) bestThisIter=64081.51 feasibleAnts=10 noImprove=16 (elapsed 243.883s)
[ITER 360] bestGlobalCost=63357.92 (feasible=YES) bestThisIter=64307.91 feasibleAnts=10 noImprove=26 (elapsed 253.256s)
[ITER 370] bestGlobalCost=63357.92 (feasible=YES) bestThisIter=64130.57 feasibleAnts=10 noImprove=36 (elapsed 261.529s)
[ITER 380] bestGlobalCost=63357.92 (feasible=YES) bestThisIter=64370.88 feasibleAnts=10 noImprove=46 (elapsed 270.877s)
[RESET] no improvement for50-> reset pheromones
[ITER 390] bestGlobalCost=63357.92 (feasible=YES) bestThisIter=63411.33 feasibleAnts=10 noImprove=6 (elapsed 277.836s)
[ITER 400] bestGlobalCost=63357.92 (feasible=YES) bestThisIter=64818.14 feasibleAnts=10 noImprove=16 (elapsed 284.198s)
[ITER 410] bestGlobalCost=63357.92 (feasible=YES) bestThisIter=63918.23 feasibleAnts=10 noImprove=26 (elapsed 291.876s)
42 43 44 45 46 47 48 49 50 164 184 187 188 189 190 191 193 194 195 196 197 198 199 200 
24 25 57 59 61 62 63 64 66 68 69 70 71 74 76 78 79 80 81 82 83 84 86 87 88 89 
110 111 114 122 123 125 126 127 128 129 130 131 132 133 136 137 138 139 142 163 166 169 171 
1 2 3 5 7 8 11 12 13 14 15 16 17 18 19 20 21 23 51 53 54 55 56 58 
29 34 39 40 41 134 135 165 167 168 170 172 174 175 177 178 179 180 181 182 183 185 186 
72 73 96 98 101 102 103 104 105 106 107 108 109 112 113 115 116 117 118 119 120 121 124 
159 162 173 176 192 201 202 203 206 207 208 209 210 211 212 213 214 215 216 219 220 221 222 223 
4 6 9 10 28 52 60 65 67 75 77 217 218 224 225 226 227 228 229 
22 26 27 30 31 32 33 35 36 37 38 85 90 91 92 93 94 95 97 99 100 
140 141 143 144 145 146 147 148 149 150 151 152 153 154 155 156 157 158 160 161 204 205 
[SAVELOGS] evolution saved to results/logs/aco_logs/evolution/gr229_10_3.txt
[SAVELOGS] best cost saved to results/logs/aco_logs/objectives/gr229_10_3.txt
[SAVELOGS] best solution saved to results/logs/aco_logs/solutions/gr229_10_3.txt
