[ITER 1] New best cost=65020.44 (feasible=YES, time 0.83599s)
[ITER 2] New best cost=64197.22 (feasible=YES, time 1.51355s)
[ITER 4] New best cost=64038.04 (feasible=YES, time 2.78938s)
[ITER 7] New best cost=63917.15 (feasible=YES, time 4.99791s)
[ITER 8] New best cost=63799.83 (feasible=YES, time 5.72963s)
[ITER 10] New best cost=63753.11 (feasible=YES, time 7.07799s)
[ITER 10] bestGlobalCost=63753.11 (feasible=YES) bestThisIter=64089.01 feasibleAnts=9 noImprove=0 (elapsed 7.08097s)
[ITER 12] New best cost=63750.43 (feasible=YES, time 8.46873s)
[ITER 20] bestGlobalCost=63750.43 (feasible=YES) bestThisIter=64339.38 feasibleAnts=10 noImprove=8 (elapsed 14.1946s)
[ITER 30] bestGlobalCost=63750.43 (feasible=YES) bestThisIter=64725.31 feasibleAnts=10 noImprove=18 (elapsed 21.9659s)
[ITER 40] bestGlobalCost=63750.43 (feasible=YES) bestThisIter=64549.56 feasibleAnts=10 noImprove=28 (elapsed 30.9516s)
[ITER 50] bestGlobalCost=63750.43 (feasible=YES) bestThisIter=64828.11 feasibleAnts=10 noImprove=38 (elapsed 38.3253s)
[ITER 55] New best cost=63314.46 (feasible=YES, time 42.8212s)
[ITER 60] New best cost=63306.62 (feasible=YES, time 46.1211s)
[ITER 60] bestGlobalCost=63306.62 (feasible=YES) bestThisIter=63314.46 feasibleAnts=10 noImprove=0 (elapsed 46.1246s)
[ITER 62] New best cost=63211.07 (feasible=YES, time 47.3488s)
[ITER 70] bestGlobalCost=63211.07 (feasible=YES) bestThisIter=63319.31 feasibleAnts=10 noImprove=8 (elapsed 52.3893s)
[ITER 80] bestGlobalCost=63211.07 (feasible=YES) bestThisIter=64506.23 feasibleAnts=10 noImprove=18 (elapsed 59.205s)
[ITER 90] bestGlobalCost=63211.07 (feasible=YES) bestThisIter=64317.55 feasibleAnts=10 noImprove=28 (elapsed 67.1984s)
[ITER 100] bestGlobalCost=63211.07 (feasible=YES) bestThisIter=64619.29 feasibleAnts=10 noImprove=38 (elapsed 75.0385s)
[ITER 110] bestGlobalCost=63211.07 (feasible=YES) bestThisIter=63827.09 feasibleAnts=10 noImprove=48 (elapsed 82.2502s)
[RESET] no improvement for50-> reset pheromones
[ITER 120] bestGlobalCost=63211.07 (feasible=YES) bestThisIter=63496.15 feasibleAnts=10 noImprove=8 (elapsed 88.7886s)
[ITER 130] bestGlobalCost=63211.07 (feasible=YES) bestThisIter=63303.24 feasibleAnts=10 noImprove=18 (elapsed 97.0907s)
[ITER 140] bestGlobalCost=63211.07 (feasible=YES) bestThisIter=64515.61 feasibleAnts=10 noImprove=28 (elapsed 105.203s)
[ITER 150] bestGlobalCost=63211.07 (feasible=YES) bestThisIter=64056.03 feasibleAnts=10 noImprove=38 (elapsed 113.267s)
[ITER 160] bestGlobalCost=63211.07 (feasible=YES) bestThisIter=64705.12 feasibleAnts=10 noImprove=48 (elapsed 121.246s)
[RESET] no improvement for50-> reset pheromones
[ITER 170] bestGlobalCost=63211.07 (feasible=YES) bestThisIter=63379.60 feasibleAnts=10 noImprove=8 (elapsed 127.997s)
[ITER 180] bestGlobalCost=63211.07 (feasible=YES) bestThisIter=63662.19 feasibleAnts=10 noImprove=18 (elapsed 135.484s)
[ITER 190] bestGlobalCost=63211.07 (feasible=YES) bestThisIter=64355.05 feasibleAnts=10 noImprove=28 (elapsed 143.274s)
[ITER 200] bestGlobalCost=63211.07 (feasible=YES) bestThisIter=64197.71 feasibleAnts=10 noImprove=38 (elapsed 151.443s)
[ITER 210] bestGlobalCost=63211.07 (feasible=YES) bestThisIter=64518.25 feasibleAnts=10 noImprove=48 (elapsed 159.013s)
[RESET] no improvement for50-> reset pheromones
[ITER 215] New best cost=63125.16 (feasible=YES, time 162.819s)
[ITER 220] bestGlobalCost=63125.16 (feasible=YES) bestThisIter=63339.33 feasibleAnts=12 noImprove=5 (elapsed 165.173s)
[ITER 230] bestGlobalCost=63125.16 (feasible=YES) bestThisIter=63521.33 feasibleAnts=10 noImprove=15 (elapsed 172.419s)
[ITER 240] bestGlobalCost=63125.16 (feasible=YES) bestThisIter=63919.18 feasibleAnts=10 noImprove=25 (elapsed 180.165s)
[ITER 250] bestGlobalCost=63125.16 (feasible=YES) bestThisIter=64377.84 feasibleAnts=10 noImprove=35 (elapsed 188.062s)
[ITER 260] bestGlobalCost=63125.16 (feasible=YES) bestThisIter=65007.57 feasibleAnts=10 noImprove=45 (elapsed 196.668s)
[RESET] no improvement for50-> reset pheromones
[ITER 270] New best cost=63025.16 (feasible=YES, time 204.283s)
[ITER 270] bestGlobalCost=63025.16 (feasible=YES) bestThisIter=63125.16 feasibleAnts=11 noImprove=0 (elapsed 204.287s)
[ITER 274] New best cost=63020.75 (feasible=YES, time 207.186s)
[ITER 280] bestGlobalCost=63020.75 (feasible=YES) bestThisIter=63386.81 feasibleAnts=10 noImprove=6 (elapsed 215.319s)
[ITER 290] bestGlobalCost=63020.75 (feasible=YES) bestThisIter=63625.27 feasibleAnts=10 noImprove=16 (elapsed 223.833s)
[ITER 300] bestGlobalCost=63020.75 (feasible=YES) bestThisIter=64399.67 feasibleAnts=10 noImprove=26 (elapsed 232.263s)
[ITER 310] bestGlobalCost=63020.75 (feasible=YES) bestThisIter=64593.82 feasibleAnts=10 noImprove=36 (elapsed 239.847s)
[ITER 320] bestGlobalCost=63020.75 (feasible=YES) bestThisIter=64135.69 feasibleAnts=10 noImprove=46 (elapsed 248.926s)
[RESET] no improvement for50-> reset pheromones
[ITER 330] bestGlobalCost=63020.75 (feasible=YES) bestThisIter=63340.78 feasibleAnts=10 noImprove=6 (elapsed 257.985s)
[ITER 332] New best cost=63007.83 (feasible=YES, time 259.766s)
[ITER 340] bestGlobalCost=63007.83 (feasible=YES) bestThisIter=63173.80 feasibleAnts=10 noImprove=8 (elapsed 267.113s)
[ITER 350] bestGlobalCost=63007.83 (feasible=YES) bestThisIter=63391.74 feasibleAnts=10 noImprove=18 (elapsed 276.084s)
[ITER 360] bestGlobalCost=63007.83 (feasible=YES) bestThisIter=64274.65 feasibleAnts=10 noImprove=28 (elapsed 284.821s)
[ITER 370] bestGlobalCost=63007.83 (feasible=YES) bestThisIter=64471.55 feasibleAnts=10 noImprove=38 (elapsed 292.473s)
29 30 31 32 33 34 35 38 39 40 96 97 125 128 132 166 167 168 169 171 
24 25 53 54 55 57 58 59 61 62 63 64 65 66 68 69 76 79 81 82 83 84 85 86 87 88 89 
6 9 10 11 19 52 60 67 71 77 80 217 218 224 225 226 227 228 229 
41 42 43 44 45 46 47 48 49 50 180 184 187 188 189 190 191 192 193 194 195 196 197 200 
150 159 162 176 198 201 202 203 206 207 208 209 210 211 212 213 214 215 216 219 220 221 222 223 
98 104 105 107 108 109 110 111 113 114 115 116 117 118 119 120 121 122 123 124 126 127 129 130 
1 2 3 4 5 7 8 12 13 14 15 16 17 18 20 21 23 26 27 28 51 56 75 
22 36 37 70 72 73 74 78 90 91 92 93 94 95 99 100 101 102 103 106 112 
138 140 141 142 143 144 145 146 147 148 149 151 152 153 154 155 156 157 158 160 161 204 205 
131 133 134 135 136 137 139 163 164 165 170 172 173 174 175 177 178 179 181 182 183 185 186 199 
[SAVELOGS] evolution saved to results/logs/aco_logs/evolution/gr229_10_3.txt
[SAVELOGS] best cost saved to results/logs/aco_logs/objectives/gr229_10_3.txt
[SAVELOGS] best solution saved to results/logs/aco_logs/solutions/gr229_10_3.txt
