[ITER 1] New best cost=82967.10 (feasible=YES, time 0.38886s)
[ITER 2] New best cost=80421.80 (feasible=YES, time 0.743382s)
[ITER 4] New best cost=80392.50 (feasible=YES, time 1.40924s)
[ITER 5] New best cost=80282.29 (feasible=YES, time 1.74278s)
[ITER 6] New best cost=80139.81 (feasible=YES, time 2.12704s)
[ITER 8] New best cost=79141.97 (feasible=YES, time 2.73348s)
[ITER 10] bestGlobalCost=79141.97 (feasible=YES) bestThisIter=79937.24 feasibleAnts=5 noImprove=2 (elapsed 5.74341s)
[ITER 13] New best cost=79051.13 (feasible=YES, time 6.49477s)
[ITER 17] New best cost=78258.04 (feasible=YES, time 7.5203s)
[ITER 20] bestGlobalCost=78258.04 (feasible=YES) bestThisIter=79527.70 feasibleAnts=5 noImprove=3 (elapsed 10.2309s)
[ITER 21] New best cost=78227.11 (feasible=YES, time 10.5621s)
[ITER 23] New best cost=78079.85 (feasible=YES, time 11.0728s)
[ITER 30] bestGlobalCost=78079.85 (feasible=YES) bestThisIter=78125.20 feasibleAnts=5 noImprove=7 (elapsed 16.0176s)
[ITER 40] bestGlobalCost=78079.85 (feasible=YES) bestThisIter=79833.47 feasibleAnts=5 noImprove=17 (elapsed 21.4682s)
[ITER 50] bestGlobalCost=78079.85 (feasible=YES) bestThisIter=79004.82 feasibleAnts=5 noImprove=27 (elapsed 27.5936s)
[ITER 60] bestGlobalCost=78079.85 (feasible=YES) bestThisIter=78565.18 feasibleAnts=5 noImprove=37 (elapsed 34.0382s)
[ITER 70] bestGlobalCost=78079.85 (feasible=YES) bestThisIter=78550.40 feasibleAnts=5 noImprove=47 (elapsed 40.0198s)
[RESET] no improvement for50-> reset pheromones
[ITER 78] New best cost=78050.03 (feasible=YES, time 42.3269s)
[ITER 80] New best cost=77204.95 (feasible=YES, time 45.1909s)
[ITER 80] bestGlobalCost=77204.95 (feasible=YES) bestThisIter=77204.95 feasibleAnts=8 noImprove=0 (elapsed 45.195s)
[ITER 87] New best cost=77130.79 (feasible=YES, time 48.0662s)
[ITER 90] bestGlobalCost=77130.79 (feasible=YES) bestThisIter=77204.95 feasibleAnts=6 noImprove=3 (elapsed 50.5007s)
[ITER 100] bestGlobalCost=77130.79 (feasible=YES) bestThisIter=77850.18 feasibleAnts=5 noImprove=13 (elapsed 56.7041s)
[ITER 110] bestGlobalCost=77130.79 (feasible=YES) bestThisIter=79349.97 feasibleAnts=5 noImprove=23 (elapsed 63.2313s)
[ITER 120] bestGlobalCost=77130.79 (feasible=YES) bestThisIter=78085.06 feasibleAnts=5 noImprove=33 (elapsed 69.0575s)
[ITER 130] bestGlobalCost=77130.79 (feasible=YES) bestThisIter=77492.47 feasibleAnts=5 noImprove=43 (elapsed 74.6849s)
[RESET] no improvement for50-> reset pheromones
[ITER 139] New best cost=76806.82 (feasible=YES, time 78.2085s)
[ITER 140] bestGlobalCost=76806.82 (feasible=YES) bestThisIter=76942.65 feasibleAnts=5 noImprove=1 (elapsed 81.2133s)
[ITER 150] bestGlobalCost=76806.82 (feasible=YES) bestThisIter=77591.96 feasibleAnts=5 noImprove=11 (elapsed 87.1651s)
[ITER 156] New best cost=76695.32 (feasible=YES, time 89.4287s)
[ITER 157] New best cost=76585.90 (feasible=YES, time 89.747s)
[ITER 160] bestGlobalCost=76585.90 (feasible=YES) bestThisIter=76585.90 feasibleAnts=5 noImprove=3 (elapsed 92.7574s)
[ITER 170] bestGlobalCost=76585.90 (feasible=YES) bestThisIter=77501.71 feasibleAnts=5 noImprove=13 (elapsed 98.3101s)
[ITER 180] bestGlobalCost=76585.90 (feasible=YES) bestThisIter=77970.44 feasibleAnts=5 noImprove=23 (elapsed 104.892s)
[ITER 190] bestGlobalCost=76585.90 (feasible=YES) bestThisIter=77544.83 feasibleAnts=5 noImprove=33 (elapsed 111.049s)
[ITER 200] bestGlobalCost=76585.90 (feasible=YES) bestThisIter=78688.35 feasibleAnts=5 noImprove=43 (elapsed 116.441s)
[RESET] no improvement for50-> reset pheromones
[ITER 210] bestGlobalCost=76585.90 (feasible=YES) bestThisIter=76717.14 feasibleAnts=6 noImprove=3 (elapsed 122.449s)
[ITER 211] New best cost=76371.79 (feasible=YES, time 122.7s)
[ITER 215] New best cost=76370.77 (feasible=YES, time 123.671s)
[ITER 218] New best cost=76274.25 (feasible=YES, time 124.589s)
[ITER 220] bestGlobalCost=76274.25 (feasible=YES) bestThisIter=76371.79 feasibleAnts=8 noImprove=2 (elapsed 127.688s)
[ITER 227] New best cost=76033.27 (feasible=YES, time 130.108s)
[ITER 230] bestGlobalCost=76033.27 (feasible=YES) bestThisIter=76624.85 feasibleAnts=5 noImprove=3 (elapsed 133.518s)
[ITER 240] bestGlobalCost=76033.27 (feasible=YES) bestThisIter=77392.34 feasibleAnts=5 noImprove=13 (elapsed 140.246s)
[ITER 250] bestGlobalCost=76033.27 (feasible=YES) bestThisIter=79316.43 feasibleAnts=5 noImprove=23 (elapsed 146.361s)
[ITER 260] bestGlobalCost=76033.27 (feasible=YES) bestThisIter=78250.34 feasibleAnts=5 noImprove=33 (elapsed 152.46s)
[ITER 270] bestGlobalCost=76033.27 (feasible=YES) bestThisIter=79892.98 feasibleAnts=5 noImprove=43 (elapsed 159.409s)
[RESET] no improvement for50-> reset pheromones
[ITER 280] New best cost=75888.04 (feasible=YES, time 165.083s)
[ITER 280] bestGlobalCost=75888.04 (feasible=YES) bestThisIter=75888.04 feasibleAnts=5 noImprove=0 (elapsed 165.086s)
[ITER 290] bestGlobalCost=75888.04 (feasible=YES) bestThisIter=76449.30 feasibleAnts=5 noImprove=10 (elapsed 170.019s)
[ITER 300] bestGlobalCost=75888.04 (feasible=YES) bestThisIter=77612.77 feasibleAnts=5 noImprove=20 (elapsed 176.138s)
[ITER 310] bestGlobalCost=75888.04 (feasible=YES) bestThisIter=79212.81 feasibleAnts=5 noImprove=30 (elapsed 181.871s)
[ITER 320] bestGlobalCost=75888.04 (feasible=YES) bestThisIter=78759.17 feasibleAnts=5 noImprove=40 (elapsed 187.963s)
[ITER 330] bestGlobalCost=75888.04 (feasible=YES) bestThisIter=79459.56 feasibleAnts=5 noImprove=50 (elapsed 193.751s)
[RESET] no improvement for50-> reset pheromones
[ITER 340] bestGlobalCost=75888.04 (feasible=YES) bestThisIter=77391.41 feasibleAnts=5 noImprove=10 (elapsed 198.767s)
[ITER 350] bestGlobalCost=75888.04 (feasible=YES) bestThisIter=79299.93 feasibleAnts=5 noImprove=20 (elapsed 203.989s)
[ITER 360] bestGlobalCost=75888.04 (feasible=YES) bestThisIter=77437.71 feasibleAnts=5 noImprove=30 (elapsed 210.489s)
[ITER 370] bestGlobalCost=75888.04 (feasible=YES) bestThisIter=77515.28 feasibleAnts=5 noImprove=40 (elapsed 216.881s)
[ITER 380] bestGlobalCost=75888.04 (feasible=YES) bestThisIter=79381.25 feasibleAnts=5 noImprove=50 (elapsed 222.488s)
[RESET] no improvement for50-> reset pheromones
[ITER 390] bestGlobalCost=75888.04 (feasible=YES) bestThisIter=76732.40 feasibleAnts=5 noImprove=10 (elapsed 227.131s)
[ITER 400] bestGlobalCost=75888.04 (feasible=YES) bestThisIter=77420.25 feasibleAnts=5 noImprove=20 (elapsed 233.071s)
[ITER 410] bestGlobalCost=75888.04 (feasible=YES) bestThisIter=78176.80 feasibleAnts=5 noImprove=30 (elapsed 239.444s)
[ITER 420] bestGlobalCost=75888.04 (feasible=YES) bestThisIter=78486.75 feasibleAnts=5 noImprove=40 (elapsed 245.173s)
[ITER 430] bestGlobalCost=75888.04 (feasible=YES) bestThisIter=78114.70 feasibleAnts=5 noImprove=50 (elapsed 251.017s)
[RESET] no improvement for50-> reset pheromones
[ITER 440] bestGlobalCost=75888.04 (feasible=YES) bestThisIter=75888.04 feasibleAnts=5 noImprove=10 (elapsed 256.235s)
[ITER 450] bestGlobalCost=75888.04 (feasible=YES) bestThisIter=77786.43 feasibleAnts=5 noImprove=20 (elapsed 261.465s)
[ITER 460] bestGlobalCost=75888.04 (feasible=YES) bestThisIter=78918.65 feasibleAnts=5 noImprove=30 (elapsed 267.609s)
[ITER 470] bestGlobalCost=75888.04 (feasible=YES) bestThisIter=79456.15 feasibleAnts=5 noImprove=40 (elapsed 272.916s)
[ITER 480] bestGlobalCost=75888.04 (feasible=YES) bestThisIter=78850.29 feasibleAnts=5 noImprove=50 (elapsed 278.622s)
[RESET] no improvement for50-> reset pheromones
[ITER 490] bestGlobalCost=75888.04 (feasible=YES) bestThisIter=76287.68 feasibleAnts=5 noImprove=10 (elapsed 283.826s)
[ITER 500] bestGlobalCost=75888.04 (feasible=YES) bestThisIter=78409.29 feasibleAnts=5 noImprove=20 (elapsed 289.387s)
[ITER 510] bestGlobalCost=75888.04 (feasible=YES) bestThisIter=78677.68 feasibleAnts=5 noImprove=30 (elapsed 295.395s)
[ITER 520] bestGlobalCost=75888.04 (feasible=YES) bestThisIter=78615.10 feasibleAnts=5 noImprove=40 (elapsed 300.941s)
53 54 55 68 69 70 71 72 73 74 101 102 103 104 105 
6 8 45 46 52 133 191 192 193 194 195 196 199 205 218 
12 13 14 15 16 17 18 19 20 21 22 23 41 203 
63 64 65 66 67 106 107 108 109 110 111 114 123 124 220 
1 3 4 5 7 9 40 42 43 44 48 197 198 200 
128 129 134 135 136 137 158 161 163 164 165 183 213 215 
78 80 81 82 91 92 93 94 95 96 97 98 99 209 221 
125 146 148 149 150 151 152 153 154 166 167 168 169 212 214 
83 84 85 86 87 88 89 90 126 127 130 131 132 210 211 222 
2 27 47 49 50 51 56 57 58 59 61 62 189 190 207 224 225 
138 139 140 141 142 143 144 155 156 157 159 160 162 201 
10 11 24 25 26 32 33 34 35 36 37 38 39 208 
28 29 30 31 75 76 77 79 100 202 204 206 216 217 219 
122 145 147 170 171 172 173 174 176 177 178 179 180 181 182 
60 112 113 115 116 117 118 119 120 121 175 184 185 186 187 188 223 
[SAVELOGS] evolution saved to results/logs/aco_logs/evolution/tsp225_15_3.txt
[SAVELOGS] best cost saved to results/logs/aco_logs/objectives/tsp225_15_3.txt
[SAVELOGS] best solution saved to results/logs/aco_logs/solutions/tsp225_15_3.txt
