[ITER 1] New best cost=202895.71 (feasible=NO, time 0.154865s)
[ITER 1] New best cost=209497.65 (feasible=YES, time 0.158967s)
[ITER 2] New best cost=205410.55 (feasible=YES, time 0.319369s)
[ITER 3] New best cost=196571.73 (feasible=YES, time 0.461165s)
[ITER 9] New best cost=196265.49 (feasible=YES, time 1.32955s)
[ITER 10] New best cost=194836.82 (feasible=YES, time 1.51263s)
[ITER 10] bestGlobalCost=194836.82 (feasible=YES) bestThisIter=191601.83 feasibleAnts=9 noImprove=0 (elapsed 1.51655s)
[ITER 11] New best cost=194150.52 (feasible=YES, time 1.65s)
[ITER 13] New best cost=194007.51 (feasible=YES, time 1.82387s)
[ITER 15] New best cost=193590.84 (feasible=YES, time 12.03s)
[ITER 16] New best cost=193040.00 (feasible=YES, time 12.1139s)
[ITER 17] New best cost=192973.62 (feasible=YES, time 12.2409s)
[ITER 18] New best cost=192798.44 (feasible=YES, time 12.3321s)
[ITER 20] New best cost=192339.70 (feasible=YES, time 12.5153s)
[ITER 20] bestGlobalCost=192339.70 (feasible=YES) bestThisIter=184361.99 feasibleAnts=8 noImprove=0 (elapsed 12.5195s)
[ITER 21] New best cost=192283.64 (feasible=YES, time 12.6125s)
[ITER 22] New best cost=192258.94 (feasible=YES, time 12.6726s)
[ITER 24] New best cost=192252.62 (feasible=YES, time 12.8429s)
[ITER 29] New best cost=192234.68 (feasible=YES, time 13.3791s)
[ITER 30] bestGlobalCost=192234.68 (feasible=YES) bestThisIter=182788.59 feasibleAnts=20 noImprove=1 (elapsed 23.2122s)
[ITER 33] New best cost=191432.82 (feasible=YES, time 23.6404s)
[ITER 38] New best cost=191373.79 (feasible=YES, time 24.5411s)
[ITER 40] bestGlobalCost=191373.79 (feasible=YES) bestThisIter=180242.26 feasibleAnts=8 noImprove=2 (elapsed 24.8401s)
[ITER 50] bestGlobalCost=191373.79 (feasible=YES) bestThisIter=197434.59 feasibleAnts=10 noImprove=12 (elapsed 36.065s)
[ITER 60] bestGlobalCost=191373.79 (feasible=YES) bestThisIter=199281.42 feasibleAnts=10 noImprove=22 (elapsed 47.1976s)
[RESET] no improvement for30-> reset pheromones
[ITER 70] bestGlobalCost=191373.79 (feasible=YES) bestThisIter=199739.45 feasibleAnts=10 noImprove=2 (elapsed 48.8256s)
[ITER 80] bestGlobalCost=191373.79 (feasible=YES) bestThisIter=202010.18 feasibleAnts=10 noImprove=12 (elapsed 60.0808s)
115 116 121 122 138 139 154 155 156 157 158 159 
178 179 184 185 186 187 192 193 195 196 197 198 
140 142 143 144 145 146 147 148 149 151 152 153 160 161 162 
173 174 175 176 177 180 181 182 183 188 189 191 194 
1 2 3 4 5 6 7 8 9 12 13 
35 39 47 48 49 50 51 62 63 64 65 76 77 81 
42 44 55 56 59 60 67 68 70 72 73 84 87 
106 107 108 109 110 111 112 113 117 118 119 120 123 167 
133 136 137 141 150 163 164 165 166 171 172 190 
14 15 16 17 18 19 20 21 22 23 24 25 26 27 
124 125 126 127 128 129 130 131 132 134 135 168 169 170 
78 79 80 91 92 93 94 95 101 102 103 104 105 114 
52 66 74 75 82 83 88 89 90 96 97 98 99 
28 29 30 31 32 33 34 36 37 38 45 46 53 54 61 
10 11 40 41 43 57 58 69 71 85 86 100 
[SAVELOGS] evolution saved to results/logs/d198_15_2/evolution/d198_15_2
[SAVELOGS] best cost saved to results/logs/d198_15_2/objectives/d198_15_2
[SAVELOGS] best solution saved to results/logs/d198_15_2/solutions/d198_15_2
