[ITER 1] New best cost=33616.56 (feasible=YES, time 0.409019s)
[ITER 7] New best cost=33590.73 (feasible=YES, time 1.54609s)
[ITER 10] New best cost=33581.63 (feasible=YES, time 2.73384s)
[ITER 10] bestGlobalCost=33581.63 (feasible=YES) bestThisIter=33622.19 feasibleAnts=10 noImprove=0 (elapsed 2.73767s)
[ITER 13] New best cost=33533.54 (feasible=YES, time 3.99665s)
[ITER 19] New best cost=33498.51 (feasible=YES, time 5.29625s)
[ITER 20] bestGlobalCost=33498.51 (feasible=YES) bestThisIter=33533.54 feasibleAnts=12 noImprove=1 (elapsed 6.26682s)
[ITER 30] bestGlobalCost=33498.51 (feasible=YES) bestThisIter=33545.40 feasibleAnts=10 noImprove=11 (elapsed 9.45845s)
[ITER 40] bestGlobalCost=33498.51 (feasible=YES) bestThisIter=33512.25 feasibleAnts=10 noImprove=21 (elapsed 12.2882s)
[ITER 50] bestGlobalCost=33498.51 (feasible=YES) bestThisIter=33612.08 feasibleAnts=10 noImprove=31 (elapsed 15.2345s)
[ITER 56] New best cost=33490.82 (feasible=YES, time 16.9409s)
[ITER 60] bestGlobalCost=33490.82 (feasible=YES) bestThisIter=33498.51 feasibleAnts=10 noImprove=4 (elapsed 18.4388s)
[ITER 67] New best cost=33487.48 (feasible=YES, time 19.841s)
[ITER 70] New best cost=33477.24 (feasible=YES, time 20.899s)
[ITER 70] bestGlobalCost=33477.24 (feasible=YES) bestThisIter=33490.82 feasibleAnts=10 noImprove=0 (elapsed 20.9026s)
[ITER 71] New best cost=33458.52 (feasible=YES, time 21.0544s)
[ITER 80] bestGlobalCost=33458.52 (feasible=YES) bestThisIter=33467.04 feasibleAnts=18 noImprove=9 (elapsed 23.2377s)
[ITER 90] bestGlobalCost=33458.52 (feasible=YES) bestThisIter=33645.32 feasibleAnts=12 noImprove=19 (elapsed 26.546s)
[ITER 100] bestGlobalCost=33458.52 (feasible=YES) bestThisIter=33560.83 feasibleAnts=10 noImprove=29 (elapsed 29.3154s)
[ITER 110] bestGlobalCost=33458.52 (feasible=YES) bestThisIter=33519.74 feasibleAnts=10 noImprove=39 (elapsed 32.4021s)
[ITER 120] bestGlobalCost=33458.52 (feasible=YES) bestThisIter=33573.30 feasibleAnts=12 noImprove=49 (elapsed 35.8685s)
[RESET] no improvement for50-> reset pheromones
[ITER 130] bestGlobalCost=33458.52 (feasible=YES) bestThisIter=33572.06 feasibleAnts=13 noImprove=9 (elapsed 38.866s)
[ITER 140] bestGlobalCost=33458.52 (feasible=YES) bestThisIter=33467.04 feasibleAnts=11 noImprove=19 (elapsed 42.0116s)
[ITER 150] bestGlobalCost=33458.52 (feasible=YES) bestThisIter=33533.49 feasibleAnts=10 noImprove=29 (elapsed 44.9414s)
[ITER 160] bestGlobalCost=33458.52 (feasible=YES) bestThisIter=33519.74 feasibleAnts=10 noImprove=39 (elapsed 47.961s)
[ITER 170] bestGlobalCost=33458.52 (feasible=YES) bestThisIter=33550.73 feasibleAnts=12 noImprove=49 (elapsed 51.3904s)
[RESET] no improvement for50-> reset pheromones
[ITER 180] bestGlobalCost=33458.52 (feasible=YES) bestThisIter=33663.51 feasibleAnts=12 noImprove=9 (elapsed 54.0126s)
[ITER 190] bestGlobalCost=33458.52 (feasible=YES) bestThisIter=33528.13 feasibleAnts=10 noImprove=19 (elapsed 57.3295s)
[ITER 200] bestGlobalCost=33458.52 (feasible=YES) bestThisIter=33523.33 feasibleAnts=10 noImprove=29 (elapsed 60.9398s)
[ITER 210] bestGlobalCost=33458.52 (feasible=YES) bestThisIter=33617.88 feasibleAnts=10 noImprove=39 (elapsed 64.2874s)
[ITER 220] bestGlobalCost=33458.52 (feasible=YES) bestThisIter=33581.66 feasibleAnts=10 noImprove=49 (elapsed 67.3293s)
[RESET] no improvement for50-> reset pheromones
[ITER 230] bestGlobalCost=33458.52 (feasible=YES) bestThisIter=33571.38 feasibleAnts=10 noImprove=9 (elapsed 70.6188s)
[ITER 239] New best cost=33448.94 (feasible=YES, time 72.5483s)
[ITER 240] bestGlobalCost=33448.94 (feasible=YES) bestThisIter=33458.52 feasibleAnts=30 noImprove=1 (elapsed 73.2493s)
[ITER 250] bestGlobalCost=33448.94 (feasible=YES) bestThisIter=33458.52 feasibleAnts=12 noImprove=11 (elapsed 76.5009s)
[ITER 260] bestGlobalCost=33448.94 (feasible=YES) bestThisIter=33458.52 feasibleAnts=10 noImprove=21 (elapsed 80.5465s)
[ITER 270] bestGlobalCost=33448.94 (feasible=YES) bestThisIter=33532.58 feasibleAnts=10 noImprove=31 (elapsed 83.9548s)
[ITER 280] bestGlobalCost=33448.94 (feasible=YES) bestThisIter=33531.42 feasibleAnts=11 noImprove=41 (elapsed 87.2201s)
[RESET] no improvement for50-> reset pheromones
[ITER 290] bestGlobalCost=33448.94 (feasible=YES) bestThisIter=33605.72 feasibleAnts=10 noImprove=1 (elapsed 91.1224s)
[ITER 300] bestGlobalCost=33448.94 (feasible=YES) bestThisIter=33576.01 feasibleAnts=13 noImprove=11 (elapsed 94.3194s)
[ITER 310] bestGlobalCost=33448.94 (feasible=YES) bestThisIter=33534.29 feasibleAnts=10 noImprove=21 (elapsed 97.7106s)
[ITER 320] bestGlobalCost=33448.94 (feasible=YES) bestThisIter=33516.43 feasibleAnts=12 noImprove=31 (elapsed 101.324s)
[ITER 330] bestGlobalCost=33448.94 (feasible=YES) bestThisIter=33458.52 feasibleAnts=11 noImprove=41 (elapsed 104.654s)
[RESET] no improvement for50-> reset pheromones
[ITER 340] bestGlobalCost=33448.94 (feasible=YES) bestThisIter=33622.28 feasibleAnts=10 noImprove=1 (elapsed 108.184s)
[ITER 350] bestGlobalCost=33448.94 (feasible=YES) bestThisIter=33568.87 feasibleAnts=15 noImprove=11 (elapsed 111.972s)
[ITER 360] bestGlobalCost=33448.94 (feasible=YES) bestThisIter=33458.52 feasibleAnts=10 noImprove=21 (elapsed 115.645s)
[ITER 370] bestGlobalCost=33448.94 (feasible=YES) bestThisIter=33501.68 feasibleAnts=10 noImprove=31 (elapsed 118.863s)
[ITER 380] bestGlobalCost=33448.94 (feasible=YES) bestThisIter=33519.74 feasibleAnts=11 noImprove=41 (elapsed 122.404s)
[RESET] no improvement for50-> reset pheromones
[ITER 390] bestGlobalCost=33448.94 (feasible=YES) bestThisIter=33800.21 feasibleAnts=10 noImprove=1 (elapsed 126.487s)
[ITER 400] bestGlobalCost=33448.94 (feasible=YES) bestThisIter=33458.52 feasibleAnts=10 noImprove=11 (elapsed 129.841s)
[ITER 410] bestGlobalCost=33448.94 (feasible=YES) bestThisIter=33489.77 feasibleAnts=11 noImprove=21 (elapsed 133.575s)
[ITER 420] bestGlobalCost=33448.94 (feasible=YES) bestThisIter=33532.58 feasibleAnts=10 noImprove=31 (elapsed 136.962s)
[ITER 430] bestGlobalCost=33448.94 (feasible=YES) bestThisIter=33458.52 feasibleAnts=11 noImprove=41 (elapsed 140.091s)
[RESET] no improvement for50-> reset pheromones
[ITER 440] bestGlobalCost=33448.94 (feasible=YES) bestThisIter=33827.04 feasibleAnts=10 noImprove=1 (elapsed 143.746s)
[ITER 450] bestGlobalCost=33448.94 (feasible=YES) bestThisIter=33496.87 feasibleAnts=11 noImprove=11 (elapsed 147.236s)
[ITER 460] bestGlobalCost=33448.94 (feasible=YES) bestThisIter=33561.43 feasibleAnts=11 noImprove=21 (elapsed 151.081s)
[ITER 470] bestGlobalCost=33448.94 (feasible=YES) bestThisIter=33592.47 feasibleAnts=11 noImprove=31 (elapsed 154.568s)
[ITER 480] bestGlobalCost=33448.94 (feasible=YES) bestThisIter=33618.46 feasibleAnts=10 noImprove=41 (elapsed 158.183s)
[RESET] no improvement for50-> reset pheromones
[ITER 490] bestGlobalCost=33448.94 (feasible=YES) bestThisIter=33779.73 feasibleAnts=10 noImprove=1 (elapsed 161.507s)
[ITER 500] bestGlobalCost=33448.94 (feasible=YES) bestThisIter=33572.54 feasibleAnts=11 noImprove=11 (elapsed 165.351s)
[ITER 510] bestGlobalCost=33448.94 (feasible=YES) bestThisIter=33477.24 feasibleAnts=10 noImprove=21 (elapsed 168.75s)
[ITER 520] bestGlobalCost=33448.94 (feasible=YES) bestThisIter=33527.35 feasibleAnts=10 noImprove=31 (elapsed 172.093s)
[ITER 530] bestGlobalCost=33448.94 (feasible=YES) bestThisIter=33458.52 feasibleAnts=11 noImprove=41 (elapsed 175.763s)
[RESET] no improvement for50-> reset pheromones
[ITER 540] bestGlobalCost=33448.94 (feasible=YES) bestThisIter=33589.22 feasibleAnts=10 noImprove=1 (elapsed 178.76s)
[ITER 550] bestGlobalCost=33448.94 (feasible=YES) bestThisIter=33583.87 feasibleAnts=10 noImprove=11 (elapsed 183.009s)
[ITER 560] bestGlobalCost=33448.94 (feasible=YES) bestThisIter=33458.52 feasibleAnts=10 noImprove=21 (elapsed 186.123s)
[ITER 570] bestGlobalCost=33448.94 (feasible=YES) bestThisIter=33458.52 feasibleAnts=10 noImprove=31 (elapsed 189.912s)
[ITER 580] bestGlobalCost=33448.94 (feasible=YES) bestThisIter=33545.87 feasibleAnts=11 noImprove=41 (elapsed 193.808s)
[RESET] no improvement for50-> reset pheromones
[ITER 590] bestGlobalCost=33448.94 (feasible=YES) bestThisIter=33780.12 feasibleAnts=10 noImprove=1 (elapsed 197.044s)
[ITER 600] bestGlobalCost=33448.94 (feasible=YES) bestThisIter=33636.79 feasibleAnts=14 noImprove=11 (elapsed 200.604s)
[ITER 610] bestGlobalCost=33448.94 (feasible=YES) bestThisIter=33517.68 feasibleAnts=10 noImprove=21 (elapsed 204.41s)
[ITER 620] bestGlobalCost=33448.94 (feasible=YES) bestThisIter=33516.58 feasibleAnts=11 noImprove=31 (elapsed 207.591s)
[ITER 630] bestGlobalCost=33448.94 (feasible=YES) bestThisIter=33608.52 feasibleAnts=10 noImprove=41 (elapsed 211.228s)
[RESET] no improvement for50-> reset pheromones
[ITER 640] bestGlobalCost=33448.94 (feasible=YES) bestThisIter=33786.89 feasibleAnts=10 noImprove=1 (elapsed 214.303s)
[ITER 650] bestGlobalCost=33448.94 (feasible=YES) bestThisIter=33519.74 feasibleAnts=11 noImprove=11 (elapsed 217.462s)
[ITER 660] bestGlobalCost=33448.94 (feasible=YES) bestThisIter=33666.32 feasibleAnts=10 noImprove=21 (elapsed 221.193s)
[ITER 670] bestGlobalCost=33448.94 (feasible=YES) bestThisIter=33470.39 feasibleAnts=11 noImprove=31 (elapsed 224.467s)
[ITER 680] bestGlobalCost=33448.94 (feasible=YES) bestThisIter=33593.42 feasibleAnts=10 noImprove=41 (elapsed 227.819s)
[RESET] no improvement for50-> reset pheromones
[ITER 690] bestGlobalCost=33448.94 (feasible=YES) bestThisIter=33788.45 feasibleAnts=10 noImprove=1 (elapsed 231.502s)
[ITER 700] bestGlobalCost=33448.94 (feasible=YES) bestThisIter=33486.05 feasibleAnts=10 noImprove=11 (elapsed 234.793s)
[ITER 710] bestGlobalCost=33448.94 (feasible=YES) bestThisIter=33516.43 feasibleAnts=10 noImprove=21 (elapsed 238.62s)
[ITER 720] bestGlobalCost=33448.94 (feasible=YES) bestThisIter=33458.52 feasibleAnts=11 noImprove=31 (elapsed 241.823s)
[ITER 730] bestGlobalCost=33448.94 (feasible=YES) bestThisIter=33529.60 feasibleAnts=10 noImprove=41 (elapsed 245.414s)
[RESET] no improvement for50-> reset pheromones
[ITER 740] bestGlobalCost=33448.94 (feasible=YES) bestThisIter=33744.89 feasibleAnts=10 noImprove=1 (elapsed 248.832s)
[ITER 750] bestGlobalCost=33448.94 (feasible=YES) bestThisIter=33538.05 feasibleAnts=13 noImprove=11 (elapsed 252.609s)
[ITER 760] bestGlobalCost=33448.94 (feasible=YES) bestThisIter=33489.77 feasibleAnts=10 noImprove=21 (elapsed 256.308s)
[ITER 770] bestGlobalCost=33448.94 (feasible=YES) bestThisIter=33507.04 feasibleAnts=12 noImprove=31 (elapsed 259.545s)
[ITER 780] bestGlobalCost=33448.94 (feasible=YES) bestThisIter=33526.81 feasibleAnts=10 noImprove=41 (elapsed 263.269s)
[RESET] no improvement for50-> reset pheromones
[ITER 790] bestGlobalCost=33448.94 (feasible=YES) bestThisIter=33673.46 feasibleAnts=10 noImprove=1 (elapsed 266.533s)
[ITER 800] bestGlobalCost=33448.94 (feasible=YES) bestThisIter=33539.04 feasibleAnts=11 noImprove=11 (elapsed 270.404s)
[ITER 810] bestGlobalCost=33448.94 (feasible=YES) bestThisIter=33549.46 feasibleAnts=10 noImprove=21 (elapsed 273.654s)
[ITER 820] bestGlobalCost=33448.94 (feasible=YES) bestThisIter=33494.03 feasibleAnts=11 noImprove=31 (elapsed 276.932s)
[ITER 830] bestGlobalCost=33448.94 (feasible=YES) bestThisIter=33549.85 feasibleAnts=12 noImprove=41 (elapsed 279.964s)
[RESET] no improvement for50-> reset pheromones
[ITER 840] bestGlobalCost=33448.94 (feasible=YES) bestThisIter=33619.11 feasibleAnts=10 noImprove=1 (elapsed 283.555s)
[ITER 850] bestGlobalCost=33448.94 (feasible=YES) bestThisIter=33552.60 feasibleAnts=13 noImprove=11 (elapsed 286.87s)
[ITER 860] bestGlobalCost=33448.94 (feasible=YES) bestThisIter=33516.43 feasibleAnts=10 noImprove=21 (elapsed 290.538s)
[ITER 870] bestGlobalCost=33448.94 (feasible=YES) bestThisIter=33557.23 feasibleAnts=12 noImprove=31 (elapsed 293.744s)
[ITER 880] bestGlobalCost=33448.94 (feasible=YES) bestThisIter=33662.66 feasibleAnts=10 noImprove=41 (elapsed 297.304s)
[RESET] no improvement for50-> reset pheromones
1 2 3 4 5 6 7 8 9 10 11 12 13 14 15 16 17 18 19 20 21 22 23 24 25 26 27 28 29 32 37 127 128 137 138 140 143 146 
77 78 79 80 81 82 83 86 87 88 89 90 91 92 93 94 97 98 102 115 117 125 135 156 157 158 159 160 161 162 163 164 165 166 167 168 169 170 171 
30 31 33 34 44 45 46 47 48 50 51 52 53 54 55 56 57 58 59 60 61 62 63 64 65 66 67 68 69 70 71 72 73 74 75 76 84 85 124 
35 36 38 39 40 41 42 43 49 95 96 99 100 101 103 104 105 106 107 108 109 110 111 112 113 114 116 118 119 120 121 122 123 126 129 130 131 132 133 134 139 141 142 145 
136 144 147 148 149 150 151 152 153 154 155 172 173 174 175 176 177 178 179 180 181 182 183 184 185 186 187 188 189 190 191 192 193 194 195 196 197 198 199 200 201 202 
[SAVELOGS] evolution saved to results/logs/aco_logs/evolution/gr202_05_3.txt
[SAVELOGS] best cost saved to results/logs/aco_logs/objectives/gr202_05_3.txt
[SAVELOGS] best solution saved to results/logs/aco_logs/solutions/gr202_05_3.txt
