[ITER 1] New best cost=33728.51 (feasible=YES, time 0.289888s)
[ITER 2] New best cost=33670.37 (feasible=YES, time 0.608426s)
[ITER 8] New best cost=33578.95 (feasible=YES, time 1.5622s)
[ITER 10] bestGlobalCost=33578.95 (feasible=YES) bestThisIter=33670.37 feasibleAnts=10 noImprove=2 (elapsed 2.46206s)
[ITER 11] New best cost=33550.24 (feasible=YES, time 2.6627s)
[ITER 20] bestGlobalCost=33550.24 (feasible=YES) bestThisIter=33611.39 feasibleAnts=16 noImprove=9 (elapsed 5.45661s)
[ITER 30] bestGlobalCost=33550.24 (feasible=YES) bestThisIter=33594.64 feasibleAnts=10 noImprove=19 (elapsed 8.83418s)
[ITER 40] bestGlobalCost=33550.24 (feasible=YES) bestThisIter=33601.38 feasibleAnts=12 noImprove=29 (elapsed 12.2805s)
[ITER 50] bestGlobalCost=33550.24 (feasible=YES) bestThisIter=33606.88 feasibleAnts=11 noImprove=39 (elapsed 15.8862s)
[ITER 60] bestGlobalCost=33550.24 (feasible=YES) bestThisIter=33631.56 feasibleAnts=12 noImprove=49 (elapsed 19.0894s)
[RESET] no improvement for50-> reset pheromones
[ITER 70] bestGlobalCost=33550.24 (feasible=YES) bestThisIter=33691.19 feasibleAnts=16 noImprove=9 (elapsed 22.499s)
[ITER 80] bestGlobalCost=33550.24 (feasible=YES) bestThisIter=33626.67 feasibleAnts=12 noImprove=19 (elapsed 25.5432s)
[ITER 90] bestGlobalCost=33550.24 (feasible=YES) bestThisIter=33630.32 feasibleAnts=10 noImprove=29 (elapsed 28.7631s)
[ITER 100] bestGlobalCost=33550.24 (feasible=YES) bestThisIter=33711.40 feasibleAnts=10 noImprove=39 (elapsed 32.4881s)
[ITER 110] bestGlobalCost=33550.24 (feasible=YES) bestThisIter=33702.94 feasibleAnts=10 noImprove=49 (elapsed 35.9296s)
[RESET] no improvement for50-> reset pheromones
[ITER 120] bestGlobalCost=33550.24 (feasible=YES) bestThisIter=33757.83 feasibleAnts=10 noImprove=9 (elapsed 38.7736s)
[ITER 130] bestGlobalCost=33550.24 (feasible=YES) bestThisIter=33611.07 feasibleAnts=10 noImprove=19 (elapsed 42.3045s)
[ITER 139] New best cost=33546.29 (feasible=YES, time 45.0399s)
[ITER 140] bestGlobalCost=33546.29 (feasible=YES) bestThisIter=33550.24 feasibleAnts=37 noImprove=1 (elapsed 45.9851s)
[ITER 150] bestGlobalCost=33546.29 (feasible=YES) bestThisIter=33762.96 feasibleAnts=11 noImprove=11 (elapsed 49.0069s)
[ITER 160] bestGlobalCost=33546.29 (feasible=YES) bestThisIter=33627.90 feasibleAnts=10 noImprove=21 (elapsed 52.7866s)
[ITER 170] bestGlobalCost=33546.29 (feasible=YES) bestThisIter=33606.33 feasibleAnts=10 noImprove=31 (elapsed 56.3669s)
[ITER 180] bestGlobalCost=33546.29 (feasible=YES) bestThisIter=33606.33 feasibleAnts=12 noImprove=41 (elapsed 59.6573s)
[RESET] no improvement for50-> reset pheromones
[ITER 190] bestGlobalCost=33546.29 (feasible=YES) bestThisIter=33742.54 feasibleAnts=10 noImprove=1 (elapsed 63.4887s)
[ITER 200] bestGlobalCost=33546.29 (feasible=YES) bestThisIter=33652.16 feasibleAnts=13 noImprove=11 (elapsed 66.6098s)
[ITER 210] bestGlobalCost=33546.29 (feasible=YES) bestThisIter=33602.52 feasibleAnts=10 noImprove=21 (elapsed 70.1997s)
[ITER 220] bestGlobalCost=33546.29 (feasible=YES) bestThisIter=33656.15 feasibleAnts=10 noImprove=31 (elapsed 73.3965s)
[ITER 230] bestGlobalCost=33546.29 (feasible=YES) bestThisIter=33693.58 feasibleAnts=10 noImprove=41 (elapsed 76.8621s)
[RESET] no improvement for50-> reset pheromones
[ITER 240] bestGlobalCost=33546.29 (feasible=YES) bestThisIter=33680.46 feasibleAnts=10 noImprove=1 (elapsed 80.7793s)
[ITER 250] bestGlobalCost=33546.29 (feasible=YES) bestThisIter=33631.22 feasibleAnts=12 noImprove=11 (elapsed 83.9784s)
[ITER 260] bestGlobalCost=33546.29 (feasible=YES) bestThisIter=33624.90 feasibleAnts=10 noImprove=21 (elapsed 87.7523s)
[ITER 270] bestGlobalCost=33546.29 (feasible=YES) bestThisIter=33606.33 feasibleAnts=10 noImprove=31 (elapsed 91.1331s)
[ITER 280] bestGlobalCost=33546.29 (feasible=YES) bestThisIter=33550.24 feasibleAnts=10 noImprove=41 (elapsed 94.9291s)
[RESET] no improvement for50-> reset pheromones
[ITER 290] bestGlobalCost=33546.29 (feasible=YES) bestThisIter=33703.77 feasibleAnts=10 noImprove=1 (elapsed 98.2819s)
[ITER 300] bestGlobalCost=33546.29 (feasible=YES) bestThisIter=33678.83 feasibleAnts=16 noImprove=11 (elapsed 101.671s)
[ITER 310] bestGlobalCost=33546.29 (feasible=YES) bestThisIter=33606.33 feasibleAnts=10 noImprove=21 (elapsed 104.886s)
[ITER 320] bestGlobalCost=33546.29 (feasible=YES) bestThisIter=33671.16 feasibleAnts=11 noImprove=31 (elapsed 108.732s)
[ITER 330] bestGlobalCost=33546.29 (feasible=YES) bestThisIter=33683.37 feasibleAnts=11 noImprove=41 (elapsed 112.753s)
[RESET] no improvement for50-> reset pheromones
[ITER 340] bestGlobalCost=33546.29 (feasible=YES) bestThisIter=33773.85 feasibleAnts=10 noImprove=1 (elapsed 116.296s)
[ITER 350] bestGlobalCost=33546.29 (feasible=YES) bestThisIter=33624.90 feasibleAnts=12 noImprove=11 (elapsed 119.679s)
[ITER 360] bestGlobalCost=33546.29 (feasible=YES) bestThisIter=33656.18 feasibleAnts=10 noImprove=21 (elapsed 122.932s)
[ITER 370] bestGlobalCost=33546.29 (feasible=YES) bestThisIter=33564.08 feasibleAnts=10 noImprove=31 (elapsed 126.434s)
[ITER 380] bestGlobalCost=33546.29 (feasible=YES) bestThisIter=33672.30 feasibleAnts=10 noImprove=41 (elapsed 129.681s)
[RESET] no improvement for50-> reset pheromones
[ITER 390] bestGlobalCost=33546.29 (feasible=YES) bestThisIter=33998.51 feasibleAnts=10 noImprove=1 (elapsed 133.51s)
[ITER 400] bestGlobalCost=33546.29 (feasible=YES) bestThisIter=33712.90 feasibleAnts=11 noImprove=11 (elapsed 136.272s)
[ITER 410] bestGlobalCost=33546.29 (feasible=YES) bestThisIter=33627.61 feasibleAnts=10 noImprove=21 (elapsed 139.196s)
[ITER 420] bestGlobalCost=33546.29 (feasible=YES) bestThisIter=33606.33 feasibleAnts=10 noImprove=31 (elapsed 142.894s)
[ITER 430] bestGlobalCost=33546.29 (feasible=YES) bestThisIter=33689.35 feasibleAnts=11 noImprove=41 (elapsed 146.164s)
[RESET] no improvement for50-> reset pheromones
[ITER 440] bestGlobalCost=33546.29 (feasible=YES) bestThisIter=33827.91 feasibleAnts=10 noImprove=1 (elapsed 150.064s)
[ITER 450] bestGlobalCost=33546.29 (feasible=YES) bestThisIter=33666.79 feasibleAnts=12 noImprove=11 (elapsed 152.967s)
[ITER 460] bestGlobalCost=33546.29 (feasible=YES) bestThisIter=33661.23 feasibleAnts=10 noImprove=21 (elapsed 156.197s)
[ITER 470] bestGlobalCost=33546.29 (feasible=YES) bestThisIter=33645.39 feasibleAnts=11 noImprove=31 (elapsed 159.936s)
[ITER 480] bestGlobalCost=33546.29 (feasible=YES) bestThisIter=33729.91 feasibleAnts=10 noImprove=41 (elapsed 163.382s)
[RESET] no improvement for50-> reset pheromones
[ITER 490] bestGlobalCost=33546.29 (feasible=YES) bestThisIter=33712.15 feasibleAnts=10 noImprove=1 (elapsed 167.394s)
[ITER 500] bestGlobalCost=33546.29 (feasible=YES) bestThisIter=33619.58 feasibleAnts=12 noImprove=11 (elapsed 169.951s)
[ITER 510] bestGlobalCost=33546.29 (feasible=YES) bestThisIter=33601.38 feasibleAnts=10 noImprove=21 (elapsed 173.325s)
[ITER 520] bestGlobalCost=33546.29 (feasible=YES) bestThisIter=33564.08 feasibleAnts=10 noImprove=31 (elapsed 176.888s)
[ITER 530] bestGlobalCost=33546.29 (feasible=YES) bestThisIter=33627.61 feasibleAnts=10 noImprove=41 (elapsed 180.246s)
[RESET] no improvement for50-> reset pheromones
[ITER 540] bestGlobalCost=33546.29 (feasible=YES) bestThisIter=33735.95 feasibleAnts=10 noImprove=1 (elapsed 184.319s)
[ITER 550] bestGlobalCost=33546.29 (feasible=YES) bestThisIter=33663.13 feasibleAnts=10 noImprove=11 (elapsed 187.207s)
[ITER 560] bestGlobalCost=33546.29 (feasible=YES) bestThisIter=33610.41 feasibleAnts=10 noImprove=21 (elapsed 190.437s)
[ITER 570] bestGlobalCost=33546.29 (feasible=YES) bestThisIter=33690.50 feasibleAnts=12 noImprove=31 (elapsed 193.703s)
[ITER 580] bestGlobalCost=33546.29 (feasible=YES) bestThisIter=33663.81 feasibleAnts=10 noImprove=41 (elapsed 197.344s)
[RESET] no improvement for50-> reset pheromones
[ITER 590] bestGlobalCost=33546.29 (feasible=YES) bestThisIter=33719.71 feasibleAnts=10 noImprove=1 (elapsed 201.084s)
[ITER 600] bestGlobalCost=33546.29 (feasible=YES) bestThisIter=33606.33 feasibleAnts=14 noImprove=11 (elapsed 204.247s)
[ITER 610] bestGlobalCost=33546.29 (feasible=YES) bestThisIter=33627.61 feasibleAnts=10 noImprove=21 (elapsed 207.234s)
[ITER 620] bestGlobalCost=33546.29 (feasible=YES) bestThisIter=33627.90 feasibleAnts=10 noImprove=31 (elapsed 210.342s)
[ITER 630] bestGlobalCost=33546.29 (feasible=YES) bestThisIter=33552.17 feasibleAnts=12 noImprove=41 (elapsed 214.302s)
[RESET] no improvement for50-> reset pheromones
[ITER 640] bestGlobalCost=33546.29 (feasible=YES) bestThisIter=33766.84 feasibleAnts=10 noImprove=1 (elapsed 217.903s)
[ITER 650] bestGlobalCost=33546.29 (feasible=YES) bestThisIter=33627.61 feasibleAnts=10 noImprove=11 (elapsed 220.478s)
[ITER 660] bestGlobalCost=33546.29 (feasible=YES) bestThisIter=33655.11 feasibleAnts=10 noImprove=21 (elapsed 223.607s)
[ITER 670] bestGlobalCost=33546.29 (feasible=YES) bestThisIter=33661.77 feasibleAnts=10 noImprove=31 (elapsed 227.693s)
[ITER 680] bestGlobalCost=33546.29 (feasible=YES) bestThisIter=33627.61 feasibleAnts=12 noImprove=41 (elapsed 230.982s)
[RESET] no improvement for50-> reset pheromones
[ITER 690] bestGlobalCost=33546.29 (feasible=YES) bestThisIter=33708.62 feasibleAnts=10 noImprove=1 (elapsed 234.71s)
[ITER 700] bestGlobalCost=33546.29 (feasible=YES) bestThisIter=33577.02 feasibleAnts=10 noImprove=11 (elapsed 237.588s)
[ITER 710] bestGlobalCost=33546.29 (feasible=YES) bestThisIter=33606.33 feasibleAnts=12 noImprove=21 (elapsed 240.676s)
[ITER 720] bestGlobalCost=33546.29 (feasible=YES) bestThisIter=33606.33 feasibleAnts=10 noImprove=31 (elapsed 244.129s)
[ITER 730] bestGlobalCost=33546.29 (feasible=YES) bestThisIter=33654.75 feasibleAnts=10 noImprove=41 (elapsed 246.975s)
[RESET] no improvement for50-> reset pheromones
[ITER 740] bestGlobalCost=33546.29 (feasible=YES) bestThisIter=33622.20 feasibleAnts=10 noImprove=1 (elapsed 250.993s)
[ITER 750] bestGlobalCost=33546.29 (feasible=YES) bestThisIter=33634.64 feasibleAnts=12 noImprove=11 (elapsed 253.497s)
[ITER 760] bestGlobalCost=33546.29 (feasible=YES) bestThisIter=33702.88 feasibleAnts=10 noImprove=21 (elapsed 256.807s)
[ITER 770] bestGlobalCost=33546.29 (feasible=YES) bestThisIter=33600.14 feasibleAnts=12 noImprove=31 (elapsed 260.288s)
[ITER 780] bestGlobalCost=33546.29 (feasible=YES) bestThisIter=33622.28 feasibleAnts=11 noImprove=41 (elapsed 263.634s)
[RESET] no improvement for50-> reset pheromones
[ITER 790] bestGlobalCost=33546.29 (feasible=YES) bestThisIter=33733.65 feasibleAnts=10 noImprove=1 (elapsed 267.408s)
[ITER 800] bestGlobalCost=33546.29 (feasible=YES) bestThisIter=33628.07 feasibleAnts=12 noImprove=11 (elapsed 270.736s)
[ITER 810] bestGlobalCost=33546.29 (feasible=YES) bestThisIter=33564.08 feasibleAnts=10 noImprove=21 (elapsed 274.759s)
[ITER 820] bestGlobalCost=33546.29 (feasible=YES) bestThisIter=33688.04 feasibleAnts=12 noImprove=31 (elapsed 277.934s)
[ITER 830] bestGlobalCost=33546.29 (feasible=YES) bestThisIter=33641.02 feasibleAnts=11 noImprove=41 (elapsed 281.795s)
[RESET] no improvement for50-> reset pheromones
[ITER 840] bestGlobalCost=33546.29 (feasible=YES) bestThisIter=33756.34 feasibleAnts=10 noImprove=1 (elapsed 285.937s)
[ITER 850] bestGlobalCost=33546.29 (feasible=YES) bestThisIter=33616.36 feasibleAnts=11 noImprove=11 (elapsed 288.919s)
[ITER 860] bestGlobalCost=33546.29 (feasible=YES) bestThisIter=33564.08 feasibleAnts=10 noImprove=21 (elapsed 292.181s)
[ITER 870] bestGlobalCost=33546.29 (feasible=YES) bestThisIter=33564.08 feasibleAnts=10 noImprove=31 (elapsed 295.892s)
[ITER 880] bestGlobalCost=33546.29 (feasible=YES) bestThisIter=33656.18 feasibleAnts=11 noImprove=41 (elapsed 299.274s)
1 2 3 4 5 6 7 8 9 10 11 12 13 14 15 16 17 18 19 20 21 22 23 24 26 27 28 29 31 32 37 51 70 74 75 76 146 
30 33 34 35 36 42 43 44 45 46 47 48 49 50 52 53 54 55 56 57 58 59 60 61 62 63 64 65 66 67 68 69 71 72 73 84 85 95 104 107 108 111 
25 38 39 40 41 96 99 100 101 103 105 106 109 110 112 113 116 118 119 120 121 122 123 124 125 126 127 128 129 130 131 132 133 134 137 138 139 140 141 142 143 145 168 
77 78 79 80 81 82 83 86 87 88 89 90 91 92 93 94 97 98 102 114 115 117 135 156 157 158 159 160 161 162 163 164 165 166 167 169 170 171 
136 144 147 148 149 150 151 152 153 154 155 172 173 174 175 176 177 178 179 180 181 182 183 184 185 186 187 188 189 190 191 192 193 194 195 196 197 198 199 200 201 202 
[SAVELOGS] evolution saved to results/logs/aco_logs/evolution/gr202_05_3.txt
[SAVELOGS] best cost saved to results/logs/aco_logs/objectives/gr202_05_3.txt
[SAVELOGS] best solution saved to results/logs/aco_logs/solutions/gr202_05_3.txt
