[ITER 1] New best cost=15308155.93 (feasible=YES, time 4.1022s)
[ITER 2] New best cost=15297257.97 (feasible=YES, time 6.60493s)
[ITER 10] bestGlobalCost=15297257.97 (feasible=YES) bestThisIter=15297257.97 feasibleAnts=10 noImprove=8 (elapsed 28.7751s)
[ITER 20] bestGlobalCost=15297257.97 (feasible=YES) bestThisIter=15300484.40 feasibleAnts=10 noImprove=18 (elapsed 53.4908s)
[ITER 24] New best cost=15296982.93 (feasible=YES, time 64.459s)
[ITER 27] New best cost=15294900.24 (feasible=YES, time 72.5673s)
[ITER 30] bestGlobalCost=15294900.24 (feasible=YES) bestThisIter=15300410.83 feasibleAnts=10 noImprove=3 (elapsed 82.3139s)
[ITER 40] bestGlobalCost=15294900.24 (feasible=YES) bestThisIter=15294900.24 feasibleAnts=10 noImprove=13 (elapsed 116.508s)
[ITER 50] bestGlobalCost=15294900.24 (feasible=YES) bestThisIter=15294900.24 feasibleAnts=11 noImprove=23 (elapsed 153.673s)
[RESET] no improvement for30-> reset pheromones
[ITER 60] bestGlobalCost=15294900.24 (feasible=YES) bestThisIter=15300252.25 feasibleAnts=10 noImprove=3 (elapsed 192.383s)
[ITER 70] bestGlobalCost=15294900.24 (feasible=YES) bestThisIter=15294900.24 feasibleAnts=10 noImprove=13 (elapsed 232.082s)
[ITER 80] bestGlobalCost=15294900.24 (feasible=YES) bestThisIter=15294900.24 feasibleAnts=10 noImprove=23 (elapsed 268.843s)
[RESET] no improvement for30-> reset pheromones
[ITER 90] bestGlobalCost=15294900.24 (feasible=YES) bestThisIter=15294900.24 feasibleAnts=10 noImprove=3 (elapsed 308.232s)
[ITER 100] bestGlobalCost=15294900.24 (feasible=YES) bestThisIter=15294900.24 feasibleAnts=10 noImprove=13 (elapsed 344.691s)
[ITER 110] bestGlobalCost=15294900.24 (feasible=YES) bestThisIter=15294900.24 feasibleAnts=10 noImprove=23 (elapsed 381.7s)
[RESET] no improvement for30-> reset pheromones
[ITER 120] bestGlobalCost=15294900.24 (feasible=YES) bestThisIter=15294900.24 feasibleAnts=10 noImprove=3 (elapsed 421.044s)
[ITER 130] bestGlobalCost=15294900.24 (feasible=YES) bestThisIter=15294900.24 feasibleAnts=11 noImprove=13 (elapsed 459.092s)
[ITER 140] bestGlobalCost=15294900.24 (feasible=YES) bestThisIter=15294900.24 feasibleAnts=10 noImprove=23 (elapsed 492.707s)
[RESET] no improvement for30-> reset pheromones
[ITER 150] bestGlobalCost=15294900.24 (feasible=YES) bestThisIter=15294900.24 feasibleAnts=10 noImprove=3 (elapsed 530.301s)
[ITER 160] bestGlobalCost=15294900.24 (feasible=YES) bestThisIter=15294900.24 feasibleAnts=10 noImprove=13 (elapsed 564.482s)
[ITER 170] bestGlobalCost=15294900.24 (feasible=YES) bestThisIter=15294900.24 feasibleAnts=10 noImprove=23 (elapsed 601.532s)
[RESET] no improvement for30-> reset pheromones
[ITER 180] bestGlobalCost=15294900.24 (feasible=YES) bestThisIter=15294900.24 feasibleAnts=10 noImprove=3 (elapsed 640.816s)
[ITER 190] bestGlobalCost=15294900.24 (feasible=YES) bestThisIter=15294900.24 feasibleAnts=10 noImprove=13 (elapsed 673.119s)
[ITER 200] bestGlobalCost=15294900.24 (feasible=YES) bestThisIter=15294900.24 feasibleAnts=11 noImprove=23 (elapsed 711.878s)
[RESET] no improvement for30-> reset pheromones
[ITER 210] bestGlobalCost=15294900.24 (feasible=YES) bestThisIter=15294900.24 feasibleAnts=10 noImprove=3 (elapsed 749.726s)
[ITER 220] bestGlobalCost=15294900.24 (feasible=YES) bestThisIter=15294900.24 feasibleAnts=10 noImprove=13 (elapsed 788.358s)
[ITER 230] bestGlobalCost=15294900.24 (feasible=YES) bestThisIter=15294900.24 feasibleAnts=10 noImprove=23 (elapsed 825.965s)
[RESET] no improvement for30-> reset pheromones
[ITER 240] bestGlobalCost=15294900.24 (feasible=YES) bestThisIter=15294900.24 feasibleAnts=10 noImprove=3 (elapsed 865.354s)
[ITER 250] bestGlobalCost=15294900.24 (feasible=YES) bestThisIter=15294900.24 feasibleAnts=11 noImprove=13 (elapsed 898.953s)
[ITER 260] bestGlobalCost=15294900.24 (feasible=YES) bestThisIter=15294900.24 feasibleAnts=10 noImprove=23 (elapsed 933.743s)
[RESET] no improvement for30-> reset pheromones
[ITER 270] bestGlobalCost=15294900.24 (feasible=YES) bestThisIter=15294900.24 feasibleAnts=10 noImprove=3 (elapsed 971.375s)
[ITER 280] bestGlobalCost=15294900.24 (feasible=YES) bestThisIter=15294900.24 feasibleAnts=10 noImprove=13 (elapsed 1010.23s)
[ITER 290] bestGlobalCost=15294900.24 (feasible=YES) bestThisIter=15294900.24 feasibleAnts=10 noImprove=23 (elapsed 1045.95s)
[RESET] no improvement for30-> reset pheromones
[ITER 300] bestGlobalCost=15294900.24 (feasible=YES) bestThisIter=15299220.85 feasibleAnts=10 noImprove=3 (elapsed 1082.73s)
[ITER 310] bestGlobalCost=15294900.24 (feasible=YES) bestThisIter=15294900.24 feasibleAnts=10 noImprove=13 (elapsed 1120.55s)
[ITER 320] bestGlobalCost=15294900.24 (feasible=YES) bestThisIter=15294900.24 feasibleAnts=11 noImprove=23 (elapsed 1159.95s)
[RESET] no improvement for30-> reset pheromones
[ITER 330] bestGlobalCost=15294900.24 (feasible=YES) bestThisIter=15294900.24 feasibleAnts=10 noImprove=3 (elapsed 1197.34s)
[ITER 340] bestGlobalCost=15294900.24 (feasible=YES) bestThisIter=15294900.24 feasibleAnts=10 noImprove=13 (elapsed 1236.28s)
[ITER 350] bestGlobalCost=15294900.24 (feasible=YES) bestThisIter=15294900.24 feasibleAnts=10 noImprove=23 (elapsed 1272.21s)
[RESET] no improvement for30-> reset pheromones
[ITER 360] bestGlobalCost=15294900.24 (feasible=YES) bestThisIter=15294900.24 feasibleAnts=10 noImprove=3 (elapsed 1308.6s)
[ITER 370] bestGlobalCost=15294900.24 (feasible=YES) bestThisIter=15294900.24 feasibleAnts=10 noImprove=13 (elapsed 1343.26s)
[ITER 380] bestGlobalCost=15294900.24 (feasible=YES) bestThisIter=15294900.24 feasibleAnts=10 noImprove=23 (elapsed 1380.57s)
[RESET] no improvement for30-> reset pheromones
[ITER 390] bestGlobalCost=15294900.24 (feasible=YES) bestThisIter=15294900.24 feasibleAnts=10 noImprove=3 (elapsed 1417.98s)
[ITER 400] bestGlobalCost=15294900.24 (feasible=YES) bestThisIter=15294900.24 feasibleAnts=10 noImprove=13 (elapsed 1450.25s)
[ITER 410] bestGlobalCost=15294900.24 (feasible=YES) bestThisIter=15294900.24 feasibleAnts=12 noImprove=23 (elapsed 1484.91s)
17 18 19 20 21 22 23 24 25 26 27 28 29 30 31 32 33 50 51 52 53 54 55 56 57 58 59 60 61 62 63 64 65 83 84 85 86 87 88 89 90 91 92 93 94 95 96 97 98 101 110 111 112 113 121 122 123 124 125 132 133 134 135 146 147 148 158 159 160 169 170 171 183 184 198 199 210 376 377 378 379 380 381 382 383 384 385 391 436 439 
16 107 108 109 117 118 119 120 129 130 131 140 141 142 143 144 145 153 154 155 156 157 163 164 165 166 167 168 176 177 178 179 180 181 182 188 189 190 191 192 193 194 195 196 197 200 201 202 203 204 205 206 207 208 209 213 214 215 216 217 218 222 223 224 225 230 231 232 233 236 251 252 253 254 255 256 257 388 390 394 395 397 398 402 404 408 409 412 413 417 418 
212 221 227 228 229 234 235 238 239 240 241 242 243 244 245 246 247 248 249 250 266 267 269 270 271 273 274 276 277 279 280 281 282 283 284 285 286 287 288 289 290 291 292 293 308 309 310 311 312 313 314 315 316 317 318 319 320 339 340 341 342 343 346 347 348 349 350 351 352 353 354 355 357 358 400 401 403 405 406 407 415 421 424 425 426 428 433 434 440 
1 2 3 4 5 6 7 8 9 10 11 12 13 14 15 34 35 36 37 38 39 40 41 42 43 44 45 46 47 48 49 66 67 68 69 70 71 72 73 74 75 76 77 78 79 80 81 82 99 100 102 103 104 105 106 114 115 116 126 127 128 136 137 138 139 149 150 151 152 161 162 172 173 174 175 185 186 187 211 386 387 389 392 393 396 399 441 442 
219 220 226 237 258 259 260 261 262 263 264 265 268 272 275 278 294 295 296 297 298 299 300 301 302 303 304 305 306 307 321 322 323 324 325 326 327 328 329 330 331 332 333 334 335 336 337 338 344 345 356 359 360 361 362 363 364 365 366 367 368 369 370 371 372 373 374 375 410 411 414 416 419 420 422 423 427 429 430 431 432 435 437 438 
[SAVELOGS] evolution saved to results/logs/aco_logs/evolution/pcb442_05_3.txt
[SAVELOGS] best cost saved to results/logs/aco_logs/objectives/pcb442_05_3.txt
[SAVELOGS] best solution saved to results/logs/aco_logs/solutions/pcb442_05_3.txt
