[ITER 1] New best cost=15343308.35 (feasible=YES, time 4.92527s)
[ITER 2] New best cost=15300484.40 (feasible=YES, time 8.11477s)
[ITER 4] New best cost=15297257.97 (feasible=YES, time 12.6912s)
[ITER 10] bestGlobalCost=15297257.97 (feasible=YES) bestThisIter=15297257.97 feasibleAnts=10 noImprove=6 (elapsed 29.1915s)
[ITER 20] bestGlobalCost=15297257.97 (feasible=YES) bestThisIter=15297257.97 feasibleAnts=10 noImprove=16 (elapsed 55.0783s)
[ITER 30] bestGlobalCost=15297257.97 (feasible=YES) bestThisIter=15297257.97 feasibleAnts=11 noImprove=26 (elapsed 80.5899s)
[RESET] no improvement for30-> reset pheromones
[ITER 40] bestGlobalCost=15297257.97 (feasible=YES) bestThisIter=15297257.97 feasibleAnts=10 noImprove=6 (elapsed 109.35s)
[ITER 50] bestGlobalCost=15297257.97 (feasible=YES) bestThisIter=15297257.97 feasibleAnts=10 noImprove=16 (elapsed 133.228s)
[ITER 52] New best cost=15294900.24 (feasible=YES, time 138.197s)
[ITER 60] bestGlobalCost=15294900.24 (feasible=YES) bestThisIter=15294900.24 feasibleAnts=10 noImprove=8 (elapsed 164.56s)
[ITER 70] bestGlobalCost=15294900.24 (feasible=YES) bestThisIter=15294900.24 feasibleAnts=10 noImprove=18 (elapsed 199.356s)
[ITER 80] bestGlobalCost=15294900.24 (feasible=YES) bestThisIter=15294900.24 feasibleAnts=11 noImprove=28 (elapsed 234.958s)
[RESET] no improvement for30-> reset pheromones
[ITER 90] bestGlobalCost=15294900.24 (feasible=YES) bestThisIter=15294900.24 feasibleAnts=10 noImprove=8 (elapsed 273.328s)
[ITER 100] bestGlobalCost=15294900.24 (feasible=YES) bestThisIter=15294900.24 feasibleAnts=10 noImprove=18 (elapsed 306.282s)
[ITER 110] bestGlobalCost=15294900.24 (feasible=YES) bestThisIter=15294900.24 feasibleAnts=10 noImprove=28 (elapsed 341.885s)
[RESET] no improvement for30-> reset pheromones
[ITER 120] bestGlobalCost=15294900.24 (feasible=YES) bestThisIter=15294900.24 feasibleAnts=10 noImprove=8 (elapsed 379.341s)
[ITER 130] bestGlobalCost=15294900.24 (feasible=YES) bestThisIter=15294900.24 feasibleAnts=10 noImprove=18 (elapsed 414.651s)
[ITER 140] bestGlobalCost=15294900.24 (feasible=YES) bestThisIter=15294900.24 feasibleAnts=11 noImprove=28 (elapsed 450.114s)
[RESET] no improvement for30-> reset pheromones
[ITER 150] bestGlobalCost=15294900.24 (feasible=YES) bestThisIter=15294900.24 feasibleAnts=11 noImprove=8 (elapsed 486.05s)
[ITER 160] bestGlobalCost=15294900.24 (feasible=YES) bestThisIter=15294900.24 feasibleAnts=10 noImprove=18 (elapsed 525.848s)
[ITER 170] bestGlobalCost=15294900.24 (feasible=YES) bestThisIter=15294900.24 feasibleAnts=10 noImprove=28 (elapsed 558.738s)
[RESET] no improvement for30-> reset pheromones
[ITER 180] bestGlobalCost=15294900.24 (feasible=YES) bestThisIter=15294900.24 feasibleAnts=11 noImprove=8 (elapsed 598.541s)
[ITER 190] bestGlobalCost=15294900.24 (feasible=YES) bestThisIter=15294900.24 feasibleAnts=10 noImprove=18 (elapsed 631.891s)
[ITER 200] bestGlobalCost=15294900.24 (feasible=YES) bestThisIter=15297107.32 feasibleAnts=10 noImprove=28 (elapsed 666.33s)
[RESET] no improvement for30-> reset pheromones
[ITER 210] bestGlobalCost=15294900.24 (feasible=YES) bestThisIter=15294900.24 feasibleAnts=10 noImprove=8 (elapsed 703.68s)
[ITER 220] bestGlobalCost=15294900.24 (feasible=YES) bestThisIter=15294900.24 feasibleAnts=12 noImprove=18 (elapsed 741.399s)
[ITER 230] bestGlobalCost=15294900.24 (feasible=YES) bestThisIter=15294900.24 feasibleAnts=11 noImprove=28 (elapsed 779.918s)
[RESET] no improvement for30-> reset pheromones
[ITER 240] bestGlobalCost=15294900.24 (feasible=YES) bestThisIter=15297107.32 feasibleAnts=10 noImprove=8 (elapsed 821.651s)
[ITER 250] bestGlobalCost=15294900.24 (feasible=YES) bestThisIter=15294900.24 feasibleAnts=11 noImprove=18 (elapsed 856.881s)
[ITER 260] bestGlobalCost=15294900.24 (feasible=YES) bestThisIter=15300642.30 feasibleAnts=10 noImprove=28 (elapsed 890.473s)
[RESET] no improvement for30-> reset pheromones
[ITER 270] bestGlobalCost=15294900.24 (feasible=YES) bestThisIter=15294900.24 feasibleAnts=10 noImprove=8 (elapsed 927.8s)
[ITER 280] bestGlobalCost=15294900.24 (feasible=YES) bestThisIter=15294900.24 feasibleAnts=10 noImprove=18 (elapsed 964.422s)
[ITER 290] bestGlobalCost=15294900.24 (feasible=YES) bestThisIter=15294900.24 feasibleAnts=11 noImprove=28 (elapsed 999.904s)
[RESET] no improvement for30-> reset pheromones
[ITER 300] bestGlobalCost=15294900.24 (feasible=YES) bestThisIter=15294900.24 feasibleAnts=10 noImprove=8 (elapsed 1042.04s)
[ITER 310] bestGlobalCost=15294900.24 (feasible=YES) bestThisIter=15294900.24 feasibleAnts=11 noImprove=18 (elapsed 1076.7s)
[ITER 320] bestGlobalCost=15294900.24 (feasible=YES) bestThisIter=15294900.24 feasibleAnts=10 noImprove=28 (elapsed 1110.26s)
[RESET] no improvement for30-> reset pheromones
[ITER 330] bestGlobalCost=15294900.24 (feasible=YES) bestThisIter=15294900.24 feasibleAnts=10 noImprove=8 (elapsed 1148.09s)
[ITER 340] bestGlobalCost=15294900.24 (feasible=YES) bestThisIter=15294900.24 feasibleAnts=10 noImprove=18 (elapsed 1180.6s)
[ITER 350] bestGlobalCost=15294900.24 (feasible=YES) bestThisIter=15294900.24 feasibleAnts=10 noImprove=28 (elapsed 1215.34s)
[RESET] no improvement for30-> reset pheromones
[ITER 360] bestGlobalCost=15294900.24 (feasible=YES) bestThisIter=15294900.24 feasibleAnts=10 noImprove=8 (elapsed 1257.87s)
[ITER 370] bestGlobalCost=15294900.24 (feasible=YES) bestThisIter=15294900.24 feasibleAnts=10 noImprove=18 (elapsed 1293.02s)
[ITER 380] bestGlobalCost=15294900.24 (feasible=YES) bestThisIter=15294900.24 feasibleAnts=10 noImprove=28 (elapsed 1327.53s)
[RESET] no improvement for30-> reset pheromones
[ITER 390] bestGlobalCost=15294900.24 (feasible=YES) bestThisIter=15294900.24 feasibleAnts=10 noImprove=8 (elapsed 1366.78s)
[ITER 400] bestGlobalCost=15294900.24 (feasible=YES) bestThisIter=15294900.24 feasibleAnts=10 noImprove=18 (elapsed 1401.01s)
[ITER 410] bestGlobalCost=15294900.24 (feasible=YES) bestThisIter=15294900.24 feasibleAnts=10 noImprove=28 (elapsed 1437.35s)
[RESET] no improvement for30-> reset pheromones
[ITER 420] bestGlobalCost=15294900.24 (feasible=YES) bestThisIter=15294900.24 feasibleAnts=10 noImprove=8 (elapsed 1474.44s)
219 220 226 237 258 259 260 261 262 263 264 265 268 272 275 278 294 295 296 297 298 299 300 301 302 303 304 305 306 307 321 322 323 324 325 326 327 328 329 330 331 332 333 334 335 336 337 338 344 345 356 359 360 361 362 363 364 365 366 367 368 369 370 371 372 373 374 375 410 411 414 416 419 420 422 423 427 429 430 431 432 435 437 438 
17 18 19 20 21 22 23 24 25 26 27 28 29 30 31 32 33 50 51 52 53 54 55 56 57 58 59 60 61 62 63 64 65 83 84 85 86 87 88 89 90 91 92 93 94 95 96 97 98 101 110 111 112 113 121 122 123 124 125 132 133 134 135 146 147 148 158 159 160 169 170 171 183 184 198 199 210 376 377 378 379 380 381 382 383 384 385 391 436 439 
212 221 227 228 229 234 235 238 239 240 241 242 243 244 245 246 247 248 249 250 266 267 269 270 271 273 274 276 277 279 280 281 282 283 284 285 286 287 288 289 290 291 292 293 308 309 310 311 312 313 314 315 316 317 318 319 320 339 340 341 342 343 346 347 348 349 350 351 352 353 354 355 357 358 400 401 403 405 406 407 415 421 424 425 426 428 433 434 440 
16 107 108 109 117 118 119 120 129 130 131 140 141 142 143 144 145 153 154 155 156 157 163 164 165 166 167 168 176 177 178 179 180 181 182 188 189 190 191 192 193 194 195 196 197 200 201 202 203 204 205 206 207 208 209 213 214 215 216 217 218 222 223 224 225 230 231 232 233 236 251 252 253 254 255 256 257 388 390 394 395 397 398 402 404 408 409 412 413 417 418 
1 2 3 4 5 6 7 8 9 10 11 12 13 14 15 34 35 36 37 38 39 40 41 42 43 44 45 46 47 48 49 66 67 68 69 70 71 72 73 74 75 76 77 78 79 80 81 82 99 100 102 103 104 105 106 114 115 116 126 127 128 136 137 138 139 149 150 151 152 161 162 172 173 174 175 185 186 187 211 386 387 389 392 393 396 399 441 442 
[SAVELOGS] evolution saved to results/logs/aco_logs/evolution/pcb442_05_3.txt
[SAVELOGS] best cost saved to results/logs/aco_logs/objectives/pcb442_05_3.txt
[SAVELOGS] best solution saved to results/logs/aco_logs/solutions/pcb442_05_3.txt
