[ITER 1] New best cost=15364197.62 (feasible=YES, time 3.38945s)
[ITER 2] New best cost=15311946.09 (feasible=YES, time 7.12471s)
[ITER 3] New best cost=15306940.77 (feasible=YES, time 10.7675s)
[ITER 4] New best cost=15297257.97 (feasible=YES, time 13.2201s)
[ITER 5] New best cost=15294900.24 (feasible=YES, time 16.1989s)
[ITER 10] bestGlobalCost=15294900.24 (feasible=YES) bestThisIter=15294900.24 feasibleAnts=11 noImprove=5 (elapsed 35.1075s)
[ITER 20] bestGlobalCost=15294900.24 (feasible=YES) bestThisIter=15294900.24 feasibleAnts=10 noImprove=15 (elapsed 71.6412s)
[ITER 30] bestGlobalCost=15294900.24 (feasible=YES) bestThisIter=15294900.24 feasibleAnts=10 noImprove=25 (elapsed 109.228s)
[RESET] no improvement for30-> reset pheromones
[ITER 40] bestGlobalCost=15294900.24 (feasible=YES) bestThisIter=15294900.24 feasibleAnts=10 noImprove=5 (elapsed 145.795s)
[ITER 50] bestGlobalCost=15294900.24 (feasible=YES) bestThisIter=15300252.25 feasibleAnts=10 noImprove=15 (elapsed 180.471s)
[ITER 60] bestGlobalCost=15294900.24 (feasible=YES) bestThisIter=15294900.24 feasibleAnts=10 noImprove=25 (elapsed 218.175s)
[RESET] no improvement for30-> reset pheromones
[ITER 70] bestGlobalCost=15294900.24 (feasible=YES) bestThisIter=15294900.24 feasibleAnts=10 noImprove=5 (elapsed 258.515s)
[ITER 80] bestGlobalCost=15294900.24 (feasible=YES) bestThisIter=15294900.24 feasibleAnts=10 noImprove=15 (elapsed 293.155s)
[ITER 90] bestGlobalCost=15294900.24 (feasible=YES) bestThisIter=15294900.24 feasibleAnts=11 noImprove=25 (elapsed 330.406s)
[RESET] no improvement for30-> reset pheromones
[ITER 100] bestGlobalCost=15294900.24 (feasible=YES) bestThisIter=15294900.24 feasibleAnts=10 noImprove=5 (elapsed 362.933s)
[ITER 110] bestGlobalCost=15294900.24 (feasible=YES) bestThisIter=15294900.24 feasibleAnts=10 noImprove=15 (elapsed 398.047s)
[ITER 120] bestGlobalCost=15294900.24 (feasible=YES) bestThisIter=15294900.24 feasibleAnts=10 noImprove=25 (elapsed 433.619s)
[RESET] no improvement for30-> reset pheromones
[ITER 130] bestGlobalCost=15294900.24 (feasible=YES) bestThisIter=15306938.95 feasibleAnts=10 noImprove=5 (elapsed 470.036s)
[ITER 140] bestGlobalCost=15294900.24 (feasible=YES) bestThisIter=15294900.24 feasibleAnts=11 noImprove=15 (elapsed 507.267s)
[ITER 150] bestGlobalCost=15294900.24 (feasible=YES) bestThisIter=15294900.24 feasibleAnts=11 noImprove=25 (elapsed 542.543s)
[RESET] no improvement for30-> reset pheromones
[ITER 160] bestGlobalCost=15294900.24 (feasible=YES) bestThisIter=15294900.24 feasibleAnts=10 noImprove=5 (elapsed 581.557s)
[ITER 170] bestGlobalCost=15294900.24 (feasible=YES) bestThisIter=15294900.24 feasibleAnts=10 noImprove=15 (elapsed 616.594s)
[ITER 180] bestGlobalCost=15294900.24 (feasible=YES) bestThisIter=15294900.24 feasibleAnts=10 noImprove=25 (elapsed 654.311s)
[RESET] no improvement for30-> reset pheromones
[ITER 190] bestGlobalCost=15294900.24 (feasible=YES) bestThisIter=15294900.24 feasibleAnts=10 noImprove=5 (elapsed 693.671s)
[ITER 200] bestGlobalCost=15294900.24 (feasible=YES) bestThisIter=15294900.24 feasibleAnts=10 noImprove=15 (elapsed 730.596s)
[ITER 210] bestGlobalCost=15294900.24 (feasible=YES) bestThisIter=15294900.24 feasibleAnts=11 noImprove=25 (elapsed 766.218s)
[RESET] no improvement for30-> reset pheromones
[ITER 220] bestGlobalCost=15294900.24 (feasible=YES) bestThisIter=15294900.24 feasibleAnts=10 noImprove=5 (elapsed 797.767s)
[ITER 230] bestGlobalCost=15294900.24 (feasible=YES) bestThisIter=15294900.24 feasibleAnts=10 noImprove=15 (elapsed 834.868s)
[ITER 240] bestGlobalCost=15294900.24 (feasible=YES) bestThisIter=15294900.24 feasibleAnts=11 noImprove=25 (elapsed 873.052s)
[RESET] no improvement for30-> reset pheromones
[ITER 250] bestGlobalCost=15294900.24 (feasible=YES) bestThisIter=15294900.24 feasibleAnts=11 noImprove=5 (elapsed 910.386s)
[ITER 260] bestGlobalCost=15294900.24 (feasible=YES) bestThisIter=15294900.24 feasibleAnts=10 noImprove=15 (elapsed 945.17s)
[ITER 270] bestGlobalCost=15294900.24 (feasible=YES) bestThisIter=15294900.24 feasibleAnts=11 noImprove=25 (elapsed 976.427s)
[RESET] no improvement for30-> reset pheromones
[ITER 280] bestGlobalCost=15294900.24 (feasible=YES) bestThisIter=15294900.24 feasibleAnts=10 noImprove=5 (elapsed 1013.05s)
[ITER 290] bestGlobalCost=15294900.24 (feasible=YES) bestThisIter=15294900.24 feasibleAnts=10 noImprove=15 (elapsed 1048.04s)
[ITER 300] bestGlobalCost=15294900.24 (feasible=YES) bestThisIter=15294900.24 feasibleAnts=11 noImprove=25 (elapsed 1085.44s)
[RESET] no improvement for30-> reset pheromones
[ITER 310] bestGlobalCost=15294900.24 (feasible=YES) bestThisIter=15294900.24 feasibleAnts=10 noImprove=5 (elapsed 1120.03s)
[ITER 320] bestGlobalCost=15294900.24 (feasible=YES) bestThisIter=15294900.24 feasibleAnts=10 noImprove=15 (elapsed 1154.12s)
[ITER 330] bestGlobalCost=15294900.24 (feasible=YES) bestThisIter=15294900.24 feasibleAnts=10 noImprove=25 (elapsed 1189.77s)
[RESET] no improvement for30-> reset pheromones
[ITER 340] bestGlobalCost=15294900.24 (feasible=YES) bestThisIter=15294900.24 feasibleAnts=10 noImprove=5 (elapsed 1226.31s)
[ITER 350] bestGlobalCost=15294900.24 (feasible=YES) bestThisIter=15294900.24 feasibleAnts=10 noImprove=15 (elapsed 1260.69s)
[ITER 360] bestGlobalCost=15294900.24 (feasible=YES) bestThisIter=15294900.24 feasibleAnts=10 noImprove=25 (elapsed 1298.22s)
[RESET] no improvement for30-> reset pheromones
[ITER 370] bestGlobalCost=15294900.24 (feasible=YES) bestThisIter=15294900.24 feasibleAnts=11 noImprove=5 (elapsed 1334.5s)
[ITER 380] bestGlobalCost=15294900.24 (feasible=YES) bestThisIter=15294900.24 feasibleAnts=10 noImprove=15 (elapsed 1370.76s)
[ITER 390] bestGlobalCost=15294900.24 (feasible=YES) bestThisIter=15294900.24 feasibleAnts=11 noImprove=25 (elapsed 1406.19s)
[RESET] no improvement for30-> reset pheromones
[ITER 400] bestGlobalCost=15294900.24 (feasible=YES) bestThisIter=15294900.24 feasibleAnts=11 noImprove=5 (elapsed 1443.07s)
[ITER 410] bestGlobalCost=15294900.24 (feasible=YES) bestThisIter=15294900.24 feasibleAnts=10 noImprove=15 (elapsed 1478s)
212 221 227 228 229 234 235 238 239 240 241 242 243 244 245 246 247 248 249 250 266 267 269 270 271 273 274 276 277 279 280 281 282 283 284 285 286 287 288 289 290 291 292 293 308 309 310 311 312 313 314 315 316 317 318 319 320 339 340 341 342 343 346 347 348 349 350 351 352 353 354 355 357 358 400 401 403 405 406 407 415 421 424 425 426 428 433 434 440 
219 220 226 237 258 259 260 261 262 263 264 265 268 272 275 278 294 295 296 297 298 299 300 301 302 303 304 305 306 307 321 322 323 324 325 326 327 328 329 330 331 332 333 334 335 336 337 338 344 345 356 359 360 361 362 363 364 365 366 367 368 369 370 371 372 373 374 375 410 411 414 416 419 420 422 423 427 429 430 431 432 435 437 438 
17 18 19 20 21 22 23 24 25 26 27 28 29 30 31 32 33 50 51 52 53 54 55 56 57 58 59 60 61 62 63 64 65 83 84 85 86 87 88 89 90 91 92 93 94 95 96 97 98 101 110 111 112 113 121 122 123 124 125 132 133 134 135 146 147 148 158 159 160 169 170 171 183 184 198 199 210 376 377 378 379 380 381 382 383 384 385 391 436 439 
1 2 3 4 5 6 7 8 9 10 11 12 13 14 15 34 35 36 37 38 39 40 41 42 43 44 45 46 47 48 49 66 67 68 69 70 71 72 73 74 75 76 77 78 79 80 81 82 99 100 102 103 104 105 106 114 115 116 126 127 128 136 137 138 139 149 150 151 152 161 162 172 173 174 175 185 186 187 211 386 387 389 392 393 396 399 441 442 
16 107 108 109 117 118 119 120 129 130 131 140 141 142 143 144 145 153 154 155 156 157 163 164 165 166 167 168 176 177 178 179 180 181 182 188 189 190 191 192 193 194 195 196 197 200 201 202 203 204 205 206 207 208 209 213 214 215 216 217 218 222 223 224 225 230 231 232 233 236 251 252 253 254 255 256 257 388 390 394 395 397 398 402 404 408 409 412 413 417 418 
[SAVELOGS] evolution saved to results/logs/aco_logs/evolution/pcb442_05_3.txt
[SAVELOGS] best cost saved to results/logs/aco_logs/objectives/pcb442_05_3.txt
[SAVELOGS] best solution saved to results/logs/aco_logs/solutions/pcb442_05_3.txt
