[ITER 1] New best cost=1442960.18 (feasible=YES, time 3.29646s)
[ITER 1] bestGlobalCost=1442960.18 (feasible=YES) bestThisIter=1442960.18 feasibleAnts=10 noImprove=0 (elapsed 3.29968s)
[ITER 2] [TS] New best cost=1333430.96 (feasible=YES, time 11.2479s)
[ITER 2] bestGlobalCost=1333430.96 (feasible=YES) bestThisIter=1363756.13 feasibleAnts=10 noImprove=1 (elapsed 11.2521s)
[ITER 3] bestGlobalCost=1333430.96 (feasible=YES) bestThisIter=1360885.60 feasibleAnts=10 noImprove=2 (elapsed 12.1951s)
[ITER 4] [TS] New best cost=1327877.18 (feasible=YES, time 20.2003s)
[ITER 4] bestGlobalCost=1327877.18 (feasible=YES) bestThisIter=1339978.76 feasibleAnts=10 noImprove=1 (elapsed 20.2043s)
[ITER 5] bestGlobalCost=1327877.18 (feasible=YES) bestThisIter=1331025.36 feasibleAnts=10 noImprove=2 (elapsed 21.4714s)
[ITER 6] [TS] New best cost=1319790.09 (feasible=YES, time 28.7145s)
[ITER 6] bestGlobalCost=1319790.09 (feasible=YES) bestThisIter=1343214.13 feasibleAnts=10 noImprove=1 (elapsed 28.7185s)
[ITER 7] bestGlobalCost=1319790.09 (feasible=YES) bestThisIter=1334206.40 feasibleAnts=10 noImprove=2 (elapsed 30.0147s)
[ITER 8] bestGlobalCost=1319790.09 (feasible=YES) bestThisIter=1328283.68 feasibleAnts=10 noImprove=3 (elapsed 37.7445s)
[ITER 9] bestGlobalCost=1319790.09 (feasible=YES) bestThisIter=1335431.90 feasibleAnts=10 noImprove=4 (elapsed 38.7205s)
[ITER 10] bestGlobalCost=1319790.09 (feasible=YES) bestThisIter=1332185.49 feasibleAnts=10 noImprove=5 (elapsed 46.4463s)
[ITER 11] bestGlobalCost=1319790.09 (feasible=YES) bestThisIter=1336099.06 feasibleAnts=10 noImprove=6 (elapsed 48.6703s)
[ITER 12] bestGlobalCost=1319790.09 (feasible=YES) bestThisIter=1339787.50 feasibleAnts=10 noImprove=7 (elapsed 56.5288s)
[ITER 13] bestGlobalCost=1319790.09 (feasible=YES) bestThisIter=1332381.45 feasibleAnts=10 noImprove=8 (elapsed 57.979s)
[ITER 14] bestGlobalCost=1319790.09 (feasible=YES) bestThisIter=1340546.38 feasibleAnts=10 noImprove=9 (elapsed 66.0337s)
[ITER 15] bestGlobalCost=1319790.09 (feasible=YES) bestThisIter=1349827.19 feasibleAnts=10 noImprove=10 (elapsed 68.1999s)
[ITER 16] [TS] New best cost=1317146.25 (feasible=YES, time 76.0358s)
[ITER 16] bestGlobalCost=1317146.25 (feasible=YES) bestThisIter=1341514.83 feasibleAnts=10 noImprove=1 (elapsed 76.0402s)
[ITER 17] bestGlobalCost=1317146.25 (feasible=YES) bestThisIter=1328099.24 feasibleAnts=10 noImprove=2 (elapsed 77.2096s)
[ITER 18] [TS] New best cost=1316118.86 (feasible=YES, time 84.9695s)
[ITER 18] bestGlobalCost=1316118.86 (feasible=YES) bestThisIter=1322080.47 feasibleAnts=10 noImprove=1 (elapsed 84.9733s)
[ITER 19] bestGlobalCost=1316118.86 (feasible=YES) bestThisIter=1323504.66 feasibleAnts=10 noImprove=2 (elapsed 85.8032s)
[ITER 20] [TS] New best cost=1314998.38 (feasible=YES, time 92.9135s)
[ITER 20] bestGlobalCost=1314998.38 (feasible=YES) bestThisIter=1324725.01 feasibleAnts=10 noImprove=1 (elapsed 92.9179s)
[ITER 21] bestGlobalCost=1314998.38 (feasible=YES) bestThisIter=1322165.39 feasibleAnts=10 noImprove=2 (elapsed 93.9049s)
[ITER 22] [TS] New best cost=1312845.73 (feasible=YES, time 101.61s)
[ITER 22] bestGlobalCost=1312845.73 (feasible=YES) bestThisIter=1321812.19 feasibleAnts=10 noImprove=1 (elapsed 101.615s)
[ITER 23] bestGlobalCost=1312845.73 (feasible=YES) bestThisIter=1319306.79 feasibleAnts=10 noImprove=2 (elapsed 103.015s)
[ITER 24] bestGlobalCost=1312845.73 (feasible=YES) bestThisIter=1329449.33 feasibleAnts=10 noImprove=3 (elapsed 110.258s)
[ITER 25] bestGlobalCost=1312845.73 (feasible=YES) bestThisIter=1324613.13 feasibleAnts=10 noImprove=4 (elapsed 111.748s)
[ITER 26] bestGlobalCost=1312845.73 (feasible=YES) bestThisIter=1328671.05 feasibleAnts=10 noImprove=5 (elapsed 119.631s)
[ITER 27] bestGlobalCost=1312845.73 (feasible=YES) bestThisIter=1322482.48 feasibleAnts=10 noImprove=6 (elapsed 120.983s)
[ITER 28] bestGlobalCost=1312845.73 (feasible=YES) bestThisIter=1334499.60 feasibleAnts=10 noImprove=7 (elapsed 129.158s)
[ITER 29] bestGlobalCost=1312845.73 (feasible=YES) bestThisIter=1346246.95 feasibleAnts=10 noImprove=8 (elapsed 130.839s)
[ITER 30] bestGlobalCost=1312845.73 (feasible=YES) bestThisIter=1328724.25 feasibleAnts=10 noImprove=9 (elapsed 139.426s)
[ITER 31] bestGlobalCost=1312845.73 (feasible=YES) bestThisIter=1335359.11 feasibleAnts=10 noImprove=10 (elapsed 141.294s)
[ITER 32] bestGlobalCost=1312845.73 (feasible=YES) bestThisIter=1344791.93 feasibleAnts=10 noImprove=11 (elapsed 149.92s)
[ITER 33] bestGlobalCost=1312845.73 (feasible=YES) bestThisIter=1342237.46 feasibleAnts=10 noImprove=12 (elapsed 152.202s)
[ITER 34] bestGlobalCost=1312845.73 (feasible=YES) bestThisIter=1336875.38 feasibleAnts=10 noImprove=13 (elapsed 160.03s)
[ITER 35] bestGlobalCost=1312845.73 (feasible=YES) bestThisIter=1357122.91 feasibleAnts=10 noImprove=14 (elapsed 161.191s)
[ITER 36] bestGlobalCost=1312845.73 (feasible=YES) bestThisIter=1348063.51 feasibleAnts=10 noImprove=15 (elapsed 169.106s)
[ITER 37] bestGlobalCost=1312845.73 (feasible=YES) bestThisIter=1338095.54 feasibleAnts=10 noImprove=16 (elapsed 171.638s)
[ITER 38] bestGlobalCost=1312845.73 (feasible=YES) bestThisIter=1350675.72 feasibleAnts=10 noImprove=17 (elapsed 180.148s)
[ITER 39] bestGlobalCost=1312845.73 (feasible=YES) bestThisIter=1361207.58 feasibleAnts=10 noImprove=18 (elapsed 181.907s)
[ITER 40] bestGlobalCost=1312845.73 (feasible=YES) bestThisIter=1338535.36 feasibleAnts=10 noImprove=19 (elapsed 190.349s)
[ITER 41] bestGlobalCost=1312845.73 (feasible=YES) bestThisIter=1362328.98 feasibleAnts=10 noImprove=20 (elapsed 192.644s)
[ITER 42] bestGlobalCost=1312845.73 (feasible=YES) bestThisIter=1354426.38 feasibleAnts=10 noImprove=21 (elapsed 201.962s)
[ITER 43] bestGlobalCost=1312845.73 (feasible=YES) bestThisIter=1332712.83 feasibleAnts=10 noImprove=22 (elapsed 205.119s)
[ITER 44] bestGlobalCost=1312845.73 (feasible=YES) bestThisIter=1346526.38 feasibleAnts=10 noImprove=23 (elapsed 213.442s)
[ITER 45] bestGlobalCost=1312845.73 (feasible=YES) bestThisIter=1342582.89 feasibleAnts=10 noImprove=24 (elapsed 216.096s)
[ITER 46] bestGlobalCost=1312845.73 (feasible=YES) bestThisIter=1349604.15 feasibleAnts=10 noImprove=25 (elapsed 224.206s)
[ITER 47] bestGlobalCost=1312845.73 (feasible=YES) bestThisIter=1350965.76 feasibleAnts=10 noImprove=26 (elapsed 226.147s)
[ITER 48] bestGlobalCost=1312845.73 (feasible=YES) bestThisIter=1357110.28 feasibleAnts=10 noImprove=27 (elapsed 233.749s)
[ITER 49] bestGlobalCost=1312845.73 (feasible=YES) bestThisIter=1329408.79 feasibleAnts=10 noImprove=28 (elapsed 236.152s)
[ITER 50] bestGlobalCost=1312845.73 (feasible=YES) bestThisIter=1348725.10 feasibleAnts=10 noImprove=29 (elapsed 244.789s)
[ITER 51] bestGlobalCost=1312845.73 (feasible=YES) bestThisIter=1354051.88 feasibleAnts=10 noImprove=30 (elapsed 246.957s)
[RESET] no improvement for30-> reset pheromones
[ITER 52] bestGlobalCost=1312845.73 (feasible=YES) bestThisIter=1420085.12 feasibleAnts=10 noImprove=1 (elapsed 255.188s)
[ITER 53] bestGlobalCost=1312845.73 (feasible=YES) bestThisIter=1331171.42 feasibleAnts=10 noImprove=2 (elapsed 256.752s)
[ITER 54] bestGlobalCost=1312845.73 (feasible=YES) bestThisIter=1336492.73 feasibleAnts=10 noImprove=3 (elapsed 263.883s)
[ITER 55] bestGlobalCost=1312845.73 (feasible=YES) bestThisIter=1328098.06 feasibleAnts=10 noImprove=4 (elapsed 266.282s)
[ITER 56] bestGlobalCost=1312845.73 (feasible=YES) bestThisIter=1327796.48 feasibleAnts=10 noImprove=5 (elapsed 273.693s)
[ITER 57] bestGlobalCost=1312845.73 (feasible=YES) bestThisIter=1328910.85 feasibleAnts=10 noImprove=6 (elapsed 275.812s)
[ITER 58] bestGlobalCost=1312845.73 (feasible=YES) bestThisIter=1340379.40 feasibleAnts=10 noImprove=7 (elapsed 283.6s)
[ITER 59] bestGlobalCost=1312845.73 (feasible=YES) bestThisIter=1328325.17 feasibleAnts=10 noImprove=8 (elapsed 284.63s)
[ITER 60] bestGlobalCost=1312845.73 (feasible=YES) bestThisIter=1336223.00 feasibleAnts=10 noImprove=9 (elapsed 293.059s)
[ITER 61] bestGlobalCost=1312845.73 (feasible=YES) bestThisIter=1341623.58 feasibleAnts=10 noImprove=10 (elapsed 294.995s)
[ITER 62] bestGlobalCost=1312845.73 (feasible=YES) bestThisIter=1334845.40 feasibleAnts=10 noImprove=11 (elapsed 303.496s)
[ITER 63] bestGlobalCost=1312845.73 (feasible=YES) bestThisIter=1338378.40 feasibleAnts=10 noImprove=12 (elapsed 305.528s)
[ITER 64] bestGlobalCost=1312845.73 (feasible=YES) bestThisIter=1325588.45 feasibleAnts=10 noImprove=13 (elapsed 313.555s)
[ITER 65] bestGlobalCost=1312845.73 (feasible=YES) bestThisIter=1333503.52 feasibleAnts=10 noImprove=14 (elapsed 315.467s)
[ITER 66] bestGlobalCost=1312845.73 (feasible=YES) bestThisIter=1351805.51 feasibleAnts=10 noImprove=15 (elapsed 325.202s)
[ITER 67] bestGlobalCost=1312845.73 (feasible=YES) bestThisIter=1333658.11 feasibleAnts=10 noImprove=16 (elapsed 328.327s)
[ITER 68] bestGlobalCost=1312845.73 (feasible=YES) bestThisIter=1337561.39 feasibleAnts=10 noImprove=17 (elapsed 336.79s)
[ITER 69] bestGlobalCost=1312845.73 (feasible=YES) bestThisIter=1354862.42 feasibleAnts=10 noImprove=18 (elapsed 338.33s)
[ITER 70] bestGlobalCost=1312845.73 (feasible=YES) bestThisIter=1351993.25 feasibleAnts=10 noImprove=19 (elapsed 346.332s)
[ITER 71] bestGlobalCost=1312845.73 (feasible=YES) bestThisIter=1345862.10 feasibleAnts=10 noImprove=20 (elapsed 348.2s)
[ITER 72] bestGlobalCost=1312845.73 (feasible=YES) bestThisIter=1353573.56 feasibleAnts=10 noImprove=21 (elapsed 356.799s)
[ITER 73] bestGlobalCost=1312845.73 (feasible=YES) bestThisIter=1350084.76 feasibleAnts=10 noImprove=22 (elapsed 359.245s)
[ITER 74] bestGlobalCost=1312845.73 (feasible=YES) bestThisIter=1352971.36 feasibleAnts=10 noImprove=23 (elapsed 368.163s)
[ITER 75] bestGlobalCost=1312845.73 (feasible=YES) bestThisIter=1350532.25 feasibleAnts=10 noImprove=24 (elapsed 370.524s)
[ITER 76] bestGlobalCost=1312845.73 (feasible=YES) bestThisIter=1354883.61 feasibleAnts=10 noImprove=25 (elapsed 379.706s)
[ITER 77] bestGlobalCost=1312845.73 (feasible=YES) bestThisIter=1347294.68 feasibleAnts=10 noImprove=26 (elapsed 381.87s)
[ITER 78] bestGlobalCost=1312845.73 (feasible=YES) bestThisIter=1350705.91 feasibleAnts=10 noImprove=27 (elapsed 389.632s)
[ITER 79] bestGlobalCost=1312845.73 (feasible=YES) bestThisIter=1353100.56 feasibleAnts=10 noImprove=28 (elapsed 391.993s)
[ITER 80] bestGlobalCost=1312845.73 (feasible=YES) bestThisIter=1358888.50 feasibleAnts=10 noImprove=29 (elapsed 400.567s)
[ITER 81] bestGlobalCost=1312845.73 (feasible=YES) bestThisIter=1345561.22 feasibleAnts=10 noImprove=30 (elapsed 402.484s)
[RESET] no improvement for30-> reset pheromones
[ITER 82] bestGlobalCost=1312845.73 (feasible=YES) bestThisIter=1430024.03 feasibleAnts=10 noImprove=1 (elapsed 412.026s)
[ITER 83] bestGlobalCost=1312845.73 (feasible=YES) bestThisIter=1356008.75 feasibleAnts=10 noImprove=2 (elapsed 413.063s)
[ITER 84] bestGlobalCost=1312845.73 (feasible=YES) bestThisIter=1343062.72 feasibleAnts=10 noImprove=3 (elapsed 420.479s)
[ITER 85] bestGlobalCost=1312845.73 (feasible=YES) bestThisIter=1332391.40 feasibleAnts=10 noImprove=4 (elapsed 422.144s)
[ITER 86] bestGlobalCost=1312845.73 (feasible=YES) bestThisIter=1328891.92 feasibleAnts=10 noImprove=5 (elapsed 430.254s)
[ITER 87] bestGlobalCost=1312845.73 (feasible=YES) bestThisIter=1332664.21 feasibleAnts=10 noImprove=6 (elapsed 432.051s)
[ITER 88] bestGlobalCost=1312845.73 (feasible=YES) bestThisIter=1329079.56 feasibleAnts=10 noImprove=7 (elapsed 440.31s)
[ITER 89] bestGlobalCost=1312845.73 (feasible=YES) bestThisIter=1338746.57 feasibleAnts=10 noImprove=8 (elapsed 441.7s)
[ITER 90] bestGlobalCost=1312845.73 (feasible=YES) bestThisIter=1320616.72 feasibleAnts=10 noImprove=9 (elapsed 449.196s)
[ITER 91] bestGlobalCost=1312845.73 (feasible=YES) bestThisIter=1332760.94 feasibleAnts=10 noImprove=10 (elapsed 451.386s)
[ITER 92] bestGlobalCost=1312845.73 (feasible=YES) bestThisIter=1340638.22 feasibleAnts=10 noImprove=11 (elapsed 459.828s)
[ITER 93] bestGlobalCost=1312845.73 (feasible=YES) bestThisIter=1335136.44 feasibleAnts=10 noImprove=12 (elapsed 461.858s)
[ITER 94] bestGlobalCost=1312845.73 (feasible=YES) bestThisIter=1346793.14 feasibleAnts=10 noImprove=13 (elapsed 469.803s)
[ITER 95] bestGlobalCost=1312845.73 (feasible=YES) bestThisIter=1330333.89 feasibleAnts=10 noImprove=14 (elapsed 471.893s)
[ITER 96] bestGlobalCost=1312845.73 (feasible=YES) bestThisIter=1348974.13 feasibleAnts=10 noImprove=15 (elapsed 480.054s)
[ITER 97] bestGlobalCost=1312845.73 (feasible=YES) bestThisIter=1341599.53 feasibleAnts=10 noImprove=16 (elapsed 483.227s)
[ITER 98] bestGlobalCost=1312845.73 (feasible=YES) bestThisIter=1351168.23 feasibleAnts=10 noImprove=17 (elapsed 491.342s)
[ITER 99] bestGlobalCost=1312845.73 (feasible=YES) bestThisIter=1345029.64 feasibleAnts=10 noImprove=18 (elapsed 493.411s)
[ITER 100] bestGlobalCost=1312845.73 (feasible=YES) bestThisIter=1352173.09 feasibleAnts=10 noImprove=19 (elapsed 501.319s)
[ITER 101] bestGlobalCost=1312845.73 (feasible=YES) bestThisIter=1346553.17 feasibleAnts=10 noImprove=20 (elapsed 503.089s)
[ITER 102] bestGlobalCost=1312845.73 (feasible=YES) bestThisIter=1353484.59 feasibleAnts=10 noImprove=21 (elapsed 512.508s)
[ITER 103] bestGlobalCost=1312845.73 (feasible=YES) bestThisIter=1340635.95 feasibleAnts=10 noImprove=22 (elapsed 514.932s)
[ITER 104] bestGlobalCost=1312845.73 (feasible=YES) bestThisIter=1350855.61 feasibleAnts=10 noImprove=23 (elapsed 523.559s)
[ITER 105] bestGlobalCost=1312845.73 (feasible=YES) bestThisIter=1340882.61 feasibleAnts=10 noImprove=24 (elapsed 525.65s)
[ITER 106] bestGlobalCost=1312845.73 (feasible=YES) bestThisIter=1347905.63 feasibleAnts=10 noImprove=25 (elapsed 534.312s)
[ITER 107] bestGlobalCost=1312845.73 (feasible=YES) bestThisIter=1345991.29 feasibleAnts=10 noImprove=26 (elapsed 536.708s)
[ITER 108] bestGlobalCost=1312845.73 (feasible=YES) bestThisIter=1355386.80 feasibleAnts=10 noImprove=27 (elapsed 544.719s)
[ITER 109] bestGlobalCost=1312845.73 (feasible=YES) bestThisIter=1346406.45 feasibleAnts=10 noImprove=28 (elapsed 546.603s)
[ITER 110] bestGlobalCost=1312845.73 (feasible=YES) bestThisIter=1351577.15 feasibleAnts=10 noImprove=29 (elapsed 554.835s)
[ITER 111] bestGlobalCost=1312845.73 (feasible=YES) bestThisIter=1346666.08 feasibleAnts=10 noImprove=30 (elapsed 556.828s)
[RESET] no improvement for30-> reset pheromones
[ITER 112] bestGlobalCost=1312845.73 (feasible=YES) bestThisIter=1438003.53 feasibleAnts=10 noImprove=1 (elapsed 565.881s)
[ITER 113] bestGlobalCost=1312845.73 (feasible=YES) bestThisIter=1333372.11 feasibleAnts=10 noImprove=2 (elapsed 568.151s)
[ITER 114] [TS] New best cost=1312570.51 (feasible=YES, time 576.321s)
[ITER 114] bestGlobalCost=1312570.51 (feasible=YES) bestThisIter=1324412.91 feasibleAnts=10 noImprove=1 (elapsed 576.327s)
[ITER 115] bestGlobalCost=1312570.51 (feasible=YES) bestThisIter=1319274.49 feasibleAnts=10 noImprove=2 (elapsed 577.549s)
[ITER 116] bestGlobalCost=1312570.51 (feasible=YES) bestThisIter=1323650.98 feasibleAnts=10 noImprove=3 (elapsed 584.881s)
[ITER 117] bestGlobalCost=1312570.51 (feasible=YES) bestThisIter=1327985.07 feasibleAnts=10 noImprove=4 (elapsed 585.9s)
[ITER 118] bestGlobalCost=1312570.51 (feasible=YES) bestThisIter=1322163.11 feasibleAnts=10 noImprove=5 (elapsed 594.685s)
[ITER 119] bestGlobalCost=1312570.51 (feasible=YES) bestThisIter=1332597.37 feasibleAnts=10 noImprove=6 (elapsed 596.761s)
[ITER 120] bestGlobalCost=1312570.51 (feasible=YES) bestThisIter=1329428.61 feasibleAnts=10 noImprove=7 (elapsed 604.701s)
[ITER 121] bestGlobalCost=1312570.51 (feasible=YES) bestThisIter=1333565.62 feasibleAnts=10 noImprove=8 (elapsed 606.481s)
[ITER 122] bestGlobalCost=1312570.51 (feasible=YES) bestThisIter=1337921.30 feasibleAnts=10 noImprove=9 (elapsed 614.996s)
[ITER 123] bestGlobalCost=1312570.51 (feasible=YES) bestThisIter=1336610.19 feasibleAnts=10 noImprove=10 (elapsed 616.634s)
[ITER 124] bestGlobalCost=1312570.51 (feasible=YES) bestThisIter=1342167.96 feasibleAnts=10 noImprove=11 (elapsed 624.565s)
[ITER 125] bestGlobalCost=1312570.51 (feasible=YES) bestThisIter=1334742.89 feasibleAnts=10 noImprove=12 (elapsed 626.934s)
[ITER 126] bestGlobalCost=1312570.51 (feasible=YES) bestThisIter=1354998.82 feasibleAnts=10 noImprove=13 (elapsed 635.664s)
[ITER 127] bestGlobalCost=1312570.51 (feasible=YES) bestThisIter=1340461.83 feasibleAnts=10 noImprove=14 (elapsed 637.057s)
[ITER 128] bestGlobalCost=1312570.51 (feasible=YES) bestThisIter=1352907.39 feasibleAnts=10 noImprove=15 (elapsed 645.1s)
[ITER 129] bestGlobalCost=1312570.51 (feasible=YES) bestThisIter=1349912.50 feasibleAnts=10 noImprove=16 (elapsed 647.188s)
[ITER 130] bestGlobalCost=1312570.51 (feasible=YES) bestThisIter=1344631.45 feasibleAnts=10 noImprove=17 (elapsed 655.547s)
[ITER 131] bestGlobalCost=1312570.51 (feasible=YES) bestThisIter=1335021.92 feasibleAnts=10 noImprove=18 (elapsed 657.544s)
[ITER 132] bestGlobalCost=1312570.51 (feasible=YES) bestThisIter=1364333.64 feasibleAnts=10 noImprove=19 (elapsed 665.827s)
[ITER 133] bestGlobalCost=1312570.51 (feasible=YES) bestThisIter=1343950.20 feasibleAnts=10 noImprove=20 (elapsed 668.668s)
[ITER 134] bestGlobalCost=1312570.51 (feasible=YES) bestThisIter=1350006.98 feasibleAnts=10 noImprove=21 (elapsed 677.322s)
[ITER 135] bestGlobalCost=1312570.51 (feasible=YES) bestThisIter=1337700.05 feasibleAnts=10 noImprove=22 (elapsed 679.85s)
[ITER 136] bestGlobalCost=1312570.51 (feasible=YES) bestThisIter=1345102.25 feasibleAnts=10 noImprove=23 (elapsed 688.495s)
[ITER 137] bestGlobalCost=1312570.51 (feasible=YES) bestThisIter=1342816.92 feasibleAnts=10 noImprove=24 (elapsed 690.979s)
[ITER 138] bestGlobalCost=1312570.51 (feasible=YES) bestThisIter=1339478.38 feasibleAnts=10 noImprove=25 (elapsed 699.692s)
[ITER 139] bestGlobalCost=1312570.51 (feasible=YES) bestThisIter=1358458.26 feasibleAnts=10 noImprove=26 (elapsed 702.406s)
[ITER 140] bestGlobalCost=1312570.51 (feasible=YES) bestThisIter=1351257.75 feasibleAnts=10 noImprove=27 (elapsed 710.326s)
[ITER 141] bestGlobalCost=1312570.51 (feasible=YES) bestThisIter=1354607.00 feasibleAnts=10 noImprove=28 (elapsed 713.399s)
[ITER 142] bestGlobalCost=1312570.51 (feasible=YES) bestThisIter=1347544.02 feasibleAnts=10 noImprove=29 (elapsed 722.161s)
[ITER 143] bestGlobalCost=1312570.51 (feasible=YES) bestThisIter=1349082.08 feasibleAnts=10 noImprove=30 (elapsed 724.379s)
[RESET] no improvement for30-> reset pheromones
[ITER 144] bestGlobalCost=1312570.51 (feasible=YES) bestThisIter=1401778.39 feasibleAnts=10 noImprove=1 (elapsed 733.665s)
[ITER 145] bestGlobalCost=1312570.51 (feasible=YES) bestThisIter=1341852.20 feasibleAnts=10 noImprove=2 (elapsed 734.629s)
[ITER 146] bestGlobalCost=1312570.51 (feasible=YES) bestThisIter=1331338.84 feasibleAnts=10 noImprove=3 (elapsed 742.951s)
[ITER 147] bestGlobalCost=1312570.51 (feasible=YES) bestThisIter=1331258.74 feasibleAnts=10 noImprove=4 (elapsed 744.262s)
[ITER 148] bestGlobalCost=1312570.51 (feasible=YES) bestThisIter=1332349.29 feasibleAnts=10 noImprove=5 (elapsed 751.756s)
[ITER 149] bestGlobalCost=1312570.51 (feasible=YES) bestThisIter=1331865.92 feasibleAnts=10 noImprove=6 (elapsed 753.299s)
[ITER 150] bestGlobalCost=1312570.51 (feasible=YES) bestThisIter=1335831.37 feasibleAnts=10 noImprove=7 (elapsed 761.867s)
[ITER 151] bestGlobalCost=1312570.51 (feasible=YES) bestThisIter=1333232.30 feasibleAnts=10 noImprove=8 (elapsed 763.977s)
[ITER 152] bestGlobalCost=1312570.51 (feasible=YES) bestThisIter=1332048.25 feasibleAnts=10 noImprove=9 (elapsed 772.086s)
[ITER 153] bestGlobalCost=1312570.51 (feasible=YES) bestThisIter=1341259.50 feasibleAnts=10 noImprove=10 (elapsed 773.373s)
[ITER 154] bestGlobalCost=1312570.51 (feasible=YES) bestThisIter=1343614.00 feasibleAnts=10 noImprove=11 (elapsed 781.277s)
[ITER 155] bestGlobalCost=1312570.51 (feasible=YES) bestThisIter=1335748.05 feasibleAnts=10 noImprove=12 (elapsed 782.953s)
[ITER 156] bestGlobalCost=1312570.51 (feasible=YES) bestThisIter=1345541.48 feasibleAnts=10 noImprove=13 (elapsed 791.124s)
[ITER 157] bestGlobalCost=1312570.51 (feasible=YES) bestThisIter=1338266.26 feasibleAnts=10 noImprove=14 (elapsed 793.504s)
[ITER 158] bestGlobalCost=1312570.51 (feasible=YES) bestThisIter=1351032.19 feasibleAnts=10 noImprove=15 (elapsed 801.721s)
[ITER 159] bestGlobalCost=1312570.51 (feasible=YES) bestThisIter=1331048.37 feasibleAnts=10 noImprove=16 (elapsed 803.964s)
[ITER 160] bestGlobalCost=1312570.51 (feasible=YES) bestThisIter=1350215.68 feasibleAnts=10 noImprove=17 (elapsed 811.972s)
[ITER 161] bestGlobalCost=1312570.51 (feasible=YES) bestThisIter=1345156.89 feasibleAnts=10 noImprove=18 (elapsed 814.118s)
[ITER 162] bestGlobalCost=1312570.51 (feasible=YES) bestThisIter=1353821.58 feasibleAnts=10 noImprove=19 (elapsed 822.196s)
[ITER 163] bestGlobalCost=1312570.51 (feasible=YES) bestThisIter=1352950.02 feasibleAnts=10 noImprove=20 (elapsed 824.097s)
[ITER 164] bestGlobalCost=1312570.51 (feasible=YES) bestThisIter=1334901.07 feasibleAnts=10 noImprove=21 (elapsed 832.652s)
[ITER 165] bestGlobalCost=1312570.51 (feasible=YES) bestThisIter=1346382.63 feasibleAnts=10 noImprove=22 (elapsed 835.637s)
[ITER 166] bestGlobalCost=1312570.51 (feasible=YES) bestThisIter=1344103.26 feasibleAnts=10 noImprove=23 (elapsed 843.798s)
[ITER 167] bestGlobalCost=1312570.51 (feasible=YES) bestThisIter=1342650.32 feasibleAnts=10 noImprove=24 (elapsed 846.366s)
[ITER 168] bestGlobalCost=1312570.51 (feasible=YES) bestThisIter=1379807.84 feasibleAnts=10 noImprove=25 (elapsed 855.106s)
[ITER 169] bestGlobalCost=1312570.51 (feasible=YES) bestThisIter=1352701.63 feasibleAnts=10 noImprove=26 (elapsed 857.937s)
[ITER 170] bestGlobalCost=1312570.51 (feasible=YES) bestThisIter=1333224.04 feasibleAnts=10 noImprove=27 (elapsed 865.955s)
[ITER 171] bestGlobalCost=1312570.51 (feasible=YES) bestThisIter=1350811.47 feasibleAnts=10 noImprove=28 (elapsed 868.25s)
[ITER 172] bestGlobalCost=1312570.51 (feasible=YES) bestThisIter=1344548.64 feasibleAnts=10 noImprove=29 (elapsed 876.75s)
[ITER 173] bestGlobalCost=1312570.51 (feasible=YES) bestThisIter=1348004.02 feasibleAnts=10 noImprove=30 (elapsed 879.099s)
[RESET] no improvement for30-> reset pheromones
[ITER 174] bestGlobalCost=1312570.51 (feasible=YES) bestThisIter=1441890.27 feasibleAnts=10 noImprove=1 (elapsed 887.797s)
[ITER 175] bestGlobalCost=1312570.51 (feasible=YES) bestThisIter=1332480.70 feasibleAnts=10 noImprove=2 (elapsed 890.1s)
[ITER 176] bestGlobalCost=1312570.51 (feasible=YES) bestThisIter=1333279.53 feasibleAnts=10 noImprove=3 (elapsed 897.051s)
[ITER 177] bestGlobalCost=1312570.51 (feasible=YES) bestThisIter=1330552.59 feasibleAnts=10 noImprove=4 (elapsed 898.669s)
[ITER 178] bestGlobalCost=1312570.51 (feasible=YES) bestThisIter=1322879.49 feasibleAnts=10 noImprove=5 (elapsed 906.194s)
[ITER 179] bestGlobalCost=1312570.51 (feasible=YES) bestThisIter=1325194.04 feasibleAnts=10 noImprove=6 (elapsed 908.012s)
[ITER 180] bestGlobalCost=1312570.51 (feasible=YES) bestThisIter=1351485.11 feasibleAnts=10 noImprove=7 (elapsed 915.553s)
[ITER 181] bestGlobalCost=1312570.51 (feasible=YES) bestThisIter=1330121.81 feasibleAnts=10 noImprove=8 (elapsed 917.091s)
[ITER 182] bestGlobalCost=1312570.51 (feasible=YES) bestThisIter=1329990.28 feasibleAnts=10 noImprove=9 (elapsed 924.807s)
[ITER 183] bestGlobalCost=1312570.51 (feasible=YES) bestThisIter=1342273.84 feasibleAnts=10 noImprove=10 (elapsed 926.57s)
[ITER 184] bestGlobalCost=1312570.51 (feasible=YES) bestThisIter=1339953.54 feasibleAnts=10 noImprove=11 (elapsed 935.489s)
[ITER 185] bestGlobalCost=1312570.51 (feasible=YES) bestThisIter=1341608.60 feasibleAnts=10 noImprove=12 (elapsed 936.778s)
[ITER 186] bestGlobalCost=1312570.51 (feasible=YES) bestThisIter=1353134.95 feasibleAnts=10 noImprove=13 (elapsed 945.314s)
[ITER 187] bestGlobalCost=1312570.51 (feasible=YES) bestThisIter=1324748.99 feasibleAnts=10 noImprove=14 (elapsed 947.204s)
[ITER 188] bestGlobalCost=1312570.51 (feasible=YES) bestThisIter=1352808.76 feasibleAnts=10 noImprove=15 (elapsed 955.699s)
[ITER 189] bestGlobalCost=1312570.51 (feasible=YES) bestThisIter=1346465.66 feasibleAnts=10 noImprove=16 (elapsed 957.968s)
[ITER 190] bestGlobalCost=1312570.51 (feasible=YES) bestThisIter=1353313.02 feasibleAnts=10 noImprove=17 (elapsed 966.543s)
[ITER 191] bestGlobalCost=1312570.51 (feasible=YES) bestThisIter=1333578.56 feasibleAnts=10 noImprove=18 (elapsed 969.782s)
[ITER 192] bestGlobalCost=1312570.51 (feasible=YES) bestThisIter=1359661.81 feasibleAnts=10 noImprove=19 (elapsed 977.498s)
[ITER 193] bestGlobalCost=1312570.51 (feasible=YES) bestThisIter=1354376.53 feasibleAnts=10 noImprove=20 (elapsed 979.661s)
[ITER 194] bestGlobalCost=1312570.51 (feasible=YES) bestThisIter=1357030.19 feasibleAnts=10 noImprove=21 (elapsed 987.886s)
[ITER 195] bestGlobalCost=1312570.51 (feasible=YES) bestThisIter=1330607.84 feasibleAnts=10 noImprove=22 (elapsed 990.002s)
[ITER 196] bestGlobalCost=1312570.51 (feasible=YES) bestThisIter=1353159.49 feasibleAnts=10 noImprove=23 (elapsed 998.278s)
[ITER 197] bestGlobalCost=1312570.51 (feasible=YES) bestThisIter=1342460.78 feasibleAnts=10 noImprove=24 (elapsed 1000.91s)
[ITER 198] bestGlobalCost=1312570.51 (feasible=YES) bestThisIter=1350991.65 feasibleAnts=10 noImprove=25 (elapsed 1009.76s)
[ITER 199] bestGlobalCost=1312570.51 (feasible=YES) bestThisIter=1353737.87 feasibleAnts=10 noImprove=26 (elapsed 1011.87s)
[ITER 200] bestGlobalCost=1312570.51 (feasible=YES) bestThisIter=1370328.83 feasibleAnts=10 noImprove=27 (elapsed 1021.21s)
[ITER 201] bestGlobalCost=1312570.51 (feasible=YES) bestThisIter=1339592.36 feasibleAnts=10 noImprove=28 (elapsed 1023.12s)
[ITER 202] bestGlobalCost=1312570.51 (feasible=YES) bestThisIter=1355773.43 feasibleAnts=10 noImprove=29 (elapsed 1031.19s)
[ITER 203] bestGlobalCost=1312570.51 (feasible=YES) bestThisIter=1380200.63 feasibleAnts=10 noImprove=30 (elapsed 1032.54s)
[RESET] no improvement for30-> reset pheromones
[ITER 204] bestGlobalCost=1312570.51 (feasible=YES) bestThisIter=1458859.86 feasibleAnts=10 noImprove=1 (elapsed 1040.95s)
[ITER 205] bestGlobalCost=1312570.51 (feasible=YES) bestThisIter=1344631.57 feasibleAnts=10 noImprove=2 (elapsed 1042.18s)
[ITER 206] bestGlobalCost=1312570.51 (feasible=YES) bestThisIter=1340754.89 feasibleAnts=10 noImprove=3 (elapsed 1049.32s)
[ITER 207] bestGlobalCost=1312570.51 (feasible=YES) bestThisIter=1329516.54 feasibleAnts=10 noImprove=4 (elapsed 1050.62s)
[ITER 208] [TS] New best cost=1312112.55 (feasible=YES, time 1059.5s)
[ITER 208] bestGlobalCost=1312112.55 (feasible=YES) bestThisIter=1327388.48 feasibleAnts=10 noImprove=1 (elapsed 1059.5s)
[ITER 209] bestGlobalCost=1312112.55 (feasible=YES) bestThisIter=1316834.64 feasibleAnts=10 noImprove=2 (elapsed 1060.26s)
[ITER 210] [TS] New best cost=1311421.08 (feasible=YES, time 1067.98s)
[ITER 210] bestGlobalCost=1311421.08 (feasible=YES) bestThisIter=1320153.10 feasibleAnts=10 noImprove=1 (elapsed 1067.98s)
[ITER 211] bestGlobalCost=1311421.08 (feasible=YES) bestThisIter=1313181.90 feasibleAnts=10 noImprove=2 (elapsed 1068.97s)
[ITER 212] bestGlobalCost=1311421.08 (feasible=YES) bestThisIter=1313190.90 feasibleAnts=10 noImprove=3 (elapsed 1076.09s)
[ITER 213] bestGlobalCost=1311421.08 (feasible=YES) bestThisIter=1326716.38 feasibleAnts=10 noImprove=4 (elapsed 1078.21s)
[ITER 214] bestGlobalCost=1311421.08 (feasible=YES) bestThisIter=1323111.61 feasibleAnts=10 noImprove=5 (elapsed 1086.31s)
[ITER 215] bestGlobalCost=1311421.08 (feasible=YES) bestThisIter=1324759.78 feasibleAnts=10 noImprove=6 (elapsed 1087.78s)
[ITER 216] bestGlobalCost=1311421.08 (feasible=YES) bestThisIter=1332922.40 feasibleAnts=10 noImprove=7 (elapsed 1095.82s)
[ITER 217] bestGlobalCost=1311421.08 (feasible=YES) bestThisIter=1346325.40 feasibleAnts=10 noImprove=8 (elapsed 1097.21s)
[ITER 218] bestGlobalCost=1311421.08 (feasible=YES) bestThisIter=1335319.11 feasibleAnts=10 noImprove=9 (elapsed 1105.1s)
[ITER 219] bestGlobalCost=1311421.08 (feasible=YES) bestThisIter=1333200.88 feasibleAnts=10 noImprove=10 (elapsed 1106.32s)
[ITER 220] bestGlobalCost=1311421.08 (feasible=YES) bestThisIter=1344244.55 feasibleAnts=10 noImprove=11 (elapsed 1114.33s)
[ITER 221] bestGlobalCost=1311421.08 (feasible=YES) bestThisIter=1352199.95 feasibleAnts=10 noImprove=12 (elapsed 1115.81s)
[ITER 222] bestGlobalCost=1311421.08 (feasible=YES) bestThisIter=1336701.92 feasibleAnts=10 noImprove=13 (elapsed 1123.66s)
[ITER 223] bestGlobalCost=1311421.08 (feasible=YES) bestThisIter=1352345.98 feasibleAnts=10 noImprove=14 (elapsed 1125.54s)
[ITER 224] bestGlobalCost=1311421.08 (feasible=YES) bestThisIter=1354878.43 feasibleAnts=10 noImprove=15 (elapsed 1133.77s)
[ITER 225] bestGlobalCost=1311421.08 (feasible=YES) bestThisIter=1353894.28 feasibleAnts=10 noImprove=16 (elapsed 1135.59s)
[ITER 226] bestGlobalCost=1311421.08 (feasible=YES) bestThisIter=1346553.39 feasibleAnts=10 noImprove=17 (elapsed 1143.58s)
[ITER 227] bestGlobalCost=1311421.08 (feasible=YES) bestThisIter=1363486.03 feasibleAnts=10 noImprove=18 (elapsed 1145.17s)
[ITER 228] bestGlobalCost=1311421.08 (feasible=YES) bestThisIter=1346389.38 feasibleAnts=10 noImprove=19 (elapsed 1153.39s)
[ITER 229] bestGlobalCost=1311421.08 (feasible=YES) bestThisIter=1338213.20 feasibleAnts=10 noImprove=20 (elapsed 1155.39s)
[ITER 230] bestGlobalCost=1311421.08 (feasible=YES) bestThisIter=1343657.14 feasibleAnts=10 noImprove=21 (elapsed 1164.53s)
[ITER 231] bestGlobalCost=1311421.08 (feasible=YES) bestThisIter=1362329.34 feasibleAnts=10 noImprove=22 (elapsed 1166.61s)
[ITER 232] bestGlobalCost=1311421.08 (feasible=YES) bestThisIter=1334203.06 feasibleAnts=10 noImprove=23 (elapsed 1175.58s)
[ITER 233] bestGlobalCost=1311421.08 (feasible=YES) bestThisIter=1341265.12 feasibleAnts=10 noImprove=24 (elapsed 1177.38s)
[ITER 234] bestGlobalCost=1311421.08 (feasible=YES) bestThisIter=1343664.42 feasibleAnts=10 noImprove=25 (elapsed 1186.43s)
[ITER 235] bestGlobalCost=1311421.08 (feasible=YES) bestThisIter=1351911.71 feasibleAnts=10 noImprove=26 (elapsed 1188.21s)
[ITER 236] bestGlobalCost=1311421.08 (feasible=YES) bestThisIter=1347453.68 feasibleAnts=10 noImprove=27 (elapsed 1196.7s)
[ITER 237] bestGlobalCost=1311421.08 (feasible=YES) bestThisIter=1342248.06 feasibleAnts=10 noImprove=28 (elapsed 1198.46s)
[ITER 238] bestGlobalCost=1311421.08 (feasible=YES) bestThisIter=1333793.37 feasibleAnts=10 noImprove=29 (elapsed 1207.13s)
[ITER 239] bestGlobalCost=1311421.08 (feasible=YES) bestThisIter=1352555.17 feasibleAnts=10 noImprove=30 (elapsed 1209.39s)
[RESET] no improvement for30-> reset pheromones
[ITER 240] bestGlobalCost=1311421.08 (feasible=YES) bestThisIter=1446637.62 feasibleAnts=10 noImprove=1 (elapsed 1218.76s)
[ITER 241] bestGlobalCost=1311421.08 (feasible=YES) bestThisIter=1333027.90 feasibleAnts=10 noImprove=2 (elapsed 1221.51s)
[ITER 242] bestGlobalCost=1311421.08 (feasible=YES) bestThisIter=1326336.34 feasibleAnts=10 noImprove=3 (elapsed 1229.48s)
[ITER 243] bestGlobalCost=1311421.08 (feasible=YES) bestThisIter=1321756.57 feasibleAnts=10 noImprove=4 (elapsed 1230.5s)
[ITER 244] bestGlobalCost=1311421.08 (feasible=YES) bestThisIter=1336056.45 feasibleAnts=10 noImprove=5 (elapsed 1237.77s)
[ITER 245] bestGlobalCost=1311421.08 (feasible=YES) bestThisIter=1333154.77 feasibleAnts=10 noImprove=6 (elapsed 1239.22s)
[ITER 246] bestGlobalCost=1311421.08 (feasible=YES) bestThisIter=1325565.91 feasibleAnts=10 noImprove=7 (elapsed 1247.05s)
[ITER 247] bestGlobalCost=1311421.08 (feasible=YES) bestThisIter=1342225.68 feasibleAnts=10 noImprove=8 (elapsed 1248.81s)
[ITER 248] bestGlobalCost=1311421.08 (feasible=YES) bestThisIter=1345653.71 feasibleAnts=10 noImprove=9 (elapsed 1256.04s)
[ITER 249] bestGlobalCost=1311421.08 (feasible=YES) bestThisIter=1334697.00 feasibleAnts=10 noImprove=10 (elapsed 1257.65s)
[ITER 250] bestGlobalCost=1311421.08 (feasible=YES) bestThisIter=1331351.57 feasibleAnts=10 noImprove=11 (elapsed 1265.05s)
[ITER 251] bestGlobalCost=1311421.08 (feasible=YES) bestThisIter=1345903.15 feasibleAnts=10 noImprove=12 (elapsed 1267.8s)
[ITER 252] bestGlobalCost=1311421.08 (feasible=YES) bestThisIter=1339402.99 feasibleAnts=10 noImprove=13 (elapsed 1276.19s)
[ITER 253] bestGlobalCost=1311421.08 (feasible=YES) bestThisIter=1351909.42 feasibleAnts=10 noImprove=14 (elapsed 1278.35s)
[ITER 254] bestGlobalCost=1311421.08 (feasible=YES) bestThisIter=1342462.20 feasibleAnts=10 noImprove=15 (elapsed 1288.18s)
[ITER 255] bestGlobalCost=1311421.08 (feasible=YES) bestThisIter=1347105.94 feasibleAnts=10 noImprove=16 (elapsed 1290.54s)
[ITER 256] bestGlobalCost=1311421.08 (feasible=YES) bestThisIter=1347829.18 feasibleAnts=10 noImprove=17 (elapsed 1299.51s)
[ITER 257] bestGlobalCost=1311421.08 (feasible=YES) bestThisIter=1335975.58 feasibleAnts=10 noImprove=18 (elapsed 1302.16s)
[ITER 258] bestGlobalCost=1311421.08 (feasible=YES) bestThisIter=1354891.99 feasibleAnts=10 noImprove=19 (elapsed 1311.34s)
[ITER 259] bestGlobalCost=1311421.08 (feasible=YES) bestThisIter=1342400.01 feasibleAnts=10 noImprove=20 (elapsed 1313.3s)
[ITER 260] bestGlobalCost=1311421.08 (feasible=YES) bestThisIter=1351916.92 feasibleAnts=10 noImprove=21 (elapsed 1320.5s)
[ITER 261] bestGlobalCost=1311421.08 (feasible=YES) bestThisIter=1338861.15 feasibleAnts=10 noImprove=22 (elapsed 1322.73s)
[ITER 262] bestGlobalCost=1311421.08 (feasible=YES) bestThisIter=1361094.45 feasibleAnts=10 noImprove=23 (elapsed 1331.02s)
[ITER 263] bestGlobalCost=1311421.08 (feasible=YES) bestThisIter=1349827.30 feasibleAnts=10 noImprove=24 (elapsed 1334.08s)
[ITER 264] bestGlobalCost=1311421.08 (feasible=YES) bestThisIter=1355850.62 feasibleAnts=10 noImprove=25 (elapsed 1341.94s)
[ITER 265] bestGlobalCost=1311421.08 (feasible=YES) bestThisIter=1351843.00 feasibleAnts=10 noImprove=26 (elapsed 1344.09s)
[ITER 266] bestGlobalCost=1311421.08 (feasible=YES) bestThisIter=1338946.24 feasibleAnts=10 noImprove=27 (elapsed 1353.09s)
[ITER 267] bestGlobalCost=1311421.08 (feasible=YES) bestThisIter=1354425.37 feasibleAnts=10 noImprove=28 (elapsed 1355.75s)
[ITER 268] bestGlobalCost=1311421.08 (feasible=YES) bestThisIter=1357921.56 feasibleAnts=10 noImprove=29 (elapsed 1363.79s)
[ITER 269] bestGlobalCost=1311421.08 (feasible=YES) bestThisIter=1343190.68 feasibleAnts=10 noImprove=30 (elapsed 1366.68s)
[RESET] no improvement for30-> reset pheromones
[ITER 270] bestGlobalCost=1311421.08 (feasible=YES) bestThisIter=1445955.26 feasibleAnts=10 noImprove=1 (elapsed 1375.23s)
[ITER 271] bestGlobalCost=1311421.08 (feasible=YES) bestThisIter=1336386.97 feasibleAnts=10 noImprove=2 (elapsed 1377.27s)
[ITER 272] bestGlobalCost=1311421.08 (feasible=YES) bestThisIter=1320484.75 feasibleAnts=10 noImprove=3 (elapsed 1385.45s)
[ITER 273] bestGlobalCost=1311421.08 (feasible=YES) bestThisIter=1323178.41 feasibleAnts=10 noImprove=4 (elapsed 1386.9s)
[ITER 274] bestGlobalCost=1311421.08 (feasible=YES) bestThisIter=1325231.85 feasibleAnts=10 noImprove=5 (elapsed 1394.88s)
[ITER 275] bestGlobalCost=1311421.08 (feasible=YES) bestThisIter=1326939.69 feasibleAnts=10 noImprove=6 (elapsed 1396.44s)
[ITER 276] bestGlobalCost=1311421.08 (feasible=YES) bestThisIter=1326261.93 feasibleAnts=10 noImprove=7 (elapsed 1404.77s)
[ITER 277] bestGlobalCost=1311421.08 (feasible=YES) bestThisIter=1333360.89 feasibleAnts=10 noImprove=8 (elapsed 1406.11s)
[ITER 278] bestGlobalCost=1311421.08 (feasible=YES) bestThisIter=1340437.36 feasibleAnts=10 noImprove=9 (elapsed 1413.24s)
[ITER 279] bestGlobalCost=1311421.08 (feasible=YES) bestThisIter=1337440.67 feasibleAnts=10 noImprove=10 (elapsed 1414.51s)
[ITER 280] bestGlobalCost=1311421.08 (feasible=YES) bestThisIter=1349800.08 feasibleAnts=10 noImprove=11 (elapsed 1423.12s)
[ITER 281] bestGlobalCost=1311421.08 (feasible=YES) bestThisIter=1356964.27 feasibleAnts=10 noImprove=12 (elapsed 1425.1s)
[ITER 282] bestGlobalCost=1311421.08 (feasible=YES) bestThisIter=1336020.35 feasibleAnts=10 noImprove=13 (elapsed 1433.22s)
[ITER 283] bestGlobalCost=1311421.08 (feasible=YES) bestThisIter=1345587.75 feasibleAnts=10 noImprove=14 (elapsed 1435.34s)
[ITER 284] bestGlobalCost=1311421.08 (feasible=YES) bestThisIter=1348125.90 feasibleAnts=10 noImprove=15 (elapsed 1443.38s)
[ITER 285] bestGlobalCost=1311421.08 (feasible=YES) bestThisIter=1345073.69 feasibleAnts=10 noImprove=16 (elapsed 1446.6s)
[ITER 286] bestGlobalCost=1311421.08 (feasible=YES) bestThisIter=1349126.05 feasibleAnts=10 noImprove=17 (elapsed 1455.1s)
[ITER 287] bestGlobalCost=1311421.08 (feasible=YES) bestThisIter=1356422.05 feasibleAnts=10 noImprove=18 (elapsed 1457.44s)
[ITER 288] bestGlobalCost=1311421.08 (feasible=YES) bestThisIter=1349342.24 feasibleAnts=10 noImprove=19 (elapsed 1466.35s)
[ITER 289] bestGlobalCost=1311421.08 (feasible=YES) bestThisIter=1340299.50 feasibleAnts=10 noImprove=20 (elapsed 1468.96s)
[ITER 290] bestGlobalCost=1311421.08 (feasible=YES) bestThisIter=1342564.65 feasibleAnts=10 noImprove=21 (elapsed 1477.29s)
[ITER 291] bestGlobalCost=1311421.08 (feasible=YES) bestThisIter=1341424.12 feasibleAnts=10 noImprove=22 (elapsed 1480.68s)
[ITER 292] bestGlobalCost=1311421.08 (feasible=YES) bestThisIter=1356813.61 feasibleAnts=10 noImprove=23 (elapsed 1489.38s)
[ITER 293] bestGlobalCost=1311421.08 (feasible=YES) bestThisIter=1335858.37 feasibleAnts=10 noImprove=24 (elapsed 1491.97s)
[ITER 294] bestGlobalCost=1311421.08 (feasible=YES) bestThisIter=1346308.99 feasibleAnts=10 noImprove=25 (elapsed 1501.26s)
359 375 378 383 386 393 396 400 404 405 406 407 408 409 412 413 414 415 416 434 435 444 447 448 
110 111 114 115 117 118 119 120 121 122 123 124 125 126 127 129 130 131 132 133 134 135 136 137 140 
320 332 339 340 344 347 348 351 354 355 356 361 363 366 367 373 376 379 380 384 388 394 401 402 426 430 
88 89 90 91 92 93 94 95 97 98 99 100 101 102 103 104 105 106 107 108 109 112 113 
206 211 215 218 222 223 230 231 234 236 240 241 242 243 255 267 268 271 272 273 276 278 
13 14 15 16 17 18 19 46 53 54 55 56 57 58 59 60 61 62 63 64 65 87 116 128 139 
21 42 43 47 149 155 161 163 170 171 173 174 175 176 180 181 186 190 201 209 210 216 224 225 235 266 
226 239 252 253 254 264 265 270 274 275 287 288 296 300 302 303 307 308 311 315 316 319 324 328 331 336 
22 23 24 25 26 27 28 29 30 31 32 33 34 35 39 269 277 298 301 305 385 392 399 422 423 429 457 
424 425 431 432 433 436 438 443 445 446 458 459 460 461 462 463 464 465 466 467 468 469 470 471 472 
141 143 151 153 157 158 164 165 168 177 178 183 187 188 191 192 193 195 196 199 200 204 205 214 
297 317 325 326 334 337 341 342 345 349 350 352 358 364 369 370 371 377 382 389 390 391 397 398 411 
335 362 372 395 421 427 428 474 475 476 477 478 479 480 482 484 485 487 488 489 490 491 492 493 
387 403 410 417 418 419 420 437 439 440 441 442 449 450 451 452 453 454 455 456 473 481 483 486 
1 2 3 4 5 6 7 8 9 10 11 12 36 37 38 40 41 44 45 48 49 50 51 52 
184 202 203 207 208 212 213 217 219 220 221 227 228 229 232 233 237 238 244 245 249 256 257 258 
246 247 248 250 251 259 260 261 262 263 279 280 281 282 283 284 285 286 291 292 293 294 295 312 313 
138 142 144 145 146 147 148 150 152 154 156 159 160 162 166 167 169 172 179 182 185 189 194 197 198 
289 290 299 304 306 309 310 314 318 321 322 323 327 329 330 333 338 343 346 353 357 360 365 368 374 381 
20 66 67 68 69 70 71 72 73 74 75 76 77 78 79 80 81 82 83 84 85 86 96 
[SAVELOGS] evolution saved to results/logs/d493_20_2/evolution/d493_20_2
[SAVELOGS] best cost saved to results/logs/d493_20_2/objectives/d493_20_2
[SAVELOGS] best solution saved to results/logs/d493_20_2/solutions/d493_20_2
