[ITER 1] New best cost=139792.33 (feasible=YES, time 1.36205s)
[ITER 3] New best cost=138943.83 (feasible=YES, time 1.50196s)
[ITER 4] New best cost=138179.53 (feasible=YES, time 1.57047s)
[ITER 7] New best cost=137828.73 (feasible=YES, time 1.73975s)
[ITER 10] New best cost=137583.14 (feasible=YES, time 1.9112s)
[ITER 10] bestGlobalCost=137583.14 (feasible=YES) bestThisIter=137730.61 feasibleAnts=14 noImprove=0 (elapsed 1.91578s)
[ITER 16] New best cost=137574.93 (feasible=YES, time 3.54319s)
[ITER 20] bestGlobalCost=137574.93 (feasible=YES) bestThisIter=138086.82 feasibleAnts=13 noImprove=4 (elapsed 3.7734s)
[ITER 30] bestGlobalCost=137574.93 (feasible=YES) bestThisIter=137858.80 feasibleAnts=15 noImprove=14 (elapsed 5.59399s)
[ITER 40] bestGlobalCost=137574.93 (feasible=YES) bestThisIter=138305.20 feasibleAnts=15 noImprove=24 (elapsed 7.43596s)
[ITER 50] bestGlobalCost=137574.93 (feasible=YES) bestThisIter=138034.87 feasibleAnts=14 noImprove=34 (elapsed 9.32214s)
[ITER 60] bestGlobalCost=137574.93 (feasible=YES) bestThisIter=139122.56 feasibleAnts=15 noImprove=44 (elapsed 11.201s)
[RESET] no improvement for50-> reset pheromones
[ITER 70] bestGlobalCost=137574.93 (feasible=YES) bestThisIter=137706.81 feasibleAnts=15 noImprove=4 (elapsed 13.1505s)
[ITER 80] bestGlobalCost=137574.93 (feasible=YES) bestThisIter=137633.43 feasibleAnts=15 noImprove=14 (elapsed 14.9846s)
[ITER 85] New best cost=137454.39 (feasible=YES, time 16.5452s)
[ITER 90] New best cost=137289.98 (feasible=YES, time 16.8168s)
[ITER 90] bestGlobalCost=137289.98 (feasible=YES) bestThisIter=137948.37 feasibleAnts=14 noImprove=0 (elapsed 16.8209s)
[ITER 100] bestGlobalCost=137289.98 (feasible=YES) bestThisIter=138261.16 feasibleAnts=15 noImprove=10 (elapsed 18.6304s)
[ITER 110] bestGlobalCost=137289.98 (feasible=YES) bestThisIter=137765.47 feasibleAnts=15 noImprove=20 (elapsed 20.4375s)
[ITER 120] bestGlobalCost=137289.98 (feasible=YES) bestThisIter=137844.55 feasibleAnts=14 noImprove=30 (elapsed 22.287s)
[ITER 130] bestGlobalCost=137289.98 (feasible=YES) bestThisIter=138487.73 feasibleAnts=15 noImprove=40 (elapsed 24.1898s)
[ITER 140] bestGlobalCost=137289.98 (feasible=YES) bestThisIter=138325.47 feasibleAnts=15 noImprove=50 (elapsed 26.0855s)
[RESET] no improvement for50-> reset pheromones
[ITER 150] bestGlobalCost=137289.98 (feasible=YES) bestThisIter=138206.55 feasibleAnts=14 noImprove=10 (elapsed 27.9283s)
[ITER 160] bestGlobalCost=137289.98 (feasible=YES) bestThisIter=137632.82 feasibleAnts=15 noImprove=20 (elapsed 29.7795s)
[ITER 170] bestGlobalCost=137289.98 (feasible=YES) bestThisIter=138682.72 feasibleAnts=15 noImprove=30 (elapsed 31.6386s)
[ITER 180] bestGlobalCost=137289.98 (feasible=YES) bestThisIter=138273.82 feasibleAnts=13 noImprove=40 (elapsed 33.5413s)
[ITER 190] bestGlobalCost=137289.98 (feasible=YES) bestThisIter=138547.45 feasibleAnts=15 noImprove=50 (elapsed 35.4454s)
[RESET] no improvement for50-> reset pheromones
[ITER 200] bestGlobalCost=137289.98 (feasible=YES) bestThisIter=137608.17 feasibleAnts=15 noImprove=10 (elapsed 37.3298s)
[ITER 210] bestGlobalCost=137289.98 (feasible=YES) bestThisIter=138850.09 feasibleAnts=15 noImprove=20 (elapsed 39.1665s)
[ITER 220] bestGlobalCost=137289.98 (feasible=YES) bestThisIter=137412.09 feasibleAnts=15 noImprove=30 (elapsed 41.0467s)
[ITER 230] bestGlobalCost=137289.98 (feasible=YES) bestThisIter=138636.70 feasibleAnts=15 noImprove=40 (elapsed 42.8854s)
[ITER 240] bestGlobalCost=137289.98 (feasible=YES) bestThisIter=139453.09 feasibleAnts=14 noImprove=50 (elapsed 44.8512s)
[RESET] no improvement for50-> reset pheromones
[ITER 250] bestGlobalCost=137289.98 (feasible=YES) bestThisIter=137844.55 feasibleAnts=14 noImprove=10 (elapsed 46.7519s)
[ITER 260] bestGlobalCost=137289.98 (feasible=YES) bestThisIter=137443.67 feasibleAnts=13 noImprove=20 (elapsed 48.5927s)
[ITER 270] bestGlobalCost=137289.98 (feasible=YES) bestThisIter=138310.91 feasibleAnts=15 noImprove=30 (elapsed 50.458s)
[ITER 277] New best cost=136904.17 (feasible=YES, time 52.1309s)
[ITER 280] bestGlobalCost=136904.17 (feasible=YES) bestThisIter=137754.25 feasibleAnts=14 noImprove=3 (elapsed 52.2924s)
[ITER 290] bestGlobalCost=136904.17 (feasible=YES) bestThisIter=137445.37 feasibleAnts=14 noImprove=13 (elapsed 54.1031s)
[ITER 299] New best cost=136863.37 (feasible=YES, time 55.88s)
[ITER 300] bestGlobalCost=136863.37 (feasible=YES) bestThisIter=136904.17 feasibleAnts=13 noImprove=1 (elapsed 55.938s)
[ITER 304] New best cost=136856.98 (feasible=YES, time 57.4085s)
[ITER 310] bestGlobalCost=136856.98 (feasible=YES) bestThisIter=136863.37 feasibleAnts=15 noImprove=6 (elapsed 57.7511s)
[ITER 320] bestGlobalCost=136856.98 (feasible=YES) bestThisIter=137803.37 feasibleAnts=10 noImprove=16 (elapsed 59.5797s)
[ITER 330] bestGlobalCost=136856.98 (feasible=YES) bestThisIter=137481.98 feasibleAnts=15 noImprove=26 (elapsed 61.4256s)
[ITER 340] bestGlobalCost=136856.98 (feasible=YES) bestThisIter=137687.19 feasibleAnts=15 noImprove=36 (elapsed 63.2697s)
[ITER 350] bestGlobalCost=136856.98 (feasible=YES) bestThisIter=138528.15 feasibleAnts=14 noImprove=46 (elapsed 65.1453s)
[RESET] no improvement for50-> reset pheromones
[ITER 360] bestGlobalCost=136856.98 (feasible=YES) bestThisIter=137454.40 feasibleAnts=15 noImprove=6 (elapsed 67.0518s)
[ITER 370] bestGlobalCost=136856.98 (feasible=YES) bestThisIter=138023.88 feasibleAnts=15 noImprove=16 (elapsed 68.8642s)
[ITER 380] bestGlobalCost=136856.98 (feasible=YES) bestThisIter=137462.65 feasibleAnts=15 noImprove=26 (elapsed 70.743s)
[ITER 390] bestGlobalCost=136856.98 (feasible=YES) bestThisIter=138153.07 feasibleAnts=14 noImprove=36 (elapsed 72.5936s)
[ITER 400] bestGlobalCost=136856.98 (feasible=YES) bestThisIter=137889.82 feasibleAnts=14 noImprove=46 (elapsed 74.5218s)
[RESET] no improvement for50-> reset pheromones
[ITER 410] bestGlobalCost=136856.98 (feasible=YES) bestThisIter=138248.16 feasibleAnts=13 noImprove=6 (elapsed 76.4351s)
[ITER 420] bestGlobalCost=136856.98 (feasible=YES) bestThisIter=137856.85 feasibleAnts=14 noImprove=16 (elapsed 78.279s)
[ITER 430] bestGlobalCost=136856.98 (feasible=YES) bestThisIter=137388.88 feasibleAnts=15 noImprove=26 (elapsed 80.1303s)
[ITER 440] bestGlobalCost=136856.98 (feasible=YES) bestThisIter=137407.93 feasibleAnts=15 noImprove=36 (elapsed 81.9926s)
[ITER 450] bestGlobalCost=136856.98 (feasible=YES) bestThisIter=138541.48 feasibleAnts=15 noImprove=46 (elapsed 83.9262s)
[RESET] no improvement for50-> reset pheromones
[ITER 460] bestGlobalCost=136856.98 (feasible=YES) bestThisIter=137507.34 feasibleAnts=15 noImprove=6 (elapsed 85.8257s)
[ITER 470] bestGlobalCost=136856.98 (feasible=YES) bestThisIter=137783.40 feasibleAnts=14 noImprove=16 (elapsed 87.6444s)
[ITER 480] bestGlobalCost=136856.98 (feasible=YES) bestThisIter=138016.92 feasibleAnts=14 noImprove=26 (elapsed 89.4612s)
[ITER 490] bestGlobalCost=136856.98 (feasible=YES) bestThisIter=136994.86 feasibleAnts=14 noImprove=36 (elapsed 91.6142s)
[ITER 500] bestGlobalCost=136856.98 (feasible=YES) bestThisIter=138083.76 feasibleAnts=15 noImprove=46 (elapsed 93.5544s)
[RESET] no improvement for50-> reset pheromones
[ITER 510] bestGlobalCost=136856.98 (feasible=YES) bestThisIter=137628.57 feasibleAnts=14 noImprove=6 (elapsed 95.4567s)
[ITER 520] bestGlobalCost=136856.98 (feasible=YES) bestThisIter=137618.27 feasibleAnts=14 noImprove=16 (elapsed 97.2747s)
[ITER 530] bestGlobalCost=136856.98 (feasible=YES) bestThisIter=137624.92 feasibleAnts=14 noImprove=26 (elapsed 99.134s)
[ITER 540] bestGlobalCost=136856.98 (feasible=YES) bestThisIter=137755.81 feasibleAnts=15 noImprove=36 (elapsed 100.973s)
[ITER 550] bestGlobalCost=136856.98 (feasible=YES) bestThisIter=137744.43 feasibleAnts=15 noImprove=46 (elapsed 102.863s)
[RESET] no improvement for50-> reset pheromones
[ITER 560] bestGlobalCost=136856.98 (feasible=YES) bestThisIter=137559.02 feasibleAnts=14 noImprove=6 (elapsed 104.802s)
[ITER 570] bestGlobalCost=136856.98 (feasible=YES) bestThisIter=137503.66 feasibleAnts=13 noImprove=16 (elapsed 106.634s)
[ITER 580] bestGlobalCost=136856.98 (feasible=YES) bestThisIter=138240.95 feasibleAnts=14 noImprove=26 (elapsed 108.501s)
[ITER 590] bestGlobalCost=136856.98 (feasible=YES) bestThisIter=137935.45 feasibleAnts=15 noImprove=36 (elapsed 110.369s)
[ITER 600] bestGlobalCost=136856.98 (feasible=YES) bestThisIter=137783.40 feasibleAnts=15 noImprove=46 (elapsed 112.263s)
[RESET] no improvement for50-> reset pheromones
[ITER 610] bestGlobalCost=136856.98 (feasible=YES) bestThisIter=138800.43 feasibleAnts=13 noImprove=6 (elapsed 114.197s)
[ITER 620] bestGlobalCost=136856.98 (feasible=YES) bestThisIter=137783.40 feasibleAnts=13 noImprove=16 (elapsed 115.984s)
[ITER 630] bestGlobalCost=136856.98 (feasible=YES) bestThisIter=138400.73 feasibleAnts=15 noImprove=26 (elapsed 117.83s)
[ITER 640] bestGlobalCost=136856.98 (feasible=YES) bestThisIter=137407.93 feasibleAnts=13 noImprove=36 (elapsed 119.686s)
[ITER 650] bestGlobalCost=136856.98 (feasible=YES) bestThisIter=137118.15 feasibleAnts=15 noImprove=46 (elapsed 121.55s)
[RESET] no improvement for50-> reset pheromones
[ITER 660] bestGlobalCost=136856.98 (feasible=YES) bestThisIter=137621.16 feasibleAnts=14 noImprove=6 (elapsed 123.475s)
[ITER 670] bestGlobalCost=136856.98 (feasible=YES) bestThisIter=138762.21 feasibleAnts=15 noImprove=16 (elapsed 125.307s)
[ITER 680] bestGlobalCost=136856.98 (feasible=YES) bestThisIter=138654.75 feasibleAnts=13 noImprove=26 (elapsed 127.169s)
[ITER 690] bestGlobalCost=136856.98 (feasible=YES) bestThisIter=139026.55 feasibleAnts=15 noImprove=36 (elapsed 129.064s)
[ITER 700] bestGlobalCost=136856.98 (feasible=YES) bestThisIter=137620.96 feasibleAnts=15 noImprove=46 (elapsed 130.942s)
[RESET] no improvement for50-> reset pheromones
[ITER 710] bestGlobalCost=136856.98 (feasible=YES) bestThisIter=138228.90 feasibleAnts=15 noImprove=6 (elapsed 132.885s)
[ITER 720] bestGlobalCost=136856.98 (feasible=YES) bestThisIter=137933.07 feasibleAnts=14 noImprove=16 (elapsed 134.773s)
[ITER 730] bestGlobalCost=136856.98 (feasible=YES) bestThisIter=137746.77 feasibleAnts=15 noImprove=26 (elapsed 136.598s)
[ITER 740] bestGlobalCost=136856.98 (feasible=YES) bestThisIter=138763.03 feasibleAnts=15 noImprove=36 (elapsed 138.46s)
[ITER 750] bestGlobalCost=136856.98 (feasible=YES) bestThisIter=139253.69 feasibleAnts=15 noImprove=46 (elapsed 140.326s)
[RESET] no improvement for50-> reset pheromones
[ITER 760] bestGlobalCost=136856.98 (feasible=YES) bestThisIter=138303.01 feasibleAnts=13 noImprove=6 (elapsed 142.249s)
[ITER 770] bestGlobalCost=136856.98 (feasible=YES) bestThisIter=138309.97 feasibleAnts=13 noImprove=16 (elapsed 144.066s)
[ITER 780] bestGlobalCost=136856.98 (feasible=YES) bestThisIter=137501.30 feasibleAnts=15 noImprove=26 (elapsed 145.869s)
[ITER 790] bestGlobalCost=136856.98 (feasible=YES) bestThisIter=138111.99 feasibleAnts=14 noImprove=36 (elapsed 147.744s)
[ITER 800] bestGlobalCost=136856.98 (feasible=YES) bestThisIter=137775.71 feasibleAnts=15 noImprove=46 (elapsed 149.636s)
[RESET] no improvement for50-> reset pheromones
[ITER 810] bestGlobalCost=136856.98 (feasible=YES) bestThisIter=136904.17 feasibleAnts=15 noImprove=6 (elapsed 151.534s)
[ITER 820] bestGlobalCost=136856.98 (feasible=YES) bestThisIter=138634.34 feasibleAnts=14 noImprove=16 (elapsed 153.335s)
[ITER 830] bestGlobalCost=136856.98 (feasible=YES) bestThisIter=138642.72 feasibleAnts=14 noImprove=26 (elapsed 155.171s)
[ITER 840] bestGlobalCost=136856.98 (feasible=YES) bestThisIter=138341.77 feasibleAnts=14 noImprove=36 (elapsed 157.165s)
[ITER 850] bestGlobalCost=136856.98 (feasible=YES) bestThisIter=137085.23 feasibleAnts=15 noImprove=46 (elapsed 159.103s)
[RESET] no improvement for50-> reset pheromones
[ITER 860] bestGlobalCost=136856.98 (feasible=YES) bestThisIter=137868.23 feasibleAnts=15 noImprove=6 (elapsed 161.036s)
[ITER 870] bestGlobalCost=136856.98 (feasible=YES) bestThisIter=137303.78 feasibleAnts=15 noImprove=16 (elapsed 162.869s)
[ITER 880] bestGlobalCost=136856.98 (feasible=YES) bestThisIter=137754.82 feasibleAnts=15 noImprove=26 (elapsed 164.738s)
[ITER 890] bestGlobalCost=136856.98 (feasible=YES) bestThisIter=138292.79 feasibleAnts=15 noImprove=36 (elapsed 166.567s)
[ITER 900] bestGlobalCost=136856.98 (feasible=YES) bestThisIter=139508.58 feasibleAnts=14 noImprove=46 (elapsed 168.463s)
[RESET] no improvement for50-> reset pheromones
[ITER 910] bestGlobalCost=136856.98 (feasible=YES) bestThisIter=137534.91 feasibleAnts=15 noImprove=6 (elapsed 170.389s)
[ITER 920] bestGlobalCost=136856.98 (feasible=YES) bestThisIter=137534.91 feasibleAnts=15 noImprove=16 (elapsed 172.237s)
[ITER 930] bestGlobalCost=136856.98 (feasible=YES) bestThisIter=139269.93 feasibleAnts=12 noImprove=26 (elapsed 174.1s)
[ITER 940] bestGlobalCost=136856.98 (feasible=YES) bestThisIter=138188.54 feasibleAnts=15 noImprove=36 (elapsed 175.969s)
[ITER 950] bestGlobalCost=136856.98 (feasible=YES) bestThisIter=137758.48 feasibleAnts=15 noImprove=46 (elapsed 177.86s)
[RESET] no improvement for50-> reset pheromones
[ITER 960] bestGlobalCost=136856.98 (feasible=YES) bestThisIter=138066.58 feasibleAnts=12 noImprove=6 (elapsed 179.777s)
[ITER 970] bestGlobalCost=136856.98 (feasible=YES) bestThisIter=137534.91 feasibleAnts=15 noImprove=16 (elapsed 181.591s)
[ITER 980] bestGlobalCost=136856.98 (feasible=YES) bestThisIter=137534.91 feasibleAnts=15 noImprove=26 (elapsed 183.417s)
[ITER 990] bestGlobalCost=136856.98 (feasible=YES) bestThisIter=137282.12 feasibleAnts=13 noImprove=36 (elapsed 185.267s)
[ITER 1000] bestGlobalCost=136856.98 (feasible=YES) bestThisIter=137486.67 feasibleAnts=15 noImprove=46 (elapsed 187.158s)
[RESET] no improvement for50-> reset pheromones
[ITER 1010] bestGlobalCost=136856.98 (feasible=YES) bestThisIter=138307.54 feasibleAnts=15 noImprove=6 (elapsed 189.081s)
[ITER 1020] bestGlobalCost=136856.98 (feasible=YES) bestThisIter=137629.69 feasibleAnts=15 noImprove=16 (elapsed 190.894s)
[ITER 1030] bestGlobalCost=136856.98 (feasible=YES) bestThisIter=137947.39 feasibleAnts=15 noImprove=26 (elapsed 192.739s)
[ITER 1040] bestGlobalCost=136856.98 (feasible=YES) bestThisIter=138923.16 feasibleAnts=15 noImprove=36 (elapsed 194.591s)
[ITER 1050] bestGlobalCost=136856.98 (feasible=YES) bestThisIter=138147.15 feasibleAnts=12 noImprove=46 (elapsed 196.511s)
[RESET] no improvement for50-> reset pheromones
[ITER 1060] bestGlobalCost=136856.98 (feasible=YES) bestThisIter=137282.12 feasibleAnts=15 noImprove=6 (elapsed 198.425s)
[ITER 1070] bestGlobalCost=136856.98 (feasible=YES) bestThisIter=137618.27 feasibleAnts=15 noImprove=16 (elapsed 200.24s)
[ITER 1080] bestGlobalCost=136856.98 (feasible=YES) bestThisIter=137736.36 feasibleAnts=14 noImprove=26 (elapsed 202.086s)
[ITER 1090] bestGlobalCost=136856.98 (feasible=YES) bestThisIter=137236.97 feasibleAnts=15 noImprove=36 (elapsed 203.96s)
[ITER 1100] bestGlobalCost=136856.98 (feasible=YES) bestThisIter=138157.05 feasibleAnts=14 noImprove=46 (elapsed 205.856s)
[RESET] no improvement for50-> reset pheromones
[ITER 1110] bestGlobalCost=136856.98 (feasible=YES) bestThisIter=137488.68 feasibleAnts=13 noImprove=6 (elapsed 207.748s)
[ITER 1120] bestGlobalCost=136856.98 (feasible=YES) bestThisIter=136863.37 feasibleAnts=15 noImprove=16 (elapsed 209.562s)
[ITER 1130] bestGlobalCost=136856.98 (feasible=YES) bestThisIter=137957.30 feasibleAnts=14 noImprove=26 (elapsed 211.397s)
[ITER 1140] bestGlobalCost=136856.98 (feasible=YES) bestThisIter=137769.03 feasibleAnts=14 noImprove=36 (elapsed 213.255s)
[ITER 1150] bestGlobalCost=136856.98 (feasible=YES) bestThisIter=137958.27 feasibleAnts=14 noImprove=46 (elapsed 215.113s)
[RESET] no improvement for50-> reset pheromones
[ITER 1160] bestGlobalCost=136856.98 (feasible=YES) bestThisIter=137990.25 feasibleAnts=14 noImprove=6 (elapsed 217.007s)
[ITER 1170] bestGlobalCost=136856.98 (feasible=YES) bestThisIter=137481.15 feasibleAnts=15 noImprove=16 (elapsed 218.847s)
[ITER 1180] bestGlobalCost=136856.98 (feasible=YES) bestThisIter=137263.71 feasibleAnts=14 noImprove=26 (elapsed 220.701s)
[ITER 1190] bestGlobalCost=136856.98 (feasible=YES) bestThisIter=137577.25 feasibleAnts=14 noImprove=36 (elapsed 222.57s)
[ITER 1200] bestGlobalCost=136856.98 (feasible=YES) bestThisIter=137845.15 feasibleAnts=14 noImprove=46 (elapsed 224.463s)
[RESET] no improvement for50-> reset pheromones
[ITER 1210] bestGlobalCost=136856.98 (feasible=YES) bestThisIter=137572.82 feasibleAnts=15 noImprove=6 (elapsed 226.41s)
[ITER 1220] bestGlobalCost=136856.98 (feasible=YES) bestThisIter=137640.73 feasibleAnts=12 noImprove=16 (elapsed 228.227s)
[ITER 1230] bestGlobalCost=136856.98 (feasible=YES) bestThisIter=138065.29 feasibleAnts=13 noImprove=26 (elapsed 230.052s)
[ITER 1240] bestGlobalCost=136856.98 (feasible=YES) bestThisIter=137254.42 feasibleAnts=14 noImprove=36 (elapsed 231.9s)
[ITER 1250] bestGlobalCost=136856.98 (feasible=YES) bestThisIter=138136.69 feasibleAnts=14 noImprove=46 (elapsed 233.769s)
[RESET] no improvement for50-> reset pheromones
[ITER 1260] bestGlobalCost=136856.98 (feasible=YES) bestThisIter=138135.73 feasibleAnts=14 noImprove=6 (elapsed 235.654s)
[ITER 1270] bestGlobalCost=136856.98 (feasible=YES) bestThisIter=137445.08 feasibleAnts=15 noImprove=16 (elapsed 237.457s)
[ITER 1280] bestGlobalCost=136856.98 (feasible=YES) bestThisIter=137239.44 feasibleAnts=15 noImprove=26 (elapsed 239.28s)
[ITER 1290] bestGlobalCost=136856.98 (feasible=YES) bestThisIter=137990.25 feasibleAnts=15 noImprove=36 (elapsed 241.135s)
[ITER 1300] bestGlobalCost=136856.98 (feasible=YES) bestThisIter=138361.42 feasibleAnts=15 noImprove=46 (elapsed 243.106s)
[RESET] no improvement for50-> reset pheromones
[ITER 1310] bestGlobalCost=136856.98 (feasible=YES) bestThisIter=137564.26 feasibleAnts=14 noImprove=6 (elapsed 245.029s)
[ITER 1320] bestGlobalCost=136856.98 (feasible=YES) bestThisIter=137228.77 feasibleAnts=13 noImprove=16 (elapsed 246.847s)
[ITER 1330] bestGlobalCost=136856.98 (feasible=YES) bestThisIter=137741.41 feasibleAnts=15 noImprove=26 (elapsed 248.703s)
[ITER 1340] bestGlobalCost=136856.98 (feasible=YES) bestThisIter=138267.64 feasibleAnts=15 noImprove=36 (elapsed 250.553s)
[ITER 1350] bestGlobalCost=136856.98 (feasible=YES) bestThisIter=139438.47 feasibleAnts=15 noImprove=46 (elapsed 252.437s)
[RESET] no improvement for50-> reset pheromones
[ITER 1360] bestGlobalCost=136856.98 (feasible=YES) bestThisIter=138466.82 feasibleAnts=13 noImprove=6 (elapsed 254.313s)
[ITER 1370] bestGlobalCost=136856.98 (feasible=YES) bestThisIter=137305.06 feasibleAnts=13 noImprove=16 (elapsed 256.176s)
[ITER 1380] bestGlobalCost=136856.98 (feasible=YES) bestThisIter=138248.58 feasibleAnts=14 noImprove=26 (elapsed 258.016s)
[ITER 1390] bestGlobalCost=136856.98 (feasible=YES) bestThisIter=138866.45 feasibleAnts=15 noImprove=36 (elapsed 259.916s)
[ITER 1400] bestGlobalCost=136856.98 (feasible=YES) bestThisIter=137534.91 feasibleAnts=15 noImprove=46 (elapsed 261.801s)
[RESET] no improvement for50-> reset pheromones
[ITER 1410] bestGlobalCost=136856.98 (feasible=YES) bestThisIter=137571.57 feasibleAnts=15 noImprove=6 (elapsed 263.723s)
[ITER 1420] bestGlobalCost=136856.98 (feasible=YES) bestThisIter=138463.08 feasibleAnts=15 noImprove=16 (elapsed 265.545s)
[ITER 1430] bestGlobalCost=136856.98 (feasible=YES) bestThisIter=137466.36 feasibleAnts=14 noImprove=26 (elapsed 267.348s)
[ITER 1440] bestGlobalCost=136856.98 (feasible=YES) bestThisIter=138345.77 feasibleAnts=15 noImprove=36 (elapsed 269.209s)
[ITER 1450] bestGlobalCost=136856.98 (feasible=YES) bestThisIter=138056.48 feasibleAnts=14 noImprove=46 (elapsed 271.097s)
[RESET] no improvement for50-> reset pheromones
[ITER 1460] bestGlobalCost=136856.98 (feasible=YES) bestThisIter=136994.86 feasibleAnts=14 noImprove=6 (elapsed 272.966s)
[ITER 1470] bestGlobalCost=136856.98 (feasible=YES) bestThisIter=138073.21 feasibleAnts=14 noImprove=16 (elapsed 274.807s)
[ITER 1480] bestGlobalCost=136856.98 (feasible=YES) bestThisIter=137369.24 feasibleAnts=14 noImprove=26 (elapsed 276.67s)
[ITER 1490] bestGlobalCost=136856.98 (feasible=YES) bestThisIter=137839.02 feasibleAnts=15 noImprove=36 (elapsed 278.55s)
[ITER 1500] bestGlobalCost=136856.98 (feasible=YES) bestThisIter=138626.99 feasibleAnts=15 noImprove=46 (elapsed 280.453s)
[RESET] no improvement for50-> reset pheromones
[ITER 1510] bestGlobalCost=136856.98 (feasible=YES) bestThisIter=137833.08 feasibleAnts=14 noImprove=6 (elapsed 282.355s)
[ITER 1520] bestGlobalCost=136856.98 (feasible=YES) bestThisIter=138444.12 feasibleAnts=14 noImprove=16 (elapsed 284.151s)
[ITER 1530] bestGlobalCost=136856.98 (feasible=YES) bestThisIter=138187.86 feasibleAnts=14 noImprove=26 (elapsed 286.023s)
[ITER 1540] bestGlobalCost=136856.98 (feasible=YES) bestThisIter=137534.91 feasibleAnts=15 noImprove=36 (elapsed 287.897s)
[ITER 1550] bestGlobalCost=136856.98 (feasible=YES) bestThisIter=138329.20 feasibleAnts=15 noImprove=46 (elapsed 289.771s)
[RESET] no improvement for50-> reset pheromones
[ITER 1560] bestGlobalCost=136856.98 (feasible=YES) bestThisIter=137720.81 feasibleAnts=15 noImprove=6 (elapsed 291.665s)
[ITER 1570] bestGlobalCost=136856.98 (feasible=YES) bestThisIter=138251.59 feasibleAnts=15 noImprove=16 (elapsed 293.511s)
[ITER 1580] bestGlobalCost=136856.98 (feasible=YES) bestThisIter=138216.12 feasibleAnts=15 noImprove=26 (elapsed 295.343s)
[ITER 1590] bestGlobalCost=136856.98 (feasible=YES) bestThisIter=137904.78 feasibleAnts=15 noImprove=36 (elapsed 297.185s)
[ITER 1600] bestGlobalCost=136856.98 (feasible=YES) bestThisIter=137109.99 feasibleAnts=15 noImprove=46 (elapsed 299.12s)
80 82 83 84 85 86 87 91 92 93 94 95 96 99 100 130 131 132 209 210 211 221 
45 48 49 50 52 53 54 55 56 57 60 73 76 133 189 190 191 192 199 205 224 225 
65 66 67 68 69 70 71 72 88 89 90 101 102 103 104 105 106 107 108 109 220 
2 27 47 51 58 59 61 62 63 64 110 111 112 113 114 115 116 117 118 186 187 188 207 223 
25 26 28 29 30 31 32 34 35 74 75 77 78 79 81 97 98 202 204 206 216 217 219 
1 3 4 5 6 7 8 9 40 41 42 43 44 46 193 194 195 196 197 198 200 218 
10 11 12 13 14 15 16 17 18 19 20 21 22 23 24 33 36 37 38 39 203 208 
119 120 121 122 123 124 169 170 171 172 173 174 175 176 177 178 179 180 181 182 184 185 
125 126 127 143 144 145 146 147 148 149 150 151 152 153 154 155 156 157 160 167 168 201 212 214 
128 129 134 135 136 137 138 139 140 141 142 158 159 161 162 163 164 165 166 183 213 215 222 
[SAVELOGS] evolution saved to results/logs/aco_logs/evolution/tsp225_10_2.txt
[SAVELOGS] best cost saved to results/logs/aco_logs/objectives/tsp225_10_2.txt
[SAVELOGS] best solution saved to results/logs/aco_logs/solutions/tsp225_10_2.txt
