[ITER 1] New best cost=674449.60 (feasible=YES, time 0.0207138s)
[ITER 10] bestGlobalCost=674449.60 (feasible=YES) bestThisIter=674449.60 feasibleAnts=10 noImprove=9 (elapsed 0.220772s)
[ITER 11] New best cost=673852.36 (feasible=YES, time 0.241348s)
[ITER 20] bestGlobalCost=673852.36 (feasible=YES) bestThisIter=673852.36 feasibleAnts=13 noImprove=9 (elapsed 1.58674s)
[ITER 30] bestGlobalCost=673852.36 (feasible=YES) bestThisIter=673852.36 feasibleAnts=10 noImprove=19 (elapsed 2.80602s)
[ITER 40] bestGlobalCost=673852.36 (feasible=YES) bestThisIter=673852.36 feasibleAnts=10 noImprove=29 (elapsed 2.96716s)
[RESET] no improvement for30-> reset pheromones
[ITER 42] New best cost=673350.50 (feasible=YES, time 3.00465s)
[ITER 43] New best cost=669029.38 (feasible=YES, time 3.02188s)
[ITER 50] bestGlobalCost=669029.38 (feasible=YES) bestThisIter=669029.38 feasibleAnts=10 noImprove=7 (elapsed 4.1087s)
[ITER 60] bestGlobalCost=669029.38 (feasible=YES) bestThisIter=669029.38 feasibleAnts=11 noImprove=17 (elapsed 5.21659s)
[ITER 70] bestGlobalCost=669029.38 (feasible=YES) bestThisIter=669029.38 feasibleAnts=10 noImprove=27 (elapsed 5.32377s)
[RESET] no improvement for30-> reset pheromones
[ITER 80] bestGlobalCost=669029.38 (feasible=YES) bestThisIter=669029.38 feasibleAnts=10 noImprove=7 (elapsed 6.48697s)
[ITER 90] bestGlobalCost=669029.38 (feasible=YES) bestThisIter=669029.38 feasibleAnts=11 noImprove=17 (elapsed 7.7898s)
[ITER 100] bestGlobalCost=669029.38 (feasible=YES) bestThisIter=669029.38 feasibleAnts=10 noImprove=27 (elapsed 7.91732s)
[RESET] no improvement for30-> reset pheromones
[ITER 110] bestGlobalCost=669029.38 (feasible=YES) bestThisIter=669029.38 feasibleAnts=10 noImprove=7 (elapsed 9.29274s)
[ITER 120] bestGlobalCost=669029.38 (feasible=YES) bestThisIter=669029.38 feasibleAnts=13 noImprove=17 (elapsed 10.5832s)
[ITER 130] bestGlobalCost=669029.38 (feasible=YES) bestThisIter=669029.38 feasibleAnts=10 noImprove=27 (elapsed 10.6826s)
[RESET] no improvement for30-> reset pheromones
[ITER 140] bestGlobalCost=669029.38 (feasible=YES) bestThisIter=669029.38 feasibleAnts=10 noImprove=7 (elapsed 11.7748s)
[ITER 150] bestGlobalCost=669029.38 (feasible=YES) bestThisIter=669029.38 feasibleAnts=10 noImprove=17 (elapsed 12.8842s)
[ITER 160] bestGlobalCost=669029.38 (feasible=YES) bestThisIter=669029.38 feasibleAnts=10 noImprove=27 (elapsed 12.978s)
[RESET] no improvement for30-> reset pheromones
[ITER 170] bestGlobalCost=669029.38 (feasible=YES) bestThisIter=669029.38 feasibleAnts=10 noImprove=7 (elapsed 14.1238s)
[ITER 180] bestGlobalCost=669029.38 (feasible=YES) bestThisIter=669029.38 feasibleAnts=10 noImprove=17 (elapsed 15.4693s)
[ITER 190] bestGlobalCost=669029.38 (feasible=YES) bestThisIter=669029.38 feasibleAnts=10 noImprove=27 (elapsed 15.5817s)
[RESET] no improvement for30-> reset pheromones
[ITER 200] bestGlobalCost=669029.38 (feasible=YES) bestThisIter=669029.38 feasibleAnts=10 noImprove=7 (elapsed 16.9151s)
[ITER 210] bestGlobalCost=669029.38 (feasible=YES) bestThisIter=669029.38 feasibleAnts=10 noImprove=17 (elapsed 18.2471s)
[ITER 220] bestGlobalCost=669029.38 (feasible=YES) bestThisIter=669029.38 feasibleAnts=10 noImprove=27 (elapsed 18.3556s)
[RESET] no improvement for30-> reset pheromones
[ITER 230] bestGlobalCost=669029.38 (feasible=YES) bestThisIter=669029.38 feasibleAnts=10 noImprove=7 (elapsed 19.4905s)
[ITER 240] bestGlobalCost=669029.38 (feasible=YES) bestThisIter=669029.38 feasibleAnts=10 noImprove=17 (elapsed 20.6238s)
[ITER 250] bestGlobalCost=669029.38 (feasible=YES) bestThisIter=669029.38 feasibleAnts=10 noImprove=27 (elapsed 20.7195s)
[RESET] no improvement for30-> reset pheromones
[ITER 260] bestGlobalCost=669029.38 (feasible=YES) bestThisIter=669029.38 feasibleAnts=10 noImprove=7 (elapsed 21.8165s)
[ITER 270] bestGlobalCost=669029.38 (feasible=YES) bestThisIter=669029.38 feasibleAnts=10 noImprove=17 (elapsed 23.0666s)
[ITER 280] bestGlobalCost=669029.38 (feasible=YES) bestThisIter=669029.38 feasibleAnts=11 noImprove=27 (elapsed 23.1805s)
[RESET] no improvement for30-> reset pheromones
[ITER 290] bestGlobalCost=669029.38 (feasible=YES) bestThisIter=669029.38 feasibleAnts=10 noImprove=7 (elapsed 24.5425s)
[ITER 300] bestGlobalCost=669029.38 (feasible=YES) bestThisIter=669029.38 feasibleAnts=11 noImprove=17 (elapsed 25.8358s)
[ITER 310] bestGlobalCost=669029.38 (feasible=YES) bestThisIter=669029.38 feasibleAnts=11 noImprove=27 (elapsed 25.9519s)
[RESET] no improvement for30-> reset pheromones
[ITER 320] bestGlobalCost=669029.38 (feasible=YES) bestThisIter=669029.38 feasibleAnts=10 noImprove=7 (elapsed 27.1301s)
[ITER 330] bestGlobalCost=669029.38 (feasible=YES) bestThisIter=669029.38 feasibleAnts=10 noImprove=17 (elapsed 28.2875s)
[ITER 340] bestGlobalCost=669029.38 (feasible=YES) bestThisIter=669029.38 feasibleAnts=10 noImprove=27 (elapsed 28.4029s)
[RESET] no improvement for30-> reset pheromones
[ITER 350] bestGlobalCost=669029.38 (feasible=YES) bestThisIter=669029.38 feasibleAnts=10 noImprove=7 (elapsed 29.5439s)
[ITER 360] bestGlobalCost=669029.38 (feasible=YES) bestThisIter=669029.38 feasibleAnts=11 noImprove=17 (elapsed 30.753s)
[ITER 370] bestGlobalCost=669029.38 (feasible=YES) bestThisIter=669029.38 feasibleAnts=10 noImprove=27 (elapsed 30.8959s)
[RESET] no improvement for30-> reset pheromones
[ITER 380] bestGlobalCost=669029.38 (feasible=YES) bestThisIter=669029.38 feasibleAnts=10 noImprove=7 (elapsed 32.2663s)
[ITER 390] bestGlobalCost=669029.38 (feasible=YES) bestThisIter=669029.38 feasibleAnts=10 noImprove=17 (elapsed 33.6102s)
[ITER 400] bestGlobalCost=669029.38 (feasible=YES) bestThisIter=669029.38 feasibleAnts=10 noImprove=27 (elapsed 33.7312s)
[RESET] no improvement for30-> reset pheromones
[ITER 410] bestGlobalCost=669029.38 (feasible=YES) bestThisIter=673397.72 feasibleAnts=10 noImprove=7 (elapsed 34.9309s)
[ITER 420] bestGlobalCost=669029.38 (feasible=YES) bestThisIter=669029.38 feasibleAnts=11 noImprove=17 (elapsed 36.0242s)
[ITER 430] bestGlobalCost=669029.38 (feasible=YES) bestThisIter=669029.38 feasibleAnts=10 noImprove=27 (elapsed 36.1414s)
[RESET] no improvement for30-> reset pheromones
[ITER 440] bestGlobalCost=669029.38 (feasible=YES) bestThisIter=669029.38 feasibleAnts=10 noImprove=7 (elapsed 37.267s)
[ITER 450] bestGlobalCost=669029.38 (feasible=YES) bestThisIter=669029.38 feasibleAnts=10 noImprove=17 (elapsed 38.3577s)
[ITER 460] bestGlobalCost=669029.38 (feasible=YES) bestThisIter=669029.38 feasibleAnts=10 noImprove=27 (elapsed 38.4915s)
[RESET] no improvement for30-> reset pheromones
[ITER 470] bestGlobalCost=669029.38 (feasible=YES) bestThisIter=669029.38 feasibleAnts=10 noImprove=7 (elapsed 39.8803s)
[ITER 480] bestGlobalCost=669029.38 (feasible=YES) bestThisIter=669029.38 feasibleAnts=10 noImprove=17 (elapsed 41.2071s)
[ITER 490] bestGlobalCost=669029.38 (feasible=YES) bestThisIter=669029.38 feasibleAnts=10 noImprove=27 (elapsed 41.3331s)
[RESET] no improvement for30-> reset pheromones
[ITER 500] bestGlobalCost=669029.38 (feasible=YES) bestThisIter=669797.80 feasibleAnts=10 noImprove=7 (elapsed 42.623s)
[ITER 510] bestGlobalCost=669029.38 (feasible=YES) bestThisIter=669029.38 feasibleAnts=10 noImprove=17 (elapsed 43.7531s)
[ITER 520] bestGlobalCost=669029.38 (feasible=YES) bestThisIter=669029.38 feasibleAnts=10 noImprove=27 (elapsed 43.8605s)
[RESET] no improvement for30-> reset pheromones
[ITER 530] bestGlobalCost=669029.38 (feasible=YES) bestThisIter=669797.80 feasibleAnts=10 noImprove=7 (elapsed 44.994s)
[ITER 540] bestGlobalCost=669029.38 (feasible=YES) bestThisIter=669029.38 feasibleAnts=10 noImprove=17 (elapsed 46.0996s)
[ITER 550] bestGlobalCost=669029.38 (feasible=YES) bestThisIter=669029.38 feasibleAnts=10 noImprove=27 (elapsed 46.206s)
[RESET] no improvement for30-> reset pheromones
[ITER 560] bestGlobalCost=669029.38 (feasible=YES) bestThisIter=669029.38 feasibleAnts=10 noImprove=7 (elapsed 47.5832s)
[ITER 570] bestGlobalCost=669029.38 (feasible=YES) bestThisIter=669029.38 feasibleAnts=10 noImprove=17 (elapsed 48.9341s)
[ITER 580] bestGlobalCost=669029.38 (feasible=YES) bestThisIter=669029.38 feasibleAnts=10 noImprove=27 (elapsed 49.0436s)
[RESET] no improvement for30-> reset pheromones
[ITER 590] bestGlobalCost=669029.38 (feasible=YES) bestThisIter=669029.38 feasibleAnts=10 noImprove=7 (elapsed 50.428s)
[ITER 600] bestGlobalCost=669029.38 (feasible=YES) bestThisIter=669029.38 feasibleAnts=11 noImprove=17 (elapsed 51.533s)
[ITER 610] bestGlobalCost=669029.38 (feasible=YES) bestThisIter=669029.38 feasibleAnts=11 noImprove=27 (elapsed 51.6497s)
[RESET] no improvement for30-> reset pheromones
[ITER 620] bestGlobalCost=669029.38 (feasible=YES) bestThisIter=669029.38 feasibleAnts=10 noImprove=7 (elapsed 52.7928s)
[ITER 630] bestGlobalCost=669029.38 (feasible=YES) bestThisIter=669029.38 feasibleAnts=10 noImprove=17 (elapsed 53.9383s)
[ITER 640] bestGlobalCost=669029.38 (feasible=YES) bestThisIter=669029.38 feasibleAnts=11 noImprove=27 (elapsed 54.038s)
[RESET] no improvement for30-> reset pheromones
[ITER 650] bestGlobalCost=669029.38 (feasible=YES) bestThisIter=669029.38 feasibleAnts=10 noImprove=7 (elapsed 55.3741s)
[ITER 660] bestGlobalCost=669029.38 (feasible=YES) bestThisIter=669029.38 feasibleAnts=10 noImprove=17 (elapsed 56.7372s)
[ITER 670] bestGlobalCost=669029.38 (feasible=YES) bestThisIter=669029.38 feasibleAnts=10 noImprove=27 (elapsed 56.8593s)
[RESET] no improvement for30-> reset pheromones
[ITER 680] bestGlobalCost=669029.38 (feasible=YES) bestThisIter=669797.80 feasibleAnts=10 noImprove=7 (elapsed 58.2584s)
[ITER 690] bestGlobalCost=669029.38 (feasible=YES) bestThisIter=669029.38 feasibleAnts=10 noImprove=17 (elapsed 59.5891s)
[ITER 700] bestGlobalCost=669029.38 (feasible=YES) bestThisIter=669029.38 feasibleAnts=10 noImprove=27 (elapsed 59.7377s)
[RESET] no improvement for30-> reset pheromones
5 8 17 22 25 28 34 38 39 43 47 50 56 58 62 67 71 72 75 88 90 98 
7 9 16 18 24 26 29 32 37 44 46 49 51 61 63 66 78 82 93 
2 3 21 23 30 35 41 59 68 69 70 73 76 77 83 86 89 91 94 95 
4 10 11 14 19 33 36 45 48 52 57 74 81 84 87 92 96 97 99 100 
1 6 12 13 15 20 27 31 40 42 53 54 55 60 64 65 79 80 85 
[SAVELOGS] evolution saved to results/logs/kroC100_05_2/evolution/kroC100_05_2
[SAVELOGS] best cost saved to results/logs/kroC100_05_2/objectives/kroC100_05_2
[SAVELOGS] best solution saved to results/logs/kroC100_05_2/solutions/kroC100_05_2
