[ITER 1] New best cost=684985.15 (feasible=YES, time 0.0254821s)
[ITER 2] New best cost=674700.56 (feasible=YES, time 0.0570703s)
[ITER 4] New best cost=674658.25 (feasible=YES, time 0.0844056s)
[ITER 10] New best cost=673852.36 (feasible=YES, time 0.178837s)
[ITER 10] bestGlobalCost=673852.36 (feasible=YES) bestThisIter=673852.36 feasibleAnts=9 noImprove=0 (elapsed 0.182614s)
[ITER 20] bestGlobalCost=673852.36 (feasible=YES) bestThisIter=673852.36 feasibleAnts=18 noImprove=10 (elapsed 1.55131s)
[ITER 30] New best cost=671508.52 (feasible=YES, time 2.88463s)
[ITER 30] bestGlobalCost=671508.52 (feasible=YES) bestThisIter=673852.36 feasibleAnts=10 noImprove=0 (elapsed 2.889s)
[ITER 39] New best cost=671304.78 (feasible=YES, time 3.0585s)
[ITER 40] bestGlobalCost=671304.78 (feasible=YES) bestThisIter=671508.52 feasibleAnts=32 noImprove=1 (elapsed 3.08361s)
[ITER 50] bestGlobalCost=671304.78 (feasible=YES) bestThisIter=671304.78 feasibleAnts=13 noImprove=11 (elapsed 4.31835s)
[ITER 60] New best cost=669797.80 (feasible=YES, time 5.53703s)
[ITER 60] bestGlobalCost=669797.80 (feasible=YES) bestThisIter=671304.78 feasibleAnts=10 noImprove=0 (elapsed 5.5411s)
[ITER 63] New best cost=669029.38 (feasible=YES, time 5.61166s)
[ITER 70] bestGlobalCost=669029.38 (feasible=YES) bestThisIter=669029.38 feasibleAnts=16 noImprove=7 (elapsed 5.68875s)
[ITER 80] bestGlobalCost=669029.38 (feasible=YES) bestThisIter=669029.38 feasibleAnts=10 noImprove=17 (elapsed 6.78872s)
[ITER 90] bestGlobalCost=669029.38 (feasible=YES) bestThisIter=669029.38 feasibleAnts=10 noImprove=27 (elapsed 8.09718s)
[RESET] no improvement for30-> reset pheromones
[ITER 100] bestGlobalCost=669029.38 (feasible=YES) bestThisIter=669029.38 feasibleAnts=10 noImprove=7 (elapsed 8.27804s)
[ITER 110] bestGlobalCost=669029.38 (feasible=YES) bestThisIter=669029.38 feasibleAnts=10 noImprove=17 (elapsed 9.61474s)
[ITER 120] bestGlobalCost=669029.38 (feasible=YES) bestThisIter=669029.38 feasibleAnts=10 noImprove=27 (elapsed 10.8634s)
[RESET] no improvement for30-> reset pheromones
[ITER 130] bestGlobalCost=669029.38 (feasible=YES) bestThisIter=669029.38 feasibleAnts=10 noImprove=7 (elapsed 11.0177s)
[ITER 140] bestGlobalCost=669029.38 (feasible=YES) bestThisIter=669029.38 feasibleAnts=10 noImprove=17 (elapsed 12.1331s)
[ITER 150] bestGlobalCost=669029.38 (feasible=YES) bestThisIter=669029.38 feasibleAnts=10 noImprove=27 (elapsed 13.2224s)
[RESET] no improvement for30-> reset pheromones
[ITER 160] bestGlobalCost=669029.38 (feasible=YES) bestThisIter=669029.38 feasibleAnts=10 noImprove=7 (elapsed 13.3737s)
[ITER 170] bestGlobalCost=669029.38 (feasible=YES) bestThisIter=669029.38 feasibleAnts=10 noImprove=17 (elapsed 14.4659s)
[ITER 180] bestGlobalCost=669029.38 (feasible=YES) bestThisIter=669029.38 feasibleAnts=10 noImprove=27 (elapsed 15.5977s)
[RESET] no improvement for30-> reset pheromones
[ITER 190] bestGlobalCost=669029.38 (feasible=YES) bestThisIter=669029.38 feasibleAnts=10 noImprove=7 (elapsed 15.7562s)
[ITER 200] bestGlobalCost=669029.38 (feasible=YES) bestThisIter=669029.38 feasibleAnts=10 noImprove=17 (elapsed 16.8675s)
[ITER 210] bestGlobalCost=669029.38 (feasible=YES) bestThisIter=669029.38 feasibleAnts=10 noImprove=27 (elapsed 17.9448s)
[RESET] no improvement for30-> reset pheromones
[ITER 220] bestGlobalCost=669029.38 (feasible=YES) bestThisIter=669797.80 feasibleAnts=10 noImprove=7 (elapsed 18.0964s)
[ITER 230] bestGlobalCost=669029.38 (feasible=YES) bestThisIter=669029.38 feasibleAnts=10 noImprove=17 (elapsed 19.2797s)
[ITER 240] bestGlobalCost=669029.38 (feasible=YES) bestThisIter=669029.38 feasibleAnts=10 noImprove=27 (elapsed 20.5992s)
[RESET] no improvement for30-> reset pheromones
[ITER 250] bestGlobalCost=669029.38 (feasible=YES) bestThisIter=669797.80 feasibleAnts=10 noImprove=7 (elapsed 20.765s)
[ITER 260] bestGlobalCost=669029.38 (feasible=YES) bestThisIter=669029.38 feasibleAnts=11 noImprove=17 (elapsed 22.1406s)
[ITER 270] bestGlobalCost=669029.38 (feasible=YES) bestThisIter=669029.38 feasibleAnts=10 noImprove=27 (elapsed 23.3248s)
[RESET] no improvement for30-> reset pheromones
[ITER 280] bestGlobalCost=669029.38 (feasible=YES) bestThisIter=669029.38 feasibleAnts=10 noImprove=7 (elapsed 23.4659s)
[ITER 290] bestGlobalCost=669029.38 (feasible=YES) bestThisIter=669029.38 feasibleAnts=10 noImprove=17 (elapsed 24.5689s)
[ITER 300] bestGlobalCost=669029.38 (feasible=YES) bestThisIter=669029.38 feasibleAnts=10 noImprove=27 (elapsed 25.6107s)
[RESET] no improvement for30-> reset pheromones
[ITER 310] bestGlobalCost=669029.38 (feasible=YES) bestThisIter=669797.80 feasibleAnts=10 noImprove=7 (elapsed 25.7657s)
[ITER 320] bestGlobalCost=669029.38 (feasible=YES) bestThisIter=669029.38 feasibleAnts=10 noImprove=17 (elapsed 26.9242s)
[ITER 330] bestGlobalCost=669029.38 (feasible=YES) bestThisIter=669029.38 feasibleAnts=10 noImprove=27 (elapsed 28.2344s)
[RESET] no improvement for30-> reset pheromones
[ITER 340] bestGlobalCost=669029.38 (feasible=YES) bestThisIter=673350.50 feasibleAnts=10 noImprove=7 (elapsed 28.4124s)
[ITER 350] bestGlobalCost=669029.38 (feasible=YES) bestThisIter=669029.38 feasibleAnts=10 noImprove=17 (elapsed 29.7755s)
[ITER 360] bestGlobalCost=669029.38 (feasible=YES) bestThisIter=669029.38 feasibleAnts=10 noImprove=27 (elapsed 31.0326s)
[RESET] no improvement for30-> reset pheromones
[ITER 370] bestGlobalCost=669029.38 (feasible=YES) bestThisIter=669029.38 feasibleAnts=10 noImprove=7 (elapsed 31.1787s)
[ITER 380] bestGlobalCost=669029.38 (feasible=YES) bestThisIter=669029.38 feasibleAnts=12 noImprove=17 (elapsed 32.2534s)
[ITER 390] bestGlobalCost=669029.38 (feasible=YES) bestThisIter=669029.38 feasibleAnts=11 noImprove=27 (elapsed 33.3225s)
[RESET] no improvement for30-> reset pheromones
[ITER 400] bestGlobalCost=669029.38 (feasible=YES) bestThisIter=669029.38 feasibleAnts=10 noImprove=7 (elapsed 33.4754s)
[ITER 410] bestGlobalCost=669029.38 (feasible=YES) bestThisIter=669029.38 feasibleAnts=10 noImprove=17 (elapsed 34.6166s)
[ITER 420] bestGlobalCost=669029.38 (feasible=YES) bestThisIter=669029.38 feasibleAnts=10 noImprove=27 (elapsed 35.9052s)
[RESET] no improvement for30-> reset pheromones
[ITER 430] bestGlobalCost=669029.38 (feasible=YES) bestThisIter=669029.38 feasibleAnts=10 noImprove=7 (elapsed 36.1299s)
[ITER 440] bestGlobalCost=669029.38 (feasible=YES) bestThisIter=669029.38 feasibleAnts=10 noImprove=17 (elapsed 37.477s)
[ITER 450] bestGlobalCost=669029.38 (feasible=YES) bestThisIter=669029.38 feasibleAnts=10 noImprove=27 (elapsed 38.7853s)
[RESET] no improvement for30-> reset pheromones
[ITER 460] bestGlobalCost=669029.38 (feasible=YES) bestThisIter=669797.80 feasibleAnts=10 noImprove=7 (elapsed 38.9435s)
[ITER 470] bestGlobalCost=669029.38 (feasible=YES) bestThisIter=669029.38 feasibleAnts=10 noImprove=17 (elapsed 40.0125s)
[ITER 480] bestGlobalCost=669029.38 (feasible=YES) bestThisIter=669029.38 feasibleAnts=10 noImprove=27 (elapsed 41.1051s)
[RESET] no improvement for30-> reset pheromones
[ITER 490] bestGlobalCost=669029.38 (feasible=YES) bestThisIter=669029.38 feasibleAnts=10 noImprove=7 (elapsed 41.2527s)
[ITER 500] bestGlobalCost=669029.38 (feasible=YES) bestThisIter=669029.38 feasibleAnts=10 noImprove=17 (elapsed 42.34s)
[ITER 510] bestGlobalCost=669029.38 (feasible=YES) bestThisIter=669029.38 feasibleAnts=10 noImprove=27 (elapsed 43.5725s)
[RESET] no improvement for30-> reset pheromones
[ITER 520] bestGlobalCost=669029.38 (feasible=YES) bestThisIter=669797.80 feasibleAnts=10 noImprove=7 (elapsed 43.7702s)
[ITER 530] bestGlobalCost=669029.38 (feasible=YES) bestThisIter=669029.38 feasibleAnts=10 noImprove=17 (elapsed 45.0892s)
[ITER 540] bestGlobalCost=669029.38 (feasible=YES) bestThisIter=669029.38 feasibleAnts=10 noImprove=27 (elapsed 46.3963s)
[RESET] no improvement for30-> reset pheromones
[ITER 550] bestGlobalCost=669029.38 (feasible=YES) bestThisIter=669029.38 feasibleAnts=10 noImprove=7 (elapsed 46.5714s)
[ITER 560] bestGlobalCost=669029.38 (feasible=YES) bestThisIter=669029.38 feasibleAnts=10 noImprove=17 (elapsed 47.7309s)
[ITER 570] bestGlobalCost=669029.38 (feasible=YES) bestThisIter=669029.38 feasibleAnts=10 noImprove=27 (elapsed 48.7791s)
[RESET] no improvement for30-> reset pheromones
[ITER 580] bestGlobalCost=669029.38 (feasible=YES) bestThisIter=669029.38 feasibleAnts=10 noImprove=7 (elapsed 48.9155s)
[ITER 590] bestGlobalCost=669029.38 (feasible=YES) bestThisIter=669029.38 feasibleAnts=11 noImprove=17 (elapsed 49.9987s)
[ITER 600] bestGlobalCost=669029.38 (feasible=YES) bestThisIter=669029.38 feasibleAnts=10 noImprove=27 (elapsed 51.163s)
[RESET] no improvement for30-> reset pheromones
[ITER 610] bestGlobalCost=669029.38 (feasible=YES) bestThisIter=669029.38 feasibleAnts=10 noImprove=7 (elapsed 51.3408s)
[ITER 620] bestGlobalCost=669029.38 (feasible=YES) bestThisIter=669029.38 feasibleAnts=10 noImprove=17 (elapsed 52.7064s)
[ITER 630] bestGlobalCost=669029.38 (feasible=YES) bestThisIter=669029.38 feasibleAnts=10 noImprove=27 (elapsed 54.0213s)
[RESET] no improvement for30-> reset pheromones
[ITER 640] bestGlobalCost=669029.38 (feasible=YES) bestThisIter=669797.80 feasibleAnts=10 noImprove=7 (elapsed 54.1843s)
[ITER 650] bestGlobalCost=669029.38 (feasible=YES) bestThisIter=669029.38 feasibleAnts=10 noImprove=17 (elapsed 55.3695s)
[ITER 660] bestGlobalCost=669029.38 (feasible=YES) bestThisIter=669029.38 feasibleAnts=10 noImprove=27 (elapsed 56.4525s)
[RESET] no improvement for30-> reset pheromones
[ITER 670] bestGlobalCost=669029.38 (feasible=YES) bestThisIter=669029.38 feasibleAnts=10 noImprove=7 (elapsed 56.6021s)
[ITER 680] bestGlobalCost=669029.38 (feasible=YES) bestThisIter=669029.38 feasibleAnts=11 noImprove=17 (elapsed 57.7231s)
[ITER 690] bestGlobalCost=669029.38 (feasible=YES) bestThisIter=669029.38 feasibleAnts=10 noImprove=27 (elapsed 58.8417s)
[RESET] no improvement for30-> reset pheromones
[ITER 700] bestGlobalCost=669029.38 (feasible=YES) bestThisIter=669029.38 feasibleAnts=10 noImprove=7 (elapsed 59.0167s)
4 10 11 14 19 33 36 45 48 52 57 74 81 84 87 92 96 97 99 100 
7 9 16 18 24 26 29 32 37 44 46 49 51 61 63 66 78 82 93 
1 6 12 13 15 20 27 31 40 42 53 54 55 60 64 65 79 80 85 
2 3 21 23 30 35 41 59 68 69 70 73 76 77 83 86 89 91 94 95 
5 8 17 22 25 28 34 38 39 43 47 50 56 58 62 67 71 72 75 88 90 98 
[SAVELOGS] evolution saved to results/logs/kroC100_05_2/evolution/kroC100_05_2
[SAVELOGS] best cost saved to results/logs/kroC100_05_2/objectives/kroC100_05_2
[SAVELOGS] best solution saved to results/logs/kroC100_05_2/solutions/kroC100_05_2
