[ITER 1] New best cost=2738715.44 (feasible=YES, time 1.27632s)
[ITER 8] New best cost=2736480.76 (feasible=YES, time 1.65031s)
[ITER 10] bestGlobalCost=2736480.76 (feasible=YES) bestThisIter=2732221.58 feasibleAnts=7 noImprove=2 (elapsed 1.76328s)
[ITER 11] New best cost=2732894.66 (feasible=YES, time 2.80376s)
[ITER 20] New best cost=2729304.01 (feasible=YES, time 3.17823s)
[ITER 20] bestGlobalCost=2729304.01 (feasible=YES) bestThisIter=2732894.66 feasibleAnts=15 noImprove=0 (elapsed 3.18291s)
[ITER 30] bestGlobalCost=2729304.01 (feasible=YES) bestThisIter=2739108.67 feasibleAnts=11 noImprove=10 (elapsed 4.49058s)
[ITER 31] New best cost=2728008.72 (feasible=YES, time 5.41651s)
[ITER 40] bestGlobalCost=2728008.72 (feasible=YES) bestThisIter=2729599.22 feasibleAnts=14 noImprove=9 (elapsed 5.83065s)
[ITER 50] bestGlobalCost=2728008.72 (feasible=YES) bestThisIter=2731771.35 feasibleAnts=11 noImprove=19 (elapsed 7.17267s)
[ITER 60] bestGlobalCost=2728008.72 (feasible=YES) bestThisIter=2733416.69 feasibleAnts=10 noImprove=29 (elapsed 8.51187s)
[ITER 70] bestGlobalCost=2728008.72 (feasible=YES) bestThisIter=2736024.04 feasibleAnts=13 noImprove=39 (elapsed 9.87933s)
[ITER 80] bestGlobalCost=2728008.72 (feasible=YES) bestThisIter=2733416.69 feasibleAnts=12 noImprove=49 (elapsed 11.2286s)
[RESET] no improvement for50-> reset pheromones
[ITER 90] bestGlobalCost=2728008.72 (feasible=YES) bestThisIter=2733416.69 feasibleAnts=15 noImprove=9 (elapsed 12.6383s)
[ITER 100] bestGlobalCost=2728008.72 (feasible=YES) bestThisIter=2724527.99 feasibleAnts=13 noImprove=19 (elapsed 14.0079s)
[ITER 110] bestGlobalCost=2728008.72 (feasible=YES) bestThisIter=2729599.22 feasibleAnts=13 noImprove=29 (elapsed 15.6868s)
[ITER 120] bestGlobalCost=2728008.72 (feasible=YES) bestThisIter=2722393.85 feasibleAnts=12 noImprove=39 (elapsed 17.4198s)
[ITER 130] bestGlobalCost=2728008.72 (feasible=YES) bestThisIter=2734631.94 feasibleAnts=11 noImprove=49 (elapsed 18.9659s)
[RESET] no improvement for50-> reset pheromones
[ITER 140] bestGlobalCost=2728008.72 (feasible=YES) bestThisIter=2740395.88 feasibleAnts=14 noImprove=9 (elapsed 20.301s)
[ITER 150] bestGlobalCost=2728008.72 (feasible=YES) bestThisIter=2730883.38 feasibleAnts=14 noImprove=19 (elapsed 21.6383s)
[ITER 160] bestGlobalCost=2728008.72 (feasible=YES) bestThisIter=2727638.22 feasibleAnts=11 noImprove=29 (elapsed 22.9684s)
[ITER 170] bestGlobalCost=2728008.72 (feasible=YES) bestThisIter=2731629.20 feasibleAnts=12 noImprove=39 (elapsed 24.2897s)
[ITER 180] bestGlobalCost=2728008.72 (feasible=YES) bestThisIter=2737154.00 feasibleAnts=12 noImprove=49 (elapsed 25.6021s)
[RESET] no improvement for50-> reset pheromones
[ITER 190] bestGlobalCost=2728008.72 (feasible=YES) bestThisIter=2723044.42 feasibleAnts=12 noImprove=9 (elapsed 27.0063s)
[ITER 200] bestGlobalCost=2728008.72 (feasible=YES) bestThisIter=2724347.60 feasibleAnts=12 noImprove=19 (elapsed 28.3255s)
[ITER 210] bestGlobalCost=2728008.72 (feasible=YES) bestThisIter=2729667.40 feasibleAnts=12 noImprove=29 (elapsed 29.6433s)
[ITER 220] bestGlobalCost=2728008.72 (feasible=YES) bestThisIter=2730883.38 feasibleAnts=12 noImprove=39 (elapsed 30.9713s)
[ITER 230] bestGlobalCost=2728008.72 (feasible=YES) bestThisIter=2724347.60 feasibleAnts=14 noImprove=49 (elapsed 32.3229s)
[RESET] no improvement for50-> reset pheromones
[ITER 240] bestGlobalCost=2728008.72 (feasible=YES) bestThisIter=2727638.22 feasibleAnts=12 noImprove=9 (elapsed 33.6865s)
[ITER 250] bestGlobalCost=2728008.72 (feasible=YES) bestThisIter=2730003.27 feasibleAnts=11 noImprove=19 (elapsed 35.0111s)
[ITER 260] bestGlobalCost=2728008.72 (feasible=YES) bestThisIter=2729599.22 feasibleAnts=13 noImprove=29 (elapsed 36.3243s)
[ITER 270] bestGlobalCost=2728008.72 (feasible=YES) bestThisIter=2732717.70 feasibleAnts=14 noImprove=39 (elapsed 37.6781s)
[ITER 280] bestGlobalCost=2728008.72 (feasible=YES) bestThisIter=2741377.95 feasibleAnts=14 noImprove=49 (elapsed 38.9998s)
[RESET] no improvement for50-> reset pheromones
[ITER 290] bestGlobalCost=2728008.72 (feasible=YES) bestThisIter=2736730.03 feasibleAnts=14 noImprove=9 (elapsed 40.3455s)
[ITER 300] bestGlobalCost=2728008.72 (feasible=YES) bestThisIter=2727468.30 feasibleAnts=13 noImprove=19 (elapsed 41.6729s)
[ITER 310] bestGlobalCost=2728008.72 (feasible=YES) bestThisIter=2742220.65 feasibleAnts=11 noImprove=29 (elapsed 43.0631s)
[ITER 320] bestGlobalCost=2728008.72 (feasible=YES) bestThisIter=2734452.76 feasibleAnts=10 noImprove=39 (elapsed 44.3926s)
[ITER 330] bestGlobalCost=2728008.72 (feasible=YES) bestThisIter=2729599.22 feasibleAnts=10 noImprove=49 (elapsed 45.7162s)
[RESET] no improvement for50-> reset pheromones
[ITER 340] bestGlobalCost=2728008.72 (feasible=YES) bestThisIter=2723044.42 feasibleAnts=10 noImprove=9 (elapsed 47.0942s)
[ITER 350] bestGlobalCost=2728008.72 (feasible=YES) bestThisIter=2729667.40 feasibleAnts=12 noImprove=19 (elapsed 48.4188s)
[ITER 360] bestGlobalCost=2728008.72 (feasible=YES) bestThisIter=2730883.38 feasibleAnts=14 noImprove=29 (elapsed 49.7404s)
[ITER 370] bestGlobalCost=2728008.72 (feasible=YES) bestThisIter=2731744.53 feasibleAnts=12 noImprove=39 (elapsed 51.0803s)
[ITER 380] bestGlobalCost=2728008.72 (feasible=YES) bestThisIter=2729599.22 feasibleAnts=12 noImprove=49 (elapsed 52.4305s)
[RESET] no improvement for50-> reset pheromones
[ITER 390] bestGlobalCost=2728008.72 (feasible=YES) bestThisIter=2737154.00 feasibleAnts=14 noImprove=9 (elapsed 53.7869s)
[ITER 400] bestGlobalCost=2728008.72 (feasible=YES) bestThisIter=2731629.20 feasibleAnts=14 noImprove=19 (elapsed 55.1168s)
[ITER 410] bestGlobalCost=2728008.72 (feasible=YES) bestThisIter=2736910.65 feasibleAnts=13 noImprove=29 (elapsed 56.4658s)
[ITER 420] bestGlobalCost=2728008.72 (feasible=YES) bestThisIter=2724347.60 feasibleAnts=11 noImprove=39 (elapsed 57.8076s)
[ITER 430] bestGlobalCost=2728008.72 (feasible=YES) bestThisIter=2735988.38 feasibleAnts=11 noImprove=49 (elapsed 59.4301s)
[RESET] no improvement for50-> reset pheromones
[ITER 440] bestGlobalCost=2728008.72 (feasible=YES) bestThisIter=2730831.65 feasibleAnts=14 noImprove=9 (elapsed 61.2401s)
[ITER 450] bestGlobalCost=2728008.72 (feasible=YES) bestThisIter=2723033.61 feasibleAnts=12 noImprove=19 (elapsed 62.8377s)
[ITER 460] bestGlobalCost=2728008.72 (feasible=YES) bestThisIter=2729599.22 feasibleAnts=12 noImprove=29 (elapsed 64.1701s)
[ITER 470] bestGlobalCost=2728008.72 (feasible=YES) bestThisIter=2729304.01 feasibleAnts=12 noImprove=39 (elapsed 65.5346s)
[ITER 480] bestGlobalCost=2728008.72 (feasible=YES) bestThisIter=2730883.38 feasibleAnts=12 noImprove=49 (elapsed 66.8586s)
[RESET] no improvement for50-> reset pheromones
[ITER 490] bestGlobalCost=2728008.72 (feasible=YES) bestThisIter=2730003.27 feasibleAnts=10 noImprove=9 (elapsed 68.2231s)
[ITER 500] bestGlobalCost=2728008.72 (feasible=YES) bestThisIter=2737738.61 feasibleAnts=14 noImprove=19 (elapsed 69.5545s)
[ITER 510] bestGlobalCost=2728008.72 (feasible=YES) bestThisIter=2723044.42 feasibleAnts=10 noImprove=29 (elapsed 71.1041s)
[ITER 520] bestGlobalCost=2728008.72 (feasible=YES) bestThisIter=2729304.01 feasibleAnts=10 noImprove=39 (elapsed 72.8839s)
[ITER 530] bestGlobalCost=2728008.72 (feasible=YES) bestThisIter=2726662.28 feasibleAnts=8 noImprove=49 (elapsed 74.5732s)
[RESET] no improvement for50-> reset pheromones
[ITER 540] bestGlobalCost=2728008.72 (feasible=YES) bestThisIter=2732601.05 feasibleAnts=13 noImprove=9 (elapsed 75.9542s)
[ITER 550] bestGlobalCost=2728008.72 (feasible=YES) bestThisIter=2729599.22 feasibleAnts=11 noImprove=19 (elapsed 77.2853s)
[ITER 560] bestGlobalCost=2728008.72 (feasible=YES) bestThisIter=2734474.05 feasibleAnts=13 noImprove=29 (elapsed 78.7422s)
[ITER 570] bestGlobalCost=2728008.72 (feasible=YES) bestThisIter=2729667.40 feasibleAnts=11 noImprove=39 (elapsed 80.5204s)
[ITER 580] bestGlobalCost=2728008.72 (feasible=YES) bestThisIter=2729667.40 feasibleAnts=13 noImprove=49 (elapsed 82.2902s)
[RESET] no improvement for50-> reset pheromones
[ITER 590] bestGlobalCost=2728008.72 (feasible=YES) bestThisIter=2728807.59 feasibleAnts=13 noImprove=9 (elapsed 83.6446s)
[ITER 600] bestGlobalCost=2728008.72 (feasible=YES) bestThisIter=2741053.32 feasibleAnts=16 noImprove=19 (elapsed 84.9549s)
[ITER 610] bestGlobalCost=2728008.72 (feasible=YES) bestThisIter=2733416.69 feasibleAnts=13 noImprove=29 (elapsed 86.2776s)
[ITER 620] bestGlobalCost=2728008.72 (feasible=YES) bestThisIter=2733416.69 feasibleAnts=14 noImprove=39 (elapsed 87.5828s)
[ITER 630] bestGlobalCost=2728008.72 (feasible=YES) bestThisIter=2728066.42 feasibleAnts=13 noImprove=49 (elapsed 88.9244s)
[RESET] no improvement for50-> reset pheromones
[ITER 640] bestGlobalCost=2728008.72 (feasible=YES) bestThisIter=2753051.66 feasibleAnts=13 noImprove=9 (elapsed 90.2726s)
[ITER 650] bestGlobalCost=2728008.72 (feasible=YES) bestThisIter=2730560.96 feasibleAnts=13 noImprove=19 (elapsed 91.6046s)
[ITER 660] bestGlobalCost=2728008.72 (feasible=YES) bestThisIter=2732667.59 feasibleAnts=14 noImprove=29 (elapsed 92.9781s)
[ITER 670] bestGlobalCost=2728008.72 (feasible=YES) bestThisIter=2731744.53 feasibleAnts=15 noImprove=39 (elapsed 94.3224s)
[ITER 680] bestGlobalCost=2728008.72 (feasible=YES) bestThisIter=2741978.16 feasibleAnts=14 noImprove=49 (elapsed 96.1111s)
[RESET] no improvement for50-> reset pheromones
[ITER 690] bestGlobalCost=2728008.72 (feasible=YES) bestThisIter=2730883.38 feasibleAnts=15 noImprove=9 (elapsed 97.9313s)
[ITER 700] bestGlobalCost=2728008.72 (feasible=YES) bestThisIter=2735696.41 feasibleAnts=11 noImprove=19 (elapsed 99.3077s)
[ITER 710] bestGlobalCost=2728008.72 (feasible=YES) bestThisIter=2730909.84 feasibleAnts=11 noImprove=29 (elapsed 100.624s)
[ITER 720] bestGlobalCost=2728008.72 (feasible=YES) bestThisIter=2730883.38 feasibleAnts=13 noImprove=39 (elapsed 101.951s)
[ITER 730] bestGlobalCost=2728008.72 (feasible=YES) bestThisIter=2732424.72 feasibleAnts=11 noImprove=49 (elapsed 103.274s)
[RESET] no improvement for50-> reset pheromones
[ITER 740] bestGlobalCost=2728008.72 (feasible=YES) bestThisIter=2730883.38 feasibleAnts=13 noImprove=9 (elapsed 104.684s)
[ITER 750] bestGlobalCost=2728008.72 (feasible=YES) bestThisIter=2736186.37 feasibleAnts=10 noImprove=19 (elapsed 106.006s)
[ITER 760] bestGlobalCost=2728008.72 (feasible=YES) bestThisIter=2730883.38 feasibleAnts=10 noImprove=29 (elapsed 107.331s)
[ITER 770] bestGlobalCost=2728008.72 (feasible=YES) bestThisIter=2729599.22 feasibleAnts=10 noImprove=39 (elapsed 108.667s)
[ITER 780] bestGlobalCost=2728008.72 (feasible=YES) bestThisIter=2730883.38 feasibleAnts=12 noImprove=49 (elapsed 110.018s)
[RESET] no improvement for50-> reset pheromones
[ITER 790] bestGlobalCost=2728008.72 (feasible=YES) bestThisIter=2743159.61 feasibleAnts=13 noImprove=9 (elapsed 111.375s)
[ITER 800] bestGlobalCost=2728008.72 (feasible=YES) bestThisIter=2723033.61 feasibleAnts=13 noImprove=19 (elapsed 112.692s)
[ITER 810] bestGlobalCost=2728008.72 (feasible=YES) bestThisIter=2729599.22 feasibleAnts=15 noImprove=29 (elapsed 114.028s)
[ITER 820] bestGlobalCost=2728008.72 (feasible=YES) bestThisIter=2729599.22 feasibleAnts=12 noImprove=39 (elapsed 115.346s)
[ITER 830] bestGlobalCost=2728008.72 (feasible=YES) bestThisIter=2738622.05 feasibleAnts=10 noImprove=49 (elapsed 116.675s)
[RESET] no improvement for50-> reset pheromones
[ITER 840] bestGlobalCost=2728008.72 (feasible=YES) bestThisIter=2733416.69 feasibleAnts=13 noImprove=9 (elapsed 118.033s)
[ITER 850] bestGlobalCost=2728008.72 (feasible=YES) bestThisIter=2732279.96 feasibleAnts=12 noImprove=19 (elapsed 119.368s)
[ITER 860] bestGlobalCost=2728008.72 (feasible=YES) bestThisIter=2736293.13 feasibleAnts=12 noImprove=29 (elapsed 120.723s)
[ITER 870] bestGlobalCost=2728008.72 (feasible=YES) bestThisIter=2738595.87 feasibleAnts=12 noImprove=39 (elapsed 122.029s)
[ITER 880] bestGlobalCost=2728008.72 (feasible=YES) bestThisIter=2740377.99 feasibleAnts=9 noImprove=49 (elapsed 123.356s)
[RESET] no improvement for50-> reset pheromones
[ITER 890] bestGlobalCost=2728008.72 (feasible=YES) bestThisIter=2730003.27 feasibleAnts=13 noImprove=9 (elapsed 124.726s)
[ITER 900] bestGlobalCost=2728008.72 (feasible=YES) bestThisIter=2726662.28 feasibleAnts=14 noImprove=19 (elapsed 126.08s)
[ITER 910] bestGlobalCost=2728008.72 (feasible=YES) bestThisIter=2730883.38 feasibleAnts=14 noImprove=29 (elapsed 127.436s)
[ITER 920] bestGlobalCost=2728008.72 (feasible=YES) bestThisIter=2736186.37 feasibleAnts=10 noImprove=39 (elapsed 128.798s)
[ITER 930] bestGlobalCost=2728008.72 (feasible=YES) bestThisIter=2729599.22 feasibleAnts=14 noImprove=49 (elapsed 130.131s)
[RESET] no improvement for50-> reset pheromones
[ITER 940] bestGlobalCost=2728008.72 (feasible=YES) bestThisIter=2733198.99 feasibleAnts=14 noImprove=9 (elapsed 131.48s)
[ITER 950] bestGlobalCost=2728008.72 (feasible=YES) bestThisIter=2730003.27 feasibleAnts=13 noImprove=19 (elapsed 132.824s)
[ITER 960] bestGlobalCost=2728008.72 (feasible=YES) bestThisIter=2730831.65 feasibleAnts=13 noImprove=29 (elapsed 134.212s)
[ITER 970] bestGlobalCost=2728008.72 (feasible=YES) bestThisIter=2728618.84 feasibleAnts=12 noImprove=39 (elapsed 135.944s)
[ITER 980] bestGlobalCost=2728008.72 (feasible=YES) bestThisIter=2724347.60 feasibleAnts=12 noImprove=49 (elapsed 137.758s)
[RESET] no improvement for50-> reset pheromones
[ITER 990] bestGlobalCost=2728008.72 (feasible=YES) bestThisIter=2730323.40 feasibleAnts=15 noImprove=9 (elapsed 139.263s)
[ITER 1000] bestGlobalCost=2728008.72 (feasible=YES) bestThisIter=2724527.99 feasibleAnts=14 noImprove=19 (elapsed 140.607s)
[ITER 1010] bestGlobalCost=2728008.72 (feasible=YES) bestThisIter=2729599.22 feasibleAnts=12 noImprove=29 (elapsed 141.936s)
[ITER 1020] bestGlobalCost=2728008.72 (feasible=YES) bestThisIter=2732667.59 feasibleAnts=13 noImprove=39 (elapsed 143.265s)
[ITER 1030] bestGlobalCost=2728008.72 (feasible=YES) bestThisIter=2729599.22 feasibleAnts=13 noImprove=49 (elapsed 144.605s)
[RESET] no improvement for50-> reset pheromones
[ITER 1040] bestGlobalCost=2728008.72 (feasible=YES) bestThisIter=2730323.40 feasibleAnts=12 noImprove=9 (elapsed 145.995s)
[ITER 1050] bestGlobalCost=2728008.72 (feasible=YES) bestThisIter=2733416.69 feasibleAnts=15 noImprove=19 (elapsed 147.3s)
[ITER 1060] bestGlobalCost=2728008.72 (feasible=YES) bestThisIter=2727127.26 feasibleAnts=11 noImprove=29 (elapsed 148.633s)
[ITER 1070] bestGlobalCost=2728008.72 (feasible=YES) bestThisIter=2730831.65 feasibleAnts=15 noImprove=39 (elapsed 149.991s)
[ITER 1080] bestGlobalCost=2728008.72 (feasible=YES) bestThisIter=2730883.38 feasibleAnts=12 noImprove=49 (elapsed 151.645s)
[RESET] no improvement for50-> reset pheromones
[ITER 1090] bestGlobalCost=2728008.72 (feasible=YES) bestThisIter=2729599.22 feasibleAnts=14 noImprove=9 (elapsed 153.465s)
[ITER 1100] bestGlobalCost=2728008.72 (feasible=YES) bestThisIter=2727127.26 feasibleAnts=13 noImprove=19 (elapsed 155.025s)
[ITER 1110] bestGlobalCost=2728008.72 (feasible=YES) bestThisIter=2741171.82 feasibleAnts=12 noImprove=29 (elapsed 156.35s)
[ITER 1120] bestGlobalCost=2728008.72 (feasible=YES) bestThisIter=2730883.38 feasibleAnts=12 noImprove=39 (elapsed 157.676s)
[ITER 1130] bestGlobalCost=2728008.72 (feasible=YES) bestThisIter=2729304.01 feasibleAnts=15 noImprove=49 (elapsed 159.012s)
[RESET] no improvement for50-> reset pheromones
[ITER 1140] bestGlobalCost=2728008.72 (feasible=YES) bestThisIter=2735497.17 feasibleAnts=10 noImprove=9 (elapsed 160.375s)
[ITER 1150] bestGlobalCost=2728008.72 (feasible=YES) bestThisIter=2729716.80 feasibleAnts=12 noImprove=19 (elapsed 161.711s)
[ITER 1160] bestGlobalCost=2728008.72 (feasible=YES) bestThisIter=2735497.17 feasibleAnts=14 noImprove=29 (elapsed 163.044s)
[ITER 1170] bestGlobalCost=2728008.72 (feasible=YES) bestThisIter=2724347.60 feasibleAnts=8 noImprove=39 (elapsed 164.367s)
[ITER 1180] bestGlobalCost=2728008.72 (feasible=YES) bestThisIter=2727329.72 feasibleAnts=12 noImprove=49 (elapsed 165.724s)
[RESET] no improvement for50-> reset pheromones
[ITER 1190] bestGlobalCost=2728008.72 (feasible=YES) bestThisIter=2728066.42 feasibleAnts=13 noImprove=9 (elapsed 167.104s)
[ITER 1200] bestGlobalCost=2728008.72 (feasible=YES) bestThisIter=2730831.65 feasibleAnts=13 noImprove=19 (elapsed 168.45s)
[ITER 1210] bestGlobalCost=2728008.72 (feasible=YES) bestThisIter=2729599.22 feasibleAnts=12 noImprove=29 (elapsed 169.784s)
[ITER 1220] bestGlobalCost=2728008.72 (feasible=YES) bestThisIter=2733416.69 feasibleAnts=13 noImprove=39 (elapsed 171.362s)
[ITER 1230] bestGlobalCost=2728008.72 (feasible=YES) bestThisIter=2741838.04 feasibleAnts=11 noImprove=49 (elapsed 173.153s)
[RESET] no improvement for50-> reset pheromones
[ITER 1240] bestGlobalCost=2728008.72 (feasible=YES) bestThisIter=2743330.24 feasibleAnts=12 noImprove=9 (elapsed 174.816s)
[ITER 1250] bestGlobalCost=2728008.72 (feasible=YES) bestThisIter=2730003.27 feasibleAnts=13 noImprove=19 (elapsed 176.116s)
[ITER 1260] bestGlobalCost=2728008.72 (feasible=YES) bestThisIter=2727101.91 feasibleAnts=13 noImprove=29 (elapsed 177.461s)
[ITER 1270] bestGlobalCost=2728008.72 (feasible=YES) bestThisIter=2730323.40 feasibleAnts=15 noImprove=39 (elapsed 178.784s)
[ITER 1280] bestGlobalCost=2728008.72 (feasible=YES) bestThisIter=2734779.26 feasibleAnts=10 noImprove=49 (elapsed 180.086s)
[RESET] no improvement for50-> reset pheromones
[ITER 1290] bestGlobalCost=2728008.72 (feasible=YES) bestThisIter=2740212.93 feasibleAnts=11 noImprove=9 (elapsed 181.478s)
[ITER 1300] bestGlobalCost=2728008.72 (feasible=YES) bestThisIter=2741322.69 feasibleAnts=12 noImprove=19 (elapsed 182.809s)
[ITER 1310] bestGlobalCost=2728008.72 (feasible=YES) bestThisIter=2733416.69 feasibleAnts=12 noImprove=29 (elapsed 184.141s)
[ITER 1320] bestGlobalCost=2728008.72 (feasible=YES) bestThisIter=2730883.38 feasibleAnts=14 noImprove=39 (elapsed 185.488s)
[ITER 1330] bestGlobalCost=2728008.72 (feasible=YES) bestThisIter=2738434.04 feasibleAnts=14 noImprove=49 (elapsed 186.82s)
[RESET] no improvement for50-> reset pheromones
[ITER 1340] bestGlobalCost=2728008.72 (feasible=YES) bestThisIter=2726782.99 feasibleAnts=13 noImprove=9 (elapsed 188.212s)
[ITER 1350] bestGlobalCost=2728008.72 (feasible=YES) bestThisIter=2746980.94 feasibleAnts=14 noImprove=19 (elapsed 189.505s)
[ITER 1360] bestGlobalCost=2728008.72 (feasible=YES) bestThisIter=2735988.38 feasibleAnts=9 noImprove=29 (elapsed 190.822s)
[ITER 1370] bestGlobalCost=2728008.72 (feasible=YES) bestThisIter=2724527.99 feasibleAnts=11 noImprove=39 (elapsed 192.171s)
[ITER 1380] bestGlobalCost=2728008.72 (feasible=YES) bestThisIter=2739797.31 feasibleAnts=14 noImprove=49 (elapsed 193.492s)
[RESET] no improvement for50-> reset pheromones
[ITER 1390] bestGlobalCost=2728008.72 (feasible=YES) bestThisIter=2735497.17 feasibleAnts=13 noImprove=9 (elapsed 194.911s)
[ITER 1400] bestGlobalCost=2728008.72 (feasible=YES) bestThisIter=2729304.01 feasibleAnts=12 noImprove=19 (elapsed 196.267s)
[ITER 1410] bestGlobalCost=2728008.72 (feasible=YES) bestThisIter=2727070.06 feasibleAnts=12 noImprove=29 (elapsed 197.596s)
[ITER 1420] bestGlobalCost=2728008.72 (feasible=YES) bestThisIter=2732667.59 feasibleAnts=14 noImprove=39 (elapsed 198.924s)
[ITER 1430] bestGlobalCost=2728008.72 (feasible=YES) bestThisIter=2738421.62 feasibleAnts=12 noImprove=49 (elapsed 200.257s)
[RESET] no improvement for50-> reset pheromones
[ITER 1440] bestGlobalCost=2728008.72 (feasible=YES) bestThisIter=2745349.88 feasibleAnts=14 noImprove=9 (elapsed 201.613s)
[ITER 1450] bestGlobalCost=2728008.72 (feasible=YES) bestThisIter=2734779.26 feasibleAnts=11 noImprove=19 (elapsed 202.962s)
[ITER 1460] bestGlobalCost=2728008.72 (feasible=YES) bestThisIter=2735696.41 feasibleAnts=14 noImprove=29 (elapsed 204.288s)
[ITER 1470] bestGlobalCost=2728008.72 (feasible=YES) bestThisIter=2733416.69 feasibleAnts=8 noImprove=39 (elapsed 205.626s)
[ITER 1480] bestGlobalCost=2728008.72 (feasible=YES) bestThisIter=2733416.69 feasibleAnts=13 noImprove=49 (elapsed 206.952s)
[RESET] no improvement for50-> reset pheromones
[ITER 1490] bestGlobalCost=2728008.72 (feasible=YES) bestThisIter=2726782.99 feasibleAnts=11 noImprove=9 (elapsed 208.401s)
[ITER 1500] bestGlobalCost=2728008.72 (feasible=YES) bestThisIter=2746094.57 feasibleAnts=14 noImprove=19 (elapsed 209.753s)
[ITER 1510] bestGlobalCost=2728008.72 (feasible=YES) bestThisIter=2723044.42 feasibleAnts=11 noImprove=29 (elapsed 211.057s)
[ITER 1520] bestGlobalCost=2728008.72 (feasible=YES) bestThisIter=2730754.08 feasibleAnts=8 noImprove=39 (elapsed 212.399s)
[ITER 1530] bestGlobalCost=2728008.72 (feasible=YES) bestThisIter=2733416.69 feasibleAnts=12 noImprove=49 (elapsed 213.722s)
[RESET] no improvement for50-> reset pheromones
[ITER 1540] bestGlobalCost=2728008.72 (feasible=YES) bestThisIter=2729599.22 feasibleAnts=14 noImprove=9 (elapsed 215.062s)
[ITER 1550] bestGlobalCost=2728008.72 (feasible=YES) bestThisIter=2729304.01 feasibleAnts=14 noImprove=19 (elapsed 216.376s)
[ITER 1560] bestGlobalCost=2728008.72 (feasible=YES) bestThisIter=2731744.53 feasibleAnts=12 noImprove=29 (elapsed 217.721s)
[ITER 1570] bestGlobalCost=2728008.72 (feasible=YES) bestThisIter=2734277.74 feasibleAnts=14 noImprove=39 (elapsed 219.049s)
[ITER 1580] bestGlobalCost=2728008.72 (feasible=YES) bestThisIter=2730763.03 feasibleAnts=12 noImprove=49 (elapsed 220.397s)
[RESET] no improvement for50-> reset pheromones
[ITER 1590] bestGlobalCost=2728008.72 (feasible=YES) bestThisIter=2733198.99 feasibleAnts=14 noImprove=9 (elapsed 221.733s)
[ITER 1600] bestGlobalCost=2728008.72 (feasible=YES) bestThisIter=2723044.42 feasibleAnts=13 noImprove=19 (elapsed 223.09s)
[ITER 1610] bestGlobalCost=2728008.72 (feasible=YES) bestThisIter=2729599.22 feasibleAnts=13 noImprove=29 (elapsed 224.417s)
[ITER 1620] bestGlobalCost=2728008.72 (feasible=YES) bestThisIter=2737377.53 feasibleAnts=13 noImprove=39 (elapsed 225.773s)
[ITER 1630] bestGlobalCost=2728008.72 (feasible=YES) bestThisIter=2733416.69 feasibleAnts=14 noImprove=49 (elapsed 227.102s)
[RESET] no improvement for50-> reset pheromones
[ITER 1640] bestGlobalCost=2728008.72 (feasible=YES) bestThisIter=2740381.64 feasibleAnts=11 noImprove=9 (elapsed 228.453s)
[ITER 1650] bestGlobalCost=2728008.72 (feasible=YES) bestThisIter=2729599.22 feasibleAnts=15 noImprove=19 (elapsed 229.789s)
[ITER 1660] bestGlobalCost=2728008.72 (feasible=YES) bestThisIter=2729599.22 feasibleAnts=14 noImprove=29 (elapsed 231.128s)
[ITER 1670] bestGlobalCost=2728008.72 (feasible=YES) bestThisIter=2743478.44 feasibleAnts=13 noImprove=39 (elapsed 232.484s)
[ITER 1680] bestGlobalCost=2728008.72 (feasible=YES) bestThisIter=2734277.74 feasibleAnts=13 noImprove=49 (elapsed 233.849s)
[RESET] no improvement for50-> reset pheromones
[ITER 1690] bestGlobalCost=2728008.72 (feasible=YES) bestThisIter=2732717.70 feasibleAnts=14 noImprove=9 (elapsed 235.217s)
[ITER 1700] bestGlobalCost=2728008.72 (feasible=YES) bestThisIter=2729667.40 feasibleAnts=13 noImprove=19 (elapsed 236.56s)
[ITER 1710] bestGlobalCost=2728008.72 (feasible=YES) bestThisIter=2729599.22 feasibleAnts=14 noImprove=29 (elapsed 237.933s)
[ITER 1720] bestGlobalCost=2728008.72 (feasible=YES) bestThisIter=2728619.69 feasibleAnts=12 noImprove=39 (elapsed 239.267s)
[ITER 1730] bestGlobalCost=2728008.72 (feasible=YES) bestThisIter=2748932.35 feasibleAnts=15 noImprove=49 (elapsed 240.584s)
[RESET] no improvement for50-> reset pheromones
[ITER 1740] bestGlobalCost=2728008.72 (feasible=YES) bestThisIter=2745726.21 feasibleAnts=15 noImprove=9 (elapsed 241.963s)
[ITER 1750] bestGlobalCost=2728008.72 (feasible=YES) bestThisIter=2729599.22 feasibleAnts=12 noImprove=19 (elapsed 243.313s)
[ITER 1760] bestGlobalCost=2728008.72 (feasible=YES) bestThisIter=2729599.22 feasibleAnts=15 noImprove=29 (elapsed 244.627s)
[ITER 1770] bestGlobalCost=2728008.72 (feasible=YES) bestThisIter=2744566.55 feasibleAnts=13 noImprove=39 (elapsed 245.966s)
[ITER 1780] bestGlobalCost=2728008.72 (feasible=YES) bestThisIter=2729599.22 feasibleAnts=14 noImprove=49 (elapsed 247.314s)
[RESET] no improvement for50-> reset pheromones
[ITER 1790] bestGlobalCost=2728008.72 (feasible=YES) bestThisIter=2746710.72 feasibleAnts=12 noImprove=9 (elapsed 248.708s)
[ITER 1800] bestGlobalCost=2728008.72 (feasible=YES) bestThisIter=2734779.26 feasibleAnts=14 noImprove=19 (elapsed 250.056s)
[ITER 1810] bestGlobalCost=2728008.72 (feasible=YES) bestThisIter=2745781.09 feasibleAnts=13 noImprove=29 (elapsed 251.377s)
[ITER 1820] bestGlobalCost=2728008.72 (feasible=YES) bestThisIter=2729304.01 feasibleAnts=11 noImprove=39 (elapsed 252.725s)
[ITER 1830] bestGlobalCost=2728008.72 (feasible=YES) bestThisIter=2737396.47 feasibleAnts=14 noImprove=49 (elapsed 254.083s)
[RESET] no improvement for50-> reset pheromones
[ITER 1840] bestGlobalCost=2728008.72 (feasible=YES) bestThisIter=2730831.65 feasibleAnts=13 noImprove=9 (elapsed 255.456s)
[ITER 1850] bestGlobalCost=2728008.72 (feasible=YES) bestThisIter=2729599.22 feasibleAnts=13 noImprove=19 (elapsed 256.811s)
[ITER 1860] bestGlobalCost=2728008.72 (feasible=YES) bestThisIter=2729599.22 feasibleAnts=13 noImprove=29 (elapsed 258.17s)
[ITER 1870] bestGlobalCost=2728008.72 (feasible=YES) bestThisIter=2727070.06 feasibleAnts=11 noImprove=39 (elapsed 259.503s)
[ITER 1880] bestGlobalCost=2728008.72 (feasible=YES) bestThisIter=2730003.27 feasibleAnts=11 noImprove=49 (elapsed 260.85s)
[RESET] no improvement for50-> reset pheromones
[ITER 1890] bestGlobalCost=2728008.72 (feasible=YES) bestThisIter=2730883.38 feasibleAnts=13 noImprove=9 (elapsed 262.205s)
[ITER 1900] bestGlobalCost=2728008.72 (feasible=YES) bestThisIter=2730883.38 feasibleAnts=12 noImprove=19 (elapsed 263.916s)
[ITER 1910] bestGlobalCost=2728008.72 (feasible=YES) bestThisIter=2735411.49 feasibleAnts=13 noImprove=29 (elapsed 265.707s)
[ITER 1920] bestGlobalCost=2728008.72 (feasible=YES) bestThisIter=2737686.13 feasibleAnts=12 noImprove=39 (elapsed 267.219s)
[ITER 1930] bestGlobalCost=2728008.72 (feasible=YES) bestThisIter=2724347.60 feasibleAnts=10 noImprove=49 (elapsed 268.589s)
[RESET] no improvement for50-> reset pheromones
[ITER 1940] bestGlobalCost=2728008.72 (feasible=YES) bestThisIter=2729599.22 feasibleAnts=15 noImprove=9 (elapsed 269.953s)
[ITER 1950] bestGlobalCost=2728008.72 (feasible=YES) bestThisIter=2736113.81 feasibleAnts=15 noImprove=19 (elapsed 271.282s)
[ITER 1960] bestGlobalCost=2728008.72 (feasible=YES) bestThisIter=2733416.69 feasibleAnts=13 noImprove=29 (elapsed 272.611s)
[ITER 1970] bestGlobalCost=2728008.72 (feasible=YES) bestThisIter=2734631.94 feasibleAnts=13 noImprove=39 (elapsed 273.952s)
[ITER 1980] bestGlobalCost=2728008.72 (feasible=YES) bestThisIter=2732667.59 feasibleAnts=12 noImprove=49 (elapsed 275.282s)
[RESET] no improvement for50-> reset pheromones
[ITER 1990] bestGlobalCost=2728008.72 (feasible=YES) bestThisIter=2729599.22 feasibleAnts=12 noImprove=9 (elapsed 276.613s)
[ITER 2000] bestGlobalCost=2728008.72 (feasible=YES) bestThisIter=2739397.09 feasibleAnts=14 noImprove=19 (elapsed 277.945s)
[ITER 2010] bestGlobalCost=2728008.72 (feasible=YES) bestThisIter=2730003.27 feasibleAnts=9 noImprove=29 (elapsed 279.297s)
[ITER 2020] bestGlobalCost=2728008.72 (feasible=YES) bestThisIter=2733416.69 feasibleAnts=13 noImprove=39 (elapsed 280.615s)
[ITER 2030] bestGlobalCost=2728008.72 (feasible=YES) bestThisIter=2723044.42 feasibleAnts=12 noImprove=49 (elapsed 281.934s)
[RESET] no improvement for50-> reset pheromones
[ITER 2040] bestGlobalCost=2728008.72 (feasible=YES) bestThisIter=2733198.06 feasibleAnts=14 noImprove=9 (elapsed 283.302s)
[ITER 2050] bestGlobalCost=2728008.72 (feasible=YES) bestThisIter=2727127.26 feasibleAnts=12 noImprove=19 (elapsed 284.626s)
[ITER 2060] bestGlobalCost=2728008.72 (feasible=YES) bestThisIter=2729304.01 feasibleAnts=15 noImprove=29 (elapsed 285.991s)
[ITER 2070] bestGlobalCost=2728008.72 (feasible=YES) bestThisIter=2729599.22 feasibleAnts=14 noImprove=39 (elapsed 287.312s)
[ITER 2080] bestGlobalCost=2728008.72 (feasible=YES) bestThisIter=2734028.79 feasibleAnts=13 noImprove=49 (elapsed 288.629s)
[RESET] no improvement for50-> reset pheromones
[ITER 2090] bestGlobalCost=2728008.72 (feasible=YES) bestThisIter=2739975.74 feasibleAnts=13 noImprove=9 (elapsed 289.999s)
[ITER 2100] bestGlobalCost=2728008.72 (feasible=YES) bestThisIter=2735356.12 feasibleAnts=15 noImprove=19 (elapsed 291.312s)
[ITER 2110] bestGlobalCost=2728008.72 (feasible=YES) bestThisIter=2729304.01 feasibleAnts=15 noImprove=29 (elapsed 292.649s)
[ITER 2120] bestGlobalCost=2728008.72 (feasible=YES) bestThisIter=2729304.01 feasibleAnts=11 noImprove=39 (elapsed 293.985s)
[ITER 2130] bestGlobalCost=2728008.72 (feasible=YES) bestThisIter=2729599.22 feasibleAnts=14 noImprove=49 (elapsed 295.323s)
[RESET] no improvement for50-> reset pheromones
[ITER 2140] bestGlobalCost=2728008.72 (feasible=YES) bestThisIter=2741549.95 feasibleAnts=15 noImprove=9 (elapsed 296.707s)
[ITER 2150] bestGlobalCost=2728008.72 (feasible=YES) bestThisIter=2732717.70 feasibleAnts=15 noImprove=19 (elapsed 298.042s)
[ITER 2160] bestGlobalCost=2728008.72 (feasible=YES) bestThisIter=2733416.69 feasibleAnts=15 noImprove=29 (elapsed 299.375s)
4 10 11 14 19 33 36 44 45 52 57 60 69 74 81 84 87 92 96 97 99 100 101 104 106 108 119 126 131 142 153 156 163 165 166 175 180 189 192 197 
5 8 17 22 25 28 34 38 39 43 50 56 58 62 71 72 75 83 86 88 90 98 103 105 114 129 130 134 137 139 141 143 146 148 152 155 171 178 183 185 196 200 
1 13 15 20 27 31 40 42 47 53 55 64 65 67 79 80 85 107 109 111 112 115 117 120 123 127 128 132 135 145 147 157 159 160 162 177 186 191 193 198 
2 3 6 21 23 30 35 41 54 59 68 70 73 76 77 89 91 94 95 102 113 125 133 140 144 150 151 154 158 161 164 167 168 169 173 176 181 182 187 195 
7 9 12 16 18 24 26 29 32 37 46 48 49 51 61 63 66 78 82 93 110 116 118 121 122 124 136 138 149 170 172 174 179 184 188 190 194 199 
[SAVELOGS] evolution saved to results/logs/aco_logs/evolution/kroA200_05_4.txt
[SAVELOGS] best cost saved to results/logs/aco_logs/objectives/kroA200_05_4.txt
[SAVELOGS] best solution saved to results/logs/aco_logs/solutions/kroA200_05_4.txt
