[ITER 1] New best cost=667824.91 (feasible=YES, time 4.37083s)
[ITER 2] New best cost=664690.86 (feasible=YES, time 7.45001s)
[ITER 3] New best cost=664096.47 (feasible=YES, time 11.4462s)
[ITER 9] New best cost=661790.26 (feasible=YES, time 31.2486s)
[ITER 10] [TS] New best cost=661670.31 (feasible=YES, time 34.6459s)
[ITER 10] [TS] New best cost=661213.78 (feasible=YES, time 36.6053s)
[ITER 10] bestGlobalCost=661213.78 (feasible=YES) bestThisIter=662049.05 feasibleAnts=10 noImprove=1 (elapsed 36.6115s)
[ITER 12] New best cost=661037.43 (feasible=YES, time 43.5954s)
[ITER 13] New best cost=660707.51 (feasible=YES, time 47.1792s)
[ITER 20] bestGlobalCost=660707.51 (feasible=YES) bestThisIter=661247.41 feasibleAnts=10 noImprove=7 (elapsed 71.1294s)
[ITER 25] New best cost=660536.87 (feasible=YES, time 88.0845s)
[ITER 30] [TS] New best cost=660416.92 (feasible=YES, time 105.937s)
[ITER 30] bestGlobalCost=660416.92 (feasible=YES) bestThisIter=662718.31 feasibleAnts=10 noImprove=1 (elapsed 107.883s)
[ITER 40] bestGlobalCost=660416.92 (feasible=YES) bestThisIter=661582.77 feasibleAnts=10 noImprove=11 (elapsed 145.785s)
[ITER 48] New best cost=660222.23 (feasible=YES, time 172.919s)
[ITER 50] bestGlobalCost=660222.23 (feasible=YES) bestThisIter=663086.26 feasibleAnts=10 noImprove=2 (elapsed 181.444s)
[ITER 60] bestGlobalCost=660222.23 (feasible=YES) bestThisIter=661234.93 feasibleAnts=10 noImprove=12 (elapsed 216.866s)
[ITER 70] bestGlobalCost=660222.23 (feasible=YES) bestThisIter=661104.47 feasibleAnts=10 noImprove=22 (elapsed 254.388s)
[RESET] no improvement for30-> reset pheromones
[ITER 80] bestGlobalCost=660222.23 (feasible=YES) bestThisIter=661455.06 feasibleAnts=10 noImprove=2 (elapsed 291.343s)
[ITER 90] bestGlobalCost=660222.23 (feasible=YES) bestThisIter=662825.35 feasibleAnts=10 noImprove=12 (elapsed 326.039s)
[ITER 95] New best cost=660219.67 (feasible=YES, time 341.373s)
[ITER 100] bestGlobalCost=660219.67 (feasible=YES) bestThisIter=660219.67 feasibleAnts=10 noImprove=5 (elapsed 360.458s)
[ITER 102] New best cost=660046.66 (feasible=YES, time 367.719s)
[ITER 110] bestGlobalCost=660046.66 (feasible=YES) bestThisIter=663035.51 feasibleAnts=10 noImprove=8 (elapsed 396.239s)
[ITER 120] bestGlobalCost=660046.66 (feasible=YES) bestThisIter=662843.10 feasibleAnts=10 noImprove=18 (elapsed 431.139s)
[ITER 130] bestGlobalCost=660046.66 (feasible=YES) bestThisIter=660433.70 feasibleAnts=10 noImprove=28 (elapsed 464.278s)
[RESET] no improvement for30-> reset pheromones
[ITER 140] [TS] New best cost=660030.13 (feasible=YES, time 499.504s)
[ITER 140] bestGlobalCost=660030.13 (feasible=YES) bestThisIter=660030.13 feasibleAnts=10 noImprove=1 (elapsed 501.745s)
[ITER 150] bestGlobalCost=660030.13 (feasible=YES) bestThisIter=661913.23 feasibleAnts=10 noImprove=11 (elapsed 538.29s)
[ITER 160] bestGlobalCost=660030.13 (feasible=YES) bestThisIter=663808.45 feasibleAnts=10 noImprove=21 (elapsed 574.125s)
[RESET] no improvement for30-> reset pheromones
[ITER 170] bestGlobalCost=660030.13 (feasible=YES) bestThisIter=671714.58 feasibleAnts=10 noImprove=1 (elapsed 608.821s)
[ITER 180] bestGlobalCost=660030.13 (feasible=YES) bestThisIter=666471.58 feasibleAnts=10 noImprove=11 (elapsed 645.487s)
[ITER 190] bestGlobalCost=660030.13 (feasible=YES) bestThisIter=663131.83 feasibleAnts=10 noImprove=21 (elapsed 680.906s)
[RESET] no improvement for30-> reset pheromones
[ITER 200] bestGlobalCost=660030.13 (feasible=YES) bestThisIter=673366.21 feasibleAnts=10 noImprove=1 (elapsed 716.439s)
[ITER 210] bestGlobalCost=660030.13 (feasible=YES) bestThisIter=662819.69 feasibleAnts=10 noImprove=11 (elapsed 751.388s)
[ITER 220] bestGlobalCost=660030.13 (feasible=YES) bestThisIter=662145.21 feasibleAnts=10 noImprove=21 (elapsed 787.978s)
[RESET] no improvement for30-> reset pheromones
[ITER 230] bestGlobalCost=660030.13 (feasible=YES) bestThisIter=667392.14 feasibleAnts=10 noImprove=1 (elapsed 824.265s)
[ITER 238] New best cost=659962.02 (feasible=YES, time 852.416s)
[ITER 240] bestGlobalCost=659962.02 (feasible=YES) bestThisIter=663800.65 feasibleAnts=10 noImprove=2 (elapsed 861.373s)
[ITER 250] bestGlobalCost=659962.02 (feasible=YES) bestThisIter=665696.90 feasibleAnts=10 noImprove=12 (elapsed 896.77s)
[ITER 260] bestGlobalCost=659962.02 (feasible=YES) bestThisIter=662569.92 feasibleAnts=10 noImprove=22 (elapsed 933.697s)
[RESET] no improvement for30-> reset pheromones
[ITER 270] bestGlobalCost=659962.02 (feasible=YES) bestThisIter=662530.46 feasibleAnts=10 noImprove=2 (elapsed 969.569s)
[ITER 280] bestGlobalCost=659962.02 (feasible=YES) bestThisIter=665507.15 feasibleAnts=10 noImprove=12 (elapsed 1004.78s)
[ITER 290] bestGlobalCost=659962.02 (feasible=YES) bestThisIter=660484.96 feasibleAnts=10 noImprove=22 (elapsed 1044.02s)
[RESET] no improvement for30-> reset pheromones
[ITER 300] bestGlobalCost=659962.02 (feasible=YES) bestThisIter=665433.25 feasibleAnts=10 noImprove=2 (elapsed 1081.13s)
[ITER 310] bestGlobalCost=659962.02 (feasible=YES) bestThisIter=660337.40 feasibleAnts=10 noImprove=12 (elapsed 1117.23s)
[ITER 320] bestGlobalCost=659962.02 (feasible=YES) bestThisIter=664510.85 feasibleAnts=10 noImprove=22 (elapsed 1151.89s)
[RESET] no improvement for30-> reset pheromones
[ITER 330] bestGlobalCost=659962.02 (feasible=YES) bestThisIter=662152.34 feasibleAnts=10 noImprove=2 (elapsed 1188.9s)
[ITER 340] bestGlobalCost=659962.02 (feasible=YES) bestThisIter=666979.00 feasibleAnts=10 noImprove=12 (elapsed 1223.93s)
[ITER 350] bestGlobalCost=659962.02 (feasible=YES) bestThisIter=664650.55 feasibleAnts=10 noImprove=22 (elapsed 1259.46s)
[RESET] no improvement for30-> reset pheromones
[ITER 360] bestGlobalCost=659962.02 (feasible=YES) bestThisIter=666010.91 feasibleAnts=10 noImprove=2 (elapsed 1293.94s)
[ITER 370] bestGlobalCost=659962.02 (feasible=YES) bestThisIter=661317.19 feasibleAnts=10 noImprove=12 (elapsed 1328.49s)
[ITER 380] bestGlobalCost=659962.02 (feasible=YES) bestThisIter=663926.19 feasibleAnts=10 noImprove=22 (elapsed 1362.6s)
[RESET] no improvement for30-> reset pheromones
[ITER 390] bestGlobalCost=659962.02 (feasible=YES) bestThisIter=663423.01 feasibleAnts=10 noImprove=2 (elapsed 1400.85s)
[ITER 400] bestGlobalCost=659962.02 (feasible=YES) bestThisIter=660715.41 feasibleAnts=10 noImprove=12 (elapsed 1436.45s)
[ITER 410] bestGlobalCost=659962.02 (feasible=YES) bestThisIter=668802.23 feasibleAnts=10 noImprove=22 (elapsed 1470.95s)
[RESET] no improvement for30-> reset pheromones
14 23 29 114 116 118 119 120 121 122 123 124 125 126 127 128 129 140 142 143 144 145 146 147 148 149 150 151 152 153 
2 3 4 5 6 7 8 9 10 11 12 13 15 16 17 18 19 20 21 22 24 25 26 27 28 30 31 32 39 
207 210 227 358 359 360 361 362 363 364 365 366 380 381 382 383 388 389 390 391 392 400 401 402 403 404 405 406 407 408 
160 162 165 166 167 168 169 170 171 172 173 174 175 176 177 184 185 187 188 190 191 192 194 195 196 197 198 199 200 201 
99 100 105 369 370 371 372 373 374 375 384 385 386 394 395 396 397 409 410 411 412 413 414 415 416 417 
42 44 45 47 49 50 51 52 53 54 55 56 57 58 59 60 61 68 71 76 79 81 85 86 88 98 101 
34 36 38 41 43 46 48 154 155 156 157 158 159 161 163 164 178 179 180 181 182 183 186 189 193 319 339 
250 251 252 253 254 255 256 257 260 274 275 276 277 278 279 280 281 284 285 376 377 378 379 387 398 399 
72 103 202 203 204 205 206 208 211 217 219 226 228 229 230 231 232 233 234 235 236 367 368 393 
1 309 310 311 312 313 314 315 316 317 318 324 325 326 327 334 335 336 337 338 349 350 351 352 353 354 355 356 357 
62 63 64 65 66 67 69 70 73 74 75 77 78 80 82 83 84 87 89 90 91 92 93 94 95 96 97 102 104 
209 212 213 214 215 216 218 220 221 222 223 224 225 237 238 239 240 241 242 243 244 245 246 247 248 249 
33 298 299 300 301 302 303 304 305 306 308 320 321 322 323 328 329 330 331 332 340 341 342 343 344 345 346 347 348 
258 259 261 262 263 264 265 266 267 268 269 270 271 272 273 282 283 286 287 288 289 290 291 292 293 294 295 296 297 
35 37 40 106 107 108 109 110 111 112 113 115 117 130 131 132 133 134 135 136 137 138 139 141 307 333 
[SAVELOGS] evolution saved to results/logs/aco_logs/evolution/fl417_15_2.txt
[SAVELOGS] best cost saved to results/logs/aco_logs/objectives/fl417_15_2.txt
[SAVELOGS] best solution saved to results/logs/aco_logs/solutions/fl417_15_2.txt
