[ITER 1] New best cost=43919.72 (feasible=YES, time 0.347303s)
[ITER 2] New best cost=40602.75 (feasible=YES, time 0.706356s)
[ITER 10] bestGlobalCost=40602.75 (feasible=YES) bestThisIter=43200.10 feasibleAnts=10 noImprove=8 (elapsed 3.81296s)
[ITER 14] New best cost=40476.52 (feasible=YES, time 5.58014s)
[ITER 15] New best cost=39428.44 (feasible=YES, time 7.47738s)
[ITER 15] New best cost=38557.13 (feasible=YES, time 8.86408s)
[ITER 19] New best cost=38193.48 (feasible=YES, time 14.5851s)
[ITER 20] New best cost=37555.54 (feasible=YES, time 14.8027s)
[ITER 20] bestGlobalCost=37555.54 (feasible=YES) bestThisIter=37555.54 feasibleAnts=10 noImprove=0 (elapsed 14.8068s)
[ITER 30] New best cost=37409.21 (feasible=YES, time 21.8511s)
[ITER 30] bestGlobalCost=37409.21 (feasible=YES) bestThisIter=40530.33 feasibleAnts=10 noImprove=0 (elapsed 24.8924s)
[ITER 40] bestGlobalCost=37409.21 (feasible=YES) bestThisIter=39634.99 feasibleAnts=10 noImprove=10 (elapsed 27.3033s)
[ITER 50] bestGlobalCost=37409.21 (feasible=YES) bestThisIter=40981.30 feasibleAnts=10 noImprove=20 (elapsed 39.27s)
[ITER 60] bestGlobalCost=37409.21 (feasible=YES) bestThisIter=41541.99 feasibleAnts=9 noImprove=30 (elapsed 50.7563s)
[RESET] no improvement for30-> reset pheromones
[ITER 70] bestGlobalCost=37409.21 (feasible=YES) bestThisIter=44804.27 feasibleAnts=10 noImprove=10 (elapsed 55.2692s)
22 23 40 42 44 47 60 
13 66 67 78 96 126 
24 29 79 95 100 116 
4 20 35 54 80 118 
7 61 64 69 88 104 124 
5 11 45 76 109 117 128 
3 28 62 83 105 112 115 
25 63 68 98 107 110 
32 36 48 84 89 94 113 119 
26 43 70 86 97 127 129 
38 49 53 58 72 106 120 
56 57 77 82 101 103 111 123 
9 12 52 65 73 74 81 
8 18 21 33 108 114 
51 75 87 91 92 99 
6 10 14 55 102 122 
2 37 39 46 93 
30 59 85 90 121 125 
15 17 19 27 31 34 
1 16 41 50 71 130 
[SAVELOGS] evolution saved to results/logs/ch130_20_5/evolution/ch130_20_5
[SAVELOGS] best cost saved to results/logs/ch130_20_5/objectives/ch130_20_5
[SAVELOGS] best solution saved to results/logs/ch130_20_5/solutions/ch130_20_5
