[ITER 1] New best cost=507677.31 (feasible=YES, time 0.106921s)
[ITER 5] New best cost=504025.86 (feasible=YES, time 0.556551s)
[ITER 6] New best cost=503245.41 (feasible=YES, time 0.675746s)
[ITER 7] New best cost=492433.13 (feasible=YES, time 0.756277s)
[ITER 8] New best cost=491744.00 (feasible=YES, time 0.892713s)
[ITER 10] bestGlobalCost=491744.00 (feasible=YES) bestThisIter=491744.00 feasibleAnts=10 noImprove=2 (elapsed 1.04976s)
[ITER 11] New best cost=489237.21 (feasible=YES, time 1.2661s)
[ITER 15] New best cost=487216.13 (feasible=YES, time 2.47401s)
[ITER 17] New best cost=485101.42 (feasible=YES, time 6.10868s)
[ITER 19] New best cost=484586.46 (feasible=YES, time 6.24531s)
[ITER 20] New best cost=482437.36 (feasible=YES, time 6.32385s)
[ITER 20] bestGlobalCost=482437.36 (feasible=YES) bestThisIter=482437.36 feasibleAnts=13 noImprove=0 (elapsed 6.33067s)
[ITER 24] New best cost=480656.01 (feasible=YES, time 6.6508s)
[ITER 30] New best cost=480141.05 (feasible=YES, time 7.84423s)
[ITER 30] bestGlobalCost=480141.05 (feasible=YES) bestThisIter=480656.01 feasibleAnts=10 noImprove=0 (elapsed 10.7071s)
[ITER 40] bestGlobalCost=480141.05 (feasible=YES) bestThisIter=491756.64 feasibleAnts=10 noImprove=10 (elapsed 11.8871s)
[ITER 50] bestGlobalCost=480141.05 (feasible=YES) bestThisIter=511783.47 feasibleAnts=10 noImprove=20 (elapsed 17.6165s)
[ITER 60] bestGlobalCost=480141.05 (feasible=YES) bestThisIter=497246.33 feasibleAnts=10 noImprove=30 (elapsed 24.2966s)
[RESET] no improvement for30-> reset pheromones
[ITER 70] bestGlobalCost=480141.05 (feasible=YES) bestThisIter=541933.54 feasibleAnts=10 noImprove=10 (elapsed 26.2319s)
[ITER 80] bestGlobalCost=480141.05 (feasible=YES) bestThisIter=512358.30 feasibleAnts=10 noImprove=20 (elapsed 31.5349s)
[ITER 90] bestGlobalCost=480141.05 (feasible=YES) bestThisIter=506606.00 feasibleAnts=10 noImprove=30 (elapsed 36.3356s)
[RESET] no improvement for30-> reset pheromones
[ITER 100] bestGlobalCost=480141.05 (feasible=YES) bestThisIter=507962.88 feasibleAnts=10 noImprove=10 (elapsed 37.6695s)
[ITER 105] New best cost=477189.23 (feasible=YES, time 40.11s)
[ITER 110] bestGlobalCost=477189.23 (feasible=YES) bestThisIter=477189.23 feasibleAnts=10 noImprove=5 (elapsed 42.9989s)
[ITER 120] bestGlobalCost=477189.23 (feasible=YES) bestThisIter=490210.48 feasibleAnts=10 noImprove=15 (elapsed 48.7717s)
[ITER 130] bestGlobalCost=477189.23 (feasible=YES) bestThisIter=523509.71 feasibleAnts=10 noImprove=25 (elapsed 50.4962s)
[RESET] no improvement for30-> reset pheromones
[ITER 140] bestGlobalCost=477189.23 (feasible=YES) bestThisIter=515598.70 feasibleAnts=10 noImprove=5 (elapsed 57.0338s)
[ITER 150] bestGlobalCost=477189.23 (feasible=YES) bestThisIter=510286.20 feasibleAnts=10 noImprove=15 (elapsed 62.3212s)
38 39 40 51 52 63 64 65 
1 2 7 8 17 27 28 
104 113 116 123 126 127 134 
15 16 20 26 32 37 
85 98 107 108 119 132 
106 109 118 120 130 131 136 
4 12 13 22 23 33 34 
69 80 81 90 91 92 102 
5 6 18 19 29 30 31 
72 73 74 84 86 97 99 
41 42 50 53 54 61 62 66 
87 105 110 117 121 129 135 
24 35 45 46 47 56 57 68 
103 114 115 124 125 133 
70 77 78 82 89 101 
43 49 59 60 67 88 
3 9 10 11 14 21 25 
71 75 76 83 95 96 100 
36 44 48 55 58 79 
93 94 111 112 122 128 
[SAVELOGS] evolution saved to results/logs/pr136_20_2/evolution/pr136_20_2
[SAVELOGS] best cost saved to results/logs/pr136_20_2/objectives/pr136_20_2
[SAVELOGS] best solution saved to results/logs/pr136_20_2/solutions/pr136_20_2
