[ITER 1] New best cost=520532.91 (feasible=YES, time 0.182101s)
[ITER 3] New best cost=519206.60 (feasible=YES, time 0.394311s)
[ITER 6] New best cost=512369.90 (feasible=YES, time 0.96217s)
[ITER 7] New best cost=507082.54 (feasible=YES, time 1.13325s)
[ITER 10] bestGlobalCost=507082.54 (feasible=YES) bestThisIter=507082.54 feasibleAnts=10 noImprove=3 (elapsed 1.48234s)
[ITER 13] New best cost=505905.35 (feasible=YES, time 1.89794s)
[ITER 15] New best cost=497312.30 (feasible=YES, time 2.80882s)
[ITER 15] New best cost=492026.98 (feasible=YES, time 3.78752s)
[ITER 15] New best cost=490208.15 (feasible=YES, time 4.57408s)
[ITER 15] New best cost=488853.27 (feasible=YES, time 5.39311s)
[ITER 18] New best cost=483555.22 (feasible=YES, time 6.49663s)
[ITER 19] New best cost=480653.09 (feasible=YES, time 6.58006s)
[ITER 20] New best cost=479957.25 (feasible=YES, time 6.73686s)
[ITER 20] bestGlobalCost=479957.25 (feasible=YES) bestThisIter=479957.25 feasibleAnts=10 noImprove=0 (elapsed 6.74198s)
[ITER 22] New best cost=479118.23 (feasible=YES, time 6.91663s)
[ITER 26] New best cost=478723.05 (feasible=YES, time 7.2022s)
[ITER 30] bestGlobalCost=478723.05 (feasible=YES) bestThisIter=478723.05 feasibleAnts=10 noImprove=4 (elapsed 11.4661s)
[ITER 40] bestGlobalCost=478723.05 (feasible=YES) bestThisIter=492841.23 feasibleAnts=10 noImprove=14 (elapsed 12.2344s)
[ITER 50] bestGlobalCost=478723.05 (feasible=YES) bestThisIter=504776.70 feasibleAnts=10 noImprove=24 (elapsed 16.9988s)
[RESET] no improvement for30-> reset pheromones
[ITER 60] bestGlobalCost=478723.05 (feasible=YES) bestThisIter=498496.52 feasibleAnts=10 noImprove=4 (elapsed 22.5789s)
[ITER 70] bestGlobalCost=478723.05 (feasible=YES) bestThisIter=503044.30 feasibleAnts=10 noImprove=14 (elapsed 23.9047s)
[ITER 80] bestGlobalCost=478723.05 (feasible=YES) bestThisIter=498397.98 feasibleAnts=10 noImprove=24 (elapsed 29.0467s)
[RESET] no improvement for30-> reset pheromones
[ITER 90] bestGlobalCost=478723.05 (feasible=YES) bestThisIter=506385.90 feasibleAnts=10 noImprove=4 (elapsed 34.0897s)
[ITER 100] bestGlobalCost=478723.05 (feasible=YES) bestThisIter=494101.11 feasibleAnts=10 noImprove=14 (elapsed 35.5183s)
[ITER 110] bestGlobalCost=478723.05 (feasible=YES) bestThisIter=512900.99 feasibleAnts=10 noImprove=24 (elapsed 42.5517s)
[RESET] no improvement for30-> reset pheromones
[ITER 120] bestGlobalCost=478723.05 (feasible=YES) bestThisIter=500574.98 feasibleAnts=10 noImprove=4 (elapsed 48.5763s)
[ITER 130] bestGlobalCost=478723.05 (feasible=YES) bestThisIter=500969.74 feasibleAnts=10 noImprove=14 (elapsed 50.077s)
[ITER 140] bestGlobalCost=478723.05 (feasible=YES) bestThisIter=497149.50 feasibleAnts=10 noImprove=24 (elapsed 55.3004s)
[RESET] no improvement for30-> reset pheromones
[ITER 150] bestGlobalCost=478723.05 (feasible=YES) bestThisIter=500704.50 feasibleAnts=10 noImprove=4 (elapsed 60.3107s)
2 7 8 16 17 20 27 28 
39 52 63 64 65 73 85 
34 35 45 46 47 56 57 68 
9 15 26 43 44 49 
31 38 40 41 51 53 62 
67 70 77 78 79 82 
104 113 116 123 126 127 128 134 
109 110 129 130 135 136 
89 93 94 101 111 112 
4 11 12 13 22 23 33 
36 48 55 58 59 60 
3 10 14 21 24 25 
32 37 42 50 54 61 66 
1 5 6 18 19 29 30 
69 80 81 90 91 92 102 
72 74 84 86 97 98 99 
103 114 115 124 125 133 
87 88 105 117 121 122 
106 107 108 118 119 120 131 132 
71 75 76 83 95 96 100 
[SAVELOGS] evolution saved to results/logs/pr136_20_2/evolution/pr136_20_2
[SAVELOGS] best cost saved to results/logs/pr136_20_2/objectives/pr136_20_2
[SAVELOGS] best solution saved to results/logs/pr136_20_2/solutions/pr136_20_2
