[ITER 1] New best cost=514884.59 (feasible=YES, time 0.184393s)
[ITER 2] New best cost=492196.88 (feasible=YES, time 0.256464s)
[ITER 3] New best cost=489197.48 (feasible=YES, time 0.377881s)
[ITER 4] New best cost=486880.27 (feasible=YES, time 0.459263s)
[ITER 10] bestGlobalCost=486880.27 (feasible=YES) bestThisIter=492873.54 feasibleAnts=10 noImprove=6 (elapsed 1.33627s)
[ITER 15] New best cost=484642.84 (feasible=YES, time 2.90867s)
[ITER 15] New best cost=483884.75 (feasible=YES, time 6.16194s)
[ITER 19] New best cost=477189.23 (feasible=YES, time 6.55099s)
[ITER 20] bestGlobalCost=477189.23 (feasible=YES) bestThisIter=478440.00 feasibleAnts=12 noImprove=1 (elapsed 6.71271s)
[ITER 30] bestGlobalCost=477189.23 (feasible=YES) bestThisIter=477189.23 feasibleAnts=10 noImprove=11 (elapsed 11.5852s)
[ITER 40] bestGlobalCost=477189.23 (feasible=YES) bestThisIter=502038.43 feasibleAnts=10 noImprove=21 (elapsed 12.9137s)
[RESET] no improvement for30-> reset pheromones
[ITER 50] bestGlobalCost=477189.23 (feasible=YES) bestThisIter=522747.06 feasibleAnts=10 noImprove=1 (elapsed 18.4387s)
[ITER 60] bestGlobalCost=477189.23 (feasible=YES) bestThisIter=492853.47 feasibleAnts=10 noImprove=11 (elapsed 24.0201s)
[ITER 70] bestGlobalCost=477189.23 (feasible=YES) bestThisIter=489812.17 feasibleAnts=10 noImprove=21 (elapsed 25.2837s)
[RESET] no improvement for30-> reset pheromones
[ITER 80] bestGlobalCost=477189.23 (feasible=YES) bestThisIter=518928.92 feasibleAnts=10 noImprove=1 (elapsed 30.7398s)
[ITER 90] bestGlobalCost=477189.23 (feasible=YES) bestThisIter=519762.50 feasibleAnts=10 noImprove=11 (elapsed 36.7362s)
[ITER 100] bestGlobalCost=477189.23 (feasible=YES) bestThisIter=497660.94 feasibleAnts=10 noImprove=21 (elapsed 38.3448s)
[RESET] no improvement for30-> reset pheromones
[ITER 110] bestGlobalCost=477189.23 (feasible=YES) bestThisIter=523455.68 feasibleAnts=10 noImprove=1 (elapsed 45.7073s)
[ITER 120] bestGlobalCost=477189.23 (feasible=YES) bestThisIter=510143.04 feasibleAnts=10 noImprove=11 (elapsed 51.7515s)
[ITER 130] bestGlobalCost=477189.23 (feasible=YES) bestThisIter=511001.80 feasibleAnts=10 noImprove=21 (elapsed 53.1685s)
[RESET] no improvement for30-> reset pheromones
[ITER 140] bestGlobalCost=477189.23 (feasible=YES) bestThisIter=539527.73 feasibleAnts=10 noImprove=1 (elapsed 58.5622s)
[ITER 150] bestGlobalCost=477189.23 (feasible=YES) bestThisIter=508580.39 feasibleAnts=10 noImprove=11 (elapsed 64.8608s)
69 80 81 90 91 92 102 
93 94 111 112 122 128 
87 105 110 117 121 129 135 
1 2 7 8 17 27 28 
41 42 50 53 54 61 62 66 
4 12 13 22 23 33 34 
3 9 10 11 14 21 25 
104 113 116 123 126 127 134 
70 77 78 82 89 101 
103 114 115 124 125 133 
106 109 118 120 130 131 136 
85 98 107 108 119 132 
36 44 48 55 58 79 
15 16 20 26 32 37 
24 35 45 46 47 56 57 68 
43 49 59 60 67 88 
71 75 76 83 95 96 100 
5 6 18 19 29 30 31 
38 39 40 51 52 63 64 65 
72 73 74 84 86 97 99 
[SAVELOGS] evolution saved to results/logs/pr136_20_2/evolution/pr136_20_2
[SAVELOGS] best cost saved to results/logs/pr136_20_2/objectives/pr136_20_2
[SAVELOGS] best solution saved to results/logs/pr136_20_2/solutions/pr136_20_2
