[ITER 1] New best cost=35703671.17 (feasible=YES, time 2.34081s)
[ITER 2] New best cost=35393785.91 (feasible=YES, time 3.84796s)
[ITER 4] New best cost=35375130.52 (feasible=YES, time 6.27744s)
[ITER 7] New best cost=35374691.23 (feasible=YES, time 10.8339s)
[ITER 10] bestGlobalCost=35374691.23 (feasible=YES) bestThisIter=35374691.23 feasibleAnts=11 noImprove=3 (elapsed 17.1539s)
[ITER 14] New best cost=35311384.97 (feasible=YES, time 19.8496s)
[ITER 20] bestGlobalCost=35311384.97 (feasible=YES) bestThisIter=35345760.43 feasibleAnts=10 noImprove=6 (elapsed 25.9498s)
[ITER 30] bestGlobalCost=35311384.97 (feasible=YES) bestThisIter=35384017.84 feasibleAnts=10 noImprove=16 (elapsed 40.042s)
[ITER 40] bestGlobalCost=35311384.97 (feasible=YES) bestThisIter=35321764.38 feasibleAnts=10 noImprove=26 (elapsed 54.5353s)
[ITER 50] bestGlobalCost=35311384.97 (feasible=YES) bestThisIter=35363308.94 feasibleAnts=11 noImprove=36 (elapsed 68.7315s)
[ITER 60] bestGlobalCost=35311384.97 (feasible=YES) bestThisIter=35395071.87 feasibleAnts=12 noImprove=46 (elapsed 85.1643s)
[RESET] no improvement for50-> reset pheromones
[ITER 70] bestGlobalCost=35311384.97 (feasible=YES) bestThisIter=35401279.77 feasibleAnts=10 noImprove=6 (elapsed 99.0397s)
[ITER 80] bestGlobalCost=35311384.97 (feasible=YES) bestThisIter=35327943.13 feasibleAnts=10 noImprove=16 (elapsed 112.572s)
[ITER 90] bestGlobalCost=35311384.97 (feasible=YES) bestThisIter=35342310.65 feasibleAnts=10 noImprove=26 (elapsed 127.748s)
[ITER 100] bestGlobalCost=35311384.97 (feasible=YES) bestThisIter=35375006.12 feasibleAnts=11 noImprove=36 (elapsed 142.911s)
[ITER 103] New best cost=35302897.46 (feasible=YES, time 145.852s)
[ITER 110] bestGlobalCost=35302897.46 (feasible=YES) bestThisIter=35312755.78 feasibleAnts=10 noImprove=7 (elapsed 153.206s)
[ITER 120] bestGlobalCost=35302897.46 (feasible=YES) bestThisIter=35369499.67 feasibleAnts=10 noImprove=17 (elapsed 165.689s)
[ITER 130] bestGlobalCost=35302897.46 (feasible=YES) bestThisIter=35358945.87 feasibleAnts=10 noImprove=27 (elapsed 180.339s)
[ITER 140] bestGlobalCost=35302897.46 (feasible=YES) bestThisIter=35436967.17 feasibleAnts=11 noImprove=37 (elapsed 193.911s)
[ITER 150] bestGlobalCost=35302897.46 (feasible=YES) bestThisIter=35418536.94 feasibleAnts=12 noImprove=47 (elapsed 211.993s)
[RESET] no improvement for50-> reset pheromones
[ITER 160] bestGlobalCost=35302897.46 (feasible=YES) bestThisIter=35401260.68 feasibleAnts=10 noImprove=7 (elapsed 225.379s)
[ITER 170] bestGlobalCost=35302897.46 (feasible=YES) bestThisIter=35382446.34 feasibleAnts=10 noImprove=17 (elapsed 238.778s)
[ITER 178] New best cost=35295848.69 (feasible=YES, time 250.149s)
[ITER 180] bestGlobalCost=35295848.69 (feasible=YES) bestThisIter=35302897.46 feasibleAnts=10 noImprove=2 (elapsed 253.492s)
[ITER 188] New best cost=35273370.59 (feasible=YES, time 261.812s)
[ITER 190] bestGlobalCost=35273370.59 (feasible=YES) bestThisIter=35369376.29 feasibleAnts=10 noImprove=2 (elapsed 265.069s)
[ITER 200] bestGlobalCost=35273370.59 (feasible=YES) bestThisIter=35498220.63 feasibleAnts=10 noImprove=12 (elapsed 276.805s)
[ITER 210] bestGlobalCost=35273370.59 (feasible=YES) bestThisIter=35378224.50 feasibleAnts=10 noImprove=22 (elapsed 291.114s)
[ITER 220] bestGlobalCost=35273370.59 (feasible=YES) bestThisIter=35390524.50 feasibleAnts=12 noImprove=32 (elapsed 306.878s)
[ITER 230] bestGlobalCost=35273370.59 (feasible=YES) bestThisIter=35417449.75 feasibleAnts=12 noImprove=42 (elapsed 321.474s)
[RESET] no improvement for50-> reset pheromones
[ITER 240] bestGlobalCost=35273370.59 (feasible=YES) bestThisIter=35352515.68 feasibleAnts=10 noImprove=2 (elapsed 338.731s)
[ITER 250] bestGlobalCost=35273370.59 (feasible=YES) bestThisIter=35394011.38 feasibleAnts=10 noImprove=12 (elapsed 350.239s)
[ITER 260] New best cost=35262585.33 (feasible=YES, time 363.771s)
[ITER 260] bestGlobalCost=35262585.33 (feasible=YES) bestThisIter=35388332.99 feasibleAnts=10 noImprove=0 (elapsed 363.775s)
[ITER 269] New best cost=35246231.31 (feasible=YES, time 378.547s)
[ITER 270] bestGlobalCost=35246231.31 (feasible=YES) bestThisIter=35260519.02 feasibleAnts=17 noImprove=1 (elapsed 384.067s)
[ITER 273] New best cost=35237562.21 (feasible=YES, time 387.104s)
[ITER 280] bestGlobalCost=35237562.21 (feasible=YES) bestThisIter=35299162.86 feasibleAnts=10 noImprove=7 (elapsed 393.636s)
[ITER 290] bestGlobalCost=35237562.21 (feasible=YES) bestThisIter=35394816.54 feasibleAnts=10 noImprove=17 (elapsed 406.211s)
[ITER 300] bestGlobalCost=35237562.21 (feasible=YES) bestThisIter=35418875.96 feasibleAnts=11 noImprove=27 (elapsed 420.208s)
[ITER 310] bestGlobalCost=35237562.21 (feasible=YES) bestThisIter=35425554.56 feasibleAnts=12 noImprove=37 (elapsed 435.907s)
[ITER 320] bestGlobalCost=35237562.21 (feasible=YES) bestThisIter=35476710.19 feasibleAnts=12 noImprove=47 (elapsed 450.815s)
[RESET] no improvement for50-> reset pheromones
[ITER 330] bestGlobalCost=35237562.21 (feasible=YES) bestThisIter=35381368.63 feasibleAnts=10 noImprove=7 (elapsed 465.977s)
[ITER 340] bestGlobalCost=35237562.21 (feasible=YES) bestThisIter=35334917.90 feasibleAnts=10 noImprove=17 (elapsed 480.304s)
[ITER 350] bestGlobalCost=35237562.21 (feasible=YES) bestThisIter=35348159.51 feasibleAnts=10 noImprove=27 (elapsed 496.034s)
[ITER 360] bestGlobalCost=35237562.21 (feasible=YES) bestThisIter=35473367.17 feasibleAnts=12 noImprove=37 (elapsed 510.612s)
[ITER 370] bestGlobalCost=35237562.21 (feasible=YES) bestThisIter=35383655.91 feasibleAnts=12 noImprove=47 (elapsed 524.648s)
[RESET] no improvement for50-> reset pheromones
[ITER 380] bestGlobalCost=35237562.21 (feasible=YES) bestThisIter=35354471.54 feasibleAnts=10 noImprove=7 (elapsed 539.594s)
[ITER 390] bestGlobalCost=35237562.21 (feasible=YES) bestThisIter=35280825.05 feasibleAnts=10 noImprove=17 (elapsed 552.213s)
[ITER 400] bestGlobalCost=35237562.21 (feasible=YES) bestThisIter=35270576.34 feasibleAnts=10 noImprove=27 (elapsed 568.01s)
[ITER 410] bestGlobalCost=35237562.21 (feasible=YES) bestThisIter=35387833.24 feasibleAnts=12 noImprove=37 (elapsed 584.873s)
[ITER 420] bestGlobalCost=35237562.21 (feasible=YES) bestThisIter=35310726.69 feasibleAnts=10 noImprove=47 (elapsed 601.276s)
[RESET] no improvement for50-> reset pheromones
[ITER 430] bestGlobalCost=35237562.21 (feasible=YES) bestThisIter=35295605.02 feasibleAnts=10 noImprove=7 (elapsed 614.898s)
[ITER 440] bestGlobalCost=35237562.21 (feasible=YES) bestThisIter=35300656.55 feasibleAnts=10 noImprove=17 (elapsed 629.543s)
[ITER 450] bestGlobalCost=35237562.21 (feasible=YES) bestThisIter=35345532.32 feasibleAnts=10 noImprove=27 (elapsed 644.241s)
[ITER 460] bestGlobalCost=35237562.21 (feasible=YES) bestThisIter=35446233.24 feasibleAnts=10 noImprove=37 (elapsed 661.153s)
[ITER 470] bestGlobalCost=35237562.21 (feasible=YES) bestThisIter=35410358.41 feasibleAnts=12 noImprove=47 (elapsed 678.703s)
[RESET] no improvement for50-> reset pheromones
[ITER 480] bestGlobalCost=35237562.21 (feasible=YES) bestThisIter=35334308.48 feasibleAnts=10 noImprove=7 (elapsed 694.007s)
[ITER 490] bestGlobalCost=35237562.21 (feasible=YES) bestThisIter=35336975.45 feasibleAnts=10 noImprove=17 (elapsed 706.6s)
[ITER 500] bestGlobalCost=35237562.21 (feasible=YES) bestThisIter=35404777.16 feasibleAnts=10 noImprove=27 (elapsed 722.049s)
[ITER 510] bestGlobalCost=35237562.21 (feasible=YES) bestThisIter=35367980.19 feasibleAnts=10 noImprove=37 (elapsed 738.27s)
[ITER 520] bestGlobalCost=35237562.21 (feasible=YES) bestThisIter=35431957.71 feasibleAnts=12 noImprove=47 (elapsed 754.452s)
[RESET] no improvement for50-> reset pheromones
[ITER 530] bestGlobalCost=35237562.21 (feasible=YES) bestThisIter=35333505.05 feasibleAnts=10 noImprove=7 (elapsed 768.995s)
[ITER 540] bestGlobalCost=35237562.21 (feasible=YES) bestThisIter=35414577.28 feasibleAnts=10 noImprove=17 (elapsed 784.562s)
[ITER 550] bestGlobalCost=35237562.21 (feasible=YES) bestThisIter=35356054.46 feasibleAnts=10 noImprove=27 (elapsed 801.196s)
[ITER 560] bestGlobalCost=35237562.21 (feasible=YES) bestThisIter=35349966.34 feasibleAnts=12 noImprove=37 (elapsed 816.265s)
[ITER 570] bestGlobalCost=35237562.21 (feasible=YES) bestThisIter=35412198.23 feasibleAnts=12 noImprove=47 (elapsed 832.227s)
[RESET] no improvement for50-> reset pheromones
[ITER 580] bestGlobalCost=35237562.21 (feasible=YES) bestThisIter=35383379.65 feasibleAnts=10 noImprove=7 (elapsed 846.743s)
[ITER 590] bestGlobalCost=35237562.21 (feasible=YES) bestThisIter=35315847.60 feasibleAnts=10 noImprove=17 (elapsed 861.91s)
[ITER 600] bestGlobalCost=35237562.21 (feasible=YES) bestThisIter=35427863.93 feasibleAnts=10 noImprove=27 (elapsed 876.483s)
[ITER 610] bestGlobalCost=35237562.21 (feasible=YES) bestThisIter=35415362.23 feasibleAnts=10 noImprove=37 (elapsed 890.219s)
[ITER 620] bestGlobalCost=35237562.21 (feasible=YES) bestThisIter=35379403.35 feasibleAnts=12 noImprove=47 (elapsed 903.639s)
[RESET] no improvement for50-> reset pheromones
[ITER 630] bestGlobalCost=35237562.21 (feasible=YES) bestThisIter=35373787.27 feasibleAnts=10 noImprove=7 (elapsed 917.773s)
[ITER 640] bestGlobalCost=35237562.21 (feasible=YES) bestThisIter=35389977.74 feasibleAnts=10 noImprove=17 (elapsed 931.136s)
[ITER 650] bestGlobalCost=35237562.21 (feasible=YES) bestThisIter=35392643.96 feasibleAnts=11 noImprove=27 (elapsed 947.638s)
[ITER 660] bestGlobalCost=35237562.21 (feasible=YES) bestThisIter=35358229.22 feasibleAnts=10 noImprove=37 (elapsed 963.227s)
[ITER 670] bestGlobalCost=35237562.21 (feasible=YES) bestThisIter=35360025.18 feasibleAnts=12 noImprove=47 (elapsed 979.072s)
[RESET] no improvement for50-> reset pheromones
[ITER 680] bestGlobalCost=35237562.21 (feasible=YES) bestThisIter=35516802.77 feasibleAnts=10 noImprove=7 (elapsed 992.138s)
[ITER 690] bestGlobalCost=35237562.21 (feasible=YES) bestThisIter=35429906.98 feasibleAnts=10 noImprove=17 (elapsed 1007.03s)
[ITER 700] bestGlobalCost=35237562.21 (feasible=YES) bestThisIter=35381854.88 feasibleAnts=10 noImprove=27 (elapsed 1023.19s)
[ITER 710] bestGlobalCost=35237562.21 (feasible=YES) bestThisIter=35410510.88 feasibleAnts=10 noImprove=37 (elapsed 1039.79s)
[ITER 720] bestGlobalCost=35237562.21 (feasible=YES) bestThisIter=35372234.32 feasibleAnts=12 noImprove=47 (elapsed 1054.77s)
[RESET] no improvement for50-> reset pheromones
[ITER 730] bestGlobalCost=35237562.21 (feasible=YES) bestThisIter=35315153.89 feasibleAnts=10 noImprove=7 (elapsed 1069.01s)
[ITER 740] bestGlobalCost=35237562.21 (feasible=YES) bestThisIter=35297491.46 feasibleAnts=10 noImprove=17 (elapsed 1084.78s)
[ITER 750] bestGlobalCost=35237562.21 (feasible=YES) bestThisIter=35327313.79 feasibleAnts=10 noImprove=27 (elapsed 1098.66s)
[ITER 760] bestGlobalCost=35237562.21 (feasible=YES) bestThisIter=35342173.90 feasibleAnts=10 noImprove=37 (elapsed 1113.93s)
[ITER 770] bestGlobalCost=35237562.21 (feasible=YES) bestThisIter=35440316.96 feasibleAnts=12 noImprove=47 (elapsed 1130.18s)
[RESET] no improvement for50-> reset pheromones
[ITER 780] bestGlobalCost=35237562.21 (feasible=YES) bestThisIter=35391157.89 feasibleAnts=10 noImprove=7 (elapsed 1143.79s)
[ITER 790] bestGlobalCost=35237562.21 (feasible=YES) bestThisIter=35416025.55 feasibleAnts=10 noImprove=17 (elapsed 1158.48s)
[ITER 800] bestGlobalCost=35237562.21 (feasible=YES) bestThisIter=35419222.60 feasibleAnts=10 noImprove=27 (elapsed 1173.19s)
[ITER 810] bestGlobalCost=35237562.21 (feasible=YES) bestThisIter=35325670.30 feasibleAnts=10 noImprove=37 (elapsed 1191.6s)
[ITER 820] bestGlobalCost=35237562.21 (feasible=YES) bestThisIter=35311677.57 feasibleAnts=12 noImprove=47 (elapsed 1208.43s)
[RESET] no improvement for50-> reset pheromones
[ITER 830] bestGlobalCost=35237562.21 (feasible=YES) bestThisIter=35306085.86 feasibleAnts=10 noImprove=7 (elapsed 1222.63s)
[ITER 840] bestGlobalCost=35237562.21 (feasible=YES) bestThisIter=35314110.96 feasibleAnts=10 noImprove=17 (elapsed 1236.3s)
[ITER 850] bestGlobalCost=35237562.21 (feasible=YES) bestThisIter=35409696.12 feasibleAnts=10 noImprove=27 (elapsed 1250.19s)
[ITER 860] bestGlobalCost=35237562.21 (feasible=YES) bestThisIter=35334804.44 feasibleAnts=10 noImprove=37 (elapsed 1268.34s)
[ITER 870] bestGlobalCost=35237562.21 (feasible=YES) bestThisIter=35378070.16 feasibleAnts=12 noImprove=47 (elapsed 1282.69s)
[RESET] no improvement for50-> reset pheromones
[ITER 880] bestGlobalCost=35237562.21 (feasible=YES) bestThisIter=35322532.60 feasibleAnts=10 noImprove=7 (elapsed 1296.92s)
[ITER 890] bestGlobalCost=35237562.21 (feasible=YES) bestThisIter=35344966.94 feasibleAnts=10 noImprove=17 (elapsed 1310.12s)
[ITER 900] bestGlobalCost=35237562.21 (feasible=YES) bestThisIter=35425567.24 feasibleAnts=10 noImprove=27 (elapsed 1324.57s)
[ITER 910] bestGlobalCost=35237562.21 (feasible=YES) bestThisIter=35324479.23 feasibleAnts=10 noImprove=37 (elapsed 1340.12s)
[ITER 920] bestGlobalCost=35237562.21 (feasible=YES) bestThisIter=35394299.81 feasibleAnts=12 noImprove=47 (elapsed 1355.47s)
[RESET] no improvement for50-> reset pheromones
[ITER 930] bestGlobalCost=35237562.21 (feasible=YES) bestThisIter=35359198.28 feasibleAnts=10 noImprove=7 (elapsed 1369.14s)
[ITER 940] bestGlobalCost=35237562.21 (feasible=YES) bestThisIter=35391760.90 feasibleAnts=10 noImprove=17 (elapsed 1382.89s)
[ITER 950] bestGlobalCost=35237562.21 (feasible=YES) bestThisIter=35326533.97 feasibleAnts=10 noImprove=27 (elapsed 1399.03s)
[ITER 960] bestGlobalCost=35237562.21 (feasible=YES) bestThisIter=35373880.53 feasibleAnts=12 noImprove=37 (elapsed 1414.82s)
[ITER 970] bestGlobalCost=35237562.21 (feasible=YES) bestThisIter=35418863.70 feasibleAnts=12 noImprove=47 (elapsed 1432.02s)
[RESET] no improvement for50-> reset pheromones
[ITER 980] bestGlobalCost=35237562.21 (feasible=YES) bestThisIter=35359052.05 feasibleAnts=10 noImprove=7 (elapsed 1445.87s)
[ITER 990] bestGlobalCost=35237562.21 (feasible=YES) bestThisIter=35349123.00 feasibleAnts=10 noImprove=17 (elapsed 1458.57s)
[ITER 1000] bestGlobalCost=35237562.21 (feasible=YES) bestThisIter=35348946.71 feasibleAnts=10 noImprove=27 (elapsed 1475.15s)
[ITER 1010] bestGlobalCost=35237562.21 (feasible=YES) bestThisIter=35456212.18 feasibleAnts=12 noImprove=37 (elapsed 1489.48s)
1 2 3 4 5 6 7 8 9 10 11 12 13 14 15 16 17 24 25 26 27 28 29 30 31 32 33 34 35 36 37 38 39 40 41 42 43 44 45 46 47 48 49 50 51 52 53 54 55 56 57 58 59 60 61 62 63 64 73 74 75 76 77 78 79 80 81 82 83 84 85 86 87 89 107 108 110 111 144 145 147 149 225 280 290 
18 19 20 21 22 23 65 66 67 68 69 70 71 72 88 90 91 92 93 94 95 96 97 98 99 100 101 102 103 104 105 106 109 112 113 114 115 116 117 118 119 120 121 122 123 124 125 126 127 128 129 130 131 134 135 136 138 139 140 141 142 143 146 148 150 151 152 153 154 155 156 157 158 161 162 163 164 168 169 171 174 180 181 182 183 184 185 191 195 216 
186 187 188 189 226 227 228 229 230 231 232 281 282 283 284 285 286 287 288 289 291 293 340 341 342 343 344 345 346 347 348 349 350 351 352 354 356 357 371 372 373 374 375 376 377 379 380 381 382 383 384 389 390 391 392 393 394 395 396 397 398 399 403 406 407 408 409 410 411 412 413 414 420 421 422 423 424 425 426 427 430 432 433 434 435 436 437 438 439 
132 133 137 159 160 165 166 167 170 172 173 175 176 177 178 179 192 193 194 196 197 198 199 200 201 202 203 204 205 206 207 208 209 210 211 212 213 214 215 217 218 219 220 221 234 235 236 238 239 240 241 242 243 244 245 246 247 248 249 250 251 252 253 254 255 256 257 258 259 260 261 262 263 265 269 307 308 309 310 311 312 313 314 315 316 318 319 320 322 
190 222 223 224 233 237 264 266 267 268 270 271 272 273 274 275 276 277 278 279 292 294 295 296 297 298 299 300 301 302 303 304 305 306 317 321 323 324 325 326 327 328 329 330 331 332 333 334 335 336 337 338 339 353 355 358 359 360 361 362 363 364 365 366 367 368 369 370 378 385 386 387 388 400 401 402 404 405 415 416 417 418 419 428 429 431 
[SAVELOGS] evolution saved to results/logs/aco_logs/evolution/pr439_05_3.txt
[SAVELOGS] best cost saved to results/logs/aco_logs/objectives/pr439_05_3.txt
[SAVELOGS] best solution saved to results/logs/aco_logs/solutions/pr439_05_3.txt
