[ITER 1] New best cost=56803.67 (feasible=YES, time 0.0739366s)
[ITER 2] New best cost=55939.04 (feasible=YES, time 0.15459s)
[ITER 3] New best cost=55037.58 (feasible=YES, time 0.222993s)
[ITER 4] New best cost=53044.11 (feasible=YES, time 0.302728s)
[ITER 5] New best cost=52526.90 (feasible=YES, time 0.372994s)
[ITER 8] New best cost=51958.71 (feasible=YES, time 0.551518s)
[ITER 10] bestGlobalCost=51958.71 (feasible=YES) bestThisIter=52464.05 feasibleAnts=10 noImprove=2 (elapsed 0.641196s)
[ITER 14] New best cost=50877.17 (feasible=YES, time 0.839691s)
[ITER 15] New best cost=50574.60 (feasible=YES, time 1.33732s)
[ITER 15] New best cost=50502.45 (feasible=YES, time 2.73293s)
[ITER 20] bestGlobalCost=50502.45 (feasible=YES) bestThisIter=50502.45 feasibleAnts=10 noImprove=5 (elapsed 2.94303s)
[ITER 30] bestGlobalCost=50502.45 (feasible=YES) bestThisIter=55865.24 feasibleAnts=10 noImprove=15 (elapsed 5.26518s)
[ITER 40] bestGlobalCost=50502.45 (feasible=YES) bestThisIter=53985.40 feasibleAnts=10 noImprove=25 (elapsed 6.14826s)
[ITER 45] New best cost=50470.51 (feasible=YES, time 7.12396s)
[ITER 50] bestGlobalCost=50470.51 (feasible=YES) bestThisIter=50470.51 feasibleAnts=10 noImprove=5 (elapsed 9.16319s)
[ITER 60] bestGlobalCost=50470.51 (feasible=YES) bestThisIter=53763.15 feasibleAnts=10 noImprove=15 (elapsed 11.5365s)
[ITER 70] bestGlobalCost=50470.51 (feasible=YES) bestThisIter=56007.93 feasibleAnts=10 noImprove=25 (elapsed 12.2538s)
[RESET] no improvement for30-> reset pheromones
[ITER 80] bestGlobalCost=50470.51 (feasible=YES) bestThisIter=51777.32 feasibleAnts=10 noImprove=5 (elapsed 15.026s)
[ITER 90] bestGlobalCost=50470.51 (feasible=YES) bestThisIter=51959.24 feasibleAnts=10 noImprove=15 (elapsed 18.0266s)
[ITER 100] bestGlobalCost=50470.51 (feasible=YES) bestThisIter=51064.98 feasibleAnts=10 noImprove=25 (elapsed 18.7487s)
[RESET] no improvement for30-> reset pheromones
[ITER 110] bestGlobalCost=50470.51 (feasible=YES) bestThisIter=55899.65 feasibleAnts=10 noImprove=5 (elapsed 21.1615s)
[ITER 120] bestGlobalCost=50470.51 (feasible=YES) bestThisIter=50470.51 feasibleAnts=10 noImprove=15 (elapsed 24.1484s)
[ITER 130] bestGlobalCost=50470.51 (feasible=YES) bestThisIter=52580.97 feasibleAnts=10 noImprove=25 (elapsed 25.1147s)
[RESET] no improvement for30-> reset pheromones
[ITER 140] bestGlobalCost=50470.51 (feasible=YES) bestThisIter=56901.49 feasibleAnts=10 noImprove=5 (elapsed 27.705s)
[ITER 150] bestGlobalCost=50470.51 (feasible=YES) bestThisIter=53615.07 feasibleAnts=10 noImprove=15 (elapsed 30.2938s)
[ITER 160] bestGlobalCost=50470.51 (feasible=YES) bestThisIter=52918.39 feasibleAnts=10 noImprove=25 (elapsed 31.2971s)
[RESET] no improvement for30-> reset pheromones
[ITER 170] bestGlobalCost=50470.51 (feasible=YES) bestThisIter=55905.46 feasibleAnts=10 noImprove=5 (elapsed 34.191s)
[ITER 180] bestGlobalCost=50470.51 (feasible=YES) bestThisIter=55428.25 feasibleAnts=10 noImprove=15 (elapsed 36.7252s)
[ITER 190] bestGlobalCost=50470.51 (feasible=YES) bestThisIter=51894.44 feasibleAnts=10 noImprove=25 (elapsed 37.4575s)
[RESET] no improvement for30-> reset pheromones
[ITER 200] bestGlobalCost=50470.51 (feasible=YES) bestThisIter=56816.56 feasibleAnts=10 noImprove=5 (elapsed 39.8746s)
[ITER 210] bestGlobalCost=50470.51 (feasible=YES) bestThisIter=51139.78 feasibleAnts=10 noImprove=15 (elapsed 42.3187s)
[ITER 220] bestGlobalCost=50470.51 (feasible=YES) bestThisIter=53016.09 feasibleAnts=10 noImprove=25 (elapsed 43.1011s)
[RESET] no improvement for30-> reset pheromones
[ITER 230] bestGlobalCost=50470.51 (feasible=YES) bestThisIter=56187.35 feasibleAnts=10 noImprove=5 (elapsed 45.5808s)
[ITER 240] bestGlobalCost=50470.51 (feasible=YES) bestThisIter=53411.69 feasibleAnts=10 noImprove=15 (elapsed 48.678s)
[ITER 250] bestGlobalCost=50470.51 (feasible=YES) bestThisIter=53471.04 feasibleAnts=10 noImprove=25 (elapsed 49.5273s)
[RESET] no improvement for30-> reset pheromones
[ITER 260] bestGlobalCost=50470.51 (feasible=YES) bestThisIter=53323.14 feasibleAnts=10 noImprove=5 (elapsed 51.9398s)
[ITER 270] bestGlobalCost=50470.51 (feasible=YES) bestThisIter=53198.81 feasibleAnts=10 noImprove=15 (elapsed 54.4222s)
[ITER 280] bestGlobalCost=50470.51 (feasible=YES) bestThisIter=52796.93 feasibleAnts=10 noImprove=25 (elapsed 55.1692s)
[RESET] no improvement for30-> reset pheromones
[ITER 290] bestGlobalCost=50470.51 (feasible=YES) bestThisIter=55864.87 feasibleAnts=10 noImprove=5 (elapsed 57.6956s)
[ITER 300] bestGlobalCost=50470.51 (feasible=YES) bestThisIter=53444.94 feasibleAnts=10 noImprove=15 (elapsed 60.8418s)
13 14 34 35 38 39 
67 68 71 79 84 
89 90 93 98 99 
72 78 82 83 85 
91 92 96 97 101 102 
60 61 65 66 87 
88 94 95 100 
16 17 18 19 26 27 
10 11 12 15 21 
69 70 74 75 76 81 
73 77 80 86 
36 37 41 42 43 
20 23 24 28 33 
4 5 8 9 25 
55 56 59 64 105 
22 29 30 31 32 103 
40 48 49 50 51 104 
44 45 46 47 52 54 
53 57 58 62 63 
1 2 3 6 7 
[SAVELOGS] evolution saved to results/logs/lin105_20_2/evolution/lin105_20_2
[SAVELOGS] best cost saved to results/logs/lin105_20_2/objectives/lin105_20_2
[SAVELOGS] best solution saved to results/logs/lin105_20_2/solutions/lin105_20_2
