[ITER 1] New best cost=59615.84 (feasible=YES, time 0.084488s)
[ITER 2] New best cost=55494.07 (feasible=YES, time 0.181341s)
[ITER 3] New best cost=52424.51 (feasible=YES, time 0.256327s)
[ITER 10] bestGlobalCost=52424.51 (feasible=YES) bestThisIter=52931.80 feasibleAnts=10 noImprove=7 (elapsed 0.692981s)
[ITER 15] New best cost=51976.12 (feasible=YES, time 1.35588s)
[ITER 15] New best cost=51082.74 (feasible=YES, time 1.69858s)
[ITER 20] bestGlobalCost=51082.74 (feasible=YES) bestThisIter=51082.74 feasibleAnts=10 noImprove=5 (elapsed 2.84461s)
[ITER 24] New best cost=50784.51 (feasible=YES, time 3.01125s)
[ITER 30] bestGlobalCost=50784.51 (feasible=YES) bestThisIter=50784.51 feasibleAnts=12 noImprove=6 (elapsed 4.77593s)
[ITER 40] bestGlobalCost=50784.51 (feasible=YES) bestThisIter=52302.63 feasibleAnts=10 noImprove=16 (elapsed 5.20116s)
[ITER 50] bestGlobalCost=50784.51 (feasible=YES) bestThisIter=53747.48 feasibleAnts=10 noImprove=26 (elapsed 7.54829s)
[RESET] no improvement for30-> reset pheromones
[ITER 60] bestGlobalCost=50784.51 (feasible=YES) bestThisIter=54740.15 feasibleAnts=10 noImprove=6 (elapsed 9.86892s)
[ITER 70] bestGlobalCost=50784.51 (feasible=YES) bestThisIter=53523.51 feasibleAnts=10 noImprove=16 (elapsed 10.5554s)
[ITER 80] bestGlobalCost=50784.51 (feasible=YES) bestThisIter=50817.97 feasibleAnts=10 noImprove=26 (elapsed 12.8163s)
[RESET] no improvement for30-> reset pheromones
[ITER 90] bestGlobalCost=50784.51 (feasible=YES) bestThisIter=55691.80 feasibleAnts=10 noImprove=6 (elapsed 15.1979s)
[ITER 100] bestGlobalCost=50784.51 (feasible=YES) bestThisIter=52913.14 feasibleAnts=10 noImprove=16 (elapsed 16.0508s)
[ITER 110] bestGlobalCost=50784.51 (feasible=YES) bestThisIter=54302.56 feasibleAnts=10 noImprove=26 (elapsed 18.8875s)
[RESET] no improvement for30-> reset pheromones
[ITER 120] bestGlobalCost=50784.51 (feasible=YES) bestThisIter=54679.93 feasibleAnts=10 noImprove=6 (elapsed 21.2892s)
[ITER 130] bestGlobalCost=50784.51 (feasible=YES) bestThisIter=53086.10 feasibleAnts=10 noImprove=16 (elapsed 21.9835s)
[ITER 140] bestGlobalCost=50784.51 (feasible=YES) bestThisIter=54450.27 feasibleAnts=10 noImprove=26 (elapsed 24.2729s)
[RESET] no improvement for30-> reset pheromones
[ITER 150] bestGlobalCost=50784.51 (feasible=YES) bestThisIter=55011.32 feasibleAnts=10 noImprove=6 (elapsed 26.6441s)
[ITER 160] bestGlobalCost=50784.51 (feasible=YES) bestThisIter=54258.74 feasibleAnts=10 noImprove=16 (elapsed 27.3224s)
[ITER 170] bestGlobalCost=50784.51 (feasible=YES) bestThisIter=53190.17 feasibleAnts=10 noImprove=26 (elapsed 29.6507s)
[RESET] no improvement for30-> reset pheromones
[ITER 180] New best cost=50640.30 (feasible=YES, time 31.427s)
[ITER 180] bestGlobalCost=50640.30 (feasible=YES) bestThisIter=54886.55 feasibleAnts=10 noImprove=0 (elapsed 32.3202s)
[ITER 190] bestGlobalCost=50640.30 (feasible=YES) bestThisIter=51297.27 feasibleAnts=10 noImprove=10 (elapsed 32.8895s)
[ITER 200] bestGlobalCost=50640.30 (feasible=YES) bestThisIter=52399.29 feasibleAnts=10 noImprove=20 (elapsed 35.5096s)
[ITER 210] New best cost=50497.53 (feasible=YES, time 36.7878s)
[ITER 210] bestGlobalCost=50497.53 (feasible=YES) bestThisIter=52529.96 feasibleAnts=10 noImprove=0 (elapsed 37.8112s)
[ITER 220] bestGlobalCost=50497.53 (feasible=YES) bestThisIter=50497.53 feasibleAnts=10 noImprove=10 (elapsed 38.1485s)
[ITER 230] bestGlobalCost=50497.53 (feasible=YES) bestThisIter=54973.46 feasibleAnts=10 noImprove=20 (elapsed 40.3054s)
[ITER 240] bestGlobalCost=50497.53 (feasible=YES) bestThisIter=52790.40 feasibleAnts=10 noImprove=30 (elapsed 42.6079s)
[RESET] no improvement for30-> reset pheromones
[ITER 250] bestGlobalCost=50497.53 (feasible=YES) bestThisIter=54394.91 feasibleAnts=10 noImprove=10 (elapsed 43.2976s)
[ITER 260] bestGlobalCost=50497.53 (feasible=YES) bestThisIter=53563.26 feasibleAnts=10 noImprove=20 (elapsed 45.6042s)
[ITER 270] bestGlobalCost=50497.53 (feasible=YES) bestThisIter=52147.05 feasibleAnts=10 noImprove=30 (elapsed 48.2s)
[RESET] no improvement for30-> reset pheromones
[ITER 280] bestGlobalCost=50497.53 (feasible=YES) bestThisIter=55598.76 feasibleAnts=10 noImprove=10 (elapsed 49.1383s)
[ITER 290] bestGlobalCost=50497.53 (feasible=YES) bestThisIter=55487.02 feasibleAnts=10 noImprove=20 (elapsed 51.8107s)
[ITER 300] bestGlobalCost=50497.53 (feasible=YES) bestThisIter=54130.71 feasibleAnts=10 noImprove=30 (elapsed 54.1085s)
[RESET] no improvement for30-> reset pheromones
[ITER 310] bestGlobalCost=50497.53 (feasible=YES) bestThisIter=53015.92 feasibleAnts=10 noImprove=10 (elapsed 54.8263s)
[ITER 320] bestGlobalCost=50497.53 (feasible=YES) bestThisIter=53956.30 feasibleAnts=10 noImprove=20 (elapsed 57.7223s)
[ITER 330] bestGlobalCost=50497.53 (feasible=YES) bestThisIter=53786.22 feasibleAnts=10 noImprove=30 (elapsed 60.3076s)
[RESET] no improvement for30-> reset pheromones
3 8 9 12 
4 5 13 14 
41 42 46 52 53 58 62 
44 45 47 51 54 56 
72 78 82 83 85 
23 28 29 30 31 32 
91 92 96 97 101 102 
88 94 95 100 
16 17 18 19 25 27 
57 59 63 64 105 
40 48 49 50 55 
24 26 33 36 104 
1 2 6 7 10 
89 90 93 98 99 
69 70 74 75 76 81 
73 77 80 86 
67 68 71 79 84 
60 61 65 66 87 
34 35 37 38 39 43 
11 15 20 21 22 103 
[SAVELOGS] evolution saved to results/logs/lin105_20_2/evolution/lin105_20_2
[SAVELOGS] best cost saved to results/logs/lin105_20_2/objectives/lin105_20_2
[SAVELOGS] best solution saved to results/logs/lin105_20_2/solutions/lin105_20_2
