[ITER 1] New best cost=794430.16 (feasible=YES, time 0.0671146s)
[ITER 2] New best cost=774665.01 (feasible=YES, time 0.119163s)
[ITER 3] New best cost=764060.44 (feasible=YES, time 0.160845s)
[ITER 5] New best cost=762408.68 (feasible=YES, time 0.234617s)
[ITER 7] New best cost=762035.83 (feasible=YES, time 0.303402s)
[ITER 10] bestGlobalCost=762035.83 (feasible=YES) bestThisIter=762035.83 feasibleAnts=13 noImprove=3 (elapsed 0.399774s)
[ITER 20] bestGlobalCost=762035.83 (feasible=YES) bestThisIter=762035.83 feasibleAnts=11 noImprove=13 (elapsed 3.38069s)
[ITER 26] New best cost=760353.35 (feasible=YES, time 3.70783s)
[ITER 30] bestGlobalCost=760353.35 (feasible=YES) bestThisIter=760353.35 feasibleAnts=26 noImprove=4 (elapsed 6.06007s)
[ITER 40] bestGlobalCost=760353.35 (feasible=YES) bestThisIter=760353.35 feasibleAnts=10 noImprove=14 (elapsed 6.51815s)
[ITER 50] bestGlobalCost=760353.35 (feasible=YES) bestThisIter=760353.35 feasibleAnts=10 noImprove=24 (elapsed 9.08117s)
[RESET] no improvement for30-> reset pheromones
[ITER 60] bestGlobalCost=760353.35 (feasible=YES) bestThisIter=781520.05 feasibleAnts=10 noImprove=4 (elapsed 12.1451s)
[ITER 70] bestGlobalCost=760353.35 (feasible=YES) bestThisIter=760353.35 feasibleAnts=10 noImprove=14 (elapsed 12.6844s)
[ITER 80] bestGlobalCost=760353.35 (feasible=YES) bestThisIter=760353.35 feasibleAnts=10 noImprove=24 (elapsed 15.1892s)
[RESET] no improvement for30-> reset pheromones
[ITER 90] bestGlobalCost=760353.35 (feasible=YES) bestThisIter=775340.47 feasibleAnts=10 noImprove=4 (elapsed 18.0981s)
[ITER 100] bestGlobalCost=760353.35 (feasible=YES) bestThisIter=776563.41 feasibleAnts=10 noImprove=14 (elapsed 18.6828s)
[ITER 110] bestGlobalCost=760353.35 (feasible=YES) bestThisIter=760353.35 feasibleAnts=10 noImprove=24 (elapsed 21.5442s)
[RESET] no improvement for30-> reset pheromones
[ITER 120] bestGlobalCost=760353.35 (feasible=YES) bestThisIter=779760.47 feasibleAnts=10 noImprove=4 (elapsed 24.0638s)
[ITER 130] bestGlobalCost=760353.35 (feasible=YES) bestThisIter=767947.57 feasibleAnts=10 noImprove=14 (elapsed 24.5638s)
[ITER 140] bestGlobalCost=760353.35 (feasible=YES) bestThisIter=760353.35 feasibleAnts=10 noImprove=24 (elapsed 27.0847s)
[RESET] no improvement for30-> reset pheromones
[ITER 150] bestGlobalCost=760353.35 (feasible=YES) bestThisIter=797151.58 feasibleAnts=10 noImprove=4 (elapsed 29.8125s)
[ITER 160] bestGlobalCost=760353.35 (feasible=YES) bestThisIter=760353.35 feasibleAnts=9 noImprove=14 (elapsed 30.4007s)
[ITER 170] bestGlobalCost=760353.35 (feasible=YES) bestThisIter=760353.35 feasibleAnts=10 noImprove=24 (elapsed 33.2858s)
[RESET] no improvement for30-> reset pheromones
[ITER 180] bestGlobalCost=760353.35 (feasible=YES) bestThisIter=771858.54 feasibleAnts=10 noImprove=4 (elapsed 35.907s)
[ITER 190] bestGlobalCost=760353.35 (feasible=YES) bestThisIter=760353.35 feasibleAnts=10 noImprove=14 (elapsed 36.3985s)
[ITER 200] bestGlobalCost=760353.35 (feasible=YES) bestThisIter=760353.35 feasibleAnts=9 noImprove=24 (elapsed 39.4336s)
[RESET] no improvement for30-> reset pheromones
[ITER 210] bestGlobalCost=760353.35 (feasible=YES) bestThisIter=772416.68 feasibleAnts=10 noImprove=4 (elapsed 42.1765s)
[ITER 220] bestGlobalCost=760353.35 (feasible=YES) bestThisIter=762035.83 feasibleAnts=10 noImprove=14 (elapsed 42.6894s)
[ITER 230] bestGlobalCost=760353.35 (feasible=YES) bestThisIter=760353.35 feasibleAnts=11 noImprove=24 (elapsed 45.3205s)
[RESET] no improvement for30-> reset pheromones
[ITER 240] bestGlobalCost=760353.35 (feasible=YES) bestThisIter=785316.66 feasibleAnts=10 noImprove=4 (elapsed 48.4664s)
[ITER 250] bestGlobalCost=760353.35 (feasible=YES) bestThisIter=760353.35 feasibleAnts=9 noImprove=14 (elapsed 48.991s)
[ITER 260] bestGlobalCost=760353.35 (feasible=YES) bestThisIter=764574.32 feasibleAnts=9 noImprove=24 (elapsed 51.4932s)
[RESET] no improvement for30-> reset pheromones
[ITER 270] bestGlobalCost=760353.35 (feasible=YES) bestThisIter=768917.42 feasibleAnts=10 noImprove=4 (elapsed 54.475s)
[ITER 280] bestGlobalCost=760353.35 (feasible=YES) bestThisIter=760353.35 feasibleAnts=9 noImprove=14 (elapsed 55.0739s)
[ITER 290] bestGlobalCost=760353.35 (feasible=YES) bestThisIter=760353.35 feasibleAnts=9 noImprove=24 (elapsed 57.857s)
[RESET] no improvement for30-> reset pheromones
[ITER 300] bestGlobalCost=760353.35 (feasible=YES) bestThisIter=794165.34 feasibleAnts=10 noImprove=4 (elapsed 60.4196s)
1 6 10 11 15 17 21 23 32 36 38 47 59 63 72 74 77 84 90 91 99 
4 8 16 18 19 22 24 26 49 53 56 65 66 70 75 79 88 92 94 97 
7 12 20 27 29 34 35 39 43 46 48 51 55 57 60 62 73 83 86 98 
2 9 25 28 31 40 42 45 54 58 61 64 67 68 69 80 81 87 89 93 
3 5 13 14 30 33 37 41 44 50 52 71 76 78 82 85 95 96 100 
[SAVELOGS] evolution saved to results/logs/kroA100_05_5/evolution/kroA100_05_5
[SAVELOGS] best cost saved to results/logs/kroA100_05_5/objectives/kroA100_05_5
[SAVELOGS] best solution saved to results/logs/kroA100_05_5/solutions/kroA100_05_5
