[ITER 1] New best cost=813378.52 (feasible=YES, time 0.0444806s)
[ITER 2] New best cost=788271.75 (feasible=YES, time 0.0805111s)
[ITER 3] New best cost=768515.56 (feasible=YES, time 0.144901s)
[ITER 4] New best cost=764960.08 (feasible=YES, time 0.200866s)
[ITER 7] New best cost=763248.14 (feasible=YES, time 0.383099s)
[ITER 10] bestGlobalCost=763248.14 (feasible=YES) bestThisIter=763248.14 feasibleAnts=12 noImprove=3 (elapsed 0.571782s)
[ITER 12] New best cost=762508.52 (feasible=YES, time 0.688541s)
[ITER 20] bestGlobalCost=762508.52 (feasible=YES) bestThisIter=762508.52 feasibleAnts=11 noImprove=8 (elapsed 3.66862s)
[ITER 24] New best cost=762344.70 (feasible=YES, time 3.87608s)
[ITER 30] bestGlobalCost=762344.70 (feasible=YES) bestThisIter=762344.70 feasibleAnts=21 noImprove=6 (elapsed 6.21087s)
[ITER 40] bestGlobalCost=762344.70 (feasible=YES) bestThisIter=762344.70 feasibleAnts=10 noImprove=16 (elapsed 6.60615s)
[ITER 50] bestGlobalCost=762344.70 (feasible=YES) bestThisIter=762769.96 feasibleAnts=9 noImprove=26 (elapsed 9.35048s)
[RESET] no improvement for30-> reset pheromones
[ITER 60] bestGlobalCost=762344.70 (feasible=YES) bestThisIter=788434.40 feasibleAnts=10 noImprove=6 (elapsed 12.3657s)
[ITER 70] bestGlobalCost=762344.70 (feasible=YES) bestThisIter=762344.70 feasibleAnts=10 noImprove=16 (elapsed 12.8184s)
[ITER 80] bestGlobalCost=762344.70 (feasible=YES) bestThisIter=762344.70 feasibleAnts=12 noImprove=26 (elapsed 15.3166s)
[RESET] no improvement for30-> reset pheromones
[ITER 90] bestGlobalCost=762344.70 (feasible=YES) bestThisIter=774044.00 feasibleAnts=10 noImprove=6 (elapsed 18.2851s)
[ITER 100] bestGlobalCost=762344.70 (feasible=YES) bestThisIter=762344.70 feasibleAnts=11 noImprove=16 (elapsed 18.9232s)
[ITER 110] bestGlobalCost=762344.70 (feasible=YES) bestThisIter=773897.10 feasibleAnts=8 noImprove=26 (elapsed 21.5871s)
[RESET] no improvement for30-> reset pheromones
[ITER 120] bestGlobalCost=762344.70 (feasible=YES) bestThisIter=780452.70 feasibleAnts=10 noImprove=6 (elapsed 24.166s)
[ITER 130] bestGlobalCost=762344.70 (feasible=YES) bestThisIter=762344.70 feasibleAnts=10 noImprove=16 (elapsed 24.7521s)
[ITER 140] bestGlobalCost=762344.70 (feasible=YES) bestThisIter=763248.14 feasibleAnts=10 noImprove=26 (elapsed 27.8209s)
[RESET] no improvement for30-> reset pheromones
[ITER 150] bestGlobalCost=762344.70 (feasible=YES) bestThisIter=767799.46 feasibleAnts=10 noImprove=6 (elapsed 30.3749s)
[ITER 160] bestGlobalCost=762344.70 (feasible=YES) bestThisIter=762344.70 feasibleAnts=10 noImprove=16 (elapsed 30.8597s)
[ITER 170] bestGlobalCost=762344.70 (feasible=YES) bestThisIter=762344.70 feasibleAnts=8 noImprove=26 (elapsed 33.5494s)
[RESET] no improvement for30-> reset pheromones
[ITER 180] bestGlobalCost=762344.70 (feasible=YES) bestThisIter=771590.34 feasibleAnts=10 noImprove=6 (elapsed 36.5772s)
[ITER 187] New best cost=760353.35 (feasible=YES, time 36.8854s)
[ITER 190] bestGlobalCost=760353.35 (feasible=YES) bestThisIter=760353.35 feasibleAnts=11 noImprove=3 (elapsed 37.0187s)
[ITER 200] bestGlobalCost=760353.35 (feasible=YES) bestThisIter=760353.35 feasibleAnts=14 noImprove=13 (elapsed 39.5478s)
[ITER 210] bestGlobalCost=760353.35 (feasible=YES) bestThisIter=760353.35 feasibleAnts=10 noImprove=23 (elapsed 42.5743s)
[RESET] no improvement for30-> reset pheromones
[ITER 220] bestGlobalCost=760353.35 (feasible=YES) bestThisIter=773244.43 feasibleAnts=10 noImprove=3 (elapsed 43.1695s)
[ITER 230] bestGlobalCost=760353.35 (feasible=YES) bestThisIter=760353.35 feasibleAnts=10 noImprove=13 (elapsed 45.9591s)
[ITER 240] bestGlobalCost=760353.35 (feasible=YES) bestThisIter=760353.35 feasibleAnts=10 noImprove=23 (elapsed 48.6155s)
[RESET] no improvement for30-> reset pheromones
[ITER 250] bestGlobalCost=760353.35 (feasible=YES) bestThisIter=784826.97 feasibleAnts=9 noImprove=3 (elapsed 49.1877s)
[ITER 260] bestGlobalCost=760353.35 (feasible=YES) bestThisIter=765478.65 feasibleAnts=10 noImprove=13 (elapsed 52.3409s)
[ITER 270] bestGlobalCost=760353.35 (feasible=YES) bestThisIter=760353.35 feasibleAnts=10 noImprove=23 (elapsed 54.8534s)
[RESET] no improvement for30-> reset pheromones
[ITER 280] bestGlobalCost=760353.35 (feasible=YES) bestThisIter=789915.25 feasibleAnts=10 noImprove=3 (elapsed 55.3507s)
[ITER 290] bestGlobalCost=760353.35 (feasible=YES) bestThisIter=760353.35 feasibleAnts=10 noImprove=13 (elapsed 58.3764s)
[ITER 300] bestGlobalCost=760353.35 (feasible=YES) bestThisIter=760353.35 feasibleAnts=9 noImprove=23 (elapsed 61.2379s)
7 12 20 27 29 34 35 39 43 46 48 51 55 57 60 62 73 83 86 98 
3 5 13 14 30 33 37 41 44 50 52 71 76 78 82 85 95 96 100 
1 6 10 11 15 17 21 23 32 36 38 47 59 63 72 74 77 84 90 91 99 
2 9 25 28 31 40 42 45 54 58 61 64 67 68 69 80 81 87 89 93 
4 8 16 18 19 22 24 26 49 53 56 65 66 70 75 79 88 92 94 97 
[SAVELOGS] evolution saved to results/logs/kroA100_05_5/evolution/kroA100_05_5
[SAVELOGS] best cost saved to results/logs/kroA100_05_5/objectives/kroA100_05_5
[SAVELOGS] best solution saved to results/logs/kroA100_05_5/solutions/kroA100_05_5
