[ITER 1] New best cost=832893.71 (feasible=YES, time 0.054914s)
[ITER 2] New best cost=801401.97 (feasible=YES, time 0.0889656s)
[ITER 3] New best cost=792477.65 (feasible=YES, time 0.117311s)
[ITER 4] New best cost=785314.51 (feasible=YES, time 0.15947s)
[ITER 5] New best cost=783196.79 (feasible=YES, time 0.191265s)
[ITER 10] bestGlobalCost=783196.79 (feasible=YES) bestThisIter=783196.79 feasibleAnts=10 noImprove=5 (elapsed 0.376789s)
[ITER 20] bestGlobalCost=783196.79 (feasible=YES) bestThisIter=783196.79 feasibleAnts=12 noImprove=15 (elapsed 3.2712s)
[ITER 30] bestGlobalCost=783196.79 (feasible=YES) bestThisIter=784953.56 feasibleAnts=10 noImprove=25 (elapsed 6.01333s)
[RESET] no improvement for30-> reset pheromones
[ITER 40] bestGlobalCost=783196.79 (feasible=YES) bestThisIter=826274.13 feasibleAnts=10 noImprove=5 (elapsed 6.42956s)
[ITER 50] bestGlobalCost=783196.79 (feasible=YES) bestThisIter=783196.79 feasibleAnts=10 noImprove=15 (elapsed 8.89212s)
[ITER 60] bestGlobalCost=783196.79 (feasible=YES) bestThisIter=783196.79 feasibleAnts=10 noImprove=25 (elapsed 11.3336s)
[RESET] no improvement for30-> reset pheromones
[ITER 70] bestGlobalCost=783196.79 (feasible=YES) bestThisIter=799544.03 feasibleAnts=10 noImprove=5 (elapsed 11.7507s)
[ITER 80] bestGlobalCost=783196.79 (feasible=YES) bestThisIter=783196.79 feasibleAnts=10 noImprove=15 (elapsed 14.4846s)
[ITER 90] bestGlobalCost=783196.79 (feasible=YES) bestThisIter=783196.79 feasibleAnts=10 noImprove=25 (elapsed 17.4097s)
[RESET] no improvement for30-> reset pheromones
[ITER 100] bestGlobalCost=783196.79 (feasible=YES) bestThisIter=829117.53 feasibleAnts=10 noImprove=5 (elapsed 17.887s)
[ITER 110] bestGlobalCost=783196.79 (feasible=YES) bestThisIter=783196.79 feasibleAnts=9 noImprove=15 (elapsed 20.3961s)
[ITER 120] bestGlobalCost=783196.79 (feasible=YES) bestThisIter=783196.79 feasibleAnts=9 noImprove=25 (elapsed 23.1705s)
[RESET] no improvement for30-> reset pheromones
[ITER 130] bestGlobalCost=783196.79 (feasible=YES) bestThisIter=820275.39 feasibleAnts=10 noImprove=5 (elapsed 23.7511s)
[ITER 135] New best cost=780709.87 (feasible=YES, time 25.9061s)
[ITER 140] bestGlobalCost=780709.87 (feasible=YES) bestThisIter=780709.87 feasibleAnts=11 noImprove=5 (elapsed 26.4623s)
[ITER 150] New best cost=779169.29 (feasible=YES, time 28.8041s)
[ITER 150] bestGlobalCost=779169.29 (feasible=YES) bestThisIter=790075.48 feasibleAnts=10 noImprove=0 (elapsed 28.8085s)
[ITER 160] bestGlobalCost=779169.29 (feasible=YES) bestThisIter=779169.29 feasibleAnts=12 noImprove=10 (elapsed 29.1591s)
[ITER 170] bestGlobalCost=779169.29 (feasible=YES) bestThisIter=779169.29 feasibleAnts=9 noImprove=20 (elapsed 32.1534s)
[ITER 180] bestGlobalCost=779169.29 (feasible=YES) bestThisIter=779169.29 feasibleAnts=9 noImprove=30 (elapsed 34.7865s)
[RESET] no improvement for30-> reset pheromones
[ITER 181] New best cost=775626.73 (feasible=YES, time 34.8576s)
[ITER 182] New best cost=771718.55 (feasible=YES, time 34.8886s)
[ITER 183] New best cost=763709.84 (feasible=YES, time 34.9425s)
[ITER 190] bestGlobalCost=763709.84 (feasible=YES) bestThisIter=763709.84 feasibleAnts=10 noImprove=7 (elapsed 35.2337s)
[ITER 200] bestGlobalCost=763709.84 (feasible=YES) bestThisIter=763709.84 feasibleAnts=11 noImprove=17 (elapsed 37.7411s)
[ITER 203] New best cost=762035.83 (feasible=YES, time 37.892s)
[ITER 210] bestGlobalCost=762035.83 (feasible=YES) bestThisIter=762035.83 feasibleAnts=15 noImprove=7 (elapsed 40.2389s)
[ITER 220] bestGlobalCost=762035.83 (feasible=YES) bestThisIter=762035.83 feasibleAnts=11 noImprove=17 (elapsed 40.6739s)
[ITER 230] bestGlobalCost=762035.83 (feasible=YES) bestThisIter=762035.83 feasibleAnts=9 noImprove=27 (elapsed 43.6666s)
[RESET] no improvement for30-> reset pheromones
[ITER 240] bestGlobalCost=762035.83 (feasible=YES) bestThisIter=786760.36 feasibleAnts=10 noImprove=7 (elapsed 46.4825s)
[ITER 250] bestGlobalCost=762035.83 (feasible=YES) bestThisIter=762035.83 feasibleAnts=9 noImprove=17 (elapsed 46.9546s)
[ITER 260] bestGlobalCost=762035.83 (feasible=YES) bestThisIter=762035.83 feasibleAnts=10 noImprove=27 (elapsed 49.5461s)
[RESET] no improvement for30-> reset pheromones
[ITER 270] bestGlobalCost=762035.83 (feasible=YES) bestThisIter=784956.52 feasibleAnts=10 noImprove=7 (elapsed 52.1342s)
[ITER 280] bestGlobalCost=762035.83 (feasible=YES) bestThisIter=762035.83 feasibleAnts=10 noImprove=17 (elapsed 52.6562s)
[ITER 290] bestGlobalCost=762035.83 (feasible=YES) bestThisIter=762035.83 feasibleAnts=10 noImprove=27 (elapsed 55.5446s)
[RESET] no improvement for30-> reset pheromones
[ITER 300] bestGlobalCost=762035.83 (feasible=YES) bestThisIter=771327.12 feasibleAnts=10 noImprove=7 (elapsed 58.4253s)
[ITER 310] bestGlobalCost=762035.83 (feasible=YES) bestThisIter=762035.83 feasibleAnts=10 noImprove=17 (elapsed 58.888s)
3 5 13 14 30 33 37 41 44 50 52 71 76 78 82 85 95 96 100 
1 6 10 11 15 17 21 23 28 32 36 45 47 59 63 72 74 77 84 91 99 
4 16 18 19 22 24 26 38 49 53 56 65 66 70 79 80 88 90 94 97 
2 8 9 31 40 42 54 58 61 64 67 68 69 73 75 81 87 89 92 93 
7 12 20 25 27 29 34 35 39 43 46 48 51 55 57 60 62 83 86 98 
[SAVELOGS] evolution saved to results/logs/kroA100_05_5/evolution/kroA100_05_5
[SAVELOGS] best cost saved to results/logs/kroA100_05_5/objectives/kroA100_05_5
[SAVELOGS] best solution saved to results/logs/kroA100_05_5/solutions/kroA100_05_5
