[ITER 1] New best cost=789165.76 (feasible=YES, time 0.0591653s)
[ITER 3] New best cost=778889.76 (feasible=YES, time 0.149725s)
[ITER 6] New best cost=764109.81 (feasible=YES, time 0.247886s)
[ITER 10] bestGlobalCost=764109.81 (feasible=YES) bestThisIter=764109.81 feasibleAnts=10 noImprove=4 (elapsed 0.397054s)
[ITER 20] bestGlobalCost=764109.81 (feasible=YES) bestThisIter=764109.81 feasibleAnts=10 noImprove=14 (elapsed 2.97126s)
[ITER 30] New best cost=763014.34 (feasible=YES, time 3.99366s)
[ITER 30] bestGlobalCost=763014.34 (feasible=YES) bestThisIter=763014.34 feasibleAnts=10 noImprove=0 (elapsed 6.02373s)
[ITER 40] bestGlobalCost=763014.34 (feasible=YES) bestThisIter=763014.34 feasibleAnts=14 noImprove=10 (elapsed 6.63623s)
[ITER 50] bestGlobalCost=763014.34 (feasible=YES) bestThisIter=769223.37 feasibleAnts=10 noImprove=20 (elapsed 9.1391s)
[ITER 60] bestGlobalCost=763014.34 (feasible=YES) bestThisIter=776185.70 feasibleAnts=10 noImprove=30 (elapsed 11.88s)
[RESET] no improvement for30-> reset pheromones
[ITER 70] bestGlobalCost=763014.34 (feasible=YES) bestThisIter=764631.51 feasibleAnts=10 noImprove=10 (elapsed 12.5644s)
[ITER 80] bestGlobalCost=763014.34 (feasible=YES) bestThisIter=770827.91 feasibleAnts=10 noImprove=20 (elapsed 15.4338s)
[ITER 88] New best cost=760353.35 (feasible=YES, time 15.7836s)
[ITER 90] bestGlobalCost=760353.35 (feasible=YES) bestThisIter=771517.22 feasibleAnts=9 noImprove=2 (elapsed 17.9409s)
[ITER 100] bestGlobalCost=760353.35 (feasible=YES) bestThisIter=760353.35 feasibleAnts=14 noImprove=12 (elapsed 18.3855s)
[ITER 110] bestGlobalCost=760353.35 (feasible=YES) bestThisIter=760353.35 feasibleAnts=10 noImprove=22 (elapsed 20.8728s)
[RESET] no improvement for30-> reset pheromones
[ITER 120] bestGlobalCost=760353.35 (feasible=YES) bestThisIter=767269.66 feasibleAnts=10 noImprove=2 (elapsed 23.5555s)
[ITER 130] bestGlobalCost=760353.35 (feasible=YES) bestThisIter=760353.35 feasibleAnts=10 noImprove=12 (elapsed 24.16s)
[ITER 140] bestGlobalCost=760353.35 (feasible=YES) bestThisIter=766201.68 feasibleAnts=10 noImprove=22 (elapsed 27.1171s)
[RESET] no improvement for30-> reset pheromones
[ITER 150] bestGlobalCost=760353.35 (feasible=YES) bestThisIter=769202.84 feasibleAnts=10 noImprove=2 (elapsed 29.6744s)
[ITER 160] bestGlobalCost=760353.35 (feasible=YES) bestThisIter=760353.35 feasibleAnts=10 noImprove=12 (elapsed 30.2178s)
[ITER 170] bestGlobalCost=760353.35 (feasible=YES) bestThisIter=765478.65 feasibleAnts=10 noImprove=22 (elapsed 33.1772s)
[RESET] no improvement for30-> reset pheromones
[ITER 180] bestGlobalCost=760353.35 (feasible=YES) bestThisIter=774681.20 feasibleAnts=10 noImprove=2 (elapsed 35.9949s)
[ITER 190] bestGlobalCost=760353.35 (feasible=YES) bestThisIter=771361.34 feasibleAnts=10 noImprove=12 (elapsed 36.5632s)
[ITER 200] bestGlobalCost=760353.35 (feasible=YES) bestThisIter=760353.35 feasibleAnts=10 noImprove=22 (elapsed 39.2622s)
[RESET] no improvement for30-> reset pheromones
[ITER 210] bestGlobalCost=760353.35 (feasible=YES) bestThisIter=768991.17 feasibleAnts=9 noImprove=2 (elapsed 42.3451s)
[ITER 220] bestGlobalCost=760353.35 (feasible=YES) bestThisIter=760353.35 feasibleAnts=10 noImprove=12 (elapsed 42.925s)
[ITER 230] bestGlobalCost=760353.35 (feasible=YES) bestThisIter=760353.35 feasibleAnts=10 noImprove=22 (elapsed 45.5134s)
[RESET] no improvement for30-> reset pheromones
[ITER 240] bestGlobalCost=760353.35 (feasible=YES) bestThisIter=760353.35 feasibleAnts=10 noImprove=2 (elapsed 48.4523s)
[ITER 250] bestGlobalCost=760353.35 (feasible=YES) bestThisIter=766515.42 feasibleAnts=10 noImprove=12 (elapsed 49.1165s)
[ITER 260] bestGlobalCost=760353.35 (feasible=YES) bestThisIter=760353.35 feasibleAnts=10 noImprove=22 (elapsed 51.8474s)
[RESET] no improvement for30-> reset pheromones
[ITER 270] bestGlobalCost=760353.35 (feasible=YES) bestThisIter=783237.64 feasibleAnts=9 noImprove=2 (elapsed 54.4033s)
[ITER 280] bestGlobalCost=760353.35 (feasible=YES) bestThisIter=791603.76 feasibleAnts=9 noImprove=12 (elapsed 54.9626s)
[ITER 290] bestGlobalCost=760353.35 (feasible=YES) bestThisIter=760353.35 feasibleAnts=10 noImprove=22 (elapsed 58.0527s)
[RESET] no improvement for30-> reset pheromones
[ITER 300] bestGlobalCost=760353.35 (feasible=YES) bestThisIter=777075.42 feasibleAnts=10 noImprove=2 (elapsed 60.77s)
3 5 13 14 30 33 37 41 44 50 52 71 76 78 82 85 95 96 100 
2 9 25 28 31 40 42 45 54 58 61 64 67 68 69 80 81 87 89 93 
1 6 10 11 15 17 21 23 32 36 38 47 59 63 72 74 77 84 90 91 99 
7 12 20 27 29 34 35 39 43 46 48 51 55 57 60 62 73 83 86 98 
4 8 16 18 19 22 24 26 49 53 56 65 66 70 75 79 88 92 94 97 
[SAVELOGS] evolution saved to results/logs/kroA100_05_5/evolution/kroA100_05_5
[SAVELOGS] best cost saved to results/logs/kroA100_05_5/objectives/kroA100_05_5
[SAVELOGS] best solution saved to results/logs/kroA100_05_5/solutions/kroA100_05_5
