[ITER 1] New best cost=26355.42 (feasible=YES, time 0.770431s)
[ITER 2] New best cost=25732.26 (feasible=YES, time 1.27804s)
[ITER 3] New best cost=25371.43 (feasible=YES, time 1.93527s)
[ITER 6] New best cost=25258.21 (feasible=YES, time 4.39526s)
[ITER 10] bestGlobalCost=25258.21 (feasible=YES) bestThisIter=25648.50 feasibleAnts=10 noImprove=4 (elapsed 7.44522s)
[ITER 11] New best cost=24971.39 (feasible=YES, time 8.27348s)
[ITER 15] New best cost=23879.85 (feasible=YES, time 14.6208s)
[ITER 20] New best cost=23530.95 (feasible=YES, time 33.8567s)
[ITER 20] bestGlobalCost=23530.95 (feasible=YES) bestThisIter=23530.95 feasibleAnts=10 noImprove=0 (elapsed 33.8606s)
[ITER 23] New best cost=23490.06 (feasible=YES, time 35.0876s)
[ITER 24] New best cost=23392.96 (feasible=YES, time 35.4979s)
[ITER 30] New best cost=23278.34 (feasible=YES, time 42.3967s)
[ITER 30] bestGlobalCost=23278.34 (feasible=YES) bestThisIter=24176.22 feasibleAnts=10 noImprove=0 (elapsed 58.142s)
149 150 151 152 160 162 163 164 165 176 177 
70 71 84 85 86 97 98 99 
20 21 23 31 32 33 34 35 45 47 
66 67 68 69 79 80 81 82 83 93 
37 49 50 51 52 62 63 64 78 
127 128 129 130 138 139 140 142 143 
141 153 154 155 156 166 167 168 169 180 
14 15 16 17 18 27 28 29 30 
46 48 58 59 60 61 72 73 74 
96 108 109 110 111 112 121 123 124 125 
9 11 12 13 22 24 25 26 36 38 39 
171 173 174 175 184 185 186 187 188 189 
92 94 95 105 106 107 118 120 131 
40 41 42 43 44 53 54 55 56 57 
65 75 76 77 87 88 89 90 91 104 
1 2 3 4 5 6 7 8 10 19 
178 179 181 182 190 191 192 193 194 195 
144 145 146 157 158 159 161 170 172 183 
100 101 102 103 113 114 115 116 117 126 
119 122 132 133 134 135 136 137 147 148 
[SAVELOGS] evolution saved to results/logs/rat195_20_4/evolution/rat195_20_4
[SAVELOGS] best cost saved to results/logs/rat195_20_4/objectives/rat195_20_4
[SAVELOGS] best solution saved to results/logs/rat195_20_4/solutions/rat195_20_4
