[ITER 1] New best cost=416871.52 (feasible=YES, time 0.344154s)
[ITER 1] New best cost=411224.98 (feasible=YES, time 0.347634s)
[ITER 2] New best cost=410401.73 (feasible=YES, time 0.396624s)
[ITER 10] bestGlobalCost=410401.73 (feasible=YES) bestThisIter=421872.32 feasibleAnts=22 noImprove=8 (elapsed 2.78996s)
[ITER 11] New best cost=409956.11 (feasible=YES, time 2.87841s)
[ITER 15] New best cost=408840.45 (feasible=YES, time 3.94941s)
[ITER 18] New best cost=408422.63 (feasible=YES, time 4.41624s)
[ITER 18] New best cost=406931.08 (feasible=YES, time 4.42135s)
[ITER 20] New best cost=405499.84 (feasible=YES, time 5.57692s)
[ITER 20] bestGlobalCost=405499.84 (feasible=YES) bestThisIter=411956.09 feasibleAnts=10 noImprove=0 (elapsed 5.58177s)
[ITER 24] New best cost=405351.81 (feasible=YES, time 6.0856s)
[ITER 25] New best cost=404783.05 (feasible=YES, time 7.06896s)
[ITER 26] New best cost=404502.08 (feasible=YES, time 7.16746s)
[ITER 30] bestGlobalCost=404502.08 (feasible=YES) bestThisIter=404502.08 feasibleAnts=39 noImprove=4 (elapsed 8.0514s)
[ITER 40] bestGlobalCost=404502.08 (feasible=YES) bestThisIter=409921.55 feasibleAnts=17 noImprove=14 (elapsed 10.2589s)
[ITER 50] bestGlobalCost=404502.08 (feasible=YES) bestThisIter=412712.53 feasibleAnts=12 noImprove=24 (elapsed 12.6706s)
[ITER 60] bestGlobalCost=404502.08 (feasible=YES) bestThisIter=408526.18 feasibleAnts=10 noImprove=34 (elapsed 15.1853s)
[ITER 70] bestGlobalCost=404502.08 (feasible=YES) bestThisIter=408355.25 feasibleAnts=9 noImprove=44 (elapsed 17.7591s)
[RESET] no improvement for50-> reset pheromones
[ITER 80] bestGlobalCost=404502.08 (feasible=YES) bestThisIter=404502.08 feasibleAnts=40 noImprove=4 (elapsed 20.1781s)
[ITER 90] bestGlobalCost=404502.08 (feasible=YES) bestThisIter=409940.17 feasibleAnts=16 noImprove=14 (elapsed 22.4629s)
[ITER 100] bestGlobalCost=404502.08 (feasible=YES) bestThisIter=407339.66 feasibleAnts=11 noImprove=24 (elapsed 25.353s)
[ITER 110] bestGlobalCost=404502.08 (feasible=YES) bestThisIter=413227.58 feasibleAnts=10 noImprove=34 (elapsed 28.2329s)
[ITER 120] bestGlobalCost=404502.08 (feasible=YES) bestThisIter=411994.53 feasibleAnts=8 noImprove=44 (elapsed 30.7943s)
[RESET] no improvement for50-> reset pheromones
[ITER 130] bestGlobalCost=404502.08 (feasible=YES) bestThisIter=404502.08 feasibleAnts=40 noImprove=4 (elapsed 33.3018s)
[ITER 140] bestGlobalCost=404502.08 (feasible=YES) bestThisIter=407455.90 feasibleAnts=12 noImprove=14 (elapsed 35.689s)
[ITER 150] bestGlobalCost=404502.08 (feasible=YES) bestThisIter=406456.53 feasibleAnts=10 noImprove=24 (elapsed 38.7709s)
[ITER 157] New best cost=403936.91 (feasible=YES, time 40.3239s)
[ITER 160] bestGlobalCost=403936.91 (feasible=YES) bestThisIter=404502.08 feasibleAnts=40 noImprove=3 (elapsed 41.0953s)
[ITER 170] bestGlobalCost=403936.91 (feasible=YES) bestThisIter=424436.72 feasibleAnts=12 noImprove=13 (elapsed 43.2705s)
[ITER 180] bestGlobalCost=403936.91 (feasible=YES) bestThisIter=408586.22 feasibleAnts=10 noImprove=23 (elapsed 46.4298s)
[ITER 190] bestGlobalCost=403936.91 (feasible=YES) bestThisIter=414650.06 feasibleAnts=10 noImprove=33 (elapsed 48.9343s)
[ITER 200] bestGlobalCost=403936.91 (feasible=YES) bestThisIter=418286.59 feasibleAnts=8 noImprove=43 (elapsed 51.5371s)
[RESET] no improvement for50-> reset pheromones
[ITER 210] bestGlobalCost=403936.91 (feasible=YES) bestThisIter=403936.91 feasibleAnts=40 noImprove=3 (elapsed 54.0122s)
[ITER 220] bestGlobalCost=403936.91 (feasible=YES) bestThisIter=412199.72 feasibleAnts=19 noImprove=13 (elapsed 56.2164s)
[ITER 230] bestGlobalCost=403936.91 (feasible=YES) bestThisIter=412946.45 feasibleAnts=10 noImprove=23 (elapsed 58.5456s)
[ITER 237] New best cost=403729.34 (feasible=YES, time 59.9409s)
[ITER 240] bestGlobalCost=403729.34 (feasible=YES) bestThisIter=403936.91 feasibleAnts=40 noImprove=3 (elapsed 60.7006s)
[ITER 250] bestGlobalCost=403729.34 (feasible=YES) bestThisIter=415987.65 feasibleAnts=17 noImprove=13 (elapsed 62.9072s)
[ITER 260] bestGlobalCost=403729.34 (feasible=YES) bestThisIter=413669.97 feasibleAnts=8 noImprove=23 (elapsed 65.8666s)
[ITER 270] bestGlobalCost=403729.34 (feasible=YES) bestThisIter=413086.01 feasibleAnts=10 noImprove=33 (elapsed 68.5339s)
[ITER 280] bestGlobalCost=403729.34 (feasible=YES) bestThisIter=405155.30 feasibleAnts=9 noImprove=43 (elapsed 70.9842s)
[RESET] no improvement for50-> reset pheromones
[ITER 290] bestGlobalCost=403729.34 (feasible=YES) bestThisIter=403729.34 feasibleAnts=40 noImprove=3 (elapsed 73.525s)
[ITER 300] bestGlobalCost=403729.34 (feasible=YES) bestThisIter=410500.17 feasibleAnts=14 noImprove=13 (elapsed 75.9134s)
[ITER 310] bestGlobalCost=403729.34 (feasible=YES) bestThisIter=418870.52 feasibleAnts=9 noImprove=23 (elapsed 78.9952s)
[ITER 320] bestGlobalCost=403729.34 (feasible=YES) bestThisIter=419948.79 feasibleAnts=10 noImprove=33 (elapsed 81.413s)
[ITER 330] bestGlobalCost=403729.34 (feasible=YES) bestThisIter=407733.56 feasibleAnts=9 noImprove=43 (elapsed 84.1668s)
[RESET] no improvement for50-> reset pheromones
[ITER 340] bestGlobalCost=403729.34 (feasible=YES) bestThisIter=403729.34 feasibleAnts=40 noImprove=3 (elapsed 87.4387s)
[ITER 350] bestGlobalCost=403729.34 (feasible=YES) bestThisIter=427649.92 feasibleAnts=15 noImprove=13 (elapsed 89.6704s)
[ITER 360] bestGlobalCost=403729.34 (feasible=YES) bestThisIter=415702.20 feasibleAnts=10 noImprove=23 (elapsed 92.0027s)
[ITER 370] bestGlobalCost=403729.34 (feasible=YES) bestThisIter=407676.48 feasibleAnts=9 noImprove=33 (elapsed 94.3946s)
[ITER 380] bestGlobalCost=403729.34 (feasible=YES) bestThisIter=418247.52 feasibleAnts=10 noImprove=43 (elapsed 96.9557s)
[RESET] no improvement for50-> reset pheromones
[ITER 390] bestGlobalCost=403729.34 (feasible=YES) bestThisIter=403729.34 feasibleAnts=40 noImprove=3 (elapsed 99.708s)
[ITER 400] bestGlobalCost=403729.34 (feasible=YES) bestThisIter=407922.23 feasibleAnts=19 noImprove=13 (elapsed 102.584s)
[ITER 410] bestGlobalCost=403729.34 (feasible=YES) bestThisIter=411085.68 feasibleAnts=11 noImprove=23 (elapsed 105.014s)
[ITER 420] bestGlobalCost=403729.34 (feasible=YES) bestThisIter=410905.89 feasibleAnts=10 noImprove=33 (elapsed 107.408s)
[ITER 430] bestGlobalCost=403729.34 (feasible=YES) bestThisIter=416306.69 feasibleAnts=10 noImprove=43 (elapsed 110.698s)
[RESET] no improvement for50-> reset pheromones
[ITER 440] bestGlobalCost=403729.34 (feasible=YES) bestThisIter=403729.34 feasibleAnts=40 noImprove=3 (elapsed 113.458s)
[ITER 450] bestGlobalCost=403729.34 (feasible=YES) bestThisIter=426057.91 feasibleAnts=19 noImprove=13 (elapsed 115.73s)
[ITER 460] bestGlobalCost=403729.34 (feasible=YES) bestThisIter=413244.11 feasibleAnts=9 noImprove=23 (elapsed 118.04s)
[ITER 470] bestGlobalCost=403729.34 (feasible=YES) bestThisIter=409558.47 feasibleAnts=7 noImprove=33 (elapsed 120.764s)
[ITER 480] bestGlobalCost=403729.34 (feasible=YES) bestThisIter=428985.59 feasibleAnts=8 noImprove=43 (elapsed 123.945s)
[RESET] no improvement for50-> reset pheromones
[ITER 490] bestGlobalCost=403729.34 (feasible=YES) bestThisIter=403729.34 feasibleAnts=40 noImprove=3 (elapsed 126.381s)
[ITER 500] bestGlobalCost=403729.34 (feasible=YES) bestThisIter=410049.89 feasibleAnts=13 noImprove=13 (elapsed 129.007s)
[ITER 510] bestGlobalCost=403729.34 (feasible=YES) bestThisIter=408156.69 feasibleAnts=10 noImprove=23 (elapsed 131.935s)
[ITER 520] bestGlobalCost=403729.34 (feasible=YES) bestThisIter=409296.84 feasibleAnts=10 noImprove=33 (elapsed 134.283s)
[ITER 530] bestGlobalCost=403729.34 (feasible=YES) bestThisIter=409126.77 feasibleAnts=9 noImprove=43 (elapsed 136.807s)
[RESET] no improvement for50-> reset pheromones
[ITER 540] bestGlobalCost=403729.34 (feasible=YES) bestThisIter=403729.34 feasibleAnts=40 noImprove=3 (elapsed 139.291s)
[ITER 550] bestGlobalCost=403729.34 (feasible=YES) bestThisIter=411839.84 feasibleAnts=17 noImprove=13 (elapsed 142.183s)
[ITER 560] bestGlobalCost=403729.34 (feasible=YES) bestThisIter=410022.89 feasibleAnts=12 noImprove=23 (elapsed 144.748s)
[ITER 570] bestGlobalCost=403729.34 (feasible=YES) bestThisIter=410189.84 feasibleAnts=9 noImprove=33 (elapsed 147.185s)
[ITER 580] bestGlobalCost=403729.34 (feasible=YES) bestThisIter=417608.51 feasibleAnts=10 noImprove=43 (elapsed 150.535s)
[RESET] no improvement for50-> reset pheromones
[ITER 590] bestGlobalCost=403729.34 (feasible=YES) bestThisIter=403729.34 feasibleAnts=40 noImprove=3 (elapsed 153.26s)
[ITER 600] bestGlobalCost=403729.34 (feasible=YES) bestThisIter=410906.05 feasibleAnts=12 noImprove=13 (elapsed 155.485s)
[ITER 610] bestGlobalCost=403729.34 (feasible=YES) bestThisIter=410636.43 feasibleAnts=9 noImprove=23 (elapsed 158.532s)
[ITER 620] bestGlobalCost=403729.34 (feasible=YES) bestThisIter=410635.77 feasibleAnts=9 noImprove=33 (elapsed 161.657s)
[ITER 630] bestGlobalCost=403729.34 (feasible=YES) bestThisIter=410095.07 feasibleAnts=10 noImprove=43 (elapsed 164.615s)
[RESET] no improvement for50-> reset pheromones
[ITER 640] bestGlobalCost=403729.34 (feasible=YES) bestThisIter=403729.34 feasibleAnts=40 noImprove=3 (elapsed 167.18s)
[ITER 650] bestGlobalCost=403729.34 (feasible=YES) bestThisIter=410872.16 feasibleAnts=21 noImprove=13 (elapsed 169.353s)
[ITER 660] bestGlobalCost=403729.34 (feasible=YES) bestThisIter=411887.35 feasibleAnts=9 noImprove=23 (elapsed 171.621s)
[ITER 670] bestGlobalCost=403729.34 (feasible=YES) bestThisIter=418460.95 feasibleAnts=10 noImprove=33 (elapsed 174.065s)
[ITER 680] bestGlobalCost=403729.34 (feasible=YES) bestThisIter=412314.84 feasibleAnts=10 noImprove=43 (elapsed 177.087s)
[RESET] no improvement for50-> reset pheromones
[ITER 690] bestGlobalCost=403729.34 (feasible=YES) bestThisIter=403729.34 feasibleAnts=40 noImprove=3 (elapsed 180.152s)
[ITER 700] bestGlobalCost=403729.34 (feasible=YES) bestThisIter=407334.02 feasibleAnts=15 noImprove=13 (elapsed 182.478s)
[ITER 710] bestGlobalCost=403729.34 (feasible=YES) bestThisIter=423272.87 feasibleAnts=9 noImprove=23 (elapsed 185.255s)
[ITER 720] bestGlobalCost=403729.34 (feasible=YES) bestThisIter=415124.77 feasibleAnts=9 noImprove=33 (elapsed 188.136s)
[ITER 730] bestGlobalCost=403729.34 (feasible=YES) bestThisIter=408569.27 feasibleAnts=10 noImprove=43 (elapsed 190.673s)
[RESET] no improvement for50-> reset pheromones
[ITER 740] bestGlobalCost=403729.34 (feasible=YES) bestThisIter=403729.34 feasibleAnts=40 noImprove=3 (elapsed 193.864s)
[ITER 750] bestGlobalCost=403729.34 (feasible=YES) bestThisIter=411348.40 feasibleAnts=17 noImprove=13 (elapsed 196.424s)
[ITER 760] bestGlobalCost=403729.34 (feasible=YES) bestThisIter=411442.30 feasibleAnts=11 noImprove=23 (elapsed 198.763s)
[ITER 770] bestGlobalCost=403729.34 (feasible=YES) bestThisIter=405306.14 feasibleAnts=8 noImprove=33 (elapsed 201.108s)
[ITER 780] bestGlobalCost=403729.34 (feasible=YES) bestThisIter=409294.57 feasibleAnts=9 noImprove=43 (elapsed 203.646s)
[RESET] no improvement for50-> reset pheromones
[ITER 790] bestGlobalCost=403729.34 (feasible=YES) bestThisIter=403729.34 feasibleAnts=40 noImprove=3 (elapsed 206.202s)
[ITER 800] bestGlobalCost=403729.34 (feasible=YES) bestThisIter=410414.87 feasibleAnts=22 noImprove=13 (elapsed 208.4s)
[ITER 810] bestGlobalCost=403729.34 (feasible=YES) bestThisIter=419255.36 feasibleAnts=12 noImprove=23 (elapsed 210.769s)
[ITER 820] bestGlobalCost=403729.34 (feasible=YES) bestThisIter=416061.37 feasibleAnts=10 noImprove=33 (elapsed 213.207s)
[ITER 830] bestGlobalCost=403729.34 (feasible=YES) bestThisIter=412298.69 feasibleAnts=9 noImprove=43 (elapsed 215.985s)
[RESET] no improvement for50-> reset pheromones
[ITER 840] bestGlobalCost=403729.34 (feasible=YES) bestThisIter=403729.34 feasibleAnts=40 noImprove=3 (elapsed 219.376s)
[ITER 850] bestGlobalCost=403729.34 (feasible=YES) bestThisIter=409245.59 feasibleAnts=17 noImprove=13 (elapsed 221.57s)
[ITER 860] bestGlobalCost=403729.34 (feasible=YES) bestThisIter=419786.04 feasibleAnts=9 noImprove=23 (elapsed 223.859s)
[ITER 870] bestGlobalCost=403729.34 (feasible=YES) bestThisIter=425097.62 feasibleAnts=10 noImprove=33 (elapsed 226.279s)
[ITER 880] bestGlobalCost=403729.34 (feasible=YES) bestThisIter=415337.40 feasibleAnts=10 noImprove=43 (elapsed 229.283s)
[RESET] no improvement for50-> reset pheromones
[ITER 890] bestGlobalCost=403729.34 (feasible=YES) bestThisIter=403729.34 feasibleAnts=40 noImprove=3 (elapsed 232.299s)
[ITER 900] bestGlobalCost=403729.34 (feasible=YES) bestThisIter=410644.82 feasibleAnts=11 noImprove=13 (elapsed 234.478s)
[ITER 910] bestGlobalCost=403729.34 (feasible=YES) bestThisIter=410947.39 feasibleAnts=9 noImprove=23 (elapsed 236.818s)
[ITER 920] bestGlobalCost=403729.34 (feasible=YES) bestThisIter=420988.45 feasibleAnts=10 noImprove=33 (elapsed 239.256s)
[ITER 930] bestGlobalCost=403729.34 (feasible=YES) bestThisIter=411481.27 feasibleAnts=10 noImprove=43 (elapsed 242.576s)
[RESET] no improvement for50-> reset pheromones
[ITER 940] bestGlobalCost=403729.34 (feasible=YES) bestThisIter=403729.34 feasibleAnts=40 noImprove=3 (elapsed 245.279s)
[ITER 950] bestGlobalCost=403729.34 (feasible=YES) bestThisIter=410705.72 feasibleAnts=17 noImprove=13 (elapsed 247.658s)
[ITER 960] bestGlobalCost=403729.34 (feasible=YES) bestThisIter=405881.91 feasibleAnts=10 noImprove=23 (elapsed 250.698s)
[ITER 970] bestGlobalCost=403729.34 (feasible=YES) bestThisIter=408132.05 feasibleAnts=9 noImprove=33 (elapsed 253.212s)
[ITER 980] bestGlobalCost=403729.34 (feasible=YES) bestThisIter=434741.82 feasibleAnts=8 noImprove=43 (elapsed 255.675s)
[RESET] no improvement for50-> reset pheromones
[ITER 990] bestGlobalCost=403729.34 (feasible=YES) bestThisIter=403729.34 feasibleAnts=40 noImprove=3 (elapsed 258.299s)
[ITER 1000] bestGlobalCost=403729.34 (feasible=YES) bestThisIter=411947.14 feasibleAnts=14 noImprove=13 (elapsed 260.877s)
7 8 9 10 11 12 13 14 15 16 17 18 19 20 21 22 23 24 25 26 27 28 29 31 32 33 121 123 125 126 127 128 129 130 131 132 133 134 135 136 137 150 152 153 154 155 156 263 264 268 269 270 271 272 273 274 
1 2 3 4 5 6 207 209 210 214 215 223 224 225 226 227 228 229 230 231 232 233 234 235 236 237 238 239 240 241 242 243 244 245 246 247 248 249 250 251 252 254 255 256 257 258 259 260 261 262 275 276 277 278 279 280 
74 75 76 77 78 79 80 81 82 83 88 89 90 91 92 93 94 95 96 97 98 99 100 101 102 103 104 105 106 107 108 109 110 111 112 113 114 159 160 161 162 163 164 165 166 167 168 169 170 171 172 173 174 175 182 184 187 
30 34 35 36 37 38 39 40 41 42 43 44 45 46 47 48 49 50 51 52 53 54 55 56 57 58 59 60 61 62 63 64 65 66 67 68 69 70 71 72 73 84 85 86 87 115 116 117 118 119 120 122 124 157 158 
138 139 140 141 142 143 144 145 146 147 148 149 151 176 177 178 179 180 181 183 185 186 188 189 190 191 192 193 194 195 196 197 198 199 200 201 202 203 204 205 206 208 211 212 213 216 217 218 219 220 221 222 253 265 266 267 
[SAVELOGS] evolution saved to results/logs/aco_logs/evolution/a280_05_5.txt
[SAVELOGS] best cost saved to results/logs/aco_logs/objectives/a280_05_5.txt
[SAVELOGS] best solution saved to results/logs/aco_logs/solutions/a280_05_5.txt
