[ITER 1] New best cost=567690.26 (feasible=YES, time 0.0423792s)
[ITER 2] New best cost=550188.44 (feasible=YES, time 0.10101s)
[ITER 3] New best cost=538034.04 (feasible=YES, time 0.154507s)
[ITER 4] New best cost=533856.67 (feasible=YES, time 0.191323s)
[ITER 7] New best cost=532110.80 (feasible=YES, time 0.311517s)
[ITER 10] New best cost=528159.17 (feasible=YES, time 0.453813s)
[ITER 10] bestGlobalCost=528159.17 (feasible=YES) bestThisIter=528159.17 feasibleAnts=10 noImprove=0 (elapsed 0.457804s)
[ITER 11] New best cost=525497.03 (feasible=YES, time 0.51689s)
[ITER 20] bestGlobalCost=525497.03 (feasible=YES) bestThisIter=525497.03 feasibleAnts=11 noImprove=9 (elapsed 2.7079s)
[ITER 30] bestGlobalCost=525497.03 (feasible=YES) bestThisIter=525497.03 feasibleAnts=10 noImprove=19 (elapsed 4.64253s)
[ITER 40] bestGlobalCost=525497.03 (feasible=YES) bestThisIter=525497.03 feasibleAnts=10 noImprove=29 (elapsed 5.02952s)
[RESET] no improvement for30-> reset pheromones
[ITER 50] bestGlobalCost=525497.03 (feasible=YES) bestThisIter=529770.91 feasibleAnts=10 noImprove=9 (elapsed 7.12814s)
[ITER 60] bestGlobalCost=525497.03 (feasible=YES) bestThisIter=525497.03 feasibleAnts=10 noImprove=19 (elapsed 9.51217s)
[ITER 70] bestGlobalCost=525497.03 (feasible=YES) bestThisIter=525497.03 feasibleAnts=10 noImprove=29 (elapsed 10.2199s)
[RESET] no improvement for30-> reset pheromones
[ITER 80] bestGlobalCost=525497.03 (feasible=YES) bestThisIter=542103.71 feasibleAnts=10 noImprove=9 (elapsed 12.5931s)
[ITER 90] bestGlobalCost=525497.03 (feasible=YES) bestThisIter=525497.03 feasibleAnts=10 noImprove=19 (elapsed 14.9249s)
[ITER 100] bestGlobalCost=525497.03 (feasible=YES) bestThisIter=544530.55 feasibleAnts=10 noImprove=29 (elapsed 15.3134s)
[RESET] no improvement for30-> reset pheromones
[ITER 110] bestGlobalCost=525497.03 (feasible=YES) bestThisIter=542238.27 feasibleAnts=10 noImprove=9 (elapsed 17.4383s)
[ITER 120] bestGlobalCost=525497.03 (feasible=YES) bestThisIter=534929.49 feasibleAnts=10 noImprove=19 (elapsed 19.5399s)
[ITER 130] bestGlobalCost=525497.03 (feasible=YES) bestThisIter=525497.03 feasibleAnts=10 noImprove=29 (elapsed 20.049s)
[RESET] no improvement for30-> reset pheromones
[ITER 140] bestGlobalCost=525497.03 (feasible=YES) bestThisIter=530448.64 feasibleAnts=10 noImprove=9 (elapsed 22.5168s)
[ITER 150] bestGlobalCost=525497.03 (feasible=YES) bestThisIter=525497.03 feasibleAnts=10 noImprove=19 (elapsed 24.5033s)
[ITER 160] bestGlobalCost=525497.03 (feasible=YES) bestThisIter=525497.03 feasibleAnts=10 noImprove=29 (elapsed 24.9531s)
[RESET] no improvement for30-> reset pheromones
[ITER 170] bestGlobalCost=525497.03 (feasible=YES) bestThisIter=564893.10 feasibleAnts=10 noImprove=9 (elapsed 26.963s)
[ITER 180] bestGlobalCost=525497.03 (feasible=YES) bestThisIter=525497.03 feasibleAnts=10 noImprove=19 (elapsed 29.3195s)
[ITER 190] bestGlobalCost=525497.03 (feasible=YES) bestThisIter=525497.03 feasibleAnts=10 noImprove=29 (elapsed 29.789s)
[RESET] no improvement for30-> reset pheromones
[ITER 200] bestGlobalCost=525497.03 (feasible=YES) bestThisIter=544318.59 feasibleAnts=10 noImprove=9 (elapsed 32.0925s)
[ITER 210] New best cost=524044.64 (feasible=YES, time 33.7615s)
[ITER 210] bestGlobalCost=524044.64 (feasible=YES) bestThisIter=539051.05 feasibleAnts=10 noImprove=0 (elapsed 34.0894s)
[ITER 220] bestGlobalCost=524044.64 (feasible=YES) bestThisIter=524044.64 feasibleAnts=10 noImprove=10 (elapsed 34.4404s)
[ITER 223] New best cost=523773.71 (feasible=YES, time 34.5655s)
[ITER 230] bestGlobalCost=523773.71 (feasible=YES) bestThisIter=524044.64 feasibleAnts=10 noImprove=7 (elapsed 36.6998s)
[ITER 240] New best cost=523481.58 (feasible=YES, time 39.059s)
[ITER 240] bestGlobalCost=523481.58 (feasible=YES) bestThisIter=523773.71 feasibleAnts=10 noImprove=0 (elapsed 39.0631s)
[ITER 250] bestGlobalCost=523481.58 (feasible=YES) bestThisIter=523481.58 feasibleAnts=10 noImprove=10 (elapsed 39.4421s)
[ITER 255] New best cost=523034.20 (feasible=YES, time 39.9478s)
[ITER 260] New best cost=518337.47 (feasible=YES, time 41.3622s)
[ITER 260] bestGlobalCost=518337.47 (feasible=YES) bestThisIter=518337.47 feasibleAnts=12 noImprove=0 (elapsed 41.3659s)
[ITER 270] bestGlobalCost=518337.47 (feasible=YES) bestThisIter=518337.47 feasibleAnts=11 noImprove=10 (elapsed 43.164s)
[ITER 280] bestGlobalCost=518337.47 (feasible=YES) bestThisIter=518337.47 feasibleAnts=10 noImprove=20 (elapsed 43.5265s)
[ITER 290] bestGlobalCost=518337.47 (feasible=YES) bestThisIter=522514.83 feasibleAnts=10 noImprove=30 (elapsed 45.7844s)
[RESET] no improvement for30-> reset pheromones
[ITER 300] bestGlobalCost=518337.47 (feasible=YES) bestThisIter=561280.22 feasibleAnts=10 noImprove=10 (elapsed 47.9505s)
[ITER 310] bestGlobalCost=518337.47 (feasible=YES) bestThisIter=518337.47 feasibleAnts=10 noImprove=20 (elapsed 48.275s)
[ITER 320] bestGlobalCost=518337.47 (feasible=YES) bestThisIter=522771.74 feasibleAnts=10 noImprove=30 (elapsed 50.1855s)
[RESET] no improvement for30-> reset pheromones
[ITER 330] bestGlobalCost=518337.47 (feasible=YES) bestThisIter=522845.81 feasibleAnts=10 noImprove=10 (elapsed 52.4121s)
[ITER 340] bestGlobalCost=518337.47 (feasible=YES) bestThisIter=518337.47 feasibleAnts=10 noImprove=20 (elapsed 52.8563s)
[ITER 350] bestGlobalCost=518337.47 (feasible=YES) bestThisIter=528514.72 feasibleAnts=10 noImprove=30 (elapsed 55.0713s)
[RESET] no improvement for30-> reset pheromones
[ITER 360] bestGlobalCost=518337.47 (feasible=YES) bestThisIter=545084.53 feasibleAnts=10 noImprove=10 (elapsed 57.0795s)
[ITER 370] bestGlobalCost=518337.47 (feasible=YES) bestThisIter=520899.11 feasibleAnts=10 noImprove=20 (elapsed 57.447s)
[ITER 380] bestGlobalCost=518337.47 (feasible=YES) bestThisIter=520534.37 feasibleAnts=10 noImprove=30 (elapsed 59.3958s)
[RESET] no improvement for30-> reset pheromones
[ITER 390] bestGlobalCost=518337.47 (feasible=YES) bestThisIter=541950.07 feasibleAnts=10 noImprove=10 (elapsed 61.8585s)
11 12 13 14 15 16 17 18 19 20 
57 88 90 91 92 93 94 95 97 98 
31 34 35 36 37 38 39 40 41 42 44 46 47 
62 63 64 65 66 67 68 70 71 72 73 
1 2 3 4 5 6 7 8 9 10 
60 61 69 74 75 76 77 78 79 80 83 
58 59 81 82 84 85 87 89 96 
55 56 99 100 101 103 104 105 106 107 
21 22 23 24 25 26 27 28 29 30 32 33 
43 45 48 49 50 51 52 53 54 86 102 
[SAVELOGS] evolution saved to results/logs/pr107_10_2/evolution/pr107_10_2
[SAVELOGS] best cost saved to results/logs/pr107_10_2/objectives/pr107_10_2
[SAVELOGS] best solution saved to results/logs/pr107_10_2/solutions/pr107_10_2
