[ITER 1] New best cost=701948.14 (feasible=YES, time 0.449007s)
[ITER 2] New best cost=689448.25 (feasible=YES, time 0.84407s)
[ITER 3] New best cost=651347.21 (feasible=YES, time 1.33885s)
[ITER 4] New best cost=649515.38 (feasible=YES, time 1.81323s)
[ITER 10] bestGlobalCost=649515.38 (feasible=YES) bestThisIter=659773.85 feasibleAnts=10 noImprove=6 (elapsed 4.55551s)
[ITER 12] New best cost=602612.59 (feasible=YES, time 5.42875s)
[ITER 15] New best cost=568105.21 (feasible=YES, time 8.05299s)
[ITER 20] bestGlobalCost=568105.21 (feasible=YES) bestThisIter=618640.03 feasibleAnts=10 noImprove=5 (elapsed 16.9591s)
[ITER 30] New best cost=567716.58 (feasible=YES, time 24.8864s)
[ITER 30] bestGlobalCost=567716.58 (feasible=YES) bestThisIter=680453.57 feasibleAnts=10 noImprove=0 (elapsed 30.9448s)
[ITER 32] New best cost=567075.97 (feasible=YES, time 31.4297s)
[ITER 40] bestGlobalCost=567075.97 (feasible=YES) bestThisIter=628207.92 feasibleAnts=10 noImprove=8 (elapsed 33.2311s)
[ITER 45] New best cost=566347.81 (feasible=YES, time 38.5545s)
[ITER 50] bestGlobalCost=566347.81 (feasible=YES) bestThisIter=566347.81 feasibleAnts=9 noImprove=5 (elapsed 45.6166s)
[ITER 60] bestGlobalCost=566347.81 (feasible=YES) bestThisIter=697268.10 feasibleAnts=10 noImprove=15 (elapsed 59.0367s)
55 56 66 67 80 89 99 114 
7 9 10 17 18 20 21 40 
117 118 138 139 140 141 142 143 
42 58 63 65 82 83 87 104 
2 15 16 34 35 36 37 
8 24 30 44 57 68 
4 5 12 13 26 28 31 38 
69 71 79 90 96 97 98 113 
124 125 126 128 150 151 152 
78 91 92 93 94 95 115 116 
1 3 14 27 29 32 33 
119 133 134 135 136 144 145 146 
41 43 59 60 61 62 84 85 
81 88 100 101 102 103 112 
111 120 121 131 132 137 147 
6 11 19 22 23 25 39 
122 123 127 129 130 148 149 
45 46 51 52 53 54 70 72 
47 48 49 50 73 74 75 76 77 
64 86 105 106 107 108 109 110 
[SAVELOGS] evolution saved to results/logs/pr152_20_4/evolution/pr152_20_4
[SAVELOGS] best cost saved to results/logs/pr152_20_4/objectives/pr152_20_4
[SAVELOGS] best solution saved to results/logs/pr152_20_4/solutions/pr152_20_4
