[ITER 1] New best cost=759925.06 (feasible=YES, time 0.422958s)
[ITER 2] New best cost=700607.35 (feasible=YES, time 0.794921s)
[ITER 3] New best cost=669444.60 (feasible=YES, time 1.20501s)
[ITER 4] New best cost=645692.05 (feasible=YES, time 1.5567s)
[ITER 6] New best cost=631466.41 (feasible=YES, time 2.17915s)
[ITER 8] New best cost=626927.68 (feasible=YES, time 2.69145s)
[ITER 10] bestGlobalCost=626927.68 (feasible=YES) bestThisIter=645073.65 feasibleAnts=10 noImprove=2 (elapsed 3.40562s)
[ITER 12] New best cost=610665.62 (feasible=YES, time 4.1562s)
[ITER 13] New best cost=587028.29 (feasible=YES, time 4.41617s)
[ITER 14] New best cost=586689.42 (feasible=YES, time 4.81274s)
[ITER 15] New best cost=581555.23 (feasible=YES, time 8.8062s)
[ITER 20] bestGlobalCost=581555.23 (feasible=YES) bestThisIter=592928.14 feasibleAnts=10 noImprove=5 (elapsed 15.8912s)
[ITER 30] New best cost=575314.22 (feasible=YES, time 21.4555s)
[ITER 30] New best cost=573016.39 (feasible=YES, time 23.3331s)
[ITER 30] New best cost=572567.79 (feasible=YES, time 25.1544s)
[ITER 30] New best cost=572241.71 (feasible=YES, time 29.3397s)
[ITER 30] bestGlobalCost=572241.71 (feasible=YES) bestThisIter=693310.26 feasibleAnts=10 noImprove=0 (elapsed 29.3433s)
[ITER 36] New best cost=564866.99 (feasible=YES, time 30.6561s)
[ITER 40] New best cost=563896.67 (feasible=YES, time 31.4432s)
[ITER 40] bestGlobalCost=563896.67 (feasible=YES) bestThisIter=563896.67 feasibleAnts=10 noImprove=0 (elapsed 31.4464s)
[ITER 45] New best cost=558968.68 (feasible=YES, time 42.0457s)
[ITER 50] bestGlobalCost=558968.68 (feasible=YES) bestThisIter=605057.13 feasibleAnts=10 noImprove=5 (elapsed 42.8074s)
[ITER 60] bestGlobalCost=558968.68 (feasible=YES) bestThisIter=604361.48 feasibleAnts=10 noImprove=15 (elapsed 55.7905s)
[ITER 70] bestGlobalCost=558968.68 (feasible=YES) bestThisIter=635374.21 feasibleAnts=10 noImprove=25 (elapsed 60.3921s)
52 54 79 80 90 96 97 98 113 
41 42 43 58 60 62 63 85 
61 86 105 106 107 108 109 110 
8 22 39 57 59 84 
4 5 12 13 27 28 29 32 
122 123 127 129 130 148 149 
6 11 19 23 24 25 26 
7 9 10 17 18 20 21 40 
3 14 30 31 34 35 38 
117 118 138 139 140 141 142 143 
1 2 15 16 33 36 37 
124 125 126 128 150 151 152 
44 55 56 65 66 67 68 102 
78 91 92 93 94 95 115 116 
45 46 51 53 69 70 71 72 
47 48 49 50 73 74 75 76 77 
81 88 89 99 100 101 114 
111 120 121 131 132 137 147 
119 133 134 135 136 144 145 146 
64 82 83 87 103 104 112 
[SAVELOGS] evolution saved to results/logs/pr152_20_4/evolution/pr152_20_4
[SAVELOGS] best cost saved to results/logs/pr152_20_4/objectives/pr152_20_4
[SAVELOGS] best solution saved to results/logs/pr152_20_4/solutions/pr152_20_4
