[ITER 1] New best cost=35003.65 (feasible=YES, time 0.916065s)
[ITER 2] New best cost=34291.22 (feasible=YES, time 2.08627s)
[ITER 3] New best cost=33851.85 (feasible=YES, time 3.51612s)
[ITER 6] New best cost=33739.73 (feasible=YES, time 6.52973s)
[ITER 7] New best cost=33422.28 (feasible=YES, time 7.44762s)
[ITER 10] bestGlobalCost=33422.28 (feasible=YES) bestThisIter=33509.81 feasibleAnts=10 noImprove=3 (elapsed 9.686s)
[ITER 11] New best cost=33309.04 (feasible=YES, time 10.4639s)
[ITER 14] New best cost=33292.53 (feasible=YES, time 12.6932s)
[ITER 18] New best cost=33288.93 (feasible=YES, time 15.3019s)
[ITER 20] bestGlobalCost=33288.93 (feasible=YES) bestThisIter=33292.53 feasibleAnts=13 noImprove=2 (elapsed 16.5823s)
[ITER 21] New best cost=33271.07 (feasible=YES, time 17.1995s)
[ITER 24] New best cost=33226.38 (feasible=YES, time 18.9869s)
[ITER 30] bestGlobalCost=33226.38 (feasible=YES) bestThisIter=33620.45 feasibleAnts=10 noImprove=6 (elapsed 23.1885s)
[ITER 40] bestGlobalCost=33226.38 (feasible=YES) bestThisIter=34066.50 feasibleAnts=10 noImprove=16 (elapsed 32.8488s)
[ITER 50] bestGlobalCost=33226.38 (feasible=YES) bestThisIter=34574.67 feasibleAnts=10 noImprove=26 (elapsed 41.9194s)
[ITER 60] bestGlobalCost=33226.38 (feasible=YES) bestThisIter=34244.05 feasibleAnts=10 noImprove=36 (elapsed 50.6518s)
[ITER 70] bestGlobalCost=33226.38 (feasible=YES) bestThisIter=34511.31 feasibleAnts=10 noImprove=46 (elapsed 57.5876s)
[ITER 73] New best cost=33042.56 (feasible=YES, time 59.5536s)
[ITER 77] New best cost=32874.71 (feasible=YES, time 63.4971s)
[ITER 80] bestGlobalCost=32874.71 (feasible=YES) bestThisIter=33061.23 feasibleAnts=10 noImprove=3 (elapsed 66.1823s)
[ITER 82] New best cost=32849.96 (feasible=YES, time 67.2354s)
[ITER 90] bestGlobalCost=32849.96 (feasible=YES) bestThisIter=33106.94 feasibleAnts=10 noImprove=8 (elapsed 73.397s)
[ITER 100] bestGlobalCost=32849.96 (feasible=YES) bestThisIter=33296.33 feasibleAnts=10 noImprove=18 (elapsed 82.2839s)
[ITER 110] bestGlobalCost=32849.96 (feasible=YES) bestThisIter=33984.37 feasibleAnts=10 noImprove=28 (elapsed 91.5747s)
[ITER 120] bestGlobalCost=32849.96 (feasible=YES) bestThisIter=34852.91 feasibleAnts=10 noImprove=38 (elapsed 100.416s)
[ITER 130] bestGlobalCost=32849.96 (feasible=YES) bestThisIter=34653.76 feasibleAnts=10 noImprove=48 (elapsed 108.78s)
[RESET] no improvement for50-> reset pheromones
[ITER 136] New best cost=32841.94 (feasible=YES, time 113.454s)
[ITER 140] bestGlobalCost=32841.94 (feasible=YES) bestThisIter=32906.77 feasibleAnts=10 noImprove=4 (elapsed 116.6s)
[ITER 141] New best cost=32828.52 (feasible=YES, time 117.282s)
[ITER 150] bestGlobalCost=32828.52 (feasible=YES) bestThisIter=33173.72 feasibleAnts=10 noImprove=9 (elapsed 123.829s)
[ITER 160] bestGlobalCost=32828.52 (feasible=YES) bestThisIter=33462.37 feasibleAnts=10 noImprove=19 (elapsed 133.535s)
[ITER 170] bestGlobalCost=32828.52 (feasible=YES) bestThisIter=33694.12 feasibleAnts=10 noImprove=29 (elapsed 142.648s)
[ITER 180] bestGlobalCost=32828.52 (feasible=YES) bestThisIter=33259.33 feasibleAnts=10 noImprove=39 (elapsed 150.144s)
[ITER 190] bestGlobalCost=32828.52 (feasible=YES) bestThisIter=34292.57 feasibleAnts=10 noImprove=49 (elapsed 157.878s)
[RESET] no improvement for50-> reset pheromones
[ITER 196] New best cost=32799.71 (feasible=YES, time 163.1s)
[ITER 200] New best cost=32690.79 (feasible=YES, time 165.841s)
[ITER 200] bestGlobalCost=32690.79 (feasible=YES) bestThisIter=32728.57 feasibleAnts=11 noImprove=0 (elapsed 165.845s)
[ITER 205] New best cost=32665.36 (feasible=YES, time 170.471s)
[ITER 206] New best cost=32661.74 (feasible=YES, time 171.066s)
[ITER 210] New best cost=32623.48 (feasible=YES, time 174.689s)
[ITER 210] bestGlobalCost=32623.48 (feasible=YES) bestThisIter=32661.74 feasibleAnts=12 noImprove=0 (elapsed 174.693s)
[ITER 220] bestGlobalCost=32623.48 (feasible=YES) bestThisIter=33100.56 feasibleAnts=10 noImprove=10 (elapsed 184.243s)
[ITER 230] bestGlobalCost=32623.48 (feasible=YES) bestThisIter=33757.65 feasibleAnts=10 noImprove=20 (elapsed 194.357s)
[ITER 240] bestGlobalCost=32623.48 (feasible=YES) bestThisIter=34081.63 feasibleAnts=10 noImprove=30 (elapsed 202.4s)
[ITER 250] bestGlobalCost=32623.48 (feasible=YES) bestThisIter=34796.55 feasibleAnts=10 noImprove=40 (elapsed 210.905s)
[ITER 260] bestGlobalCost=32623.48 (feasible=YES) bestThisIter=34803.85 feasibleAnts=10 noImprove=50 (elapsed 218.281s)
[RESET] no improvement for50-> reset pheromones
[ITER 264] New best cost=32606.01 (feasible=YES, time 221.891s)
[ITER 270] bestGlobalCost=32606.01 (feasible=YES) bestThisIter=32945.54 feasibleAnts=10 noImprove=6 (elapsed 227.236s)
[ITER 280] bestGlobalCost=32606.01 (feasible=YES) bestThisIter=33219.07 feasibleAnts=10 noImprove=16 (elapsed 236.824s)
[ITER 290] bestGlobalCost=32606.01 (feasible=YES) bestThisIter=33585.46 feasibleAnts=10 noImprove=26 (elapsed 244.503s)
[ITER 300] bestGlobalCost=32606.01 (feasible=YES) bestThisIter=33782.95 feasibleAnts=10 noImprove=36 (elapsed 252.171s)
[ITER 310] bestGlobalCost=32606.01 (feasible=YES) bestThisIter=34676.92 feasibleAnts=10 noImprove=46 (elapsed 259.986s)
[RESET] no improvement for50-> reset pheromones
[ITER 316] New best cost=32603.00 (feasible=YES, time 264.575s)
[ITER 320] bestGlobalCost=32603.00 (feasible=YES) bestThisIter=32736.50 feasibleAnts=10 noImprove=4 (elapsed 267.24s)
[ITER 321] New best cost=32572.24 (feasible=YES, time 267.876s)
[ITER 330] bestGlobalCost=32572.24 (feasible=YES) bestThisIter=33017.58 feasibleAnts=10 noImprove=9 (elapsed 275.537s)
[ITER 340] bestGlobalCost=32572.24 (feasible=YES) bestThisIter=34608.15 feasibleAnts=10 noImprove=19 (elapsed 284.069s)
[ITER 350] bestGlobalCost=32572.24 (feasible=YES) bestThisIter=33762.27 feasibleAnts=10 noImprove=29 (elapsed 291.181s)
[ITER 360] bestGlobalCost=32572.24 (feasible=YES) bestThisIter=33686.53 feasibleAnts=10 noImprove=39 (elapsed 299.032s)
16 20 24 25 57 67 79 80 81 82 83 84 85 86 87 88 89 
109 110 125 126 127 128 129 130 131 132 133 137 166 169 170 
11 51 52 53 54 55 56 58 59 60 61 62 63 64 65 66 69 
1 2 3 4 5 7 8 12 13 14 15 17 18 21 23 26 
6 9 10 19 77 217 218 224 225 226 227 228 229 
47 202 206 207 208 209 210 211 213 214 215 216 219 220 221 222 
68 70 71 72 73 74 75 76 78 90 91 93 94 100 102 
41 42 46 167 178 179 180 181 182 183 184 186 187 196 197 198 
106 108 111 113 114 115 116 117 118 119 120 121 122 123 124 
22 27 28 29 30 31 32 33 34 35 38 39 40 
150 151 152 154 155 156 157 158 159 160 161 162 201 203 204 212 
36 37 92 95 96 97 98 99 101 103 104 105 107 112 
134 135 153 163 164 165 168 171 172 173 174 175 176 177 185 199 
43 44 45 48 49 50 188 189 190 191 192 193 194 195 200 223 
136 138 139 140 141 142 143 144 145 146 147 148 149 205 
[SAVELOGS] evolution saved to results/logs/aco_logs/evolution/gr229_15_3.txt
[SAVELOGS] best cost saved to results/logs/aco_logs/objectives/gr229_15_3.txt
[SAVELOGS] best solution saved to results/logs/aco_logs/solutions/gr229_15_3.txt
