[ITER 1] New best cost=538434.04 (feasible=YES, time 2.20479s)
[ITER 7] New best cost=532601.81 (feasible=YES, time 2.85413s)
[ITER 10] New best cost=529174.63 (feasible=YES, time 3.16908s)
[ITER 10] bestGlobalCost=529174.63 (feasible=YES) bestThisIter=546198.32 feasibleAnts=10 noImprove=0 (elapsed 3.17366s)
[ITER 15] New best cost=527926.81 (feasible=YES, time 5.31642s)
[ITER 20] New best cost=525295.24 (feasible=YES, time 5.81696s)
[ITER 20] bestGlobalCost=525295.24 (feasible=YES) bestThisIter=527986.92 feasibleAnts=13 noImprove=0 (elapsed 5.82181s)
[ITER 30] bestGlobalCost=525295.24 (feasible=YES) bestThisIter=537472.14 feasibleAnts=12 noImprove=10 (elapsed 8.37305s)
[ITER 40] bestGlobalCost=525295.24 (feasible=YES) bestThisIter=533122.61 feasibleAnts=14 noImprove=20 (elapsed 10.9176s)
[ITER 50] bestGlobalCost=525295.24 (feasible=YES) bestThisIter=531707.88 feasibleAnts=12 noImprove=30 (elapsed 13.5817s)
[ITER 53] New best cost=524566.91 (feasible=YES, time 15.5787s)
[ITER 60] bestGlobalCost=524566.91 (feasible=YES) bestThisIter=528151.52 feasibleAnts=13 noImprove=7 (elapsed 16.2685s)
[ITER 70] bestGlobalCost=524566.91 (feasible=YES) bestThisIter=533002.24 feasibleAnts=10 noImprove=17 (elapsed 18.8863s)
[ITER 80] bestGlobalCost=524566.91 (feasible=YES) bestThisIter=543106.94 feasibleAnts=14 noImprove=27 (elapsed 21.558s)
[ITER 81] New best cost=522282.52 (feasible=YES, time 23.2633s)
[ITER 90] bestGlobalCost=522282.52 (feasible=YES) bestThisIter=536162.73 feasibleAnts=13 noImprove=9 (elapsed 24.1458s)
[ITER 100] bestGlobalCost=522282.52 (feasible=YES) bestThisIter=529913.43 feasibleAnts=14 noImprove=19 (elapsed 26.7459s)
[ITER 110] bestGlobalCost=522282.52 (feasible=YES) bestThisIter=533737.99 feasibleAnts=13 noImprove=29 (elapsed 29.3898s)
[ITER 120] bestGlobalCost=522282.52 (feasible=YES) bestThisIter=522915.64 feasibleAnts=14 noImprove=39 (elapsed 32.8731s)
[ITER 130] bestGlobalCost=522282.52 (feasible=YES) bestThisIter=536621.55 feasibleAnts=13 noImprove=49 (elapsed 35.9168s)
[RESET] no improvement for50-> reset pheromones
[ITER 140] New best cost=522266.05 (feasible=YES, time 38.6903s)
[ITER 140] bestGlobalCost=522266.05 (feasible=YES) bestThisIter=526309.87 feasibleAnts=12 noImprove=0 (elapsed 38.695s)
[ITER 143] New best cost=520966.88 (feasible=YES, time 40.5698s)
[ITER 150] bestGlobalCost=520966.88 (feasible=YES) bestThisIter=533553.94 feasibleAnts=12 noImprove=7 (elapsed 41.2507s)
[ITER 160] bestGlobalCost=520966.88 (feasible=YES) bestThisIter=532768.13 feasibleAnts=14 noImprove=17 (elapsed 43.8275s)
[ITER 170] bestGlobalCost=520966.88 (feasible=YES) bestThisIter=537697.53 feasibleAnts=15 noImprove=27 (elapsed 46.5217s)
[ITER 180] bestGlobalCost=520966.88 (feasible=YES) bestThisIter=532335.01 feasibleAnts=14 noImprove=37 (elapsed 49.2646s)
[ITER 181] New best cost=519652.43 (feasible=YES, time 50.9539s)
[ITER 190] bestGlobalCost=519652.43 (feasible=YES) bestThisIter=527065.73 feasibleAnts=13 noImprove=9 (elapsed 51.8767s)
[ITER 191] New best cost=519583.33 (feasible=YES, time 53.5151s)
[ITER 200] bestGlobalCost=519583.33 (feasible=YES) bestThisIter=533088.41 feasibleAnts=12 noImprove=9 (elapsed 54.4579s)
[ITER 201] New best cost=516748.41 (feasible=YES, time 56.1154s)
[ITER 210] bestGlobalCost=516748.41 (feasible=YES) bestThisIter=520098.27 feasibleAnts=11 noImprove=9 (elapsed 57.035s)
[ITER 211] New best cost=516265.04 (feasible=YES, time 58.6808s)
[ITER 216] New best cost=513177.85 (feasible=YES, time 59.1968s)
[ITER 220] bestGlobalCost=513177.85 (feasible=YES) bestThisIter=527533.40 feasibleAnts=12 noImprove=4 (elapsed 59.6014s)
[ITER 230] bestGlobalCost=513177.85 (feasible=YES) bestThisIter=521861.76 feasibleAnts=12 noImprove=14 (elapsed 62.2676s)
[ITER 240] bestGlobalCost=513177.85 (feasible=YES) bestThisIter=526962.37 feasibleAnts=13 noImprove=24 (elapsed 64.9418s)
[ITER 250] bestGlobalCost=513177.85 (feasible=YES) bestThisIter=524841.17 feasibleAnts=15 noImprove=34 (elapsed 67.6964s)
[ITER 260] bestGlobalCost=513177.85 (feasible=YES) bestThisIter=525291.83 feasibleAnts=14 noImprove=44 (elapsed 70.5024s)
[RESET] no improvement for50-> reset pheromones
[ITER 270] bestGlobalCost=513177.85 (feasible=YES) bestThisIter=529246.65 feasibleAnts=14 noImprove=4 (elapsed 73.4448s)
[ITER 280] bestGlobalCost=513177.85 (feasible=YES) bestThisIter=516265.04 feasibleAnts=14 noImprove=14 (elapsed 76.1274s)
[ITER 290] bestGlobalCost=513177.85 (feasible=YES) bestThisIter=525315.69 feasibleAnts=14 noImprove=24 (elapsed 78.7818s)
[ITER 300] bestGlobalCost=513177.85 (feasible=YES) bestThisIter=520397.89 feasibleAnts=15 noImprove=34 (elapsed 81.5622s)
[ITER 310] bestGlobalCost=513177.85 (feasible=YES) bestThisIter=525099.08 feasibleAnts=13 noImprove=44 (elapsed 84.4016s)
[RESET] no improvement for50-> reset pheromones
[ITER 320] bestGlobalCost=513177.85 (feasible=YES) bestThisIter=515876.01 feasibleAnts=12 noImprove=4 (elapsed 87.2995s)
[ITER 330] bestGlobalCost=513177.85 (feasible=YES) bestThisIter=532116.72 feasibleAnts=13 noImprove=14 (elapsed 89.9696s)
[ITER 340] bestGlobalCost=513177.85 (feasible=YES) bestThisIter=538788.47 feasibleAnts=13 noImprove=24 (elapsed 92.6295s)
[ITER 350] bestGlobalCost=513177.85 (feasible=YES) bestThisIter=524536.01 feasibleAnts=12 noImprove=34 (elapsed 95.4025s)
[ITER 360] bestGlobalCost=513177.85 (feasible=YES) bestThisIter=532683.29 feasibleAnts=14 noImprove=44 (elapsed 98.2033s)
[RESET] no improvement for50-> reset pheromones
[ITER 370] bestGlobalCost=513177.85 (feasible=YES) bestThisIter=517334.01 feasibleAnts=11 noImprove=4 (elapsed 101.115s)
[ITER 380] bestGlobalCost=513177.85 (feasible=YES) bestThisIter=536347.69 feasibleAnts=15 noImprove=14 (elapsed 103.711s)
[ITER 390] bestGlobalCost=513177.85 (feasible=YES) bestThisIter=520134.93 feasibleAnts=12 noImprove=24 (elapsed 106.551s)
[ITER 400] bestGlobalCost=513177.85 (feasible=YES) bestThisIter=525190.63 feasibleAnts=15 noImprove=34 (elapsed 110.109s)
[ITER 410] bestGlobalCost=513177.85 (feasible=YES) bestThisIter=532281.16 feasibleAnts=14 noImprove=44 (elapsed 112.894s)
[RESET] no improvement for50-> reset pheromones
[ITER 420] bestGlobalCost=513177.85 (feasible=YES) bestThisIter=527367.78 feasibleAnts=12 noImprove=4 (elapsed 115.836s)
[ITER 430] bestGlobalCost=513177.85 (feasible=YES) bestThisIter=519679.73 feasibleAnts=11 noImprove=14 (elapsed 118.483s)
[ITER 440] bestGlobalCost=513177.85 (feasible=YES) bestThisIter=526979.52 feasibleAnts=14 noImprove=24 (elapsed 121.18s)
[ITER 442] New best cost=509579.70 (feasible=YES, time 122.973s)
[ITER 450] bestGlobalCost=509579.70 (feasible=YES) bestThisIter=512667.55 feasibleAnts=12 noImprove=8 (elapsed 123.796s)
[ITER 460] bestGlobalCost=509579.70 (feasible=YES) bestThisIter=515065.96 feasibleAnts=13 noImprove=18 (elapsed 126.348s)
[ITER 470] bestGlobalCost=509579.70 (feasible=YES) bestThisIter=532863.75 feasibleAnts=15 noImprove=28 (elapsed 129.039s)
[ITER 480] bestGlobalCost=509579.70 (feasible=YES) bestThisIter=524997.13 feasibleAnts=14 noImprove=38 (elapsed 131.799s)
[ITER 490] bestGlobalCost=509579.70 (feasible=YES) bestThisIter=525651.69 feasibleAnts=14 noImprove=48 (elapsed 134.58s)
[RESET] no improvement for50-> reset pheromones
[ITER 500] bestGlobalCost=509579.70 (feasible=YES) bestThisIter=516665.75 feasibleAnts=13 noImprove=8 (elapsed 137.38s)
[ITER 510] bestGlobalCost=509579.70 (feasible=YES) bestThisIter=514949.98 feasibleAnts=10 noImprove=18 (elapsed 140.05s)
[ITER 520] bestGlobalCost=509579.70 (feasible=YES) bestThisIter=519687.59 feasibleAnts=14 noImprove=28 (elapsed 142.719s)
[ITER 530] bestGlobalCost=509579.70 (feasible=YES) bestThisIter=522060.59 feasibleAnts=11 noImprove=38 (elapsed 145.453s)
[ITER 540] bestGlobalCost=509579.70 (feasible=YES) bestThisIter=538296.57 feasibleAnts=14 noImprove=48 (elapsed 148.192s)
[RESET] no improvement for50-> reset pheromones
[ITER 550] bestGlobalCost=509579.70 (feasible=YES) bestThisIter=518224.36 feasibleAnts=11 noImprove=8 (elapsed 150.979s)
[ITER 560] bestGlobalCost=509579.70 (feasible=YES) bestThisIter=523639.06 feasibleAnts=10 noImprove=18 (elapsed 153.57s)
[ITER 570] bestGlobalCost=509579.70 (feasible=YES) bestThisIter=520728.03 feasibleAnts=14 noImprove=28 (elapsed 156.182s)
[ITER 580] bestGlobalCost=509579.70 (feasible=YES) bestThisIter=522128.79 feasibleAnts=14 noImprove=38 (elapsed 159.202s)
[ITER 590] bestGlobalCost=509579.70 (feasible=YES) bestThisIter=527979.21 feasibleAnts=15 noImprove=48 (elapsed 162.649s)
[RESET] no improvement for50-> reset pheromones
[ITER 600] bestGlobalCost=509579.70 (feasible=YES) bestThisIter=516123.75 feasibleAnts=14 noImprove=8 (elapsed 165.36s)
[ITER 610] bestGlobalCost=509579.70 (feasible=YES) bestThisIter=527071.39 feasibleAnts=14 noImprove=18 (elapsed 167.935s)
[ITER 620] bestGlobalCost=509579.70 (feasible=YES) bestThisIter=530849.45 feasibleAnts=14 noImprove=28 (elapsed 170.57s)
[ITER 630] bestGlobalCost=509579.70 (feasible=YES) bestThisIter=520994.63 feasibleAnts=14 noImprove=38 (elapsed 173.345s)
[ITER 640] bestGlobalCost=509579.70 (feasible=YES) bestThisIter=523384.36 feasibleAnts=15 noImprove=48 (elapsed 176.126s)
[RESET] no improvement for50-> reset pheromones
[ITER 650] bestGlobalCost=509579.70 (feasible=YES) bestThisIter=517563.47 feasibleAnts=13 noImprove=8 (elapsed 178.839s)
[ITER 660] bestGlobalCost=509579.70 (feasible=YES) bestThisIter=517102.38 feasibleAnts=15 noImprove=18 (elapsed 181.407s)
[ITER 670] bestGlobalCost=509579.70 (feasible=YES) bestThisIter=514574.25 feasibleAnts=14 noImprove=28 (elapsed 184.335s)
[ITER 680] bestGlobalCost=509579.70 (feasible=YES) bestThisIter=519094.79 feasibleAnts=14 noImprove=38 (elapsed 187.027s)
[ITER 690] bestGlobalCost=509579.70 (feasible=YES) bestThisIter=533098.66 feasibleAnts=14 noImprove=48 (elapsed 189.797s)
[RESET] no improvement for50-> reset pheromones
[ITER 700] bestGlobalCost=509579.70 (feasible=YES) bestThisIter=518097.85 feasibleAnts=15 noImprove=8 (elapsed 192.505s)
[ITER 710] bestGlobalCost=509579.70 (feasible=YES) bestThisIter=522651.09 feasibleAnts=13 noImprove=18 (elapsed 195.147s)
[ITER 720] bestGlobalCost=509579.70 (feasible=YES) bestThisIter=524322.33 feasibleAnts=15 noImprove=28 (elapsed 197.832s)
[ITER 730] bestGlobalCost=509579.70 (feasible=YES) bestThisIter=518952.63 feasibleAnts=15 noImprove=38 (elapsed 200.574s)
[ITER 740] bestGlobalCost=509579.70 (feasible=YES) bestThisIter=526129.78 feasibleAnts=14 noImprove=48 (elapsed 203.44s)
[RESET] no improvement for50-> reset pheromones
[ITER 750] bestGlobalCost=509579.70 (feasible=YES) bestThisIter=515336.52 feasibleAnts=13 noImprove=8 (elapsed 206.102s)
[ITER 760] bestGlobalCost=509579.70 (feasible=YES) bestThisIter=526626.54 feasibleAnts=10 noImprove=18 (elapsed 208.676s)
[ITER 770] bestGlobalCost=509579.70 (feasible=YES) bestThisIter=521870.54 feasibleAnts=14 noImprove=28 (elapsed 211.364s)
[ITER 780] bestGlobalCost=509579.70 (feasible=YES) bestThisIter=511690.85 feasibleAnts=13 noImprove=38 (elapsed 214.075s)
[ITER 790] bestGlobalCost=509579.70 (feasible=YES) bestThisIter=523314.81 feasibleAnts=13 noImprove=48 (elapsed 216.806s)
[RESET] no improvement for50-> reset pheromones
[ITER 800] bestGlobalCost=509579.70 (feasible=YES) bestThisIter=520784.60 feasibleAnts=11 noImprove=8 (elapsed 219.519s)
[ITER 810] bestGlobalCost=509579.70 (feasible=YES) bestThisIter=524913.45 feasibleAnts=12 noImprove=18 (elapsed 222.089s)
[ITER 820] bestGlobalCost=509579.70 (feasible=YES) bestThisIter=521704.33 feasibleAnts=14 noImprove=28 (elapsed 224.733s)
[ITER 830] bestGlobalCost=509579.70 (feasible=YES) bestThisIter=513037.54 feasibleAnts=13 noImprove=38 (elapsed 227.521s)
[ITER 840] bestGlobalCost=509579.70 (feasible=YES) bestThisIter=522060.19 feasibleAnts=15 noImprove=48 (elapsed 230.269s)
[RESET] no improvement for50-> reset pheromones
[ITER 850] bestGlobalCost=509579.70 (feasible=YES) bestThisIter=519586.36 feasibleAnts=12 noImprove=8 (elapsed 233.014s)
[ITER 860] bestGlobalCost=509579.70 (feasible=YES) bestThisIter=516017.64 feasibleAnts=11 noImprove=18 (elapsed 235.579s)
[ITER 870] bestGlobalCost=509579.70 (feasible=YES) bestThisIter=519560.53 feasibleAnts=14 noImprove=28 (elapsed 238.217s)
[ITER 880] bestGlobalCost=509579.70 (feasible=YES) bestThisIter=522170.71 feasibleAnts=15 noImprove=38 (elapsed 240.946s)
[ITER 890] bestGlobalCost=509579.70 (feasible=YES) bestThisIter=529699.51 feasibleAnts=14 noImprove=48 (elapsed 243.69s)
[RESET] no improvement for50-> reset pheromones
[ITER 900] bestGlobalCost=509579.70 (feasible=YES) bestThisIter=512111.16 feasibleAnts=14 noImprove=8 (elapsed 246.436s)
[ITER 910] bestGlobalCost=509579.70 (feasible=YES) bestThisIter=522253.96 feasibleAnts=13 noImprove=18 (elapsed 249.027s)
[ITER 920] bestGlobalCost=509579.70 (feasible=YES) bestThisIter=513733.84 feasibleAnts=15 noImprove=28 (elapsed 251.662s)
[ITER 930] bestGlobalCost=509579.70 (feasible=YES) bestThisIter=526950.02 feasibleAnts=15 noImprove=38 (elapsed 254.391s)
[ITER 940] bestGlobalCost=509579.70 (feasible=YES) bestThisIter=525672.20 feasibleAnts=15 noImprove=48 (elapsed 257.288s)
[RESET] no improvement for50-> reset pheromones
[ITER 950] bestGlobalCost=509579.70 (feasible=YES) bestThisIter=521493.58 feasibleAnts=13 noImprove=8 (elapsed 259.986s)
[ITER 960] bestGlobalCost=509579.70 (feasible=YES) bestThisIter=527475.44 feasibleAnts=11 noImprove=18 (elapsed 262.609s)
[ITER 970] bestGlobalCost=509579.70 (feasible=YES) bestThisIter=527648.13 feasibleAnts=13 noImprove=28 (elapsed 265.288s)
[ITER 980] bestGlobalCost=509579.70 (feasible=YES) bestThisIter=532002.64 feasibleAnts=14 noImprove=38 (elapsed 267.971s)
[ITER 990] bestGlobalCost=509579.70 (feasible=YES) bestThisIter=517374.13 feasibleAnts=14 noImprove=48 (elapsed 270.711s)
[RESET] no improvement for50-> reset pheromones
[ITER 1000] bestGlobalCost=509579.70 (feasible=YES) bestThisIter=516867.66 feasibleAnts=13 noImprove=8 (elapsed 273.513s)
[ITER 1010] bestGlobalCost=509579.70 (feasible=YES) bestThisIter=523673.50 feasibleAnts=14 noImprove=18 (elapsed 276.188s)
[ITER 1020] bestGlobalCost=509579.70 (feasible=YES) bestThisIter=521254.77 feasibleAnts=13 noImprove=28 (elapsed 278.856s)
[ITER 1030] bestGlobalCost=509579.70 (feasible=YES) bestThisIter=523219.70 feasibleAnts=13 noImprove=38 (elapsed 281.492s)
[ITER 1040] bestGlobalCost=509579.70 (feasible=YES) bestThisIter=539420.57 feasibleAnts=13 noImprove=48 (elapsed 284.278s)
[RESET] no improvement for50-> reset pheromones
[ITER 1050] bestGlobalCost=509579.70 (feasible=YES) bestThisIter=518485.93 feasibleAnts=15 noImprove=8 (elapsed 287.017s)
[ITER 1060] bestGlobalCost=509579.70 (feasible=YES) bestThisIter=520304.79 feasibleAnts=14 noImprove=18 (elapsed 289.61s)
[ITER 1070] bestGlobalCost=509579.70 (feasible=YES) bestThisIter=520841.44 feasibleAnts=13 noImprove=28 (elapsed 292.299s)
[ITER 1080] bestGlobalCost=509579.70 (feasible=YES) bestThisIter=521973.79 feasibleAnts=14 noImprove=38 (elapsed 294.964s)
[ITER 1090] bestGlobalCost=509579.70 (feasible=YES) bestThisIter=518822.66 feasibleAnts=15 noImprove=48 (elapsed 297.638s)
[RESET] no improvement for50-> reset pheromones
5 43 56 86 95 105 113 133 137 139 152 176 178 
1 15 27 40 53 85 93 123 132 145 147 191 198 
3 21 30 41 59 68 73 89 140 154 164 167 189 
2 35 65 77 80 125 128 151 158 161 177 181 187 193 
12 32 46 60 111 115 117 121 136 159 172 174 
6 8 22 47 54 58 107 109 112 127 134 155 157 183 
33 36 45 57 69 74 81 100 108 131 142 156 180 197 
23 50 70 76 91 94 102 144 150 168 169 173 182 195 
16 18 44 51 63 66 110 116 119 122 153 179 188 194 
28 38 39 62 71 72 83 88 98 129 130 148 185 196 
13 20 31 42 55 64 67 79 120 135 160 162 186 
11 48 52 84 87 96 97 104 126 165 166 170 
17 25 34 75 90 103 114 141 143 146 171 200 
4 10 14 19 49 92 99 101 106 149 163 175 190 192 
7 9 24 26 29 37 61 78 82 118 124 138 184 199 
[SAVELOGS] evolution saved to results/logs/aco_logs/evolution/kroA200_15_3.txt
[SAVELOGS] best cost saved to results/logs/aco_logs/objectives/kroA200_15_3.txt
[SAVELOGS] best solution saved to results/logs/aco_logs/solutions/kroA200_15_3.txt
