[ITER 1] New best cost=687381.69 (feasible=YES, time 0.373386s)
[ITER 2] New best cost=677025.89 (feasible=YES, time 0.717594s)
[ITER 3] New best cost=656355.88 (feasible=YES, time 0.977429s)
[ITER 7] New best cost=641663.18 (feasible=YES, time 2.19271s)
[ITER 10] bestGlobalCost=641663.18 (feasible=YES) bestThisIter=664357.71 feasibleAnts=10 noImprove=3 (elapsed 3.05105s)
[ITER 13] New best cost=622022.44 (feasible=YES, time 3.80759s)
[ITER 15] New best cost=609282.33 (feasible=YES, time 6.28706s)
[ITER 15] New best cost=608216.74 (feasible=YES, time 8.29222s)
[ITER 20] bestGlobalCost=608216.74 (feasible=YES) bestThisIter=650776.56 feasibleAnts=10 noImprove=5 (elapsed 15.2754s)
[ITER 30] New best cost=604585.24 (feasible=YES, time 19.6499s)
[ITER 30] bestGlobalCost=604585.24 (feasible=YES) bestThisIter=693306.15 feasibleAnts=10 noImprove=0 (elapsed 27.6273s)
[ITER 40] bestGlobalCost=604585.24 (feasible=YES) bestThisIter=639184.07 feasibleAnts=10 noImprove=10 (elapsed 29.5461s)
[ITER 45] New best cost=601247.00 (feasible=YES, time 38.7625s)
[ITER 50] bestGlobalCost=601247.00 (feasible=YES) bestThisIter=627463.02 feasibleAnts=10 noImprove=5 (elapsed 41.59s)
[ITER 60] New best cost=600101.15 (feasible=YES, time 50.3242s)
[ITER 60] bestGlobalCost=600101.15 (feasible=YES) bestThisIter=619901.23 feasibleAnts=10 noImprove=0 (elapsed 54.2361s)
[ITER 70] bestGlobalCost=600101.15 (feasible=YES) bestThisIter=608702.41 feasibleAnts=10 noImprove=10 (elapsed 56.22s)
88 89 90 91 92 93 106 107 117 118 119 
1 3 5 125 126 154 156 157 158 159 
62 65 67 68 69 70 72 78 79 81 
20 21 23 24 25 26 27 28 29 30 32 
71 75 76 80 82 83 84 85 86 87 
2 44 124 127 128 129 130 131 134 141 
33 53 55 56 57 58 59 60 61 63 64 
39 40 41 42 43 45 47 116 120 121 123 132 
11 13 15 16 17 18 19 22 31 139 
34 35 36 37 38 133 135 136 137 138 140 
95 96 97 98 99 100 101 102 103 104 105 
46 48 49 50 51 52 54 66 73 74 77 
12 14 142 143 145 146 147 148 149 150 
94 108 109 110 111 112 113 114 115 122 
4 6 7 8 9 10 144 151 152 153 155 
[SAVELOGS] evolution saved to results/logs/u159_15_5/evolution/u159_15_5
[SAVELOGS] best cost saved to results/logs/u159_15_5/objectives/u159_15_5
[SAVELOGS] best solution saved to results/logs/u159_15_5/solutions/u159_15_5
