[ITER 1] New best cost=1738431.33 (feasible=NO, time 0.580305s)
[ITER 1] New best cost=1779750.39 (feasible=YES, time 0.585246s)
[ITER 2] New best cost=1763556.87 (feasible=YES, time 0.815203s)
[ITER 3] New best cost=1750290.10 (feasible=YES, time 1.00177s)
[ITER 4] New best cost=1717193.27 (feasible=YES, time 1.1963s)
[ITER 7] New best cost=1704785.05 (feasible=YES, time 3.38419s)
[ITER 10] bestGlobalCost=1704785.05 (feasible=YES) bestThisIter=1705972.35 feasibleAnts=26 noImprove=3 (elapsed 5.505s)
[ITER 11] New best cost=1701754.62 (feasible=YES, time 5.6013s)
[ITER 15] New best cost=1697513.75 (feasible=YES, time 7.57225s)
[ITER 17] New best cost=1695552.33 (feasible=YES, time 7.85977s)
[ITER 20] bestGlobalCost=1695552.33 (feasible=YES) bestThisIter=1696490.66 feasibleAnts=10 noImprove=3 (elapsed 9.83558s)
[ITER 30] New best cost=1690043.52 (feasible=YES, time 14.4788s)
[ITER 30] bestGlobalCost=1690043.52 (feasible=YES) bestThisIter=1693878.85 feasibleAnts=9 noImprove=0 (elapsed 14.4836s)
[ITER 34] New best cost=1687150.64 (feasible=YES, time 14.8713s)
[ITER 40] bestGlobalCost=1687150.64 (feasible=YES) bestThisIter=1690553.67 feasibleAnts=10 noImprove=6 (elapsed 19.0411s)
[ITER 50] bestGlobalCost=1687150.64 (feasible=YES) bestThisIter=1696293.48 feasibleAnts=9 noImprove=16 (elapsed 23.8986s)
[ITER 60] bestGlobalCost=1687150.64 (feasible=YES) bestThisIter=1702318.49 feasibleAnts=5 noImprove=26 (elapsed 29.3843s)
[ITER 70] bestGlobalCost=1687150.64 (feasible=YES) bestThisIter=1720317.32 feasibleAnts=5 noImprove=36 (elapsed 35.294s)
[ITER 80] bestGlobalCost=1687150.64 (feasible=YES) bestThisIter=1709564.27 feasibleAnts=6 noImprove=46 (elapsed 41.3859s)
[RESET] no improvement for50-> reset pheromones
[ITER 90] bestGlobalCost=1687150.64 (feasible=YES) bestThisIter=1697542.27 feasibleAnts=6 noImprove=6 (elapsed 47.5091s)
[ITER 98] New best cost=1685825.72 (feasible=YES, time 50.9047s)
[ITER 100] bestGlobalCost=1685825.72 (feasible=YES) bestThisIter=1687150.64 feasibleAnts=31 noImprove=2 (elapsed 52.7156s)
[ITER 102] New best cost=1684079.63 (feasible=YES, time 52.9727s)
[ITER 104] New best cost=1683484.72 (feasible=YES, time 53.196s)
[ITER 106] New best cost=1680062.56 (feasible=YES, time 55.0125s)
[ITER 110] bestGlobalCost=1680062.56 (feasible=YES) bestThisIter=1683256.37 feasibleAnts=10 noImprove=4 (elapsed 57.1035s)
[ITER 114] New best cost=1670312.02 (feasible=YES, time 57.6031s)
[ITER 120] bestGlobalCost=1670312.02 (feasible=YES) bestThisIter=1679315.71 feasibleAnts=7 noImprove=6 (elapsed 61.6374s)
[ITER 121] New best cost=1669245.52 (feasible=YES, time 61.7957s)
[ITER 130] bestGlobalCost=1669245.52 (feasible=YES) bestThisIter=1670332.75 feasibleAnts=13 noImprove=9 (elapsed 65.9572s)
[ITER 140] bestGlobalCost=1669245.52 (feasible=YES) bestThisIter=1685307.83 feasibleAnts=4 noImprove=19 (elapsed 70.9564s)
[ITER 150] bestGlobalCost=1669245.52 (feasible=YES) bestThisIter=1720797.32 feasibleAnts=5 noImprove=29 (elapsed 76.488s)
[ITER 160] bestGlobalCost=1669245.52 (feasible=YES) bestThisIter=1724560.02 feasibleAnts=3 noImprove=39 (elapsed 82.2565s)
[ITER 170] bestGlobalCost=1669245.52 (feasible=YES) bestThisIter=1737044.84 feasibleAnts=4 noImprove=49 (elapsed 88.3324s)
[RESET] no improvement for50-> reset pheromones
[ITER 180] bestGlobalCost=1669245.52 (feasible=YES) bestThisIter=1687271.05 feasibleAnts=4 noImprove=9 (elapsed 94.1257s)
[ITER 190] bestGlobalCost=1669245.52 (feasible=YES) bestThisIter=1694459.89 feasibleAnts=5 noImprove=19 (elapsed 99.6584s)
[ITER 200] bestGlobalCost=1669245.52 (feasible=YES) bestThisIter=1721064.09 feasibleAnts=4 noImprove=29 (elapsed 105.509s)
[ITER 210] bestGlobalCost=1669245.52 (feasible=YES) bestThisIter=1740860.07 feasibleAnts=3 noImprove=39 (elapsed 111.524s)
[ITER 220] bestGlobalCost=1669245.52 (feasible=YES) bestThisIter=1699772.44 feasibleAnts=5 noImprove=49 (elapsed 117.788s)
[RESET] no improvement for50-> reset pheromones
[ITER 226] New best cost=1665749.53 (feasible=YES, time 121.179s)
[ITER 230] bestGlobalCost=1665749.53 (feasible=YES) bestThisIter=1668754.98 feasibleAnts=19 noImprove=4 (elapsed 123.311s)
[ITER 236] New best cost=1662985.39 (feasible=YES, time 125.73s)
[ITER 240] New best cost=1659649.27 (feasible=YES, time 127.709s)
[ITER 240] bestGlobalCost=1659649.27 (feasible=YES) bestThisIter=1662115.66 feasibleAnts=5 noImprove=0 (elapsed 127.713s)
[ITER 245] New best cost=1656365.64 (feasible=YES, time 129.966s)
[ITER 250] bestGlobalCost=1656365.64 (feasible=YES) bestThisIter=1660651.44 feasibleAnts=29 noImprove=5 (elapsed 132.109s)
[ITER 260] bestGlobalCost=1656365.64 (feasible=YES) bestThisIter=1670997.88 feasibleAnts=7 noImprove=15 (elapsed 137.057s)
[ITER 270] bestGlobalCost=1656365.64 (feasible=YES) bestThisIter=1673299.92 feasibleAnts=6 noImprove=25 (elapsed 142.324s)
[ITER 280] bestGlobalCost=1656365.64 (feasible=YES) bestThisIter=1716233.84 feasibleAnts=6 noImprove=35 (elapsed 148.127s)
[ITER 290] bestGlobalCost=1656365.64 (feasible=YES) bestThisIter=1703119.13 feasibleAnts=5 noImprove=45 (elapsed 154.169s)
[RESET] no improvement for50-> reset pheromones
[ITER 300] bestGlobalCost=1656365.64 (feasible=YES) bestThisIter=1677229.51 feasibleAnts=4 noImprove=5 (elapsed 160.311s)
[ITER 310] bestGlobalCost=1656365.64 (feasible=YES) bestThisIter=1673883.28 feasibleAnts=4 noImprove=15 (elapsed 165.807s)
[ITER 320] bestGlobalCost=1656365.64 (feasible=YES) bestThisIter=1694639.85 feasibleAnts=4 noImprove=25 (elapsed 171.577s)
[ITER 330] bestGlobalCost=1656365.64 (feasible=YES) bestThisIter=1723092.95 feasibleAnts=7 noImprove=35 (elapsed 177.611s)
[ITER 340] bestGlobalCost=1656365.64 (feasible=YES) bestThisIter=1730699.64 feasibleAnts=4 noImprove=45 (elapsed 183.847s)
[RESET] no improvement for50-> reset pheromones
[ITER 350] bestGlobalCost=1656365.64 (feasible=YES) bestThisIter=1663834.57 feasibleAnts=6 noImprove=5 (elapsed 189.861s)
[ITER 354] New best cost=1653633.94 (feasible=YES, time 190.72s)
[ITER 360] bestGlobalCost=1653633.94 (feasible=YES) bestThisIter=1664677.99 feasibleAnts=7 noImprove=6 (elapsed 195.034s)
[ITER 370] bestGlobalCost=1653633.94 (feasible=YES) bestThisIter=1662020.16 feasibleAnts=8 noImprove=16 (elapsed 199.906s)
[ITER 380] bestGlobalCost=1653633.94 (feasible=YES) bestThisIter=1675388.07 feasibleAnts=5 noImprove=26 (elapsed 205.124s)
[ITER 390] bestGlobalCost=1653633.94 (feasible=YES) bestThisIter=1711952.40 feasibleAnts=6 noImprove=36 (elapsed 210.878s)
[ITER 400] bestGlobalCost=1653633.94 (feasible=YES) bestThisIter=1737189.97 feasibleAnts=3 noImprove=46 (elapsed 216.967s)
[RESET] no improvement for50-> reset pheromones
[ITER 410] bestGlobalCost=1653633.94 (feasible=YES) bestThisIter=1698693.93 feasibleAnts=4 noImprove=6 (elapsed 222.992s)
[ITER 420] bestGlobalCost=1653633.94 (feasible=YES) bestThisIter=1670378.24 feasibleAnts=4 noImprove=16 (elapsed 228.3s)
[ITER 430] bestGlobalCost=1653633.94 (feasible=YES) bestThisIter=1705647.62 feasibleAnts=4 noImprove=26 (elapsed 234.017s)
[ITER 440] bestGlobalCost=1653633.94 (feasible=YES) bestThisIter=1712686.01 feasibleAnts=7 noImprove=36 (elapsed 240.075s)
[ITER 450] bestGlobalCost=1653633.94 (feasible=YES) bestThisIter=1701528.85 feasibleAnts=3 noImprove=46 (elapsed 246.184s)
[RESET] no improvement for50-> reset pheromones
[ITER 460] bestGlobalCost=1653633.94 (feasible=YES) bestThisIter=1699239.03 feasibleAnts=4 noImprove=6 (elapsed 252.238s)
[ITER 470] bestGlobalCost=1653633.94 (feasible=YES) bestThisIter=1682658.70 feasibleAnts=5 noImprove=16 (elapsed 257.659s)
[ITER 480] bestGlobalCost=1653633.94 (feasible=YES) bestThisIter=1704796.90 feasibleAnts=5 noImprove=26 (elapsed 263.366s)
[ITER 490] bestGlobalCost=1653633.94 (feasible=YES) bestThisIter=1709833.99 feasibleAnts=5 noImprove=36 (elapsed 269.32s)
[ITER 500] bestGlobalCost=1653633.94 (feasible=YES) bestThisIter=1719274.48 feasibleAnts=3 noImprove=46 (elapsed 275.547s)
[RESET] no improvement for50-> reset pheromones
[ITER 507] New best cost=1652700.12 (feasible=YES, time 279.303s)
[ITER 509] New best cost=1647809.25 (feasible=YES, time 279.611s)
[ITER 510] bestGlobalCost=1647809.25 (feasible=YES) bestThisIter=1663657.37 feasibleAnts=6 noImprove=1 (elapsed 281.383s)
[ITER 515] New best cost=1646940.90 (feasible=YES, time 283.555s)
[ITER 519] New best cost=1645675.60 (feasible=YES, time 283.943s)
[ITER 520] bestGlobalCost=1645675.60 (feasible=YES) bestThisIter=1646570.63 feasibleAnts=12 noImprove=1 (elapsed 285.667s)
[ITER 522] New best cost=1645106.32 (feasible=YES, time 285.878s)
[ITER 530] bestGlobalCost=1645106.32 (feasible=YES) bestThisIter=1646890.18 feasibleAnts=9 noImprove=8 (elapsed 289.938s)
[ITER 540] bestGlobalCost=1645106.32 (feasible=YES) bestThisIter=1673196.85 feasibleAnts=5 noImprove=18 (elapsed 294.817s)
[ITER 550] bestGlobalCost=1645106.32 (feasible=YES) bestThisIter=1681870.42 feasibleAnts=3 noImprove=28 (elapsed 300.11s)
49 50 52 53 54 55 56 114 115 116 117 118 119 120 121 122 125 180 181 
202 203 227 228 229 230 231 232 233 275 276 277 278 279 280 281 282 283 299 
129 130 131 134 135 137 138 162 163 164 165 204 206 208 210 211 224 225 226 
148 149 150 151 152 153 154 155 156 214 215 290 291 292 293 294 295 296 297 298 
68 105 166 167 197 198 199 200 201 234 235 236 237 238 239 241 243 272 273 274 
1 2 3 4 5 6 7 8 9 10 11 12 13 92 93 143 144 145 146 147 157 
15 16 17 18 19 20 21 22 23 24 72 79 80 81 82 83 84 100 102 
39 41 44 45 46 47 48 51 57 58 59 60 61 108 109 110 112 113 123 124 
182 183 184 185 186 252 254 255 256 257 258 259 260 261 262 263 264 265 266 268 
111 126 127 128 169 170 171 172 173 174 175 176 177 178 179 187 188 189 190 253 
25 26 27 28 29 69 70 71 73 74 75 76 77 78 103 104 132 133 136 168 
30 31 32 33 34 35 36 37 38 40 42 43 62 63 64 65 66 67 106 107 
191 192 193 194 195 196 240 242 244 245 246 247 248 249 250 251 267 269 270 271 
14 85 86 87 88 89 90 91 94 95 96 97 98 99 101 139 141 142 158 159 161 
140 160 205 207 209 212 213 216 217 218 219 220 221 222 223 284 285 286 287 288 289 
[SAVELOGS] evolution saved to results/logs/aco_logs/evolution/pr299_15_3.txt
[SAVELOGS] best cost saved to results/logs/aco_logs/objectives/pr299_15_3.txt
[SAVELOGS] best solution saved to results/logs/aco_logs/solutions/pr299_15_3.txt
