[ITER 1] New best cost=1735532.69 (feasible=NO, time 0.514025s)
[ITER 1] New best cost=1756560.16 (feasible=YES, time 0.517794s)
[ITER 2] New best cost=1739286.71 (feasible=YES, time 0.71402s)
[ITER 4] New best cost=1731516.64 (feasible=YES, time 1.09012s)
[ITER 5] New best cost=1726256.59 (feasible=YES, time 2.91566s)
[ITER 7] New best cost=1714341.88 (feasible=YES, time 3.27679s)
[ITER 10] bestGlobalCost=1714341.88 (feasible=YES) bestThisIter=1715242.81 feasibleAnts=9 noImprove=3 (elapsed 5.39797s)
[ITER 11] New best cost=1711413.08 (feasible=YES, time 5.49316s)
[ITER 12] New best cost=1710988.36 (feasible=YES, time 5.64609s)
[ITER 13] New best cost=1704619.01 (feasible=YES, time 5.77416s)
[ITER 16] New best cost=1704327.44 (feasible=YES, time 7.84803s)
[ITER 20] bestGlobalCost=1704327.44 (feasible=YES) bestThisIter=1704619.01 feasibleAnts=20 noImprove=4 (elapsed 9.9773s)
[ITER 23] New best cost=1690244.32 (feasible=YES, time 10.3455s)
[ITER 28] New best cost=1684376.84 (feasible=YES, time 12.3915s)
[ITER 30] bestGlobalCost=1684376.84 (feasible=YES) bestThisIter=1713935.38 feasibleAnts=31 noImprove=2 (elapsed 14.2197s)
[ITER 31] New best cost=1683819.50 (feasible=YES, time 14.3019s)
[ITER 40] bestGlobalCost=1683819.50 (feasible=YES) bestThisIter=1691441.76 feasibleAnts=14 noImprove=9 (elapsed 18.7286s)
[ITER 47] New best cost=1679707.31 (feasible=YES, time 21.5713s)
[ITER 50] bestGlobalCost=1679707.31 (feasible=YES) bestThisIter=1683819.50 feasibleAnts=29 noImprove=3 (elapsed 23.4289s)
[ITER 54] New best cost=1677297.03 (feasible=YES, time 23.9952s)
[ITER 55] New best cost=1677259.80 (feasible=YES, time 25.7214s)
[ITER 59] New best cost=1674849.52 (feasible=YES, time 26.0816s)
[ITER 60] bestGlobalCost=1674849.52 (feasible=YES) bestThisIter=1675324.21 feasibleAnts=22 noImprove=1 (elapsed 27.8259s)
[ITER 70] bestGlobalCost=1674849.52 (feasible=YES) bestThisIter=1690582.58 feasibleAnts=6 noImprove=11 (elapsed 32.4699s)
[ITER 80] bestGlobalCost=1674849.52 (feasible=YES) bestThisIter=1679066.09 feasibleAnts=4 noImprove=21 (elapsed 37.6455s)
[ITER 90] bestGlobalCost=1674849.52 (feasible=YES) bestThisIter=1712710.87 feasibleAnts=4 noImprove=31 (elapsed 43.2499s)
[ITER 100] bestGlobalCost=1674849.52 (feasible=YES) bestThisIter=1712825.66 feasibleAnts=7 noImprove=41 (elapsed 49.3853s)
[RESET] no improvement for50-> reset pheromones
[ITER 110] bestGlobalCost=1674849.52 (feasible=YES) bestThisIter=1790499.70 feasibleAnts=5 noImprove=1 (elapsed 55.7077s)
[ITER 120] bestGlobalCost=1674849.52 (feasible=YES) bestThisIter=1735168.50 feasibleAnts=7 noImprove=11 (elapsed 61.1854s)
[ITER 130] bestGlobalCost=1674849.52 (feasible=YES) bestThisIter=1708788.37 feasibleAnts=5 noImprove=21 (elapsed 66.7789s)
[ITER 140] bestGlobalCost=1674849.52 (feasible=YES) bestThisIter=1737274.11 feasibleAnts=6 noImprove=31 (elapsed 72.6701s)
[ITER 150] bestGlobalCost=1674849.52 (feasible=YES) bestThisIter=1743640.20 feasibleAnts=4 noImprove=41 (elapsed 79.9185s)
[RESET] no improvement for50-> reset pheromones
[ITER 160] bestGlobalCost=1674849.52 (feasible=YES) bestThisIter=1780359.23 feasibleAnts=4 noImprove=1 (elapsed 86.3488s)
[ITER 170] bestGlobalCost=1674849.52 (feasible=YES) bestThisIter=1726641.02 feasibleAnts=5 noImprove=11 (elapsed 91.9493s)
[ITER 180] bestGlobalCost=1674849.52 (feasible=YES) bestThisIter=1718240.02 feasibleAnts=4 noImprove=21 (elapsed 97.5969s)
[ITER 190] bestGlobalCost=1674849.52 (feasible=YES) bestThisIter=1730691.75 feasibleAnts=4 noImprove=31 (elapsed 103.582s)
[ITER 200] bestGlobalCost=1674849.52 (feasible=YES) bestThisIter=1739499.66 feasibleAnts=8 noImprove=41 (elapsed 109.796s)
[RESET] no improvement for50-> reset pheromones
[ITER 210] bestGlobalCost=1674849.52 (feasible=YES) bestThisIter=1727587.31 feasibleAnts=5 noImprove=1 (elapsed 116.127s)
[ITER 220] bestGlobalCost=1674849.52 (feasible=YES) bestThisIter=1683660.84 feasibleAnts=6 noImprove=11 (elapsed 121.801s)
[ITER 230] bestGlobalCost=1674849.52 (feasible=YES) bestThisIter=1720925.93 feasibleAnts=4 noImprove=21 (elapsed 127.412s)
[ITER 240] bestGlobalCost=1674849.52 (feasible=YES) bestThisIter=1740537.90 feasibleAnts=4 noImprove=31 (elapsed 133.261s)
[ITER 250] bestGlobalCost=1674849.52 (feasible=YES) bestThisIter=1750482.97 feasibleAnts=4 noImprove=41 (elapsed 139.698s)
[RESET] no improvement for50-> reset pheromones
[ITER 260] bestGlobalCost=1674849.52 (feasible=YES) bestThisIter=1774113.75 feasibleAnts=5 noImprove=1 (elapsed 146.097s)
[ITER 270] bestGlobalCost=1674849.52 (feasible=YES) bestThisIter=1704676.99 feasibleAnts=4 noImprove=11 (elapsed 151.545s)
[ITER 280] bestGlobalCost=1674849.52 (feasible=YES) bestThisIter=1705647.27 feasibleAnts=7 noImprove=21 (elapsed 157.204s)
[ITER 290] bestGlobalCost=1674849.52 (feasible=YES) bestThisIter=1727680.05 feasibleAnts=4 noImprove=31 (elapsed 163.117s)
[ITER 300] bestGlobalCost=1674849.52 (feasible=YES) bestThisIter=1746787.86 feasibleAnts=7 noImprove=41 (elapsed 169.282s)
[RESET] no improvement for50-> reset pheromones
[ITER 310] bestGlobalCost=1674849.52 (feasible=YES) bestThisIter=1773724.39 feasibleAnts=5 noImprove=1 (elapsed 175.603s)
[ITER 320] bestGlobalCost=1674849.52 (feasible=YES) bestThisIter=1697711.39 feasibleAnts=3 noImprove=11 (elapsed 181.134s)
[ITER 330] bestGlobalCost=1674849.52 (feasible=YES) bestThisIter=1719461.20 feasibleAnts=5 noImprove=21 (elapsed 186.731s)
[ITER 340] bestGlobalCost=1674849.52 (feasible=YES) bestThisIter=1737615.98 feasibleAnts=4 noImprove=31 (elapsed 192.726s)
[ITER 350] bestGlobalCost=1674849.52 (feasible=YES) bestThisIter=1735404.95 feasibleAnts=5 noImprove=41 (elapsed 198.985s)
[RESET] no improvement for50-> reset pheromones
[ITER 360] bestGlobalCost=1674849.52 (feasible=YES) bestThisIter=1784942.17 feasibleAnts=4 noImprove=1 (elapsed 205.471s)
[ITER 370] bestGlobalCost=1674849.52 (feasible=YES) bestThisIter=1723491.75 feasibleAnts=8 noImprove=11 (elapsed 211.031s)
[ITER 380] bestGlobalCost=1674849.52 (feasible=YES) bestThisIter=1734871.10 feasibleAnts=4 noImprove=21 (elapsed 216.715s)
[ITER 390] bestGlobalCost=1674849.52 (feasible=YES) bestThisIter=1725821.28 feasibleAnts=5 noImprove=31 (elapsed 222.782s)
[ITER 400] bestGlobalCost=1674849.52 (feasible=YES) bestThisIter=1718748.45 feasibleAnts=4 noImprove=41 (elapsed 229.037s)
[RESET] no improvement for50-> reset pheromones
[ITER 410] bestGlobalCost=1674849.52 (feasible=YES) bestThisIter=1730107.37 feasibleAnts=5 noImprove=1 (elapsed 235.403s)
[ITER 420] bestGlobalCost=1674849.52 (feasible=YES) bestThisIter=1687519.31 feasibleAnts=3 noImprove=11 (elapsed 240.937s)
[ITER 430] bestGlobalCost=1674849.52 (feasible=YES) bestThisIter=1716477.10 feasibleAnts=3 noImprove=21 (elapsed 246.704s)
[ITER 440] bestGlobalCost=1674849.52 (feasible=YES) bestThisIter=1716494.43 feasibleAnts=4 noImprove=31 (elapsed 252.595s)
[ITER 450] bestGlobalCost=1674849.52 (feasible=YES) bestThisIter=1723048.24 feasibleAnts=4 noImprove=41 (elapsed 258.794s)
[RESET] no improvement for50-> reset pheromones
[ITER 460] bestGlobalCost=1674849.52 (feasible=YES) bestThisIter=1804008.32 feasibleAnts=4 noImprove=1 (elapsed 265.264s)
[ITER 470] bestGlobalCost=1674849.52 (feasible=YES) bestThisIter=1705832.22 feasibleAnts=4 noImprove=11 (elapsed 270.789s)
[ITER 480] bestGlobalCost=1674849.52 (feasible=YES) bestThisIter=1709037.00 feasibleAnts=4 noImprove=21 (elapsed 276.411s)
[ITER 490] bestGlobalCost=1674849.52 (feasible=YES) bestThisIter=1721866.27 feasibleAnts=5 noImprove=31 (elapsed 282.372s)
[ITER 500] bestGlobalCost=1674849.52 (feasible=YES) bestThisIter=1725765.85 feasibleAnts=6 noImprove=41 (elapsed 288.661s)
[RESET] no improvement for50-> reset pheromones
[ITER 510] bestGlobalCost=1674849.52 (feasible=YES) bestThisIter=1789073.35 feasibleAnts=3 noImprove=1 (elapsed 295.117s)
[ITER 520] bestGlobalCost=1674849.52 (feasible=YES) bestThisIter=1693934.00 feasibleAnts=5 noImprove=11 (elapsed 300.705s)
148 149 150 151 152 153 154 155 156 157 214 215 290 292 293 294 295 296 297 298 
140 141 160 206 209 210 212 213 216 217 218 219 220 221 222 287 288 289 291 
61 111 112 113 123 125 126 127 128 169 171 172 173 174 175 176 177 178 189 190 
30 31 32 33 34 35 36 43 62 63 64 65 66 67 68 69 106 107 108 109 
37 38 39 40 41 42 44 45 46 47 48 49 51 52 57 58 59 60 110 124 
179 183 184 186 188 252 253 254 255 256 257 258 259 260 261 262 264 265 266 267 
130 131 134 135 164 165 166 199 200 203 228 229 230 233 275 276 277 279 281 282 
105 167 168 197 198 201 232 234 235 236 237 238 239 240 241 243 271 272 273 274 
15 16 17 19 20 21 22 23 24 25 27 72 76 79 80 81 82 84 85 102 
50 53 54 55 56 114 115 116 117 118 119 120 121 122 180 181 182 185 187 
26 28 29 70 71 73 74 75 77 78 100 103 104 129 132 133 136 137 138 163 
12 14 18 83 86 87 88 89 90 94 95 96 97 98 99 101 139 142 158 159 161 
170 191 192 193 194 195 196 242 244 245 246 247 248 249 250 251 263 268 269 270 
1 2 3 4 5 6 7 8 9 10 11 13 91 92 93 143 144 145 146 147 
162 202 204 205 207 208 211 223 224 225 226 227 231 278 280 283 284 285 286 299 
[SAVELOGS] evolution saved to results/logs/aco_logs/evolution/pr299_15_3.txt
[SAVELOGS] best cost saved to results/logs/aco_logs/objectives/pr299_15_3.txt
[SAVELOGS] best solution saved to results/logs/aco_logs/solutions/pr299_15_3.txt
