[ITER 1] New best cost=1593143.41 (feasible=YES, time 0.106401s)
[ITER 2] New best cost=1574667.31 (feasible=YES, time 0.191683s)
[ITER 3] New best cost=1569808.84 (feasible=YES, time 0.259637s)
[ITER 5] New best cost=1569342.85 (feasible=YES, time 0.396582s)
[ITER 6] New best cost=1564056.10 (feasible=YES, time 0.441461s)
[ITER 9] New best cost=1560037.99 (feasible=YES, time 0.60169s)
[ITER 10] bestGlobalCost=1560037.99 (feasible=YES) bestThisIter=1560037.99 feasibleAnts=14 noImprove=1 (elapsed 0.648125s)
[ITER 11] New best cost=1554273.70 (feasible=YES, time 0.693183s)
[ITER 14] New best cost=1553511.07 (feasible=YES, time 0.817698s)
[ITER 20] bestGlobalCost=1553511.07 (feasible=YES) bestThisIter=1553511.07 feasibleAnts=10 noImprove=6 (elapsed 3.65219s)
[ITER 21] New best cost=1552533.96 (feasible=YES, time 3.68541s)
[ITER 30] bestGlobalCost=1552533.96 (feasible=YES) bestThisIter=1552533.96 feasibleAnts=9 noImprove=9 (elapsed 6.96106s)
[ITER 40] bestGlobalCost=1552533.96 (feasible=YES) bestThisIter=1576720.01 feasibleAnts=10 noImprove=19 (elapsed 7.50823s)
[ITER 50] bestGlobalCost=1552533.96 (feasible=YES) bestThisIter=1575673.76 feasibleAnts=10 noImprove=29 (elapsed 10.8288s)
[RESET] no improvement for30-> reset pheromones
[ITER 60] bestGlobalCost=1552533.96 (feasible=YES) bestThisIter=1605024.95 feasibleAnts=10 noImprove=9 (elapsed 14.3218s)
[ITER 70] bestGlobalCost=1552533.96 (feasible=YES) bestThisIter=1581508.02 feasibleAnts=10 noImprove=19 (elapsed 14.9156s)
[ITER 80] bestGlobalCost=1552533.96 (feasible=YES) bestThisIter=1569529.72 feasibleAnts=10 noImprove=29 (elapsed 18.4103s)
[RESET] no improvement for30-> reset pheromones
[ITER 90] bestGlobalCost=1552533.96 (feasible=YES) bestThisIter=1577573.91 feasibleAnts=10 noImprove=9 (elapsed 21.8456s)
[ITER 100] bestGlobalCost=1552533.96 (feasible=YES) bestThisIter=1562735.97 feasibleAnts=10 noImprove=19 (elapsed 22.431s)
[ITER 110] bestGlobalCost=1552533.96 (feasible=YES) bestThisIter=1552533.96 feasibleAnts=10 noImprove=29 (elapsed 25.8064s)
[RESET] no improvement for30-> reset pheromones
[ITER 120] bestGlobalCost=1552533.96 (feasible=YES) bestThisIter=1583410.85 feasibleAnts=10 noImprove=9 (elapsed 29.1902s)
[ITER 130] bestGlobalCost=1552533.96 (feasible=YES) bestThisIter=1563882.77 feasibleAnts=10 noImprove=19 (elapsed 29.7043s)
[ITER 140] bestGlobalCost=1552533.96 (feasible=YES) bestThisIter=1552533.96 feasibleAnts=10 noImprove=29 (elapsed 33.3198s)
[RESET] no improvement for30-> reset pheromones
[ITER 150] bestGlobalCost=1552533.96 (feasible=YES) bestThisIter=1561346.76 feasibleAnts=10 noImprove=9 (elapsed 36.4994s)
[ITER 160] bestGlobalCost=1552533.96 (feasible=YES) bestThisIter=1553511.07 feasibleAnts=9 noImprove=19 (elapsed 37.0916s)
[ITER 170] bestGlobalCost=1552533.96 (feasible=YES) bestThisIter=1586513.08 feasibleAnts=10 noImprove=29 (elapsed 40.851s)
[RESET] no improvement for30-> reset pheromones
[ITER 180] New best cost=1535360.69 (feasible=YES, time 42.4669s)
[ITER 180] bestGlobalCost=1535360.69 (feasible=YES) bestThisIter=1577547.04 feasibleAnts=10 noImprove=0 (elapsed 44.0497s)
[ITER 190] bestGlobalCost=1535360.69 (feasible=YES) bestThisIter=1535360.69 feasibleAnts=10 noImprove=10 (elapsed 44.3749s)
[ITER 200] bestGlobalCost=1535360.69 (feasible=YES) bestThisIter=1541735.92 feasibleAnts=10 noImprove=20 (elapsed 47.9146s)
[ITER 210] bestGlobalCost=1535360.69 (feasible=YES) bestThisIter=1551366.67 feasibleAnts=10 noImprove=30 (elapsed 51.1714s)
[RESET] no improvement for30-> reset pheromones
[ITER 220] bestGlobalCost=1535360.69 (feasible=YES) bestThisIter=1542338.12 feasibleAnts=10 noImprove=10 (elapsed 51.7445s)
[ITER 230] bestGlobalCost=1535360.69 (feasible=YES) bestThisIter=1544878.81 feasibleAnts=10 noImprove=20 (elapsed 55.2755s)
[ITER 240] New best cost=1532990.25 (feasible=YES, time 58.7189s)
[ITER 240] bestGlobalCost=1532990.25 (feasible=YES) bestThisIter=1552288.64 feasibleAnts=10 noImprove=0 (elapsed 58.7236s)
[ITER 250] bestGlobalCost=1532990.25 (feasible=YES) bestThisIter=1538220.06 feasibleAnts=10 noImprove=10 (elapsed 59.1442s)
[ITER 254] New best cost=1532932.40 (feasible=YES, time 59.3196s)
2 5 7 13 44 50 52 54 56 57 114 115 121 
25 26 28 29 33 95 97 98 103 122 123 127 
63 69 70 75 85 86 87 88 96 109 110 119 
3 10 51 58 59 60 61 62 90 91 116 120 
32 78 79 80 81 82 83 84 101 102 117 126 
1 4 6 9 11 15 16 17 20 22 23 24 105 106 108 
55 64 65 66 89 92 99 100 104 113 124 125 
45 46 47 48 49 53 93 94 107 111 112 118 
8 18 19 21 67 68 71 72 73 74 76 77 
12 14 27 30 31 34 35 36 37 38 39 40 41 42 43 
[SAVELOGS] evolution saved to results/logs/bier127_10_2/evolution/bier127_10_2
[SAVELOGS] best cost saved to results/logs/bier127_10_2/objectives/bier127_10_2
[SAVELOGS] best solution saved to results/logs/bier127_10_2/solutions/bier127_10_2
