[ITER 1] New best cost=1556648.94 (feasible=YES, time 0.0833244s)
[ITER 3] New best cost=1555157.19 (feasible=YES, time 0.227175s)
[ITER 4] New best cost=1544548.41 (feasible=YES, time 0.284447s)
[ITER 8] New best cost=1539294.05 (feasible=YES, time 0.635702s)
[ITER 9] New best cost=1536740.70 (feasible=YES, time 0.709571s)
[ITER 10] bestGlobalCost=1536740.70 (feasible=YES) bestThisIter=1541223.10 feasibleAnts=10 noImprove=1 (elapsed 0.785625s)
[ITER 11] New best cost=1528528.00 (feasible=YES, time 0.826557s)
[ITER 15] New best cost=1525336.63 (feasible=YES, time 2.34611s)
[ITER 20] bestGlobalCost=1525336.63 (feasible=YES) bestThisIter=1525336.63 feasibleAnts=12 noImprove=5 (elapsed 4.41398s)
[ITER 30] bestGlobalCost=1525336.63 (feasible=YES) bestThisIter=1546160.19 feasibleAnts=10 noImprove=15 (elapsed 7.50243s)
[ITER 40] bestGlobalCost=1525336.63 (feasible=YES) bestThisIter=1532051.98 feasibleAnts=10 noImprove=25 (elapsed 8.0257s)
[RESET] no improvement for30-> reset pheromones
[ITER 50] bestGlobalCost=1525336.63 (feasible=YES) bestThisIter=1567053.79 feasibleAnts=10 noImprove=5 (elapsed 12.0117s)
[ITER 60] bestGlobalCost=1525336.63 (feasible=YES) bestThisIter=1528535.90 feasibleAnts=10 noImprove=15 (elapsed 15.2974s)
[ITER 70] bestGlobalCost=1525336.63 (feasible=YES) bestThisIter=1535565.42 feasibleAnts=10 noImprove=25 (elapsed 15.7803s)
[RESET] no improvement for30-> reset pheromones
[ITER 80] bestGlobalCost=1525336.63 (feasible=YES) bestThisIter=1560813.16 feasibleAnts=10 noImprove=5 (elapsed 19.6675s)
[ITER 90] bestGlobalCost=1525336.63 (feasible=YES) bestThisIter=1531330.23 feasibleAnts=10 noImprove=15 (elapsed 22.9519s)
[ITER 100] bestGlobalCost=1525336.63 (feasible=YES) bestThisIter=1525336.63 feasibleAnts=10 noImprove=25 (elapsed 23.4816s)
[RESET] no improvement for30-> reset pheromones
[ITER 110] bestGlobalCost=1525336.63 (feasible=YES) bestThisIter=1549196.80 feasibleAnts=10 noImprove=5 (elapsed 27.2506s)
[ITER 120] bestGlobalCost=1525336.63 (feasible=YES) bestThisIter=1528535.90 feasibleAnts=10 noImprove=15 (elapsed 30.5943s)
[ITER 130] bestGlobalCost=1525336.63 (feasible=YES) bestThisIter=1525696.17 feasibleAnts=10 noImprove=25 (elapsed 31.0594s)
[RESET] no improvement for30-> reset pheromones
[ITER 140] bestGlobalCost=1525336.63 (feasible=YES) bestThisIter=1563743.06 feasibleAnts=10 noImprove=5 (elapsed 34.9021s)
[ITER 150] bestGlobalCost=1525336.63 (feasible=YES) bestThisIter=1539590.38 feasibleAnts=10 noImprove=15 (elapsed 38.2932s)
[ITER 160] bestGlobalCost=1525336.63 (feasible=YES) bestThisIter=1538692.32 feasibleAnts=10 noImprove=25 (elapsed 38.8035s)
[RESET] no improvement for30-> reset pheromones
[ITER 170] bestGlobalCost=1525336.63 (feasible=YES) bestThisIter=1576098.56 feasibleAnts=10 noImprove=5 (elapsed 42.4562s)
[ITER 180] bestGlobalCost=1525336.63 (feasible=YES) bestThisIter=1526726.98 feasibleAnts=10 noImprove=15 (elapsed 46.075s)
[ITER 190] bestGlobalCost=1525336.63 (feasible=YES) bestThisIter=1528626.58 feasibleAnts=9 noImprove=25 (elapsed 46.595s)
[RESET] no improvement for30-> reset pheromones
[ITER 200] bestGlobalCost=1525336.63 (feasible=YES) bestThisIter=1549639.69 feasibleAnts=10 noImprove=5 (elapsed 50.2162s)
[ITER 210] bestGlobalCost=1525336.63 (feasible=YES) bestThisIter=1526726.98 feasibleAnts=10 noImprove=15 (elapsed 53.6886s)
[ITER 220] bestGlobalCost=1525336.63 (feasible=YES) bestThisIter=1542827.82 feasibleAnts=10 noImprove=25 (elapsed 54.1637s)
[RESET] no improvement for30-> reset pheromones
[ITER 230] bestGlobalCost=1525336.63 (feasible=YES) bestThisIter=1549516.98 feasibleAnts=10 noImprove=5 (elapsed 57.5731s)
[ITER 240] bestGlobalCost=1525336.63 (feasible=YES) bestThisIter=1538313.43 feasibleAnts=10 noImprove=15 (elapsed 61.3163s)
1 4 6 8 9 15 17 20 22 23 24 105 106 108 
44 45 46 47 48 49 53 94 107 111 112 118 
25 26 28 93 95 97 98 103 122 123 127 
55 65 66 89 90 92 99 100 104 113 125 
3 10 11 58 59 60 61 62 64 91 116 120 124 
12 14 16 27 30 31 34 35 36 37 38 39 40 41 42 43 
29 32 33 80 81 82 83 84 101 102 117 126 
63 69 70 75 85 86 87 88 96 109 110 119 
2 5 7 13 50 51 52 54 56 57 114 115 121 
18 19 21 67 68 71 72 73 74 76 77 78 79 
[SAVELOGS] evolution saved to results/logs/bier127_10_2/evolution/bier127_10_2
[SAVELOGS] best cost saved to results/logs/bier127_10_2/objectives/bier127_10_2
[SAVELOGS] best solution saved to results/logs/bier127_10_2/solutions/bier127_10_2
