[ITER 1] New best cost=1029792.18 (feasible=YES, time 0.537475s)
[ITER 2] New best cost=994450.07 (feasible=YES, time 1.30363s)
[ITER 4] New best cost=989724.80 (feasible=YES, time 2.45499s)
[ITER 5] New best cost=986827.07 (feasible=YES, time 3.17281s)
[ITER 8] New best cost=981430.16 (feasible=YES, time 5.04766s)
[ITER 10] bestGlobalCost=981430.16 (feasible=YES) bestThisIter=993382.54 feasibleAnts=10 noImprove=2 (elapsed 7.93907s)
[ITER 20] bestGlobalCost=981430.16 (feasible=YES) bestThisIter=984217.15 feasibleAnts=10 noImprove=12 (elapsed 16.98s)
[ITER 26] New best cost=980044.25 (feasible=YES, time 20.983s)
[ITER 29] New best cost=979662.44 (feasible=YES, time 22.8714s)
[ITER 30] New best cost=976676.51 (feasible=YES, time 24.9184s)
[ITER 30] bestGlobalCost=976676.51 (feasible=YES) bestThisIter=980230.89 feasibleAnts=10 noImprove=0 (elapsed 24.924s)
[ITER 31] New best cost=967727.02 (feasible=YES, time 25.7215s)
[ITER 40] bestGlobalCost=967727.02 (feasible=YES) bestThisIter=973811.53 feasibleAnts=10 noImprove=9 (elapsed 33.0621s)
[ITER 42] New best cost=966659.30 (feasible=YES, time 34.2237s)
[ITER 50] bestGlobalCost=966659.30 (feasible=YES) bestThisIter=994301.36 feasibleAnts=12 noImprove=8 (elapsed 40.2301s)
[ITER 60] bestGlobalCost=966659.30 (feasible=YES) bestThisIter=971635.96 feasibleAnts=10 noImprove=18 (elapsed 48.5373s)
[ITER 70] bestGlobalCost=966659.30 (feasible=YES) bestThisIter=989354.46 feasibleAnts=10 noImprove=28 (elapsed 57.0398s)
[ITER 80] bestGlobalCost=966659.30 (feasible=YES) bestThisIter=997635.07 feasibleAnts=10 noImprove=38 (elapsed 65.78s)
[ITER 90] bestGlobalCost=966659.30 (feasible=YES) bestThisIter=1002061.74 feasibleAnts=10 noImprove=48 (elapsed 74.1036s)
[RESET] no improvement for50-> reset pheromones
[ITER 99] New best cost=966208.06 (feasible=YES, time 79.8825s)
[ITER 100] bestGlobalCost=966208.06 (feasible=YES) bestThisIter=966659.30 feasibleAnts=23 noImprove=1 (elapsed 81.4088s)
[ITER 106] New best cost=965645.31 (feasible=YES, time 84.2441s)
[ITER 110] bestGlobalCost=965645.31 (feasible=YES) bestThisIter=1096589.70 feasibleAnts=10 noImprove=4 (elapsed 86.8272s)
[ITER 120] bestGlobalCost=965645.31 (feasible=YES) bestThisIter=972343.00 feasibleAnts=10 noImprove=14 (elapsed 94.4294s)
[ITER 130] bestGlobalCost=965645.31 (feasible=YES) bestThisIter=978322.09 feasibleAnts=10 noImprove=24 (elapsed 102.57s)
[ITER 140] bestGlobalCost=965645.31 (feasible=YES) bestThisIter=988560.03 feasibleAnts=9 noImprove=34 (elapsed 112.526s)
[ITER 150] bestGlobalCost=965645.31 (feasible=YES) bestThisIter=996388.00 feasibleAnts=10 noImprove=44 (elapsed 121.241s)
[RESET] no improvement for50-> reset pheromones
[ITER 160] bestGlobalCost=965645.31 (feasible=YES) bestThisIter=988953.58 feasibleAnts=11 noImprove=4 (elapsed 129.158s)
[ITER 167] New best cost=964691.54 (feasible=YES, time 133.465s)
[ITER 170] bestGlobalCost=964691.54 (feasible=YES) bestThisIter=965645.31 feasibleAnts=16 noImprove=3 (elapsed 136.126s)
[ITER 172] New best cost=962596.28 (feasible=YES, time 137.33s)
[ITER 180] bestGlobalCost=962596.28 (feasible=YES) bestThisIter=974990.44 feasibleAnts=11 noImprove=8 (elapsed 142.404s)
[ITER 190] bestGlobalCost=962596.28 (feasible=YES) bestThisIter=969121.22 feasibleAnts=10 noImprove=18 (elapsed 150.615s)
[ITER 200] bestGlobalCost=962596.28 (feasible=YES) bestThisIter=975426.97 feasibleAnts=9 noImprove=28 (elapsed 159.078s)
[ITER 210] bestGlobalCost=962596.28 (feasible=YES) bestThisIter=998966.25 feasibleAnts=10 noImprove=38 (elapsed 168.208s)
[ITER 220] bestGlobalCost=962596.28 (feasible=YES) bestThisIter=995187.61 feasibleAnts=8 noImprove=48 (elapsed 176.78s)
[RESET] no improvement for50-> reset pheromones
[ITER 230] bestGlobalCost=962596.28 (feasible=YES) bestThisIter=971663.96 feasibleAnts=12 noImprove=8 (elapsed 185.13s)
[ITER 240] bestGlobalCost=962596.28 (feasible=YES) bestThisIter=971663.96 feasibleAnts=10 noImprove=18 (elapsed 198.655s)
[ITER 250] bestGlobalCost=962596.28 (feasible=YES) bestThisIter=984027.72 feasibleAnts=10 noImprove=28 (elapsed 210.127s)
[ITER 260] bestGlobalCost=962596.28 (feasible=YES) bestThisIter=991237.31 feasibleAnts=10 noImprove=38 (elapsed 222.19s)
[ITER 270] bestGlobalCost=962596.28 (feasible=YES) bestThisIter=1002021.87 feasibleAnts=10 noImprove=48 (elapsed 237.24s)
[RESET] no improvement for50-> reset pheromones
[ITER 280] bestGlobalCost=962596.28 (feasible=YES) bestThisIter=964021.43 feasibleAnts=13 noImprove=8 (elapsed 250.042s)
[ITER 290] bestGlobalCost=962596.28 (feasible=YES) bestThisIter=968603.66 feasibleAnts=10 noImprove=18 (elapsed 260.485s)
[ITER 300] bestGlobalCost=962596.28 (feasible=YES) bestThisIter=981010.30 feasibleAnts=10 noImprove=28 (elapsed 270.972s)
[ITER 310] bestGlobalCost=962596.28 (feasible=YES) bestThisIter=998677.10 feasibleAnts=10 noImprove=38 (elapsed 281.114s)
[ITER 320] bestGlobalCost=962596.28 (feasible=YES) bestThisIter=988449.98 feasibleAnts=9 noImprove=48 (elapsed 291.784s)
[RESET] no improvement for50-> reset pheromones
[ITER 330] bestGlobalCost=962596.28 (feasible=YES) bestThisIter=971943.35 feasibleAnts=10 noImprove=8 (elapsed 299.944s)
7 9 16 18 24 26 29 32 37 46 49 61 78 82 118 121 124 136 138 184 199 
5 28 38 39 43 56 71 72 86 88 105 130 137 139 141 148 152 178 185 196 
21 70 76 89 91 94 95 102 113 133 140 144 150 154 164 173 176 182 195 
6 13 20 31 42 47 55 64 67 79 107 112 120 123 127 135 160 162 177 186 
2 23 35 50 54 62 65 68 77 80 83 125 151 157 161 168 169 181 187 
11 44 48 51 52 63 66 84 87 96 116 119 122 126 153 165 166 170 175 188 194 
8 17 22 25 34 58 75 90 98 103 109 114 129 134 143 146 155 171 183 200 
3 4 30 41 59 60 69 73 74 93 108 110 128 131 142 158 163 167 189 193 
10 14 19 33 36 45 57 81 92 97 99 100 104 106 156 179 180 190 192 197 
1 12 15 27 40 53 85 101 111 115 117 132 145 147 149 159 172 174 191 198 
[SAVELOGS] evolution saved to results/logs/aco_logs/evolution/kroA200_10_5.txt
[SAVELOGS] best cost saved to results/logs/aco_logs/objectives/kroA200_10_5.txt
[SAVELOGS] best solution saved to results/logs/aco_logs/solutions/kroA200_10_5.txt
