[ITER 1] New best cost=1050932.26 (feasible=YES, time 1.26376s)
[ITER 2] New best cost=1029602.85 (feasible=YES, time 2.04002s)
[ITER 3] New best cost=1027371.67 (feasible=YES, time 2.92773s)
[ITER 4] New best cost=1025806.31 (feasible=YES, time 3.71878s)
[ITER 5] New best cost=1001773.82 (feasible=YES, time 4.47733s)
[ITER 8] New best cost=995660.87 (feasible=YES, time 6.90049s)
[ITER 10] New best cost=991116.67 (feasible=YES, time 9.74521s)
[ITER 10] bestGlobalCost=991116.67 (feasible=YES) bestThisIter=994663.85 feasibleAnts=10 noImprove=0 (elapsed 9.74855s)
[ITER 12] New best cost=989814.40 (feasible=YES, time 11.0446s)
[ITER 14] New best cost=981040.93 (feasible=YES, time 12.2176s)
[ITER 20] New best cost=977252.39 (feasible=YES, time 16.2862s)
[ITER 20] bestGlobalCost=977252.39 (feasible=YES) bestThisIter=981040.93 feasibleAnts=10 noImprove=0 (elapsed 16.3098s)
[ITER 28] New best cost=975708.15 (feasible=YES, time 20.5s)
[ITER 30] bestGlobalCost=975708.15 (feasible=YES) bestThisIter=977252.39 feasibleAnts=12 noImprove=2 (elapsed 22.8238s)
[ITER 33] New best cost=972547.80 (feasible=YES, time 25.347s)
[ITER 37] New best cost=972095.64 (feasible=YES, time 28.0239s)
[ITER 39] New best cost=971052.43 (feasible=YES, time 28.7968s)
[ITER 40] bestGlobalCost=971052.43 (feasible=YES) bestThisIter=972095.64 feasibleAnts=10 noImprove=1 (elapsed 30.4964s)
[ITER 50] bestGlobalCost=971052.43 (feasible=YES) bestThisIter=972178.81 feasibleAnts=10 noImprove=11 (elapsed 37.5305s)
[ITER 51] New best cost=970856.68 (feasible=YES, time 38.3036s)
[ITER 60] bestGlobalCost=970856.68 (feasible=YES) bestThisIter=988277.11 feasibleAnts=12 noImprove=9 (elapsed 46.8642s)
[ITER 70] bestGlobalCost=970856.68 (feasible=YES) bestThisIter=982630.89 feasibleAnts=10 noImprove=19 (elapsed 57.4208s)
[ITER 80] bestGlobalCost=970856.68 (feasible=YES) bestThisIter=989966.33 feasibleAnts=10 noImprove=29 (elapsed 68.5405s)
[ITER 90] bestGlobalCost=970856.68 (feasible=YES) bestThisIter=999084.63 feasibleAnts=9 noImprove=39 (elapsed 79.7132s)
[ITER 100] bestGlobalCost=970856.68 (feasible=YES) bestThisIter=1007950.10 feasibleAnts=10 noImprove=49 (elapsed 90.3338s)
[RESET] no improvement for50-> reset pheromones
[ITER 110] bestGlobalCost=970856.68 (feasible=YES) bestThisIter=992243.06 feasibleAnts=10 noImprove=9 (elapsed 98.3022s)
[ITER 118] New best cost=969911.99 (feasible=YES, time 104.375s)
[ITER 120] bestGlobalCost=969911.99 (feasible=YES) bestThisIter=970856.68 feasibleAnts=17 noImprove=2 (elapsed 106.658s)
[ITER 123] New best cost=969799.75 (feasible=YES, time 108.531s)
[ITER 125] New best cost=968620.82 (feasible=YES, time 110.148s)
[ITER 126] New best cost=966344.94 (feasible=YES, time 110.991s)
[ITER 127] New best cost=965911.20 (feasible=YES, time 111.629s)
[ITER 130] bestGlobalCost=965911.20 (feasible=YES) bestThisIter=978491.64 feasibleAnts=10 noImprove=3 (elapsed 115.757s)
[ITER 136] New best cost=964789.57 (feasible=YES, time 120.535s)
[ITER 140] bestGlobalCost=964789.57 (feasible=YES) bestThisIter=968972.17 feasibleAnts=9 noImprove=4 (elapsed 124.439s)
[ITER 150] bestGlobalCost=964789.57 (feasible=YES) bestThisIter=968846.61 feasibleAnts=10 noImprove=14 (elapsed 132.957s)
[ITER 155] New best cost=963958.74 (feasible=YES, time 137.828s)
[ITER 160] bestGlobalCost=963958.74 (feasible=YES) bestThisIter=988375.86 feasibleAnts=11 noImprove=5 (elapsed 141.747s)
[ITER 170] bestGlobalCost=963958.74 (feasible=YES) bestThisIter=976202.05 feasibleAnts=10 noImprove=15 (elapsed 152.029s)
[ITER 180] bestGlobalCost=963958.74 (feasible=YES) bestThisIter=984106.41 feasibleAnts=10 noImprove=25 (elapsed 161.813s)
[ITER 190] bestGlobalCost=963958.74 (feasible=YES) bestThisIter=985310.37 feasibleAnts=10 noImprove=35 (elapsed 174.661s)
[ITER 200] bestGlobalCost=963958.74 (feasible=YES) bestThisIter=1003345.51 feasibleAnts=10 noImprove=45 (elapsed 184.437s)
[RESET] no improvement for50-> reset pheromones
[ITER 210] bestGlobalCost=963958.74 (feasible=YES) bestThisIter=987179.08 feasibleAnts=15 noImprove=5 (elapsed 194.121s)
[ITER 220] bestGlobalCost=963958.74 (feasible=YES) bestThisIter=973885.22 feasibleAnts=10 noImprove=15 (elapsed 202.884s)
[ITER 230] bestGlobalCost=963958.74 (feasible=YES) bestThisIter=988077.04 feasibleAnts=10 noImprove=25 (elapsed 211.682s)
[ITER 240] bestGlobalCost=963958.74 (feasible=YES) bestThisIter=982855.28 feasibleAnts=9 noImprove=35 (elapsed 222.34s)
[ITER 250] bestGlobalCost=963958.74 (feasible=YES) bestThisIter=972274.89 feasibleAnts=9 noImprove=45 (elapsed 231.063s)
[RESET] no improvement for50-> reset pheromones
[ITER 260] bestGlobalCost=963958.74 (feasible=YES) bestThisIter=974912.49 feasibleAnts=10 noImprove=5 (elapsed 240.725s)
[ITER 261] New best cost=963799.03 (feasible=YES, time 241.611s)
[ITER 270] bestGlobalCost=963799.03 (feasible=YES) bestThisIter=976165.19 feasibleAnts=11 noImprove=9 (elapsed 250.322s)
[ITER 280] bestGlobalCost=963799.03 (feasible=YES) bestThisIter=977930.88 feasibleAnts=10 noImprove=19 (elapsed 259.583s)
[ITER 290] bestGlobalCost=963799.03 (feasible=YES) bestThisIter=989156.65 feasibleAnts=10 noImprove=29 (elapsed 269.084s)
[ITER 300] bestGlobalCost=963799.03 (feasible=YES) bestThisIter=987707.85 feasibleAnts=10 noImprove=39 (elapsed 279.154s)
[ITER 310] bestGlobalCost=963799.03 (feasible=YES) bestThisIter=1010818.71 feasibleAnts=10 noImprove=49 (elapsed 289.528s)
[RESET] no improvement for50-> reset pheromones
[ITER 313] New best cost=962999.61 (feasible=YES, time 292.741s)
[ITER 314] New best cost=962608.12 (feasible=YES, time 293.833s)
[ITER 320] bestGlobalCost=962608.12 (feasible=YES) bestThisIter=963799.03 feasibleAnts=9 noImprove=6 (elapsed 300.82s)
7 9 16 18 24 26 29 32 37 46 49 61 78 82 118 121 124 136 138 184 199 
2 30 35 54 62 68 77 80 83 107 125 151 157 158 161 181 183 185 187 
5 28 39 43 56 71 72 86 88 95 105 130 133 137 139 152 168 176 178 196 
21 23 50 70 76 89 91 94 102 113 140 144 150 154 164 169 173 182 195 
3 4 41 59 60 65 69 73 93 106 108 110 128 131 142 163 167 180 189 193 
11 44 48 51 52 63 66 84 87 96 116 119 122 126 153 165 166 170 175 188 194 
10 14 19 33 36 45 57 74 81 92 97 99 100 104 149 156 179 190 192 197 
6 20 31 42 47 55 64 67 79 109 112 120 123 127 135 155 160 162 177 186 
1 12 13 15 27 40 53 85 101 111 115 117 132 145 147 159 172 174 191 198 
8 17 22 25 34 38 58 75 90 98 103 114 129 134 141 143 146 148 171 200 
[SAVELOGS] evolution saved to results/logs/aco_logs/evolution/kroA200_10_5.txt
[SAVELOGS] best cost saved to results/logs/aco_logs/objectives/kroA200_10_5.txt
[SAVELOGS] best solution saved to results/logs/aco_logs/solutions/kroA200_10_5.txt
