[ITER 1] New best cost=1045107.76 (feasible=YES, time 0.756598s)
[ITER 2] New best cost=1018278.23 (feasible=YES, time 2.3667s)
[ITER 3] New best cost=1012786.95 (feasible=YES, time 3.12176s)
[ITER 4] New best cost=1010612.89 (feasible=YES, time 3.899s)
[ITER 6] New best cost=999607.27 (feasible=YES, time 5.4358s)
[ITER 10] bestGlobalCost=999607.27 (feasible=YES) bestThisIter=1028313.75 feasibleAnts=10 noImprove=4 (elapsed 10.3916s)
[ITER 12] New best cost=997216.25 (feasible=YES, time 11.9043s)
[ITER 16] New best cost=995278.34 (feasible=YES, time 15.4391s)
[ITER 17] New best cost=990993.15 (feasible=YES, time 16.0342s)
[ITER 19] New best cost=988551.92 (feasible=YES, time 17.8294s)
[ITER 20] bestGlobalCost=988551.92 (feasible=YES) bestThisIter=993477.08 feasibleAnts=11 noImprove=1 (elapsed 20.4519s)
[ITER 23] New best cost=984181.77 (feasible=YES, time 22.7531s)
[ITER 29] New best cost=978462.13 (feasible=YES, time 26.1398s)
[ITER 30] bestGlobalCost=978462.13 (feasible=YES) bestThisIter=984181.77 feasibleAnts=19 noImprove=1 (elapsed 27.8714s)
[ITER 32] New best cost=977152.50 (feasible=YES, time 29.3007s)
[ITER 34] New best cost=973050.88 (feasible=YES, time 30.5927s)
[ITER 36] New best cost=971699.19 (feasible=YES, time 31.5956s)
[ITER 40] bestGlobalCost=971699.19 (feasible=YES) bestThisIter=997020.96 feasibleAnts=11 noImprove=4 (elapsed 35.9542s)
[ITER 50] bestGlobalCost=971699.19 (feasible=YES) bestThisIter=995576.82 feasibleAnts=10 noImprove=14 (elapsed 43.7578s)
[ITER 60] bestGlobalCost=971699.19 (feasible=YES) bestThisIter=979585.57 feasibleAnts=10 noImprove=24 (elapsed 53.23s)
[ITER 70] bestGlobalCost=971699.19 (feasible=YES) bestThisIter=985239.39 feasibleAnts=10 noImprove=34 (elapsed 65.1167s)
[ITER 71] New best cost=968040.61 (feasible=YES, time 65.8989s)
[ITER 80] bestGlobalCost=968040.61 (feasible=YES) bestThisIter=981668.16 feasibleAnts=11 noImprove=9 (elapsed 73.7385s)
[ITER 85] New best cost=965325.13 (feasible=YES, time 78.0053s)
[ITER 88] New best cost=964759.16 (feasible=YES, time 80.0665s)
[ITER 89] New best cost=962999.61 (feasible=YES, time 81.2174s)
[ITER 90] bestGlobalCost=962999.61 (feasible=YES) bestThisIter=963980.78 feasibleAnts=10 noImprove=1 (elapsed 84.3347s)
[ITER 98] New best cost=962565.87 (feasible=YES, time 88.9924s)
[ITER 100] bestGlobalCost=962565.87 (feasible=YES) bestThisIter=962999.61 feasibleAnts=19 noImprove=2 (elapsed 91.1654s)
[ITER 110] bestGlobalCost=962565.87 (feasible=YES) bestThisIter=969068.48 feasibleAnts=10 noImprove=12 (elapsed 101.368s)
[ITER 120] bestGlobalCost=962565.87 (feasible=YES) bestThisIter=978494.17 feasibleAnts=10 noImprove=22 (elapsed 114.447s)
[ITER 130] bestGlobalCost=962565.87 (feasible=YES) bestThisIter=983302.91 feasibleAnts=10 noImprove=32 (elapsed 123.746s)
[ITER 140] bestGlobalCost=962565.87 (feasible=YES) bestThisIter=988421.54 feasibleAnts=10 noImprove=42 (elapsed 132.882s)
[RESET] no improvement for50-> reset pheromones
[ITER 150] bestGlobalCost=962565.87 (feasible=YES) bestThisIter=969474.76 feasibleAnts=10 noImprove=2 (elapsed 141.649s)
[ITER 160] bestGlobalCost=962565.87 (feasible=YES) bestThisIter=965597.38 feasibleAnts=10 noImprove=12 (elapsed 149.147s)
[ITER 170] bestGlobalCost=962565.87 (feasible=YES) bestThisIter=981361.69 feasibleAnts=10 noImprove=22 (elapsed 158.07s)
[ITER 180] bestGlobalCost=962565.87 (feasible=YES) bestThisIter=997473.69 feasibleAnts=10 noImprove=32 (elapsed 167.212s)
[ITER 190] bestGlobalCost=962565.87 (feasible=YES) bestThisIter=988540.83 feasibleAnts=10 noImprove=42 (elapsed 179.106s)
[RESET] no improvement for50-> reset pheromones
[ITER 200] bestGlobalCost=962565.87 (feasible=YES) bestThisIter=975449.23 feasibleAnts=10 noImprove=2 (elapsed 190.136s)
[ITER 210] bestGlobalCost=962565.87 (feasible=YES) bestThisIter=969803.39 feasibleAnts=10 noImprove=12 (elapsed 198.388s)
[ITER 220] bestGlobalCost=962565.87 (feasible=YES) bestThisIter=1002931.44 feasibleAnts=9 noImprove=22 (elapsed 207.649s)
[ITER 230] bestGlobalCost=962565.87 (feasible=YES) bestThisIter=964343.96 feasibleAnts=10 noImprove=32 (elapsed 218.571s)
[ITER 240] bestGlobalCost=962565.87 (feasible=YES) bestThisIter=990250.03 feasibleAnts=10 noImprove=42 (elapsed 228.329s)
[RESET] no improvement for50-> reset pheromones
[ITER 250] bestGlobalCost=962565.87 (feasible=YES) bestThisIter=975148.67 feasibleAnts=10 noImprove=2 (elapsed 237.849s)
[ITER 260] bestGlobalCost=962565.87 (feasible=YES) bestThisIter=966233.71 feasibleAnts=10 noImprove=12 (elapsed 245.603s)
[ITER 270] bestGlobalCost=962565.87 (feasible=YES) bestThisIter=973305.38 feasibleAnts=10 noImprove=22 (elapsed 255.003s)
[ITER 280] bestGlobalCost=962565.87 (feasible=YES) bestThisIter=979923.06 feasibleAnts=10 noImprove=32 (elapsed 264.027s)
[ITER 290] bestGlobalCost=962565.87 (feasible=YES) bestThisIter=986235.19 feasibleAnts=10 noImprove=42 (elapsed 273.391s)
[RESET] no improvement for50-> reset pheromones
[ITER 300] bestGlobalCost=962565.87 (feasible=YES) bestThisIter=962999.61 feasibleAnts=10 noImprove=2 (elapsed 283.586s)
[ITER 310] bestGlobalCost=962565.87 (feasible=YES) bestThisIter=966233.71 feasibleAnts=10 noImprove=12 (elapsed 291.556s)
[ITER 320] bestGlobalCost=962565.87 (feasible=YES) bestThisIter=977349.91 feasibleAnts=10 noImprove=22 (elapsed 300.014s)
3 4 19 41 59 60 69 73 93 108 110 128 131 142 163 167 180 189 192 193 
7 9 16 18 24 26 29 32 37 46 61 78 82 118 121 124 136 138 172 184 199 
6 15 20 31 42 47 55 64 65 67 79 112 120 127 135 155 160 162 177 186 
1 12 13 27 40 53 85 101 111 115 117 123 132 145 147 158 159 174 191 198 
21 23 50 70 76 89 91 94 102 113 140 144 150 154 164 169 173 182 195 
5 28 39 43 56 71 72 86 88 95 105 130 133 137 139 152 168 176 178 196 
2 30 35 54 62 68 77 80 83 107 109 125 151 157 161 181 183 185 187 
10 14 33 36 45 49 57 74 81 92 97 99 100 104 106 149 156 179 190 197 
11 44 48 51 52 63 66 84 87 96 116 119 122 126 153 165 166 170 175 188 194 
8 17 22 25 34 38 58 75 90 98 103 114 129 134 141 143 146 148 171 200 
[SAVELOGS] evolution saved to results/logs/aco_logs/evolution/kroA200_10_5.txt
[SAVELOGS] best cost saved to results/logs/aco_logs/objectives/kroA200_10_5.txt
[SAVELOGS] best solution saved to results/logs/aco_logs/solutions/kroA200_10_5.txt
