[ITER 1] New best cost=1572482.42 (feasible=YES, time 0.037753s)
[ITER 2] New best cost=1564026.48 (feasible=YES, time 0.0603974s)
[ITER 3] New best cost=1561321.15 (feasible=YES, time 0.0740681s)
[ITER 10] bestGlobalCost=1561321.15 (feasible=YES) bestThisIter=1561321.15 feasibleAnts=10 noImprove=7 (elapsed 0.209008s)
[ITER 20] bestGlobalCost=1561321.15 (feasible=YES) bestThisIter=1561321.15 feasibleAnts=10 noImprove=17 (elapsed 3.44317s)
[ITER 30] bestGlobalCost=1561321.15 (feasible=YES) bestThisIter=1561321.15 feasibleAnts=10 noImprove=27 (elapsed 7.36983s)
[RESET] no improvement for30-> reset pheromones
[ITER 40] bestGlobalCost=1561321.15 (feasible=YES) bestThisIter=1561321.15 feasibleAnts=10 noImprove=7 (elapsed 7.62633s)
[ITER 50] bestGlobalCost=1561321.15 (feasible=YES) bestThisIter=1561321.15 feasibleAnts=10 noImprove=17 (elapsed 10.8726s)
[ITER 60] bestGlobalCost=1561321.15 (feasible=YES) bestThisIter=1561321.15 feasibleAnts=10 noImprove=27 (elapsed 14.8407s)
[RESET] no improvement for30-> reset pheromones
[ITER 70] bestGlobalCost=1561321.15 (feasible=YES) bestThisIter=1561321.15 feasibleAnts=10 noImprove=7 (elapsed 15.1138s)
[ITER 80] bestGlobalCost=1561321.15 (feasible=YES) bestThisIter=1561321.15 feasibleAnts=10 noImprove=17 (elapsed 18.3848s)
[ITER 90] bestGlobalCost=1561321.15 (feasible=YES) bestThisIter=1561321.15 feasibleAnts=10 noImprove=27 (elapsed 22.0619s)
[RESET] no improvement for30-> reset pheromones
[ITER 100] bestGlobalCost=1561321.15 (feasible=YES) bestThisIter=1561321.15 feasibleAnts=10 noImprove=7 (elapsed 22.3244s)
[ITER 110] bestGlobalCost=1561321.15 (feasible=YES) bestThisIter=1561321.15 feasibleAnts=10 noImprove=17 (elapsed 25.7717s)
[ITER 120] bestGlobalCost=1561321.15 (feasible=YES) bestThisIter=1561321.15 feasibleAnts=10 noImprove=27 (elapsed 29.297s)
[RESET] no improvement for30-> reset pheromones
[ITER 130] bestGlobalCost=1561321.15 (feasible=YES) bestThisIter=1561352.36 feasibleAnts=10 noImprove=7 (elapsed 29.5852s)
[ITER 140] bestGlobalCost=1561321.15 (feasible=YES) bestThisIter=1561321.15 feasibleAnts=10 noImprove=17 (elapsed 33.0864s)
[ITER 150] bestGlobalCost=1561321.15 (feasible=YES) bestThisIter=1561321.15 feasibleAnts=10 noImprove=27 (elapsed 36.4898s)
[RESET] no improvement for30-> reset pheromones
[ITER 160] bestGlobalCost=1561321.15 (feasible=YES) bestThisIter=1561321.15 feasibleAnts=10 noImprove=7 (elapsed 36.7978s)
[ITER 170] bestGlobalCost=1561321.15 (feasible=YES) bestThisIter=1561321.15 feasibleAnts=10 noImprove=17 (elapsed 40.5516s)
[ITER 180] bestGlobalCost=1561321.15 (feasible=YES) bestThisIter=1561321.15 feasibleAnts=10 noImprove=27 (elapsed 43.8936s)
[RESET] no improvement for30-> reset pheromones
[ITER 190] bestGlobalCost=1561321.15 (feasible=YES) bestThisIter=1561352.36 feasibleAnts=10 noImprove=7 (elapsed 44.2094s)
[ITER 200] bestGlobalCost=1561321.15 (feasible=YES) bestThisIter=1561321.15 feasibleAnts=10 noImprove=17 (elapsed 48.0697s)
[ITER 210] bestGlobalCost=1561321.15 (feasible=YES) bestThisIter=1561321.15 feasibleAnts=10 noImprove=27 (elapsed 51.2601s)
[RESET] no improvement for30-> reset pheromones
[ITER 214] New best cost=1554161.36 (feasible=YES, time 51.3659s)
[ITER 216] New best cost=1553615.17 (feasible=YES, time 51.4568s)
[ITER 220] bestGlobalCost=1553615.17 (feasible=YES) bestThisIter=1553615.17 feasibleAnts=10 noImprove=4 (elapsed 51.5751s)
[ITER 230] bestGlobalCost=1553615.17 (feasible=YES) bestThisIter=1553615.17 feasibleAnts=10 noImprove=14 (elapsed 55.663s)
[ITER 240] bestGlobalCost=1553615.17 (feasible=YES) bestThisIter=1553615.17 feasibleAnts=10 noImprove=24 (elapsed 59.0055s)
[RESET] no improvement for30-> reset pheromones
[ITER 250] bestGlobalCost=1553615.17 (feasible=YES) bestThisIter=1553696.08 feasibleAnts=10 noImprove=4 (elapsed 59.2674s)
10 11 15 16 17 18 21 22 24 32 36 38 53 59 70 72 74 79 84 88 94 99 102 104 106 111 113 127 134 137 141 
3 7 12 14 27 29 30 34 35 41 43 46 48 55 71 83 85 86 100 107 112 115 117 120 123 128 132 135 136 140 149 
2 5 13 33 37 39 40 44 50 52 54 64 68 69 73 76 78 82 95 96 101 103 114 116 121 126 144 146 147 
9 20 23 25 28 45 47 51 57 58 60 61 62 67 77 81 87 91 93 98 105 108 109 110 125 131 142 145 150 
1 4 6 8 19 26 31 42 49 56 63 65 66 75 80 89 90 92 97 118 119 122 124 129 130 133 138 139 143 148 
[SAVELOGS] evolution saved to results/logs/kroA150_05_2/evolution/kroA150_05_2
[SAVELOGS] best cost saved to results/logs/kroA150_05_2/objectives/kroA150_05_2
[SAVELOGS] best solution saved to results/logs/kroA150_05_2/solutions/kroA150_05_2
