[ITER 1] New best cost=793517.07 (feasible=YES, time 0.181734s)
[ITER 2] New best cost=783268.74 (feasible=YES, time 0.301977s)
[ITER 3] New best cost=771204.13 (feasible=YES, time 0.39299s)
[ITER 6] New best cost=768321.23 (feasible=YES, time 0.735947s)
[ITER 7] New best cost=766815.51 (feasible=YES, time 0.870554s)
[ITER 8] New best cost=765998.54 (feasible=YES, time 0.975607s)
[ITER 10] New best cost=760970.29 (feasible=YES, time 1.09564s)
[ITER 10] bestGlobalCost=760970.29 (feasible=YES) bestThisIter=760970.29 feasibleAnts=10 noImprove=0 (elapsed 1.10056s)
[ITER 13] New best cost=760153.32 (feasible=YES, time 1.38325s)
[ITER 14] New best cost=759103.34 (feasible=YES, time 1.45928s)
[ITER 20] bestGlobalCost=759103.34 (feasible=YES) bestThisIter=759103.34 feasibleAnts=10 noImprove=6 (elapsed 5.84974s)
[ITER 30] bestGlobalCost=759103.34 (feasible=YES) bestThisIter=773505.97 feasibleAnts=10 noImprove=16 (elapsed 10.8789s)
[ITER 40] bestGlobalCost=759103.34 (feasible=YES) bestThisIter=776427.95 feasibleAnts=10 noImprove=26 (elapsed 11.7442s)
[RESET] no improvement for30-> reset pheromones
[ITER 45] New best cost=759056.45 (feasible=YES, time 12.9966s)
[ITER 50] bestGlobalCost=759056.45 (feasible=YES) bestThisIter=793605.82 feasibleAnts=10 noImprove=5 (elapsed 16.6149s)
[ITER 60] New best cost=758629.17 (feasible=YES, time 20.1816s)
[ITER 60] bestGlobalCost=758629.17 (feasible=YES) bestThisIter=780955.03 feasibleAnts=10 noImprove=0 (elapsed 20.8051s)
[ITER 70] bestGlobalCost=758629.17 (feasible=YES) bestThisIter=758629.17 feasibleAnts=10 noImprove=10 (elapsed 21.5163s)
[ITER 80] bestGlobalCost=758629.17 (feasible=YES) bestThisIter=790541.99 feasibleAnts=10 noImprove=20 (elapsed 25.6093s)
[ITER 90] bestGlobalCost=758629.17 (feasible=YES) bestThisIter=765889.90 feasibleAnts=10 noImprove=30 (elapsed 30.1045s)
[RESET] no improvement for30-> reset pheromones
[ITER 100] bestGlobalCost=758629.17 (feasible=YES) bestThisIter=809322.72 feasibleAnts=10 noImprove=10 (elapsed 31.4961s)
[ITER 110] bestGlobalCost=758629.17 (feasible=YES) bestThisIter=782161.29 feasibleAnts=10 noImprove=20 (elapsed 36.2735s)
[ITER 120] bestGlobalCost=758629.17 (feasible=YES) bestThisIter=765631.56 feasibleAnts=10 noImprove=30 (elapsed 40.857s)
[RESET] no improvement for30-> reset pheromones
[ITER 130] bestGlobalCost=758629.17 (feasible=YES) bestThisIter=813007.86 feasibleAnts=10 noImprove=10 (elapsed 42.0011s)
[ITER 140] bestGlobalCost=758629.17 (feasible=YES) bestThisIter=787101.52 feasibleAnts=10 noImprove=20 (elapsed 47.0573s)
[ITER 150] bestGlobalCost=758629.17 (feasible=YES) bestThisIter=761889.34 feasibleAnts=10 noImprove=30 (elapsed 52.0438s)
[RESET] no improvement for30-> reset pheromones
[ITER 160] bestGlobalCost=758629.17 (feasible=YES) bestThisIter=773823.41 feasibleAnts=10 noImprove=10 (elapsed 53.3068s)
[ITER 170] bestGlobalCost=758629.17 (feasible=YES) bestThisIter=782078.01 feasibleAnts=10 noImprove=20 (elapsed 58.1539s)
[ITER 180] bestGlobalCost=758629.17 (feasible=YES) bestThisIter=769575.55 feasibleAnts=10 noImprove=30 (elapsed 62.9838s)
[RESET] no improvement for30-> reset pheromones
4 11 12 13 22 23 24 34 46 47 
3 9 10 14 15 21 25 26 33 
69 70 79 80 81 90 91 92 102 
2 7 8 16 20 27 28 31 32 38 
43 44 49 59 60 67 83 88 
87 100 105 110 117 121 129 130 135 
106 107 108 109 118 119 120 131 132 136 
35 36 45 48 55 56 57 58 68 
72 74 75 76 84 86 95 96 97 99 
103 113 114 115 124 125 133 134 
1 5 6 17 18 19 29 30 40 
77 78 82 89 93 94 101 104 
111 112 116 122 123 126 127 128 
39 52 53 63 64 65 73 85 98 
37 41 42 50 51 54 61 62 66 71 
[SAVELOGS] evolution saved to results/logs/pr136_15_2/evolution/pr136_15_2
[SAVELOGS] best cost saved to results/logs/pr136_15_2/objectives/pr136_15_2
[SAVELOGS] best solution saved to results/logs/pr136_15_2/solutions/pr136_15_2
