[ITER 1] New best cost=780937.97 (feasible=YES, time 0.213492s)
[ITER 10] bestGlobalCost=780937.97 (feasible=YES) bestThisIter=785298.32 feasibleAnts=10 noImprove=9 (elapsed 1.06665s)
[ITER 13] New best cost=766531.84 (feasible=YES, time 1.36544s)
[ITER 15] New best cost=759624.94 (feasible=YES, time 2.53975s)
[ITER 19] New best cost=757357.82 (feasible=YES, time 6.28355s)
[ITER 20] bestGlobalCost=757357.82 (feasible=YES) bestThisIter=757357.82 feasibleAnts=10 noImprove=1 (elapsed 6.38884s)
[ITER 30] bestGlobalCost=757357.82 (feasible=YES) bestThisIter=757357.82 feasibleAnts=10 noImprove=11 (elapsed 11.0968s)
[ITER 33] New best cost=756930.55 (feasible=YES, time 11.3555s)
[ITER 40] bestGlobalCost=756930.55 (feasible=YES) bestThisIter=756930.55 feasibleAnts=10 noImprove=7 (elapsed 11.8736s)
[ITER 50] bestGlobalCost=756930.55 (feasible=YES) bestThisIter=767691.85 feasibleAnts=10 noImprove=17 (elapsed 16.6017s)
[ITER 60] bestGlobalCost=756930.55 (feasible=YES) bestThisIter=768582.62 feasibleAnts=10 noImprove=27 (elapsed 21.9456s)
[RESET] no improvement for30-> reset pheromones
[ITER 70] bestGlobalCost=756930.55 (feasible=YES) bestThisIter=785557.98 feasibleAnts=10 noImprove=7 (elapsed 22.8987s)
[ITER 80] bestGlobalCost=756930.55 (feasible=YES) bestThisIter=757967.24 feasibleAnts=10 noImprove=17 (elapsed 27.5425s)
[ITER 90] bestGlobalCost=756930.55 (feasible=YES) bestThisIter=775131.61 feasibleAnts=10 noImprove=27 (elapsed 31.9708s)
[RESET] no improvement for30-> reset pheromones
[ITER 100] bestGlobalCost=756930.55 (feasible=YES) bestThisIter=790197.36 feasibleAnts=10 noImprove=7 (elapsed 32.977s)
[ITER 110] bestGlobalCost=756930.55 (feasible=YES) bestThisIter=782555.03 feasibleAnts=10 noImprove=17 (elapsed 37.436s)
[ITER 120] bestGlobalCost=756930.55 (feasible=YES) bestThisIter=770913.52 feasibleAnts=10 noImprove=27 (elapsed 42.5418s)
[RESET] no improvement for30-> reset pheromones
[ITER 130] bestGlobalCost=756930.55 (feasible=YES) bestThisIter=785183.87 feasibleAnts=10 noImprove=7 (elapsed 43.5998s)
[ITER 140] bestGlobalCost=756930.55 (feasible=YES) bestThisIter=785771.57 feasibleAnts=10 noImprove=17 (elapsed 48.796s)
[ITER 150] bestGlobalCost=756930.55 (feasible=YES) bestThisIter=789644.79 feasibleAnts=10 noImprove=27 (elapsed 53.5666s)
[RESET] no improvement for30-> reset pheromones
[ITER 160] bestGlobalCost=756930.55 (feasible=YES) bestThisIter=802744.46 feasibleAnts=10 noImprove=7 (elapsed 54.7157s)
106 107 108 109 118 119 120 131 132 136 
111 112 116 122 123 126 127 128 
35 45 47 55 56 57 58 67 68 
1 5 6 18 19 29 30 31 38 
77 78 82 89 93 94 101 104 
37 42 50 51 54 61 62 66 71 83 
39 40 52 53 63 64 65 72 73 85 
26 43 44 48 49 59 60 88 
103 113 114 115 124 125 133 134 
74 75 76 84 86 95 96 97 98 99 
4 11 12 13 22 23 34 36 46 
2 7 8 16 17 20 27 28 32 41 
69 70 79 80 81 90 91 92 102 
3 9 10 14 15 21 24 25 33 
87 100 105 110 117 121 129 130 135 
[SAVELOGS] evolution saved to results/logs/pr136_15_2/evolution/pr136_15_2
[SAVELOGS] best cost saved to results/logs/pr136_15_2/objectives/pr136_15_2
[SAVELOGS] best solution saved to results/logs/pr136_15_2/solutions/pr136_15_2
