[ITER 1] New best cost=262727.94 (feasible=YES, time 0.0973309s)
[ITER 2] New best cost=248170.92 (feasible=YES, time 0.185958s)
[ITER 3] New best cost=247104.39 (feasible=YES, time 0.256599s)
[ITER 10] bestGlobalCost=247104.39 (feasible=YES) bestThisIter=257896.31 feasibleAnts=10 noImprove=7 (elapsed 0.7561s)
[ITER 11] New best cost=243324.40 (feasible=YES, time 0.83144s)
[ITER 12] New best cost=242755.91 (feasible=YES, time 0.887153s)
[ITER 13] New best cost=237138.19 (feasible=YES, time 0.953076s)
[ITER 20] bestGlobalCost=237138.19 (feasible=YES) bestThisIter=237138.19 feasibleAnts=12 noImprove=7 (elapsed 3.60747s)
[ITER 30] bestGlobalCost=237138.19 (feasible=YES) bestThisIter=245814.18 feasibleAnts=10 noImprove=17 (elapsed 6.97135s)
[ITER 40] bestGlobalCost=237138.19 (feasible=YES) bestThisIter=240758.86 feasibleAnts=9 noImprove=27 (elapsed 7.83173s)
[RESET] no improvement for30-> reset pheromones
[ITER 50] bestGlobalCost=237138.19 (feasible=YES) bestThisIter=257454.99 feasibleAnts=10 noImprove=7 (elapsed 10.9052s)
[ITER 60] bestGlobalCost=237138.19 (feasible=YES) bestThisIter=245251.94 feasibleAnts=10 noImprove=17 (elapsed 14.0092s)
[ITER 70] bestGlobalCost=237138.19 (feasible=YES) bestThisIter=237629.33 feasibleAnts=9 noImprove=27 (elapsed 14.6996s)
[RESET] no improvement for30-> reset pheromones
[ITER 80] bestGlobalCost=237138.19 (feasible=YES) bestThisIter=272651.88 feasibleAnts=10 noImprove=7 (elapsed 18.1849s)
[ITER 90] bestGlobalCost=237138.19 (feasible=YES) bestThisIter=246811.29 feasibleAnts=10 noImprove=17 (elapsed 21.6423s)
[ITER 100] bestGlobalCost=237138.19 (feasible=YES) bestThisIter=253684.60 feasibleAnts=10 noImprove=27 (elapsed 22.4047s)
[RESET] no improvement for30-> reset pheromones
[ITER 110] bestGlobalCost=237138.19 (feasible=YES) bestThisIter=257711.87 feasibleAnts=10 noImprove=7 (elapsed 25.7353s)
[ITER 120] bestGlobalCost=237138.19 (feasible=YES) bestThisIter=256524.80 feasibleAnts=10 noImprove=17 (elapsed 29.1068s)
[ITER 130] bestGlobalCost=237138.19 (feasible=YES) bestThisIter=251860.47 feasibleAnts=10 noImprove=27 (elapsed 29.8052s)
[RESET] no improvement for30-> reset pheromones
[ITER 140] bestGlobalCost=237138.19 (feasible=YES) bestThisIter=261037.80 feasibleAnts=10 noImprove=7 (elapsed 33.0835s)
[ITER 150] bestGlobalCost=237138.19 (feasible=YES) bestThisIter=242719.59 feasibleAnts=8 noImprove=17 (elapsed 36.5895s)
[ITER 160] bestGlobalCost=237138.19 (feasible=YES) bestThisIter=241913.97 feasibleAnts=10 noImprove=27 (elapsed 37.3857s)
[RESET] no improvement for30-> reset pheromones
[ITER 170] bestGlobalCost=237138.19 (feasible=YES) bestThisIter=260004.90 feasibleAnts=10 noImprove=7 (elapsed 40.5078s)
[ITER 180] bestGlobalCost=237138.19 (feasible=YES) bestThisIter=248120.52 feasibleAnts=10 noImprove=17 (elapsed 44.1246s)
[ITER 190] bestGlobalCost=237138.19 (feasible=YES) bestThisIter=253799.08 feasibleAnts=10 noImprove=27 (elapsed 44.876s)
[RESET] no improvement for30-> reset pheromones
[ITER 200] bestGlobalCost=237138.19 (feasible=YES) bestThisIter=261630.20 feasibleAnts=10 noImprove=7 (elapsed 47.9324s)
[ITER 210] bestGlobalCost=237138.19 (feasible=YES) bestThisIter=240902.34 feasibleAnts=10 noImprove=17 (elapsed 51.4463s)
[ITER 220] bestGlobalCost=237138.19 (feasible=YES) bestThisIter=245000.59 feasibleAnts=10 noImprove=27 (elapsed 52.2785s)
[RESET] no improvement for30-> reset pheromones
[ITER 230] bestGlobalCost=237138.19 (feasible=YES) bestThisIter=248844.25 feasibleAnts=10 noImprove=7 (elapsed 55.4041s)
[ITER 240] bestGlobalCost=237138.19 (feasible=YES) bestThisIter=244922.27 feasibleAnts=10 noImprove=17 (elapsed 58.4836s)
[ITER 250] bestGlobalCost=237138.19 (feasible=YES) bestThisIter=242756.96 feasibleAnts=10 noImprove=27 (elapsed 59.1289s)
[RESET] no improvement for30-> reset pheromones
2 19 30 35 48 51 56 62 87 92 100 
31 45 57 65 68 72 76 78 80 99 
14 15 16 54 59 63 64 69 77 
11 17 22 32 49 70 90 94 97 98 
6 18 25 33 40 82 83 85 86 96 
9 10 12 20 21 26 28 47 55 95 
1 34 38 46 50 52 66 74 81 89 
3 4 5 37 43 44 53 60 71 93 
7 8 23 29 36 42 58 61 67 75 
13 24 27 39 41 73 79 84 88 91 
[SAVELOGS] evolution saved to results/logs/kroD100_10_4/evolution/kroD100_10_4
[SAVELOGS] best cost saved to results/logs/kroD100_10_4/objectives/kroD100_10_4
[SAVELOGS] best solution saved to results/logs/kroD100_10_4/solutions/kroD100_10_4
