[ITER 1] New best cost=8063693.45 (feasible=NO, time 0.240314s)
[ITER 1] New best cost=8086346.47 (feasible=YES, time 0.24511s)
[ITER 2] New best cost=8083002.38 (feasible=YES, time 0.316994s)
[ITER 8] New best cost=8056264.39 (feasible=YES, time 1.32378s)
[ITER 10] bestGlobalCost=8056264.39 (feasible=YES) bestThisIter=8083002.38 feasibleAnts=33 noImprove=2 (elapsed 2.04963s)
[ITER 11] New best cost=8045337.39 (feasible=YES, time 2.14266s)
[ITER 12] New best cost=8004658.27 (feasible=YES, time 2.23985s)
[ITER 20] bestGlobalCost=8004658.27 (feasible=YES) bestThisIter=8097416.29 feasibleAnts=17 noImprove=8 (elapsed 4.12028s)
[ITER 27] New best cost=8000441.88 (feasible=YES, time 5.43325s)
[ITER 30] bestGlobalCost=8000441.88 (feasible=YES) bestThisIter=8004658.27 feasibleAnts=23 noImprove=3 (elapsed 6.19723s)
[ITER 40] bestGlobalCost=8000441.88 (feasible=YES) bestThisIter=8012419.46 feasibleAnts=17 noImprove=13 (elapsed 8.27596s)
[ITER 50] bestGlobalCost=8000441.88 (feasible=YES) bestThisIter=8008469.66 feasibleAnts=10 noImprove=23 (elapsed 10.78s)
[ITER 60] bestGlobalCost=8000441.88 (feasible=YES) bestThisIter=8008127.60 feasibleAnts=7 noImprove=33 (elapsed 13.3411s)
[ITER 70] bestGlobalCost=8000441.88 (feasible=YES) bestThisIter=8026324.07 feasibleAnts=6 noImprove=43 (elapsed 16.0072s)
[RESET] no improvement for50-> reset pheromones
[ITER 80] bestGlobalCost=8000441.88 (feasible=YES) bestThisIter=8006648.46 feasibleAnts=6 noImprove=3 (elapsed 18.8475s)
[ITER 90] bestGlobalCost=8000441.88 (feasible=YES) bestThisIter=8012419.46 feasibleAnts=12 noImprove=13 (elapsed 21.3934s)
[ITER 100] bestGlobalCost=8000441.88 (feasible=YES) bestThisIter=8016955.63 feasibleAnts=13 noImprove=23 (elapsed 23.9304s)
[ITER 110] bestGlobalCost=8000441.88 (feasible=YES) bestThisIter=8006313.37 feasibleAnts=11 noImprove=33 (elapsed 26.5273s)
[ITER 120] bestGlobalCost=8000441.88 (feasible=YES) bestThisIter=8030404.20 feasibleAnts=12 noImprove=43 (elapsed 29.3296s)
[RESET] no improvement for50-> reset pheromones
[ITER 130] bestGlobalCost=8000441.88 (feasible=YES) bestThisIter=8037851.20 feasibleAnts=12 noImprove=3 (elapsed 32.1796s)
[ITER 140] bestGlobalCost=8000441.88 (feasible=YES) bestThisIter=8029944.76 feasibleAnts=8 noImprove=13 (elapsed 34.7369s)
[ITER 150] bestGlobalCost=8000441.88 (feasible=YES) bestThisIter=8009386.30 feasibleAnts=10 noImprove=23 (elapsed 37.2859s)
[ITER 155] New best cost=7993696.96 (feasible=YES, time 38.6469s)
[ITER 160] bestGlobalCost=7993696.96 (feasible=YES) bestThisIter=8069567.95 feasibleAnts=20 noImprove=5 (elapsed 39.6317s)
[ITER 170] bestGlobalCost=7993696.96 (feasible=YES) bestThisIter=8018641.35 feasibleAnts=21 noImprove=15 (elapsed 41.6547s)
[ITER 176] New best cost=7986400.51 (feasible=YES, time 43.0843s)
[ITER 180] bestGlobalCost=7986400.51 (feasible=YES) bestThisIter=7986008.27 feasibleAnts=10 noImprove=4 (elapsed 44.0478s)
[ITER 190] bestGlobalCost=7986400.51 (feasible=YES) bestThisIter=7996526.01 feasibleAnts=8 noImprove=14 (elapsed 46.1469s)
[ITER 200] bestGlobalCost=7986400.51 (feasible=YES) bestThisIter=8012717.62 feasibleAnts=7 noImprove=24 (elapsed 48.6789s)
[ITER 210] bestGlobalCost=7986400.51 (feasible=YES) bestThisIter=8032130.27 feasibleAnts=11 noImprove=34 (elapsed 51.2483s)
[ITER 220] bestGlobalCost=7986400.51 (feasible=YES) bestThisIter=8024453.45 feasibleAnts=11 noImprove=44 (elapsed 53.8964s)
[RESET] no improvement for50-> reset pheromones
[ITER 230] bestGlobalCost=7986400.51 (feasible=YES) bestThisIter=8024596.00 feasibleAnts=11 noImprove=4 (elapsed 56.7833s)
[ITER 240] bestGlobalCost=7986400.51 (feasible=YES) bestThisIter=8026418.58 feasibleAnts=10 noImprove=14 (elapsed 59.5139s)
[ITER 250] bestGlobalCost=7986400.51 (feasible=YES) bestThisIter=8021236.25 feasibleAnts=7 noImprove=24 (elapsed 62.1104s)
[ITER 260] bestGlobalCost=7986400.51 (feasible=YES) bestThisIter=8006081.09 feasibleAnts=4 noImprove=34 (elapsed 64.7619s)
[ITER 270] bestGlobalCost=7986400.51 (feasible=YES) bestThisIter=8040458.99 feasibleAnts=7 noImprove=44 (elapsed 67.5227s)
[RESET] no improvement for50-> reset pheromones
[ITER 280] bestGlobalCost=7986400.51 (feasible=YES) bestThisIter=7986008.27 feasibleAnts=7 noImprove=4 (elapsed 70.4242s)
[ITER 290] bestGlobalCost=7986400.51 (feasible=YES) bestThisIter=8014595.03 feasibleAnts=8 noImprove=14 (elapsed 73.0125s)
[ITER 300] bestGlobalCost=7986400.51 (feasible=YES) bestThisIter=7998878.52 feasibleAnts=13 noImprove=24 (elapsed 75.6326s)
[ITER 310] bestGlobalCost=7986400.51 (feasible=YES) bestThisIter=7992488.39 feasibleAnts=10 noImprove=34 (elapsed 78.2254s)
[ITER 320] bestGlobalCost=7986400.51 (feasible=YES) bestThisIter=8011026.86 feasibleAnts=8 noImprove=44 (elapsed 80.9814s)
[RESET] no improvement for50-> reset pheromones
[ITER 330] bestGlobalCost=7986400.51 (feasible=YES) bestThisIter=7996144.36 feasibleAnts=7 noImprove=4 (elapsed 83.8041s)
[ITER 340] bestGlobalCost=7986400.51 (feasible=YES) bestThisIter=8003756.17 feasibleAnts=11 noImprove=14 (elapsed 86.2968s)
[ITER 350] bestGlobalCost=7986400.51 (feasible=YES) bestThisIter=8011026.86 feasibleAnts=9 noImprove=24 (elapsed 88.8493s)
[ITER 360] bestGlobalCost=7986400.51 (feasible=YES) bestThisIter=8011026.86 feasibleAnts=11 noImprove=34 (elapsed 91.4479s)
[ITER 370] bestGlobalCost=7986400.51 (feasible=YES) bestThisIter=7992787.49 feasibleAnts=8 noImprove=44 (elapsed 94.2237s)
[RESET] no improvement for50-> reset pheromones
[ITER 380] bestGlobalCost=7986400.51 (feasible=YES) bestThisIter=8011026.86 feasibleAnts=9 noImprove=4 (elapsed 97.1281s)
[ITER 390] bestGlobalCost=7986400.51 (feasible=YES) bestThisIter=8011204.17 feasibleAnts=12 noImprove=14 (elapsed 99.6715s)
[ITER 400] bestGlobalCost=7986400.51 (feasible=YES) bestThisIter=8026004.69 feasibleAnts=10 noImprove=24 (elapsed 102.205s)
[ITER 410] bestGlobalCost=7986400.51 (feasible=YES) bestThisIter=7988584.04 feasibleAnts=10 noImprove=34 (elapsed 104.824s)
[ITER 420] bestGlobalCost=7986400.51 (feasible=YES) bestThisIter=8007268.95 feasibleAnts=9 noImprove=44 (elapsed 108.04s)
[RESET] no improvement for50-> reset pheromones
[ITER 430] bestGlobalCost=7986400.51 (feasible=YES) bestThisIter=7996144.36 feasibleAnts=11 noImprove=4 (elapsed 111.431s)
[ITER 440] bestGlobalCost=7986400.51 (feasible=YES) bestThisIter=8006081.09 feasibleAnts=11 noImprove=14 (elapsed 114.057s)
[ITER 450] bestGlobalCost=7986400.51 (feasible=YES) bestThisIter=8011026.86 feasibleAnts=10 noImprove=24 (elapsed 116.555s)
[ITER 460] bestGlobalCost=7986400.51 (feasible=YES) bestThisIter=7986008.27 feasibleAnts=7 noImprove=34 (elapsed 119.205s)
[ITER 470] bestGlobalCost=7986400.51 (feasible=YES) bestThisIter=8035001.11 feasibleAnts=11 noImprove=44 (elapsed 122.006s)
[RESET] no improvement for50-> reset pheromones
[ITER 480] bestGlobalCost=7986400.51 (feasible=YES) bestThisIter=8017191.82 feasibleAnts=7 noImprove=4 (elapsed 124.911s)
[ITER 490] bestGlobalCost=7986400.51 (feasible=YES) bestThisIter=8003756.17 feasibleAnts=9 noImprove=14 (elapsed 127.453s)
[ITER 500] bestGlobalCost=7986400.51 (feasible=YES) bestThisIter=8007620.52 feasibleAnts=11 noImprove=24 (elapsed 129.992s)
[ITER 510] bestGlobalCost=7986400.51 (feasible=YES) bestThisIter=8017459.43 feasibleAnts=10 noImprove=34 (elapsed 132.62s)
[ITER 520] bestGlobalCost=7986400.51 (feasible=YES) bestThisIter=8003420.31 feasibleAnts=8 noImprove=44 (elapsed 135.358s)
[RESET] no improvement for50-> reset pheromones
[ITER 530] bestGlobalCost=7986400.51 (feasible=YES) bestThisIter=8020962.45 feasibleAnts=9 noImprove=4 (elapsed 138.194s)
[ITER 540] bestGlobalCost=7986400.51 (feasible=YES) bestThisIter=8020885.07 feasibleAnts=9 noImprove=14 (elapsed 140.692s)
[ITER 550] bestGlobalCost=7986400.51 (feasible=YES) bestThisIter=8034815.71 feasibleAnts=12 noImprove=24 (elapsed 143.272s)
[ITER 560] bestGlobalCost=7986400.51 (feasible=YES) bestThisIter=8015755.67 feasibleAnts=7 noImprove=34 (elapsed 145.783s)
[ITER 570] bestGlobalCost=7986400.51 (feasible=YES) bestThisIter=7992787.49 feasibleAnts=10 noImprove=44 (elapsed 148.544s)
[RESET] no improvement for50-> reset pheromones
[ITER 580] bestGlobalCost=7986400.51 (feasible=YES) bestThisIter=8020894.01 feasibleAnts=11 noImprove=4 (elapsed 151.515s)
[ITER 590] bestGlobalCost=7986400.51 (feasible=YES) bestThisIter=8018348.46 feasibleAnts=13 noImprove=14 (elapsed 154.13s)
[ITER 600] bestGlobalCost=7986400.51 (feasible=YES) bestThisIter=8005204.16 feasibleAnts=7 noImprove=24 (elapsed 156.76s)
[ITER 610] bestGlobalCost=7986400.51 (feasible=YES) bestThisIter=8012565.94 feasibleAnts=12 noImprove=34 (elapsed 159.477s)
[ITER 620] bestGlobalCost=7986400.51 (feasible=YES) bestThisIter=7998201.27 feasibleAnts=9 noImprove=44 (elapsed 162.3s)
[RESET] no improvement for50-> reset pheromones
[ITER 630] bestGlobalCost=7986400.51 (feasible=YES) bestThisIter=8014864.40 feasibleAnts=10 noImprove=4 (elapsed 165.242s)
[ITER 640] bestGlobalCost=7986400.51 (feasible=YES) bestThisIter=7986008.27 feasibleAnts=11 noImprove=14 (elapsed 167.872s)
[ITER 650] bestGlobalCost=7986400.51 (feasible=YES) bestThisIter=7993696.96 feasibleAnts=10 noImprove=24 (elapsed 170.45s)
[ITER 660] bestGlobalCost=7986400.51 (feasible=YES) bestThisIter=8029583.72 feasibleAnts=10 noImprove=34 (elapsed 173.061s)
[ITER 670] bestGlobalCost=7986400.51 (feasible=YES) bestThisIter=8031206.68 feasibleAnts=6 noImprove=44 (elapsed 175.87s)
[RESET] no improvement for50-> reset pheromones
[ITER 680] bestGlobalCost=7986400.51 (feasible=YES) bestThisIter=7986008.27 feasibleAnts=9 noImprove=4 (elapsed 178.697s)
[ITER 690] bestGlobalCost=7986400.51 (feasible=YES) bestThisIter=7993159.02 feasibleAnts=13 noImprove=14 (elapsed 181.202s)
[ITER 700] bestGlobalCost=7986400.51 (feasible=YES) bestThisIter=8006081.09 feasibleAnts=6 noImprove=24 (elapsed 183.864s)
[ITER 710] bestGlobalCost=7986400.51 (feasible=YES) bestThisIter=7988584.04 feasibleAnts=12 noImprove=34 (elapsed 186.588s)
[ITER 720] bestGlobalCost=7986400.51 (feasible=YES) bestThisIter=8016726.73 feasibleAnts=8 noImprove=44 (elapsed 189.301s)
[RESET] no improvement for50-> reset pheromones
[ITER 730] bestGlobalCost=7986400.51 (feasible=YES) bestThisIter=8011026.86 feasibleAnts=8 noImprove=4 (elapsed 192.118s)
[ITER 740] bestGlobalCost=7986400.51 (feasible=YES) bestThisIter=8004628.88 feasibleAnts=12 noImprove=14 (elapsed 194.706s)
[ITER 750] bestGlobalCost=7986400.51 (feasible=YES) bestThisIter=8041282.94 feasibleAnts=8 noImprove=24 (elapsed 197.283s)
[ITER 760] bestGlobalCost=7986400.51 (feasible=YES) bestThisIter=8016541.49 feasibleAnts=6 noImprove=34 (elapsed 199.911s)
[ITER 770] bestGlobalCost=7986400.51 (feasible=YES) bestThisIter=8012905.97 feasibleAnts=8 noImprove=44 (elapsed 202.681s)
[RESET] no improvement for50-> reset pheromones
[ITER 780] bestGlobalCost=7986400.51 (feasible=YES) bestThisIter=8018735.51 feasibleAnts=10 noImprove=4 (elapsed 205.511s)
[ITER 790] bestGlobalCost=7986400.51 (feasible=YES) bestThisIter=8013731.59 feasibleAnts=10 noImprove=14 (elapsed 208.06s)
[ITER 800] bestGlobalCost=7986400.51 (feasible=YES) bestThisIter=8024097.95 feasibleAnts=13 noImprove=24 (elapsed 210.57s)
[ITER 810] bestGlobalCost=7986400.51 (feasible=YES) bestThisIter=7992787.49 feasibleAnts=11 noImprove=34 (elapsed 213.211s)
[ITER 820] bestGlobalCost=7986400.51 (feasible=YES) bestThisIter=8018253.09 feasibleAnts=9 noImprove=44 (elapsed 215.959s)
[RESET] no improvement for50-> reset pheromones
[ITER 830] bestGlobalCost=7986400.51 (feasible=YES) bestThisIter=8033254.39 feasibleAnts=11 noImprove=4 (elapsed 218.89s)
[ITER 840] bestGlobalCost=7986400.51 (feasible=YES) bestThisIter=8000441.88 feasibleAnts=10 noImprove=14 (elapsed 221.485s)
[ITER 850] bestGlobalCost=7986400.51 (feasible=YES) bestThisIter=8007722.64 feasibleAnts=5 noImprove=24 (elapsed 224.021s)
[ITER 860] bestGlobalCost=7986400.51 (feasible=YES) bestThisIter=8010413.15 feasibleAnts=10 noImprove=34 (elapsed 226.733s)
[ITER 870] bestGlobalCost=7986400.51 (feasible=YES) bestThisIter=8001037.48 feasibleAnts=9 noImprove=44 (elapsed 229.526s)
[RESET] no improvement for50-> reset pheromones
[ITER 880] bestGlobalCost=7986400.51 (feasible=YES) bestThisIter=8007161.03 feasibleAnts=10 noImprove=4 (elapsed 232.453s)
[ITER 890] bestGlobalCost=7986400.51 (feasible=YES) bestThisIter=8012409.79 feasibleAnts=9 noImprove=14 (elapsed 234.982s)
[ITER 900] bestGlobalCost=7986400.51 (feasible=YES) bestThisIter=8022374.74 feasibleAnts=11 noImprove=24 (elapsed 237.62s)
[ITER 910] bestGlobalCost=7986400.51 (feasible=YES) bestThisIter=8007996.77 feasibleAnts=9 noImprove=34 (elapsed 240.25s)
[ITER 920] bestGlobalCost=7986400.51 (feasible=YES) bestThisIter=8004155.23 feasibleAnts=10 noImprove=44 (elapsed 242.979s)
[RESET] no improvement for50-> reset pheromones
[ITER 930] bestGlobalCost=7986400.51 (feasible=YES) bestThisIter=7992488.39 feasibleAnts=10 noImprove=4 (elapsed 245.884s)
[ITER 940] bestGlobalCost=7986400.51 (feasible=YES) bestThisIter=8024829.91 feasibleAnts=10 noImprove=14 (elapsed 248.504s)
[ITER 950] bestGlobalCost=7986400.51 (feasible=YES) bestThisIter=8008703.52 feasibleAnts=9 noImprove=24 (elapsed 251.124s)
[ITER 960] bestGlobalCost=7986400.51 (feasible=YES) bestThisIter=7988584.04 feasibleAnts=11 noImprove=34 (elapsed 253.679s)
[ITER 970] bestGlobalCost=7986400.51 (feasible=YES) bestThisIter=8014366.47 feasibleAnts=9 noImprove=44 (elapsed 256.433s)
[RESET] no improvement for50-> reset pheromones
[ITER 980] bestGlobalCost=7986400.51 (feasible=YES) bestThisIter=7999509.15 feasibleAnts=10 noImprove=4 (elapsed 259.28s)
[ITER 990] bestGlobalCost=7986400.51 (feasible=YES) bestThisIter=8036663.79 feasibleAnts=9 noImprove=14 (elapsed 261.845s)
[ITER 1000] bestGlobalCost=7986400.51 (feasible=YES) bestThisIter=8012959.07 feasibleAnts=10 noImprove=24 (elapsed 264.376s)
165 166 170 171 174 175 179 180 186 192 193 195 199 200 203 204 205 266 269 271 272 273 274 275 276 277 278 279 280 281 282 283 284 285 286 287 288 289 290 291 292 293 294 295 296 297 298 299 300 301 302 303 304 305 306 307 308 309 310 311 312 315 318 
61 63 65 66 67 68 69 70 71 72 74 75 76 77 78 79 80 81 82 84 85 86 87 88 89 90 91 92 93 94 95 96 97 98 99 100 101 102 172 173 176 177 178 181 182 183 184 185 187 188 189 190 191 194 196 197 198 201 202 206 207 
1 2 3 4 6 7 8 9 10 11 12 14 15 16 17 18 19 20 21 22 23 24 25 26 27 28 29 30 31 32 33 36 37 39 40 41 42 43 44 45 46 47 48 49 50 51 52 53 54 55 56 57 58 59 62 64 73 83 103 104 105 316 317 
5 13 34 35 38 60 106 107 108 109 110 111 112 113 114 115 116 117 120 121 122 123 124 125 126 127 128 129 130 131 132 133 134 135 136 137 138 139 141 142 145 146 147 148 149 150 151 152 153 154 155 156 157 158 159 160 161 162 163 164 167 168 169 208 209 210 
118 119 140 143 144 211 212 213 214 215 216 217 218 219 220 221 222 223 224 225 226 227 228 229 230 231 232 233 234 235 236 237 238 239 240 241 242 243 244 245 246 247 248 249 250 251 252 253 254 255 256 257 258 259 260 261 262 263 264 265 267 268 270 313 314 
[SAVELOGS] evolution saved to results/logs/aco_logs/evolution/lin318_05_3.txt
[SAVELOGS] best cost saved to results/logs/aco_logs/objectives/lin318_05_3.txt
[SAVELOGS] best solution saved to results/logs/aco_logs/solutions/lin318_05_3.txt
