[ITER 1] New best cost=5919284.98 (feasible=YES, time 2.97787s)
[ITER 2] New best cost=5330737.58 (feasible=YES, time 10.1676s)
[ITER 3] New best cost=5252881.46 (feasible=YES, time 18.9024s)
[ITER 4] New best cost=5196152.33 (feasible=YES, time 27.0822s)
[ITER 6] New best cost=5133438.04 (feasible=YES, time 40.876s)
[ITER 10] bestGlobalCost=5133438.04 (feasible=YES) bestThisIter=5169546.79 feasibleAnts=9 noImprove=4 (elapsed 82.4696s)
[ITER 15] New best cost=5085551.85 (feasible=YES, time 120.739s)
[ITER 20] bestGlobalCost=5085551.85 (feasible=YES) bestThisIter=5160219.69 feasibleAnts=10 noImprove=5 (elapsed 171.32s)
[ITER 30] bestGlobalCost=5085551.85 (feasible=YES) bestThisIter=5158912.53 feasibleAnts=10 noImprove=15 (elapsed 263.835s)
[ITER 40] bestGlobalCost=5085551.85 (feasible=YES) bestThisIter=5219073.30 feasibleAnts=10 noImprove=25 (elapsed 344.704s)
[ITER 45] New best cost=5084114.57 (feasible=YES, time 373.805s)
[ITER 48] New best cost=5079766.59 (feasible=YES, time 391.785s)
[ITER 50] [TS] New best cost=5053781.42 (feasible=YES, time 407.81s)
[ITER 50] bestGlobalCost=5053781.42 (feasible=YES) bestThisIter=5053781.42 feasibleAnts=10 noImprove=1 (elapsed 417.949s)
[ITER 60] bestGlobalCost=5053781.42 (feasible=YES) bestThisIter=5127076.34 feasibleAnts=10 noImprove=11 (elapsed 499.199s)
[ITER 68] New best cost=5052573.11 (feasible=YES, time 553.972s)
[ITER 70] bestGlobalCost=5052573.11 (feasible=YES) bestThisIter=5179327.78 feasibleAnts=10 noImprove=2 (elapsed 580.041s)
[ITER 73] New best cost=5022026.12 (feasible=YES, time 602.439s)
[ITER 80] bestGlobalCost=5022026.12 (feasible=YES) bestThisIter=5109738.57 feasibleAnts=10 noImprove=7 (elapsed 664.486s)
[ITER 84] New best cost=5019379.20 (feasible=YES, time 687.717s)
[ITER 90] bestGlobalCost=5019379.20 (feasible=YES) bestThisIter=5115247.68 feasibleAnts=10 noImprove=6 (elapsed 744.034s)
[ITER 93] New best cost=5013860.38 (feasible=YES, time 764.368s)
[ITER 96] New best cost=5012179.72 (feasible=YES, time 782.903s)
[ITER 100] bestGlobalCost=5012179.72 (feasible=YES) bestThisIter=5140203.13 feasibleAnts=10 noImprove=4 (elapsed 824.698s)
[ITER 110] bestGlobalCost=5012179.72 (feasible=YES) bestThisIter=5170973.10 feasibleAnts=7 noImprove=14 (elapsed 904.358s)
[ITER 120] bestGlobalCost=5012179.72 (feasible=YES) bestThisIter=5061532.30 feasibleAnts=9 noImprove=24 (elapsed 986.107s)
[RESET] no improvement for30-> reset pheromones
[ITER 130] bestGlobalCost=5012179.72 (feasible=YES) bestThisIter=5208297.53 feasibleAnts=10 noImprove=4 (elapsed 1065.02s)
[ITER 140] bestGlobalCost=5012179.72 (feasible=YES) bestThisIter=5078464.69 feasibleAnts=10 noImprove=14 (elapsed 1143.17s)
[ITER 150] bestGlobalCost=5012179.72 (feasible=YES) bestThisIter=5123231.79 feasibleAnts=9 noImprove=24 (elapsed 1226.93s)
[RESET] no improvement for30-> reset pheromones
[ITER 160] bestGlobalCost=5012179.72 (feasible=YES) bestThisIter=5131426.10 feasibleAnts=10 noImprove=4 (elapsed 1302.13s)
[ITER 170] bestGlobalCost=5012179.72 (feasible=YES) bestThisIter=5121393.28 feasibleAnts=10 noImprove=14 (elapsed 1384.49s)
[ITER 180] bestGlobalCost=5012179.72 (feasible=YES) bestThisIter=5154663.20 feasibleAnts=10 noImprove=24 (elapsed 1460.97s)
[RESET] no improvement for30-> reset pheromones
175 201 209 210 211 212 214 244 245 246 247 248 249 251 252 253 254 255 256 257 261 316 
1 2 3 5 12 38 41 42 44 45 46 47 50 51 52 53 54 80 82 187 356 
18 19 20 21 22 23 24 25 64 65 66 67 68 69 70 71 89 90 92 93 94 109 117 
348 374 383 403 406 408 409 410 411 412 413 420 422 423 424 425 426 427 430 432 433 434 
194 219 220 221 234 235 236 237 238 239 240 265 266 267 268 303 304 305 306 307 308 324 326 
231 232 286 287 288 289 290 291 340 345 346 347 349 350 351 352 353 354 357 359 376 377 
149 230 284 341 371 372 373 375 379 381 382 384 389 391 392 393 394 395 396 397 398 399 407 
26 27 28 29 31 63 72 74 88 91 100 102 104 105 106 107 108 110 113 114 144 145 
111 184 185 190 191 222 223 224 233 269 270 271 272 273 274 275 277 296 300 301 302 333 
101 103 115 116 118 119 120 122 139 140 142 143 146 148 150 151 152 153 154 156 161 215 
138 141 155 157 158 159 160 176 178 179 180 181 182 183 192 193 195 196 197 198 199 216 217 218 
83 84 85 186 188 225 226 227 228 229 280 281 282 283 285 342 343 344 435 436 437 438 439 
4 6 7 8 9 10 11 13 14 15 16 33 36 37 39 40 43 48 49 55 81 
292 293 295 355 358 360 366 367 368 370 378 380 385 386 390 414 415 419 421 
95 96 97 98 99 121 123 124 125 126 127 128 129 130 131 132 134 135 136 137 164 177 
241 242 243 258 259 260 262 263 264 309 310 311 312 313 314 315 318 319 320 321 322 
317 323 325 327 328 330 387 388 400 401 402 404 405 416 417 418 428 429 431 
133 162 163 165 166 167 168 169 170 171 172 173 174 200 202 203 204 205 206 207 208 213 250 
276 278 279 294 297 298 299 329 331 332 334 335 336 337 338 339 361 362 363 364 365 369 
17 30 32 34 35 56 57 58 59 60 61 62 73 75 76 77 78 79 86 87 112 147 189 
[SAVELOGS] evolution saved to results/logs/aco_logs/evolution/pr439_20_5.txt
[SAVELOGS] best cost saved to results/logs/aco_logs/objectives/pr439_20_5.txt
[SAVELOGS] best solution saved to results/logs/aco_logs/solutions/pr439_20_5.txt
