[ITER 1] New best cost=166815.42 (feasible=YES, time 0.306577s)
[ITER 2] New best cost=166453.91 (feasible=YES, time 0.502845s)
[ITER 3] New best cost=166250.47 (feasible=YES, time 0.732087s)
[ITER 5] New best cost=166178.40 (feasible=YES, time 1.16939s)
[ITER 10] bestGlobalCost=166178.40 (feasible=YES) bestThisIter=166254.70 feasibleAnts=26 noImprove=5 (elapsed 2.24388s)
[ITER 12] New best cost=166159.22 (feasible=YES, time 2.76136s)
[ITER 16] New best cost=166084.91 (feasible=YES, time 3.5994s)
[ITER 20] bestGlobalCost=166084.91 (feasible=YES) bestThisIter=166192.10 feasibleAnts=25 noImprove=4 (elapsed 4.41998s)
[ITER 23] New best cost=165946.56 (feasible=YES, time 5.05037s)
[ITER 30] bestGlobalCost=165946.56 (feasible=YES) bestThisIter=166084.91 feasibleAnts=17 noImprove=7 (elapsed 6.45711s)
[ITER 40] bestGlobalCost=165946.56 (feasible=YES) bestThisIter=166057.67 feasibleAnts=10 noImprove=17 (elapsed 8.8174s)
[ITER 50] bestGlobalCost=165946.56 (feasible=YES) bestThisIter=166489.59 feasibleAnts=10 noImprove=27 (elapsed 11.2623s)
[ITER 60] bestGlobalCost=165946.56 (feasible=YES) bestThisIter=166443.82 feasibleAnts=10 noImprove=37 (elapsed 13.9038s)
[ITER 70] bestGlobalCost=165946.56 (feasible=YES) bestThisIter=166443.80 feasibleAnts=10 noImprove=47 (elapsed 16.5027s)
[RESET] no improvement for50-> reset pheromones
[ITER 79] New best cost=165866.03 (feasible=YES, time 18.7104s)
[ITER 80] bestGlobalCost=165866.03 (feasible=YES) bestThisIter=165946.56 feasibleAnts=21 noImprove=1 (elapsed 18.8904s)
[ITER 89] New best cost=165800.42 (feasible=YES, time 20.7252s)
[ITER 90] bestGlobalCost=165800.42 (feasible=YES) bestThisIter=165866.03 feasibleAnts=16 noImprove=1 (elapsed 21.0215s)
[ITER 100] bestGlobalCost=165800.42 (feasible=YES) bestThisIter=166215.41 feasibleAnts=12 noImprove=11 (elapsed 23.2427s)
[ITER 110] bestGlobalCost=165800.42 (feasible=YES) bestThisIter=165929.82 feasibleAnts=12 noImprove=21 (elapsed 25.6434s)
[ITER 120] bestGlobalCost=165800.42 (feasible=YES) bestThisIter=166512.36 feasibleAnts=10 noImprove=31 (elapsed 28.2842s)
[ITER 130] bestGlobalCost=165800.42 (feasible=YES) bestThisIter=166447.79 feasibleAnts=12 noImprove=41 (elapsed 30.8885s)
[RESET] no improvement for50-> reset pheromones
[ITER 140] bestGlobalCost=165800.42 (feasible=YES) bestThisIter=166330.37 feasibleAnts=10 noImprove=1 (elapsed 33.7504s)
[ITER 150] bestGlobalCost=165800.42 (feasible=YES) bestThisIter=166061.55 feasibleAnts=16 noImprove=11 (elapsed 35.9074s)
[ITER 160] bestGlobalCost=165800.42 (feasible=YES) bestThisIter=166431.59 feasibleAnts=12 noImprove=21 (elapsed 38.3055s)
[ITER 170] bestGlobalCost=165800.42 (feasible=YES) bestThisIter=166375.38 feasibleAnts=10 noImprove=31 (elapsed 40.7322s)
[ITER 180] bestGlobalCost=165800.42 (feasible=YES) bestThisIter=166563.06 feasibleAnts=11 noImprove=41 (elapsed 43.225s)
[RESET] no improvement for50-> reset pheromones
[ITER 190] bestGlobalCost=165800.42 (feasible=YES) bestThisIter=166836.95 feasibleAnts=10 noImprove=1 (elapsed 46.0432s)
[ITER 200] bestGlobalCost=165800.42 (feasible=YES) bestThisIter=166153.86 feasibleAnts=11 noImprove=11 (elapsed 48.2545s)
[ITER 210] bestGlobalCost=165800.42 (feasible=YES) bestThisIter=166527.65 feasibleAnts=14 noImprove=21 (elapsed 50.7005s)
[ITER 220] bestGlobalCost=165800.42 (feasible=YES) bestThisIter=166047.73 feasibleAnts=11 noImprove=31 (elapsed 53.3056s)
[ITER 230] bestGlobalCost=165800.42 (feasible=YES) bestThisIter=165990.75 feasibleAnts=10 noImprove=41 (elapsed 55.902s)
[RESET] no improvement for50-> reset pheromones
[ITER 240] bestGlobalCost=165800.42 (feasible=YES) bestThisIter=166635.33 feasibleAnts=10 noImprove=1 (elapsed 58.5822s)
[ITER 250] bestGlobalCost=165800.42 (feasible=YES) bestThisIter=165801.70 feasibleAnts=14 noImprove=11 (elapsed 60.8048s)
[ITER 260] bestGlobalCost=165800.42 (feasible=YES) bestThisIter=165801.70 feasibleAnts=11 noImprove=21 (elapsed 63.1831s)
[ITER 270] bestGlobalCost=165800.42 (feasible=YES) bestThisIter=166480.43 feasibleAnts=12 noImprove=31 (elapsed 65.7712s)
[ITER 280] bestGlobalCost=165800.42 (feasible=YES) bestThisIter=166420.51 feasibleAnts=11 noImprove=41 (elapsed 68.3004s)
[RESET] no improvement for50-> reset pheromones
[ITER 290] bestGlobalCost=165800.42 (feasible=YES) bestThisIter=166782.59 feasibleAnts=10 noImprove=1 (elapsed 70.9409s)
[ITER 300] bestGlobalCost=165800.42 (feasible=YES) bestThisIter=165997.02 feasibleAnts=14 noImprove=11 (elapsed 73.0782s)
[ITER 310] bestGlobalCost=165800.42 (feasible=YES) bestThisIter=166382.12 feasibleAnts=16 noImprove=21 (elapsed 75.5425s)
[ITER 320] bestGlobalCost=165800.42 (feasible=YES) bestThisIter=166364.69 feasibleAnts=11 noImprove=31 (elapsed 77.9733s)
[ITER 330] bestGlobalCost=165800.42 (feasible=YES) bestThisIter=166367.60 feasibleAnts=10 noImprove=41 (elapsed 80.5439s)
[RESET] no improvement for50-> reset pheromones
[ITER 340] bestGlobalCost=165800.42 (feasible=YES) bestThisIter=166396.21 feasibleAnts=10 noImprove=1 (elapsed 83.1123s)
[ITER 343] New best cost=165787.11 (feasible=YES, time 83.7146s)
[ITER 349] New best cost=165772.27 (feasible=YES, time 85.2s)
[ITER 350] bestGlobalCost=165772.27 (feasible=YES) bestThisIter=165787.11 feasibleAnts=20 noImprove=1 (elapsed 85.4156s)
[ITER 360] bestGlobalCost=165772.27 (feasible=YES) bestThisIter=165936.43 feasibleAnts=12 noImprove=11 (elapsed 87.7236s)
[ITER 370] bestGlobalCost=165772.27 (feasible=YES) bestThisIter=165911.12 feasibleAnts=13 noImprove=21 (elapsed 90.1728s)
[ITER 380] bestGlobalCost=165772.27 (feasible=YES) bestThisIter=166017.10 feasibleAnts=11 noImprove=31 (elapsed 92.645s)
[ITER 390] bestGlobalCost=165772.27 (feasible=YES) bestThisIter=166358.66 feasibleAnts=12 noImprove=41 (elapsed 95.3415s)
[RESET] no improvement for50-> reset pheromones
[ITER 400] bestGlobalCost=165772.27 (feasible=YES) bestThisIter=166825.59 feasibleAnts=11 noImprove=1 (elapsed 98.1557s)
[ITER 410] bestGlobalCost=165772.27 (feasible=YES) bestThisIter=165898.90 feasibleAnts=12 noImprove=11 (elapsed 100.206s)
[ITER 420] bestGlobalCost=165772.27 (feasible=YES) bestThisIter=165893.30 feasibleAnts=10 noImprove=21 (elapsed 102.736s)
[ITER 430] bestGlobalCost=165772.27 (feasible=YES) bestThisIter=166155.91 feasibleAnts=11 noImprove=31 (elapsed 105.247s)
[ITER 440] bestGlobalCost=165772.27 (feasible=YES) bestThisIter=166450.48 feasibleAnts=10 noImprove=41 (elapsed 107.779s)
[RESET] no improvement for50-> reset pheromones
[ITER 450] bestGlobalCost=165772.27 (feasible=YES) bestThisIter=166801.70 feasibleAnts=10 noImprove=1 (elapsed 110.486s)
[ITER 460] bestGlobalCost=165772.27 (feasible=YES) bestThisIter=166017.10 feasibleAnts=14 noImprove=11 (elapsed 112.683s)
[ITER 470] bestGlobalCost=165772.27 (feasible=YES) bestThisIter=166217.77 feasibleAnts=14 noImprove=21 (elapsed 115.147s)
[ITER 480] bestGlobalCost=165772.27 (feasible=YES) bestThisIter=166504.70 feasibleAnts=10 noImprove=31 (elapsed 117.653s)
[ITER 490] bestGlobalCost=165772.27 (feasible=YES) bestThisIter=166583.41 feasibleAnts=12 noImprove=41 (elapsed 120.209s)
[RESET] no improvement for50-> reset pheromones
[ITER 500] bestGlobalCost=165772.27 (feasible=YES) bestThisIter=166635.33 feasibleAnts=10 noImprove=1 (elapsed 123.031s)
[ITER 510] bestGlobalCost=165772.27 (feasible=YES) bestThisIter=165801.70 feasibleAnts=13 noImprove=11 (elapsed 125.127s)
[ITER 520] bestGlobalCost=165772.27 (feasible=YES) bestThisIter=165923.10 feasibleAnts=11 noImprove=21 (elapsed 127.418s)
[ITER 530] bestGlobalCost=165772.27 (feasible=YES) bestThisIter=166505.53 feasibleAnts=11 noImprove=31 (elapsed 129.885s)
[ITER 540] bestGlobalCost=165772.27 (feasible=YES) bestThisIter=166084.91 feasibleAnts=12 noImprove=41 (elapsed 132.44s)
[RESET] no improvement for50-> reset pheromones
[ITER 550] bestGlobalCost=165772.27 (feasible=YES) bestThisIter=166624.52 feasibleAnts=10 noImprove=1 (elapsed 135.203s)
[ITER 560] bestGlobalCost=165772.27 (feasible=YES) bestThisIter=165828.36 feasibleAnts=18 noImprove=11 (elapsed 137.322s)
[ITER 570] bestGlobalCost=165772.27 (feasible=YES) bestThisIter=166486.03 feasibleAnts=12 noImprove=21 (elapsed 139.657s)
[ITER 580] bestGlobalCost=165772.27 (feasible=YES) bestThisIter=165850.50 feasibleAnts=10 noImprove=31 (elapsed 142.153s)
[ITER 590] bestGlobalCost=165772.27 (feasible=YES) bestThisIter=166503.37 feasibleAnts=11 noImprove=41 (elapsed 144.825s)
[RESET] no improvement for50-> reset pheromones
[ITER 600] bestGlobalCost=165772.27 (feasible=YES) bestThisIter=166992.60 feasibleAnts=11 noImprove=1 (elapsed 147.442s)
[ITER 610] bestGlobalCost=165772.27 (feasible=YES) bestThisIter=166071.58 feasibleAnts=13 noImprove=11 (elapsed 149.453s)
[ITER 620] bestGlobalCost=165772.27 (feasible=YES) bestThisIter=166069.70 feasibleAnts=14 noImprove=21 (elapsed 151.864s)
[ITER 630] bestGlobalCost=165772.27 (feasible=YES) bestThisIter=165988.26 feasibleAnts=12 noImprove=31 (elapsed 154.355s)
[ITER 640] bestGlobalCost=165772.27 (feasible=YES) bestThisIter=166493.51 feasibleAnts=10 noImprove=41 (elapsed 156.983s)
[RESET] no improvement for50-> reset pheromones
[ITER 650] bestGlobalCost=165772.27 (feasible=YES) bestThisIter=166387.55 feasibleAnts=10 noImprove=1 (elapsed 159.79s)
[ITER 660] bestGlobalCost=165772.27 (feasible=YES) bestThisIter=165936.43 feasibleAnts=16 noImprove=11 (elapsed 161.813s)
[ITER 670] bestGlobalCost=165772.27 (feasible=YES) bestThisIter=165929.82 feasibleAnts=11 noImprove=21 (elapsed 164.135s)
[ITER 680] bestGlobalCost=165772.27 (feasible=YES) bestThisIter=166124.95 feasibleAnts=15 noImprove=31 (elapsed 166.616s)
[ITER 690] bestGlobalCost=165772.27 (feasible=YES) bestThisIter=166448.65 feasibleAnts=10 noImprove=41 (elapsed 169.233s)
[RESET] no improvement for50-> reset pheromones
[ITER 700] bestGlobalCost=165772.27 (feasible=YES) bestThisIter=166666.36 feasibleAnts=10 noImprove=1 (elapsed 171.83s)
[ITER 710] bestGlobalCost=165772.27 (feasible=YES) bestThisIter=166084.91 feasibleAnts=17 noImprove=11 (elapsed 173.966s)
[ITER 720] bestGlobalCost=165772.27 (feasible=YES) bestThisIter=166379.07 feasibleAnts=11 noImprove=21 (elapsed 176.505s)
[ITER 730] bestGlobalCost=165772.27 (feasible=YES) bestThisIter=166982.88 feasibleAnts=10 noImprove=31 (elapsed 179.007s)
[ITER 740] bestGlobalCost=165772.27 (feasible=YES) bestThisIter=166660.74 feasibleAnts=10 noImprove=41 (elapsed 181.503s)
[RESET] no improvement for50-> reset pheromones
[ITER 750] bestGlobalCost=165772.27 (feasible=YES) bestThisIter=166680.90 feasibleAnts=10 noImprove=1 (elapsed 184.099s)
[ITER 760] bestGlobalCost=165772.27 (feasible=YES) bestThisIter=166009.42 feasibleAnts=12 noImprove=11 (elapsed 186.118s)
[ITER 770] bestGlobalCost=165772.27 (feasible=YES) bestThisIter=165997.83 feasibleAnts=11 noImprove=21 (elapsed 188.355s)
[ITER 780] bestGlobalCost=165772.27 (feasible=YES) bestThisIter=166151.72 feasibleAnts=12 noImprove=31 (elapsed 190.709s)
[ITER 790] bestGlobalCost=165772.27 (feasible=YES) bestThisIter=166373.94 feasibleAnts=12 noImprove=41 (elapsed 193.337s)
[RESET] no improvement for50-> reset pheromones
[ITER 800] bestGlobalCost=165772.27 (feasible=YES) bestThisIter=166404.58 feasibleAnts=10 noImprove=1 (elapsed 196.154s)
[ITER 810] bestGlobalCost=165772.27 (feasible=YES) bestThisIter=166167.73 feasibleAnts=15 noImprove=11 (elapsed 198.247s)
[ITER 820] bestGlobalCost=165772.27 (feasible=YES) bestThisIter=166322.57 feasibleAnts=12 noImprove=21 (elapsed 200.542s)
[ITER 830] bestGlobalCost=165772.27 (feasible=YES) bestThisIter=166140.34 feasibleAnts=13 noImprove=31 (elapsed 203.043s)
[ITER 840] bestGlobalCost=165772.27 (feasible=YES) bestThisIter=166395.50 feasibleAnts=12 noImprove=41 (elapsed 205.596s)
[RESET] no improvement for50-> reset pheromones
[ITER 850] bestGlobalCost=165772.27 (feasible=YES) bestThisIter=166604.70 feasibleAnts=10 noImprove=1 (elapsed 208.18s)
[ITER 860] bestGlobalCost=165772.27 (feasible=YES) bestThisIter=166017.10 feasibleAnts=14 noImprove=11 (elapsed 210.365s)
[ITER 870] bestGlobalCost=165772.27 (feasible=YES) bestThisIter=166100.31 feasibleAnts=11 noImprove=21 (elapsed 212.736s)
[ITER 880] bestGlobalCost=165772.27 (feasible=YES) bestThisIter=166332.53 feasibleAnts=13 noImprove=31 (elapsed 215.241s)
[ITER 890] bestGlobalCost=165772.27 (feasible=YES) bestThisIter=166145.74 feasibleAnts=11 noImprove=41 (elapsed 217.795s)
[RESET] no improvement for50-> reset pheromones
[ITER 900] bestGlobalCost=165772.27 (feasible=YES) bestThisIter=166929.80 feasibleAnts=10 noImprove=1 (elapsed 220.362s)
[ITER 910] bestGlobalCost=165772.27 (feasible=YES) bestThisIter=166017.10 feasibleAnts=12 noImprove=11 (elapsed 222.428s)
[ITER 920] bestGlobalCost=165772.27 (feasible=YES) bestThisIter=165968.87 feasibleAnts=15 noImprove=21 (elapsed 224.88s)
[ITER 930] bestGlobalCost=165772.27 (feasible=YES) bestThisIter=166437.23 feasibleAnts=11 noImprove=31 (elapsed 227.449s)
[ITER 940] bestGlobalCost=165772.27 (feasible=YES) bestThisIter=166047.73 feasibleAnts=10 noImprove=41 (elapsed 230.139s)
[RESET] no improvement for50-> reset pheromones
[ITER 950] bestGlobalCost=165772.27 (feasible=YES) bestThisIter=166124.95 feasibleAnts=10 noImprove=1 (elapsed 232.69s)
[ITER 960] bestGlobalCost=165772.27 (feasible=YES) bestThisIter=166001.59 feasibleAnts=14 noImprove=11 (elapsed 234.879s)
[ITER 970] bestGlobalCost=165772.27 (feasible=YES) bestThisIter=166397.65 feasibleAnts=10 noImprove=21 (elapsed 237.348s)
[ITER 980] bestGlobalCost=165772.27 (feasible=YES) bestThisIter=166506.16 feasibleAnts=11 noImprove=31 (elapsed 239.646s)
[ITER 989] New best cost=165766.81 (feasible=YES, time 241.911s)
[ITER 990] bestGlobalCost=165766.81 (feasible=YES) bestThisIter=165772.27 feasibleAnts=21 noImprove=1 (elapsed 242.112s)
[ITER 998] New best cost=165652.46 (feasible=YES, time 243.783s)
[ITER 1000] bestGlobalCost=165652.46 (feasible=YES) bestThisIter=165766.81 feasibleAnts=30 noImprove=2 (elapsed 244.181s)
[ITER 1002] New best cost=165621.02 (feasible=YES, time 244.566s)
[ITER 1003] New best cost=165455.85 (feasible=YES, time 244.753s)
[ITER 1010] bestGlobalCost=165455.85 (feasible=YES) bestThisIter=165824.78 feasibleAnts=18 noImprove=7 (elapsed 246.096s)
[ITER 1020] bestGlobalCost=165455.85 (feasible=YES) bestThisIter=165967.22 feasibleAnts=13 noImprove=17 (elapsed 248.28s)
[ITER 1030] bestGlobalCost=165455.85 (feasible=YES) bestThisIter=165831.97 feasibleAnts=10 noImprove=27 (elapsed 250.725s)
[ITER 1040] bestGlobalCost=165455.85 (feasible=YES) bestThisIter=165834.79 feasibleAnts=13 noImprove=37 (elapsed 253.631s)
[ITER 1050] bestGlobalCost=165455.85 (feasible=YES) bestThisIter=166069.79 feasibleAnts=11 noImprove=47 (elapsed 256.189s)
[RESET] no improvement for50-> reset pheromones
[ITER 1060] bestGlobalCost=165455.85 (feasible=YES) bestThisIter=165750.42 feasibleAnts=19 noImprove=7 (elapsed 258.673s)
[ITER 1070] bestGlobalCost=165455.85 (feasible=YES) bestThisIter=165870.85 feasibleAnts=10 noImprove=17 (elapsed 260.892s)
[ITER 1080] bestGlobalCost=165455.85 (feasible=YES) bestThisIter=166168.12 feasibleAnts=12 noImprove=27 (elapsed 263.493s)
[ITER 1090] bestGlobalCost=165455.85 (feasible=YES) bestThisIter=166266.70 feasibleAnts=10 noImprove=37 (elapsed 266.336s)
[ITER 1100] bestGlobalCost=165455.85 (feasible=YES) bestThisIter=166139.20 feasibleAnts=11 noImprove=47 (elapsed 269.221s)
[RESET] no improvement for50-> reset pheromones
[ITER 1110] bestGlobalCost=165455.85 (feasible=YES) bestThisIter=166050.95 feasibleAnts=19 noImprove=7 (elapsed 271.581s)
[ITER 1120] bestGlobalCost=165455.85 (feasible=YES) bestThisIter=165869.58 feasibleAnts=13 noImprove=17 (elapsed 273.844s)
[ITER 1130] bestGlobalCost=165455.85 (feasible=YES) bestThisIter=165741.97 feasibleAnts=12 noImprove=27 (elapsed 276.546s)
[ITER 1140] bestGlobalCost=165455.85 (feasible=YES) bestThisIter=166017.13 feasibleAnts=10 noImprove=37 (elapsed 279.342s)
[ITER 1150] bestGlobalCost=165455.85 (feasible=YES) bestThisIter=166467.01 feasibleAnts=11 noImprove=47 (elapsed 282.102s)
[RESET] no improvement for50-> reset pheromones
[ITER 1160] bestGlobalCost=165455.85 (feasible=YES) bestThisIter=165870.85 feasibleAnts=18 noImprove=7 (elapsed 284.645s)
[ITER 1170] bestGlobalCost=165455.85 (feasible=YES) bestThisIter=165776.35 feasibleAnts=12 noImprove=17 (elapsed 286.96s)
[ITER 1180] bestGlobalCost=165455.85 (feasible=YES) bestThisIter=166032.51 feasibleAnts=12 noImprove=27 (elapsed 289.611s)
[ITER 1190] bestGlobalCost=165455.85 (feasible=YES) bestThisIter=166240.99 feasibleAnts=13 noImprove=37 (elapsed 292.501s)
[ITER 1200] bestGlobalCost=165455.85 (feasible=YES) bestThisIter=166447.96 feasibleAnts=12 noImprove=47 (elapsed 295.204s)
[RESET] no improvement for50-> reset pheromones
[ITER 1210] bestGlobalCost=165455.85 (feasible=YES) bestThisIter=165750.42 feasibleAnts=17 noImprove=7 (elapsed 297.698s)
[ITER 1220] bestGlobalCost=165455.85 (feasible=YES) bestThisIter=165972.36 feasibleAnts=10 noImprove=17 (elapsed 300.069s)
1 3 4 5 6 7 8 9 10 11 12 13 14 23 26 28 37 55 68 77 82 85 86 93 94 100 103 112 217 218 224 225 226 227 228 229 
2 15 16 17 18 19 20 21 22 24 25 27 30 33 36 51 52 53 54 56 57 58 59 60 61 62 63 64 65 66 67 69 70 71 72 73 74 75 76 78 79 80 81 83 84 87 88 89 90 91 92 
39 40 41 42 43 44 45 46 47 48 49 50 163 164 165 167 168 170 172 173 174 175 176 177 178 179 180 181 182 183 184 185 186 187 188 189 190 191 192 193 194 195 196 197 198 199 
29 31 32 34 35 38 95 96 97 98 99 101 102 104 105 106 107 108 109 110 111 113 114 115 116 117 118 119 120 121 122 123 124 125 126 127 128 129 130 131 132 133 134 137 138 140 142 166 169 171 
135 136 139 141 143 144 145 146 147 148 149 150 151 152 153 154 155 156 157 158 159 160 161 162 200 201 202 203 204 205 206 207 208 209 210 211 212 213 214 215 216 219 220 221 222 223 
[SAVELOGS] evolution saved to results/logs/aco_logs/evolution/gr229_05_2.txt
[SAVELOGS] best cost saved to results/logs/aco_logs/objectives/gr229_05_2.txt
[SAVELOGS] best solution saved to results/logs/aco_logs/solutions/gr229_05_2.txt
