[ITER 1] New best cost=268783.15 (feasible=YES, time 0.152218s)
[ITER 2] New best cost=250109.01 (feasible=YES, time 0.276457s)
[ITER 4] New best cost=245540.59 (feasible=YES, time 0.459255s)
[ITER 9] New best cost=245240.22 (feasible=YES, time 0.914226s)
[ITER 10] bestGlobalCost=245240.22 (feasible=YES) bestThisIter=245540.59 feasibleAnts=11 noImprove=1 (elapsed 0.976212s)
[ITER 12] New best cost=243139.40 (feasible=YES, time 1.1362s)
[ITER 13] New best cost=242416.21 (feasible=YES, time 1.19527s)
[ITER 15] New best cost=240121.58 (feasible=YES, time 1.8684s)
[ITER 15] New best cost=239433.65 (feasible=YES, time 2.39203s)
[ITER 18] New best cost=237764.56 (feasible=YES, time 4.13102s)
[ITER 19] New best cost=237741.53 (feasible=YES, time 4.17597s)
[ITER 20] bestGlobalCost=237741.53 (feasible=YES) bestThisIter=238979.23 feasibleAnts=10 noImprove=1 (elapsed 4.25108s)
[ITER 24] New best cost=236365.61 (feasible=YES, time 4.4993s)
[ITER 30] bestGlobalCost=236365.61 (feasible=YES) bestThisIter=236365.61 feasibleAnts=10 noImprove=6 (elapsed 7.4289s)
[ITER 40] bestGlobalCost=236365.61 (feasible=YES) bestThisIter=237764.56 feasibleAnts=10 noImprove=16 (elapsed 8.14462s)
[ITER 50] bestGlobalCost=236365.61 (feasible=YES) bestThisIter=236365.61 feasibleAnts=10 noImprove=26 (elapsed 12.2419s)
[RESET] no improvement for30-> reset pheromones
[ITER 60] bestGlobalCost=236365.61 (feasible=YES) bestThisIter=249872.21 feasibleAnts=10 noImprove=6 (elapsed 15.893s)
[ITER 70] bestGlobalCost=236365.61 (feasible=YES) bestThisIter=238979.23 feasibleAnts=10 noImprove=16 (elapsed 16.8541s)
[ITER 80] bestGlobalCost=236365.61 (feasible=YES) bestThisIter=239525.89 feasibleAnts=10 noImprove=26 (elapsed 21.1066s)
[RESET] no improvement for30-> reset pheromones
[ITER 90] bestGlobalCost=236365.61 (feasible=YES) bestThisIter=249002.95 feasibleAnts=10 noImprove=6 (elapsed 24.6341s)
[ITER 100] bestGlobalCost=236365.61 (feasible=YES) bestThisIter=239003.70 feasibleAnts=10 noImprove=16 (elapsed 25.8294s)
[ITER 110] bestGlobalCost=236365.61 (feasible=YES) bestThisIter=246751.20 feasibleAnts=10 noImprove=26 (elapsed 29.8277s)
[RESET] no improvement for30-> reset pheromones
[ITER 120] bestGlobalCost=236365.61 (feasible=YES) bestThisIter=253637.41 feasibleAnts=10 noImprove=6 (elapsed 33.4095s)
[ITER 129] New best cost=235693.37 (feasible=YES, time 34.2484s)
[ITER 130] bestGlobalCost=235693.37 (feasible=YES) bestThisIter=236365.61 feasibleAnts=30 noImprove=1 (elapsed 34.3108s)
[ITER 140] bestGlobalCost=235693.37 (feasible=YES) bestThisIter=235693.37 feasibleAnts=10 noImprove=11 (elapsed 37.815s)
[ITER 150] bestGlobalCost=235693.37 (feasible=YES) bestThisIter=235693.37 feasibleAnts=10 noImprove=21 (elapsed 41.7655s)
[RESET] no improvement for30-> reset pheromones
[ITER 160] bestGlobalCost=235693.37 (feasible=YES) bestThisIter=264485.88 feasibleAnts=10 noImprove=1 (elapsed 42.8272s)
[ITER 170] bestGlobalCost=235693.37 (feasible=YES) bestThisIter=267373.62 feasibleAnts=10 noImprove=11 (elapsed 46.8525s)
[ITER 180] bestGlobalCost=235693.37 (feasible=YES) bestThisIter=242388.05 feasibleAnts=10 noImprove=21 (elapsed 50.7341s)
[RESET] no improvement for30-> reset pheromones
[ITER 190] bestGlobalCost=235693.37 (feasible=YES) bestThisIter=270615.31 feasibleAnts=10 noImprove=1 (elapsed 51.6571s)
[ITER 200] bestGlobalCost=235693.37 (feasible=YES) bestThisIter=242387.20 feasibleAnts=10 noImprove=11 (elapsed 55.9081s)
[ITER 210] bestGlobalCost=235693.37 (feasible=YES) bestThisIter=247698.40 feasibleAnts=10 noImprove=21 (elapsed 59.6369s)
16 18 54 63 64 71 77 86 91 96 
3 14 20 25 43 59 82 83 85 
4 6 40 44 48 53 55 60 93 
15 24 27 39 41 69 73 79 84 88 
7 29 36 42 46 58 61 67 74 75 
31 33 45 57 65 68 72 76 78 80 99 
2 5 19 30 35 37 51 62 92 100 
9 10 12 21 26 28 47 56 87 95 
1 11 13 17 34 50 52 66 81 97 
8 22 23 32 38 49 70 89 90 94 98 
[SAVELOGS] evolution saved to results/logs/kroD100_10_5/evolution/kroD100_10_5
[SAVELOGS] best cost saved to results/logs/kroD100_10_5/objectives/kroD100_10_5
[SAVELOGS] best solution saved to results/logs/kroD100_10_5/solutions/kroD100_10_5
