[ITER 1] New best cost=251255.69 (feasible=YES, time 0.177663s)
[ITER 2] New best cost=244223.71 (feasible=YES, time 0.265862s)
[ITER 3] New best cost=242882.54 (feasible=YES, time 0.332925s)
[ITER 4] New best cost=242053.06 (feasible=YES, time 0.466366s)
[ITER 5] New best cost=240531.81 (feasible=YES, time 0.566541s)
[ITER 6] New best cost=238415.01 (feasible=YES, time 0.641013s)
[ITER 10] New best cost=236649.47 (feasible=YES, time 0.999224s)
[ITER 10] bestGlobalCost=236649.47 (feasible=YES) bestThisIter=236649.47 feasibleAnts=10 noImprove=0 (elapsed 1.00317s)
[ITER 14] New best cost=236411.42 (feasible=YES, time 1.37731s)
[ITER 15] New best cost=235908.28 (feasible=YES, time 3.72038s)
[ITER 18] New best cost=234677.77 (feasible=YES, time 4.40248s)
[ITER 20] bestGlobalCost=234677.77 (feasible=YES) bestThisIter=234677.77 feasibleAnts=10 noImprove=2 (elapsed 4.53961s)
[ITER 30] bestGlobalCost=234677.77 (feasible=YES) bestThisIter=234677.77 feasibleAnts=10 noImprove=12 (elapsed 7.95343s)
[ITER 40] bestGlobalCost=234677.77 (feasible=YES) bestThisIter=242895.48 feasibleAnts=10 noImprove=22 (elapsed 8.87514s)
[RESET] no improvement for30-> reset pheromones
[ITER 50] bestGlobalCost=234677.77 (feasible=YES) bestThisIter=255068.56 feasibleAnts=10 noImprove=2 (elapsed 12.6266s)
[ITER 60] bestGlobalCost=234677.77 (feasible=YES) bestThisIter=247274.17 feasibleAnts=10 noImprove=12 (elapsed 16.7144s)
[ITER 70] bestGlobalCost=234677.77 (feasible=YES) bestThisIter=241801.83 feasibleAnts=10 noImprove=22 (elapsed 17.6764s)
[RESET] no improvement for30-> reset pheromones
[ITER 80] bestGlobalCost=234677.77 (feasible=YES) bestThisIter=239302.59 feasibleAnts=10 noImprove=2 (elapsed 21.1943s)
[ITER 90] bestGlobalCost=234677.77 (feasible=YES) bestThisIter=252742.91 feasibleAnts=9 noImprove=12 (elapsed 24.8546s)
[ITER 100] bestGlobalCost=234677.77 (feasible=YES) bestThisIter=236562.03 feasibleAnts=9 noImprove=22 (elapsed 25.611s)
[RESET] no improvement for30-> reset pheromones
[ITER 110] bestGlobalCost=234677.77 (feasible=YES) bestThisIter=238741.57 feasibleAnts=9 noImprove=2 (elapsed 29.8951s)
[ITER 120] bestGlobalCost=234677.77 (feasible=YES) bestThisIter=246655.46 feasibleAnts=10 noImprove=12 (elapsed 33.6182s)
[ITER 130] bestGlobalCost=234677.77 (feasible=YES) bestThisIter=246265.31 feasibleAnts=10 noImprove=22 (elapsed 34.4902s)
[RESET] no improvement for30-> reset pheromones
[ITER 140] bestGlobalCost=234677.77 (feasible=YES) bestThisIter=252098.92 feasibleAnts=10 noImprove=2 (elapsed 37.8472s)
[ITER 150] bestGlobalCost=234677.77 (feasible=YES) bestThisIter=251083.37 feasibleAnts=10 noImprove=12 (elapsed 41.5003s)
[ITER 160] bestGlobalCost=234677.77 (feasible=YES) bestThisIter=251674.33 feasibleAnts=10 noImprove=22 (elapsed 42.3003s)
[RESET] no improvement for30-> reset pheromones
[ITER 170] bestGlobalCost=234677.77 (feasible=YES) bestThisIter=253630.41 feasibleAnts=10 noImprove=2 (elapsed 46.5142s)
[ITER 180] bestGlobalCost=234677.77 (feasible=YES) bestThisIter=248166.47 feasibleAnts=10 noImprove=12 (elapsed 50.1328s)
[ITER 190] bestGlobalCost=234677.77 (feasible=YES) bestThisIter=251545.35 feasibleAnts=10 noImprove=22 (elapsed 50.9988s)
[RESET] no improvement for30-> reset pheromones
[ITER 200] bestGlobalCost=234677.77 (feasible=YES) bestThisIter=243495.22 feasibleAnts=10 noImprove=2 (elapsed 55.1206s)
[ITER 210] bestGlobalCost=234677.77 (feasible=YES) bestThisIter=235687.36 feasibleAnts=10 noImprove=12 (elapsed 58.9553s)
[ITER 220] bestGlobalCost=234677.77 (feasible=YES) bestThisIter=238623.54 feasibleAnts=10 noImprove=22 (elapsed 59.9188s)
7 29 36 42 46 58 61 67 74 75 
4 18 43 53 54 71 77 91 93 
3 14 16 59 64 69 82 85 86 96 
11 22 32 49 52 70 90 94 97 98 
13 15 24 27 39 41 63 73 84 88 
5 6 20 25 40 55 60 83 92 
9 10 12 21 26 28 47 56 87 95 
1 8 17 23 34 38 50 66 79 81 89 
31 33 45 57 65 68 72 76 78 80 99 
2 19 30 35 37 44 48 51 62 100 
[SAVELOGS] evolution saved to results/logs/kroD100_10_5/evolution/kroD100_10_5
[SAVELOGS] best cost saved to results/logs/kroD100_10_5/objectives/kroD100_10_5
[SAVELOGS] best solution saved to results/logs/kroD100_10_5/solutions/kroD100_10_5
