[ITER 1] New best cost=978468.48 (feasible=YES, time 1.34185s)
[ITER 3] New best cost=970793.82 (feasible=YES, time 1.49337s)
[ITER 4] New best cost=964271.53 (feasible=YES, time 1.57921s)
[ITER 5] New best cost=963024.21 (feasible=YES, time 1.65359s)
[ITER 10] bestGlobalCost=963024.21 (feasible=YES) bestThisIter=960366.44 feasibleAnts=9 noImprove=5 (elapsed 1.96639s)
[ITER 11] New best cost=962475.12 (feasible=YES, time 3.32213s)
[ITER 16] New best cost=957150.78 (feasible=YES, time 3.61715s)
[ITER 20] New best cost=956113.26 (feasible=YES, time 3.88129s)
[ITER 20] bestGlobalCost=956113.26 (feasible=YES) bestThisIter=951319.40 feasibleAnts=8 noImprove=0 (elapsed 3.88586s)
[ITER 22] New best cost=946430.10 (feasible=YES, time 5.21605s)
[ITER 26] New best cost=940263.88 (feasible=YES, time 5.46915s)
[ITER 30] bestGlobalCost=940263.88 (feasible=YES) bestThisIter=942975.00 feasibleAnts=6 noImprove=4 (elapsed 5.72692s)
[ITER 38] New best cost=940199.67 (feasible=YES, time 7.40726s)
[ITER 40] bestGlobalCost=940199.67 (feasible=YES) bestThisIter=939892.71 feasibleAnts=12 noImprove=2 (elapsed 7.5235s)
[ITER 50] bestGlobalCost=940199.67 (feasible=YES) bestThisIter=944779.86 feasibleAnts=11 noImprove=12 (elapsed 9.35794s)
[ITER 51] New best cost=939480.21 (feasible=YES, time 10.6586s)
[ITER 60] bestGlobalCost=939480.21 (feasible=YES) bestThisIter=937391.86 feasibleAnts=11 noImprove=9 (elapsed 11.179s)
[ITER 70] bestGlobalCost=939480.21 (feasible=YES) bestThisIter=934564.45 feasibleAnts=13 noImprove=19 (elapsed 13.001s)
[ITER 80] bestGlobalCost=939480.21 (feasible=YES) bestThisIter=950279.25 feasibleAnts=12 noImprove=29 (elapsed 15.4809s)
[ITER 90] bestGlobalCost=939480.21 (feasible=YES) bestThisIter=946923.95 feasibleAnts=12 noImprove=39 (elapsed 17.7973s)
[ITER 100] bestGlobalCost=939480.21 (feasible=YES) bestThisIter=952277.48 feasibleAnts=12 noImprove=49 (elapsed 19.6776s)
[RESET] no improvement for50-> reset pheromones
[ITER 110] bestGlobalCost=939480.21 (feasible=YES) bestThisIter=942594.71 feasibleAnts=8 noImprove=9 (elapsed 21.5427s)
[ITER 120] bestGlobalCost=939480.21 (feasible=YES) bestThisIter=947427.81 feasibleAnts=10 noImprove=19 (elapsed 23.3733s)
[ITER 130] bestGlobalCost=939480.21 (feasible=YES) bestThisIter=949464.96 feasibleAnts=10 noImprove=29 (elapsed 25.1807s)
[ITER 140] bestGlobalCost=939480.21 (feasible=YES) bestThisIter=942510.90 feasibleAnts=10 noImprove=39 (elapsed 27.0688s)
[ITER 150] bestGlobalCost=939480.21 (feasible=YES) bestThisIter=949142.37 feasibleAnts=14 noImprove=49 (elapsed 28.9729s)
[RESET] no improvement for50-> reset pheromones
[ITER 160] bestGlobalCost=939480.21 (feasible=YES) bestThisIter=939108.18 feasibleAnts=10 noImprove=9 (elapsed 30.8302s)
[ITER 170] bestGlobalCost=939480.21 (feasible=YES) bestThisIter=936866.97 feasibleAnts=11 noImprove=19 (elapsed 32.652s)
[ITER 180] bestGlobalCost=939480.21 (feasible=YES) bestThisIter=942946.80 feasibleAnts=10 noImprove=29 (elapsed 34.5461s)
[ITER 190] bestGlobalCost=939480.21 (feasible=YES) bestThisIter=946164.23 feasibleAnts=13 noImprove=39 (elapsed 36.4299s)
[ITER 200] bestGlobalCost=939480.21 (feasible=YES) bestThisIter=941782.58 feasibleAnts=13 noImprove=49 (elapsed 38.3801s)
[RESET] no improvement for50-> reset pheromones
[ITER 210] bestGlobalCost=939480.21 (feasible=YES) bestThisIter=943362.98 feasibleAnts=9 noImprove=9 (elapsed 40.2815s)
[ITER 220] bestGlobalCost=939480.21 (feasible=YES) bestThisIter=944273.89 feasibleAnts=11 noImprove=19 (elapsed 42.0995s)
[ITER 230] bestGlobalCost=939480.21 (feasible=YES) bestThisIter=949137.29 feasibleAnts=14 noImprove=29 (elapsed 43.9644s)
[ITER 240] bestGlobalCost=939480.21 (feasible=YES) bestThisIter=956108.03 feasibleAnts=14 noImprove=39 (elapsed 45.8389s)
[ITER 250] bestGlobalCost=939480.21 (feasible=YES) bestThisIter=949722.47 feasibleAnts=11 noImprove=49 (elapsed 47.748s)
[RESET] no improvement for50-> reset pheromones
[ITER 260] bestGlobalCost=939480.21 (feasible=YES) bestThisIter=949930.76 feasibleAnts=10 noImprove=9 (elapsed 49.6722s)
[ITER 270] bestGlobalCost=939480.21 (feasible=YES) bestThisIter=947499.63 feasibleAnts=12 noImprove=19 (elapsed 51.4692s)
[ITER 280] bestGlobalCost=939480.21 (feasible=YES) bestThisIter=934564.45 feasibleAnts=11 noImprove=29 (elapsed 53.3258s)
[ITER 290] bestGlobalCost=939480.21 (feasible=YES) bestThisIter=957003.39 feasibleAnts=10 noImprove=39 (elapsed 55.2115s)
[ITER 300] bestGlobalCost=939480.21 (feasible=YES) bestThisIter=950170.50 feasibleAnts=13 noImprove=49 (elapsed 57.104s)
[RESET] no improvement for50-> reset pheromones
[ITER 310] bestGlobalCost=939480.21 (feasible=YES) bestThisIter=940940.40 feasibleAnts=12 noImprove=9 (elapsed 59.0006s)
[ITER 320] bestGlobalCost=939480.21 (feasible=YES) bestThisIter=945987.73 feasibleAnts=13 noImprove=19 (elapsed 60.8306s)
[ITER 330] bestGlobalCost=939480.21 (feasible=YES) bestThisIter=947996.01 feasibleAnts=9 noImprove=29 (elapsed 62.6602s)
[ITER 340] bestGlobalCost=939480.21 (feasible=YES) bestThisIter=951203.37 feasibleAnts=10 noImprove=39 (elapsed 64.5805s)
[ITER 350] bestGlobalCost=939480.21 (feasible=YES) bestThisIter=954797.77 feasibleAnts=14 noImprove=49 (elapsed 66.5182s)
[RESET] no improvement for50-> reset pheromones
[ITER 360] bestGlobalCost=939480.21 (feasible=YES) bestThisIter=946024.67 feasibleAnts=11 noImprove=9 (elapsed 68.4284s)
[ITER 370] bestGlobalCost=939480.21 (feasible=YES) bestThisIter=945346.55 feasibleAnts=13 noImprove=19 (elapsed 70.2376s)
[ITER 380] bestGlobalCost=939480.21 (feasible=YES) bestThisIter=946437.11 feasibleAnts=13 noImprove=29 (elapsed 72.0807s)
[ITER 390] bestGlobalCost=939480.21 (feasible=YES) bestThisIter=942946.80 feasibleAnts=12 noImprove=39 (elapsed 73.9738s)
[ITER 400] bestGlobalCost=939480.21 (feasible=YES) bestThisIter=949821.59 feasibleAnts=14 noImprove=49 (elapsed 75.8904s)
[RESET] no improvement for50-> reset pheromones
[ITER 410] bestGlobalCost=939480.21 (feasible=YES) bestThisIter=946291.51 feasibleAnts=12 noImprove=9 (elapsed 77.8001s)
[ITER 420] bestGlobalCost=939480.21 (feasible=YES) bestThisIter=937391.86 feasibleAnts=9 noImprove=19 (elapsed 79.6434s)
[ITER 430] bestGlobalCost=939480.21 (feasible=YES) bestThisIter=942863.55 feasibleAnts=11 noImprove=29 (elapsed 81.5828s)
[ITER 440] bestGlobalCost=939480.21 (feasible=YES) bestThisIter=943398.10 feasibleAnts=9 noImprove=39 (elapsed 83.4559s)
[ITER 450] bestGlobalCost=939480.21 (feasible=YES) bestThisIter=947694.94 feasibleAnts=12 noImprove=49 (elapsed 85.3809s)
[RESET] no improvement for50-> reset pheromones
[ITER 460] bestGlobalCost=939480.21 (feasible=YES) bestThisIter=949822.33 feasibleAnts=12 noImprove=9 (elapsed 87.3128s)
[ITER 470] bestGlobalCost=939480.21 (feasible=YES) bestThisIter=943818.72 feasibleAnts=12 noImprove=19 (elapsed 89.1757s)
[ITER 480] bestGlobalCost=939480.21 (feasible=YES) bestThisIter=943121.48 feasibleAnts=10 noImprove=29 (elapsed 91.0155s)
[ITER 490] bestGlobalCost=939480.21 (feasible=YES) bestThisIter=942946.80 feasibleAnts=10 noImprove=39 (elapsed 92.9019s)
[ITER 500] bestGlobalCost=939480.21 (feasible=YES) bestThisIter=951149.82 feasibleAnts=12 noImprove=49 (elapsed 94.8667s)
[RESET] no improvement for50-> reset pheromones
[ITER 510] bestGlobalCost=939480.21 (feasible=YES) bestThisIter=949833.93 feasibleAnts=12 noImprove=9 (elapsed 96.7514s)
[ITER 520] bestGlobalCost=939480.21 (feasible=YES) bestThisIter=951565.86 feasibleAnts=8 noImprove=19 (elapsed 98.5921s)
[ITER 530] bestGlobalCost=939480.21 (feasible=YES) bestThisIter=940153.38 feasibleAnts=12 noImprove=29 (elapsed 100.46s)
[ITER 540] bestGlobalCost=939480.21 (feasible=YES) bestThisIter=940199.67 feasibleAnts=12 noImprove=39 (elapsed 102.301s)
[ITER 550] bestGlobalCost=939480.21 (feasible=YES) bestThisIter=945646.44 feasibleAnts=12 noImprove=49 (elapsed 104.224s)
[RESET] no improvement for50-> reset pheromones
[ITER 560] bestGlobalCost=939480.21 (feasible=YES) bestThisIter=946136.06 feasibleAnts=13 noImprove=9 (elapsed 106.122s)
[ITER 570] bestGlobalCost=939480.21 (feasible=YES) bestThisIter=939015.53 feasibleAnts=10 noImprove=19 (elapsed 107.992s)
[ITER 580] bestGlobalCost=939480.21 (feasible=YES) bestThisIter=953509.98 feasibleAnts=11 noImprove=29 (elapsed 109.867s)
[ITER 590] bestGlobalCost=939480.21 (feasible=YES) bestThisIter=941237.57 feasibleAnts=12 noImprove=39 (elapsed 111.743s)
[ITER 600] bestGlobalCost=939480.21 (feasible=YES) bestThisIter=949057.72 feasibleAnts=11 noImprove=49 (elapsed 113.644s)
[RESET] no improvement for50-> reset pheromones
[ITER 610] bestGlobalCost=939480.21 (feasible=YES) bestThisIter=937093.36 feasibleAnts=11 noImprove=9 (elapsed 115.551s)
[ITER 620] bestGlobalCost=939480.21 (feasible=YES) bestThisIter=940529.26 feasibleAnts=11 noImprove=19 (elapsed 117.442s)
[ITER 630] bestGlobalCost=939480.21 (feasible=YES) bestThisIter=943112.28 feasibleAnts=12 noImprove=29 (elapsed 119.94s)
[ITER 640] bestGlobalCost=939480.21 (feasible=YES) bestThisIter=951073.71 feasibleAnts=13 noImprove=39 (elapsed 122.127s)
[ITER 650] bestGlobalCost=939480.21 (feasible=YES) bestThisIter=949999.72 feasibleAnts=11 noImprove=49 (elapsed 124.036s)
[RESET] no improvement for50-> reset pheromones
[ITER 660] bestGlobalCost=939480.21 (feasible=YES) bestThisIter=937093.36 feasibleAnts=11 noImprove=9 (elapsed 126.009s)
[ITER 670] bestGlobalCost=939480.21 (feasible=YES) bestThisIter=954969.38 feasibleAnts=14 noImprove=19 (elapsed 127.864s)
[ITER 680] bestGlobalCost=939480.21 (feasible=YES) bestThisIter=944113.04 feasibleAnts=13 noImprove=29 (elapsed 129.746s)
[ITER 690] bestGlobalCost=939480.21 (feasible=YES) bestThisIter=934564.45 feasibleAnts=13 noImprove=39 (elapsed 131.637s)
[ITER 700] bestGlobalCost=939480.21 (feasible=YES) bestThisIter=947742.77 feasibleAnts=14 noImprove=49 (elapsed 133.543s)
[RESET] no improvement for50-> reset pheromones
[ITER 710] bestGlobalCost=939480.21 (feasible=YES) bestThisIter=944481.82 feasibleAnts=11 noImprove=9 (elapsed 135.447s)
[ITER 720] bestGlobalCost=939480.21 (feasible=YES) bestThisIter=948102.57 feasibleAnts=12 noImprove=19 (elapsed 137.289s)
[ITER 730] bestGlobalCost=939480.21 (feasible=YES) bestThisIter=941390.60 feasibleAnts=14 noImprove=29 (elapsed 139.114s)
[ITER 740] bestGlobalCost=939480.21 (feasible=YES) bestThisIter=938892.14 feasibleAnts=12 noImprove=39 (elapsed 140.962s)
[ITER 750] bestGlobalCost=939480.21 (feasible=YES) bestThisIter=945896.30 feasibleAnts=12 noImprove=49 (elapsed 142.895s)
[RESET] no improvement for50-> reset pheromones
[ITER 760] bestGlobalCost=939480.21 (feasible=YES) bestThisIter=946400.10 feasibleAnts=15 noImprove=9 (elapsed 144.85s)
[ITER 770] bestGlobalCost=939480.21 (feasible=YES) bestThisIter=952822.25 feasibleAnts=15 noImprove=19 (elapsed 146.672s)
[ITER 780] bestGlobalCost=939480.21 (feasible=YES) bestThisIter=944027.33 feasibleAnts=11 noImprove=29 (elapsed 148.522s)
[ITER 790] bestGlobalCost=939480.21 (feasible=YES) bestThisIter=955171.73 feasibleAnts=12 noImprove=39 (elapsed 150.36s)
[ITER 800] bestGlobalCost=939480.21 (feasible=YES) bestThisIter=951901.30 feasibleAnts=14 noImprove=49 (elapsed 152.322s)
[RESET] no improvement for50-> reset pheromones
[ITER 810] bestGlobalCost=939480.21 (feasible=YES) bestThisIter=947081.31 feasibleAnts=12 noImprove=9 (elapsed 154.208s)
[ITER 820] bestGlobalCost=939480.21 (feasible=YES) bestThisIter=947742.77 feasibleAnts=14 noImprove=19 (elapsed 156.084s)
[ITER 830] bestGlobalCost=939480.21 (feasible=YES) bestThisIter=934564.45 feasibleAnts=11 noImprove=29 (elapsed 157.94s)
[ITER 840] bestGlobalCost=939480.21 (feasible=YES) bestThisIter=940347.36 feasibleAnts=11 noImprove=39 (elapsed 159.822s)
[ITER 850] bestGlobalCost=939480.21 (feasible=YES) bestThisIter=951935.60 feasibleAnts=13 noImprove=49 (elapsed 161.707s)
[RESET] no improvement for50-> reset pheromones
[ITER 860] bestGlobalCost=939480.21 (feasible=YES) bestThisIter=936866.97 feasibleAnts=10 noImprove=9 (elapsed 163.596s)
[ITER 870] bestGlobalCost=939480.21 (feasible=YES) bestThisIter=946426.29 feasibleAnts=11 noImprove=19 (elapsed 165.486s)
[ITER 880] bestGlobalCost=939480.21 (feasible=YES) bestThisIter=949589.15 feasibleAnts=11 noImprove=29 (elapsed 167.339s)
[ITER 890] bestGlobalCost=939480.21 (feasible=YES) bestThisIter=945364.83 feasibleAnts=12 noImprove=39 (elapsed 169.243s)
[ITER 900] bestGlobalCost=939480.21 (feasible=YES) bestThisIter=951775.87 feasibleAnts=11 noImprove=49 (elapsed 171.135s)
[RESET] no improvement for50-> reset pheromones
[ITER 910] bestGlobalCost=939480.21 (feasible=YES) bestThisIter=938031.03 feasibleAnts=12 noImprove=9 (elapsed 173.076s)
[ITER 920] bestGlobalCost=939480.21 (feasible=YES) bestThisIter=942070.43 feasibleAnts=12 noImprove=19 (elapsed 174.925s)
[ITER 930] bestGlobalCost=939480.21 (feasible=YES) bestThisIter=951342.55 feasibleAnts=11 noImprove=29 (elapsed 176.8s)
[ITER 940] bestGlobalCost=939480.21 (feasible=YES) bestThisIter=946317.52 feasibleAnts=13 noImprove=39 (elapsed 178.686s)
[ITER 950] bestGlobalCost=939480.21 (feasible=YES) bestThisIter=946700.02 feasibleAnts=14 noImprove=49 (elapsed 180.596s)
[RESET] no improvement for50-> reset pheromones
[ITER 960] bestGlobalCost=939480.21 (feasible=YES) bestThisIter=947205.07 feasibleAnts=13 noImprove=9 (elapsed 182.497s)
[ITER 970] bestGlobalCost=939480.21 (feasible=YES) bestThisIter=942946.80 feasibleAnts=12 noImprove=19 (elapsed 184.363s)
[ITER 980] bestGlobalCost=939480.21 (feasible=YES) bestThisIter=936866.97 feasibleAnts=11 noImprove=29 (elapsed 186.259s)
[ITER 990] bestGlobalCost=939480.21 (feasible=YES) bestThisIter=958559.84 feasibleAnts=13 noImprove=39 (elapsed 188.15s)
[ITER 1000] bestGlobalCost=939480.21 (feasible=YES) bestThisIter=951705.35 feasibleAnts=11 noImprove=49 (elapsed 190.107s)
[RESET] no improvement for50-> reset pheromones
[ITER 1010] bestGlobalCost=939480.21 (feasible=YES) bestThisIter=934564.45 feasibleAnts=11 noImprove=9 (elapsed 191.976s)
[ITER 1020] bestGlobalCost=939480.21 (feasible=YES) bestThisIter=946327.01 feasibleAnts=14 noImprove=19 (elapsed 193.812s)
[ITER 1030] bestGlobalCost=939480.21 (feasible=YES) bestThisIter=955545.65 feasibleAnts=12 noImprove=29 (elapsed 195.68s)
[ITER 1040] bestGlobalCost=939480.21 (feasible=YES) bestThisIter=942011.72 feasibleAnts=15 noImprove=39 (elapsed 197.537s)
[ITER 1050] bestGlobalCost=939480.21 (feasible=YES) bestThisIter=954628.39 feasibleAnts=14 noImprove=49 (elapsed 199.479s)
[RESET] no improvement for50-> reset pheromones
[ITER 1060] bestGlobalCost=939480.21 (feasible=YES) bestThisIter=936866.97 feasibleAnts=12 noImprove=9 (elapsed 201.374s)
[ITER 1070] bestGlobalCost=939480.21 (feasible=YES) bestThisIter=947382.79 feasibleAnts=15 noImprove=19 (elapsed 203.215s)
[ITER 1080] bestGlobalCost=939480.21 (feasible=YES) bestThisIter=954350.60 feasibleAnts=14 noImprove=29 (elapsed 205.091s)
[ITER 1090] bestGlobalCost=939480.21 (feasible=YES) bestThisIter=942015.56 feasibleAnts=13 noImprove=39 (elapsed 206.972s)
[ITER 1100] bestGlobalCost=939480.21 (feasible=YES) bestThisIter=948756.79 feasibleAnts=14 noImprove=49 (elapsed 208.917s)
[RESET] no improvement for50-> reset pheromones
[ITER 1110] bestGlobalCost=939480.21 (feasible=YES) bestThisIter=941585.93 feasibleAnts=10 noImprove=9 (elapsed 210.832s)
[ITER 1120] bestGlobalCost=939480.21 (feasible=YES) bestThisIter=943418.68 feasibleAnts=11 noImprove=19 (elapsed 212.637s)
[ITER 1130] bestGlobalCost=939480.21 (feasible=YES) bestThisIter=947689.06 feasibleAnts=13 noImprove=29 (elapsed 214.5s)
[ITER 1140] bestGlobalCost=939480.21 (feasible=YES) bestThisIter=940940.40 feasibleAnts=10 noImprove=39 (elapsed 216.434s)
[ITER 1150] bestGlobalCost=939480.21 (feasible=YES) bestThisIter=949945.51 feasibleAnts=13 noImprove=49 (elapsed 218.36s)
[RESET] no improvement for50-> reset pheromones
[ITER 1160] bestGlobalCost=939480.21 (feasible=YES) bestThisIter=942946.80 feasibleAnts=14 noImprove=9 (elapsed 220.253s)
[ITER 1170] bestGlobalCost=939480.21 (feasible=YES) bestThisIter=944244.86 feasibleAnts=10 noImprove=19 (elapsed 222.066s)
[ITER 1180] bestGlobalCost=939480.21 (feasible=YES) bestThisIter=947657.24 feasibleAnts=10 noImprove=29 (elapsed 223.922s)
[ITER 1190] bestGlobalCost=939480.21 (feasible=YES) bestThisIter=947838.31 feasibleAnts=11 noImprove=39 (elapsed 225.788s)
[ITER 1200] bestGlobalCost=939480.21 (feasible=YES) bestThisIter=939814.12 feasibleAnts=11 noImprove=49 (elapsed 227.688s)
[RESET] no improvement for50-> reset pheromones
[ITER 1210] bestGlobalCost=939480.21 (feasible=YES) bestThisIter=940443.15 feasibleAnts=9 noImprove=9 (elapsed 229.608s)
[ITER 1220] bestGlobalCost=939480.21 (feasible=YES) bestThisIter=956302.22 feasibleAnts=14 noImprove=19 (elapsed 231.418s)
[ITER 1230] bestGlobalCost=939480.21 (feasible=YES) bestThisIter=957040.37 feasibleAnts=13 noImprove=29 (elapsed 233.279s)
[ITER 1240] bestGlobalCost=939480.21 (feasible=YES) bestThisIter=947156.92 feasibleAnts=14 noImprove=39 (elapsed 235.159s)
[ITER 1250] bestGlobalCost=939480.21 (feasible=YES) bestThisIter=948499.45 feasibleAnts=12 noImprove=49 (elapsed 237.074s)
[RESET] no improvement for50-> reset pheromones
[ITER 1260] bestGlobalCost=939480.21 (feasible=YES) bestThisIter=940199.67 feasibleAnts=12 noImprove=9 (elapsed 238.985s)
[ITER 1270] bestGlobalCost=939480.21 (feasible=YES) bestThisIter=947377.46 feasibleAnts=11 noImprove=19 (elapsed 240.813s)
[ITER 1280] bestGlobalCost=939480.21 (feasible=YES) bestThisIter=938031.03 feasibleAnts=9 noImprove=29 (elapsed 242.683s)
[ITER 1290] bestGlobalCost=939480.21 (feasible=YES) bestThisIter=945124.67 feasibleAnts=11 noImprove=39 (elapsed 244.559s)
[ITER 1300] bestGlobalCost=939480.21 (feasible=YES) bestThisIter=940529.26 feasibleAnts=12 noImprove=49 (elapsed 246.547s)
[RESET] no improvement for50-> reset pheromones
[ITER 1310] bestGlobalCost=939480.21 (feasible=YES) bestThisIter=946876.82 feasibleAnts=13 noImprove=9 (elapsed 248.511s)
[ITER 1320] bestGlobalCost=939480.21 (feasible=YES) bestThisIter=944848.89 feasibleAnts=11 noImprove=19 (elapsed 250.357s)
[ITER 1330] bestGlobalCost=939480.21 (feasible=YES) bestThisIter=950856.17 feasibleAnts=8 noImprove=29 (elapsed 252.221s)
[ITER 1340] bestGlobalCost=939480.21 (feasible=YES) bestThisIter=948753.15 feasibleAnts=10 noImprove=39 (elapsed 254.118s)
[ITER 1350] bestGlobalCost=939480.21 (feasible=YES) bestThisIter=948417.68 feasibleAnts=13 noImprove=49 (elapsed 256.015s)
[RESET] no improvement for50-> reset pheromones
[ITER 1360] bestGlobalCost=939480.21 (feasible=YES) bestThisIter=952477.89 feasibleAnts=14 noImprove=9 (elapsed 257.92s)
[ITER 1370] bestGlobalCost=939480.21 (feasible=YES) bestThisIter=944379.38 feasibleAnts=8 noImprove=19 (elapsed 259.77s)
[ITER 1380] bestGlobalCost=939480.21 (feasible=YES) bestThisIter=938031.03 feasibleAnts=8 noImprove=29 (elapsed 261.605s)
[ITER 1390] bestGlobalCost=939480.21 (feasible=YES) bestThisIter=953754.62 feasibleAnts=15 noImprove=39 (elapsed 263.479s)
[ITER 1400] bestGlobalCost=939480.21 (feasible=YES) bestThisIter=945530.24 feasibleAnts=14 noImprove=49 (elapsed 265.358s)
[RESET] no improvement for50-> reset pheromones
[ITER 1410] bestGlobalCost=939480.21 (feasible=YES) bestThisIter=940199.67 feasibleAnts=12 noImprove=9 (elapsed 267.285s)
[ITER 1420] bestGlobalCost=939480.21 (feasible=YES) bestThisIter=939270.03 feasibleAnts=11 noImprove=19 (elapsed 269.079s)
[ITER 1430] bestGlobalCost=939480.21 (feasible=YES) bestThisIter=942594.71 feasibleAnts=13 noImprove=29 (elapsed 270.937s)
[ITER 1440] bestGlobalCost=939480.21 (feasible=YES) bestThisIter=945670.71 feasibleAnts=11 noImprove=39 (elapsed 272.85s)
[ITER 1450] bestGlobalCost=939480.21 (feasible=YES) bestThisIter=954893.66 feasibleAnts=13 noImprove=49 (elapsed 274.786s)
[RESET] no improvement for50-> reset pheromones
[ITER 1460] bestGlobalCost=939480.21 (feasible=YES) bestThisIter=942946.80 feasibleAnts=11 noImprove=9 (elapsed 276.782s)
[ITER 1470] bestGlobalCost=939480.21 (feasible=YES) bestThisIter=936866.97 feasibleAnts=10 noImprove=19 (elapsed 278.619s)
[ITER 1480] bestGlobalCost=939480.21 (feasible=YES) bestThisIter=948670.85 feasibleAnts=11 noImprove=29 (elapsed 280.479s)
[ITER 1490] bestGlobalCost=939480.21 (feasible=YES) bestThisIter=942551.22 feasibleAnts=13 noImprove=39 (elapsed 282.399s)
[ITER 1500] bestGlobalCost=939480.21 (feasible=YES) bestThisIter=936866.97 feasibleAnts=13 noImprove=49 (elapsed 284.309s)
[RESET] no improvement for50-> reset pheromones
[ITER 1510] bestGlobalCost=939480.21 (feasible=YES) bestThisIter=934564.45 feasibleAnts=7 noImprove=9 (elapsed 286.209s)
[ITER 1520] bestGlobalCost=939480.21 (feasible=YES) bestThisIter=949038.28 feasibleAnts=14 noImprove=19 (elapsed 288.026s)
[ITER 1530] bestGlobalCost=939480.21 (feasible=YES) bestThisIter=946228.22 feasibleAnts=9 noImprove=29 (elapsed 289.908s)
[ITER 1540] bestGlobalCost=939480.21 (feasible=YES) bestThisIter=940199.67 feasibleAnts=12 noImprove=39 (elapsed 291.78s)
[ITER 1550] bestGlobalCost=939480.21 (feasible=YES) bestThisIter=952157.68 feasibleAnts=13 noImprove=49 (elapsed 293.694s)
[RESET] no improvement for50-> reset pheromones
[ITER 1560] bestGlobalCost=939480.21 (feasible=YES) bestThisIter=945066.73 feasibleAnts=9 noImprove=9 (elapsed 295.606s)
[ITER 1570] bestGlobalCost=939480.21 (feasible=YES) bestThisIter=939015.53 feasibleAnts=12 noImprove=19 (elapsed 297.426s)
[ITER 1580] bestGlobalCost=939480.21 (feasible=YES) bestThisIter=949506.09 feasibleAnts=13 noImprove=29 (elapsed 299.269s)
3 14 33 36 45 57 59 69 73 74 81 97 100 108 131 142 156 180 189 197 
17 25 28 34 38 58 75 88 90 98 103 109 114 129 141 143 146 171 200 
4 10 12 18 19 46 49 60 92 93 99 101 106 119 147 149 163 175 190 192 
5 39 43 56 71 72 83 86 105 113 130 133 137 139 148 152 176 178 185 196 
11 16 44 48 52 66 84 87 96 104 116 122 126 153 165 166 170 188 194 
2 13 30 41 47 65 68 77 80 125 128 151 158 160 161 167 177 181 187 193 
7 9 24 26 29 32 37 51 61 63 78 82 110 118 124 138 172 179 184 199 
6 8 20 22 31 42 54 55 64 67 107 112 120 127 134 135 155 157 162 183 186 
1 15 27 40 53 79 85 111 115 117 121 123 132 136 145 159 174 191 198 
21 23 35 50 62 70 76 89 91 94 95 102 140 144 150 154 164 168 169 173 182 195 
[SAVELOGS] evolution saved to results/logs/aco_logs/evolution/kroA200_10_3.txt
[SAVELOGS] best cost saved to results/logs/aco_logs/objectives/kroA200_10_3.txt
[SAVELOGS] best solution saved to results/logs/aco_logs/solutions/kroA200_10_3.txt
