[ITER 1] New best cost=7208.48 (feasible=YES, time 2.63723s)
[ITER 3] New best cost=7098.82 (feasible=YES, time 6.96216s)
[ITER 4] New best cost=7092.86 (feasible=YES, time 8.97906s)
[ITER 5] New best cost=7090.80 (feasible=YES, time 10.8286s)
[ITER 7] New best cost=7064.20 (feasible=YES, time 14.1692s)
[ITER 8] New best cost=7058.77 (feasible=YES, time 16.0052s)
[ITER 10] [TS] New best cost=7057.15 (feasible=YES, time 20.6849s)
[ITER 10] [TS] New best cost=7055.07 (feasible=YES, time 22.3818s)
[ITER 10] bestGlobalCost=7055.07 (feasible=YES) bestThisIter=7128.72 feasibleAnts=10 noImprove=1 (elapsed 24.0262s)
[ITER 14] New best cost=7032.61 (feasible=YES, time 31.6737s)
[ITER 20] [TS] New best cost=7028.38 (feasible=YES, time 44.0925s)
[ITER 20] bestGlobalCost=7028.38 (feasible=YES) bestThisIter=7028.38 feasibleAnts=10 noImprove=1 (elapsed 47.4651s)
[ITER 29] New best cost=7024.36 (feasible=YES, time 62.8779s)
[ITER 30] bestGlobalCost=7024.36 (feasible=YES) bestThisIter=7024.47 feasibleAnts=10 noImprove=1 (elapsed 68.3832s)
[ITER 34] New best cost=7014.37 (feasible=YES, time 74.6273s)
[ITER 40] bestGlobalCost=7014.37 (feasible=YES) bestThisIter=7043.29 feasibleAnts=10 noImprove=6 (elapsed 86.6507s)
[ITER 41] New best cost=7010.89 (feasible=YES, time 88.4194s)
[ITER 45] New best cost=6996.56 (feasible=YES, time 95.9629s)
[ITER 50] [TS] New best cost=6982.66 (feasible=YES, time 105.139s)
[ITER 50] bestGlobalCost=6982.66 (feasible=YES) bestThisIter=6982.66 feasibleAnts=10 noImprove=1 (elapsed 108.157s)
[ITER 60] bestGlobalCost=6982.66 (feasible=YES) bestThisIter=7000.41 feasibleAnts=10 noImprove=11 (elapsed 127.465s)
[ITER 69] New best cost=6959.36 (feasible=YES, time 141.6s)
[ITER 70] bestGlobalCost=6959.36 (feasible=YES) bestThisIter=7013.48 feasibleAnts=10 noImprove=1 (elapsed 146.472s)
[ITER 78] New best cost=6956.72 (feasible=YES, time 157.004s)
[ITER 80] bestGlobalCost=6956.72 (feasible=YES) bestThisIter=7060.76 feasibleAnts=10 noImprove=2 (elapsed 162.995s)
[ITER 90] bestGlobalCost=6956.72 (feasible=YES) bestThisIter=7001.41 feasibleAnts=10 noImprove=12 (elapsed 178.796s)
[ITER 100] bestGlobalCost=6956.72 (feasible=YES) bestThisIter=6956.72 feasibleAnts=10 noImprove=22 (elapsed 194.442s)
[RESET] no improvement for30-> reset pheromones
[ITER 110] bestGlobalCost=6956.72 (feasible=YES) bestThisIter=7088.29 feasibleAnts=10 noImprove=2 (elapsed 210.974s)
[ITER 120] bestGlobalCost=6956.72 (feasible=YES) bestThisIter=6977.18 feasibleAnts=10 noImprove=12 (elapsed 226.434s)
[ITER 130] bestGlobalCost=6956.72 (feasible=YES) bestThisIter=6959.36 feasibleAnts=10 noImprove=22 (elapsed 242.743s)
[RESET] no improvement for30-> reset pheromones
[ITER 140] bestGlobalCost=6956.72 (feasible=YES) bestThisIter=6978.93 feasibleAnts=10 noImprove=2 (elapsed 259.911s)
[ITER 150] bestGlobalCost=6956.72 (feasible=YES) bestThisIter=6992.10 feasibleAnts=10 noImprove=12 (elapsed 274.844s)
[ITER 160] bestGlobalCost=6956.72 (feasible=YES) bestThisIter=6979.05 feasibleAnts=10 noImprove=22 (elapsed 290.713s)
77 78 79 80 81 82 83 86 89 90 91 157 162 
114 115 116 117 121 122 125 126 132 133 167 168 184 
15 16 26 30 31 32 33 34 51 52 53 54 55 56 
24 25 124 131 138 139 140 141 142 143 144 145 148 185 
11 17 18 19 22 23 27 28 29 37 127 128 130 137 
146 147 149 150 151 152 153 154 155 187 190 192 197 
35 57 58 59 60 61 62 64 65 67 72 84 85 
102 134 135 156 158 159 160 161 163 169 170 171 173 
1 41 63 66 68 69 70 71 73 74 75 76 
87 88 92 93 94 95 96 97 98 99 100 101 108 113 
36 42 43 44 45 46 47 48 49 50 106 107 109 
2 3 4 5 6 7 8 9 10 12 13 14 20 21 
38 39 40 103 104 105 110 111 112 118 119 120 123 129 
136 164 165 166 172 174 175 176 177 178 180 186 188 189 
179 181 182 183 191 193 194 195 196 198 199 200 201 202 
[SAVELOGS] evolution saved to results/logs/aco_logs/evolution/gr202_15_4.txt
[SAVELOGS] best cost saved to results/logs/aco_logs/objectives/gr202_15_4.txt
[SAVELOGS] best solution saved to results/logs/aco_logs/solutions/gr202_15_4.txt
