[ITER 1] New best cost=519156.54 (feasible=YES, time 0.138674s)
[ITER 2] New best cost=508646.01 (feasible=YES, time 0.233186s)
[ITER 3] New best cost=500661.91 (feasible=YES, time 0.320978s)
[ITER 4] New best cost=494565.68 (feasible=YES, time 0.367455s)
[ITER 5] New best cost=490094.80 (feasible=YES, time 0.468146s)
[ITER 10] bestGlobalCost=490094.80 (feasible=YES) bestThisIter=495141.97 feasibleAnts=10 noImprove=5 (elapsed 1.01183s)
[ITER 12] New best cost=489685.48 (feasible=YES, time 1.23502s)
[ITER 15] New best cost=487943.57 (feasible=YES, time 5.34013s)
[ITER 20] bestGlobalCost=487943.57 (feasible=YES) bestThisIter=487943.57 feasibleAnts=10 noImprove=5 (elapsed 6.70411s)
[ITER 30] bestGlobalCost=487943.57 (feasible=YES) bestThisIter=499029.16 feasibleAnts=10 noImprove=15 (elapsed 11.9502s)
[ITER 40] bestGlobalCost=487943.57 (feasible=YES) bestThisIter=487943.57 feasibleAnts=10 noImprove=25 (elapsed 12.9404s)
[ITER 45] New best cost=484908.21 (feasible=YES, time 16.1976s)
[ITER 50] bestGlobalCost=484908.21 (feasible=YES) bestThisIter=484908.21 feasibleAnts=10 noImprove=5 (elapsed 18.3023s)
[ITER 60] bestGlobalCost=484908.21 (feasible=YES) bestThisIter=495809.64 feasibleAnts=10 noImprove=15 (elapsed 23.7607s)
[ITER 70] bestGlobalCost=484908.21 (feasible=YES) bestThisIter=499116.57 feasibleAnts=10 noImprove=25 (elapsed 24.674s)
[RESET] no improvement for30-> reset pheromones
[ITER 80] bestGlobalCost=484908.21 (feasible=YES) bestThisIter=513385.80 feasibleAnts=10 noImprove=5 (elapsed 30.3619s)
[ITER 90] bestGlobalCost=484908.21 (feasible=YES) bestThisIter=494703.66 feasibleAnts=10 noImprove=15 (elapsed 36.06s)
[ITER 100] bestGlobalCost=484908.21 (feasible=YES) bestThisIter=491048.52 feasibleAnts=10 noImprove=25 (elapsed 37.0183s)
[RESET] no improvement for30-> reset pheromones
[ITER 110] bestGlobalCost=484908.21 (feasible=YES) bestThisIter=494487.87 feasibleAnts=10 noImprove=5 (elapsed 42.6722s)
[ITER 120] bestGlobalCost=484908.21 (feasible=YES) bestThisIter=501265.13 feasibleAnts=10 noImprove=15 (elapsed 48.2604s)
[ITER 130] bestGlobalCost=484908.21 (feasible=YES) bestThisIter=511663.47 feasibleAnts=10 noImprove=25 (elapsed 49.2192s)
[RESET] no improvement for30-> reset pheromones
[ITER 140] bestGlobalCost=484908.21 (feasible=YES) bestThisIter=508397.13 feasibleAnts=10 noImprove=5 (elapsed 54.8769s)
[ITER 150] bestGlobalCost=484908.21 (feasible=YES) bestThisIter=484908.21 feasibleAnts=10 noImprove=15 (elapsed 60.6317s)
8 9 10 142 146 147 148 149 150 151 152 
77 78 80 82 84 85 86 97 98 
1 124 125 126 127 128 129 130 131 158 159 
38 39 40 41 42 132 133 134 135 136 137 
62 64 65 66 67 68 69 70 71 72 73 
53 54 55 56 57 58 59 60 61 63 
19 20 21 22 23 24 25 26 27 28 29 
99 100 101 102 103 104 105 106 107 
108 109 110 111 112 113 114 116 117 123 
47 49 50 51 52 74 75 76 79 81 83 
18 30 31 32 33 34 35 36 37 138 139 
87 88 89 90 91 92 93 94 95 96 
43 44 45 46 48 115 118 119 120 121 122 
2 3 4 5 6 7 153 154 155 156 157 
11 12 13 14 15 16 17 140 141 143 144 145 
[SAVELOGS] evolution saved to results/logs/u159_15_2/evolution/u159_15_2
[SAVELOGS] best cost saved to results/logs/u159_15_2/objectives/u159_15_2
[SAVELOGS] best solution saved to results/logs/u159_15_2/solutions/u159_15_2
