[ITER 1] New best cost=336421.67 (feasible=YES, time 0.217046s)
[ITER 2] New best cost=313339.77 (feasible=YES, time 0.389701s)
[ITER 3] New best cost=307476.72 (feasible=YES, time 0.507938s)
[ITER 4] New best cost=297332.21 (feasible=YES, time 0.620418s)
[ITER 6] New best cost=292020.41 (feasible=YES, time 0.884066s)
[ITER 8] New best cost=287267.09 (feasible=YES, time 1.13268s)
[ITER 9] New best cost=287164.64 (feasible=YES, time 1.20889s)
[ITER 10] bestGlobalCost=287164.64 (feasible=YES) bestThisIter=300766.94 feasibleAnts=10 noImprove=1 (elapsed 1.31214s)
[ITER 12] New best cost=285367.32 (feasible=YES, time 1.58475s)
[ITER 13] New best cost=283805.18 (feasible=YES, time 1.7122s)
[ITER 14] New best cost=281074.00 (feasible=YES, time 1.81719s)
[ITER 15] New best cost=253344.96 (feasible=YES, time 2.74707s)
[ITER 20] bestGlobalCost=253344.96 (feasible=YES) bestThisIter=253344.96 feasibleAnts=10 noImprove=5 (elapsed 6.30972s)
[ITER 30] bestGlobalCost=253344.96 (feasible=YES) bestThisIter=253344.96 feasibleAnts=10 noImprove=15 (elapsed 11.2238s)
[ITER 40] bestGlobalCost=253344.96 (feasible=YES) bestThisIter=305418.86 feasibleAnts=10 noImprove=25 (elapsed 12.9289s)
[RESET] no improvement for30-> reset pheromones
[ITER 50] bestGlobalCost=253344.96 (feasible=YES) bestThisIter=339476.21 feasibleAnts=10 noImprove=5 (elapsed 18.2392s)
[ITER 60] bestGlobalCost=253344.96 (feasible=YES) bestThisIter=326237.39 feasibleAnts=10 noImprove=15 (elapsed 23.863s)
[ITER 70] bestGlobalCost=253344.96 (feasible=YES) bestThisIter=279208.69 feasibleAnts=10 noImprove=25 (elapsed 25.416s)
[RESET] no improvement for30-> reset pheromones
[ITER 80] bestGlobalCost=253344.96 (feasible=YES) bestThisIter=349406.83 feasibleAnts=10 noImprove=5 (elapsed 31.0101s)
[ITER 90] bestGlobalCost=253344.96 (feasible=YES) bestThisIter=283447.16 feasibleAnts=10 noImprove=15 (elapsed 36.8765s)
[ITER 100] bestGlobalCost=253344.96 (feasible=YES) bestThisIter=336750.83 feasibleAnts=9 noImprove=25 (elapsed 38.3991s)
[RESET] no improvement for30-> reset pheromones
[ITER 110] bestGlobalCost=253344.96 (feasible=YES) bestThisIter=319704.17 feasibleAnts=10 noImprove=5 (elapsed 43.7982s)
[ITER 120] bestGlobalCost=253344.96 (feasible=YES) bestThisIter=291889.34 feasibleAnts=10 noImprove=15 (elapsed 49.2127s)
[ITER 130] bestGlobalCost=253344.96 (feasible=YES) bestThisIter=307753.93 feasibleAnts=10 noImprove=25 (elapsed 51.15s)
[ITER 135] New best cost=252199.77 (feasible=YES, time 52.9476s)
[ITER 136] New best cost=251744.03 (feasible=YES, time 55.7877s)
[ITER 140] bestGlobalCost=251744.03 (feasible=YES) bestThisIter=251744.03 feasibleAnts=13 noImprove=4 (elapsed 56.3344s)
[ITER 150] bestGlobalCost=251744.03 (feasible=YES) bestThisIter=280849.43 feasibleAnts=10 noImprove=14 (elapsed 61.2187s)
44 51 57 86 95 
37 38 39 40 41 42 43 47 
94 96 97 98 99 100 101 102 
19 21 23 25 26 27 29 30 
63 64 65 67 68 71 75 
28 31 32 33 34 35 36 
7 8 9 11 12 13 15 
45 46 48 49 50 52 53 54 
59 60 80 81 85 88 
55 56 103 104 105 106 107 
1 2 3 4 5 6 
58 87 89 90 91 92 93 
61 74 77 78 79 82 83 84 
10 14 16 17 18 20 22 24 
62 66 69 70 72 73 76 
[SAVELOGS] evolution saved to results/logs/pr107_15_4/evolution/pr107_15_4
[SAVELOGS] best cost saved to results/logs/pr107_15_4/objectives/pr107_15_4
[SAVELOGS] best solution saved to results/logs/pr107_15_4/solutions/pr107_15_4
