[ITER 1] New best cost=7915766.83 (feasible=YES, time 9.18528s)
[ITER 2] New best cost=7770097.35 (feasible=YES, time 17.1102s)
[ITER 3] New best cost=7670340.06 (feasible=YES, time 23.871s)
[ITER 4] New best cost=7668223.77 (feasible=YES, time 31.5541s)
[ITER 5] New best cost=7538869.46 (feasible=YES, time 39.4178s)
[ITER 9] New best cost=7512270.94 (feasible=YES, time 68.8969s)
[ITER 10] bestGlobalCost=7512270.94 (feasible=YES) bestThisIter=7586379.70 feasibleAnts=10 noImprove=1 (elapsed 87.1192s)
[ITER 20] bestGlobalCost=7512270.94 (feasible=YES) bestThisIter=7618347.99 feasibleAnts=10 noImprove=11 (elapsed 179.088s)
[ITER 23] New best cost=7504745.09 (feasible=YES, time 203.272s)
[ITER 24] New best cost=7478533.60 (feasible=YES, time 212.034s)
[ITER 30] bestGlobalCost=7478533.60 (feasible=YES) bestThisIter=7656230.44 feasibleAnts=10 noImprove=6 (elapsed 266.533s)
[ITER 40] bestGlobalCost=7478533.60 (feasible=YES) bestThisIter=7574542.51 feasibleAnts=10 noImprove=16 (elapsed 347.811s)
[ITER 50] bestGlobalCost=7478533.60 (feasible=YES) bestThisIter=7502768.62 feasibleAnts=10 noImprove=26 (elapsed 434.884s)
[ITER 53] New best cost=7476502.41 (feasible=YES, time 458.012s)
[ITER 60] bestGlobalCost=7476502.41 (feasible=YES) bestThisIter=7506678.38 feasibleAnts=10 noImprove=7 (elapsed 525.664s)
[ITER 69] New best cost=7468758.21 (feasible=YES, time 600.931s)
[ITER 70] [TS] New best cost=7441843.55 (feasible=YES, time 610.873s)
[ITER 70] bestGlobalCost=7441843.55 (feasible=YES) bestThisIter=7441843.55 feasibleAnts=10 noImprove=1 (elapsed 618.361s)
[ITER 75] New best cost=7437873.83 (feasible=YES, time 661.944s)
[ITER 80] [TS] New best cost=7435726.91 (feasible=YES, time 705.212s)
[ITER 80] bestGlobalCost=7435726.91 (feasible=YES) bestThisIter=7435726.91 feasibleAnts=10 noImprove=1 (elapsed 712.676s)
[ITER 90] [TS] New best cost=7432371.21 (feasible=YES, time 794.307s)
[ITER 90] bestGlobalCost=7432371.21 (feasible=YES) bestThisIter=7545251.91 feasibleAnts=10 noImprove=1 (elapsed 801.927s)
[ITER 94] New best cost=7431875.01 (feasible=YES, time 840.111s)
[ITER 97] New best cost=7352838.36 (feasible=YES, time 868.384s)
[ITER 100] bestGlobalCost=7352838.36 (feasible=YES) bestThisIter=7495409.73 feasibleAnts=10 noImprove=3 (elapsed 901.839s)
[ITER 110] bestGlobalCost=7352838.36 (feasible=YES) bestThisIter=7436090.05 feasibleAnts=10 noImprove=13 (elapsed 990.921s)
[ITER 120] [TS] New best cost=7352287.84 (feasible=YES, time 1076.03s)
[ITER 120] bestGlobalCost=7352287.84 (feasible=YES) bestThisIter=7371137.29 feasibleAnts=10 noImprove=1 (elapsed 1083.99s)
[ITER 130] bestGlobalCost=7352287.84 (feasible=YES) bestThisIter=7464943.02 feasibleAnts=10 noImprove=11 (elapsed 1181.87s)
[ITER 140] bestGlobalCost=7352287.84 (feasible=YES) bestThisIter=7489677.42 feasibleAnts=10 noImprove=21 (elapsed 1272.96s)
[RESET] no improvement for30-> reset pheromones
[ITER 150] bestGlobalCost=7352287.84 (feasible=YES) bestThisIter=8067774.50 feasibleAnts=10 noImprove=1 (elapsed 1370.37s)
[ITER 160] bestGlobalCost=7352287.84 (feasible=YES) bestThisIter=7405827.53 feasibleAnts=10 noImprove=11 (elapsed 1469.25s)
190 223 224 233 234 235 236 239 266 267 268 269 270 271 272 275 276 277 297 300 301 302 303 304 306 327 329 330 331 
145 273 274 278 279 292 293 294 295 296 298 299 332 333 334 335 336 337 338 339 360 361 362 363 364 365 366 367 378 
103 116 143 153 154 155 158 179 180 181 182 183 184 185 191 192 194 195 196 197 198 216 217 220 221 222 237 238 240 305 
5 7 8 9 11 12 13 14 15 16 17 33 34 35 36 37 38 43 44 50 57 58 59 61 76 77 78 79 81 86 
231 232 285 286 287 288 289 290 340 345 346 347 348 349 350 351 352 353 354 355 356 357 358 359 375 376 379 380 391 
18 19 20 21 22 24 25 65 66 67 68 69 70 71 72 88 89 90 91 92 93 94 100 102 104 105 106 114 118 146 
373 382 383 392 393 394 396 397 399 403 406 407 408 409 410 411 412 413 420 422 423 424 425 426 427 430 432 433 437 
1 2 3 4 6 10 39 40 41 42 45 46 47 48 49 51 52 53 54 55 56 80 82 84 187 280 291 
131 132 133 134 135 159 160 161 162 163 164 165 166 167 168 169 170 171 172 173 174 177 199 200 201 202 204 205 206 207 
83 85 149 186 188 225 226 227 228 229 230 281 282 283 284 341 342 343 344 371 372 374 381 384 395 398 434 435 436 438 439 
193 219 242 243 245 259 261 262 263 264 265 307 308 309 310 311 312 313 314 315 317 318 319 320 321 322 324 325 326 
175 176 178 203 208 209 210 211 212 213 214 215 218 241 244 246 247 248 249 250 251 252 253 254 255 256 257 258 260 316 
23 26 27 28 29 30 31 32 60 62 63 64 73 74 75 87 107 108 109 110 111 112 113 117 144 147 148 150 152 189 
323 328 368 369 370 377 385 386 387 388 389 390 400 401 402 404 405 414 415 416 417 418 419 421 428 429 431 
95 96 97 98 99 101 115 119 120 121 122 123 124 125 126 127 128 129 130 136 137 138 139 140 141 142 151 156 157 
[SAVELOGS] evolution saved to results/logs/aco_logs/evolution/pr439_15_5.txt
[SAVELOGS] best cost saved to results/logs/aco_logs/objectives/pr439_15_5.txt
[SAVELOGS] best solution saved to results/logs/aco_logs/solutions/pr439_15_5.txt
