[ITER 1] New best cost=10611325.27 (feasible=YES, time 7.32897s)
[ITER 2] New best cost=10581396.43 (feasible=YES, time 12.4369s)
[ITER 3] New best cost=10578807.35 (feasible=YES, time 17.605s)
[ITER 4] New best cost=10575825.68 (feasible=YES, time 22.1916s)
[ITER 6] New best cost=10575748.08 (feasible=YES, time 30.4729s)
[ITER 7] New best cost=10574689.41 (feasible=YES, time 34.1813s)
[ITER 9] New best cost=10572337.63 (feasible=YES, time 43.4753s)
[ITER 10] bestGlobalCost=10572337.63 (feasible=YES) bestThisIter=10573399.09 feasibleAnts=12 noImprove=1 (elapsed 50.8959s)
[ITER 20] bestGlobalCost=10572337.63 (feasible=YES) bestThisIter=10572337.63 feasibleAnts=12 noImprove=11 (elapsed 96.7602s)
[ITER 30] bestGlobalCost=10572337.63 (feasible=YES) bestThisIter=10572337.63 feasibleAnts=11 noImprove=21 (elapsed 144.57s)
[RESET] no improvement for30-> reset pheromones
[ITER 40] bestGlobalCost=10572337.63 (feasible=YES) bestThisIter=10592027.30 feasibleAnts=10 noImprove=1 (elapsed 196.759s)
[ITER 50] bestGlobalCost=10572337.63 (feasible=YES) bestThisIter=10572337.63 feasibleAnts=11 noImprove=11 (elapsed 244.524s)
[ITER 60] bestGlobalCost=10572337.63 (feasible=YES) bestThisIter=10573809.18 feasibleAnts=11 noImprove=21 (elapsed 290.228s)
[RESET] no improvement for30-> reset pheromones
[ITER 70] bestGlobalCost=10572337.63 (feasible=YES) bestThisIter=10575628.35 feasibleAnts=10 noImprove=1 (elapsed 339.851s)
[ITER 75] New best cost=10572003.85 (feasible=YES, time 363.371s)
[ITER 78] New best cost=10571989.82 (feasible=YES, time 375.55s)
[ITER 80] bestGlobalCost=10571989.82 (feasible=YES) bestThisIter=10575269.60 feasibleAnts=10 noImprove=2 (elapsed 387.044s)
[ITER 88] New best cost=10571858.76 (feasible=YES, time 422.054s)
[ITER 90] bestGlobalCost=10571858.76 (feasible=YES) bestThisIter=10573939.42 feasibleAnts=10 noImprove=2 (elapsed 431.72s)
[ITER 100] bestGlobalCost=10571858.76 (feasible=YES) bestThisIter=10571858.76 feasibleAnts=10 noImprove=12 (elapsed 479.032s)
[ITER 110] bestGlobalCost=10571858.76 (feasible=YES) bestThisIter=10577670.83 feasibleAnts=10 noImprove=22 (elapsed 524.004s)
[RESET] no improvement for30-> reset pheromones
[ITER 120] bestGlobalCost=10571858.76 (feasible=YES) bestThisIter=10577610.89 feasibleAnts=10 noImprove=2 (elapsed 572.265s)
[ITER 130] bestGlobalCost=10571858.76 (feasible=YES) bestThisIter=10571858.76 feasibleAnts=10 noImprove=12 (elapsed 616.161s)
[ITER 140] bestGlobalCost=10571858.76 (feasible=YES) bestThisIter=10572142.61 feasibleAnts=13 noImprove=22 (elapsed 661.157s)
[RESET] no improvement for30-> reset pheromones
[ITER 150] bestGlobalCost=10571858.76 (feasible=YES) bestThisIter=10575468.70 feasibleAnts=10 noImprove=2 (elapsed 709.312s)
[ITER 160] bestGlobalCost=10571858.76 (feasible=YES) bestThisIter=10571989.82 feasibleAnts=12 noImprove=12 (elapsed 753.41s)
[ITER 170] bestGlobalCost=10571858.76 (feasible=YES) bestThisIter=10573401.38 feasibleAnts=12 noImprove=22 (elapsed 799.651s)
[RESET] no improvement for30-> reset pheromones
[ITER 180] bestGlobalCost=10571858.76 (feasible=YES) bestThisIter=10574097.78 feasibleAnts=10 noImprove=2 (elapsed 846.834s)
[ITER 190] bestGlobalCost=10571858.76 (feasible=YES) bestThisIter=10572003.85 feasibleAnts=13 noImprove=12 (elapsed 892.113s)
[ITER 200] bestGlobalCost=10571858.76 (feasible=YES) bestThisIter=10571989.82 feasibleAnts=10 noImprove=22 (elapsed 935.961s)
[RESET] no improvement for30-> reset pheromones
[ITER 210] bestGlobalCost=10571858.76 (feasible=YES) bestThisIter=10571989.82 feasibleAnts=10 noImprove=2 (elapsed 983.769s)
[ITER 220] bestGlobalCost=10571858.76 (feasible=YES) bestThisIter=10575699.36 feasibleAnts=13 noImprove=12 (elapsed 1030.77s)
[ITER 230] bestGlobalCost=10571858.76 (feasible=YES) bestThisIter=10575162.32 feasibleAnts=11 noImprove=22 (elapsed 1077.51s)
[RESET] no improvement for30-> reset pheromones
[ITER 240] bestGlobalCost=10571858.76 (feasible=YES) bestThisIter=10576684.52 feasibleAnts=10 noImprove=2 (elapsed 1127.19s)
[ITER 250] bestGlobalCost=10571858.76 (feasible=YES) bestThisIter=10571858.76 feasibleAnts=10 noImprove=12 (elapsed 1174.19s)
[ITER 260] bestGlobalCost=10571858.76 (feasible=YES) bestThisIter=10571858.76 feasibleAnts=11 noImprove=22 (elapsed 1221.86s)
[RESET] no improvement for30-> reset pheromones
[ITER 270] bestGlobalCost=10571858.76 (feasible=YES) bestThisIter=10573747.59 feasibleAnts=11 noImprove=2 (elapsed 1268.6s)
[ITER 280] bestGlobalCost=10571858.76 (feasible=YES) bestThisIter=10572705.30 feasibleAnts=10 noImprove=12 (elapsed 1316.83s)
[ITER 290] bestGlobalCost=10571858.76 (feasible=YES) bestThisIter=10571989.82 feasibleAnts=12 noImprove=22 (elapsed 1362.22s)
[RESET] no improvement for30-> reset pheromones
[ITER 300] bestGlobalCost=10571858.76 (feasible=YES) bestThisIter=10577547.74 feasibleAnts=11 noImprove=2 (elapsed 1413.61s)
[ITER 310] bestGlobalCost=10571858.76 (feasible=YES) bestThisIter=10571858.76 feasibleAnts=11 noImprove=12 (elapsed 1458.7s)
[ITER 320] bestGlobalCost=10571858.76 (feasible=YES) bestThisIter=10571858.76 feasibleAnts=12 noImprove=22 (elapsed 1505.54s)
315 316 319 320 328 332 335 339 340 344 347 348 351 354 355 356 359 361 362 363 366 367 372 373 375 376 379 380 384 386 387 388 394 395 401 402 403 404 405 406 408 410 412 413 415 416 417 418 419 420 421 426 427 428 430 434 435 436 437 438 439 440 441 442 447 448 449 450 451 452 453 454 455 456 468 469 470 471 473 474 475 476 477 478 479 480 481 482 483 484 485 486 487 488 489 490 491 492 493 
143 158 165 177 178 183 184 187 188 191 192 195 196 199 200 204 205 207 212 213 214 217 218 219 220 221 223 226 227 228 229 231 232 233 237 238 239 242 243 244 245 246 247 248 249 250 251 252 253 254 256 257 258 259 260 261 262 263 264 265 270 274 275 279 280 281 282 283 284 285 286 287 288 289 290 291 292 293 294 295 296 300 302 303 306 307 308 309 311 312 313 314 322 324 327 329 331 336 
25 26 27 29 30 31 224 236 240 241 255 266 267 268 271 272 273 276 277 278 297 298 299 301 304 305 310 317 318 321 323 325 326 330 333 334 337 338 341 342 343 345 346 349 350 352 353 357 358 360 364 365 368 369 370 371 374 377 378 381 382 383 385 389 390 391 392 393 396 397 398 399 400 407 409 411 414 422 423 424 425 429 431 432 433 443 444 445 446 457 458 459 460 461 462 463 464 465 466 467 472 
89 91 92 93 94 95 97 98 99 100 101 102 103 104 105 106 108 109 110 111 112 113 114 115 117 118 119 120 121 123 124 125 126 127 129 130 131 132 133 134 135 136 137 138 140 141 142 144 145 146 147 148 149 150 151 152 153 154 155 156 157 159 160 161 162 164 166 167 168 169 172 173 174 175 176 179 180 182 185 186 189 190 193 194 197 198 201 202 203 206 208 209 210 211 215 222 230 234 
1 2 3 4 5 6 7 8 9 10 11 12 13 14 15 16 17 18 19 20 21 22 23 24 28 32 33 34 35 36 37 38 39 40 41 42 43 44 45 46 47 48 49 50 51 52 53 54 55 56 57 58 59 60 61 62 63 64 65 66 67 68 69 70 71 72 73 74 75 76 77 78 79 80 81 82 83 84 85 86 87 88 90 96 107 116 122 128 139 163 170 171 181 216 225 235 269 
[SAVELOGS] evolution saved to results/logs/aco_logs/evolution/d493_05_2.txt
[SAVELOGS] best cost saved to results/logs/aco_logs/objectives/d493_05_2.txt
[SAVELOGS] best solution saved to results/logs/aco_logs/solutions/d493_05_2.txt
