[ITER 1] New best cost=1923651.02 (feasible=YES, time 7.25642s)
[ITER 2] New best cost=1881767.93 (feasible=YES, time 14.3377s)
[ITER 3] New best cost=1874904.70 (feasible=YES, time 21.9272s)
[ITER 4] New best cost=1872134.26 (feasible=YES, time 29.4189s)
[ITER 8] New best cost=1870580.26 (feasible=YES, time 53.6229s)
[ITER 10] [TS] New best cost=1847454.53 (feasible=YES, time 68.2952s)
[ITER 10] bestGlobalCost=1847454.53 (feasible=YES) bestThisIter=1859949.97 feasibleAnts=10 noImprove=1 (elapsed 72.9523s)
[ITER 14] New best cost=1841172.77 (feasible=YES, time 101.271s)
[ITER 17] New best cost=1837054.12 (feasible=YES, time 123.127s)
[ITER 19] New best cost=1833402.84 (feasible=YES, time 138.79s)
[ITER 20] [TS] New best cost=1831030.35 (feasible=YES, time 146.488s)
[ITER 20] bestGlobalCost=1831030.35 (feasible=YES) bestThisIter=1839720.89 feasibleAnts=10 noImprove=1 (elapsed 151.29s)
[ITER 30] bestGlobalCost=1831030.35 (feasible=YES) bestThisIter=1845503.63 feasibleAnts=10 noImprove=11 (elapsed 222.728s)
[ITER 39] New best cost=1818608.91 (feasible=YES, time 282.272s)
[ITER 40] bestGlobalCost=1818608.91 (feasible=YES) bestThisIter=1839655.82 feasibleAnts=10 noImprove=1 (elapsed 293.983s)
[ITER 50] bestGlobalCost=1818608.91 (feasible=YES) bestThisIter=1831438.51 feasibleAnts=10 noImprove=11 (elapsed 367.197s)
[ITER 60] bestGlobalCost=1818608.91 (feasible=YES) bestThisIter=1828775.27 feasibleAnts=10 noImprove=21 (elapsed 438.777s)
[RESET] no improvement for30-> reset pheromones
[ITER 70] bestGlobalCost=1818608.91 (feasible=YES) bestThisIter=1896109.80 feasibleAnts=10 noImprove=1 (elapsed 513.137s)
[ITER 80] bestGlobalCost=1818608.91 (feasible=YES) bestThisIter=1837337.44 feasibleAnts=10 noImprove=11 (elapsed 585.408s)
[ITER 90] bestGlobalCost=1818608.91 (feasible=YES) bestThisIter=1833978.94 feasibleAnts=10 noImprove=21 (elapsed 656.368s)
[RESET] no improvement for30-> reset pheromones
[ITER 100] bestGlobalCost=1818608.91 (feasible=YES) bestThisIter=1888672.55 feasibleAnts=10 noImprove=1 (elapsed 729.652s)
[ITER 110] bestGlobalCost=1818608.91 (feasible=YES) bestThisIter=1822839.76 feasibleAnts=10 noImprove=11 (elapsed 801.697s)
[ITER 120] bestGlobalCost=1818608.91 (feasible=YES) bestThisIter=1844219.42 feasibleAnts=10 noImprove=21 (elapsed 873.123s)
[RESET] no improvement for30-> reset pheromones
[ITER 130] bestGlobalCost=1818608.91 (feasible=YES) bestThisIter=1883672.16 feasibleAnts=10 noImprove=1 (elapsed 950.534s)
[ITER 140] bestGlobalCost=1818608.91 (feasible=YES) bestThisIter=1843091.85 feasibleAnts=10 noImprove=11 (elapsed 1024.65s)
[ITER 150] bestGlobalCost=1818608.91 (feasible=YES) bestThisIter=1825619.38 feasibleAnts=10 noImprove=21 (elapsed 1135.85s)
[RESET] no improvement for30-> reset pheromones
[ITER 160] bestGlobalCost=1818608.91 (feasible=YES) bestThisIter=1881041.18 feasibleAnts=10 noImprove=1 (elapsed 1221.72s)
[ITER 170] bestGlobalCost=1818608.91 (feasible=YES) bestThisIter=1835412.64 feasibleAnts=10 noImprove=11 (elapsed 1299.7s)
[ITER 180] bestGlobalCost=1818608.91 (feasible=YES) bestThisIter=1827678.48 feasibleAnts=10 noImprove=21 (elapsed 1387.63s)
[RESET] no improvement for30-> reset pheromones
[ITER 190] bestGlobalCost=1818608.91 (feasible=YES) bestThisIter=1890639.62 feasibleAnts=10 noImprove=1 (elapsed 1483.53s)
29 30 31 32 33 63 64 65 93 94 95 96 97 98 101 112 113 376 377 379 380 383 384 436 
124 125 134 135 147 148 159 160 170 171 183 184 198 199 210 219 220 226 236 410 411 414 
296 297 298 299 300 302 322 323 324 325 327 344 357 359 360 361 362 429 430 435 
11 12 13 14 45 46 47 48 50 77 78 79 80 99 100 105 106 107 117 118 128 129 
280 283 284 285 286 287 308 309 310 311 312 313 339 341 342 346 347 348 349 350 351 352 428 433 440 
301 303 304 305 306 326 328 329 330 331 345 363 364 365 366 367 368 369 371 431 432 
15 16 17 18 19 20 21 22 49 51 52 53 54 55 81 82 83 84 85 108 382 439 
215 223 224 231 232 250 251 252 253 254 255 256 257 278 292 295 319 402 415 417 418 425 
109 119 120 121 122 130 131 142 143 156 166 167 179 180 381 385 388 390 391 394 395 
228 234 235 238 239 240 241 266 267 269 270 271 273 274 276 277 279 281 282 405 406 426 
126 127 137 149 150 151 152 161 162 172 173 174 185 186 227 389 392 396 399 400 401 
4 5 6 7 8 9 10 37 39 40 41 42 43 44 71 72 73 74 75 76 116 138 
175 187 188 211 212 213 221 222 229 230 242 243 244 245 246 247 248 249 403 407 421 
288 289 290 291 293 294 314 315 316 317 318 320 321 340 343 353 354 355 356 358 424 434 
139 140 141 153 154 155 163 164 165 176 177 178 189 190 191 200 201 202 203 214 393 397 398 
265 268 272 275 307 332 333 334 335 336 337 338 370 372 373 374 375 420 423 427 437 438 
23 24 25 26 27 28 56 57 58 59 60 61 62 86 87 88 89 90 91 92 110 111 378 
1 2 3 34 35 36 38 66 67 68 69 70 102 103 104 114 115 136 386 387 441 442 
123 132 133 144 145 146 157 158 168 169 181 182 192 193 194 195 196 197 205 206 207 208 209 218 
204 216 217 225 233 237 258 259 260 261 262 263 264 404 408 409 412 413 416 419 422 
[SAVELOGS] evolution saved to results/logs/aco_logs/evolution/pcb442_20_3.txt
[SAVELOGS] best cost saved to results/logs/aco_logs/objectives/pcb442_20_3.txt
[SAVELOGS] best solution saved to results/logs/aco_logs/solutions/pcb442_20_3.txt
