[ITER 1] New best cost=929636.40 (feasible=YES, time 1.17529s)
[ITER 2] New best cost=927828.64 (feasible=YES, time 1.23358s)
[ITER 3] New best cost=927687.91 (feasible=YES, time 1.29638s)
[ITER 4] New best cost=923117.10 (feasible=YES, time 1.35116s)
[ITER 6] New best cost=922040.45 (feasible=YES, time 1.46919s)
[ITER 10] bestGlobalCost=922040.45 (feasible=YES) bestThisIter=922582.36 feasibleAnts=14 noImprove=4 (elapsed 1.69335s)
[ITER 14] New best cost=919112.63 (feasible=YES, time 2.98501s)
[ITER 18] New best cost=918446.97 (feasible=YES, time 3.19083s)
[ITER 20] bestGlobalCost=918446.97 (feasible=YES) bestThisIter=919619.14 feasibleAnts=12 noImprove=2 (elapsed 3.29242s)
[ITER 23] New best cost=917845.01 (feasible=YES, time 4.54569s)
[ITER 25] New best cost=915968.55 (feasible=YES, time 4.64783s)
[ITER 27] New best cost=914949.26 (feasible=YES, time 4.76188s)
[ITER 30] bestGlobalCost=914949.26 (feasible=YES) bestThisIter=918338.90 feasibleAnts=14 noImprove=3 (elapsed 4.92867s)
[ITER 33] New best cost=914603.50 (feasible=YES, time 6.16466s)
[ITER 40] bestGlobalCost=914603.50 (feasible=YES) bestThisIter=917796.99 feasibleAnts=13 noImprove=7 (elapsed 6.52227s)
[ITER 50] bestGlobalCost=914603.50 (feasible=YES) bestThisIter=915263.65 feasibleAnts=12 noImprove=17 (elapsed 8.08622s)
[ITER 60] bestGlobalCost=914603.50 (feasible=YES) bestThisIter=923623.11 feasibleAnts=15 noImprove=27 (elapsed 10.1534s)
[ITER 70] bestGlobalCost=914603.50 (feasible=YES) bestThisIter=914949.26 feasibleAnts=14 noImprove=37 (elapsed 12.2033s)
[ITER 80] bestGlobalCost=914603.50 (feasible=YES) bestThisIter=917796.99 feasibleAnts=14 noImprove=47 (elapsed 13.7724s)
[RESET] no improvement for50-> reset pheromones
[ITER 90] bestGlobalCost=914603.50 (feasible=YES) bestThisIter=918757.40 feasibleAnts=13 noImprove=7 (elapsed 15.3706s)
[ITER 100] bestGlobalCost=914603.50 (feasible=YES) bestThisIter=919231.77 feasibleAnts=14 noImprove=17 (elapsed 16.9083s)
[ITER 110] bestGlobalCost=914603.50 (feasible=YES) bestThisIter=919508.91 feasibleAnts=14 noImprove=27 (elapsed 18.438s)
[ITER 120] bestGlobalCost=914603.50 (feasible=YES) bestThisIter=915937.46 feasibleAnts=15 noImprove=37 (elapsed 20.0185s)
[ITER 130] bestGlobalCost=914603.50 (feasible=YES) bestThisIter=920125.06 feasibleAnts=15 noImprove=47 (elapsed 21.6276s)
[RESET] no improvement for50-> reset pheromones
[ITER 140] bestGlobalCost=914603.50 (feasible=YES) bestThisIter=919945.38 feasibleAnts=15 noImprove=7 (elapsed 23.2307s)
[ITER 150] bestGlobalCost=914603.50 (feasible=YES) bestThisIter=919127.99 feasibleAnts=15 noImprove=17 (elapsed 24.9253s)
[ITER 159] New best cost=913875.18 (feasible=YES, time 26.9243s)
[ITER 160] bestGlobalCost=913875.18 (feasible=YES) bestThisIter=914854.41 feasibleAnts=14 noImprove=1 (elapsed 26.9954s)
[ITER 170] bestGlobalCost=913875.18 (feasible=YES) bestThisIter=918142.97 feasibleAnts=15 noImprove=11 (elapsed 28.7997s)
[ITER 180] bestGlobalCost=913875.18 (feasible=YES) bestThisIter=924033.30 feasibleAnts=15 noImprove=21 (elapsed 30.346s)
[ITER 190] bestGlobalCost=913875.18 (feasible=YES) bestThisIter=921061.79 feasibleAnts=14 noImprove=31 (elapsed 31.8806s)
[ITER 200] bestGlobalCost=913875.18 (feasible=YES) bestThisIter=921835.84 feasibleAnts=14 noImprove=41 (elapsed 33.4585s)
[RESET] no improvement for50-> reset pheromones
[ITER 210] bestGlobalCost=913875.18 (feasible=YES) bestThisIter=943318.19 feasibleAnts=15 noImprove=1 (elapsed 35.1569s)
[ITER 220] bestGlobalCost=913875.18 (feasible=YES) bestThisIter=925949.93 feasibleAnts=13 noImprove=11 (elapsed 36.6726s)
[ITER 230] bestGlobalCost=913875.18 (feasible=YES) bestThisIter=920838.55 feasibleAnts=13 noImprove=21 (elapsed 38.2459s)
[ITER 240] bestGlobalCost=913875.18 (feasible=YES) bestThisIter=917901.92 feasibleAnts=15 noImprove=31 (elapsed 39.7813s)
[ITER 250] bestGlobalCost=913875.18 (feasible=YES) bestThisIter=915719.71 feasibleAnts=15 noImprove=41 (elapsed 41.3532s)
[RESET] no improvement for50-> reset pheromones
[ITER 260] bestGlobalCost=913875.18 (feasible=YES) bestThisIter=940307.00 feasibleAnts=15 noImprove=1 (elapsed 43.0399s)
[ITER 270] bestGlobalCost=913875.18 (feasible=YES) bestThisIter=915263.65 feasibleAnts=15 noImprove=11 (elapsed 44.6018s)
[ITER 280] bestGlobalCost=913875.18 (feasible=YES) bestThisIter=916097.53 feasibleAnts=14 noImprove=21 (elapsed 46.1378s)
[ITER 290] bestGlobalCost=913875.18 (feasible=YES) bestThisIter=918104.28 feasibleAnts=15 noImprove=31 (elapsed 47.724s)
[ITER 300] bestGlobalCost=913875.18 (feasible=YES) bestThisIter=925421.07 feasibleAnts=15 noImprove=41 (elapsed 49.6889s)
[RESET] no improvement for50-> reset pheromones
[ITER 310] bestGlobalCost=913875.18 (feasible=YES) bestThisIter=927516.95 feasibleAnts=15 noImprove=1 (elapsed 51.8482s)
[ITER 320] bestGlobalCost=913875.18 (feasible=YES) bestThisIter=919133.94 feasibleAnts=15 noImprove=11 (elapsed 53.4333s)
[ITER 330] bestGlobalCost=913875.18 (feasible=YES) bestThisIter=914603.50 feasibleAnts=14 noImprove=21 (elapsed 54.9825s)
[ITER 340] bestGlobalCost=913875.18 (feasible=YES) bestThisIter=921731.86 feasibleAnts=14 noImprove=31 (elapsed 56.5172s)
[ITER 350] bestGlobalCost=913875.18 (feasible=YES) bestThisIter=916884.71 feasibleAnts=15 noImprove=41 (elapsed 58.0658s)
[RESET] no improvement for50-> reset pheromones
[ITER 360] bestGlobalCost=913875.18 (feasible=YES) bestThisIter=942089.35 feasibleAnts=15 noImprove=1 (elapsed 59.7s)
[ITER 370] bestGlobalCost=913875.18 (feasible=YES) bestThisIter=915524.04 feasibleAnts=15 noImprove=11 (elapsed 61.2229s)
[ITER 380] bestGlobalCost=913875.18 (feasible=YES) bestThisIter=919121.49 feasibleAnts=12 noImprove=21 (elapsed 62.7273s)
[ITER 390] bestGlobalCost=913875.18 (feasible=YES) bestThisIter=918092.83 feasibleAnts=15 noImprove=31 (elapsed 64.2803s)
[ITER 400] bestGlobalCost=913875.18 (feasible=YES) bestThisIter=916097.53 feasibleAnts=15 noImprove=41 (elapsed 65.9148s)
[RESET] no improvement for50-> reset pheromones
[ITER 410] bestGlobalCost=913875.18 (feasible=YES) bestThisIter=956178.68 feasibleAnts=15 noImprove=1 (elapsed 67.574s)
[ITER 420] bestGlobalCost=913875.18 (feasible=YES) bestThisIter=919707.69 feasibleAnts=14 noImprove=11 (elapsed 69.1072s)
[ITER 430] bestGlobalCost=913875.18 (feasible=YES) bestThisIter=914649.22 feasibleAnts=14 noImprove=21 (elapsed 70.6301s)
[ITER 440] bestGlobalCost=913875.18 (feasible=YES) bestThisIter=916432.19 feasibleAnts=15 noImprove=31 (elapsed 72.1993s)
[ITER 450] bestGlobalCost=913875.18 (feasible=YES) bestThisIter=920293.28 feasibleAnts=13 noImprove=41 (elapsed 73.7472s)
[RESET] no improvement for50-> reset pheromones
[ITER 460] bestGlobalCost=913875.18 (feasible=YES) bestThisIter=942478.25 feasibleAnts=15 noImprove=1 (elapsed 75.3799s)
[ITER 470] bestGlobalCost=913875.18 (feasible=YES) bestThisIter=916721.85 feasibleAnts=14 noImprove=11 (elapsed 76.8957s)
[ITER 480] bestGlobalCost=913875.18 (feasible=YES) bestThisIter=917675.81 feasibleAnts=15 noImprove=21 (elapsed 78.42s)
[ITER 490] bestGlobalCost=913875.18 (feasible=YES) bestThisIter=914649.22 feasibleAnts=14 noImprove=31 (elapsed 79.9617s)
[ITER 500] bestGlobalCost=913875.18 (feasible=YES) bestThisIter=919768.59 feasibleAnts=15 noImprove=41 (elapsed 81.5454s)
[RESET] no improvement for50-> reset pheromones
[ITER 510] bestGlobalCost=913875.18 (feasible=YES) bestThisIter=937169.51 feasibleAnts=15 noImprove=1 (elapsed 83.1795s)
[ITER 520] bestGlobalCost=913875.18 (feasible=YES) bestThisIter=914649.22 feasibleAnts=15 noImprove=11 (elapsed 84.7729s)
[ITER 530] bestGlobalCost=913875.18 (feasible=YES) bestThisIter=914854.41 feasibleAnts=15 noImprove=21 (elapsed 86.3035s)
[ITER 540] bestGlobalCost=913875.18 (feasible=YES) bestThisIter=916678.99 feasibleAnts=15 noImprove=31 (elapsed 87.8619s)
[ITER 550] bestGlobalCost=913875.18 (feasible=YES) bestThisIter=919513.27 feasibleAnts=15 noImprove=41 (elapsed 89.4419s)
[RESET] no improvement for50-> reset pheromones
[ITER 560] bestGlobalCost=913875.18 (feasible=YES) bestThisIter=961950.63 feasibleAnts=15 noImprove=1 (elapsed 91.0745s)
[ITER 570] bestGlobalCost=913875.18 (feasible=YES) bestThisIter=915719.71 feasibleAnts=14 noImprove=11 (elapsed 92.6056s)
[ITER 580] bestGlobalCost=913875.18 (feasible=YES) bestThisIter=921058.59 feasibleAnts=13 noImprove=21 (elapsed 94.1515s)
[ITER 590] bestGlobalCost=913875.18 (feasible=YES) bestThisIter=917901.92 feasibleAnts=15 noImprove=31 (elapsed 95.7455s)
[ITER 600] bestGlobalCost=913875.18 (feasible=YES) bestThisIter=925693.54 feasibleAnts=15 noImprove=41 (elapsed 97.3418s)
[RESET] no improvement for50-> reset pheromones
[ITER 610] bestGlobalCost=913875.18 (feasible=YES) bestThisIter=946215.68 feasibleAnts=15 noImprove=1 (elapsed 98.9761s)
[ITER 620] bestGlobalCost=913875.18 (feasible=YES) bestThisIter=915263.65 feasibleAnts=15 noImprove=11 (elapsed 100.504s)
[ITER 630] bestGlobalCost=913875.18 (feasible=YES) bestThisIter=917675.81 feasibleAnts=15 noImprove=21 (elapsed 102.022s)
[ITER 640] bestGlobalCost=913875.18 (feasible=YES) bestThisIter=920894.17 feasibleAnts=14 noImprove=31 (elapsed 103.571s)
[ITER 650] bestGlobalCost=913875.18 (feasible=YES) bestThisIter=914649.22 feasibleAnts=14 noImprove=41 (elapsed 105.179s)
[RESET] no improvement for50-> reset pheromones
[ITER 660] bestGlobalCost=913875.18 (feasible=YES) bestThisIter=934679.45 feasibleAnts=15 noImprove=1 (elapsed 106.824s)
[ITER 670] bestGlobalCost=913875.18 (feasible=YES) bestThisIter=920162.27 feasibleAnts=12 noImprove=11 (elapsed 108.329s)
[ITER 680] bestGlobalCost=913875.18 (feasible=YES) bestThisIter=916831.26 feasibleAnts=15 noImprove=21 (elapsed 109.904s)
[ITER 690] bestGlobalCost=913875.18 (feasible=YES) bestThisIter=920115.79 feasibleAnts=15 noImprove=31 (elapsed 111.469s)
[ITER 700] bestGlobalCost=913875.18 (feasible=YES) bestThisIter=926475.84 feasibleAnts=14 noImprove=41 (elapsed 113.061s)
[RESET] no improvement for50-> reset pheromones
[ITER 710] bestGlobalCost=913875.18 (feasible=YES) bestThisIter=928907.44 feasibleAnts=15 noImprove=1 (elapsed 114.668s)
[ITER 720] bestGlobalCost=913875.18 (feasible=YES) bestThisIter=918466.14 feasibleAnts=15 noImprove=11 (elapsed 116.214s)
[ITER 730] bestGlobalCost=913875.18 (feasible=YES) bestThisIter=920785.92 feasibleAnts=11 noImprove=21 (elapsed 117.731s)
[ITER 740] bestGlobalCost=913875.18 (feasible=YES) bestThisIter=928667.29 feasibleAnts=15 noImprove=31 (elapsed 119.309s)
[ITER 750] bestGlobalCost=913875.18 (feasible=YES) bestThisIter=920115.79 feasibleAnts=15 noImprove=41 (elapsed 120.873s)
[RESET] no improvement for50-> reset pheromones
[ITER 760] bestGlobalCost=913875.18 (feasible=YES) bestThisIter=935592.57 feasibleAnts=15 noImprove=1 (elapsed 122.533s)
[ITER 770] bestGlobalCost=913875.18 (feasible=YES) bestThisIter=919217.06 feasibleAnts=14 noImprove=11 (elapsed 124.045s)
[ITER 780] bestGlobalCost=913875.18 (feasible=YES) bestThisIter=917037.17 feasibleAnts=15 noImprove=21 (elapsed 125.644s)
[ITER 790] bestGlobalCost=913875.18 (feasible=YES) bestThisIter=921605.64 feasibleAnts=14 noImprove=31 (elapsed 127.261s)
[ITER 800] bestGlobalCost=913875.18 (feasible=YES) bestThisIter=933351.82 feasibleAnts=14 noImprove=41 (elapsed 128.817s)
[RESET] no improvement for50-> reset pheromones
[ITER 810] bestGlobalCost=913875.18 (feasible=YES) bestThisIter=939094.27 feasibleAnts=15 noImprove=1 (elapsed 130.467s)
[ITER 820] bestGlobalCost=913875.18 (feasible=YES) bestThisIter=923975.13 feasibleAnts=13 noImprove=11 (elapsed 132.028s)
[ITER 830] bestGlobalCost=913875.18 (feasible=YES) bestThisIter=916011.04 feasibleAnts=15 noImprove=21 (elapsed 133.549s)
[ITER 840] bestGlobalCost=913875.18 (feasible=YES) bestThisIter=919017.78 feasibleAnts=14 noImprove=31 (elapsed 135.141s)
[ITER 850] bestGlobalCost=913875.18 (feasible=YES) bestThisIter=918891.64 feasibleAnts=15 noImprove=41 (elapsed 136.732s)
[RESET] no improvement for50-> reset pheromones
[ITER 860] bestGlobalCost=913875.18 (feasible=YES) bestThisIter=939976.20 feasibleAnts=15 noImprove=1 (elapsed 138.362s)
[ITER 870] bestGlobalCost=913875.18 (feasible=YES) bestThisIter=922134.91 feasibleAnts=15 noImprove=11 (elapsed 139.895s)
[ITER 880] bestGlobalCost=913875.18 (feasible=YES) bestThisIter=921058.59 feasibleAnts=13 noImprove=21 (elapsed 141.418s)
[ITER 890] bestGlobalCost=913875.18 (feasible=YES) bestThisIter=917742.29 feasibleAnts=15 noImprove=31 (elapsed 142.981s)
[ITER 900] bestGlobalCost=913875.18 (feasible=YES) bestThisIter=917412.15 feasibleAnts=14 noImprove=41 (elapsed 144.546s)
[RESET] no improvement for50-> reset pheromones
[ITER 910] bestGlobalCost=913875.18 (feasible=YES) bestThisIter=930043.58 feasibleAnts=15 noImprove=1 (elapsed 146.18s)
[ITER 920] bestGlobalCost=913875.18 (feasible=YES) bestThisIter=917548.40 feasibleAnts=13 noImprove=11 (elapsed 147.708s)
[ITER 930] bestGlobalCost=913875.18 (feasible=YES) bestThisIter=924183.81 feasibleAnts=15 noImprove=21 (elapsed 149.252s)
[ITER 940] bestGlobalCost=913875.18 (feasible=YES) bestThisIter=915968.55 feasibleAnts=15 noImprove=31 (elapsed 150.839s)
[ITER 950] bestGlobalCost=913875.18 (feasible=YES) bestThisIter=917678.89 feasibleAnts=13 noImprove=41 (elapsed 152.406s)
[RESET] no improvement for50-> reset pheromones
[ITER 960] bestGlobalCost=913875.18 (feasible=YES) bestThisIter=952720.26 feasibleAnts=15 noImprove=1 (elapsed 154.072s)
[ITER 970] bestGlobalCost=913875.18 (feasible=YES) bestThisIter=914649.22 feasibleAnts=14 noImprove=11 (elapsed 155.606s)
[ITER 980] bestGlobalCost=913875.18 (feasible=YES) bestThisIter=923903.08 feasibleAnts=14 noImprove=21 (elapsed 157.547s)
[ITER 990] bestGlobalCost=913875.18 (feasible=YES) bestThisIter=918735.71 feasibleAnts=14 noImprove=31 (elapsed 159.624s)
[ITER 1000] bestGlobalCost=913875.18 (feasible=YES) bestThisIter=918142.97 feasibleAnts=15 noImprove=41 (elapsed 161.352s)
[RESET] no improvement for50-> reset pheromones
[ITER 1010] bestGlobalCost=913875.18 (feasible=YES) bestThisIter=936505.12 feasibleAnts=15 noImprove=1 (elapsed 162.995s)
[ITER 1020] bestGlobalCost=913875.18 (feasible=YES) bestThisIter=918142.97 feasibleAnts=13 noImprove=11 (elapsed 164.528s)
[ITER 1030] bestGlobalCost=913875.18 (feasible=YES) bestThisIter=915947.81 feasibleAnts=15 noImprove=21 (elapsed 166.057s)
[ITER 1040] bestGlobalCost=913875.18 (feasible=YES) bestThisIter=921737.70 feasibleAnts=13 noImprove=31 (elapsed 167.593s)
[ITER 1050] bestGlobalCost=913875.18 (feasible=YES) bestThisIter=919995.43 feasibleAnts=15 noImprove=41 (elapsed 169.149s)
[RESET] no improvement for50-> reset pheromones
[ITER 1060] bestGlobalCost=913875.18 (feasible=YES) bestThisIter=935027.59 feasibleAnts=15 noImprove=1 (elapsed 170.806s)
[ITER 1070] bestGlobalCost=913875.18 (feasible=YES) bestThisIter=927581.04 feasibleAnts=15 noImprove=11 (elapsed 172.352s)
[ITER 1080] bestGlobalCost=913875.18 (feasible=YES) bestThisIter=916946.15 feasibleAnts=15 noImprove=21 (elapsed 173.881s)
[ITER 1090] bestGlobalCost=913875.18 (feasible=YES) bestThisIter=919662.99 feasibleAnts=15 noImprove=31 (elapsed 175.448s)
[ITER 1100] bestGlobalCost=913875.18 (feasible=YES) bestThisIter=919581.37 feasibleAnts=14 noImprove=41 (elapsed 177.007s)
[RESET] no improvement for50-> reset pheromones
[ITER 1110] bestGlobalCost=913875.18 (feasible=YES) bestThisIter=947468.21 feasibleAnts=15 noImprove=1 (elapsed 178.673s)
[ITER 1120] bestGlobalCost=913875.18 (feasible=YES) bestThisIter=923461.46 feasibleAnts=14 noImprove=11 (elapsed 180.217s)
[ITER 1130] bestGlobalCost=913875.18 (feasible=YES) bestThisIter=914649.22 feasibleAnts=15 noImprove=21 (elapsed 181.773s)
[ITER 1140] bestGlobalCost=913875.18 (feasible=YES) bestThisIter=914649.22 feasibleAnts=15 noImprove=31 (elapsed 183.332s)
[ITER 1150] bestGlobalCost=913875.18 (feasible=YES) bestThisIter=931741.29 feasibleAnts=12 noImprove=41 (elapsed 184.904s)
[RESET] no improvement for50-> reset pheromones
[ITER 1160] bestGlobalCost=913875.18 (feasible=YES) bestThisIter=946955.99 feasibleAnts=15 noImprove=1 (elapsed 186.601s)
[ITER 1170] bestGlobalCost=913875.18 (feasible=YES) bestThisIter=919063.73 feasibleAnts=14 noImprove=11 (elapsed 188.147s)
[ITER 1180] bestGlobalCost=913875.18 (feasible=YES) bestThisIter=919217.06 feasibleAnts=14 noImprove=21 (elapsed 189.676s)
[ITER 1190] bestGlobalCost=913875.18 (feasible=YES) bestThisIter=919147.42 feasibleAnts=15 noImprove=31 (elapsed 191.227s)
[ITER 1200] bestGlobalCost=913875.18 (feasible=YES) bestThisIter=919745.04 feasibleAnts=14 noImprove=41 (elapsed 192.812s)
[RESET] no improvement for50-> reset pheromones
[ITER 1210] bestGlobalCost=913875.18 (feasible=YES) bestThisIter=959331.71 feasibleAnts=15 noImprove=1 (elapsed 194.444s)
[ITER 1220] bestGlobalCost=913875.18 (feasible=YES) bestThisIter=917469.36 feasibleAnts=13 noImprove=11 (elapsed 195.981s)
[ITER 1230] bestGlobalCost=913875.18 (feasible=YES) bestThisIter=918937.69 feasibleAnts=15 noImprove=21 (elapsed 197.554s)
[ITER 1240] bestGlobalCost=913875.18 (feasible=YES) bestThisIter=920325.01 feasibleAnts=14 noImprove=31 (elapsed 199.079s)
[ITER 1250] bestGlobalCost=913875.18 (feasible=YES) bestThisIter=916097.53 feasibleAnts=15 noImprove=41 (elapsed 200.642s)
[RESET] no improvement for50-> reset pheromones
[ITER 1260] bestGlobalCost=913875.18 (feasible=YES) bestThisIter=961700.92 feasibleAnts=15 noImprove=1 (elapsed 202.286s)
[ITER 1270] bestGlobalCost=913875.18 (feasible=YES) bestThisIter=919362.53 feasibleAnts=15 noImprove=11 (elapsed 203.8s)
[ITER 1280] bestGlobalCost=913875.18 (feasible=YES) bestThisIter=918342.09 feasibleAnts=14 noImprove=21 (elapsed 205.686s)
[ITER 1290] bestGlobalCost=913875.18 (feasible=YES) bestThisIter=914649.22 feasibleAnts=13 noImprove=31 (elapsed 207.793s)
[ITER 1300] bestGlobalCost=913875.18 (feasible=YES) bestThisIter=918466.14 feasibleAnts=14 noImprove=41 (elapsed 209.48s)
[RESET] no improvement for50-> reset pheromones
[ITER 1310] bestGlobalCost=913875.18 (feasible=YES) bestThisIter=940672.07 feasibleAnts=15 noImprove=1 (elapsed 211.11s)
[ITER 1320] bestGlobalCost=913875.18 (feasible=YES) bestThisIter=924885.32 feasibleAnts=15 noImprove=11 (elapsed 212.654s)
[ITER 1330] bestGlobalCost=913875.18 (feasible=YES) bestThisIter=916705.94 feasibleAnts=13 noImprove=21 (elapsed 214.168s)
[ITER 1340] bestGlobalCost=913875.18 (feasible=YES) bestThisIter=916831.26 feasibleAnts=15 noImprove=31 (elapsed 215.721s)
[ITER 1350] bestGlobalCost=913875.18 (feasible=YES) bestThisIter=919765.55 feasibleAnts=15 noImprove=41 (elapsed 217.652s)
[RESET] no improvement for50-> reset pheromones
[ITER 1360] bestGlobalCost=913875.18 (feasible=YES) bestThisIter=946449.29 feasibleAnts=15 noImprove=1 (elapsed 219.8s)
[ITER 1370] bestGlobalCost=913875.18 (feasible=YES) bestThisIter=918807.33 feasibleAnts=15 noImprove=11 (elapsed 221.456s)
[ITER 1380] bestGlobalCost=913875.18 (feasible=YES) bestThisIter=914649.22 feasibleAnts=14 noImprove=21 (elapsed 223.056s)
[ITER 1390] bestGlobalCost=913875.18 (feasible=YES) bestThisIter=924944.64 feasibleAnts=15 noImprove=31 (elapsed 224.608s)
[ITER 1400] bestGlobalCost=913875.18 (feasible=YES) bestThisIter=922684.00 feasibleAnts=15 noImprove=41 (elapsed 226.177s)
[RESET] no improvement for50-> reset pheromones
[ITER 1410] bestGlobalCost=913875.18 (feasible=YES) bestThisIter=929475.39 feasibleAnts=15 noImprove=1 (elapsed 227.823s)
[ITER 1420] bestGlobalCost=913875.18 (feasible=YES) bestThisIter=926642.42 feasibleAnts=14 noImprove=11 (elapsed 229.352s)
[ITER 1430] bestGlobalCost=913875.18 (feasible=YES) bestThisIter=916097.53 feasibleAnts=15 noImprove=21 (elapsed 230.894s)
[ITER 1440] bestGlobalCost=913875.18 (feasible=YES) bestThisIter=916884.71 feasibleAnts=14 noImprove=31 (elapsed 232.454s)
[ITER 1450] bestGlobalCost=913875.18 (feasible=YES) bestThisIter=921959.89 feasibleAnts=14 noImprove=41 (elapsed 234.049s)
[RESET] no improvement for50-> reset pheromones
[ITER 1460] bestGlobalCost=913875.18 (feasible=YES) bestThisIter=948652.13 feasibleAnts=15 noImprove=1 (elapsed 235.7s)
[ITER 1470] bestGlobalCost=913875.18 (feasible=YES) bestThisIter=919104.70 feasibleAnts=14 noImprove=11 (elapsed 237.252s)
[ITER 1480] bestGlobalCost=913875.18 (feasible=YES) bestThisIter=922292.42 feasibleAnts=15 noImprove=21 (elapsed 238.798s)
[ITER 1490] bestGlobalCost=913875.18 (feasible=YES) bestThisIter=918466.14 feasibleAnts=14 noImprove=31 (elapsed 240.35s)
[ITER 1500] bestGlobalCost=913875.18 (feasible=YES) bestThisIter=916831.26 feasibleAnts=15 noImprove=41 (elapsed 241.917s)
[RESET] no improvement for50-> reset pheromones
[ITER 1510] bestGlobalCost=913875.18 (feasible=YES) bestThisIter=949631.87 feasibleAnts=15 noImprove=1 (elapsed 243.528s)
[ITER 1520] bestGlobalCost=913875.18 (feasible=YES) bestThisIter=916831.26 feasibleAnts=14 noImprove=11 (elapsed 245.295s)
[ITER 1530] bestGlobalCost=913875.18 (feasible=YES) bestThisIter=917039.04 feasibleAnts=14 noImprove=21 (elapsed 247.367s)
[ITER 1540] bestGlobalCost=913875.18 (feasible=YES) bestThisIter=914649.22 feasibleAnts=15 noImprove=31 (elapsed 249.156s)
[ITER 1550] bestGlobalCost=913875.18 (feasible=YES) bestThisIter=918342.09 feasibleAnts=14 noImprove=41 (elapsed 250.699s)
[RESET] no improvement for50-> reset pheromones
[ITER 1560] bestGlobalCost=913875.18 (feasible=YES) bestThisIter=958238.51 feasibleAnts=15 noImprove=1 (elapsed 252.312s)
[ITER 1570] bestGlobalCost=913875.18 (feasible=YES) bestThisIter=916148.07 feasibleAnts=15 noImprove=11 (elapsed 253.826s)
[ITER 1580] bestGlobalCost=913875.18 (feasible=YES) bestThisIter=920588.07 feasibleAnts=15 noImprove=21 (elapsed 255.377s)
[ITER 1590] bestGlobalCost=913875.18 (feasible=YES) bestThisIter=927519.29 feasibleAnts=15 noImprove=31 (elapsed 256.928s)
[ITER 1600] bestGlobalCost=913875.18 (feasible=YES) bestThisIter=920006.94 feasibleAnts=15 noImprove=41 (elapsed 258.486s)
[RESET] no improvement for50-> reset pheromones
[ITER 1610] bestGlobalCost=913875.18 (feasible=YES) bestThisIter=940095.29 feasibleAnts=15 noImprove=1 (elapsed 260.091s)
[ITER 1620] bestGlobalCost=913875.18 (feasible=YES) bestThisIter=916831.26 feasibleAnts=14 noImprove=11 (elapsed 261.627s)
[ITER 1630] bestGlobalCost=913875.18 (feasible=YES) bestThisIter=916831.26 feasibleAnts=14 noImprove=21 (elapsed 263.158s)
[ITER 1640] bestGlobalCost=913875.18 (feasible=YES) bestThisIter=921095.58 feasibleAnts=14 noImprove=31 (elapsed 264.714s)
[ITER 1650] bestGlobalCost=913875.18 (feasible=YES) bestThisIter=914649.22 feasibleAnts=15 noImprove=41 (elapsed 266.298s)
[RESET] no improvement for50-> reset pheromones
[ITER 1660] bestGlobalCost=913875.18 (feasible=YES) bestThisIter=928588.98 feasibleAnts=15 noImprove=1 (elapsed 267.93s)
[ITER 1670] bestGlobalCost=913875.18 (feasible=YES) bestThisIter=923935.87 feasibleAnts=14 noImprove=11 (elapsed 269.831s)
[ITER 1680] bestGlobalCost=913875.18 (feasible=YES) bestThisIter=915947.81 feasibleAnts=14 noImprove=21 (elapsed 271.882s)
[ITER 1690] bestGlobalCost=913875.18 (feasible=YES) bestThisIter=916097.53 feasibleAnts=13 noImprove=31 (elapsed 273.539s)
[ITER 1700] bestGlobalCost=913875.18 (feasible=YES) bestThisIter=918142.97 feasibleAnts=14 noImprove=41 (elapsed 275.095s)
[RESET] no improvement for50-> reset pheromones
[ITER 1710] bestGlobalCost=913875.18 (feasible=YES) bestThisIter=949459.18 feasibleAnts=15 noImprove=1 (elapsed 276.706s)
[ITER 1720] bestGlobalCost=913875.18 (feasible=YES) bestThisIter=918142.97 feasibleAnts=13 noImprove=11 (elapsed 278.267s)
[ITER 1730] bestGlobalCost=913875.18 (feasible=YES) bestThisIter=916097.53 feasibleAnts=14 noImprove=21 (elapsed 279.804s)
[ITER 1740] bestGlobalCost=913875.18 (feasible=YES) bestThisIter=918638.53 feasibleAnts=15 noImprove=31 (elapsed 281.715s)
[ITER 1750] bestGlobalCost=913875.18 (feasible=YES) bestThisIter=916831.26 feasibleAnts=14 noImprove=41 (elapsed 283.845s)
[RESET] no improvement for50-> reset pheromones
[ITER 1760] bestGlobalCost=913875.18 (feasible=YES) bestThisIter=930838.18 feasibleAnts=15 noImprove=1 (elapsed 285.584s)
[ITER 1770] bestGlobalCost=913875.18 (feasible=YES) bestThisIter=916831.26 feasibleAnts=15 noImprove=11 (elapsed 287.114s)
[ITER 1780] bestGlobalCost=913875.18 (feasible=YES) bestThisIter=919536.63 feasibleAnts=15 noImprove=21 (elapsed 288.639s)
[ITER 1790] bestGlobalCost=913875.18 (feasible=YES) bestThisIter=921048.10 feasibleAnts=14 noImprove=31 (elapsed 290.194s)
[ITER 1800] bestGlobalCost=913875.18 (feasible=YES) bestThisIter=918127.30 feasibleAnts=14 noImprove=41 (elapsed 291.786s)
[RESET] no improvement for50-> reset pheromones
[ITER 1810] bestGlobalCost=913875.18 (feasible=YES) bestThisIter=953430.02 feasibleAnts=15 noImprove=1 (elapsed 293.396s)
[ITER 1820] bestGlobalCost=913875.18 (feasible=YES) bestThisIter=917469.36 feasibleAnts=14 noImprove=11 (elapsed 294.922s)
[ITER 1830] bestGlobalCost=913875.18 (feasible=YES) bestThisIter=919430.19 feasibleAnts=14 noImprove=21 (elapsed 296.471s)
[ITER 1840] bestGlobalCost=913875.18 (feasible=YES) bestThisIter=925526.51 feasibleAnts=14 noImprove=31 (elapsed 298.019s)
[ITER 1850] bestGlobalCost=913875.18 (feasible=YES) bestThisIter=916705.94 feasibleAnts=14 noImprove=41 (elapsed 299.57s)
2 6 13 30 35 41 65 77 80 125 128 151 158 161 167 177 181 187 193 
3 33 36 45 57 59 69 73 74 81 97 100 108 131 142 156 180 189 197 
11 16 44 48 51 52 63 66 84 87 96 104 116 119 122 126 153 165 166 170 188 194 
4 10 12 14 18 19 49 60 92 93 99 101 106 110 149 163 175 179 190 192 
7 9 24 26 29 32 37 46 61 78 82 118 124 136 138 172 184 199 
20 22 31 42 47 54 55 64 67 75 107 109 112 120 127 134 135 155 157 162 186 
5 28 38 43 50 56 62 71 72 83 86 113 130 133 137 139 152 176 178 185 
21 23 68 70 76 89 91 94 95 102 140 144 150 154 164 168 169 173 182 195 
8 17 25 34 39 58 88 90 98 103 105 114 129 141 143 146 148 171 183 196 200 
1 15 27 40 53 79 85 111 115 117 121 123 132 145 147 159 160 174 191 198 
[SAVELOGS] evolution saved to results/logs/aco_logs/evolution/kroA200_10_2.txt
[SAVELOGS] best cost saved to results/logs/aco_logs/objectives/kroA200_10_2.txt
[SAVELOGS] best solution saved to results/logs/aco_logs/solutions/kroA200_10_2.txt
