[ITER 1] New best cost=8933148.99 (feasible=YES, time 0.469247s)
[ITER 6] New best cost=8901660.27 (feasible=YES, time 2.15823s)
[ITER 8] New best cost=8853196.97 (feasible=YES, time 3.17507s)
[ITER 10] bestGlobalCost=8853196.97 (feasible=YES) bestThisIter=8922057.33 feasibleAnts=5 noImprove=2 (elapsed 4.48156s)
[ITER 11] New best cost=8853185.21 (feasible=YES, time 4.78835s)
[ITER 20] bestGlobalCost=8853185.21 (feasible=YES) bestThisIter=8853185.21 feasibleAnts=5 noImprove=9 (elapsed 8.54175s)
[ITER 30] bestGlobalCost=8853185.21 (feasible=YES) bestThisIter=8897013.45 feasibleAnts=5 noImprove=19 (elapsed 13.7997s)
[ITER 40] bestGlobalCost=8853185.21 (feasible=YES) bestThisIter=8955014.34 feasibleAnts=5 noImprove=29 (elapsed 18.3667s)
[ITER 50] bestGlobalCost=8853185.21 (feasible=YES) bestThisIter=8936385.02 feasibleAnts=5 noImprove=39 (elapsed 22.5322s)
[ITER 60] bestGlobalCost=8853185.21 (feasible=YES) bestThisIter=9112798.54 feasibleAnts=5 noImprove=49 (elapsed 27.8449s)
[RESET] no improvement for50-> reset pheromones
[ITER 70] bestGlobalCost=8853185.21 (feasible=YES) bestThisIter=8853185.21 feasibleAnts=5 noImprove=9 (elapsed 32.5139s)
[ITER 80] bestGlobalCost=8853185.21 (feasible=YES) bestThisIter=9016686.69 feasibleAnts=5 noImprove=19 (elapsed 36.7373s)
[ITER 90] bestGlobalCost=8853185.21 (feasible=YES) bestThisIter=8927643.26 feasibleAnts=5 noImprove=29 (elapsed 41.5576s)
[ITER 100] bestGlobalCost=8853185.21 (feasible=YES) bestThisIter=8874262.12 feasibleAnts=5 noImprove=39 (elapsed 46.4458s)
[ITER 110] bestGlobalCost=8853185.21 (feasible=YES) bestThisIter=9017785.13 feasibleAnts=5 noImprove=49 (elapsed 51.7018s)
[RESET] no improvement for50-> reset pheromones
[ITER 120] bestGlobalCost=8853185.21 (feasible=YES) bestThisIter=8853185.21 feasibleAnts=7 noImprove=9 (elapsed 56.178s)
[ITER 130] bestGlobalCost=8853185.21 (feasible=YES) bestThisIter=8854602.60 feasibleAnts=5 noImprove=19 (elapsed 59.8272s)
[ITER 140] bestGlobalCost=8853185.21 (feasible=YES) bestThisIter=8962395.95 feasibleAnts=5 noImprove=29 (elapsed 65.2528s)
[ITER 150] bestGlobalCost=8853185.21 (feasible=YES) bestThisIter=8965323.63 feasibleAnts=5 noImprove=39 (elapsed 71.5644s)
[ITER 160] bestGlobalCost=8853185.21 (feasible=YES) bestThisIter=8921840.48 feasibleAnts=5 noImprove=49 (elapsed 76.8468s)
[RESET] no improvement for50-> reset pheromones
[ITER 164] New best cost=8841936.59 (feasible=YES, time 78.4848s)
[ITER 170] bestGlobalCost=8841936.59 (feasible=YES) bestThisIter=8841936.59 feasibleAnts=6 noImprove=6 (elapsed 80.9563s)
[ITER 180] bestGlobalCost=8841936.59 (feasible=YES) bestThisIter=8944678.01 feasibleAnts=5 noImprove=16 (elapsed 84.9794s)
[ITER 182] New best cost=8833297.91 (feasible=YES, time 85.5367s)
[ITER 186] New best cost=8805049.69 (feasible=YES, time 86.6345s)
[ITER 190] bestGlobalCost=8805049.69 (feasible=YES) bestThisIter=8805049.69 feasibleAnts=6 noImprove=4 (elapsed 88.3181s)
[ITER 200] bestGlobalCost=8805049.69 (feasible=YES) bestThisIter=8931750.31 feasibleAnts=5 noImprove=14 (elapsed 94.5157s)
[ITER 210] bestGlobalCost=8805049.69 (feasible=YES) bestThisIter=8940784.33 feasibleAnts=5 noImprove=24 (elapsed 99.7698s)
[ITER 220] bestGlobalCost=8805049.69 (feasible=YES) bestThisIter=9032530.05 feasibleAnts=5 noImprove=34 (elapsed 105.068s)
[ITER 230] bestGlobalCost=8805049.69 (feasible=YES) bestThisIter=8968353.68 feasibleAnts=5 noImprove=44 (elapsed 109.408s)
[RESET] no improvement for50-> reset pheromones
[ITER 240] bestGlobalCost=8805049.69 (feasible=YES) bestThisIter=8805049.69 feasibleAnts=11 noImprove=4 (elapsed 114.467s)
[ITER 250] bestGlobalCost=8805049.69 (feasible=YES) bestThisIter=8929611.75 feasibleAnts=5 noImprove=14 (elapsed 119.434s)
[ITER 260] bestGlobalCost=8805049.69 (feasible=YES) bestThisIter=8980027.25 feasibleAnts=5 noImprove=24 (elapsed 124.105s)
[ITER 270] bestGlobalCost=8805049.69 (feasible=YES) bestThisIter=9102954.10 feasibleAnts=6 noImprove=34 (elapsed 128.528s)
[ITER 280] bestGlobalCost=8805049.69 (feasible=YES) bestThisIter=8965807.20 feasibleAnts=5 noImprove=44 (elapsed 133.831s)
[RESET] no improvement for50-> reset pheromones
[ITER 290] bestGlobalCost=8805049.69 (feasible=YES) bestThisIter=8805049.69 feasibleAnts=9 noImprove=4 (elapsed 139.361s)
[ITER 300] bestGlobalCost=8805049.69 (feasible=YES) bestThisIter=8805049.69 feasibleAnts=5 noImprove=14 (elapsed 143.689s)
[ITER 310] bestGlobalCost=8805049.69 (feasible=YES) bestThisIter=8944894.62 feasibleAnts=5 noImprove=24 (elapsed 148.144s)
[ITER 320] bestGlobalCost=8805049.69 (feasible=YES) bestThisIter=8923644.21 feasibleAnts=5 noImprove=34 (elapsed 152.16s)
[ITER 330] bestGlobalCost=8805049.69 (feasible=YES) bestThisIter=8873114.08 feasibleAnts=5 noImprove=44 (elapsed 157.774s)
[RESET] no improvement for50-> reset pheromones
[ITER 340] bestGlobalCost=8805049.69 (feasible=YES) bestThisIter=8805049.69 feasibleAnts=14 noImprove=4 (elapsed 162.628s)
[ITER 350] bestGlobalCost=8805049.69 (feasible=YES) bestThisIter=8986995.72 feasibleAnts=5 noImprove=14 (elapsed 168.037s)
[ITER 360] bestGlobalCost=8805049.69 (feasible=YES) bestThisIter=8912356.16 feasibleAnts=5 noImprove=24 (elapsed 173.135s)
[ITER 370] bestGlobalCost=8805049.69 (feasible=YES) bestThisIter=8992108.29 feasibleAnts=5 noImprove=34 (elapsed 178.037s)
[ITER 380] bestGlobalCost=8805049.69 (feasible=YES) bestThisIter=9015095.96 feasibleAnts=5 noImprove=44 (elapsed 183.534s)
[RESET] no improvement for50-> reset pheromones
[ITER 390] bestGlobalCost=8805049.69 (feasible=YES) bestThisIter=8805049.69 feasibleAnts=15 noImprove=4 (elapsed 189.033s)
[ITER 400] bestGlobalCost=8805049.69 (feasible=YES) bestThisIter=8903162.67 feasibleAnts=5 noImprove=14 (elapsed 193.672s)
[ITER 410] bestGlobalCost=8805049.69 (feasible=YES) bestThisIter=8951939.71 feasibleAnts=5 noImprove=24 (elapsed 198.067s)
[ITER 420] bestGlobalCost=8805049.69 (feasible=YES) bestThisIter=8926081.60 feasibleAnts=5 noImprove=34 (elapsed 202.814s)
[ITER 430] bestGlobalCost=8805049.69 (feasible=YES) bestThisIter=8955810.98 feasibleAnts=5 noImprove=44 (elapsed 207.192s)
[RESET] no improvement for50-> reset pheromones
[ITER 440] bestGlobalCost=8805049.69 (feasible=YES) bestThisIter=8805049.69 feasibleAnts=9 noImprove=4 (elapsed 212.06s)
[ITER 450] bestGlobalCost=8805049.69 (feasible=YES) bestThisIter=8950765.94 feasibleAnts=5 noImprove=14 (elapsed 217.535s)
[ITER 460] bestGlobalCost=8805049.69 (feasible=YES) bestThisIter=8833297.91 feasibleAnts=5 noImprove=24 (elapsed 222.392s)
[ITER 470] bestGlobalCost=8805049.69 (feasible=YES) bestThisIter=8991552.72 feasibleAnts=5 noImprove=34 (elapsed 228.38s)
[ITER 480] bestGlobalCost=8805049.69 (feasible=YES) bestThisIter=9030364.18 feasibleAnts=5 noImprove=44 (elapsed 233.283s)
[RESET] no improvement for50-> reset pheromones
[ITER 490] bestGlobalCost=8805049.69 (feasible=YES) bestThisIter=8805049.69 feasibleAnts=11 noImprove=4 (elapsed 238.554s)
[ITER 500] bestGlobalCost=8805049.69 (feasible=YES) bestThisIter=8876025.15 feasibleAnts=5 noImprove=14 (elapsed 243.249s)
[ITER 510] bestGlobalCost=8805049.69 (feasible=YES) bestThisIter=8961198.90 feasibleAnts=5 noImprove=24 (elapsed 248.062s)
[ITER 520] bestGlobalCost=8805049.69 (feasible=YES) bestThisIter=8955809.51 feasibleAnts=5 noImprove=34 (elapsed 253.095s)
[ITER 530] bestGlobalCost=8805049.69 (feasible=YES) bestThisIter=8993820.94 feasibleAnts=5 noImprove=44 (elapsed 257.617s)
[RESET] no improvement for50-> reset pheromones
[ITER 540] bestGlobalCost=8805049.69 (feasible=YES) bestThisIter=8805049.69 feasibleAnts=11 noImprove=4 (elapsed 262.145s)
[ITER 550] bestGlobalCost=8805049.69 (feasible=YES) bestThisIter=8919580.24 feasibleAnts=5 noImprove=14 (elapsed 266.623s)
[ITER 560] bestGlobalCost=8805049.69 (feasible=YES) bestThisIter=9064019.49 feasibleAnts=5 noImprove=24 (elapsed 271.644s)
[ITER 570] bestGlobalCost=8805049.69 (feasible=YES) bestThisIter=8961953.61 feasibleAnts=5 noImprove=34 (elapsed 276.541s)
[ITER 580] bestGlobalCost=8805049.69 (feasible=YES) bestThisIter=8948301.62 feasibleAnts=5 noImprove=44 (elapsed 281.363s)
[RESET] no improvement for50-> reset pheromones
[ITER 590] bestGlobalCost=8805049.69 (feasible=YES) bestThisIter=8805049.69 feasibleAnts=7 noImprove=4 (elapsed 287.021s)
[ITER 600] bestGlobalCost=8805049.69 (feasible=YES) bestThisIter=8893976.35 feasibleAnts=5 noImprove=14 (elapsed 291.583s)
[ITER 610] bestGlobalCost=8805049.69 (feasible=YES) bestThisIter=8920003.07 feasibleAnts=5 noImprove=24 (elapsed 296.914s)
139 140 141 142 143 144 145 146 147 163 164 165 166 167 168 169 170 171 172 173 174 175 176 177 178 180 212 214 215 216 217 218 219 220 221 222 224 225 226 237 238 239 240 241 242 243 244 245 246 247 248 250 252 264 
41 44 45 46 47 48 49 50 51 52 53 54 55 56 57 58 59 122 123 124 125 126 127 128 148 149 150 151 152 153 154 155 156 157 158 159 160 161 162 223 227 228 229 230 231 232 233 234 235 236 
1 16 21 23 24 25 26 28 29 30 31 32 33 34 35 36 37 38 39 40 42 43 60 61 62 63 64 65 66 67 69 70 71 72 73 96 100 101 104 105 106 108 110 112 113 114 115 116 117 118 119 120 121 129 
2 3 4 5 6 7 8 9 10 11 12 13 14 15 17 18 19 20 22 27 68 74 75 76 77 78 79 80 81 82 83 84 85 86 87 88 89 90 91 92 93 94 95 97 98 99 102 103 107 109 111 130 131 132 
133 134 135 136 137 138 179 181 182 183 184 185 186 187 188 189 190 191 192 193 194 195 196 197 198 199 200 201 202 203 204 205 206 207 208 209 210 211 213 249 251 253 254 255 256 257 258 259 260 261 262 263 
[SAVELOGS] evolution saved to results/logs/aco_logs/evolution/pr264_05_4.txt
[SAVELOGS] best cost saved to results/logs/aco_logs/objectives/pr264_05_4.txt
[SAVELOGS] best solution saved to results/logs/aco_logs/solutions/pr264_05_4.txt
