[ITER 1] New best cost=8908024.58 (feasible=YES, time 0.486203s)
[ITER 4] New best cost=8847193.67 (feasible=YES, time 2.15055s)
[ITER 10] bestGlobalCost=8847193.67 (feasible=YES) bestThisIter=8847193.67 feasibleAnts=5 noImprove=6 (elapsed 5.27534s)
[ITER 20] bestGlobalCost=8847193.67 (feasible=YES) bestThisIter=8990759.51 feasibleAnts=5 noImprove=16 (elapsed 9.49816s)
[ITER 30] bestGlobalCost=8847193.67 (feasible=YES) bestThisIter=9116486.80 feasibleAnts=5 noImprove=26 (elapsed 14.5496s)
[ITER 40] bestGlobalCost=8847193.67 (feasible=YES) bestThisIter=8983412.33 feasibleAnts=5 noImprove=36 (elapsed 19.1996s)
[ITER 50] bestGlobalCost=8847193.67 (feasible=YES) bestThisIter=9002487.37 feasibleAnts=5 noImprove=46 (elapsed 23.9888s)
[RESET] no improvement for50-> reset pheromones
[ITER 60] New best cost=8847120.52 (feasible=YES, time 28.8164s)
[ITER 60] bestGlobalCost=8847120.52 (feasible=YES) bestThisIter=8847120.52 feasibleAnts=7 noImprove=0 (elapsed 28.8203s)
[ITER 70] bestGlobalCost=8847120.52 (feasible=YES) bestThisIter=8904990.73 feasibleAnts=5 noImprove=10 (elapsed 33.5323s)
[ITER 80] bestGlobalCost=8847120.52 (feasible=YES) bestThisIter=8912947.48 feasibleAnts=5 noImprove=20 (elapsed 38.3245s)
[ITER 90] bestGlobalCost=8847120.52 (feasible=YES) bestThisIter=9047779.13 feasibleAnts=5 noImprove=30 (elapsed 44.0853s)
[ITER 100] bestGlobalCost=8847120.52 (feasible=YES) bestThisIter=8933559.84 feasibleAnts=5 noImprove=40 (elapsed 48.6216s)
[ITER 110] bestGlobalCost=8847120.52 (feasible=YES) bestThisIter=8972710.36 feasibleAnts=5 noImprove=50 (elapsed 54.3316s)
[RESET] no improvement for50-> reset pheromones
[ITER 120] bestGlobalCost=8847120.52 (feasible=YES) bestThisIter=8847120.52 feasibleAnts=5 noImprove=10 (elapsed 58.4529s)
[ITER 121] New best cost=8842202.31 (feasible=YES, time 58.7464s)
[ITER 130] bestGlobalCost=8842202.31 (feasible=YES) bestThisIter=8904040.31 feasibleAnts=5 noImprove=9 (elapsed 62.3274s)
[ITER 140] bestGlobalCost=8842202.31 (feasible=YES) bestThisIter=8958074.28 feasibleAnts=5 noImprove=19 (elapsed 66.9382s)
[ITER 150] bestGlobalCost=8842202.31 (feasible=YES) bestThisIter=9034554.66 feasibleAnts=5 noImprove=29 (elapsed 71.2541s)
[ITER 160] bestGlobalCost=8842202.31 (feasible=YES) bestThisIter=9015680.93 feasibleAnts=5 noImprove=39 (elapsed 76.5444s)
[ITER 170] bestGlobalCost=8842202.31 (feasible=YES) bestThisIter=8988760.66 feasibleAnts=5 noImprove=49 (elapsed 81.9488s)
[RESET] no improvement for50-> reset pheromones
[ITER 180] bestGlobalCost=8842202.31 (feasible=YES) bestThisIter=8969143.65 feasibleAnts=5 noImprove=9 (elapsed 86.5531s)
[ITER 190] bestGlobalCost=8842202.31 (feasible=YES) bestThisIter=9084657.47 feasibleAnts=5 noImprove=19 (elapsed 90.9071s)
[ITER 200] bestGlobalCost=8842202.31 (feasible=YES) bestThisIter=9063687.55 feasibleAnts=5 noImprove=29 (elapsed 95.5489s)
[ITER 210] bestGlobalCost=8842202.31 (feasible=YES) bestThisIter=8948637.47 feasibleAnts=5 noImprove=39 (elapsed 101.055s)
[ITER 220] bestGlobalCost=8842202.31 (feasible=YES) bestThisIter=8975912.34 feasibleAnts=5 noImprove=49 (elapsed 105.498s)
[RESET] no improvement for50-> reset pheromones
[ITER 230] bestGlobalCost=8842202.31 (feasible=YES) bestThisIter=8946399.70 feasibleAnts=5 noImprove=9 (elapsed 110.693s)
[ITER 240] bestGlobalCost=8842202.31 (feasible=YES) bestThisIter=8942074.34 feasibleAnts=5 noImprove=19 (elapsed 116.004s)
[ITER 250] bestGlobalCost=8842202.31 (feasible=YES) bestThisIter=8932367.60 feasibleAnts=5 noImprove=29 (elapsed 120.177s)
[ITER 260] bestGlobalCost=8842202.31 (feasible=YES) bestThisIter=8952507.75 feasibleAnts=5 noImprove=39 (elapsed 125.223s)
[ITER 270] bestGlobalCost=8842202.31 (feasible=YES) bestThisIter=8968793.87 feasibleAnts=5 noImprove=49 (elapsed 130.476s)
[RESET] no improvement for50-> reset pheromones
[ITER 273] New best cost=8841936.59 (feasible=YES, time 131.8s)
[ITER 280] bestGlobalCost=8841936.59 (feasible=YES) bestThisIter=8882131.99 feasibleAnts=6 noImprove=7 (elapsed 135.429s)
[ITER 290] bestGlobalCost=8841936.59 (feasible=YES) bestThisIter=8980238.19 feasibleAnts=5 noImprove=17 (elapsed 139.119s)
[ITER 300] bestGlobalCost=8841936.59 (feasible=YES) bestThisIter=9000030.19 feasibleAnts=5 noImprove=27 (elapsed 143.995s)
[ITER 310] bestGlobalCost=8841936.59 (feasible=YES) bestThisIter=8963029.93 feasibleAnts=5 noImprove=37 (elapsed 149.898s)
[ITER 320] bestGlobalCost=8841936.59 (feasible=YES) bestThisIter=9049839.18 feasibleAnts=5 noImprove=47 (elapsed 154.993s)
[RESET] no improvement for50-> reset pheromones
[ITER 330] bestGlobalCost=8841936.59 (feasible=YES) bestThisIter=8841936.59 feasibleAnts=6 noImprove=7 (elapsed 159.489s)
[ITER 340] bestGlobalCost=8841936.59 (feasible=YES) bestThisIter=9039044.77 feasibleAnts=5 noImprove=17 (elapsed 163.525s)
[ITER 350] bestGlobalCost=8841936.59 (feasible=YES) bestThisIter=8931416.88 feasibleAnts=5 noImprove=27 (elapsed 168.753s)
[ITER 360] bestGlobalCost=8841936.59 (feasible=YES) bestThisIter=9044368.32 feasibleAnts=5 noImprove=37 (elapsed 173.576s)
[ITER 370] bestGlobalCost=8841936.59 (feasible=YES) bestThisIter=8902210.14 feasibleAnts=5 noImprove=47 (elapsed 178.886s)
[RESET] no improvement for50-> reset pheromones
[ITER 380] bestGlobalCost=8841936.59 (feasible=YES) bestThisIter=8841936.59 feasibleAnts=6 noImprove=7 (elapsed 183.403s)
[ITER 384] New best cost=8839112.87 (feasible=YES, time 185.22s)
[ITER 390] New best cost=8833297.91 (feasible=YES, time 188.121s)
[ITER 390] bestGlobalCost=8833297.91 (feasible=YES) bestThisIter=8833297.91 feasibleAnts=5 noImprove=0 (elapsed 188.125s)
[ITER 392] New best cost=8805049.69 (feasible=YES, time 188.788s)
[ITER 400] bestGlobalCost=8805049.69 (feasible=YES) bestThisIter=8988772.50 feasibleAnts=5 noImprove=8 (elapsed 192.856s)
[ITER 410] bestGlobalCost=8805049.69 (feasible=YES) bestThisIter=9034833.69 feasibleAnts=5 noImprove=18 (elapsed 197.24s)
[ITER 420] bestGlobalCost=8805049.69 (feasible=YES) bestThisIter=8941126.28 feasibleAnts=5 noImprove=28 (elapsed 201.952s)
[ITER 430] bestGlobalCost=8805049.69 (feasible=YES) bestThisIter=8943922.64 feasibleAnts=5 noImprove=38 (elapsed 206.825s)
[ITER 440] bestGlobalCost=8805049.69 (feasible=YES) bestThisIter=8970670.54 feasibleAnts=5 noImprove=48 (elapsed 211.702s)
[RESET] no improvement for50-> reset pheromones
[ITER 450] bestGlobalCost=8805049.69 (feasible=YES) bestThisIter=8805049.69 feasibleAnts=5 noImprove=8 (elapsed 216.62s)
[ITER 460] bestGlobalCost=8805049.69 (feasible=YES) bestThisIter=8978045.89 feasibleAnts=5 noImprove=18 (elapsed 221.76s)
[ITER 470] bestGlobalCost=8805049.69 (feasible=YES) bestThisIter=9026031.51 feasibleAnts=5 noImprove=28 (elapsed 226.33s)
[ITER 480] bestGlobalCost=8805049.69 (feasible=YES) bestThisIter=9009418.79 feasibleAnts=5 noImprove=38 (elapsed 230.346s)
[ITER 490] bestGlobalCost=8805049.69 (feasible=YES) bestThisIter=8980252.54 feasibleAnts=5 noImprove=48 (elapsed 235.775s)
[RESET] no improvement for50-> reset pheromones
[ITER 500] bestGlobalCost=8805049.69 (feasible=YES) bestThisIter=8898565.11 feasibleAnts=5 noImprove=8 (elapsed 241.168s)
[ITER 510] bestGlobalCost=8805049.69 (feasible=YES) bestThisIter=8906116.95 feasibleAnts=5 noImprove=18 (elapsed 245.811s)
[ITER 520] bestGlobalCost=8805049.69 (feasible=YES) bestThisIter=9002351.61 feasibleAnts=5 noImprove=28 (elapsed 250.063s)
[ITER 530] bestGlobalCost=8805049.69 (feasible=YES) bestThisIter=9100594.52 feasibleAnts=5 noImprove=38 (elapsed 254.392s)
[ITER 540] bestGlobalCost=8805049.69 (feasible=YES) bestThisIter=8952578.22 feasibleAnts=5 noImprove=48 (elapsed 259.665s)
[RESET] no improvement for50-> reset pheromones
[ITER 550] bestGlobalCost=8805049.69 (feasible=YES) bestThisIter=8833297.91 feasibleAnts=5 noImprove=8 (elapsed 265.061s)
[ITER 560] bestGlobalCost=8805049.69 (feasible=YES) bestThisIter=8982107.39 feasibleAnts=5 noImprove=18 (elapsed 269.05s)
[ITER 570] bestGlobalCost=8805049.69 (feasible=YES) bestThisIter=8946454.16 feasibleAnts=5 noImprove=28 (elapsed 274.569s)
[ITER 580] bestGlobalCost=8805049.69 (feasible=YES) bestThisIter=8995004.51 feasibleAnts=5 noImprove=38 (elapsed 279.327s)
[ITER 590] bestGlobalCost=8805049.69 (feasible=YES) bestThisIter=9076565.38 feasibleAnts=5 noImprove=48 (elapsed 283.49s)
[RESET] no improvement for50-> reset pheromones
[ITER 600] bestGlobalCost=8805049.69 (feasible=YES) bestThisIter=8805049.69 feasibleAnts=6 noImprove=8 (elapsed 288.686s)
[ITER 610] bestGlobalCost=8805049.69 (feasible=YES) bestThisIter=8992969.12 feasibleAnts=5 noImprove=18 (elapsed 293.161s)
[ITER 620] bestGlobalCost=8805049.69 (feasible=YES) bestThisIter=9018816.69 feasibleAnts=5 noImprove=28 (elapsed 299.072s)
2 3 4 5 6 7 8 9 10 11 12 13 14 15 17 18 19 20 22 27 68 74 75 76 77 78 79 80 81 82 83 84 85 86 87 88 89 90 91 92 93 94 95 97 98 99 102 103 107 109 111 130 131 132 
133 134 135 136 137 138 179 181 182 183 184 185 186 187 188 189 190 191 192 193 194 195 196 197 198 199 200 201 202 203 204 205 206 207 208 209 210 211 213 249 251 253 254 255 256 257 258 259 260 261 262 263 
41 44 45 46 47 48 49 50 51 52 53 54 55 56 57 58 59 122 123 124 125 126 127 128 148 149 150 151 152 153 154 155 156 157 158 159 160 161 162 223 227 228 229 230 231 232 233 234 235 236 
139 140 141 142 143 144 145 146 147 163 164 165 166 167 168 169 170 171 172 173 174 175 176 177 178 180 212 214 215 216 217 218 219 220 221 222 224 225 226 237 238 239 240 241 242 243 244 245 246 247 248 250 252 264 
1 16 21 23 24 25 26 28 29 30 31 32 33 34 35 36 37 38 39 40 42 43 60 61 62 63 64 65 66 67 69 70 71 72 73 96 100 101 104 105 106 108 110 112 113 114 115 116 117 118 119 120 121 129 
[SAVELOGS] evolution saved to results/logs/aco_logs/evolution/pr264_05_4.txt
[SAVELOGS] best cost saved to results/logs/aco_logs/objectives/pr264_05_4.txt
[SAVELOGS] best solution saved to results/logs/aco_logs/solutions/pr264_05_4.txt
