[ITER 1] New best cost=8618897.68 (feasible=YES, time 0.237039s)
[ITER 2] New best cost=8601402.67 (feasible=YES, time 0.399141s)
[ITER 3] New best cost=8600459.40 (feasible=YES, time 0.498708s)
[ITER 5] New best cost=8588638.37 (feasible=YES, time 1.23486s)
[ITER 8] New best cost=8584964.22 (feasible=YES, time 1.4495s)
[ITER 10] bestGlobalCost=8584964.22 (feasible=YES) bestThisIter=8650537.45 feasibleAnts=34 noImprove=2 (elapsed 2.08735s)
[ITER 17] New best cost=8582486.70 (feasible=YES, time 3.02228s)
[ITER 20] bestGlobalCost=8582486.70 (feasible=YES) bestThisIter=8584964.22 feasibleAnts=36 noImprove=3 (elapsed 3.68585s)
[ITER 21] New best cost=8580479.24 (feasible=YES, time 3.75875s)
[ITER 30] bestGlobalCost=8580479.24 (feasible=YES) bestThisIter=8583245.72 feasibleAnts=26 noImprove=9 (elapsed 5.33083s)
[ITER 32] New best cost=8578006.99 (feasible=YES, time 5.50541s)
[ITER 40] bestGlobalCost=8578006.99 (feasible=YES) bestThisIter=8588266.57 feasibleAnts=27 noImprove=8 (elapsed 6.98608s)
[ITER 45] New best cost=8577672.47 (feasible=YES, time 7.9124s)
[ITER 50] New best cost=8576473.34 (feasible=YES, time 8.67651s)
[ITER 50] bestGlobalCost=8576473.34 (feasible=YES) bestThisIter=8577672.47 feasibleAnts=31 noImprove=0 (elapsed 8.68129s)
[ITER 55] New best cost=8573914.71 (feasible=YES, time 9.60357s)
[ITER 60] bestGlobalCost=8573914.71 (feasible=YES) bestThisIter=8594629.53 feasibleAnts=36 noImprove=5 (elapsed 10.6443s)
[ITER 70] bestGlobalCost=8573914.71 (feasible=YES) bestThisIter=8580948.89 feasibleAnts=26 noImprove=15 (elapsed 13.1545s)
[ITER 80] bestGlobalCost=8573914.71 (feasible=YES) bestThisIter=8589043.10 feasibleAnts=13 noImprove=25 (elapsed 15.3313s)
[ITER 90] bestGlobalCost=8573914.71 (feasible=YES) bestThisIter=8578152.83 feasibleAnts=12 noImprove=35 (elapsed 17.3331s)
[ITER 95] New best cost=8572426.13 (feasible=YES, time 18.378s)
[ITER 100] New best cost=8567066.32 (feasible=YES, time 19.2368s)
[ITER 100] bestGlobalCost=8567066.32 (feasible=YES) bestThisIter=8572426.13 feasibleAnts=15 noImprove=0 (elapsed 19.2411s)
[ITER 102] New best cost=8565249.64 (feasible=YES, time 19.4027s)
[ITER 103] New best cost=8565157.38 (feasible=YES, time 19.4828s)
[ITER 110] bestGlobalCost=8565157.38 (feasible=YES) bestThisIter=8569584.27 feasibleAnts=21 noImprove=7 (elapsed 20.9754s)
[ITER 120] bestGlobalCost=8565157.38 (feasible=YES) bestThisIter=8578266.33 feasibleAnts=17 noImprove=17 (elapsed 22.88s)
[ITER 130] bestGlobalCost=8565157.38 (feasible=YES) bestThisIter=8569696.21 feasibleAnts=14 noImprove=27 (elapsed 24.9194s)
[ITER 140] bestGlobalCost=8565157.38 (feasible=YES) bestThisIter=8565249.64 feasibleAnts=10 noImprove=37 (elapsed 26.9906s)
[ITER 150] bestGlobalCost=8565157.38 (feasible=YES) bestThisIter=8569985.88 feasibleAnts=13 noImprove=47 (elapsed 29.1024s)
[RESET] no improvement for50-> reset pheromones
[ITER 160] bestGlobalCost=8565157.38 (feasible=YES) bestThisIter=8578266.33 feasibleAnts=15 noImprove=7 (elapsed 31.377s)
[ITER 170] bestGlobalCost=8565157.38 (feasible=YES) bestThisIter=8574017.12 feasibleAnts=14 noImprove=17 (elapsed 33.3851s)
[ITER 180] bestGlobalCost=8565157.38 (feasible=YES) bestThisIter=8578358.60 feasibleAnts=12 noImprove=27 (elapsed 35.4077s)
[ITER 190] bestGlobalCost=8565157.38 (feasible=YES) bestThisIter=8571852.34 feasibleAnts=11 noImprove=37 (elapsed 37.5533s)
[ITER 200] bestGlobalCost=8565157.38 (feasible=YES) bestThisIter=8574017.12 feasibleAnts=15 noImprove=47 (elapsed 39.8619s)
[RESET] no improvement for50-> reset pheromones
[ITER 210] bestGlobalCost=8565157.38 (feasible=YES) bestThisIter=8577869.25 feasibleAnts=15 noImprove=7 (elapsed 42.1022s)
[ITER 220] bestGlobalCost=8565157.38 (feasible=YES) bestThisIter=8586346.19 feasibleAnts=15 noImprove=17 (elapsed 44.156s)
[ITER 230] bestGlobalCost=8565157.38 (feasible=YES) bestThisIter=8573547.27 feasibleAnts=12 noImprove=27 (elapsed 46.2144s)
[ITER 240] bestGlobalCost=8565157.38 (feasible=YES) bestThisIter=8566686.52 feasibleAnts=13 noImprove=37 (elapsed 48.374s)
[ITER 250] bestGlobalCost=8565157.38 (feasible=YES) bestThisIter=8594616.41 feasibleAnts=15 noImprove=47 (elapsed 50.5844s)
[RESET] no improvement for50-> reset pheromones
[ITER 260] bestGlobalCost=8565157.38 (feasible=YES) bestThisIter=8566875.38 feasibleAnts=14 noImprove=7 (elapsed 52.8077s)
[ITER 270] bestGlobalCost=8565157.38 (feasible=YES) bestThisIter=8566686.52 feasibleAnts=14 noImprove=17 (elapsed 54.8423s)
[ITER 280] bestGlobalCost=8565157.38 (feasible=YES) bestThisIter=8572209.49 feasibleAnts=12 noImprove=27 (elapsed 56.9139s)
[ITER 290] bestGlobalCost=8565157.38 (feasible=YES) bestThisIter=8570880.47 feasibleAnts=14 noImprove=37 (elapsed 59.0671s)
[ITER 300] bestGlobalCost=8565157.38 (feasible=YES) bestThisIter=8576947.72 feasibleAnts=14 noImprove=47 (elapsed 61.2402s)
[RESET] no improvement for50-> reset pheromones
[ITER 310] bestGlobalCost=8565157.38 (feasible=YES) bestThisIter=8567066.32 feasibleAnts=12 noImprove=7 (elapsed 63.4002s)
[ITER 320] bestGlobalCost=8565157.38 (feasible=YES) bestThisIter=8582512.16 feasibleAnts=11 noImprove=17 (elapsed 65.7853s)
[ITER 330] bestGlobalCost=8565157.38 (feasible=YES) bestThisIter=8568987.01 feasibleAnts=15 noImprove=27 (elapsed 68.5532s)
[ITER 340] bestGlobalCost=8565157.38 (feasible=YES) bestThisIter=8573587.47 feasibleAnts=12 noImprove=37 (elapsed 71.9227s)
[ITER 350] bestGlobalCost=8565157.38 (feasible=YES) bestThisIter=8583191.07 feasibleAnts=12 noImprove=47 (elapsed 74.3788s)
[RESET] no improvement for50-> reset pheromones
[ITER 360] bestGlobalCost=8565157.38 (feasible=YES) bestThisIter=8573927.01 feasibleAnts=16 noImprove=7 (elapsed 77.7731s)
[ITER 370] bestGlobalCost=8565157.38 (feasible=YES) bestThisIter=8571738.35 feasibleAnts=13 noImprove=17 (elapsed 80.9377s)
[ITER 380] bestGlobalCost=8565157.38 (feasible=YES) bestThisIter=8584531.99 feasibleAnts=12 noImprove=27 (elapsed 83.4348s)
[ITER 390] bestGlobalCost=8565157.38 (feasible=YES) bestThisIter=8578266.33 feasibleAnts=12 noImprove=37 (elapsed 85.8246s)
[ITER 400] bestGlobalCost=8565157.38 (feasible=YES) bestThisIter=8571311.78 feasibleAnts=14 noImprove=47 (elapsed 88.814s)
[RESET] no improvement for50-> reset pheromones
[ITER 410] bestGlobalCost=8565157.38 (feasible=YES) bestThisIter=8567066.36 feasibleAnts=13 noImprove=7 (elapsed 95.9831s)
[ITER 420] bestGlobalCost=8565157.38 (feasible=YES) bestThisIter=8583566.85 feasibleAnts=15 noImprove=17 (elapsed 100.434s)
[ITER 430] bestGlobalCost=8565157.38 (feasible=YES) bestThisIter=8566686.52 feasibleAnts=14 noImprove=27 (elapsed 104.631s)
[ITER 440] bestGlobalCost=8565157.38 (feasible=YES) bestThisIter=8578266.33 feasibleAnts=9 noImprove=37 (elapsed 109.29s)
[ITER 450] bestGlobalCost=8565157.38 (feasible=YES) bestThisIter=8578266.33 feasibleAnts=11 noImprove=47 (elapsed 112.378s)
[RESET] no improvement for50-> reset pheromones
[ITER 460] bestGlobalCost=8565157.38 (feasible=YES) bestThisIter=8565249.64 feasibleAnts=12 noImprove=7 (elapsed 115.216s)
[ITER 470] bestGlobalCost=8565157.38 (feasible=YES) bestThisIter=8578266.33 feasibleAnts=15 noImprove=17 (elapsed 117.586s)
[ITER 480] bestGlobalCost=8565157.38 (feasible=YES) bestThisIter=8586024.66 feasibleAnts=14 noImprove=27 (elapsed 120.075s)
[ITER 490] bestGlobalCost=8565157.38 (feasible=YES) bestThisIter=8570658.01 feasibleAnts=12 noImprove=37 (elapsed 122.698s)
[ITER 500] bestGlobalCost=8565157.38 (feasible=YES) bestThisIter=8581744.12 feasibleAnts=15 noImprove=47 (elapsed 125.929s)
[RESET] no improvement for50-> reset pheromones
[ITER 510] bestGlobalCost=8565157.38 (feasible=YES) bestThisIter=8578266.33 feasibleAnts=13 noImprove=7 (elapsed 128.528s)
[ITER 520] bestGlobalCost=8565157.38 (feasible=YES) bestThisIter=8568987.01 feasibleAnts=11 noImprove=17 (elapsed 131.1s)
[ITER 530] bestGlobalCost=8565157.38 (feasible=YES) bestThisIter=8581779.49 feasibleAnts=14 noImprove=27 (elapsed 133.285s)
[ITER 540] bestGlobalCost=8565157.38 (feasible=YES) bestThisIter=8568034.18 feasibleAnts=13 noImprove=37 (elapsed 135.82s)
[ITER 550] bestGlobalCost=8565157.38 (feasible=YES) bestThisIter=8575021.98 feasibleAnts=14 noImprove=47 (elapsed 138.685s)
[RESET] no improvement for50-> reset pheromones
[ITER 560] bestGlobalCost=8565157.38 (feasible=YES) bestThisIter=8573587.47 feasibleAnts=14 noImprove=7 (elapsed 141.754s)
[ITER 570] bestGlobalCost=8565157.38 (feasible=YES) bestThisIter=8566217.96 feasibleAnts=12 noImprove=17 (elapsed 144.271s)
[ITER 580] bestGlobalCost=8565157.38 (feasible=YES) bestThisIter=8574331.11 feasibleAnts=12 noImprove=27 (elapsed 146.837s)
[ITER 590] bestGlobalCost=8565157.38 (feasible=YES) bestThisIter=8570013.82 feasibleAnts=15 noImprove=37 (elapsed 149.859s)
[ITER 600] bestGlobalCost=8565157.38 (feasible=YES) bestThisIter=8580175.28 feasibleAnts=10 noImprove=47 (elapsed 152.756s)
[RESET] no improvement for50-> reset pheromones
[ITER 610] bestGlobalCost=8565157.38 (feasible=YES) bestThisIter=8578442.30 feasibleAnts=14 noImprove=7 (elapsed 155.807s)
[ITER 620] bestGlobalCost=8565157.38 (feasible=YES) bestThisIter=8575185.21 feasibleAnts=13 noImprove=17 (elapsed 158.604s)
[ITER 630] bestGlobalCost=8565157.38 (feasible=YES) bestThisIter=8578266.33 feasibleAnts=13 noImprove=27 (elapsed 161.056s)
[ITER 640] bestGlobalCost=8565157.38 (feasible=YES) bestThisIter=8566217.96 feasibleAnts=12 noImprove=37 (elapsed 163.863s)
[ITER 650] bestGlobalCost=8565157.38 (feasible=YES) bestThisIter=8586696.43 feasibleAnts=13 noImprove=47 (elapsed 166.938s)
[RESET] no improvement for50-> reset pheromones
[ITER 660] bestGlobalCost=8565157.38 (feasible=YES) bestThisIter=8566217.96 feasibleAnts=14 noImprove=7 (elapsed 169.599s)
[ITER 670] bestGlobalCost=8565157.38 (feasible=YES) bestThisIter=8568152.06 feasibleAnts=12 noImprove=17 (elapsed 171.975s)
[ITER 680] bestGlobalCost=8565157.38 (feasible=YES) bestThisIter=8563879.35 feasibleAnts=13 noImprove=27 (elapsed 174.334s)
[ITER 690] bestGlobalCost=8565157.38 (feasible=YES) bestThisIter=8584271.92 feasibleAnts=14 noImprove=37 (elapsed 177.04s)
[ITER 700] bestGlobalCost=8565157.38 (feasible=YES) bestThisIter=8575097.39 feasibleAnts=8 noImprove=47 (elapsed 180.158s)
[RESET] no improvement for50-> reset pheromones
[ITER 710] bestGlobalCost=8565157.38 (feasible=YES) bestThisIter=8565249.64 feasibleAnts=14 noImprove=7 (elapsed 183.17s)
[ITER 720] bestGlobalCost=8565157.38 (feasible=YES) bestThisIter=8591008.25 feasibleAnts=16 noImprove=17 (elapsed 185.565s)
[ITER 730] bestGlobalCost=8565157.38 (feasible=YES) bestThisIter=8583521.13 feasibleAnts=10 noImprove=27 (elapsed 187.983s)
[ITER 740] bestGlobalCost=8565157.38 (feasible=YES) bestThisIter=8581533.18 feasibleAnts=15 noImprove=37 (elapsed 190.525s)
[ITER 750] bestGlobalCost=8565157.38 (feasible=YES) bestThisIter=8565249.64 feasibleAnts=14 noImprove=47 (elapsed 193.304s)
[RESET] no improvement for50-> reset pheromones
[ITER 760] bestGlobalCost=8565157.38 (feasible=YES) bestThisIter=8573587.47 feasibleAnts=13 noImprove=7 (elapsed 195.995s)
[ITER 770] bestGlobalCost=8565157.38 (feasible=YES) bestThisIter=8566217.96 feasibleAnts=14 noImprove=17 (elapsed 198.39s)
[ITER 780] bestGlobalCost=8565157.38 (feasible=YES) bestThisIter=8570021.98 feasibleAnts=14 noImprove=27 (elapsed 200.886s)
[ITER 790] bestGlobalCost=8565157.38 (feasible=YES) bestThisIter=8578266.33 feasibleAnts=13 noImprove=37 (elapsed 203.805s)
[ITER 800] bestGlobalCost=8565157.38 (feasible=YES) bestThisIter=8570021.98 feasibleAnts=12 noImprove=47 (elapsed 206.852s)
[RESET] no improvement for50-> reset pheromones
[ITER 810] bestGlobalCost=8565157.38 (feasible=YES) bestThisIter=8573587.47 feasibleAnts=16 noImprove=7 (elapsed 209.54s)
[ITER 820] bestGlobalCost=8565157.38 (feasible=YES) bestThisIter=8591687.80 feasibleAnts=11 noImprove=17 (elapsed 212.415s)
[ITER 830] bestGlobalCost=8565157.38 (feasible=YES) bestThisIter=8569584.27 feasibleAnts=12 noImprove=27 (elapsed 215.126s)
[ITER 840] bestGlobalCost=8565157.38 (feasible=YES) bestThisIter=8579092.50 feasibleAnts=11 noImprove=37 (elapsed 217.778s)
[ITER 850] bestGlobalCost=8565157.38 (feasible=YES) bestThisIter=8570658.01 feasibleAnts=13 noImprove=47 (elapsed 220.486s)
[RESET] no improvement for50-> reset pheromones
[ITER 860] bestGlobalCost=8565157.38 (feasible=YES) bestThisIter=8577022.37 feasibleAnts=12 noImprove=7 (elapsed 223.369s)
[ITER 870] bestGlobalCost=8565157.38 (feasible=YES) bestThisIter=8567066.32 feasibleAnts=12 noImprove=17 (elapsed 226.229s)
[ITER 880] bestGlobalCost=8565157.38 (feasible=YES) bestThisIter=8569190.83 feasibleAnts=15 noImprove=27 (elapsed 228.657s)
[ITER 890] bestGlobalCost=8565157.38 (feasible=YES) bestThisIter=8566686.52 feasibleAnts=11 noImprove=37 (elapsed 231.202s)
[ITER 900] bestGlobalCost=8565157.38 (feasible=YES) bestThisIter=8587507.78 feasibleAnts=12 noImprove=47 (elapsed 233.847s)
[RESET] no improvement for50-> reset pheromones
[ITER 910] bestGlobalCost=8565157.38 (feasible=YES) bestThisIter=8578335.63 feasibleAnts=14 noImprove=7 (elapsed 236.604s)
[ITER 920] bestGlobalCost=8565157.38 (feasible=YES) bestThisIter=8566686.52 feasibleAnts=12 noImprove=17 (elapsed 239.184s)
[ITER 930] bestGlobalCost=8565157.38 (feasible=YES) bestThisIter=8577893.24 feasibleAnts=14 noImprove=27 (elapsed 242.119s)
[ITER 940] bestGlobalCost=8565157.38 (feasible=YES) bestThisIter=8569190.83 feasibleAnts=15 noImprove=37 (elapsed 244.625s)
[ITER 950] bestGlobalCost=8565157.38 (feasible=YES) bestThisIter=8577665.09 feasibleAnts=14 noImprove=47 (elapsed 247.286s)
[RESET] no improvement for50-> reset pheromones
[ITER 960] bestGlobalCost=8565157.38 (feasible=YES) bestThisIter=8569190.83 feasibleAnts=15 noImprove=7 (elapsed 249.969s)
[ITER 970] bestGlobalCost=8565157.38 (feasible=YES) bestThisIter=8568152.06 feasibleAnts=11 noImprove=17 (elapsed 252.356s)
[ITER 980] bestGlobalCost=8565157.38 (feasible=YES) bestThisIter=8568784.93 feasibleAnts=14 noImprove=27 (elapsed 254.856s)
[ITER 990] bestGlobalCost=8565157.38 (feasible=YES) bestThisIter=8578266.33 feasibleAnts=8 noImprove=37 (elapsed 257.485s)
[ITER 1000] bestGlobalCost=8565157.38 (feasible=YES) bestThisIter=8567066.32 feasibleAnts=13 noImprove=47 (elapsed 260.59s)
119 120 126 170 173 174 176 177 178 179 181 182 183 184 185 186 187 188 189 190 191 192 193 194 196 237 238 239 240 241 242 243 244 245 246 247 248 249 250 251 252 253 254 255 256 257 258 259 260 261 262 263 264 265 266 267 268 269 270 271 
31 32 33 34 35 36 37 38 39 40 41 42 43 44 45 46 47 48 49 50 51 52 53 54 55 56 57 58 59 60 61 62 63 64 65 66 105 106 107 108 109 110 111 112 113 114 115 116 117 118 121 122 123 124 125 127 128 169 171 172 175 180 195 
160 162 164 165 166 167 168 197 198 199 200 201 202 203 204 205 206 207 208 210 211 218 219 220 221 222 223 224 225 226 227 228 229 230 231 232 233 234 235 236 272 273 274 275 276 277 278 279 280 281 282 283 284 285 286 287 299 
15 16 17 18 19 20 21 22 23 24 25 26 27 28 29 30 67 68 69 70 71 72 73 74 75 76 77 78 79 80 81 82 83 84 85 87 91 95 96 97 98 99 100 101 102 103 104 129 130 131 132 133 134 135 136 137 138 139 140 163 
1 2 3 4 5 6 7 8 9 10 11 12 13 14 86 88 89 90 92 93 94 141 142 143 144 145 146 147 148 149 150 151 152 153 154 155 156 157 158 159 161 209 212 213 214 215 216 217 288 289 290 291 292 293 294 295 296 297 298 
[SAVELOGS] evolution saved to results/logs/aco_logs/evolution/pr299_05_2.txt
[SAVELOGS] best cost saved to results/logs/aco_logs/objectives/pr299_05_2.txt
[SAVELOGS] best solution saved to results/logs/aco_logs/solutions/pr299_05_2.txt
