[ITER 1] New best cost=8595796.24 (feasible=YES, time 0.219006s)
[ITER 3] New best cost=8582078.60 (feasible=YES, time 0.412437s)
[ITER 4] New best cost=8567066.32 (feasible=YES, time 0.497422s)
[ITER 10] bestGlobalCost=8567066.32 (feasible=YES) bestThisIter=8579778.19 feasibleAnts=24 noImprove=6 (elapsed 2.77031s)
[ITER 20] New best cost=8565249.64 (feasible=YES, time 5.31999s)
[ITER 20] bestGlobalCost=8565249.64 (feasible=YES) bestThisIter=8567066.32 feasibleAnts=17 noImprove=0 (elapsed 5.32498s)
[ITER 30] bestGlobalCost=8565249.64 (feasible=YES) bestThisIter=8567066.32 feasibleAnts=27 noImprove=10 (elapsed 7.15468s)
[ITER 37] New best cost=8565157.38 (feasible=YES, time 8.35s)
[ITER 40] bestGlobalCost=8565157.38 (feasible=YES) bestThisIter=8565249.64 feasibleAnts=30 noImprove=3 (elapsed 8.99301s)
[ITER 50] bestGlobalCost=8565157.38 (feasible=YES) bestThisIter=8583652.90 feasibleAnts=21 noImprove=13 (elapsed 10.918s)
[ITER 60] bestGlobalCost=8565157.38 (feasible=YES) bestThisIter=8570013.82 feasibleAnts=15 noImprove=23 (elapsed 13.0553s)
[ITER 70] bestGlobalCost=8565157.38 (feasible=YES) bestThisIter=8566217.96 feasibleAnts=11 noImprove=33 (elapsed 15.1147s)
[ITER 80] bestGlobalCost=8565157.38 (feasible=YES) bestThisIter=8565249.64 feasibleAnts=11 noImprove=43 (elapsed 17.275s)
[RESET] no improvement for50-> reset pheromones
[ITER 90] bestGlobalCost=8565157.38 (feasible=YES) bestThisIter=8578964.11 feasibleAnts=13 noImprove=3 (elapsed 20.2429s)
[ITER 100] bestGlobalCost=8565157.38 (feasible=YES) bestThisIter=8578266.33 feasibleAnts=15 noImprove=13 (elapsed 22.7022s)
[ITER 110] bestGlobalCost=8565157.38 (feasible=YES) bestThisIter=8571925.10 feasibleAnts=11 noImprove=23 (elapsed 24.7811s)
[ITER 120] bestGlobalCost=8565157.38 (feasible=YES) bestThisIter=8580514.64 feasibleAnts=13 noImprove=33 (elapsed 26.8953s)
[ITER 130] bestGlobalCost=8565157.38 (feasible=YES) bestThisIter=8573587.47 feasibleAnts=12 noImprove=43 (elapsed 29.0493s)
[RESET] no improvement for50-> reset pheromones
[ITER 140] bestGlobalCost=8565157.38 (feasible=YES) bestThisIter=8576783.30 feasibleAnts=15 noImprove=3 (elapsed 31.3057s)
[ITER 150] bestGlobalCost=8565157.38 (feasible=YES) bestThisIter=8570021.98 feasibleAnts=14 noImprove=13 (elapsed 33.3685s)
[ITER 160] bestGlobalCost=8565157.38 (feasible=YES) bestThisIter=8577716.87 feasibleAnts=10 noImprove=23 (elapsed 35.3552s)
[ITER 170] bestGlobalCost=8565157.38 (feasible=YES) bestThisIter=8574017.12 feasibleAnts=9 noImprove=33 (elapsed 37.5033s)
[ITER 180] bestGlobalCost=8565157.38 (feasible=YES) bestThisIter=8575077.70 feasibleAnts=12 noImprove=43 (elapsed 39.7727s)
[RESET] no improvement for50-> reset pheromones
[ITER 190] bestGlobalCost=8565157.38 (feasible=YES) bestThisIter=8578266.33 feasibleAnts=12 noImprove=3 (elapsed 42.1062s)
[ITER 200] bestGlobalCost=8565157.38 (feasible=YES) bestThisIter=8565249.64 feasibleAnts=14 noImprove=13 (elapsed 44.1241s)
[ITER 210] bestGlobalCost=8565157.38 (feasible=YES) bestThisIter=8566217.96 feasibleAnts=13 noImprove=23 (elapsed 46.1535s)
[ITER 220] bestGlobalCost=8565157.38 (feasible=YES) bestThisIter=8573587.47 feasibleAnts=13 noImprove=33 (elapsed 48.3266s)
[ITER 230] bestGlobalCost=8565157.38 (feasible=YES) bestThisIter=8578266.33 feasibleAnts=11 noImprove=43 (elapsed 50.4862s)
[RESET] no improvement for50-> reset pheromones
[ITER 240] bestGlobalCost=8565157.38 (feasible=YES) bestThisIter=8578151.96 feasibleAnts=9 noImprove=3 (elapsed 52.8039s)
[ITER 250] bestGlobalCost=8565157.38 (feasible=YES) bestThisIter=8578266.33 feasibleAnts=14 noImprove=13 (elapsed 54.8803s)
[ITER 260] bestGlobalCost=8565157.38 (feasible=YES) bestThisIter=8568126.90 feasibleAnts=12 noImprove=23 (elapsed 56.9366s)
[ITER 270] bestGlobalCost=8565157.38 (feasible=YES) bestThisIter=8573587.47 feasibleAnts=14 noImprove=33 (elapsed 59.0524s)
[ITER 280] bestGlobalCost=8565157.38 (feasible=YES) bestThisIter=8573927.01 feasibleAnts=11 noImprove=43 (elapsed 61.2925s)
[RESET] no improvement for50-> reset pheromones
[ITER 290] bestGlobalCost=8565157.38 (feasible=YES) bestThisIter=8565249.64 feasibleAnts=13 noImprove=3 (elapsed 63.6405s)
[ITER 300] bestGlobalCost=8565157.38 (feasible=YES) bestThisIter=8578358.60 feasibleAnts=17 noImprove=13 (elapsed 65.6671s)
[ITER 310] bestGlobalCost=8565157.38 (feasible=YES) bestThisIter=8573587.47 feasibleAnts=14 noImprove=23 (elapsed 67.776s)
[ITER 320] bestGlobalCost=8565157.38 (feasible=YES) bestThisIter=8574485.35 feasibleAnts=12 noImprove=33 (elapsed 69.8956s)
[ITER 330] bestGlobalCost=8565157.38 (feasible=YES) bestThisIter=8570021.98 feasibleAnts=13 noImprove=43 (elapsed 72.046s)
[RESET] no improvement for50-> reset pheromones
[ITER 340] bestGlobalCost=8565157.38 (feasible=YES) bestThisIter=8576297.75 feasibleAnts=13 noImprove=3 (elapsed 74.4029s)
[ITER 350] bestGlobalCost=8565157.38 (feasible=YES) bestThisIter=8568152.06 feasibleAnts=16 noImprove=13 (elapsed 76.4341s)
[ITER 360] bestGlobalCost=8565157.38 (feasible=YES) bestThisIter=8565249.64 feasibleAnts=14 noImprove=23 (elapsed 78.4787s)
[ITER 370] bestGlobalCost=8565157.38 (feasible=YES) bestThisIter=8573350.29 feasibleAnts=12 noImprove=33 (elapsed 80.5862s)
[ITER 380] bestGlobalCost=8565157.38 (feasible=YES) bestThisIter=8574011.19 feasibleAnts=13 noImprove=43 (elapsed 82.716s)
[RESET] no improvement for50-> reset pheromones
[ITER 390] bestGlobalCost=8565157.38 (feasible=YES) bestThisIter=8566686.52 feasibleAnts=13 noImprove=3 (elapsed 85.0659s)
[ITER 400] bestGlobalCost=8565157.38 (feasible=YES) bestThisIter=8573587.47 feasibleAnts=15 noImprove=13 (elapsed 87.044s)
[ITER 410] bestGlobalCost=8565157.38 (feasible=YES) bestThisIter=8565249.64 feasibleAnts=14 noImprove=23 (elapsed 89.0787s)
[ITER 420] bestGlobalCost=8565157.38 (feasible=YES) bestThisIter=8582460.55 feasibleAnts=13 noImprove=33 (elapsed 91.1467s)
[ITER 430] bestGlobalCost=8565157.38 (feasible=YES) bestThisIter=8566217.96 feasibleAnts=13 noImprove=43 (elapsed 93.3741s)
[RESET] no improvement for50-> reset pheromones
[ITER 440] bestGlobalCost=8565157.38 (feasible=YES) bestThisIter=8578442.30 feasibleAnts=15 noImprove=3 (elapsed 95.704s)
[ITER 450] bestGlobalCost=8565157.38 (feasible=YES) bestThisIter=8582124.06 feasibleAnts=16 noImprove=13 (elapsed 97.6875s)
[ITER 460] bestGlobalCost=8565157.38 (feasible=YES) bestThisIter=8577384.93 feasibleAnts=13 noImprove=23 (elapsed 99.7089s)
[ITER 470] bestGlobalCost=8565157.38 (feasible=YES) bestThisIter=8574616.93 feasibleAnts=14 noImprove=33 (elapsed 101.824s)
[ITER 480] bestGlobalCost=8565157.38 (feasible=YES) bestThisIter=8577438.67 feasibleAnts=14 noImprove=43 (elapsed 104.151s)
[RESET] no improvement for50-> reset pheromones
[ITER 490] bestGlobalCost=8565157.38 (feasible=YES) bestThisIter=8568987.01 feasibleAnts=11 noImprove=3 (elapsed 106.441s)
[ITER 500] bestGlobalCost=8565157.38 (feasible=YES) bestThisIter=8570658.01 feasibleAnts=18 noImprove=13 (elapsed 108.46s)
[ITER 510] bestGlobalCost=8565157.38 (feasible=YES) bestThisIter=8568784.93 feasibleAnts=15 noImprove=23 (elapsed 110.469s)
[ITER 520] bestGlobalCost=8565157.38 (feasible=YES) bestThisIter=8569658.83 feasibleAnts=12 noImprove=33 (elapsed 112.566s)
[ITER 530] bestGlobalCost=8565157.38 (feasible=YES) bestThisIter=8577817.25 feasibleAnts=14 noImprove=43 (elapsed 114.775s)
[RESET] no improvement for50-> reset pheromones
[ITER 540] bestGlobalCost=8565157.38 (feasible=YES) bestThisIter=8574017.12 feasibleAnts=12 noImprove=3 (elapsed 117.122s)
[ITER 550] bestGlobalCost=8565157.38 (feasible=YES) bestThisIter=8573587.47 feasibleAnts=11 noImprove=13 (elapsed 119.131s)
[ITER 560] bestGlobalCost=8565157.38 (feasible=YES) bestThisIter=8570658.01 feasibleAnts=13 noImprove=23 (elapsed 121.184s)
[ITER 570] bestGlobalCost=8565157.38 (feasible=YES) bestThisIter=8577022.37 feasibleAnts=15 noImprove=33 (elapsed 123.389s)
[ITER 580] bestGlobalCost=8565157.38 (feasible=YES) bestThisIter=8585867.81 feasibleAnts=12 noImprove=43 (elapsed 125.577s)
[RESET] no improvement for50-> reset pheromones
[ITER 590] bestGlobalCost=8565157.38 (feasible=YES) bestThisIter=8569190.83 feasibleAnts=12 noImprove=3 (elapsed 127.83s)
[ITER 600] bestGlobalCost=8565157.38 (feasible=YES) bestThisIter=8576450.20 feasibleAnts=13 noImprove=13 (elapsed 129.861s)
[ITER 610] bestGlobalCost=8565157.38 (feasible=YES) bestThisIter=8582693.23 feasibleAnts=13 noImprove=23 (elapsed 131.926s)
[ITER 620] bestGlobalCost=8565157.38 (feasible=YES) bestThisIter=8576463.04 feasibleAnts=11 noImprove=33 (elapsed 134.075s)
[ITER 630] bestGlobalCost=8565157.38 (feasible=YES) bestThisIter=8565249.64 feasibleAnts=12 noImprove=43 (elapsed 136.283s)
[RESET] no improvement for50-> reset pheromones
[ITER 640] bestGlobalCost=8565157.38 (feasible=YES) bestThisIter=8578887.92 feasibleAnts=13 noImprove=3 (elapsed 138.58s)
[ITER 650] bestGlobalCost=8565157.38 (feasible=YES) bestThisIter=8589147.86 feasibleAnts=15 noImprove=13 (elapsed 140.597s)
[ITER 660] bestGlobalCost=8565157.38 (feasible=YES) bestThisIter=8578266.33 feasibleAnts=12 noImprove=23 (elapsed 142.606s)
[ITER 670] bestGlobalCost=8565157.38 (feasible=YES) bestThisIter=8580626.09 feasibleAnts=11 noImprove=33 (elapsed 144.717s)
[ITER 680] bestGlobalCost=8565157.38 (feasible=YES) bestThisIter=8567066.32 feasibleAnts=13 noImprove=43 (elapsed 146.905s)
[RESET] no improvement for50-> reset pheromones
[ITER 690] bestGlobalCost=8565157.38 (feasible=YES) bestThisIter=8576463.04 feasibleAnts=12 noImprove=3 (elapsed 149.335s)
[ITER 700] bestGlobalCost=8565157.38 (feasible=YES) bestThisIter=8565249.64 feasibleAnts=15 noImprove=13 (elapsed 151.406s)
[ITER 710] bestGlobalCost=8565157.38 (feasible=YES) bestThisIter=8565249.64 feasibleAnts=13 noImprove=23 (elapsed 153.439s)
[ITER 720] bestGlobalCost=8565157.38 (feasible=YES) bestThisIter=8576947.72 feasibleAnts=10 noImprove=33 (elapsed 155.575s)
[ITER 730] bestGlobalCost=8565157.38 (feasible=YES) bestThisIter=8573587.47 feasibleAnts=13 noImprove=43 (elapsed 157.789s)
[RESET] no improvement for50-> reset pheromones
[ITER 740] bestGlobalCost=8565157.38 (feasible=YES) bestThisIter=8574068.65 feasibleAnts=13 noImprove=3 (elapsed 160.105s)
[ITER 750] bestGlobalCost=8565157.38 (feasible=YES) bestThisIter=8565249.64 feasibleAnts=13 noImprove=13 (elapsed 162.132s)
[ITER 760] bestGlobalCost=8565157.38 (feasible=YES) bestThisIter=8574116.47 feasibleAnts=12 noImprove=23 (elapsed 164.205s)
[ITER 770] bestGlobalCost=8565157.38 (feasible=YES) bestThisIter=8574116.47 feasibleAnts=12 noImprove=33 (elapsed 166.27s)
[ITER 780] bestGlobalCost=8565157.38 (feasible=YES) bestThisIter=8575370.70 feasibleAnts=14 noImprove=43 (elapsed 168.501s)
[RESET] no improvement for50-> reset pheromones
[ITER 790] bestGlobalCost=8565157.38 (feasible=YES) bestThisIter=8574017.12 feasibleAnts=14 noImprove=3 (elapsed 170.839s)
[ITER 800] bestGlobalCost=8565157.38 (feasible=YES) bestThisIter=8570021.98 feasibleAnts=18 noImprove=13 (elapsed 172.892s)
[ITER 810] bestGlobalCost=8565157.38 (feasible=YES) bestThisIter=8578949.00 feasibleAnts=12 noImprove=23 (elapsed 174.889s)
[ITER 820] bestGlobalCost=8565157.38 (feasible=YES) bestThisIter=8565249.64 feasibleAnts=13 noImprove=33 (elapsed 176.986s)
[ITER 830] bestGlobalCost=8565157.38 (feasible=YES) bestThisIter=8575407.43 feasibleAnts=13 noImprove=43 (elapsed 179.191s)
[RESET] no improvement for50-> reset pheromones
[ITER 840] bestGlobalCost=8565157.38 (feasible=YES) bestThisIter=8573587.47 feasibleAnts=14 noImprove=3 (elapsed 181.565s)
[ITER 850] bestGlobalCost=8565157.38 (feasible=YES) bestThisIter=8574523.81 feasibleAnts=15 noImprove=13 (elapsed 183.609s)
[ITER 860] bestGlobalCost=8565157.38 (feasible=YES) bestThisIter=8576297.75 feasibleAnts=14 noImprove=23 (elapsed 185.671s)
[ITER 870] bestGlobalCost=8565157.38 (feasible=YES) bestThisIter=8563879.35 feasibleAnts=13 noImprove=33 (elapsed 187.748s)
[ITER 880] bestGlobalCost=8565157.38 (feasible=YES) bestThisIter=8578266.33 feasibleAnts=15 noImprove=43 (elapsed 189.987s)
[RESET] no improvement for50-> reset pheromones
[ITER 890] bestGlobalCost=8565157.38 (feasible=YES) bestThisIter=8574331.11 feasibleAnts=11 noImprove=3 (elapsed 192.298s)
[ITER 900] bestGlobalCost=8565157.38 (feasible=YES) bestThisIter=8570021.98 feasibleAnts=13 noImprove=13 (elapsed 194.316s)
[ITER 910] bestGlobalCost=8565157.38 (feasible=YES) bestThisIter=8566686.52 feasibleAnts=13 noImprove=23 (elapsed 196.349s)
[ITER 920] bestGlobalCost=8565157.38 (feasible=YES) bestThisIter=8582512.16 feasibleAnts=12 noImprove=33 (elapsed 198.423s)
[ITER 930] bestGlobalCost=8565157.38 (feasible=YES) bestThisIter=8577817.25 feasibleAnts=12 noImprove=43 (elapsed 200.645s)
[RESET] no improvement for50-> reset pheromones
[ITER 940] bestGlobalCost=8565157.38 (feasible=YES) bestThisIter=8571311.78 feasibleAnts=10 noImprove=3 (elapsed 202.917s)
[ITER 950] bestGlobalCost=8565157.38 (feasible=YES) bestThisIter=8585929.08 feasibleAnts=11 noImprove=13 (elapsed 204.967s)
[ITER 960] bestGlobalCost=8565157.38 (feasible=YES) bestThisIter=8566217.96 feasibleAnts=14 noImprove=23 (elapsed 207.033s)
[ITER 970] bestGlobalCost=8565157.38 (feasible=YES) bestThisIter=8568784.93 feasibleAnts=13 noImprove=33 (elapsed 209.258s)
[ITER 980] bestGlobalCost=8565157.38 (feasible=YES) bestThisIter=8583283.49 feasibleAnts=12 noImprove=43 (elapsed 211.44s)
[RESET] no improvement for50-> reset pheromones
[ITER 990] bestGlobalCost=8565157.38 (feasible=YES) bestThisIter=8569584.27 feasibleAnts=12 noImprove=3 (elapsed 213.731s)
[ITER 1000] bestGlobalCost=8565157.38 (feasible=YES) bestThisIter=8574017.12 feasibleAnts=12 noImprove=13 (elapsed 215.702s)
160 162 164 165 166 167 168 197 198 199 200 201 202 203 204 205 206 207 208 210 211 218 219 220 221 222 223 224 225 226 227 228 229 230 231 232 233 234 235 236 272 273 274 275 276 277 278 279 280 281 282 283 284 285 286 287 299 
119 120 126 170 173 174 176 177 178 179 181 182 183 184 185 186 187 188 189 190 191 192 193 194 196 237 238 239 240 241 242 243 244 245 246 247 248 249 250 251 252 253 254 255 256 257 258 259 260 261 262 263 264 265 266 267 268 269 270 271 
1 2 3 4 5 6 7 8 9 10 11 12 13 14 86 88 89 90 92 93 94 141 142 143 144 145 146 147 148 149 150 151 152 153 154 155 156 157 158 159 161 209 212 213 214 215 216 217 288 289 290 291 292 293 294 295 296 297 298 
15 16 17 18 19 20 21 22 23 24 25 26 27 28 29 30 67 68 69 70 71 72 73 74 75 76 77 78 79 80 81 82 83 84 85 87 91 95 96 97 98 99 100 101 102 103 104 129 130 131 132 133 134 135 136 137 138 139 140 163 
31 32 33 34 35 36 37 38 39 40 41 42 43 44 45 46 47 48 49 50 51 52 53 54 55 56 57 58 59 60 61 62 63 64 65 66 105 106 107 108 109 110 111 112 113 114 115 116 117 118 121 122 123 124 125 127 128 169 171 172 175 180 195 
[SAVELOGS] evolution saved to results/logs/aco_logs/evolution/pr299_05_2.txt
[SAVELOGS] best cost saved to results/logs/aco_logs/objectives/pr299_05_2.txt
[SAVELOGS] best solution saved to results/logs/aco_logs/solutions/pr299_05_2.txt
