[ITER 1] New best cost=65450.85 (feasible=YES, time 0.241086s)
[ITER 2] New best cost=64325.04 (feasible=YES, time 0.518176s)
[ITER 3] New best cost=63879.47 (feasible=YES, time 0.787872s)
[ITER 4] New best cost=63676.24 (feasible=YES, time 0.994836s)
[ITER 10] bestGlobalCost=63676.24 (feasible=YES) bestThisIter=64072.47 feasibleAnts=10 noImprove=6 (elapsed 2.1527s)
[ITER 11] New best cost=63499.68 (feasible=YES, time 2.37547s)
[ITER 13] New best cost=63195.27 (feasible=YES, time 2.70978s)
[ITER 15] New best cost=62857.58 (feasible=YES, time 8.79926s)
[ITER 18] New best cost=62642.13 (feasible=YES, time 17.2821s)
[ITER 20] bestGlobalCost=62642.13 (feasible=YES) bestThisIter=62857.58 feasibleAnts=10 noImprove=2 (elapsed 17.4782s)
[ITER 30] bestGlobalCost=62642.13 (feasible=YES) bestThisIter=63123.26 feasibleAnts=10 noImprove=12 (elapsed 33.3797s)
[ITER 40] bestGlobalCost=62642.13 (feasible=YES) bestThisIter=63396.92 feasibleAnts=10 noImprove=22 (elapsed 35.9736s)
[RESET] no improvement for30-> reset pheromones
[ITER 50] bestGlobalCost=62642.13 (feasible=YES) bestThisIter=63535.81 feasibleAnts=10 noImprove=2 (elapsed 51.5681s)
[ITER 60] bestGlobalCost=62642.13 (feasible=YES) bestThisIter=63081.46 feasibleAnts=10 noImprove=12 (elapsed 66.8483s)
108 110 118 119 120 121 122 123 124 131 132 133 134 135 136 137 145 147 149 
125 126 130 138 139 140 141 142 143 150 151 152 153 154 155 156 165 166 167 168 
67 68 79 80 81 82 83 84 85 92 93 94 95 96 97 98 105 106 107 109 
86 87 90 91 99 100 101 102 103 104 111 112 113 114 115 116 117 127 128 129 
37 39 47 49 51 52 60 61 62 63 64 65 73 74 75 76 77 78 88 89 
163 164 169 175 176 177 178 179 180 181 182 188 189 190 191 192 193 194 195 
1 2 3 4 5 6 14 15 16 17 18 19 20 27 28 29 30 31 32 
144 146 148 157 158 159 160 161 162 170 171 172 173 174 183 184 185 186 187 
33 40 41 42 43 44 45 46 53 54 55 56 57 58 59 66 69 70 71 72 
7 8 9 10 11 12 13 21 22 23 24 25 26 34 35 36 38 48 50 
[SAVELOGS] evolution saved to results/logs/rat195_10_3/evolution/rat195_10_3
[SAVELOGS] best cost saved to results/logs/rat195_10_3/objectives/rat195_10_3
[SAVELOGS] best solution saved to results/logs/rat195_10_3/solutions/rat195_10_3
