[ITER 1] New best cost=240388.35 (feasible=YES, time 0.174785s)
[ITER 2] New best cost=225816.83 (feasible=YES, time 0.286726s)
[ITER 3] New best cost=218174.41 (feasible=YES, time 0.379835s)
[ITER 5] New best cost=215657.29 (feasible=YES, time 0.594643s)
[ITER 7] New best cost=209739.95 (feasible=YES, time 0.817856s)
[ITER 9] New best cost=208220.62 (feasible=YES, time 1.03627s)
[ITER 10] New best cost=207487.60 (feasible=YES, time 1.12414s)
[ITER 10] bestGlobalCost=207487.60 (feasible=YES) bestThisIter=207487.60 feasibleAnts=9 noImprove=0 (elapsed 1.12752s)
[ITER 15] New best cost=207227.26 (feasible=YES, time 3.13566s)
[ITER 20] bestGlobalCost=207227.26 (feasible=YES) bestThisIter=207227.26 feasibleAnts=12 noImprove=5 (elapsed 5.31488s)
[ITER 30] bestGlobalCost=207227.26 (feasible=YES) bestThisIter=208979.45 feasibleAnts=8 noImprove=15 (elapsed 9.81007s)
[ITER 40] bestGlobalCost=207227.26 (feasible=YES) bestThisIter=209075.64 feasibleAnts=9 noImprove=25 (elapsed 10.992s)
[ITER 45] New best cost=206401.81 (feasible=YES, time 12.2907s)
[ITER 50] bestGlobalCost=206401.81 (feasible=YES) bestThisIter=206401.81 feasibleAnts=11 noImprove=5 (elapsed 15.1909s)
[ITER 60] bestGlobalCost=206401.81 (feasible=YES) bestThisIter=206401.81 feasibleAnts=9 noImprove=15 (elapsed 19.8524s)
[ITER 70] bestGlobalCost=206401.81 (feasible=YES) bestThisIter=219303.66 feasibleAnts=10 noImprove=25 (elapsed 20.8225s)
[RESET] no improvement for30-> reset pheromones
[ITER 80] bestGlobalCost=206401.81 (feasible=YES) bestThisIter=229050.47 feasibleAnts=10 noImprove=5 (elapsed 25.6976s)
[ITER 90] bestGlobalCost=206401.81 (feasible=YES) bestThisIter=220279.34 feasibleAnts=10 noImprove=15 (elapsed 31.0179s)
[ITER 100] bestGlobalCost=206401.81 (feasible=YES) bestThisIter=210254.48 feasibleAnts=10 noImprove=25 (elapsed 32.3869s)
[RESET] no improvement for30-> reset pheromones
[ITER 110] bestGlobalCost=206401.81 (feasible=YES) bestThisIter=235103.91 feasibleAnts=10 noImprove=5 (elapsed 37.3069s)
[ITER 120] New best cost=205932.29 (feasible=YES, time 41.575s)
[ITER 120] bestGlobalCost=205932.29 (feasible=YES) bestThisIter=219826.66 feasibleAnts=9 noImprove=0 (elapsed 42.4022s)
[ITER 130] bestGlobalCost=205932.29 (feasible=YES) bestThisIter=209578.97 feasibleAnts=8 noImprove=10 (elapsed 43.2487s)
[ITER 140] bestGlobalCost=205932.29 (feasible=YES) bestThisIter=222644.30 feasibleAnts=10 noImprove=20 (elapsed 47.599s)
[ITER 150] bestGlobalCost=205932.29 (feasible=YES) bestThisIter=225838.89 feasibleAnts=10 noImprove=30 (elapsed 52.4391s)
[RESET] no improvement for30-> reset pheromones
[ITER 160] bestGlobalCost=205932.29 (feasible=YES) bestThisIter=232511.38 feasibleAnts=10 noImprove=10 (elapsed 53.7797s)
[ITER 170] bestGlobalCost=205932.29 (feasible=YES) bestThisIter=214747.46 feasibleAnts=10 noImprove=20 (elapsed 58.6251s)
[ITER 180] bestGlobalCost=205932.29 (feasible=YES) bestThisIter=205932.29 feasibleAnts=10 noImprove=30 (elapsed 62.873s)
[RESET] no improvement for30-> reset pheromones
4 5 8 9 13 14 16 17 18 25 26 37 
1 2 3 6 7 10 11 12 15 28 103 
61 65 66 87 88 89 94 95 100 105 
67 68 71 72 77 78 79 82 84 85 93 
40 43 44 47 48 49 50 54 55 57 59 
19 27 33 34 35 36 38 39 45 51 
73 83 86 90 91 92 96 97 98 101 102 
20 21 22 23 24 29 30 31 32 104 
56 64 70 74 75 76 80 81 99 
41 42 46 52 53 58 60 62 63 69 
[SAVELOGS] evolution saved to results/logs/lin105_10_5/evolution/lin105_10_5
[SAVELOGS] best cost saved to results/logs/lin105_10_5/objectives/lin105_10_5
[SAVELOGS] best solution saved to results/logs/lin105_10_5/solutions/lin105_10_5
