[ITER 1] New best cost=231194.22 (feasible=YES, time 0.200755s)
[ITER 3] New best cost=225828.70 (feasible=YES, time 0.419899s)
[ITER 9] New best cost=224786.67 (feasible=YES, time 1.25934s)
[ITER 10] bestGlobalCost=224786.67 (feasible=YES) bestThisIter=224950.14 feasibleAnts=8 noImprove=1 (elapsed 1.36602s)
[ITER 13] New best cost=222339.20 (feasible=YES, time 1.63879s)
[ITER 14] New best cost=222188.93 (feasible=YES, time 1.72522s)
[ITER 15] New best cost=218782.57 (feasible=YES, time 2.59646s)
[ITER 15] New best cost=217568.88 (feasible=YES, time 3.64464s)
[ITER 15] New best cost=217284.76 (feasible=YES, time 4.4622s)
[ITER 15] New best cost=214636.13 (feasible=YES, time 5.28686s)
[ITER 19] New best cost=213743.98 (feasible=YES, time 6.49147s)
[ITER 20] New best cost=213018.34 (feasible=YES, time 6.57195s)
[ITER 20] bestGlobalCost=213018.34 (feasible=YES) bestThisIter=213018.34 feasibleAnts=14 noImprove=0 (elapsed 6.57475s)
[ITER 23] New best cost=211596.31 (feasible=YES, time 6.86775s)
[ITER 25] New best cost=211462.74 (feasible=YES, time 7.06331s)
[ITER 29] New best cost=209160.11 (feasible=YES, time 7.51717s)
[ITER 30] New best cost=207502.47 (feasible=YES, time 9.32105s)
[ITER 30] bestGlobalCost=207502.47 (feasible=YES) bestThisIter=208187.13 feasibleAnts=25 noImprove=0 (elapsed 11.5907s)
[ITER 33] New best cost=206564.51 (feasible=YES, time 11.8248s)
[ITER 40] bestGlobalCost=206564.51 (feasible=YES) bestThisIter=206564.51 feasibleAnts=11 noImprove=7 (elapsed 12.2658s)
[ITER 50] bestGlobalCost=206564.51 (feasible=YES) bestThisIter=235347.51 feasibleAnts=10 noImprove=17 (elapsed 16.3487s)
[ITER 60] bestGlobalCost=206564.51 (feasible=YES) bestThisIter=217595.53 feasibleAnts=10 noImprove=27 (elapsed 21.4892s)
[RESET] no improvement for30-> reset pheromones
[ITER 70] bestGlobalCost=206564.51 (feasible=YES) bestThisIter=238353.48 feasibleAnts=10 noImprove=7 (elapsed 23.1094s)
[ITER 80] bestGlobalCost=206564.51 (feasible=YES) bestThisIter=219587.75 feasibleAnts=9 noImprove=17 (elapsed 28.4381s)
[ITER 90] bestGlobalCost=206564.51 (feasible=YES) bestThisIter=221069.86 feasibleAnts=9 noImprove=27 (elapsed 32.6421s)
[RESET] no improvement for30-> reset pheromones
[ITER 100] bestGlobalCost=206564.51 (feasible=YES) bestThisIter=233553.60 feasibleAnts=10 noImprove=7 (elapsed 34.2367s)
[ITER 110] bestGlobalCost=206564.51 (feasible=YES) bestThisIter=223537.68 feasibleAnts=10 noImprove=17 (elapsed 39.0409s)
[ITER 120] New best cost=205009.20 (feasible=YES, time 41.7393s)
[ITER 120] bestGlobalCost=205009.20 (feasible=YES) bestThisIter=222627.04 feasibleAnts=10 noImprove=0 (elapsed 44.4357s)
[ITER 130] bestGlobalCost=205009.20 (feasible=YES) bestThisIter=205009.20 feasibleAnts=11 noImprove=10 (elapsed 45.0302s)
[ITER 140] bestGlobalCost=205009.20 (feasible=YES) bestThisIter=225181.86 feasibleAnts=10 noImprove=20 (elapsed 50.1337s)
[ITER 150] bestGlobalCost=205009.20 (feasible=YES) bestThisIter=216944.02 feasibleAnts=9 noImprove=30 (elapsed 55.6387s)
[RESET] no improvement for30-> reset pheromones
[ITER 160] bestGlobalCost=205009.20 (feasible=YES) bestThisIter=214597.58 feasibleAnts=10 noImprove=10 (elapsed 57.3796s)
40 43 44 47 48 49 50 54 55 57 59 
73 83 86 90 91 92 96 97 98 101 102 
1 2 3 6 7 10 11 12 15 32 
4 5 8 9 13 14 16 17 18 25 26 37 
19 27 33 34 35 36 38 39 45 51 
41 42 46 52 53 58 60 62 63 69 
67 68 71 72 77 78 79 82 84 85 93 
20 21 22 23 24 28 29 30 31 103 104 
56 64 70 74 75 76 80 81 99 
61 65 66 87 88 89 94 95 100 105 
[SAVELOGS] evolution saved to results/logs/lin105_10_5/evolution/lin105_10_5
[SAVELOGS] best cost saved to results/logs/lin105_10_5/objectives/lin105_10_5
[SAVELOGS] best solution saved to results/logs/lin105_10_5/solutions/lin105_10_5
