[ITER 1] New best cost=13861.05 (feasible=YES, time 0.690298s)
[ITER 2] New best cost=13189.64 (feasible=YES, time 2.01482s)
[ITER 4] New best cost=13165.32 (feasible=YES, time 4.18924s)
[ITER 5] New best cost=13044.08 (feasible=YES, time 5.27988s)
[ITER 7] New best cost=12874.79 (feasible=YES, time 7.08602s)
[ITER 10] bestGlobalCost=12874.79 (feasible=YES) bestThisIter=12928.91 feasibleAnts=10 noImprove=3 (elapsed 11.7704s)
[ITER 11] New best cost=12851.59 (feasible=YES, time 12.5791s)
[ITER 12] New best cost=12788.49 (feasible=YES, time 13.5824s)
[ITER 13] New best cost=12783.61 (feasible=YES, time 14.4091s)
[ITER 15] New best cost=12759.66 (feasible=YES, time 16.268s)
[ITER 17] New best cost=12742.84 (feasible=YES, time 17.9259s)
[ITER 20] New best cost=12690.83 (feasible=YES, time 21.6952s)
[ITER 20] bestGlobalCost=12690.83 (feasible=YES) bestThisIter=12746.52 feasibleAnts=10 noImprove=0 (elapsed 21.6988s)
[ITER 30] bestGlobalCost=12690.83 (feasible=YES) bestThisIter=12815.51 feasibleAnts=10 noImprove=10 (elapsed 30.3781s)
[ITER 31] New best cost=12665.91 (feasible=YES, time 31.4458s)
[ITER 35] New best cost=12623.31 (feasible=YES, time 33.9469s)
[ITER 37] New best cost=12606.58 (feasible=YES, time 35.1955s)
[ITER 38] New best cost=12562.27 (feasible=YES, time 36.0643s)
[ITER 40] bestGlobalCost=12562.27 (feasible=YES) bestThisIter=12813.66 feasibleAnts=12 noImprove=2 (elapsed 39.0139s)
[ITER 50] bestGlobalCost=12562.27 (feasible=YES) bestThisIter=12709.25 feasibleAnts=9 noImprove=12 (elapsed 46.8959s)
[ITER 60] bestGlobalCost=12562.27 (feasible=YES) bestThisIter=12710.36 feasibleAnts=10 noImprove=22 (elapsed 56.8817s)
[ITER 70] bestGlobalCost=12562.27 (feasible=YES) bestThisIter=12691.50 feasibleAnts=9 noImprove=32 (elapsed 67.523s)
[ITER 80] bestGlobalCost=12562.27 (feasible=YES) bestThisIter=13143.56 feasibleAnts=8 noImprove=42 (elapsed 76.6863s)
[RESET] no improvement for50-> reset pheromones
[ITER 90] bestGlobalCost=12562.27 (feasible=YES) bestThisIter=12591.62 feasibleAnts=10 noImprove=2 (elapsed 86.7752s)
[ITER 100] bestGlobalCost=12562.27 (feasible=YES) bestThisIter=12608.72 feasibleAnts=10 noImprove=12 (elapsed 95.366s)
[ITER 110] bestGlobalCost=12562.27 (feasible=YES) bestThisIter=12757.79 feasibleAnts=9 noImprove=22 (elapsed 104.355s)
[ITER 120] bestGlobalCost=12562.27 (feasible=YES) bestThisIter=12716.85 feasibleAnts=10 noImprove=32 (elapsed 114.837s)
[ITER 130] bestGlobalCost=12562.27 (feasible=YES) bestThisIter=12777.69 feasibleAnts=10 noImprove=42 (elapsed 125.204s)
[RESET] no improvement for50-> reset pheromones
[ITER 140] bestGlobalCost=12562.27 (feasible=YES) bestThisIter=12663.13 feasibleAnts=10 noImprove=2 (elapsed 135.924s)
[ITER 150] bestGlobalCost=12562.27 (feasible=YES) bestThisIter=12632.03 feasibleAnts=10 noImprove=12 (elapsed 144.784s)
[ITER 160] bestGlobalCost=12562.27 (feasible=YES) bestThisIter=12809.26 feasibleAnts=10 noImprove=22 (elapsed 154.805s)
[ITER 170] bestGlobalCost=12562.27 (feasible=YES) bestThisIter=12782.47 feasibleAnts=9 noImprove=32 (elapsed 165.247s)
[ITER 180] bestGlobalCost=12562.27 (feasible=YES) bestThisIter=12954.42 feasibleAnts=10 noImprove=42 (elapsed 176.298s)
[RESET] no improvement for50-> reset pheromones
[ITER 190] bestGlobalCost=12562.27 (feasible=YES) bestThisIter=12635.12 feasibleAnts=10 noImprove=2 (elapsed 187.094s)
[ITER 200] bestGlobalCost=12562.27 (feasible=YES) bestThisIter=12652.68 feasibleAnts=10 noImprove=12 (elapsed 195.994s)
[ITER 210] bestGlobalCost=12562.27 (feasible=YES) bestThisIter=12659.36 feasibleAnts=10 noImprove=22 (elapsed 205.767s)
[ITER 220] bestGlobalCost=12562.27 (feasible=YES) bestThisIter=12692.28 feasibleAnts=9 noImprove=32 (elapsed 215.896s)
[ITER 230] bestGlobalCost=12562.27 (feasible=YES) bestThisIter=12966.63 feasibleAnts=8 noImprove=42 (elapsed 227.09s)
[RESET] no improvement for50-> reset pheromones
[ITER 240] bestGlobalCost=12562.27 (feasible=YES) bestThisIter=12621.46 feasibleAnts=10 noImprove=2 (elapsed 236.841s)
[ITER 250] bestGlobalCost=12562.27 (feasible=YES) bestThisIter=12629.91 feasibleAnts=10 noImprove=12 (elapsed 246.136s)
[ITER 260] bestGlobalCost=12562.27 (feasible=YES) bestThisIter=12641.78 feasibleAnts=10 noImprove=22 (elapsed 256.346s)
[ITER 270] bestGlobalCost=12562.27 (feasible=YES) bestThisIter=13004.94 feasibleAnts=10 noImprove=32 (elapsed 266.413s)
[ITER 280] bestGlobalCost=12562.27 (feasible=YES) bestThisIter=12894.69 feasibleAnts=9 noImprove=42 (elapsed 277.367s)
[RESET] no improvement for50-> reset pheromones
[ITER 290] bestGlobalCost=12562.27 (feasible=YES) bestThisIter=12576.97 feasibleAnts=10 noImprove=2 (elapsed 286.304s)
[ITER 300] bestGlobalCost=12562.27 (feasible=YES) bestThisIter=12676.87 feasibleAnts=10 noImprove=12 (elapsed 295.606s)
1 2 16 30 51 54 55 57 68 69 70 71 72 73 74 75 76 
143 144 145 147 148 149 150 151 152 153 154 155 186 187 188 189 190 192 197 199 
31 33 34 35 43 44 46 52 53 56 58 59 60 61 62 63 64 65 66 67 84 
22 23 24 25 26 27 28 29 39 112 120 123 128 129 130 131 137 138 142 146 
36 37 38 40 41 42 45 47 49 99 103 104 105 106 107 108 109 110 111 118 124 
3 4 5 6 7 8 9 10 11 12 13 14 15 17 18 19 20 21 32 127 
114 116 117 121 125 126 132 133 134 135 136 139 140 141 163 164 167 168 170 171 184 185 
48 50 85 86 87 89 92 93 94 95 96 97 98 100 101 102 113 115 119 122 156 
77 78 79 80 81 82 83 88 90 91 157 158 159 160 161 162 165 175 179 
166 169 172 173 174 176 177 178 180 181 182 183 191 193 194 195 196 198 200 201 202 
[SAVELOGS] evolution saved to results/logs/aco_logs/evolution/gr202_10_5.txt
[SAVELOGS] best cost saved to results/logs/aco_logs/objectives/gr202_10_5.txt
[SAVELOGS] best solution saved to results/logs/aco_logs/solutions/gr202_10_5.txt
