[ITER 1] New best cost=105814.53 (feasible=YES, time 0.122526s)
[ITER 3] New best cost=105662.11 (feasible=YES, time 0.301454s)
[ITER 6] New best cost=98701.08 (feasible=YES, time 0.551072s)
[ITER 8] New best cost=98425.94 (feasible=YES, time 0.737037s)
[ITER 10] bestGlobalCost=98425.94 (feasible=YES) bestThisIter=100167.35 feasibleAnts=10 noImprove=2 (elapsed 0.901429s)
[ITER 11] New best cost=97059.67 (feasible=YES, time 0.960272s)
[ITER 12] New best cost=96767.42 (feasible=YES, time 1.00988s)
[ITER 13] New best cost=96403.73 (feasible=YES, time 1.07169s)
[ITER 14] New best cost=95021.82 (feasible=YES, time 1.14041s)
[ITER 15] New best cost=94859.45 (feasible=YES, time 1.71667s)
[ITER 15] New best cost=94332.05 (feasible=YES, time 2.25776s)
[ITER 16] New best cost=94265.99 (feasible=YES, time 4.18066s)
[ITER 18] New best cost=94177.56 (feasible=YES, time 4.34587s)
[ITER 20] bestGlobalCost=94177.56 (feasible=YES) bestThisIter=94177.56 feasibleAnts=9 noImprove=2 (elapsed 4.5299s)
[ITER 30] New best cost=94133.05 (feasible=YES, time 5.9686s)
[ITER 30] bestGlobalCost=94133.05 (feasible=YES) bestThisIter=94227.26 feasibleAnts=9 noImprove=0 (elapsed 8.26178s)
[ITER 32] New best cost=93601.53 (feasible=YES, time 8.39954s)
[ITER 34] New best cost=93417.51 (feasible=YES, time 8.52524s)
[ITER 35] New best cost=92802.45 (feasible=YES, time 8.5945s)
[ITER 40] bestGlobalCost=92802.45 (feasible=YES) bestThisIter=92802.45 feasibleAnts=16 noImprove=5 (elapsed 9.01133s)
[ITER 50] bestGlobalCost=92802.45 (feasible=YES) bestThisIter=94092.53 feasibleAnts=10 noImprove=15 (elapsed 12.7628s)
[ITER 60] bestGlobalCost=92802.45 (feasible=YES) bestThisIter=93282.61 feasibleAnts=10 noImprove=25 (elapsed 16.6613s)
[RESET] no improvement for30-> reset pheromones
[ITER 70] bestGlobalCost=92802.45 (feasible=YES) bestThisIter=101435.39 feasibleAnts=10 noImprove=5 (elapsed 17.6658s)
[ITER 80] bestGlobalCost=92802.45 (feasible=YES) bestThisIter=99250.35 feasibleAnts=10 noImprove=15 (elapsed 21.7924s)
[ITER 90] bestGlobalCost=92802.45 (feasible=YES) bestThisIter=99414.41 feasibleAnts=10 noImprove=25 (elapsed 25.5005s)
[RESET] no improvement for30-> reset pheromones
[ITER 100] bestGlobalCost=92802.45 (feasible=YES) bestThisIter=101822.82 feasibleAnts=10 noImprove=5 (elapsed 26.4162s)
[ITER 110] bestGlobalCost=92802.45 (feasible=YES) bestThisIter=93850.61 feasibleAnts=10 noImprove=15 (elapsed 30.7619s)
[ITER 120] bestGlobalCost=92802.45 (feasible=YES) bestThisIter=98912.97 feasibleAnts=10 noImprove=25 (elapsed 34.2874s)
[RESET] no improvement for30-> reset pheromones
[ITER 130] bestGlobalCost=92802.45 (feasible=YES) bestThisIter=102796.79 feasibleAnts=10 noImprove=5 (elapsed 35.186s)
[ITER 140] bestGlobalCost=92802.45 (feasible=YES) bestThisIter=96552.72 feasibleAnts=10 noImprove=15 (elapsed 39.6842s)
[ITER 150] bestGlobalCost=92802.45 (feasible=YES) bestThisIter=93437.12 feasibleAnts=10 noImprove=25 (elapsed 43.3072s)
[RESET] no improvement for30-> reset pheromones
[ITER 160] bestGlobalCost=92802.45 (feasible=YES) bestThisIter=104994.06 feasibleAnts=10 noImprove=5 (elapsed 44.4465s)
[ITER 170] bestGlobalCost=92802.45 (feasible=YES) bestThisIter=99718.40 feasibleAnts=10 noImprove=15 (elapsed 48.6477s)
[ITER 180] bestGlobalCost=92802.45 (feasible=YES) bestThisIter=93601.53 feasibleAnts=8 noImprove=25 (elapsed 52.2911s)
[RESET] no improvement for30-> reset pheromones
[ITER 190] bestGlobalCost=92802.45 (feasible=YES) bestThisIter=102712.13 feasibleAnts=10 noImprove=5 (elapsed 53.3871s)
[ITER 200] bestGlobalCost=92802.45 (feasible=YES) bestThisIter=97886.40 feasibleAnts=10 noImprove=15 (elapsed 57.3869s)
[ITER 210] bestGlobalCost=92802.45 (feasible=YES) bestThisIter=99108.05 feasibleAnts=10 noImprove=25 (elapsed 61.3344s)
8 13 49 63 64 65 67 75 86 97 
5 22 24 30 48 51 61 80 81 90 
1 15 18 60 62 68 69 71 83 87 
2 23 29 31 35 39 44 89 96 100 
3 10 26 28 33 37 46 56 74 76 
7 11 25 34 40 41 42 43 55 91 
17 19 27 38 50 54 70 72 73 92 
16 58 59 66 77 84 88 93 95 98 
6 36 45 47 52 53 57 79 94 99 
4 9 12 14 20 21 32 78 82 85 
[SAVELOGS] evolution saved to results/logs/rd100_10_5/evolution/rd100_10_5
[SAVELOGS] best cost saved to results/logs/rd100_10_5/objectives/rd100_10_5
[SAVELOGS] best solution saved to results/logs/rd100_10_5/solutions/rd100_10_5
