[ITER 1] New best cost=4526062.57 (feasible=YES, time 1.51365s)
[ITER 2] New best cost=4331534.52 (feasible=YES, time 4.67253s)
[ITER 3] New best cost=4291045.85 (feasible=YES, time 7.40148s)
[ITER 4] New best cost=4245547.12 (feasible=YES, time 10.309s)
[ITER 7] New best cost=4238849.74 (feasible=YES, time 19.2562s)
[ITER 8] New best cost=4229830.94 (feasible=YES, time 21.7452s)
[ITER 10] [TS] New best cost=4212772.81 (feasible=YES, time 28.162s)
[ITER 10] bestGlobalCost=4212772.81 (feasible=YES) bestThisIter=4254976.20 feasibleAnts=10 noImprove=1 (elapsed 31.5275s)
[ITER 17] New best cost=4210776.11 (feasible=YES, time 53.9135s)
[ITER 20] [TS] New best cost=4209165.95 (feasible=YES, time 63.3793s)
[ITER 20] bestGlobalCost=4209165.95 (feasible=YES) bestThisIter=4214121.94 feasibleAnts=10 noImprove=1 (elapsed 66.265s)
[ITER 21] New best cost=4198388.12 (feasible=YES, time 68.9201s)
[ITER 22] New best cost=4197405.85 (feasible=YES, time 71.4178s)
[ITER 25] New best cost=4185617.42 (feasible=YES, time 76.6367s)
[ITER 28] New best cost=4176585.07 (feasible=YES, time 83.6065s)
[ITER 30] [TS] New best cost=4173817.24 (feasible=YES, time 90.8705s)
[ITER 30] bestGlobalCost=4173817.24 (feasible=YES) bestThisIter=4188797.59 feasibleAnts=10 noImprove=1 (elapsed 93.9986s)
[ITER 33] New best cost=4169776.83 (feasible=YES, time 99.3278s)
[ITER 40] bestGlobalCost=4169776.83 (feasible=YES) bestThisIter=4177177.46 feasibleAnts=10 noImprove=7 (elapsed 117.512s)
[ITER 50] bestGlobalCost=4169776.83 (feasible=YES) bestThisIter=4174151.32 feasibleAnts=10 noImprove=17 (elapsed 142.123s)
[ITER 60] [TS] New best cost=4164259.36 (feasible=YES, time 164.267s)
[ITER 60] bestGlobalCost=4164259.36 (feasible=YES) bestThisIter=4164259.36 feasibleAnts=10 noImprove=1 (elapsed 167.46s)
[ITER 70] bestGlobalCost=4164259.36 (feasible=YES) bestThisIter=4169017.24 feasibleAnts=10 noImprove=11 (elapsed 192.988s)
[ITER 80] bestGlobalCost=4164259.36 (feasible=YES) bestThisIter=4164259.36 feasibleAnts=10 noImprove=21 (elapsed 215.317s)
[RESET] no improvement for30-> reset pheromones
[ITER 90] bestGlobalCost=4164259.36 (feasible=YES) bestThisIter=4375194.93 feasibleAnts=10 noImprove=1 (elapsed 238.845s)
[ITER 100] bestGlobalCost=4164259.36 (feasible=YES) bestThisIter=4179092.76 feasibleAnts=10 noImprove=11 (elapsed 269.838s)
[ITER 110] [TS] New best cost=4163591.88 (feasible=YES, time 290.066s)
[ITER 110] bestGlobalCost=4163591.88 (feasible=YES) bestThisIter=4170811.34 feasibleAnts=9 noImprove=1 (elapsed 292.421s)
[ITER 120] bestGlobalCost=4163591.88 (feasible=YES) bestThisIter=4169575.27 feasibleAnts=10 noImprove=11 (elapsed 317.455s)
[ITER 130] bestGlobalCost=4163591.88 (feasible=YES) bestThisIter=4163591.88 feasibleAnts=10 noImprove=21 (elapsed 341.736s)
[RESET] no improvement for30-> reset pheromones
[ITER 140] bestGlobalCost=4163591.88 (feasible=YES) bestThisIter=4415017.68 feasibleAnts=10 noImprove=1 (elapsed 368.135s)
[ITER 150] [TS] New best cost=4161501.15 (feasible=YES, time 388.789s)
[ITER 150] bestGlobalCost=4161501.15 (feasible=YES) bestThisIter=4178916.65 feasibleAnts=10 noImprove=1 (elapsed 390.293s)
[ITER 160] bestGlobalCost=4161501.15 (feasible=YES) bestThisIter=4194859.33 feasibleAnts=10 noImprove=11 (elapsed 413.95s)
[ITER 170] bestGlobalCost=4161501.15 (feasible=YES) bestThisIter=4163458.05 feasibleAnts=10 noImprove=21 (elapsed 439.368s)
[RESET] no improvement for30-> reset pheromones
[ITER 180] bestGlobalCost=4161501.15 (feasible=YES) bestThisIter=4314020.05 feasibleAnts=10 noImprove=1 (elapsed 463.815s)
[ITER 190] bestGlobalCost=4161501.15 (feasible=YES) bestThisIter=4175430.74 feasibleAnts=10 noImprove=11 (elapsed 487.021s)
[ITER 194] New best cost=4159694.52 (feasible=YES, time 494.748s)
[ITER 200] bestGlobalCost=4159694.52 (feasible=YES) bestThisIter=4176955.27 feasibleAnts=10 noImprove=6 (elapsed 513.907s)
[ITER 210] bestGlobalCost=4159694.52 (feasible=YES) bestThisIter=4177731.54 feasibleAnts=10 noImprove=16 (elapsed 538.858s)
[ITER 220] bestGlobalCost=4159694.52 (feasible=YES) bestThisIter=4165658.32 feasibleAnts=10 noImprove=26 (elapsed 564.156s)
[RESET] no improvement for30-> reset pheromones
[ITER 230] bestGlobalCost=4159694.52 (feasible=YES) bestThisIter=4161191.29 feasibleAnts=10 noImprove=6 (elapsed 590.127s)
[ITER 231] New best cost=4158379.69 (feasible=YES, time 591.867s)
[ITER 240] bestGlobalCost=4158379.69 (feasible=YES) bestThisIter=4178702.81 feasibleAnts=10 noImprove=9 (elapsed 613.749s)
[ITER 250] bestGlobalCost=4158379.69 (feasible=YES) bestThisIter=4192351.73 feasibleAnts=10 noImprove=19 (elapsed 639.1s)
[ITER 254] New best cost=4156739.17 (feasible=YES, time 646.945s)
[ITER 260] bestGlobalCost=4156739.17 (feasible=YES) bestThisIter=4156739.17 feasibleAnts=10 noImprove=6 (elapsed 663.175s)
[ITER 270] bestGlobalCost=4156739.17 (feasible=YES) bestThisIter=4189255.97 feasibleAnts=10 noImprove=16 (elapsed 686.897s)
[ITER 280] bestGlobalCost=4156739.17 (feasible=YES) bestThisIter=4177571.93 feasibleAnts=10 noImprove=26 (elapsed 710.521s)
[RESET] no improvement for30-> reset pheromones
[ITER 290] bestGlobalCost=4156739.17 (feasible=YES) bestThisIter=4168169.41 feasibleAnts=11 noImprove=6 (elapsed 735.462s)
[ITER 300] bestGlobalCost=4156739.17 (feasible=YES) bestThisIter=4176229.61 feasibleAnts=10 noImprove=16 (elapsed 761.701s)
[ITER 310] bestGlobalCost=4156739.17 (feasible=YES) bestThisIter=4172632.80 feasibleAnts=10 noImprove=26 (elapsed 785.466s)
[RESET] no improvement for30-> reset pheromones
[ITER 320] bestGlobalCost=4156739.17 (feasible=YES) bestThisIter=4194144.17 feasibleAnts=10 noImprove=6 (elapsed 808.331s)
[ITER 330] bestGlobalCost=4156739.17 (feasible=YES) bestThisIter=4167083.21 feasibleAnts=10 noImprove=16 (elapsed 831.131s)
[ITER 340] bestGlobalCost=4156739.17 (feasible=YES) bestThisIter=4177166.52 feasibleAnts=10 noImprove=26 (elapsed 854.766s)
[RESET] no improvement for30-> reset pheromones
[ITER 350] bestGlobalCost=4156739.17 (feasible=YES) bestThisIter=4170524.63 feasibleAnts=10 noImprove=6 (elapsed 877.708s)
[ITER 360] bestGlobalCost=4156739.17 (feasible=YES) bestThisIter=4156739.17 feasibleAnts=10 noImprove=16 (elapsed 902.054s)
[ITER 370] bestGlobalCost=4156739.17 (feasible=YES) bestThisIter=4179168.36 feasibleAnts=10 noImprove=26 (elapsed 925.603s)
[RESET] no improvement for30-> reset pheromones
[ITER 380] bestGlobalCost=4156739.17 (feasible=YES) bestThisIter=4180667.53 feasibleAnts=10 noImprove=6 (elapsed 952.334s)
[ITER 390] bestGlobalCost=4156739.17 (feasible=YES) bestThisIter=4172219.49 feasibleAnts=10 noImprove=16 (elapsed 977.886s)
[ITER 400] bestGlobalCost=4156739.17 (feasible=YES) bestThisIter=4165317.53 feasibleAnts=10 noImprove=26 (elapsed 1004.87s)
[RESET] no improvement for30-> reset pheromones
[ITER 410] bestGlobalCost=4156739.17 (feasible=YES) bestThisIter=4174989.73 feasibleAnts=10 noImprove=6 (elapsed 1033.22s)
[ITER 420] bestGlobalCost=4156739.17 (feasible=YES) bestThisIter=4165493.24 feasibleAnts=10 noImprove=16 (elapsed 1058.97s)
[ITER 430] bestGlobalCost=4156739.17 (feasible=YES) bestThisIter=4174789.63 feasibleAnts=10 noImprove=26 (elapsed 1083.68s)
[RESET] no improvement for30-> reset pheromones
[ITER 440] bestGlobalCost=4156739.17 (feasible=YES) bestThisIter=4167879.28 feasibleAnts=10 noImprove=6 (elapsed 1113.39s)
[ITER 450] bestGlobalCost=4156739.17 (feasible=YES) bestThisIter=4188314.88 feasibleAnts=10 noImprove=16 (elapsed 1138.24s)
[ITER 460] bestGlobalCost=4156739.17 (feasible=YES) bestThisIter=4184703.83 feasibleAnts=10 noImprove=26 (elapsed 1161.14s)
[RESET] no improvement for30-> reset pheromones
[ITER 470] bestGlobalCost=4156739.17 (feasible=YES) bestThisIter=4189733.06 feasibleAnts=10 noImprove=6 (elapsed 1185.99s)
[ITER 480] bestGlobalCost=4156739.17 (feasible=YES) bestThisIter=4156739.17 feasibleAnts=10 noImprove=16 (elapsed 1213.28s)
[ITER 490] bestGlobalCost=4156739.17 (feasible=YES) bestThisIter=4156739.17 feasibleAnts=10 noImprove=26 (elapsed 1242.27s)
[RESET] no improvement for30-> reset pheromones
[ITER 500] bestGlobalCost=4156739.17 (feasible=YES) bestThisIter=4158545.80 feasibleAnts=10 noImprove=6 (elapsed 1272.94s)
[ITER 510] bestGlobalCost=4156739.17 (feasible=YES) bestThisIter=4193574.53 feasibleAnts=10 noImprove=16 (elapsed 1303.53s)
[ITER 520] bestGlobalCost=4156739.17 (feasible=YES) bestThisIter=4187442.86 feasibleAnts=10 noImprove=26 (elapsed 1328.91s)
[RESET] no improvement for30-> reset pheromones
[ITER 530] bestGlobalCost=4156739.17 (feasible=YES) bestThisIter=4192372.41 feasibleAnts=10 noImprove=6 (elapsed 1356.36s)
[ITER 540] bestGlobalCost=4156739.17 (feasible=YES) bestThisIter=4165607.88 feasibleAnts=11 noImprove=16 (elapsed 1382.76s)
[ITER 550] bestGlobalCost=4156739.17 (feasible=YES) bestThisIter=4193202.21 feasibleAnts=10 noImprove=26 (elapsed 1406.32s)
[RESET] no improvement for30-> reset pheromones
[ITER 560] bestGlobalCost=4156739.17 (feasible=YES) bestThisIter=4156739.17 feasibleAnts=10 noImprove=6 (elapsed 1432.05s)
[ITER 570] bestGlobalCost=4156739.17 (feasible=YES) bestThisIter=4173805.53 feasibleAnts=10 noImprove=16 (elapsed 1459.72s)
[ITER 580] bestGlobalCost=4156739.17 (feasible=YES) bestThisIter=4170272.67 feasibleAnts=10 noImprove=26 (elapsed 1484.21s)
[RESET] no improvement for30-> reset pheromones
243 260 261 262 263 264 307 308 309 310 311 312 313 314 317 318 320 321 322 323 325 326 327 
92 93 94 102 103 104 105 106 108 109 113 114 115 116 117 119 120 121 144 145 146 147 
288 290 291 292 293 345 346 347 348 349 350 351 352 353 354 355 356 357 358 359 376 377 389 390 
277 294 295 296 297 298 299 334 335 336 337 338 339 360 361 362 363 364 365 366 367 368 369 378 
133 135 137 162 164 165 166 167 168 169 170 171 172 173 174 204 205 206 207 208 
215 217 218 219 220 221 222 234 235 236 237 238 239 240 241 242 265 266 267 268 269 270 305 306 
140 141 142 143 150 151 152 153 154 155 157 180 181 182 183 184 185 190 191 192 193 194 195 
138 139 156 158 159 160 161 175 176 177 178 179 196 197 198 199 200 201 202 203 216 
1 2 3 4 5 6 7 8 41 42 45 46 47 48 49 50 52 54 55 56 81 82 83 
18 19 20 21 22 23 24 25 64 65 66 67 68 69 70 71 72 88 89 90 91 107 
382 384 396 397 398 403 406 407 408 409 410 411 412 413 422 423 424 425 426 427 430 432 433 
149 226 227 228 229 282 283 284 341 342 343 344 372 434 435 436 437 438 439 
340 370 371 373 374 375 379 380 381 383 391 392 393 394 395 399 414 419 420 421 
209 210 211 212 213 214 244 245 246 247 248 249 250 251 252 253 254 255 256 257 258 259 315 316 
26 27 28 29 30 31 32 59 60 61 62 63 73 74 75 76 77 87 110 111 112 148 
319 324 329 385 386 387 388 400 401 402 404 405 415 416 417 418 428 429 431 
9 10 11 12 13 14 15 16 17 33 34 35 36 37 38 39 40 43 57 58 78 79 86 
44 51 53 80 84 85 186 187 188 189 225 230 231 232 280 281 285 286 287 289 
223 224 233 271 272 273 274 275 276 278 279 300 301 302 303 304 328 330 331 332 333 
95 96 97 98 99 100 101 118 122 123 124 125 126 127 128 129 130 131 132 134 136 163 
[SAVELOGS] evolution saved to results/logs/aco_logs/evolution/pr439_20_2.txt
[SAVELOGS] best cost saved to results/logs/aco_logs/objectives/pr439_20_2.txt
[SAVELOGS] best solution saved to results/logs/aco_logs/solutions/pr439_20_2.txt
