[ITER 1] New best cost=1603656.04 (feasible=YES, time 1.28265s)
[ITER 3] New best cost=1587005.00 (feasible=YES, time 4.54325s)
[ITER 4] New best cost=1585431.22 (feasible=YES, time 5.73829s)
[ITER 6] New best cost=1582381.20 (feasible=YES, time 8.60442s)
[ITER 7] New best cost=1576485.73 (feasible=YES, time 10.1106s)
[ITER 8] New best cost=1562891.14 (feasible=YES, time 11.9923s)
[TS] New best cost=1556739.45 (feasible=YES, time 15.9057s)
[TS] New best cost=1555768.59 (feasible=YES, time 17.8999s)
[ITER 10] bestGlobalCost=1555768.59 (feasible=YES) bestThisIter=1564584.64 feasibleAnts=9 noImprove=2 (elapsed 23.4003s)
[ITER 11] New best cost=1553122.91 (feasible=YES, time 24.986s)
[ITER 12] New best cost=1545105.72 (feasible=YES, time 26.3373s)
[ITER 15] New best cost=1530992.35 (feasible=YES, time 30.9277s)
[ITER 19] New best cost=1526752.79 (feasible=YES, time 36.2129s)
[ITER 20] bestGlobalCost=1526752.79 (feasible=YES) bestThisIter=1529791.05 feasibleAnts=10 noImprove=1 (elapsed 47.2782s)
[ITER 30] bestGlobalCost=1526752.79 (feasible=YES) bestThisIter=1547292.67 feasibleAnts=10 noImprove=11 (elapsed 77.5882s)
[ITER 40] bestGlobalCost=1526752.79 (feasible=YES) bestThisIter=1555668.20 feasibleAnts=10 noImprove=21 (elapsed 108.555s)
[ITER 50] bestGlobalCost=1526752.79 (feasible=YES) bestThisIter=1561213.90 feasibleAnts=10 noImprove=31 (elapsed 136.35s)
[ITER 60] bestGlobalCost=1526752.79 (feasible=YES) bestThisIter=1557465.49 feasibleAnts=10 noImprove=41 (elapsed 160.995s)
[RESET] no improvement for50-> reset pheromones
[ITER 70] bestGlobalCost=1526752.79 (feasible=YES) bestThisIter=1617745.87 feasibleAnts=10 noImprove=1 (elapsed 185.589s)
[ITER 73] New best cost=1526321.24 (feasible=YES, time 190.319s)
[ITER 80] bestGlobalCost=1526321.24 (feasible=YES) bestThisIter=1559942.58 feasibleAnts=10 noImprove=7 (elapsed 211.005s)
[ITER 90] bestGlobalCost=1526321.24 (feasible=YES) bestThisIter=1542479.06 feasibleAnts=10 noImprove=17 (elapsed 238.812s)
[ITER 100] bestGlobalCost=1526321.24 (feasible=YES) bestThisIter=1571117.18 feasibleAnts=10 noImprove=27 (elapsed 265.326s)
[ITER 110] bestGlobalCost=1526321.24 (feasible=YES) bestThisIter=1576566.41 feasibleAnts=10 noImprove=37 (elapsed 292.861s)
4 5 34 35 38 106 107 108 111 112 115 116 120 125 126 127 134 135 136 137 208 
67 68 71 72 77 78 79 80 82 83 84 85 86 89 91 92 96 97 98 101 102 
165 166 170 171 269 274 277 279 281 282 283 286 287 288 289 292 293 294 296 301 303 
44 45 47 48 49 50 51 52 54 55 56 57 58 59 62 63 64 70 73 105 316 317 
139 238 242 250 251 254 255 256 257 258 259 260 261 262 263 264 265 266 267 268 314 315 
109 118 143 144 211 212 213 216 217 218 220 221 222 225 231 232 233 237 239 240 241 313 
1 2 3 6 7 8 9 10 11 12 15 19 20 21 22 23 24 28 29 30 31 32 103 
60 65 87 172 173 174 176 177 178 181 182 183 184 185 186 187 188 189 190 191 
110 113 114 117 119 121 122 123 124 128 129 130 131 132 133 138 140 141 142 146 151 209 
61 145 147 148 149 150 152 153 154 155 156 157 158 159 160 161 162 163 164 167 168 169 210 
270 271 272 273 275 276 280 284 285 290 291 297 298 299 300 304 305 308 309 310 318 
175 179 180 192 193 194 195 198 199 200 203 204 205 278 295 302 306 307 311 312 
214 215 219 223 224 226 227 228 229 230 234 235 236 243 244 245 246 247 248 249 252 253 
13 14 16 17 18 25 26 27 33 36 37 39 40 41 42 43 46 53 104 
66 69 74 75 76 81 88 90 93 94 95 99 100 196 197 201 202 206 207 
[SAVELOGS] evolution saved to results/logs/aco_logs/evolution/lin318_15_3.txt
[SAVELOGS] best cost saved to results/logs/aco_logs/objectives/lin318_15_3.txt
[SAVELOGS] best solution saved to results/logs/aco_logs/solutions/lin318_15_3.txt
