[ITER 1] New best cost=72056.76 (feasible=YES, time 1.20035s)
[ITER 2] New best cost=70553.34 (feasible=YES, time 2.92259s)
[ITER 3] New best cost=70100.39 (feasible=YES, time 4.3559s)
[ITER 4] New best cost=69645.59 (feasible=YES, time 5.66457s)
[ITER 7] New best cost=69602.96 (feasible=YES, time 9.92752s)
[ITER 8] New best cost=69292.84 (feasible=YES, time 11.1971s)
[ITER 10] bestGlobalCost=69292.84 (feasible=YES) bestThisIter=70010.73 feasibleAnts=10 noImprove=2 (elapsed 13.7025s)
[ITER 15] New best cost=69167.34 (feasible=YES, time 19.5512s)
[ITER 17] New best cost=68888.11 (feasible=YES, time 22.0806s)
[ITER 20] bestGlobalCost=68888.11 (feasible=YES) bestThisIter=69478.61 feasibleAnts=10 noImprove=3 (elapsed 26.473s)
[ITER 21] New best cost=68394.41 (feasible=YES, time 27.8096s)
[ITER 25] New best cost=68291.04 (feasible=YES, time 32.5637s)
[ITER 26] New best cost=68053.23 (feasible=YES, time 33.2676s)
[ITER 30] New best cost=67556.77 (feasible=YES, time 37.0938s)
[ITER 30] bestGlobalCost=67556.77 (feasible=YES) bestThisIter=67717.27 feasibleAnts=10 noImprove=0 (elapsed 37.0975s)
[ITER 32] New best cost=67538.44 (feasible=YES, time 39.495s)
[ITER 35] New best cost=67513.96 (feasible=YES, time 42.5708s)
[ITER 39] New best cost=67145.99 (feasible=YES, time 48.592s)
[ITER 40] bestGlobalCost=67145.99 (feasible=YES) bestThisIter=67935.20 feasibleAnts=10 noImprove=1 (elapsed 49.9032s)
[ITER 43] New best cost=66880.09 (feasible=YES, time 53.3513s)
[ITER 50] bestGlobalCost=66880.09 (feasible=YES) bestThisIter=68998.86 feasibleAnts=10 noImprove=7 (elapsed 60.942s)
[ITER 60] bestGlobalCost=66880.09 (feasible=YES) bestThisIter=69619.55 feasibleAnts=10 noImprove=17 (elapsed 71.5036s)
[ITER 70] bestGlobalCost=66880.09 (feasible=YES) bestThisIter=69759.00 feasibleAnts=10 noImprove=27 (elapsed 83.2101s)
[ITER 80] bestGlobalCost=66880.09 (feasible=YES) bestThisIter=72034.14 feasibleAnts=10 noImprove=37 (elapsed 94.7515s)
[ITER 90] bestGlobalCost=66880.09 (feasible=YES) bestThisIter=69809.10 feasibleAnts=10 noImprove=47 (elapsed 108.966s)
[RESET] no improvement for50-> reset pheromones
[ITER 100] bestGlobalCost=66880.09 (feasible=YES) bestThisIter=69385.33 feasibleAnts=10 noImprove=7 (elapsed 122.269s)
[ITER 110] bestGlobalCost=66880.09 (feasible=YES) bestThisIter=69518.57 feasibleAnts=10 noImprove=17 (elapsed 134.809s)
[ITER 120] bestGlobalCost=66880.09 (feasible=YES) bestThisIter=69784.13 feasibleAnts=10 noImprove=27 (elapsed 147.617s)
[ITER 130] bestGlobalCost=66880.09 (feasible=YES) bestThisIter=69935.94 feasibleAnts=10 noImprove=37 (elapsed 159.735s)
[ITER 140] bestGlobalCost=66880.09 (feasible=YES) bestThisIter=70589.33 feasibleAnts=10 noImprove=47 (elapsed 173.229s)
[RESET] no improvement for50-> reset pheromones
[ITER 150] bestGlobalCost=66880.09 (feasible=YES) bestThisIter=67740.53 feasibleAnts=10 noImprove=7 (elapsed 185.851s)
[ITER 160] bestGlobalCost=66880.09 (feasible=YES) bestThisIter=69595.72 feasibleAnts=10 noImprove=17 (elapsed 198.487s)
[ITER 170] bestGlobalCost=66880.09 (feasible=YES) bestThisIter=71222.59 feasibleAnts=10 noImprove=27 (elapsed 211.791s)
[ITER 180] bestGlobalCost=66880.09 (feasible=YES) bestThisIter=70241.75 feasibleAnts=10 noImprove=37 (elapsed 223.767s)
[ITER 190] bestGlobalCost=66880.09 (feasible=YES) bestThisIter=70766.76 feasibleAnts=10 noImprove=47 (elapsed 236.138s)
[RESET] no improvement for50-> reset pheromones
[ITER 200] bestGlobalCost=66880.09 (feasible=YES) bestThisIter=69089.08 feasibleAnts=10 noImprove=7 (elapsed 247.714s)
[ITER 210] bestGlobalCost=66880.09 (feasible=YES) bestThisIter=69592.65 feasibleAnts=10 noImprove=17 (elapsed 260.139s)
[ITER 220] bestGlobalCost=66880.09 (feasible=YES) bestThisIter=71017.88 feasibleAnts=10 noImprove=27 (elapsed 272.752s)
[ITER 230] bestGlobalCost=66880.09 (feasible=YES) bestThisIter=69514.70 feasibleAnts=10 noImprove=37 (elapsed 285.24s)
[ITER 240] bestGlobalCost=66880.09 (feasible=YES) bestThisIter=69520.11 feasibleAnts=10 noImprove=47 (elapsed 299.687s)
75 91 98 99 100 101 103 104 105 106 107 110 112 115 117 118 119 120 121 123 128 169 204 
29 32 39 40 41 42 46 163 165 167 168 170 173 174 175 177 178 179 180 181 182 196 199 
24 26 28 30 31 33 34 35 36 37 38 80 86 89 92 93 94 95 96 97 102 
5 6 8 9 52 53 60 61 62 63 81 82 217 218 224 225 226 227 228 229 
22 23 57 59 64 65 66 67 68 69 70 71 72 73 74 76 77 78 79 83 84 85 87 88 90 
1 2 3 4 7 10 11 12 13 14 15 16 17 18 19 20 21 25 27 51 54 55 56 58 
145 153 202 203 205 206 207 208 209 210 211 212 213 214 215 216 219 220 221 222 223 
43 44 45 47 48 49 50 164 176 183 184 185 186 187 188 189 190 191 192 193 194 195 197 198 201 
108 122 129 133 134 135 137 141 144 146 147 148 149 150 152 154 155 156 157 158 159 161 162 200 
109 111 113 114 116 124 125 126 127 130 131 132 136 138 139 140 142 143 151 160 166 171 172 
[SAVELOGS] evolution saved to results/logs/aco_logs/evolution/gr229_10_5.txt
[SAVELOGS] best cost saved to results/logs/aco_logs/objectives/gr229_10_5.txt
[SAVELOGS] best solution saved to results/logs/aco_logs/solutions/gr229_10_5.txt
