[ITER 1] New best cost=17071034.74 (feasible=YES, time 0.390452s)
[ITER 7] New best cost=17067553.92 (feasible=YES, time 0.776896s)
[ITER 10] New best cost=16896778.23 (feasible=YES, time 1.55507s)
[ITER 10] bestGlobalCost=16896778.23 (feasible=YES) bestThisIter=17071034.74 feasibleAnts=15 noImprove=0 (elapsed 1.55902s)
[ITER 16] New best cost=16861149.89 (feasible=YES, time 2.64367s)
[ITER 20] bestGlobalCost=16861149.89 (feasible=YES) bestThisIter=16895016.77 feasibleAnts=15 noImprove=4 (elapsed 3.92248s)
[ITER 21] New best cost=16845034.44 (feasible=YES, time 4.00994s)
[ITER 27] New best cost=16803498.54 (feasible=YES, time 4.51376s)
[ITER 30] bestGlobalCost=16803498.54 (feasible=YES) bestThisIter=16817741.78 feasibleAnts=15 noImprove=3 (elapsed 5.44286s)
[ITER 34] New best cost=16782000.79 (feasible=YES, time 5.83914s)
[ITER 40] bestGlobalCost=16782000.79 (feasible=YES) bestThisIter=16891025.30 feasibleAnts=24 noImprove=6 (elapsed 6.88192s)
[ITER 45] New best cost=16766749.35 (feasible=YES, time 7.39212s)
[ITER 50] bestGlobalCost=16766749.35 (feasible=YES) bestThisIter=16766749.35 feasibleAnts=40 noImprove=5 (elapsed 8.22728s)
[ITER 60] bestGlobalCost=16766749.35 (feasible=YES) bestThisIter=16778936.95 feasibleAnts=28 noImprove=15 (elapsed 9.81388s)
[ITER 69] New best cost=16719293.31 (feasible=YES, time 11.1824s)
[ITER 70] bestGlobalCost=16719293.31 (feasible=YES) bestThisIter=16766749.35 feasibleAnts=40 noImprove=1 (elapsed 11.7172s)
[ITER 80] bestGlobalCost=16719293.31 (feasible=YES) bestThisIter=16761089.01 feasibleAnts=27 noImprove=11 (elapsed 13.0633s)
[ITER 85] New best cost=16711717.40 (feasible=YES, time 13.8595s)
[ITER 89] New best cost=16705101.95 (feasible=YES, time 14.0906s)
[ITER 90] bestGlobalCost=16705101.95 (feasible=YES) bestThisIter=16711717.40 feasibleAnts=15 noImprove=1 (elapsed 14.6552s)
[ITER 100] bestGlobalCost=16705101.95 (feasible=YES) bestThisIter=16733799.13 feasibleAnts=24 noImprove=11 (elapsed 15.9584s)
[ITER 110] bestGlobalCost=16705101.95 (feasible=YES) bestThisIter=16711717.40 feasibleAnts=16 noImprove=21 (elapsed 17.8014s)
[ITER 120] bestGlobalCost=16705101.95 (feasible=YES) bestThisIter=16719293.31 feasibleAnts=15 noImprove=31 (elapsed 19.7483s)
[ITER 130] bestGlobalCost=16705101.95 (feasible=YES) bestThisIter=16719293.31 feasibleAnts=15 noImprove=41 (elapsed 21.6817s)
[RESET] no improvement for50-> reset pheromones
[ITER 140] bestGlobalCost=16705101.95 (feasible=YES) bestThisIter=16978929.78 feasibleAnts=15 noImprove=1 (elapsed 23.8834s)
[ITER 150] bestGlobalCost=16705101.95 (feasible=YES) bestThisIter=16733799.13 feasibleAnts=25 noImprove=11 (elapsed 25.1107s)
[ITER 160] bestGlobalCost=16705101.95 (feasible=YES) bestThisIter=16770812.69 feasibleAnts=18 noImprove=21 (elapsed 27.0682s)
[ITER 170] bestGlobalCost=16705101.95 (feasible=YES) bestThisIter=16770812.69 feasibleAnts=15 noImprove=31 (elapsed 28.9656s)
[ITER 180] bestGlobalCost=16705101.95 (feasible=YES) bestThisIter=16733799.13 feasibleAnts=15 noImprove=41 (elapsed 30.8808s)
[RESET] no improvement for50-> reset pheromones
[ITER 190] bestGlobalCost=16705101.95 (feasible=YES) bestThisIter=17031059.79 feasibleAnts=15 noImprove=1 (elapsed 32.9943s)
[ITER 200] bestGlobalCost=16705101.95 (feasible=YES) bestThisIter=16730268.09 feasibleAnts=25 noImprove=11 (elapsed 34.2427s)
[ITER 210] bestGlobalCost=16705101.95 (feasible=YES) bestThisIter=16710980.26 feasibleAnts=18 noImprove=21 (elapsed 36.1525s)
[ITER 220] bestGlobalCost=16705101.95 (feasible=YES) bestThisIter=16722703.32 feasibleAnts=15 noImprove=31 (elapsed 38.1278s)
[ITER 230] bestGlobalCost=16705101.95 (feasible=YES) bestThisIter=16725549.51 feasibleAnts=15 noImprove=41 (elapsed 40.2345s)
[RESET] no improvement for50-> reset pheromones
[ITER 240] bestGlobalCost=16705101.95 (feasible=YES) bestThisIter=17027216.45 feasibleAnts=15 noImprove=1 (elapsed 42.3909s)
[ITER 250] bestGlobalCost=16705101.95 (feasible=YES) bestThisIter=16795885.73 feasibleAnts=21 noImprove=11 (elapsed 43.5997s)
[ITER 260] bestGlobalCost=16705101.95 (feasible=YES) bestThisIter=16719293.31 feasibleAnts=19 noImprove=21 (elapsed 45.5332s)
[ITER 270] bestGlobalCost=16705101.95 (feasible=YES) bestThisIter=16761089.01 feasibleAnts=16 noImprove=31 (elapsed 47.4588s)
[ITER 280] bestGlobalCost=16705101.95 (feasible=YES) bestThisIter=16711717.40 feasibleAnts=15 noImprove=41 (elapsed 49.4003s)
[RESET] no improvement for50-> reset pheromones
[ITER 290] bestGlobalCost=16705101.95 (feasible=YES) bestThisIter=16965196.43 feasibleAnts=15 noImprove=1 (elapsed 51.5608s)
[ITER 300] bestGlobalCost=16705101.95 (feasible=YES) bestThisIter=16722703.32 feasibleAnts=28 noImprove=11 (elapsed 52.8714s)
[ITER 310] bestGlobalCost=16705101.95 (feasible=YES) bestThisIter=16719293.31 feasibleAnts=19 noImprove=21 (elapsed 54.7252s)
[ITER 320] bestGlobalCost=16705101.95 (feasible=YES) bestThisIter=16719293.31 feasibleAnts=15 noImprove=31 (elapsed 56.6993s)
[ITER 330] bestGlobalCost=16705101.95 (feasible=YES) bestThisIter=16761089.01 feasibleAnts=16 noImprove=41 (elapsed 58.6914s)
[RESET] no improvement for50-> reset pheromones
[ITER 340] bestGlobalCost=16705101.95 (feasible=YES) bestThisIter=17094292.20 feasibleAnts=15 noImprove=1 (elapsed 60.8298s)
[ITER 350] bestGlobalCost=16705101.95 (feasible=YES) bestThisIter=16736198.03 feasibleAnts=27 noImprove=11 (elapsed 62.1043s)
[ITER 360] bestGlobalCost=16705101.95 (feasible=YES) bestThisIter=16710980.26 feasibleAnts=21 noImprove=21 (elapsed 63.9928s)
[ITER 370] bestGlobalCost=16705101.95 (feasible=YES) bestThisIter=16736198.03 feasibleAnts=15 noImprove=31 (elapsed 65.9522s)
[ITER 380] bestGlobalCost=16705101.95 (feasible=YES) bestThisIter=16733799.13 feasibleAnts=15 noImprove=41 (elapsed 67.8903s)
[RESET] no improvement for50-> reset pheromones
[ITER 390] bestGlobalCost=16705101.95 (feasible=YES) bestThisIter=16957270.33 feasibleAnts=15 noImprove=1 (elapsed 69.9879s)
[ITER 400] bestGlobalCost=16705101.95 (feasible=YES) bestThisIter=16713518.99 feasibleAnts=26 noImprove=11 (elapsed 71.3159s)
[ITER 410] bestGlobalCost=16705101.95 (feasible=YES) bestThisIter=16727450.33 feasibleAnts=20 noImprove=21 (elapsed 73.2654s)
[ITER 420] bestGlobalCost=16705101.95 (feasible=YES) bestThisIter=16766926.60 feasibleAnts=16 noImprove=31 (elapsed 75.1477s)
[ITER 430] bestGlobalCost=16705101.95 (feasible=YES) bestThisIter=16719293.31 feasibleAnts=15 noImprove=41 (elapsed 77.1207s)
[RESET] no improvement for50-> reset pheromones
[ITER 440] bestGlobalCost=16705101.95 (feasible=YES) bestThisIter=17008651.97 feasibleAnts=15 noImprove=1 (elapsed 79.2123s)
[ITER 450] bestGlobalCost=16705101.95 (feasible=YES) bestThisIter=16788205.99 feasibleAnts=27 noImprove=11 (elapsed 80.5088s)
[ITER 460] bestGlobalCost=16705101.95 (feasible=YES) bestThisIter=16759908.79 feasibleAnts=19 noImprove=21 (elapsed 82.4319s)
[ITER 470] bestGlobalCost=16705101.95 (feasible=YES) bestThisIter=16719293.31 feasibleAnts=17 noImprove=31 (elapsed 84.3779s)
[ITER 480] bestGlobalCost=16705101.95 (feasible=YES) bestThisIter=16733799.13 feasibleAnts=16 noImprove=41 (elapsed 86.3485s)
[RESET] no improvement for50-> reset pheromones
[ITER 490] bestGlobalCost=16705101.95 (feasible=YES) bestThisIter=17065143.10 feasibleAnts=15 noImprove=1 (elapsed 88.4565s)
[ITER 500] bestGlobalCost=16705101.95 (feasible=YES) bestThisIter=16824004.84 feasibleAnts=25 noImprove=11 (elapsed 89.5997s)
[ITER 510] bestGlobalCost=16705101.95 (feasible=YES) bestThisIter=16740939.42 feasibleAnts=17 noImprove=21 (elapsed 91.4953s)
[ITER 520] bestGlobalCost=16705101.95 (feasible=YES) bestThisIter=16733799.13 feasibleAnts=16 noImprove=31 (elapsed 93.4077s)
[ITER 530] bestGlobalCost=16705101.95 (feasible=YES) bestThisIter=16733799.13 feasibleAnts=15 noImprove=41 (elapsed 95.3863s)
[RESET] no improvement for50-> reset pheromones
[ITER 540] bestGlobalCost=16705101.95 (feasible=YES) bestThisIter=16862559.37 feasibleAnts=15 noImprove=1 (elapsed 97.5297s)
[ITER 550] bestGlobalCost=16705101.95 (feasible=YES) bestThisIter=16719293.31 feasibleAnts=27 noImprove=11 (elapsed 98.7229s)
[ITER 560] bestGlobalCost=16705101.95 (feasible=YES) bestThisIter=16713518.99 feasibleAnts=17 noImprove=21 (elapsed 100.65s)
[ITER 570] bestGlobalCost=16705101.95 (feasible=YES) bestThisIter=16719293.31 feasibleAnts=15 noImprove=31 (elapsed 102.579s)
[ITER 580] bestGlobalCost=16705101.95 (feasible=YES) bestThisIter=16777441.29 feasibleAnts=15 noImprove=41 (elapsed 104.515s)
[RESET] no improvement for50-> reset pheromones
[ITER 590] bestGlobalCost=16705101.95 (feasible=YES) bestThisIter=17218620.93 feasibleAnts=15 noImprove=1 (elapsed 106.671s)
[ITER 600] bestGlobalCost=16705101.95 (feasible=YES) bestThisIter=16710980.26 feasibleAnts=26 noImprove=11 (elapsed 107.948s)
[ITER 610] bestGlobalCost=16705101.95 (feasible=YES) bestThisIter=16799266.89 feasibleAnts=17 noImprove=21 (elapsed 109.792s)
[ITER 620] bestGlobalCost=16705101.95 (feasible=YES) bestThisIter=16751644.51 feasibleAnts=16 noImprove=31 (elapsed 111.728s)
[ITER 630] bestGlobalCost=16705101.95 (feasible=YES) bestThisIter=16710980.26 feasibleAnts=15 noImprove=41 (elapsed 113.749s)
[RESET] no improvement for50-> reset pheromones
[ITER 640] bestGlobalCost=16705101.95 (feasible=YES) bestThisIter=17070216.28 feasibleAnts=15 noImprove=1 (elapsed 115.974s)
[ITER 650] bestGlobalCost=16705101.95 (feasible=YES) bestThisIter=16719293.31 feasibleAnts=21 noImprove=11 (elapsed 117.361s)
[ITER 660] bestGlobalCost=16705101.95 (feasible=YES) bestThisIter=16740939.42 feasibleAnts=18 noImprove=21 (elapsed 119.287s)
[ITER 670] bestGlobalCost=16705101.95 (feasible=YES) bestThisIter=16719293.31 feasibleAnts=15 noImprove=31 (elapsed 121.205s)
[ITER 680] bestGlobalCost=16705101.95 (feasible=YES) bestThisIter=16719293.31 feasibleAnts=15 noImprove=41 (elapsed 123.135s)
[RESET] no improvement for50-> reset pheromones
[ITER 690] bestGlobalCost=16705101.95 (feasible=YES) bestThisIter=17023647.68 feasibleAnts=15 noImprove=1 (elapsed 125.279s)
[ITER 700] bestGlobalCost=16705101.95 (feasible=YES) bestThisIter=16719293.31 feasibleAnts=23 noImprove=11 (elapsed 126.575s)
[ITER 710] bestGlobalCost=16705101.95 (feasible=YES) bestThisIter=16738533.85 feasibleAnts=18 noImprove=21 (elapsed 128.551s)
[ITER 720] bestGlobalCost=16705101.95 (feasible=YES) bestThisIter=16710980.26 feasibleAnts=15 noImprove=31 (elapsed 130.466s)
[ITER 730] bestGlobalCost=16705101.95 (feasible=YES) bestThisIter=16719293.31 feasibleAnts=15 noImprove=41 (elapsed 132.506s)
[RESET] no improvement for50-> reset pheromones
[ITER 740] bestGlobalCost=16705101.95 (feasible=YES) bestThisIter=17233704.70 feasibleAnts=15 noImprove=1 (elapsed 134.741s)
[ITER 750] bestGlobalCost=16705101.95 (feasible=YES) bestThisIter=16761996.27 feasibleAnts=25 noImprove=11 (elapsed 135.926s)
[ITER 760] bestGlobalCost=16705101.95 (feasible=YES) bestThisIter=16710980.26 feasibleAnts=21 noImprove=21 (elapsed 137.839s)
[ITER 770] bestGlobalCost=16705101.95 (feasible=YES) bestThisIter=16710980.26 feasibleAnts=16 noImprove=31 (elapsed 139.771s)
[ITER 780] bestGlobalCost=16705101.95 (feasible=YES) bestThisIter=16739160.89 feasibleAnts=16 noImprove=41 (elapsed 141.759s)
[RESET] no improvement for50-> reset pheromones
[ITER 790] bestGlobalCost=16705101.95 (feasible=YES) bestThisIter=16978804.25 feasibleAnts=15 noImprove=1 (elapsed 143.848s)
[ITER 800] bestGlobalCost=16705101.95 (feasible=YES) bestThisIter=16862040.69 feasibleAnts=25 noImprove=11 (elapsed 145.115s)
[ITER 810] bestGlobalCost=16705101.95 (feasible=YES) bestThisIter=16719293.31 feasibleAnts=16 noImprove=21 (elapsed 147.102s)
[ITER 820] bestGlobalCost=16705101.95 (feasible=YES) bestThisIter=16719293.31 feasibleAnts=15 noImprove=31 (elapsed 149.046s)
[ITER 830] bestGlobalCost=16705101.95 (feasible=YES) bestThisIter=16719293.31 feasibleAnts=15 noImprove=41 (elapsed 150.972s)
[RESET] no improvement for50-> reset pheromones
[ITER 840] bestGlobalCost=16705101.95 (feasible=YES) bestThisIter=17024551.49 feasibleAnts=15 noImprove=1 (elapsed 153.078s)
[ITER 850] bestGlobalCost=16705101.95 (feasible=YES) bestThisIter=16710980.26 feasibleAnts=24 noImprove=11 (elapsed 154.334s)
[ITER 860] bestGlobalCost=16705101.95 (feasible=YES) bestThisIter=16719293.31 feasibleAnts=18 noImprove=21 (elapsed 156.189s)
[ITER 870] bestGlobalCost=16705101.95 (feasible=YES) bestThisIter=16710980.26 feasibleAnts=15 noImprove=31 (elapsed 158.052s)
[ITER 880] bestGlobalCost=16705101.95 (feasible=YES) bestThisIter=16730361.46 feasibleAnts=15 noImprove=41 (elapsed 160.078s)
[RESET] no improvement for50-> reset pheromones
[ITER 890] bestGlobalCost=16705101.95 (feasible=YES) bestThisIter=16980770.55 feasibleAnts=15 noImprove=1 (elapsed 162.151s)
[ITER 900] bestGlobalCost=16705101.95 (feasible=YES) bestThisIter=16752036.02 feasibleAnts=28 noImprove=11 (elapsed 163.378s)
[ITER 910] bestGlobalCost=16705101.95 (feasible=YES) bestThisIter=16795328.74 feasibleAnts=20 noImprove=21 (elapsed 165.313s)
[ITER 920] bestGlobalCost=16705101.95 (feasible=YES) bestThisIter=16719293.31 feasibleAnts=15 noImprove=31 (elapsed 167.319s)
[ITER 930] bestGlobalCost=16705101.95 (feasible=YES) bestThisIter=16710980.26 feasibleAnts=15 noImprove=41 (elapsed 169.305s)
[RESET] no improvement for50-> reset pheromones
[ITER 940] bestGlobalCost=16705101.95 (feasible=YES) bestThisIter=17015078.55 feasibleAnts=15 noImprove=1 (elapsed 171.476s)
[ITER 950] bestGlobalCost=16705101.95 (feasible=YES) bestThisIter=16785400.13 feasibleAnts=30 noImprove=11 (elapsed 172.715s)
[ITER 960] bestGlobalCost=16705101.95 (feasible=YES) bestThisIter=16719293.31 feasibleAnts=19 noImprove=21 (elapsed 174.704s)
[ITER 970] bestGlobalCost=16705101.95 (feasible=YES) bestThisIter=16719293.31 feasibleAnts=15 noImprove=31 (elapsed 176.703s)
[ITER 980] bestGlobalCost=16705101.95 (feasible=YES) bestThisIter=16719293.31 feasibleAnts=15 noImprove=41 (elapsed 178.642s)
[RESET] no improvement for50-> reset pheromones
[ITER 990] bestGlobalCost=16705101.95 (feasible=YES) bestThisIter=17072827.52 feasibleAnts=15 noImprove=1 (elapsed 180.677s)
[ITER 1000] bestGlobalCost=16705101.95 (feasible=YES) bestThisIter=16758839.60 feasibleAnts=23 noImprove=11 (elapsed 181.981s)
[ITER 1010] bestGlobalCost=16705101.95 (feasible=YES) bestThisIter=16710980.26 feasibleAnts=16 noImprove=21 (elapsed 183.933s)
[ITER 1020] bestGlobalCost=16705101.95 (feasible=YES) bestThisIter=16752036.02 feasibleAnts=15 noImprove=31 (elapsed 185.931s)
[ITER 1030] bestGlobalCost=16705101.95 (feasible=YES) bestThisIter=16765811.11 feasibleAnts=15 noImprove=41 (elapsed 187.829s)
[RESET] no improvement for50-> reset pheromones
[ITER 1040] bestGlobalCost=16705101.95 (feasible=YES) bestThisIter=17144900.76 feasibleAnts=15 noImprove=1 (elapsed 189.961s)
[ITER 1050] bestGlobalCost=16705101.95 (feasible=YES) bestThisIter=16713518.99 feasibleAnts=31 noImprove=11 (elapsed 191.267s)
[ITER 1060] bestGlobalCost=16705101.95 (feasible=YES) bestThisIter=16713518.99 feasibleAnts=16 noImprove=21 (elapsed 193.177s)
[ITER 1070] bestGlobalCost=16705101.95 (feasible=YES) bestThisIter=16731293.11 feasibleAnts=16 noImprove=31 (elapsed 195.057s)
[ITER 1080] bestGlobalCost=16705101.95 (feasible=YES) bestThisIter=16800449.53 feasibleAnts=15 noImprove=41 (elapsed 197.079s)
[RESET] no improvement for50-> reset pheromones
[ITER 1090] bestGlobalCost=16705101.95 (feasible=YES) bestThisIter=16897611.02 feasibleAnts=15 noImprove=1 (elapsed 199.239s)
[ITER 1100] bestGlobalCost=16705101.95 (feasible=YES) bestThisIter=16722703.32 feasibleAnts=23 noImprove=11 (elapsed 200.443s)
[ITER 1110] bestGlobalCost=16705101.95 (feasible=YES) bestThisIter=16751814.03 feasibleAnts=15 noImprove=21 (elapsed 202.369s)
[ITER 1120] bestGlobalCost=16705101.95 (feasible=YES) bestThisIter=16761089.01 feasibleAnts=19 noImprove=31 (elapsed 204.34s)
[ITER 1130] bestGlobalCost=16705101.95 (feasible=YES) bestThisIter=16755471.86 feasibleAnts=15 noImprove=41 (elapsed 206.264s)
[RESET] no improvement for50-> reset pheromones
[ITER 1140] bestGlobalCost=16705101.95 (feasible=YES) bestThisIter=17073530.12 feasibleAnts=15 noImprove=1 (elapsed 208.389s)
[ITER 1150] bestGlobalCost=16705101.95 (feasible=YES) bestThisIter=16710980.26 feasibleAnts=23 noImprove=11 (elapsed 209.64s)
[ITER 1160] bestGlobalCost=16705101.95 (feasible=YES) bestThisIter=16719293.31 feasibleAnts=23 noImprove=21 (elapsed 211.526s)
[ITER 1170] bestGlobalCost=16705101.95 (feasible=YES) bestThisIter=16719293.31 feasibleAnts=15 noImprove=31 (elapsed 213.48s)
[ITER 1180] bestGlobalCost=16705101.95 (feasible=YES) bestThisIter=16719293.31 feasibleAnts=15 noImprove=41 (elapsed 215.465s)
[RESET] no improvement for50-> reset pheromones
[ITER 1190] bestGlobalCost=16705101.95 (feasible=YES) bestThisIter=17014603.00 feasibleAnts=15 noImprove=1 (elapsed 217.599s)
[ITER 1200] bestGlobalCost=16705101.95 (feasible=YES) bestThisIter=16710980.26 feasibleAnts=22 noImprove=11 (elapsed 218.909s)
[ITER 1210] bestGlobalCost=16705101.95 (feasible=YES) bestThisIter=16719293.31 feasibleAnts=19 noImprove=21 (elapsed 220.814s)
[ITER 1220] bestGlobalCost=16705101.95 (feasible=YES) bestThisIter=16721519.15 feasibleAnts=17 noImprove=31 (elapsed 222.735s)
[ITER 1230] bestGlobalCost=16705101.95 (feasible=YES) bestThisIter=16730268.09 feasibleAnts=15 noImprove=41 (elapsed 224.678s)
[RESET] no improvement for50-> reset pheromones
[ITER 1240] bestGlobalCost=16705101.95 (feasible=YES) bestThisIter=17062129.19 feasibleAnts=15 noImprove=1 (elapsed 226.764s)
[ITER 1250] bestGlobalCost=16705101.95 (feasible=YES) bestThisIter=16740939.42 feasibleAnts=23 noImprove=11 (elapsed 227.946s)
[ITER 1260] bestGlobalCost=16705101.95 (feasible=YES) bestThisIter=16769258.26 feasibleAnts=21 noImprove=21 (elapsed 229.789s)
[ITER 1270] bestGlobalCost=16705101.95 (feasible=YES) bestThisIter=16719293.31 feasibleAnts=16 noImprove=31 (elapsed 231.697s)
[ITER 1280] bestGlobalCost=16705101.95 (feasible=YES) bestThisIter=16713518.99 feasibleAnts=16 noImprove=41 (elapsed 233.598s)
[RESET] no improvement for50-> reset pheromones
[ITER 1290] bestGlobalCost=16705101.95 (feasible=YES) bestThisIter=17219625.80 feasibleAnts=15 noImprove=1 (elapsed 235.792s)
[ITER 1300] bestGlobalCost=16705101.95 (feasible=YES) bestThisIter=16719293.31 feasibleAnts=26 noImprove=11 (elapsed 237.091s)
[ITER 1310] bestGlobalCost=16705101.95 (feasible=YES) bestThisIter=16711717.40 feasibleAnts=17 noImprove=21 (elapsed 238.967s)
[ITER 1320] bestGlobalCost=16705101.95 (feasible=YES) bestThisIter=16711717.40 feasibleAnts=15 noImprove=31 (elapsed 240.846s)
[ITER 1330] bestGlobalCost=16705101.95 (feasible=YES) bestThisIter=16719293.31 feasibleAnts=15 noImprove=41 (elapsed 242.808s)
[RESET] no improvement for50-> reset pheromones
[ITER 1340] bestGlobalCost=16705101.95 (feasible=YES) bestThisIter=16992291.71 feasibleAnts=15 noImprove=1 (elapsed 244.935s)
[ITER 1350] bestGlobalCost=16705101.95 (feasible=YES) bestThisIter=16710980.26 feasibleAnts=24 noImprove=11 (elapsed 246.187s)
[ITER 1360] bestGlobalCost=16705101.95 (feasible=YES) bestThisIter=16749474.47 feasibleAnts=20 noImprove=21 (elapsed 248.079s)
[ITER 1370] bestGlobalCost=16705101.95 (feasible=YES) bestThisIter=16818687.44 feasibleAnts=15 noImprove=31 (elapsed 249.995s)
[ITER 1380] bestGlobalCost=16705101.95 (feasible=YES) bestThisIter=16710980.26 feasibleAnts=15 noImprove=41 (elapsed 252.078s)
[RESET] no improvement for50-> reset pheromones
[ITER 1390] bestGlobalCost=16705101.95 (feasible=YES) bestThisIter=17169863.97 feasibleAnts=15 noImprove=1 (elapsed 254.226s)
[ITER 1400] bestGlobalCost=16705101.95 (feasible=YES) bestThisIter=16719293.31 feasibleAnts=26 noImprove=11 (elapsed 255.539s)
[ITER 1410] bestGlobalCost=16705101.95 (feasible=YES) bestThisIter=16782922.52 feasibleAnts=21 noImprove=21 (elapsed 257.453s)
[ITER 1420] bestGlobalCost=16705101.95 (feasible=YES) bestThisIter=16711717.40 feasibleAnts=16 noImprove=31 (elapsed 259.435s)
[ITER 1430] bestGlobalCost=16705101.95 (feasible=YES) bestThisIter=16755648.70 feasibleAnts=15 noImprove=41 (elapsed 261.424s)
[RESET] no improvement for50-> reset pheromones
[ITER 1440] bestGlobalCost=16705101.95 (feasible=YES) bestThisIter=16907232.48 feasibleAnts=15 noImprove=1 (elapsed 263.666s)
[ITER 1450] bestGlobalCost=16705101.95 (feasible=YES) bestThisIter=16730268.09 feasibleAnts=27 noImprove=11 (elapsed 264.942s)
[ITER 1460] bestGlobalCost=16705101.95 (feasible=YES) bestThisIter=16767979.70 feasibleAnts=16 noImprove=21 (elapsed 267.2s)
[ITER 1470] bestGlobalCost=16705101.95 (feasible=YES) bestThisIter=16733125.15 feasibleAnts=15 noImprove=31 (elapsed 269.837s)
[ITER 1480] bestGlobalCost=16705101.95 (feasible=YES) bestThisIter=16788188.77 feasibleAnts=15 noImprove=41 (elapsed 271.85s)
[RESET] no improvement for50-> reset pheromones
[ITER 1490] bestGlobalCost=16705101.95 (feasible=YES) bestThisIter=16978843.23 feasibleAnts=15 noImprove=1 (elapsed 274.056s)
[ITER 1500] bestGlobalCost=16705101.95 (feasible=YES) bestThisIter=16731626.56 feasibleAnts=26 noImprove=11 (elapsed 275.277s)
[ITER 1510] bestGlobalCost=16705101.95 (feasible=YES) bestThisIter=16809454.83 feasibleAnts=18 noImprove=21 (elapsed 277.14s)
[ITER 1520] bestGlobalCost=16705101.95 (feasible=YES) bestThisIter=16749474.47 feasibleAnts=15 noImprove=31 (elapsed 279.092s)
[ITER 1530] bestGlobalCost=16705101.95 (feasible=YES) bestThisIter=16745725.67 feasibleAnts=15 noImprove=41 (elapsed 281.076s)
[RESET] no improvement for50-> reset pheromones
[ITER 1540] bestGlobalCost=16705101.95 (feasible=YES) bestThisIter=17017539.08 feasibleAnts=15 noImprove=1 (elapsed 283.202s)
[ITER 1550] bestGlobalCost=16705101.95 (feasible=YES) bestThisIter=16733125.15 feasibleAnts=28 noImprove=11 (elapsed 284.49s)
[ITER 1560] bestGlobalCost=16705101.95 (feasible=YES) bestThisIter=16725758.29 feasibleAnts=17 noImprove=21 (elapsed 286.382s)
[ITER 1570] bestGlobalCost=16705101.95 (feasible=YES) bestThisIter=16719837.22 feasibleAnts=15 noImprove=31 (elapsed 288.409s)
[ITER 1580] bestGlobalCost=16705101.95 (feasible=YES) bestThisIter=16722703.32 feasibleAnts=15 noImprove=41 (elapsed 290.295s)
[RESET] no improvement for50-> reset pheromones
[ITER 1590] bestGlobalCost=16705101.95 (feasible=YES) bestThisIter=17097850.22 feasibleAnts=15 noImprove=1 (elapsed 292.451s)
[ITER 1600] bestGlobalCost=16705101.95 (feasible=YES) bestThisIter=16756284.90 feasibleAnts=26 noImprove=11 (elapsed 293.719s)
[ITER 1610] bestGlobalCost=16705101.95 (feasible=YES) bestThisIter=16727450.33 feasibleAnts=22 noImprove=21 (elapsed 295.75s)
[ITER 1620] bestGlobalCost=16705101.95 (feasible=YES) bestThisIter=16737157.73 feasibleAnts=16 noImprove=31 (elapsed 297.714s)
[ITER 1630] bestGlobalCost=16705101.95 (feasible=YES) bestThisIter=16766242.39 feasibleAnts=15 noImprove=41 (elapsed 299.676s)
1 2 3 4 5 6 7 8 9 10 11 12 13 26 27 28 29 30 31 32 33 34 35 54 126 127 128 129 130 131 132 133 134 135 136 138 151 152 153 155 156 157 158 176 
36 37 38 39 40 42 55 57 58 59 60 61 62 63 64 65 66 67 68 69 70 86 87 88 89 137 139 140 159 160 161 162 163 164 165 170 182 186 187 188 189 190 191 192 
51 52 53 56 76 77 78 79 80 81 82 83 84 85 101 102 103 104 105 106 107 108 109 110 111 154 177 178 179 180 181 183 184 185 201 202 203 204 205 206 207 208 209 210 215 
90 91 92 93 94 95 96 97 98 99 100 112 113 114 115 116 117 118 119 120 121 122 123 124 125 193 194 195 197 198 199 200 211 212 213 214 216 217 218 219 220 221 222 223 224 225 
14 15 16 17 18 19 20 21 22 23 24 25 41 43 44 45 46 47 48 49 50 71 72 73 74 75 141 142 143 144 145 146 147 148 149 150 166 167 168 169 171 172 173 174 175 196 
[SAVELOGS] evolution saved to results/logs/aco_logs/evolution/ts225_05_4.txt
[SAVELOGS] best cost saved to results/logs/aco_logs/objectives/ts225_05_4.txt
[SAVELOGS] best solution saved to results/logs/aco_logs/solutions/ts225_05_4.txt
