[ITER 1] New best cost=2513.89 (feasible=YES, time 0.173483s)
[ITER 2] New best cost=2421.80 (feasible=YES, time 0.351964s)
[ITER 4] New best cost=2396.70 (feasible=YES, time 0.60666s)
[ITER 5] New best cost=2378.03 (feasible=YES, time 0.737114s)
[ITER 6] New best cost=2342.41 (feasible=YES, time 0.888171s)
[ITER 10] bestGlobalCost=2342.41 (feasible=YES) bestThisIter=2428.33 feasibleAnts=10 noImprove=4 (elapsed 1.40326s)
[ITER 15] New best cost=2321.07 (feasible=YES, time 3.38768s)
[ITER 15] New best cost=2294.90 (feasible=YES, time 4.55328s)
[ITER 19] New best cost=2236.66 (feasible=YES, time 5.66181s)
[ITER 20] bestGlobalCost=2236.66 (feasible=YES) bestThisIter=2283.09 feasibleAnts=8 noImprove=1 (elapsed 5.74654s)
[ITER 22] New best cost=2226.24 (feasible=YES, time 5.97089s)
[ITER 30] New best cost=2206.95 (feasible=YES, time 9.0244s)
[ITER 30] bestGlobalCost=2206.95 (feasible=YES) bestThisIter=2306.36 feasibleAnts=10 noImprove=0 (elapsed 9.61153s)
[ITER 40] bestGlobalCost=2206.95 (feasible=YES) bestThisIter=2403.59 feasibleAnts=10 noImprove=10 (elapsed 10.6495s)
[ITER 50] bestGlobalCost=2206.95 (feasible=YES) bestThisIter=2435.40 feasibleAnts=10 noImprove=20 (elapsed 15.2663s)
[ITER 60] bestGlobalCost=2206.95 (feasible=YES) bestThisIter=2482.96 feasibleAnts=9 noImprove=30 (elapsed 20.084s)
[RESET] no improvement for30-> reset pheromones
[ITER 70] bestGlobalCost=2206.95 (feasible=YES) bestThisIter=2464.66 feasibleAnts=10 noImprove=10 (elapsed 22.178s)
[ITER 80] bestGlobalCost=2206.95 (feasible=YES) bestThisIter=2400.77 feasibleAnts=10 noImprove=20 (elapsed 26.9321s)
[ITER 90] bestGlobalCost=2206.95 (feasible=YES) bestThisIter=2608.73 feasibleAnts=10 noImprove=30 (elapsed 31.6322s)
[RESET] no improvement for30-> reset pheromones
[ITER 100] bestGlobalCost=2206.95 (feasible=YES) bestThisIter=2506.22 feasibleAnts=10 noImprove=10 (elapsed 33.5424s)
[ITER 110] bestGlobalCost=2206.95 (feasible=YES) bestThisIter=2625.54 feasibleAnts=10 noImprove=20 (elapsed 38.176s)
[ITER 120] bestGlobalCost=2206.95 (feasible=YES) bestThisIter=2578.08 feasibleAnts=10 noImprove=30 (elapsed 42.8376s)
[RESET] no improvement for30-> reset pheromones
[ITER 130] bestGlobalCost=2206.95 (feasible=YES) bestThisIter=2507.83 feasibleAnts=10 noImprove=10 (elapsed 44.837s)
[ITER 140] bestGlobalCost=2206.95 (feasible=YES) bestThisIter=2476.32 feasibleAnts=10 noImprove=20 (elapsed 49.5275s)
[ITER 150] bestGlobalCost=2206.95 (feasible=YES) bestThisIter=2392.52 feasibleAnts=10 noImprove=30 (elapsed 54.2373s)
[RESET] no improvement for30-> reset pheromones
[ITER 160] bestGlobalCost=2206.95 (feasible=YES) bestThisIter=2491.79 feasibleAnts=10 noImprove=10 (elapsed 56.1436s)
15 22 41 43 57 
9 33 34 51 78 81 
6 18 52 89 94 
3 50 77 79 
42 92 93 95 97 
1 27 28 29 76 
20 30 32 70 90 
26 40 53 73 
35 65 66 69 71 
5 17 45 83 84 
37 59 60 96 99 
61 85 91 98 100 
8 46 48 82 88 
10 11 31 62 63 
14 16 38 44 86 
2 13 58 87 101 
7 19 36 47 49 64 
4 21 25 39 55 67 
12 24 54 68 80 
23 56 72 74 75 
[SAVELOGS] evolution saved to results/logs/eil101_20_5/evolution/eil101_20_5
[SAVELOGS] best cost saved to results/logs/eil101_20_5/objectives/eil101_20_5
[SAVELOGS] best solution saved to results/logs/eil101_20_5/solutions/eil101_20_5
