[ITER 1] New best cost=652992.75 (feasible=YES, time 0.349732s)
[ITER 3] New best cost=644194.53 (feasible=YES, time 0.686951s)
[ITER 4] New best cost=634405.52 (feasible=YES, time 0.874665s)
[ITER 5] New best cost=617685.30 (feasible=YES, time 1.02614s)
[ITER 10] bestGlobalCost=617685.30 (feasible=YES) bestThisIter=645138.54 feasibleAnts=10 noImprove=5 (elapsed 1.99242s)
[ITER 15] New best cost=600098.04 (feasible=YES, time 7.3011s)
[ITER 20] bestGlobalCost=600098.04 (feasible=YES) bestThisIter=600098.04 feasibleAnts=9 noImprove=5 (elapsed 13.7415s)
[ITER 24] New best cost=599660.20 (feasible=YES, time 14.6683s)
[ITER 30] New best cost=596500.66 (feasible=YES, time 17.3215s)
[ITER 30] New best cost=596354.27 (feasible=YES, time 19.0863s)
[ITER 30] New best cost=594479.66 (feasible=YES, time 23.2794s)
[ITER 30] bestGlobalCost=594479.66 (feasible=YES) bestThisIter=601461.65 feasibleAnts=10 noImprove=0 (elapsed 25.3854s)
[ITER 34] New best cost=593632.75 (feasible=YES, time 25.983s)
[ITER 35] New best cost=593236.28 (feasible=YES, time 26.1562s)
[ITER 39] New best cost=586557.12 (feasible=YES, time 26.5536s)
[ITER 40] bestGlobalCost=586557.12 (feasible=YES) bestThisIter=588591.48 feasibleAnts=8 noImprove=1 (elapsed 26.6464s)
[ITER 41] New best cost=584654.13 (feasible=YES, time 26.7865s)
[ITER 46] New best cost=582303.14 (feasible=YES, time 37.0384s)
[ITER 50] bestGlobalCost=582303.14 (feasible=YES) bestThisIter=582303.14 feasibleAnts=11 noImprove=4 (elapsed 37.3693s)
[ITER 60] bestGlobalCost=582303.14 (feasible=YES) bestThisIter=600298.82 feasibleAnts=10 noImprove=14 (elapsed 48.6493s)
[ITER 70] bestGlobalCost=582303.14 (feasible=YES) bestThisIter=593375.25 feasibleAnts=10 noImprove=24 (elapsed 51.1584s)
1 4 12 13 15 27 42 53 60 79 85 107 110 115 130 
7 9 18 24 26 32 46 51 61 78 82 117 132 137 142 
8 17 25 34 58 75 88 90 98 101 108 109 113 114 145 148 
10 14 19 29 37 40 49 92 99 105 116 125 140 141 143 
6 20 22 47 54 55 64 65 67 80 83 104 106 134 138 149 
11 16 44 48 52 63 66 84 120 127 128 135 146 150 
28 38 39 43 50 56 62 71 72 86 119 123 124 126 129 
33 36 45 57 69 74 81 87 93 96 97 100 103 136 144 
5 23 70 76 91 94 95 102 111 112 121 131 133 139 
2 3 21 30 31 35 41 59 68 73 77 89 118 122 147 
[SAVELOGS] evolution saved to results/logs/kroB150_10_5/evolution/kroB150_10_5
[SAVELOGS] best cost saved to results/logs/kroB150_10_5/objectives/kroB150_10_5
[SAVELOGS] best solution saved to results/logs/kroB150_10_5/solutions/kroB150_10_5
