[ITER 1] New best cost=683519.47 (feasible=YES, time 0.366116s)
[ITER 2] New best cost=641701.40 (feasible=YES, time 0.624149s)
[ITER 3] New best cost=628674.09 (feasible=YES, time 0.892297s)
[ITER 4] New best cost=620840.45 (feasible=YES, time 1.28517s)
[ITER 5] New best cost=609793.25 (feasible=YES, time 1.52317s)
[ITER 8] New best cost=603850.11 (feasible=YES, time 2.22265s)
[ITER 10] New best cost=595729.97 (feasible=YES, time 2.56601s)
[ITER 10] bestGlobalCost=595729.97 (feasible=YES) bestThisIter=595729.97 feasibleAnts=10 noImprove=0 (elapsed 2.56991s)
[ITER 12] New best cost=593329.80 (feasible=YES, time 2.89996s)
[ITER 13] New best cost=589348.67 (feasible=YES, time 3.06449s)
[ITER 20] bestGlobalCost=589348.67 (feasible=YES) bestThisIter=613449.89 feasibleAnts=9 noImprove=7 (elapsed 13.6654s)
[ITER 26] New best cost=587820.39 (feasible=YES, time 14.6647s)
[ITER 30] bestGlobalCost=587820.39 (feasible=YES) bestThisIter=587820.39 feasibleAnts=12 noImprove=4 (elapsed 25.3111s)
[ITER 40] bestGlobalCost=587820.39 (feasible=YES) bestThisIter=601469.35 feasibleAnts=10 noImprove=14 (elapsed 27.1921s)
[ITER 50] bestGlobalCost=587820.39 (feasible=YES) bestThisIter=620132.83 feasibleAnts=10 noImprove=24 (elapsed 39.7081s)
[RESET] no improvement for30-> reset pheromones
[ITER 60] bestGlobalCost=587820.39 (feasible=YES) bestThisIter=647405.32 feasibleAnts=10 noImprove=4 (elapsed 52.5038s)
[ITER 70] bestGlobalCost=587820.39 (feasible=YES) bestThisIter=631139.06 feasibleAnts=10 noImprove=14 (elapsed 54.9808s)
28 38 39 56 71 72 86 101 108 113 119 123 124 126 133 
11 33 36 57 69 74 81 92 96 97 100 105 136 141 144 
4 10 12 19 29 45 49 66 93 99 116 140 142 143 
7 9 18 24 26 32 46 61 78 82 117 125 132 135 137 
16 37 44 48 51 52 63 84 87 103 120 127 128 146 150 
6 20 22 31 47 54 55 64 65 67 80 104 110 134 138 149 
5 35 43 50 70 76 91 94 95 111 112 121 129 131 
1 13 15 27 30 40 42 53 60 79 85 107 115 130 147 
2 3 14 21 23 41 59 68 73 77 89 102 118 122 139 
8 17 25 34 58 62 75 83 88 90 98 106 109 114 145 148 
[SAVELOGS] evolution saved to results/logs/kroB150_10_5/evolution/kroB150_10_5
[SAVELOGS] best cost saved to results/logs/kroB150_10_5/objectives/kroB150_10_5
[SAVELOGS] best solution saved to results/logs/kroB150_10_5/solutions/kroB150_10_5
