[ITER 1] New best cost=667706.96 (feasible=YES, time 0.509643s)
[ITER 2] New best cost=643443.38 (feasible=YES, time 0.763145s)
[ITER 4] New best cost=632198.22 (feasible=YES, time 1.1646s)
[ITER 10] bestGlobalCost=632198.22 (feasible=YES) bestThisIter=650904.12 feasibleAnts=10 noImprove=6 (elapsed 2.56278s)
[ITER 15] New best cost=612795.00 (feasible=YES, time 5.55285s)
[ITER 15] New best cost=598238.64 (feasible=YES, time 11.7901s)
[ITER 20] bestGlobalCost=598238.64 (feasible=YES) bestThisIter=615713.05 feasibleAnts=10 noImprove=5 (elapsed 14.699s)
[ITER 30] New best cost=597877.43 (feasible=YES, time 24.5246s)
[ITER 30] bestGlobalCost=597877.43 (feasible=YES) bestThisIter=628256.38 feasibleAnts=10 noImprove=0 (elapsed 26.8043s)
[ITER 40] bestGlobalCost=597877.43 (feasible=YES) bestThisIter=613530.17 feasibleAnts=9 noImprove=10 (elapsed 28.3547s)
[ITER 44] New best cost=594735.07 (feasible=YES, time 29.0894s)
[ITER 45] New best cost=594296.76 (feasible=YES, time 33.392s)
[ITER 45] New best cost=591035.09 (feasible=YES, time 39.0938s)
[ITER 48] New best cost=590462.22 (feasible=YES, time 39.844s)
[ITER 50] bestGlobalCost=590462.22 (feasible=YES) bestThisIter=590713.60 feasibleAnts=9 noImprove=2 (elapsed 40.3294s)
[ITER 53] New best cost=590325.69 (feasible=YES, time 41.0113s)
[ITER 56] New best cost=587136.63 (feasible=YES, time 41.6682s)
[ITER 60] New best cost=583561.55 (feasible=YES, time 46.1818s)
[ITER 60] bestGlobalCost=583561.55 (feasible=YES) bestThisIter=587136.63 feasibleAnts=10 noImprove=0 (elapsed 52.5023s)
[ITER 70] bestGlobalCost=583561.55 (feasible=YES) bestThisIter=597557.12 feasibleAnts=9 noImprove=10 (elapsed 54.3578s)
[ITER 75] New best cost=581809.33 (feasible=YES, time 65.1521s)
10 33 36 45 57 74 81 92 97 100 105 116 136 141 143 
1 4 13 20 27 42 60 64 67 79 85 107 110 115 130 
12 15 18 19 24 29 37 40 46 49 53 99 117 125 137 
23 62 70 72 76 91 95 102 111 121 129 131 133 139 
5 28 38 39 43 50 56 71 94 101 119 123 124 126 
7 9 26 32 51 61 63 78 82 120 127 132 142 146 
6 22 31 35 47 54 55 65 80 83 104 106 112 138 147 149 
8 17 25 34 58 75 86 88 90 98 108 109 113 114 134 145 148 
2 3 14 21 30 41 59 68 69 73 77 89 118 122 140 
11 16 44 48 52 66 84 87 93 96 103 128 135 144 150 
[SAVELOGS] evolution saved to results/logs/kroB150_10_5/evolution/kroB150_10_5
[SAVELOGS] best cost saved to results/logs/kroB150_10_5/objectives/kroB150_10_5
[SAVELOGS] best solution saved to results/logs/kroB150_10_5/solutions/kroB150_10_5
