[ITER 1] New best cost=256338.05 (feasible=YES, time 0.494203s)
[ITER 2] New best cost=248810.92 (feasible=YES, time 0.858033s)
[ITER 4] New best cost=246222.45 (feasible=YES, time 1.47352s)
[ITER 5] New best cost=238887.78 (feasible=YES, time 1.90174s)
[ITER 8] New best cost=238288.22 (feasible=YES, time 3.2234s)
[ITER 10] New best cost=234024.79 (feasible=YES, time 4.03152s)
[ITER 10] bestGlobalCost=234024.79 (feasible=YES) bestThisIter=234024.79 feasibleAnts=10 noImprove=0 (elapsed 4.03566s)
[ITER 11] New best cost=232565.40 (feasible=YES, time 4.50125s)
[ITER 13] New best cost=229566.35 (feasible=YES, time 5.31765s)
[ITER 14] New best cost=228713.73 (feasible=YES, time 5.70895s)
[ITER 15] New best cost=227299.14 (feasible=YES, time 9.1156s)
[ITER 15] New best cost=222910.83 (feasible=YES, time 12.5533s)
[ITER 20] bestGlobalCost=222910.83 (feasible=YES) bestThisIter=224867.79 feasibleAnts=9 noImprove=5 (elapsed 23.7745s)
[ITER 30] New best cost=222123.68 (feasible=YES, time 33.5431s)
[ITER 30] New best cost=221218.70 (feasible=YES, time 43.5925s)
[ITER 30] bestGlobalCost=221218.70 (feasible=YES) bestThisIter=234831.81 feasibleAnts=10 noImprove=0 (elapsed 43.5973s)
[ITER 40] bestGlobalCost=221218.70 (feasible=YES) bestThisIter=228357.86 feasibleAnts=10 noImprove=10 (elapsed 46.1524s)
[ITER 45] New best cost=219719.70 (feasible=YES, time 57.6378s)
79 80 91 92 93 94 95 96 101 102 103 104 105 
14 15 16 17 18 19 20 21 22 24 25 26 27 28 
45 47 48 49 50 51 52 63 64 76 77 78 81 
1 2 3 4 5 6 7 8 9 10 11 53 60 
106 107 108 109 110 111 112 113 114 117 118 119 167 
54 61 62 65 74 75 82 83 88 89 90 97 98 
131 141 143 145 146 147 148 149 152 153 159 160 161 162 
142 173 175 176 177 180 181 182 183 188 189 190 194 
23 29 30 31 32 33 34 35 36 37 38 39 46 
12 13 40 41 42 43 44 56 57 58 59 66 69 
115 116 120 121 122 123 138 139 154 155 156 157 158 
55 67 68 70 71 72 73 84 85 86 87 99 100 
124 125 126 127 130 132 133 134 135 140 168 169 
174 178 179 184 185 186 187 191 192 193 195 196 197 198 
128 129 136 137 144 150 151 163 164 165 166 170 171 172 
[SAVELOGS] evolution saved to results/logs/d198_15_4/evolution/d198_15_4
[SAVELOGS] best cost saved to results/logs/d198_15_4/objectives/d198_15_4
[SAVELOGS] best solution saved to results/logs/d198_15_4/solutions/d198_15_4
