[ITER 1] New best cost=1302689.02 (feasible=YES, time 1.36038s)
[ITER 2] New best cost=1292427.67 (feasible=YES, time 2.88811s)
[ITER 4] New best cost=1291532.93 (feasible=YES, time 4.68008s)
[ITER 5] New best cost=1287782.53 (feasible=YES, time 5.84835s)
[ITER 10] bestGlobalCost=1287782.53 (feasible=YES) bestThisIter=1287782.53 feasibleAnts=10 noImprove=5 (elapsed 14.8631s)
[ITER 20] bestGlobalCost=1287782.53 (feasible=YES) bestThisIter=1287782.53 feasibleAnts=11 noImprove=15 (elapsed 28.3793s)
[ITER 30] [TS] New best cost=1286983.54 (feasible=YES, time 40.7629s)
[ITER 30] bestGlobalCost=1286983.54 (feasible=YES) bestThisIter=1287782.53 feasibleAnts=10 noImprove=1 (elapsed 41.9699s)
[ITER 39] New best cost=1286738.25 (feasible=YES, time 52.9402s)
[ITER 40] bestGlobalCost=1286738.25 (feasible=YES) bestThisIter=1286738.25 feasibleAnts=10 noImprove=1 (elapsed 56.8007s)
[ITER 45] New best cost=1286566.54 (feasible=YES, time 63.2928s)
[ITER 50] bestGlobalCost=1286566.54 (feasible=YES) bestThisIter=1286566.54 feasibleAnts=10 noImprove=5 (elapsed 72.2208s)
[ITER 57] New best cost=1286080.87 (feasible=YES, time 82.1219s)
[ITER 60] [TS] New best cost=1285967.97 (feasible=YES, time 86.503s)
[ITER 60] bestGlobalCost=1285967.97 (feasible=YES) bestThisIter=1285967.97 feasibleAnts=12 noImprove=1 (elapsed 88.8709s)
[ITER 66] New best cost=1285102.72 (feasible=YES, time 95.4553s)
[ITER 70] bestGlobalCost=1285102.72 (feasible=YES) bestThisIter=1285102.72 feasibleAnts=11 noImprove=4 (elapsed 103.186s)
[ITER 78] New best cost=1284279.38 (feasible=YES, time 116.424s)
[ITER 80] bestGlobalCost=1284279.38 (feasible=YES) bestThisIter=1288124.88 feasibleAnts=10 noImprove=2 (elapsed 122.013s)
[ITER 83] New best cost=1283891.02 (feasible=YES, time 124.611s)
[ITER 87] New best cost=1283469.86 (feasible=YES, time 129.391s)
[ITER 90] bestGlobalCost=1283469.86 (feasible=YES) bestThisIter=1283469.86 feasibleAnts=10 noImprove=3 (elapsed 135.693s)
[ITER 100] bestGlobalCost=1283469.86 (feasible=YES) bestThisIter=1284643.62 feasibleAnts=10 noImprove=13 (elapsed 154.569s)
[ITER 110] bestGlobalCost=1283469.86 (feasible=YES) bestThisIter=1283469.86 feasibleAnts=10 noImprove=23 (elapsed 172.525s)
[RESET] no improvement for30-> reset pheromones
[ITER 120] bestGlobalCost=1283469.86 (feasible=YES) bestThisIter=1284946.36 feasibleAnts=10 noImprove=3 (elapsed 192.266s)
[ITER 130] bestGlobalCost=1283469.86 (feasible=YES) bestThisIter=1286056.08 feasibleAnts=11 noImprove=13 (elapsed 212.181s)
[ITER 140] bestGlobalCost=1283469.86 (feasible=YES) bestThisIter=1285554.44 feasibleAnts=11 noImprove=23 (elapsed 230.846s)
[RESET] no improvement for30-> reset pheromones
[ITER 150] bestGlobalCost=1283469.86 (feasible=YES) bestThisIter=1289543.03 feasibleAnts=10 noImprove=3 (elapsed 249.128s)
[ITER 160] bestGlobalCost=1283469.86 (feasible=YES) bestThisIter=1283469.86 feasibleAnts=10 noImprove=13 (elapsed 269.169s)
[ITER 170] bestGlobalCost=1283469.86 (feasible=YES) bestThisIter=1283469.86 feasibleAnts=10 noImprove=23 (elapsed 287.898s)
[RESET] no improvement for30-> reset pheromones
[ITER 180] bestGlobalCost=1283469.86 (feasible=YES) bestThisIter=1283469.86 feasibleAnts=10 noImprove=3 (elapsed 306.381s)
[ITER 190] bestGlobalCost=1283469.86 (feasible=YES) bestThisIter=1285741.17 feasibleAnts=10 noImprove=13 (elapsed 324.798s)
[ITER 200] bestGlobalCost=1283469.86 (feasible=YES) bestThisIter=1283469.86 feasibleAnts=10 noImprove=23 (elapsed 345.241s)
[RESET] no improvement for30-> reset pheromones
[ITER 210] bestGlobalCost=1283469.86 (feasible=YES) bestThisIter=1283469.86 feasibleAnts=10 noImprove=3 (elapsed 363.767s)
[ITER 220] bestGlobalCost=1283469.86 (feasible=YES) bestThisIter=1283469.86 feasibleAnts=11 noImprove=13 (elapsed 382.407s)
[ITER 230] bestGlobalCost=1283469.86 (feasible=YES) bestThisIter=1283469.86 feasibleAnts=11 noImprove=23 (elapsed 402.208s)
[RESET] no improvement for30-> reset pheromones
[ITER 240] bestGlobalCost=1283469.86 (feasible=YES) bestThisIter=1285503.02 feasibleAnts=10 noImprove=3 (elapsed 419.323s)
[ITER 250] bestGlobalCost=1283469.86 (feasible=YES) bestThisIter=1283469.86 feasibleAnts=10 noImprove=13 (elapsed 438.582s)
[ITER 260] bestGlobalCost=1283469.86 (feasible=YES) bestThisIter=1284946.36 feasibleAnts=11 noImprove=23 (elapsed 457.865s)
[RESET] no improvement for30-> reset pheromones
[ITER 270] bestGlobalCost=1283469.86 (feasible=YES) bestThisIter=1283469.86 feasibleAnts=10 noImprove=3 (elapsed 476.742s)
[ITER 280] bestGlobalCost=1283469.86 (feasible=YES) bestThisIter=1283469.86 feasibleAnts=10 noImprove=13 (elapsed 495.659s)
[ITER 290] bestGlobalCost=1283469.86 (feasible=YES) bestThisIter=1283469.86 feasibleAnts=10 noImprove=23 (elapsed 514.93s)
[RESET] no improvement for30-> reset pheromones
[ITER 300] bestGlobalCost=1283469.86 (feasible=YES) bestThisIter=1287984.75 feasibleAnts=10 noImprove=3 (elapsed 534.062s)
[ITER 310] bestGlobalCost=1283469.86 (feasible=YES) bestThisIter=1283469.86 feasibleAnts=11 noImprove=13 (elapsed 555.545s)
[ITER 320] bestGlobalCost=1283469.86 (feasible=YES) bestThisIter=1283469.86 feasibleAnts=10 noImprove=23 (elapsed 575.382s)
[RESET] no improvement for30-> reset pheromones
[ITER 330] bestGlobalCost=1283469.86 (feasible=YES) bestThisIter=1283469.86 feasibleAnts=10 noImprove=3 (elapsed 594.586s)
[ITER 340] bestGlobalCost=1283469.86 (feasible=YES) bestThisIter=1283469.86 feasibleAnts=11 noImprove=13 (elapsed 611.989s)
[ITER 350] bestGlobalCost=1283469.86 (feasible=YES) bestThisIter=1283469.86 feasibleAnts=10 noImprove=23 (elapsed 631.412s)
[RESET] no improvement for30-> reset pheromones
[ITER 360] bestGlobalCost=1283469.86 (feasible=YES) bestThisIter=1283469.86 feasibleAnts=10 noImprove=3 (elapsed 649.504s)
[ITER 370] bestGlobalCost=1283469.86 (feasible=YES) bestThisIter=1283469.86 feasibleAnts=10 noImprove=13 (elapsed 667.88s)
[ITER 380] bestGlobalCost=1283469.86 (feasible=YES) bestThisIter=1283469.86 feasibleAnts=11 noImprove=23 (elapsed 686.434s)
[RESET] no improvement for30-> reset pheromones
[ITER 390] bestGlobalCost=1283469.86 (feasible=YES) bestThisIter=1283707.26 feasibleAnts=10 noImprove=3 (elapsed 704.431s)
[ITER 400] bestGlobalCost=1283469.86 (feasible=YES) bestThisIter=1283469.86 feasibleAnts=12 noImprove=13 (elapsed 723.159s)
[ITER 410] bestGlobalCost=1283469.86 (feasible=YES) bestThisIter=1283469.86 feasibleAnts=10 noImprove=23 (elapsed 742.607s)
[RESET] no improvement for30-> reset pheromones
[ITER 420] bestGlobalCost=1283469.86 (feasible=YES) bestThisIter=1283469.86 feasibleAnts=10 noImprove=3 (elapsed 759.269s)
[ITER 430] bestGlobalCost=1283469.86 (feasible=YES) bestThisIter=1283469.86 feasibleAnts=11 noImprove=13 (elapsed 778.931s)
[ITER 440] bestGlobalCost=1283469.86 (feasible=YES) bestThisIter=1283469.86 feasibleAnts=11 noImprove=23 (elapsed 796.919s)
[RESET] no improvement for30-> reset pheromones
[ITER 450] bestGlobalCost=1283469.86 (feasible=YES) bestThisIter=1283469.86 feasibleAnts=10 noImprove=3 (elapsed 816.342s)
[ITER 460] bestGlobalCost=1283469.86 (feasible=YES) bestThisIter=1283469.86 feasibleAnts=11 noImprove=13 (elapsed 835.053s)
[ITER 470] bestGlobalCost=1283469.86 (feasible=YES) bestThisIter=1283469.86 feasibleAnts=10 noImprove=23 (elapsed 852.588s)
[RESET] no improvement for30-> reset pheromones
[ITER 480] bestGlobalCost=1283469.86 (feasible=YES) bestThisIter=1285943.04 feasibleAnts=10 noImprove=3 (elapsed 871.727s)
[ITER 490] bestGlobalCost=1283469.86 (feasible=YES) bestThisIter=1283469.86 feasibleAnts=11 noImprove=13 (elapsed 889.399s)
[ITER 500] bestGlobalCost=1283469.86 (feasible=YES) bestThisIter=1283469.86 feasibleAnts=10 noImprove=23 (elapsed 908.306s)
[RESET] no improvement for30-> reset pheromones
[ITER 510] bestGlobalCost=1283469.86 (feasible=YES) bestThisIter=1287342.15 feasibleAnts=10 noImprove=3 (elapsed 925.674s)
[ITER 520] bestGlobalCost=1283469.86 (feasible=YES) bestThisIter=1283469.86 feasibleAnts=10 noImprove=13 (elapsed 944.918s)
[ITER 530] bestGlobalCost=1283469.86 (feasible=YES) bestThisIter=1283469.86 feasibleAnts=10 noImprove=23 (elapsed 963.714s)
[RESET] no improvement for30-> reset pheromones
[ITER 540] bestGlobalCost=1283469.86 (feasible=YES) bestThisIter=1283469.86 feasibleAnts=10 noImprove=3 (elapsed 982.445s)
[ITER 550] bestGlobalCost=1283469.86 (feasible=YES) bestThisIter=1283469.86 feasibleAnts=10 noImprove=13 (elapsed 1000.91s)
[ITER 560] bestGlobalCost=1283469.86 (feasible=YES) bestThisIter=1283469.86 feasibleAnts=10 noImprove=23 (elapsed 1020.41s)
[RESET] no improvement for30-> reset pheromones
[ITER 570] bestGlobalCost=1283469.86 (feasible=YES) bestThisIter=1285048.75 feasibleAnts=10 noImprove=3 (elapsed 1036.86s)
[ITER 580] bestGlobalCost=1283469.86 (feasible=YES) bestThisIter=1283469.86 feasibleAnts=10 noImprove=13 (elapsed 1055.79s)
[ITER 590] bestGlobalCost=1283469.86 (feasible=YES) bestThisIter=1283469.86 feasibleAnts=10 noImprove=23 (elapsed 1074.8s)
[RESET] no improvement for30-> reset pheromones
[ITER 600] bestGlobalCost=1283469.86 (feasible=YES) bestThisIter=1283469.86 feasibleAnts=10 noImprove=3 (elapsed 1092.16s)
[ITER 610] bestGlobalCost=1283469.86 (feasible=YES) bestThisIter=1283469.86 feasibleAnts=11 noImprove=13 (elapsed 1111.8s)
[ITER 620] bestGlobalCost=1283469.86 (feasible=YES) bestThisIter=1285198.84 feasibleAnts=10 noImprove=23 (elapsed 1129.86s)
[RESET] no improvement for30-> reset pheromones
[ITER 630] bestGlobalCost=1283469.86 (feasible=YES) bestThisIter=1283469.86 feasibleAnts=10 noImprove=3 (elapsed 1148.58s)
[ITER 640] bestGlobalCost=1283469.86 (feasible=YES) bestThisIter=1283469.86 feasibleAnts=10 noImprove=13 (elapsed 1168.32s)
[ITER 650] bestGlobalCost=1283469.86 (feasible=YES) bestThisIter=1283469.86 feasibleAnts=10 noImprove=23 (elapsed 1186.73s)
[RESET] no improvement for30-> reset pheromones
[ITER 660] bestGlobalCost=1283469.86 (feasible=YES) bestThisIter=1283469.86 feasibleAnts=10 noImprove=3 (elapsed 1206.75s)
[ITER 670] bestGlobalCost=1283469.86 (feasible=YES) bestThisIter=1283469.86 feasibleAnts=10 noImprove=13 (elapsed 1226.14s)
[ITER 680] bestGlobalCost=1283469.86 (feasible=YES) bestThisIter=1283469.86 feasibleAnts=10 noImprove=23 (elapsed 1245.66s)
[RESET] no improvement for30-> reset pheromones
[ITER 690] bestGlobalCost=1283469.86 (feasible=YES) bestThisIter=1285554.44 feasibleAnts=11 noImprove=3 (elapsed 1264.47s)
[ITER 700] bestGlobalCost=1283469.86 (feasible=YES) bestThisIter=1283469.86 feasibleAnts=13 noImprove=13 (elapsed 1284.18s)
[ITER 710] bestGlobalCost=1283469.86 (feasible=YES) bestThisIter=1283469.86 feasibleAnts=11 noImprove=23 (elapsed 1304.39s)
[RESET] no improvement for30-> reset pheromones
[ITER 720] bestGlobalCost=1283469.86 (feasible=YES) bestThisIter=1285745.94 feasibleAnts=11 noImprove=3 (elapsed 1324.1s)
[ITER 730] bestGlobalCost=1283469.86 (feasible=YES) bestThisIter=1283469.86 feasibleAnts=11 noImprove=13 (elapsed 1343.64s)
[ITER 740] bestGlobalCost=1283469.86 (feasible=YES) bestThisIter=1283469.86 feasibleAnts=10 noImprove=23 (elapsed 1363.35s)
[RESET] no improvement for30-> reset pheromones
[ITER 750] bestGlobalCost=1283469.86 (feasible=YES) bestThisIter=1283469.86 feasibleAnts=10 noImprove=3 (elapsed 1382.45s)
[ITER 760] bestGlobalCost=1283469.86 (feasible=YES) bestThisIter=1283469.86 feasibleAnts=10 noImprove=13 (elapsed 1400.24s)
[ITER 770] bestGlobalCost=1283469.86 (feasible=YES) bestThisIter=1283469.86 feasibleAnts=10 noImprove=23 (elapsed 1418.31s)
[RESET] no improvement for30-> reset pheromones
[ITER 780] bestGlobalCost=1283469.86 (feasible=YES) bestThisIter=1283469.86 feasibleAnts=10 noImprove=3 (elapsed 1436.92s)
[ITER 790] bestGlobalCost=1283469.86 (feasible=YES) bestThisIter=1283469.86 feasibleAnts=12 noImprove=13 (elapsed 1455.46s)
[ITER 800] bestGlobalCost=1283469.86 (feasible=YES) bestThisIter=1283469.86 feasibleAnts=10 noImprove=23 (elapsed 1475.87s)
[RESET] no improvement for30-> reset pheromones
[ITER 810] bestGlobalCost=1283469.86 (feasible=YES) bestThisIter=1284260.74 feasibleAnts=10 noImprove=3 (elapsed 1493.73s)
6 7 15 30 35 36 47 49 58 64 68 72 76 107 118 119 123 136 151 154 160 184 196 206 213 230 253 271 273 279 288 298 316 320 323 341 342 346 379 391 
2 11 23 32 48 59 60 62 100 101 110 113 122 124 130 132 142 148 158 191 209 224 245 251 254 276 293 307 311 327 329 332 344 345 350 362 363 385 396 397 
33 46 61 70 78 81 86 94 105 131 134 138 140 144 150 171 172 177 183 188 194 198 208 235 241 267 277 283 292 294 302 303 322 324 325 333 351 364 372 374 
25 29 41 53 65 71 84 85 87 95 114 127 153 156 159 163 174 185 187 190 192 197 200 243 261 278 287 308 312 315 331 340 343 348 356 359 366 369 381 389 392 398 
13 17 19 21 24 26 39 42 67 69 89 98 115 117 120 129 164 167 173 186 202 205 216 222 234 240 247 268 282 285 295 301 304 306 317 328 336 384 395 
8 18 38 40 44 50 55 74 79 83 91 97 109 128 145 149 152 168 175 180 181 182 193 204 217 219 229 233 239 246 259 264 296 305 319 335 338 349 365 380 394 399 
12 27 28 37 43 63 75 82 99 104 106 111 126 143 170 176 218 220 221 223 231 248 250 269 270 274 291 297 310 318 321 326 334 355 368 370 376 378 386 
3 5 10 14 16 31 52 73 80 93 116 125 135 141 146 189 195 207 212 226 228 242 255 260 262 265 266 272 280 281 314 330 337 353 361 373 377 382 387 388 390 393 
34 51 54 77 88 90 102 121 155 161 162 165 178 199 210 211 214 225 232 236 237 238 244 252 256 258 263 284 286 289 309 313 347 357 375 383 400 
1 4 9 20 22 45 56 57 66 92 96 103 108 112 133 137 139 147 157 166 169 179 201 203 215 227 249 257 275 290 299 300 339 352 354 358 360 367 371 
[SAVELOGS] evolution saved to results/logs/aco_logs/evolution/rd400_10_2.txt
[SAVELOGS] best cost saved to results/logs/aco_logs/objectives/rd400_10_2.txt
[SAVELOGS] best solution saved to results/logs/aco_logs/solutions/rd400_10_2.txt
