[ITER 1] New best cost=1303217.08 (feasible=YES, time 1.20039s)
[ITER 2] New best cost=1296491.45 (feasible=YES, time 2.75646s)
[ITER 4] New best cost=1290907.88 (feasible=YES, time 6.06451s)
[ITER 6] New best cost=1289737.03 (feasible=YES, time 8.68334s)
[ITER 7] New best cost=1289120.53 (feasible=YES, time 9.63099s)
[ITER 10] [TS] New best cost=1286696.64 (feasible=YES, time 14.0501s)
[ITER 10] bestGlobalCost=1286696.64 (feasible=YES) bestThisIter=1286696.64 feasibleAnts=11 noImprove=1 (elapsed 16.4168s)
[ITER 13] New best cost=1285306.82 (feasible=YES, time 20.1061s)
[ITER 18] New best cost=1284594.49 (feasible=YES, time 27.3497s)
[ITER 19] New best cost=1284549.36 (feasible=YES, time 29.4777s)
[ITER 20] bestGlobalCost=1284549.36 (feasible=YES) bestThisIter=1284549.36 feasibleAnts=10 noImprove=1 (elapsed 34.189s)
[ITER 26] New best cost=1284329.47 (feasible=YES, time 40.9401s)
[ITER 30] bestGlobalCost=1284329.47 (feasible=YES) bestThisIter=1285270.53 feasibleAnts=10 noImprove=4 (elapsed 48.7532s)
[ITER 40] bestGlobalCost=1284329.47 (feasible=YES) bestThisIter=1284329.47 feasibleAnts=12 noImprove=14 (elapsed 61.8977s)
[ITER 49] New best cost=1283278.17 (feasible=YES, time 70.2039s)
[ITER 50] bestGlobalCost=1283278.17 (feasible=YES) bestThisIter=1283278.17 feasibleAnts=10 noImprove=1 (elapsed 74.62s)
[ITER 60] bestGlobalCost=1283278.17 (feasible=YES) bestThisIter=1284398.01 feasibleAnts=10 noImprove=11 (elapsed 87.1173s)
[ITER 70] bestGlobalCost=1283278.17 (feasible=YES) bestThisIter=1283278.17 feasibleAnts=10 noImprove=21 (elapsed 101.805s)
[ITER 76] New best cost=1283220.03 (feasible=YES, time 107.295s)
[ITER 80] bestGlobalCost=1283220.03 (feasible=YES) bestThisIter=1284739.45 feasibleAnts=10 noImprove=4 (elapsed 114.964s)
[ITER 90] bestGlobalCost=1283220.03 (feasible=YES) bestThisIter=1283220.03 feasibleAnts=10 noImprove=14 (elapsed 127.411s)
[ITER 100] bestGlobalCost=1283220.03 (feasible=YES) bestThisIter=1283220.03 feasibleAnts=11 noImprove=24 (elapsed 140.585s)
[RESET] no improvement for30-> reset pheromones
[ITER 110] bestGlobalCost=1283220.03 (feasible=YES) bestThisIter=1284739.45 feasibleAnts=11 noImprove=4 (elapsed 154.186s)
[ITER 120] bestGlobalCost=1283220.03 (feasible=YES) bestThisIter=1283220.03 feasibleAnts=13 noImprove=14 (elapsed 167.698s)
[ITER 130] bestGlobalCost=1283220.03 (feasible=YES) bestThisIter=1283220.03 feasibleAnts=10 noImprove=24 (elapsed 180.262s)
[RESET] no improvement for30-> reset pheromones
[ITER 140] bestGlobalCost=1283220.03 (feasible=YES) bestThisIter=1283220.03 feasibleAnts=10 noImprove=4 (elapsed 194.762s)
[ITER 150] bestGlobalCost=1283220.03 (feasible=YES) bestThisIter=1283220.03 feasibleAnts=10 noImprove=14 (elapsed 208.653s)
[ITER 160] bestGlobalCost=1283220.03 (feasible=YES) bestThisIter=1283220.03 feasibleAnts=10 noImprove=24 (elapsed 222.131s)
[RESET] no improvement for30-> reset pheromones
[ITER 170] bestGlobalCost=1283220.03 (feasible=YES) bestThisIter=1283220.03 feasibleAnts=10 noImprove=4 (elapsed 235.887s)
[ITER 180] bestGlobalCost=1283220.03 (feasible=YES) bestThisIter=1284263.77 feasibleAnts=11 noImprove=14 (elapsed 248.193s)
[ITER 181] New best cost=1282347.69 (feasible=YES, time 249.506s)
[ITER 190] bestGlobalCost=1282347.69 (feasible=YES) bestThisIter=1282347.69 feasibleAnts=11 noImprove=9 (elapsed 262.321s)
[ITER 200] bestGlobalCost=1282347.69 (feasible=YES) bestThisIter=1282347.69 feasibleAnts=10 noImprove=19 (elapsed 275.91s)
[ITER 210] bestGlobalCost=1282347.69 (feasible=YES) bestThisIter=1282347.69 feasibleAnts=10 noImprove=29 (elapsed 289.041s)
[RESET] no improvement for30-> reset pheromones
[ITER 220] bestGlobalCost=1282347.69 (feasible=YES) bestThisIter=1282347.69 feasibleAnts=10 noImprove=9 (elapsed 303.199s)
[ITER 230] bestGlobalCost=1282347.69 (feasible=YES) bestThisIter=1282347.69 feasibleAnts=10 noImprove=19 (elapsed 316.743s)
[ITER 240] bestGlobalCost=1282347.69 (feasible=YES) bestThisIter=1285340.37 feasibleAnts=10 noImprove=29 (elapsed 328.719s)
[RESET] no improvement for30-> reset pheromones
[ITER 250] bestGlobalCost=1282347.69 (feasible=YES) bestThisIter=1283867.10 feasibleAnts=10 noImprove=9 (elapsed 341.863s)
[ITER 260] bestGlobalCost=1282347.69 (feasible=YES) bestThisIter=1286166.06 feasibleAnts=10 noImprove=19 (elapsed 354.523s)
[ITER 270] bestGlobalCost=1282347.69 (feasible=YES) bestThisIter=1282347.69 feasibleAnts=10 noImprove=29 (elapsed 368.991s)
[RESET] no improvement for30-> reset pheromones
[ITER 280] bestGlobalCost=1282347.69 (feasible=YES) bestThisIter=1282347.69 feasibleAnts=10 noImprove=9 (elapsed 383.105s)
[ITER 290] bestGlobalCost=1282347.69 (feasible=YES) bestThisIter=1282347.69 feasibleAnts=11 noImprove=19 (elapsed 397.111s)
[ITER 300] bestGlobalCost=1282347.69 (feasible=YES) bestThisIter=1282347.69 feasibleAnts=10 noImprove=29 (elapsed 409.812s)
[RESET] no improvement for30-> reset pheromones
[ITER 310] bestGlobalCost=1282347.69 (feasible=YES) bestThisIter=1282347.69 feasibleAnts=11 noImprove=9 (elapsed 422.777s)
[ITER 320] bestGlobalCost=1282347.69 (feasible=YES) bestThisIter=1282347.69 feasibleAnts=11 noImprove=19 (elapsed 435.914s)
[ITER 330] bestGlobalCost=1282347.69 (feasible=YES) bestThisIter=1282347.69 feasibleAnts=10 noImprove=29 (elapsed 451.054s)
[RESET] no improvement for30-> reset pheromones
[ITER 340] bestGlobalCost=1282347.69 (feasible=YES) bestThisIter=1283308.93 feasibleAnts=11 noImprove=9 (elapsed 465.049s)
[ITER 350] bestGlobalCost=1282347.69 (feasible=YES) bestThisIter=1282347.69 feasibleAnts=10 noImprove=19 (elapsed 478.324s)
[ITER 360] bestGlobalCost=1282347.69 (feasible=YES) bestThisIter=1282347.69 feasibleAnts=10 noImprove=29 (elapsed 490.485s)
[RESET] no improvement for30-> reset pheromones
[ITER 370] bestGlobalCost=1282347.69 (feasible=YES) bestThisIter=1282347.69 feasibleAnts=10 noImprove=9 (elapsed 505.264s)
[ITER 380] bestGlobalCost=1282347.69 (feasible=YES) bestThisIter=1282347.69 feasibleAnts=10 noImprove=19 (elapsed 517.875s)
[ITER 390] bestGlobalCost=1282347.69 (feasible=YES) bestThisIter=1282347.69 feasibleAnts=12 noImprove=29 (elapsed 530.798s)
[RESET] no improvement for30-> reset pheromones
[ITER 400] bestGlobalCost=1282347.69 (feasible=YES) bestThisIter=1282347.69 feasibleAnts=11 noImprove=9 (elapsed 544.565s)
[ITER 410] bestGlobalCost=1282347.69 (feasible=YES) bestThisIter=1282347.69 feasibleAnts=11 noImprove=19 (elapsed 557.728s)
[ITER 420] bestGlobalCost=1282347.69 (feasible=YES) bestThisIter=1282347.69 feasibleAnts=10 noImprove=29 (elapsed 570.768s)
[RESET] no improvement for30-> reset pheromones
[ITER 430] bestGlobalCost=1282347.69 (feasible=YES) bestThisIter=1282347.69 feasibleAnts=10 noImprove=9 (elapsed 584.904s)
[ITER 440] bestGlobalCost=1282347.69 (feasible=YES) bestThisIter=1282347.69 feasibleAnts=10 noImprove=19 (elapsed 598.143s)
[ITER 450] bestGlobalCost=1282347.69 (feasible=YES) bestThisIter=1282347.69 feasibleAnts=11 noImprove=29 (elapsed 610.933s)
[RESET] no improvement for30-> reset pheromones
[ITER 460] bestGlobalCost=1282347.69 (feasible=YES) bestThisIter=1282347.69 feasibleAnts=11 noImprove=9 (elapsed 627.271s)
[ITER 470] bestGlobalCost=1282347.69 (feasible=YES) bestThisIter=1282347.69 feasibleAnts=10 noImprove=19 (elapsed 640.233s)
[ITER 480] bestGlobalCost=1282347.69 (feasible=YES) bestThisIter=1284063.62 feasibleAnts=10 noImprove=29 (elapsed 655.625s)
[RESET] no improvement for30-> reset pheromones
[ITER 490] bestGlobalCost=1282347.69 (feasible=YES) bestThisIter=1282347.69 feasibleAnts=11 noImprove=9 (elapsed 670.484s)
[ITER 500] bestGlobalCost=1282347.69 (feasible=YES) bestThisIter=1282347.69 feasibleAnts=11 noImprove=19 (elapsed 684.07s)
[ITER 510] bestGlobalCost=1282347.69 (feasible=YES) bestThisIter=1282347.69 feasibleAnts=12 noImprove=29 (elapsed 697.877s)
[RESET] no improvement for30-> reset pheromones
[ITER 520] bestGlobalCost=1282347.69 (feasible=YES) bestThisIter=1283825.90 feasibleAnts=10 noImprove=9 (elapsed 712.049s)
[ITER 530] bestGlobalCost=1282347.69 (feasible=YES) bestThisIter=1283308.93 feasibleAnts=10 noImprove=19 (elapsed 725.252s)
[ITER 540] bestGlobalCost=1282347.69 (feasible=YES) bestThisIter=1282347.69 feasibleAnts=10 noImprove=29 (elapsed 739.196s)
[RESET] no improvement for30-> reset pheromones
[ITER 550] bestGlobalCost=1282347.69 (feasible=YES) bestThisIter=1283308.93 feasibleAnts=10 noImprove=9 (elapsed 752.908s)
[ITER 560] bestGlobalCost=1282347.69 (feasible=YES) bestThisIter=1284475.60 feasibleAnts=10 noImprove=19 (elapsed 765.954s)
[ITER 570] bestGlobalCost=1282347.69 (feasible=YES) bestThisIter=1282347.69 feasibleAnts=10 noImprove=29 (elapsed 777.842s)
[RESET] no improvement for30-> reset pheromones
[ITER 580] bestGlobalCost=1282347.69 (feasible=YES) bestThisIter=1282347.69 feasibleAnts=10 noImprove=9 (elapsed 791.568s)
[ITER 590] bestGlobalCost=1282347.69 (feasible=YES) bestThisIter=1282347.69 feasibleAnts=10 noImprove=19 (elapsed 804.105s)
[ITER 600] bestGlobalCost=1282347.69 (feasible=YES) bestThisIter=1282347.69 feasibleAnts=10 noImprove=29 (elapsed 817.468s)
[RESET] no improvement for30-> reset pheromones
[ITER 610] bestGlobalCost=1282347.69 (feasible=YES) bestThisIter=1282347.69 feasibleAnts=10 noImprove=9 (elapsed 831.747s)
[ITER 620] bestGlobalCost=1282347.69 (feasible=YES) bestThisIter=1282347.69 feasibleAnts=10 noImprove=19 (elapsed 844.376s)
[ITER 630] bestGlobalCost=1282347.69 (feasible=YES) bestThisIter=1282347.69 feasibleAnts=11 noImprove=29 (elapsed 856.911s)
[RESET] no improvement for30-> reset pheromones
[ITER 640] bestGlobalCost=1282347.69 (feasible=YES) bestThisIter=1282347.69 feasibleAnts=10 noImprove=9 (elapsed 871.773s)
[ITER 650] bestGlobalCost=1282347.69 (feasible=YES) bestThisIter=1285649.12 feasibleAnts=10 noImprove=19 (elapsed 884.573s)
[ITER 660] bestGlobalCost=1282347.69 (feasible=YES) bestThisIter=1282347.69 feasibleAnts=11 noImprove=29 (elapsed 897.156s)
[RESET] no improvement for30-> reset pheromones
[ITER 670] bestGlobalCost=1282347.69 (feasible=YES) bestThisIter=1284565.50 feasibleAnts=11 noImprove=9 (elapsed 911.2s)
[ITER 680] bestGlobalCost=1282347.69 (feasible=YES) bestThisIter=1282347.69 feasibleAnts=10 noImprove=19 (elapsed 924.687s)
[ITER 690] bestGlobalCost=1282347.69 (feasible=YES) bestThisIter=1282347.69 feasibleAnts=10 noImprove=29 (elapsed 938.317s)
[RESET] no improvement for30-> reset pheromones
[ITER 700] bestGlobalCost=1282347.69 (feasible=YES) bestThisIter=1282347.69 feasibleAnts=10 noImprove=9 (elapsed 952.15s)
[ITER 710] bestGlobalCost=1282347.69 (feasible=YES) bestThisIter=1287462.98 feasibleAnts=10 noImprove=19 (elapsed 965.068s)
[ITER 720] bestGlobalCost=1282347.69 (feasible=YES) bestThisIter=1282347.69 feasibleAnts=11 noImprove=29 (elapsed 978.588s)
[RESET] no improvement for30-> reset pheromones
[ITER 730] bestGlobalCost=1282347.69 (feasible=YES) bestThisIter=1282347.69 feasibleAnts=10 noImprove=9 (elapsed 992.12s)
[ITER 740] bestGlobalCost=1282347.69 (feasible=YES) bestThisIter=1282347.69 feasibleAnts=11 noImprove=19 (elapsed 1005.5s)
[ITER 750] bestGlobalCost=1282347.69 (feasible=YES) bestThisIter=1282347.69 feasibleAnts=12 noImprove=29 (elapsed 1018.06s)
[RESET] no improvement for30-> reset pheromones
[ITER 760] bestGlobalCost=1282347.69 (feasible=YES) bestThisIter=1283175.35 feasibleAnts=10 noImprove=9 (elapsed 1031.97s)
[ITER 770] bestGlobalCost=1282347.69 (feasible=YES) bestThisIter=1285395.01 feasibleAnts=10 noImprove=19 (elapsed 1044.73s)
[ITER 780] bestGlobalCost=1282347.69 (feasible=YES) bestThisIter=1282347.69 feasibleAnts=10 noImprove=29 (elapsed 1058.65s)
[RESET] no improvement for30-> reset pheromones
[ITER 790] bestGlobalCost=1282347.69 (feasible=YES) bestThisIter=1283220.03 feasibleAnts=10 noImprove=9 (elapsed 1072.01s)
[ITER 800] bestGlobalCost=1282347.69 (feasible=YES) bestThisIter=1283308.93 feasibleAnts=10 noImprove=19 (elapsed 1084.63s)
[ITER 810] bestGlobalCost=1282347.69 (feasible=YES) bestThisIter=1282347.69 feasibleAnts=10 noImprove=29 (elapsed 1098.17s)
[RESET] no improvement for30-> reset pheromones
[ITER 820] bestGlobalCost=1282347.69 (feasible=YES) bestThisIter=1282347.69 feasibleAnts=10 noImprove=9 (elapsed 1112.73s)
[ITER 830] bestGlobalCost=1282347.69 (feasible=YES) bestThisIter=1282347.69 feasibleAnts=10 noImprove=19 (elapsed 1125.33s)
[ITER 840] bestGlobalCost=1282347.69 (feasible=YES) bestThisIter=1282347.69 feasibleAnts=10 noImprove=29 (elapsed 1139.05s)
[RESET] no improvement for30-> reset pheromones
[ITER 850] bestGlobalCost=1282347.69 (feasible=YES) bestThisIter=1282347.69 feasibleAnts=11 noImprove=9 (elapsed 1153.65s)
[ITER 860] bestGlobalCost=1282347.69 (feasible=YES) bestThisIter=1282347.69 feasibleAnts=10 noImprove=19 (elapsed 1166.86s)
[ITER 870] bestGlobalCost=1282347.69 (feasible=YES) bestThisIter=1282347.69 feasibleAnts=11 noImprove=29 (elapsed 1179.83s)
[RESET] no improvement for30-> reset pheromones
[ITER 880] bestGlobalCost=1282347.69 (feasible=YES) bestThisIter=1282347.69 feasibleAnts=10 noImprove=9 (elapsed 1195.02s)
[ITER 890] bestGlobalCost=1282347.69 (feasible=YES) bestThisIter=1282347.69 feasibleAnts=10 noImprove=19 (elapsed 1208.16s)
[ITER 900] bestGlobalCost=1282347.69 (feasible=YES) bestThisIter=1282347.69 feasibleAnts=10 noImprove=29 (elapsed 1222.75s)
[RESET] no improvement for30-> reset pheromones
[ITER 910] bestGlobalCost=1282347.69 (feasible=YES) bestThisIter=1282347.69 feasibleAnts=10 noImprove=9 (elapsed 1236.84s)
[ITER 920] bestGlobalCost=1282347.69 (feasible=YES) bestThisIter=1282347.69 feasibleAnts=11 noImprove=19 (elapsed 1249.27s)
[ITER 930] bestGlobalCost=1282347.69 (feasible=YES) bestThisIter=1283308.93 feasibleAnts=10 noImprove=29 (elapsed 1265.82s)
[RESET] no improvement for30-> reset pheromones
[ITER 940] bestGlobalCost=1282347.69 (feasible=YES) bestThisIter=1282347.69 feasibleAnts=10 noImprove=9 (elapsed 1280.63s)
[ITER 950] bestGlobalCost=1282347.69 (feasible=YES) bestThisIter=1282347.69 feasibleAnts=10 noImprove=19 (elapsed 1294.31s)
[ITER 960] bestGlobalCost=1282347.69 (feasible=YES) bestThisIter=1282347.69 feasibleAnts=11 noImprove=29 (elapsed 1307.89s)
[RESET] no improvement for30-> reset pheromones
[ITER 970] bestGlobalCost=1282347.69 (feasible=YES) bestThisIter=1282347.69 feasibleAnts=10 noImprove=9 (elapsed 1322.11s)
[ITER 980] bestGlobalCost=1282347.69 (feasible=YES) bestThisIter=1286894.32 feasibleAnts=11 noImprove=19 (elapsed 1335.54s)
[ITER 990] bestGlobalCost=1282347.69 (feasible=YES) bestThisIter=1282347.69 feasibleAnts=10 noImprove=29 (elapsed 1348.16s)
[RESET] no improvement for30-> reset pheromones
[ITER 1000] bestGlobalCost=1282347.69 (feasible=YES) bestThisIter=1282347.69 feasibleAnts=11 noImprove=9 (elapsed 1363.47s)
[ITER 1010] bestGlobalCost=1282347.69 (feasible=YES) bestThisIter=1282347.69 feasibleAnts=12 noImprove=19 (elapsed 1375.42s)
[ITER 1020] bestGlobalCost=1282347.69 (feasible=YES) bestThisIter=1282347.69 feasibleAnts=10 noImprove=29 (elapsed 1387.25s)
[RESET] no improvement for30-> reset pheromones
[ITER 1030] bestGlobalCost=1282347.69 (feasible=YES) bestThisIter=1282347.69 feasibleAnts=10 noImprove=9 (elapsed 1402.02s)
[ITER 1040] bestGlobalCost=1282347.69 (feasible=YES) bestThisIter=1282347.69 feasibleAnts=11 noImprove=19 (elapsed 1415.41s)
[ITER 1050] bestGlobalCost=1282347.69 (feasible=YES) bestThisIter=1282347.69 feasibleAnts=10 noImprove=29 (elapsed 1428.18s)
[RESET] no improvement for30-> reset pheromones
[ITER 1060] bestGlobalCost=1282347.69 (feasible=YES) bestThisIter=1282347.69 feasibleAnts=10 noImprove=9 (elapsed 1443.87s)
[ITER 1070] bestGlobalCost=1282347.69 (feasible=YES) bestThisIter=1282347.69 feasibleAnts=11 noImprove=19 (elapsed 1455.81s)
[ITER 1080] bestGlobalCost=1282347.69 (feasible=YES) bestThisIter=1282347.69 feasibleAnts=10 noImprove=29 (elapsed 1468.26s)
[RESET] no improvement for30-> reset pheromones
[ITER 1090] bestGlobalCost=1282347.69 (feasible=YES) bestThisIter=1282347.69 feasibleAnts=10 noImprove=9 (elapsed 1483.04s)
[ITER 1100] bestGlobalCost=1282347.69 (feasible=YES) bestThisIter=1282347.69 feasibleAnts=12 noImprove=19 (elapsed 1496.01s)
25 29 41 53 65 71 84 85 87 95 114 153 156 159 163 174 185 187 190 192 197 200 225 243 261 278 287 308 312 315 331 340 343 348 356 359 366 369 381 389 392 398 
13 15 17 19 21 24 26 30 39 42 69 89 115 117 120 129 137 164 167 173 186 202 205 216 222 234 240 247 268 282 285 295 301 304 306 317 328 336 384 395 
3 5 10 14 16 31 52 73 80 93 116 125 135 141 146 189 195 207 212 223 226 228 242 255 260 262 266 272 280 281 314 330 337 353 361 373 377 382 387 388 390 393 
8 18 38 40 44 50 55 79 83 91 97 109 128 145 149 152 168 175 180 181 182 193 204 210 219 229 233 239 246 259 264 296 305 319 335 338 349 365 380 394 399 
1 4 9 20 22 45 56 57 66 92 96 103 108 112 133 139 147 166 169 179 201 203 215 227 249 257 273 275 290 299 300 339 352 354 358 360 367 368 371 
33 46 61 70 74 78 81 86 94 134 138 140 144 150 171 172 177 183 188 194 198 208 217 235 241 267 277 283 292 294 302 303 322 324 325 333 351 364 372 374 
12 27 28 37 43 63 75 82 99 104 105 106 111 126 131 143 170 176 218 220 221 231 248 250 269 270 274 291 297 310 318 321 326 334 355 370 376 378 386 
2 11 23 32 47 48 59 60 62 100 101 110 113 122 124 130 132 142 148 157 158 209 224 245 251 254 265 276 293 307 311 327 329 332 344 345 350 362 363 385 396 
6 7 35 36 49 58 64 68 72 76 98 107 118 119 123 136 151 154 160 184 191 196 206 213 230 253 271 279 288 298 316 320 323 341 342 346 379 391 397 
34 51 54 67 77 88 90 102 121 127 155 161 162 165 178 199 211 214 232 236 237 238 244 252 256 258 263 284 286 289 309 313 347 357 375 383 400 
[SAVELOGS] evolution saved to results/logs/aco_logs/evolution/rd400_10_2.txt
[SAVELOGS] best cost saved to results/logs/aco_logs/objectives/rd400_10_2.txt
[SAVELOGS] best solution saved to results/logs/aco_logs/solutions/rd400_10_2.txt
