[ITER 1] New best cost=746520.23 (feasible=YES, time 0.0731047s)
[ITER 2] New best cost=718967.56 (feasible=YES, time 0.132752s)
[ITER 7] New best cost=710023.24 (feasible=YES, time 0.33056s)
[ITER 10] bestGlobalCost=710023.24 (feasible=YES) bestThisIter=710023.24 feasibleAnts=12 noImprove=3 (elapsed 0.424864s)
[ITER 15] New best cost=701163.14 (feasible=YES, time 2.52379s)
[ITER 20] New best cost=700526.05 (feasible=YES, time 2.61432s)
[ITER 20] bestGlobalCost=700526.05 (feasible=YES) bestThisIter=700526.05 feasibleAnts=15 noImprove=0 (elapsed 2.61794s)
[ITER 30] bestGlobalCost=700526.05 (feasible=YES) bestThisIter=700526.05 feasibleAnts=11 noImprove=10 (elapsed 4.67999s)
[ITER 40] bestGlobalCost=700526.05 (feasible=YES) bestThisIter=700526.05 feasibleAnts=9 noImprove=20 (elapsed 4.90946s)
[ITER 50] bestGlobalCost=700526.05 (feasible=YES) bestThisIter=700526.05 feasibleAnts=10 noImprove=30 (elapsed 7.22501s)
[RESET] no improvement for30-> reset pheromones
[ITER 60] bestGlobalCost=700526.05 (feasible=YES) bestThisIter=700526.05 feasibleAnts=10 noImprove=10 (elapsed 9.89s)
[ITER 70] bestGlobalCost=700526.05 (feasible=YES) bestThisIter=700526.05 feasibleAnts=10 noImprove=20 (elapsed 10.1594s)
[ITER 80] bestGlobalCost=700526.05 (feasible=YES) bestThisIter=700526.05 feasibleAnts=10 noImprove=30 (elapsed 12.1862s)
[RESET] no improvement for30-> reset pheromones
[ITER 90] bestGlobalCost=700526.05 (feasible=YES) bestThisIter=722077.30 feasibleAnts=10 noImprove=10 (elapsed 14.4872s)
[ITER 100] bestGlobalCost=700526.05 (feasible=YES) bestThisIter=700526.05 feasibleAnts=11 noImprove=20 (elapsed 14.8652s)
[ITER 110] bestGlobalCost=700526.05 (feasible=YES) bestThisIter=700526.05 feasibleAnts=10 noImprove=30 (elapsed 17.321s)
[RESET] no improvement for30-> reset pheromones
[ITER 120] bestGlobalCost=700526.05 (feasible=YES) bestThisIter=701991.74 feasibleAnts=10 noImprove=10 (elapsed 19.5398s)
[ITER 130] bestGlobalCost=700526.05 (feasible=YES) bestThisIter=700526.05 feasibleAnts=10 noImprove=20 (elapsed 19.8229s)
[ITER 140] bestGlobalCost=700526.05 (feasible=YES) bestThisIter=700526.05 feasibleAnts=10 noImprove=30 (elapsed 21.8534s)
[RESET] no improvement for30-> reset pheromones
[ITER 150] bestGlobalCost=700526.05 (feasible=YES) bestThisIter=702863.49 feasibleAnts=10 noImprove=10 (elapsed 23.9904s)
[ITER 160] bestGlobalCost=700526.05 (feasible=YES) bestThisIter=700526.05 feasibleAnts=10 noImprove=20 (elapsed 24.2609s)
[ITER 170] bestGlobalCost=700526.05 (feasible=YES) bestThisIter=700526.05 feasibleAnts=10 noImprove=30 (elapsed 26.4007s)
[RESET] no improvement for30-> reset pheromones
[ITER 180] bestGlobalCost=700526.05 (feasible=YES) bestThisIter=702863.49 feasibleAnts=10 noImprove=10 (elapsed 29.0043s)
[ITER 190] bestGlobalCost=700526.05 (feasible=YES) bestThisIter=700526.05 feasibleAnts=9 noImprove=20 (elapsed 29.3845s)
[ITER 200] bestGlobalCost=700526.05 (feasible=YES) bestThisIter=700526.05 feasibleAnts=10 noImprove=30 (elapsed 31.4419s)
[RESET] no improvement for30-> reset pheromones
[ITER 210] bestGlobalCost=700526.05 (feasible=YES) bestThisIter=712905.13 feasibleAnts=10 noImprove=10 (elapsed 33.6874s)
[ITER 220] bestGlobalCost=700526.05 (feasible=YES) bestThisIter=700526.05 feasibleAnts=10 noImprove=20 (elapsed 34.06s)
[ITER 230] bestGlobalCost=700526.05 (feasible=YES) bestThisIter=700526.05 feasibleAnts=10 noImprove=30 (elapsed 36.5695s)
[RESET] no improvement for30-> reset pheromones
[ITER 240] bestGlobalCost=700526.05 (feasible=YES) bestThisIter=702863.49 feasibleAnts=10 noImprove=10 (elapsed 38.9375s)
[ITER 250] bestGlobalCost=700526.05 (feasible=YES) bestThisIter=700526.05 feasibleAnts=10 noImprove=20 (elapsed 39.1932s)
[ITER 260] bestGlobalCost=700526.05 (feasible=YES) bestThisIter=700526.05 feasibleAnts=10 noImprove=30 (elapsed 41.2703s)
[RESET] no improvement for30-> reset pheromones
[ITER 270] bestGlobalCost=700526.05 (feasible=YES) bestThisIter=710518.82 feasibleAnts=10 noImprove=10 (elapsed 43.893s)
[ITER 280] bestGlobalCost=700526.05 (feasible=YES) bestThisIter=700526.05 feasibleAnts=10 noImprove=20 (elapsed 44.2379s)
[ITER 290] bestGlobalCost=700526.05 (feasible=YES) bestThisIter=700526.05 feasibleAnts=10 noImprove=30 (elapsed 46.5559s)
[RESET] no improvement for30-> reset pheromones
[ITER 300] bestGlobalCost=700526.05 (feasible=YES) bestThisIter=700526.05 feasibleAnts=10 noImprove=10 (elapsed 48.719s)
[ITER 310] bestGlobalCost=700526.05 (feasible=YES) bestThisIter=700526.05 feasibleAnts=10 noImprove=20 (elapsed 49.0267s)
[ITER 320] bestGlobalCost=700526.05 (feasible=YES) bestThisIter=700526.05 feasibleAnts=10 noImprove=30 (elapsed 51.3354s)
[RESET] no improvement for30-> reset pheromones
[ITER 330] bestGlobalCost=700526.05 (feasible=YES) bestThisIter=700526.05 feasibleAnts=10 noImprove=10 (elapsed 53.9516s)
[ITER 340] bestGlobalCost=700526.05 (feasible=YES) bestThisIter=700526.05 feasibleAnts=10 noImprove=20 (elapsed 54.2447s)
[ITER 350] bestGlobalCost=700526.05 (feasible=YES) bestThisIter=700526.05 feasibleAnts=9 noImprove=30 (elapsed 56.337s)
[RESET] no improvement for30-> reset pheromones
[ITER 360] bestGlobalCost=700526.05 (feasible=YES) bestThisIter=701163.14 feasibleAnts=10 noImprove=10 (elapsed 58.7287s)
[ITER 370] bestGlobalCost=700526.05 (feasible=YES) bestThisIter=700526.05 feasibleAnts=10 noImprove=20 (elapsed 59.0754s)
7 9 12 25 27 32 34 35 37 43 46 47 54 57 58 61 65 71 72 88 94 
4 6 15 31 33 48 50 51 52 60 63 64 66 74 82 83 84 87 89 
1 3 8 10 11 28 29 49 59 73 76 85 90 91 93 95 97 98 99 
2 13 14 16 17 18 19 22 23 24 36 41 42 44 45 55 77 78 92 96 
5 20 21 26 30 38 39 40 53 56 62 67 68 69 70 75 79 80 81 86 100 
[SAVELOGS] evolution saved to results/logs/kroB100_05_4/evolution/kroB100_05_4
[SAVELOGS] best cost saved to results/logs/kroB100_05_4/objectives/kroB100_05_4
[SAVELOGS] best solution saved to results/logs/kroB100_05_4/solutions/kroB100_05_4
