[ITER 1] New best cost=732499.58 (feasible=YES, time 0.044172s)
[ITER 2] New best cost=731382.53 (feasible=YES, time 0.0781458s)
[ITER 3] New best cost=715769.33 (feasible=YES, time 0.126666s)
[ITER 10] bestGlobalCost=715769.33 (feasible=YES) bestThisIter=720379.70 feasibleAnts=10 noImprove=7 (elapsed 0.411114s)
[ITER 14] New best cost=712345.45 (feasible=YES, time 0.541539s)
[ITER 15] New best cost=706260.39 (feasible=YES, time 1.24533s)
[ITER 20] New best cost=702863.49 (feasible=YES, time 2.47506s)
[ITER 20] bestGlobalCost=702863.49 (feasible=YES) bestThisIter=702863.49 feasibleAnts=15 noImprove=0 (elapsed 2.4781s)
[ITER 23] New best cost=701163.14 (feasible=YES, time 2.57855s)
[ITER 26] New best cost=700526.05 (feasible=YES, time 2.6699s)
[ITER 30] bestGlobalCost=700526.05 (feasible=YES) bestThisIter=700526.05 feasibleAnts=16 noImprove=4 (elapsed 4.65467s)
[ITER 40] bestGlobalCost=700526.05 (feasible=YES) bestThisIter=700526.05 feasibleAnts=9 noImprove=14 (elapsed 4.97468s)
[ITER 50] bestGlobalCost=700526.05 (feasible=YES) bestThisIter=700526.05 feasibleAnts=10 noImprove=24 (elapsed 7.37658s)
[RESET] no improvement for30-> reset pheromones
[ITER 60] bestGlobalCost=700526.05 (feasible=YES) bestThisIter=718684.92 feasibleAnts=10 noImprove=4 (elapsed 9.54431s)
[ITER 70] bestGlobalCost=700526.05 (feasible=YES) bestThisIter=700526.05 feasibleAnts=11 noImprove=14 (elapsed 9.90657s)
[ITER 80] bestGlobalCost=700526.05 (feasible=YES) bestThisIter=700526.05 feasibleAnts=9 noImprove=24 (elapsed 12.0175s)
[RESET] no improvement for30-> reset pheromones
[ITER 90] bestGlobalCost=700526.05 (feasible=YES) bestThisIter=719266.68 feasibleAnts=10 noImprove=4 (elapsed 14.4849s)
[ITER 100] bestGlobalCost=700526.05 (feasible=YES) bestThisIter=700526.05 feasibleAnts=10 noImprove=14 (elapsed 14.9002s)
[ITER 110] bestGlobalCost=700526.05 (feasible=YES) bestThisIter=700526.05 feasibleAnts=9 noImprove=24 (elapsed 17.0557s)
[RESET] no improvement for30-> reset pheromones
[ITER 120] bestGlobalCost=700526.05 (feasible=YES) bestThisIter=718197.86 feasibleAnts=10 noImprove=4 (elapsed 19.1308s)
[ITER 130] bestGlobalCost=700526.05 (feasible=YES) bestThisIter=700526.05 feasibleAnts=10 noImprove=14 (elapsed 19.5009s)
[ITER 140] bestGlobalCost=700526.05 (feasible=YES) bestThisIter=700526.05 feasibleAnts=10 noImprove=24 (elapsed 21.9246s)
[RESET] no improvement for30-> reset pheromones
[ITER 150] bestGlobalCost=700526.05 (feasible=YES) bestThisIter=701163.14 feasibleAnts=10 noImprove=4 (elapsed 24.3209s)
[ITER 160] bestGlobalCost=700526.05 (feasible=YES) bestThisIter=700526.05 feasibleAnts=11 noImprove=14 (elapsed 24.6989s)
[ITER 170] bestGlobalCost=700526.05 (feasible=YES) bestThisIter=700526.05 feasibleAnts=11 noImprove=24 (elapsed 26.7588s)
[RESET] no improvement for30-> reset pheromones
[ITER 180] bestGlobalCost=700526.05 (feasible=YES) bestThisIter=701991.74 feasibleAnts=10 noImprove=4 (elapsed 29.0894s)
[ITER 190] bestGlobalCost=700526.05 (feasible=YES) bestThisIter=700526.05 feasibleAnts=10 noImprove=14 (elapsed 29.507s)
[ITER 200] bestGlobalCost=700526.05 (feasible=YES) bestThisIter=700526.05 feasibleAnts=10 noImprove=24 (elapsed 31.969s)
[RESET] no improvement for30-> reset pheromones
[ITER 210] bestGlobalCost=700526.05 (feasible=YES) bestThisIter=700526.05 feasibleAnts=10 noImprove=4 (elapsed 34.0418s)
[ITER 220] bestGlobalCost=700526.05 (feasible=YES) bestThisIter=700526.05 feasibleAnts=10 noImprove=14 (elapsed 34.4045s)
[ITER 230] bestGlobalCost=700526.05 (feasible=YES) bestThisIter=700526.05 feasibleAnts=10 noImprove=24 (elapsed 36.6128s)
[RESET] no improvement for30-> reset pheromones
[ITER 240] bestGlobalCost=700526.05 (feasible=YES) bestThisIter=722876.64 feasibleAnts=10 noImprove=4 (elapsed 39.145s)
[ITER 250] bestGlobalCost=700526.05 (feasible=YES) bestThisIter=700526.05 feasibleAnts=10 noImprove=14 (elapsed 39.6445s)
[ITER 260] bestGlobalCost=700526.05 (feasible=YES) bestThisIter=700526.05 feasibleAnts=10 noImprove=24 (elapsed 41.6741s)
[RESET] no improvement for30-> reset pheromones
[ITER 270] bestGlobalCost=700526.05 (feasible=YES) bestThisIter=711257.91 feasibleAnts=10 noImprove=4 (elapsed 43.7565s)
[ITER 280] bestGlobalCost=700526.05 (feasible=YES) bestThisIter=700526.05 feasibleAnts=11 noImprove=14 (elapsed 44.1889s)
[ITER 290] bestGlobalCost=700526.05 (feasible=YES) bestThisIter=700526.05 feasibleAnts=10 noImprove=24 (elapsed 46.5824s)
[RESET] no improvement for30-> reset pheromones
[ITER 300] bestGlobalCost=700526.05 (feasible=YES) bestThisIter=716039.68 feasibleAnts=10 noImprove=4 (elapsed 48.8589s)
[ITER 310] bestGlobalCost=700526.05 (feasible=YES) bestThisIter=700526.05 feasibleAnts=10 noImprove=14 (elapsed 49.1999s)
[ITER 320] bestGlobalCost=700526.05 (feasible=YES) bestThisIter=701163.14 feasibleAnts=10 noImprove=24 (elapsed 51.255s)
[RESET] no improvement for30-> reset pheromones
[ITER 330] bestGlobalCost=700526.05 (feasible=YES) bestThisIter=714250.30 feasibleAnts=10 noImprove=4 (elapsed 53.7028s)
[ITER 340] bestGlobalCost=700526.05 (feasible=YES) bestThisIter=700526.05 feasibleAnts=10 noImprove=14 (elapsed 54.1376s)
[ITER 350] bestGlobalCost=700526.05 (feasible=YES) bestThisIter=700526.05 feasibleAnts=11 noImprove=24 (elapsed 56.4503s)
[RESET] no improvement for30-> reset pheromones
[ITER 360] bestGlobalCost=700526.05 (feasible=YES) bestThisIter=704213.30 feasibleAnts=10 noImprove=4 (elapsed 58.5186s)
[ITER 370] bestGlobalCost=700526.05 (feasible=YES) bestThisIter=700526.05 feasibleAnts=10 noImprove=14 (elapsed 58.9654s)
4 6 15 31 33 48 50 51 52 60 63 64 66 74 82 83 84 87 89 
7 9 12 25 27 32 34 35 37 43 46 47 54 57 58 61 65 71 72 88 94 
2 13 14 16 17 18 19 22 23 24 36 41 42 44 45 55 77 78 92 96 
5 20 21 26 30 38 39 40 53 56 62 67 68 69 70 75 79 80 81 86 100 
1 3 8 10 11 28 29 49 59 73 76 85 90 91 93 95 97 98 99 
[SAVELOGS] evolution saved to results/logs/kroB100_05_4/evolution/kroB100_05_4
[SAVELOGS] best cost saved to results/logs/kroB100_05_4/objectives/kroB100_05_4
[SAVELOGS] best solution saved to results/logs/kroB100_05_4/solutions/kroB100_05_4
