[ITER 1] New best cost=976925.60 (feasible=YES, time 0.20989s)
[ITER 2] New best cost=943311.66 (feasible=YES, time 0.408419s)
[ITER 5] New best cost=928965.80 (feasible=YES, time 0.916556s)
[ITER 10] bestGlobalCost=928965.80 (feasible=YES) bestThisIter=957107.26 feasibleAnts=8 noImprove=5 (elapsed 1.68963s)
[ITER 12] New best cost=923236.54 (feasible=YES, time 2.00282s)
[ITER 15] New best cost=917012.26 (feasible=YES, time 3.37367s)
[ITER 20] bestGlobalCost=917012.26 (feasible=YES) bestThisIter=917012.26 feasibleAnts=11 noImprove=5 (elapsed 8.45983s)
[ITER 21] New best cost=915606.25 (feasible=YES, time 8.57805s)
[ITER 24] New best cost=912744.99 (feasible=YES, time 8.8765s)
[ITER 26] New best cost=911312.47 (feasible=YES, time 9.01181s)
[ITER 30] bestGlobalCost=911312.47 (feasible=YES) bestThisIter=911312.47 feasibleAnts=10 noImprove=4 (elapsed 15.0122s)
[ITER 40] bestGlobalCost=911312.47 (feasible=YES) bestThisIter=948497.88 feasibleAnts=10 noImprove=14 (elapsed 16.2594s)
[ITER 50] bestGlobalCost=911312.47 (feasible=YES) bestThisIter=951649.13 feasibleAnts=10 noImprove=24 (elapsed 23.6566s)
[RESET] no improvement for30-> reset pheromones
[ITER 60] New best cost=900225.82 (feasible=YES, time 28.7198s)
[ITER 60] bestGlobalCost=900225.82 (feasible=YES) bestThisIter=956955.44 feasibleAnts=10 noImprove=0 (elapsed 31.0678s)
[ITER 70] bestGlobalCost=900225.82 (feasible=YES) bestThisIter=910364.71 feasibleAnts=10 noImprove=10 (elapsed 32.6859s)
[ITER 80] bestGlobalCost=900225.82 (feasible=YES) bestThisIter=948718.82 feasibleAnts=10 noImprove=20 (elapsed 40.0099s)
[ITER 90] bestGlobalCost=900225.82 (feasible=YES) bestThisIter=932959.81 feasibleAnts=10 noImprove=30 (elapsed 47.5197s)
[RESET] no improvement for30-> reset pheromones
[ITER 100] bestGlobalCost=900225.82 (feasible=YES) bestThisIter=955102.29 feasibleAnts=10 noImprove=10 (elapsed 49.6866s)
[ITER 110] bestGlobalCost=900225.82 (feasible=YES) bestThisIter=1015156.11 feasibleAnts=10 noImprove=20 (elapsed 57.2237s)
[ITER 120] bestGlobalCost=900225.82 (feasible=YES) bestThisIter=974143.98 feasibleAnts=10 noImprove=30 (elapsed 64.9915s)
[RESET] no improvement for30-> reset pheromones
13 61 65 89 92 99 104 125 
4 8 17 18 19 21 22 23 72 77 
5 52 55 56 66 113 121 124 
46 47 48 49 53 94 107 111 112 
32 78 82 83 101 102 126 
63 84 85 86 87 88 96 109 119 
6 9 12 15 20 105 108 114 
14 26 27 76 79 80 81 117 
58 59 60 62 64 90 91 116 
30 31 34 38 39 40 42 43 
1 2 16 35 36 37 41 50 51 
3 7 10 11 24 100 106 115 120 
25 28 29 33 97 98 122 123 
44 45 54 57 93 95 103 118 127 
67 68 69 70 71 73 74 75 110 
[SAVELOGS] evolution saved to results/logs/bier127_15_4/evolution/bier127_15_4
[SAVELOGS] best cost saved to results/logs/bier127_15_4/objectives/bier127_15_4
[SAVELOGS] best solution saved to results/logs/bier127_15_4/solutions/bier127_15_4
