[ITER 1] New best cost=411045.79 (feasible=YES, time 0.930565s)
[ITER 7] New best cost=410961.56 (feasible=YES, time 1.16818s)
[ITER 10] bestGlobalCost=410961.56 (feasible=YES) bestThisIter=411045.79 feasibleAnts=14 noImprove=3 (elapsed 1.28275s)
[ITER 20] bestGlobalCost=410961.56 (feasible=YES) bestThisIter=411346.99 feasibleAnts=16 noImprove=13 (elapsed 2.6035s)
[ITER 30] bestGlobalCost=410961.56 (feasible=YES) bestThisIter=411212.80 feasibleAnts=15 noImprove=23 (elapsed 3.87712s)
[ITER 40] bestGlobalCost=410961.56 (feasible=YES) bestThisIter=411045.79 feasibleAnts=14 noImprove=33 (elapsed 5.16296s)
[ITER 50] bestGlobalCost=410961.56 (feasible=YES) bestThisIter=411074.15 feasibleAnts=15 noImprove=43 (elapsed 6.44771s)
[RESET] no improvement for50-> reset pheromones
[ITER 60] bestGlobalCost=410961.56 (feasible=YES) bestThisIter=411212.80 feasibleAnts=16 noImprove=3 (elapsed 7.75312s)
[ITER 70] bestGlobalCost=410961.56 (feasible=YES) bestThisIter=411673.93 feasibleAnts=15 noImprove=13 (elapsed 9.01728s)
[ITER 80] bestGlobalCost=410961.56 (feasible=YES) bestThisIter=411045.79 feasibleAnts=15 noImprove=23 (elapsed 10.2843s)
[ITER 90] bestGlobalCost=410961.56 (feasible=YES) bestThisIter=412446.45 feasibleAnts=14 noImprove=33 (elapsed 11.5616s)
[ITER 100] bestGlobalCost=410961.56 (feasible=YES) bestThisIter=412413.74 feasibleAnts=15 noImprove=43 (elapsed 12.8602s)
[RESET] no improvement for50-> reset pheromones
[ITER 110] bestGlobalCost=410961.56 (feasible=YES) bestThisIter=412454.21 feasibleAnts=17 noImprove=3 (elapsed 14.201s)
[ITER 120] bestGlobalCost=410961.56 (feasible=YES) bestThisIter=412495.25 feasibleAnts=15 noImprove=13 (elapsed 15.4819s)
[ITER 130] bestGlobalCost=410961.56 (feasible=YES) bestThisIter=412128.11 feasibleAnts=15 noImprove=23 (elapsed 16.7712s)
[ITER 140] bestGlobalCost=410961.56 (feasible=YES) bestThisIter=411045.79 feasibleAnts=14 noImprove=33 (elapsed 18.0579s)
[ITER 150] bestGlobalCost=410961.56 (feasible=YES) bestThisIter=411707.31 feasibleAnts=14 noImprove=43 (elapsed 19.3279s)
[RESET] no improvement for50-> reset pheromones
[ITER 160] bestGlobalCost=410961.56 (feasible=YES) bestThisIter=411346.99 feasibleAnts=16 noImprove=3 (elapsed 20.7005s)
[ITER 170] bestGlobalCost=410961.56 (feasible=YES) bestThisIter=411582.99 feasibleAnts=14 noImprove=13 (elapsed 21.962s)
[ITER 180] bestGlobalCost=410961.56 (feasible=YES) bestThisIter=412055.58 feasibleAnts=15 noImprove=23 (elapsed 23.2499s)
[ITER 190] bestGlobalCost=410961.56 (feasible=YES) bestThisIter=412297.37 feasibleAnts=15 noImprove=33 (elapsed 24.5342s)
[ITER 200] bestGlobalCost=410961.56 (feasible=YES) bestThisIter=411045.79 feasibleAnts=15 noImprove=43 (elapsed 25.8228s)
[RESET] no improvement for50-> reset pheromones
[ITER 210] bestGlobalCost=410961.56 (feasible=YES) bestThisIter=411045.79 feasibleAnts=15 noImprove=3 (elapsed 27.1209s)
[ITER 220] bestGlobalCost=410961.56 (feasible=YES) bestThisIter=412249.99 feasibleAnts=15 noImprove=13 (elapsed 28.4158s)
[ITER 230] bestGlobalCost=410961.56 (feasible=YES) bestThisIter=412069.99 feasibleAnts=15 noImprove=23 (elapsed 29.6908s)
[ITER 240] bestGlobalCost=410961.56 (feasible=YES) bestThisIter=411045.79 feasibleAnts=15 noImprove=33 (elapsed 30.9876s)
[ITER 250] bestGlobalCost=410961.56 (feasible=YES) bestThisIter=411707.31 feasibleAnts=15 noImprove=43 (elapsed 32.2765s)
[RESET] no improvement for50-> reset pheromones
[ITER 260] bestGlobalCost=410961.56 (feasible=YES) bestThisIter=411582.99 feasibleAnts=15 noImprove=3 (elapsed 33.5884s)
[ITER 270] bestGlobalCost=410961.56 (feasible=YES) bestThisIter=412171.95 feasibleAnts=16 noImprove=13 (elapsed 34.8588s)
[ITER 280] bestGlobalCost=410961.56 (feasible=YES) bestThisIter=411582.99 feasibleAnts=15 noImprove=23 (elapsed 36.1272s)
[ITER 290] bestGlobalCost=410961.56 (feasible=YES) bestThisIter=411582.99 feasibleAnts=14 noImprove=33 (elapsed 37.4051s)
[ITER 300] bestGlobalCost=410961.56 (feasible=YES) bestThisIter=411427.09 feasibleAnts=14 noImprove=43 (elapsed 38.6996s)
[RESET] no improvement for50-> reset pheromones
[ITER 310] bestGlobalCost=410961.56 (feasible=YES) bestThisIter=411258.71 feasibleAnts=14 noImprove=3 (elapsed 39.9965s)
[ITER 320] bestGlobalCost=410961.56 (feasible=YES) bestThisIter=411837.44 feasibleAnts=16 noImprove=13 (elapsed 41.2713s)
[ITER 330] bestGlobalCost=410961.56 (feasible=YES) bestThisIter=411045.79 feasibleAnts=15 noImprove=23 (elapsed 42.5648s)
[ITER 340] bestGlobalCost=410961.56 (feasible=YES) bestThisIter=411045.79 feasibleAnts=15 noImprove=33 (elapsed 43.8645s)
[ITER 350] bestGlobalCost=410961.56 (feasible=YES) bestThisIter=411045.79 feasibleAnts=16 noImprove=43 (elapsed 45.2111s)
[RESET] no improvement for50-> reset pheromones
[ITER 360] bestGlobalCost=410961.56 (feasible=YES) bestThisIter=411045.79 feasibleAnts=15 noImprove=3 (elapsed 46.5123s)
[ITER 370] bestGlobalCost=410961.56 (feasible=YES) bestThisIter=411582.99 feasibleAnts=15 noImprove=13 (elapsed 47.7896s)
[ITER 380] bestGlobalCost=410961.56 (feasible=YES) bestThisIter=412110.83 feasibleAnts=15 noImprove=23 (elapsed 49.0858s)
[ITER 390] bestGlobalCost=410961.56 (feasible=YES) bestThisIter=411707.31 feasibleAnts=14 noImprove=33 (elapsed 50.3997s)
[ITER 400] bestGlobalCost=410961.56 (feasible=YES) bestThisIter=411673.93 feasibleAnts=15 noImprove=43 (elapsed 51.6948s)
[RESET] no improvement for50-> reset pheromones
[ITER 410] bestGlobalCost=410961.56 (feasible=YES) bestThisIter=411743.55 feasibleAnts=14 noImprove=3 (elapsed 53.0041s)
[ITER 420] bestGlobalCost=410961.56 (feasible=YES) bestThisIter=411045.79 feasibleAnts=14 noImprove=13 (elapsed 54.3208s)
[ITER 430] bestGlobalCost=410961.56 (feasible=YES) bestThisIter=411582.99 feasibleAnts=15 noImprove=23 (elapsed 55.5871s)
[ITER 440] bestGlobalCost=410961.56 (feasible=YES) bestThisIter=412107.11 feasibleAnts=15 noImprove=33 (elapsed 56.8555s)
[ITER 450] bestGlobalCost=410961.56 (feasible=YES) bestThisIter=411045.79 feasibleAnts=15 noImprove=43 (elapsed 58.1566s)
[RESET] no improvement for50-> reset pheromones
[ITER 460] bestGlobalCost=410961.56 (feasible=YES) bestThisIter=411045.79 feasibleAnts=15 noImprove=3 (elapsed 59.4663s)
[ITER 470] bestGlobalCost=410961.56 (feasible=YES) bestThisIter=411262.71 feasibleAnts=15 noImprove=13 (elapsed 60.7491s)
[ITER 480] bestGlobalCost=410961.56 (feasible=YES) bestThisIter=411673.93 feasibleAnts=15 noImprove=23 (elapsed 62.0313s)
[ITER 490] bestGlobalCost=410961.56 (feasible=YES) bestThisIter=411699.64 feasibleAnts=15 noImprove=33 (elapsed 63.3143s)
[ITER 500] bestGlobalCost=410961.56 (feasible=YES) bestThisIter=411045.79 feasibleAnts=15 noImprove=43 (elapsed 64.6251s)
[RESET] no improvement for50-> reset pheromones
[ITER 510] bestGlobalCost=410961.56 (feasible=YES) bestThisIter=411045.79 feasibleAnts=15 noImprove=3 (elapsed 65.9368s)
[ITER 520] bestGlobalCost=410961.56 (feasible=YES) bestThisIter=411582.99 feasibleAnts=15 noImprove=13 (elapsed 67.217s)
[ITER 530] bestGlobalCost=410961.56 (feasible=YES) bestThisIter=411045.79 feasibleAnts=16 noImprove=23 (elapsed 68.5318s)
[ITER 540] bestGlobalCost=410961.56 (feasible=YES) bestThisIter=411515.73 feasibleAnts=16 noImprove=33 (elapsed 69.8143s)
[ITER 550] bestGlobalCost=410961.56 (feasible=YES) bestThisIter=411045.79 feasibleAnts=15 noImprove=43 (elapsed 71.1141s)
[RESET] no improvement for50-> reset pheromones
[ITER 560] bestGlobalCost=410961.56 (feasible=YES) bestThisIter=411045.79 feasibleAnts=15 noImprove=3 (elapsed 72.422s)
[ITER 570] bestGlobalCost=410961.56 (feasible=YES) bestThisIter=411045.79 feasibleAnts=15 noImprove=13 (elapsed 73.6925s)
[ITER 580] bestGlobalCost=410961.56 (feasible=YES) bestThisIter=411707.31 feasibleAnts=16 noImprove=23 (elapsed 75.0162s)
[ITER 590] bestGlobalCost=410961.56 (feasible=YES) bestThisIter=411045.79 feasibleAnts=15 noImprove=33 (elapsed 76.288s)
[ITER 600] bestGlobalCost=410961.56 (feasible=YES) bestThisIter=411582.99 feasibleAnts=15 noImprove=43 (elapsed 77.5481s)
[RESET] no improvement for50-> reset pheromones
[ITER 610] bestGlobalCost=410961.56 (feasible=YES) bestThisIter=411707.31 feasibleAnts=15 noImprove=3 (elapsed 78.8489s)
[ITER 620] bestGlobalCost=410961.56 (feasible=YES) bestThisIter=411582.99 feasibleAnts=15 noImprove=13 (elapsed 80.1352s)
[ITER 630] bestGlobalCost=410961.56 (feasible=YES) bestThisIter=411212.80 feasibleAnts=15 noImprove=23 (elapsed 81.4525s)
[ITER 640] bestGlobalCost=410961.56 (feasible=YES) bestThisIter=411582.99 feasibleAnts=14 noImprove=33 (elapsed 82.7233s)
[ITER 650] bestGlobalCost=410961.56 (feasible=YES) bestThisIter=411045.79 feasibleAnts=15 noImprove=43 (elapsed 84.0141s)
[RESET] no improvement for50-> reset pheromones
[ITER 660] bestGlobalCost=410961.56 (feasible=YES) bestThisIter=411045.79 feasibleAnts=15 noImprove=3 (elapsed 85.3241s)
[ITER 670] bestGlobalCost=410961.56 (feasible=YES) bestThisIter=411673.93 feasibleAnts=12 noImprove=13 (elapsed 86.6129s)
[ITER 680] bestGlobalCost=410961.56 (feasible=YES) bestThisIter=412766.29 feasibleAnts=15 noImprove=23 (elapsed 87.8963s)
[ITER 690] bestGlobalCost=410961.56 (feasible=YES) bestThisIter=412297.37 feasibleAnts=15 noImprove=33 (elapsed 89.1685s)
[ITER 700] bestGlobalCost=410961.56 (feasible=YES) bestThisIter=411045.79 feasibleAnts=14 noImprove=43 (elapsed 90.4513s)
[RESET] no improvement for50-> reset pheromones
[ITER 710] bestGlobalCost=410961.56 (feasible=YES) bestThisIter=411045.79 feasibleAnts=14 noImprove=3 (elapsed 91.7856s)
[ITER 720] bestGlobalCost=410961.56 (feasible=YES) bestThisIter=414197.74 feasibleAnts=17 noImprove=13 (elapsed 93.123s)
[ITER 730] bestGlobalCost=410961.56 (feasible=YES) bestThisIter=411673.93 feasibleAnts=15 noImprove=23 (elapsed 94.4237s)
[ITER 740] bestGlobalCost=410961.56 (feasible=YES) bestThisIter=411531.22 feasibleAnts=13 noImprove=33 (elapsed 95.6974s)
[ITER 750] bestGlobalCost=410961.56 (feasible=YES) bestThisIter=411045.79 feasibleAnts=15 noImprove=43 (elapsed 96.9729s)
[RESET] no improvement for50-> reset pheromones
[ITER 760] bestGlobalCost=410961.56 (feasible=YES) bestThisIter=411941.23 feasibleAnts=15 noImprove=3 (elapsed 98.2728s)
[ITER 770] bestGlobalCost=410961.56 (feasible=YES) bestThisIter=411045.79 feasibleAnts=14 noImprove=13 (elapsed 99.5442s)
[ITER 780] bestGlobalCost=410961.56 (feasible=YES) bestThisIter=411045.79 feasibleAnts=13 noImprove=23 (elapsed 101.022s)
[ITER 790] bestGlobalCost=410961.56 (feasible=YES) bestThisIter=411718.36 feasibleAnts=15 noImprove=33 (elapsed 102.336s)
[ITER 800] bestGlobalCost=410961.56 (feasible=YES) bestThisIter=411582.99 feasibleAnts=15 noImprove=43 (elapsed 103.626s)
[RESET] no improvement for50-> reset pheromones
[ITER 810] bestGlobalCost=410961.56 (feasible=YES) bestThisIter=411045.79 feasibleAnts=16 noImprove=3 (elapsed 104.952s)
[ITER 820] bestGlobalCost=410961.56 (feasible=YES) bestThisIter=411045.79 feasibleAnts=15 noImprove=13 (elapsed 106.232s)
[ITER 830] bestGlobalCost=410961.56 (feasible=YES) bestThisIter=411718.36 feasibleAnts=16 noImprove=23 (elapsed 107.507s)
[ITER 840] bestGlobalCost=410961.56 (feasible=YES) bestThisIter=411045.79 feasibleAnts=15 noImprove=33 (elapsed 108.784s)
[ITER 850] bestGlobalCost=410961.56 (feasible=YES) bestThisIter=411045.79 feasibleAnts=15 noImprove=43 (elapsed 110.082s)
[RESET] no improvement for50-> reset pheromones
[ITER 860] bestGlobalCost=410961.56 (feasible=YES) bestThisIter=411065.79 feasibleAnts=13 noImprove=3 (elapsed 111.399s)
[ITER 870] bestGlobalCost=410961.56 (feasible=YES) bestThisIter=411045.79 feasibleAnts=14 noImprove=13 (elapsed 112.674s)
[ITER 880] bestGlobalCost=410961.56 (feasible=YES) bestThisIter=411904.80 feasibleAnts=15 noImprove=23 (elapsed 113.981s)
[ITER 890] bestGlobalCost=410961.56 (feasible=YES) bestThisIter=411074.15 feasibleAnts=15 noImprove=33 (elapsed 115.268s)
[ITER 900] bestGlobalCost=410961.56 (feasible=YES) bestThisIter=411045.79 feasibleAnts=15 noImprove=43 (elapsed 116.582s)
[RESET] no improvement for50-> reset pheromones
[ITER 910] bestGlobalCost=410961.56 (feasible=YES) bestThisIter=411045.79 feasibleAnts=14 noImprove=3 (elapsed 117.898s)
[ITER 920] bestGlobalCost=410961.56 (feasible=YES) bestThisIter=411045.79 feasibleAnts=14 noImprove=13 (elapsed 119.177s)
[ITER 930] bestGlobalCost=410961.56 (feasible=YES) bestThisIter=414226.20 feasibleAnts=16 noImprove=23 (elapsed 120.477s)
[ITER 940] bestGlobalCost=410961.56 (feasible=YES) bestThisIter=411707.31 feasibleAnts=15 noImprove=33 (elapsed 121.764s)
[ITER 950] bestGlobalCost=410961.56 (feasible=YES) bestThisIter=411485.43 feasibleAnts=15 noImprove=43 (elapsed 123.042s)
[RESET] no improvement for50-> reset pheromones
[ITER 960] bestGlobalCost=410961.56 (feasible=YES) bestThisIter=412128.11 feasibleAnts=14 noImprove=3 (elapsed 124.341s)
[ITER 970] bestGlobalCost=410961.56 (feasible=YES) bestThisIter=411045.79 feasibleAnts=14 noImprove=13 (elapsed 125.6s)
[ITER 980] bestGlobalCost=410961.56 (feasible=YES) bestThisIter=411045.79 feasibleAnts=15 noImprove=23 (elapsed 126.876s)
[ITER 990] bestGlobalCost=410961.56 (feasible=YES) bestThisIter=412096.86 feasibleAnts=14 noImprove=33 (elapsed 128.158s)
[ITER 1000] bestGlobalCost=410961.56 (feasible=YES) bestThisIter=411045.79 feasibleAnts=15 noImprove=43 (elapsed 129.435s)
[RESET] no improvement for50-> reset pheromones
[ITER 1010] bestGlobalCost=410961.56 (feasible=YES) bestThisIter=411757.38 feasibleAnts=15 noImprove=3 (elapsed 130.753s)
[ITER 1020] bestGlobalCost=410961.56 (feasible=YES) bestThisIter=411418.30 feasibleAnts=16 noImprove=13 (elapsed 132.047s)
[ITER 1030] bestGlobalCost=410961.56 (feasible=YES) bestThisIter=412848.35 feasibleAnts=15 noImprove=23 (elapsed 133.365s)
[ITER 1040] bestGlobalCost=410961.56 (feasible=YES) bestThisIter=411074.15 feasibleAnts=15 noImprove=33 (elapsed 134.661s)
[ITER 1050] bestGlobalCost=410961.56 (feasible=YES) bestThisIter=411212.80 feasibleAnts=15 noImprove=43 (elapsed 135.955s)
[RESET] no improvement for50-> reset pheromones
[ITER 1060] bestGlobalCost=410961.56 (feasible=YES) bestThisIter=411045.79 feasibleAnts=14 noImprove=3 (elapsed 137.263s)
[ITER 1070] bestGlobalCost=410961.56 (feasible=YES) bestThisIter=412340.40 feasibleAnts=15 noImprove=13 (elapsed 138.543s)
[ITER 1080] bestGlobalCost=410961.56 (feasible=YES) bestThisIter=411045.79 feasibleAnts=15 noImprove=23 (elapsed 139.832s)
[ITER 1090] bestGlobalCost=410961.56 (feasible=YES) bestThisIter=411212.80 feasibleAnts=14 noImprove=33 (elapsed 141.16s)
[ITER 1100] bestGlobalCost=410961.56 (feasible=YES) bestThisIter=411427.09 feasibleAnts=15 noImprove=43 (elapsed 142.464s)
[RESET] no improvement for50-> reset pheromones
[ITER 1110] bestGlobalCost=410961.56 (feasible=YES) bestThisIter=412589.30 feasibleAnts=15 noImprove=3 (elapsed 143.771s)
[ITER 1120] bestGlobalCost=410961.56 (feasible=YES) bestThisIter=413022.11 feasibleAnts=15 noImprove=13 (elapsed 145.054s)
[ITER 1130] bestGlobalCost=410961.56 (feasible=YES) bestThisIter=411707.31 feasibleAnts=17 noImprove=23 (elapsed 146.346s)
[ITER 1140] bestGlobalCost=410961.56 (feasible=YES) bestThisIter=412429.25 feasibleAnts=16 noImprove=33 (elapsed 147.629s)
[ITER 1150] bestGlobalCost=410961.56 (feasible=YES) bestThisIter=411045.79 feasibleAnts=15 noImprove=43 (elapsed 148.925s)
[RESET] no improvement for50-> reset pheromones
[ITER 1160] bestGlobalCost=410961.56 (feasible=YES) bestThisIter=411074.15 feasibleAnts=15 noImprove=3 (elapsed 150.224s)
[ITER 1170] bestGlobalCost=410961.56 (feasible=YES) bestThisIter=411045.79 feasibleAnts=14 noImprove=13 (elapsed 151.513s)
[ITER 1180] bestGlobalCost=410961.56 (feasible=YES) bestThisIter=411791.53 feasibleAnts=14 noImprove=23 (elapsed 152.823s)
[ITER 1190] bestGlobalCost=410961.56 (feasible=YES) bestThisIter=411045.79 feasibleAnts=15 noImprove=33 (elapsed 154.105s)
[ITER 1200] bestGlobalCost=410961.56 (feasible=YES) bestThisIter=411045.79 feasibleAnts=15 noImprove=43 (elapsed 155.394s)
[RESET] no improvement for50-> reset pheromones
[ITER 1210] bestGlobalCost=410961.56 (feasible=YES) bestThisIter=411045.79 feasibleAnts=14 noImprove=3 (elapsed 156.703s)
[ITER 1220] bestGlobalCost=410961.56 (feasible=YES) bestThisIter=411531.22 feasibleAnts=15 noImprove=13 (elapsed 157.979s)
[ITER 1230] bestGlobalCost=410961.56 (feasible=YES) bestThisIter=411427.09 feasibleAnts=15 noImprove=23 (elapsed 159.264s)
[ITER 1240] bestGlobalCost=410961.56 (feasible=YES) bestThisIter=411355.97 feasibleAnts=15 noImprove=33 (elapsed 160.543s)
[ITER 1250] bestGlobalCost=410961.56 (feasible=YES) bestThisIter=412952.39 feasibleAnts=16 noImprove=43 (elapsed 161.801s)
[RESET] no improvement for50-> reset pheromones
[ITER 1260] bestGlobalCost=410961.56 (feasible=YES) bestThisIter=411735.59 feasibleAnts=15 noImprove=3 (elapsed 163.101s)
[ITER 1270] bestGlobalCost=410961.56 (feasible=YES) bestThisIter=411582.99 feasibleAnts=14 noImprove=13 (elapsed 164.385s)
[ITER 1280] bestGlobalCost=410961.56 (feasible=YES) bestThisIter=412115.15 feasibleAnts=15 noImprove=23 (elapsed 165.659s)
[ITER 1290] bestGlobalCost=410961.56 (feasible=YES) bestThisIter=411707.31 feasibleAnts=15 noImprove=33 (elapsed 166.944s)
[ITER 1300] bestGlobalCost=410961.56 (feasible=YES) bestThisIter=411045.79 feasibleAnts=15 noImprove=43 (elapsed 168.243s)
[RESET] no improvement for50-> reset pheromones
[ITER 1310] bestGlobalCost=410961.56 (feasible=YES) bestThisIter=411262.71 feasibleAnts=14 noImprove=3 (elapsed 169.562s)
[ITER 1320] bestGlobalCost=410961.56 (feasible=YES) bestThisIter=411672.92 feasibleAnts=16 noImprove=13 (elapsed 170.837s)
[ITER 1330] bestGlobalCost=410961.56 (feasible=YES) bestThisIter=411045.79 feasibleAnts=15 noImprove=23 (elapsed 172.142s)
[ITER 1340] bestGlobalCost=410961.56 (feasible=YES) bestThisIter=411045.79 feasibleAnts=14 noImprove=33 (elapsed 173.444s)
[ITER 1350] bestGlobalCost=410961.56 (feasible=YES) bestThisIter=412077.61 feasibleAnts=15 noImprove=43 (elapsed 174.725s)
[RESET] no improvement for50-> reset pheromones
[ITER 1360] bestGlobalCost=410961.56 (feasible=YES) bestThisIter=411262.71 feasibleAnts=15 noImprove=3 (elapsed 176.011s)
[ITER 1370] bestGlobalCost=410961.56 (feasible=YES) bestThisIter=411806.94 feasibleAnts=15 noImprove=13 (elapsed 177.291s)
[ITER 1380] bestGlobalCost=410961.56 (feasible=YES) bestThisIter=411839.72 feasibleAnts=15 noImprove=23 (elapsed 178.566s)
[ITER 1390] bestGlobalCost=410961.56 (feasible=YES) bestThisIter=411673.93 feasibleAnts=15 noImprove=33 (elapsed 179.836s)
[ITER 1400] bestGlobalCost=410961.56 (feasible=YES) bestThisIter=411582.99 feasibleAnts=15 noImprove=43 (elapsed 181.139s)
[RESET] no improvement for50-> reset pheromones
[ITER 1410] bestGlobalCost=410961.56 (feasible=YES) bestThisIter=412238.09 feasibleAnts=15 noImprove=3 (elapsed 182.449s)
[ITER 1420] bestGlobalCost=410961.56 (feasible=YES) bestThisIter=411045.79 feasibleAnts=15 noImprove=13 (elapsed 183.729s)
[ITER 1430] bestGlobalCost=410961.56 (feasible=YES) bestThisIter=411045.79 feasibleAnts=15 noImprove=23 (elapsed 185.007s)
[ITER 1440] bestGlobalCost=410961.56 (feasible=YES) bestThisIter=411753.22 feasibleAnts=14 noImprove=33 (elapsed 186.277s)
[ITER 1450] bestGlobalCost=410961.56 (feasible=YES) bestThisIter=411045.79 feasibleAnts=15 noImprove=43 (elapsed 187.555s)
[RESET] no improvement for50-> reset pheromones
[ITER 1460] bestGlobalCost=410961.56 (feasible=YES) bestThisIter=412037.74 feasibleAnts=15 noImprove=3 (elapsed 188.85s)
[ITER 1470] bestGlobalCost=410961.56 (feasible=YES) bestThisIter=411673.93 feasibleAnts=15 noImprove=13 (elapsed 190.129s)
[ITER 1480] bestGlobalCost=410961.56 (feasible=YES) bestThisIter=411707.31 feasibleAnts=15 noImprove=23 (elapsed 191.426s)
[ITER 1490] bestGlobalCost=410961.56 (feasible=YES) bestThisIter=411707.31 feasibleAnts=15 noImprove=33 (elapsed 192.712s)
[ITER 1500] bestGlobalCost=410961.56 (feasible=YES) bestThisIter=411045.79 feasibleAnts=15 noImprove=43 (elapsed 194.033s)
[RESET] no improvement for50-> reset pheromones
[ITER 1510] bestGlobalCost=410961.56 (feasible=YES) bestThisIter=411946.07 feasibleAnts=16 noImprove=3 (elapsed 195.346s)
[ITER 1520] bestGlobalCost=410961.56 (feasible=YES) bestThisIter=411258.71 feasibleAnts=13 noImprove=13 (elapsed 196.632s)
[ITER 1530] bestGlobalCost=410961.56 (feasible=YES) bestThisIter=411258.71 feasibleAnts=15 noImprove=23 (elapsed 197.931s)
[ITER 1540] bestGlobalCost=410961.56 (feasible=YES) bestThisIter=411045.79 feasibleAnts=15 noImprove=33 (elapsed 199.212s)
[ITER 1550] bestGlobalCost=410961.56 (feasible=YES) bestThisIter=411045.79 feasibleAnts=14 noImprove=43 (elapsed 200.492s)
[RESET] no improvement for50-> reset pheromones
[ITER 1560] bestGlobalCost=410961.56 (feasible=YES) bestThisIter=411728.77 feasibleAnts=15 noImprove=3 (elapsed 201.855s)
[ITER 1570] bestGlobalCost=410961.56 (feasible=YES) bestThisIter=411045.79 feasibleAnts=14 noImprove=13 (elapsed 203.129s)
[ITER 1580] bestGlobalCost=410961.56 (feasible=YES) bestThisIter=411045.79 feasibleAnts=15 noImprove=23 (elapsed 204.407s)
[ITER 1590] bestGlobalCost=410961.56 (feasible=YES) bestThisIter=411960.47 feasibleAnts=15 noImprove=33 (elapsed 205.693s)
[ITER 1600] bestGlobalCost=410961.56 (feasible=YES) bestThisIter=412031.58 feasibleAnts=15 noImprove=43 (elapsed 206.977s)
[RESET] no improvement for50-> reset pheromones
[ITER 1610] bestGlobalCost=410961.56 (feasible=YES) bestThisIter=411045.79 feasibleAnts=14 noImprove=3 (elapsed 208.282s)
[ITER 1620] bestGlobalCost=410961.56 (feasible=YES) bestThisIter=411152.16 feasibleAnts=15 noImprove=13 (elapsed 209.565s)
[ITER 1630] bestGlobalCost=410961.56 (feasible=YES) bestThisIter=412128.11 feasibleAnts=15 noImprove=23 (elapsed 210.846s)
[ITER 1640] bestGlobalCost=410961.56 (feasible=YES) bestThisIter=411074.15 feasibleAnts=15 noImprove=33 (elapsed 212.148s)
[ITER 1650] bestGlobalCost=410961.56 (feasible=YES) bestThisIter=411582.99 feasibleAnts=15 noImprove=43 (elapsed 213.444s)
[RESET] no improvement for50-> reset pheromones
[ITER 1660] bestGlobalCost=410961.56 (feasible=YES) bestThisIter=411212.80 feasibleAnts=15 noImprove=3 (elapsed 214.758s)
[ITER 1670] bestGlobalCost=410961.56 (feasible=YES) bestThisIter=411718.34 feasibleAnts=16 noImprove=13 (elapsed 216.018s)
[ITER 1680] bestGlobalCost=410961.56 (feasible=YES) bestThisIter=411258.71 feasibleAnts=16 noImprove=23 (elapsed 217.303s)
[ITER 1690] bestGlobalCost=410961.56 (feasible=YES) bestThisIter=411978.32 feasibleAnts=15 noImprove=33 (elapsed 218.596s)
[ITER 1700] bestGlobalCost=410961.56 (feasible=YES) bestThisIter=411718.36 feasibleAnts=14 noImprove=43 (elapsed 219.862s)
[RESET] no improvement for50-> reset pheromones
[ITER 1710] bestGlobalCost=410961.56 (feasible=YES) bestThisIter=411045.79 feasibleAnts=14 noImprove=3 (elapsed 221.167s)
[ITER 1720] bestGlobalCost=410961.56 (feasible=YES) bestThisIter=411582.99 feasibleAnts=15 noImprove=13 (elapsed 222.427s)
[ITER 1730] bestGlobalCost=410961.56 (feasible=YES) bestThisIter=411045.79 feasibleAnts=15 noImprove=23 (elapsed 223.732s)
[ITER 1740] bestGlobalCost=410961.56 (feasible=YES) bestThisIter=411791.53 feasibleAnts=15 noImprove=33 (elapsed 225.027s)
[ITER 1750] bestGlobalCost=410961.56 (feasible=YES) bestThisIter=412279.71 feasibleAnts=15 noImprove=43 (elapsed 226.301s)
[RESET] no improvement for50-> reset pheromones
[ITER 1760] bestGlobalCost=410961.56 (feasible=YES) bestThisIter=411074.15 feasibleAnts=15 noImprove=3 (elapsed 227.612s)
[ITER 1770] bestGlobalCost=410961.56 (feasible=YES) bestThisIter=411258.71 feasibleAnts=15 noImprove=13 (elapsed 228.889s)
[ITER 1780] bestGlobalCost=410961.56 (feasible=YES) bestThisIter=412062.67 feasibleAnts=15 noImprove=23 (elapsed 230.171s)
[ITER 1790] bestGlobalCost=410961.56 (feasible=YES) bestThisIter=412449.26 feasibleAnts=15 noImprove=33 (elapsed 231.455s)
[ITER 1800] bestGlobalCost=410961.56 (feasible=YES) bestThisIter=411212.80 feasibleAnts=15 noImprove=43 (elapsed 232.766s)
[RESET] no improvement for50-> reset pheromones
[ITER 1810] bestGlobalCost=410961.56 (feasible=YES) bestThisIter=411045.79 feasibleAnts=15 noImprove=3 (elapsed 234.066s)
[ITER 1820] bestGlobalCost=410961.56 (feasible=YES) bestThisIter=413126.17 feasibleAnts=15 noImprove=13 (elapsed 235.346s)
[ITER 1830] bestGlobalCost=410961.56 (feasible=YES) bestThisIter=411074.15 feasibleAnts=16 noImprove=23 (elapsed 236.615s)
[ITER 1840] bestGlobalCost=410961.56 (feasible=YES) bestThisIter=412215.06 feasibleAnts=13 noImprove=33 (elapsed 237.91s)
[ITER 1850] bestGlobalCost=410961.56 (feasible=YES) bestThisIter=411045.79 feasibleAnts=15 noImprove=43 (elapsed 239.177s)
[RESET] no improvement for50-> reset pheromones
[ITER 1860] bestGlobalCost=410961.56 (feasible=YES) bestThisIter=412601.24 feasibleAnts=15 noImprove=3 (elapsed 240.481s)
[ITER 1870] bestGlobalCost=410961.56 (feasible=YES) bestThisIter=411045.79 feasibleAnts=15 noImprove=13 (elapsed 241.735s)
[ITER 1873] New best cost=410912.57 (feasible=YES, time 242.723s)
[ITER 1880] bestGlobalCost=410912.57 (feasible=YES) bestThisIter=412320.90 feasibleAnts=15 noImprove=7 (elapsed 243.01s)
[ITER 1890] bestGlobalCost=410912.57 (feasible=YES) bestThisIter=412308.09 feasibleAnts=15 noImprove=17 (elapsed 244.286s)
[ITER 1900] bestGlobalCost=410912.57 (feasible=YES) bestThisIter=411105.61 feasibleAnts=15 noImprove=27 (elapsed 245.563s)
[ITER 1910] bestGlobalCost=410912.57 (feasible=YES) bestThisIter=412156.60 feasibleAnts=15 noImprove=37 (elapsed 246.831s)
[ITER 1920] bestGlobalCost=410912.57 (feasible=YES) bestThisIter=412844.79 feasibleAnts=15 noImprove=47 (elapsed 248.11s)
[RESET] no improvement for50-> reset pheromones
[ITER 1930] bestGlobalCost=410912.57 (feasible=YES) bestThisIter=412369.05 feasibleAnts=16 noImprove=7 (elapsed 249.392s)
[ITER 1940] bestGlobalCost=410912.57 (feasible=YES) bestThisIter=412308.09 feasibleAnts=15 noImprove=17 (elapsed 250.632s)
[ITER 1950] bestGlobalCost=410912.57 (feasible=YES) bestThisIter=413214.08 feasibleAnts=15 noImprove=27 (elapsed 251.889s)
[ITER 1960] bestGlobalCost=410912.57 (feasible=YES) bestThisIter=411246.38 feasibleAnts=14 noImprove=37 (elapsed 253.149s)
[ITER 1970] bestGlobalCost=410912.57 (feasible=YES) bestThisIter=411105.20 feasibleAnts=16 noImprove=47 (elapsed 254.445s)
[RESET] no improvement for50-> reset pheromones
[ITER 1980] bestGlobalCost=410912.57 (feasible=YES) bestThisIter=411892.33 feasibleAnts=16 noImprove=7 (elapsed 255.74s)
[ITER 1990] bestGlobalCost=410912.57 (feasible=YES) bestThisIter=412320.90 feasibleAnts=16 noImprove=17 (elapsed 257.006s)
[ITER 2000] bestGlobalCost=410912.57 (feasible=YES) bestThisIter=412339.47 feasibleAnts=15 noImprove=27 (elapsed 258.277s)
[ITER 2010] bestGlobalCost=410912.57 (feasible=YES) bestThisIter=411105.61 feasibleAnts=15 noImprove=37 (elapsed 259.55s)
[ITER 2020] bestGlobalCost=410912.57 (feasible=YES) bestThisIter=413053.62 feasibleAnts=13 noImprove=47 (elapsed 260.827s)
[RESET] no improvement for50-> reset pheromones
[ITER 2030] bestGlobalCost=410912.57 (feasible=YES) bestThisIter=412077.09 feasibleAnts=15 noImprove=7 (elapsed 262.099s)
[ITER 2040] bestGlobalCost=410912.57 (feasible=YES) bestThisIter=411892.33 feasibleAnts=14 noImprove=17 (elapsed 263.408s)
[ITER 2050] bestGlobalCost=410912.57 (feasible=YES) bestThisIter=411857.79 feasibleAnts=15 noImprove=27 (elapsed 264.682s)
[ITER 2060] bestGlobalCost=410912.57 (feasible=YES) bestThisIter=412156.91 feasibleAnts=15 noImprove=37 (elapsed 265.928s)
[ITER 2070] bestGlobalCost=410912.57 (feasible=YES) bestThisIter=412066.69 feasibleAnts=14 noImprove=47 (elapsed 267.187s)
[RESET] no improvement for50-> reset pheromones
[ITER 2080] bestGlobalCost=410912.57 (feasible=YES) bestThisIter=413786.40 feasibleAnts=17 noImprove=7 (elapsed 268.474s)
[ITER 2090] bestGlobalCost=410912.57 (feasible=YES) bestThisIter=412284.48 feasibleAnts=16 noImprove=17 (elapsed 269.737s)
[ITER 2100] bestGlobalCost=410912.57 (feasible=YES) bestThisIter=411846.37 feasibleAnts=15 noImprove=27 (elapsed 271.004s)
[ITER 2110] bestGlobalCost=410912.57 (feasible=YES) bestThisIter=412125.87 feasibleAnts=14 noImprove=37 (elapsed 272.276s)
[ITER 2120] bestGlobalCost=410912.57 (feasible=YES) bestThisIter=411180.71 feasibleAnts=11 noImprove=47 (elapsed 273.537s)
[RESET] no improvement for50-> reset pheromones
[ITER 2130] bestGlobalCost=410912.57 (feasible=YES) bestThisIter=411952.29 feasibleAnts=15 noImprove=7 (elapsed 275.076s)
[ITER 2140] bestGlobalCost=410912.57 (feasible=YES) bestThisIter=412018.41 feasibleAnts=15 noImprove=17 (elapsed 276.767s)
[ITER 2150] bestGlobalCost=410912.57 (feasible=YES) bestThisIter=411435.15 feasibleAnts=14 noImprove=27 (elapsed 278.496s)
[ITER 2160] bestGlobalCost=410912.57 (feasible=YES) bestThisIter=411308.08 feasibleAnts=14 noImprove=37 (elapsed 279.865s)
[ITER 2170] bestGlobalCost=410912.57 (feasible=YES) bestThisIter=411855.62 feasibleAnts=15 noImprove=47 (elapsed 281.12s)
[RESET] no improvement for50-> reset pheromones
[ITER 2180] bestGlobalCost=410912.57 (feasible=YES) bestThisIter=412478.92 feasibleAnts=15 noImprove=7 (elapsed 282.402s)
[ITER 2190] bestGlobalCost=410912.57 (feasible=YES) bestThisIter=412742.66 feasibleAnts=15 noImprove=17 (elapsed 283.686s)
[ITER 2200] bestGlobalCost=410912.57 (feasible=YES) bestThisIter=412106.07 feasibleAnts=15 noImprove=27 (elapsed 284.942s)
[ITER 2210] bestGlobalCost=410912.57 (feasible=YES) bestThisIter=411105.61 feasibleAnts=15 noImprove=37 (elapsed 286.213s)
[ITER 2220] bestGlobalCost=410912.57 (feasible=YES) bestThisIter=412115.25 feasibleAnts=12 noImprove=47 (elapsed 287.48s)
[RESET] no improvement for50-> reset pheromones
[ITER 2230] bestGlobalCost=410912.57 (feasible=YES) bestThisIter=411892.33 feasibleAnts=15 noImprove=7 (elapsed 288.772s)
[ITER 2240] bestGlobalCost=410912.57 (feasible=YES) bestThisIter=411409.49 feasibleAnts=14 noImprove=17 (elapsed 290.023s)
[ITER 2250] bestGlobalCost=410912.57 (feasible=YES) bestThisIter=411857.79 feasibleAnts=14 noImprove=27 (elapsed 291.284s)
[ITER 2260] bestGlobalCost=410912.57 (feasible=YES) bestThisIter=412271.81 feasibleAnts=14 noImprove=37 (elapsed 292.575s)
[ITER 2270] bestGlobalCost=410912.57 (feasible=YES) bestThisIter=411105.20 feasibleAnts=15 noImprove=47 (elapsed 293.856s)
[RESET] no improvement for50-> reset pheromones
[ITER 2280] bestGlobalCost=410912.57 (feasible=YES) bestThisIter=410563.32 feasibleAnts=13 noImprove=7 (elapsed 295.178s)
[ITER 2290] bestGlobalCost=410912.57 (feasible=YES) bestThisIter=413195.66 feasibleAnts=15 noImprove=17 (elapsed 296.441s)
[ITER 2300] bestGlobalCost=410912.57 (feasible=YES) bestThisIter=412270.06 feasibleAnts=15 noImprove=27 (elapsed 297.704s)
[ITER 2310] bestGlobalCost=410912.57 (feasible=YES) bestThisIter=412485.22 feasibleAnts=15 noImprove=37 (elapsed 299s)
27 47 59 62 63 64 65 66 107 108 109 110 111 112 113 114 115 116 117 118 119 120 121 122 123 124 126 170 171 172 173 174 175 176 177 178 179 180 181 182 184 185 186 223 
125 127 128 129 134 135 136 137 138 139 140 141 142 143 144 145 146 147 148 149 150 151 152 153 154 155 156 157 158 159 160 161 162 163 164 165 166 167 168 169 183 201 212 213 214 215 222 
1 8 9 10 11 12 13 14 15 16 17 18 19 20 21 22 23 24 25 26 28 29 30 31 32 33 34 35 36 37 38 39 40 77 78 79 202 203 204 206 208 216 217 219 
2 3 4 5 6 7 41 42 43 44 45 46 48 49 50 51 52 54 55 56 57 58 60 61 73 76 133 187 188 189 190 191 192 193 194 195 196 197 198 199 200 205 207 218 224 225 
53 67 68 69 70 71 72 74 75 80 81 82 83 84 85 86 87 88 89 90 91 92 93 94 95 96 97 98 99 100 101 102 103 104 105 106 130 131 132 209 210 211 220 221 
[SAVELOGS] evolution saved to results/logs/aco_logs/evolution/tsp225_05_2.txt
[SAVELOGS] best cost saved to results/logs/aco_logs/objectives/tsp225_05_2.txt
[SAVELOGS] best solution saved to results/logs/aco_logs/solutions/tsp225_05_2.txt
