[ITER 1] New best cost=411045.79 (feasible=YES, time 1.0138s)
[ITER 6] New best cost=410961.56 (feasible=YES, time 1.22212s)
[ITER 10] bestGlobalCost=410961.56 (feasible=YES) bestThisIter=411045.79 feasibleAnts=15 noImprove=4 (elapsed 1.38588s)
[ITER 20] bestGlobalCost=410961.56 (feasible=YES) bestThisIter=412105.80 feasibleAnts=15 noImprove=14 (elapsed 2.69743s)
[ITER 30] bestGlobalCost=410961.56 (feasible=YES) bestThisIter=412429.25 feasibleAnts=14 noImprove=24 (elapsed 3.97098s)
[ITER 40] bestGlobalCost=410961.56 (feasible=YES) bestThisIter=411045.79 feasibleAnts=14 noImprove=34 (elapsed 5.2583s)
[ITER 50] bestGlobalCost=410961.56 (feasible=YES) bestThisIter=412215.21 feasibleAnts=15 noImprove=44 (elapsed 6.56266s)
[RESET] no improvement for50-> reset pheromones
[ITER 60] bestGlobalCost=410961.56 (feasible=YES) bestThisIter=411045.79 feasibleAnts=15 noImprove=4 (elapsed 7.91976s)
[ITER 70] bestGlobalCost=410961.56 (feasible=YES) bestThisIter=412533.20 feasibleAnts=16 noImprove=14 (elapsed 9.22343s)
[ITER 80] bestGlobalCost=410961.56 (feasible=YES) bestThisIter=411707.31 feasibleAnts=15 noImprove=24 (elapsed 10.5089s)
[ITER 90] bestGlobalCost=410961.56 (feasible=YES) bestThisIter=412297.37 feasibleAnts=15 noImprove=34 (elapsed 11.8018s)
[ITER 100] bestGlobalCost=410961.56 (feasible=YES) bestThisIter=411045.79 feasibleAnts=15 noImprove=44 (elapsed 13.0939s)
[RESET] no improvement for50-> reset pheromones
[ITER 110] bestGlobalCost=410961.56 (feasible=YES) bestThisIter=411045.79 feasibleAnts=15 noImprove=4 (elapsed 14.4363s)
[ITER 120] bestGlobalCost=410961.56 (feasible=YES) bestThisIter=411045.79 feasibleAnts=16 noImprove=14 (elapsed 15.7451s)
[ITER 130] bestGlobalCost=410961.56 (feasible=YES) bestThisIter=412390.87 feasibleAnts=14 noImprove=24 (elapsed 17.0276s)
[ITER 140] bestGlobalCost=410961.56 (feasible=YES) bestThisIter=411912.53 feasibleAnts=15 noImprove=34 (elapsed 18.3218s)
[ITER 150] bestGlobalCost=410961.56 (feasible=YES) bestThisIter=412502.73 feasibleAnts=15 noImprove=44 (elapsed 19.6362s)
[RESET] no improvement for50-> reset pheromones
[ITER 160] bestGlobalCost=410961.56 (feasible=YES) bestThisIter=412637.05 feasibleAnts=14 noImprove=4 (elapsed 20.977s)
[ITER 170] bestGlobalCost=410961.56 (feasible=YES) bestThisIter=411688.45 feasibleAnts=16 noImprove=14 (elapsed 22.2584s)
[ITER 180] bestGlobalCost=410961.56 (feasible=YES) bestThisIter=411045.79 feasibleAnts=14 noImprove=24 (elapsed 23.5653s)
[ITER 190] bestGlobalCost=410961.56 (feasible=YES) bestThisIter=412036.85 feasibleAnts=15 noImprove=34 (elapsed 25.2451s)
[ITER 200] bestGlobalCost=410961.56 (feasible=YES) bestThisIter=411045.79 feasibleAnts=15 noImprove=44 (elapsed 26.9522s)
[RESET] no improvement for50-> reset pheromones
[ITER 210] bestGlobalCost=410961.56 (feasible=YES) bestThisIter=411728.77 feasibleAnts=15 noImprove=4 (elapsed 28.4611s)
[ITER 220] bestGlobalCost=410961.56 (feasible=YES) bestThisIter=411582.99 feasibleAnts=15 noImprove=14 (elapsed 29.7403s)
[ITER 230] bestGlobalCost=410961.56 (feasible=YES) bestThisIter=411045.79 feasibleAnts=13 noImprove=24 (elapsed 31.0186s)
[ITER 240] bestGlobalCost=410961.56 (feasible=YES) bestThisIter=412158.43 feasibleAnts=15 noImprove=34 (elapsed 32.2836s)
[ITER 250] bestGlobalCost=410961.56 (feasible=YES) bestThisIter=411045.79 feasibleAnts=14 noImprove=44 (elapsed 33.5723s)
[RESET] no improvement for50-> reset pheromones
[ITER 260] bestGlobalCost=410961.56 (feasible=YES) bestThisIter=411045.79 feasibleAnts=15 noImprove=4 (elapsed 34.8891s)
[ITER 270] bestGlobalCost=410961.56 (feasible=YES) bestThisIter=411045.79 feasibleAnts=16 noImprove=14 (elapsed 36.1956s)
[ITER 280] bestGlobalCost=410961.56 (feasible=YES) bestThisIter=411886.12 feasibleAnts=15 noImprove=24 (elapsed 37.5353s)
[ITER 290] bestGlobalCost=410961.56 (feasible=YES) bestThisIter=411672.92 feasibleAnts=15 noImprove=34 (elapsed 38.8398s)
[ITER 300] bestGlobalCost=410961.56 (feasible=YES) bestThisIter=411045.79 feasibleAnts=15 noImprove=44 (elapsed 40.2924s)
[RESET] no improvement for50-> reset pheromones
[ITER 310] bestGlobalCost=410961.56 (feasible=YES) bestThisIter=411045.79 feasibleAnts=14 noImprove=4 (elapsed 42.0436s)
[ITER 320] bestGlobalCost=410961.56 (feasible=YES) bestThisIter=411045.79 feasibleAnts=15 noImprove=14 (elapsed 43.7684s)
[ITER 330] bestGlobalCost=410961.56 (feasible=YES) bestThisIter=411427.09 feasibleAnts=15 noImprove=24 (elapsed 45.0409s)
[ITER 340] bestGlobalCost=410961.56 (feasible=YES) bestThisIter=411045.79 feasibleAnts=15 noImprove=34 (elapsed 46.3116s)
[ITER 350] bestGlobalCost=410961.56 (feasible=YES) bestThisIter=412901.44 feasibleAnts=13 noImprove=44 (elapsed 47.6131s)
[RESET] no improvement for50-> reset pheromones
[ITER 360] bestGlobalCost=410961.56 (feasible=YES) bestThisIter=411045.79 feasibleAnts=15 noImprove=4 (elapsed 49.3153s)
[ITER 370] bestGlobalCost=410961.56 (feasible=YES) bestThisIter=411045.79 feasibleAnts=16 noImprove=14 (elapsed 51.047s)
[ITER 380] bestGlobalCost=410961.56 (feasible=YES) bestThisIter=412854.17 feasibleAnts=15 noImprove=24 (elapsed 52.4953s)
[ITER 390] bestGlobalCost=410961.56 (feasible=YES) bestThisIter=411225.77 feasibleAnts=15 noImprove=34 (elapsed 53.77s)
[ITER 400] bestGlobalCost=410961.56 (feasible=YES) bestThisIter=412278.30 feasibleAnts=15 noImprove=44 (elapsed 55.0574s)
[RESET] no improvement for50-> reset pheromones
[ITER 410] bestGlobalCost=410961.56 (feasible=YES) bestThisIter=411045.79 feasibleAnts=15 noImprove=4 (elapsed 56.3652s)
[ITER 420] bestGlobalCost=410961.56 (feasible=YES) bestThisIter=411045.79 feasibleAnts=15 noImprove=14 (elapsed 57.6557s)
[ITER 430] bestGlobalCost=410961.56 (feasible=YES) bestThisIter=411045.79 feasibleAnts=16 noImprove=24 (elapsed 58.9513s)
[ITER 440] bestGlobalCost=410961.56 (feasible=YES) bestThisIter=411045.79 feasibleAnts=15 noImprove=34 (elapsed 60.2382s)
[ITER 450] bestGlobalCost=410961.56 (feasible=YES) bestThisIter=411045.79 feasibleAnts=15 noImprove=44 (elapsed 61.5319s)
[RESET] no improvement for50-> reset pheromones
[ITER 460] bestGlobalCost=410961.56 (feasible=YES) bestThisIter=411045.79 feasibleAnts=15 noImprove=4 (elapsed 62.8387s)
[ITER 470] bestGlobalCost=410961.56 (feasible=YES) bestThisIter=411045.79 feasibleAnts=15 noImprove=14 (elapsed 64.1067s)
[ITER 480] bestGlobalCost=410961.56 (feasible=YES) bestThisIter=411045.79 feasibleAnts=15 noImprove=24 (elapsed 65.3928s)
[ITER 490] bestGlobalCost=410961.56 (feasible=YES) bestThisIter=411045.79 feasibleAnts=15 noImprove=34 (elapsed 66.6734s)
[ITER 500] bestGlobalCost=410961.56 (feasible=YES) bestThisIter=412268.37 feasibleAnts=15 noImprove=44 (elapsed 68.0834s)
[RESET] no improvement for50-> reset pheromones
[ITER 510] bestGlobalCost=410961.56 (feasible=YES) bestThisIter=412031.58 feasibleAnts=15 noImprove=4 (elapsed 69.8617s)
[ITER 520] bestGlobalCost=410961.56 (feasible=YES) bestThisIter=411225.77 feasibleAnts=14 noImprove=14 (elapsed 71.5895s)
[ITER 530] bestGlobalCost=410961.56 (feasible=YES) bestThisIter=411045.79 feasibleAnts=15 noImprove=24 (elapsed 72.9049s)
[ITER 540] bestGlobalCost=410961.56 (feasible=YES) bestThisIter=411045.79 feasibleAnts=15 noImprove=34 (elapsed 74.1996s)
[ITER 550] bestGlobalCost=410961.56 (feasible=YES) bestThisIter=411707.98 feasibleAnts=15 noImprove=44 (elapsed 75.4772s)
[RESET] no improvement for50-> reset pheromones
[ITER 560] bestGlobalCost=410961.56 (feasible=YES) bestThisIter=411511.64 feasibleAnts=15 noImprove=4 (elapsed 76.778s)
[ITER 570] bestGlobalCost=410961.56 (feasible=YES) bestThisIter=411045.79 feasibleAnts=15 noImprove=14 (elapsed 78.0719s)
[ITER 580] bestGlobalCost=410961.56 (feasible=YES) bestThisIter=411673.93 feasibleAnts=15 noImprove=24 (elapsed 79.3789s)
[ITER 590] bestGlobalCost=410961.56 (feasible=YES) bestThisIter=411045.79 feasibleAnts=15 noImprove=34 (elapsed 80.6582s)
[ITER 600] bestGlobalCost=410961.56 (feasible=YES) bestThisIter=411298.84 feasibleAnts=15 noImprove=44 (elapsed 81.9454s)
[RESET] no improvement for50-> reset pheromones
[ITER 610] bestGlobalCost=410961.56 (feasible=YES) bestThisIter=412911.56 feasibleAnts=15 noImprove=4 (elapsed 83.2914s)
[ITER 620] bestGlobalCost=410961.56 (feasible=YES) bestThisIter=411045.79 feasibleAnts=15 noImprove=14 (elapsed 84.8426s)
[ITER 630] bestGlobalCost=410961.56 (feasible=YES) bestThisIter=411074.15 feasibleAnts=15 noImprove=24 (elapsed 86.5725s)
[ITER 640] bestGlobalCost=410961.56 (feasible=YES) bestThisIter=411045.79 feasibleAnts=14 noImprove=34 (elapsed 88.1694s)
[ITER 650] bestGlobalCost=410961.56 (feasible=YES) bestThisIter=411045.79 feasibleAnts=15 noImprove=44 (elapsed 89.4549s)
[RESET] no improvement for50-> reset pheromones
[ITER 660] bestGlobalCost=410961.56 (feasible=YES) bestThisIter=411707.31 feasibleAnts=15 noImprove=4 (elapsed 90.7505s)
[ITER 670] bestGlobalCost=410961.56 (feasible=YES) bestThisIter=412128.11 feasibleAnts=15 noImprove=14 (elapsed 92.0495s)
[ITER 680] bestGlobalCost=410961.56 (feasible=YES) bestThisIter=411777.92 feasibleAnts=13 noImprove=24 (elapsed 93.35s)
[ITER 690] bestGlobalCost=410961.56 (feasible=YES) bestThisIter=411673.93 feasibleAnts=15 noImprove=34 (elapsed 94.644s)
[ITER 700] bestGlobalCost=410961.56 (feasible=YES) bestThisIter=412055.38 feasibleAnts=15 noImprove=44 (elapsed 95.9792s)
[RESET] no improvement for50-> reset pheromones
[ITER 710] bestGlobalCost=410961.56 (feasible=YES) bestThisIter=412037.74 feasibleAnts=15 noImprove=4 (elapsed 97.3246s)
[ITER 720] bestGlobalCost=410961.56 (feasible=YES) bestThisIter=411582.99 feasibleAnts=14 noImprove=14 (elapsed 98.6667s)
[ITER 730] bestGlobalCost=410961.56 (feasible=YES) bestThisIter=411673.93 feasibleAnts=15 noImprove=24 (elapsed 100.026s)
[ITER 740] bestGlobalCost=410961.56 (feasible=YES) bestThisIter=411582.99 feasibleAnts=15 noImprove=34 (elapsed 101.737s)
[ITER 750] bestGlobalCost=410961.56 (feasible=YES) bestThisIter=411045.79 feasibleAnts=14 noImprove=44 (elapsed 103.47s)
[RESET] no improvement for50-> reset pheromones
[ITER 760] bestGlobalCost=410961.56 (feasible=YES) bestThisIter=412397.69 feasibleAnts=15 noImprove=4 (elapsed 104.849s)
[ITER 770] bestGlobalCost=410961.56 (feasible=YES) bestThisIter=411582.99 feasibleAnts=16 noImprove=14 (elapsed 106.11s)
[ITER 780] bestGlobalCost=410961.56 (feasible=YES) bestThisIter=411045.79 feasibleAnts=15 noImprove=24 (elapsed 107.385s)
[ITER 790] bestGlobalCost=410961.56 (feasible=YES) bestThisIter=411045.79 feasibleAnts=15 noImprove=34 (elapsed 108.68s)
[ITER 800] bestGlobalCost=410961.56 (feasible=YES) bestThisIter=411212.80 feasibleAnts=15 noImprove=44 (elapsed 109.971s)
[RESET] no improvement for50-> reset pheromones
[ITER 810] bestGlobalCost=410961.56 (feasible=YES) bestThisIter=411045.79 feasibleAnts=14 noImprove=4 (elapsed 111.265s)
[ITER 815] New best cost=410912.57 (feasible=YES, time 112.341s)
[ITER 820] bestGlobalCost=410912.57 (feasible=YES) bestThisIter=412920.80 feasibleAnts=13 noImprove=5 (elapsed 112.536s)
[ITER 830] bestGlobalCost=410912.57 (feasible=YES) bestThisIter=411811.16 feasibleAnts=14 noImprove=15 (elapsed 113.827s)
[ITER 840] bestGlobalCost=410912.57 (feasible=YES) bestThisIter=412368.66 feasibleAnts=16 noImprove=25 (elapsed 115.107s)
[ITER 850] bestGlobalCost=410912.57 (feasible=YES) bestThisIter=411546.60 feasibleAnts=14 noImprove=35 (elapsed 116.376s)
[ITER 860] bestGlobalCost=410912.57 (feasible=YES) bestThisIter=412178.82 feasibleAnts=12 noImprove=45 (elapsed 117.666s)
[RESET] no improvement for50-> reset pheromones
[ITER 870] bestGlobalCost=410912.57 (feasible=YES) bestThisIter=411345.75 feasibleAnts=15 noImprove=5 (elapsed 118.969s)
[ITER 880] bestGlobalCost=410912.57 (feasible=YES) bestThisIter=411855.62 feasibleAnts=15 noImprove=15 (elapsed 120.248s)
[ITER 890] bestGlobalCost=410912.57 (feasible=YES) bestThisIter=411817.09 feasibleAnts=14 noImprove=25 (elapsed 121.525s)
[ITER 900] bestGlobalCost=410912.57 (feasible=YES) bestThisIter=411105.61 feasibleAnts=14 noImprove=35 (elapsed 122.804s)
[ITER 910] bestGlobalCost=410912.57 (feasible=YES) bestThisIter=411546.60 feasibleAnts=15 noImprove=45 (elapsed 124.074s)
[RESET] no improvement for50-> reset pheromones
[ITER 920] bestGlobalCost=410912.57 (feasible=YES) bestThisIter=412653.58 feasibleAnts=15 noImprove=5 (elapsed 125.386s)
[ITER 930] bestGlobalCost=410912.57 (feasible=YES) bestThisIter=411547.99 feasibleAnts=15 noImprove=15 (elapsed 126.684s)
[ITER 940] bestGlobalCost=410912.57 (feasible=YES) bestThisIter=411105.61 feasibleAnts=15 noImprove=25 (elapsed 127.969s)
[ITER 950] bestGlobalCost=410912.57 (feasible=YES) bestThisIter=411180.71 feasibleAnts=14 noImprove=35 (elapsed 129.292s)
[ITER 960] bestGlobalCost=410912.57 (feasible=YES) bestThisIter=411880.33 feasibleAnts=13 noImprove=45 (elapsed 130.554s)
[RESET] no improvement for50-> reset pheromones
[ITER 970] bestGlobalCost=410912.57 (feasible=YES) bestThisIter=412115.02 feasibleAnts=15 noImprove=5 (elapsed 131.84s)
[ITER 980] bestGlobalCost=410912.57 (feasible=YES) bestThisIter=411528.37 feasibleAnts=14 noImprove=15 (elapsed 133.108s)
[ITER 990] bestGlobalCost=410912.57 (feasible=YES) bestThisIter=412592.30 feasibleAnts=14 noImprove=25 (elapsed 134.388s)
[ITER 1000] bestGlobalCost=410912.57 (feasible=YES) bestThisIter=412437.23 feasibleAnts=15 noImprove=35 (elapsed 135.674s)
[ITER 1010] bestGlobalCost=410912.57 (feasible=YES) bestThisIter=411336.23 feasibleAnts=15 noImprove=45 (elapsed 136.955s)
[RESET] no improvement for50-> reset pheromones
[ITER 1020] bestGlobalCost=410912.57 (feasible=YES) bestThisIter=412125.87 feasibleAnts=15 noImprove=5 (elapsed 138.239s)
[ITER 1030] bestGlobalCost=410912.57 (feasible=YES) bestThisIter=412066.69 feasibleAnts=15 noImprove=15 (elapsed 139.518s)
[ITER 1040] bestGlobalCost=410912.57 (feasible=YES) bestThisIter=413413.74 feasibleAnts=15 noImprove=25 (elapsed 140.795s)
[ITER 1050] bestGlobalCost=410912.57 (feasible=YES) bestThisIter=411628.14 feasibleAnts=14 noImprove=35 (elapsed 142.071s)
[ITER 1060] bestGlobalCost=410912.57 (feasible=YES) bestThisIter=411105.61 feasibleAnts=14 noImprove=45 (elapsed 143.363s)
[RESET] no improvement for50-> reset pheromones
[ITER 1070] bestGlobalCost=410912.57 (feasible=YES) bestThisIter=412235.29 feasibleAnts=14 noImprove=5 (elapsed 144.678s)
[ITER 1080] bestGlobalCost=410912.57 (feasible=YES) bestThisIter=411435.15 feasibleAnts=15 noImprove=15 (elapsed 145.948s)
[ITER 1090] bestGlobalCost=410912.57 (feasible=YES) bestThisIter=411105.61 feasibleAnts=15 noImprove=25 (elapsed 147.221s)
[ITER 1100] bestGlobalCost=410912.57 (feasible=YES) bestThisIter=411723.80 feasibleAnts=14 noImprove=35 (elapsed 148.513s)
[ITER 1110] bestGlobalCost=410912.57 (feasible=YES) bestThisIter=412720.64 feasibleAnts=15 noImprove=45 (elapsed 149.788s)
[RESET] no improvement for50-> reset pheromones
[ITER 1120] bestGlobalCost=410912.57 (feasible=YES) bestThisIter=414698.62 feasibleAnts=15 noImprove=5 (elapsed 151.099s)
[ITER 1130] bestGlobalCost=410912.57 (feasible=YES) bestThisIter=411575.47 feasibleAnts=14 noImprove=15 (elapsed 152.375s)
[ITER 1140] bestGlobalCost=410912.57 (feasible=YES) bestThisIter=411120.72 feasibleAnts=14 noImprove=25 (elapsed 153.663s)
[ITER 1150] bestGlobalCost=410912.57 (feasible=YES) bestThisIter=411880.33 feasibleAnts=14 noImprove=35 (elapsed 154.953s)
[ITER 1160] bestGlobalCost=410912.57 (feasible=YES) bestThisIter=411945.73 feasibleAnts=13 noImprove=45 (elapsed 156.223s)
[RESET] no improvement for50-> reset pheromones
[ITER 1170] bestGlobalCost=410912.57 (feasible=YES) bestThisIter=411942.00 feasibleAnts=14 noImprove=5 (elapsed 157.529s)
[ITER 1180] bestGlobalCost=410912.57 (feasible=YES) bestThisIter=411459.66 feasibleAnts=14 noImprove=15 (elapsed 158.81s)
[ITER 1190] bestGlobalCost=410912.57 (feasible=YES) bestThisIter=411892.14 feasibleAnts=14 noImprove=25 (elapsed 160.102s)
[ITER 1200] bestGlobalCost=410912.57 (feasible=YES) bestThisIter=412771.91 feasibleAnts=15 noImprove=35 (elapsed 161.379s)
[ITER 1210] bestGlobalCost=410912.57 (feasible=YES) bestThisIter=411105.61 feasibleAnts=15 noImprove=45 (elapsed 162.654s)
[RESET] no improvement for50-> reset pheromones
[ITER 1220] bestGlobalCost=410912.57 (feasible=YES) bestThisIter=411839.23 feasibleAnts=15 noImprove=5 (elapsed 163.936s)
[ITER 1230] bestGlobalCost=410912.57 (feasible=YES) bestThisIter=411925.56 feasibleAnts=15 noImprove=15 (elapsed 165.211s)
[ITER 1240] bestGlobalCost=410912.57 (feasible=YES) bestThisIter=411978.31 feasibleAnts=15 noImprove=25 (elapsed 166.507s)
[ITER 1250] bestGlobalCost=410912.57 (feasible=YES) bestThisIter=412240.14 feasibleAnts=15 noImprove=35 (elapsed 167.81s)
[ITER 1260] bestGlobalCost=410912.57 (feasible=YES) bestThisIter=411105.20 feasibleAnts=14 noImprove=45 (elapsed 169.104s)
[RESET] no improvement for50-> reset pheromones
[ITER 1270] bestGlobalCost=410912.57 (feasible=YES) bestThisIter=412507.51 feasibleAnts=17 noImprove=5 (elapsed 170.415s)
[ITER 1280] bestGlobalCost=410912.57 (feasible=YES) bestThisIter=411105.20 feasibleAnts=15 noImprove=15 (elapsed 171.688s)
[ITER 1290] bestGlobalCost=410912.57 (feasible=YES) bestThisIter=411791.23 feasibleAnts=15 noImprove=25 (elapsed 172.96s)
[ITER 1300] bestGlobalCost=410912.57 (feasible=YES) bestThisIter=411180.71 feasibleAnts=14 noImprove=35 (elapsed 174.249s)
[ITER 1310] bestGlobalCost=410912.57 (feasible=YES) bestThisIter=412320.90 feasibleAnts=15 noImprove=45 (elapsed 175.534s)
[RESET] no improvement for50-> reset pheromones
[ITER 1320] bestGlobalCost=410912.57 (feasible=YES) bestThisIter=412000.33 feasibleAnts=15 noImprove=5 (elapsed 177.173s)
[ITER 1330] bestGlobalCost=410912.57 (feasible=YES) bestThisIter=412320.90 feasibleAnts=15 noImprove=15 (elapsed 178.858s)
[ITER 1340] bestGlobalCost=410912.57 (feasible=YES) bestThisIter=412587.36 feasibleAnts=16 noImprove=25 (elapsed 180.389s)
[ITER 1350] bestGlobalCost=410912.57 (feasible=YES) bestThisIter=411262.71 feasibleAnts=14 noImprove=35 (elapsed 181.642s)
[ITER 1360] bestGlobalCost=410912.57 (feasible=YES) bestThisIter=411850.25 feasibleAnts=15 noImprove=45 (elapsed 182.92s)
[RESET] no improvement for50-> reset pheromones
[ITER 1370] bestGlobalCost=410912.57 (feasible=YES) bestThisIter=412425.40 feasibleAnts=15 noImprove=5 (elapsed 184.225s)
[ITER 1380] bestGlobalCost=410912.57 (feasible=YES) bestThisIter=411728.16 feasibleAnts=15 noImprove=15 (elapsed 185.491s)
[ITER 1390] bestGlobalCost=410912.57 (feasible=YES) bestThisIter=412377.60 feasibleAnts=15 noImprove=25 (elapsed 186.767s)
[ITER 1400] bestGlobalCost=410912.57 (feasible=YES) bestThisIter=411916.15 feasibleAnts=14 noImprove=35 (elapsed 188.056s)
[ITER 1410] bestGlobalCost=410912.57 (feasible=YES) bestThisIter=411850.25 feasibleAnts=15 noImprove=45 (elapsed 189.408s)
[RESET] no improvement for50-> reset pheromones
[ITER 1420] bestGlobalCost=410912.57 (feasible=YES) bestThisIter=411298.04 feasibleAnts=15 noImprove=5 (elapsed 190.715s)
[ITER 1430] bestGlobalCost=410912.57 (feasible=YES) bestThisIter=412426.99 feasibleAnts=14 noImprove=15 (elapsed 191.99s)
[ITER 1440] bestGlobalCost=410912.57 (feasible=YES) bestThisIter=412113.52 feasibleAnts=15 noImprove=25 (elapsed 193.276s)
[ITER 1450] bestGlobalCost=410912.57 (feasible=YES) bestThisIter=411345.75 feasibleAnts=14 noImprove=35 (elapsed 194.56s)
[ITER 1460] bestGlobalCost=410912.57 (feasible=YES) bestThisIter=413855.15 feasibleAnts=14 noImprove=45 (elapsed 195.846s)
[RESET] no improvement for50-> reset pheromones
[ITER 1470] bestGlobalCost=410912.57 (feasible=YES) bestThisIter=411915.29 feasibleAnts=15 noImprove=5 (elapsed 197.156s)
[ITER 1480] bestGlobalCost=410912.57 (feasible=YES) bestThisIter=411435.15 feasibleAnts=15 noImprove=15 (elapsed 198.47s)
[ITER 1490] bestGlobalCost=410912.57 (feasible=YES) bestThisIter=412823.93 feasibleAnts=16 noImprove=25 (elapsed 199.758s)
[ITER 1500] bestGlobalCost=410912.57 (feasible=YES) bestThisIter=412008.25 feasibleAnts=14 noImprove=35 (elapsed 201.037s)
[ITER 1510] bestGlobalCost=410912.57 (feasible=YES) bestThisIter=412687.84 feasibleAnts=12 noImprove=45 (elapsed 202.305s)
[RESET] no improvement for50-> reset pheromones
[ITER 1520] bestGlobalCost=410912.57 (feasible=YES) bestThisIter=413361.15 feasibleAnts=14 noImprove=5 (elapsed 203.626s)
[ITER 1530] bestGlobalCost=410912.57 (feasible=YES) bestThisIter=412785.71 feasibleAnts=15 noImprove=15 (elapsed 204.927s)
[ITER 1540] bestGlobalCost=410912.57 (feasible=YES) bestThisIter=412140.01 feasibleAnts=15 noImprove=25 (elapsed 206.191s)
[ITER 1550] bestGlobalCost=410912.57 (feasible=YES) bestThisIter=411435.15 feasibleAnts=15 noImprove=35 (elapsed 207.441s)
[ITER 1560] bestGlobalCost=410912.57 (feasible=YES) bestThisIter=411728.16 feasibleAnts=15 noImprove=45 (elapsed 208.71s)
[RESET] no improvement for50-> reset pheromones
[ITER 1570] bestGlobalCost=410912.57 (feasible=YES) bestThisIter=412180.11 feasibleAnts=15 noImprove=5 (elapsed 210.026s)
[ITER 1580] bestGlobalCost=410912.57 (feasible=YES) bestThisIter=412047.71 feasibleAnts=16 noImprove=15 (elapsed 211.307s)
[ITER 1590] bestGlobalCost=410912.57 (feasible=YES) bestThisIter=412370.23 feasibleAnts=14 noImprove=25 (elapsed 212.581s)
[ITER 1600] bestGlobalCost=410912.57 (feasible=YES) bestThisIter=413786.80 feasibleAnts=15 noImprove=35 (elapsed 213.885s)
[ITER 1610] bestGlobalCost=410912.57 (feasible=YES) bestThisIter=412976.67 feasibleAnts=14 noImprove=45 (elapsed 215.202s)
[RESET] no improvement for50-> reset pheromones
[ITER 1620] bestGlobalCost=410912.57 (feasible=YES) bestThisIter=411839.23 feasibleAnts=15 noImprove=5 (elapsed 216.507s)
[ITER 1630] bestGlobalCost=410912.57 (feasible=YES) bestThisIter=411105.20 feasibleAnts=13 noImprove=15 (elapsed 217.783s)
[ITER 1640] bestGlobalCost=410912.57 (feasible=YES) bestThisIter=411641.13 feasibleAnts=12 noImprove=25 (elapsed 219.113s)
[ITER 1650] bestGlobalCost=410912.57 (feasible=YES) bestThisIter=412743.78 feasibleAnts=15 noImprove=35 (elapsed 220.981s)
[ITER 1660] bestGlobalCost=410912.57 (feasible=YES) bestThisIter=411952.29 feasibleAnts=14 noImprove=45 (elapsed 222.698s)
[RESET] no improvement for50-> reset pheromones
[ITER 1670] bestGlobalCost=410912.57 (feasible=YES) bestThisIter=412083.86 feasibleAnts=15 noImprove=5 (elapsed 224.288s)
[ITER 1680] bestGlobalCost=410912.57 (feasible=YES) bestThisIter=412579.09 feasibleAnts=17 noImprove=15 (elapsed 225.563s)
[ITER 1690] bestGlobalCost=410912.57 (feasible=YES) bestThisIter=411939.94 feasibleAnts=16 noImprove=25 (elapsed 226.846s)
[ITER 1700] bestGlobalCost=410912.57 (feasible=YES) bestThisIter=412683.70 feasibleAnts=15 noImprove=35 (elapsed 228.133s)
[ITER 1710] bestGlobalCost=410912.57 (feasible=YES) bestThisIter=411308.08 feasibleAnts=15 noImprove=45 (elapsed 229.419s)
[RESET] no improvement for50-> reset pheromones
[ITER 1720] bestGlobalCost=410912.57 (feasible=YES) bestThisIter=411897.39 feasibleAnts=14 noImprove=5 (elapsed 230.717s)
[ITER 1730] bestGlobalCost=410912.57 (feasible=YES) bestThisIter=412949.46 feasibleAnts=15 noImprove=15 (elapsed 231.972s)
[ITER 1740] bestGlobalCost=410912.57 (feasible=YES) bestThisIter=411308.08 feasibleAnts=13 noImprove=25 (elapsed 233.249s)
[ITER 1750] bestGlobalCost=410912.57 (feasible=YES) bestThisIter=411901.43 feasibleAnts=15 noImprove=35 (elapsed 234.529s)
[ITER 1760] bestGlobalCost=410912.57 (feasible=YES) bestThisIter=411105.20 feasibleAnts=15 noImprove=45 (elapsed 235.817s)
[RESET] no improvement for50-> reset pheromones
[ITER 1770] bestGlobalCost=410912.57 (feasible=YES) bestThisIter=412884.80 feasibleAnts=18 noImprove=5 (elapsed 237.134s)
[ITER 1780] bestGlobalCost=410912.57 (feasible=YES) bestThisIter=411758.75 feasibleAnts=15 noImprove=15 (elapsed 238.424s)
[ITER 1790] bestGlobalCost=410912.57 (feasible=YES) bestThisIter=412228.32 feasibleAnts=15 noImprove=25 (elapsed 239.72s)
[ITER 1800] bestGlobalCost=410912.57 (feasible=YES) bestThisIter=412012.39 feasibleAnts=15 noImprove=35 (elapsed 241.368s)
[ITER 1810] bestGlobalCost=410912.57 (feasible=YES) bestThisIter=411817.09 feasibleAnts=12 noImprove=45 (elapsed 243.094s)
[RESET] no improvement for50-> reset pheromones
[ITER 1820] bestGlobalCost=410912.57 (feasible=YES) bestThisIter=411850.25 feasibleAnts=14 noImprove=5 (elapsed 244.607s)
[ITER 1830] bestGlobalCost=410912.57 (feasible=YES) bestThisIter=411817.09 feasibleAnts=13 noImprove=15 (elapsed 245.873s)
[ITER 1840] bestGlobalCost=410912.57 (feasible=YES) bestThisIter=411105.61 feasibleAnts=14 noImprove=25 (elapsed 247.165s)
[ITER 1850] bestGlobalCost=410912.57 (feasible=YES) bestThisIter=412615.28 feasibleAnts=15 noImprove=35 (elapsed 248.457s)
[ITER 1860] bestGlobalCost=410912.57 (feasible=YES) bestThisIter=411105.20 feasibleAnts=15 noImprove=45 (elapsed 249.781s)
[RESET] no improvement for50-> reset pheromones
[ITER 1870] bestGlobalCost=410912.57 (feasible=YES) bestThisIter=411459.66 feasibleAnts=15 noImprove=5 (elapsed 251.092s)
[ITER 1880] bestGlobalCost=410912.57 (feasible=YES) bestThisIter=412062.97 feasibleAnts=15 noImprove=15 (elapsed 252.427s)
[ITER 1890] bestGlobalCost=410912.57 (feasible=YES) bestThisIter=411180.71 feasibleAnts=14 noImprove=25 (elapsed 253.716s)
[ITER 1900] bestGlobalCost=410912.57 (feasible=YES) bestThisIter=411308.08 feasibleAnts=15 noImprove=35 (elapsed 255.004s)
[ITER 1910] bestGlobalCost=410912.57 (feasible=YES) bestThisIter=412882.66 feasibleAnts=14 noImprove=45 (elapsed 256.276s)
[RESET] no improvement for50-> reset pheromones
[ITER 1920] bestGlobalCost=410912.57 (feasible=YES) bestThisIter=411970.31 feasibleAnts=15 noImprove=5 (elapsed 257.598s)
[ITER 1930] bestGlobalCost=410912.57 (feasible=YES) bestThisIter=412467.42 feasibleAnts=15 noImprove=15 (elapsed 258.85s)
[ITER 1940] bestGlobalCost=410912.57 (feasible=YES) bestThisIter=412589.88 feasibleAnts=14 noImprove=25 (elapsed 260.135s)
[ITER 1950] bestGlobalCost=410912.57 (feasible=YES) bestThisIter=411854.40 feasibleAnts=15 noImprove=35 (elapsed 261.408s)
[ITER 1960] bestGlobalCost=410912.57 (feasible=YES) bestThisIter=411105.61 feasibleAnts=14 noImprove=45 (elapsed 262.699s)
[RESET] no improvement for50-> reset pheromones
[ITER 1970] bestGlobalCost=410912.57 (feasible=YES) bestThisIter=411939.94 feasibleAnts=15 noImprove=5 (elapsed 263.988s)
[ITER 1980] bestGlobalCost=410912.57 (feasible=YES) bestThisIter=411345.75 feasibleAnts=15 noImprove=15 (elapsed 265.269s)
[ITER 1990] bestGlobalCost=410912.57 (feasible=YES) bestThisIter=413068.60 feasibleAnts=14 noImprove=25 (elapsed 266.528s)
[ITER 2000] bestGlobalCost=410912.57 (feasible=YES) bestThisIter=411724.32 feasibleAnts=15 noImprove=35 (elapsed 267.799s)
[ITER 2010] bestGlobalCost=410912.57 (feasible=YES) bestThisIter=412612.20 feasibleAnts=15 noImprove=45 (elapsed 269.063s)
[RESET] no improvement for50-> reset pheromones
[ITER 2020] bestGlobalCost=410912.57 (feasible=YES) bestThisIter=412474.88 feasibleAnts=14 noImprove=5 (elapsed 270.375s)
[ITER 2030] bestGlobalCost=410912.57 (feasible=YES) bestThisIter=411246.38 feasibleAnts=14 noImprove=15 (elapsed 271.641s)
[ITER 2040] bestGlobalCost=410912.57 (feasible=YES) bestThisIter=413710.09 feasibleAnts=14 noImprove=25 (elapsed 272.923s)
[ITER 2050] bestGlobalCost=410912.57 (feasible=YES) bestThisIter=412830.60 feasibleAnts=15 noImprove=35 (elapsed 274.22s)
[ITER 2060] bestGlobalCost=410912.57 (feasible=YES) bestThisIter=411942.00 feasibleAnts=14 noImprove=45 (elapsed 275.503s)
[RESET] no improvement for50-> reset pheromones
[ITER 2070] bestGlobalCost=410912.57 (feasible=YES) bestThisIter=411180.71 feasibleAnts=14 noImprove=5 (elapsed 276.8s)
[ITER 2080] bestGlobalCost=410912.57 (feasible=YES) bestThisIter=412467.42 feasibleAnts=15 noImprove=15 (elapsed 278.063s)
[ITER 2090] bestGlobalCost=410912.57 (feasible=YES) bestThisIter=414316.41 feasibleAnts=14 noImprove=25 (elapsed 279.361s)
[ITER 2100] bestGlobalCost=410912.57 (feasible=YES) bestThisIter=411308.39 feasibleAnts=14 noImprove=35 (elapsed 280.899s)
[ITER 2110] bestGlobalCost=410912.57 (feasible=YES) bestThisIter=411948.12 feasibleAnts=15 noImprove=45 (elapsed 282.614s)
[RESET] no improvement for50-> reset pheromones
[ITER 2120] bestGlobalCost=410912.57 (feasible=YES) bestThisIter=414436.98 feasibleAnts=15 noImprove=5 (elapsed 284.261s)
[ITER 2130] bestGlobalCost=410912.57 (feasible=YES) bestThisIter=411607.90 feasibleAnts=14 noImprove=15 (elapsed 285.538s)
[ITER 2140] bestGlobalCost=410912.57 (feasible=YES) bestThisIter=411120.72 feasibleAnts=14 noImprove=25 (elapsed 286.803s)
[ITER 2150] bestGlobalCost=410912.57 (feasible=YES) bestThisIter=412401.33 feasibleAnts=16 noImprove=35 (elapsed 288.083s)
[ITER 2160] bestGlobalCost=410912.57 (feasible=YES) bestThisIter=412830.99 feasibleAnts=15 noImprove=45 (elapsed 289.365s)
[RESET] no improvement for50-> reset pheromones
[ITER 2170] bestGlobalCost=410912.57 (feasible=YES) bestThisIter=411709.31 feasibleAnts=14 noImprove=5 (elapsed 290.653s)
[ITER 2180] bestGlobalCost=410912.57 (feasible=YES) bestThisIter=411950.82 feasibleAnts=17 noImprove=15 (elapsed 291.914s)
[ITER 2190] bestGlobalCost=410912.57 (feasible=YES) bestThisIter=412470.11 feasibleAnts=14 noImprove=25 (elapsed 293.198s)
[ITER 2200] bestGlobalCost=410912.57 (feasible=YES) bestThisIter=412078.81 feasibleAnts=14 noImprove=35 (elapsed 294.482s)
[ITER 2210] bestGlobalCost=410912.57 (feasible=YES) bestThisIter=411707.64 feasibleAnts=13 noImprove=45 (elapsed 295.752s)
[RESET] no improvement for50-> reset pheromones
[ITER 2220] bestGlobalCost=410912.57 (feasible=YES) bestThisIter=411435.15 feasibleAnts=15 noImprove=5 (elapsed 297.061s)
[ITER 2230] bestGlobalCost=410912.57 (feasible=YES) bestThisIter=411742.03 feasibleAnts=15 noImprove=15 (elapsed 298.326s)
[ITER 2240] bestGlobalCost=410912.57 (feasible=YES) bestThisIter=411298.04 feasibleAnts=15 noImprove=25 (elapsed 299.602s)
1 8 9 10 11 12 13 14 15 16 17 18 19 20 21 22 23 24 25 26 28 29 30 31 32 33 34 35 36 37 38 39 40 77 78 79 202 203 204 206 208 216 217 219 
125 127 128 129 134 135 136 137 138 139 140 141 142 143 144 145 146 147 148 149 150 151 152 153 154 155 156 157 158 159 160 161 162 163 164 165 166 167 168 169 183 201 212 213 214 215 222 
53 67 68 69 70 71 72 74 75 80 81 82 83 84 85 86 87 88 89 90 91 92 93 94 95 96 97 98 99 100 101 102 103 104 105 106 130 131 132 209 210 211 220 221 
2 3 4 5 6 7 41 42 43 44 45 46 48 49 50 51 52 54 55 56 57 58 60 61 73 76 133 187 188 189 190 191 192 193 194 195 196 197 198 199 200 205 207 218 224 225 
27 47 59 62 63 64 65 66 107 108 109 110 111 112 113 114 115 116 117 118 119 120 121 122 123 124 126 170 171 172 173 174 175 176 177 178 179 180 181 182 184 185 186 223 
[SAVELOGS] evolution saved to results/logs/aco_logs/evolution/tsp225_05_2.txt
[SAVELOGS] best cost saved to results/logs/aco_logs/objectives/tsp225_05_2.txt
[SAVELOGS] best solution saved to results/logs/aco_logs/solutions/tsp225_05_2.txt
