[ITER 1] New best cost=7809.71 (feasible=YES, time 0.189356s)
[ITER 2] New best cost=7408.77 (feasible=YES, time 0.321681s)
[ITER 3] New best cost=7276.42 (feasible=YES, time 0.452466s)
[ITER 4] New best cost=7157.91 (feasible=YES, time 0.632519s)
[ITER 5] New best cost=7082.02 (feasible=YES, time 0.756941s)
[ITER 9] New best cost=7038.09 (feasible=YES, time 1.27312s)
[ITER 10] New best cost=6973.33 (feasible=YES, time 1.3626s)
[ITER 10] bestGlobalCost=6973.33 (feasible=YES) bestThisIter=6973.33 feasibleAnts=12 noImprove=0 (elapsed 1.36666s)
[ITER 11] New best cost=6965.89 (feasible=YES, time 1.45903s)
[ITER 12] New best cost=6804.45 (feasible=YES, time 1.50222s)
[ITER 15] New best cost=6755.64 (feasible=YES, time 4.25462s)
[ITER 20] bestGlobalCost=6755.64 (feasible=YES) bestThisIter=6755.64 feasibleAnts=10 noImprove=5 (elapsed 5.92125s)
[ITER 30] bestGlobalCost=6755.64 (feasible=YES) bestThisIter=7058.13 feasibleAnts=10 noImprove=15 (elapsed 10.9899s)
[ITER 40] bestGlobalCost=6755.64 (feasible=YES) bestThisIter=7686.33 feasibleAnts=10 noImprove=25 (elapsed 12.7179s)
[RESET] no improvement for30-> reset pheromones
[ITER 50] bestGlobalCost=6755.64 (feasible=YES) bestThisIter=7216.56 feasibleAnts=10 noImprove=5 (elapsed 18.0296s)
[ITER 60] bestGlobalCost=6755.64 (feasible=YES) bestThisIter=7059.28 feasibleAnts=10 noImprove=15 (elapsed 23.5218s)
[ITER 70] bestGlobalCost=6755.64 (feasible=YES) bestThisIter=7470.95 feasibleAnts=10 noImprove=25 (elapsed 25.2374s)
[RESET] no improvement for30-> reset pheromones
[ITER 80] bestGlobalCost=6755.64 (feasible=YES) bestThisIter=7320.21 feasibleAnts=10 noImprove=5 (elapsed 30.7159s)
[ITER 90] bestGlobalCost=6755.64 (feasible=YES) bestThisIter=7119.10 feasibleAnts=10 noImprove=15 (elapsed 36.5309s)
[ITER 100] bestGlobalCost=6755.64 (feasible=YES) bestThisIter=6843.47 feasibleAnts=10 noImprove=25 (elapsed 37.9912s)
[RESET] no improvement for30-> reset pheromones
[ITER 110] bestGlobalCost=6755.64 (feasible=YES) bestThisIter=7423.91 feasibleAnts=10 noImprove=5 (elapsed 43.6953s)
[ITER 120] bestGlobalCost=6755.64 (feasible=YES) bestThisIter=7322.74 feasibleAnts=10 noImprove=15 (elapsed 48.9723s)
[ITER 130] bestGlobalCost=6755.64 (feasible=YES) bestThisIter=7397.95 feasibleAnts=10 noImprove=25 (elapsed 50.5196s)
[RESET] no improvement for30-> reset pheromones
[ITER 140] bestGlobalCost=6755.64 (feasible=YES) bestThisIter=7268.04 feasibleAnts=10 noImprove=5 (elapsed 56.3844s)
[ITER 150] bestGlobalCost=6755.64 (feasible=YES) bestThisIter=7096.88 feasibleAnts=10 noImprove=15 (elapsed 61.7849s)
20 43 65 69 107 113 
3 27 80 101 110 
18 19 25 52 108 
5 12 53 64 77 95 97 
10 37 62 73 99 104 
8 26 54 70 90 96 111 
14 74 75 86 87 94 
33 58 68 79 91 100 
22 31 66 81 85 117 
1 29 30 32 61 76 
39 57 63 67 83 114 
13 42 44 49 118 
15 28 45 59 78 92 120 
4 7 38 40 72 119 
2 21 51 88 93 109 115 
47 48 55 71 89 102 
6 35 36 84 106 112 
16 24 34 60 105 116 
17 41 46 50 56 98 
9 11 23 82 103 
[SAVELOGS] evolution saved to results/logs/gr120_20_3/evolution/gr120_20_3
[SAVELOGS] best cost saved to results/logs/gr120_20_3/objectives/gr120_20_3
[SAVELOGS] best solution saved to results/logs/gr120_20_3/solutions/gr120_20_3
