[ITER 1] New best cost=7735.31 (feasible=YES, time 0.15694s)
[ITER 2] New best cost=7342.97 (feasible=YES, time 0.296999s)
[ITER 3] New best cost=7053.82 (feasible=YES, time 0.388662s)
[ITER 5] New best cost=6956.82 (feasible=YES, time 0.603308s)
[ITER 10] bestGlobalCost=6956.82 (feasible=YES) bestThisIter=7336.83 feasibleAnts=10 noImprove=5 (elapsed 1.22387s)
[ITER 15] New best cost=6936.62 (feasible=YES, time 3.75952s)
[ITER 15] New best cost=6867.03 (feasible=YES, time 5.32784s)
[ITER 19] New best cost=6858.51 (feasible=YES, time 6.43084s)
[ITER 20] New best cost=6830.06 (feasible=YES, time 6.51573s)
[ITER 20] bestGlobalCost=6830.06 (feasible=YES) bestThisIter=6830.06 feasibleAnts=16 noImprove=0 (elapsed 6.51969s)
[ITER 30] New best cost=6824.77 (feasible=YES, time 8.05977s)
[ITER 30] New best cost=6809.16 (feasible=YES, time 10.4013s)
[ITER 30] bestGlobalCost=6809.16 (feasible=YES) bestThisIter=6899.43 feasibleAnts=10 noImprove=0 (elapsed 11.2724s)
[ITER 35] New best cost=6807.99 (feasible=YES, time 11.6611s)
[ITER 40] bestGlobalCost=6807.99 (feasible=YES) bestThisIter=6807.99 feasibleAnts=11 noImprove=5 (elapsed 12.048s)
[ITER 50] bestGlobalCost=6807.99 (feasible=YES) bestThisIter=7006.18 feasibleAnts=10 noImprove=15 (elapsed 16.8048s)
[ITER 60] bestGlobalCost=6807.99 (feasible=YES) bestThisIter=7359.55 feasibleAnts=10 noImprove=25 (elapsed 22.1014s)
[RESET] no improvement for30-> reset pheromones
[ITER 70] bestGlobalCost=6807.99 (feasible=YES) bestThisIter=7220.97 feasibleAnts=10 noImprove=5 (elapsed 23.9315s)
[ITER 80] bestGlobalCost=6807.99 (feasible=YES) bestThisIter=7073.45 feasibleAnts=10 noImprove=15 (elapsed 29.2477s)
[ITER 90] New best cost=6798.06 (feasible=YES, time 32.035s)
[ITER 90] bestGlobalCost=6798.06 (feasible=YES) bestThisIter=7276.52 feasibleAnts=10 noImprove=0 (elapsed 34.9663s)
[ITER 100] bestGlobalCost=6798.06 (feasible=YES) bestThisIter=7116.73 feasibleAnts=10 noImprove=10 (elapsed 35.7387s)
[ITER 105] New best cost=6796.07 (feasible=YES, time 38.4342s)
[ITER 110] bestGlobalCost=6796.07 (feasible=YES) bestThisIter=6796.07 feasibleAnts=10 noImprove=5 (elapsed 40.2267s)
[ITER 120] bestGlobalCost=6796.07 (feasible=YES) bestThisIter=7280.92 feasibleAnts=10 noImprove=15 (elapsed 45.7402s)
[ITER 130] bestGlobalCost=6796.07 (feasible=YES) bestThisIter=7303.82 feasibleAnts=10 noImprove=25 (elapsed 47.3792s)
[RESET] no improvement for30-> reset pheromones
[ITER 140] bestGlobalCost=6796.07 (feasible=YES) bestThisIter=7396.51 feasibleAnts=10 noImprove=5 (elapsed 53.1592s)
[ITER 150] bestGlobalCost=6796.07 (feasible=YES) bestThisIter=7179.05 feasibleAnts=10 noImprove=15 (elapsed 58.3189s)
[ITER 160] bestGlobalCost=6796.07 (feasible=YES) bestThisIter=6964.67 feasibleAnts=10 noImprove=25 (elapsed 60.2032s)
15 28 45 59 78 92 120 
33 58 68 79 91 100 
14 22 75 81 86 94 
41 44 56 74 87 
47 48 55 71 89 102 
18 25 43 65 108 
10 37 62 73 99 104 
8 26 54 70 90 96 111 
17 42 49 50 98 118 
2 21 51 88 93 109 115 
5 12 53 64 77 95 97 
39 57 63 67 83 114 
19 31 52 66 85 117 
9 11 23 82 103 
1 29 30 32 61 76 
6 35 36 84 106 112 
3 27 80 101 110 
13 20 46 69 107 113 
4 7 38 40 72 119 
16 24 34 60 105 116 
[SAVELOGS] evolution saved to results/logs/gr120_20_3/evolution/gr120_20_3
[SAVELOGS] best cost saved to results/logs/gr120_20_3/objectives/gr120_20_3
[SAVELOGS] best solution saved to results/logs/gr120_20_3/solutions/gr120_20_3
