[ITER 1] New best cost=3874398.66 (feasible=YES, time 0.400897s)
[ITER 2] New best cost=3620601.41 (feasible=YES, time 0.963555s)
[ITER 4] New best cost=3591857.60 (feasible=YES, time 1.85667s)
[ITER 5] New best cost=3565142.80 (feasible=YES, time 2.4224s)
[ITER 8] New best cost=3543711.07 (feasible=YES, time 3.82281s)
[TS] New best cost=3541246.95 (feasible=YES, time 9.03205s)
[TS] New best cost=3527315.30 (feasible=YES, time 12.5325s)
[ITER 10] bestGlobalCost=3527315.30 (feasible=YES) bestThisIter=3537040.79 feasibleAnts=4 noImprove=2 (elapsed 14.3634s)
[TS] New best cost=3526687.89 (feasible=YES, time 20.9336s)
[TS] New best cost=3514387.82 (feasible=YES, time 22.6877s)
[TS] New best cost=3487892.96 (feasible=YES, time 24.4889s)
[TS] New best cost=3487655.86 (feasible=YES, time 26.2344s)
[ITER 20] bestGlobalCost=3487655.86 (feasible=YES) bestThisIter=3666170.66 feasibleAnts=7 noImprove=12 (elapsed 28.0433s)
[ITER 30] bestGlobalCost=3487655.86 (feasible=YES) bestThisIter=3680505.14 feasibleAnts=8 noImprove=22 (elapsed 42.4976s)
[ITER 40] bestGlobalCost=3487655.86 (feasible=YES) bestThisIter=3913977.37 feasibleAnts=9 noImprove=32 (elapsed 57.3217s)
[ITER 50] bestGlobalCost=3487655.86 (feasible=YES) bestThisIter=3685913.92 feasibleAnts=10 noImprove=42 (elapsed 71.4491s)
[RESET] no improvement for50-> reset pheromones
[ITER 60] bestGlobalCost=3487655.86 (feasible=YES) bestThisIter=3528067.46 feasibleAnts=3 noImprove=2 (elapsed 85.6153s)
[ITER 61] New best cost=3467155.45 (feasible=YES, time 86.0655s)
[ITER 64] New best cost=3462817.29 (feasible=YES, time 88.4361s)
[ITER 65] New best cost=3452691.95 (feasible=YES, time 88.9802s)
[TS] New best cost=3441512.97 (feasible=YES, time 95.4137s)
[ITER 70] bestGlobalCost=3441512.97 (feasible=YES) bestThisIter=3441512.97 feasibleAnts=8 noImprove=5 (elapsed 100.58s)
[ITER 80] bestGlobalCost=3441512.97 (feasible=YES) bestThisIter=3768581.24 feasibleAnts=9 noImprove=15 (elapsed 115.52s)
[ITER 90] bestGlobalCost=3441512.97 (feasible=YES) bestThisIter=3929238.10 feasibleAnts=7 noImprove=25 (elapsed 129.967s)
[ITER 100] bestGlobalCost=3441512.97 (feasible=YES) bestThisIter=4715681.33 feasibleAnts=7 noImprove=35 (elapsed 144.026s)
[ITER 110] bestGlobalCost=3441512.97 (feasible=YES) bestThisIter=4222027.94 feasibleAnts=8 noImprove=45 (elapsed 157.628s)
[RESET] no improvement for50-> reset pheromones
[ITER 120] bestGlobalCost=3441512.97 (feasible=YES) bestThisIter=3434338.32 feasibleAnts=6 noImprove=5 (elapsed 171.796s)
[ITER 130] bestGlobalCost=3441512.97 (feasible=YES) bestThisIter=3622431.04 feasibleAnts=5 noImprove=15 (elapsed 186.254s)
[ITER 140] bestGlobalCost=3441512.97 (feasible=YES) bestThisIter=3594840.23 feasibleAnts=9 noImprove=25 (elapsed 201.902s)
[ITER 150] bestGlobalCost=3441512.97 (feasible=YES) bestThisIter=3727112.93 feasibleAnts=9 noImprove=35 (elapsed 215.658s)
[ITER 160] bestGlobalCost=3441512.97 (feasible=YES) bestThisIter=3933691.57 feasibleAnts=8 noImprove=45 (elapsed 229.516s)
[RESET] no improvement for50-> reset pheromones
[ITER 169] New best cost=3438353.34 (feasible=YES, time 234.936s)
[ITER 170] bestGlobalCost=3438353.34 (feasible=YES) bestThisIter=3441512.97 feasibleAnts=7 noImprove=1 (elapsed 245.168s)
[ITER 171] New best cost=3434007.77 (feasible=YES, time 245.744s)
[ITER 180] bestGlobalCost=3434007.77 (feasible=YES) bestThisIter=3521288.15 feasibleAnts=2 noImprove=9 (elapsed 260.838s)
[ITER 190] bestGlobalCost=3434007.77 (feasible=YES) bestThisIter=3726506.35 feasibleAnts=7 noImprove=19 (elapsed 275.876s)
[ITER 200] bestGlobalCost=3434007.77 (feasible=YES) bestThisIter=4014629.46 feasibleAnts=7 noImprove=29 (elapsed 290.289s)
[ITER 210] bestGlobalCost=3434007.77 (feasible=YES) bestThisIter=4239094.26 feasibleAnts=6 noImprove=39 (elapsed 304.328s)
55 76 78 79 80 82 83 84 177 178 179 183 184 185 207 
85 86 87 88 89 92 116 117 188 189 190 211 212 214 219 
38 40 41 42 43 44 45 47 66 69 72 144 166 168 
9 10 11 12 13 14 15 16 136 137 139 141 142 143 161 
17 18 19 20 21 22 23 24 25 46 145 146 147 148 149 150 
77 81 101 102 103 104 105 180 201 202 203 204 205 206 
106 107 108 109 110 111 112 113 114 115 208 209 210 213 
26 27 28 29 51 52 53 54 130 151 152 153 154 155 159 176 
1 2 3 4 5 6 7 8 30 126 127 128 129 131 132 133 134 
48 49 50 71 73 74 75 167 171 172 173 174 175 196 197 198 
94 95 96 97 98 99 100 194 199 200 216 217 218 221 223 
56 57 58 59 60 61 62 63 65 156 160 164 165 181 182 186 
31 32 33 34 35 36 37 39 135 138 140 157 158 162 163 
118 119 120 121 122 123 124 125 215 220 222 224 225 
64 67 68 70 90 91 93 169 170 187 191 192 193 195 
[SAVELOGS] evolution saved to results/logs/aco_logs/evolution/ts225_15_5.txt
[SAVELOGS] best cost saved to results/logs/aco_logs/objectives/ts225_15_5.txt
[SAVELOGS] best solution saved to results/logs/aco_logs/solutions/ts225_15_5.txt
