[ITER 1] New best cost=523902.14 (feasible=YES, time 0.0738306s)
[ITER 2] New best cost=523707.95 (feasible=YES, time 0.136426s)
[ITER 3] New best cost=520312.26 (feasible=YES, time 0.204555s)
[ITER 8] New best cost=517558.11 (feasible=YES, time 0.467223s)
[ITER 10] New best cost=515999.58 (feasible=YES, time 0.600585s)
[ITER 10] bestGlobalCost=515999.58 (feasible=YES) bestThisIter=515999.58 feasibleAnts=10 noImprove=0 (elapsed 0.604613s)
[ITER 11] New best cost=515322.77 (feasible=YES, time 0.673196s)
[ITER 20] bestGlobalCost=515322.77 (feasible=YES) bestThisIter=515322.77 feasibleAnts=16 noImprove=9 (elapsed 3.98817s)
[ITER 27] New best cost=515278.68 (feasible=YES, time 4.38635s)
[ITER 30] bestGlobalCost=515278.68 (feasible=YES) bestThisIter=515278.68 feasibleAnts=10 noImprove=3 (elapsed 7.12042s)
[ITER 40] bestGlobalCost=515278.68 (feasible=YES) bestThisIter=515278.68 feasibleAnts=10 noImprove=13 (elapsed 7.44556s)
[ITER 50] bestGlobalCost=515278.68 (feasible=YES) bestThisIter=515278.68 feasibleAnts=10 noImprove=23 (elapsed 10.4232s)
[RESET] no improvement for30-> reset pheromones
[ITER 60] New best cost=515116.20 (feasible=YES, time 13.4868s)
[ITER 60] bestGlobalCost=515116.20 (feasible=YES) bestThisIter=522223.21 feasibleAnts=10 noImprove=0 (elapsed 13.4913s)
[ITER 70] New best cost=514684.84 (feasible=YES, time 13.9169s)
[ITER 70] bestGlobalCost=514684.84 (feasible=YES) bestThisIter=514684.84 feasibleAnts=9 noImprove=0 (elapsed 13.9211s)
[ITER 80] bestGlobalCost=514684.84 (feasible=YES) bestThisIter=514684.84 feasibleAnts=12 noImprove=10 (elapsed 16.7442s)
[ITER 90] bestGlobalCost=514684.84 (feasible=YES) bestThisIter=514684.84 feasibleAnts=10 noImprove=20 (elapsed 19.5009s)
[ITER 100] bestGlobalCost=514684.84 (feasible=YES) bestThisIter=514684.84 feasibleAnts=10 noImprove=30 (elapsed 19.9669s)
[RESET] no improvement for30-> reset pheromones
[ITER 110] bestGlobalCost=514684.84 (feasible=YES) bestThisIter=519932.89 feasibleAnts=10 noImprove=10 (elapsed 22.4859s)
[ITER 120] bestGlobalCost=514684.84 (feasible=YES) bestThisIter=514684.84 feasibleAnts=10 noImprove=20 (elapsed 24.7573s)
[ITER 130] bestGlobalCost=514684.84 (feasible=YES) bestThisIter=514684.84 feasibleAnts=11 noImprove=30 (elapsed 25.1133s)
[RESET] no improvement for30-> reset pheromones
[ITER 140] bestGlobalCost=514684.84 (feasible=YES) bestThisIter=523380.10 feasibleAnts=10 noImprove=10 (elapsed 27.894s)
[ITER 150] bestGlobalCost=514684.84 (feasible=YES) bestThisIter=515116.20 feasibleAnts=10 noImprove=20 (elapsed 30.3575s)
[ITER 160] bestGlobalCost=514684.84 (feasible=YES) bestThisIter=514684.84 feasibleAnts=10 noImprove=30 (elapsed 30.697s)
[RESET] no improvement for30-> reset pheromones
[ITER 170] bestGlobalCost=514684.84 (feasible=YES) bestThisIter=521072.57 feasibleAnts=10 noImprove=10 (elapsed 32.9522s)
[ITER 180] bestGlobalCost=514684.84 (feasible=YES) bestThisIter=519293.94 feasibleAnts=10 noImprove=20 (elapsed 35.1233s)
[ITER 190] bestGlobalCost=514684.84 (feasible=YES) bestThisIter=521447.12 feasibleAnts=10 noImprove=30 (elapsed 35.5014s)
[RESET] no improvement for30-> reset pheromones
[ITER 200] bestGlobalCost=514684.84 (feasible=YES) bestThisIter=521447.12 feasibleAnts=10 noImprove=10 (elapsed 37.7822s)
[ITER 210] bestGlobalCost=514684.84 (feasible=YES) bestThisIter=518487.83 feasibleAnts=9 noImprove=20 (elapsed 40.4985s)
[ITER 220] bestGlobalCost=514684.84 (feasible=YES) bestThisIter=514684.84 feasibleAnts=9 noImprove=30 (elapsed 40.9179s)
[RESET] no improvement for30-> reset pheromones
[ITER 230] bestGlobalCost=514684.84 (feasible=YES) bestThisIter=515322.77 feasibleAnts=10 noImprove=10 (elapsed 43.2776s)
[ITER 240] bestGlobalCost=514684.84 (feasible=YES) bestThisIter=514684.84 feasibleAnts=10 noImprove=20 (elapsed 45.521s)
[ITER 250] bestGlobalCost=514684.84 (feasible=YES) bestThisIter=514684.84 feasibleAnts=10 noImprove=30 (elapsed 45.9971s)
[RESET] no improvement for30-> reset pheromones
[ITER 260] bestGlobalCost=514684.84 (feasible=YES) bestThisIter=515999.58 feasibleAnts=10 noImprove=10 (elapsed 48.8332s)
[ITER 270] bestGlobalCost=514684.84 (feasible=YES) bestThisIter=514684.84 feasibleAnts=10 noImprove=20 (elapsed 51.2126s)
[ITER 280] bestGlobalCost=514684.84 (feasible=YES) bestThisIter=515116.20 feasibleAnts=10 noImprove=30 (elapsed 51.5657s)
[RESET] no improvement for30-> reset pheromones
[ITER 290] bestGlobalCost=514684.84 (feasible=YES) bestThisIter=524626.39 feasibleAnts=10 noImprove=10 (elapsed 53.9319s)
[ITER 300] bestGlobalCost=514684.84 (feasible=YES) bestThisIter=514684.84 feasibleAnts=10 noImprove=20 (elapsed 56.7119s)
[ITER 310] bestGlobalCost=514684.84 (feasible=YES) bestThisIter=514684.84 feasibleAnts=10 noImprove=30 (elapsed 57.1891s)
[RESET] no improvement for30-> reset pheromones
[ITER 320] bestGlobalCost=514684.84 (feasible=YES) bestThisIter=520407.72 feasibleAnts=10 noImprove=10 (elapsed 59.5151s)
[ITER 330] bestGlobalCost=514684.84 (feasible=YES) bestThisIter=514684.84 feasibleAnts=10 noImprove=20 (elapsed 61.7741s)
1 2 3 6 7 10 11 12 15 18 19 20 21 22 23 27 28 29 30 31 32 37 103 
38 40 43 44 45 46 47 48 49 50 51 52 53 54 55 56 57 58 59 62 64 104 
4 5 8 9 13 14 16 17 24 25 26 33 34 35 36 39 41 42 61 
67 68 71 72 77 78 79 82 83 84 85 91 92 93 96 97 98 101 102 105 
60 63 65 66 69 70 73 74 75 76 80 81 86 87 88 89 90 94 95 99 100 
[SAVELOGS] evolution saved to results/logs/lin105_05_4/evolution/lin105_05_4
[SAVELOGS] best cost saved to results/logs/lin105_05_4/objectives/lin105_05_4
[SAVELOGS] best solution saved to results/logs/lin105_05_4/solutions/lin105_05_4
