[ITER 1] New best cost=524906.75 (feasible=YES, time 0.0479139s)
[ITER 2] New best cost=516407.01 (feasible=YES, time 0.0788649s)
[ITER 8] New best cost=515116.20 (feasible=YES, time 0.343337s)
[ITER 10] bestGlobalCost=515116.20 (feasible=YES) bestThisIter=518926.13 feasibleAnts=10 noImprove=2 (elapsed 0.417198s)
[ITER 20] bestGlobalCost=515116.20 (feasible=YES) bestThisIter=515116.20 feasibleAnts=10 noImprove=12 (elapsed 2.75232s)
[ITER 26] New best cost=514684.84 (feasible=YES, time 3.02138s)
[ITER 30] bestGlobalCost=514684.84 (feasible=YES) bestThisIter=514684.84 feasibleAnts=18 noImprove=4 (elapsed 5.45527s)
[ITER 40] bestGlobalCost=514684.84 (feasible=YES) bestThisIter=514684.84 feasibleAnts=10 noImprove=14 (elapsed 5.87171s)
[ITER 50] bestGlobalCost=514684.84 (feasible=YES) bestThisIter=514684.84 feasibleAnts=10 noImprove=24 (elapsed 8.11808s)
[RESET] no improvement for30-> reset pheromones
[ITER 60] bestGlobalCost=514684.84 (feasible=YES) bestThisIter=527404.63 feasibleAnts=10 noImprove=4 (elapsed 10.5021s)
[ITER 70] bestGlobalCost=514684.84 (feasible=YES) bestThisIter=514684.84 feasibleAnts=10 noImprove=14 (elapsed 11.0035s)
[ITER 80] bestGlobalCost=514684.84 (feasible=YES) bestThisIter=514684.84 feasibleAnts=10 noImprove=24 (elapsed 13.7195s)
[RESET] no improvement for30-> reset pheromones
[ITER 90] bestGlobalCost=514684.84 (feasible=YES) bestThisIter=525618.25 feasibleAnts=10 noImprove=4 (elapsed 15.9118s)
[ITER 100] bestGlobalCost=514684.84 (feasible=YES) bestThisIter=514684.84 feasibleAnts=10 noImprove=14 (elapsed 16.3231s)
[ITER 110] bestGlobalCost=514684.84 (feasible=YES) bestThisIter=514684.84 feasibleAnts=9 noImprove=24 (elapsed 18.725s)
[RESET] no improvement for30-> reset pheromones
[ITER 120] bestGlobalCost=514684.84 (feasible=YES) bestThisIter=526630.72 feasibleAnts=10 noImprove=4 (elapsed 21.4122s)
[ITER 130] bestGlobalCost=514684.84 (feasible=YES) bestThisIter=514684.84 feasibleAnts=10 noImprove=14 (elapsed 21.8728s)
[ITER 140] bestGlobalCost=514684.84 (feasible=YES) bestThisIter=514684.84 feasibleAnts=10 noImprove=24 (elapsed 24.0347s)
[RESET] no improvement for30-> reset pheromones
[ITER 150] bestGlobalCost=514684.84 (feasible=YES) bestThisIter=520525.90 feasibleAnts=10 noImprove=4 (elapsed 26.4356s)
[ITER 160] bestGlobalCost=514684.84 (feasible=YES) bestThisIter=514684.84 feasibleAnts=10 noImprove=14 (elapsed 26.9639s)
[ITER 170] bestGlobalCost=514684.84 (feasible=YES) bestThisIter=514684.84 feasibleAnts=10 noImprove=24 (elapsed 29.6953s)
[RESET] no improvement for30-> reset pheromones
[ITER 180] bestGlobalCost=514684.84 (feasible=YES) bestThisIter=524085.11 feasibleAnts=10 noImprove=4 (elapsed 31.9154s)
[ITER 190] bestGlobalCost=514684.84 (feasible=YES) bestThisIter=514684.84 feasibleAnts=10 noImprove=14 (elapsed 32.3644s)
[ITER 200] bestGlobalCost=514684.84 (feasible=YES) bestThisIter=514684.84 feasibleAnts=10 noImprove=24 (elapsed 34.7965s)
[RESET] no improvement for30-> reset pheromones
[ITER 210] bestGlobalCost=514684.84 (feasible=YES) bestThisIter=521072.57 feasibleAnts=10 noImprove=4 (elapsed 37.5341s)
[ITER 220] bestGlobalCost=514684.84 (feasible=YES) bestThisIter=514684.84 feasibleAnts=10 noImprove=14 (elapsed 37.9779s)
[ITER 230] bestGlobalCost=514684.84 (feasible=YES) bestThisIter=520993.67 feasibleAnts=10 noImprove=24 (elapsed 40.2219s)
[RESET] no improvement for30-> reset pheromones
[ITER 240] bestGlobalCost=514684.84 (feasible=YES) bestThisIter=527196.45 feasibleAnts=10 noImprove=4 (elapsed 42.5817s)
[ITER 250] bestGlobalCost=514684.84 (feasible=YES) bestThisIter=514684.84 feasibleAnts=9 noImprove=14 (elapsed 43.1714s)
[ITER 260] bestGlobalCost=514684.84 (feasible=YES) bestThisIter=514684.84 feasibleAnts=10 noImprove=24 (elapsed 45.8681s)
[RESET] no improvement for30-> reset pheromones
[ITER 270] bestGlobalCost=514684.84 (feasible=YES) bestThisIter=523083.74 feasibleAnts=10 noImprove=4 (elapsed 48.1429s)
[ITER 280] bestGlobalCost=514684.84 (feasible=YES) bestThisIter=514684.84 feasibleAnts=10 noImprove=14 (elapsed 48.5992s)
[ITER 290] bestGlobalCost=514684.84 (feasible=YES) bestThisIter=514684.84 feasibleAnts=10 noImprove=24 (elapsed 51.0643s)
[RESET] no improvement for30-> reset pheromones
[ITER 300] bestGlobalCost=514684.84 (feasible=YES) bestThisIter=522875.65 feasibleAnts=10 noImprove=4 (elapsed 53.8199s)
[ITER 310] bestGlobalCost=514684.84 (feasible=YES) bestThisIter=514684.84 feasibleAnts=12 noImprove=14 (elapsed 54.2454s)
[ITER 320] bestGlobalCost=514684.84 (feasible=YES) bestThisIter=514684.84 feasibleAnts=10 noImprove=24 (elapsed 56.4932s)
[RESET] no improvement for30-> reset pheromones
[ITER 330] bestGlobalCost=514684.84 (feasible=YES) bestThisIter=526342.82 feasibleAnts=10 noImprove=4 (elapsed 58.9872s)
[ITER 340] bestGlobalCost=514684.84 (feasible=YES) bestThisIter=514684.84 feasibleAnts=10 noImprove=14 (elapsed 59.4776s)
1 2 3 6 7 10 11 12 15 18 19 20 21 22 23 27 28 29 30 31 32 37 103 
38 40 43 44 45 46 47 48 49 50 51 52 53 54 55 56 57 58 59 62 64 104 
60 63 65 66 69 70 73 74 75 76 80 81 86 87 88 89 90 94 95 99 100 
4 5 8 9 13 14 16 17 24 25 26 33 34 35 36 39 41 42 61 
67 68 71 72 77 78 79 82 83 84 85 91 92 93 96 97 98 101 102 105 
[SAVELOGS] evolution saved to results/logs/lin105_05_4/evolution/lin105_05_4
[SAVELOGS] best cost saved to results/logs/lin105_05_4/objectives/lin105_05_4
[SAVELOGS] best solution saved to results/logs/lin105_05_4/solutions/lin105_05_4
