[ITER 1] New best cost=524326.63 (feasible=YES, time 0.0627019s)
[ITER 2] New best cost=520048.69 (feasible=YES, time 0.109622s)
[ITER 3] New best cost=517836.82 (feasible=YES, time 0.162499s)
[ITER 4] New best cost=516339.71 (feasible=YES, time 0.231032s)
[ITER 7] New best cost=515322.77 (feasible=YES, time 0.392585s)
[ITER 10] bestGlobalCost=515322.77 (feasible=YES) bestThisIter=515322.77 feasibleAnts=11 noImprove=3 (elapsed 0.546059s)
[ITER 20] bestGlobalCost=515322.77 (feasible=YES) bestThisIter=515322.77 feasibleAnts=10 noImprove=13 (elapsed 2.91623s)
[ITER 30] bestGlobalCost=515322.77 (feasible=YES) bestThisIter=515322.77 feasibleAnts=10 noImprove=23 (elapsed 5.13853s)
[RESET] no improvement for30-> reset pheromones
[ITER 40] bestGlobalCost=515322.77 (feasible=YES) bestThisIter=528773.82 feasibleAnts=10 noImprove=3 (elapsed 5.64428s)
[ITER 50] bestGlobalCost=515322.77 (feasible=YES) bestThisIter=515322.77 feasibleAnts=10 noImprove=13 (elapsed 8.45927s)
[ITER 60] bestGlobalCost=515322.77 (feasible=YES) bestThisIter=517604.45 feasibleAnts=10 noImprove=23 (elapsed 10.8168s)
[RESET] no improvement for30-> reset pheromones
[ITER 70] bestGlobalCost=515322.77 (feasible=YES) bestThisIter=518926.13 feasibleAnts=10 noImprove=3 (elapsed 11.2376s)
[ITER 80] bestGlobalCost=515322.77 (feasible=YES) bestThisIter=518838.32 feasibleAnts=10 noImprove=13 (elapsed 13.5445s)
[ITER 90] bestGlobalCost=515322.77 (feasible=YES) bestThisIter=515322.77 feasibleAnts=10 noImprove=23 (elapsed 15.7932s)
[ITER 93] New best cost=515278.68 (feasible=YES, time 15.9035s)
[ITER 100] bestGlobalCost=515278.68 (feasible=YES) bestThisIter=515278.68 feasibleAnts=12 noImprove=7 (elapsed 16.12s)
[ITER 110] bestGlobalCost=515278.68 (feasible=YES) bestThisIter=515278.68 feasibleAnts=8 noImprove=17 (elapsed 18.4103s)
[ITER 120] bestGlobalCost=515278.68 (feasible=YES) bestThisIter=518413.01 feasibleAnts=10 noImprove=27 (elapsed 21.0983s)
[RESET] no improvement for30-> reset pheromones
[ITER 127] New best cost=515229.59 (feasible=YES, time 21.3997s)
[ITER 130] bestGlobalCost=515229.59 (feasible=YES) bestThisIter=515229.59 feasibleAnts=10 noImprove=3 (elapsed 21.5415s)
[ITER 140] bestGlobalCost=515229.59 (feasible=YES) bestThisIter=515229.59 feasibleAnts=10 noImprove=13 (elapsed 23.7432s)
[ITER 150] bestGlobalCost=515229.59 (feasible=YES) bestThisIter=515229.59 feasibleAnts=10 noImprove=23 (elapsed 28.0332s)
[RESET] no improvement for30-> reset pheromones
[ITER 160] bestGlobalCost=515229.59 (feasible=YES) bestThisIter=517448.49 feasibleAnts=10 noImprove=3 (elapsed 28.6714s)
[ITER 161] New best cost=513624.16 (feasible=YES, time 28.7405s)
[ITER 170] bestGlobalCost=513624.16 (feasible=YES) bestThisIter=515229.59 feasibleAnts=10 noImprove=9 (elapsed 33.3189s)
[ITER 180] bestGlobalCost=513624.16 (feasible=YES) bestThisIter=513624.16 feasibleAnts=10 noImprove=19 (elapsed 36.5704s)
[ITER 190] bestGlobalCost=513624.16 (feasible=YES) bestThisIter=513624.16 feasibleAnts=10 noImprove=29 (elapsed 36.9602s)
[RESET] no improvement for30-> reset pheromones
[ITER 200] bestGlobalCost=513624.16 (feasible=YES) bestThisIter=523075.63 feasibleAnts=10 noImprove=9 (elapsed 39.9838s)
[ITER 210] bestGlobalCost=513624.16 (feasible=YES) bestThisIter=513624.16 feasibleAnts=10 noImprove=19 (elapsed 42.4599s)
[ITER 220] bestGlobalCost=513624.16 (feasible=YES) bestThisIter=515229.59 feasibleAnts=10 noImprove=29 (elapsed 42.7541s)
[RESET] no improvement for30-> reset pheromones
[ITER 230] bestGlobalCost=513624.16 (feasible=YES) bestThisIter=517344.92 feasibleAnts=10 noImprove=9 (elapsed 45.4364s)
[ITER 240] bestGlobalCost=513624.16 (feasible=YES) bestThisIter=518128.15 feasibleAnts=10 noImprove=19 (elapsed 48.1629s)
[ITER 250] bestGlobalCost=513624.16 (feasible=YES) bestThisIter=513624.16 feasibleAnts=10 noImprove=29 (elapsed 48.8041s)
[RESET] no improvement for30-> reset pheromones
[ITER 260] bestGlobalCost=513624.16 (feasible=YES) bestThisIter=522601.05 feasibleAnts=9 noImprove=9 (elapsed 51.6267s)
[ITER 270] bestGlobalCost=513624.16 (feasible=YES) bestThisIter=513624.16 feasibleAnts=10 noImprove=19 (elapsed 54.3527s)
[ITER 280] bestGlobalCost=513624.16 (feasible=YES) bestThisIter=513624.16 feasibleAnts=10 noImprove=29 (elapsed 54.6826s)
[RESET] no improvement for30-> reset pheromones
[ITER 290] bestGlobalCost=513624.16 (feasible=YES) bestThisIter=516904.40 feasibleAnts=10 noImprove=9 (elapsed 57.0552s)
[ITER 300] bestGlobalCost=513624.16 (feasible=YES) bestThisIter=513624.16 feasibleAnts=11 noImprove=19 (elapsed 60.025s)
1 2 3 6 7 8 9 10 11 12 15 18 19 20 21 22 23 27 29 30 31 32 103 
60 61 65 66 70 73 74 75 79 81 87 88 89 90 94 95 98 99 100 
28 40 43 44 45 46 47 48 49 50 51 54 55 56 57 58 59 62 63 64 104 105 
4 5 13 14 16 17 24 25 26 33 34 35 36 37 38 39 41 42 52 53 
67 68 69 71 72 76 77 78 80 82 83 84 85 86 91 92 93 96 97 101 102 
[SAVELOGS] evolution saved to results/logs/lin105_05_4/evolution/lin105_05_4
[SAVELOGS] best cost saved to results/logs/lin105_05_4/objectives/lin105_05_4
[SAVELOGS] best solution saved to results/logs/lin105_05_4/solutions/lin105_05_4
