[ITER 1] New best cost=532458.61 (feasible=YES, time 0.0539818s)
[ITER 2] New best cost=520392.83 (feasible=YES, time 0.102889s)
[ITER 3] New best cost=518223.02 (feasible=YES, time 0.144299s)
[ITER 4] New best cost=517604.45 (feasible=YES, time 0.195334s)
[ITER 7] New best cost=517344.92 (feasible=YES, time 0.345387s)
[ITER 8] New best cost=516165.12 (feasible=YES, time 0.390131s)
[ITER 9] New best cost=516025.49 (feasible=YES, time 0.426395s)
[ITER 10] New best cost=516002.44 (feasible=YES, time 0.477137s)
[ITER 10] bestGlobalCost=516002.44 (feasible=YES) bestThisIter=516002.44 feasibleAnts=10 noImprove=0 (elapsed 0.481s)
[ITER 11] New best cost=515322.77 (feasible=YES, time 0.534467s)
[ITER 20] bestGlobalCost=515322.77 (feasible=YES) bestThisIter=515322.77 feasibleAnts=13 noImprove=9 (elapsed 2.81688s)
[ITER 30] bestGlobalCost=515322.77 (feasible=YES) bestThisIter=515322.77 feasibleAnts=10 noImprove=19 (elapsed 5.0979s)
[ITER 40] bestGlobalCost=515322.77 (feasible=YES) bestThisIter=515322.77 feasibleAnts=10 noImprove=29 (elapsed 5.48749s)
[RESET] no improvement for30-> reset pheromones
[ITER 50] bestGlobalCost=515322.77 (feasible=YES) bestThisIter=526302.99 feasibleAnts=10 noImprove=9 (elapsed 8.29559s)
[ITER 60] bestGlobalCost=515322.77 (feasible=YES) bestThisIter=515322.77 feasibleAnts=10 noImprove=19 (elapsed 10.7112s)
[ITER 70] bestGlobalCost=515322.77 (feasible=YES) bestThisIter=515322.77 feasibleAnts=10 noImprove=29 (elapsed 11.1378s)
[ITER 71] New best cost=515278.68 (feasible=YES, time 11.1875s)
[ITER 80] bestGlobalCost=515278.68 (feasible=YES) bestThisIter=515278.68 feasibleAnts=12 noImprove=9 (elapsed 13.252s)
[ITER 90] bestGlobalCost=515278.68 (feasible=YES) bestThisIter=515278.68 feasibleAnts=10 noImprove=19 (elapsed 15.8247s)
[ITER 100] bestGlobalCost=515278.68 (feasible=YES) bestThisIter=519254.30 feasibleAnts=10 noImprove=29 (elapsed 16.1769s)
[RESET] no improvement for30-> reset pheromones
[ITER 110] bestGlobalCost=515278.68 (feasible=YES) bestThisIter=522111.81 feasibleAnts=10 noImprove=9 (elapsed 18.6406s)
[ITER 120] bestGlobalCost=515278.68 (feasible=YES) bestThisIter=515278.68 feasibleAnts=10 noImprove=19 (elapsed 20.8553s)
[ITER 130] bestGlobalCost=515278.68 (feasible=YES) bestThisIter=515278.68 feasibleAnts=10 noImprove=29 (elapsed 21.1648s)
[RESET] no improvement for30-> reset pheromones
[ITER 140] bestGlobalCost=515278.68 (feasible=YES) bestThisIter=530296.84 feasibleAnts=10 noImprove=9 (elapsed 23.8755s)
[ITER 150] bestGlobalCost=515278.68 (feasible=YES) bestThisIter=515278.68 feasibleAnts=9 noImprove=19 (elapsed 26.27s)
[ITER 160] bestGlobalCost=515278.68 (feasible=YES) bestThisIter=515278.68 feasibleAnts=10 noImprove=29 (elapsed 26.5336s)
[RESET] no improvement for30-> reset pheromones
[ITER 170] bestGlobalCost=515278.68 (feasible=YES) bestThisIter=521641.82 feasibleAnts=10 noImprove=9 (elapsed 28.8894s)
[ITER 180] bestGlobalCost=515278.68 (feasible=YES) bestThisIter=515278.68 feasibleAnts=10 noImprove=19 (elapsed 31.5061s)
[ITER 190] bestGlobalCost=515278.68 (feasible=YES) bestThisIter=515278.68 feasibleAnts=10 noImprove=29 (elapsed 31.8731s)
[RESET] no improvement for30-> reset pheromones
[ITER 194] New best cost=513624.16 (feasible=YES, time 32.0906s)
[ITER 200] bestGlobalCost=513624.16 (feasible=YES) bestThisIter=513624.16 feasibleAnts=10 noImprove=6 (elapsed 34.3746s)
[ITER 210] bestGlobalCost=513624.16 (feasible=YES) bestThisIter=513624.16 feasibleAnts=9 noImprove=16 (elapsed 36.4954s)
[ITER 220] bestGlobalCost=513624.16 (feasible=YES) bestThisIter=513624.16 feasibleAnts=10 noImprove=26 (elapsed 36.8092s)
[RESET] no improvement for30-> reset pheromones
[ITER 230] bestGlobalCost=513624.16 (feasible=YES) bestThisIter=526618.93 feasibleAnts=10 noImprove=6 (elapsed 39.4612s)
[ITER 240] bestGlobalCost=513624.16 (feasible=YES) bestThisIter=513624.16 feasibleAnts=10 noImprove=16 (elapsed 42.0511s)
[ITER 250] bestGlobalCost=513624.16 (feasible=YES) bestThisIter=513624.16 feasibleAnts=10 noImprove=26 (elapsed 42.357s)
[RESET] no improvement for30-> reset pheromones
[ITER 260] bestGlobalCost=513624.16 (feasible=YES) bestThisIter=520048.69 feasibleAnts=10 noImprove=6 (elapsed 44.5235s)
[ITER 270] bestGlobalCost=513624.16 (feasible=YES) bestThisIter=513624.16 feasibleAnts=8 noImprove=16 (elapsed 47.0572s)
[ITER 280] bestGlobalCost=513624.16 (feasible=YES) bestThisIter=513624.16 feasibleAnts=10 noImprove=26 (elapsed 47.4754s)
[RESET] no improvement for30-> reset pheromones
[ITER 290] bestGlobalCost=513624.16 (feasible=YES) bestThisIter=528150.48 feasibleAnts=10 noImprove=6 (elapsed 50.1479s)
[ITER 300] bestGlobalCost=513624.16 (feasible=YES) bestThisIter=513624.16 feasibleAnts=10 noImprove=16 (elapsed 52.3093s)
[ITER 310] bestGlobalCost=513624.16 (feasible=YES) bestThisIter=519202.52 feasibleAnts=10 noImprove=26 (elapsed 52.6507s)
[RESET] no improvement for30-> reset pheromones
[ITER 320] bestGlobalCost=513624.16 (feasible=YES) bestThisIter=518045.70 feasibleAnts=10 noImprove=6 (elapsed 54.8431s)
[ITER 330] bestGlobalCost=513624.16 (feasible=YES) bestThisIter=513624.16 feasibleAnts=11 noImprove=16 (elapsed 57.0742s)
[ITER 340] bestGlobalCost=513624.16 (feasible=YES) bestThisIter=513624.16 feasibleAnts=10 noImprove=26 (elapsed 57.3639s)
[RESET] no improvement for30-> reset pheromones
60 61 65 66 70 73 74 75 79 81 87 88 89 90 94 95 98 99 100 
4 5 13 14 16 17 24 25 26 33 34 35 36 37 38 39 41 42 52 53 
28 40 43 44 45 46 47 48 49 50 51 54 55 56 57 58 59 62 63 64 104 105 
67 68 69 71 72 76 77 78 80 82 83 84 85 86 91 92 93 96 97 101 102 
1 2 3 6 7 8 9 10 11 12 15 18 19 20 21 22 23 27 29 30 31 32 103 
[SAVELOGS] evolution saved to results/logs/lin105_05_4/evolution/lin105_05_4
[SAVELOGS] best cost saved to results/logs/lin105_05_4/objectives/lin105_05_4
[SAVELOGS] best solution saved to results/logs/lin105_05_4/solutions/lin105_05_4
