[ITER 1] New best cost=2323225.91 (feasible=YES, time 0.275694s)
[ITER 2] New best cost=2290231.17 (feasible=YES, time 0.474701s)
[ITER 3] New best cost=2240665.65 (feasible=YES, time 0.587141s)
[ITER 4] New best cost=2193319.40 (feasible=YES, time 0.772151s)
[ITER 9] New best cost=2155639.18 (feasible=YES, time 2.02072s)
[ITER 10] New best cost=2135769.20 (feasible=YES, time 2.18861s)
[ITER 10] bestGlobalCost=2135769.20 (feasible=YES) bestThisIter=2135769.20 feasibleAnts=10 noImprove=0 (elapsed 2.19242s)
[ITER 11] New best cost=2115505.71 (feasible=YES, time 2.39159s)
[ITER 12] New best cost=2076229.11 (feasible=YES, time 2.59417s)
[ITER 15] New best cost=2038904.85 (feasible=YES, time 5.09191s)
[ITER 20] bestGlobalCost=2038904.85 (feasible=YES) bestThisIter=2038904.85 feasibleAnts=9 noImprove=5 (elapsed 13.2893s)
[ITER 30] New best cost=2038182.94 (feasible=YES, time 18.6637s)
[ITER 30] New best cost=2032955.59 (feasible=YES, time 20.7162s)
[ITER 30] New best cost=2032661.39 (feasible=YES, time 22.5268s)
[ITER 30] New best cost=2032206.87 (feasible=YES, time 24.2524s)
[ITER 30] bestGlobalCost=2032206.87 (feasible=YES) bestThisIter=2059933.34 feasibleAnts=10 noImprove=0 (elapsed 24.2569s)
[ITER 32] New best cost=2022520.64 (feasible=YES, time 24.4968s)
[ITER 37] New best cost=2019237.06 (feasible=YES, time 25.365s)
[ITER 40] New best cost=2011217.57 (feasible=YES, time 25.94s)
[ITER 40] bestGlobalCost=2011217.57 (feasible=YES) bestThisIter=2011217.57 feasibleAnts=13 noImprove=0 (elapsed 25.9438s)
[ITER 42] New best cost=2007807.88 (feasible=YES, time 26.2797s)
[ITER 50] bestGlobalCost=2007807.88 (feasible=YES) bestThisIter=2007807.88 feasibleAnts=10 noImprove=8 (elapsed 37.0445s)
[ITER 60] bestGlobalCost=2007807.88 (feasible=YES) bestThisIter=2128057.12 feasibleAnts=10 noImprove=18 (elapsed 47.8858s)
[ITER 70] bestGlobalCost=2007807.88 (feasible=YES) bestThisIter=2235874.11 feasibleAnts=10 noImprove=28 (elapsed 49.8605s)
[RESET] no improvement for30-> reset pheromones
47 48 49 50 51 72 73 74 75 76 77 79 92 94 95 115 
53 78 91 93 96 97 98 116 121 131 133 145 146 
42 60 61 62 63 64 84 85 86 105 106 107 108 109 110 111 112 
7 8 9 10 11 17 18 19 22 40 41 56 59 66 
44 45 46 52 54 55 69 70 71 80 89 90 99 113 114 
1 2 3 15 16 28 29 30 31 32 33 34 35 36 37 
4 5 6 12 13 14 20 21 23 24 25 26 27 38 39 
43 57 58 65 67 68 81 82 83 87 88 100 101 102 103 104 
117 118 119 120 132 134 135 137 138 139 140 141 142 143 144 
122 123 124 125 126 127 128 129 130 136 147 148 149 150 151 152 
[SAVELOGS] evolution saved to results/logs/pr152_10_5/evolution/pr152_10_5
[SAVELOGS] best cost saved to results/logs/pr152_10_5/objectives/pr152_10_5
[SAVELOGS] best solution saved to results/logs/pr152_10_5/solutions/pr152_10_5
