[ITER 1] New best cost=634537.43 (feasible=YES, time 0.227454s)
[ITER 2] New best cost=581205.93 (feasible=YES, time 1.58181s)
[ITER 3] New best cost=580140.53 (feasible=YES, time 2.64643s)
[ITER 5] New best cost=574373.91 (feasible=YES, time 4.36925s)
[ITER 7] New best cost=567182.72 (feasible=YES, time 6.06022s)
[ITER 8] New best cost=563685.89 (feasible=YES, time 6.97659s)
[ITER 10] New best cost=554442.99 (feasible=YES, time 11.0691s)
[ITER 10] bestGlobalCost=554442.99 (feasible=YES) bestThisIter=568618.18 feasibleAnts=10 noImprove=0 (elapsed 11.0726s)
[ITER 20] bestGlobalCost=554442.99 (feasible=YES) bestThisIter=570983.94 feasibleAnts=12 noImprove=10 (elapsed 24.2044s)
[ITER 30] bestGlobalCost=554442.99 (feasible=YES) bestThisIter=560404.58 feasibleAnts=9 noImprove=20 (elapsed 36.8119s)
[ITER 40] bestGlobalCost=554442.99 (feasible=YES) bestThisIter=575309.22 feasibleAnts=9 noImprove=30 (elapsed 49.4352s)
[ITER 50] bestGlobalCost=554442.99 (feasible=YES) bestThisIter=589639.11 feasibleAnts=5 noImprove=40 (elapsed 57.4451s)
[ITER 60] bestGlobalCost=554442.99 (feasible=YES) bestThisIter=604300.22 feasibleAnts=3 noImprove=50 (elapsed 62.6563s)
[RESET] no improvement for50-> reset pheromones
[ITER 70] bestGlobalCost=554442.99 (feasible=YES) bestThisIter=561772.02 feasibleAnts=10 noImprove=10 (elapsed 72.5837s)
[ITER 80] bestGlobalCost=554442.99 (feasible=YES) bestThisIter=562572.38 feasibleAnts=9 noImprove=20 (elapsed 82.5192s)
[ITER 90] bestGlobalCost=554442.99 (feasible=YES) bestThisIter=577735.60 feasibleAnts=7 noImprove=30 (elapsed 93.5064s)
[ITER 100] bestGlobalCost=554442.99 (feasible=YES) bestThisIter=578882.55 feasibleAnts=6 noImprove=40 (elapsed 100.636s)
[ITER 110] bestGlobalCost=554442.99 (feasible=YES) bestThisIter=576288.88 feasibleAnts=3 noImprove=50 (elapsed 106.983s)
[RESET] no improvement for50-> reset pheromones
[ITER 120] bestGlobalCost=554442.99 (feasible=YES) bestThisIter=555502.50 feasibleAnts=10 noImprove=10 (elapsed 116.07s)
[ITER 130] New best cost=552921.64 (feasible=YES, time 129.244s)
[ITER 130] bestGlobalCost=552921.64 (feasible=YES) bestThisIter=563005.71 feasibleAnts=10 noImprove=0 (elapsed 129.248s)
[ITER 140] bestGlobalCost=552921.64 (feasible=YES) bestThisIter=562395.12 feasibleAnts=10 noImprove=10 (elapsed 139.117s)
[ITER 150] bestGlobalCost=552921.64 (feasible=YES) bestThisIter=559782.26 feasibleAnts=10 noImprove=20 (elapsed 150.624s)
[ITER 160] bestGlobalCost=552921.64 (feasible=YES) bestThisIter=570515.02 feasibleAnts=8 noImprove=30 (elapsed 160.908s)
[ITER 170] bestGlobalCost=552921.64 (feasible=YES) bestThisIter=577673.84 feasibleAnts=8 noImprove=40 (elapsed 169.055s)
[ITER 180] bestGlobalCost=552921.64 (feasible=YES) bestThisIter=592670.22 feasibleAnts=3 noImprove=50 (elapsed 174.165s)
[RESET] no improvement for50-> reset pheromones
[ITER 190] New best cost=552830.63 (feasible=YES, time 184.448s)
[ITER 190] bestGlobalCost=552830.63 (feasible=YES) bestThisIter=554365.55 feasibleAnts=10 noImprove=0 (elapsed 184.451s)
[ITER 198] New best cost=552663.37 (feasible=YES, time 191.884s)
[ITER 200] New best cost=551570.26 (feasible=YES, time 195.664s)
[ITER 200] bestGlobalCost=551570.26 (feasible=YES) bestThisIter=552786.68 feasibleAnts=10 noImprove=0 (elapsed 195.668s)
[ITER 210] bestGlobalCost=551570.26 (feasible=YES) bestThisIter=554623.31 feasibleAnts=10 noImprove=10 (elapsed 207.211s)
[ITER 220] bestGlobalCost=551570.26 (feasible=YES) bestThisIter=566137.20 feasibleAnts=10 noImprove=20 (elapsed 219.99s)
[ITER 230] bestGlobalCost=551570.26 (feasible=YES) bestThisIter=576251.88 feasibleAnts=8 noImprove=30 (elapsed 232.01s)
[ITER 240] bestGlobalCost=551570.26 (feasible=YES) bestThisIter=577566.15 feasibleAnts=5 noImprove=40 (elapsed 242.106s)
[ITER 250] bestGlobalCost=551570.26 (feasible=YES) bestThisIter=577919.61 feasibleAnts=9 noImprove=50 (elapsed 250.893s)
[RESET] no improvement for50-> reset pheromones
[ITER 260] bestGlobalCost=551570.26 (feasible=YES) bestThisIter=562545.17 feasibleAnts=9 noImprove=10 (elapsed 264.406s)
[ITER 270] bestGlobalCost=551570.26 (feasible=YES) bestThisIter=575661.95 feasibleAnts=10 noImprove=20 (elapsed 277.529s)
[ITER 280] bestGlobalCost=551570.26 (feasible=YES) bestThisIter=579269.45 feasibleAnts=6 noImprove=30 (elapsed 289.728s)
[ITER 290] bestGlobalCost=551570.26 (feasible=YES) bestThisIter=583914.77 feasibleAnts=5 noImprove=40 (elapsed 299.299s)
5 43 50 83 86 95 105 130 137 139 168 178 185 
21 23 30 41 73 89 140 144 154 158 164 167 173 
16 37 51 63 66 116 118 119 122 153 170 179 188 194 
6 42 55 107 109 112 127 134 135 155 157 183 186 
8 17 22 25 34 58 75 90 103 114 129 143 146 171 
33 57 59 74 99 106 108 131 142 156 180 189 197 
28 38 39 56 71 72 88 98 141 148 152 196 200 
1 27 40 46 53 85 111 115 117 121 123 132 172 174 191 
2 35 54 62 65 68 77 80 125 151 161 181 187 
13 15 20 31 47 64 67 79 120 160 162 177 198 
3 4 12 60 69 93 101 128 145 147 163 192 193 
10 14 18 19 29 36 49 92 97 100 110 149 175 190 
11 44 45 48 52 81 84 87 96 104 126 165 166 
70 76 91 94 102 113 133 150 169 176 182 195 
7 9 24 26 32 61 78 82 124 136 138 159 184 199 
[SAVELOGS] evolution saved to results/logs/aco_logs/evolution/kroA200_15_5.txt
[SAVELOGS] best cost saved to results/logs/aco_logs/objectives/kroA200_15_5.txt
[SAVELOGS] best solution saved to results/logs/aco_logs/solutions/kroA200_15_5.txt
