[ITER 1] New best cost=619476.21 (feasible=YES, time 0.202057s)
[ITER 2] New best cost=605549.90 (feasible=YES, time 1.03171s)
[ITER 3] New best cost=598659.83 (feasible=YES, time 1.96495s)
[ITER 4] New best cost=598140.44 (feasible=YES, time 2.7933s)
[ITER 5] New best cost=592523.86 (feasible=YES, time 3.79333s)
[ITER 6] New best cost=592276.98 (feasible=YES, time 4.81351s)
[ITER 7] New best cost=589150.97 (feasible=YES, time 5.56767s)
[ITER 8] New best cost=587989.03 (feasible=YES, time 6.25064s)
[ITER 10] New best cost=577094.47 (feasible=YES, time 10.7639s)
[ITER 10] bestGlobalCost=577094.47 (feasible=YES) bestThisIter=578045.54 feasibleAnts=10 noImprove=0 (elapsed 10.7672s)
[ITER 20] New best cost=576397.11 (feasible=YES, time 23.4176s)
[ITER 20] bestGlobalCost=576397.11 (feasible=YES) bestThisIter=579894.27 feasibleAnts=9 noImprove=0 (elapsed 23.4232s)
[ITER 23] New best cost=575266.17 (feasible=YES, time 27.0502s)
[ITER 30] bestGlobalCost=575266.17 (feasible=YES) bestThisIter=578133.18 feasibleAnts=10 noImprove=7 (elapsed 34.386s)
[ITER 31] New best cost=573316.78 (feasible=YES, time 35.2667s)
[ITER 34] New best cost=572363.87 (feasible=YES, time 38.1159s)
[ITER 37] New best cost=571579.10 (feasible=YES, time 40.4252s)
[ITER 40] bestGlobalCost=571579.10 (feasible=YES) bestThisIter=574206.69 feasibleAnts=10 noImprove=3 (elapsed 44.7862s)
[ITER 47] New best cost=569937.61 (feasible=YES, time 50.8576s)
[ITER 50] bestGlobalCost=569937.61 (feasible=YES) bestThisIter=571579.10 feasibleAnts=10 noImprove=3 (elapsed 54.8369s)
[ITER 60] bestGlobalCost=569937.61 (feasible=YES) bestThisIter=581875.32 feasibleAnts=10 noImprove=13 (elapsed 65.6062s)
[ITER 70] bestGlobalCost=569937.61 (feasible=YES) bestThisIter=595617.67 feasibleAnts=9 noImprove=23 (elapsed 76.0655s)
[ITER 80] bestGlobalCost=569937.61 (feasible=YES) bestThisIter=596891.62 feasibleAnts=5 noImprove=33 (elapsed 85.4717s)
[ITER 90] bestGlobalCost=569937.61 (feasible=YES) bestThisIter=590070.01 feasibleAnts=3 noImprove=43 (elapsed 93.6863s)
[RESET] no improvement for50-> reset pheromones
[ITER 99] New best cost=568457.16 (feasible=YES, time 96.4454s)
[ITER 100] bestGlobalCost=568457.16 (feasible=YES) bestThisIter=569937.61 feasibleAnts=10 noImprove=1 (elapsed 98.913s)
[ITER 110] bestGlobalCost=568457.16 (feasible=YES) bestThisIter=569337.95 feasibleAnts=10 noImprove=11 (elapsed 108.068s)
[ITER 120] bestGlobalCost=568457.16 (feasible=YES) bestThisIter=591075.03 feasibleAnts=9 noImprove=21 (elapsed 118.564s)
[ITER 130] bestGlobalCost=568457.16 (feasible=YES) bestThisIter=591223.28 feasibleAnts=7 noImprove=31 (elapsed 128.432s)
[ITER 140] bestGlobalCost=568457.16 (feasible=YES) bestThisIter=580062.00 feasibleAnts=6 noImprove=41 (elapsed 137.154s)
[RESET] no improvement for50-> reset pheromones
[ITER 150] bestGlobalCost=568457.16 (feasible=YES) bestThisIter=614403.97 feasibleAnts=3 noImprove=1 (elapsed 143.435s)
[ITER 160] bestGlobalCost=568457.16 (feasible=YES) bestThisIter=574718.59 feasibleAnts=10 noImprove=11 (elapsed 152.85s)
[ITER 170] bestGlobalCost=568457.16 (feasible=YES) bestThisIter=589298.87 feasibleAnts=10 noImprove=21 (elapsed 162.564s)
[ITER 180] bestGlobalCost=568457.16 (feasible=YES) bestThisIter=582641.83 feasibleAnts=9 noImprove=31 (elapsed 171.631s)
[ITER 190] bestGlobalCost=568457.16 (feasible=YES) bestThisIter=607417.17 feasibleAnts=4 noImprove=41 (elapsed 180.748s)
[RESET] no improvement for50-> reset pheromones
[ITER 200] bestGlobalCost=568457.16 (feasible=YES) bestThisIter=633084.34 feasibleAnts=3 noImprove=1 (elapsed 187.733s)
[ITER 209] New best cost=568291.60 (feasible=YES, time 197.536s)
[ITER 210] bestGlobalCost=568291.60 (feasible=YES) bestThisIter=568457.16 feasibleAnts=18 noImprove=1 (elapsed 200.333s)
[ITER 213] New best cost=564222.54 (feasible=YES, time 202.165s)
[ITER 220] bestGlobalCost=564222.54 (feasible=YES) bestThisIter=574860.03 feasibleAnts=10 noImprove=7 (elapsed 210.43s)
[ITER 221] New best cost=563304.34 (feasible=YES, time 211.273s)
[ITER 224] New best cost=562034.06 (feasible=YES, time 213.908s)
[ITER 229] New best cost=561181.87 (feasible=YES, time 216.404s)
[ITER 230] bestGlobalCost=561181.87 (feasible=YES) bestThisIter=562034.06 feasibleAnts=13 noImprove=1 (elapsed 219.077s)
[ITER 240] bestGlobalCost=561181.87 (feasible=YES) bestThisIter=576955.73 feasibleAnts=10 noImprove=11 (elapsed 227.704s)
[ITER 250] bestGlobalCost=561181.87 (feasible=YES) bestThisIter=572649.73 feasibleAnts=10 noImprove=21 (elapsed 239.106s)
[ITER 260] bestGlobalCost=561181.87 (feasible=YES) bestThisIter=577765.33 feasibleAnts=6 noImprove=31 (elapsed 250.249s)
[ITER 270] bestGlobalCost=561181.87 (feasible=YES) bestThisIter=590718.37 feasibleAnts=3 noImprove=41 (elapsed 260.308s)
[RESET] no improvement for50-> reset pheromones
[ITER 280] bestGlobalCost=561181.87 (feasible=YES) bestThisIter=643267.98 feasibleAnts=3 noImprove=1 (elapsed 267.077s)
[ITER 290] bestGlobalCost=561181.87 (feasible=YES) bestThisIter=570292.47 feasibleAnts=10 noImprove=11 (elapsed 276.735s)
[ITER 300] bestGlobalCost=561181.87 (feasible=YES) bestThisIter=574903.13 feasibleAnts=9 noImprove=21 (elapsed 289.259s)
[ITER 310] bestGlobalCost=561181.87 (feasible=YES) bestThisIter=587789.74 feasibleAnts=9 noImprove=31 (elapsed 299.645s)
30 41 65 68 77 79 80 125 158 161 167 193 
19 36 45 48 81 92 96 97 100 104 119 165 190 197 
28 38 39 43 56 71 88 105 139 148 152 178 196 
16 18 29 37 46 49 63 66 110 118 149 172 175 179 
5 76 86 91 94 95 113 133 137 150 176 182 195 
3 4 12 60 69 93 101 106 123 128 147 163 191 192 
10 14 33 57 73 74 99 108 131 142 156 180 189 
7 9 24 26 32 61 78 82 124 136 138 159 184 199 
1 13 27 40 53 85 111 115 117 121 132 145 174 198 
11 44 51 52 84 87 116 122 126 153 166 170 188 194 
15 20 31 42 47 55 64 67 135 160 162 177 186 
22 25 34 58 72 90 98 103 114 129 130 141 171 200 
8 17 75 107 109 112 120 127 134 143 146 155 183 
2 6 35 50 54 62 83 151 157 168 181 185 187 
21 23 59 70 89 102 140 144 154 164 169 173 
[SAVELOGS] evolution saved to results/logs/aco_logs/evolution/kroA200_15_5.txt
[SAVELOGS] best cost saved to results/logs/aco_logs/objectives/kroA200_15_5.txt
[SAVELOGS] best solution saved to results/logs/aco_logs/solutions/kroA200_15_5.txt
