[ITER 1] New best cost=494830.29 (feasible=YES, time 0.148766s)
[ITER 2] New best cost=427110.55 (feasible=YES, time 0.280337s)
[ITER 3] New best cost=420076.95 (feasible=YES, time 0.375241s)
[ITER 4] New best cost=419121.30 (feasible=YES, time 0.481225s)
[ITER 5] New best cost=416695.10 (feasible=YES, time 0.562152s)
[ITER 6] New best cost=414955.14 (feasible=YES, time 0.646272s)
[ITER 7] New best cost=414420.71 (feasible=YES, time 0.723419s)
[ITER 10] bestGlobalCost=414420.71 (feasible=YES) bestThisIter=414420.71 feasibleAnts=10 noImprove=3 (elapsed 1.03627s)
[ITER 20] bestGlobalCost=414420.71 (feasible=YES) bestThisIter=435113.55 feasibleAnts=10 noImprove=13 (elapsed 8.07781s)
[ITER 30] bestGlobalCost=414420.71 (feasible=YES) bestThisIter=442326.87 feasibleAnts=10 noImprove=23 (elapsed 15.4958s)
[RESET] no improvement for30-> reset pheromones
[ITER 40] bestGlobalCost=414420.71 (feasible=YES) bestThisIter=416526.59 feasibleAnts=10 noImprove=3 (elapsed 17.1649s)
[ITER 50] bestGlobalCost=414420.71 (feasible=YES) bestThisIter=442337.57 feasibleAnts=10 noImprove=13 (elapsed 25.0099s)
[ITER 60] bestGlobalCost=414420.71 (feasible=YES) bestThisIter=422329.03 feasibleAnts=10 noImprove=23 (elapsed 32.46s)
[RESET] no improvement for30-> reset pheromones
[ITER 70] bestGlobalCost=414420.71 (feasible=YES) bestThisIter=451253.87 feasibleAnts=10 noImprove=3 (elapsed 34.0003s)
[ITER 80] bestGlobalCost=414420.71 (feasible=YES) bestThisIter=430360.17 feasibleAnts=10 noImprove=13 (elapsed 41.7098s)
[ITER 90] bestGlobalCost=414420.71 (feasible=YES) bestThisIter=460345.79 feasibleAnts=10 noImprove=23 (elapsed 49.2135s)
[RESET] no improvement for30-> reset pheromones
[ITER 100] bestGlobalCost=414420.71 (feasible=YES) bestThisIter=460264.86 feasibleAnts=10 noImprove=3 (elapsed 50.9752s)
[ITER 110] bestGlobalCost=414420.71 (feasible=YES) bestThisIter=433565.46 feasibleAnts=10 noImprove=13 (elapsed 58.7148s)
43 57 82 87 104 111 112 
90 91 96 97 98 99 115 
122 129 130 131 132 147 148 149 
62 83 84 86 105 106 108 109 
44 55 56 66 68 81 
118 136 137 138 141 142 143 146 
70 80 89 100 113 114 
3 4 14 28 29 30 31 32 38 
6 7 11 12 20 22 23 
5 13 24 25 26 27 39 
1 2 15 16 33 34 35 36 37 
47 48 49 50 51 73 74 75 76 
123 124 125 126 127 128 150 151 152 
41 42 58 59 60 61 63 64 
65 67 88 101 102 103 
8 9 10 17 18 19 21 40 
119 120 121 133 134 135 144 145 
85 107 110 117 139 140 
77 78 92 93 94 95 116 
45 46 52 53 54 69 71 72 79 
[SAVELOGS] evolution saved to results/logs/pr152_20_2/evolution/pr152_20_2
[SAVELOGS] best cost saved to results/logs/pr152_20_2/objectives/pr152_20_2
[SAVELOGS] best solution saved to results/logs/pr152_20_2/solutions/pr152_20_2
