[ITER 1] New best cost=13514.55 (feasible=YES, time 0.276795s)
[ITER 2] New best cost=13163.39 (feasible=YES, time 0.383079s)
[ITER 3] New best cost=13158.82 (feasible=YES, time 0.560801s)
[ITER 10] New best cost=13117.10 (feasible=YES, time 1.73731s)
[ITER 10] bestGlobalCost=13117.10 (feasible=YES) bestThisIter=13117.10 feasibleAnts=10 noImprove=0 (elapsed 1.74162s)
[ITER 11] New best cost=13037.31 (feasible=YES, time 1.86139s)
[ITER 13] New best cost=13010.13 (feasible=YES, time 2.11675s)
[ITER 15] New best cost=12933.06 (feasible=YES, time 4.13983s)
[ITER 15] New best cost=12594.26 (feasible=YES, time 5.71683s)
[ITER 20] bestGlobalCost=12594.26 (feasible=YES) bestThisIter=12594.26 feasibleAnts=10 noImprove=5 (elapsed 10.3099s)
[ITER 23] New best cost=12549.83 (feasible=YES, time 10.7771s)
[ITER 30] bestGlobalCost=12549.83 (feasible=YES) bestThisIter=12549.83 feasibleAnts=10 noImprove=7 (elapsed 18.9099s)
[ITER 40] bestGlobalCost=12549.83 (feasible=YES) bestThisIter=12746.67 feasibleAnts=10 noImprove=17 (elapsed 20.3181s)
[ITER 50] bestGlobalCost=12549.83 (feasible=YES) bestThisIter=13167.37 feasibleAnts=10 noImprove=27 (elapsed 29.1798s)
[RESET] no improvement for30-> reset pheromones
[ITER 60] bestGlobalCost=12549.83 (feasible=YES) bestThisIter=13514.56 feasibleAnts=10 noImprove=7 (elapsed 38.5235s)
[ITER 70] bestGlobalCost=12549.83 (feasible=YES) bestThisIter=12978.31 feasibleAnts=10 noImprove=17 (elapsed 40.4184s)
[ITER 75] New best cost=12540.77 (feasible=YES, time 42.7584s)
[ITER 80] bestGlobalCost=12540.77 (feasible=YES) bestThisIter=12540.77 feasibleAnts=11 noImprove=5 (elapsed 49.1046s)
[ITER 81] New best cost=12513.71 (feasible=YES, time 49.2121s)
[ITER 90] bestGlobalCost=12513.71 (feasible=YES) bestThisIter=12513.71 feasibleAnts=10 noImprove=9 (elapsed 57.5286s)
[ITER 100] bestGlobalCost=12513.71 (feasible=YES) bestThisIter=12646.64 feasibleAnts=10 noImprove=19 (elapsed 59.098s)
84 85 94 101 102 103 125 126 128 129 134 135 136 137 
98 104 105 106 107 108 109 110 111 112 113 114 115 116 
67 68 70 71 89 90 91 92 93 95 96 97 99 100 
72 74 75 76 77 78 79 80 81 82 83 86 87 88 
1 2 3 4 5 7 8 18 19 20 21 22 23 25 
117 118 119 120 121 122 123 124 127 130 131 132 133 
6 9 10 11 24 26 29 30 31 32 33 38 41 
39 40 44 49 50 51 59 62 63 64 65 66 69 73 
12 13 14 15 16 17 36 37 42 43 45 46 47 48 
27 28 34 35 52 53 54 55 56 57 58 60 61 
[SAVELOGS] evolution saved to results/logs/gr137_10_5/evolution/gr137_10_5
[SAVELOGS] best cost saved to results/logs/gr137_10_5/objectives/gr137_10_5
[SAVELOGS] best solution saved to results/logs/gr137_10_5/solutions/gr137_10_5
