[ITER 1] New best cost=13760.23 (feasible=YES, time 0.243762s)
[ITER 2] New best cost=13283.63 (feasible=YES, time 0.457905s)
[ITER 5] New best cost=13228.68 (feasible=YES, time 1.25383s)
[ITER 7] New best cost=13066.86 (feasible=YES, time 1.70256s)
[ITER 8] New best cost=12961.71 (feasible=YES, time 1.85098s)
[ITER 10] bestGlobalCost=12961.71 (feasible=YES) bestThisIter=13237.03 feasibleAnts=10 noImprove=2 (elapsed 2.13445s)
[ITER 12] New best cost=12956.71 (feasible=YES, time 2.47504s)
[ITER 15] New best cost=12743.99 (feasible=YES, time 4.61064s)
[ITER 15] New best cost=12714.14 (feasible=YES, time 6.57139s)
[ITER 19] New best cost=12686.30 (feasible=YES, time 13.7357s)
[ITER 20] bestGlobalCost=12686.30 (feasible=YES) bestThisIter=12652.49 feasibleAnts=10 noImprove=1 (elapsed 13.8796s)
[ITER 30] New best cost=12669.67 (feasible=YES, time 19.5784s)
[ITER 30] bestGlobalCost=12669.67 (feasible=YES) bestThisIter=12686.30 feasibleAnts=9 noImprove=0 (elapsed 27.556s)
[ITER 31] New best cost=12647.12 (feasible=YES, time 27.8922s)
[ITER 40] bestGlobalCost=12647.12 (feasible=YES) bestThisIter=12874.57 feasibleAnts=9 noImprove=9 (elapsed 29.9453s)
[ITER 41] New best cost=12609.27 (feasible=YES, time 30.2273s)
[ITER 43] New best cost=12382.30 (feasible=YES, time 30.6439s)
[ITER 45] New best cost=12368.54 (feasible=YES, time 33.2131s)
[ITER 50] bestGlobalCost=12368.54 (feasible=YES) bestThisIter=12368.54 feasibleAnts=11 noImprove=5 (elapsed 42.5222s)
[ITER 60] bestGlobalCost=12368.54 (feasible=YES) bestThisIter=12914.52 feasibleAnts=10 noImprove=15 (elapsed 56.2701s)
[ITER 70] bestGlobalCost=12368.54 (feasible=YES) bestThisIter=13206.19 feasibleAnts=10 noImprove=25 (elapsed 58.7606s)
[RESET] no improvement for30-> reset pheromones
10 11 29 30 31 32 33 34 36 37 38 41 43 73 
65 72 74 76 77 78 79 80 81 82 83 86 87 88 
104 105 106 107 108 109 110 111 112 114 115 116 119 
51 70 71 75 89 90 91 92 93 94 95 96 97 99 
12 13 14 15 16 17 42 44 45 46 47 48 49 50 
39 40 55 56 59 60 61 62 63 64 66 67 68 69 
1 2 3 4 5 6 7 8 9 18 19 20 24 
98 100 101 102 103 113 117 118 121 122 123 125 126 137 
21 22 23 25 26 27 28 35 52 53 54 57 58 
84 85 120 124 127 128 129 130 131 132 133 134 135 136 
[SAVELOGS] evolution saved to results/logs/gr137_10_5/evolution/gr137_10_5
[SAVELOGS] best cost saved to results/logs/gr137_10_5/objectives/gr137_10_5
[SAVELOGS] best solution saved to results/logs/gr137_10_5/solutions/gr137_10_5
