[ITER 1] New best cost=279633.42 (feasible=YES, time 0.117264s)
[ITER 2] New best cost=274673.44 (feasible=YES, time 0.21906s)
[ITER 4] New best cost=272989.21 (feasible=YES, time 0.349489s)
[ITER 5] New best cost=272054.34 (feasible=YES, time 0.415472s)
[ITER 9] New best cost=271771.07 (feasible=YES, time 0.75283s)
[ITER 10] New best cost=271163.68 (feasible=YES, time 0.861104s)
[ITER 10] bestGlobalCost=271163.68 (feasible=YES) bestThisIter=271163.68 feasibleAnts=10 noImprove=0 (elapsed 0.864584s)
[ITER 11] New best cost=267780.52 (feasible=YES, time 0.958559s)
[ITER 12] New best cost=267684.70 (feasible=YES, time 1.06642s)
[ITER 20] bestGlobalCost=267684.70 (feasible=YES) bestThisIter=271027.78 feasibleAnts=10 noImprove=8 (elapsed 6.21157s)
[ITER 30] New best cost=267035.11 (feasible=YES, time 11.1394s)
[ITER 30] bestGlobalCost=267035.11 (feasible=YES) bestThisIter=270781.67 feasibleAnts=10 noImprove=0 (elapsed 11.9828s)
[ITER 34] New best cost=266010.55 (feasible=YES, time 12.3969s)
[ITER 36] New best cost=264807.89 (feasible=YES, time 12.5823s)
[ITER 40] bestGlobalCost=264807.89 (feasible=YES) bestThisIter=264807.89 feasibleAnts=10 noImprove=4 (elapsed 12.951s)
[ITER 45] New best cost=264489.44 (feasible=YES, time 17.6289s)
[ITER 50] bestGlobalCost=264489.44 (feasible=YES) bestThisIter=264489.44 feasibleAnts=10 noImprove=5 (elapsed 18.899s)
[ITER 60] bestGlobalCost=264489.44 (feasible=YES) bestThisIter=269939.49 feasibleAnts=10 noImprove=15 (elapsed 24.5603s)
[ITER 70] bestGlobalCost=264489.44 (feasible=YES) bestThisIter=269675.61 feasibleAnts=10 noImprove=25 (elapsed 25.6709s)
[ITER 75] New best cost=263614.67 (feasible=YES, time 30.6242s)
[ITER 80] bestGlobalCost=263614.67 (feasible=YES) bestThisIter=263614.67 feasibleAnts=9 noImprove=5 (elapsed 30.9022s)
[ITER 90] bestGlobalCost=263614.67 (feasible=YES) bestThisIter=263614.67 feasibleAnts=8 noImprove=15 (elapsed 36.3538s)
[ITER 100] bestGlobalCost=263614.67 (feasible=YES) bestThisIter=273375.78 feasibleAnts=10 noImprove=25 (elapsed 37.0527s)
[RESET] no improvement for30-> reset pheromones
[ITER 110] bestGlobalCost=263614.67 (feasible=YES) bestThisIter=275222.83 feasibleAnts=10 noImprove=5 (elapsed 42.9165s)
[ITER 120] bestGlobalCost=263614.67 (feasible=YES) bestThisIter=269696.49 feasibleAnts=10 noImprove=15 (elapsed 48.8653s)
[ITER 130] bestGlobalCost=263614.67 (feasible=YES) bestThisIter=264665.80 feasibleAnts=10 noImprove=25 (elapsed 49.696s)
[RESET] no improvement for30-> reset pheromones
[ITER 140] bestGlobalCost=263614.67 (feasible=YES) bestThisIter=272630.49 feasibleAnts=10 noImprove=5 (elapsed 55.1931s)
[ITER 150] bestGlobalCost=263614.67 (feasible=YES) bestThisIter=267578.83 feasibleAnts=10 noImprove=15 (elapsed 61.0196s)
25 51 58 61 81 87 108 125 145 148 
20 27 35 57 60 62 77 86 110 150 
1 6 10 21 49 63 72 84 90 113 
7 9 12 34 55 83 115 117 120 140 149 
13 33 76 82 95 103 116 126 146 
3 14 41 43 46 71 100 123 128 136 
5 37 39 52 73 78 96 101 147 
11 15 17 23 32 45 47 74 91 98 109 
24 36 38 59 99 102 104 111 127 141 
8 31 42 56 75 80 89 92 122 139 
4 19 26 65 66 97 118 119 124 129 143 
2 40 44 50 54 64 68 69 114 144 
16 18 22 53 70 79 88 94 106 134 137 
28 67 93 105 130 131 133 138 142 
29 30 48 85 107 112 121 132 135 
[SAVELOGS] evolution saved to results/logs/kroA150_15_2/evolution/kroA150_15_2
[SAVELOGS] best cost saved to results/logs/kroA150_15_2/objectives/kroA150_15_2
[SAVELOGS] best solution saved to results/logs/kroA150_15_2/solutions/kroA150_15_2
