[ITER 1] New best cost=1141302.16 (feasible=YES, time 0.520373s)
[ITER 2] New best cost=1118241.28 (feasible=YES, time 0.77334s)
[ITER 5] New best cost=1115145.39 (feasible=YES, time 1.91822s)
[ITER 6] New best cost=1049026.93 (feasible=YES, time 2.24212s)
[ITER 7] New best cost=1048391.85 (feasible=YES, time 2.4933s)
[ITER 9] New best cost=1023188.20 (feasible=YES, time 2.88898s)
[ITER 10] bestGlobalCost=1023188.20 (feasible=YES) bestThisIter=1128563.78 feasibleAnts=6 noImprove=1 (elapsed 3.02535s)
[ITER 15] New best cost=980574.90 (feasible=YES, time 5.96252s)
[ITER 15] New best cost=972401.53 (feasible=YES, time 7.91306s)
[ITER 20] bestGlobalCost=972401.53 (feasible=YES) bestThisIter=972401.53 feasibleAnts=10 noImprove=5 (elapsed 15.4708s)
[ITER 24] New best cost=965157.84 (feasible=YES, time 16.1994s)
[ITER 30] bestGlobalCost=965157.84 (feasible=YES) bestThisIter=988758.15 feasibleAnts=9 noImprove=6 (elapsed 27.8151s)
[ITER 40] bestGlobalCost=965157.84 (feasible=YES) bestThisIter=1153672.97 feasibleAnts=10 noImprove=16 (elapsed 30.6011s)
[ITER 45] New best cost=943062.98 (feasible=YES, time 36.5077s)
[ITER 50] New best cost=940119.50 (feasible=YES, time 43.7444s)
[ITER 50] bestGlobalCost=940119.50 (feasible=YES) bestThisIter=940119.50 feasibleAnts=10 noImprove=0 (elapsed 43.7477s)
[ITER 60] bestGlobalCost=940119.50 (feasible=YES) bestThisIter=1034401.65 feasibleAnts=9 noImprove=10 (elapsed 56.646s)
[ITER 70] bestGlobalCost=940119.50 (feasible=YES) bestThisIter=1218601.10 feasibleAnts=10 noImprove=20 (elapsed 59.7391s)
52 53 54 69 70 71 72 90 96 99 
1 2 15 16 32 34 35 36 37 
82 97 110 119 133 138 144 145 
121 122 125 129 130 132 134 136 146 147 149 
62 63 64 84 85 86 105 106 107 108 109 
117 118 120 135 137 139 140 141 142 143 
41 42 59 60 61 83 87 88 104 111 112 
123 124 126 127 128 131 148 150 151 152 
45 77 91 92 93 94 98 115 116 
47 48 49 50 51 73 74 75 76 78 95 
43 55 56 57 58 65 66 68 81 101 102 
3 14 26 27 28 29 30 31 33 38 
8 9 10 17 18 19 20 22 23 40 
44 46 67 79 80 89 100 103 113 114 
4 5 6 7 11 12 13 21 24 25 39 
[SAVELOGS] evolution saved to results/logs/pr152_15_5/evolution/pr152_15_5
[SAVELOGS] best cost saved to results/logs/pr152_15_5/objectives/pr152_15_5
[SAVELOGS] best solution saved to results/logs/pr152_15_5/solutions/pr152_15_5
