[ITER 1] New best cost=2863261.22 (feasible=YES, time 0.956007s)
[ITER 2] New best cost=2851366.07 (feasible=YES, time 1.38079s)
[ITER 3] New best cost=2839257.62 (feasible=YES, time 1.66641s)
[ITER 10] bestGlobalCost=2839257.62 (feasible=YES) bestThisIter=2846873.93 feasibleAnts=14 noImprove=7 (elapsed 4.30884s)
[ITER 20] bestGlobalCost=2839257.62 (feasible=YES) bestThisIter=2850385.86 feasibleAnts=11 noImprove=17 (elapsed 8.41234s)
[ITER 22] New best cost=2836495.02 (feasible=YES, time 9.3329s)
[ITER 30] bestGlobalCost=2836495.02 (feasible=YES) bestThisIter=2859445.37 feasibleAnts=14 noImprove=8 (elapsed 12.3583s)
[ITER 36] New best cost=2835782.66 (feasible=YES, time 15.1097s)
[ITER 39] New best cost=2834239.31 (feasible=YES, time 16.2569s)
[ITER 40] bestGlobalCost=2834239.31 (feasible=YES) bestThisIter=2836495.02 feasibleAnts=10 noImprove=1 (elapsed 17.4093s)
[ITER 50] bestGlobalCost=2834239.31 (feasible=YES) bestThisIter=2839695.20 feasibleAnts=10 noImprove=11 (elapsed 22.7083s)
[ITER 60] bestGlobalCost=2834239.31 (feasible=YES) bestThisIter=2844618.57 feasibleAnts=10 noImprove=21 (elapsed 27.4957s)
[ITER 70] bestGlobalCost=2834239.31 (feasible=YES) bestThisIter=2849658.94 feasibleAnts=10 noImprove=31 (elapsed 32.4218s)
[ITER 71] New best cost=2828123.13 (feasible=YES, time 32.8367s)
[ITER 80] bestGlobalCost=2828123.13 (feasible=YES) bestThisIter=2839476.51 feasibleAnts=15 noImprove=9 (elapsed 35.9836s)
[ITER 87] New best cost=2826854.55 (feasible=YES, time 39.5882s)
[ITER 90] bestGlobalCost=2826854.55 (feasible=YES) bestThisIter=2828123.13 feasibleAnts=10 noImprove=3 (elapsed 41.1555s)
[ITER 100] bestGlobalCost=2826854.55 (feasible=YES) bestThisIter=2839445.00 feasibleAnts=11 noImprove=13 (elapsed 46.7999s)
[ITER 110] bestGlobalCost=2826854.55 (feasible=YES) bestThisIter=2829818.96 feasibleAnts=10 noImprove=23 (elapsed 51.5009s)
[ITER 120] bestGlobalCost=2826854.55 (feasible=YES) bestThisIter=2839726.84 feasibleAnts=10 noImprove=33 (elapsed 56.7149s)
[ITER 130] bestGlobalCost=2826854.55 (feasible=YES) bestThisIter=2849463.73 feasibleAnts=10 noImprove=43 (elapsed 62.7714s)
[RESET] no improvement for50-> reset pheromones
[ITER 140] bestGlobalCost=2826854.55 (feasible=YES) bestThisIter=2849919.00 feasibleAnts=13 noImprove=3 (elapsed 68.1855s)
[ITER 150] bestGlobalCost=2826854.55 (feasible=YES) bestThisIter=2852182.28 feasibleAnts=11 noImprove=13 (elapsed 72.8154s)
[ITER 160] bestGlobalCost=2826854.55 (feasible=YES) bestThisIter=2850783.04 feasibleAnts=10 noImprove=23 (elapsed 78.6468s)
[ITER 170] bestGlobalCost=2826854.55 (feasible=YES) bestThisIter=2844113.26 feasibleAnts=10 noImprove=33 (elapsed 84.5206s)
[ITER 180] bestGlobalCost=2826854.55 (feasible=YES) bestThisIter=2837425.63 feasibleAnts=10 noImprove=43 (elapsed 90.5099s)
[RESET] no improvement for50-> reset pheromones
[ITER 190] bestGlobalCost=2826854.55 (feasible=YES) bestThisIter=2853699.38 feasibleAnts=13 noImprove=3 (elapsed 96.3131s)
[ITER 200] bestGlobalCost=2826854.55 (feasible=YES) bestThisIter=2833441.67 feasibleAnts=11 noImprove=13 (elapsed 101.245s)
[ITER 210] bestGlobalCost=2826854.55 (feasible=YES) bestThisIter=2831404.92 feasibleAnts=10 noImprove=23 (elapsed 107.67s)
[ITER 220] bestGlobalCost=2826854.55 (feasible=YES) bestThisIter=2833706.53 feasibleAnts=11 noImprove=33 (elapsed 113.483s)
[ITER 230] bestGlobalCost=2826854.55 (feasible=YES) bestThisIter=2851901.58 feasibleAnts=10 noImprove=43 (elapsed 119.535s)
[RESET] no improvement for50-> reset pheromones
[ITER 240] bestGlobalCost=2826854.55 (feasible=YES) bestThisIter=2834233.73 feasibleAnts=15 noImprove=3 (elapsed 125.181s)
[ITER 250] bestGlobalCost=2826854.55 (feasible=YES) bestThisIter=2838823.96 feasibleAnts=10 noImprove=13 (elapsed 129.938s)
[ITER 260] bestGlobalCost=2826854.55 (feasible=YES) bestThisIter=2851809.93 feasibleAnts=10 noImprove=23 (elapsed 136.155s)
[ITER 270] bestGlobalCost=2826854.55 (feasible=YES) bestThisIter=2846855.70 feasibleAnts=10 noImprove=33 (elapsed 146.073s)
[ITER 280] bestGlobalCost=2826854.55 (feasible=YES) bestThisIter=2841427.67 feasibleAnts=10 noImprove=43 (elapsed 155.586s)
[RESET] no improvement for50-> reset pheromones
[ITER 290] bestGlobalCost=2826854.55 (feasible=YES) bestThisIter=2850357.68 feasibleAnts=12 noImprove=3 (elapsed 163.609s)
[ITER 300] bestGlobalCost=2826854.55 (feasible=YES) bestThisIter=2829818.96 feasibleAnts=10 noImprove=13 (elapsed 170.135s)
[ITER 310] bestGlobalCost=2826854.55 (feasible=YES) bestThisIter=2833663.51 feasibleAnts=10 noImprove=23 (elapsed 176.821s)
[ITER 320] bestGlobalCost=2826854.55 (feasible=YES) bestThisIter=2829818.96 feasibleAnts=10 noImprove=33 (elapsed 185.506s)
[ITER 330] bestGlobalCost=2826854.55 (feasible=YES) bestThisIter=2831915.20 feasibleAnts=10 noImprove=43 (elapsed 193.776s)
[RESET] no improvement for50-> reset pheromones
[ITER 340] bestGlobalCost=2826854.55 (feasible=YES) bestThisIter=2851776.29 feasibleAnts=20 noImprove=3 (elapsed 202.871s)
[ITER 350] bestGlobalCost=2826854.55 (feasible=YES) bestThisIter=2856483.68 feasibleAnts=15 noImprove=13 (elapsed 210.583s)
[ITER 360] bestGlobalCost=2826854.55 (feasible=YES) bestThisIter=2833663.51 feasibleAnts=10 noImprove=23 (elapsed 220.941s)
[ITER 370] bestGlobalCost=2826854.55 (feasible=YES) bestThisIter=2841257.04 feasibleAnts=10 noImprove=33 (elapsed 228.55s)
[ITER 380] bestGlobalCost=2826854.55 (feasible=YES) bestThisIter=2843251.15 feasibleAnts=10 noImprove=43 (elapsed 235.19s)
[RESET] no improvement for50-> reset pheromones
[ITER 390] bestGlobalCost=2826854.55 (feasible=YES) bestThisIter=2834575.57 feasibleAnts=11 noImprove=3 (elapsed 241.151s)
[ITER 400] bestGlobalCost=2826854.55 (feasible=YES) bestThisIter=2848757.46 feasibleAnts=10 noImprove=13 (elapsed 246.119s)
[ITER 410] bestGlobalCost=2826854.55 (feasible=YES) bestThisIter=2835074.53 feasibleAnts=10 noImprove=23 (elapsed 251.534s)
[ITER 420] bestGlobalCost=2826854.55 (feasible=YES) bestThisIter=2837548.16 feasibleAnts=10 noImprove=33 (elapsed 257.264s)
[ITER 430] bestGlobalCost=2826854.55 (feasible=YES) bestThisIter=2853013.99 feasibleAnts=10 noImprove=43 (elapsed 263.75s)
[RESET] no improvement for50-> reset pheromones
[ITER 440] bestGlobalCost=2826854.55 (feasible=YES) bestThisIter=2834255.38 feasibleAnts=16 noImprove=3 (elapsed 270.743s)
[ITER 450] bestGlobalCost=2826854.55 (feasible=YES) bestThisIter=2842121.21 feasibleAnts=14 noImprove=13 (elapsed 275.771s)
[ITER 460] bestGlobalCost=2826854.55 (feasible=YES) bestThisIter=2846171.26 feasibleAnts=10 noImprove=23 (elapsed 281.597s)
[ITER 470] bestGlobalCost=2826854.55 (feasible=YES) bestThisIter=2843897.38 feasibleAnts=10 noImprove=33 (elapsed 287.815s)
[ITER 480] bestGlobalCost=2826854.55 (feasible=YES) bestThisIter=2835794.63 feasibleAnts=10 noImprove=43 (elapsed 295.022s)
[RESET] no improvement for50-> reset pheromones
[ITER 490] bestGlobalCost=2826854.55 (feasible=YES) bestThisIter=2851707.67 feasibleAnts=11 noImprove=3 (elapsed 300.914s)
2 13 16 17 18 19 22 23 31 36 41 44 45 63 77 78 88 92 96 102 103 104 105 119 126 130 135 137 143 144 148 151 153 155 160 162 187 192 193 200 
1 3 8 9 10 11 12 21 25 28 29 32 53 59 71 73 76 85 90 91 93 95 97 98 99 107 111 122 123 129 136 142 149 158 161 167 170 174 175 198 
7 27 34 35 37 46 47 52 54 57 58 60 61 72 74 84 94 114 115 131 139 141 145 146 154 157 163 165 169 171 172 173 176 177 178 180 184 191 196 199 
4 6 14 15 24 33 42 43 48 50 51 55 64 66 82 83 87 89 106 109 110 112 116 118 120 121 125 128 133 140 147 156 159 164 168 182 183 185 186 195 
5 20 26 30 38 39 40 49 56 62 65 67 68 69 70 75 79 80 81 86 100 101 108 113 117 124 127 132 134 138 150 152 166 179 181 188 189 190 194 197 
[SAVELOGS] evolution saved to results/logs/aco_logs/evolution/kroB200_05_5.txt
[SAVELOGS] best cost saved to results/logs/aco_logs/objectives/kroB200_05_5.txt
[SAVELOGS] best solution saved to results/logs/aco_logs/solutions/kroB200_05_5.txt
