[ITER 1] New best cost=178324.17 (feasible=YES, time 0.0575473s)
[ITER 2] New best cost=175315.03 (feasible=YES, time 0.0947616s)
[ITER 3] New best cost=172069.22 (feasible=YES, time 0.135312s)
[ITER 9] New best cost=171696.40 (feasible=YES, time 0.340139s)
[ITER 10] bestGlobalCost=171696.40 (feasible=YES) bestThisIter=172069.22 feasibleAnts=10 noImprove=1 (elapsed 0.364503s)
[ITER 11] New best cost=171304.44 (feasible=YES, time 0.4263s)
[ITER 12] New best cost=170906.97 (feasible=YES, time 0.471951s)
[ITER 20] bestGlobalCost=170906.97 (feasible=YES) bestThisIter=170906.97 feasibleAnts=11 noImprove=8 (elapsed 2.30806s)
[ITER 30] bestGlobalCost=170906.97 (feasible=YES) bestThisIter=171696.40 feasibleAnts=10 noImprove=18 (elapsed 4.78383s)
[ITER 40] bestGlobalCost=170906.97 (feasible=YES) bestThisIter=171806.73 feasibleAnts=10 noImprove=28 (elapsed 5.26429s)
[RESET] no improvement for30-> reset pheromones
[ITER 45] New best cost=170718.75 (feasible=YES, time 5.86096s)
[ITER 50] bestGlobalCost=170718.75 (feasible=YES) bestThisIter=174036.04 feasibleAnts=10 noImprove=5 (elapsed 7.27858s)
[ITER 60] bestGlobalCost=170718.75 (feasible=YES) bestThisIter=172577.32 feasibleAnts=10 noImprove=15 (elapsed 9.22847s)
[ITER 70] bestGlobalCost=170718.75 (feasible=YES) bestThisIter=172331.79 feasibleAnts=10 noImprove=25 (elapsed 9.64572s)
[RESET] no improvement for30-> reset pheromones
[ITER 80] bestGlobalCost=170718.75 (feasible=YES) bestThisIter=175569.23 feasibleAnts=10 noImprove=5 (elapsed 11.8046s)
[ITER 90] bestGlobalCost=170718.75 (feasible=YES) bestThisIter=172923.63 feasibleAnts=10 noImprove=15 (elapsed 14.3155s)
[ITER 100] bestGlobalCost=170718.75 (feasible=YES) bestThisIter=170718.75 feasibleAnts=10 noImprove=25 (elapsed 14.7318s)
[RESET] no improvement for30-> reset pheromones
[ITER 110] bestGlobalCost=170718.75 (feasible=YES) bestThisIter=175703.31 feasibleAnts=10 noImprove=5 (elapsed 16.6085s)
[ITER 120] bestGlobalCost=170718.75 (feasible=YES) bestThisIter=170718.75 feasibleAnts=10 noImprove=15 (elapsed 18.4254s)
[ITER 130] bestGlobalCost=170718.75 (feasible=YES) bestThisIter=171222.87 feasibleAnts=10 noImprove=25 (elapsed 19.0817s)
[RESET] no improvement for30-> reset pheromones
[ITER 140] bestGlobalCost=170718.75 (feasible=YES) bestThisIter=176713.41 feasibleAnts=10 noImprove=5 (elapsed 21.3838s)
[ITER 150] bestGlobalCost=170718.75 (feasible=YES) bestThisIter=170718.75 feasibleAnts=10 noImprove=15 (elapsed 23.4021s)
[ITER 160] bestGlobalCost=170718.75 (feasible=YES) bestThisIter=173295.67 feasibleAnts=10 noImprove=25 (elapsed 23.986s)
[RESET] no improvement for30-> reset pheromones
[ITER 170] bestGlobalCost=170718.75 (feasible=YES) bestThisIter=173682.26 feasibleAnts=10 noImprove=5 (elapsed 25.8411s)
[ITER 180] bestGlobalCost=170718.75 (feasible=YES) bestThisIter=171304.44 feasibleAnts=10 noImprove=15 (elapsed 28.0058s)
[ITER 190] bestGlobalCost=170718.75 (feasible=YES) bestThisIter=172643.74 feasibleAnts=10 noImprove=25 (elapsed 28.4208s)
[RESET] no improvement for30-> reset pheromones
[ITER 200] bestGlobalCost=170718.75 (feasible=YES) bestThisIter=173410.83 feasibleAnts=10 noImprove=5 (elapsed 30.804s)
[ITER 210] bestGlobalCost=170718.75 (feasible=YES) bestThisIter=170718.75 feasibleAnts=10 noImprove=15 (elapsed 32.7515s)
[ITER 220] bestGlobalCost=170718.75 (feasible=YES) bestThisIter=171696.40 feasibleAnts=10 noImprove=25 (elapsed 33.1524s)
[RESET] no improvement for30-> reset pheromones
[ITER 230] bestGlobalCost=170718.75 (feasible=YES) bestThisIter=175814.71 feasibleAnts=10 noImprove=5 (elapsed 35.3474s)
[ITER 240] bestGlobalCost=170718.75 (feasible=YES) bestThisIter=171605.91 feasibleAnts=10 noImprove=15 (elapsed 37.7478s)
[ITER 250] bestGlobalCost=170718.75 (feasible=YES) bestThisIter=170718.75 feasibleAnts=10 noImprove=25 (elapsed 38.2031s)
[RESET] no improvement for30-> reset pheromones
[ITER 260] bestGlobalCost=170718.75 (feasible=YES) bestThisIter=174194.89 feasibleAnts=10 noImprove=5 (elapsed 40.3256s)
[ITER 270] bestGlobalCost=170718.75 (feasible=YES) bestThisIter=170718.75 feasibleAnts=10 noImprove=15 (elapsed 42.1345s)
[ITER 280] bestGlobalCost=170718.75 (feasible=YES) bestThisIter=171304.44 feasibleAnts=10 noImprove=25 (elapsed 42.5983s)
[RESET] no improvement for30-> reset pheromones
[ITER 290] bestGlobalCost=170718.75 (feasible=YES) bestThisIter=175748.29 feasibleAnts=10 noImprove=5 (elapsed 45.0603s)
[ITER 300] bestGlobalCost=170718.75 (feasible=YES) bestThisIter=173029.47 feasibleAnts=10 noImprove=15 (elapsed 47.1511s)
[ITER 310] bestGlobalCost=170718.75 (feasible=YES) bestThisIter=171605.91 feasibleAnts=10 noImprove=25 (elapsed 47.5783s)
[RESET] no improvement for30-> reset pheromones
[ITER 320] bestGlobalCost=170718.75 (feasible=YES) bestThisIter=174090.43 feasibleAnts=10 noImprove=5 (elapsed 49.5688s)
[ITER 330] bestGlobalCost=170718.75 (feasible=YES) bestThisIter=170718.75 feasibleAnts=10 noImprove=15 (elapsed 51.6294s)
[ITER 340] bestGlobalCost=170718.75 (feasible=YES) bestThisIter=173248.52 feasibleAnts=10 noImprove=25 (elapsed 52.0881s)
[RESET] no improvement for30-> reset pheromones
[ITER 350] bestGlobalCost=170718.75 (feasible=YES) bestThisIter=173029.47 feasibleAnts=10 noImprove=5 (elapsed 54.5731s)
[ITER 360] bestGlobalCost=170718.75 (feasible=YES) bestThisIter=172898.18 feasibleAnts=10 noImprove=15 (elapsed 56.4242s)
[ITER 370] bestGlobalCost=170718.75 (feasible=YES) bestThisIter=171806.73 feasibleAnts=10 noImprove=25 (elapsed 56.7981s)
[RESET] no improvement for30-> reset pheromones
[ITER 380] bestGlobalCost=170718.75 (feasible=YES) bestThisIter=174402.18 feasibleAnts=10 noImprove=5 (elapsed 58.7706s)
[ITER 390] bestGlobalCost=170718.75 (feasible=YES) bestThisIter=171696.40 feasibleAnts=10 noImprove=15 (elapsed 61.239s)
85 86 91 92 93 96 97 98 101 102 
40 41 42 45 47 48 49 50 51 52 55 104 
44 46 53 54 56 57 58 62 63 64 76 105 
60 61 65 66 87 88 94 95 99 100 
69 70 73 74 75 79 80 81 89 90 
9 16 17 18 19 20 24 25 26 27 36 
1 2 3 6 7 8 10 11 12 
15 21 22 23 28 29 30 31 32 33 103 
4 5 13 14 34 35 37 38 39 43 
59 67 68 71 72 77 78 82 83 84 
[SAVELOGS] evolution saved to results/logs/lin105_10_2/evolution/lin105_10_2
[SAVELOGS] best cost saved to results/logs/lin105_10_2/objectives/lin105_10_2
[SAVELOGS] best solution saved to results/logs/lin105_10_2/solutions/lin105_10_2
