[ITER 1] New best cost=938432.61 (feasible=YES, time 0.0615787s)
[ITER 2] New best cost=926937.27 (feasible=YES, time 0.120027s)
[ITER 3] New best cost=922853.28 (feasible=YES, time 0.228273s)
[ITER 10] bestGlobalCost=922853.28 (feasible=YES) bestThisIter=922972.09 feasibleAnts=10 noImprove=7 (elapsed 0.740141s)
[ITER 13] New best cost=922766.86 (feasible=YES, time 0.95405s)
[ITER 15] New best cost=921061.60 (feasible=YES, time 3.51837s)
[ITER 20] bestGlobalCost=921061.60 (feasible=YES) bestThisIter=921061.60 feasibleAnts=10 noImprove=5 (elapsed 5.55208s)
[ITER 30] bestGlobalCost=921061.60 (feasible=YES) bestThisIter=922020.84 feasibleAnts=10 noImprove=15 (elapsed 10.2617s)
[ITER 40] bestGlobalCost=921061.60 (feasible=YES) bestThisIter=926796.49 feasibleAnts=10 noImprove=25 (elapsed 11.0725s)
[RESET] no improvement for30-> reset pheromones
[ITER 50] bestGlobalCost=921061.60 (feasible=YES) bestThisIter=935438.83 feasibleAnts=10 noImprove=5 (elapsed 15.9432s)
[ITER 60] bestGlobalCost=921061.60 (feasible=YES) bestThisIter=921061.60 feasibleAnts=10 noImprove=15 (elapsed 20.8037s)
[ITER 70] bestGlobalCost=921061.60 (feasible=YES) bestThisIter=926061.53 feasibleAnts=10 noImprove=25 (elapsed 21.4612s)
[RESET] no improvement for30-> reset pheromones
[ITER 80] bestGlobalCost=921061.60 (feasible=YES) bestThisIter=937141.89 feasibleAnts=10 noImprove=5 (elapsed 26.362s)
[ITER 90] bestGlobalCost=921061.60 (feasible=YES) bestThisIter=921668.41 feasibleAnts=10 noImprove=15 (elapsed 31.3358s)
[ITER 100] bestGlobalCost=921061.60 (feasible=YES) bestThisIter=922990.52 feasibleAnts=10 noImprove=25 (elapsed 32.0017s)
[RESET] no improvement for30-> reset pheromones
[ITER 110] bestGlobalCost=921061.60 (feasible=YES) bestThisIter=926484.17 feasibleAnts=10 noImprove=5 (elapsed 36.7933s)
[ITER 120] bestGlobalCost=921061.60 (feasible=YES) bestThisIter=921061.60 feasibleAnts=10 noImprove=15 (elapsed 41.6101s)
[ITER 130] bestGlobalCost=921061.60 (feasible=YES) bestThisIter=926869.93 feasibleAnts=10 noImprove=25 (elapsed 42.2187s)
[RESET] no improvement for30-> reset pheromones
[ITER 140] bestGlobalCost=921061.60 (feasible=YES) bestThisIter=928306.98 feasibleAnts=10 noImprove=5 (elapsed 47.2092s)
[ITER 150] bestGlobalCost=921061.60 (feasible=YES) bestThisIter=930036.27 feasibleAnts=10 noImprove=15 (elapsed 52.0469s)
[ITER 160] bestGlobalCost=921061.60 (feasible=YES) bestThisIter=922766.07 feasibleAnts=10 noImprove=25 (elapsed 52.7791s)
[RESET] no improvement for30-> reset pheromones
[ITER 170] bestGlobalCost=921061.60 (feasible=YES) bestThisIter=926871.48 feasibleAnts=10 noImprove=5 (elapsed 57.6447s)
[ITER 180] bestGlobalCost=921061.60 (feasible=YES) bestThisIter=924678.13 feasibleAnts=10 noImprove=15 (elapsed 62.5263s)
52 67 69 70 71 72 73 74 76 77 78 79 80 81 82 83 
46 108 109 110 111 112 113 114 115 116 117 118 119 120 121 123 
9 10 11 12 13 14 15 141 142 143 144 145 146 147 149 150 
42 43 44 122 124 125 126 127 128 129 130 131 132 133 134 157 
1 2 3 4 5 6 7 8 148 151 152 153 154 155 156 158 159 
47 48 49 50 51 75 84 86 88 89 90 91 92 93 94 
33 34 35 36 37 38 39 40 41 45 135 136 137 138 139 140 
53 54 55 56 57 58 59 60 61 62 63 64 65 66 68 
85 87 95 96 97 98 99 100 101 102 103 104 105 106 107 
16 17 18 19 20 21 22 23 24 25 26 27 28 29 30 31 32 
[SAVELOGS] evolution saved to results/logs/u159_10_2/evolution/u159_10_2
[SAVELOGS] best cost saved to results/logs/u159_10_2/objectives/u159_10_2
[SAVELOGS] best solution saved to results/logs/u159_10_2/solutions/u159_10_2
