[ITER 1] New best cost=5070.36 (feasible=YES, time 0.339027s)
[ITER 2] New best cost=4820.24 (feasible=YES, time 0.790916s)
[ITER 4] New best cost=4810.18 (feasible=YES, time 1.62991s)
[ITER 5] New best cost=4772.06 (feasible=YES, time 2.08692s)
[ITER 9] New best cost=4756.48 (feasible=YES, time 3.79132s)
[ITER 10] bestGlobalCost=4756.48 (feasible=YES) bestThisIter=4760.14 feasibleAnts=10 noImprove=1 (elapsed 5.31464s)
[ITER 11] New best cost=4737.05 (feasible=YES, time 5.76355s)
[ITER 12] New best cost=4687.82 (feasible=YES, time 6.19736s)
[ITER 15] New best cost=4664.09 (feasible=YES, time 7.62379s)
[ITER 18] New best cost=4645.68 (feasible=YES, time 8.75532s)
[ITER 20] bestGlobalCost=4645.68 (feasible=YES) bestThisIter=4651.57 feasibleAnts=10 noImprove=2 (elapsed 10.8365s)
[ITER 21] New best cost=4617.46 (feasible=YES, time 11.2456s)
[ITER 26] New best cost=4614.52 (feasible=YES, time 13.2771s)
[ITER 29] New best cost=4606.53 (feasible=YES, time 14.5874s)
[ITER 30] bestGlobalCost=4606.53 (feasible=YES) bestThisIter=4617.46 feasibleAnts=10 noImprove=1 (elapsed 16.1607s)
[ITER 33] New best cost=4604.80 (feasible=YES, time 17.327s)
[ITER 39] New best cost=4594.12 (feasible=YES, time 19.6582s)
[ITER 40] bestGlobalCost=4594.12 (feasible=YES) bestThisIter=4597.56 feasibleAnts=16 noImprove=1 (elapsed 21.2318s)
[ITER 43] New best cost=4589.01 (feasible=YES, time 22.3707s)
[ITER 50] bestGlobalCost=4589.01 (feasible=YES) bestThisIter=4642.39 feasibleAnts=10 noImprove=7 (elapsed 26.5135s)
[ITER 60] bestGlobalCost=4589.01 (feasible=YES) bestThisIter=4618.13 feasibleAnts=8 noImprove=17 (elapsed 31.7351s)
[ITER 70] bestGlobalCost=4589.01 (feasible=YES) bestThisIter=4665.24 feasibleAnts=8 noImprove=27 (elapsed 36.9758s)
[ITER 80] bestGlobalCost=4589.01 (feasible=YES) bestThisIter=4916.24 feasibleAnts=3 noImprove=37 (elapsed 41.1718s)
[ITER 90] bestGlobalCost=4589.01 (feasible=YES) bestThisIter=4781.35 feasibleAnts=3 noImprove=47 (elapsed 44.3173s)
[RESET] no improvement for50-> reset pheromones
[ITER 100] bestGlobalCost=4589.01 (feasible=YES) bestThisIter=4609.97 feasibleAnts=10 noImprove=7 (elapsed 48.7348s)
[ITER 110] bestGlobalCost=4589.01 (feasible=YES) bestThisIter=4666.29 feasibleAnts=9 noImprove=17 (elapsed 54.7538s)
[ITER 120] bestGlobalCost=4589.01 (feasible=YES) bestThisIter=4778.64 feasibleAnts=5 noImprove=27 (elapsed 59.7863s)
[ITER 130] bestGlobalCost=4589.01 (feasible=YES) bestThisIter=4837.30 feasibleAnts=4 noImprove=37 (elapsed 63.6423s)
[ITER 140] bestGlobalCost=4589.01 (feasible=YES) bestThisIter=4808.14 feasibleAnts=3 noImprove=47 (elapsed 66.4632s)
[RESET] no improvement for50-> reset pheromones
[ITER 150] bestGlobalCost=4589.01 (feasible=YES) bestThisIter=4628.30 feasibleAnts=10 noImprove=7 (elapsed 71.1129s)
[ITER 160] bestGlobalCost=4589.01 (feasible=YES) bestThisIter=4728.23 feasibleAnts=10 noImprove=17 (elapsed 76.5488s)
[ITER 170] bestGlobalCost=4589.01 (feasible=YES) bestThisIter=4719.12 feasibleAnts=7 noImprove=27 (elapsed 81.7348s)
[ITER 180] bestGlobalCost=4589.01 (feasible=YES) bestThisIter=4717.31 feasibleAnts=6 noImprove=37 (elapsed 85.5806s)
[ITER 190] bestGlobalCost=4589.01 (feasible=YES) bestThisIter=4807.40 feasibleAnts=4 noImprove=47 (elapsed 88.5248s)
[RESET] no improvement for50-> reset pheromones
[ITER 200] bestGlobalCost=4589.01 (feasible=YES) bestThisIter=4622.12 feasibleAnts=9 noImprove=7 (elapsed 92.9694s)
[ITER 210] bestGlobalCost=4589.01 (feasible=YES) bestThisIter=4713.56 feasibleAnts=9 noImprove=17 (elapsed 98.6898s)
[ITER 220] bestGlobalCost=4589.01 (feasible=YES) bestThisIter=4680.53 feasibleAnts=7 noImprove=27 (elapsed 104.294s)
[ITER 230] bestGlobalCost=4589.01 (feasible=YES) bestThisIter=4801.15 feasibleAnts=7 noImprove=37 (elapsed 108.256s)
[ITER 240] bestGlobalCost=4589.01 (feasible=YES) bestThisIter=4745.35 feasibleAnts=3 noImprove=47 (elapsed 110.75s)
[RESET] no improvement for50-> reset pheromones
[ITER 250] bestGlobalCost=4589.01 (feasible=YES) bestThisIter=4620.55 feasibleAnts=10 noImprove=7 (elapsed 115.261s)
[ITER 260] bestGlobalCost=4589.01 (feasible=YES) bestThisIter=4644.60 feasibleAnts=9 noImprove=17 (elapsed 121.145s)
[ITER 262] New best cost=4584.68 (feasible=YES, time 121.941s)
[ITER 268] New best cost=4558.76 (feasible=YES, time 124.282s)
[ITER 270] bestGlobalCost=4558.76 (feasible=YES) bestThisIter=4569.72 feasibleAnts=10 noImprove=2 (elapsed 126.168s)
[ITER 278] New best cost=4556.03 (feasible=YES, time 129.135s)
[ITER 280] bestGlobalCost=4556.03 (feasible=YES) bestThisIter=4558.76 feasibleAnts=13 noImprove=2 (elapsed 130.843s)
[ITER 290] bestGlobalCost=4556.03 (feasible=YES) bestThisIter=4590.45 feasibleAnts=10 noImprove=12 (elapsed 135.738s)
[ITER 292] New best cost=4548.59 (feasible=YES, time 136.66s)
[ITER 300] bestGlobalCost=4548.59 (feasible=YES) bestThisIter=4600.24 feasibleAnts=10 noImprove=8 (elapsed 141.584s)
[ITER 310] bestGlobalCost=4548.59 (feasible=YES) bestThisIter=4662.00 feasibleAnts=10 noImprove=18 (elapsed 147.157s)
[ITER 320] bestGlobalCost=4548.59 (feasible=YES) bestThisIter=4608.16 feasibleAnts=6 noImprove=28 (elapsed 152.429s)
[ITER 330] bestGlobalCost=4548.59 (feasible=YES) bestThisIter=4735.94 feasibleAnts=7 noImprove=38 (elapsed 156.153s)
[ITER 340] bestGlobalCost=4548.59 (feasible=YES) bestThisIter=4782.35 feasibleAnts=4 noImprove=48 (elapsed 158.946s)
[RESET] no improvement for50-> reset pheromones
[ITER 350] bestGlobalCost=4548.59 (feasible=YES) bestThisIter=4604.66 feasibleAnts=10 noImprove=8 (elapsed 163.228s)
[ITER 355] New best cost=4544.51 (feasible=YES, time 165.186s)
[ITER 360] bestGlobalCost=4544.51 (feasible=YES) bestThisIter=4568.76 feasibleAnts=13 noImprove=5 (elapsed 167.942s)
[ITER 361] New best cost=4541.74 (feasible=YES, time 168.288s)
[ITER 370] bestGlobalCost=4541.74 (feasible=YES) bestThisIter=4579.36 feasibleAnts=9 noImprove=9 (elapsed 173.317s)
[ITER 380] bestGlobalCost=4541.74 (feasible=YES) bestThisIter=4604.21 feasibleAnts=9 noImprove=19 (elapsed 178.957s)
[ITER 390] bestGlobalCost=4541.74 (feasible=YES) bestThisIter=4717.08 feasibleAnts=7 noImprove=29 (elapsed 183.926s)
[ITER 400] bestGlobalCost=4541.74 (feasible=YES) bestThisIter=4828.67 feasibleAnts=4 noImprove=39 (elapsed 187.657s)
[ITER 410] bestGlobalCost=4541.74 (feasible=YES) bestThisIter=4836.62 feasibleAnts=3 noImprove=49 (elapsed 190.649s)
[RESET] no improvement for50-> reset pheromones
[ITER 414] New best cost=4537.36 (feasible=YES, time 191.817s)
[ITER 420] bestGlobalCost=4537.36 (feasible=YES) bestThisIter=4558.43 feasibleAnts=10 noImprove=6 (elapsed 196.574s)
[ITER 430] bestGlobalCost=4537.36 (feasible=YES) bestThisIter=4589.00 feasibleAnts=8 noImprove=16 (elapsed 203.297s)
[ITER 440] bestGlobalCost=4537.36 (feasible=YES) bestThisIter=4620.29 feasibleAnts=9 noImprove=26 (elapsed 209.5s)
[ITER 450] bestGlobalCost=4537.36 (feasible=YES) bestThisIter=4870.10 feasibleAnts=9 noImprove=36 (elapsed 214.002s)
[ITER 460] bestGlobalCost=4537.36 (feasible=YES) bestThisIter=4715.46 feasibleAnts=5 noImprove=46 (elapsed 216.826s)
[RESET] no improvement for50-> reset pheromones
[ITER 470] bestGlobalCost=4537.36 (feasible=YES) bestThisIter=4628.83 feasibleAnts=10 noImprove=6 (elapsed 222.053s)
[ITER 480] bestGlobalCost=4537.36 (feasible=YES) bestThisIter=4665.11 feasibleAnts=8 noImprove=16 (elapsed 228.699s)
[ITER 490] bestGlobalCost=4537.36 (feasible=YES) bestThisIter=4692.84 feasibleAnts=10 noImprove=26 (elapsed 233.624s)
[ITER 500] bestGlobalCost=4537.36 (feasible=YES) bestThisIter=4700.89 feasibleAnts=5 noImprove=36 (elapsed 238.102s)
[ITER 510] bestGlobalCost=4537.36 (feasible=YES) bestThisIter=4917.96 feasibleAnts=3 noImprove=46 (elapsed 241.43s)
[RESET] no improvement for50-> reset pheromones
[ITER 520] bestGlobalCost=4537.36 (feasible=YES) bestThisIter=4565.50 feasibleAnts=10 noImprove=6 (elapsed 246.631s)
[ITER 530] bestGlobalCost=4537.36 (feasible=YES) bestThisIter=4613.68 feasibleAnts=8 noImprove=16 (elapsed 253.944s)
[ITER 540] bestGlobalCost=4537.36 (feasible=YES) bestThisIter=4694.23 feasibleAnts=7 noImprove=26 (elapsed 259.714s)
[ITER 550] bestGlobalCost=4537.36 (feasible=YES) bestThisIter=4712.85 feasibleAnts=5 noImprove=36 (elapsed 264.06s)
[ITER 560] bestGlobalCost=4537.36 (feasible=YES) bestThisIter=4807.30 feasibleAnts=4 noImprove=46 (elapsed 267.527s)
[RESET] no improvement for50-> reset pheromones
[ITER 570] bestGlobalCost=4537.36 (feasible=YES) bestThisIter=4578.67 feasibleAnts=10 noImprove=6 (elapsed 272.443s)
[ITER 580] bestGlobalCost=4537.36 (feasible=YES) bestThisIter=4628.52 feasibleAnts=9 noImprove=16 (elapsed 278.57s)
[ITER 590] bestGlobalCost=4537.36 (feasible=YES) bestThisIter=4830.58 feasibleAnts=4 noImprove=26 (elapsed 283.799s)
[ITER 600] bestGlobalCost=4537.36 (feasible=YES) bestThisIter=4794.31 feasibleAnts=4 noImprove=36 (elapsed 288.074s)
[ITER 610] bestGlobalCost=4537.36 (feasible=YES) bestThisIter=4739.25 feasibleAnts=3 noImprove=46 (elapsed 291.144s)
[RESET] no improvement for50-> reset pheromones
[ITER 620] bestGlobalCost=4537.36 (feasible=YES) bestThisIter=4558.23 feasibleAnts=10 noImprove=6 (elapsed 296.505s)
1 46 55 63 70 74 75 76 
2 3 4 5 6 9 15 16 17 
38 39 40 41 103 104 118 119 129 131 
26 31 32 33 34 35 36 43 44 53 56 
85 86 87 88 92 93 95 97 98 
133 134 135 136 170 171 184 185 186 187 
77 78 79 80 81 82 83 89 90 91 94 
96 100 101 112 115 120 121 122 123 126 
150 151 188 190 191 192 193 197 199 200 
25 144 146 147 148 149 152 153 154 155 
42 48 49 50 99 105 106 107 108 109 110 111 
20 23 27 28 29 37 127 128 130 137 
179 181 182 183 194 195 196 198 201 202 
30 51 52 54 57 58 59 60 69 71 72 
45 47 61 62 64 65 66 67 68 73 84 
7 8 10 11 12 13 14 18 19 21 22 
165 169 172 173 174 175 176 177 178 180 189 
157 158 159 160 161 162 163 164 166 
24 124 132 138 139 140 141 142 143 145 
102 113 114 116 117 125 156 167 168 
[SAVELOGS] evolution saved to results/logs/aco_logs/evolution/gr202_20_3.txt
[SAVELOGS] best cost saved to results/logs/aco_logs/objectives/gr202_20_3.txt
[SAVELOGS] best solution saved to results/logs/aco_logs/solutions/gr202_20_3.txt
