[ITER 1] New best cost=748365.13 (feasible=YES, time 6.67385s)
[ITER 2] New best cost=743809.78 (feasible=YES, time 12.7993s)
[ITER 3] New best cost=740727.11 (feasible=YES, time 19.1014s)
[ITER 6] New best cost=738082.92 (feasible=YES, time 38.1606s)
[ITER 7] New best cost=735980.77 (feasible=YES, time 44.5723s)
[ITER 10] [TS] New best cost=734826.48 (feasible=YES, time 66.4695s)
[ITER 10] bestGlobalCost=734826.48 (feasible=YES) bestThisIter=734826.48 feasibleAnts=10 noImprove=1 (elapsed 71.1231s)
[ITER 13] New best cost=734106.89 (feasible=YES, time 88.4808s)
[ITER 15] New best cost=733742.31 (feasible=YES, time 100.94s)
[ITER 20] [TS] New best cost=733585.99 (feasible=YES, time 131.802s)
[ITER 20] [TS] New best cost=733336.33 (feasible=YES, time 135.488s)
[ITER 20] bestGlobalCost=733336.33 (feasible=YES) bestThisIter=736234.05 feasibleAnts=10 noImprove=1 (elapsed 136.657s)
[ITER 24] New best cost=732646.32 (feasible=YES, time 160.039s)
[ITER 30] bestGlobalCost=732646.32 (feasible=YES) bestThisIter=733684.26 feasibleAnts=10 noImprove=6 (elapsed 202.525s)
[ITER 33] New best cost=732375.20 (feasible=YES, time 219.878s)
[ITER 40] bestGlobalCost=732375.20 (feasible=YES) bestThisIter=732843.65 feasibleAnts=10 noImprove=7 (elapsed 267.57s)
[ITER 50] bestGlobalCost=732375.20 (feasible=YES) bestThisIter=733070.77 feasibleAnts=10 noImprove=17 (elapsed 331.858s)
[ITER 60] bestGlobalCost=732375.20 (feasible=YES) bestThisIter=738086.85 feasibleAnts=10 noImprove=27 (elapsed 397.421s)
[RESET] no improvement for30-> reset pheromones
[ITER 70] [TS] New best cost=731904.18 (feasible=YES, time 458.429s)
[ITER 70] bestGlobalCost=731904.18 (feasible=YES) bestThisIter=731904.18 feasibleAnts=10 noImprove=1 (elapsed 463.21s)
[ITER 80] bestGlobalCost=731904.18 (feasible=YES) bestThisIter=733730.04 feasibleAnts=10 noImprove=11 (elapsed 530.463s)
[ITER 87] New best cost=731714.74 (feasible=YES, time 572.766s)
[ITER 90] bestGlobalCost=731714.74 (feasible=YES) bestThisIter=733816.95 feasibleAnts=10 noImprove=3 (elapsed 596.244s)
[ITER 92] New best cost=729809.50 (feasible=YES, time 608.848s)
[ITER 100] bestGlobalCost=729809.50 (feasible=YES) bestThisIter=731917.40 feasibleAnts=10 noImprove=8 (elapsed 664.679s)
[ITER 110] bestGlobalCost=729809.50 (feasible=YES) bestThisIter=732873.45 feasibleAnts=10 noImprove=18 (elapsed 730.273s)
[ITER 120] [TS] New best cost=729766.21 (feasible=YES, time 789.86s)
[ITER 120] bestGlobalCost=729766.21 (feasible=YES) bestThisIter=729998.94 feasibleAnts=10 noImprove=1 (elapsed 793.385s)
[ITER 125] New best cost=729732.89 (feasible=YES, time 822.698s)
[ITER 130] bestGlobalCost=729732.89 (feasible=YES) bestThisIter=731672.09 feasibleAnts=10 noImprove=5 (elapsed 857.249s)
[ITER 140] bestGlobalCost=729732.89 (feasible=YES) bestThisIter=734647.62 feasibleAnts=10 noImprove=15 (elapsed 920.402s)
[ITER 143] New best cost=729658.54 (feasible=YES, time 937.227s)
[ITER 147] New best cost=729316.23 (feasible=YES, time 962.275s)
[ITER 150] bestGlobalCost=729316.23 (feasible=YES) bestThisIter=730285.31 feasibleAnts=10 noImprove=3 (elapsed 988.548s)
[ITER 160] bestGlobalCost=729316.23 (feasible=YES) bestThisIter=731184.32 feasibleAnts=10 noImprove=13 (elapsed 1052.28s)
[ITER 170] bestGlobalCost=729316.23 (feasible=YES) bestThisIter=731617.60 feasibleAnts=10 noImprove=23 (elapsed 1118.12s)
[RESET] no improvement for30-> reset pheromones
[ITER 180] bestGlobalCost=729316.23 (feasible=YES) bestThisIter=736367.20 feasibleAnts=10 noImprove=3 (elapsed 1188.99s)
[ITER 190] bestGlobalCost=729316.23 (feasible=YES) bestThisIter=732555.51 feasibleAnts=10 noImprove=13 (elapsed 1253.9s)
[ITER 200] bestGlobalCost=729316.23 (feasible=YES) bestThisIter=729810.88 feasibleAnts=10 noImprove=23 (elapsed 1318.64s)
[RESET] no improvement for30-> reset pheromones
[ITER 210] bestGlobalCost=729316.23 (feasible=YES) bestThisIter=733020.60 feasibleAnts=10 noImprove=3 (elapsed 1387.02s)
[ITER 219] New best cost=728964.58 (feasible=YES, time 1439.66s)
[ITER 220] bestGlobalCost=728964.58 (feasible=YES) bestThisIter=729316.23 feasibleAnts=10 noImprove=1 (elapsed 1450.86s)
1 4 9 34 39 45 56 110 115 137 157 161 169 201 222 237 251 256 273 275 286 295 300 304 339 397 
33 46 70 78 81 86 134 138 144 150 177 183 198 208 235 241 277 292 294 302 322 324 325 351 364 372 374 
6 15 21 24 26 30 42 64 68 69 76 98 107 118 120 136 160 196 240 288 298 301 316 328 341 384 391 
51 54 77 87 88 153 155 165 185 187 199 211 234 236 238 244 263 278 284 289 312 348 356 389 400 
12 27 28 37 43 63 75 82 126 131 170 171 176 218 220 221 231 248 269 283 291 297 318 321 326 376 378 
22 57 66 92 96 103 106 108 139 147 166 179 203 215 227 257 274 290 299 354 358 360 367 368 371 385 
13 17 19 67 89 117 129 164 167 173 178 186 202 205 214 216 247 268 282 285 306 309 317 336 347 357 395 
5 10 14 31 52 80 125 135 141 146 189 223 228 242 250 255 260 262 280 281 337 353 377 388 
38 44 79 90 102 121 128 145 162 175 181 204 210 225 229 232 239 252 258 259 261 287 313 315 335 349 375 383 392 
8 18 50 74 83 91 97 140 149 152 172 180 182 188 192 193 217 219 233 267 296 305 319 333 338 365 394 399 
25 29 41 53 65 71 84 85 95 114 127 156 159 163 174 190 197 200 243 308 331 340 343 359 366 369 381 398 
20 40 55 61 94 99 104 105 109 111 112 133 143 168 194 246 249 264 270 303 310 334 352 355 370 380 386 
7 35 36 47 48 49 58 72 119 123 124 151 154 184 191 206 213 230 253 271 279 323 342 346 379 
2 3 16 73 93 116 122 132 195 207 209 212 226 265 266 272 314 330 332 361 373 382 387 390 393 
11 23 32 59 60 62 100 101 113 130 142 148 158 224 245 254 276 293 307 311 320 327 329 344 345 350 362 363 396 
[SAVELOGS] evolution saved to results/logs/aco_logs/evolution/rd400_15_3.txt
[SAVELOGS] best cost saved to results/logs/aco_logs/objectives/rd400_15_3.txt
[SAVELOGS] best solution saved to results/logs/aco_logs/solutions/rd400_15_3.txt
