[ITER 1] New best cost=2661.67 (feasible=YES, time 0.00838909s)
[ITER 10] bestGlobalCost=2661.67 (feasible=YES) bestThisIter=2661.67 feasibleAnts=32 noImprove=9 (elapsed 0.131531s)
[ITER 20] bestGlobalCost=2661.67 (feasible=YES) bestThisIter=2661.67 feasibleAnts=36 noImprove=19 (elapsed 0.30669s)
[ITER 30] bestGlobalCost=2661.67 (feasible=YES) bestThisIter=2661.67 feasibleAnts=34 noImprove=29 (elapsed 0.583667s)
[RESET] no improvement for30-> reset pheromones
[ITER 40] bestGlobalCost=2661.67 (feasible=YES) bestThisIter=2661.67 feasibleAnts=38 noImprove=9 (elapsed 0.748581s)
[ITER 50] bestGlobalCost=2661.67 (feasible=YES) bestThisIter=2661.67 feasibleAnts=40 noImprove=19 (elapsed 0.91289s)
[ITER 60] bestGlobalCost=2661.67 (feasible=YES) bestThisIter=2661.67 feasibleAnts=35 noImprove=29 (elapsed 1.05849s)
[RESET] no improvement for30-> reset pheromones
[ITER 70] bestGlobalCost=2661.67 (feasible=YES) bestThisIter=2661.67 feasibleAnts=34 noImprove=9 (elapsed 1.22048s)
[ITER 80] bestGlobalCost=2661.67 (feasible=YES) bestThisIter=2661.67 feasibleAnts=37 noImprove=19 (elapsed 1.35641s)
[ITER 90] bestGlobalCost=2661.67 (feasible=YES) bestThisIter=2661.67 feasibleAnts=38 noImprove=29 (elapsed 1.49195s)
[RESET] no improvement for30-> reset pheromones
[ITER 100] bestGlobalCost=2661.67 (feasible=YES) bestThisIter=2661.67 feasibleAnts=34 noImprove=9 (elapsed 1.6313s)
[ITER 110] bestGlobalCost=2661.67 (feasible=YES) bestThisIter=2661.67 feasibleAnts=39 noImprove=19 (elapsed 1.7592s)
[ITER 120] bestGlobalCost=2661.67 (feasible=YES) bestThisIter=2661.67 feasibleAnts=35 noImprove=29 (elapsed 1.88453s)
[RESET] no improvement for30-> reset pheromones
[ITER 130] bestGlobalCost=2661.67 (feasible=YES) bestThisIter=2661.67 feasibleAnts=37 noImprove=9 (elapsed 2.02646s)
[ITER 140] bestGlobalCost=2661.67 (feasible=YES) bestThisIter=2661.67 feasibleAnts=33 noImprove=19 (elapsed 2.1651s)
[ITER 150] bestGlobalCost=2661.67 (feasible=YES) bestThisIter=2661.67 feasibleAnts=35 noImprove=29 (elapsed 2.29303s)
[RESET] no improvement for30-> reset pheromones
[ITER 160] bestGlobalCost=2661.67 (feasible=YES) bestThisIter=2661.67 feasibleAnts=37 noImprove=9 (elapsed 2.44745s)
[ITER 170] bestGlobalCost=2661.67 (feasible=YES) bestThisIter=2661.67 feasibleAnts=37 noImprove=19 (elapsed 2.6001s)
[ITER 180] bestGlobalCost=2661.67 (feasible=YES) bestThisIter=2661.67 feasibleAnts=35 noImprove=29 (elapsed 2.74594s)
[RESET] no improvement for30-> reset pheromones
[ITER 190] bestGlobalCost=2661.67 (feasible=YES) bestThisIter=2661.67 feasibleAnts=34 noImprove=9 (elapsed 2.88749s)
[ITER 200] bestGlobalCost=2661.67 (feasible=YES) bestThisIter=2661.67 feasibleAnts=35 noImprove=19 (elapsed 3.02163s)
[ITER 210] bestGlobalCost=2661.67 (feasible=YES) bestThisIter=2661.67 feasibleAnts=32 noImprove=29 (elapsed 3.15501s)
[RESET] no improvement for30-> reset pheromones
[ITER 220] bestGlobalCost=2661.67 (feasible=YES) bestThisIter=2661.67 feasibleAnts=33 noImprove=9 (elapsed 3.30589s)
[ITER 230] bestGlobalCost=2661.67 (feasible=YES) bestThisIter=2661.67 feasibleAnts=35 noImprove=19 (elapsed 3.44688s)
[ITER 240] bestGlobalCost=2661.67 (feasible=YES) bestThisIter=2661.67 feasibleAnts=36 noImprove=29 (elapsed 3.588s)
[RESET] no improvement for30-> reset pheromones
[ITER 250] bestGlobalCost=2661.67 (feasible=YES) bestThisIter=2661.67 feasibleAnts=35 noImprove=9 (elapsed 3.77509s)
[ITER 260] bestGlobalCost=2661.67 (feasible=YES) bestThisIter=2661.67 feasibleAnts=32 noImprove=19 (elapsed 3.91498s)
[ITER 270] bestGlobalCost=2661.67 (feasible=YES) bestThisIter=2661.67 feasibleAnts=37 noImprove=29 (elapsed 4.08737s)
[RESET] no improvement for30-> reset pheromones
[ITER 280] bestGlobalCost=2661.67 (feasible=YES) bestThisIter=2661.67 feasibleAnts=33 noImprove=9 (elapsed 4.28605s)
[ITER 290] bestGlobalCost=2661.67 (feasible=YES) bestThisIter=2661.67 feasibleAnts=37 noImprove=19 (elapsed 4.46041s)
[ITER 300] bestGlobalCost=2661.67 (feasible=YES) bestThisIter=2661.67 feasibleAnts=32 noImprove=29 (elapsed 4.62201s)
[RESET] no improvement for30-> reset pheromones
[ITER 310] bestGlobalCost=2661.67 (feasible=YES) bestThisIter=2661.67 feasibleAnts=37 noImprove=9 (elapsed 4.81759s)
[ITER 320] bestGlobalCost=2661.67 (feasible=YES) bestThisIter=2661.67 feasibleAnts=31 noImprove=19 (elapsed 5.01395s)
[ITER 330] bestGlobalCost=2661.67 (feasible=YES) bestThisIter=2661.67 feasibleAnts=31 noImprove=29 (elapsed 5.18818s)
[RESET] no improvement for30-> reset pheromones
[ITER 340] bestGlobalCost=2661.67 (feasible=YES) bestThisIter=2661.67 feasibleAnts=35 noImprove=9 (elapsed 5.36965s)
[ITER 350] bestGlobalCost=2661.67 (feasible=YES) bestThisIter=2661.67 feasibleAnts=35 noImprove=19 (elapsed 5.53178s)
[ITER 360] bestGlobalCost=2661.67 (feasible=YES) bestThisIter=2661.67 feasibleAnts=36 noImprove=29 (elapsed 5.70863s)
[RESET] no improvement for30-> reset pheromones
[ITER 370] bestGlobalCost=2661.67 (feasible=YES) bestThisIter=2661.67 feasibleAnts=37 noImprove=9 (elapsed 5.8867s)
[ITER 380] bestGlobalCost=2661.67 (feasible=YES) bestThisIter=2661.67 feasibleAnts=37 noImprove=19 (elapsed 6.06346s)
[ITER 390] bestGlobalCost=2661.67 (feasible=YES) bestThisIter=2661.67 feasibleAnts=39 noImprove=29 (elapsed 6.22719s)
[RESET] no improvement for30-> reset pheromones
[ITER 400] bestGlobalCost=2661.67 (feasible=YES) bestThisIter=2661.67 feasibleAnts=35 noImprove=9 (elapsed 6.40499s)
[ITER 410] bestGlobalCost=2661.67 (feasible=YES) bestThisIter=2661.67 feasibleAnts=34 noImprove=19 (elapsed 6.56411s)
[ITER 420] bestGlobalCost=2661.67 (feasible=YES) bestThisIter=2661.67 feasibleAnts=37 noImprove=29 (elapsed 6.74198s)
[RESET] no improvement for30-> reset pheromones
[ITER 430] bestGlobalCost=2661.67 (feasible=YES) bestThisIter=2661.67 feasibleAnts=37 noImprove=9 (elapsed 6.91246s)
[ITER 440] bestGlobalCost=2661.67 (feasible=YES) bestThisIter=2661.67 feasibleAnts=36 noImprove=19 (elapsed 7.06655s)
[ITER 450] bestGlobalCost=2661.67 (feasible=YES) bestThisIter=2661.67 feasibleAnts=36 noImprove=29 (elapsed 7.2403s)
[RESET] no improvement for30-> reset pheromones
[ITER 460] bestGlobalCost=2661.67 (feasible=YES) bestThisIter=2661.67 feasibleAnts=35 noImprove=9 (elapsed 7.41146s)
[ITER 470] bestGlobalCost=2661.67 (feasible=YES) bestThisIter=2661.67 feasibleAnts=32 noImprove=19 (elapsed 7.5861s)
[ITER 480] bestGlobalCost=2661.67 (feasible=YES) bestThisIter=2661.67 feasibleAnts=36 noImprove=29 (elapsed 7.76155s)
[RESET] no improvement for30-> reset pheromones
[ITER 490] bestGlobalCost=2661.67 (feasible=YES) bestThisIter=2661.67 feasibleAnts=38 noImprove=9 (elapsed 7.91059s)
[ITER 500] bestGlobalCost=2661.67 (feasible=YES) bestThisIter=2661.67 feasibleAnts=36 noImprove=19 (elapsed 8.03529s)
[ITER 510] bestGlobalCost=2661.67 (feasible=YES) bestThisIter=2661.67 feasibleAnts=37 noImprove=29 (elapsed 8.1624s)
[RESET] no improvement for30-> reset pheromones
[ITER 520] bestGlobalCost=2661.67 (feasible=YES) bestThisIter=2661.67 feasibleAnts=38 noImprove=9 (elapsed 8.29439s)
[ITER 530] bestGlobalCost=2661.67 (feasible=YES) bestThisIter=2661.67 feasibleAnts=33 noImprove=19 (elapsed 8.41259s)
[ITER 540] bestGlobalCost=2661.67 (feasible=YES) bestThisIter=2661.67 feasibleAnts=36 noImprove=29 (elapsed 8.52154s)
[RESET] no improvement for30-> reset pheromones
[ITER 550] bestGlobalCost=2661.67 (feasible=YES) bestThisIter=2661.67 feasibleAnts=35 noImprove=9 (elapsed 8.64926s)
[ITER 560] bestGlobalCost=2661.67 (feasible=YES) bestThisIter=2661.67 feasibleAnts=32 noImprove=19 (elapsed 8.76577s)
[ITER 570] bestGlobalCost=2661.67 (feasible=YES) bestThisIter=2661.67 feasibleAnts=40 noImprove=29 (elapsed 8.8995s)
[RESET] no improvement for30-> reset pheromones
[ITER 580] bestGlobalCost=2661.67 (feasible=YES) bestThisIter=2661.67 feasibleAnts=36 noImprove=9 (elapsed 9.03587s)
[ITER 590] bestGlobalCost=2661.67 (feasible=YES) bestThisIter=2661.67 feasibleAnts=39 noImprove=19 (elapsed 9.16539s)
[ITER 600] bestGlobalCost=2661.67 (feasible=YES) bestThisIter=2661.67 feasibleAnts=35 noImprove=29 (elapsed 9.29779s)
[RESET] no improvement for30-> reset pheromones
[ITER 610] bestGlobalCost=2661.67 (feasible=YES) bestThisIter=2661.67 feasibleAnts=37 noImprove=9 (elapsed 9.42863s)
[ITER 620] bestGlobalCost=2661.67 (feasible=YES) bestThisIter=2661.67 feasibleAnts=38 noImprove=19 (elapsed 9.55626s)
[ITER 630] bestGlobalCost=2661.67 (feasible=YES) bestThisIter=2661.67 feasibleAnts=32 noImprove=29 (elapsed 9.68333s)
[RESET] no improvement for30-> reset pheromones
[ITER 640] bestGlobalCost=2661.67 (feasible=YES) bestThisIter=2661.67 feasibleAnts=35 noImprove=9 (elapsed 9.8224s)
[ITER 650] bestGlobalCost=2661.67 (feasible=YES) bestThisIter=2661.67 feasibleAnts=38 noImprove=19 (elapsed 9.94895s)
3 4 9 10 11 18 29 30 40 
1 2 15 19 25 28 36 37 
5 6 7 8 13 21 33 34 39 
14 17 20 22 26 27 32 38 
12 16 23 24 31 35 
[SAVELOGS] evolution saved to results/logs/aco_logs/evolution/muestra5_40_5.txt
[SAVELOGS] best cost saved to results/logs/aco_logs/objectives/muestra5_40_5.txt
[SAVELOGS] best solution saved to results/logs/aco_logs/solutions/muestra5_40_5.txt
