[ITER 1] New best cost=2661.67 (feasible=YES, time 0.0106483s)
[ITER 10] bestGlobalCost=2661.67 (feasible=YES) bestThisIter=2661.67 feasibleAnts=37 noImprove=9 (elapsed 0.155685s)
[ITER 20] bestGlobalCost=2661.67 (feasible=YES) bestThisIter=2661.67 feasibleAnts=38 noImprove=19 (elapsed 0.453206s)
[ITER 30] bestGlobalCost=2661.67 (feasible=YES) bestThisIter=2661.67 feasibleAnts=35 noImprove=29 (elapsed 0.668401s)
[RESET] no improvement for30-> reset pheromones
[ITER 40] bestGlobalCost=2661.67 (feasible=YES) bestThisIter=2661.67 feasibleAnts=36 noImprove=9 (elapsed 0.814927s)
[ITER 50] bestGlobalCost=2661.67 (feasible=YES) bestThisIter=2661.67 feasibleAnts=39 noImprove=19 (elapsed 0.956662s)
[ITER 60] bestGlobalCost=2661.67 (feasible=YES) bestThisIter=2661.67 feasibleAnts=36 noImprove=29 (elapsed 1.08733s)
[RESET] no improvement for30-> reset pheromones
[ITER 70] bestGlobalCost=2661.67 (feasible=YES) bestThisIter=2661.67 feasibleAnts=37 noImprove=9 (elapsed 1.22846s)
[ITER 80] bestGlobalCost=2661.67 (feasible=YES) bestThisIter=2661.67 feasibleAnts=36 noImprove=19 (elapsed 1.38647s)
[ITER 90] bestGlobalCost=2661.67 (feasible=YES) bestThisIter=2661.67 feasibleAnts=33 noImprove=29 (elapsed 1.54166s)
[RESET] no improvement for30-> reset pheromones
[ITER 100] bestGlobalCost=2661.67 (feasible=YES) bestThisIter=2661.67 feasibleAnts=36 noImprove=9 (elapsed 1.72195s)
[ITER 110] bestGlobalCost=2661.67 (feasible=YES) bestThisIter=2661.67 feasibleAnts=33 noImprove=19 (elapsed 1.88898s)
[ITER 120] bestGlobalCost=2661.67 (feasible=YES) bestThisIter=2661.67 feasibleAnts=36 noImprove=29 (elapsed 2.06512s)
[RESET] no improvement for30-> reset pheromones
[ITER 130] bestGlobalCost=2661.67 (feasible=YES) bestThisIter=2661.67 feasibleAnts=36 noImprove=9 (elapsed 2.25164s)
[ITER 140] bestGlobalCost=2661.67 (feasible=YES) bestThisIter=2661.67 feasibleAnts=34 noImprove=19 (elapsed 2.41002s)
[ITER 150] bestGlobalCost=2661.67 (feasible=YES) bestThisIter=2661.67 feasibleAnts=35 noImprove=29 (elapsed 2.57854s)
[RESET] no improvement for30-> reset pheromones
[ITER 160] bestGlobalCost=2661.67 (feasible=YES) bestThisIter=2661.67 feasibleAnts=36 noImprove=9 (elapsed 2.78228s)
[ITER 170] bestGlobalCost=2661.67 (feasible=YES) bestThisIter=2661.67 feasibleAnts=35 noImprove=19 (elapsed 2.94646s)
[ITER 180] bestGlobalCost=2661.67 (feasible=YES) bestThisIter=2661.67 feasibleAnts=37 noImprove=29 (elapsed 3.10885s)
[RESET] no improvement for30-> reset pheromones
[ITER 190] bestGlobalCost=2661.67 (feasible=YES) bestThisIter=2661.67 feasibleAnts=39 noImprove=9 (elapsed 3.30143s)
[ITER 200] bestGlobalCost=2661.67 (feasible=YES) bestThisIter=2661.67 feasibleAnts=35 noImprove=19 (elapsed 3.48306s)
[ITER 210] bestGlobalCost=2661.67 (feasible=YES) bestThisIter=2661.67 feasibleAnts=38 noImprove=29 (elapsed 3.65557s)
[RESET] no improvement for30-> reset pheromones
[ITER 220] bestGlobalCost=2661.67 (feasible=YES) bestThisIter=2661.67 feasibleAnts=38 noImprove=9 (elapsed 3.83303s)
[ITER 230] bestGlobalCost=2661.67 (feasible=YES) bestThisIter=2661.67 feasibleAnts=31 noImprove=19 (elapsed 3.98291s)
[ITER 240] bestGlobalCost=2661.67 (feasible=YES) bestThisIter=2661.67 feasibleAnts=38 noImprove=29 (elapsed 4.14464s)
[RESET] no improvement for30-> reset pheromones
[ITER 250] bestGlobalCost=2661.67 (feasible=YES) bestThisIter=2661.67 feasibleAnts=32 noImprove=9 (elapsed 4.31857s)
[ITER 260] bestGlobalCost=2661.67 (feasible=YES) bestThisIter=2661.67 feasibleAnts=40 noImprove=19 (elapsed 4.48133s)
[ITER 270] bestGlobalCost=2661.67 (feasible=YES) bestThisIter=2661.67 feasibleAnts=35 noImprove=29 (elapsed 4.66288s)
[RESET] no improvement for30-> reset pheromones
[ITER 280] bestGlobalCost=2661.67 (feasible=YES) bestThisIter=2661.67 feasibleAnts=37 noImprove=9 (elapsed 4.84853s)
[ITER 290] bestGlobalCost=2661.67 (feasible=YES) bestThisIter=2661.67 feasibleAnts=34 noImprove=19 (elapsed 4.99413s)
[ITER 300] bestGlobalCost=2661.67 (feasible=YES) bestThisIter=2661.67 feasibleAnts=38 noImprove=29 (elapsed 5.14965s)
[RESET] no improvement for30-> reset pheromones
[ITER 310] bestGlobalCost=2661.67 (feasible=YES) bestThisIter=2661.67 feasibleAnts=35 noImprove=9 (elapsed 5.32628s)
[ITER 320] bestGlobalCost=2661.67 (feasible=YES) bestThisIter=2661.67 feasibleAnts=33 noImprove=19 (elapsed 5.47706s)
[ITER 330] bestGlobalCost=2661.67 (feasible=YES) bestThisIter=2661.67 feasibleAnts=37 noImprove=29 (elapsed 5.58511s)
[RESET] no improvement for30-> reset pheromones
[ITER 340] bestGlobalCost=2661.67 (feasible=YES) bestThisIter=2661.67 feasibleAnts=35 noImprove=9 (elapsed 5.7195s)
[ITER 350] bestGlobalCost=2661.67 (feasible=YES) bestThisIter=2661.67 feasibleAnts=30 noImprove=19 (elapsed 5.84952s)
[ITER 360] bestGlobalCost=2661.67 (feasible=YES) bestThisIter=2661.67 feasibleAnts=39 noImprove=29 (elapsed 5.98292s)
[RESET] no improvement for30-> reset pheromones
[ITER 370] bestGlobalCost=2661.67 (feasible=YES) bestThisIter=2661.67 feasibleAnts=35 noImprove=9 (elapsed 6.11247s)
[ITER 380] bestGlobalCost=2661.67 (feasible=YES) bestThisIter=2661.67 feasibleAnts=37 noImprove=19 (elapsed 6.24614s)
[ITER 390] bestGlobalCost=2661.67 (feasible=YES) bestThisIter=2661.67 feasibleAnts=35 noImprove=29 (elapsed 6.37239s)
[RESET] no improvement for30-> reset pheromones
[ITER 400] bestGlobalCost=2661.67 (feasible=YES) bestThisIter=2661.67 feasibleAnts=35 noImprove=9 (elapsed 6.50394s)
[ITER 410] bestGlobalCost=2661.67 (feasible=YES) bestThisIter=2661.67 feasibleAnts=36 noImprove=19 (elapsed 6.63274s)
[ITER 420] bestGlobalCost=2661.67 (feasible=YES) bestThisIter=2661.67 feasibleAnts=35 noImprove=29 (elapsed 6.76664s)
[RESET] no improvement for30-> reset pheromones
[ITER 430] bestGlobalCost=2661.67 (feasible=YES) bestThisIter=2661.67 feasibleAnts=37 noImprove=9 (elapsed 6.8948s)
[ITER 440] bestGlobalCost=2661.67 (feasible=YES) bestThisIter=2661.67 feasibleAnts=35 noImprove=19 (elapsed 7.02166s)
[ITER 450] bestGlobalCost=2661.67 (feasible=YES) bestThisIter=2661.67 feasibleAnts=37 noImprove=29 (elapsed 7.1318s)
[RESET] no improvement for30-> reset pheromones
[ITER 460] bestGlobalCost=2661.67 (feasible=YES) bestThisIter=2661.67 feasibleAnts=33 noImprove=9 (elapsed 7.26764s)
[ITER 470] bestGlobalCost=2661.67 (feasible=YES) bestThisIter=2661.67 feasibleAnts=38 noImprove=19 (elapsed 7.38845s)
[ITER 480] bestGlobalCost=2661.67 (feasible=YES) bestThisIter=2661.67 feasibleAnts=32 noImprove=29 (elapsed 7.50798s)
[RESET] no improvement for30-> reset pheromones
[ITER 490] bestGlobalCost=2661.67 (feasible=YES) bestThisIter=2661.67 feasibleAnts=32 noImprove=9 (elapsed 7.64053s)
[ITER 500] bestGlobalCost=2661.67 (feasible=YES) bestThisIter=2661.67 feasibleAnts=40 noImprove=19 (elapsed 7.76808s)
[ITER 510] bestGlobalCost=2661.67 (feasible=YES) bestThisIter=2661.67 feasibleAnts=35 noImprove=29 (elapsed 7.87923s)
[RESET] no improvement for30-> reset pheromones
[ITER 520] bestGlobalCost=2661.67 (feasible=YES) bestThisIter=2661.67 feasibleAnts=36 noImprove=9 (elapsed 8.01295s)
[ITER 530] bestGlobalCost=2661.67 (feasible=YES) bestThisIter=2661.67 feasibleAnts=38 noImprove=19 (elapsed 8.11996s)
[ITER 540] bestGlobalCost=2661.67 (feasible=YES) bestThisIter=2661.67 feasibleAnts=32 noImprove=29 (elapsed 8.23152s)
[RESET] no improvement for30-> reset pheromones
[ITER 550] bestGlobalCost=2661.67 (feasible=YES) bestThisIter=2661.67 feasibleAnts=30 noImprove=9 (elapsed 8.3645s)
[ITER 560] bestGlobalCost=2661.67 (feasible=YES) bestThisIter=2661.67 feasibleAnts=38 noImprove=19 (elapsed 8.50381s)
[ITER 570] bestGlobalCost=2661.67 (feasible=YES) bestThisIter=2661.67 feasibleAnts=35 noImprove=29 (elapsed 8.60374s)
[RESET] no improvement for30-> reset pheromones
[ITER 580] bestGlobalCost=2661.67 (feasible=YES) bestThisIter=2661.67 feasibleAnts=37 noImprove=9 (elapsed 8.73742s)
[ITER 590] bestGlobalCost=2661.67 (feasible=YES) bestThisIter=2661.67 feasibleAnts=35 noImprove=19 (elapsed 8.867s)
[ITER 600] bestGlobalCost=2661.67 (feasible=YES) bestThisIter=2661.67 feasibleAnts=36 noImprove=29 (elapsed 8.99845s)
[RESET] no improvement for30-> reset pheromones
[ITER 610] bestGlobalCost=2661.67 (feasible=YES) bestThisIter=2661.67 feasibleAnts=36 noImprove=9 (elapsed 9.12876s)
[ITER 620] bestGlobalCost=2661.67 (feasible=YES) bestThisIter=2661.67 feasibleAnts=34 noImprove=19 (elapsed 9.25082s)
[ITER 630] bestGlobalCost=2661.67 (feasible=YES) bestThisIter=2661.67 feasibleAnts=34 noImprove=29 (elapsed 9.38271s)
[RESET] no improvement for30-> reset pheromones
[ITER 640] bestGlobalCost=2661.67 (feasible=YES) bestThisIter=2661.67 feasibleAnts=39 noImprove=9 (elapsed 9.55262s)
[ITER 650] bestGlobalCost=2661.67 (feasible=YES) bestThisIter=2661.67 feasibleAnts=36 noImprove=19 (elapsed 9.6981s)
[ITER 660] bestGlobalCost=2661.67 (feasible=YES) bestThisIter=2661.67 feasibleAnts=36 noImprove=29 (elapsed 9.856s)
[RESET] no improvement for30-> reset pheromones
[ITER 670] bestGlobalCost=2661.67 (feasible=YES) bestThisIter=2661.67 feasibleAnts=38 noImprove=9 (elapsed 10.0315s)
5 6 7 8 13 21 33 34 39 
14 17 20 22 26 27 32 38 
1 2 15 19 25 28 36 37 
3 4 9 10 11 18 29 30 40 
12 16 23 24 31 35 
[SAVELOGS] evolution saved to results/logs/aco_logs/evolution/muestra5_40_5.txt
[SAVELOGS] best cost saved to results/logs/aco_logs/objectives/muestra5_40_5.txt
[SAVELOGS] best solution saved to results/logs/aco_logs/solutions/muestra5_40_5.txt
