[ITER 1] New best cost=7046736.93 (feasible=YES, time 0.247548s)
[ITER 2] New best cost=6869920.97 (feasible=YES, time 0.427475s)
[ITER 3] New best cost=6727301.77 (feasible=YES, time 0.595851s)
[ITER 6] New best cost=6688453.00 (feasible=YES, time 1.26977s)
[ITER 7] New best cost=6681404.55 (feasible=YES, time 1.44285s)
[ITER 8] New best cost=6672606.18 (feasible=YES, time 1.64247s)
[ITER 9] New best cost=6651381.15 (feasible=YES, time 1.8434s)
[ITER 10] bestGlobalCost=6651381.15 (feasible=YES) bestThisIter=6682341.12 feasibleAnts=10 noImprove=1 (elapsed 2.29944s)
[ITER 20] bestGlobalCost=6651381.15 (feasible=YES) bestThisIter=6651381.15 feasibleAnts=10 noImprove=11 (elapsed 17.1099s)
[ITER 30] bestGlobalCost=6651381.15 (feasible=YES) bestThisIter=6651381.15 feasibleAnts=10 noImprove=21 (elapsed 26.7826s)
[RESET] no improvement for30-> reset pheromones
[ITER 40] bestGlobalCost=6651381.15 (feasible=YES) bestThisIter=6998274.67 feasibleAnts=10 noImprove=1 (elapsed 27.6718s)
[ITER 50] bestGlobalCost=6651381.15 (feasible=YES) bestThisIter=6726360.16 feasibleAnts=10 noImprove=11 (elapsed 37.3775s)
[ITER 60] bestGlobalCost=6651381.15 (feasible=YES) bestThisIter=6762862.18 feasibleAnts=10 noImprove=21 (elapsed 46.8106s)
[RESET] no improvement for30-> reset pheromones
[ITER 70] bestGlobalCost=6651381.15 (feasible=YES) bestThisIter=7144640.03 feasibleAnts=10 noImprove=1 (elapsed 47.652s)
[ITER 80] bestGlobalCost=6651381.15 (feasible=YES) bestThisIter=6826313.31 feasibleAnts=10 noImprove=11 (elapsed 56.1684s)
[ITER 90] bestGlobalCost=6651381.15 (feasible=YES) bestThisIter=6651381.15 feasibleAnts=10 noImprove=21 (elapsed 64.7111s)
42 43 44 46 52 53 55 56 57 58 65 66 68 69 81 82 88 89 100 101 102 103 104 111 113 114 118 137 138 142 143 
1 2 3 4 5 6 11 12 13 14 15 16 18 23 24 25 26 27 28 29 30 31 32 33 34 35 36 37 38 39 
7 8 9 10 17 19 20 21 22 40 41 59 60 61 62 63 64 67 83 84 85 86 87 105 106 107 108 109 110 112 
45 47 48 49 50 51 54 70 71 72 73 74 75 76 77 78 79 80 90 91 92 93 94 95 96 97 98 99 115 116 
117 119 120 121 122 123 124 125 126 127 128 129 130 131 132 133 134 135 136 139 140 141 144 145 146 147 148 149 150 151 152 
[SAVELOGS] evolution saved to results/logs/pr152_05_5/evolution/pr152_05_5
[SAVELOGS] best cost saved to results/logs/pr152_05_5/objectives/pr152_05_5
[SAVELOGS] best solution saved to results/logs/pr152_05_5/solutions/pr152_05_5
