[ITER 1] New best cost=2114588.52 (feasible=YES, time 1.20995s)
[ITER 2] New best cost=2058175.86 (feasible=YES, time 2.50339s)
[ITER 3] New best cost=2032745.22 (feasible=YES, time 3.33425s)
[ITER 10] bestGlobalCost=2032745.22 (feasible=YES) bestThisIter=2054587.37 feasibleAnts=10 noImprove=7 (elapsed 9.25955s)
[ITER 20] bestGlobalCost=2032745.22 (feasible=YES) bestThisIter=2053416.45 feasibleAnts=10 noImprove=17 (elapsed 17.3715s)
[ITER 27] New best cost=2018908.37 (feasible=YES, time 23.4199s)
[ITER 30] New best cost=2013993.83 (feasible=YES, time 25.8477s)
[ITER 30] bestGlobalCost=2013993.83 (feasible=YES) bestThisIter=2014862.69 feasibleAnts=10 noImprove=0 (elapsed 25.8514s)
[ITER 32] New best cost=2013027.79 (feasible=YES, time 27.1407s)
[ITER 33] New best cost=2011594.49 (feasible=YES, time 27.6284s)
[ITER 40] bestGlobalCost=2011594.49 (feasible=YES) bestThisIter=2089409.91 feasibleAnts=10 noImprove=7 (elapsed 31.8209s)
[ITER 50] bestGlobalCost=2011594.49 (feasible=YES) bestThisIter=2084866.92 feasibleAnts=10 noImprove=17 (elapsed 38.6056s)
[ITER 60] bestGlobalCost=2011594.49 (feasible=YES) bestThisIter=2105097.96 feasibleAnts=10 noImprove=27 (elapsed 47.1338s)
[ITER 70] bestGlobalCost=2011594.49 (feasible=YES) bestThisIter=2100906.86 feasibleAnts=10 noImprove=37 (elapsed 55.8792s)
[ITER 80] bestGlobalCost=2011594.49 (feasible=YES) bestThisIter=2165338.65 feasibleAnts=10 noImprove=47 (elapsed 64.1492s)
[RESET] no improvement for50-> reset pheromones
[ITER 85] New best cost=2003687.26 (feasible=YES, time 68.4952s)
[ITER 90] bestGlobalCost=2003687.26 (feasible=YES) bestThisIter=2011225.82 feasibleAnts=10 noImprove=5 (elapsed 70.8694s)
[ITER 100] bestGlobalCost=2003687.26 (feasible=YES) bestThisIter=2101533.41 feasibleAnts=10 noImprove=15 (elapsed 78.6068s)
[ITER 110] bestGlobalCost=2003687.26 (feasible=YES) bestThisIter=2082839.09 feasibleAnts=10 noImprove=25 (elapsed 87.2501s)
[ITER 120] bestGlobalCost=2003687.26 (feasible=YES) bestThisIter=2124832.31 feasibleAnts=10 noImprove=35 (elapsed 95.4141s)
[ITER 130] bestGlobalCost=2003687.26 (feasible=YES) bestThisIter=2129645.03 feasibleAnts=10 noImprove=45 (elapsed 104.195s)
[RESET] no improvement for50-> reset pheromones
[ITER 140] bestGlobalCost=2003687.26 (feasible=YES) bestThisIter=2010325.77 feasibleAnts=10 noImprove=5 (elapsed 111.446s)
[ITER 144] New best cost=1996765.38 (feasible=YES, time 114.575s)
[ITER 150] bestGlobalCost=1996765.38 (feasible=YES) bestThisIter=2048017.59 feasibleAnts=10 noImprove=6 (elapsed 118.881s)
[ITER 160] bestGlobalCost=1996765.38 (feasible=YES) bestThisIter=2066781.22 feasibleAnts=10 noImprove=16 (elapsed 127.776s)
[ITER 170] bestGlobalCost=1996765.38 (feasible=YES) bestThisIter=2123220.98 feasibleAnts=10 noImprove=26 (elapsed 135.916s)
[ITER 180] bestGlobalCost=1996765.38 (feasible=YES) bestThisIter=2132373.78 feasibleAnts=10 noImprove=36 (elapsed 144.147s)
[ITER 190] bestGlobalCost=1996765.38 (feasible=YES) bestThisIter=2134459.71 feasibleAnts=10 noImprove=46 (elapsed 152.088s)
[RESET] no improvement for50-> reset pheromones
[ITER 200] bestGlobalCost=1996765.38 (feasible=YES) bestThisIter=2039750.79 feasibleAnts=10 noImprove=6 (elapsed 160.398s)
[ITER 210] bestGlobalCost=1996765.38 (feasible=YES) bestThisIter=2118854.51 feasibleAnts=10 noImprove=16 (elapsed 168.876s)
[ITER 220] bestGlobalCost=1996765.38 (feasible=YES) bestThisIter=2165098.77 feasibleAnts=10 noImprove=26 (elapsed 177.195s)
[ITER 230] bestGlobalCost=1996765.38 (feasible=YES) bestThisIter=2151252.72 feasibleAnts=10 noImprove=36 (elapsed 184.877s)
[ITER 240] bestGlobalCost=1996765.38 (feasible=YES) bestThisIter=2162667.97 feasibleAnts=10 noImprove=46 (elapsed 194.323s)
[RESET] no improvement for50-> reset pheromones
[ITER 250] bestGlobalCost=1996765.38 (feasible=YES) bestThisIter=2080537.04 feasibleAnts=10 noImprove=6 (elapsed 202.369s)
[ITER 260] bestGlobalCost=1996765.38 (feasible=YES) bestThisIter=2072822.03 feasibleAnts=10 noImprove=16 (elapsed 209.897s)
[ITER 270] bestGlobalCost=1996765.38 (feasible=YES) bestThisIter=2223296.67 feasibleAnts=10 noImprove=26 (elapsed 218.016s)
[ITER 280] bestGlobalCost=1996765.38 (feasible=YES) bestThisIter=2130401.09 feasibleAnts=10 noImprove=36 (elapsed 227.06s)
[ITER 290] bestGlobalCost=1996765.38 (feasible=YES) bestThisIter=2245110.10 feasibleAnts=10 noImprove=46 (elapsed 234.379s)
[RESET] no improvement for50-> reset pheromones
[ITER 300] bestGlobalCost=1996765.38 (feasible=YES) bestThisIter=2047815.59 feasibleAnts=10 noImprove=6 (elapsed 242.568s)
[ITER 310] bestGlobalCost=1996765.38 (feasible=YES) bestThisIter=2062237.82 feasibleAnts=10 noImprove=16 (elapsed 250.276s)
[ITER 320] bestGlobalCost=1996765.38 (feasible=YES) bestThisIter=2145391.54 feasibleAnts=10 noImprove=26 (elapsed 258.613s)
[ITER 330] bestGlobalCost=1996765.38 (feasible=YES) bestThisIter=2116843.37 feasibleAnts=10 noImprove=36 (elapsed 266.968s)
[ITER 340] bestGlobalCost=1996765.38 (feasible=YES) bestThisIter=2136355.62 feasibleAnts=10 noImprove=46 (elapsed 275.076s)
[RESET] no improvement for50-> reset pheromones
[ITER 348] New best cost=1995872.61 (feasible=YES, time 281.596s)
[ITER 350] bestGlobalCost=1995872.61 (feasible=YES) bestThisIter=1996765.38 feasibleAnts=11 noImprove=2 (elapsed 283.27s)
[ITER 360] bestGlobalCost=1995872.61 (feasible=YES) bestThisIter=2078761.60 feasibleAnts=10 noImprove=12 (elapsed 290.588s)
[ITER 370] bestGlobalCost=1995872.61 (feasible=YES) bestThisIter=2060673.18 feasibleAnts=10 noImprove=22 (elapsed 299.425s)
21 22 23 24 25 26 27 28 29 31 32 33 34 36 48 49 
171 173 174 175 176 177 178 179 181 182 183 184 185 186 187 188 190 
191 194 195 196 197 199 200 201 202 203 204 205 206 207 209 210 214 
20 46 50 51 52 53 54 55 56 57 58 59 60 61 62 63 64 
87 88 89 90 91 93 94 96 97 98 99 100 101 138 140 
155 156 157 158 159 160 161 162 163 164 165 166 167 168 169 170 
4 5 6 7 9 10 11 14 15 16 17 18 19 67 68 71 
103 105 106 107 109 110 111 112 113 114 115 116 117 118 129 
1 3 72 74 76 78 79 80 81 82 83 84 85 86 
92 102 139 141 144 145 146 147 148 150 151 152 153 154 
133 135 136 137 142 143 149 172 180 189 192 193 198 
2 8 12 13 65 66 69 70 73 75 77 104 108 
208 211 212 213 215 216 217 218 219 220 221 222 224 225 226 
119 120 121 122 123 124 125 126 127 128 130 131 132 134 223 
30 35 37 38 39 40 41 42 43 44 45 47 95 
[SAVELOGS] evolution saved to results/logs/aco_logs/evolution/pr226_15_3.txt
[SAVELOGS] best cost saved to results/logs/aco_logs/objectives/pr226_15_3.txt
[SAVELOGS] best solution saved to results/logs/aco_logs/solutions/pr226_15_3.txt
