[ITER 1] New best cost=5387344.28 (feasible=YES, time 5.56559s)
[ITER 2] New best cost=5375992.37 (feasible=YES, time 11.4171s)
[ITER 3] New best cost=5357148.70 (feasible=YES, time 16.6046s)
[ITER 4] New best cost=5339771.57 (feasible=YES, time 21.4218s)
[ITER 5] New best cost=5333745.98 (feasible=YES, time 25.545s)
[ITER 10] bestGlobalCost=5333745.98 (feasible=YES) bestThisIter=5338511.10 feasibleAnts=10 noImprove=5 (elapsed 49.9285s)
[ITER 20] bestGlobalCost=5333745.98 (feasible=YES) bestThisIter=5343822.71 feasibleAnts=10 noImprove=15 (elapsed 93.0608s)
[ITER 23] New best cost=5333217.46 (feasible=YES, time 105.373s)
[ITER 25] New best cost=5328800.17 (feasible=YES, time 113.59s)
[ITER 28] New best cost=5318773.98 (feasible=YES, time 127.34s)
[ITER 30] [TS] New best cost=5318436.14 (feasible=YES, time 136.099s)
[ITER 30] bestGlobalCost=5318436.14 (feasible=YES) bestThisIter=5324424.62 feasibleAnts=10 noImprove=1 (elapsed 138.358s)
[ITER 31] New best cost=5306899.40 (feasible=YES, time 141.923s)
[ITER 33] New best cost=5295028.61 (feasible=YES, time 150.054s)
[ITER 34] New best cost=5294605.10 (feasible=YES, time 154.824s)
[ITER 38] New best cost=5294513.76 (feasible=YES, time 169.979s)
[ITER 40] bestGlobalCost=5294513.76 (feasible=YES) bestThisIter=5296394.38 feasibleAnts=10 noImprove=2 (elapsed 181.036s)
[ITER 50] [TS] New best cost=5292728.18 (feasible=YES, time 222.474s)
[ITER 50] bestGlobalCost=5292728.18 (feasible=YES) bestThisIter=5296115.83 feasibleAnts=10 noImprove=1 (elapsed 222.479s)
[ITER 60] bestGlobalCost=5292728.18 (feasible=YES) bestThisIter=5292728.18 feasibleAnts=10 noImprove=11 (elapsed 262.992s)
[ITER 70] bestGlobalCost=5292728.18 (feasible=YES) bestThisIter=5292728.18 feasibleAnts=11 noImprove=21 (elapsed 304.063s)
[RESET] no improvement for30-> reset pheromones
[ITER 80] bestGlobalCost=5292728.18 (feasible=YES) bestThisIter=5303549.03 feasibleAnts=10 noImprove=1 (elapsed 347.921s)
[ITER 90] bestGlobalCost=5292728.18 (feasible=YES) bestThisIter=5295391.54 feasibleAnts=10 noImprove=11 (elapsed 390.277s)
[ITER 100] bestGlobalCost=5292728.18 (feasible=YES) bestThisIter=5292728.18 feasibleAnts=11 noImprove=21 (elapsed 432.237s)
[RESET] no improvement for30-> reset pheromones
[ITER 110] bestGlobalCost=5292728.18 (feasible=YES) bestThisIter=5325399.79 feasibleAnts=10 noImprove=1 (elapsed 473.636s)
[ITER 120] bestGlobalCost=5292728.18 (feasible=YES) bestThisIter=5305638.19 feasibleAnts=10 noImprove=11 (elapsed 515.313s)
[ITER 130] bestGlobalCost=5292728.18 (feasible=YES) bestThisIter=5292728.18 feasibleAnts=10 noImprove=21 (elapsed 558.254s)
[RESET] no improvement for30-> reset pheromones
[ITER 140] [TS] New best cost=5255456.76 (feasible=YES, time 601.492s)
[ITER 140] bestGlobalCost=5255456.76 (feasible=YES) bestThisIter=5255456.76 feasibleAnts=10 noImprove=1 (elapsed 603.816s)
[ITER 141] New best cost=5249246.05 (feasible=YES, time 608.081s)
[ITER 143] New best cost=5247987.97 (feasible=YES, time 617.453s)
[ITER 148] New best cost=5247933.99 (feasible=YES, time 636.259s)
[ITER 149] New best cost=5245573.22 (feasible=YES, time 640.137s)
[ITER 150] [TS] New best cost=5242701.48 (feasible=YES, time 645.407s)
[ITER 150] [TS] New best cost=5242562.47 (feasible=YES, time 647.136s)
[ITER 150] bestGlobalCost=5242562.47 (feasible=YES) bestThisIter=5242701.48 feasibleAnts=10 noImprove=1 (elapsed 647.728s)
[ITER 160] bestGlobalCost=5242562.47 (feasible=YES) bestThisIter=5246270.76 feasibleAnts=10 noImprove=11 (elapsed 690.564s)
[ITER 170] bestGlobalCost=5242562.47 (feasible=YES) bestThisIter=5249444.11 feasibleAnts=10 noImprove=21 (elapsed 732.191s)
[RESET] no improvement for30-> reset pheromones
[ITER 180] bestGlobalCost=5242562.47 (feasible=YES) bestThisIter=5273596.78 feasibleAnts=10 noImprove=1 (elapsed 774.343s)
[ITER 190] bestGlobalCost=5242562.47 (feasible=YES) bestThisIter=5243959.57 feasibleAnts=10 noImprove=11 (elapsed 814.455s)
[ITER 200] bestGlobalCost=5242562.47 (feasible=YES) bestThisIter=5242562.47 feasibleAnts=10 noImprove=21 (elapsed 854.883s)
[RESET] no improvement for30-> reset pheromones
[ITER 210] bestGlobalCost=5242562.47 (feasible=YES) bestThisIter=5290435.46 feasibleAnts=10 noImprove=1 (elapsed 897.754s)
[ITER 220] bestGlobalCost=5242562.47 (feasible=YES) bestThisIter=5245712.23 feasibleAnts=10 noImprove=11 (elapsed 938.281s)
[ITER 230] bestGlobalCost=5242562.47 (feasible=YES) bestThisIter=5243668.48 feasibleAnts=10 noImprove=21 (elapsed 980.377s)
[RESET] no improvement for30-> reset pheromones
[ITER 240] bestGlobalCost=5242562.47 (feasible=YES) bestThisIter=5318971.58 feasibleAnts=10 noImprove=1 (elapsed 1021.99s)
[ITER 250] bestGlobalCost=5242562.47 (feasible=YES) bestThisIter=5254046.48 feasibleAnts=10 noImprove=11 (elapsed 1064.62s)
[ITER 260] bestGlobalCost=5242562.47 (feasible=YES) bestThisIter=5246636.31 feasibleAnts=10 noImprove=21 (elapsed 1106.33s)
[RESET] no improvement for30-> reset pheromones
[ITER 270] bestGlobalCost=5242562.47 (feasible=YES) bestThisIter=5359686.73 feasibleAnts=10 noImprove=1 (elapsed 1150.69s)
[ITER 280] bestGlobalCost=5242562.47 (feasible=YES) bestThisIter=5245811.34 feasibleAnts=10 noImprove=11 (elapsed 1196.15s)
[ITER 290] bestGlobalCost=5242562.47 (feasible=YES) bestThisIter=5242562.47 feasibleAnts=10 noImprove=21 (elapsed 1260.33s)
[RESET] no improvement for30-> reset pheromones
[ITER 300] bestGlobalCost=5242562.47 (feasible=YES) bestThisIter=5323284.41 feasibleAnts=10 noImprove=1 (elapsed 1320.33s)
[ITER 310] bestGlobalCost=5242562.47 (feasible=YES) bestThisIter=5245573.22 feasibleAnts=10 noImprove=11 (elapsed 1385.33s)
[ITER 320] bestGlobalCost=5242562.47 (feasible=YES) bestThisIter=5243807.49 feasibleAnts=10 noImprove=21 (elapsed 1449.84s)
[RESET] no improvement for30-> reset pheromones
[ITER 330] bestGlobalCost=5242562.47 (feasible=YES) bestThisIter=5311228.65 feasibleAnts=10 noImprove=1 (elapsed 1509.95s)
1 2 3 4 5 6 7 8 34 35 36 37 38 39 40 41 66 67 68 69 70 71 72 73 102 103 104 114 115 116 126 127 136 137 138 149 150 151 152 386 387 389 392 441 442 
273 274 276 277 279 280 281 282 283 284 285 286 287 288 289 290 308 309 310 311 312 313 314 315 316 339 340 341 342 343 346 347 348 349 350 351 352 353 424 426 428 433 440 
141 142 154 155 156 165 166 167 176 177 178 179 180 188 189 190 191 192 193 200 201 202 203 204 213 214 215 216 222 223 224 225 231 232 233 251 252 254 255 256 258 394 395 397 398 402 408 
148 158 160 169 170 181 182 183 184 194 195 196 197 198 199 205 206 207 208 209 210 217 218 219 220 226 237 260 261 262 263 265 404 409 410 411 412 413 414 416 419 423 438 
249 250 253 257 278 291 292 293 294 295 296 298 299 302 317 318 319 320 321 322 324 325 326 327 344 354 355 356 357 358 359 360 361 362 363 415 417 418 421 425 429 430 434 435 
19 20 21 22 23 24 25 51 52 53 54 55 56 57 58 84 85 86 87 88 89 90 108 109 110 119 120 121 122 123 130 131 132 143 144 145 157 168 378 381 382 385 388 390 391 
26 27 28 29 30 31 32 33 59 60 61 62 63 64 65 91 92 93 94 95 96 97 98 101 111 112 113 124 125 133 134 135 146 147 159 171 376 377 379 380 383 384 436 
236 259 264 268 272 275 297 300 301 303 304 305 306 307 323 328 329 330 331 332 333 334 335 336 337 338 345 364 365 366 367 368 369 370 371 372 373 374 375 420 422 427 431 432 437 
161 162 172 173 174 175 185 186 187 211 212 221 227 228 229 230 234 235 238 239 240 241 242 243 244 245 246 247 248 266 267 269 270 271 396 399 400 401 403 405 406 407 
9 10 11 12 13 14 15 16 17 18 42 43 44 45 46 47 48 49 50 74 75 76 77 78 79 80 81 82 83 99 100 105 106 107 117 118 128 129 139 140 153 163 164 393 439 
[SAVELOGS] evolution saved to results/logs/aco_logs/evolution/pcb442_10_2.txt
[SAVELOGS] best cost saved to results/logs/aco_logs/objectives/pcb442_10_2.txt
[SAVELOGS] best solution saved to results/logs/aco_logs/solutions/pcb442_10_2.txt
