[ITER 1] New best cost=646602.44 (feasible=YES, time 0.350824s)
[ITER 2] New best cost=619623.34 (feasible=YES, time 0.72862s)
[ITER 3] New best cost=616582.68 (feasible=YES, time 1.00538s)
[ITER 5] New best cost=581246.33 (feasible=YES, time 1.57705s)
[ITER 7] New best cost=580433.34 (feasible=YES, time 2.17254s)
[ITER 8] New best cost=580119.92 (feasible=YES, time 2.4752s)
[ITER 10] bestGlobalCost=580119.92 (feasible=YES) bestThisIter=643007.07 feasibleAnts=10 noImprove=2 (elapsed 3.02614s)
[ITER 12] New best cost=566270.07 (feasible=YES, time 3.61426s)
[ITER 15] New best cost=557728.37 (feasible=YES, time 5.5154s)
[ITER 20] bestGlobalCost=557728.37 (feasible=YES) bestThisIter=581257.84 feasibleAnts=10 noImprove=5 (elapsed 12.2708s)
[ITER 30] New best cost=557608.58 (feasible=YES, time 20.5689s)
[ITER 30] bestGlobalCost=557608.58 (feasible=YES) bestThisIter=617608.70 feasibleAnts=10 noImprove=0 (elapsed 22.0161s)
[ITER 32] New best cost=551959.04 (feasible=YES, time 22.2905s)
[ITER 40] bestGlobalCost=551959.04 (feasible=YES) bestThisIter=590652.03 feasibleAnts=10 noImprove=8 (elapsed 23.9734s)
[ITER 50] bestGlobalCost=551959.04 (feasible=YES) bestThisIter=608183.14 feasibleAnts=10 noImprove=18 (elapsed 35.3735s)
[ITER 60] bestGlobalCost=551959.04 (feasible=YES) bestThisIter=623654.70 feasibleAnts=10 noImprove=28 (elapsed 47.9963s)
[RESET] no improvement for30-> reset pheromones
[ITER 70] bestGlobalCost=551959.04 (feasible=YES) bestThisIter=653744.78 feasibleAnts=10 noImprove=8 (elapsed 51.7228s)
4 12 13 21 22 35 46 
82 89 90 103 115 124 
3 9 10 11 14 24 25 26 
58 70 77 78 93 94 101 
2 6 7 8 16 19 27 
110 118 120 131 132 136 
23 33 34 47 56 57 68 
36 44 45 48 55 67 
38 39 40 51 52 63 64 
105 109 117 121 129 130 135 
41 42 54 61 62 65 66 
15 43 49 59 60 88 
20 28 31 32 37 50 
1 5 17 18 29 30 
104 111 112 122 127 128 134 
85 97 98 106 107 108 119 
69 79 80 81 91 92 102 
72 73 74 75 76 86 99 
113 114 116 123 125 126 133 
53 71 83 84 87 95 96 100 
[SAVELOGS] evolution saved to results/logs/pr136_20_4/evolution/pr136_20_4
[SAVELOGS] best cost saved to results/logs/pr136_20_4/objectives/pr136_20_4
[SAVELOGS] best solution saved to results/logs/pr136_20_4/solutions/pr136_20_4
