[ITER 1] New best cost=610196.73 (feasible=YES, time 0.54946s)
[ITER 3] New best cost=607736.39 (feasible=YES, time 1.03477s)
[ITER 10] bestGlobalCost=607736.39 (feasible=YES) bestThisIter=658616.47 feasibleAnts=10 noImprove=7 (elapsed 3.55754s)
[ITER 12] New best cost=605928.71 (feasible=YES, time 4.49632s)
[ITER 13] New best cost=599342.79 (feasible=YES, time 4.80322s)
[ITER 14] New best cost=594087.62 (feasible=YES, time 5.05417s)
[ITER 15] New best cost=570634.08 (feasible=YES, time 6.65981s)
[ITER 19] New best cost=568834.49 (feasible=YES, time 14.0635s)
[ITER 20] New best cost=566876.05 (feasible=YES, time 14.2472s)
[ITER 20] bestGlobalCost=566876.05 (feasible=YES) bestThisIter=566876.05 feasibleAnts=17 noImprove=0 (elapsed 14.252s)
[ITER 21] New best cost=565536.35 (feasible=YES, time 14.4705s)
[ITER 23] New best cost=565397.96 (feasible=YES, time 15.0648s)
[ITER 24] New best cost=563543.47 (feasible=YES, time 15.2621s)
[ITER 29] New best cost=563421.28 (feasible=YES, time 16.2035s)
[ITER 30] bestGlobalCost=563421.28 (feasible=YES) bestThisIter=563543.47 feasibleAnts=22 noImprove=1 (elapsed 23.5475s)
[ITER 31] New best cost=562017.50 (feasible=YES, time 23.7622s)
[ITER 35] New best cost=560834.28 (feasible=YES, time 24.4877s)
[ITER 40] New best cost=559308.31 (feasible=YES, time 25.635s)
[ITER 40] bestGlobalCost=559308.31 (feasible=YES) bestThisIter=559308.31 feasibleAnts=10 noImprove=0 (elapsed 25.6393s)
[ITER 50] bestGlobalCost=559308.31 (feasible=YES) bestThisIter=596446.80 feasibleAnts=10 noImprove=10 (elapsed 37.3309s)
[ITER 60] bestGlobalCost=559308.31 (feasible=YES) bestThisIter=611050.21 feasibleAnts=10 noImprove=20 (elapsed 49.2966s)
[ITER 70] bestGlobalCost=559308.31 (feasible=YES) bestThisIter=617389.25 feasibleAnts=10 noImprove=30 (elapsed 53.9141s)
[RESET] no improvement for30-> reset pheromones
1 5 17 18 29 30 
54 61 66 71 76 83 87 
20 28 31 32 37 50 
4 11 13 21 22 34 45 
38 39 40 51 52 63 64 
41 42 53 62 65 72 84 
85 98 107 118 119 120 132 
106 108 109 110 131 136 
3 9 10 14 15 26 33 
113 116 123 125 126 133 134 
70 78 80 89 93 94 101 
23 24 25 36 43 48 55 
12 35 46 47 56 57 68 
58 69 79 81 82 90 92 
100 105 117 121 129 130 135 
91 102 103 114 115 124 
44 49 59 60 67 77 
88 104 111 112 122 127 128 
73 74 75 86 95 96 97 99 
2 6 7 8 16 19 27 
[SAVELOGS] evolution saved to results/logs/pr136_20_4/evolution/pr136_20_4
[SAVELOGS] best cost saved to results/logs/pr136_20_4/objectives/pr136_20_4
[SAVELOGS] best solution saved to results/logs/pr136_20_4/solutions/pr136_20_4
