[ITER 1] New best cost=118945.68 (feasible=YES, time 0.237378s)
[ITER 3] New best cost=118047.92 (feasible=YES, time 0.56019s)
[ITER 8] New best cost=116565.82 (feasible=YES, time 1.51136s)
[ITER 9] New best cost=115529.81 (feasible=YES, time 1.64446s)
[ITER 10] New best cost=114557.63 (feasible=YES, time 1.77152s)
[ITER 10] bestGlobalCost=114557.63 (feasible=YES) bestThisIter=114557.63 feasibleAnts=10 noImprove=0 (elapsed 1.77473s)
[ITER 13] New best cost=113383.45 (feasible=YES, time 2.14024s)
[ITER 14] New best cost=111968.88 (feasible=YES, time 2.25143s)
[ITER 15] New best cost=105940.55 (feasible=YES, time 3.06861s)
[ITER 18] New best cost=104864.26 (feasible=YES, time 6.99923s)
[ITER 20] bestGlobalCost=104864.26 (feasible=YES) bestThisIter=111659.13 feasibleAnts=10 noImprove=2 (elapsed 7.28958s)
[ITER 24] New best cost=104732.96 (feasible=YES, time 7.86158s)
[ITER 30] New best cost=104429.29 (feasible=YES, time 11.4801s)
[ITER 30] New best cost=102231.73 (feasible=YES, time 12.3379s)
[ITER 30] bestGlobalCost=102231.73 (feasible=YES) bestThisIter=104732.96 feasibleAnts=10 noImprove=0 (elapsed 12.3423s)
[ITER 40] bestGlobalCost=102231.73 (feasible=YES) bestThisIter=110365.63 feasibleAnts=10 noImprove=10 (elapsed 14.0309s)
[ITER 45] New best cost=101722.62 (feasible=YES, time 15.824s)
[ITER 50] bestGlobalCost=101722.62 (feasible=YES) bestThisIter=101722.62 feasibleAnts=11 noImprove=5 (elapsed 19.2197s)
[ITER 55] New best cost=100929.48 (feasible=YES, time 20.0008s)
[ITER 60] bestGlobalCost=100929.48 (feasible=YES) bestThisIter=100929.48 feasibleAnts=10 noImprove=5 (elapsed 24.4826s)
[ITER 70] bestGlobalCost=100929.48 (feasible=YES) bestThisIter=111720.90 feasibleAnts=10 noImprove=15 (elapsed 26.0339s)
[ITER 80] bestGlobalCost=100929.48 (feasible=YES) bestThisIter=113402.83 feasibleAnts=10 noImprove=25 (elapsed 31.7463s)
[RESET] no improvement for30-> reset pheromones
[ITER 90] bestGlobalCost=100929.48 (feasible=YES) bestThisIter=130171.06 feasibleAnts=10 noImprove=5 (elapsed 37.8668s)
[ITER 100] bestGlobalCost=100929.48 (feasible=YES) bestThisIter=118828.77 feasibleAnts=10 noImprove=15 (elapsed 40.3986s)
[ITER 110] bestGlobalCost=100929.48 (feasible=YES) bestThisIter=113203.71 feasibleAnts=10 noImprove=25 (elapsed 46.4735s)
[RESET] no improvement for30-> reset pheromones
[ITER 120] bestGlobalCost=100929.48 (feasible=YES) bestThisIter=126501.05 feasibleAnts=10 noImprove=5 (elapsed 52.8132s)
[ITER 130] bestGlobalCost=100929.48 (feasible=YES) bestThisIter=114466.82 feasibleAnts=10 noImprove=15 (elapsed 55.0696s)
9 12 20 71 98 
13 18 31 45 63 
8 29 32 76 97 99 
14 48 51 64 82 
22 37 47 54 72 
56 65 79 81 
30 38 49 75 80 
36 41 44 92 96 
10 39 53 73 90 
33 43 50 60 89 
3 28 59 91 
26 62 67 69 100 
4 6 15 42 83 
17 19 23 55 88 
2 16 24 77 78 
7 25 27 34 57 58 84 
5 21 40 68 70 
46 52 66 74 87 
11 85 93 95 
1 35 61 86 94 
[SAVELOGS] evolution saved to results/logs/kroB100_20_5/evolution/kroB100_20_5
[SAVELOGS] best cost saved to results/logs/kroB100_20_5/objectives/kroB100_20_5
[SAVELOGS] best solution saved to results/logs/kroB100_20_5/solutions/kroB100_20_5
