[ITER 1] New best cost=87030.26 (feasible=YES, time 0.11679s)
[ITER 2] New best cost=85727.14 (feasible=YES, time 0.204936s)
[ITER 3] New best cost=83629.18 (feasible=YES, time 0.307956s)
[ITER 4] New best cost=83258.65 (feasible=YES, time 0.388262s)
[ITER 5] New best cost=82016.21 (feasible=YES, time 0.459566s)
[ITER 10] bestGlobalCost=82016.21 (feasible=YES) bestThisIter=83535.13 feasibleAnts=10 noImprove=5 (elapsed 0.884079s)
[ITER 15] New best cost=81963.48 (feasible=YES, time 3.47545s)
[ITER 18] New best cost=81819.81 (feasible=YES, time 3.66955s)
[ITER 20] New best cost=81004.45 (feasible=YES, time 3.77621s)
[ITER 20] bestGlobalCost=81004.45 (feasible=YES) bestThisIter=81004.45 feasibleAnts=9 noImprove=0 (elapsed 3.78059s)
[ITER 30] bestGlobalCost=81004.45 (feasible=YES) bestThisIter=81004.45 feasibleAnts=10 noImprove=10 (elapsed 6.54075s)
[ITER 40] bestGlobalCost=81004.45 (feasible=YES) bestThisIter=81004.45 feasibleAnts=10 noImprove=20 (elapsed 7.2422s)
[ITER 50] bestGlobalCost=81004.45 (feasible=YES) bestThisIter=83245.72 feasibleAnts=10 noImprove=30 (elapsed 10.3612s)
[RESET] no improvement for30-> reset pheromones
[ITER 60] bestGlobalCost=81004.45 (feasible=YES) bestThisIter=82887.72 feasibleAnts=10 noImprove=10 (elapsed 13.3862s)
[ITER 70] bestGlobalCost=81004.45 (feasible=YES) bestThisIter=83002.19 feasibleAnts=9 noImprove=20 (elapsed 14.0891s)
[ITER 80] bestGlobalCost=81004.45 (feasible=YES) bestThisIter=82660.97 feasibleAnts=10 noImprove=30 (elapsed 17.5124s)
[RESET] no improvement for30-> reset pheromones
[ITER 90] bestGlobalCost=81004.45 (feasible=YES) bestThisIter=81819.81 feasibleAnts=10 noImprove=10 (elapsed 20.385s)
[ITER 100] bestGlobalCost=81004.45 (feasible=YES) bestThisIter=81004.45 feasibleAnts=10 noImprove=20 (elapsed 21.0827s)
[ITER 110] bestGlobalCost=81004.45 (feasible=YES) bestThisIter=81004.45 feasibleAnts=10 noImprove=30 (elapsed 24.4141s)
[RESET] no improvement for30-> reset pheromones
[ITER 120] bestGlobalCost=81004.45 (feasible=YES) bestThisIter=85146.86 feasibleAnts=10 noImprove=10 (elapsed 27.6505s)
[ITER 130] bestGlobalCost=81004.45 (feasible=YES) bestThisIter=81004.45 feasibleAnts=10 noImprove=20 (elapsed 28.2505s)
[ITER 140] bestGlobalCost=81004.45 (feasible=YES) bestThisIter=81004.45 feasibleAnts=10 noImprove=30 (elapsed 31.3001s)
[RESET] no improvement for30-> reset pheromones
[ITER 150] bestGlobalCost=81004.45 (feasible=YES) bestThisIter=83714.34 feasibleAnts=10 noImprove=10 (elapsed 34.6801s)
[ITER 160] bestGlobalCost=81004.45 (feasible=YES) bestThisIter=81004.45 feasibleAnts=10 noImprove=20 (elapsed 35.332s)
[ITER 170] bestGlobalCost=81004.45 (feasible=YES) bestThisIter=81004.45 feasibleAnts=10 noImprove=30 (elapsed 38.0612s)
[RESET] no improvement for30-> reset pheromones
[ITER 180] bestGlobalCost=81004.45 (feasible=YES) bestThisIter=83391.66 feasibleAnts=10 noImprove=10 (elapsed 41.1672s)
[ITER 190] bestGlobalCost=81004.45 (feasible=YES) bestThisIter=83628.30 feasibleAnts=10 noImprove=20 (elapsed 41.8868s)
[ITER 200] bestGlobalCost=81004.45 (feasible=YES) bestThisIter=83812.94 feasibleAnts=10 noImprove=30 (elapsed 45.2002s)
[RESET] no improvement for30-> reset pheromones
[ITER 210] bestGlobalCost=81004.45 (feasible=YES) bestThisIter=82895.70 feasibleAnts=10 noImprove=10 (elapsed 48.1823s)
[ITER 220] bestGlobalCost=81004.45 (feasible=YES) bestThisIter=82383.73 feasibleAnts=10 noImprove=20 (elapsed 48.8739s)
[ITER 230] bestGlobalCost=81004.45 (feasible=YES) bestThisIter=83396.75 feasibleAnts=10 noImprove=30 (elapsed 52.0806s)
[RESET] no improvement for30-> reset pheromones
[ITER 240] bestGlobalCost=81004.45 (feasible=YES) bestThisIter=83860.16 feasibleAnts=10 noImprove=10 (elapsed 55.3336s)
[ITER 250] bestGlobalCost=81004.45 (feasible=YES) bestThisIter=81004.45 feasibleAnts=10 noImprove=20 (elapsed 55.9439s)
[ITER 260] bestGlobalCost=81004.45 (feasible=YES) bestThisIter=81004.45 feasibleAnts=10 noImprove=30 (elapsed 58.9227s)
[RESET] no improvement for30-> reset pheromones
[ITER 270] bestGlobalCost=81004.45 (feasible=YES) bestThisIter=82407.00 feasibleAnts=10 noImprove=10 (elapsed 62.2256s)
2 23 31 66 76 84 88 89 98 
1 8 15 18 60 62 71 87 90 97 
30 48 51 65 68 69 80 81 83 91 
16 36 47 53 57 58 64 94 99 
4 9 12 17 20 26 32 74 78 85 
6 10 28 33 46 59 77 79 93 95 
3 13 14 21 49 63 67 75 82 86 
11 29 35 39 44 45 52 61 96 100 
5 7 22 24 25 34 40 41 42 43 55 
19 27 37 38 50 54 56 70 72 73 92 
[SAVELOGS] evolution saved to results/logs/rd100_10_4/evolution/rd100_10_4
[SAVELOGS] best cost saved to results/logs/rd100_10_4/objectives/rd100_10_4
[SAVELOGS] best solution saved to results/logs/rd100_10_4/solutions/rd100_10_4
