[ITER 1] New best cost=133133.05 (feasible=YES, time 0.117476s)
[ITER 2] New best cost=132598.24 (feasible=YES, time 0.194308s)
[ITER 3] New best cost=130140.24 (feasible=YES, time 0.289439s)
[ITER 4] New best cost=128919.94 (feasible=YES, time 0.382191s)
[ITER 10] bestGlobalCost=128919.94 (feasible=YES) bestThisIter=129782.01 feasibleAnts=10 noImprove=6 (elapsed 0.860188s)
[ITER 11] New best cost=128774.48 (feasible=YES, time 0.975558s)
[ITER 12] New best cost=128560.19 (feasible=YES, time 1.06555s)
[ITER 14] New best cost=128213.40 (feasible=YES, time 1.21264s)
[ITER 15] New best cost=127713.71 (feasible=YES, time 2.03432s)
[ITER 15] New best cost=127713.56 (feasible=YES, time 2.43939s)
[ITER 20] bestGlobalCost=127713.56 (feasible=YES) bestThisIter=127713.56 feasibleAnts=10 noImprove=5 (elapsed 3.50147s)
[ITER 22] New best cost=125923.74 (feasible=YES, time 3.6192s)
[ITER 28] New best cost=124689.31 (feasible=YES, time 4.00541s)
[ITER 30] bestGlobalCost=124689.31 (feasible=YES) bestThisIter=125923.74 feasibleAnts=17 noImprove=2 (elapsed 6.28659s)
[ITER 40] bestGlobalCost=124689.31 (feasible=YES) bestThisIter=124689.31 feasibleAnts=10 noImprove=12 (elapsed 7.09913s)
[ITER 45] New best cost=124578.01 (feasible=YES, time 9.70674s)
[ITER 49] New best cost=124530.97 (feasible=YES, time 9.9488s)
[ITER 50] bestGlobalCost=124530.97 (feasible=YES) bestThisIter=124530.97 feasibleAnts=10 noImprove=1 (elapsed 9.99798s)
[ITER 53] New best cost=124333.03 (feasible=YES, time 10.1536s)
[ITER 60] bestGlobalCost=124333.03 (feasible=YES) bestThisIter=124333.03 feasibleAnts=10 noImprove=7 (elapsed 12.4883s)
[ITER 70] bestGlobalCost=124333.03 (feasible=YES) bestThisIter=126723.37 feasibleAnts=10 noImprove=17 (elapsed 13.1555s)
[ITER 80] bestGlobalCost=124333.03 (feasible=YES) bestThisIter=129288.56 feasibleAnts=10 noImprove=27 (elapsed 16.3828s)
[RESET] no improvement for30-> reset pheromones
[ITER 90] bestGlobalCost=124333.03 (feasible=YES) bestThisIter=137495.33 feasibleAnts=10 noImprove=7 (elapsed 19.2937s)
[ITER 100] bestGlobalCost=124333.03 (feasible=YES) bestThisIter=127619.77 feasibleAnts=10 noImprove=17 (elapsed 20.2278s)
[ITER 110] bestGlobalCost=124333.03 (feasible=YES) bestThisIter=124530.97 feasibleAnts=10 noImprove=27 (elapsed 23.3623s)
[RESET] no improvement for30-> reset pheromones
[ITER 120] bestGlobalCost=124333.03 (feasible=YES) bestThisIter=130863.98 feasibleAnts=10 noImprove=7 (elapsed 26.5517s)
[ITER 130] bestGlobalCost=124333.03 (feasible=YES) bestThisIter=126957.02 feasibleAnts=10 noImprove=17 (elapsed 27.4579s)
[ITER 140] bestGlobalCost=124333.03 (feasible=YES) bestThisIter=129188.90 feasibleAnts=10 noImprove=27 (elapsed 30.4064s)
[RESET] no improvement for30-> reset pheromones
[ITER 150] bestGlobalCost=124333.03 (feasible=YES) bestThisIter=127461.46 feasibleAnts=10 noImprove=7 (elapsed 33.6915s)
[ITER 160] bestGlobalCost=124333.03 (feasible=YES) bestThisIter=127438.54 feasibleAnts=10 noImprove=17 (elapsed 34.4787s)
[ITER 170] bestGlobalCost=124333.03 (feasible=YES) bestThisIter=129945.68 feasibleAnts=10 noImprove=27 (elapsed 37.1787s)
[RESET] no improvement for30-> reset pheromones
[ITER 180] bestGlobalCost=124333.03 (feasible=YES) bestThisIter=128308.26 feasibleAnts=10 noImprove=7 (elapsed 40.6465s)
[ITER 190] bestGlobalCost=124333.03 (feasible=YES) bestThisIter=131933.46 feasibleAnts=10 noImprove=17 (elapsed 41.5961s)
[ITER 200] bestGlobalCost=124333.03 (feasible=YES) bestThisIter=126971.58 feasibleAnts=10 noImprove=27 (elapsed 44.2981s)
[RESET] no improvement for30-> reset pheromones
[ITER 210] bestGlobalCost=124333.03 (feasible=YES) bestThisIter=132062.73 feasibleAnts=10 noImprove=7 (elapsed 47.496s)
[ITER 220] bestGlobalCost=124333.03 (feasible=YES) bestThisIter=130563.57 feasibleAnts=10 noImprove=17 (elapsed 48.5162s)
[ITER 230] bestGlobalCost=124333.03 (feasible=YES) bestThisIter=126599.21 feasibleAnts=10 noImprove=27 (elapsed 51.4013s)
[RESET] no improvement for30-> reset pheromones
[ITER 240] bestGlobalCost=124333.03 (feasible=YES) bestThisIter=132239.03 feasibleAnts=10 noImprove=7 (elapsed 54.501s)
[ITER 250] bestGlobalCost=124333.03 (feasible=YES) bestThisIter=124380.07 feasibleAnts=10 noImprove=17 (elapsed 55.4959s)
[ITER 260] bestGlobalCost=124333.03 (feasible=YES) bestThisIter=126165.43 feasibleAnts=10 noImprove=27 (elapsed 58.5186s)
[RESET] no improvement for30-> reset pheromones
[ITER 270] bestGlobalCost=124333.03 (feasible=YES) bestThisIter=133979.30 feasibleAnts=10 noImprove=7 (elapsed 61.2717s)
5 26 56 69 79 100 
20 30 37 38 47 65 81 
19 24 36 44 45 92 96 
4 6 14 15 33 64 83 
27 35 46 61 71 94 
1 9 12 25 32 95 98 
7 34 57 58 72 84 88 
10 21 49 68 80 86 90 
3 11 73 85 93 99 
43 52 60 66 74 87 89 
22 23 50 54 55 77 
2 13 17 18 41 78 
39 40 53 62 67 70 75 
16 31 42 48 51 63 82 
8 28 29 59 76 91 97 
[SAVELOGS] evolution saved to results/logs/kroB100_15_3/evolution/kroB100_15_3
[SAVELOGS] best cost saved to results/logs/kroB100_15_3/objectives/kroB100_15_3
[SAVELOGS] best solution saved to results/logs/kroB100_15_3/solutions/kroB100_15_3
