[ITER 1] New best cost=136303.28 (feasible=YES, time 0.0640154s)
[ITER 2] New best cost=132031.38 (feasible=YES, time 0.149384s)
[ITER 3] New best cost=130945.66 (feasible=YES, time 0.218287s)
[ITER 4] New best cost=126981.39 (feasible=YES, time 0.290446s)
[ITER 6] New best cost=125834.21 (feasible=YES, time 0.424802s)
[ITER 7] New best cost=125524.86 (feasible=YES, time 0.504808s)
[ITER 8] New best cost=125196.34 (feasible=YES, time 0.569778s)
[ITER 10] New best cost=124746.70 (feasible=YES, time 0.682728s)
[ITER 10] bestGlobalCost=124746.70 (feasible=YES) bestThisIter=124746.70 feasibleAnts=8 noImprove=0 (elapsed 0.687174s)
[ITER 16] New best cost=124687.73 (feasible=YES, time 2.99767s)
[ITER 20] bestGlobalCost=124687.73 (feasible=YES) bestThisIter=124687.73 feasibleAnts=16 noImprove=4 (elapsed 3.23593s)
[ITER 30] bestGlobalCost=124687.73 (feasible=YES) bestThisIter=129936.64 feasibleAnts=10 noImprove=14 (elapsed 6.60942s)
[ITER 40] bestGlobalCost=124687.73 (feasible=YES) bestThisIter=129303.52 feasibleAnts=10 noImprove=24 (elapsed 7.55979s)
[RESET] no improvement for30-> reset pheromones
[ITER 50] bestGlobalCost=124687.73 (feasible=YES) bestThisIter=129149.45 feasibleAnts=10 noImprove=4 (elapsed 10.3669s)
[ITER 60] bestGlobalCost=124687.73 (feasible=YES) bestThisIter=127853.12 feasibleAnts=10 noImprove=14 (elapsed 13.2218s)
[ITER 70] bestGlobalCost=124687.73 (feasible=YES) bestThisIter=126889.22 feasibleAnts=10 noImprove=24 (elapsed 14.016s)
[RESET] no improvement for30-> reset pheromones
[ITER 80] bestGlobalCost=124687.73 (feasible=YES) bestThisIter=129910.38 feasibleAnts=10 noImprove=4 (elapsed 16.7596s)
[ITER 90] bestGlobalCost=124687.73 (feasible=YES) bestThisIter=125668.59 feasibleAnts=10 noImprove=14 (elapsed 19.7527s)
[ITER 100] bestGlobalCost=124687.73 (feasible=YES) bestThisIter=124697.84 feasibleAnts=10 noImprove=24 (elapsed 20.7749s)
[RESET] no improvement for30-> reset pheromones
[ITER 110] bestGlobalCost=124687.73 (feasible=YES) bestThisIter=129710.47 feasibleAnts=10 noImprove=4 (elapsed 24.054s)
[ITER 120] bestGlobalCost=124687.73 (feasible=YES) bestThisIter=124746.70 feasibleAnts=10 noImprove=14 (elapsed 26.8362s)
[ITER 130] bestGlobalCost=124687.73 (feasible=YES) bestThisIter=131499.81 feasibleAnts=10 noImprove=24 (elapsed 27.7808s)
[RESET] no improvement for30-> reset pheromones
[ITER 140] bestGlobalCost=124687.73 (feasible=YES) bestThisIter=129593.87 feasibleAnts=10 noImprove=4 (elapsed 31.322s)
[ITER 150] bestGlobalCost=124687.73 (feasible=YES) bestThisIter=128630.23 feasibleAnts=10 noImprove=14 (elapsed 34.0996s)
[ITER 160] bestGlobalCost=124687.73 (feasible=YES) bestThisIter=129918.31 feasibleAnts=10 noImprove=24 (elapsed 34.9314s)
[RESET] no improvement for30-> reset pheromones
[ITER 170] bestGlobalCost=124687.73 (feasible=YES) bestThisIter=128692.22 feasibleAnts=10 noImprove=4 (elapsed 38.2996s)
[ITER 180] bestGlobalCost=124687.73 (feasible=YES) bestThisIter=130278.28 feasibleAnts=10 noImprove=14 (elapsed 41.3067s)
[ITER 190] bestGlobalCost=124687.73 (feasible=YES) bestThisIter=127258.38 feasibleAnts=10 noImprove=24 (elapsed 42.1519s)
[ITER 195] New best cost=124254.45 (feasible=YES, time 44.7875s)
[ITER 199] New best cost=124240.21 (feasible=YES, time 45.11s)
[ITER 200] bestGlobalCost=124240.21 (feasible=YES) bestThisIter=124240.21 feasibleAnts=29 noImprove=1 (elapsed 45.1882s)
[ITER 210] bestGlobalCost=124240.21 (feasible=YES) bestThisIter=127382.04 feasibleAnts=10 noImprove=11 (elapsed 48.1355s)
[ITER 220] bestGlobalCost=124240.21 (feasible=YES) bestThisIter=128325.76 feasibleAnts=10 noImprove=21 (elapsed 48.8118s)
[RESET] no improvement for30-> reset pheromones
[ITER 230] bestGlobalCost=124240.21 (feasible=YES) bestThisIter=141674.97 feasibleAnts=10 noImprove=1 (elapsed 51.5933s)
[ITER 240] bestGlobalCost=124240.21 (feasible=YES) bestThisIter=133150.85 feasibleAnts=10 noImprove=11 (elapsed 55.1763s)
[ITER 250] bestGlobalCost=124240.21 (feasible=YES) bestThisIter=124756.85 feasibleAnts=10 noImprove=21 (elapsed 56.0558s)
[RESET] no improvement for30-> reset pheromones
[ITER 260] bestGlobalCost=124240.21 (feasible=YES) bestThisIter=132995.12 feasibleAnts=10 noImprove=1 (elapsed 58.7201s)
[ITER 270] New best cost=123713.00 (feasible=YES, time 60.6052s)
[ITER 270] bestGlobalCost=123713.00 (feasible=YES) bestThisIter=139485.83 feasibleAnts=10 noImprove=0 (elapsed 62.0288s)
3 11 73 85 93 99 
4 6 14 15 33 64 83 
10 20 21 49 68 80 86 
7 34 57 58 72 84 94 
16 31 42 48 51 63 82 
23 37 47 56 65 79 81 
2 13 17 18 41 78 
38 39 40 53 62 67 70 
5 26 30 69 75 100 
8 28 29 59 76 91 97 
22 50 54 55 77 88 
1 9 12 46 90 95 98 
19 24 36 44 45 92 96 
43 52 60 66 74 87 89 
25 27 32 35 61 71 
[SAVELOGS] evolution saved to results/logs/kroB100_15_3/evolution/kroB100_15_3
[SAVELOGS] best cost saved to results/logs/kroB100_15_3/objectives/kroB100_15_3
[SAVELOGS] best solution saved to results/logs/kroB100_15_3/solutions/kroB100_15_3
