[ITER 1] New best cost=351904.77 (feasible=YES, time 0.163728s)
[ITER 2] New best cost=320104.74 (feasible=YES, time 0.29504s)
[ITER 7] New best cost=317352.99 (feasible=YES, time 0.930466s)
[ITER 9] New best cost=316743.17 (feasible=YES, time 1.10946s)
[ITER 10] New best cost=313830.16 (feasible=YES, time 1.18633s)
[ITER 10] bestGlobalCost=313830.16 (feasible=YES) bestThisIter=313830.16 feasibleAnts=10 noImprove=0 (elapsed 1.19025s)
[ITER 13] New best cost=313565.12 (feasible=YES, time 1.48586s)
[ITER 15] New best cost=313142.52 (feasible=YES, time 2.35045s)
[ITER 15] New best cost=311479.93 (feasible=YES, time 4.03873s)
[ITER 20] bestGlobalCost=311479.93 (feasible=YES) bestThisIter=312167.56 feasibleAnts=10 noImprove=5 (elapsed 5.00694s)
[ITER 30] bestGlobalCost=311479.93 (feasible=YES) bestThisIter=324570.20 feasibleAnts=10 noImprove=15 (elapsed 9.04241s)
[ITER 40] bestGlobalCost=311479.93 (feasible=YES) bestThisIter=333109.51 feasibleAnts=10 noImprove=25 (elapsed 10.3839s)
[RESET] no improvement for30-> reset pheromones
[ITER 50] bestGlobalCost=311479.93 (feasible=YES) bestThisIter=334765.14 feasibleAnts=10 noImprove=5 (elapsed 14.3504s)
[ITER 60] bestGlobalCost=311479.93 (feasible=YES) bestThisIter=339626.31 feasibleAnts=10 noImprove=15 (elapsed 19.0684s)
[ITER 70] bestGlobalCost=311479.93 (feasible=YES) bestThisIter=335750.60 feasibleAnts=10 noImprove=25 (elapsed 20.2292s)
[RESET] no improvement for30-> reset pheromones
[ITER 80] bestGlobalCost=311479.93 (feasible=YES) bestThisIter=340953.53 feasibleAnts=10 noImprove=5 (elapsed 24.6004s)
[ITER 90] New best cost=311157.68 (feasible=YES, time 28.3703s)
[ITER 90] bestGlobalCost=311157.68 (feasible=YES) bestThisIter=330928.58 feasibleAnts=10 noImprove=0 (elapsed 28.9277s)
[ITER 100] bestGlobalCost=311157.68 (feasible=YES) bestThisIter=320162.68 feasibleAnts=10 noImprove=10 (elapsed 29.6891s)
[ITER 110] bestGlobalCost=311157.68 (feasible=YES) bestThisIter=327106.88 feasibleAnts=10 noImprove=20 (elapsed 34.1105s)
[ITER 120] bestGlobalCost=311157.68 (feasible=YES) bestThisIter=318776.09 feasibleAnts=10 noImprove=30 (elapsed 38.0464s)
[RESET] no improvement for30-> reset pheromones
[ITER 130] bestGlobalCost=311157.68 (feasible=YES) bestThisIter=353171.61 feasibleAnts=10 noImprove=10 (elapsed 39.4845s)
[ITER 140] bestGlobalCost=311157.68 (feasible=YES) bestThisIter=331009.31 feasibleAnts=10 noImprove=20 (elapsed 43.8024s)
[ITER 150] bestGlobalCost=311157.68 (feasible=YES) bestThisIter=329755.99 feasibleAnts=10 noImprove=30 (elapsed 48.0269s)
[RESET] no improvement for30-> reset pheromones
[ITER 160] bestGlobalCost=311157.68 (feasible=YES) bestThisIter=341149.81 feasibleAnts=10 noImprove=10 (elapsed 49.495s)
[ITER 170] bestGlobalCost=311157.68 (feasible=YES) bestThisIter=336816.45 feasibleAnts=10 noImprove=20 (elapsed 54.3255s)
[ITER 180] bestGlobalCost=311157.68 (feasible=YES) bestThisIter=330761.95 feasibleAnts=10 noImprove=30 (elapsed 58.1608s)
[RESET] no improvement for30-> reset pheromones
[ITER 190] bestGlobalCost=311157.68 (feasible=YES) bestThisIter=356221.77 feasibleAnts=10 noImprove=10 (elapsed 59.6546s)
14 15 17 47 48 49 50 
115 116 117 118 119 120 124 
103 111 112 113 114 
1 2 3 4 7 8 27 
69 70 71 72 73 74 75 
62 63 64 65 66 68 
76 77 78 79 80 92 
9 10 11 12 13 16 
25 26 37 38 39 40 
104 105 106 107 108 109 110 
41 42 43 44 45 46 54 
55 56 57 58 60 61 
93 94 96 97 98 
24 28 29 33 35 36 59 
5 6 30 31 32 34 
53 85 86 91 101 102 
18 19 20 21 22 23 
99 100 121 122 123 
51 52 87 88 89 90 
67 81 82 83 84 95 
[SAVELOGS] evolution saved to results/logs/pr124_20_2/evolution/pr124_20_2
[SAVELOGS] best cost saved to results/logs/pr124_20_2/objectives/pr124_20_2
[SAVELOGS] best solution saved to results/logs/pr124_20_2/solutions/pr124_20_2
