[ITER 1] New best cost=3531.09 (feasible=YES, time 0.107527s)
[ITER 2] New best cost=3350.11 (feasible=YES, time 0.182239s)
[ITER 3] New best cost=3345.79 (feasible=YES, time 0.232472s)
[ITER 10] bestGlobalCost=3345.79 (feasible=YES) bestThisIter=3463.58 feasibleAnts=10 noImprove=7 (elapsed 0.74083s)
[ITER 15] New best cost=3317.94 (feasible=YES, time 1.43426s)
[ITER 19] New best cost=3300.33 (feasible=YES, time 3.20221s)
[ITER 20] bestGlobalCost=3300.33 (feasible=YES) bestThisIter=3300.33 feasibleAnts=17 noImprove=1 (elapsed 3.27262s)
[ITER 21] New best cost=3283.44 (feasible=YES, time 3.35156s)
[ITER 24] New best cost=3282.02 (feasible=YES, time 3.53112s)
[ITER 27] New best cost=3270.30 (feasible=YES, time 3.69384s)
[ITER 30] New best cost=3262.04 (feasible=YES, time 5.28855s)
[ITER 30] bestGlobalCost=3262.04 (feasible=YES) bestThisIter=3270.30 feasibleAnts=10 noImprove=0 (elapsed 6.24331s)
[ITER 40] bestGlobalCost=3262.04 (feasible=YES) bestThisIter=3271.21 feasibleAnts=10 noImprove=10 (elapsed 6.87353s)
[ITER 50] bestGlobalCost=3262.04 (feasible=YES) bestThisIter=3387.12 feasibleAnts=10 noImprove=20 (elapsed 9.50776s)
[ITER 60] bestGlobalCost=3262.04 (feasible=YES) bestThisIter=3396.61 feasibleAnts=10 noImprove=30 (elapsed 12.3383s)
[RESET] no improvement for30-> reset pheromones
[ITER 70] bestGlobalCost=3262.04 (feasible=YES) bestThisIter=3544.46 feasibleAnts=10 noImprove=10 (elapsed 13.439s)
[ITER 80] bestGlobalCost=3262.04 (feasible=YES) bestThisIter=3393.02 feasibleAnts=10 noImprove=20 (elapsed 16.4799s)
[ITER 90] bestGlobalCost=3262.04 (feasible=YES) bestThisIter=3423.37 feasibleAnts=10 noImprove=30 (elapsed 19.0555s)
[RESET] no improvement for30-> reset pheromones
[ITER 100] bestGlobalCost=3262.04 (feasible=YES) bestThisIter=3384.46 feasibleAnts=10 noImprove=10 (elapsed 20.0236s)
[ITER 110] bestGlobalCost=3262.04 (feasible=YES) bestThisIter=3328.48 feasibleAnts=10 noImprove=20 (elapsed 23.2216s)
[ITER 120] bestGlobalCost=3262.04 (feasible=YES) bestThisIter=3270.30 feasibleAnts=10 noImprove=30 (elapsed 25.8606s)
[RESET] no improvement for30-> reset pheromones
[ITER 130] bestGlobalCost=3262.04 (feasible=YES) bestThisIter=3377.71 feasibleAnts=10 noImprove=10 (elapsed 26.7838s)
[ITER 140] bestGlobalCost=3262.04 (feasible=YES) bestThisIter=3305.56 feasibleAnts=10 noImprove=20 (elapsed 29.9203s)
[ITER 150] bestGlobalCost=3262.04 (feasible=YES) bestThisIter=3311.80 feasibleAnts=10 noImprove=30 (elapsed 32.8255s)
[RESET] no improvement for30-> reset pheromones
[ITER 160] bestGlobalCost=3262.04 (feasible=YES) bestThisIter=3417.93 feasibleAnts=10 noImprove=10 (elapsed 33.6726s)
[ITER 170] bestGlobalCost=3262.04 (feasible=YES) bestThisIter=3403.38 feasibleAnts=10 noImprove=20 (elapsed 36.3516s)
[ITER 180] bestGlobalCost=3262.04 (feasible=YES) bestThisIter=3420.81 feasibleAnts=10 noImprove=30 (elapsed 39.073s)
[RESET] no improvement for30-> reset pheromones
[ITER 190] bestGlobalCost=3262.04 (feasible=YES) bestThisIter=3458.03 feasibleAnts=10 noImprove=10 (elapsed 39.9836s)
[ITER 200] bestGlobalCost=3262.04 (feasible=YES) bestThisIter=3386.73 feasibleAnts=10 noImprove=20 (elapsed 43.2371s)
[ITER 210] bestGlobalCost=3262.04 (feasible=YES) bestThisIter=3418.09 feasibleAnts=10 noImprove=30 (elapsed 45.9553s)
[RESET] no improvement for30-> reset pheromones
[ITER 220] bestGlobalCost=3262.04 (feasible=YES) bestThisIter=3379.80 feasibleAnts=10 noImprove=10 (elapsed 46.8337s)
[ITER 230] bestGlobalCost=3262.04 (feasible=YES) bestThisIter=3491.28 feasibleAnts=10 noImprove=20 (elapsed 50.0018s)
[ITER 240] bestGlobalCost=3262.04 (feasible=YES) bestThisIter=3422.85 feasibleAnts=10 noImprove=30 (elapsed 52.9311s)
[RESET] no improvement for30-> reset pheromones
[ITER 250] bestGlobalCost=3262.04 (feasible=YES) bestThisIter=3391.50 feasibleAnts=10 noImprove=10 (elapsed 53.7762s)
[ITER 260] bestGlobalCost=3262.04 (feasible=YES) bestThisIter=3262.04 feasibleAnts=10 noImprove=20 (elapsed 56.6101s)
[ITER 270] bestGlobalCost=3262.04 (feasible=YES) bestThisIter=3450.78 feasibleAnts=9 noImprove=30 (elapsed 59.8773s)
[RESET] no improvement for30-> reset pheromones
10 11 19 49 62 63 64 
13 15 41 42 43 57 87 
5 18 60 61 83 84 99 
3 12 24 68 76 77 80 
20 32 51 65 66 71 90 
6 89 94 95 96 97 
37 59 85 92 93 98 100 
22 23 25 39 56 67 
1 28 30 50 69 70 
4 26 54 55 72 74 75 
2 21 40 53 58 73 101 
14 16 38 44 86 91 
7 27 31 52 82 88 
9 29 33 34 35 78 79 81 
8 17 36 45 46 47 48 
[SAVELOGS] evolution saved to results/logs/eil101_15_3/evolution/eil101_15_3
[SAVELOGS] best cost saved to results/logs/eil101_15_3/objectives/eil101_15_3
[SAVELOGS] best solution saved to results/logs/eil101_15_3/solutions/eil101_15_3
