[ITER 1] New best cost=3440.59 (feasible=YES, time 0.112795s)
[ITER 2] New best cost=3395.40 (feasible=YES, time 0.213973s)
[ITER 3] New best cost=3390.56 (feasible=YES, time 0.277977s)
[ITER 10] bestGlobalCost=3390.56 (feasible=YES) bestThisIter=3452.76 feasibleAnts=10 noImprove=7 (elapsed 0.865376s)
[ITER 13] New best cost=3365.39 (feasible=YES, time 1.15111s)
[ITER 15] New best cost=3343.06 (feasible=YES, time 1.7313s)
[ITER 17] New best cost=3327.71 (feasible=YES, time 3.3898s)
[ITER 20] bestGlobalCost=3327.71 (feasible=YES) bestThisIter=3327.71 feasibleAnts=14 noImprove=3 (elapsed 3.54618s)
[ITER 27] New best cost=3322.54 (feasible=YES, time 3.83623s)
[ITER 30] New best cost=3302.86 (feasible=YES, time 5.55255s)
[ITER 30] bestGlobalCost=3302.86 (feasible=YES) bestThisIter=3322.54 feasibleAnts=10 noImprove=0 (elapsed 5.92629s)
[ITER 37] New best cost=3280.98 (feasible=YES, time 6.22694s)
[ITER 40] bestGlobalCost=3280.98 (feasible=YES) bestThisIter=3280.98 feasibleAnts=10 noImprove=3 (elapsed 6.3423s)
[ITER 45] New best cost=3271.21 (feasible=YES, time 6.94496s)
[ITER 45] New best cost=3270.30 (feasible=YES, time 8.10419s)
[ITER 50] bestGlobalCost=3270.30 (feasible=YES) bestThisIter=3270.30 feasibleAnts=10 noImprove=5 (elapsed 8.70735s)
[ITER 60] New best cost=3262.04 (feasible=YES, time 9.67503s)
[ITER 60] bestGlobalCost=3262.04 (feasible=YES) bestThisIter=3262.04 feasibleAnts=10 noImprove=0 (elapsed 11.5861s)
[ITER 70] bestGlobalCost=3262.04 (feasible=YES) bestThisIter=3262.04 feasibleAnts=10 noImprove=10 (elapsed 12.2396s)
[ITER 80] bestGlobalCost=3262.04 (feasible=YES) bestThisIter=3302.19 feasibleAnts=10 noImprove=20 (elapsed 15.0268s)
[ITER 90] bestGlobalCost=3262.04 (feasible=YES) bestThisIter=3414.71 feasibleAnts=10 noImprove=30 (elapsed 17.6001s)
[RESET] no improvement for30-> reset pheromones
[ITER 100] bestGlobalCost=3262.04 (feasible=YES) bestThisIter=3327.66 feasibleAnts=10 noImprove=10 (elapsed 18.6631s)
[ITER 110] bestGlobalCost=3262.04 (feasible=YES) bestThisIter=3285.85 feasibleAnts=10 noImprove=20 (elapsed 21.9283s)
[ITER 120] bestGlobalCost=3262.04 (feasible=YES) bestThisIter=3262.04 feasibleAnts=10 noImprove=30 (elapsed 24.5926s)
[RESET] no improvement for30-> reset pheromones
[ITER 130] bestGlobalCost=3262.04 (feasible=YES) bestThisIter=3505.07 feasibleAnts=10 noImprove=10 (elapsed 25.4214s)
[ITER 140] bestGlobalCost=3262.04 (feasible=YES) bestThisIter=3295.59 feasibleAnts=10 noImprove=20 (elapsed 28.7385s)
[ITER 150] bestGlobalCost=3262.04 (feasible=YES) bestThisIter=3371.02 feasibleAnts=10 noImprove=30 (elapsed 31.5018s)
[RESET] no improvement for30-> reset pheromones
[ITER 160] bestGlobalCost=3262.04 (feasible=YES) bestThisIter=3406.99 feasibleAnts=10 noImprove=10 (elapsed 32.3786s)
[ITER 170] bestGlobalCost=3262.04 (feasible=YES) bestThisIter=3396.82 feasibleAnts=10 noImprove=20 (elapsed 35.4092s)
[ITER 180] bestGlobalCost=3262.04 (feasible=YES) bestThisIter=3453.80 feasibleAnts=10 noImprove=30 (elapsed 38.5395s)
[RESET] no improvement for30-> reset pheromones
[ITER 190] bestGlobalCost=3262.04 (feasible=YES) bestThisIter=3454.18 feasibleAnts=10 noImprove=10 (elapsed 39.3716s)
[ITER 200] bestGlobalCost=3262.04 (feasible=YES) bestThisIter=3337.83 feasibleAnts=10 noImprove=20 (elapsed 42.0778s)
[ITER 210] bestGlobalCost=3262.04 (feasible=YES) bestThisIter=3337.63 feasibleAnts=10 noImprove=30 (elapsed 44.7404s)
[RESET] no improvement for30-> reset pheromones
[ITER 220] bestGlobalCost=3262.04 (feasible=YES) bestThisIter=3267.21 feasibleAnts=10 noImprove=10 (elapsed 45.5698s)
[ITER 230] bestGlobalCost=3262.04 (feasible=YES) bestThisIter=3358.62 feasibleAnts=10 noImprove=20 (elapsed 48.1819s)
[ITER 240] bestGlobalCost=3262.04 (feasible=YES) bestThisIter=3425.42 feasibleAnts=10 noImprove=30 (elapsed 51.229s)
[RESET] no improvement for30-> reset pheromones
[ITER 250] bestGlobalCost=3262.04 (feasible=YES) bestThisIter=3512.82 feasibleAnts=10 noImprove=10 (elapsed 52.2927s)
[ITER 260] bestGlobalCost=3262.04 (feasible=YES) bestThisIter=3320.95 feasibleAnts=10 noImprove=20 (elapsed 55.2685s)
[ITER 270] bestGlobalCost=3262.04 (feasible=YES) bestThisIter=3313.10 feasibleAnts=10 noImprove=30 (elapsed 57.976s)
[RESET] no improvement for30-> reset pheromones
[ITER 280] bestGlobalCost=3262.04 (feasible=YES) bestThisIter=3418.10 feasibleAnts=10 noImprove=10 (elapsed 58.9987s)
6 89 94 95 96 97 
1 28 30 50 69 70 
5 18 60 61 83 84 99 
3 12 24 68 76 77 80 
22 23 25 39 56 67 
13 15 41 42 43 57 87 
9 29 33 34 35 78 79 81 
4 26 54 55 72 74 75 
10 11 19 49 62 63 64 
8 17 36 45 46 47 48 
37 59 85 92 93 98 100 
2 21 40 53 58 73 101 
14 16 38 44 86 91 
7 27 31 52 82 88 
20 32 51 65 66 71 90 
[SAVELOGS] evolution saved to results/logs/eil101_15_3/evolution/eil101_15_3
[SAVELOGS] best cost saved to results/logs/eil101_15_3/objectives/eil101_15_3
[SAVELOGS] best solution saved to results/logs/eil101_15_3/solutions/eil101_15_3
