[ITER 1] New best cost=25190.76 (feasible=YES, time 0.0816853s)
[ITER 2] New best cost=24958.52 (feasible=YES, time 0.138807s)
[ITER 3] New best cost=24283.15 (feasible=YES, time 0.193909s)
[ITER 10] bestGlobalCost=24283.15 (feasible=YES) bestThisIter=24636.04 feasibleAnts=10 noImprove=7 (elapsed 0.606238s)
[ITER 14] New best cost=24280.30 (feasible=YES, time 0.815108s)
[ITER 15] New best cost=23783.79 (feasible=YES, time 1.16291s)
[ITER 20] bestGlobalCost=23783.79 (feasible=YES) bestThisIter=23783.79 feasibleAnts=11 noImprove=5 (elapsed 2.53154s)
[ITER 30] bestGlobalCost=23783.79 (feasible=YES) bestThisIter=24066.00 feasibleAnts=10 noImprove=15 (elapsed 4.46584s)
[ITER 40] bestGlobalCost=23783.79 (feasible=YES) bestThisIter=24507.70 feasibleAnts=10 noImprove=25 (elapsed 5.04185s)
[ITER 45] New best cost=23751.60 (feasible=YES, time 6.79214s)
[ITER 50] bestGlobalCost=23751.60 (feasible=YES) bestThisIter=23751.60 feasibleAnts=10 noImprove=5 (elapsed 6.99514s)
[ITER 60] bestGlobalCost=23751.60 (feasible=YES) bestThisIter=23836.09 feasibleAnts=10 noImprove=15 (elapsed 9.19163s)
[ITER 70] bestGlobalCost=23751.60 (feasible=YES) bestThisIter=23751.60 feasibleAnts=10 noImprove=25 (elapsed 9.94596s)
[RESET] no improvement for30-> reset pheromones
[ITER 80] bestGlobalCost=23751.60 (feasible=YES) bestThisIter=25475.22 feasibleAnts=10 noImprove=5 (elapsed 12.1373s)
[ITER 90] bestGlobalCost=23751.60 (feasible=YES) bestThisIter=23751.60 feasibleAnts=10 noImprove=15 (elapsed 14.224s)
[ITER 100] bestGlobalCost=23751.60 (feasible=YES) bestThisIter=25009.29 feasibleAnts=10 noImprove=25 (elapsed 14.7864s)
[RESET] no improvement for30-> reset pheromones
[ITER 110] bestGlobalCost=23751.60 (feasible=YES) bestThisIter=24771.14 feasibleAnts=10 noImprove=5 (elapsed 17.125s)
[ITER 120] bestGlobalCost=23751.60 (feasible=YES) bestThisIter=24409.96 feasibleAnts=10 noImprove=15 (elapsed 19.448s)
[ITER 130] bestGlobalCost=23751.60 (feasible=YES) bestThisIter=24406.04 feasibleAnts=10 noImprove=25 (elapsed 20.0482s)
[RESET] no improvement for30-> reset pheromones
[ITER 140] bestGlobalCost=23751.60 (feasible=YES) bestThisIter=24929.98 feasibleAnts=10 noImprove=5 (elapsed 22.039s)
[ITER 150] bestGlobalCost=23751.60 (feasible=YES) bestThisIter=24672.43 feasibleAnts=10 noImprove=15 (elapsed 24.3208s)
[ITER 160] bestGlobalCost=23751.60 (feasible=YES) bestThisIter=24208.66 feasibleAnts=10 noImprove=25 (elapsed 25.0183s)
[RESET] no improvement for30-> reset pheromones
[ITER 170] bestGlobalCost=23751.60 (feasible=YES) bestThisIter=26080.27 feasibleAnts=10 noImprove=5 (elapsed 27.4174s)
[ITER 180] bestGlobalCost=23751.60 (feasible=YES) bestThisIter=24830.73 feasibleAnts=10 noImprove=15 (elapsed 29.9114s)
[ITER 190] bestGlobalCost=23751.60 (feasible=YES) bestThisIter=24456.39 feasibleAnts=10 noImprove=25 (elapsed 30.6776s)
[RESET] no improvement for30-> reset pheromones
[ITER 200] bestGlobalCost=23751.60 (feasible=YES) bestThisIter=26362.09 feasibleAnts=10 noImprove=5 (elapsed 32.6947s)
[ITER 210] bestGlobalCost=23751.60 (feasible=YES) bestThisIter=24181.71 feasibleAnts=10 noImprove=15 (elapsed 34.7621s)
[ITER 220] bestGlobalCost=23751.60 (feasible=YES) bestThisIter=25081.04 feasibleAnts=10 noImprove=25 (elapsed 35.3626s)
[RESET] no improvement for30-> reset pheromones
[ITER 230] bestGlobalCost=23751.60 (feasible=YES) bestThisIter=24406.04 feasibleAnts=10 noImprove=5 (elapsed 37.7998s)
[ITER 240] bestGlobalCost=23751.60 (feasible=YES) bestThisIter=23788.72 feasibleAnts=10 noImprove=15 (elapsed 40.0554s)
[ITER 250] bestGlobalCost=23751.60 (feasible=YES) bestThisIter=25353.76 feasibleAnts=10 noImprove=25 (elapsed 40.5962s)
[RESET] no improvement for30-> reset pheromones
[ITER 260] bestGlobalCost=23751.60 (feasible=YES) bestThisIter=24050.37 feasibleAnts=10 noImprove=5 (elapsed 42.615s)
[ITER 270] bestGlobalCost=23751.60 (feasible=YES) bestThisIter=23751.60 feasibleAnts=10 noImprove=15 (elapsed 44.983s)
[ITER 280] bestGlobalCost=23751.60 (feasible=YES) bestThisIter=24930.38 feasibleAnts=10 noImprove=25 (elapsed 45.6544s)
[RESET] no improvement for30-> reset pheromones
[ITER 290] bestGlobalCost=23751.60 (feasible=YES) bestThisIter=25410.70 feasibleAnts=10 noImprove=5 (elapsed 47.8979s)
[ITER 300] bestGlobalCost=23751.60 (feasible=YES) bestThisIter=23929.36 feasibleAnts=10 noImprove=15 (elapsed 49.9267s)
[ITER 310] bestGlobalCost=23751.60 (feasible=YES) bestThisIter=24778.40 feasibleAnts=10 noImprove=25 (elapsed 50.4873s)
[RESET] no improvement for30-> reset pheromones
[ITER 320] bestGlobalCost=23751.60 (feasible=YES) bestThisIter=26154.37 feasibleAnts=10 noImprove=5 (elapsed 52.8033s)
[ITER 330] bestGlobalCost=23751.60 (feasible=YES) bestThisIter=26001.15 feasibleAnts=10 noImprove=15 (elapsed 55.266s)
[ITER 340] bestGlobalCost=23751.60 (feasible=YES) bestThisIter=24501.19 feasibleAnts=10 noImprove=25 (elapsed 55.8441s)
[RESET] no improvement for30-> reset pheromones
[ITER 350] bestGlobalCost=23751.60 (feasible=YES) bestThisIter=23788.72 feasibleAnts=10 noImprove=5 (elapsed 57.8724s)
[ITER 360] bestGlobalCost=23751.60 (feasible=YES) bestThisIter=25604.17 feasibleAnts=10 noImprove=15 (elapsed 60.254s)
51 65 83 90 91 
16 31 66 88 98 
2 23 58 84 89 
15 63 67 86 97 
3 10 33 79 99 
5 11 34 41 61 
6 53 59 76 95 
27 46 50 56 73 92 
36 47 57 64 94 
17 19 38 54 70 72 
1 18 62 69 87 
9 20 26 74 78 
39 40 55 96 
8 60 68 71 
7 24 25 42 43 
28 37 77 93 
22 30 48 80 81 
29 35 44 45 52 100 
13 21 49 75 85 
4 12 14 32 82 
[SAVELOGS] evolution saved to results/logs/rd100_20_2/evolution/rd100_20_2
[SAVELOGS] best cost saved to results/logs/rd100_20_2/objectives/rd100_20_2
[SAVELOGS] best solution saved to results/logs/rd100_20_2/solutions/rd100_20_2
