[ITER 1] New best cost=35298561.64 (feasible=YES, time 2.25332s)
[ITER 2] New best cost=35245760.05 (feasible=YES, time 3.85296s)
[ITER 4] New best cost=35189526.39 (feasible=YES, time 6.12397s)
[ITER 7] New best cost=35172343.96 (feasible=YES, time 9.45512s)
[ITER 10] bestGlobalCost=35172343.96 (feasible=YES) bestThisIter=35244750.42 feasibleAnts=10 noImprove=3 (elapsed 13.9736s)
[ITER 14] New best cost=35145646.76 (feasible=YES, time 17.3404s)
[ITER 20] bestGlobalCost=35145646.76 (feasible=YES) bestThisIter=35290310.84 feasibleAnts=10 noImprove=6 (elapsed 23.42s)
[ITER 30] bestGlobalCost=35145646.76 (feasible=YES) bestThisIter=35218415.19 feasibleAnts=10 noImprove=16 (elapsed 36.6013s)
[ITER 40] bestGlobalCost=35145646.76 (feasible=YES) bestThisIter=35216361.69 feasibleAnts=11 noImprove=26 (elapsed 51.9297s)
[ITER 48] New best cost=35145451.60 (feasible=YES, time 62.1365s)
[ITER 50] bestGlobalCost=35145451.60 (feasible=YES) bestThisIter=35145646.76 feasibleAnts=10 noImprove=2 (elapsed 65.7218s)
[ITER 60] New best cost=35125054.39 (feasible=YES, time 76.8656s)
[ITER 60] bestGlobalCost=35125054.39 (feasible=YES) bestThisIter=35149399.66 feasibleAnts=10 noImprove=0 (elapsed 76.8701s)
[ITER 64] New best cost=35093290.02 (feasible=YES, time 79.7026s)
[ITER 70] bestGlobalCost=35093290.02 (feasible=YES) bestThisIter=35138273.82 feasibleAnts=10 noImprove=6 (elapsed 88.359s)
[ITER 72] New best cost=35082543.04 (feasible=YES, time 89.9034s)
[ITER 80] bestGlobalCost=35082543.04 (feasible=YES) bestThisIter=35235636.60 feasibleAnts=10 noImprove=8 (elapsed 98.4684s)
[ITER 90] bestGlobalCost=35082543.04 (feasible=YES) bestThisIter=35157191.42 feasibleAnts=10 noImprove=18 (elapsed 113.576s)
[ITER 100] bestGlobalCost=35082543.04 (feasible=YES) bestThisIter=35183113.08 feasibleAnts=10 noImprove=28 (elapsed 129.793s)
[ITER 110] bestGlobalCost=35082543.04 (feasible=YES) bestThisIter=35188286.71 feasibleAnts=12 noImprove=38 (elapsed 145.073s)
[ITER 120] bestGlobalCost=35082543.04 (feasible=YES) bestThisIter=35263937.43 feasibleAnts=12 noImprove=48 (elapsed 161.146s)
[RESET] no improvement for50-> reset pheromones
[ITER 130] bestGlobalCost=35082543.04 (feasible=YES) bestThisIter=35201821.77 feasibleAnts=10 noImprove=8 (elapsed 175.028s)
[ITER 140] bestGlobalCost=35082543.04 (feasible=YES) bestThisIter=35135749.63 feasibleAnts=10 noImprove=18 (elapsed 188.154s)
[ITER 150] bestGlobalCost=35082543.04 (feasible=YES) bestThisIter=35125432.72 feasibleAnts=10 noImprove=28 (elapsed 204.565s)
[ITER 160] bestGlobalCost=35082543.04 (feasible=YES) bestThisIter=35214297.51 feasibleAnts=12 noImprove=38 (elapsed 218.728s)
[ITER 170] bestGlobalCost=35082543.04 (feasible=YES) bestThisIter=35234639.15 feasibleAnts=12 noImprove=48 (elapsed 233.949s)
[RESET] no improvement for50-> reset pheromones
[ITER 180] bestGlobalCost=35082543.04 (feasible=YES) bestThisIter=35147472.03 feasibleAnts=10 noImprove=8 (elapsed 248.161s)
[ITER 190] bestGlobalCost=35082543.04 (feasible=YES) bestThisIter=35106966.22 feasibleAnts=10 noImprove=18 (elapsed 262.355s)
[ITER 195] New best cost=35076404.22 (feasible=YES, time 268.966s)
[ITER 200] bestGlobalCost=35076404.22 (feasible=YES) bestThisIter=35076404.22 feasibleAnts=12 noImprove=5 (elapsed 274.931s)
[ITER 203] New best cost=35064854.62 (feasible=YES, time 277.73s)
[ITER 210] bestGlobalCost=35064854.62 (feasible=YES) bestThisIter=35204361.83 feasibleAnts=10 noImprove=7 (elapsed 285.377s)
[ITER 220] bestGlobalCost=35064854.62 (feasible=YES) bestThisIter=35143601.60 feasibleAnts=10 noImprove=17 (elapsed 299.281s)
[ITER 230] bestGlobalCost=35064854.62 (feasible=YES) bestThisIter=35168099.60 feasibleAnts=10 noImprove=27 (elapsed 313.951s)
[ITER 240] bestGlobalCost=35064854.62 (feasible=YES) bestThisIter=35197103.13 feasibleAnts=10 noImprove=37 (elapsed 329.186s)
[ITER 250] bestGlobalCost=35064854.62 (feasible=YES) bestThisIter=35220827.14 feasibleAnts=12 noImprove=47 (elapsed 343.152s)
[RESET] no improvement for50-> reset pheromones
[ITER 260] bestGlobalCost=35064854.62 (feasible=YES) bestThisIter=35181312.01 feasibleAnts=10 noImprove=7 (elapsed 357.454s)
[ITER 270] bestGlobalCost=35064854.62 (feasible=YES) bestThisIter=35230905.64 feasibleAnts=10 noImprove=17 (elapsed 370.356s)
[ITER 280] bestGlobalCost=35064854.62 (feasible=YES) bestThisIter=35138837.01 feasibleAnts=10 noImprove=27 (elapsed 384.445s)
[ITER 290] bestGlobalCost=35064854.62 (feasible=YES) bestThisIter=35146178.25 feasibleAnts=10 noImprove=37 (elapsed 398.796s)
[ITER 300] bestGlobalCost=35064854.62 (feasible=YES) bestThisIter=35216917.72 feasibleAnts=11 noImprove=47 (elapsed 412.589s)
[RESET] no improvement for50-> reset pheromones
[ITER 310] bestGlobalCost=35064854.62 (feasible=YES) bestThisIter=35145986.33 feasibleAnts=10 noImprove=7 (elapsed 429.591s)
[ITER 320] bestGlobalCost=35064854.62 (feasible=YES) bestThisIter=35114586.43 feasibleAnts=10 noImprove=17 (elapsed 442.84s)
[ITER 330] bestGlobalCost=35064854.62 (feasible=YES) bestThisIter=35234481.19 feasibleAnts=10 noImprove=27 (elapsed 457.935s)
[ITER 340] bestGlobalCost=35064854.62 (feasible=YES) bestThisIter=35099719.78 feasibleAnts=10 noImprove=37 (elapsed 474.25s)
[ITER 350] bestGlobalCost=35064854.62 (feasible=YES) bestThisIter=35196028.54 feasibleAnts=12 noImprove=47 (elapsed 489.931s)
[RESET] no improvement for50-> reset pheromones
[ITER 360] bestGlobalCost=35064854.62 (feasible=YES) bestThisIter=35104130.70 feasibleAnts=10 noImprove=7 (elapsed 503.689s)
[ITER 370] bestGlobalCost=35064854.62 (feasible=YES) bestThisIter=35199236.87 feasibleAnts=10 noImprove=17 (elapsed 519.056s)
[ITER 380] bestGlobalCost=35064854.62 (feasible=YES) bestThisIter=35161625.24 feasibleAnts=10 noImprove=27 (elapsed 533.54s)
[ITER 390] bestGlobalCost=35064854.62 (feasible=YES) bestThisIter=35294381.78 feasibleAnts=12 noImprove=37 (elapsed 548.893s)
[ITER 400] bestGlobalCost=35064854.62 (feasible=YES) bestThisIter=35240744.22 feasibleAnts=12 noImprove=47 (elapsed 564.671s)
[RESET] no improvement for50-> reset pheromones
[ITER 410] bestGlobalCost=35064854.62 (feasible=YES) bestThisIter=35134818.78 feasibleAnts=10 noImprove=7 (elapsed 577.65s)
[ITER 420] bestGlobalCost=35064854.62 (feasible=YES) bestThisIter=35191526.33 feasibleAnts=10 noImprove=17 (elapsed 592.495s)
[ITER 430] bestGlobalCost=35064854.62 (feasible=YES) bestThisIter=35078253.26 feasibleAnts=10 noImprove=27 (elapsed 607.108s)
[ITER 440] bestGlobalCost=35064854.62 (feasible=YES) bestThisIter=35281431.10 feasibleAnts=12 noImprove=37 (elapsed 621.888s)
[ITER 450] bestGlobalCost=35064854.62 (feasible=YES) bestThisIter=35278445.64 feasibleAnts=12 noImprove=47 (elapsed 636.417s)
[RESET] no improvement for50-> reset pheromones
[ITER 460] bestGlobalCost=35064854.62 (feasible=YES) bestThisIter=35150168.38 feasibleAnts=10 noImprove=7 (elapsed 650.139s)
[ITER 470] bestGlobalCost=35064854.62 (feasible=YES) bestThisIter=35162046.41 feasibleAnts=10 noImprove=17 (elapsed 665.534s)
[ITER 480] bestGlobalCost=35064854.62 (feasible=YES) bestThisIter=35221633.11 feasibleAnts=10 noImprove=27 (elapsed 680.461s)
[ITER 490] bestGlobalCost=35064854.62 (feasible=YES) bestThisIter=35199641.42 feasibleAnts=10 noImprove=37 (elapsed 694.61s)
[ITER 500] bestGlobalCost=35064854.62 (feasible=YES) bestThisIter=35141518.96 feasibleAnts=12 noImprove=47 (elapsed 711.463s)
[RESET] no improvement for50-> reset pheromones
[ITER 510] bestGlobalCost=35064854.62 (feasible=YES) bestThisIter=35159586.55 feasibleAnts=10 noImprove=7 (elapsed 726.412s)
[ITER 520] bestGlobalCost=35064854.62 (feasible=YES) bestThisIter=35100269.09 feasibleAnts=10 noImprove=17 (elapsed 740.425s)
[ITER 530] bestGlobalCost=35064854.62 (feasible=YES) bestThisIter=35123841.38 feasibleAnts=10 noImprove=27 (elapsed 753.615s)
[ITER 540] bestGlobalCost=35064854.62 (feasible=YES) bestThisIter=35222319.35 feasibleAnts=12 noImprove=37 (elapsed 768.221s)
[ITER 550] bestGlobalCost=35064854.62 (feasible=YES) bestThisIter=35176217.25 feasibleAnts=12 noImprove=47 (elapsed 783.007s)
[RESET] no improvement for50-> reset pheromones
[ITER 560] bestGlobalCost=35064854.62 (feasible=YES) bestThisIter=35194318.14 feasibleAnts=10 noImprove=7 (elapsed 797.362s)
[ITER 570] bestGlobalCost=35064854.62 (feasible=YES) bestThisIter=35101121.57 feasibleAnts=10 noImprove=17 (elapsed 811.232s)
[ITER 580] bestGlobalCost=35064854.62 (feasible=YES) bestThisIter=35144863.07 feasibleAnts=10 noImprove=27 (elapsed 825.17s)
[ITER 590] bestGlobalCost=35064854.62 (feasible=YES) bestThisIter=35213033.71 feasibleAnts=10 noImprove=37 (elapsed 840.077s)
[ITER 600] bestGlobalCost=35064854.62 (feasible=YES) bestThisIter=35238398.77 feasibleAnts=12 noImprove=47 (elapsed 855.568s)
[RESET] no improvement for50-> reset pheromones
[ITER 610] bestGlobalCost=35064854.62 (feasible=YES) bestThisIter=35107633.51 feasibleAnts=10 noImprove=7 (elapsed 868.499s)
[ITER 620] bestGlobalCost=35064854.62 (feasible=YES) bestThisIter=35130939.74 feasibleAnts=10 noImprove=17 (elapsed 882.155s)
[ITER 630] bestGlobalCost=35064854.62 (feasible=YES) bestThisIter=35202736.53 feasibleAnts=10 noImprove=27 (elapsed 897.061s)
[ITER 640] bestGlobalCost=35064854.62 (feasible=YES) bestThisIter=35187234.54 feasibleAnts=12 noImprove=37 (elapsed 911.374s)
[ITER 650] bestGlobalCost=35064854.62 (feasible=YES) bestThisIter=35199813.11 feasibleAnts=12 noImprove=47 (elapsed 926.252s)
[RESET] no improvement for50-> reset pheromones
[ITER 660] bestGlobalCost=35064854.62 (feasible=YES) bestThisIter=35136271.05 feasibleAnts=10 noImprove=7 (elapsed 939.577s)
[ITER 670] bestGlobalCost=35064854.62 (feasible=YES) bestThisIter=35120456.56 feasibleAnts=10 noImprove=17 (elapsed 951.954s)
[ITER 680] bestGlobalCost=35064854.62 (feasible=YES) bestThisIter=35239097.59 feasibleAnts=10 noImprove=27 (elapsed 966.357s)
[ITER 690] bestGlobalCost=35064854.62 (feasible=YES) bestThisIter=35178996.94 feasibleAnts=12 noImprove=37 (elapsed 982.28s)
[ITER 700] bestGlobalCost=35064854.62 (feasible=YES) bestThisIter=35144201.46 feasibleAnts=12 noImprove=47 (elapsed 998.497s)
[RESET] no improvement for50-> reset pheromones
[ITER 710] bestGlobalCost=35064854.62 (feasible=YES) bestThisIter=35098597.76 feasibleAnts=10 noImprove=7 (elapsed 1012.65s)
[ITER 720] bestGlobalCost=35064854.62 (feasible=YES) bestThisIter=35286628.96 feasibleAnts=10 noImprove=17 (elapsed 1026.63s)
[ITER 730] bestGlobalCost=35064854.62 (feasible=YES) bestThisIter=35243185.30 feasibleAnts=10 noImprove=27 (elapsed 1041.42s)
[ITER 740] bestGlobalCost=35064854.62 (feasible=YES) bestThisIter=35231926.75 feasibleAnts=12 noImprove=37 (elapsed 1058.8s)
[ITER 750] bestGlobalCost=35064854.62 (feasible=YES) bestThisIter=35324161.35 feasibleAnts=12 noImprove=47 (elapsed 1074.59s)
[RESET] no improvement for50-> reset pheromones
[ITER 760] bestGlobalCost=35064854.62 (feasible=YES) bestThisIter=35163579.08 feasibleAnts=10 noImprove=7 (elapsed 1088.02s)
[ITER 770] bestGlobalCost=35064854.62 (feasible=YES) bestThisIter=35195656.12 feasibleAnts=10 noImprove=17 (elapsed 1102.21s)
[ITER 780] bestGlobalCost=35064854.62 (feasible=YES) bestThisIter=35145671.74 feasibleAnts=10 noImprove=27 (elapsed 1117.33s)
[ITER 790] bestGlobalCost=35064854.62 (feasible=YES) bestThisIter=35247754.69 feasibleAnts=10 noImprove=37 (elapsed 1135.39s)
[ITER 800] bestGlobalCost=35064854.62 (feasible=YES) bestThisIter=35216787.22 feasibleAnts=12 noImprove=47 (elapsed 1150.43s)
[RESET] no improvement for50-> reset pheromones
[ITER 810] bestGlobalCost=35064854.62 (feasible=YES) bestThisIter=35098724.99 feasibleAnts=10 noImprove=7 (elapsed 1164.72s)
[ITER 820] bestGlobalCost=35064854.62 (feasible=YES) bestThisIter=35226534.68 feasibleAnts=10 noImprove=17 (elapsed 1179.08s)
[ITER 830] bestGlobalCost=35064854.62 (feasible=YES) bestThisIter=35163305.54 feasibleAnts=10 noImprove=27 (elapsed 1193.25s)
[ITER 840] bestGlobalCost=35064854.62 (feasible=YES) bestThisIter=35201862.46 feasibleAnts=10 noImprove=37 (elapsed 1209.55s)
[ITER 850] bestGlobalCost=35064854.62 (feasible=YES) bestThisIter=35265154.31 feasibleAnts=12 noImprove=47 (elapsed 1224.42s)
[RESET] no improvement for50-> reset pheromones
[ITER 860] bestGlobalCost=35064854.62 (feasible=YES) bestThisIter=35247078.45 feasibleAnts=10 noImprove=7 (elapsed 1237.67s)
[ITER 870] bestGlobalCost=35064854.62 (feasible=YES) bestThisIter=35144063.42 feasibleAnts=10 noImprove=17 (elapsed 1251.67s)
[ITER 880] bestGlobalCost=35064854.62 (feasible=YES) bestThisIter=35221249.57 feasibleAnts=10 noImprove=27 (elapsed 1267.09s)
[ITER 890] bestGlobalCost=35064854.62 (feasible=YES) bestThisIter=35274186.23 feasibleAnts=12 noImprove=37 (elapsed 1281.83s)
[ITER 900] bestGlobalCost=35064854.62 (feasible=YES) bestThisIter=35232500.66 feasibleAnts=12 noImprove=47 (elapsed 1296.71s)
[RESET] no improvement for50-> reset pheromones
[ITER 910] bestGlobalCost=35064854.62 (feasible=YES) bestThisIter=35152066.03 feasibleAnts=10 noImprove=7 (elapsed 1310.57s)
[ITER 920] bestGlobalCost=35064854.62 (feasible=YES) bestThisIter=35239385.80 feasibleAnts=10 noImprove=17 (elapsed 1323.27s)
[ITER 930] bestGlobalCost=35064854.62 (feasible=YES) bestThisIter=35187661.80 feasibleAnts=10 noImprove=27 (elapsed 1337.24s)
[ITER 940] bestGlobalCost=35064854.62 (feasible=YES) bestThisIter=35149658.23 feasibleAnts=12 noImprove=37 (elapsed 1351.77s)
[ITER 950] bestGlobalCost=35064854.62 (feasible=YES) bestThisIter=35230707.41 feasibleAnts=12 noImprove=47 (elapsed 1367.75s)
[RESET] no improvement for50-> reset pheromones
[ITER 960] bestGlobalCost=35064854.62 (feasible=YES) bestThisIter=35193513.96 feasibleAnts=10 noImprove=7 (elapsed 1382.5s)
[ITER 970] bestGlobalCost=35064854.62 (feasible=YES) bestThisIter=35097245.90 feasibleAnts=10 noImprove=17 (elapsed 1397.51s)
[ITER 980] bestGlobalCost=35064854.62 (feasible=YES) bestThisIter=35076355.89 feasibleAnts=10 noImprove=27 (elapsed 1412.71s)
[ITER 990] bestGlobalCost=35064854.62 (feasible=YES) bestThisIter=35271976.02 feasibleAnts=10 noImprove=37 (elapsed 1426.6s)
[ITER 1000] bestGlobalCost=35064854.62 (feasible=YES) bestThisIter=35211293.43 feasibleAnts=12 noImprove=47 (elapsed 1440.65s)
[RESET] no improvement for50-> reset pheromones
[ITER 1006] New best cost=35056012.08 (feasible=YES, time 1449.38s)
[ITER 1010] bestGlobalCost=35056012.08 (feasible=YES) bestThisIter=35056012.08 feasibleAnts=10 noImprove=4 (elapsed 1454s)
[ITER 1020] bestGlobalCost=35056012.08 (feasible=YES) bestThisIter=35158224.99 feasibleAnts=10 noImprove=14 (elapsed 1465.21s)
[ITER 1030] bestGlobalCost=35056012.08 (feasible=YES) bestThisIter=35133123.99 feasibleAnts=10 noImprove=24 (elapsed 1479.51s)
[ITER 1040] bestGlobalCost=35056012.08 (feasible=YES) bestThisIter=35281919.41 feasibleAnts=10 noImprove=34 (elapsed 1494.59s)
186 225 226 227 228 229 230 232 280 281 282 283 284 285 286 287 288 289 290 291 340 341 342 343 344 346 347 349 350 351 352 353 354 355 357 359 371 372 373 374 375 376 377 379 380 381 382 383 384 389 390 391 392 393 394 395 396 397 398 399 403 406 407 408 409 410 411 412 413 414 419 420 421 422 423 424 425 426 427 430 432 433 434 435 436 437 438 439 
161 164 166 168 169 170 171 172 173 174 175 176 177 178 180 183 193 194 195 196 197 198 199 200 201 202 203 204 205 206 207 208 209 210 211 212 213 214 215 216 217 218 219 220 221 237 238 241 242 243 244 245 246 247 248 249 250 251 252 253 254 255 256 257 258 259 260 261 262 263 265 309 310 311 312 313 314 315 316 317 318 319 320 321 322 323 324 326 
18 19 20 21 22 23 24 64 65 66 67 68 69 70 71 72 74 88 89 90 91 92 93 94 95 96 97 98 99 100 101 102 103 104 105 106 107 108 110 113 114 115 116 117 118 119 120 121 122 123 124 125 126 127 128 129 130 131 132 133 134 135 136 137 138 139 140 141 142 143 144 147 150 151 152 153 154 155 156 157 158 159 160 162 163 165 167 179 181 182 184 192 
1 2 3 4 5 6 7 8 9 10 11 12 13 14 15 16 17 25 26 27 28 29 30 31 32 33 34 35 36 37 38 39 40 41 42 43 44 45 46 47 48 49 50 51 52 53 54 55 56 57 58 59 60 61 62 63 73 75 76 77 78 79 80 81 82 83 84 85 86 87 109 111 112 145 146 148 149 185 187 188 189 191 224 231 233 293 
190 222 223 234 235 236 239 240 264 266 267 268 269 270 271 272 273 274 275 276 277 278 279 292 294 295 296 297 298 299 300 301 302 303 304 305 306 307 308 325 327 328 329 330 331 332 333 334 335 336 337 338 339 345 348 356 358 360 361 362 363 364 365 366 367 368 369 370 378 385 386 387 388 400 401 402 404 405 415 416 417 418 428 429 431 
[SAVELOGS] evolution saved to results/logs/aco_logs/evolution/pr439_05_4.txt
[SAVELOGS] best cost saved to results/logs/aco_logs/objectives/pr439_05_4.txt
[SAVELOGS] best solution saved to results/logs/aco_logs/solutions/pr439_05_4.txt
