[ITER 1] New best cost=148655.81 (feasible=YES, time 0.179821s)
[ITER 2] New best cost=141534.79 (feasible=YES, time 0.274424s)
[ITER 3] New best cost=140487.94 (feasible=YES, time 0.387458s)
[ITER 4] New best cost=135315.77 (feasible=YES, time 0.544021s)
[ITER 10] bestGlobalCost=135315.77 (feasible=YES) bestThisIter=146665.23 feasibleAnts=10 noImprove=6 (elapsed 1.34185s)
[ITER 12] New best cost=135248.83 (feasible=YES, time 1.63717s)
[ITER 13] New best cost=132759.38 (feasible=YES, time 1.73419s)
[ITER 15] New best cost=132363.63 (feasible=YES, time 3.23117s)
[ITER 19] New best cost=131416.17 (feasible=YES, time 5.53445s)
[ITER 20] bestGlobalCost=131416.17 (feasible=YES) bestThisIter=132363.63 feasibleAnts=10 noImprove=1 (elapsed 5.61024s)
[ITER 21] New best cost=131299.76 (feasible=YES, time 5.7113s)
[ITER 22] New best cost=131237.14 (feasible=YES, time 5.83487s)
[ITER 24] New best cost=131083.33 (feasible=YES, time 6.02843s)
[ITER 29] New best cost=130851.16 (feasible=YES, time 6.5494s)
[ITER 30] New best cost=128936.57 (feasible=YES, time 10.0378s)
[ITER 30] bestGlobalCost=128936.57 (feasible=YES) bestThisIter=131083.33 feasibleAnts=23 noImprove=0 (elapsed 10.0422s)
[ITER 36] New best cost=128782.76 (feasible=YES, time 10.6961s)
[ITER 40] bestGlobalCost=128782.76 (feasible=YES) bestThisIter=128782.76 feasibleAnts=14 noImprove=4 (elapsed 11.0981s)
[ITER 45] New best cost=128385.79 (feasible=YES, time 13.4612s)
[ITER 49] New best cost=127245.54 (feasible=YES, time 15.1988s)
[ITER 50] bestGlobalCost=127245.54 (feasible=YES) bestThisIter=127399.36 feasibleAnts=27 noImprove=1 (elapsed 15.2918s)
[ITER 60] bestGlobalCost=127245.54 (feasible=YES) bestThisIter=127245.54 feasibleAnts=9 noImprove=11 (elapsed 20.0252s)
[ITER 70] bestGlobalCost=127245.54 (feasible=YES) bestThisIter=141070.17 feasibleAnts=9 noImprove=21 (elapsed 21.2463s)
[ITER 75] New best cost=125903.63 (feasible=YES, time 23.2327s)
[ITER 80] bestGlobalCost=125903.63 (feasible=YES) bestThisIter=128722.74 feasibleAnts=9 noImprove=5 (elapsed 25.8453s)
[ITER 90] New best cost=125560.30 (feasible=YES, time 29.1695s)
[ITER 90] bestGlobalCost=125560.30 (feasible=YES) bestThisIter=128808.42 feasibleAnts=10 noImprove=0 (elapsed 30.3691s)
[ITER 100] bestGlobalCost=125560.30 (feasible=YES) bestThisIter=128134.78 feasibleAnts=8 noImprove=10 (elapsed 31.1677s)
[ITER 110] bestGlobalCost=125560.30 (feasible=YES) bestThisIter=138969.71 feasibleAnts=10 noImprove=20 (elapsed 36.3106s)
[ITER 120] bestGlobalCost=125560.30 (feasible=YES) bestThisIter=147903.23 feasibleAnts=9 noImprove=30 (elapsed 41.091s)
[RESET] no improvement for30-> reset pheromones
[ITER 130] bestGlobalCost=125560.30 (feasible=YES) bestThisIter=141552.86 feasibleAnts=10 noImprove=10 (elapsed 43.2939s)
[ITER 140] bestGlobalCost=125560.30 (feasible=YES) bestThisIter=146871.90 feasibleAnts=10 noImprove=20 (elapsed 47.8448s)
[ITER 150] bestGlobalCost=125560.30 (feasible=YES) bestThisIter=144606.53 feasibleAnts=10 noImprove=30 (elapsed 52.9852s)
[RESET] no improvement for30-> reset pheromones
[ITER 160] bestGlobalCost=125560.30 (feasible=YES) bestThisIter=135373.65 feasibleAnts=10 noImprove=10 (elapsed 54.8472s)
[ITER 170] bestGlobalCost=125560.30 (feasible=YES) bestThisIter=141432.46 feasibleAnts=10 noImprove=20 (elapsed 60.0219s)
16 29 37 44 51 63 84 
5 43 72 83 86 98 
6 8 47 54 67 75 80 
20 31 42 55 64 79 
9 11 48 52 66 87 96 
4 12 18 40 46 49 93 
14 33 36 57 69 74 100 
21 23 30 35 68 77 89 
28 38 39 56 71 88 
2 50 70 76 91 94 95 
17 22 25 34 58 62 90 
3 15 41 59 60 73 
7 24 26 32 61 78 82 
10 19 45 81 92 97 99 
1 13 27 53 65 85 
[SAVELOGS] evolution saved to results/logs/kroC100_15_5/evolution/kroC100_15_5
[SAVELOGS] best cost saved to results/logs/kroC100_15_5/objectives/kroC100_15_5
[SAVELOGS] best solution saved to results/logs/kroC100_15_5/solutions/kroC100_15_5
