[ITER 1] New best cost=132920.95 (feasible=YES, time 0.276484s)
[ITER 2] New best cost=126700.27 (feasible=YES, time 0.450553s)
[ITER 3] New best cost=123323.43 (feasible=YES, time 0.682305s)
[ITER 5] New best cost=123233.20 (feasible=YES, time 0.939961s)
[ITER 6] New best cost=121452.93 (feasible=YES, time 1.06564s)
[ITER 8] New best cost=120316.97 (feasible=YES, time 1.29552s)
[ITER 10] bestGlobalCost=120316.97 (feasible=YES) bestThisIter=122415.73 feasibleAnts=9 noImprove=2 (elapsed 1.51825s)
[ITER 11] New best cost=119706.07 (feasible=YES, time 1.64464s)
[ITER 12] New best cost=119557.00 (feasible=YES, time 1.78055s)
[ITER 15] New best cost=115685.49 (feasible=YES, time 2.80063s)
[ITER 20] bestGlobalCost=115685.49 (feasible=YES) bestThisIter=115685.49 feasibleAnts=10 noImprove=5 (elapsed 6.1866s)
[ITER 23] New best cost=114879.54 (feasible=YES, time 6.66133s)
[ITER 25] New best cost=114152.60 (feasible=YES, time 6.96994s)
[ITER 26] New best cost=114109.01 (feasible=YES, time 7.13061s)
[ITER 30] New best cost=113197.01 (feasible=YES, time 11.6229s)
[ITER 30] bestGlobalCost=113197.01 (feasible=YES) bestThisIter=114109.01 feasibleAnts=14 noImprove=0 (elapsed 11.6272s)
[ITER 35] New best cost=112922.03 (feasible=YES, time 12.2261s)
[ITER 40] bestGlobalCost=112922.03 (feasible=YES) bestThisIter=112922.03 feasibleAnts=9 noImprove=5 (elapsed 12.6396s)
[ITER 50] bestGlobalCost=112922.03 (feasible=YES) bestThisIter=123946.40 feasibleAnts=10 noImprove=15 (elapsed 18.2147s)
[ITER 60] bestGlobalCost=112922.03 (feasible=YES) bestThisIter=123897.93 feasibleAnts=10 noImprove=25 (elapsed 23.7208s)
[RESET] no improvement for30-> reset pheromones
[ITER 70] bestGlobalCost=112922.03 (feasible=YES) bestThisIter=132695.56 feasibleAnts=10 noImprove=5 (elapsed 25.7932s)
[ITER 80] bestGlobalCost=112922.03 (feasible=YES) bestThisIter=120179.19 feasibleAnts=10 noImprove=15 (elapsed 31.595s)
[ITER 90] bestGlobalCost=112922.03 (feasible=YES) bestThisIter=133755.70 feasibleAnts=10 noImprove=25 (elapsed 37.277s)
[RESET] no improvement for30-> reset pheromones
[ITER 100] bestGlobalCost=112922.03 (feasible=YES) bestThisIter=135739.63 feasibleAnts=10 noImprove=5 (elapsed 39.2322s)
[ITER 110] bestGlobalCost=112922.03 (feasible=YES) bestThisIter=123542.91 feasibleAnts=9 noImprove=15 (elapsed 45.2048s)
[ITER 120] bestGlobalCost=112922.03 (feasible=YES) bestThisIter=124014.50 feasibleAnts=10 noImprove=25 (elapsed 50.4742s)
[RESET] no improvement for30-> reset pheromones
[ITER 130] bestGlobalCost=112922.03 (feasible=YES) bestThisIter=134198.71 feasibleAnts=10 noImprove=5 (elapsed 52.5247s)
[ITER 140] bestGlobalCost=112922.03 (feasible=YES) bestThisIter=122658.87 feasibleAnts=10 noImprove=15 (elapsed 58.1573s)
41 43 44 45 47 51 
34 35 38 39 42 54 60 
15 20 21 22 29 32 103 
27 28 30 31 33 36 104 
40 48 49 50 55 56 57 105 
64 67 74 75 76 79 81 
4 5 13 14 16 17 26 37 
46 63 65 66 69 70 
77 86 89 90 93 99 102 
61 87 88 94 95 98 100 
73 83 91 92 96 97 101 
3 8 9 18 19 23 24 25 
68 71 72 78 82 84 85 
1 2 6 7 10 11 12 
52 53 58 59 62 80 
[SAVELOGS] evolution saved to results/logs/lin105_15_5/evolution/lin105_15_5
[SAVELOGS] best cost saved to results/logs/lin105_15_5/objectives/lin105_15_5
[SAVELOGS] best solution saved to results/logs/lin105_15_5/solutions/lin105_15_5
