[ITER 1] New best cost=666624.38 (feasible=YES, time 0.0159162s)
[ITER 2] New best cost=663126.41 (feasible=YES, time 0.0260678s)
[ITER 10] bestGlobalCost=663126.41 (feasible=YES) bestThisIter=663126.41 feasibleAnts=10 noImprove=8 (elapsed 0.107273s)
[ITER 20] bestGlobalCost=663126.41 (feasible=YES) bestThisIter=663126.41 feasibleAnts=10 noImprove=18 (elapsed 1.12247s)
[ITER 30] bestGlobalCost=663126.41 (feasible=YES) bestThisIter=663126.41 feasibleAnts=10 noImprove=28 (elapsed 2.1027s)
[RESET] no improvement for30-> reset pheromones
[ITER 40] bestGlobalCost=663126.41 (feasible=YES) bestThisIter=663126.41 feasibleAnts=10 noImprove=8 (elapsed 2.20617s)
[ITER 50] bestGlobalCost=663126.41 (feasible=YES) bestThisIter=663126.41 feasibleAnts=11 noImprove=18 (elapsed 3.24149s)
[ITER 60] bestGlobalCost=663126.41 (feasible=YES) bestThisIter=663126.41 feasibleAnts=12 noImprove=28 (elapsed 4.36445s)
[RESET] no improvement for30-> reset pheromones
[ITER 70] bestGlobalCost=663126.41 (feasible=YES) bestThisIter=663126.41 feasibleAnts=10 noImprove=8 (elapsed 4.50239s)
[ITER 80] bestGlobalCost=663126.41 (feasible=YES) bestThisIter=663126.41 feasibleAnts=10 noImprove=18 (elapsed 5.70745s)
[ITER 90] bestGlobalCost=663126.41 (feasible=YES) bestThisIter=663126.41 feasibleAnts=10 noImprove=28 (elapsed 6.90842s)
[RESET] no improvement for30-> reset pheromones
[ITER 100] bestGlobalCost=663126.41 (feasible=YES) bestThisIter=663126.41 feasibleAnts=10 noImprove=8 (elapsed 7.03309s)
[ITER 110] bestGlobalCost=663126.41 (feasible=YES) bestThisIter=663126.41 feasibleAnts=10 noImprove=18 (elapsed 8.23527s)
[ITER 120] bestGlobalCost=663126.41 (feasible=YES) bestThisIter=663126.41 feasibleAnts=10 noImprove=28 (elapsed 9.21484s)
[RESET] no improvement for30-> reset pheromones
[ITER 130] bestGlobalCost=663126.41 (feasible=YES) bestThisIter=663126.41 feasibleAnts=10 noImprove=8 (elapsed 9.32328s)
[ITER 140] bestGlobalCost=663126.41 (feasible=YES) bestThisIter=663126.41 feasibleAnts=11 noImprove=18 (elapsed 10.3183s)
[ITER 150] bestGlobalCost=663126.41 (feasible=YES) bestThisIter=663126.41 feasibleAnts=10 noImprove=28 (elapsed 11.3353s)
[RESET] no improvement for30-> reset pheromones
[ITER 160] bestGlobalCost=663126.41 (feasible=YES) bestThisIter=663126.41 feasibleAnts=10 noImprove=8 (elapsed 11.4495s)
[ITER 170] bestGlobalCost=663126.41 (feasible=YES) bestThisIter=663126.41 feasibleAnts=11 noImprove=18 (elapsed 12.4981s)
[ITER 180] bestGlobalCost=663126.41 (feasible=YES) bestThisIter=663126.41 feasibleAnts=10 noImprove=28 (elapsed 13.6929s)
[RESET] no improvement for30-> reset pheromones
[ITER 190] bestGlobalCost=663126.41 (feasible=YES) bestThisIter=663126.41 feasibleAnts=10 noImprove=8 (elapsed 13.8217s)
[ITER 200] bestGlobalCost=663126.41 (feasible=YES) bestThisIter=663126.41 feasibleAnts=10 noImprove=18 (elapsed 15.023s)
[ITER 210] bestGlobalCost=663126.41 (feasible=YES) bestThisIter=663126.41 feasibleAnts=11 noImprove=28 (elapsed 16.2321s)
[RESET] no improvement for30-> reset pheromones
[ITER 220] bestGlobalCost=663126.41 (feasible=YES) bestThisIter=663126.41 feasibleAnts=10 noImprove=8 (elapsed 16.3399s)
[ITER 230] bestGlobalCost=663126.41 (feasible=YES) bestThisIter=663126.41 feasibleAnts=10 noImprove=18 (elapsed 17.3485s)
[ITER 240] bestGlobalCost=663126.41 (feasible=YES) bestThisIter=663126.41 feasibleAnts=12 noImprove=28 (elapsed 18.3528s)
[RESET] no improvement for30-> reset pheromones
[ITER 250] bestGlobalCost=663126.41 (feasible=YES) bestThisIter=663126.41 feasibleAnts=10 noImprove=8 (elapsed 18.457s)
[ITER 260] bestGlobalCost=663126.41 (feasible=YES) bestThisIter=663126.41 feasibleAnts=10 noImprove=18 (elapsed 19.4755s)
[ITER 270] bestGlobalCost=663126.41 (feasible=YES) bestThisIter=663126.41 feasibleAnts=10 noImprove=28 (elapsed 20.5507s)
[RESET] no improvement for30-> reset pheromones
[ITER 280] bestGlobalCost=663126.41 (feasible=YES) bestThisIter=663126.41 feasibleAnts=10 noImprove=8 (elapsed 20.692s)
[ITER 290] bestGlobalCost=663126.41 (feasible=YES) bestThisIter=663126.41 feasibleAnts=10 noImprove=18 (elapsed 21.8936s)
[ITER 300] bestGlobalCost=663126.41 (feasible=YES) bestThisIter=663126.41 feasibleAnts=10 noImprove=28 (elapsed 23.0788s)
[RESET] no improvement for30-> reset pheromones
[ITER 310] bestGlobalCost=663126.41 (feasible=YES) bestThisIter=663126.41 feasibleAnts=10 noImprove=8 (elapsed 23.198s)
[ITER 320] bestGlobalCost=663126.41 (feasible=YES) bestThisIter=663126.41 feasibleAnts=10 noImprove=18 (elapsed 24.381s)
[ITER 330] bestGlobalCost=663126.41 (feasible=YES) bestThisIter=663126.41 feasibleAnts=12 noImprove=28 (elapsed 25.3622s)
[RESET] no improvement for30-> reset pheromones
[ITER 340] bestGlobalCost=663126.41 (feasible=YES) bestThisIter=663126.41 feasibleAnts=10 noImprove=8 (elapsed 25.4789s)
[ITER 350] bestGlobalCost=663126.41 (feasible=YES) bestThisIter=663126.41 feasibleAnts=10 noImprove=18 (elapsed 26.4872s)
[ITER 360] bestGlobalCost=663126.41 (feasible=YES) bestThisIter=663126.41 feasibleAnts=10 noImprove=28 (elapsed 27.4911s)
[RESET] no improvement for30-> reset pheromones
[ITER 370] bestGlobalCost=663126.41 (feasible=YES) bestThisIter=663126.41 feasibleAnts=10 noImprove=8 (elapsed 27.5984s)
[ITER 380] bestGlobalCost=663126.41 (feasible=YES) bestThisIter=663126.41 feasibleAnts=12 noImprove=18 (elapsed 28.6683s)
[ITER 390] bestGlobalCost=663126.41 (feasible=YES) bestThisIter=663126.41 feasibleAnts=12 noImprove=28 (elapsed 29.8778s)
[RESET] no improvement for30-> reset pheromones
[ITER 400] bestGlobalCost=663126.41 (feasible=YES) bestThisIter=663126.41 feasibleAnts=10 noImprove=8 (elapsed 30.0168s)
[ITER 410] bestGlobalCost=663126.41 (feasible=YES) bestThisIter=663126.41 feasibleAnts=15 noImprove=18 (elapsed 31.2011s)
[ITER 420] bestGlobalCost=663126.41 (feasible=YES) bestThisIter=663126.41 feasibleAnts=10 noImprove=28 (elapsed 32.3473s)
[RESET] no improvement for30-> reset pheromones
[ITER 430] bestGlobalCost=663126.41 (feasible=YES) bestThisIter=663126.41 feasibleAnts=10 noImprove=8 (elapsed 32.4497s)
[ITER 440] bestGlobalCost=663126.41 (feasible=YES) bestThisIter=663126.41 feasibleAnts=10 noImprove=18 (elapsed 33.4439s)
[ITER 450] bestGlobalCost=663126.41 (feasible=YES) bestThisIter=663126.41 feasibleAnts=10 noImprove=28 (elapsed 34.4681s)
[RESET] no improvement for30-> reset pheromones
[ITER 460] bestGlobalCost=663126.41 (feasible=YES) bestThisIter=663126.41 feasibleAnts=10 noImprove=8 (elapsed 34.5749s)
[ITER 470] bestGlobalCost=663126.41 (feasible=YES) bestThisIter=663126.41 feasibleAnts=10 noImprove=18 (elapsed 35.5935s)
[ITER 480] bestGlobalCost=663126.41 (feasible=YES) bestThisIter=663126.41 feasibleAnts=10 noImprove=28 (elapsed 36.6412s)
[RESET] no improvement for30-> reset pheromones
[ITER 490] bestGlobalCost=663126.41 (feasible=YES) bestThisIter=663126.41 feasibleAnts=10 noImprove=8 (elapsed 36.7769s)
[ITER 500] bestGlobalCost=663126.41 (feasible=YES) bestThisIter=663126.41 feasibleAnts=10 noImprove=18 (elapsed 37.9681s)
[ITER 510] bestGlobalCost=663126.41 (feasible=YES) bestThisIter=663126.41 feasibleAnts=10 noImprove=28 (elapsed 39.1676s)
[RESET] no improvement for30-> reset pheromones
[ITER 520] bestGlobalCost=663126.41 (feasible=YES) bestThisIter=663126.41 feasibleAnts=10 noImprove=8 (elapsed 39.2964s)
[ITER 530] bestGlobalCost=663126.41 (feasible=YES) bestThisIter=663126.41 feasibleAnts=11 noImprove=18 (elapsed 40.4406s)
[ITER 540] bestGlobalCost=663126.41 (feasible=YES) bestThisIter=663126.41 feasibleAnts=10 noImprove=28 (elapsed 41.4543s)
[RESET] no improvement for30-> reset pheromones
[ITER 550] bestGlobalCost=663126.41 (feasible=YES) bestThisIter=663126.41 feasibleAnts=10 noImprove=8 (elapsed 41.5734s)
[ITER 560] bestGlobalCost=663126.41 (feasible=YES) bestThisIter=663126.41 feasibleAnts=10 noImprove=18 (elapsed 42.5963s)
[ITER 570] bestGlobalCost=663126.41 (feasible=YES) bestThisIter=663126.41 feasibleAnts=11 noImprove=28 (elapsed 43.61s)
[RESET] no improvement for30-> reset pheromones
[ITER 580] bestGlobalCost=663126.41 (feasible=YES) bestThisIter=663126.41 feasibleAnts=10 noImprove=8 (elapsed 43.7191s)
[ITER 590] bestGlobalCost=663126.41 (feasible=YES) bestThisIter=663126.41 feasibleAnts=12 noImprove=18 (elapsed 44.8484s)
[ITER 600] bestGlobalCost=663126.41 (feasible=YES) bestThisIter=663126.41 feasibleAnts=10 noImprove=28 (elapsed 46.0633s)
[RESET] no improvement for30-> reset pheromones
[ITER 610] bestGlobalCost=663126.41 (feasible=YES) bestThisIter=663126.41 feasibleAnts=10 noImprove=8 (elapsed 46.187s)
[ITER 620] bestGlobalCost=663126.41 (feasible=YES) bestThisIter=663126.41 feasibleAnts=12 noImprove=18 (elapsed 47.4147s)
[ITER 630] bestGlobalCost=663126.41 (feasible=YES) bestThisIter=663126.41 feasibleAnts=11 noImprove=28 (elapsed 48.5754s)
[RESET] no improvement for30-> reset pheromones
[ITER 640] bestGlobalCost=663126.41 (feasible=YES) bestThisIter=663126.41 feasibleAnts=10 noImprove=8 (elapsed 48.6862s)
[ITER 650] bestGlobalCost=663126.41 (feasible=YES) bestThisIter=663126.41 feasibleAnts=10 noImprove=18 (elapsed 49.7058s)
[ITER 660] bestGlobalCost=663126.41 (feasible=YES) bestThisIter=663126.41 feasibleAnts=10 noImprove=28 (elapsed 50.7143s)
[RESET] no improvement for30-> reset pheromones
[ITER 670] bestGlobalCost=663126.41 (feasible=YES) bestThisIter=663126.41 feasibleAnts=10 noImprove=8 (elapsed 50.8143s)
[ITER 680] bestGlobalCost=663126.41 (feasible=YES) bestThisIter=663126.41 feasibleAnts=11 noImprove=18 (elapsed 51.8331s)
[ITER 690] bestGlobalCost=663126.41 (feasible=YES) bestThisIter=663126.41 feasibleAnts=13 noImprove=28 (elapsed 52.985s)
[RESET] no improvement for30-> reset pheromones
[ITER 700] bestGlobalCost=663126.41 (feasible=YES) bestThisIter=663126.41 feasibleAnts=10 noImprove=8 (elapsed 53.1176s)
[ITER 710] bestGlobalCost=663126.41 (feasible=YES) bestThisIter=663126.41 feasibleAnts=10 noImprove=18 (elapsed 54.3292s)
[ITER 720] bestGlobalCost=663126.41 (feasible=YES) bestThisIter=663126.41 feasibleAnts=11 noImprove=28 (elapsed 55.5265s)
[RESET] no improvement for30-> reset pheromones
[ITER 730] bestGlobalCost=663126.41 (feasible=YES) bestThisIter=663126.41 feasibleAnts=10 noImprove=8 (elapsed 55.6651s)
[ITER 740] bestGlobalCost=663126.41 (feasible=YES) bestThisIter=663126.41 feasibleAnts=10 noImprove=18 (elapsed 56.7606s)
[ITER 750] bestGlobalCost=663126.41 (feasible=YES) bestThisIter=663126.41 feasibleAnts=10 noImprove=28 (elapsed 57.7748s)
[RESET] no improvement for30-> reset pheromones
[ITER 760] bestGlobalCost=663126.41 (feasible=YES) bestThisIter=663126.41 feasibleAnts=10 noImprove=8 (elapsed 57.8756s)
[ITER 770] bestGlobalCost=663126.41 (feasible=YES) bestThisIter=663126.41 feasibleAnts=10 noImprove=18 (elapsed 58.8817s)
[ITER 780] bestGlobalCost=663126.41 (feasible=YES) bestThisIter=663126.41 feasibleAnts=10 noImprove=28 (elapsed 59.8926s)
[RESET] no improvement for30-> reset pheromones
[ITER 790] bestGlobalCost=663126.41 (feasible=YES) bestThisIter=663126.41 feasibleAnts=10 noImprove=8 (elapsed 59.996s)
6 9 10 12 18 20 21 25 26 28 47 55 56 59 82 85 87 95 
2 3 4 5 19 30 35 37 40 44 48 51 53 60 62 64 83 92 93 100 
8 11 17 22 23 29 32 34 38 42 49 50 52 58 66 70 81 89 90 94 97 98 
1 13 15 16 24 27 39 41 43 54 63 69 71 73 77 79 84 88 91 96 
7 14 31 33 36 45 46 57 61 65 67 68 72 74 75 76 78 80 86 99 
[SAVELOGS] evolution saved to results/logs/kroD100_05_2/evolution/kroD100_05_2
[SAVELOGS] best cost saved to results/logs/kroD100_05_2/objectives/kroD100_05_2
[SAVELOGS] best solution saved to results/logs/kroD100_05_2/solutions/kroD100_05_2
