[ITER 1] New best cost=825815.14 (feasible=YES, time 0.247773s)
[ITER 2] New best cost=789684.32 (feasible=YES, time 0.404326s)
[ITER 3] New best cost=784823.57 (feasible=YES, time 0.514259s)
[ITER 4] New best cost=775837.57 (feasible=YES, time 0.602386s)
[ITER 10] bestGlobalCost=775837.57 (feasible=YES) bestThisIter=825461.98 feasibleAnts=10 noImprove=6 (elapsed 1.58539s)
[ITER 12] New best cost=774467.53 (feasible=YES, time 1.84385s)
[ITER 14] New best cost=770783.07 (feasible=YES, time 2.00108s)
[ITER 15] New best cost=765238.58 (feasible=YES, time 3.92306s)
[ITER 15] New best cost=764966.71 (feasible=YES, time 4.92693s)
[ITER 15] New best cost=764028.98 (feasible=YES, time 7.36208s)
[ITER 20] New best cost=762922.62 (feasible=YES, time 7.78979s)
[ITER 20] bestGlobalCost=762922.62 (feasible=YES) bestThisIter=762922.62 feasibleAnts=10 noImprove=0 (elapsed 7.79726s)
[ITER 22] New best cost=761891.34 (feasible=YES, time 7.96976s)
[ITER 30] New best cost=761498.04 (feasible=YES, time 11.5128s)
[ITER 30] New best cost=759728.45 (feasible=YES, time 12.3324s)
[ITER 30] bestGlobalCost=759728.45 (feasible=YES) bestThisIter=761891.34 feasibleAnts=10 noImprove=0 (elapsed 14.047s)
[ITER 38] New best cost=759681.40 (feasible=YES, time 14.949s)
[ITER 40] bestGlobalCost=759681.40 (feasible=YES) bestThisIter=759728.45 feasibleAnts=17 noImprove=2 (elapsed 15.1782s)
[ITER 50] bestGlobalCost=759681.40 (feasible=YES) bestThisIter=801427.80 feasibleAnts=10 noImprove=12 (elapsed 21.5901s)
[ITER 60] New best cost=758831.40 (feasible=YES, time 26.694s)
[ITER 60] bestGlobalCost=758831.40 (feasible=YES) bestThisIter=797271.04 feasibleAnts=10 noImprove=0 (elapsed 27.5458s)
[ITER 65] New best cost=758784.36 (feasible=YES, time 28.0861s)
[ITER 70] bestGlobalCost=758784.36 (feasible=YES) bestThisIter=758784.36 feasibleAnts=10 noImprove=5 (elapsed 28.6813s)
[ITER 80] bestGlobalCost=758784.36 (feasible=YES) bestThisIter=791135.96 feasibleAnts=10 noImprove=15 (elapsed 35.2961s)
[ITER 90] bestGlobalCost=758784.36 (feasible=YES) bestThisIter=786634.41 feasibleAnts=10 noImprove=25 (elapsed 41.8731s)
[RESET] no improvement for30-> reset pheromones
[ITER 100] bestGlobalCost=758784.36 (feasible=YES) bestThisIter=804820.43 feasibleAnts=10 noImprove=5 (elapsed 43.3808s)
[ITER 110] bestGlobalCost=758784.36 (feasible=YES) bestThisIter=791354.68 feasibleAnts=10 noImprove=15 (elapsed 49.6558s)
[ITER 120] New best cost=753921.65 (feasible=YES, time 54.0313s)
[ITER 120] bestGlobalCost=753921.65 (feasible=YES) bestThisIter=796963.08 feasibleAnts=10 noImprove=0 (elapsed 56.126s)
[ITER 130] bestGlobalCost=753921.65 (feasible=YES) bestThisIter=762910.74 feasibleAnts=10 noImprove=10 (elapsed 57.22s)
32 41 42 49 50 54 61 66 
3 9 10 11 14 15 21 23 25 26 
36 43 44 48 55 57 58 59 60 67 
2 8 16 20 27 28 31 37 
4 12 13 22 24 33 34 45 46 
71 75 76 83 87 96 99 109 
107 108 118 119 120 130 131 132 136 
35 47 56 68 69 80 81 90 
38 39 40 51 53 62 63 64 65 
111 112 116 122 123 126 127 128 134 
1 5 6 7 17 18 19 29 30 
70 77 78 79 82 88 89 92 93 94 101 
91 102 103 104 113 114 115 124 125 133 
95 100 105 106 110 117 121 129 135 
52 72 73 74 84 85 86 97 98 
[SAVELOGS] evolution saved to results/logs/pr136_15_3/evolution/pr136_15_3
[SAVELOGS] best cost saved to results/logs/pr136_15_3/objectives/pr136_15_3
[SAVELOGS] best solution saved to results/logs/pr136_15_3/solutions/pr136_15_3
