[ITER 1] New best cost=806765.78 (feasible=YES, time 0.253926s)
[ITER 2] New best cost=798060.55 (feasible=YES, time 0.390715s)
[ITER 3] New best cost=789198.55 (feasible=YES, time 0.570673s)
[ITER 4] New best cost=781926.21 (feasible=YES, time 0.7706s)
[ITER 10] bestGlobalCost=781926.21 (feasible=YES) bestThisIter=785590.49 feasibleAnts=10 noImprove=6 (elapsed 1.72544s)
[ITER 15] New best cost=774288.82 (feasible=YES, time 3.79604s)
[ITER 15] New best cost=770979.24 (feasible=YES, time 5.69284s)
[ITER 19] New best cost=762275.59 (feasible=YES, time 8.42748s)
[ITER 20] bestGlobalCost=762275.59 (feasible=YES) bestThisIter=765776.55 feasibleAnts=10 noImprove=1 (elapsed 8.6085s)
[ITER 21] New best cost=761670.31 (feasible=YES, time 8.8263s)
[ITER 22] New best cost=759221.62 (feasible=YES, time 8.95383s)
[ITER 23] New best cost=757802.98 (feasible=YES, time 9.07395s)
[ITER 30] New best cost=753921.65 (feasible=YES, time 10.6918s)
[ITER 30] bestGlobalCost=753921.65 (feasible=YES) bestThisIter=757802.98 feasibleAnts=10 noImprove=0 (elapsed 14.398s)
[ITER 40] bestGlobalCost=753921.65 (feasible=YES) bestThisIter=753921.65 feasibleAnts=10 noImprove=10 (elapsed 15.7546s)
[ITER 50] bestGlobalCost=753921.65 (feasible=YES) bestThisIter=794449.94 feasibleAnts=10 noImprove=20 (elapsed 22.6063s)
[ITER 60] New best cost=752488.62 (feasible=YES, time 28.6144s)
[ITER 60] bestGlobalCost=752488.62 (feasible=YES) bestThisIter=796428.36 feasibleAnts=10 noImprove=0 (elapsed 29.5032s)
[ITER 70] bestGlobalCost=752488.62 (feasible=YES) bestThisIter=752488.62 feasibleAnts=10 noImprove=10 (elapsed 30.8868s)
[ITER 80] bestGlobalCost=752488.62 (feasible=YES) bestThisIter=773806.32 feasibleAnts=10 noImprove=20 (elapsed 37.6577s)
[ITER 90] bestGlobalCost=752488.62 (feasible=YES) bestThisIter=792885.94 feasibleAnts=10 noImprove=30 (elapsed 44.4324s)
[RESET] no improvement for30-> reset pheromones
[ITER 100] bestGlobalCost=752488.62 (feasible=YES) bestThisIter=811003.50 feasibleAnts=10 noImprove=10 (elapsed 46.8146s)
[ITER 110] bestGlobalCost=752488.62 (feasible=YES) bestThisIter=782622.47 feasibleAnts=10 noImprove=20 (elapsed 53.5404s)
[ITER 120] bestGlobalCost=752488.62 (feasible=YES) bestThisIter=794215.55 feasibleAnts=10 noImprove=30 (elapsed 60.1287s)
[RESET] no improvement for30-> reset pheromones
104 111 112 116 123 126 127 128 134 
39 40 51 52 53 63 64 65 73 
35 47 56 68 69 80 81 90 
91 102 103 113 114 115 124 125 133 
4 12 13 22 24 33 34 45 46 
95 105 106 109 110 117 121 122 129 135 
107 108 118 119 120 130 131 132 136 
3 9 10 11 14 15 21 23 25 26 
72 74 84 85 86 97 98 99 
49 71 75 76 83 87 96 100 
36 43 44 48 55 57 58 59 60 67 
37 41 42 50 54 61 62 66 
1 5 17 18 19 29 30 31 38 
70 77 78 79 82 88 89 92 93 94 101 
2 6 7 8 16 20 27 28 32 
[SAVELOGS] evolution saved to results/logs/pr136_15_3/evolution/pr136_15_3
[SAVELOGS] best cost saved to results/logs/pr136_15_3/objectives/pr136_15_3
[SAVELOGS] best solution saved to results/logs/pr136_15_3/solutions/pr136_15_3
