[ITER 1] New best cost=1732971.29 (feasible=YES, time 0.211814s)
[ITER 2] New best cost=1681800.79 (feasible=YES, time 0.371634s)
[ITER 5] New best cost=1667078.39 (feasible=YES, time 0.841224s)
[ITER 6] New best cost=1663706.73 (feasible=YES, time 0.967379s)
[ITER 7] New best cost=1643643.17 (feasible=YES, time 1.12066s)
[ITER 10] bestGlobalCost=1643643.17 (feasible=YES) bestThisIter=1643643.17 feasibleAnts=10 noImprove=3 (elapsed 1.61877s)
[ITER 20] bestGlobalCost=1643643.17 (feasible=YES) bestThisIter=1667322.93 feasibleAnts=10 noImprove=13 (elapsed 8.72136s)
[ITER 30] New best cost=1632383.01 (feasible=YES, time 14.1412s)
[ITER 30] bestGlobalCost=1632383.01 (feasible=YES) bestThisIter=1677441.98 feasibleAnts=10 noImprove=0 (elapsed 16.2041s)
[ITER 34] New best cost=1632240.41 (feasible=YES, time 16.6529s)
[ITER 35] New best cost=1627151.36 (feasible=YES, time 16.7679s)
[ITER 40] bestGlobalCost=1627151.36 (feasible=YES) bestThisIter=1627151.36 feasibleAnts=11 noImprove=5 (elapsed 17.1737s)
[ITER 50] bestGlobalCost=1627151.36 (feasible=YES) bestThisIter=1675761.84 feasibleAnts=10 noImprove=15 (elapsed 24.2037s)
[ITER 60] bestGlobalCost=1627151.36 (feasible=YES) bestThisIter=1651286.00 feasibleAnts=10 noImprove=25 (elapsed 32.2135s)
[RESET] no improvement for30-> reset pheromones
[ITER 70] bestGlobalCost=1627151.36 (feasible=YES) bestThisIter=1717938.61 feasibleAnts=10 noImprove=5 (elapsed 34.2879s)
[ITER 80] bestGlobalCost=1627151.36 (feasible=YES) bestThisIter=1691886.55 feasibleAnts=10 noImprove=15 (elapsed 41.8927s)
[ITER 90] bestGlobalCost=1627151.36 (feasible=YES) bestThisIter=1698315.40 feasibleAnts=10 noImprove=25 (elapsed 49.1169s)
[RESET] no improvement for30-> reset pheromones
[ITER 100] bestGlobalCost=1627151.36 (feasible=YES) bestThisIter=1728314.41 feasibleAnts=10 noImprove=5 (elapsed 51.1558s)
[ITER 110] bestGlobalCost=1627151.36 (feasible=YES) bestThisIter=1683871.55 feasibleAnts=10 noImprove=15 (elapsed 58.6518s)
4 8 17 18 19 20 21 22 23 67 72 73 79 
1 6 7 9 10 11 15 24 105 106 108 114 120 
59 61 65 71 89 91 92 99 104 113 125 
68 69 70 74 75 85 86 87 88 96 109 110 119 
3 13 50 52 58 60 62 64 66 90 100 115 116 
2 12 14 16 34 35 36 37 38 40 41 43 51 
46 48 93 95 98 103 107 111 112 123 127 
63 76 77 78 80 81 82 83 84 101 102 117 126 
25 26 27 28 29 30 31 32 33 39 42 97 122 
5 44 45 47 49 53 54 55 56 57 94 118 121 124 
[SAVELOGS] evolution saved to results/logs/bier127_10_5/evolution/bier127_10_5
[SAVELOGS] best cost saved to results/logs/bier127_10_5/objectives/bier127_10_5
[SAVELOGS] best solution saved to results/logs/bier127_10_5/solutions/bier127_10_5
