[ITER 1] New best cost=739996.10 (feasible=YES, time 0.0614221s)
[ITER 2] New best cost=736612.94 (feasible=YES, time 0.102133s)
[ITER 3] New best cost=731750.09 (feasible=YES, time 0.150633s)
[ITER 4] New best cost=725202.79 (feasible=YES, time 0.196007s)
[ITER 10] bestGlobalCost=725202.79 (feasible=YES) bestThisIter=725202.79 feasibleAnts=10 noImprove=6 (elapsed 0.484137s)
[ITER 15] New best cost=724275.96 (feasible=YES, time 1.48081s)
[ITER 15] New best cost=721062.54 (feasible=YES, time 2.15636s)
[ITER 20] bestGlobalCost=721062.54 (feasible=YES) bestThisIter=721062.54 feasibleAnts=10 noImprove=5 (elapsed 2.61597s)
[ITER 22] New best cost=716343.97 (feasible=YES, time 2.68075s)
[ITER 24] New best cost=713025.86 (feasible=YES, time 2.71162s)
[ITER 30] bestGlobalCost=713025.86 (feasible=YES) bestThisIter=713025.86 feasibleAnts=26 noImprove=6 (elapsed 4.56332s)
[ITER 40] bestGlobalCost=713025.86 (feasible=YES) bestThisIter=713025.86 feasibleAnts=10 noImprove=16 (elapsed 4.85947s)
[ITER 50] bestGlobalCost=713025.86 (feasible=YES) bestThisIter=713025.86 feasibleAnts=10 noImprove=26 (elapsed 7.22221s)
[RESET] no improvement for30-> reset pheromones
[ITER 60] bestGlobalCost=713025.86 (feasible=YES) bestThisIter=723451.40 feasibleAnts=10 noImprove=6 (elapsed 9.65929s)
[ITER 70] bestGlobalCost=713025.86 (feasible=YES) bestThisIter=718453.14 feasibleAnts=10 noImprove=16 (elapsed 9.94029s)
[ITER 80] bestGlobalCost=713025.86 (feasible=YES) bestThisIter=715205.19 feasibleAnts=9 noImprove=26 (elapsed 11.9247s)
[RESET] no improvement for30-> reset pheromones
[ITER 90] bestGlobalCost=713025.86 (feasible=YES) bestThisIter=717863.48 feasibleAnts=10 noImprove=6 (elapsed 14.2182s)
[ITER 100] bestGlobalCost=713025.86 (feasible=YES) bestThisIter=713025.86 feasibleAnts=11 noImprove=16 (elapsed 14.5995s)
[ITER 110] bestGlobalCost=713025.86 (feasible=YES) bestThisIter=713025.86 feasibleAnts=10 noImprove=26 (elapsed 17.0364s)
[RESET] no improvement for30-> reset pheromones
[ITER 120] bestGlobalCost=713025.86 (feasible=YES) bestThisIter=727726.92 feasibleAnts=10 noImprove=6 (elapsed 19.1079s)
[ITER 130] bestGlobalCost=713025.86 (feasible=YES) bestThisIter=713025.86 feasibleAnts=11 noImprove=16 (elapsed 19.3854s)
[ITER 140] bestGlobalCost=713025.86 (feasible=YES) bestThisIter=713025.86 feasibleAnts=10 noImprove=26 (elapsed 21.4049s)
[RESET] no improvement for30-> reset pheromones
[ITER 150] bestGlobalCost=713025.86 (feasible=YES) bestThisIter=725731.95 feasibleAnts=10 noImprove=6 (elapsed 23.477s)
[ITER 160] bestGlobalCost=713025.86 (feasible=YES) bestThisIter=713025.86 feasibleAnts=9 noImprove=16 (elapsed 23.8099s)
[ITER 170] bestGlobalCost=713025.86 (feasible=YES) bestThisIter=713025.86 feasibleAnts=9 noImprove=26 (elapsed 25.897s)
[RESET] no improvement for30-> reset pheromones
[ITER 180] bestGlobalCost=713025.86 (feasible=YES) bestThisIter=721098.12 feasibleAnts=10 noImprove=6 (elapsed 28.4494s)
[ITER 190] bestGlobalCost=713025.86 (feasible=YES) bestThisIter=713025.86 feasibleAnts=11 noImprove=16 (elapsed 28.8876s)
[ITER 200] bestGlobalCost=713025.86 (feasible=YES) bestThisIter=713025.86 feasibleAnts=10 noImprove=26 (elapsed 30.9456s)
[RESET] no improvement for30-> reset pheromones
[ITER 210] bestGlobalCost=713025.86 (feasible=YES) bestThisIter=718640.46 feasibleAnts=10 noImprove=6 (elapsed 33.0223s)
[ITER 220] bestGlobalCost=713025.86 (feasible=YES) bestThisIter=713025.86 feasibleAnts=10 noImprove=16 (elapsed 33.3559s)
[ITER 230] bestGlobalCost=713025.86 (feasible=YES) bestThisIter=713025.86 feasibleAnts=11 noImprove=26 (elapsed 35.8056s)
[RESET] no improvement for30-> reset pheromones
[ITER 240] bestGlobalCost=713025.86 (feasible=YES) bestThisIter=723085.16 feasibleAnts=10 noImprove=6 (elapsed 38.1315s)
[ITER 250] bestGlobalCost=713025.86 (feasible=YES) bestThisIter=718453.14 feasibleAnts=10 noImprove=16 (elapsed 38.4409s)
[ITER 260] bestGlobalCost=713025.86 (feasible=YES) bestThisIter=713025.86 feasibleAnts=10 noImprove=26 (elapsed 40.4414s)
[RESET] no improvement for30-> reset pheromones
[ITER 270] bestGlobalCost=713025.86 (feasible=YES) bestThisIter=725510.62 feasibleAnts=10 noImprove=6 (elapsed 42.7755s)
[ITER 280] bestGlobalCost=713025.86 (feasible=YES) bestThisIter=713025.86 feasibleAnts=9 noImprove=16 (elapsed 43.1862s)
[ITER 290] bestGlobalCost=713025.86 (feasible=YES) bestThisIter=713025.86 feasibleAnts=10 noImprove=26 (elapsed 45.5465s)
[RESET] no improvement for30-> reset pheromones
[ITER 300] bestGlobalCost=713025.86 (feasible=YES) bestThisIter=723446.92 feasibleAnts=10 noImprove=6 (elapsed 47.6361s)
[ITER 310] bestGlobalCost=713025.86 (feasible=YES) bestThisIter=713025.86 feasibleAnts=10 noImprove=16 (elapsed 47.9339s)
[ITER 320] bestGlobalCost=713025.86 (feasible=YES) bestThisIter=713025.86 feasibleAnts=10 noImprove=26 (elapsed 50.0268s)
[RESET] no improvement for30-> reset pheromones
[ITER 330] bestGlobalCost=713025.86 (feasible=YES) bestThisIter=725302.65 feasibleAnts=10 noImprove=6 (elapsed 52.5928s)
[ITER 340] bestGlobalCost=713025.86 (feasible=YES) bestThisIter=713025.86 feasibleAnts=12 noImprove=16 (elapsed 53.0074s)
[ITER 350] bestGlobalCost=713025.86 (feasible=YES) bestThisIter=713025.86 feasibleAnts=10 noImprove=26 (elapsed 55.0878s)
[RESET] no improvement for30-> reset pheromones
[ITER 360] bestGlobalCost=713025.86 (feasible=YES) bestThisIter=723523.49 feasibleAnts=10 noImprove=6 (elapsed 57.2307s)
[ITER 370] bestGlobalCost=713025.86 (feasible=YES) bestThisIter=713025.86 feasibleAnts=9 noImprove=16 (elapsed 57.5966s)
7 14 31 33 45 46 57 61 65 67 68 72 74 75 76 78 80 82 96 99 
2 4 5 19 26 30 35 37 43 44 48 51 53 55 60 62 71 83 87 92 100 
13 15 24 27 34 38 39 41 52 54 63 69 73 77 79 81 84 88 91 93 
1 8 11 17 22 23 29 32 36 42 49 50 58 66 70 89 90 94 97 98 
3 6 9 10 12 16 18 20 21 25 28 40 47 56 59 64 85 86 95 
[SAVELOGS] evolution saved to results/logs/kroD100_05_4/evolution/kroD100_05_4
[SAVELOGS] best cost saved to results/logs/kroD100_05_4/objectives/kroD100_05_4
[SAVELOGS] best solution saved to results/logs/kroD100_05_4/solutions/kroD100_05_4
