[ITER 1] New best cost=733767.57 (feasible=YES, time 0.0432569s)
[ITER 2] New best cost=722427.61 (feasible=YES, time 0.0833522s)
[ITER 3] New best cost=719941.31 (feasible=YES, time 0.125985s)
[ITER 10] bestGlobalCost=719941.31 (feasible=YES) bestThisIter=719941.31 feasibleAnts=10 noImprove=7 (elapsed 0.416828s)
[ITER 12] New best cost=718453.14 (feasible=YES, time 0.489797s)
[ITER 15] New best cost=715205.19 (feasible=YES, time 1.86141s)
[ITER 20] bestGlobalCost=715205.19 (feasible=YES) bestThisIter=715205.19 feasibleAnts=17 noImprove=5 (elapsed 2.87358s)
[ITER 30] New best cost=713025.86 (feasible=YES, time 4.9803s)
[ITER 30] bestGlobalCost=713025.86 (feasible=YES) bestThisIter=715205.19 feasibleAnts=11 noImprove=0 (elapsed 4.98409s)
[ITER 40] bestGlobalCost=713025.86 (feasible=YES) bestThisIter=713025.86 feasibleAnts=13 noImprove=10 (elapsed 5.24445s)
[ITER 50] bestGlobalCost=713025.86 (feasible=YES) bestThisIter=713025.86 feasibleAnts=10 noImprove=20 (elapsed 7.22642s)
[ITER 60] bestGlobalCost=713025.86 (feasible=YES) bestThisIter=721433.14 feasibleAnts=10 noImprove=30 (elapsed 9.55617s)
[RESET] no improvement for30-> reset pheromones
[ITER 70] bestGlobalCost=713025.86 (feasible=YES) bestThisIter=718803.39 feasibleAnts=10 noImprove=10 (elapsed 10.0094s)
[ITER 80] bestGlobalCost=713025.86 (feasible=YES) bestThisIter=713025.86 feasibleAnts=10 noImprove=20 (elapsed 12.2826s)
[ITER 90] bestGlobalCost=713025.86 (feasible=YES) bestThisIter=713025.86 feasibleAnts=12 noImprove=30 (elapsed 14.295s)
[RESET] no improvement for30-> reset pheromones
[ITER 100] bestGlobalCost=713025.86 (feasible=YES) bestThisIter=719715.59 feasibleAnts=10 noImprove=10 (elapsed 14.6939s)
[ITER 110] bestGlobalCost=713025.86 (feasible=YES) bestThisIter=713025.86 feasibleAnts=10 noImprove=20 (elapsed 16.9112s)
[ITER 120] bestGlobalCost=713025.86 (feasible=YES) bestThisIter=713025.86 feasibleAnts=10 noImprove=30 (elapsed 19.3447s)
[RESET] no improvement for30-> reset pheromones
[ITER 130] bestGlobalCost=713025.86 (feasible=YES) bestThisIter=721062.54 feasibleAnts=10 noImprove=10 (elapsed 19.7898s)
[ITER 140] bestGlobalCost=713025.86 (feasible=YES) bestThisIter=713025.86 feasibleAnts=10 noImprove=20 (elapsed 21.7625s)
[ITER 150] bestGlobalCost=713025.86 (feasible=YES) bestThisIter=720996.05 feasibleAnts=10 noImprove=30 (elapsed 23.8547s)
[RESET] no improvement for30-> reset pheromones
[ITER 160] bestGlobalCost=713025.86 (feasible=YES) bestThisIter=722665.32 feasibleAnts=10 noImprove=10 (elapsed 24.3224s)
[ITER 170] bestGlobalCost=713025.86 (feasible=YES) bestThisIter=713025.86 feasibleAnts=10 noImprove=20 (elapsed 26.7443s)
[ITER 180] bestGlobalCost=713025.86 (feasible=YES) bestThisIter=713025.86 feasibleAnts=10 noImprove=30 (elapsed 28.944s)
[RESET] no improvement for30-> reset pheromones
[ITER 190] bestGlobalCost=713025.86 (feasible=YES) bestThisIter=718803.39 feasibleAnts=10 noImprove=10 (elapsed 29.3501s)
[ITER 200] bestGlobalCost=713025.86 (feasible=YES) bestThisIter=713025.86 feasibleAnts=10 noImprove=20 (elapsed 31.4419s)
[ITER 210] bestGlobalCost=713025.86 (feasible=YES) bestThisIter=713025.86 feasibleAnts=11 noImprove=30 (elapsed 33.8229s)
[RESET] no improvement for30-> reset pheromones
[ITER 220] bestGlobalCost=713025.86 (feasible=YES) bestThisIter=713025.86 feasibleAnts=10 noImprove=10 (elapsed 34.2575s)
[ITER 230] bestGlobalCost=713025.86 (feasible=YES) bestThisIter=713025.86 feasibleAnts=11 noImprove=20 (elapsed 36.5451s)
[ITER 240] bestGlobalCost=713025.86 (feasible=YES) bestThisIter=718453.14 feasibleAnts=10 noImprove=30 (elapsed 38.5516s)
[RESET] no improvement for30-> reset pheromones
[ITER 250] bestGlobalCost=713025.86 (feasible=YES) bestThisIter=723328.66 feasibleAnts=10 noImprove=10 (elapsed 38.9805s)
[ITER 260] bestGlobalCost=713025.86 (feasible=YES) bestThisIter=713025.86 feasibleAnts=10 noImprove=20 (elapsed 41.2073s)
[ITER 270] bestGlobalCost=713025.86 (feasible=YES) bestThisIter=713025.86 feasibleAnts=10 noImprove=30 (elapsed 43.6093s)
[RESET] no improvement for30-> reset pheromones
[ITER 280] bestGlobalCost=713025.86 (feasible=YES) bestThisIter=713025.86 feasibleAnts=10 noImprove=10 (elapsed 44.0281s)
[ITER 290] bestGlobalCost=713025.86 (feasible=YES) bestThisIter=713025.86 feasibleAnts=10 noImprove=20 (elapsed 46.0437s)
[ITER 300] bestGlobalCost=713025.86 (feasible=YES) bestThisIter=713025.86 feasibleAnts=10 noImprove=30 (elapsed 48.1024s)
[RESET] no improvement for30-> reset pheromones
[ITER 310] bestGlobalCost=713025.86 (feasible=YES) bestThisIter=713025.86 feasibleAnts=10 noImprove=10 (elapsed 48.6297s)
[ITER 320] bestGlobalCost=713025.86 (feasible=YES) bestThisIter=713025.86 feasibleAnts=10 noImprove=20 (elapsed 51.0194s)
[ITER 330] bestGlobalCost=713025.86 (feasible=YES) bestThisIter=713025.86 feasibleAnts=10 noImprove=30 (elapsed 53.1749s)
[RESET] no improvement for30-> reset pheromones
[ITER 340] bestGlobalCost=713025.86 (feasible=YES) bestThisIter=718803.39 feasibleAnts=10 noImprove=10 (elapsed 53.5322s)
[ITER 350] bestGlobalCost=713025.86 (feasible=YES) bestThisIter=713025.86 feasibleAnts=10 noImprove=20 (elapsed 55.6052s)
[ITER 360] bestGlobalCost=713025.86 (feasible=YES) bestThisIter=713025.86 feasibleAnts=11 noImprove=30 (elapsed 57.9367s)
[RESET] no improvement for30-> reset pheromones
[ITER 370] bestGlobalCost=713025.86 (feasible=YES) bestThisIter=715205.19 feasibleAnts=10 noImprove=10 (elapsed 58.3458s)
13 15 24 27 34 38 39 41 52 54 63 69 73 77 79 81 84 88 91 93 
7 14 31 33 45 46 57 61 65 67 68 72 74 75 76 78 80 82 96 99 
3 6 9 10 12 16 18 20 21 25 28 40 47 56 59 64 85 86 95 
2 4 5 19 26 30 35 37 43 44 48 51 53 55 60 62 71 83 87 92 100 
1 8 11 17 22 23 29 32 36 42 49 50 58 66 70 89 90 94 97 98 
[SAVELOGS] evolution saved to results/logs/kroD100_05_4/evolution/kroD100_05_4
[SAVELOGS] best cost saved to results/logs/kroD100_05_4/objectives/kroD100_05_4
[SAVELOGS] best solution saved to results/logs/kroD100_05_4/solutions/kroD100_05_4
