[ITER 1] New best cost=243473.25 (feasible=YES, time 0.0537614s)
[ITER 2] New best cost=239243.61 (feasible=YES, time 0.104635s)
[ITER 3] New best cost=234991.85 (feasible=YES, time 0.170144s)
[ITER 4] New best cost=233661.21 (feasible=YES, time 0.227408s)
[ITER 10] bestGlobalCost=233661.21 (feasible=YES) bestThisIter=237065.15 feasibleAnts=10 noImprove=6 (elapsed 0.506877s)
[ITER 12] New best cost=233482.06 (feasible=YES, time 0.608952s)
[ITER 13] New best cost=233385.32 (feasible=YES, time 0.6426s)
[ITER 15] New best cost=233264.23 (feasible=YES, time 1.03674s)
[ITER 15] New best cost=232249.29 (feasible=YES, time 1.39767s)
[ITER 20] bestGlobalCost=232249.29 (feasible=YES) bestThisIter=232249.29 feasibleAnts=18 noImprove=5 (elapsed 2.77217s)
[ITER 30] bestGlobalCost=232249.29 (feasible=YES) bestThisIter=235816.19 feasibleAnts=10 noImprove=15 (elapsed 5.32473s)
[ITER 40] bestGlobalCost=232249.29 (feasible=YES) bestThisIter=232249.29 feasibleAnts=10 noImprove=25 (elapsed 5.85394s)
[ITER 45] New best cost=231486.94 (feasible=YES, time 7.15953s)
[ITER 50] bestGlobalCost=231486.94 (feasible=YES) bestThisIter=231486.94 feasibleAnts=14 noImprove=5 (elapsed 8.05671s)
[ITER 60] bestGlobalCost=231486.94 (feasible=YES) bestThisIter=231486.94 feasibleAnts=10 noImprove=15 (elapsed 10.3664s)
[ITER 70] bestGlobalCost=231486.94 (feasible=YES) bestThisIter=231486.94 feasibleAnts=10 noImprove=25 (elapsed 10.8008s)
[RESET] no improvement for30-> reset pheromones
[ITER 80] bestGlobalCost=231486.94 (feasible=YES) bestThisIter=245176.40 feasibleAnts=10 noImprove=5 (elapsed 13.0789s)
[ITER 90] bestGlobalCost=231486.94 (feasible=YES) bestThisIter=234501.92 feasibleAnts=10 noImprove=15 (elapsed 16.4109s)
[ITER 100] bestGlobalCost=231486.94 (feasible=YES) bestThisIter=232898.86 feasibleAnts=10 noImprove=25 (elapsed 16.9822s)
[RESET] no improvement for30-> reset pheromones
[ITER 110] bestGlobalCost=231486.94 (feasible=YES) bestThisIter=242003.70 feasibleAnts=10 noImprove=5 (elapsed 19.8798s)
[ITER 120] bestGlobalCost=231486.94 (feasible=YES) bestThisIter=231486.94 feasibleAnts=10 noImprove=15 (elapsed 22.6946s)
[ITER 130] bestGlobalCost=231486.94 (feasible=YES) bestThisIter=231486.94 feasibleAnts=10 noImprove=25 (elapsed 23.2476s)
[RESET] no improvement for30-> reset pheromones
[ITER 140] bestGlobalCost=231486.94 (feasible=YES) bestThisIter=242168.45 feasibleAnts=10 noImprove=5 (elapsed 25.7214s)
[ITER 150] bestGlobalCost=231486.94 (feasible=YES) bestThisIter=231486.94 feasibleAnts=10 noImprove=15 (elapsed 29.1052s)
[ITER 160] bestGlobalCost=231486.94 (feasible=YES) bestThisIter=231486.94 feasibleAnts=10 noImprove=25 (elapsed 29.9097s)
[RESET] no improvement for30-> reset pheromones
[ITER 170] bestGlobalCost=231486.94 (feasible=YES) bestThisIter=240755.61 feasibleAnts=10 noImprove=5 (elapsed 33.3943s)
[ITER 180] bestGlobalCost=231486.94 (feasible=YES) bestThisIter=231486.94 feasibleAnts=10 noImprove=15 (elapsed 36.4458s)
[ITER 190] bestGlobalCost=231486.94 (feasible=YES) bestThisIter=231486.94 feasibleAnts=10 noImprove=25 (elapsed 37.0661s)
[RESET] no improvement for30-> reset pheromones
[ITER 200] bestGlobalCost=231486.94 (feasible=YES) bestThisIter=246831.55 feasibleAnts=10 noImprove=5 (elapsed 39.611s)
[ITER 210] bestGlobalCost=231486.94 (feasible=YES) bestThisIter=235322.91 feasibleAnts=10 noImprove=15 (elapsed 42.125s)
[ITER 220] bestGlobalCost=231486.94 (feasible=YES) bestThisIter=233881.29 feasibleAnts=10 noImprove=25 (elapsed 42.7676s)
[RESET] no improvement for30-> reset pheromones
[ITER 230] bestGlobalCost=231486.94 (feasible=YES) bestThisIter=239330.90 feasibleAnts=10 noImprove=5 (elapsed 45.5142s)
[ITER 240] bestGlobalCost=231486.94 (feasible=YES) bestThisIter=231486.94 feasibleAnts=10 noImprove=15 (elapsed 47.7737s)
[ITER 250] bestGlobalCost=231486.94 (feasible=YES) bestThisIter=231486.94 feasibleAnts=10 noImprove=25 (elapsed 48.2318s)
[RESET] no improvement for30-> reset pheromones
[ITER 260] bestGlobalCost=231486.94 (feasible=YES) bestThisIter=232898.86 feasibleAnts=10 noImprove=5 (elapsed 50.5082s)
[ITER 270] bestGlobalCost=231486.94 (feasible=YES) bestThisIter=231486.94 feasibleAnts=10 noImprove=15 (elapsed 52.7244s)
[ITER 280] bestGlobalCost=231486.94 (feasible=YES) bestThisIter=231486.94 feasibleAnts=10 noImprove=25 (elapsed 53.1849s)
[RESET] no improvement for30-> reset pheromones
[ITER 290] bestGlobalCost=231486.94 (feasible=YES) bestThisIter=240888.28 feasibleAnts=10 noImprove=5 (elapsed 55.7641s)
[ITER 300] bestGlobalCost=231486.94 (feasible=YES) bestThisIter=231486.94 feasibleAnts=10 noImprove=15 (elapsed 58.4256s)
[ITER 310] bestGlobalCost=231486.94 (feasible=YES) bestThisIter=242302.65 feasibleAnts=10 noImprove=25 (elapsed 58.8656s)
[RESET] no improvement for30-> reset pheromones
4 6 14 15 33 60 64 66 83 89 
5 26 30 38 56 69 75 79 81 100 
22 23 43 50 54 55 77 87 88 
3 8 11 28 29 76 91 93 97 99 
7 27 34 35 52 57 58 61 74 84 94 
13 17 18 19 24 36 44 45 92 96 
2 16 31 41 42 48 51 63 78 82 
1 9 12 25 32 46 59 71 95 98 
20 21 37 47 49 65 72 80 86 90 
10 39 40 53 62 67 68 70 73 85 
[SAVELOGS] evolution saved to results/logs/kroB100_10_3/evolution/kroB100_10_3
[SAVELOGS] best cost saved to results/logs/kroB100_10_3/objectives/kroB100_10_3
[SAVELOGS] best solution saved to results/logs/kroB100_10_3/solutions/kroB100_10_3
