[ITER 1] New best cost=3751074.11 (feasible=YES, time 8.12758s)
[ITER 3] New best cost=3747478.73 (feasible=YES, time 20.3322s)
[ITER 4] New best cost=3747323.02 (feasible=YES, time 28.2511s)
[ITER 6] New best cost=3741555.33 (feasible=YES, time 43.0703s)
[ITER 8] New best cost=3739387.76 (feasible=YES, time 58.4734s)
[ITER 10] [TS] New best cost=3739235.96 (feasible=YES, time 71.5926s)
[ITER 10] bestGlobalCost=3739235.96 (feasible=YES) bestThisIter=3749468.58 feasibleAnts=10 noImprove=1 (elapsed 74.2823s)
[ITER 11] New best cost=3738416.20 (feasible=YES, time 79.1641s)
[ITER 12] New best cost=3737317.04 (feasible=YES, time 86.4262s)
[ITER 20] [TS] New best cost=3735549.71 (feasible=YES, time 141.519s)
[ITER 20] bestGlobalCost=3735549.71 (feasible=YES) bestThisIter=3738578.97 feasibleAnts=11 noImprove=1 (elapsed 143.004s)
[ITER 25] New best cost=3735522.21 (feasible=YES, time 176.877s)
[ITER 27] New best cost=3735165.37 (feasible=YES, time 189.239s)
[ITER 30] bestGlobalCost=3735165.37 (feasible=YES) bestThisIter=3738150.56 feasibleAnts=10 noImprove=3 (elapsed 210.253s)
[ITER 31] New best cost=3734824.36 (feasible=YES, time 215.643s)
[ITER 40] [TS] New best cost=3734292.05 (feasible=YES, time 267.56s)
[ITER 40] bestGlobalCost=3734292.05 (feasible=YES) bestThisIter=3735400.51 feasibleAnts=10 noImprove=1 (elapsed 270.317s)
[ITER 50] [TS] New best cost=3732433.42 (feasible=YES, time 334.912s)
[ITER 50] [TS] New best cost=3731887.91 (feasible=YES, time 337.83s)
[ITER 50] bestGlobalCost=3731887.91 (feasible=YES) bestThisIter=3733858.45 feasibleAnts=10 noImprove=1 (elapsed 337.834s)
[ITER 60] bestGlobalCost=3731887.91 (feasible=YES) bestThisIter=3734524.55 feasibleAnts=10 noImprove=11 (elapsed 399.074s)
[ITER 70] [TS] New best cost=3731317.25 (feasible=YES, time 464.531s)
[ITER 70] bestGlobalCost=3731317.25 (feasible=YES) bestThisIter=3742002.86 feasibleAnts=10 noImprove=1 (elapsed 467.156s)
[ITER 75] New best cost=3731010.07 (feasible=YES, time 496.731s)
[ITER 80] bestGlobalCost=3731010.07 (feasible=YES) bestThisIter=3738118.45 feasibleAnts=10 noImprove=5 (elapsed 529.896s)
[ITER 90] bestGlobalCost=3731010.07 (feasible=YES) bestThisIter=3734787.32 feasibleAnts=10 noImprove=15 (elapsed 598.179s)
[ITER 92] New best cost=3730389.33 (feasible=YES, time 611.316s)
[ITER 100] bestGlobalCost=3730389.33 (feasible=YES) bestThisIter=3735329.79 feasibleAnts=10 noImprove=8 (elapsed 669.183s)
[ITER 110] bestGlobalCost=3730389.33 (feasible=YES) bestThisIter=3739292.95 feasibleAnts=10 noImprove=18 (elapsed 736.919s)
[ITER 120] bestGlobalCost=3730389.33 (feasible=YES) bestThisIter=3734610.71 feasibleAnts=10 noImprove=28 (elapsed 803.778s)
[RESET] no improvement for30-> reset pheromones
[ITER 130] bestGlobalCost=3730389.33 (feasible=YES) bestThisIter=3737550.62 feasibleAnts=10 noImprove=8 (elapsed 870.727s)
[ITER 140] bestGlobalCost=3730389.33 (feasible=YES) bestThisIter=3738675.99 feasibleAnts=10 noImprove=18 (elapsed 937.818s)
[ITER 150] bestGlobalCost=3730389.33 (feasible=YES) bestThisIter=3741069.62 feasibleAnts=10 noImprove=28 (elapsed 1005.97s)
[RESET] no improvement for30-> reset pheromones
[ITER 160] bestGlobalCost=3730389.33 (feasible=YES) bestThisIter=3734583.49 feasibleAnts=10 noImprove=8 (elapsed 1071.78s)
[ITER 170] bestGlobalCost=3730389.33 (feasible=YES) bestThisIter=3735621.58 feasibleAnts=10 noImprove=18 (elapsed 1138.78s)
[ITER 180] bestGlobalCost=3730389.33 (feasible=YES) bestThisIter=3737093.43 feasibleAnts=10 noImprove=28 (elapsed 1203.5s)
[RESET] no improvement for30-> reset pheromones
[ITER 190] bestGlobalCost=3730389.33 (feasible=YES) bestThisIter=3736819.58 feasibleAnts=10 noImprove=8 (elapsed 1275.58s)
[ITER 200] bestGlobalCost=3730389.33 (feasible=YES) bestThisIter=3731602.04 feasibleAnts=10 noImprove=18 (elapsed 1337.05s)
[ITER 210] bestGlobalCost=3730389.33 (feasible=YES) bestThisIter=3738977.11 feasibleAnts=10 noImprove=28 (elapsed 1402.85s)
[RESET] no improvement for30-> reset pheromones
[ITER 220] bestGlobalCost=3730389.33 (feasible=YES) bestThisIter=3734691.10 feasibleAnts=10 noImprove=8 (elapsed 1468s)
141 143 151 153 157 158 164 165 168 177 178 182 183 184 187 188 191 192 193 195 196 199 200 202 203 204 205 206 207 208 211 212 213 214 217 219 220 221 227 229 232 233 234 237 248 249 
226 239 246 247 250 251 252 253 254 262 263 264 265 270 274 275 284 285 286 287 288 293 294 295 296 300 302 303 307 308 311 312 313 315 316 319 320 324 328 331 332 336 340 344 347 351 354 355 356 361 363 376 
12 13 14 15 16 17 18 19 20 53 54 55 56 57 58 59 60 61 62 63 64 65 66 67 68 69 70 71 72 73 74 75 76 77 78 79 80 81 82 83 84 85 86 87 96 116 139 
21 135 137 144 145 146 147 148 149 150 152 154 155 156 159 160 161 162 163 166 167 169 170 171 172 173 174 175 176 179 180 181 185 186 189 190 194 197 198 201 209 210 215 222 224 225 230 240 255 266 
335 339 348 362 366 367 372 373 379 384 388 394 395 401 402 410 418 420 421 426 427 428 430 440 441 442 451 454 455 456 474 475 476 477 478 479 480 481 482 484 485 486 487 488 489 490 491 492 493 
359 365 375 378 380 386 387 393 400 403 404 405 406 407 408 412 413 414 415 416 417 419 432 433 434 435 436 437 438 439 444 445 446 447 448 449 450 452 453 459 460 467 468 469 470 471 472 473 483 
88 89 90 91 92 93 94 95 97 98 99 100 101 102 103 104 105 106 107 108 109 110 111 112 113 114 115 117 118 119 120 121 122 123 124 125 126 127 128 129 130 131 132 133 134 136 138 140 142 
1 2 3 4 5 6 7 8 9 10 11 22 23 24 26 28 29 30 31 32 33 34 35 36 37 38 39 40 41 42 43 44 45 46 47 48 49 50 51 52 216 235 269 272 298 334 392 423 429 457 
218 223 228 231 236 238 241 242 243 244 245 256 257 258 259 260 261 267 271 273 276 278 279 280 281 282 283 289 290 291 292 297 299 304 306 309 310 314 317 318 321 322 323 327 329 330 333 338 346 353 360 
25 27 268 277 301 305 325 326 337 341 342 343 345 349 350 352 357 358 364 368 369 370 371 374 377 381 382 383 385 389 390 391 396 397 398 399 409 411 422 424 425 431 443 458 461 462 463 464 465 466 
[SAVELOGS] evolution saved to results/logs/aco_logs/evolution/d493_10_2.txt
[SAVELOGS] best cost saved to results/logs/aco_logs/objectives/d493_10_2.txt
[SAVELOGS] best solution saved to results/logs/aco_logs/solutions/d493_10_2.txt
