[ITER 1] New best cost=3777067.07 (feasible=YES, time 8.48507s)
[ITER 2] New best cost=3749014.12 (feasible=YES, time 15.7344s)
[ITER 4] New best cost=3745765.28 (feasible=YES, time 29.5866s)
[ITER 5] New best cost=3741713.77 (feasible=YES, time 36.4484s)
[ITER 7] New best cost=3739864.67 (feasible=YES, time 50.9468s)
[ITER 8] New best cost=3735105.72 (feasible=YES, time 56.9972s)
[ITER 10] [TS] New best cost=3734005.47 (feasible=YES, time 69.5797s)
[ITER 10] bestGlobalCost=3734005.47 (feasible=YES) bestThisIter=3738198.45 feasibleAnts=10 noImprove=1 (elapsed 72.3521s)
[ITER 12] New best cost=3733082.11 (feasible=YES, time 85.7617s)
[ITER 20] [TS] New best cost=3732444.96 (feasible=YES, time 136.893s)
[ITER 20] bestGlobalCost=3732444.96 (feasible=YES) bestThisIter=3735181.89 feasibleAnts=10 noImprove=1 (elapsed 139.925s)
[ITER 30] bestGlobalCost=3732444.96 (feasible=YES) bestThisIter=3737433.13 feasibleAnts=10 noImprove=11 (elapsed 205.634s)
[ITER 40] [TS] New best cost=3732029.68 (feasible=YES, time 270.748s)
[ITER 40] bestGlobalCost=3732029.68 (feasible=YES) bestThisIter=3739804.54 feasibleAnts=10 noImprove=1 (elapsed 272.259s)
[ITER 50] bestGlobalCost=3732029.68 (feasible=YES) bestThisIter=3738962.33 feasibleAnts=10 noImprove=11 (elapsed 342.185s)
[ITER 60] bestGlobalCost=3732029.68 (feasible=YES) bestThisIter=3742119.58 feasibleAnts=10 noImprove=21 (elapsed 406.267s)
[RESET] no improvement for30-> reset pheromones
[ITER 70] bestGlobalCost=3732029.68 (feasible=YES) bestThisIter=3792449.53 feasibleAnts=10 noImprove=1 (elapsed 475.268s)
[ITER 72] New best cost=3730696.34 (feasible=YES, time 488.034s)
[ITER 80] bestGlobalCost=3730696.34 (feasible=YES) bestThisIter=3738082.44 feasibleAnts=10 noImprove=8 (elapsed 540.209s)
[ITER 90] bestGlobalCost=3730696.34 (feasible=YES) bestThisIter=3740467.72 feasibleAnts=10 noImprove=18 (elapsed 610.638s)
[ITER 100] bestGlobalCost=3730696.34 (feasible=YES) bestThisIter=3741536.40 feasibleAnts=10 noImprove=28 (elapsed 673.086s)
[RESET] no improvement for30-> reset pheromones
[ITER 110] bestGlobalCost=3730696.34 (feasible=YES) bestThisIter=3736566.92 feasibleAnts=10 noImprove=8 (elapsed 739.934s)
[ITER 120] bestGlobalCost=3730696.34 (feasible=YES) bestThisIter=3738373.46 feasibleAnts=10 noImprove=18 (elapsed 807.845s)
[ITER 130] bestGlobalCost=3730696.34 (feasible=YES) bestThisIter=3734266.54 feasibleAnts=10 noImprove=28 (elapsed 869.131s)
[RESET] no improvement for30-> reset pheromones
[ITER 140] bestGlobalCost=3730696.34 (feasible=YES) bestThisIter=3737301.73 feasibleAnts=10 noImprove=8 (elapsed 934.783s)
[ITER 150] bestGlobalCost=3730696.34 (feasible=YES) bestThisIter=3737412.44 feasibleAnts=10 noImprove=18 (elapsed 1007s)
[ITER 160] bestGlobalCost=3730696.34 (feasible=YES) bestThisIter=3734276.42 feasibleAnts=11 noImprove=28 (elapsed 1076.59s)
[RESET] no improvement for30-> reset pheromones
[ITER 170] bestGlobalCost=3730696.34 (feasible=YES) bestThisIter=3743166.06 feasibleAnts=10 noImprove=8 (elapsed 1151.28s)
[ITER 180] bestGlobalCost=3730696.34 (feasible=YES) bestThisIter=3738904.02 feasibleAnts=10 noImprove=18 (elapsed 1221.48s)
[ITER 190] bestGlobalCost=3730696.34 (feasible=YES) bestThisIter=3734755.53 feasibleAnts=10 noImprove=28 (elapsed 1288.67s)
[RESET] no improvement for30-> reset pheromones
[ITER 200] bestGlobalCost=3730696.34 (feasible=YES) bestThisIter=3741970.66 feasibleAnts=10 noImprove=8 (elapsed 1355.24s)
[ITER 210] bestGlobalCost=3730696.34 (feasible=YES) bestThisIter=3740517.26 feasibleAnts=10 noImprove=18 (elapsed 1421.82s)
[ITER 220] bestGlobalCost=3730696.34 (feasible=YES) bestThisIter=3738600.72 feasibleAnts=10 noImprove=28 (elapsed 1491.99s)
[RESET] no improvement for30-> reset pheromones
25 27 255 268 272 277 301 305 325 326 337 341 342 343 345 349 350 352 357 358 364 368 369 370 371 374 377 381 382 389 390 391 397 398 399 409 411 422 424 431 443 457 458 461 462 463 464 465 466 
360 365 375 378 380 383 386 387 393 396 400 403 404 405 406 407 408 412 413 414 415 416 417 419 425 432 433 434 435 436 437 438 439 444 445 446 447 448 449 450 451 459 460 467 468 469 470 471 472 473 
12 14 15 16 17 18 19 20 53 54 55 56 57 58 59 60 61 62 63 64 65 66 67 68 69 70 71 72 73 74 75 76 77 78 79 80 81 82 83 84 85 86 87 96 116 122 139 
137 142 145 146 147 148 149 150 152 154 155 156 159 160 161 162 163 166 167 169 170 171 172 173 174 175 176 179 180 181 182 185 186 189 190 194 197 198 201 206 209 210 215 218 222 224 225 230 240 266 
88 89 90 91 92 93 94 95 97 98 99 100 101 102 103 104 105 106 107 108 109 110 111 112 113 114 115 117 118 119 120 121 123 124 125 126 127 128 129 130 131 132 133 134 135 136 138 140 144 
223 228 231 234 236 238 241 242 243 244 245 246 256 257 258 259 260 261 267 271 273 276 278 279 280 281 282 283 289 290 291 297 299 304 306 309 310 314 317 318 321 323 327 329 330 333 338 346 353 
1 2 3 4 5 6 7 8 9 10 11 13 21 22 23 24 26 28 29 30 31 32 33 34 35 36 37 38 39 40 41 42 43 44 45 46 47 48 49 50 51 52 216 235 269 298 334 385 392 423 429 
141 143 151 153 157 158 164 165 168 177 178 183 184 187 188 191 192 193 195 196 199 200 202 203 204 205 207 208 211 212 213 214 217 219 220 221 226 227 229 232 233 237 247 248 249 250 253 
239 251 252 254 262 263 264 265 270 274 275 284 285 286 287 288 292 293 294 295 296 300 302 303 307 308 311 312 313 315 316 319 320 322 324 328 331 332 336 339 340 344 347 348 351 354 355 356 359 361 363 367 376 
335 362 366 372 373 379 384 388 394 395 401 402 410 418 420 421 426 427 428 430 440 441 442 452 453 454 455 456 474 475 476 477 478 479 480 481 482 483 484 485 486 487 488 489 490 491 492 493 
[SAVELOGS] evolution saved to results/logs/aco_logs/evolution/d493_10_2.txt
[SAVELOGS] best cost saved to results/logs/aco_logs/objectives/d493_10_2.txt
[SAVELOGS] best solution saved to results/logs/aco_logs/solutions/d493_10_2.txt
