[ITER 1] New best cost=3791983.01 (feasible=YES, time 8.5821s)
[ITER 2] New best cost=3763435.43 (feasible=YES, time 18.3743s)
[ITER 4] New best cost=3758214.50 (feasible=YES, time 31.8549s)
[ITER 7] New best cost=3758035.69 (feasible=YES, time 50.8608s)
[ITER 10] [TS] New best cost=3752972.59 (feasible=YES, time 71.5649s)
[ITER 10] bestGlobalCost=3752972.59 (feasible=YES) bestThisIter=3753718.36 feasibleAnts=10 noImprove=1 (elapsed 74.3306s)
[ITER 11] New best cost=3749169.25 (feasible=YES, time 81.0487s)
[ITER 15] New best cost=3748686.12 (feasible=YES, time 107.75s)
[ITER 19] New best cost=3747512.17 (feasible=YES, time 134.113s)
[ITER 20] [TS] New best cost=3746068.26 (feasible=YES, time 142.133s)
[ITER 20] bestGlobalCost=3746068.26 (feasible=YES) bestThisIter=3754596.29 feasibleAnts=10 noImprove=1 (elapsed 145.054s)
[ITER 21] New best cost=3745793.76 (feasible=YES, time 150.987s)
[ITER 22] New best cost=3744666.96 (feasible=YES, time 156.243s)
[ITER 23] New best cost=3743775.06 (feasible=YES, time 163.565s)
[ITER 26] New best cost=3737682.92 (feasible=YES, time 182.725s)
[ITER 30] [TS] New best cost=3735625.40 (feasible=YES, time 212.422s)
[ITER 30] bestGlobalCost=3735625.40 (feasible=YES) bestThisIter=3741710.98 feasibleAnts=10 noImprove=1 (elapsed 213.915s)
[ITER 38] New best cost=3735517.42 (feasible=YES, time 265.513s)
[ITER 40] [TS] New best cost=3734220.92 (feasible=YES, time 277.643s)
[ITER 40] bestGlobalCost=3734220.92 (feasible=YES) bestThisIter=3736816.24 feasibleAnts=10 noImprove=1 (elapsed 279.88s)
[ITER 43] New best cost=3733998.83 (feasible=YES, time 300.551s)
[ITER 44] New best cost=3733418.92 (feasible=YES, time 307.427s)
[ITER 50] [TS] New best cost=3733091.18 (feasible=YES, time 346.296s)
[ITER 50] [TS] New best cost=3732927.09 (feasible=YES, time 348.286s)
[ITER 50] bestGlobalCost=3732927.09 (feasible=YES) bestThisIter=3736490.66 feasibleAnts=10 noImprove=1 (elapsed 348.291s)
[ITER 53] New best cost=3732014.53 (feasible=YES, time 365.834s)
[ITER 60] bestGlobalCost=3732014.53 (feasible=YES) bestThisIter=3738781.82 feasibleAnts=10 noImprove=7 (elapsed 410.987s)
[ITER 70] bestGlobalCost=3732014.53 (feasible=YES) bestThisIter=3736818.69 feasibleAnts=10 noImprove=17 (elapsed 475.431s)
[ITER 80] bestGlobalCost=3732014.53 (feasible=YES) bestThisIter=3744729.29 feasibleAnts=10 noImprove=27 (elapsed 540.295s)
[RESET] no improvement for30-> reset pheromones
[ITER 90] bestGlobalCost=3732014.53 (feasible=YES) bestThisIter=3734486.65 feasibleAnts=10 noImprove=7 (elapsed 608.792s)
[ITER 100] bestGlobalCost=3732014.53 (feasible=YES) bestThisIter=3734339.16 feasibleAnts=11 noImprove=17 (elapsed 668.776s)
[ITER 110] bestGlobalCost=3732014.53 (feasible=YES) bestThisIter=3735899.30 feasibleAnts=10 noImprove=27 (elapsed 734.355s)
[RESET] no improvement for30-> reset pheromones
[ITER 120] bestGlobalCost=3732014.53 (feasible=YES) bestThisIter=3736268.16 feasibleAnts=10 noImprove=7 (elapsed 802.938s)
[ITER 130] bestGlobalCost=3732014.53 (feasible=YES) bestThisIter=3737491.92 feasibleAnts=10 noImprove=17 (elapsed 867.842s)
[ITER 140] bestGlobalCost=3732014.53 (feasible=YES) bestThisIter=3738148.54 feasibleAnts=10 noImprove=27 (elapsed 932.491s)
[ITER 142] New best cost=3731148.45 (feasible=YES, time 945.502s)
[ITER 150] [TS] New best cost=3730902.10 (feasible=YES, time 999.14s)
[ITER 150] bestGlobalCost=3730902.10 (feasible=YES) bestThisIter=3735612.23 feasibleAnts=10 noImprove=1 (elapsed 1000.66s)
[ITER 160] bestGlobalCost=3730902.10 (feasible=YES) bestThisIter=3735418.07 feasibleAnts=10 noImprove=11 (elapsed 1067.6s)
[ITER 170] bestGlobalCost=3730902.10 (feasible=YES) bestThisIter=3736628.99 feasibleAnts=10 noImprove=21 (elapsed 1132.59s)
[RESET] no improvement for30-> reset pheromones
[ITER 180] bestGlobalCost=3730902.10 (feasible=YES) bestThisIter=3753473.00 feasibleAnts=10 noImprove=1 (elapsed 1198.73s)
[ITER 190] bestGlobalCost=3730902.10 (feasible=YES) bestThisIter=3739307.55 feasibleAnts=10 noImprove=11 (elapsed 1265s)
[ITER 200] bestGlobalCost=3730902.10 (feasible=YES) bestThisIter=3739517.95 feasibleAnts=10 noImprove=21 (elapsed 1334.13s)
[RESET] no improvement for30-> reset pheromones
[ITER 210] bestGlobalCost=3730902.10 (feasible=YES) bestThisIter=3768159.31 feasibleAnts=10 noImprove=1 (elapsed 1401.61s)
[ITER 220] bestGlobalCost=3730902.10 (feasible=YES) bestThisIter=3735229.87 feasibleAnts=10 noImprove=11 (elapsed 1467.75s)
135 137 140 144 145 146 147 148 149 150 152 154 155 156 159 160 161 162 163 166 167 169 170 171 172 173 174 175 176 179 180 181 182 185 186 189 190 194 197 198 201 206 210 211 215 222 224 230 240 266 
218 231 236 238 241 242 243 244 245 246 256 257 258 259 260 261 267 271 273 276 278 279 280 281 282 283 289 290 291 292 293 297 299 304 306 309 310 314 317 318 321 322 323 327 329 330 333 338 346 353 360 
141 143 151 153 157 158 164 165 168 177 178 183 184 187 188 191 192 193 195 196 199 200 202 203 204 205 207 208 212 213 214 217 219 220 221 223 226 227 228 229 232 233 234 237 248 249 252 
88 89 90 91 92 93 94 95 97 98 99 100 101 102 103 104 105 106 107 108 109 110 111 112 113 114 115 117 118 119 120 121 122 123 124 125 126 127 128 129 130 131 132 133 134 136 138 142 
239 247 250 251 253 254 262 263 264 265 270 274 275 284 285 286 287 288 294 295 296 300 302 303 307 308 311 312 313 315 316 319 320 324 328 331 332 336 339 340 344 347 351 354 355 356 361 363 367 376 380 
359 365 375 378 383 386 387 393 396 400 404 405 406 407 408 412 413 414 415 416 417 419 425 432 433 434 435 436 437 438 439 444 445 446 447 448 449 450 452 459 460 467 468 469 470 471 472 473 481 
12 13 14 15 16 17 18 19 20 53 54 55 56 57 58 59 60 61 62 63 64 65 66 67 68 69 70 71 72 73 74 75 76 77 78 79 80 81 82 83 84 85 86 87 96 116 139 
25 27 255 268 277 301 305 325 326 334 337 341 342 343 345 349 350 352 357 358 364 368 369 370 371 374 377 381 382 389 390 391 392 397 398 399 409 411 422 424 431 443 457 458 461 462 463 464 465 466 
1 2 3 4 5 6 7 8 9 10 11 21 22 23 24 26 28 29 30 31 32 33 34 35 36 37 38 39 40 41 42 43 44 45 46 47 48 49 50 51 52 209 216 225 235 269 272 298 385 423 429 
335 348 362 366 372 373 379 384 388 394 395 401 402 403 410 418 420 421 426 427 428 430 440 441 442 451 453 454 455 456 474 475 476 477 478 479 480 482 483 484 485 486 487 488 489 490 491 492 493 
[SAVELOGS] evolution saved to results/logs/aco_logs/evolution/d493_10_2.txt
[SAVELOGS] best cost saved to results/logs/aco_logs/objectives/d493_10_2.txt
[SAVELOGS] best solution saved to results/logs/aco_logs/solutions/d493_10_2.txt
