[ITER 1] New best cost=6621916.63 (feasible=YES, time 0.0690309s)
[ITER 2] New best cost=6504518.20 (feasible=YES, time 0.130068s)
[ITER 3] New best cost=6484158.87 (feasible=YES, time 0.193343s)
[ITER 4] New best cost=6475252.93 (feasible=YES, time 0.263594s)
[ITER 8] New best cost=6473383.67 (feasible=YES, time 0.487494s)
[ITER 9] New best cost=6473383.67 (feasible=YES, time 0.547979s)
[ITER 10] New best cost=6472621.77 (feasible=YES, time 0.587742s)
[ITER 10] bestGlobalCost=6472621.77 (feasible=YES) bestThisIter=6472621.77 feasibleAnts=17 noImprove=0 (elapsed 0.591793s)
[ITER 20] bestGlobalCost=6472621.77 (feasible=YES) bestThisIter=6473383.67 feasibleAnts=10 noImprove=10 (elapsed 5.77316s)
[ITER 30] bestGlobalCost=6472621.77 (feasible=YES) bestThisIter=6484158.87 feasibleAnts=10 noImprove=20 (elapsed 10.5499s)
[ITER 40] bestGlobalCost=6472621.77 (feasible=YES) bestThisIter=6473383.67 feasibleAnts=10 noImprove=30 (elapsed 11.199s)
[RESET] no improvement for30-> reset pheromones
[ITER 45] New best cost=6470708.58 (feasible=YES, time 15.9626s)
[ITER 50] bestGlobalCost=6470708.58 (feasible=YES) bestThisIter=6470708.58 feasibleAnts=10 noImprove=5 (elapsed 16.2918s)
[ITER 60] bestGlobalCost=6470708.58 (feasible=YES) bestThisIter=6473383.67 feasibleAnts=10 noImprove=15 (elapsed 21.7122s)
[ITER 70] bestGlobalCost=6470708.58 (feasible=YES) bestThisIter=6472621.77 feasibleAnts=10 noImprove=25 (elapsed 22.2226s)
[RESET] no improvement for30-> reset pheromones
[ITER 80] bestGlobalCost=6470708.58 (feasible=YES) bestThisIter=6526214.59 feasibleAnts=10 noImprove=5 (elapsed 27.0808s)
[ITER 90] bestGlobalCost=6470708.58 (feasible=YES) bestThisIter=6470708.58 feasibleAnts=10 noImprove=15 (elapsed 32.0247s)
[ITER 100] bestGlobalCost=6470708.58 (feasible=YES) bestThisIter=6484158.87 feasibleAnts=10 noImprove=25 (elapsed 32.6214s)
[RESET] no improvement for30-> reset pheromones
[ITER 110] bestGlobalCost=6470708.58 (feasible=YES) bestThisIter=6472621.77 feasibleAnts=10 noImprove=5 (elapsed 37.9533s)
[ITER 118] New best cost=6470708.58 (feasible=YES, time 38.4024s)
[ITER 120] bestGlobalCost=6470708.58 (feasible=YES) bestThisIter=6470708.58 feasibleAnts=20 noImprove=2 (elapsed 42.7943s)
[ITER 130] bestGlobalCost=6470708.58 (feasible=YES) bestThisIter=6470708.58 feasibleAnts=10 noImprove=12 (elapsed 43.2764s)
[ITER 140] bestGlobalCost=6470708.58 (feasible=YES) bestThisIter=6495039.66 feasibleAnts=10 noImprove=22 (elapsed 48.3633s)
[RESET] no improvement for30-> reset pheromones
[ITER 150] bestGlobalCost=6470708.58 (feasible=YES) bestThisIter=6472621.77 feasibleAnts=10 noImprove=2 (elapsed 53.8703s)
[ITER 160] bestGlobalCost=6470708.58 (feasible=YES) bestThisIter=6484158.87 feasibleAnts=10 noImprove=12 (elapsed 54.5063s)
[ITER 170] bestGlobalCost=6470708.58 (feasible=YES) bestThisIter=6484158.87 feasibleAnts=10 noImprove=22 (elapsed 59.4956s)
[RESET] no improvement for30-> reset pheromones
[ITER 180] bestGlobalCost=6470708.58 (feasible=YES) bestThisIter=6484158.87 feasibleAnts=10 noImprove=2 (elapsed 64.4111s)
119 120 121 122 123 124 125 126 127 128 129 130 131 132 133 134 135 136 138 139 141 142 144 145 146 147 148 149 150 151 152 
2 3 4 5 6 7 8 9 10 11 12 13 14 17 18 19 20 21 22 23 24 25 26 27 28 29 31 38 39 40 
41 58 59 60 61 62 63 82 83 84 85 86 87 101 102 103 104 105 106 107 108 109 110 111 112 117 118 137 140 143 
1 15 16 30 32 33 34 35 36 37 42 43 44 45 55 56 57 64 65 66 67 68 80 81 88 89 90 100 
46 47 48 49 50 51 52 53 54 69 70 71 72 73 74 75 76 77 78 79 91 92 93 94 95 96 97 98 99 113 114 115 116 
[SAVELOGS] evolution saved to results/logs/pr152_05_3/evolution/pr152_05_3
[SAVELOGS] best cost saved to results/logs/pr152_05_3/objectives/pr152_05_3
[SAVELOGS] best solution saved to results/logs/pr152_05_3/solutions/pr152_05_3
