[ITER 1] New best cost=4557.24 (feasible=YES, time 0.304057s)
[ITER 2] New best cost=4404.48 (feasible=YES, time 0.623413s)
[ITER 4] New best cost=4388.05 (feasible=YES, time 1.26958s)
[ITER 6] New best cost=4355.74 (feasible=YES, time 1.80984s)
[ITER 9] New best cost=4349.70 (feasible=YES, time 2.60298s)
[ITER 10] bestGlobalCost=4349.70 (feasible=YES) bestThisIter=4351.74 feasibleAnts=10 noImprove=1 (elapsed 4.06126s)
[ITER 11] New best cost=4349.43 (feasible=YES, time 4.33029s)
[ITER 17] New best cost=4347.38 (feasible=YES, time 6.283s)
[ITER 20] bestGlobalCost=4347.38 (feasible=YES) bestThisIter=4349.43 feasibleAnts=10 noImprove=3 (elapsed 8.76354s)
[ITER 21] New best cost=4329.42 (feasible=YES, time 8.97404s)
[ITER 29] New best cost=4329.25 (feasible=YES, time 11.0184s)
[ITER 30] bestGlobalCost=4329.25 (feasible=YES) bestThisIter=4329.42 feasibleAnts=14 noImprove=1 (elapsed 12.5243s)
[ITER 34] New best cost=4320.35 (feasible=YES, time 13.8687s)
[ITER 36] New best cost=4304.03 (feasible=YES, time 14.5391s)
[ITER 37] New best cost=4302.75 (feasible=YES, time 14.869s)
[ITER 38] New best cost=4298.53 (feasible=YES, time 15.3044s)
[ITER 40] bestGlobalCost=4298.53 (feasible=YES) bestThisIter=4315.77 feasibleAnts=10 noImprove=2 (elapsed 17.6831s)
[ITER 50] bestGlobalCost=4298.53 (feasible=YES) bestThisIter=4314.25 feasibleAnts=10 noImprove=12 (elapsed 23.4562s)
[ITER 55] New best cost=4289.33 (feasible=YES, time 25.5611s)
[ITER 60] New best cost=4276.37 (feasible=YES, time 28.5613s)
[ITER 60] bestGlobalCost=4276.37 (feasible=YES) bestThisIter=4289.33 feasibleAnts=10 noImprove=0 (elapsed 28.565s)
[ITER 70] bestGlobalCost=4276.37 (feasible=YES) bestThisIter=4304.74 feasibleAnts=10 noImprove=10 (elapsed 34.7182s)
[ITER 76] New best cost=4257.42 (feasible=YES, time 37.2484s)
[ITER 80] bestGlobalCost=4257.42 (feasible=YES) bestThisIter=4288.63 feasibleAnts=10 noImprove=4 (elapsed 40.5976s)
[ITER 81] New best cost=4251.57 (feasible=YES, time 41.0817s)
[ITER 90] bestGlobalCost=4251.57 (feasible=YES) bestThisIter=4262.77 feasibleAnts=10 noImprove=9 (elapsed 48.0118s)
[ITER 100] bestGlobalCost=4251.57 (feasible=YES) bestThisIter=4303.22 feasibleAnts=10 noImprove=19 (elapsed 55.2389s)
[ITER 110] bestGlobalCost=4251.57 (feasible=YES) bestThisIter=4342.01 feasibleAnts=9 noImprove=29 (elapsed 60.9082s)
[ITER 120] bestGlobalCost=4251.57 (feasible=YES) bestThisIter=4292.72 feasibleAnts=7 noImprove=39 (elapsed 64.9368s)
[ITER 130] bestGlobalCost=4251.57 (feasible=YES) bestThisIter=4391.63 feasibleAnts=9 noImprove=49 (elapsed 69.5773s)
[RESET] no improvement for50-> reset pheromones
[ITER 140] bestGlobalCost=4251.57 (feasible=YES) bestThisIter=4259.89 feasibleAnts=10 noImprove=9 (elapsed 76.3803s)
[ITER 150] bestGlobalCost=4251.57 (feasible=YES) bestThisIter=4298.12 feasibleAnts=10 noImprove=19 (elapsed 82.5255s)
[ITER 160] bestGlobalCost=4251.57 (feasible=YES) bestThisIter=4344.77 feasibleAnts=8 noImprove=29 (elapsed 87.7087s)
[ITER 170] bestGlobalCost=4251.57 (feasible=YES) bestThisIter=4302.40 feasibleAnts=6 noImprove=39 (elapsed 92.0103s)
[ITER 180] bestGlobalCost=4251.57 (feasible=YES) bestThisIter=4303.37 feasibleAnts=5 noImprove=49 (elapsed 95.6653s)
[RESET] no improvement for50-> reset pheromones
[ITER 187] New best cost=4249.72 (feasible=YES, time 99.0159s)
[ITER 190] bestGlobalCost=4249.72 (feasible=YES) bestThisIter=4250.32 feasibleAnts=14 noImprove=3 (elapsed 102.223s)
[ITER 200] bestGlobalCost=4249.72 (feasible=YES) bestThisIter=4300.45 feasibleAnts=10 noImprove=13 (elapsed 109.356s)
[ITER 210] bestGlobalCost=4249.72 (feasible=YES) bestThisIter=4298.47 feasibleAnts=10 noImprove=23 (elapsed 115.595s)
[ITER 220] bestGlobalCost=4249.72 (feasible=YES) bestThisIter=4360.69 feasibleAnts=8 noImprove=33 (elapsed 120.821s)
[ITER 230] bestGlobalCost=4249.72 (feasible=YES) bestThisIter=4292.01 feasibleAnts=6 noImprove=43 (elapsed 124.621s)
[RESET] no improvement for50-> reset pheromones
[ITER 240] bestGlobalCost=4249.72 (feasible=YES) bestThisIter=4251.57 feasibleAnts=10 noImprove=3 (elapsed 129.216s)
[ITER 250] bestGlobalCost=4249.72 (feasible=YES) bestThisIter=4283.33 feasibleAnts=9 noImprove=13 (elapsed 136.077s)
[ITER 260] bestGlobalCost=4249.72 (feasible=YES) bestThisIter=4303.68 feasibleAnts=7 noImprove=23 (elapsed 141.518s)
[ITER 270] bestGlobalCost=4249.72 (feasible=YES) bestThisIter=4299.07 feasibleAnts=7 noImprove=33 (elapsed 146.498s)
[ITER 280] bestGlobalCost=4249.72 (feasible=YES) bestThisIter=4377.41 feasibleAnts=7 noImprove=43 (elapsed 150.473s)
[RESET] no improvement for50-> reset pheromones
[ITER 290] bestGlobalCost=4249.72 (feasible=YES) bestThisIter=4257.11 feasibleAnts=10 noImprove=3 (elapsed 154.962s)
[ITER 300] bestGlobalCost=4249.72 (feasible=YES) bestThisIter=4288.74 feasibleAnts=10 noImprove=13 (elapsed 161.825s)
[ITER 310] bestGlobalCost=4249.72 (feasible=YES) bestThisIter=4328.14 feasibleAnts=9 noImprove=23 (elapsed 168.049s)
[ITER 320] bestGlobalCost=4249.72 (feasible=YES) bestThisIter=4365.73 feasibleAnts=7 noImprove=33 (elapsed 172.998s)
[ITER 330] bestGlobalCost=4249.72 (feasible=YES) bestThisIter=4325.08 feasibleAnts=6 noImprove=43 (elapsed 177.255s)
[RESET] no improvement for50-> reset pheromones
[ITER 340] bestGlobalCost=4249.72 (feasible=YES) bestThisIter=4266.57 feasibleAnts=10 noImprove=3 (elapsed 181.207s)
[ITER 350] bestGlobalCost=4249.72 (feasible=YES) bestThisIter=4256.02 feasibleAnts=10 noImprove=13 (elapsed 188.261s)
[ITER 360] bestGlobalCost=4249.72 (feasible=YES) bestThisIter=4321.11 feasibleAnts=8 noImprove=23 (elapsed 194.041s)
[ITER 370] bestGlobalCost=4249.72 (feasible=YES) bestThisIter=4399.80 feasibleAnts=5 noImprove=33 (elapsed 198.182s)
[ITER 380] bestGlobalCost=4249.72 (feasible=YES) bestThisIter=4360.02 feasibleAnts=5 noImprove=43 (elapsed 201.935s)
[RESET] no improvement for50-> reset pheromones
[ITER 390] bestGlobalCost=4249.72 (feasible=YES) bestThisIter=4263.15 feasibleAnts=11 noImprove=3 (elapsed 205.98s)
[ITER 400] bestGlobalCost=4249.72 (feasible=YES) bestThisIter=4258.04 feasibleAnts=10 noImprove=13 (elapsed 213.322s)
[ITER 410] bestGlobalCost=4249.72 (feasible=YES) bestThisIter=4310.86 feasibleAnts=9 noImprove=23 (elapsed 219.515s)
[ITER 420] bestGlobalCost=4249.72 (feasible=YES) bestThisIter=4361.85 feasibleAnts=10 noImprove=33 (elapsed 225.026s)
[ITER 430] bestGlobalCost=4249.72 (feasible=YES) bestThisIter=4272.21 feasibleAnts=7 noImprove=43 (elapsed 229.301s)
[RESET] no improvement for50-> reset pheromones
[ITER 440] bestGlobalCost=4249.72 (feasible=YES) bestThisIter=4283.65 feasibleAnts=10 noImprove=3 (elapsed 234.452s)
[ITER 450] bestGlobalCost=4249.72 (feasible=YES) bestThisIter=4290.59 feasibleAnts=10 noImprove=13 (elapsed 241.668s)
[ITER 460] bestGlobalCost=4249.72 (feasible=YES) bestThisIter=4300.83 feasibleAnts=10 noImprove=23 (elapsed 247.516s)
[ITER 470] bestGlobalCost=4249.72 (feasible=YES) bestThisIter=4336.86 feasibleAnts=8 noImprove=33 (elapsed 251.929s)
[ITER 480] bestGlobalCost=4249.72 (feasible=YES) bestThisIter=4398.84 feasibleAnts=6 noImprove=43 (elapsed 255.58s)
[RESET] no improvement for50-> reset pheromones
[ITER 490] bestGlobalCost=4249.72 (feasible=YES) bestThisIter=4261.51 feasibleAnts=10 noImprove=3 (elapsed 259.783s)
[ITER 500] bestGlobalCost=4249.72 (feasible=YES) bestThisIter=4304.64 feasibleAnts=10 noImprove=13 (elapsed 267.698s)
[ITER 510] bestGlobalCost=4249.72 (feasible=YES) bestThisIter=4285.23 feasibleAnts=8 noImprove=23 (elapsed 273.678s)
[ITER 520] bestGlobalCost=4249.72 (feasible=YES) bestThisIter=4344.37 feasibleAnts=8 noImprove=33 (elapsed 278.479s)
[ITER 530] bestGlobalCost=4249.72 (feasible=YES) bestThisIter=4308.09 feasibleAnts=6 noImprove=43 (elapsed 282.314s)
[RESET] no improvement for50-> reset pheromones
[ITER 540] New best cost=4249.03 (feasible=YES, time 286.867s)
[ITER 540] bestGlobalCost=4249.03 (feasible=YES) bestThisIter=4249.72 feasibleAnts=11 noImprove=0 (elapsed 286.872s)
[ITER 550] bestGlobalCost=4249.03 (feasible=YES) bestThisIter=4275.84 feasibleAnts=10 noImprove=10 (elapsed 293.378s)
[ITER 553] New best cost=4241.68 (feasible=YES, time 294.98s)
[ITER 560] bestGlobalCost=4241.68 (feasible=YES) bestThisIter=4252.19 feasibleAnts=10 noImprove=7 (elapsed 300.174s)
146 147 148 149 150 151 152 153 154 155 187 
136 139 140 141 143 144 145 171 185 186 
9 10 11 12 17 18 19 20 21 32 
122 125 126 132 133 134 167 168 170 184 
157 158 160 161 162 163 164 165 166 169 
35 36 41 42 43 44 46 48 49 103 104 118 
179 181 182 183 194 195 196 202 
37 38 39 40 119 120 123 124 128 129 130 131 
95 99 105 106 107 108 109 110 111 112 
2 3 4 5 6 7 8 14 15 16 
47 50 61 66 67 83 84 85 86 
22 23 24 25 27 28 29 127 137 138 142 
87 88 92 93 94 96 97 98 100 
135 172 173 174 175 176 177 178 180 189 
30 31 33 34 45 52 53 56 57 59 60 62 
1 13 26 55 68 74 75 76 
101 102 113 114 115 116 117 121 156 159 
51 54 58 63 64 65 69 70 71 72 73 
77 78 79 80 81 82 89 90 91 
188 190 191 192 193 197 198 199 200 201 
[SAVELOGS] evolution saved to results/logs/aco_logs/evolution/gr202_20_2.txt
[SAVELOGS] best cost saved to results/logs/aco_logs/objectives/gr202_20_2.txt
[SAVELOGS] best solution saved to results/logs/aco_logs/solutions/gr202_20_2.txt
