[ITER 1] New best cost=898168.43 (feasible=YES, time 4.77835s)
[ITER 2] New best cost=750993.01 (feasible=YES, time 7.98983s)
[ITER 3] New best cost=668554.16 (feasible=YES, time 12.2372s)
[ITER 4] New best cost=619110.48 (feasible=YES, time 16.6283s)
[ITER 10] [TS] New best cost=557385.82 (feasible=YES, time 54.7795s)
[ITER 10] [TS] New best cost=556769.88 (feasible=YES, time 104.565s)
[ITER 10] bestGlobalCost=556769.88 (feasible=YES) bestThisIter=642791.81 feasibleAnts=10 noImprove=1 (elapsed 104.57s)
[ITER 20] bestGlobalCost=556769.88 (feasible=YES) bestThisIter=1314746.21 feasibleAnts=10 noImprove=11 (elapsed 215.65s)
[ITER 30] bestGlobalCost=556769.88 (feasible=YES) bestThisIter=1854759.78 feasibleAnts=10 noImprove=21 (elapsed 325.498s)
[RESET] no improvement for30-> reset pheromones
[ITER 40] [TS] New best cost=550882.14 (feasible=YES, time 435.589s)
[ITER 40] bestGlobalCost=550882.14 (feasible=YES) bestThisIter=944088.03 feasibleAnts=10 noImprove=1 (elapsed 435.594s)
[ITER 50] bestGlobalCost=550882.14 (feasible=YES) bestThisIter=1211365.47 feasibleAnts=10 noImprove=11 (elapsed 554.924s)
[ITER 60] bestGlobalCost=550882.14 (feasible=YES) bestThisIter=2241410.86 feasibleAnts=10 noImprove=21 (elapsed 668.516s)
[RESET] no improvement for30-> reset pheromones
[ITER 70] bestGlobalCost=550882.14 (feasible=YES) bestThisIter=942931.13 feasibleAnts=10 noImprove=1 (elapsed 776.238s)
[ITER 80] bestGlobalCost=550882.14 (feasible=YES) bestThisIter=1116264.41 feasibleAnts=10 noImprove=11 (elapsed 888.562s)
[ITER 90] bestGlobalCost=550882.14 (feasible=YES) bestThisIter=2014693.06 feasibleAnts=10 noImprove=21 (elapsed 997.625s)
[RESET] no improvement for30-> reset pheromones
[ITER 100] bestGlobalCost=550882.14 (feasible=YES) bestThisIter=949114.78 feasibleAnts=10 noImprove=1 (elapsed 1106.64s)
[ITER 110] bestGlobalCost=550882.14 (feasible=YES) bestThisIter=1196251.56 feasibleAnts=10 noImprove=11 (elapsed 1220.66s)
[ITER 120] bestGlobalCost=550882.14 (feasible=YES) bestThisIter=1890715.57 feasibleAnts=10 noImprove=21 (elapsed 1331.84s)
[RESET] no improvement for30-> reset pheromones
[ITER 130] [TS] New best cost=550735.64 (feasible=YES, time 1444.52s)
[ITER 130] bestGlobalCost=550735.64 (feasible=YES) bestThisIter=961119.29 feasibleAnts=10 noImprove=1 (elapsed 1444.53s)
[ITER 140] [TS] New best cost=549711.64 (feasible=YES, time 1539.44s)
[ITER 140] bestGlobalCost=549711.64 (feasible=YES) bestThisIter=936360.58 feasibleAnts=10 noImprove=1 (elapsed 1565.95s)
47 54 55 56 57 58 59 61 64 67 68 71 74 75 76 79 81 86 98 99 
154 156 157 158 159 160 161 162 163 165 167 168 171 178 180 181 183 186 187 188 193 
9 14 15 27 30 35 37 121 123 124 125 128 143 144 146 147 150 152 153 
250 252 253 254 256 257 258 260 263 265 274 276 277 279 280 281 282 283 284 285 287 289 
205 206 207 208 209 210 211 212 213 226 227 228 229 230 231 233 234 235 236 237 238 239 366 
21 22 31 34 36 38 41 42 43 44 45 46 48 49 50 51 52 53 182 336 354 
2 3 4 5 6 7 10 11 12 16 17 18 20 23 25 26 28 29 32 129 151 
111 113 114 116 117 118 119 120 122 126 127 134 135 136 137 138 139 140 141 142 145 148 149 
251 255 261 275 278 373 374 375 376 377 378 379 385 387 397 398 399 412 416 417 
33 106 107 108 109 110 112 115 130 131 132 133 305 306 307 308 320 321 331 332 348 
1 8 13 19 24 39 40 309 310 311 312 313 324 334 335 337 349 350 351 
164 166 169 170 172 173 174 175 176 177 190 191 192 194 195 196 197 198 199 200 201 
259 262 264 266 267 268 269 270 271 272 273 286 288 290 291 292 293 294 295 296 297 
298 299 300 301 302 303 304 322 323 328 329 330 333 340 341 342 343 344 345 346 347 
214 215 216 217 218 219 220 221 222 223 224 225 232 240 241 242 243 244 245 246 247 248 249 
92 101 102 369 370 371 372 384 386 394 395 396 409 410 411 413 414 415 
63 65 66 69 73 77 78 80 82 83 84 85 87 88 90 93 95 96 97 100 
155 179 184 185 189 314 315 316 317 318 319 325 326 327 338 339 352 353 355 356 357 
60 62 70 72 89 91 94 103 104 105 204 360 363 364 367 368 382 390 391 393 406 
202 203 358 359 361 362 365 380 381 383 388 389 392 400 401 402 403 404 405 407 408 
[SAVELOGS] evolution saved to results/logs/fl417_20_5/evolution/fl417_20_5
[SAVELOGS] best cost saved to results/logs/fl417_20_5/objectives/fl417_20_5
[SAVELOGS] best solution saved to results/logs/fl417_20_5/solutions/fl417_20_5
