[ITER 1] New best cost=4587545.31 (feasible=YES, time 0.0764566s)
[ITER 2] New best cost=4493954.20 (feasible=YES, time 0.137341s)
[ITER 3] New best cost=4473265.02 (feasible=YES, time 0.211159s)
[ITER 4] New best cost=4461472.67 (feasible=YES, time 0.263967s)
[ITER 6] New best cost=4453405.51 (feasible=YES, time 0.384275s)
[ITER 10] bestGlobalCost=4453405.51 (feasible=YES) bestThisIter=4453405.51 feasibleAnts=10 noImprove=4 (elapsed 0.560085s)
[ITER 15] New best cost=4452153.49 (feasible=YES, time 1.466s)
[ITER 20] bestGlobalCost=4452153.49 (feasible=YES) bestThisIter=4452153.49 feasibleAnts=18 noImprove=5 (elapsed 4.40922s)
[ITER 21] New best cost=4443811.17 (feasible=YES, time 4.4743s)
[ITER 30] bestGlobalCost=4443811.17 (feasible=YES) bestThisIter=4443811.17 feasibleAnts=13 noImprove=9 (elapsed 8.92503s)
[ITER 40] bestGlobalCost=4443811.17 (feasible=YES) bestThisIter=4443811.17 feasibleAnts=10 noImprove=19 (elapsed 9.37562s)
[ITER 50] bestGlobalCost=4443811.17 (feasible=YES) bestThisIter=4443811.17 feasibleAnts=9 noImprove=29 (elapsed 13.4427s)
[RESET] no improvement for30-> reset pheromones
[ITER 60] bestGlobalCost=4443811.17 (feasible=YES) bestThisIter=4508164.86 feasibleAnts=10 noImprove=9 (elapsed 18.1104s)
[ITER 70] bestGlobalCost=4443811.17 (feasible=YES) bestThisIter=4443811.17 feasibleAnts=10 noImprove=19 (elapsed 18.6562s)
[ITER 73] New best cost=4443811.17 (feasible=YES, time 18.8104s)
[ITER 80] bestGlobalCost=4443811.17 (feasible=YES) bestThisIter=4443811.17 feasibleAnts=15 noImprove=7 (elapsed 22.8919s)
[ITER 90] bestGlobalCost=4443811.17 (feasible=YES) bestThisIter=4466680.81 feasibleAnts=10 noImprove=17 (elapsed 27.1615s)
[ITER 100] bestGlobalCost=4443811.17 (feasible=YES) bestThisIter=4443811.17 feasibleAnts=11 noImprove=27 (elapsed 27.6118s)
[RESET] no improvement for30-> reset pheromones
[ITER 110] bestGlobalCost=4443811.17 (feasible=YES) bestThisIter=4487972.34 feasibleAnts=10 noImprove=7 (elapsed 32.2711s)
[ITER 120] bestGlobalCost=4443811.17 (feasible=YES) bestThisIter=4480515.12 feasibleAnts=10 noImprove=17 (elapsed 36.3223s)
[ITER 130] bestGlobalCost=4443811.17 (feasible=YES) bestThisIter=4443811.17 feasibleAnts=10 noImprove=27 (elapsed 36.8161s)
[RESET] no improvement for30-> reset pheromones
[ITER 140] bestGlobalCost=4443811.17 (feasible=YES) bestThisIter=4489121.21 feasibleAnts=10 noImprove=7 (elapsed 41.4721s)
[ITER 150] bestGlobalCost=4443811.17 (feasible=YES) bestThisIter=4443811.17 feasibleAnts=10 noImprove=17 (elapsed 45.4661s)
[ITER 160] bestGlobalCost=4443811.17 (feasible=YES) bestThisIter=4443811.17 feasibleAnts=10 noImprove=27 (elapsed 46.1361s)
[RESET] no improvement for30-> reset pheromones
[ITER 170] bestGlobalCost=4443811.17 (feasible=YES) bestThisIter=4487907.60 feasibleAnts=10 noImprove=7 (elapsed 50.6296s)
[ITER 180] bestGlobalCost=4443811.17 (feasible=YES) bestThisIter=4443811.17 feasibleAnts=10 noImprove=17 (elapsed 54.9661s)
[ITER 190] bestGlobalCost=4443811.17 (feasible=YES) bestThisIter=4443811.17 feasibleAnts=10 noImprove=27 (elapsed 55.5195s)
[RESET] no improvement for30-> reset pheromones
[ITER 200] bestGlobalCost=4443811.17 (feasible=YES) bestThisIter=4443811.17 feasibleAnts=10 noImprove=7 (elapsed 59.7028s)
1 2 4 6 7 8 9 12 15 16 17 18 20 21 22 23 24 27 36 41 50 72 77 105 106 108 114 120 
3 10 11 13 52 58 59 60 61 62 64 65 67 88 89 90 91 92 99 100 104 113 115 116 125 
14 25 26 28 29 30 31 32 33 34 37 38 39 42 43 79 80 95 97 98 117 122 123 127 
5 35 40 44 45 46 47 48 49 51 53 54 55 56 57 66 93 94 103 107 111 112 118 121 124 
19 63 68 69 70 71 73 74 75 76 78 81 82 83 84 85 86 87 96 101 102 109 110 119 126 
[SAVELOGS] evolution saved to results/logs/bier127_05_4/evolution/bier127_05_4
[SAVELOGS] best cost saved to results/logs/bier127_05_4/objectives/bier127_05_4
[SAVELOGS] best solution saved to results/logs/bier127_05_4/solutions/bier127_05_4
