[ITER 1] New best cost=21209.29 (feasible=YES, time 0.16176s)
[ITER 3] New best cost=20965.14 (feasible=YES, time 0.377582s)
[ITER 4] New best cost=20869.39 (feasible=YES, time 0.479367s)
[ITER 5] New best cost=20827.60 (feasible=YES, time 0.632624s)
[ITER 7] New best cost=20495.54 (feasible=YES, time 0.852573s)
[ITER 10] bestGlobalCost=20495.54 (feasible=YES) bestThisIter=20495.54 feasibleAnts=10 noImprove=3 (elapsed 1.25829s)
[ITER 11] New best cost=20296.43 (feasible=YES, time 1.42712s)
[ITER 13] New best cost=20265.10 (feasible=YES, time 1.69101s)
[ITER 15] New best cost=19912.57 (feasible=YES, time 2.8987s)
[ITER 20] bestGlobalCost=19912.57 (feasible=YES) bestThisIter=19912.57 feasibleAnts=12 noImprove=5 (elapsed 7.44793s)
[ITER 30] bestGlobalCost=19912.57 (feasible=YES) bestThisIter=20248.89 feasibleAnts=10 noImprove=15 (elapsed 13.3516s)
[ITER 40] bestGlobalCost=19912.57 (feasible=YES) bestThisIter=20666.77 feasibleAnts=10 noImprove=25 (elapsed 14.5434s)
[RESET] no improvement for30-> reset pheromones
[ITER 50] bestGlobalCost=19912.57 (feasible=YES) bestThisIter=21203.40 feasibleAnts=10 noImprove=5 (elapsed 20.1581s)
[ITER 60] bestGlobalCost=19912.57 (feasible=YES) bestThisIter=20343.37 feasibleAnts=10 noImprove=15 (elapsed 26.3705s)
[ITER 70] bestGlobalCost=19912.57 (feasible=YES) bestThisIter=21039.19 feasibleAnts=10 noImprove=25 (elapsed 28.0086s)
[RESET] no improvement for30-> reset pheromones
[ITER 80] bestGlobalCost=19912.57 (feasible=YES) bestThisIter=21273.93 feasibleAnts=10 noImprove=5 (elapsed 34.514s)
[ITER 90] bestGlobalCost=19912.57 (feasible=YES) bestThisIter=20072.66 feasibleAnts=10 noImprove=15 (elapsed 40.0361s)
[ITER 100] bestGlobalCost=19912.57 (feasible=YES) bestThisIter=20739.68 feasibleAnts=10 noImprove=25 (elapsed 41.1489s)
[RESET] no improvement for30-> reset pheromones
[ITER 110] bestGlobalCost=19912.57 (feasible=YES) bestThisIter=20149.02 feasibleAnts=10 noImprove=5 (elapsed 46.6815s)
[ITER 120] bestGlobalCost=19912.57 (feasible=YES) bestThisIter=20045.19 feasibleAnts=9 noImprove=15 (elapsed 52.407s)
[ITER 130] bestGlobalCost=19912.57 (feasible=YES) bestThisIter=20229.32 feasibleAnts=10 noImprove=25 (elapsed 53.451s)
[RESET] no improvement for30-> reset pheromones
[ITER 140] bestGlobalCost=19912.57 (feasible=YES) bestThisIter=21403.00 feasibleAnts=10 noImprove=5 (elapsed 58.8217s)
5 37 39 57 63 67 73 77 83 101 106 114 
12 21 53 64 88 93 95 97 102 109 115 
18 19 20 22 25 31 66 75 81 85 86 117 
14 24 28 38 40 44 60 61 72 74 87 105 
33 43 52 58 65 68 79 91 100 107 108 
1 15 16 29 30 32 45 59 76 78 92 94 120 
2 3 4 7 9 11 23 27 51 80 82 103 119 
13 17 41 42 46 49 50 56 69 98 113 118 
8 26 34 47 54 55 70 71 90 96 111 112 116 
6 10 35 36 48 62 84 89 99 104 110 
[SAVELOGS] evolution saved to results/logs/gr120_10_4/evolution/gr120_10_4
[SAVELOGS] best cost saved to results/logs/gr120_10_4/objectives/gr120_10_4
[SAVELOGS] best solution saved to results/logs/gr120_10_4/solutions/gr120_10_4
