[ITER 1] New best cost=17457048.89 (feasible=YES, time 0.810867s)
[ITER 8] New best cost=17393281.37 (feasible=YES, time 4.72552s)
[ITER 10] bestGlobalCost=17393281.37 (feasible=YES) bestThisIter=17457048.89 feasibleAnts=16 noImprove=2 (elapsed 6.47608s)
[ITER 18] New best cost=17383259.03 (feasible=YES, time 13.0737s)
[ITER 20] bestGlobalCost=17383259.03 (feasible=YES) bestThisIter=17393281.37 feasibleAnts=11 noImprove=2 (elapsed 15.8477s)
[ITER 21] New best cost=17363244.30 (feasible=YES, time 16.4627s)
[ITER 25] New best cost=17321095.63 (feasible=YES, time 19.6383s)
[ITER 30] bestGlobalCost=17321095.63 (feasible=YES) bestThisIter=17404946.80 feasibleAnts=13 noImprove=5 (elapsed 23.9611s)
[ITER 40] bestGlobalCost=17321095.63 (feasible=YES) bestThisIter=17481272.61 feasibleAnts=12 noImprove=15 (elapsed 31.6293s)
[ITER 50] bestGlobalCost=17321095.63 (feasible=YES) bestThisIter=17401347.34 feasibleAnts=10 noImprove=25 (elapsed 40.0357s)
[ITER 60] bestGlobalCost=17321095.63 (feasible=YES) bestThisIter=17457702.28 feasibleAnts=10 noImprove=35 (elapsed 48.532s)
[ITER 70] bestGlobalCost=17321095.63 (feasible=YES) bestThisIter=17346319.12 feasibleAnts=10 noImprove=45 (elapsed 66.5685s)
[RESET] no improvement for50-> reset pheromones
[ITER 80] bestGlobalCost=17321095.63 (feasible=YES) bestThisIter=17547388.68 feasibleAnts=10 noImprove=5 (elapsed 77.6036s)
[ITER 90] bestGlobalCost=17321095.63 (feasible=YES) bestThisIter=17397772.87 feasibleAnts=11 noImprove=15 (elapsed 86.1871s)
[ITER 100] bestGlobalCost=17321095.63 (feasible=YES) bestThisIter=17385996.70 feasibleAnts=10 noImprove=25 (elapsed 94.154s)
[ITER 110] bestGlobalCost=17321095.63 (feasible=YES) bestThisIter=17334128.72 feasibleAnts=10 noImprove=35 (elapsed 104.109s)
[ITER 120] bestGlobalCost=17321095.63 (feasible=YES) bestThisIter=17435914.89 feasibleAnts=10 noImprove=45 (elapsed 113.805s)
[RESET] no improvement for50-> reset pheromones
[ITER 126] New best cost=17312330.66 (feasible=YES, time 118.559s)
[ITER 127] New best cost=17286510.95 (feasible=YES, time 119.389s)
[ITER 128] New best cost=17249071.58 (feasible=YES, time 120.006s)
[ITER 129] New best cost=17221421.33 (feasible=YES, time 121.176s)
[ITER 130] bestGlobalCost=17221421.33 (feasible=YES) bestThisIter=17240945.08 feasibleAnts=10 noImprove=1 (elapsed 123.392s)
[ITER 131] New best cost=17200799.45 (feasible=YES, time 124.299s)
[ITER 133] New best cost=17188457.27 (feasible=YES, time 125.903s)
[ITER 134] New best cost=17184594.71 (feasible=YES, time 126.856s)
[ITER 140] bestGlobalCost=17184594.71 (feasible=YES) bestThisIter=17251038.80 feasibleAnts=14 noImprove=6 (elapsed 132.624s)
[ITER 145] New best cost=17164000.96 (feasible=YES, time 136.673s)
[ITER 150] bestGlobalCost=17164000.96 (feasible=YES) bestThisIter=17622268.38 feasibleAnts=17 noImprove=5 (elapsed 141.604s)
[ITER 157] New best cost=17156282.98 (feasible=YES, time 148.72s)
[ITER 160] bestGlobalCost=17156282.98 (feasible=YES) bestThisIter=17164000.96 feasibleAnts=10 noImprove=3 (elapsed 155.045s)
[ITER 164] New best cost=17154968.43 (feasible=YES, time 159.939s)
[ITER 170] New best cost=17144833.18 (feasible=YES, time 167.885s)
[ITER 170] bestGlobalCost=17144833.18 (feasible=YES) bestThisIter=17154968.43 feasibleAnts=13 noImprove=0 (elapsed 167.888s)
[ITER 180] bestGlobalCost=17144833.18 (feasible=YES) bestThisIter=17289514.30 feasibleAnts=14 noImprove=10 (elapsed 174.102s)
[ITER 186] New best cost=17134328.64 (feasible=YES, time 179.303s)
[ITER 190] New best cost=17126274.88 (feasible=YES, time 182.128s)
[ITER 190] bestGlobalCost=17126274.88 (feasible=YES) bestThisIter=17154968.43 feasibleAnts=10 noImprove=0 (elapsed 182.132s)
[ITER 200] bestGlobalCost=17126274.88 (feasible=YES) bestThisIter=17199932.60 feasibleAnts=19 noImprove=10 (elapsed 188.389s)
[ITER 210] bestGlobalCost=17126274.88 (feasible=YES) bestThisIter=17127160.20 feasibleAnts=10 noImprove=20 (elapsed 198.105s)
[ITER 220] bestGlobalCost=17126274.88 (feasible=YES) bestThisIter=17134328.64 feasibleAnts=10 noImprove=30 (elapsed 206.894s)
[ITER 230] bestGlobalCost=17126274.88 (feasible=YES) bestThisIter=17217630.57 feasibleAnts=10 noImprove=40 (elapsed 216.018s)
[ITER 240] bestGlobalCost=17126274.88 (feasible=YES) bestThisIter=17213958.65 feasibleAnts=10 noImprove=50 (elapsed 226.724s)
[RESET] no improvement for50-> reset pheromones
[ITER 250] bestGlobalCost=17126274.88 (feasible=YES) bestThisIter=17219318.46 feasibleAnts=18 noImprove=10 (elapsed 234.616s)
[ITER 260] bestGlobalCost=17126274.88 (feasible=YES) bestThisIter=17246796.66 feasibleAnts=12 noImprove=20 (elapsed 243.571s)
[ITER 270] bestGlobalCost=17126274.88 (feasible=YES) bestThisIter=17154968.43 feasibleAnts=10 noImprove=30 (elapsed 252.782s)
[ITER 280] bestGlobalCost=17126274.88 (feasible=YES) bestThisIter=17250717.88 feasibleAnts=10 noImprove=40 (elapsed 261.161s)
[ITER 290] bestGlobalCost=17126274.88 (feasible=YES) bestThisIter=17191141.75 feasibleAnts=10 noImprove=50 (elapsed 271.855s)
[RESET] no improvement for50-> reset pheromones
[ITER 300] bestGlobalCost=17126274.88 (feasible=YES) bestThisIter=17225681.96 feasibleAnts=18 noImprove=10 (elapsed 279.807s)
[ITER 310] bestGlobalCost=17126274.88 (feasible=YES) bestThisIter=17297867.93 feasibleAnts=10 noImprove=20 (elapsed 291.847s)
51 52 53 55 56 57 60 76 77 78 79 80 81 82 83 86 101 102 103 104 105 106 107 108 151 154 155 176 177 178 179 180 181 182 183 184 185 201 202 203 204 205 206 207 208 
12 13 14 15 16 17 18 19 20 21 22 23 24 25 38 39 40 41 42 43 45 46 47 48 49 50 63 136 137 138 139 140 141 142 143 144 145 146 147 148 149 150 167 171 172 
44 64 65 66 67 68 69 70 71 72 73 74 75 94 95 96 97 98 99 100 163 165 166 168 169 170 173 174 175 186 191 192 193 194 195 196 197 198 199 200 221 222 223 224 
1 2 3 4 5 6 7 8 9 10 11 26 27 28 29 30 31 32 33 34 35 36 37 54 58 59 61 62 126 127 128 129 130 131 132 133 134 135 152 153 156 157 158 159 160 161 162 164 
84 85 87 88 89 90 91 92 93 109 110 111 112 113 114 115 116 117 118 119 120 121 122 123 124 125 187 188 189 190 209 210 211 212 213 214 215 216 217 218 219 220 225 
[SAVELOGS] evolution saved to results/logs/aco_logs/evolution/ts225_05_5.txt
[SAVELOGS] best cost saved to results/logs/aco_logs/objectives/ts225_05_5.txt
[SAVELOGS] best solution saved to results/logs/aco_logs/solutions/ts225_05_5.txt
