[ITER 1] New best cost=10527.86 (feasible=YES, time 0.0847289s)
[ITER 2] New best cost=10392.69 (feasible=YES, time 0.168385s)
[ITER 3] New best cost=10349.93 (feasible=YES, time 0.223892s)
[ITER 4] New best cost=10336.74 (feasible=YES, time 0.289595s)
[ITER 5] New best cost=10159.16 (feasible=YES, time 0.325733s)
[ITER 6] New best cost=10151.76 (feasible=YES, time 0.358118s)
[ITER 10] bestGlobalCost=10151.76 (feasible=YES) bestThisIter=10156.34 feasibleAnts=10 noImprove=4 (elapsed 0.605342s)
[ITER 12] New best cost=10108.23 (feasible=YES, time 0.717016s)
[ITER 15] New best cost=10051.62 (feasible=YES, time 1.74783s)
[ITER 20] bestGlobalCost=10051.62 (feasible=YES) bestThisIter=10051.62 feasibleAnts=13 noImprove=5 (elapsed 3.27292s)
[ITER 30] bestGlobalCost=10051.62 (feasible=YES) bestThisIter=10133.30 feasibleAnts=10 noImprove=15 (elapsed 6.04683s)
[ITER 40] bestGlobalCost=10051.62 (feasible=YES) bestThisIter=10239.91 feasibleAnts=10 noImprove=25 (elapsed 6.63513s)
[RESET] no improvement for30-> reset pheromones
[ITER 50] bestGlobalCost=10051.62 (feasible=YES) bestThisIter=10051.62 feasibleAnts=10 noImprove=5 (elapsed 9.7734s)
[ITER 60] bestGlobalCost=10051.62 (feasible=YES) bestThisIter=10118.81 feasibleAnts=10 noImprove=15 (elapsed 13.1682s)
[ITER 70] bestGlobalCost=10051.62 (feasible=YES) bestThisIter=10095.04 feasibleAnts=10 noImprove=25 (elapsed 13.8117s)
[RESET] no improvement for30-> reset pheromones
[ITER 80] bestGlobalCost=10051.62 (feasible=YES) bestThisIter=10316.53 feasibleAnts=10 noImprove=5 (elapsed 16.7386s)
[ITER 90] bestGlobalCost=10051.62 (feasible=YES) bestThisIter=10221.44 feasibleAnts=10 noImprove=15 (elapsed 19.6301s)
[ITER 92] New best cost=10043.44 (feasible=YES, time 19.7402s)
[ITER 98] New best cost=10038.08 (feasible=YES, time 19.9498s)
[ITER 100] bestGlobalCost=10038.08 (feasible=YES) bestThisIter=10043.44 feasibleAnts=10 noImprove=2 (elapsed 20.0121s)
[ITER 110] bestGlobalCost=10038.08 (feasible=YES) bestThisIter=10107.39 feasibleAnts=10 noImprove=12 (elapsed 23.2781s)
[ITER 116] New best cost=10001.93 (feasible=YES, time 23.7578s)
[ITER 118] New best cost=9983.60 (feasible=YES, time 23.8467s)
[ITER 120] New best cost=9961.66 (feasible=YES, time 25.0027s)
[ITER 120] bestGlobalCost=9961.66 (feasible=YES) bestThisIter=9983.60 feasibleAnts=18 noImprove=0 (elapsed 26.4297s)
[ITER 130] bestGlobalCost=9961.66 (feasible=YES) bestThisIter=9961.66 feasibleAnts=10 noImprove=10 (elapsed 26.8118s)
[ITER 135] New best cost=9924.26 (feasible=YES, time 28.9972s)
[ITER 140] bestGlobalCost=9924.26 (feasible=YES) bestThisIter=9924.26 feasibleAnts=10 noImprove=5 (elapsed 29.7161s)
[ITER 150] bestGlobalCost=9924.26 (feasible=YES) bestThisIter=10187.44 feasibleAnts=10 noImprove=15 (elapsed 33.1295s)
[ITER 160] bestGlobalCost=9924.26 (feasible=YES) bestThisIter=10094.64 feasibleAnts=10 noImprove=25 (elapsed 33.7232s)
[RESET] no improvement for30-> reset pheromones
[ITER 170] bestGlobalCost=9924.26 (feasible=YES) bestThisIter=10415.88 feasibleAnts=10 noImprove=5 (elapsed 36.6523s)
[ITER 180] bestGlobalCost=9924.26 (feasible=YES) bestThisIter=10070.56 feasibleAnts=10 noImprove=15 (elapsed 39.7162s)
[ITER 190] bestGlobalCost=9924.26 (feasible=YES) bestThisIter=10051.48 feasibleAnts=10 noImprove=25 (elapsed 40.3474s)
[RESET] no improvement for30-> reset pheromones
[ITER 200] bestGlobalCost=9924.26 (feasible=YES) bestThisIter=10467.11 feasibleAnts=10 noImprove=5 (elapsed 43.3713s)
[ITER 210] bestGlobalCost=9924.26 (feasible=YES) bestThisIter=9924.26 feasibleAnts=10 noImprove=15 (elapsed 46.4231s)
[ITER 220] bestGlobalCost=9924.26 (feasible=YES) bestThisIter=10092.61 feasibleAnts=10 noImprove=25 (elapsed 47.0421s)
[RESET] no improvement for30-> reset pheromones
[ITER 230] bestGlobalCost=9924.26 (feasible=YES) bestThisIter=10135.46 feasibleAnts=10 noImprove=5 (elapsed 50.1994s)
[ITER 240] bestGlobalCost=9924.26 (feasible=YES) bestThisIter=10271.08 feasibleAnts=10 noImprove=15 (elapsed 53.6039s)
[ITER 250] bestGlobalCost=9924.26 (feasible=YES) bestThisIter=10344.96 feasibleAnts=10 noImprove=25 (elapsed 54.2245s)
[RESET] no improvement for30-> reset pheromones
[ITER 260] bestGlobalCost=9924.26 (feasible=YES) bestThisIter=10126.70 feasibleAnts=10 noImprove=5 (elapsed 57.4395s)
[ITER 270] bestGlobalCost=9924.26 (feasible=YES) bestThisIter=10071.26 feasibleAnts=10 noImprove=15 (elapsed 60.9914s)
1 8 24 60 90 96 111 
5 39 57 63 73 77 83 
17 20 42 46 49 50 75 98 113 118 
19 22 31 66 81 85 94 117 
15 16 29 30 59 61 76 92 120 
10 35 37 62 67 99 104 106 
2 9 11 23 51 82 103 115 
3 27 53 80 101 102 110 114 
14 28 32 45 74 78 86 87 
4 26 34 47 54 70 71 116 119 
7 38 40 41 44 56 72 105 
13 18 43 65 69 107 108 
25 33 52 58 68 79 91 100 
6 36 48 55 84 89 112 
12 21 64 88 93 95 97 109 
[SAVELOGS] evolution saved to results/logs/gr120_15_2/evolution/gr120_15_2
[SAVELOGS] best cost saved to results/logs/gr120_15_2/objectives/gr120_15_2
[SAVELOGS] best solution saved to results/logs/gr120_15_2/solutions/gr120_15_2
