[ITER 1] New best cost=3021378.31 (feasible=YES, time 0.0590757s)
[ITER 10] bestGlobalCost=3021378.31 (feasible=YES) bestThisIter=3021378.31 feasibleAnts=10 noImprove=9 (elapsed 0.442995s)
[ITER 20] bestGlobalCost=3021378.31 (feasible=YES) bestThisIter=3021378.31 feasibleAnts=10 noImprove=19 (elapsed 3.25423s)
[ITER 30] bestGlobalCost=3021378.31 (feasible=YES) bestThisIter=3021378.31 feasibleAnts=9 noImprove=29 (elapsed 6.52385s)
[RESET] no improvement for30-> reset pheromones
[ITER 40] bestGlobalCost=3021378.31 (feasible=YES) bestThisIter=3034160.75 feasibleAnts=10 noImprove=9 (elapsed 7.04277s)
[ITER 50] bestGlobalCost=3021378.31 (feasible=YES) bestThisIter=3021378.31 feasibleAnts=10 noImprove=19 (elapsed 9.76018s)
[ITER 60] bestGlobalCost=3021378.31 (feasible=YES) bestThisIter=3021378.31 feasibleAnts=10 noImprove=29 (elapsed 12.8183s)
[RESET] no improvement for30-> reset pheromones
[ITER 70] bestGlobalCost=3021378.31 (feasible=YES) bestThisIter=3021378.31 feasibleAnts=10 noImprove=9 (elapsed 13.3774s)
[ITER 80] bestGlobalCost=3021378.31 (feasible=YES) bestThisIter=3021378.31 feasibleAnts=9 noImprove=19 (elapsed 16.34s)
[ITER 90] bestGlobalCost=3021378.31 (feasible=YES) bestThisIter=3021378.31 feasibleAnts=10 noImprove=29 (elapsed 19.1449s)
[RESET] no improvement for30-> reset pheromones
[ITER 100] bestGlobalCost=3021378.31 (feasible=YES) bestThisIter=3021378.31 feasibleAnts=10 noImprove=9 (elapsed 19.7146s)
[ITER 110] bestGlobalCost=3021378.31 (feasible=YES) bestThisIter=3021378.31 feasibleAnts=10 noImprove=19 (elapsed 22.9759s)
[ITER 120] bestGlobalCost=3021378.31 (feasible=YES) bestThisIter=3021378.31 feasibleAnts=9 noImprove=29 (elapsed 25.7478s)
[RESET] no improvement for30-> reset pheromones
[ITER 130] bestGlobalCost=3021378.31 (feasible=YES) bestThisIter=3021378.31 feasibleAnts=10 noImprove=9 (elapsed 26.2605s)
[ITER 140] bestGlobalCost=3021378.31 (feasible=YES) bestThisIter=3021378.31 feasibleAnts=10 noImprove=19 (elapsed 29.4622s)
[ITER 150] bestGlobalCost=3021378.31 (feasible=YES) bestThisIter=3021378.31 feasibleAnts=10 noImprove=29 (elapsed 32.4526s)
[RESET] no improvement for30-> reset pheromones
[ITER 160] bestGlobalCost=3021378.31 (feasible=YES) bestThisIter=3021378.31 feasibleAnts=10 noImprove=9 (elapsed 32.9568s)
[ITER 170] bestGlobalCost=3021378.31 (feasible=YES) bestThisIter=3021378.31 feasibleAnts=10 noImprove=19 (elapsed 35.8892s)
[ITER 180] bestGlobalCost=3021378.31 (feasible=YES) bestThisIter=3021378.31 feasibleAnts=10 noImprove=29 (elapsed 39.1627s)
[RESET] no improvement for30-> reset pheromones
[ITER 190] bestGlobalCost=3021378.31 (feasible=YES) bestThisIter=3023671.58 feasibleAnts=10 noImprove=9 (elapsed 39.6183s)
[ITER 200] bestGlobalCost=3021378.31 (feasible=YES) bestThisIter=3021378.31 feasibleAnts=10 noImprove=19 (elapsed 42.3079s)
[ITER 210] bestGlobalCost=3021378.31 (feasible=YES) bestThisIter=3021378.31 feasibleAnts=9 noImprove=29 (elapsed 45.5197s)
[RESET] no improvement for30-> reset pheromones
[ITER 220] bestGlobalCost=3021378.31 (feasible=YES) bestThisIter=3021378.31 feasibleAnts=10 noImprove=9 (elapsed 46.1193s)
[ITER 230] bestGlobalCost=3021378.31 (feasible=YES) bestThisIter=3021378.31 feasibleAnts=10 noImprove=19 (elapsed 49.0387s)
[ITER 240] bestGlobalCost=3021378.31 (feasible=YES) bestThisIter=3021378.31 feasibleAnts=10 noImprove=29 (elapsed 51.9403s)
[RESET] no improvement for30-> reset pheromones
[ITER 250] bestGlobalCost=3021378.31 (feasible=YES) bestThisIter=3109315.86 feasibleAnts=10 noImprove=9 (elapsed 52.4869s)
[ITER 260] bestGlobalCost=3021378.31 (feasible=YES) bestThisIter=3021378.31 feasibleAnts=10 noImprove=19 (elapsed 55.6503s)
[ITER 270] bestGlobalCost=3021378.31 (feasible=YES) bestThisIter=3021378.31 feasibleAnts=10 noImprove=29 (elapsed 58.3127s)
[RESET] no improvement for30-> reset pheromones
[ITER 280] bestGlobalCost=3021378.31 (feasible=YES) bestThisIter=3021378.31 feasibleAnts=10 noImprove=9 (elapsed 58.7811s)
77 78 79 80 82 83 92 93 94 95 96 97 98 99 100 115 116 117 118 119 120 121 122 123 124 
46 54 84 85 86 87 88 89 90 91 101 102 103 104 105 106 107 108 109 110 111 112 113 114 
9 10 11 12 13 14 15 16 17 18 19 20 21 39 41 42 43 44 45 47 48 49 50 51 52 53 
1 2 3 4 5 6 7 8 22 23 24 25 26 27 28 29 30 31 32 33 34 35 36 37 38 
40 55 56 57 58 59 60 61 62 63 64 65 66 67 68 69 70 71 72 73 74 75 76 81 
[SAVELOGS] evolution saved to results/logs/pr124_05_3/evolution/pr124_05_3
[SAVELOGS] best cost saved to results/logs/pr124_05_3/objectives/pr124_05_3
[SAVELOGS] best solution saved to results/logs/pr124_05_3/solutions/pr124_05_3
