[ITER 1] New best cost=3114773.60 (feasible=YES, time 0.0322312s)
[ITER 2] New best cost=3024138.17 (feasible=YES, time 0.0779748s)
[ITER 3] New best cost=3021378.31 (feasible=YES, time 0.12855s)
[ITER 10] bestGlobalCost=3021378.31 (feasible=YES) bestThisIter=3024138.17 feasibleAnts=10 noImprove=7 (elapsed 0.457275s)
[ITER 20] bestGlobalCost=3021378.31 (feasible=YES) bestThisIter=3021378.31 feasibleAnts=10 noImprove=17 (elapsed 3.09283s)
[ITER 30] bestGlobalCost=3021378.31 (feasible=YES) bestThisIter=3021378.31 feasibleAnts=10 noImprove=27 (elapsed 5.75275s)
[RESET] no improvement for30-> reset pheromones
[ITER 40] bestGlobalCost=3021378.31 (feasible=YES) bestThisIter=3089496.77 feasibleAnts=10 noImprove=7 (elapsed 6.24388s)
[ITER 50] bestGlobalCost=3021378.31 (feasible=YES) bestThisIter=3024138.17 feasibleAnts=10 noImprove=17 (elapsed 8.93168s)
[ITER 60] bestGlobalCost=3021378.31 (feasible=YES) bestThisIter=3021378.31 feasibleAnts=10 noImprove=27 (elapsed 11.6999s)
[RESET] no improvement for30-> reset pheromones
[ITER 70] bestGlobalCost=3021378.31 (feasible=YES) bestThisIter=3023671.58 feasibleAnts=10 noImprove=7 (elapsed 12.1659s)
[ITER 80] bestGlobalCost=3021378.31 (feasible=YES) bestThisIter=3021378.31 feasibleAnts=10 noImprove=17 (elapsed 14.9182s)
[ITER 90] bestGlobalCost=3021378.31 (feasible=YES) bestThisIter=3021378.31 feasibleAnts=9 noImprove=27 (elapsed 18.1382s)
[RESET] no improvement for30-> reset pheromones
[ITER 100] bestGlobalCost=3021378.31 (feasible=YES) bestThisIter=3036488.53 feasibleAnts=10 noImprove=7 (elapsed 18.6354s)
[ITER 110] bestGlobalCost=3021378.31 (feasible=YES) bestThisIter=3021378.31 feasibleAnts=10 noImprove=17 (elapsed 21.4122s)
[ITER 120] bestGlobalCost=3021378.31 (feasible=YES) bestThisIter=3021378.31 feasibleAnts=10 noImprove=27 (elapsed 24.1307s)
[RESET] no improvement for30-> reset pheromones
[ITER 130] bestGlobalCost=3021378.31 (feasible=YES) bestThisIter=3081736.52 feasibleAnts=10 noImprove=7 (elapsed 24.5886s)
[ITER 140] bestGlobalCost=3021378.31 (feasible=YES) bestThisIter=3021378.31 feasibleAnts=10 noImprove=17 (elapsed 27.291s)
[ITER 150] bestGlobalCost=3021378.31 (feasible=YES) bestThisIter=3021378.31 feasibleAnts=10 noImprove=27 (elapsed 30.5736s)
[RESET] no improvement for30-> reset pheromones
[ITER 160] bestGlobalCost=3021378.31 (feasible=YES) bestThisIter=3051545.03 feasibleAnts=10 noImprove=7 (elapsed 31.1917s)
[ITER 170] bestGlobalCost=3021378.31 (feasible=YES) bestThisIter=3021378.31 feasibleAnts=10 noImprove=17 (elapsed 33.8986s)
[ITER 180] bestGlobalCost=3021378.31 (feasible=YES) bestThisIter=3021378.31 feasibleAnts=10 noImprove=27 (elapsed 36.5974s)
[RESET] no improvement for30-> reset pheromones
[ITER 190] bestGlobalCost=3021378.31 (feasible=YES) bestThisIter=3023671.58 feasibleAnts=10 noImprove=7 (elapsed 37.058s)
[ITER 200] bestGlobalCost=3021378.31 (feasible=YES) bestThisIter=3021378.31 feasibleAnts=10 noImprove=17 (elapsed 39.8054s)
[ITER 210] bestGlobalCost=3021378.31 (feasible=YES) bestThisIter=3021378.31 feasibleAnts=10 noImprove=27 (elapsed 42.4933s)
[RESET] no improvement for30-> reset pheromones
[ITER 220] bestGlobalCost=3021378.31 (feasible=YES) bestThisIter=3024138.17 feasibleAnts=10 noImprove=7 (elapsed 42.9054s)
[ITER 230] bestGlobalCost=3021378.31 (feasible=YES) bestThisIter=3021378.31 feasibleAnts=9 noImprove=17 (elapsed 46.1916s)
[ITER 240] bestGlobalCost=3021378.31 (feasible=YES) bestThisIter=3021378.31 feasibleAnts=10 noImprove=27 (elapsed 49.0144s)
[RESET] no improvement for30-> reset pheromones
[ITER 250] bestGlobalCost=3021378.31 (feasible=YES) bestThisIter=3096050.77 feasibleAnts=10 noImprove=7 (elapsed 49.5166s)
[ITER 260] bestGlobalCost=3021378.31 (feasible=YES) bestThisIter=3021378.31 feasibleAnts=10 noImprove=17 (elapsed 52.4389s)
[ITER 270] bestGlobalCost=3021378.31 (feasible=YES) bestThisIter=3023671.58 feasibleAnts=10 noImprove=27 (elapsed 55.6706s)
[RESET] no improvement for30-> reset pheromones
[ITER 280] bestGlobalCost=3021378.31 (feasible=YES) bestThisIter=3024138.17 feasibleAnts=10 noImprove=7 (elapsed 56.1413s)
[ITER 290] bestGlobalCost=3021378.31 (feasible=YES) bestThisIter=3021378.31 feasibleAnts=9 noImprove=17 (elapsed 58.8049s)
[ITER 300] bestGlobalCost=3021378.31 (feasible=YES) bestThisIter=3021378.31 feasibleAnts=10 noImprove=27 (elapsed 61.9647s)
1 2 3 4 5 6 7 8 22 23 24 25 26 27 28 29 30 31 32 33 34 35 36 37 38 
40 55 56 57 58 59 60 61 62 63 64 65 66 67 68 69 70 71 72 73 74 75 76 81 
46 54 84 85 86 87 88 89 90 91 101 102 103 104 105 106 107 108 109 110 111 112 113 114 
77 78 79 80 82 83 92 93 94 95 96 97 98 99 100 115 116 117 118 119 120 121 122 123 124 
9 10 11 12 13 14 15 16 17 18 19 20 21 39 41 42 43 44 45 47 48 49 50 51 52 53 
[SAVELOGS] evolution saved to results/logs/pr124_05_3/evolution/pr124_05_3
[SAVELOGS] best cost saved to results/logs/pr124_05_3/objectives/pr124_05_3
[SAVELOGS] best solution saved to results/logs/pr124_05_3/solutions/pr124_05_3
