[ITER 1] New best cost=20786.02 (feasible=YES, time 0.103545s)
[ITER 2] New best cost=20353.61 (feasible=YES, time 0.185148s)
[ITER 3] New best cost=19903.42 (feasible=YES, time 0.251186s)
[ITER 10] bestGlobalCost=19903.42 (feasible=YES) bestThisIter=19907.67 feasibleAnts=10 noImprove=7 (elapsed 0.808549s)
[ITER 14] New best cost=19860.56 (feasible=YES, time 1.1626s)
[ITER 15] New best cost=19750.96 (feasible=YES, time 1.89757s)
[ITER 17] New best cost=19659.59 (feasible=YES, time 5.08925s)
[ITER 20] bestGlobalCost=19659.59 (feasible=YES) bestThisIter=19659.59 feasibleAnts=13 noImprove=3 (elapsed 5.33396s)
[ITER 30] New best cost=19620.85 (feasible=YES, time 9.40788s)
[ITER 30] bestGlobalCost=19620.85 (feasible=YES) bestThisIter=19810.74 feasibleAnts=10 noImprove=0 (elapsed 9.41183s)
[ITER 40] bestGlobalCost=19620.85 (feasible=YES) bestThisIter=19620.85 feasibleAnts=10 noImprove=10 (elapsed 10.1366s)
[ITER 50] bestGlobalCost=19620.85 (feasible=YES) bestThisIter=20168.35 feasibleAnts=10 noImprove=20 (elapsed 14.662s)
[ITER 60] bestGlobalCost=19620.85 (feasible=YES) bestThisIter=19856.54 feasibleAnts=10 noImprove=30 (elapsed 18.5704s)
[RESET] no improvement for30-> reset pheromones
[ITER 70] bestGlobalCost=19620.85 (feasible=YES) bestThisIter=19917.61 feasibleAnts=10 noImprove=10 (elapsed 19.69s)
[ITER 80] bestGlobalCost=19620.85 (feasible=YES) bestThisIter=19941.51 feasibleAnts=10 noImprove=20 (elapsed 24.0407s)
[ITER 90] bestGlobalCost=19620.85 (feasible=YES) bestThisIter=19805.14 feasibleAnts=10 noImprove=30 (elapsed 28.7273s)
[RESET] no improvement for30-> reset pheromones
[ITER 100] bestGlobalCost=19620.85 (feasible=YES) bestThisIter=20133.05 feasibleAnts=10 noImprove=10 (elapsed 29.8773s)
[ITER 110] bestGlobalCost=19620.85 (feasible=YES) bestThisIter=19941.86 feasibleAnts=10 noImprove=20 (elapsed 34.5894s)
[ITER 120] bestGlobalCost=19620.85 (feasible=YES) bestThisIter=19934.35 feasibleAnts=10 noImprove=30 (elapsed 38.6983s)
[RESET] no improvement for30-> reset pheromones
[ITER 130] bestGlobalCost=19620.85 (feasible=YES) bestThisIter=20024.70 feasibleAnts=10 noImprove=10 (elapsed 39.8284s)
[ITER 140] bestGlobalCost=19620.85 (feasible=YES) bestThisIter=19999.77 feasibleAnts=10 noImprove=20 (elapsed 44.5156s)
[ITER 150] bestGlobalCost=19620.85 (feasible=YES) bestThisIter=19844.65 feasibleAnts=10 noImprove=30 (elapsed 48.9337s)
[RESET] no improvement for30-> reset pheromones
[ITER 160] bestGlobalCost=19620.85 (feasible=YES) bestThisIter=20052.13 feasibleAnts=10 noImprove=10 (elapsed 49.8879s)
[ITER 170] bestGlobalCost=19620.85 (feasible=YES) bestThisIter=19834.22 feasibleAnts=10 noImprove=20 (elapsed 54.4527s)
[ITER 180] bestGlobalCost=19620.85 (feasible=YES) bestThisIter=19882.20 feasibleAnts=10 noImprove=30 (elapsed 58.5865s)
[RESET] no improvement for30-> reset pheromones
[ITER 190] bestGlobalCost=19620.85 (feasible=YES) bestThisIter=20222.54 feasibleAnts=10 noImprove=10 (elapsed 59.6628s)
18 25 33 52 58 65 68 79 91 100 108 
4 8 24 26 34 40 54 60 70 90 96 111 116 
1 15 16 28 29 30 32 61 74 76 78 92 120 
7 23 38 41 42 44 56 72 87 105 119 
6 35 36 47 48 55 71 89 101 102 110 112 
14 19 22 31 45 59 66 75 81 85 86 94 117 
3 5 12 27 39 53 64 77 80 83 95 97 
13 17 20 43 46 49 50 69 98 107 113 118 
10 37 57 62 63 67 73 84 99 104 106 114 
2 9 11 21 51 82 88 93 103 109 115 
[SAVELOGS] evolution saved to results/logs/gr120_10_3/evolution/gr120_10_3
[SAVELOGS] best cost saved to results/logs/gr120_10_3/objectives/gr120_10_3
[SAVELOGS] best solution saved to results/logs/gr120_10_3/solutions/gr120_10_3
