[ITER 1] New best cost=16870.81 (feasible=YES, time 0.0656499s)
[ITER 2] New best cost=16685.06 (feasible=YES, time 0.107874s)
[ITER 4] New best cost=16562.17 (feasible=YES, time 0.185349s)
[ITER 6] New best cost=16560.09 (feasible=YES, time 0.28933s)
[ITER 10] bestGlobalCost=16560.09 (feasible=YES) bestThisIter=16560.09 feasibleAnts=13 noImprove=4 (elapsed 0.47361s)
[ITER 20] bestGlobalCost=16560.09 (feasible=YES) bestThisIter=16560.09 feasibleAnts=10 noImprove=14 (elapsed 3.35885s)
[ITER 30] bestGlobalCost=16560.09 (feasible=YES) bestThisIter=16560.09 feasibleAnts=10 noImprove=24 (elapsed 5.72961s)
[ITER 32] New best cost=16557.20 (feasible=YES, time 5.82323s)
[ITER 40] bestGlobalCost=16557.20 (feasible=YES) bestThisIter=16557.20 feasibleAnts=15 noImprove=8 (elapsed 6.12598s)
[ITER 50] bestGlobalCost=16557.20 (feasible=YES) bestThisIter=16557.20 feasibleAnts=10 noImprove=18 (elapsed 8.65087s)
[ITER 60] bestGlobalCost=16557.20 (feasible=YES) bestThisIter=16557.20 feasibleAnts=10 noImprove=28 (elapsed 11.4508s)
[RESET] no improvement for30-> reset pheromones
[ITER 70] bestGlobalCost=16557.20 (feasible=YES) bestThisIter=16615.30 feasibleAnts=10 noImprove=8 (elapsed 11.8601s)
[ITER 80] bestGlobalCost=16557.20 (feasible=YES) bestThisIter=16557.20 feasibleAnts=10 noImprove=18 (elapsed 14.19s)
[ITER 90] bestGlobalCost=16557.20 (feasible=YES) bestThisIter=16557.20 feasibleAnts=10 noImprove=28 (elapsed 16.6921s)
[RESET] no improvement for30-> reset pheromones
[ITER 100] bestGlobalCost=16557.20 (feasible=YES) bestThisIter=16560.09 feasibleAnts=10 noImprove=8 (elapsed 17.2541s)
[ITER 110] bestGlobalCost=16557.20 (feasible=YES) bestThisIter=16557.20 feasibleAnts=10 noImprove=18 (elapsed 19.9128s)
[ITER 120] bestGlobalCost=16557.20 (feasible=YES) bestThisIter=16557.20 feasibleAnts=10 noImprove=28 (elapsed 22.2235s)
[RESET] no improvement for30-> reset pheromones
[ITER 130] bestGlobalCost=16557.20 (feasible=YES) bestThisIter=16565.30 feasibleAnts=10 noImprove=8 (elapsed 22.6493s)
[ITER 140] bestGlobalCost=16557.20 (feasible=YES) bestThisIter=16557.20 feasibleAnts=10 noImprove=18 (elapsed 24.9651s)
[ITER 150] bestGlobalCost=16557.20 (feasible=YES) bestThisIter=16560.09 feasibleAnts=10 noImprove=28 (elapsed 27.3086s)
[RESET] no improvement for30-> reset pheromones
[ITER 160] bestGlobalCost=16557.20 (feasible=YES) bestThisIter=16649.92 feasibleAnts=10 noImprove=8 (elapsed 27.8019s)
[ITER 170] bestGlobalCost=16557.20 (feasible=YES) bestThisIter=16557.20 feasibleAnts=10 noImprove=18 (elapsed 30.6339s)
[ITER 180] bestGlobalCost=16557.20 (feasible=YES) bestThisIter=16557.20 feasibleAnts=10 noImprove=28 (elapsed 33.0572s)
[RESET] no improvement for30-> reset pheromones
[ITER 190] bestGlobalCost=16557.20 (feasible=YES) bestThisIter=16772.96 feasibleAnts=10 noImprove=8 (elapsed 33.4733s)
[ITER 200] bestGlobalCost=16557.20 (feasible=YES) bestThisIter=16557.20 feasibleAnts=10 noImprove=18 (elapsed 35.9322s)
[ITER 210] bestGlobalCost=16557.20 (feasible=YES) bestThisIter=16557.20 feasibleAnts=11 noImprove=28 (elapsed 38.8136s)
[RESET] no improvement for30-> reset pheromones
[ITER 220] bestGlobalCost=16557.20 (feasible=YES) bestThisIter=16593.17 feasibleAnts=10 noImprove=8 (elapsed 39.3632s)
[ITER 230] bestGlobalCost=16557.20 (feasible=YES) bestThisIter=16557.20 feasibleAnts=10 noImprove=18 (elapsed 41.6226s)
[ITER 240] bestGlobalCost=16557.20 (feasible=YES) bestThisIter=16557.20 feasibleAnts=10 noImprove=28 (elapsed 44.0125s)
[RESET] no improvement for30-> reset pheromones
[ITER 250] bestGlobalCost=16557.20 (feasible=YES) bestThisIter=16587.13 feasibleAnts=10 noImprove=8 (elapsed 44.5822s)
[ITER 260] bestGlobalCost=16557.20 (feasible=YES) bestThisIter=16557.20 feasibleAnts=10 noImprove=18 (elapsed 47.3537s)
[ITER 270] bestGlobalCost=16557.20 (feasible=YES) bestThisIter=16557.20 feasibleAnts=10 noImprove=28 (elapsed 49.6653s)
[RESET] no improvement for30-> reset pheromones
[ITER 280] bestGlobalCost=16557.20 (feasible=YES) bestThisIter=16560.09 feasibleAnts=10 noImprove=8 (elapsed 50.0962s)
[ITER 290] bestGlobalCost=16557.20 (feasible=YES) bestThisIter=16557.20 feasibleAnts=10 noImprove=18 (elapsed 52.6585s)
[ITER 300] bestGlobalCost=16557.20 (feasible=YES) bestThisIter=16557.20 feasibleAnts=10 noImprove=28 (elapsed 55.4593s)
[RESET] no improvement for30-> reset pheromones
[ITER 310] bestGlobalCost=16557.20 (feasible=YES) bestThisIter=16696.39 feasibleAnts=10 noImprove=8 (elapsed 55.8574s)
[ITER 320] bestGlobalCost=16557.20 (feasible=YES) bestThisIter=16557.20 feasibleAnts=10 noImprove=18 (elapsed 58.1872s)
[ITER 330] bestGlobalCost=16557.20 (feasible=YES) bestThisIter=16557.20 feasibleAnts=10 noImprove=28 (elapsed 60.7493s)
2 6 12 13 26 27 28 52 53 58 59 60 87 94 95 96 97 99 101 
1 3 9 20 29 30 32 33 34 35 50 51 65 66 69 71 76 78 79 81 
7 8 10 11 18 19 31 36 45 46 47 48 49 62 63 64 70 82 88 89 90 
5 14 15 16 17 37 38 42 43 44 61 83 84 85 86 91 92 93 98 100 
4 21 22 23 24 25 39 40 41 54 55 56 57 67 68 72 73 74 75 77 80 
[SAVELOGS] evolution saved to results/logs/eil101_05_5/evolution/eil101_05_5
[SAVELOGS] best cost saved to results/logs/eil101_05_5/objectives/eil101_05_5
[SAVELOGS] best solution saved to results/logs/eil101_05_5/solutions/eil101_05_5
