[ITER 1] New best cost=17288.82 (feasible=YES, time 0.0469525s)
[ITER 2] New best cost=17263.65 (feasible=YES, time 0.114774s)
[ITER 3] New best cost=17059.05 (feasible=YES, time 0.181564s)
[ITER 4] New best cost=17005.84 (feasible=YES, time 0.220163s)
[ITER 5] New best cost=16587.93 (feasible=YES, time 0.272788s)
[ITER 6] New best cost=16560.09 (feasible=YES, time 0.330469s)
[ITER 10] bestGlobalCost=16560.09 (feasible=YES) bestThisIter=16560.09 feasibleAnts=11 noImprove=4 (elapsed 0.512816s)
[ITER 20] bestGlobalCost=16560.09 (feasible=YES) bestThisIter=16560.09 feasibleAnts=10 noImprove=14 (elapsed 3.13889s)
[ITER 30] New best cost=16500.68 (feasible=YES, time 5.48617s)
[ITER 30] bestGlobalCost=16500.68 (feasible=YES) bestThisIter=16560.09 feasibleAnts=10 noImprove=0 (elapsed 5.49044s)
[ITER 40] bestGlobalCost=16500.68 (feasible=YES) bestThisIter=16500.68 feasibleAnts=12 noImprove=10 (elapsed 5.87467s)
[ITER 50] bestGlobalCost=16500.68 (feasible=YES) bestThisIter=16500.68 feasibleAnts=10 noImprove=20 (elapsed 8.28274s)
[ITER 60] bestGlobalCost=16500.68 (feasible=YES) bestThisIter=16500.68 feasibleAnts=10 noImprove=30 (elapsed 10.8145s)
[RESET] no improvement for30-> reset pheromones
[ITER 70] bestGlobalCost=16500.68 (feasible=YES) bestThisIter=16587.13 feasibleAnts=9 noImprove=10 (elapsed 11.4299s)
[ITER 80] bestGlobalCost=16500.68 (feasible=YES) bestThisIter=16500.68 feasibleAnts=10 noImprove=20 (elapsed 14.2054s)
[ITER 90] bestGlobalCost=16500.68 (feasible=YES) bestThisIter=16500.68 feasibleAnts=11 noImprove=30 (elapsed 16.5715s)
[RESET] no improvement for30-> reset pheromones
[ITER 100] bestGlobalCost=16500.68 (feasible=YES) bestThisIter=16540.36 feasibleAnts=10 noImprove=10 (elapsed 17s)
[ITER 110] bestGlobalCost=16500.68 (feasible=YES) bestThisIter=16673.41 feasibleAnts=10 noImprove=20 (elapsed 19.6745s)
[ITER 120] bestGlobalCost=16500.68 (feasible=YES) bestThisIter=16500.68 feasibleAnts=11 noImprove=30 (elapsed 22.4062s)
[RESET] no improvement for30-> reset pheromones
[ITER 130] bestGlobalCost=16500.68 (feasible=YES) bestThisIter=16500.68 feasibleAnts=10 noImprove=10 (elapsed 22.8689s)
[ITER 140] bestGlobalCost=16500.68 (feasible=YES) bestThisIter=16500.68 feasibleAnts=10 noImprove=20 (elapsed 25.2244s)
[ITER 150] bestGlobalCost=16500.68 (feasible=YES) bestThisIter=16500.68 feasibleAnts=10 noImprove=30 (elapsed 27.9818s)
[RESET] no improvement for30-> reset pheromones
[ITER 160] bestGlobalCost=16500.68 (feasible=YES) bestThisIter=16670.16 feasibleAnts=10 noImprove=10 (elapsed 28.5481s)
[ITER 170] bestGlobalCost=16500.68 (feasible=YES) bestThisIter=16500.68 feasibleAnts=11 noImprove=20 (elapsed 31.1389s)
[ITER 180] bestGlobalCost=16500.68 (feasible=YES) bestThisIter=16500.68 feasibleAnts=10 noImprove=30 (elapsed 33.4848s)
[RESET] no improvement for30-> reset pheromones
[ITER 190] bestGlobalCost=16500.68 (feasible=YES) bestThisIter=16802.08 feasibleAnts=10 noImprove=10 (elapsed 33.9875s)
[ITER 200] bestGlobalCost=16500.68 (feasible=YES) bestThisIter=16500.68 feasibleAnts=9 noImprove=20 (elapsed 36.9014s)
[ITER 210] bestGlobalCost=16500.68 (feasible=YES) bestThisIter=16500.68 feasibleAnts=10 noImprove=30 (elapsed 39.4896s)
[RESET] no improvement for30-> reset pheromones
[ITER 220] bestGlobalCost=16500.68 (feasible=YES) bestThisIter=16899.16 feasibleAnts=9 noImprove=10 (elapsed 39.9475s)
[ITER 230] bestGlobalCost=16500.68 (feasible=YES) bestThisIter=16500.68 feasibleAnts=10 noImprove=20 (elapsed 42.3799s)
[ITER 240] bestGlobalCost=16500.68 (feasible=YES) bestThisIter=16500.68 feasibleAnts=10 noImprove=30 (elapsed 45.2301s)
[RESET] no improvement for30-> reset pheromones
[ITER 250] bestGlobalCost=16500.68 (feasible=YES) bestThisIter=16705.40 feasibleAnts=10 noImprove=10 (elapsed 45.7812s)
[ITER 260] bestGlobalCost=16500.68 (feasible=YES) bestThisIter=16500.68 feasibleAnts=10 noImprove=20 (elapsed 48.2125s)
[ITER 270] bestGlobalCost=16500.68 (feasible=YES) bestThisIter=16500.68 feasibleAnts=10 noImprove=30 (elapsed 50.7673s)
[RESET] no improvement for30-> reset pheromones
[ITER 280] bestGlobalCost=16500.68 (feasible=YES) bestThisIter=16639.63 feasibleAnts=10 noImprove=10 (elapsed 51.3657s)
[ITER 290] bestGlobalCost=16500.68 (feasible=YES) bestThisIter=16500.68 feasibleAnts=10 noImprove=20 (elapsed 54.0913s)
[ITER 300] bestGlobalCost=16500.68 (feasible=YES) bestThisIter=16500.68 feasibleAnts=10 noImprove=30 (elapsed 56.4559s)
[RESET] no improvement for30-> reset pheromones
[ITER 310] bestGlobalCost=16500.68 (feasible=YES) bestThisIter=16644.38 feasibleAnts=10 noImprove=10 (elapsed 56.8796s)
[ITER 320] bestGlobalCost=16500.68 (feasible=YES) bestThisIter=16500.68 feasibleAnts=10 noImprove=20 (elapsed 59.577s)
[ITER 330] bestGlobalCost=16500.68 (feasible=YES) bestThisIter=16500.68 feasibleAnts=10 noImprove=30 (elapsed 62.2968s)
[RESET] no improvement for30-> reset pheromones
2 4 21 22 23 25 26 39 40 41 54 55 56 57 67 72 73 74 75 77 80 
5 6 13 18 27 28 45 52 53 58 60 83 87 89 94 95 96 99 101 
14 15 16 17 37 38 42 43 44 59 61 84 85 86 91 92 93 97 98 100 
1 3 9 12 24 29 30 33 34 35 51 65 66 68 69 71 76 78 79 81 
7 8 10 11 19 20 31 32 36 46 47 48 49 50 62 63 64 70 82 88 90 
[SAVELOGS] evolution saved to results/logs/eil101_05_5/evolution/eil101_05_5
[SAVELOGS] best cost saved to results/logs/eil101_05_5/objectives/eil101_05_5
[SAVELOGS] best solution saved to results/logs/eil101_05_5/solutions/eil101_05_5
