[ITER 1] New best cost=17346.37 (feasible=YES, time 0.0786666s)
[ITER 2] New best cost=17202.41 (feasible=YES, time 0.134112s)
[ITER 3] New best cost=16978.68 (feasible=YES, time 0.174663s)
[ITER 5] New best cost=16824.85 (feasible=YES, time 0.285999s)
[ITER 10] bestGlobalCost=16824.85 (feasible=YES) bestThisIter=16824.85 feasibleAnts=10 noImprove=5 (elapsed 0.557623s)
[ITER 11] New best cost=16795.91 (feasible=YES, time 0.624676s)
[ITER 14] New best cost=16758.43 (feasible=YES, time 0.794205s)
[ITER 15] New best cost=16758.34 (feasible=YES, time 2.31505s)
[ITER 16] New best cost=16708.37 (feasible=YES, time 3.15371s)
[ITER 20] bestGlobalCost=16708.37 (feasible=YES) bestThisIter=16708.37 feasibleAnts=19 noImprove=4 (elapsed 3.32268s)
[ITER 26] New best cost=16676.05 (feasible=YES, time 3.55183s)
[ITER 30] New best cost=16500.68 (feasible=YES, time 4.1129s)
[ITER 30] bestGlobalCost=16500.68 (feasible=YES) bestThisIter=16549.10 feasibleAnts=24 noImprove=0 (elapsed 5.74352s)
[ITER 40] bestGlobalCost=16500.68 (feasible=YES) bestThisIter=16500.68 feasibleAnts=15 noImprove=10 (elapsed 6.13527s)
[ITER 50] bestGlobalCost=16500.68 (feasible=YES) bestThisIter=16500.68 feasibleAnts=10 noImprove=20 (elapsed 8.98877s)
[ITER 60] bestGlobalCost=16500.68 (feasible=YES) bestThisIter=16500.68 feasibleAnts=10 noImprove=30 (elapsed 11.5638s)
[RESET] no improvement for30-> reset pheromones
[ITER 70] bestGlobalCost=16500.68 (feasible=YES) bestThisIter=16500.68 feasibleAnts=9 noImprove=10 (elapsed 12.0409s)
[ITER 80] bestGlobalCost=16500.68 (feasible=YES) bestThisIter=16500.68 feasibleAnts=10 noImprove=20 (elapsed 14.4359s)
[ITER 90] bestGlobalCost=16500.68 (feasible=YES) bestThisIter=16500.68 feasibleAnts=10 noImprove=30 (elapsed 17.3397s)
[RESET] no improvement for30-> reset pheromones
[ITER 100] bestGlobalCost=16500.68 (feasible=YES) bestThisIter=16500.68 feasibleAnts=10 noImprove=10 (elapsed 17.9505s)
[ITER 110] bestGlobalCost=16500.68 (feasible=YES) bestThisIter=16549.10 feasibleAnts=10 noImprove=20 (elapsed 20.3103s)
[ITER 120] bestGlobalCost=16500.68 (feasible=YES) bestThisIter=16500.68 feasibleAnts=10 noImprove=30 (elapsed 22.7994s)
[RESET] no improvement for30-> reset pheromones
[ITER 130] bestGlobalCost=16500.68 (feasible=YES) bestThisIter=16500.68 feasibleAnts=10 noImprove=10 (elapsed 23.3463s)
[ITER 140] bestGlobalCost=16500.68 (feasible=YES) bestThisIter=16500.68 feasibleAnts=10 noImprove=20 (elapsed 26.2388s)
[ITER 150] bestGlobalCost=16500.68 (feasible=YES) bestThisIter=16540.36 feasibleAnts=10 noImprove=30 (elapsed 28.6161s)
[RESET] no improvement for30-> reset pheromones
[ITER 160] bestGlobalCost=16500.68 (feasible=YES) bestThisIter=16520.11 feasibleAnts=10 noImprove=10 (elapsed 29.0848s)
[ITER 170] bestGlobalCost=16500.68 (feasible=YES) bestThisIter=16500.68 feasibleAnts=12 noImprove=20 (elapsed 31.6764s)
[ITER 180] bestGlobalCost=16500.68 (feasible=YES) bestThisIter=16500.68 feasibleAnts=10 noImprove=30 (elapsed 34.5203s)
[RESET] no improvement for30-> reset pheromones
[ITER 190] bestGlobalCost=16500.68 (feasible=YES) bestThisIter=16500.68 feasibleAnts=10 noImprove=10 (elapsed 34.9614s)
[ITER 200] bestGlobalCost=16500.68 (feasible=YES) bestThisIter=16500.68 feasibleAnts=10 noImprove=20 (elapsed 37.3734s)
[ITER 210] bestGlobalCost=16500.68 (feasible=YES) bestThisIter=16500.68 feasibleAnts=10 noImprove=30 (elapsed 40.0849s)
[RESET] no improvement for30-> reset pheromones
[ITER 220] bestGlobalCost=16500.68 (feasible=YES) bestThisIter=16730.92 feasibleAnts=10 noImprove=10 (elapsed 40.6652s)
[ITER 230] bestGlobalCost=16500.68 (feasible=YES) bestThisIter=16500.68 feasibleAnts=11 noImprove=20 (elapsed 43.3448s)
[ITER 240] bestGlobalCost=16500.68 (feasible=YES) bestThisIter=16500.68 feasibleAnts=10 noImprove=30 (elapsed 45.7558s)
[RESET] no improvement for30-> reset pheromones
[ITER 250] bestGlobalCost=16500.68 (feasible=YES) bestThisIter=16500.68 feasibleAnts=10 noImprove=10 (elapsed 46.2046s)
[ITER 260] bestGlobalCost=16500.68 (feasible=YES) bestThisIter=16500.68 feasibleAnts=10 noImprove=20 (elapsed 49.0245s)
[ITER 270] bestGlobalCost=16500.68 (feasible=YES) bestThisIter=16500.68 feasibleAnts=10 noImprove=30 (elapsed 51.6811s)
[RESET] no improvement for30-> reset pheromones
[ITER 280] bestGlobalCost=16500.68 (feasible=YES) bestThisIter=16500.68 feasibleAnts=10 noImprove=10 (elapsed 52.1584s)
[ITER 290] bestGlobalCost=16500.68 (feasible=YES) bestThisIter=16500.68 feasibleAnts=11 noImprove=20 (elapsed 54.5635s)
[ITER 300] bestGlobalCost=16500.68 (feasible=YES) bestThisIter=16500.68 feasibleAnts=9 noImprove=30 (elapsed 57.3704s)
[RESET] no improvement for30-> reset pheromones
[ITER 310] bestGlobalCost=16500.68 (feasible=YES) bestThisIter=16756.00 feasibleAnts=10 noImprove=10 (elapsed 57.9153s)
14 15 16 17 37 38 42 43 44 59 61 84 85 86 91 92 93 97 98 100 
7 8 10 11 19 20 31 32 36 46 47 48 49 50 62 63 64 70 82 88 90 
1 3 9 12 24 29 30 33 34 35 51 65 66 68 69 71 76 78 79 81 
5 6 13 18 27 28 45 52 53 58 60 83 87 89 94 95 96 99 101 
2 4 21 22 23 25 26 39 40 41 54 55 56 57 67 72 73 74 75 77 80 
[SAVELOGS] evolution saved to results/logs/eil101_05_5/evolution/eil101_05_5
[SAVELOGS] best cost saved to results/logs/eil101_05_5/objectives/eil101_05_5
[SAVELOGS] best solution saved to results/logs/eil101_05_5/solutions/eil101_05_5
