[ITER 1] New best cost=734872.57 (feasible=YES, time 0.0470245s)
[ITER 2] New best cost=719696.04 (feasible=YES, time 0.0761281s)
[ITER 10] bestGlobalCost=719696.04 (feasible=YES) bestThisIter=725130.23 feasibleAnts=10 noImprove=8 (elapsed 0.289995s)
[ITER 15] New best cost=719385.60 (feasible=YES, time 1.19354s)
[ITER 20] bestGlobalCost=719385.60 (feasible=YES) bestThisIter=719385.60 feasibleAnts=16 noImprove=5 (elapsed 2.41381s)
[ITER 30] New best cost=719318.99 (feasible=YES, time 3.79422s)
[ITER 30] bestGlobalCost=719318.99 (feasible=YES) bestThisIter=719385.60 feasibleAnts=10 noImprove=0 (elapsed 4.46462s)
[ITER 33] New best cost=718348.19 (feasible=YES, time 4.56137s)
[ITER 35] New best cost=716927.90 (feasible=YES, time 4.60796s)
[ITER 40] bestGlobalCost=716927.90 (feasible=YES) bestThisIter=716927.90 feasibleAnts=19 noImprove=5 (elapsed 4.74716s)
[ITER 50] bestGlobalCost=716927.90 (feasible=YES) bestThisIter=716927.90 feasibleAnts=12 noImprove=15 (elapsed 6.40336s)
[ITER 60] bestGlobalCost=716927.90 (feasible=YES) bestThisIter=716927.90 feasibleAnts=10 noImprove=25 (elapsed 8.13455s)
[RESET] no improvement for30-> reset pheromones
[ITER 70] bestGlobalCost=716927.90 (feasible=YES) bestThisIter=716927.90 feasibleAnts=10 noImprove=5 (elapsed 8.44836s)
[ITER 75] New best cost=715486.24 (feasible=YES, time 9.3659s)
[ITER 78] New best cost=715441.72 (feasible=YES, time 10.5646s)
[ITER 79] New best cost=711251.82 (feasible=YES, time 10.5964s)
[ITER 80] bestGlobalCost=711251.82 (feasible=YES) bestThisIter=711251.82 feasibleAnts=10 noImprove=1 (elapsed 10.6327s)
[ITER 90] bestGlobalCost=711251.82 (feasible=YES) bestThisIter=711251.82 feasibleAnts=11 noImprove=11 (elapsed 12.6826s)
[ITER 100] bestGlobalCost=711251.82 (feasible=YES) bestThisIter=711251.82 feasibleAnts=10 noImprove=21 (elapsed 13.0088s)
[RESET] no improvement for30-> reset pheromones
[ITER 110] bestGlobalCost=711251.82 (feasible=YES) bestThisIter=719381.32 feasibleAnts=10 noImprove=1 (elapsed 14.7935s)
[ITER 120] bestGlobalCost=711251.82 (feasible=YES) bestThisIter=711251.82 feasibleAnts=10 noImprove=11 (elapsed 16.6585s)
[ITER 130] bestGlobalCost=711251.82 (feasible=YES) bestThisIter=711251.82 feasibleAnts=10 noImprove=21 (elapsed 17.058s)
[RESET] no improvement for30-> reset pheromones
[ITER 140] bestGlobalCost=711251.82 (feasible=YES) bestThisIter=738585.70 feasibleAnts=10 noImprove=1 (elapsed 19.1918s)
[ITER 150] bestGlobalCost=711251.82 (feasible=YES) bestThisIter=711251.82 feasibleAnts=10 noImprove=11 (elapsed 21.1491s)
[ITER 160] bestGlobalCost=711251.82 (feasible=YES) bestThisIter=711251.82 feasibleAnts=10 noImprove=21 (elapsed 21.4689s)
[RESET] no improvement for30-> reset pheromones
[ITER 170] bestGlobalCost=711251.82 (feasible=YES) bestThisIter=736881.36 feasibleAnts=10 noImprove=1 (elapsed 23.2515s)
[ITER 180] bestGlobalCost=711251.82 (feasible=YES) bestThisIter=711251.82 feasibleAnts=10 noImprove=11 (elapsed 25.1701s)
[ITER 190] bestGlobalCost=711251.82 (feasible=YES) bestThisIter=711251.82 feasibleAnts=10 noImprove=21 (elapsed 25.548s)
[RESET] no improvement for30-> reset pheromones
[ITER 200] bestGlobalCost=711251.82 (feasible=YES) bestThisIter=735761.49 feasibleAnts=10 noImprove=1 (elapsed 27.673s)
[ITER 210] bestGlobalCost=711251.82 (feasible=YES) bestThisIter=711251.82 feasibleAnts=10 noImprove=11 (elapsed 29.5364s)
[ITER 220] bestGlobalCost=711251.82 (feasible=YES) bestThisIter=711251.82 feasibleAnts=10 noImprove=21 (elapsed 29.8438s)
[RESET] no improvement for30-> reset pheromones
[ITER 230] bestGlobalCost=711251.82 (feasible=YES) bestThisIter=731950.01 feasibleAnts=10 noImprove=1 (elapsed 31.6349s)
[ITER 240] bestGlobalCost=711251.82 (feasible=YES) bestThisIter=711251.82 feasibleAnts=10 noImprove=11 (elapsed 33.6126s)
[ITER 250] bestGlobalCost=711251.82 (feasible=YES) bestThisIter=711251.82 feasibleAnts=10 noImprove=21 (elapsed 33.9711s)
[RESET] no improvement for30-> reset pheromones
[ITER 260] bestGlobalCost=711251.82 (feasible=YES) bestThisIter=728354.48 feasibleAnts=10 noImprove=1 (elapsed 36.136s)
[ITER 270] bestGlobalCost=711251.82 (feasible=YES) bestThisIter=712260.96 feasibleAnts=10 noImprove=11 (elapsed 37.9698s)
[ITER 280] bestGlobalCost=711251.82 (feasible=YES) bestThisIter=711251.82 feasibleAnts=10 noImprove=21 (elapsed 38.2537s)
[RESET] no improvement for30-> reset pheromones
[ITER 290] bestGlobalCost=711251.82 (feasible=YES) bestThisIter=730875.40 feasibleAnts=10 noImprove=1 (elapsed 40.0645s)
[ITER 300] bestGlobalCost=711251.82 (feasible=YES) bestThisIter=711251.82 feasibleAnts=10 noImprove=11 (elapsed 42.19s)
[ITER 310] bestGlobalCost=711251.82 (feasible=YES) bestThisIter=711251.82 feasibleAnts=11 noImprove=21 (elapsed 42.5505s)
[RESET] no improvement for30-> reset pheromones
[ITER 320] bestGlobalCost=711251.82 (feasible=YES) bestThisIter=720671.86 feasibleAnts=10 noImprove=1 (elapsed 44.6027s)
[ITER 330] bestGlobalCost=711251.82 (feasible=YES) bestThisIter=711251.82 feasibleAnts=10 noImprove=11 (elapsed 46.3581s)
[ITER 340] bestGlobalCost=711251.82 (feasible=YES) bestThisIter=711251.82 feasibleAnts=10 noImprove=21 (elapsed 46.7204s)
[RESET] no improvement for30-> reset pheromones
[ITER 350] bestGlobalCost=711251.82 (feasible=YES) bestThisIter=736771.96 feasibleAnts=10 noImprove=1 (elapsed 48.554s)
[ITER 360] bestGlobalCost=711251.82 (feasible=YES) bestThisIter=717744.64 feasibleAnts=10 noImprove=11 (elapsed 50.6572s)
[ITER 370] bestGlobalCost=711251.82 (feasible=YES) bestThisIter=711251.82 feasibleAnts=10 noImprove=21 (elapsed 50.985s)
[RESET] no improvement for30-> reset pheromones
[ITER 380] bestGlobalCost=711251.82 (feasible=YES) bestThisIter=730693.99 feasibleAnts=10 noImprove=1 (elapsed 52.9426s)
[ITER 390] bestGlobalCost=711251.82 (feasible=YES) bestThisIter=711251.82 feasibleAnts=10 noImprove=11 (elapsed 54.6968s)
[ITER 400] bestGlobalCost=711251.82 (feasible=YES) bestThisIter=711251.82 feasibleAnts=10 noImprove=21 (elapsed 55.0373s)
[RESET] no improvement for30-> reset pheromones
[ITER 410] bestGlobalCost=711251.82 (feasible=YES) bestThisIter=723932.20 feasibleAnts=10 noImprove=1 (elapsed 56.9107s)
[ITER 420] bestGlobalCost=711251.82 (feasible=YES) bestThisIter=711251.82 feasibleAnts=10 noImprove=11 (elapsed 59.126s)
[ITER 430] bestGlobalCost=711251.82 (feasible=YES) bestThisIter=711251.82 feasibleAnts=12 noImprove=21 (elapsed 59.5041s)
1 8 11 17 22 23 29 32 34 42 49 50 66 70 89 90 94 97 98 
3 6 9 10 12 14 18 20 21 25 28 31 40 47 56 59 82 83 85 86 95 
2 4 5 19 26 30 35 37 43 44 48 51 53 55 60 62 87 92 93 100 
7 33 36 45 46 52 57 58 61 65 67 68 72 74 75 76 78 80 96 99 
13 15 16 24 27 38 39 41 54 63 64 69 71 73 77 79 81 84 88 91 
[SAVELOGS] evolution saved to results/logs/kroD100_05_3/evolution/kroD100_05_3
[SAVELOGS] best cost saved to results/logs/kroD100_05_3/objectives/kroD100_05_3
[SAVELOGS] best solution saved to results/logs/kroD100_05_3/solutions/kroD100_05_3
