[ITER 1] New best cost=1615830.35 (feasible=YES, time 2.90904s)
[ITER 2] New best cost=1598039.27 (feasible=YES, time 5.37525s)
[ITER 4] New best cost=1586635.55 (feasible=YES, time 9.69908s)
[ITER 6] New best cost=1574981.98 (feasible=YES, time 14.129s)
[ITER 9] New best cost=1572896.85 (feasible=YES, time 21.0033s)
[ITER 10] [TS] New best cost=1570270.90 (feasible=YES, time 24.056s)
[ITER 10] bestGlobalCost=1570270.90 (feasible=YES) bestThisIter=1576137.14 feasibleAnts=10 noImprove=1 (elapsed 26.6497s)
[ITER 12] New best cost=1568304.72 (feasible=YES, time 31.338s)
[ITER 19] New best cost=1565969.64 (feasible=YES, time 47.4407s)
[ITER 20] bestGlobalCost=1565969.64 (feasible=YES) bestThisIter=1569358.55 feasibleAnts=10 noImprove=1 (elapsed 52.9284s)
[ITER 30] bestGlobalCost=1565969.64 (feasible=YES) bestThisIter=1572707.09 feasibleAnts=10 noImprove=11 (elapsed 78.2168s)
[ITER 40] bestGlobalCost=1565969.64 (feasible=YES) bestThisIter=1565969.64 feasibleAnts=10 noImprove=21 (elapsed 102.781s)
[RESET] no improvement for30-> reset pheromones
[ITER 50] bestGlobalCost=1565969.64 (feasible=YES) bestThisIter=1635605.84 feasibleAnts=10 noImprove=1 (elapsed 128.775s)
[ITER 60] bestGlobalCost=1565969.64 (feasible=YES) bestThisIter=1576727.15 feasibleAnts=10 noImprove=11 (elapsed 153.611s)
[ITER 70] bestGlobalCost=1565969.64 (feasible=YES) bestThisIter=1565969.64 feasibleAnts=10 noImprove=21 (elapsed 178.364s)
[RESET] no improvement for30-> reset pheromones
[ITER 80] bestGlobalCost=1565969.64 (feasible=YES) bestThisIter=1621658.06 feasibleAnts=10 noImprove=1 (elapsed 202.887s)
[ITER 90] bestGlobalCost=1565969.64 (feasible=YES) bestThisIter=1569369.62 feasibleAnts=10 noImprove=11 (elapsed 228.18s)
[ITER 100] bestGlobalCost=1565969.64 (feasible=YES) bestThisIter=1568029.29 feasibleAnts=11 noImprove=21 (elapsed 252.333s)
[RESET] no improvement for30-> reset pheromones
[ITER 110] bestGlobalCost=1565969.64 (feasible=YES) bestThisIter=1614331.61 feasibleAnts=10 noImprove=1 (elapsed 276.909s)
[ITER 120] bestGlobalCost=1565969.64 (feasible=YES) bestThisIter=1565969.64 feasibleAnts=10 noImprove=11 (elapsed 301.253s)
203 204 205 206 207 209 210 211 219 220 221 223 224 225 226 227 280 283 284 299 
49 50 51 52 53 54 55 56 114 115 116 117 118 119 120 121 122 125 180 181 
177 182 183 184 185 186 248 252 254 255 256 257 258 259 260 261 262 263 264 265 266 267 
1 2 3 4 5 6 7 8 9 10 11 12 13 14 88 92 93 143 
37 38 39 40 41 42 43 44 45 46 47 48 57 58 60 61 108 110 111 112 
144 145 146 147 148 149 150 151 152 153 154 155 156 157 215 294 295 296 297 298 
170 188 190 191 192 193 194 195 196 242 243 244 245 246 247 249 250 251 268 
100 101 102 103 104 129 130 131 132 133 134 135 136 137 138 162 163 164 165 
15 16 17 83 84 85 86 87 89 90 91 94 95 96 97 98 99 139 140 141 142 
158 159 160 161 208 212 213 214 216 217 218 222 285 286 287 288 289 290 291 292 293 
28 30 31 32 33 34 35 36 62 63 64 65 66 67 68 69 70 71 73 107 168 
59 106 109 113 123 124 126 127 128 169 171 172 173 174 175 176 178 179 187 189 253 
105 167 197 198 234 235 236 237 238 239 240 241 269 270 271 272 273 274 
166 199 200 201 202 228 229 230 231 232 233 275 276 277 278 279 281 282 
18 19 20 21 22 23 24 25 26 27 29 72 74 75 76 77 78 79 80 81 82 
[SAVELOGS] evolution saved to results/logs/aco_logs/evolution/pr299_15_2.txt
[SAVELOGS] best cost saved to results/logs/aco_logs/objectives/pr299_15_2.txt
[SAVELOGS] best solution saved to results/logs/aco_logs/solutions/pr299_15_2.txt
