[ITER 1] New best cost=1617212.03 (feasible=YES, time 3.41943s)
[ITER 2] New best cost=1568971.24 (feasible=YES, time 5.9599s)
[ITER 3] New best cost=1563695.06 (feasible=YES, time 8.83986s)
[ITER 7] New best cost=1557827.54 (feasible=YES, time 17.9875s)
[ITER 10] bestGlobalCost=1557827.54 (feasible=YES) bestThisIter=1561388.15 feasibleAnts=10 noImprove=3 (elapsed 29.3894s)
[ITER 12] New best cost=1553640.83 (feasible=YES, time 33.7585s)
[ITER 20] bestGlobalCost=1553640.83 (feasible=YES) bestThisIter=1557059.37 feasibleAnts=10 noImprove=8 (elapsed 56.4788s)
[ITER 29] New best cost=1551424.95 (feasible=YES, time 76.8932s)
[ITER 30] bestGlobalCost=1551424.95 (feasible=YES) bestThisIter=1553640.83 feasibleAnts=10 noImprove=1 (elapsed 82.9979s)
[ITER 40] bestGlobalCost=1551424.95 (feasible=YES) bestThisIter=1551424.95 feasibleAnts=10 noImprove=11 (elapsed 109.694s)
[ITER 50] bestGlobalCost=1551424.95 (feasible=YES) bestThisIter=1555120.88 feasibleAnts=10 noImprove=21 (elapsed 136.621s)
[RESET] no improvement for30-> reset pheromones
[ITER 60] bestGlobalCost=1551424.95 (feasible=YES) bestThisIter=1629603.24 feasibleAnts=10 noImprove=1 (elapsed 164.558s)
[ITER 70] bestGlobalCost=1551424.95 (feasible=YES) bestThisIter=1551424.95 feasibleAnts=10 noImprove=11 (elapsed 191.398s)
[ITER 80] bestGlobalCost=1551424.95 (feasible=YES) bestThisIter=1553640.83 feasibleAnts=10 noImprove=21 (elapsed 229.112s)
[RESET] no improvement for30-> reset pheromones
[ITER 90] bestGlobalCost=1551424.95 (feasible=YES) bestThisIter=1621598.08 feasibleAnts=10 noImprove=1 (elapsed 257.221s)
[ITER 100] bestGlobalCost=1551424.95 (feasible=YES) bestThisIter=1551424.95 feasibleAnts=10 noImprove=11 (elapsed 284.045s)
[ITER 106] New best cost=1551104.44 (feasible=YES, time 297.705s)
15 16 17 18 19 20 21 22 81 83 84 87 94 95 96 97 98 99 100 101 102 
103 104 129 130 131 132 133 134 135 136 137 138 162 163 164 165 166 200 201 202 
167 197 198 199 232 234 235 236 237 238 271 272 273 274 275 276 277 
182 184 185 186 192 248 252 253 254 255 256 257 258 259 260 261 262 263 264 265 266 267 268 
23 24 25 26 27 28 29 67 69 70 71 72 73 74 75 76 77 78 79 80 82 
39 41 42 43 44 45 46 47 48 49 50 52 57 58 60 61 108 110 111 112 171 
109 113 123 126 127 128 169 170 172 173 174 175 176 177 178 179 187 188 189 190 191 195 
30 31 32 33 34 35 36 37 38 40 59 62 63 64 65 66 68 105 106 107 168 
158 160 161 204 205 206 207 208 209 210 211 212 213 218 220 221 222 223 224 286 
8 9 10 11 12 13 14 85 86 88 89 90 91 139 140 141 142 143 
193 194 196 239 240 241 242 243 244 245 246 247 249 250 251 269 270 
51 53 54 55 56 114 115 116 117 118 119 120 121 122 124 125 180 181 183 
151 157 159 214 215 216 217 287 288 289 290 291 292 293 294 295 296 297 298 
1 2 3 4 5 6 7 92 93 144 145 146 147 148 149 150 152 153 154 155 156 
203 219 225 226 227 228 229 230 231 233 278 279 280 281 282 283 284 285 299 
[SAVELOGS] evolution saved to results/logs/aco_logs/evolution/pr299_15_2.txt
[SAVELOGS] best cost saved to results/logs/aco_logs/objectives/pr299_15_2.txt
[SAVELOGS] best solution saved to results/logs/aco_logs/solutions/pr299_15_2.txt
