[ITER 1] New best cost=5145.83 (feasible=YES, time 0.1341s)
[ITER 2] New best cost=4977.64 (feasible=YES, time 0.742063s)
[ITER 3] New best cost=4903.21 (feasible=YES, time 1.34125s)
[ITER 4] New best cost=4877.14 (feasible=YES, time 1.94094s)
[ITER 5] New best cost=4738.14 (feasible=YES, time 2.56225s)
[ITER 7] New best cost=4693.93 (feasible=YES, time 3.96787s)
[ITER 10] bestGlobalCost=4693.93 (feasible=YES) bestThisIter=4734.33 feasibleAnts=10 noImprove=3 (elapsed 7.24744s)
[ITER 11] New best cost=4654.51 (feasible=YES, time 8.01487s)
[ITER 20] bestGlobalCost=4654.51 (feasible=YES) bestThisIter=4715.55 feasibleAnts=10 noImprove=9 (elapsed 14.8248s)
[ITER 21] New best cost=4648.06 (feasible=YES, time 15.4081s)
[ITER 30] bestGlobalCost=4648.06 (feasible=YES) bestThisIter=4674.13 feasibleAnts=10 noImprove=9 (elapsed 22.6834s)
[ITER 36] New best cost=4641.51 (feasible=YES, time 26.2463s)
[ITER 37] New best cost=4640.43 (feasible=YES, time 26.7932s)
[ITER 40] bestGlobalCost=4640.43 (feasible=YES) bestThisIter=4663.88 feasibleAnts=10 noImprove=3 (elapsed 30.4652s)
[ITER 41] New best cost=4638.35 (feasible=YES, time 30.9738s)
[ITER 43] New best cost=4633.72 (feasible=YES, time 31.9634s)
[ITER 45] New best cost=4606.32 (feasible=YES, time 33.169s)
[ITER 50] New best cost=4603.33 (feasible=YES, time 37.0704s)
[ITER 50] bestGlobalCost=4603.33 (feasible=YES) bestThisIter=4606.32 feasibleAnts=10 noImprove=0 (elapsed 37.0749s)
[ITER 60] New best cost=4600.04 (feasible=YES, time 44.1912s)
[ITER 60] bestGlobalCost=4600.04 (feasible=YES) bestThisIter=4627.56 feasibleAnts=10 noImprove=0 (elapsed 44.1957s)
[ITER 64] New best cost=4591.92 (feasible=YES, time 46.9061s)
[ITER 70] bestGlobalCost=4591.92 (feasible=YES) bestThisIter=4596.21 feasibleAnts=10 noImprove=6 (elapsed 52.7508s)
[ITER 72] New best cost=4588.02 (feasible=YES, time 54.4292s)
[ITER 80] bestGlobalCost=4588.02 (feasible=YES) bestThisIter=4595.86 feasibleAnts=10 noImprove=8 (elapsed 59.6452s)
[ITER 90] bestGlobalCost=4588.02 (feasible=YES) bestThisIter=4739.73 feasibleAnts=9 noImprove=18 (elapsed 66.5263s)
[ITER 91] New best cost=4573.45 (feasible=YES, time 67.0934s)
[ITER 100] bestGlobalCost=4573.45 (feasible=YES) bestThisIter=4643.57 feasibleAnts=10 noImprove=9 (elapsed 72.976s)
[ITER 110] bestGlobalCost=4573.45 (feasible=YES) bestThisIter=4695.68 feasibleAnts=10 noImprove=19 (elapsed 80.176s)
[ITER 120] bestGlobalCost=4573.45 (feasible=YES) bestThisIter=4606.37 feasibleAnts=7 noImprove=29 (elapsed 86.3682s)
[ITER 130] bestGlobalCost=4573.45 (feasible=YES) bestThisIter=5266.79 feasibleAnts=4 noImprove=39 (elapsed 91.3455s)
[ITER 140] bestGlobalCost=4573.45 (feasible=YES) bestThisIter=4653.02 feasibleAnts=3 noImprove=49 (elapsed 94.1435s)
[RESET] no improvement for50-> reset pheromones
[ITER 150] bestGlobalCost=4573.45 (feasible=YES) bestThisIter=4598.46 feasibleAnts=9 noImprove=9 (elapsed 100.026s)
[ITER 155] New best cost=4551.55 (feasible=YES, time 102.674s)
[ITER 160] bestGlobalCost=4551.55 (feasible=YES) bestThisIter=4602.80 feasibleAnts=12 noImprove=5 (elapsed 106.597s)
[ITER 170] bestGlobalCost=4551.55 (feasible=YES) bestThisIter=4558.18 feasibleAnts=10 noImprove=15 (elapsed 113.059s)
[ITER 180] bestGlobalCost=4551.55 (feasible=YES) bestThisIter=4776.00 feasibleAnts=8 noImprove=25 (elapsed 121.348s)
[ITER 190] bestGlobalCost=4551.55 (feasible=YES) bestThisIter=4852.85 feasibleAnts=3 noImprove=35 (elapsed 126.503s)
[ITER 200] bestGlobalCost=4551.55 (feasible=YES) bestThisIter=4832.42 feasibleAnts=3 noImprove=45 (elapsed 129.945s)
[RESET] no improvement for50-> reset pheromones
[ITER 210] bestGlobalCost=4551.55 (feasible=YES) bestThisIter=4618.75 feasibleAnts=13 noImprove=5 (elapsed 134.434s)
[ITER 220] bestGlobalCost=4551.55 (feasible=YES) bestThisIter=4629.61 feasibleAnts=10 noImprove=15 (elapsed 142.676s)
[ITER 230] bestGlobalCost=4551.55 (feasible=YES) bestThisIter=4750.05 feasibleAnts=7 noImprove=25 (elapsed 150.449s)
[ITER 240] bestGlobalCost=4551.55 (feasible=YES) bestThisIter=4823.37 feasibleAnts=6 noImprove=35 (elapsed 155.242s)
[ITER 250] bestGlobalCost=4551.55 (feasible=YES) bestThisIter=4895.02 feasibleAnts=3 noImprove=45 (elapsed 158.616s)
[RESET] no improvement for50-> reset pheromones
[ITER 260] bestGlobalCost=4551.55 (feasible=YES) bestThisIter=4640.98 feasibleAnts=10 noImprove=5 (elapsed 162.15s)
[ITER 270] bestGlobalCost=4551.55 (feasible=YES) bestThisIter=4682.98 feasibleAnts=10 noImprove=15 (elapsed 169.32s)
[ITER 280] bestGlobalCost=4551.55 (feasible=YES) bestThisIter=4651.48 feasibleAnts=7 noImprove=25 (elapsed 175.889s)
[ITER 290] bestGlobalCost=4551.55 (feasible=YES) bestThisIter=4888.16 feasibleAnts=5 noImprove=35 (elapsed 180.862s)
[ITER 300] bestGlobalCost=4551.55 (feasible=YES) bestThisIter=5037.01 feasibleAnts=3 noImprove=45 (elapsed 184.463s)
[RESET] no improvement for50-> reset pheromones
[ITER 310] bestGlobalCost=4551.55 (feasible=YES) bestThisIter=4629.07 feasibleAnts=15 noImprove=5 (elapsed 189.472s)
[ITER 320] bestGlobalCost=4551.55 (feasible=YES) bestThisIter=4664.19 feasibleAnts=10 noImprove=15 (elapsed 196.637s)
[ITER 330] bestGlobalCost=4551.55 (feasible=YES) bestThisIter=4715.49 feasibleAnts=7 noImprove=25 (elapsed 203.266s)
[ITER 340] bestGlobalCost=4551.55 (feasible=YES) bestThisIter=4860.12 feasibleAnts=3 noImprove=35 (elapsed 209.192s)
[ITER 350] bestGlobalCost=4551.55 (feasible=YES) bestThisIter=4800.03 feasibleAnts=3 noImprove=45 (elapsed 212.975s)
[RESET] no improvement for50-> reset pheromones
[ITER 360] bestGlobalCost=4551.55 (feasible=YES) bestThisIter=4656.58 feasibleAnts=12 noImprove=5 (elapsed 217.079s)
[ITER 370] bestGlobalCost=4551.55 (feasible=YES) bestThisIter=4573.45 feasibleAnts=10 noImprove=15 (elapsed 223.589s)
[ITER 380] bestGlobalCost=4551.55 (feasible=YES) bestThisIter=4789.29 feasibleAnts=7 noImprove=25 (elapsed 230.626s)
[ITER 390] bestGlobalCost=4551.55 (feasible=YES) bestThisIter=4733.97 feasibleAnts=6 noImprove=35 (elapsed 236.746s)
[ITER 400] bestGlobalCost=4551.55 (feasible=YES) bestThisIter=4987.65 feasibleAnts=3 noImprove=45 (elapsed 240.265s)
[RESET] no improvement for50-> reset pheromones
[ITER 410] bestGlobalCost=4551.55 (feasible=YES) bestThisIter=4609.66 feasibleAnts=13 noImprove=5 (elapsed 244.468s)
[ITER 420] bestGlobalCost=4551.55 (feasible=YES) bestThisIter=4662.72 feasibleAnts=10 noImprove=15 (elapsed 251.425s)
[ITER 430] bestGlobalCost=4551.55 (feasible=YES) bestThisIter=4743.94 feasibleAnts=8 noImprove=25 (elapsed 258.543s)
[ITER 440] bestGlobalCost=4551.55 (feasible=YES) bestThisIter=4881.50 feasibleAnts=4 noImprove=35 (elapsed 263.872s)
[ITER 450] bestGlobalCost=4551.55 (feasible=YES) bestThisIter=5129.44 feasibleAnts=4 noImprove=45 (elapsed 267.733s)
[RESET] no improvement for50-> reset pheromones
[ITER 460] bestGlobalCost=4551.55 (feasible=YES) bestThisIter=4634.55 feasibleAnts=13 noImprove=5 (elapsed 271.773s)
[ITER 470] bestGlobalCost=4551.55 (feasible=YES) bestThisIter=4600.14 feasibleAnts=10 noImprove=15 (elapsed 278.635s)
[ITER 480] bestGlobalCost=4551.55 (feasible=YES) bestThisIter=4671.51 feasibleAnts=8 noImprove=25 (elapsed 285.366s)
[ITER 490] bestGlobalCost=4551.55 (feasible=YES) bestThisIter=4735.68 feasibleAnts=3 noImprove=35 (elapsed 291.362s)
[ITER 500] bestGlobalCost=4551.55 (feasible=YES) bestThisIter=5045.67 feasibleAnts=3 noImprove=45 (elapsed 294.9s)
[RESET] no improvement for50-> reset pheromones
[ITER 510] bestGlobalCost=4551.55 (feasible=YES) bestThisIter=4596.03 feasibleAnts=11 noImprove=5 (elapsed 299.345s)
36 38 41 42 43 44 45 46 47 105 106 
141 147 149 150 152 153 154 155 187 190 
77 78 79 80 81 82 90 91 157 162 
49 61 62 63 66 67 68 84 85 
151 191 192 193 197 198 199 200 201 202 
121 122 124 126 131 132 133 134 184 185 
176 177 178 179 180 181 182 183 194 195 196 
40 103 104 107 110 111 118 119 120 123 
83 86 87 88 89 94 98 156 
1 48 69 70 71 73 74 75 76 
158 159 161 163 164 165 166 169 170 171 
50 92 93 95 96 97 99 100 108 109 
135 136 160 168 172 173 174 175 186 188 189 
101 102 112 113 114 115 116 117 125 167 
27 28 29 37 39 127 128 129 130 137 
7 10 11 17 18 19 20 21 22 146 
54 55 56 57 58 59 60 64 65 72 
2 3 4 5 6 8 9 12 13 14 16 
15 26 30 31 32 33 34 35 51 52 53 
23 24 25 138 139 140 142 143 144 145 148 
[SAVELOGS] evolution saved to results/logs/aco_logs/evolution/gr202_20_4.txt
[SAVELOGS] best cost saved to results/logs/aco_logs/objectives/gr202_20_4.txt
[SAVELOGS] best solution saved to results/logs/aco_logs/solutions/gr202_20_4.txt
