[ITER 1] New best cost=301502.07 (feasible=YES, time 0.147749s)
[ITER 2] New best cost=282966.47 (feasible=YES, time 0.24642s)
[ITER 3] New best cost=280415.35 (feasible=YES, time 0.344019s)
[ITER 10] New best cost=279022.58 (feasible=YES, time 1.19159s)
[ITER 10] bestGlobalCost=279022.58 (feasible=YES) bestThisIter=279022.58 feasibleAnts=10 noImprove=0 (elapsed 1.19518s)
[ITER 12] New best cost=275038.36 (feasible=YES, time 1.38694s)
[ITER 13] New best cost=273746.51 (feasible=YES, time 1.4618s)
[ITER 20] bestGlobalCost=273746.51 (feasible=YES) bestThisIter=273746.51 feasibleAnts=10 noImprove=7 (elapsed 4.69775s)
[ITER 30] bestGlobalCost=273746.51 (feasible=YES) bestThisIter=290409.63 feasibleAnts=9 noImprove=17 (elapsed 8.63111s)
[ITER 40] bestGlobalCost=273746.51 (feasible=YES) bestThisIter=294164.51 feasibleAnts=9 noImprove=27 (elapsed 9.66059s)
[RESET] no improvement for30-> reset pheromones
[ITER 45] New best cost=273211.04 (feasible=YES, time 12.3957s)
[ITER 50] bestGlobalCost=273211.04 (feasible=YES) bestThisIter=299406.21 feasibleAnts=10 noImprove=5 (elapsed 13.3555s)
[ITER 60] bestGlobalCost=273211.04 (feasible=YES) bestThisIter=284287.38 feasibleAnts=10 noImprove=15 (elapsed 17.5465s)
[ITER 70] bestGlobalCost=273211.04 (feasible=YES) bestThisIter=281217.50 feasibleAnts=10 noImprove=25 (elapsed 18.6005s)
[RESET] no improvement for30-> reset pheromones
[ITER 80] bestGlobalCost=273211.04 (feasible=YES) bestThisIter=296042.39 feasibleAnts=10 noImprove=5 (elapsed 22.3043s)
[ITER 90] bestGlobalCost=273211.04 (feasible=YES) bestThisIter=276833.21 feasibleAnts=7 noImprove=15 (elapsed 26.6912s)
[ITER 100] bestGlobalCost=273211.04 (feasible=YES) bestThisIter=277327.79 feasibleAnts=10 noImprove=25 (elapsed 27.5179s)
[RESET] no improvement for30-> reset pheromones
[ITER 110] bestGlobalCost=273211.04 (feasible=YES) bestThisIter=299089.37 feasibleAnts=10 noImprove=5 (elapsed 31.3526s)
[ITER 120] bestGlobalCost=273211.04 (feasible=YES) bestThisIter=273211.04 feasibleAnts=10 noImprove=15 (elapsed 35.5498s)
[ITER 130] bestGlobalCost=273211.04 (feasible=YES) bestThisIter=273211.04 feasibleAnts=10 noImprove=25 (elapsed 36.3612s)
[RESET] no improvement for30-> reset pheromones
[ITER 140] bestGlobalCost=273211.04 (feasible=YES) bestThisIter=300575.96 feasibleAnts=10 noImprove=5 (elapsed 40.159s)
[ITER 150] bestGlobalCost=273211.04 (feasible=YES) bestThisIter=275801.96 feasibleAnts=10 noImprove=15 (elapsed 44.2703s)
[ITER 160] bestGlobalCost=273211.04 (feasible=YES) bestThisIter=283289.69 feasibleAnts=10 noImprove=25 (elapsed 45.0199s)
[RESET] no improvement for30-> reset pheromones
[ITER 170] bestGlobalCost=273211.04 (feasible=YES) bestThisIter=295703.93 feasibleAnts=10 noImprove=5 (elapsed 48.6343s)
[ITER 180] bestGlobalCost=273211.04 (feasible=YES) bestThisIter=289863.81 feasibleAnts=10 noImprove=15 (elapsed 52.8395s)
[ITER 190] bestGlobalCost=273211.04 (feasible=YES) bestThisIter=280452.14 feasibleAnts=10 noImprove=25 (elapsed 53.9629s)
[RESET] no improvement for30-> reset pheromones
[ITER 200] bestGlobalCost=273211.04 (feasible=YES) bestThisIter=305720.89 feasibleAnts=10 noImprove=5 (elapsed 57.6841s)
[ITER 210] bestGlobalCost=273211.04 (feasible=YES) bestThisIter=279499.36 feasibleAnts=10 noImprove=15 (elapsed 62.0783s)
2 31 40 42 54 61 64 67 69 89 
1 6 8 10 19 47 49 63 75 92 
7 12 20 25 27 34 35 57 58 83 86 87 
11 15 17 21 23 32 45 59 72 74 99 
5 13 33 37 44 50 76 78 82 95 96 
9 28 60 62 77 81 91 93 98 
16 18 24 36 38 79 84 88 90 94 
4 22 26 53 56 65 66 70 80 97 
3 14 30 39 41 52 71 100 
29 43 46 48 51 55 68 73 85 
[SAVELOGS] evolution saved to results/logs/kroA100_10_5/evolution/kroA100_10_5
[SAVELOGS] best cost saved to results/logs/kroA100_10_5/objectives/kroA100_10_5
[SAVELOGS] best solution saved to results/logs/kroA100_10_5/solutions/kroA100_10_5
