[ITER 1] New best cost=38390.62 (feasible=YES, time 0.304984s)
[ITER 2] New best cost=37226.25 (feasible=YES, time 0.556491s)
[ITER 3] New best cost=35454.93 (feasible=YES, time 0.76997s)
[ITER 10] bestGlobalCost=35454.93 (feasible=YES) bestThisIter=37265.39 feasibleAnts=10 noImprove=7 (elapsed 2.61472s)
[ITER 12] New best cost=34780.35 (feasible=YES, time 3.17206s)
[ITER 14] New best cost=34720.34 (feasible=YES, time 3.41442s)
[ITER 15] New best cost=33435.18 (feasible=YES, time 4.7796s)
[ITER 20] bestGlobalCost=33435.18 (feasible=YES) bestThisIter=35032.55 feasibleAnts=10 noImprove=5 (elapsed 10.6114s)
[ITER 30] bestGlobalCost=33435.18 (feasible=YES) bestThisIter=36953.52 feasibleAnts=10 noImprove=15 (elapsed 19.3802s)
[ITER 40] bestGlobalCost=33435.18 (feasible=YES) bestThisIter=36161.69 feasibleAnts=10 noImprove=25 (elapsed 22.6646s)
[ITER 45] New best cost=33233.94 (feasible=YES, time 30.5903s)
[ITER 47] New best cost=32918.55 (feasible=YES, time 30.9387s)
[ITER 50] bestGlobalCost=32918.55 (feasible=YES) bestThisIter=32918.55 feasibleAnts=10 noImprove=3 (elapsed 31.5508s)
[ITER 60] bestGlobalCost=32918.55 (feasible=YES) bestThisIter=33698.62 feasibleAnts=10 noImprove=13 (elapsed 40.0173s)
[ITER 70] bestGlobalCost=32918.55 (feasible=YES) bestThisIter=36099.02 feasibleAnts=10 noImprove=23 (elapsed 42.8856s)
[RESET] no improvement for30-> reset pheromones
[ITER 80] bestGlobalCost=32918.55 (feasible=YES) bestThisIter=36243.64 feasibleAnts=10 noImprove=3 (elapsed 52.4212s)
[ITER 90] bestGlobalCost=32918.55 (feasible=YES) bestThisIter=35534.50 feasibleAnts=10 noImprove=13 (elapsed 62.3275s)
7 26 64 69 86 97 
17 19 27 31 34 89 100 
28 30 59 83 115 117 
12 29 65 77 81 87 103 
4 22 23 33 37 40 93 
9 56 82 101 111 123 
66 78 85 90 121 125 
6 51 55 60 91 102 120 
11 61 76 88 109 124 129 
24 36 94 98 113 119 
10 13 14 44 67 96 122 
5 16 45 62 105 112 
2 20 35 46 54 80 118 
1 39 41 50 71 128 130 
52 57 73 74 75 99 
25 32 48 70 84 110 
43 63 68 104 107 127 
42 47 49 53 58 72 106 
3 8 18 21 108 114 126 
15 38 79 92 95 116 
[SAVELOGS] evolution saved to results/logs/ch130_20_4/evolution/ch130_20_4
[SAVELOGS] best cost saved to results/logs/ch130_20_4/objectives/ch130_20_4
[SAVELOGS] best solution saved to results/logs/ch130_20_4/solutions/ch130_20_4
