[ITER 1] New best cost=1239202.69 (feasible=YES, time 6.87896s)
[ITER 2] New best cost=1195950.17 (feasible=YES, time 11.9361s)
[ITER 3] New best cost=1193965.64 (feasible=YES, time 17.2451s)
[ITER 4] New best cost=1180305.73 (feasible=YES, time 23.0131s)
[ITER 5] New best cost=1168111.35 (feasible=YES, time 28.3567s)
[ITER 10] [TS] New best cost=1161703.66 (feasible=YES, time 57.2752s)
[ITER 10] bestGlobalCost=1161703.66 (feasible=YES) bestThisIter=1180260.81 feasibleAnts=10 noImprove=1 (elapsed 59.2391s)
[ITER 11] New best cost=1161234.93 (feasible=YES, time 64.5685s)
[ITER 18] New best cost=1150581.55 (feasible=YES, time 99.8297s)
[ITER 20] bestGlobalCost=1150581.55 (feasible=YES) bestThisIter=1172255.54 feasibleAnts=10 noImprove=2 (elapsed 118.889s)
[ITER 30] bestGlobalCost=1150581.55 (feasible=YES) bestThisIter=1159268.10 feasibleAnts=10 noImprove=12 (elapsed 171.954s)
[ITER 36] New best cost=1143654.04 (feasible=YES, time 199.819s)
[ITER 40] bestGlobalCost=1143654.04 (feasible=YES) bestThisIter=1165887.97 feasibleAnts=9 noImprove=4 (elapsed 226.912s)
[ITER 50] bestGlobalCost=1143654.04 (feasible=YES) bestThisIter=1149237.15 feasibleAnts=10 noImprove=14 (elapsed 281.679s)
173 174 189 190 193 194 195 238 239 243 246 247 250 269 270 
27 30 31 32 33 34 35 36 62 63 64 65 66 67 68 69 
37 38 39 57 58 59 60 61 105 106 107 108 110 111 127 
167 168 170 196 197 234 235 236 237 240 241 242 271 272 273 274 
78 131 132 134 137 138 162 163 164 165 166 198 201 202 228 232 
83 84 87 94 95 96 97 98 100 101 139 140 142 161 
1 2 3 4 5 6 7 8 14 20 92 93 143 144 145 
203 205 206 211 219 223 226 227 280 283 284 285 286 299 
54 55 56 114 115 116 117 119 120 122 123 124 125 180 
160 204 207 208 210 212 213 216 217 218 220 221 222 224 287 
146 147 148 149 150 151 152 154 155 156 214 296 297 298 
28 29 70 71 73 74 76 77 103 104 129 130 135 136 
181 182 183 184 185 254 255 256 257 258 259 260 261 262 263 
9 10 11 12 13 15 16 17 21 85 86 88 89 90 91 
186 187 188 191 192 244 245 248 249 251 252 264 265 266 267 268 
40 41 42 43 44 45 46 47 48 49 50 51 52 53 112 
18 19 22 23 24 25 26 72 75 79 80 81 82 99 102 133 
199 200 225 229 230 231 233 275 276 277 278 279 281 282 
109 113 118 121 126 128 169 171 172 175 176 177 178 179 253 
141 153 157 158 159 209 215 288 289 290 291 292 293 294 295 
[SAVELOGS] evolution saved to results/logs/aco_logs/evolution/pr299_20_5.txt
[SAVELOGS] best cost saved to results/logs/aco_logs/objectives/pr299_20_5.txt
[SAVELOGS] best solution saved to results/logs/aco_logs/solutions/pr299_20_5.txt
