[ITER 1] New best cost=1439280.56 (feasible=YES, time 5.21927s)
[ITER 2] New best cost=1414471.47 (feasible=YES, time 9.76979s)
[ITER 3] New best cost=1406681.08 (feasible=YES, time 13.7905s)
[ITER 4] New best cost=1398572.16 (feasible=YES, time 17.928s)
[ITER 7] New best cost=1396903.78 (feasible=YES, time 31.2734s)
[ITER 10] [TS] New best cost=1389980.43 (feasible=YES, time 45.0987s)
[ITER 10] bestGlobalCost=1389980.43 (feasible=YES) bestThisIter=1389980.43 feasibleAnts=10 noImprove=1 (elapsed 51.0806s)
[ITER 11] New best cost=1387614.84 (feasible=YES, time 55.129s)
[ITER 16] New best cost=1384258.12 (feasible=YES, time 74.897s)
[ITER 20] bestGlobalCost=1384258.12 (feasible=YES) bestThisIter=1388507.39 feasibleAnts=10 noImprove=4 (elapsed 97.2591s)
[ITER 21] New best cost=1379953.80 (feasible=YES, time 102.606s)
[ITER 25] New best cost=1375810.34 (feasible=YES, time 122.741s)
[ITER 30] bestGlobalCost=1375810.34 (feasible=YES) bestThisIter=1379754.29 feasibleAnts=10 noImprove=5 (elapsed 152.594s)
[ITER 40] bestGlobalCost=1375810.34 (feasible=YES) bestThisIter=1379939.45 feasibleAnts=10 noImprove=15 (elapsed 198.387s)
[ITER 42] New best cost=1372357.13 (feasible=YES, time 208.989s)
[ITER 50] bestGlobalCost=1372357.13 (feasible=YES) bestThisIter=1397024.40 feasibleAnts=10 noImprove=8 (elapsed 249.477s)
[ITER 55] New best cost=1372019.66 (feasible=YES, time 267.405s)
[ITER 60] bestGlobalCost=1372019.66 (feasible=YES) bestThisIter=1383573.90 feasibleAnts=10 noImprove=5 (elapsed 294.382s)
[ITER 64] New best cost=1371089.28 (feasible=YES, time 310.674s)
[ITER 70] bestGlobalCost=1371089.28 (feasible=YES) bestThisIter=1377240.26 feasibleAnts=10 noImprove=6 (elapsed 338.98s)
[ITER 80] bestGlobalCost=1371089.28 (feasible=YES) bestThisIter=1378723.91 feasibleAnts=10 noImprove=16 (elapsed 385.763s)
[ITER 84] New best cost=1368551.42 (feasible=YES, time 402.078s)
[ITER 90] bestGlobalCost=1368551.42 (feasible=YES) bestThisIter=1368551.42 feasibleAnts=10 noImprove=6 (elapsed 433.001s)
[ITER 99] New best cost=1368007.47 (feasible=YES, time 470.08s)
[ITER 100] bestGlobalCost=1368007.47 (feasible=YES) bestThisIter=1384539.68 feasibleAnts=10 noImprove=1 (elapsed 480.301s)
[ITER 110] bestGlobalCost=1368007.47 (feasible=YES) bestThisIter=1374598.17 feasibleAnts=10 noImprove=11 (elapsed 525.171s)
[ITER 120] bestGlobalCost=1368007.47 (feasible=YES) bestThisIter=1368007.47 feasibleAnts=10 noImprove=21 (elapsed 564.202s)
[RESET] no improvement for30-> reset pheromones
[ITER 130] bestGlobalCost=1368007.47 (feasible=YES) bestThisIter=1457606.75 feasibleAnts=10 noImprove=1 (elapsed 607.506s)
[ITER 136] New best cost=1366082.09 (feasible=YES, time 628.748s)
[ITER 140] bestGlobalCost=1366082.09 (feasible=YES) bestThisIter=1379532.47 feasibleAnts=10 noImprove=4 (elapsed 649.903s)
[ITER 143] New best cost=1363776.51 (feasible=YES, time 662.295s)
[ITER 150] bestGlobalCost=1363776.51 (feasible=YES) bestThisIter=1368771.81 feasibleAnts=10 noImprove=7 (elapsed 696.712s)
[ITER 160] bestGlobalCost=1363776.51 (feasible=YES) bestThisIter=1377014.02 feasibleAnts=10 noImprove=17 (elapsed 738.606s)
[ITER 161] New best cost=1363765.63 (feasible=YES, time 741.17s)
[ITER 170] bestGlobalCost=1363765.63 (feasible=YES) bestThisIter=1370266.90 feasibleAnts=10 noImprove=9 (elapsed 782.464s)
[ITER 180] bestGlobalCost=1363765.63 (feasible=YES) bestThisIter=1371051.12 feasibleAnts=10 noImprove=19 (elapsed 826.686s)
[ITER 187] New best cost=1362266.38 (feasible=YES, time 852.7s)
[ITER 190] bestGlobalCost=1362266.38 (feasible=YES) bestThisIter=1377256.05 feasibleAnts=10 noImprove=3 (elapsed 872.472s)
[ITER 200] bestGlobalCost=1362266.38 (feasible=YES) bestThisIter=1378510.38 feasibleAnts=10 noImprove=13 (elapsed 915.803s)
[ITER 210] bestGlobalCost=1362266.38 (feasible=YES) bestThisIter=1376109.21 feasibleAnts=10 noImprove=23 (elapsed 957.998s)
[RESET] no improvement for30-> reset pheromones
[ITER 220] bestGlobalCost=1362266.38 (feasible=YES) bestThisIter=1385005.14 feasibleAnts=10 noImprove=3 (elapsed 1006.83s)
[ITER 230] bestGlobalCost=1362266.38 (feasible=YES) bestThisIter=1384154.19 feasibleAnts=10 noImprove=13 (elapsed 1052.79s)
[ITER 240] bestGlobalCost=1362266.38 (feasible=YES) bestThisIter=1373959.41 feasibleAnts=10 noImprove=23 (elapsed 1096.82s)
[RESET] no improvement for30-> reset pheromones
[ITER 250] bestGlobalCost=1362266.38 (feasible=YES) bestThisIter=1380540.32 feasibleAnts=10 noImprove=3 (elapsed 1141.65s)
[ITER 260] bestGlobalCost=1362266.38 (feasible=YES) bestThisIter=1378115.48 feasibleAnts=10 noImprove=13 (elapsed 1188.49s)
[ITER 270] bestGlobalCost=1362266.38 (feasible=YES) bestThisIter=1362266.38 feasibleAnts=10 noImprove=23 (elapsed 1230.31s)
[RESET] no improvement for30-> reset pheromones
[ITER 280] bestGlobalCost=1362266.38 (feasible=YES) bestThisIter=1382943.71 feasibleAnts=10 noImprove=3 (elapsed 1276.77s)
[ITER 290] bestGlobalCost=1362266.38 (feasible=YES) bestThisIter=1370741.38 feasibleAnts=10 noImprove=13 (elapsed 1324.01s)
[ITER 300] bestGlobalCost=1362266.38 (feasible=YES) bestThisIter=1368393.22 feasibleAnts=10 noImprove=23 (elapsed 1367.18s)
[RESET] no improvement for30-> reset pheromones
[ITER 310] bestGlobalCost=1362266.38 (feasible=YES) bestThisIter=1390922.08 feasibleAnts=10 noImprove=3 (elapsed 1410.65s)
[ITER 320] bestGlobalCost=1362266.38 (feasible=YES) bestThisIter=1369932.79 feasibleAnts=10 noImprove=13 (elapsed 1448.81s)
[ITER 330] bestGlobalCost=1362266.38 (feasible=YES) bestThisIter=1388049.23 feasibleAnts=10 noImprove=23 (elapsed 1491.44s)
1 4 7 9 15 34 39 42 45 56 107 115 120 121 129 133 137 161 164 167 169 178 201 216 222 237 247 256 258 273 275 286 290 295 300 304 328 336 339 391 
13 17 19 51 54 67 77 88 89 102 117 155 165 173 186 187 199 202 205 211 214 234 236 238 244 252 263 268 282 284 285 289 306 309 317 347 348 357 384 395 400 
3 5 10 14 16 31 52 80 93 116 125 132 135 141 146 189 195 207 212 221 226 228 242 255 260 262 266 272 280 281 314 330 332 353 361 373 382 387 388 390 393 
25 29 41 53 65 71 84 85 87 95 114 127 153 156 159 163 174 185 190 192 197 200 225 243 278 287 308 312 331 340 343 356 359 366 369 381 383 389 392 398 
8 18 38 44 50 55 79 83 90 91 97 128 145 149 152 162 168 175 180 181 182 193 204 210 229 232 233 239 259 261 296 305 313 315 319 335 338 349 352 375 380 394 
6 21 24 26 30 35 36 47 49 58 64 69 72 76 98 118 119 136 151 154 160 184 196 206 213 230 240 271 279 288 298 301 316 323 341 342 346 379 
33 46 61 70 78 81 86 94 105 134 138 140 144 150 171 172 177 183 188 198 208 217 235 241 267 277 283 292 294 302 322 324 325 333 351 364 365 372 374 
11 23 32 48 59 60 62 68 100 101 110 113 122 123 124 130 142 157 158 191 224 245 251 253 254 276 293 307 311 320 327 329 344 345 350 362 363 396 397 
12 27 28 37 40 43 63 74 75 99 104 109 111 112 126 131 143 166 170 176 194 218 219 220 231 246 248 264 270 291 297 303 310 318 321 334 355 370 376 386 399 
2 20 22 57 66 73 82 92 96 103 106 108 139 147 148 179 203 209 215 223 227 249 250 257 265 269 274 299 326 337 354 358 360 367 368 371 377 378 385 
[SAVELOGS] evolution saved to results/logs/aco_logs/evolution/rd400_10_5.txt
[SAVELOGS] best cost saved to results/logs/aco_logs/objectives/rd400_10_5.txt
[SAVELOGS] best solution saved to results/logs/aco_logs/solutions/rd400_10_5.txt
