[ITER 1] New best cost=1439659.20 (feasible=YES, time 5.32304s)
[ITER 2] New best cost=1421971.58 (feasible=YES, time 8.72998s)
[ITER 4] New best cost=1418959.09 (feasible=YES, time 18.8622s)
[ITER 5] New best cost=1404763.43 (feasible=YES, time 22.5951s)
[ITER 6] New best cost=1400607.67 (feasible=YES, time 27.0869s)
[ITER 8] New best cost=1393882.13 (feasible=YES, time 35.3741s)
[ITER 10] bestGlobalCost=1393882.13 (feasible=YES) bestThisIter=1404107.91 feasibleAnts=10 noImprove=2 (elapsed 49.8001s)
[ITER 11] New best cost=1391718.85 (feasible=YES, time 54.1501s)
[ITER 14] New best cost=1387862.21 (feasible=YES, time 66.8316s)
[ITER 18] New best cost=1387041.63 (feasible=YES, time 84.9411s)
[ITER 20] bestGlobalCost=1387041.63 (feasible=YES) bestThisIter=1403160.74 feasibleAnts=10 noImprove=2 (elapsed 99.5999s)
[ITER 26] New best cost=1383702.90 (feasible=YES, time 121.044s)
[ITER 27] New best cost=1381897.06 (feasible=YES, time 124.275s)
[ITER 30] bestGlobalCost=1381897.06 (feasible=YES) bestThisIter=1384170.27 feasibleAnts=10 noImprove=3 (elapsed 144.571s)
[ITER 31] New best cost=1379400.64 (feasible=YES, time 147.434s)
[ITER 40] bestGlobalCost=1379400.64 (feasible=YES) bestThisIter=1382313.07 feasibleAnts=10 noImprove=9 (elapsed 189.634s)
[ITER 42] New best cost=1377994.42 (feasible=YES, time 197.305s)
[ITER 46] New best cost=1376287.23 (feasible=YES, time 212.561s)
[ITER 50] bestGlobalCost=1376287.23 (feasible=YES) bestThisIter=1385756.42 feasibleAnts=10 noImprove=4 (elapsed 235.82s)
[ITER 56] New best cost=1372694.05 (feasible=YES, time 253.225s)
[ITER 60] bestGlobalCost=1372694.05 (feasible=YES) bestThisIter=1389359.14 feasibleAnts=10 noImprove=4 (elapsed 273.705s)
[ITER 70] bestGlobalCost=1372694.05 (feasible=YES) bestThisIter=1380363.72 feasibleAnts=10 noImprove=14 (elapsed 314.886s)
[ITER 80] bestGlobalCost=1372694.05 (feasible=YES) bestThisIter=1372694.05 feasibleAnts=11 noImprove=24 (elapsed 356.814s)
[RESET] no improvement for30-> reset pheromones
[ITER 90] bestGlobalCost=1372694.05 (feasible=YES) bestThisIter=1389072.40 feasibleAnts=10 noImprove=4 (elapsed 401.137s)
[ITER 98] New best cost=1370584.71 (feasible=YES, time 427.163s)
[ITER 100] bestGlobalCost=1370584.71 (feasible=YES) bestThisIter=1374300.81 feasibleAnts=10 noImprove=2 (elapsed 440.44s)
[ITER 110] bestGlobalCost=1370584.71 (feasible=YES) bestThisIter=1382569.68 feasibleAnts=10 noImprove=12 (elapsed 487.717s)
[ITER 120] bestGlobalCost=1370584.71 (feasible=YES) bestThisIter=1373468.73 feasibleAnts=10 noImprove=22 (elapsed 535.312s)
[RESET] no improvement for30-> reset pheromones
[ITER 130] bestGlobalCost=1370584.71 (feasible=YES) bestThisIter=1404383.73 feasibleAnts=10 noImprove=2 (elapsed 582.474s)
[ITER 140] bestGlobalCost=1370584.71 (feasible=YES) bestThisIter=1375070.65 feasibleAnts=10 noImprove=12 (elapsed 631.132s)
[ITER 150] bestGlobalCost=1370584.71 (feasible=YES) bestThisIter=1374614.12 feasibleAnts=10 noImprove=22 (elapsed 679.03s)
[RESET] no improvement for30-> reset pheromones
[ITER 160] bestGlobalCost=1370584.71 (feasible=YES) bestThisIter=1389355.03 feasibleAnts=10 noImprove=2 (elapsed 724.998s)
[ITER 170] bestGlobalCost=1370584.71 (feasible=YES) bestThisIter=1381580.33 feasibleAnts=10 noImprove=12 (elapsed 775.189s)
[ITER 180] bestGlobalCost=1370584.71 (feasible=YES) bestThisIter=1376896.11 feasibleAnts=10 noImprove=22 (elapsed 832.027s)
[ITER 181] New best cost=1369877.41 (feasible=YES, time 835.516s)
[ITER 190] bestGlobalCost=1369877.41 (feasible=YES) bestThisIter=1371569.24 feasibleAnts=10 noImprove=9 (elapsed 876.377s)
[ITER 200] bestGlobalCost=1369877.41 (feasible=YES) bestThisIter=1388323.58 feasibleAnts=10 noImprove=19 (elapsed 915.962s)
[ITER 210] bestGlobalCost=1369877.41 (feasible=YES) bestThisIter=1371637.59 feasibleAnts=10 noImprove=29 (elapsed 959.378s)
[RESET] no improvement for30-> reset pheromones
[ITER 220] bestGlobalCost=1369877.41 (feasible=YES) bestThisIter=1380501.84 feasibleAnts=10 noImprove=9 (elapsed 1001.83s)
[ITER 230] bestGlobalCost=1369877.41 (feasible=YES) bestThisIter=1384490.98 feasibleAnts=10 noImprove=19 (elapsed 1046.31s)
[ITER 240] bestGlobalCost=1369877.41 (feasible=YES) bestThisIter=1374897.47 feasibleAnts=10 noImprove=29 (elapsed 1091.75s)
[RESET] no improvement for30-> reset pheromones
[ITER 250] bestGlobalCost=1369877.41 (feasible=YES) bestThisIter=1395770.62 feasibleAnts=10 noImprove=9 (elapsed 1138.93s)
[ITER 260] bestGlobalCost=1369877.41 (feasible=YES) bestThisIter=1375594.13 feasibleAnts=10 noImprove=19 (elapsed 1185.37s)
[ITER 270] bestGlobalCost=1369877.41 (feasible=YES) bestThisIter=1387844.46 feasibleAnts=10 noImprove=29 (elapsed 1230.38s)
[RESET] no improvement for30-> reset pheromones
[ITER 280] bestGlobalCost=1369877.41 (feasible=YES) bestThisIter=1382856.90 feasibleAnts=10 noImprove=9 (elapsed 1274.43s)
[ITER 290] bestGlobalCost=1369877.41 (feasible=YES) bestThisIter=1379886.84 feasibleAnts=10 noImprove=19 (elapsed 1319.56s)
[ITER 300] bestGlobalCost=1369877.41 (feasible=YES) bestThisIter=1384384.98 feasibleAnts=10 noImprove=29 (elapsed 1363.09s)
[ITER 301] New best cost=1369419.69 (feasible=YES, time 1366.31s)
[ITER 310] bestGlobalCost=1369419.69 (feasible=YES) bestThisIter=1388514.31 feasibleAnts=10 noImprove=9 (elapsed 1405.17s)
[ITER 320] bestGlobalCost=1369419.69 (feasible=YES) bestThisIter=1385240.73 feasibleAnts=10 noImprove=19 (elapsed 1449.44s)
[ITER 330] bestGlobalCost=1369419.69 (feasible=YES) bestThisIter=1389717.79 feasibleAnts=10 noImprove=29 (elapsed 1497.85s)
[RESET] no improvement for30-> reset pheromones
6 21 24 26 30 35 36 42 49 58 64 69 72 76 98 118 119 136 151 154 160 184 186 196 213 230 240 271 279 288 298 301 316 323 341 342 346 379 
2 20 22 57 66 73 92 96 103 108 110 122 139 147 148 179 203 209 215 223 227 246 250 257 264 265 269 274 275 299 337 352 354 360 367 368 371 378 385 
1 4 7 9 15 34 39 45 56 107 115 117 120 121 129 133 137 161 167 169 201 216 222 237 247 249 256 258 273 282 286 290 295 300 304 328 336 339 358 391 
8 18 38 40 44 50 55 79 83 91 109 128 145 149 152 162 168 175 180 181 182 204 210 217 229 233 239 259 261 296 305 313 319 335 338 349 365 375 380 383 394 
25 29 41 53 65 71 84 85 87 88 95 114 127 153 156 159 163 174 187 190 192 197 200 225 243 252 287 308 315 331 340 343 356 359 366 369 381 389 392 398 
11 23 32 47 48 59 60 62 68 100 101 113 123 124 130 142 157 158 191 206 224 245 251 253 254 276 293 307 311 320 327 329 344 345 350 362 363 396 397 
3 5 10 14 16 31 52 80 93 116 125 132 135 141 146 189 195 207 212 226 228 242 255 260 262 266 272 280 281 314 330 332 353 361 373 377 382 387 388 390 393 
13 17 19 51 54 67 77 89 90 102 155 164 165 173 178 185 199 202 205 211 214 232 234 236 238 244 263 268 278 284 285 289 306 309 312 317 347 348 357 384 395 400 
33 46 61 70 78 81 86 94 97 105 134 138 140 144 150 171 172 177 183 188 194 198 208 235 241 267 277 283 292 294 302 322 324 325 333 351 364 372 374 
12 27 28 37 43 63 74 75 82 99 104 106 111 112 126 131 143 166 170 176 193 218 219 220 221 231 248 270 291 297 303 310 318 321 326 334 355 370 376 386 399 
[SAVELOGS] evolution saved to results/logs/aco_logs/evolution/rd400_10_5.txt
[SAVELOGS] best cost saved to results/logs/aco_logs/objectives/rd400_10_5.txt
[SAVELOGS] best solution saved to results/logs/aco_logs/solutions/rd400_10_5.txt
