[ITER 1] New best cost=1173972.77 (feasible=NO, time 0.495082s)
[ITER 1] New best cost=1239578.67 (feasible=YES, time 0.500261s)
[ITER 2] New best cost=1230084.78 (feasible=YES, time 0.759892s)
[ITER 3] New best cost=1193150.37 (feasible=YES, time 1.08798s)
[ITER 4] New best cost=1188010.72 (feasible=YES, time 1.36091s)
[ITER 5] New best cost=1150889.49 (feasible=YES, time 3.65535s)
[ITER 8] New best cost=1145473.77 (feasible=YES, time 4.43876s)
[ITER 10] bestGlobalCost=1145473.77 (feasible=YES) bestThisIter=1146023.77 feasibleAnts=9 noImprove=2 (elapsed 6.82136s)
[ITER 12] New best cost=1125434.17 (feasible=YES, time 7.21031s)
[ITER 16] New best cost=1124055.85 (feasible=YES, time 9.85395s)
[ITER 20] New best cost=1123475.09 (feasible=YES, time 12.2526s)
[ITER 20] bestGlobalCost=1123475.09 (feasible=YES) bestThisIter=1124055.85 feasibleAnts=21 noImprove=0 (elapsed 12.2598s)
[ITER 24] New best cost=1120869.61 (feasible=YES, time 12.92s)
[ITER 28] New best cost=1120183.51 (feasible=YES, time 15.4976s)
[ITER 30] New best cost=1120073.27 (feasible=YES, time 17.8679s)
[ITER 30] bestGlobalCost=1120073.27 (feasible=YES) bestThisIter=1120852.48 feasibleAnts=6 noImprove=0 (elapsed 17.8726s)
[ITER 34] New best cost=1113680.62 (feasible=YES, time 18.6123s)
[ITER 39] New best cost=1112408.74 (feasible=YES, time 21.3992s)
[ITER 40] bestGlobalCost=1112408.74 (feasible=YES) bestThisIter=1110176.52 feasibleAnts=17 noImprove=1 (elapsed 23.5409s)
[ITER 44] New best cost=1109368.01 (feasible=YES, time 23.9465s)
[ITER 49] New best cost=1103344.20 (feasible=YES, time 26.4739s)
[ITER 50] bestGlobalCost=1103344.20 (feasible=YES) bestThisIter=1102676.01 feasibleAnts=22 noImprove=1 (elapsed 28.6457s)
[ITER 60] bestGlobalCost=1103344.20 (feasible=YES) bestThisIter=1105392.45 feasibleAnts=5 noImprove=11 (elapsed 34.8783s)
[ITER 62] New best cost=1100806.95 (feasible=YES, time 35.2973s)
[ITER 70] New best cost=1097925.95 (feasible=YES, time 40.2633s)
[ITER 70] bestGlobalCost=1097925.95 (feasible=YES) bestThisIter=1100806.95 feasibleAnts=7 noImprove=0 (elapsed 40.2684s)
[ITER 75] New best cost=1097499.16 (feasible=YES, time 42.7333s)
[ITER 78] New best cost=1095867.46 (feasible=YES, time 43.2595s)
[ITER 80] bestGlobalCost=1095867.46 (feasible=YES) bestThisIter=1096308.51 feasibleAnts=10 noImprove=2 (elapsed 45.5532s)
[ITER 81] New best cost=1094781.53 (feasible=YES, time 45.7051s)
[ITER 85] New best cost=1094691.59 (feasible=YES, time 48.3112s)
[ITER 90] bestGlobalCost=1094691.59 (feasible=YES) bestThisIter=1117824.16 feasibleAnts=26 noImprove=5 (elapsed 50.797s)
[ITER 93] New best cost=1091106.32 (feasible=YES, time 51.4136s)
[ITER 100] bestGlobalCost=1091106.32 (feasible=YES) bestThisIter=1094259.67 feasibleAnts=7 noImprove=7 (elapsed 56.4736s)
[ITER 110] bestGlobalCost=1091106.32 (feasible=YES) bestThisIter=1119318.60 feasibleAnts=5 noImprove=17 (elapsed 62.5041s)
[ITER 120] bestGlobalCost=1091106.32 (feasible=YES) bestThisIter=1168060.00 feasibleAnts=3 noImprove=27 (elapsed 69.6413s)
[ITER 130] bestGlobalCost=1091106.32 (feasible=YES) bestThisIter=1174252.54 feasibleAnts=4 noImprove=37 (elapsed 77.1939s)
[ITER 140] bestGlobalCost=1091106.32 (feasible=YES) bestThisIter=1171851.67 feasibleAnts=4 noImprove=47 (elapsed 85.2357s)
[RESET] no improvement for50-> reset pheromones
[ITER 150] bestGlobalCost=1091106.32 (feasible=YES) bestThisIter=1113150.00 feasibleAnts=6 noImprove=7 (elapsed 92.7768s)
[ITER 160] bestGlobalCost=1091106.32 (feasible=YES) bestThisIter=1110749.30 feasibleAnts=6 noImprove=17 (elapsed 99.7836s)
[ITER 170] bestGlobalCost=1091106.32 (feasible=YES) bestThisIter=1157268.14 feasibleAnts=4 noImprove=27 (elapsed 107.353s)
[ITER 180] bestGlobalCost=1091106.32 (feasible=YES) bestThisIter=1167290.27 feasibleAnts=4 noImprove=37 (elapsed 115.222s)
[ITER 190] bestGlobalCost=1091106.32 (feasible=YES) bestThisIter=1161340.14 feasibleAnts=3 noImprove=47 (elapsed 123.293s)
[RESET] no improvement for50-> reset pheromones
[ITER 200] bestGlobalCost=1091106.32 (feasible=YES) bestThisIter=1135282.59 feasibleAnts=4 noImprove=7 (elapsed 131.071s)
[ITER 210] bestGlobalCost=1091106.32 (feasible=YES) bestThisIter=1133941.87 feasibleAnts=3 noImprove=17 (elapsed 138.103s)
[ITER 220] bestGlobalCost=1091106.32 (feasible=YES) bestThisIter=1155652.33 feasibleAnts=5 noImprove=27 (elapsed 145.539s)
[ITER 230] bestGlobalCost=1091106.32 (feasible=YES) bestThisIter=1193844.20 feasibleAnts=3 noImprove=37 (elapsed 153.3s)
[ITER 240] bestGlobalCost=1091106.32 (feasible=YES) bestThisIter=1185410.72 feasibleAnts=3 noImprove=47 (elapsed 161.427s)
[RESET] no improvement for50-> reset pheromones
[ITER 250] bestGlobalCost=1091106.32 (feasible=YES) bestThisIter=1132103.33 feasibleAnts=7 noImprove=7 (elapsed 169.036s)
[ITER 260] bestGlobalCost=1091106.32 (feasible=YES) bestThisIter=1132130.85 feasibleAnts=4 noImprove=17 (elapsed 176.09s)
[ITER 270] bestGlobalCost=1091106.32 (feasible=YES) bestThisIter=1170363.15 feasibleAnts=3 noImprove=27 (elapsed 183.592s)
[ITER 280] bestGlobalCost=1091106.32 (feasible=YES) bestThisIter=1185650.12 feasibleAnts=3 noImprove=37 (elapsed 191.449s)
[ITER 290] bestGlobalCost=1091106.32 (feasible=YES) bestThisIter=1140019.57 feasibleAnts=3 noImprove=47 (elapsed 199.596s)
[RESET] no improvement for50-> reset pheromones
[ITER 300] New best cost=1090621.71 (feasible=YES, time 207.348s)
[ITER 300] bestGlobalCost=1090621.71 (feasible=YES) bestThisIter=1126374.38 feasibleAnts=3 noImprove=0 (elapsed 207.353s)
[ITER 304] New best cost=1070767.79 (feasible=YES, time 208.215s)
[ITER 310] New best cost=1063130.37 (feasible=YES, time 213.187s)
[ITER 310] bestGlobalCost=1063130.37 (feasible=YES) bestThisIter=1070767.79 feasibleAnts=8 noImprove=0 (elapsed 213.191s)
[ITER 320] bestGlobalCost=1063130.37 (feasible=YES) bestThisIter=1064919.56 feasibleAnts=11 noImprove=10 (elapsed 218.598s)
[ITER 324] New best cost=1062966.35 (feasible=YES, time 219.428s)
[ITER 329] New best cost=1062820.06 (feasible=YES, time 221.95s)
[ITER 330] bestGlobalCost=1062820.06 (feasible=YES) bestThisIter=1062966.35 feasibleAnts=28 noImprove=1 (elapsed 224.023s)
[ITER 340] bestGlobalCost=1062820.06 (feasible=YES) bestThisIter=1077566.24 feasibleAnts=5 noImprove=11 (elapsed 229.535s)
[ITER 342] New best cost=1055964.50 (feasible=YES, time 230.021s)
[ITER 347] New best cost=1055864.13 (feasible=YES, time 232.604s)
[ITER 349] New best cost=1052886.00 (feasible=YES, time 232.859s)
[ITER 350] bestGlobalCost=1052886.00 (feasible=YES) bestThisIter=1055964.50 feasibleAnts=11 noImprove=1 (elapsed 234.945s)
[ITER 352] New best cost=1051071.63 (feasible=YES, time 235.309s)
[ITER 359] New best cost=1049932.82 (feasible=YES, time 238.395s)
[ITER 360] bestGlobalCost=1049932.82 (feasible=YES) bestThisIter=1047735.48 feasibleAnts=20 noImprove=1 (elapsed 240.469s)
[ITER 370] bestGlobalCost=1049932.82 (feasible=YES) bestThisIter=1061337.27 feasibleAnts=7 noImprove=11 (elapsed 246.074s)
[ITER 378] New best cost=1047763.17 (feasible=YES, time 249.94s)
[ITER 380] bestGlobalCost=1047763.17 (feasible=YES) bestThisIter=1049932.82 feasibleAnts=23 noImprove=2 (elapsed 252.088s)
[ITER 390] bestGlobalCost=1047763.17 (feasible=YES) bestThisIter=1047911.27 feasibleAnts=8 noImprove=12 (elapsed 257.689s)
[ITER 400] bestGlobalCost=1047763.17 (feasible=YES) bestThisIter=1073850.00 feasibleAnts=4 noImprove=22 (elapsed 264.273s)
[ITER 410] bestGlobalCost=1047763.17 (feasible=YES) bestThisIter=1127604.64 feasibleAnts=3 noImprove=32 (elapsed 271.312s)
[ITER 420] bestGlobalCost=1047763.17 (feasible=YES) bestThisIter=1166554.68 feasibleAnts=4 noImprove=42 (elapsed 278.785s)
[RESET] no improvement for50-> reset pheromones
[ITER 430] bestGlobalCost=1047763.17 (feasible=YES) bestThisIter=1122206.89 feasibleAnts=4 noImprove=2 (elapsed 286.76s)
[ITER 440] bestGlobalCost=1047763.17 (feasible=YES) bestThisIter=1100120.74 feasibleAnts=4 noImprove=12 (elapsed 293.775s)
[ITER 450] bestGlobalCost=1047763.17 (feasible=YES) bestThisIter=1084355.15 feasibleAnts=3 noImprove=22 (elapsed 300.89s)
[ITER 460] bestGlobalCost=1047763.17 (feasible=YES) bestThisIter=1145844.99 feasibleAnts=3 noImprove=32 (elapsed 308.544s)
[ITER 470] bestGlobalCost=1047763.17 (feasible=YES) bestThisIter=1163414.32 feasibleAnts=3 noImprove=42 (elapsed 316.61s)
[RESET] no improvement for50-> reset pheromones
[ITER 480] bestGlobalCost=1047763.17 (feasible=YES) bestThisIter=1158132.85 feasibleAnts=3 noImprove=2 (elapsed 324.756s)
[ITER 490] bestGlobalCost=1047763.17 (feasible=YES) bestThisIter=1079447.49 feasibleAnts=4 noImprove=12 (elapsed 331.613s)
[ITER 500] bestGlobalCost=1047763.17 (feasible=YES) bestThisIter=1156138.43 feasibleAnts=4 noImprove=22 (elapsed 338.677s)
[ITER 510] bestGlobalCost=1047763.17 (feasible=YES) bestThisIter=1145119.99 feasibleAnts=3 noImprove=32 (elapsed 346.251s)
13 72 76 78 87 89 93 94 95 96 100 130 131 132 
1 37 40 41 42 43 44 60 61 114 118 120 161 
48 51 52 53 54 56 57 58 122 123 124 126 127 
22 26 28 30 31 32 33 34 35 38 65 66 67 110 
154 155 157 158 159 160 162 226 227 228 235 238 
29 39 45 46 47 49 50 55 59 116 125 128 138 
174 176 177 178 213 215 216 217 243 245 247 248 249 
134 136 193 194 196 197 198 199 200 201 202 203 205 258 
6 7 8 9 10 14 16 17 20 80 81 92 97 
144 145 146 147 148 149 163 164 165 166 224 225 237 
133 135 137 189 190 191 192 195 204 253 256 259 260 
141 142 143 168 169 170 171 172 173 175 218 219 220 223 
18 19 25 70 71 75 79 98 99 101 102 103 105 
15 21 23 24 27 68 69 73 74 77 104 106 107 112 
139 140 179 181 182 184 185 186 187 211 212 214 250 254 
2 3 4 5 11 12 82 83 84 85 86 88 90 91 
167 180 183 221 222 239 240 241 242 244 246 264 
150 151 152 153 156 229 230 231 232 233 234 236 
36 62 63 64 108 109 111 113 115 117 119 121 129 
188 206 207 208 209 210 251 252 255 257 261 262 263 
[SAVELOGS] evolution saved to results/logs/aco_logs/evolution/pr264_20_5.txt
[SAVELOGS] best cost saved to results/logs/aco_logs/objectives/pr264_20_5.txt
[SAVELOGS] best solution saved to results/logs/aco_logs/solutions/pr264_20_5.txt
