[ITER 1] New best cost=513476.26 (feasible=YES, time 0.473549s)
[ITER 2] New best cost=507660.66 (feasible=YES, time 0.849683s)
[ITER 3] New best cost=506904.34 (feasible=YES, time 1.17108s)
[ITER 4] New best cost=502201.57 (feasible=YES, time 1.50232s)
[ITER 6] New best cost=498874.16 (feasible=YES, time 2.2867s)
[ITER 7] New best cost=498061.42 (feasible=YES, time 2.65497s)
[ITER 8] New best cost=494964.45 (feasible=YES, time 2.97384s)
[ITER 9] New best cost=492456.01 (feasible=YES, time 3.33259s)
[ITER 10] bestGlobalCost=492456.01 (feasible=YES) bestThisIter=496086.22 feasibleAnts=10 noImprove=1 (elapsed 5.02683s)
[ITER 15] New best cost=492192.95 (feasible=YES, time 6.89604s)
[ITER 17] New best cost=492106.72 (feasible=YES, time 7.52852s)
[ITER 20] New best cost=491439.20 (feasible=YES, time 9.79193s)
[ITER 20] bestGlobalCost=491439.20 (feasible=YES) bestThisIter=491507.08 feasibleAnts=10 noImprove=0 (elapsed 9.79647s)
[ITER 23] New best cost=488741.52 (feasible=YES, time 10.7298s)
[ITER 26] New best cost=487791.75 (feasible=YES, time 11.6963s)
[ITER 28] New best cost=487393.40 (feasible=YES, time 12.3566s)
[ITER 30] bestGlobalCost=487393.40 (feasible=YES) bestThisIter=487791.75 feasibleAnts=14 noImprove=2 (elapsed 14.1526s)
[ITER 35] New best cost=485841.55 (feasible=YES, time 15.3544s)
[ITER 39] New best cost=485555.78 (feasible=YES, time 16.2097s)
[ITER 40] bestGlobalCost=485555.78 (feasible=YES) bestThisIter=488145.47 feasibleAnts=22 noImprove=1 (elapsed 17.6876s)
[ITER 48] New best cost=485074.18 (feasible=YES, time 19.5121s)
[ITER 50] bestGlobalCost=485074.18 (feasible=YES) bestThisIter=485555.78 feasibleAnts=22 noImprove=2 (elapsed 21.1355s)
[ITER 56] New best cost=481353.84 (feasible=YES, time 22.8306s)
[ITER 60] bestGlobalCost=481353.84 (feasible=YES) bestThisIter=488679.79 feasibleAnts=10 noImprove=4 (elapsed 25.8548s)
[ITER 61] New best cost=480478.54 (feasible=YES, time 26.2047s)
[ITER 63] New best cost=480445.43 (feasible=YES, time 27.3028s)
[ITER 70] bestGlobalCost=480445.43 (feasible=YES) bestThisIter=480554.38 feasibleAnts=11 noImprove=7 (elapsed 33.0347s)
[ITER 77] New best cost=479971.77 (feasible=YES, time 37.009s)
[ITER 80] New best cost=477967.42 (feasible=YES, time 40.0655s)
[ITER 80] bestGlobalCost=477967.42 (feasible=YES) bestThisIter=479971.77 feasibleAnts=14 noImprove=0 (elapsed 40.0692s)
[ITER 90] bestGlobalCost=477967.42 (feasible=YES) bestThisIter=481737.98 feasibleAnts=10 noImprove=10 (elapsed 45.9171s)
[ITER 93] New best cost=477754.95 (feasible=YES, time 47.1955s)
[ITER 94] New best cost=477027.02 (feasible=YES, time 47.4786s)
[ITER 98] New best cost=475522.59 (feasible=YES, time 49.1059s)
[ITER 100] bestGlobalCost=475522.59 (feasible=YES) bestThisIter=479196.24 feasibleAnts=11 noImprove=2 (elapsed 50.8934s)
[ITER 110] bestGlobalCost=475522.59 (feasible=YES) bestThisIter=478137.63 feasibleAnts=11 noImprove=12 (elapsed 57.8466s)
[ITER 120] bestGlobalCost=475522.59 (feasible=YES) bestThisIter=481190.39 feasibleAnts=10 noImprove=22 (elapsed 63.9683s)
[ITER 130] bestGlobalCost=475522.59 (feasible=YES) bestThisIter=479665.53 feasibleAnts=10 noImprove=32 (elapsed 70.6851s)
[ITER 140] bestGlobalCost=475522.59 (feasible=YES) bestThisIter=478914.62 feasibleAnts=9 noImprove=42 (elapsed 77.3375s)
[RESET] no improvement for50-> reset pheromones
[ITER 150] bestGlobalCost=475522.59 (feasible=YES) bestThisIter=477191.89 feasibleAnts=10 noImprove=2 (elapsed 83.6572s)
[ITER 160] bestGlobalCost=475522.59 (feasible=YES) bestThisIter=477093.62 feasibleAnts=10 noImprove=12 (elapsed 89.9091s)
[ITER 170] bestGlobalCost=475522.59 (feasible=YES) bestThisIter=481200.41 feasibleAnts=10 noImprove=22 (elapsed 96.2637s)
[ITER 180] bestGlobalCost=475522.59 (feasible=YES) bestThisIter=486021.21 feasibleAnts=10 noImprove=32 (elapsed 102.326s)
[ITER 190] bestGlobalCost=475522.59 (feasible=YES) bestThisIter=480087.79 feasibleAnts=9 noImprove=42 (elapsed 108.516s)
[RESET] no improvement for50-> reset pheromones
[ITER 200] bestGlobalCost=475522.59 (feasible=YES) bestThisIter=477781.74 feasibleAnts=10 noImprove=2 (elapsed 114.177s)
[ITER 210] bestGlobalCost=475522.59 (feasible=YES) bestThisIter=478580.96 feasibleAnts=10 noImprove=12 (elapsed 119.541s)
[ITER 220] bestGlobalCost=475522.59 (feasible=YES) bestThisIter=480553.21 feasibleAnts=10 noImprove=22 (elapsed 125.712s)
[ITER 230] bestGlobalCost=475522.59 (feasible=YES) bestThisIter=480706.79 feasibleAnts=10 noImprove=32 (elapsed 131.415s)
[ITER 240] bestGlobalCost=475522.59 (feasible=YES) bestThisIter=478756.01 feasibleAnts=10 noImprove=42 (elapsed 137.125s)
[RESET] no improvement for50-> reset pheromones
[ITER 250] New best cost=475474.99 (feasible=YES, time 142.732s)
[ITER 250] bestGlobalCost=475474.99 (feasible=YES) bestThisIter=475522.59 feasibleAnts=11 noImprove=0 (elapsed 142.735s)
[ITER 260] bestGlobalCost=475474.99 (feasible=YES) bestThisIter=477803.32 feasibleAnts=10 noImprove=10 (elapsed 149.28s)
[ITER 270] bestGlobalCost=475474.99 (feasible=YES) bestThisIter=475522.59 feasibleAnts=10 noImprove=20 (elapsed 154.891s)
[ITER 280] bestGlobalCost=475474.99 (feasible=YES) bestThisIter=479883.45 feasibleAnts=10 noImprove=30 (elapsed 160.022s)
[ITER 290] bestGlobalCost=475474.99 (feasible=YES) bestThisIter=480322.36 feasibleAnts=8 noImprove=40 (elapsed 166.229s)
[ITER 300] bestGlobalCost=475474.99 (feasible=YES) bestThisIter=481328.00 feasibleAnts=10 noImprove=50 (elapsed 171.913s)
[RESET] no improvement for50-> reset pheromones
[ITER 310] bestGlobalCost=475474.99 (feasible=YES) bestThisIter=475522.59 feasibleAnts=10 noImprove=10 (elapsed 177.275s)
[ITER 320] bestGlobalCost=475474.99 (feasible=YES) bestThisIter=479109.66 feasibleAnts=10 noImprove=20 (elapsed 183.006s)
[ITER 330] bestGlobalCost=475474.99 (feasible=YES) bestThisIter=478897.40 feasibleAnts=10 noImprove=30 (elapsed 188.67s)
[ITER 340] bestGlobalCost=475474.99 (feasible=YES) bestThisIter=482742.82 feasibleAnts=10 noImprove=40 (elapsed 193.285s)
[ITER 350] bestGlobalCost=475474.99 (feasible=YES) bestThisIter=478413.31 feasibleAnts=9 noImprove=50 (elapsed 198.1s)
[RESET] no improvement for50-> reset pheromones
[ITER 360] bestGlobalCost=475474.99 (feasible=YES) bestThisIter=476760.59 feasibleAnts=10 noImprove=10 (elapsed 203.877s)
[ITER 370] bestGlobalCost=475474.99 (feasible=YES) bestThisIter=482058.69 feasibleAnts=10 noImprove=20 (elapsed 209.682s)
[ITER 380] bestGlobalCost=475474.99 (feasible=YES) bestThisIter=480125.89 feasibleAnts=10 noImprove=30 (elapsed 215.727s)
[ITER 390] bestGlobalCost=475474.99 (feasible=YES) bestThisIter=478049.74 feasibleAnts=10 noImprove=40 (elapsed 221.913s)
[ITER 400] bestGlobalCost=475474.99 (feasible=YES) bestThisIter=483319.56 feasibleAnts=9 noImprove=50 (elapsed 227.471s)
[RESET] no improvement for50-> reset pheromones
[ITER 410] bestGlobalCost=475474.99 (feasible=YES) bestThisIter=475687.46 feasibleAnts=11 noImprove=10 (elapsed 233.017s)
[ITER 420] bestGlobalCost=475474.99 (feasible=YES) bestThisIter=475522.59 feasibleAnts=10 noImprove=20 (elapsed 238.687s)
[ITER 430] bestGlobalCost=475474.99 (feasible=YES) bestThisIter=481959.72 feasibleAnts=10 noImprove=30 (elapsed 244.24s)
[ITER 440] bestGlobalCost=475474.99 (feasible=YES) bestThisIter=482516.86 feasibleAnts=10 noImprove=40 (elapsed 249.827s)
[ITER 450] bestGlobalCost=475474.99 (feasible=YES) bestThisIter=483301.18 feasibleAnts=9 noImprove=50 (elapsed 255.182s)
[RESET] no improvement for50-> reset pheromones
[ITER 460] bestGlobalCost=475474.99 (feasible=YES) bestThisIter=477803.32 feasibleAnts=10 noImprove=10 (elapsed 260.865s)
[ITER 470] bestGlobalCost=475474.99 (feasible=YES) bestThisIter=475522.59 feasibleAnts=10 noImprove=20 (elapsed 266.844s)
[ITER 480] bestGlobalCost=475474.99 (feasible=YES) bestThisIter=480358.44 feasibleAnts=9 noImprove=30 (elapsed 272.418s)
[ITER 490] bestGlobalCost=475474.99 (feasible=YES) bestThisIter=486535.98 feasibleAnts=7 noImprove=40 (elapsed 277.769s)
[ITER 500] bestGlobalCost=475474.99 (feasible=YES) bestThisIter=483264.92 feasibleAnts=10 noImprove=50 (elapsed 282.97s)
[RESET] no improvement for50-> reset pheromones
[ITER 510] bestGlobalCost=475474.99 (feasible=YES) bestThisIter=475522.59 feasibleAnts=10 noImprove=10 (elapsed 288.971s)
[ITER 520] bestGlobalCost=475474.99 (feasible=YES) bestThisIter=479257.78 feasibleAnts=10 noImprove=20 (elapsed 295.196s)
[ITER 530] bestGlobalCost=475474.99 (feasible=YES) bestThisIter=481151.49 feasibleAnts=10 noImprove=30 (elapsed 301.476s)
7 37 47 58 65 72 84 115 141 169 173 180 184 
22 23 52 54 88 116 139 143 154 163 171 177 191 
17 19 36 41 44 45 92 102 119 130 148 151 192 200 
27 34 35 46 57 60 61 94 131 157 172 176 178 199 
5 39 40 62 67 70 111 117 132 189 190 194 197 198 
4 6 14 15 33 51 64 82 83 112 128 147 182 
1 9 12 21 25 71 90 95 98 107 146 161 174 
8 28 29 32 59 76 91 97 99 129 136 167 175 
43 66 74 87 89 114 133 145 165 168 186 196 
18 24 55 77 96 104 135 137 144 153 160 162 193 
3 10 11 53 73 85 93 122 123 142 149 158 170 
2 13 31 42 48 63 78 109 110 121 126 155 156 187 195 
26 56 75 79 81 100 101 113 124 127 150 179 188 
16 50 103 105 106 118 120 125 140 159 164 183 185 
20 30 38 49 68 69 80 86 108 134 138 152 166 181 
[SAVELOGS] evolution saved to results/logs/aco_logs/evolution/kroB200_15_2.txt
[SAVELOGS] best cost saved to results/logs/aco_logs/objectives/kroB200_15_2.txt
[SAVELOGS] best solution saved to results/logs/aco_logs/solutions/kroB200_15_2.txt
