[ITER 1] New best cost=44326.03 (feasible=YES, time 0.0479707s)
[ITER 2] New best cost=43154.32 (feasible=YES, time 0.10009s)
[ITER 3] New best cost=42647.32 (feasible=YES, time 0.142613s)
[ITER 4] New best cost=42367.90 (feasible=YES, time 0.208168s)
[ITER 6] New best cost=41816.60 (feasible=YES, time 0.311131s)
[ITER 10] bestGlobalCost=41816.60 (feasible=YES) bestThisIter=41879.70 feasibleAnts=10 noImprove=4 (elapsed 0.524677s)
[ITER 15] New best cost=41783.14 (feasible=YES, time 1.06369s)
[ITER 15] New best cost=41692.67 (feasible=YES, time 2.34353s)
[ITER 20] bestGlobalCost=41692.67 (feasible=YES) bestThisIter=41692.67 feasibleAnts=10 noImprove=5 (elapsed 2.60176s)
[ITER 30] New best cost=41560.91 (feasible=YES, time 3.28175s)
[ITER 30] bestGlobalCost=41560.91 (feasible=YES) bestThisIter=42583.18 feasibleAnts=10 noImprove=0 (elapsed 4.31493s)
[ITER 33] New best cost=41181.48 (feasible=YES, time 4.41776s)
[ITER 34] New best cost=41048.42 (feasible=YES, time 4.46977s)
[ITER 36] New best cost=40730.52 (feasible=YES, time 4.56538s)
[ITER 40] bestGlobalCost=40730.52 (feasible=YES) bestThisIter=40730.52 feasibleAnts=13 noImprove=4 (elapsed 4.74808s)
[ITER 44] New best cost=40726.89 (feasible=YES, time 4.97607s)
[ITER 45] New best cost=40536.36 (feasible=YES, time 5.8282s)
[ITER 50] bestGlobalCost=40536.36 (feasible=YES) bestThisIter=40536.36 feasibleAnts=12 noImprove=5 (elapsed 6.63809s)
[ITER 60] bestGlobalCost=40536.36 (feasible=YES) bestThisIter=40678.48 feasibleAnts=10 noImprove=15 (elapsed 8.85831s)
[ITER 70] bestGlobalCost=40536.36 (feasible=YES) bestThisIter=41133.17 feasibleAnts=10 noImprove=25 (elapsed 9.40162s)
[ITER 75] New best cost=40532.73 (feasible=YES, time 10.0391s)
[ITER 80] bestGlobalCost=40532.73 (feasible=YES) bestThisIter=40532.73 feasibleAnts=10 noImprove=5 (elapsed 11.512s)
[ITER 90] bestGlobalCost=40532.73 (feasible=YES) bestThisIter=40536.36 feasibleAnts=10 noImprove=15 (elapsed 13.3101s)
[ITER 100] bestGlobalCost=40532.73 (feasible=YES) bestThisIter=40536.36 feasibleAnts=10 noImprove=25 (elapsed 13.733s)
[ITER 105] New best cost=40005.85 (feasible=YES, time 15.4408s)
[ITER 110] bestGlobalCost=40005.85 (feasible=YES) bestThisIter=40005.85 feasibleAnts=10 noImprove=5 (elapsed 15.6925s)
[ITER 120] bestGlobalCost=40005.85 (feasible=YES) bestThisIter=40005.85 feasibleAnts=10 noImprove=15 (elapsed 17.8918s)
[ITER 130] bestGlobalCost=40005.85 (feasible=YES) bestThisIter=40005.85 feasibleAnts=10 noImprove=25 (elapsed 18.4497s)
[RESET] no improvement for30-> reset pheromones
[ITER 140] bestGlobalCost=40005.85 (feasible=YES) bestThisIter=42295.45 feasibleAnts=10 noImprove=5 (elapsed 20.6438s)
[ITER 150] bestGlobalCost=40005.85 (feasible=YES) bestThisIter=40005.85 feasibleAnts=10 noImprove=15 (elapsed 22.9763s)
[ITER 160] bestGlobalCost=40005.85 (feasible=YES) bestThisIter=40005.85 feasibleAnts=10 noImprove=25 (elapsed 23.3976s)
[RESET] no improvement for30-> reset pheromones
[ITER 170] bestGlobalCost=40005.85 (feasible=YES) bestThisIter=41860.99 feasibleAnts=10 noImprove=5 (elapsed 25.4344s)
[ITER 180] bestGlobalCost=40005.85 (feasible=YES) bestThisIter=40005.85 feasibleAnts=10 noImprove=15 (elapsed 27.7826s)
[ITER 190] bestGlobalCost=40005.85 (feasible=YES) bestThisIter=40005.85 feasibleAnts=10 noImprove=25 (elapsed 28.4047s)
[RESET] no improvement for30-> reset pheromones
[ITER 200] bestGlobalCost=40005.85 (feasible=YES) bestThisIter=40829.39 feasibleAnts=10 noImprove=5 (elapsed 30.8242s)
[ITER 210] bestGlobalCost=40005.85 (feasible=YES) bestThisIter=40005.85 feasibleAnts=10 noImprove=15 (elapsed 33.2525s)
[ITER 220] bestGlobalCost=40005.85 (feasible=YES) bestThisIter=40005.85 feasibleAnts=10 noImprove=25 (elapsed 33.8357s)
[RESET] no improvement for30-> reset pheromones
[ITER 230] bestGlobalCost=40005.85 (feasible=YES) bestThisIter=41403.84 feasibleAnts=10 noImprove=5 (elapsed 36.1499s)
[ITER 240] bestGlobalCost=40005.85 (feasible=YES) bestThisIter=40005.85 feasibleAnts=10 noImprove=15 (elapsed 38.4908s)
[ITER 250] bestGlobalCost=40005.85 (feasible=YES) bestThisIter=40742.26 feasibleAnts=10 noImprove=25 (elapsed 39.0523s)
[RESET] no improvement for30-> reset pheromones
[ITER 260] bestGlobalCost=40005.85 (feasible=YES) bestThisIter=41282.14 feasibleAnts=10 noImprove=5 (elapsed 40.904s)
[ITER 270] bestGlobalCost=40005.85 (feasible=YES) bestThisIter=40010.36 feasibleAnts=10 noImprove=15 (elapsed 42.8753s)
[ITER 280] bestGlobalCost=40005.85 (feasible=YES) bestThisIter=40710.28 feasibleAnts=10 noImprove=25 (elapsed 43.4191s)
[RESET] no improvement for30-> reset pheromones
[ITER 290] bestGlobalCost=40005.85 (feasible=YES) bestThisIter=41518.59 feasibleAnts=10 noImprove=5 (elapsed 45.6883s)
[ITER 300] bestGlobalCost=40005.85 (feasible=YES) bestThisIter=41252.25 feasibleAnts=10 noImprove=15 (elapsed 47.8054s)
[ITER 310] bestGlobalCost=40005.85 (feasible=YES) bestThisIter=40005.85 feasibleAnts=10 noImprove=25 (elapsed 48.259s)
[RESET] no improvement for30-> reset pheromones
[ITER 320] bestGlobalCost=40005.85 (feasible=YES) bestThisIter=41885.89 feasibleAnts=10 noImprove=5 (elapsed 50.1295s)
[ITER 330] bestGlobalCost=40005.85 (feasible=YES) bestThisIter=40005.85 feasibleAnts=10 noImprove=15 (elapsed 52.2733s)
[ITER 340] bestGlobalCost=40005.85 (feasible=YES) bestThisIter=40518.38 feasibleAnts=10 noImprove=25 (elapsed 52.8267s)
[RESET] no improvement for30-> reset pheromones
[ITER 350] bestGlobalCost=40005.85 (feasible=YES) bestThisIter=41274.35 feasibleAnts=10 noImprove=5 (elapsed 55.0358s)
[ITER 360] bestGlobalCost=40005.85 (feasible=YES) bestThisIter=40604.09 feasibleAnts=10 noImprove=15 (elapsed 56.941s)
[ITER 370] bestGlobalCost=40005.85 (feasible=YES) bestThisIter=40005.85 feasibleAnts=10 noImprove=25 (elapsed 57.4594s)
[RESET] no improvement for30-> reset pheromones
[ITER 380] bestGlobalCost=40005.85 (feasible=YES) bestThisIter=40799.05 feasibleAnts=10 noImprove=5 (elapsed 59.4209s)
[ITER 390] bestGlobalCost=40005.85 (feasible=YES) bestThisIter=41706.00 feasibleAnts=10 noImprove=15 (elapsed 61.6736s)
24 25 39 40 42 43 55 
23 29 35 44 96 100 
3 6 10 53 79 99 
5 7 11 22 34 41 61 
4 12 14 32 49 75 82 
17 19 38 50 54 70 72 
27 28 37 46 56 73 92 
8 51 68 71 83 90 
2 31 58 66 84 88 89 
30 48 64 65 80 81 91 
9 20 26 33 74 78 85 
59 76 77 93 95 98 
13 21 63 67 86 97 
1 15 18 60 62 69 87 
16 36 45 47 52 57 94 
[SAVELOGS] evolution saved to results/logs/rd100_15_2/evolution/rd100_15_2
[SAVELOGS] best cost saved to results/logs/rd100_15_2/objectives/rd100_15_2
[SAVELOGS] best solution saved to results/logs/rd100_15_2/solutions/rd100_15_2
