[ITER 1] New best cost=42666.50 (feasible=YES, time 0.0586676s)
[ITER 2] New best cost=42234.57 (feasible=YES, time 0.145001s)
[ITER 3] New best cost=41836.52 (feasible=YES, time 0.199469s)
[ITER 4] New best cost=41534.66 (feasible=YES, time 0.240162s)
[ITER 6] New best cost=41326.08 (feasible=YES, time 0.366091s)
[ITER 7] New best cost=41294.16 (feasible=YES, time 0.422046s)
[ITER 10] bestGlobalCost=41294.16 (feasible=YES) bestThisIter=41294.16 feasibleAnts=10 noImprove=3 (elapsed 0.573639s)
[ITER 12] New best cost=40972.47 (feasible=YES, time 0.689656s)
[ITER 20] bestGlobalCost=40972.47 (feasible=YES) bestThisIter=40972.47 feasibleAnts=10 noImprove=8 (elapsed 2.41515s)
[ITER 29] New best cost=40477.33 (feasible=YES, time 2.83273s)
[ITER 30] New best cost=40010.36 (feasible=YES, time 3.17757s)
[ITER 30] bestGlobalCost=40010.36 (feasible=YES) bestThisIter=40972.47 feasibleAnts=26 noImprove=0 (elapsed 4.29064s)
[ITER 40] bestGlobalCost=40010.36 (feasible=YES) bestThisIter=40010.36 feasibleAnts=10 noImprove=10 (elapsed 4.73106s)
[ITER 50] bestGlobalCost=40010.36 (feasible=YES) bestThisIter=40359.07 feasibleAnts=10 noImprove=20 (elapsed 6.94347s)
[ITER 60] New best cost=40005.85 (feasible=YES, time 8.19866s)
[ITER 60] bestGlobalCost=40005.85 (feasible=YES) bestThisIter=40010.36 feasibleAnts=10 noImprove=0 (elapsed 9.21724s)
[ITER 70] bestGlobalCost=40005.85 (feasible=YES) bestThisIter=40005.85 feasibleAnts=10 noImprove=10 (elapsed 9.63707s)
[ITER 80] bestGlobalCost=40005.85 (feasible=YES) bestThisIter=41039.25 feasibleAnts=10 noImprove=20 (elapsed 11.4581s)
[ITER 90] bestGlobalCost=40005.85 (feasible=YES) bestThisIter=41876.03 feasibleAnts=10 noImprove=30 (elapsed 13.3219s)
[RESET] no improvement for30-> reset pheromones
[ITER 100] bestGlobalCost=40005.85 (feasible=YES) bestThisIter=42631.00 feasibleAnts=10 noImprove=10 (elapsed 14.0022s)
[ITER 110] bestGlobalCost=40005.85 (feasible=YES) bestThisIter=41331.20 feasibleAnts=10 noImprove=20 (elapsed 16.2714s)
[ITER 120] bestGlobalCost=40005.85 (feasible=YES) bestThisIter=41044.33 feasibleAnts=10 noImprove=30 (elapsed 18.2155s)
[RESET] no improvement for30-> reset pheromones
[ITER 130] bestGlobalCost=40005.85 (feasible=YES) bestThisIter=41608.99 feasibleAnts=10 noImprove=10 (elapsed 18.7553s)
[ITER 140] bestGlobalCost=40005.85 (feasible=YES) bestThisIter=40906.83 feasibleAnts=10 noImprove=20 (elapsed 20.6102s)
[ITER 150] bestGlobalCost=40005.85 (feasible=YES) bestThisIter=42200.90 feasibleAnts=10 noImprove=30 (elapsed 22.7558s)
[RESET] no improvement for30-> reset pheromones
[ITER 160] bestGlobalCost=40005.85 (feasible=YES) bestThisIter=42634.59 feasibleAnts=10 noImprove=10 (elapsed 23.3807s)
[ITER 170] bestGlobalCost=40005.85 (feasible=YES) bestThisIter=40096.08 feasibleAnts=10 noImprove=20 (elapsed 25.5112s)
[ITER 180] bestGlobalCost=40005.85 (feasible=YES) bestThisIter=41481.46 feasibleAnts=10 noImprove=30 (elapsed 27.373s)
[RESET] no improvement for30-> reset pheromones
[ITER 190] bestGlobalCost=40005.85 (feasible=YES) bestThisIter=43650.53 feasibleAnts=10 noImprove=10 (elapsed 27.8616s)
[ITER 200] bestGlobalCost=40005.85 (feasible=YES) bestThisIter=40005.85 feasibleAnts=10 noImprove=20 (elapsed 29.8822s)
[ITER 210] bestGlobalCost=40005.85 (feasible=YES) bestThisIter=41993.71 feasibleAnts=10 noImprove=30 (elapsed 32.113s)
[RESET] no improvement for30-> reset pheromones
[ITER 220] bestGlobalCost=40005.85 (feasible=YES) bestThisIter=42230.55 feasibleAnts=10 noImprove=10 (elapsed 32.7644s)
[ITER 230] bestGlobalCost=40005.85 (feasible=YES) bestThisIter=40005.85 feasibleAnts=10 noImprove=20 (elapsed 34.5913s)
[ITER 240] bestGlobalCost=40005.85 (feasible=YES) bestThisIter=42181.48 feasibleAnts=10 noImprove=30 (elapsed 36.4506s)
[RESET] no improvement for30-> reset pheromones
[ITER 250] bestGlobalCost=40005.85 (feasible=YES) bestThisIter=41200.92 feasibleAnts=10 noImprove=10 (elapsed 36.9989s)
[ITER 260] bestGlobalCost=40005.85 (feasible=YES) bestThisIter=42075.82 feasibleAnts=10 noImprove=20 (elapsed 39.2632s)
[ITER 270] bestGlobalCost=40005.85 (feasible=YES) bestThisIter=41600.23 feasibleAnts=10 noImprove=30 (elapsed 41.4712s)
[RESET] no improvement for30-> reset pheromones
[ITER 280] bestGlobalCost=40005.85 (feasible=YES) bestThisIter=43408.02 feasibleAnts=10 noImprove=10 (elapsed 41.976s)
[ITER 290] bestGlobalCost=40005.85 (feasible=YES) bestThisIter=40010.36 feasibleAnts=10 noImprove=20 (elapsed 43.8124s)
[ITER 300] bestGlobalCost=40005.85 (feasible=YES) bestThisIter=41708.57 feasibleAnts=10 noImprove=30 (elapsed 45.7922s)
[RESET] no improvement for30-> reset pheromones
[ITER 310] bestGlobalCost=40005.85 (feasible=YES) bestThisIter=42521.59 feasibleAnts=10 noImprove=10 (elapsed 46.4125s)
[ITER 320] bestGlobalCost=40005.85 (feasible=YES) bestThisIter=40005.85 feasibleAnts=10 noImprove=20 (elapsed 48.6774s)
[ITER 330] bestGlobalCost=40005.85 (feasible=YES) bestThisIter=41489.56 feasibleAnts=10 noImprove=30 (elapsed 50.5958s)
[RESET] no improvement for30-> reset pheromones
[ITER 340] bestGlobalCost=40005.85 (feasible=YES) bestThisIter=42113.44 feasibleAnts=10 noImprove=10 (elapsed 51.1173s)
[ITER 350] bestGlobalCost=40005.85 (feasible=YES) bestThisIter=40096.08 feasibleAnts=10 noImprove=20 (elapsed 52.9255s)
[ITER 360] bestGlobalCost=40005.85 (feasible=YES) bestThisIter=41293.79 feasibleAnts=10 noImprove=30 (elapsed 55.1366s)
[RESET] no improvement for30-> reset pheromones
[ITER 370] bestGlobalCost=40005.85 (feasible=YES) bestThisIter=41613.60 feasibleAnts=10 noImprove=10 (elapsed 55.7774s)
[ITER 380] bestGlobalCost=40005.85 (feasible=YES) bestThisIter=40096.08 feasibleAnts=10 noImprove=20 (elapsed 57.855s)
[ITER 390] bestGlobalCost=40005.85 (feasible=YES) bestThisIter=40010.36 feasibleAnts=10 noImprove=30 (elapsed 59.7095s)
[RESET] no improvement for30-> reset pheromones
23 29 35 44 96 100 
8 51 68 71 83 90 
17 19 38 50 54 70 72 
24 25 39 40 42 43 55 
16 36 45 47 52 57 94 
9 20 26 33 74 78 85 
4 12 14 32 49 75 82 
30 48 64 65 80 81 91 
59 76 77 93 95 98 
2 31 58 66 84 88 89 
5 7 11 22 34 41 61 
3 6 10 53 79 99 
27 28 37 46 56 73 92 
13 21 63 67 86 97 
1 15 18 60 62 69 87 
[SAVELOGS] evolution saved to results/logs/rd100_15_2/evolution/rd100_15_2
[SAVELOGS] best cost saved to results/logs/rd100_15_2/objectives/rd100_15_2
[SAVELOGS] best solution saved to results/logs/rd100_15_2/solutions/rd100_15_2
