[ITER 1] New best cost=42908.26 (feasible=YES, time 0.0690747s)
[ITER 10] New best cost=42203.16 (feasible=YES, time 0.533248s)
[ITER 10] bestGlobalCost=42203.16 (feasible=YES) bestThisIter=42203.16 feasibleAnts=10 noImprove=0 (elapsed 0.53609s)
[ITER 14] New best cost=41993.91 (feasible=YES, time 0.694582s)
[ITER 15] New best cost=41956.52 (feasible=YES, time 1.00526s)
[ITER 15] New best cost=41797.66 (feasible=YES, time 2.08612s)
[ITER 18] New best cost=41527.52 (feasible=YES, time 2.21429s)
[ITER 19] New best cost=40457.31 (feasible=YES, time 2.2623s)
[ITER 20] bestGlobalCost=40457.31 (feasible=YES) bestThisIter=40457.31 feasibleAnts=10 noImprove=1 (elapsed 2.30198s)
[ITER 23] New best cost=40010.36 (feasible=YES, time 2.45031s)
[ITER 30] bestGlobalCost=40010.36 (feasible=YES) bestThisIter=40010.36 feasibleAnts=10 noImprove=7 (elapsed 4.20406s)
[ITER 39] New best cost=40005.85 (feasible=YES, time 4.69039s)
[ITER 40] bestGlobalCost=40005.85 (feasible=YES) bestThisIter=40010.36 feasibleAnts=29 noImprove=1 (elapsed 4.74861s)
[ITER 50] bestGlobalCost=40005.85 (feasible=YES) bestThisIter=40005.85 feasibleAnts=10 noImprove=11 (elapsed 6.92214s)
[ITER 60] bestGlobalCost=40005.85 (feasible=YES) bestThisIter=40096.08 feasibleAnts=10 noImprove=21 (elapsed 8.95853s)
[RESET] no improvement for30-> reset pheromones
[ITER 70] bestGlobalCost=40005.85 (feasible=YES) bestThisIter=43455.77 feasibleAnts=10 noImprove=1 (elapsed 9.39798s)
[ITER 80] bestGlobalCost=40005.85 (feasible=YES) bestThisIter=41362.12 feasibleAnts=10 noImprove=11 (elapsed 11.3791s)
[ITER 90] bestGlobalCost=40005.85 (feasible=YES) bestThisIter=40820.42 feasibleAnts=10 noImprove=21 (elapsed 13.3819s)
[RESET] no improvement for30-> reset pheromones
[ITER 100] bestGlobalCost=40005.85 (feasible=YES) bestThisIter=42770.50 feasibleAnts=10 noImprove=1 (elapsed 13.91s)
[ITER 110] bestGlobalCost=40005.85 (feasible=YES) bestThisIter=40875.72 feasibleAnts=10 noImprove=11 (elapsed 16.2766s)
[ITER 120] bestGlobalCost=40005.85 (feasible=YES) bestThisIter=40005.85 feasibleAnts=10 noImprove=21 (elapsed 18.1244s)
[RESET] no improvement for30-> reset pheromones
[ITER 130] bestGlobalCost=40005.85 (feasible=YES) bestThisIter=43083.86 feasibleAnts=10 noImprove=1 (elapsed 18.5611s)
[ITER 140] bestGlobalCost=40005.85 (feasible=YES) bestThisIter=43187.98 feasibleAnts=10 noImprove=11 (elapsed 20.5126s)
[ITER 150] bestGlobalCost=40005.85 (feasible=YES) bestThisIter=41613.15 feasibleAnts=10 noImprove=21 (elapsed 22.7495s)
[RESET] no improvement for30-> reset pheromones
[ITER 160] bestGlobalCost=40005.85 (feasible=YES) bestThisIter=42806.02 feasibleAnts=10 noImprove=1 (elapsed 23.3035s)
[ITER 170] bestGlobalCost=40005.85 (feasible=YES) bestThisIter=42481.50 feasibleAnts=10 noImprove=11 (elapsed 25.4003s)
[ITER 180] bestGlobalCost=40005.85 (feasible=YES) bestThisIter=40005.85 feasibleAnts=10 noImprove=21 (elapsed 27.1723s)
[RESET] no improvement for30-> reset pheromones
[ITER 190] bestGlobalCost=40005.85 (feasible=YES) bestThisIter=42815.44 feasibleAnts=10 noImprove=1 (elapsed 27.6572s)
[ITER 200] bestGlobalCost=40005.85 (feasible=YES) bestThisIter=42669.41 feasibleAnts=10 noImprove=11 (elapsed 29.8142s)
[ITER 210] bestGlobalCost=40005.85 (feasible=YES) bestThisIter=40729.44 feasibleAnts=10 noImprove=21 (elapsed 32.0387s)
[RESET] no improvement for30-> reset pheromones
[ITER 220] bestGlobalCost=40005.85 (feasible=YES) bestThisIter=42713.46 feasibleAnts=10 noImprove=1 (elapsed 32.5189s)
[ITER 230] bestGlobalCost=40005.85 (feasible=YES) bestThisIter=41252.25 feasibleAnts=10 noImprove=11 (elapsed 34.3805s)
[ITER 240] bestGlobalCost=40005.85 (feasible=YES) bestThisIter=40005.85 feasibleAnts=10 noImprove=21 (elapsed 36.2626s)
[RESET] no improvement for30-> reset pheromones
[ITER 250] bestGlobalCost=40005.85 (feasible=YES) bestThisIter=44215.06 feasibleAnts=10 noImprove=1 (elapsed 36.8041s)
[ITER 260] bestGlobalCost=40005.85 (feasible=YES) bestThisIter=43113.56 feasibleAnts=10 noImprove=11 (elapsed 39.2083s)
[ITER 270] bestGlobalCost=40005.85 (feasible=YES) bestThisIter=40010.36 feasibleAnts=10 noImprove=21 (elapsed 41.2189s)
[RESET] no improvement for30-> reset pheromones
[ITER 280] bestGlobalCost=40005.85 (feasible=YES) bestThisIter=41848.84 feasibleAnts=10 noImprove=1 (elapsed 41.6777s)
[ITER 290] bestGlobalCost=40005.85 (feasible=YES) bestThisIter=42765.51 feasibleAnts=10 noImprove=11 (elapsed 43.5441s)
[ITER 300] bestGlobalCost=40005.85 (feasible=YES) bestThisIter=40005.85 feasibleAnts=10 noImprove=21 (elapsed 45.6097s)
[RESET] no improvement for30-> reset pheromones
[ITER 310] bestGlobalCost=40005.85 (feasible=YES) bestThisIter=42929.06 feasibleAnts=10 noImprove=1 (elapsed 46.1869s)
[ITER 320] bestGlobalCost=40005.85 (feasible=YES) bestThisIter=41470.64 feasibleAnts=10 noImprove=11 (elapsed 48.459s)
[ITER 330] bestGlobalCost=40005.85 (feasible=YES) bestThisIter=42017.33 feasibleAnts=10 noImprove=21 (elapsed 50.2881s)
[RESET] no improvement for30-> reset pheromones
[ITER 340] bestGlobalCost=40005.85 (feasible=YES) bestThisIter=41916.29 feasibleAnts=10 noImprove=1 (elapsed 50.7543s)
[ITER 350] bestGlobalCost=40005.85 (feasible=YES) bestThisIter=42021.28 feasibleAnts=10 noImprove=11 (elapsed 52.6791s)
[ITER 360] bestGlobalCost=40005.85 (feasible=YES) bestThisIter=41501.31 feasibleAnts=10 noImprove=21 (elapsed 54.8493s)
[RESET] no improvement for30-> reset pheromones
[ITER 370] bestGlobalCost=40005.85 (feasible=YES) bestThisIter=43696.61 feasibleAnts=11 noImprove=1 (elapsed 55.4974s)
[ITER 380] bestGlobalCost=40005.85 (feasible=YES) bestThisIter=41836.63 feasibleAnts=10 noImprove=11 (elapsed 57.8213s)
[ITER 390] bestGlobalCost=40005.85 (feasible=YES) bestThisIter=40005.85 feasibleAnts=10 noImprove=21 (elapsed 60.0189s)
8 51 68 71 83 90 
5 7 11 22 34 41 61 
24 25 39 40 42 43 55 
1 15 18 60 62 69 87 
4 12 14 32 49 75 82 
59 76 77 93 95 98 
13 21 63 67 86 97 
2 31 58 66 84 88 89 
23 29 35 44 96 100 
17 19 38 50 54 70 72 
9 20 26 33 74 78 85 
3 6 10 53 79 99 
27 28 37 46 56 73 92 
16 36 45 47 52 57 94 
30 48 64 65 80 81 91 
[SAVELOGS] evolution saved to results/logs/rd100_15_2/evolution/rd100_15_2
[SAVELOGS] best cost saved to results/logs/rd100_15_2/objectives/rd100_15_2
[SAVELOGS] best solution saved to results/logs/rd100_15_2/solutions/rd100_15_2
