[ITER 1] New best cost=1327362.66 (feasible=YES, time 0.78735s)
[ITER 10] bestGlobalCost=1327362.66 (feasible=YES) bestThisIter=1333326.07 feasibleAnts=15 noImprove=9 (elapsed 1.16357s)
[ITER 20] bestGlobalCost=1327362.66 (feasible=YES) bestThisIter=1329587.44 feasibleAnts=15 noImprove=19 (elapsed 2.27453s)
[ITER 30] bestGlobalCost=1327362.66 (feasible=YES) bestThisIter=1331674.01 feasibleAnts=14 noImprove=29 (elapsed 3.3826s)
[ITER 40] New best cost=1327292.00 (feasible=YES, time 4.48584s)
[ITER 40] bestGlobalCost=1327292.00 (feasible=YES) bestThisIter=1327362.66 feasibleAnts=15 noImprove=0 (elapsed 4.49006s)
[ITER 50] bestGlobalCost=1327292.00 (feasible=YES) bestThisIter=1330325.06 feasibleAnts=16 noImprove=10 (elapsed 5.59459s)
[ITER 51] New best cost=1326975.85 (feasible=YES, time 6.3807s)
[ITER 60] bestGlobalCost=1326975.85 (feasible=YES) bestThisIter=1331806.74 feasibleAnts=17 noImprove=9 (elapsed 6.73978s)
[ITER 70] bestGlobalCost=1326975.85 (feasible=YES) bestThisIter=1343367.02 feasibleAnts=15 noImprove=19 (elapsed 7.8528s)
[ITER 80] bestGlobalCost=1326975.85 (feasible=YES) bestThisIter=1327292.00 feasibleAnts=15 noImprove=29 (elapsed 8.97761s)
[ITER 90] bestGlobalCost=1326975.85 (feasible=YES) bestThisIter=1334592.60 feasibleAnts=15 noImprove=39 (elapsed 10.0946s)
[ITER 100] bestGlobalCost=1326975.85 (feasible=YES) bestThisIter=1333773.44 feasibleAnts=15 noImprove=49 (elapsed 11.2345s)
[RESET] no improvement for50-> reset pheromones
[ITER 110] bestGlobalCost=1326975.85 (feasible=YES) bestThisIter=1331658.95 feasibleAnts=14 noImprove=9 (elapsed 12.3926s)
[ITER 120] bestGlobalCost=1326975.85 (feasible=YES) bestThisIter=1332271.24 feasibleAnts=14 noImprove=19 (elapsed 13.5066s)
[ITER 130] bestGlobalCost=1326975.85 (feasible=YES) bestThisIter=1330819.32 feasibleAnts=14 noImprove=29 (elapsed 14.6068s)
[ITER 140] bestGlobalCost=1326975.85 (feasible=YES) bestThisIter=1327362.66 feasibleAnts=13 noImprove=39 (elapsed 15.7147s)
[ITER 150] bestGlobalCost=1326975.85 (feasible=YES) bestThisIter=1325252.93 feasibleAnts=14 noImprove=49 (elapsed 16.8172s)
[RESET] no improvement for50-> reset pheromones
[ITER 160] bestGlobalCost=1326975.85 (feasible=YES) bestThisIter=1333668.86 feasibleAnts=14 noImprove=9 (elapsed 17.971s)
[ITER 170] bestGlobalCost=1326975.85 (feasible=YES) bestThisIter=1333108.80 feasibleAnts=17 noImprove=19 (elapsed 19.0607s)
[ITER 180] bestGlobalCost=1326975.85 (feasible=YES) bestThisIter=1329756.69 feasibleAnts=15 noImprove=29 (elapsed 20.1464s)
[ITER 190] bestGlobalCost=1326975.85 (feasible=YES) bestThisIter=1328020.63 feasibleAnts=15 noImprove=39 (elapsed 21.281s)
[ITER 200] bestGlobalCost=1326975.85 (feasible=YES) bestThisIter=1330003.17 feasibleAnts=15 noImprove=49 (elapsed 22.4276s)
[RESET] no improvement for50-> reset pheromones
[ITER 210] bestGlobalCost=1326975.85 (feasible=YES) bestThisIter=1325960.78 feasibleAnts=15 noImprove=9 (elapsed 23.5599s)
[ITER 220] bestGlobalCost=1326975.85 (feasible=YES) bestThisIter=1331965.42 feasibleAnts=15 noImprove=19 (elapsed 24.6711s)
[ITER 230] bestGlobalCost=1326975.85 (feasible=YES) bestThisIter=1327472.16 feasibleAnts=14 noImprove=29 (elapsed 25.7565s)
[ITER 240] bestGlobalCost=1326975.85 (feasible=YES) bestThisIter=1333980.67 feasibleAnts=15 noImprove=39 (elapsed 26.8849s)
[ITER 250] bestGlobalCost=1326975.85 (feasible=YES) bestThisIter=1332836.53 feasibleAnts=14 noImprove=49 (elapsed 27.9978s)
[RESET] no improvement for50-> reset pheromones
[ITER 260] bestGlobalCost=1326975.85 (feasible=YES) bestThisIter=1325960.78 feasibleAnts=13 noImprove=9 (elapsed 29.1345s)
[ITER 270] bestGlobalCost=1326975.85 (feasible=YES) bestThisIter=1330326.78 feasibleAnts=15 noImprove=19 (elapsed 30.2367s)
[ITER 280] bestGlobalCost=1326975.85 (feasible=YES) bestThisIter=1332306.76 feasibleAnts=15 noImprove=29 (elapsed 31.3408s)
[ITER 290] bestGlobalCost=1326975.85 (feasible=YES) bestThisIter=1327340.57 feasibleAnts=13 noImprove=39 (elapsed 32.4714s)
[ITER 300] bestGlobalCost=1326975.85 (feasible=YES) bestThisIter=1332191.00 feasibleAnts=15 noImprove=49 (elapsed 33.6467s)
[RESET] no improvement for50-> reset pheromones
[ITER 310] bestGlobalCost=1326975.85 (feasible=YES) bestThisIter=1331220.90 feasibleAnts=16 noImprove=9 (elapsed 34.8134s)
[ITER 320] bestGlobalCost=1326975.85 (feasible=YES) bestThisIter=1335061.29 feasibleAnts=15 noImprove=19 (elapsed 35.9482s)
[ITER 330] bestGlobalCost=1326975.85 (feasible=YES) bestThisIter=1327311.43 feasibleAnts=15 noImprove=29 (elapsed 37.0604s)
[ITER 340] bestGlobalCost=1326975.85 (feasible=YES) bestThisIter=1335637.15 feasibleAnts=14 noImprove=39 (elapsed 38.1656s)
[ITER 350] bestGlobalCost=1326975.85 (feasible=YES) bestThisIter=1336295.69 feasibleAnts=14 noImprove=49 (elapsed 39.3107s)
[RESET] no improvement for50-> reset pheromones
[ITER 360] bestGlobalCost=1326975.85 (feasible=YES) bestThisIter=1333914.49 feasibleAnts=16 noImprove=9 (elapsed 40.4558s)
[ITER 370] bestGlobalCost=1326975.85 (feasible=YES) bestThisIter=1328020.63 feasibleAnts=15 noImprove=19 (elapsed 41.5554s)
[ITER 380] bestGlobalCost=1326975.85 (feasible=YES) bestThisIter=1335774.34 feasibleAnts=14 noImprove=29 (elapsed 42.6701s)
[ITER 390] bestGlobalCost=1326975.85 (feasible=YES) bestThisIter=1327341.48 feasibleAnts=12 noImprove=39 (elapsed 43.8097s)
[ITER 400] bestGlobalCost=1326975.85 (feasible=YES) bestThisIter=1328453.20 feasibleAnts=15 noImprove=49 (elapsed 44.9091s)
[RESET] no improvement for50-> reset pheromones
[ITER 410] bestGlobalCost=1326975.85 (feasible=YES) bestThisIter=1329284.82 feasibleAnts=18 noImprove=9 (elapsed 46.069s)
[ITER 420] bestGlobalCost=1326975.85 (feasible=YES) bestThisIter=1331357.65 feasibleAnts=15 noImprove=19 (elapsed 47.1988s)
[ITER 430] bestGlobalCost=1326975.85 (feasible=YES) bestThisIter=1330018.35 feasibleAnts=15 noImprove=29 (elapsed 48.3074s)
[ITER 440] bestGlobalCost=1326975.85 (feasible=YES) bestThisIter=1332885.82 feasibleAnts=15 noImprove=39 (elapsed 49.4228s)
[ITER 450] bestGlobalCost=1326975.85 (feasible=YES) bestThisIter=1333844.22 feasibleAnts=14 noImprove=49 (elapsed 50.5388s)
[RESET] no improvement for50-> reset pheromones
[ITER 460] bestGlobalCost=1326975.85 (feasible=YES) bestThisIter=1331754.35 feasibleAnts=15 noImprove=9 (elapsed 51.6887s)
[ITER 470] bestGlobalCost=1326975.85 (feasible=YES) bestThisIter=1329105.77 feasibleAnts=15 noImprove=19 (elapsed 52.8656s)
[ITER 480] bestGlobalCost=1326975.85 (feasible=YES) bestThisIter=1333136.39 feasibleAnts=14 noImprove=29 (elapsed 54.021s)
[ITER 490] bestGlobalCost=1326975.85 (feasible=YES) bestThisIter=1332233.13 feasibleAnts=15 noImprove=39 (elapsed 55.1433s)
[ITER 500] bestGlobalCost=1326975.85 (feasible=YES) bestThisIter=1333052.26 feasibleAnts=15 noImprove=49 (elapsed 56.2644s)
[RESET] no improvement for50-> reset pheromones
[ITER 510] bestGlobalCost=1326975.85 (feasible=YES) bestThisIter=1333406.41 feasibleAnts=15 noImprove=9 (elapsed 57.4487s)
[ITER 520] bestGlobalCost=1326975.85 (feasible=YES) bestThisIter=1332483.04 feasibleAnts=15 noImprove=19 (elapsed 58.6383s)
[ITER 530] bestGlobalCost=1326975.85 (feasible=YES) bestThisIter=1332139.55 feasibleAnts=15 noImprove=29 (elapsed 59.7394s)
119 120 123 124 125 126 128 129 130 131 132 134 135 138 140 141 142 143 144 145 146 147 148 149 150 151 152 153 154 155 156 157 158 159 160 161 162 163 164 166 169 171 172 
14 16 17 18 19 20 21 22 23 24 25 26 27 28 29 30 31 32 33 34 35 36 37 38 39 44 45 46 47 52 53 54 61 62 65 66 74 75 76 82 83 88 90 98 
112 127 133 136 137 139 165 167 170 173 174 175 176 177 178 179 180 181 182 183 184 185 186 187 188 189 190 191 192 193 194 195 196 197 198 
1 2 3 4 5 6 7 8 9 10 11 12 13 15 40 41 42 43 55 56 57 58 59 60 67 68 69 70 71 72 73 84 85 86 87 99 100 
48 49 50 51 63 64 77 78 79 80 81 89 91 92 93 94 95 96 97 101 102 103 104 105 106 107 108 109 110 111 113 114 115 116 117 118 121 122 168 
[SAVELOGS] evolution saved to results/logs/aco_logs/evolution/d198_05_2.txt
[SAVELOGS] best cost saved to results/logs/aco_logs/objectives/d198_05_2.txt
[SAVELOGS] best solution saved to results/logs/aco_logs/solutions/d198_05_2.txt
