[ITER 1] New best cost=1337607.25 (feasible=YES, time 0.152553s)
[ITER 2] New best cost=1329548.13 (feasible=YES, time 0.271213s)
[ITER 3] New best cost=1327015.53 (feasible=YES, time 0.379387s)
[ITER 10] bestGlobalCost=1327015.53 (feasible=YES) bestThisIter=1327015.53 feasibleAnts=10 noImprove=7 (elapsed 1.19712s)
[ITER 16] New best cost=1326975.85 (feasible=YES, time 8.06404s)
[ITER 20] bestGlobalCost=1326975.85 (feasible=YES) bestThisIter=1326975.85 feasibleAnts=17 noImprove=4 (elapsed 8.52385s)
[ITER 30] bestGlobalCost=1326975.85 (feasible=YES) bestThisIter=1326975.85 feasibleAnts=10 noImprove=14 (elapsed 15.674s)
[ITER 40] bestGlobalCost=1326975.85 (feasible=YES) bestThisIter=1327015.53 feasibleAnts=10 noImprove=24 (elapsed 16.7196s)
[RESET] no improvement for30-> reset pheromones
[ITER 50] bestGlobalCost=1326975.85 (feasible=YES) bestThisIter=1330845.69 feasibleAnts=10 noImprove=4 (elapsed 23.9072s)
[ITER 60] bestGlobalCost=1326975.85 (feasible=YES) bestThisIter=1326975.85 feasibleAnts=10 noImprove=14 (elapsed 31.7432s)
[ITER 70] bestGlobalCost=1326975.85 (feasible=YES) bestThisIter=1326975.85 feasibleAnts=10 noImprove=24 (elapsed 32.8691s)
[RESET] no improvement for30-> reset pheromones
[ITER 80] bestGlobalCost=1326975.85 (feasible=YES) bestThisIter=1326975.85 feasibleAnts=10 noImprove=4 (elapsed 40.2439s)
[ITER 90] bestGlobalCost=1326975.85 (feasible=YES) bestThisIter=1326975.85 feasibleAnts=10 noImprove=14 (elapsed 47.4909s)
[ITER 100] bestGlobalCost=1326975.85 (feasible=YES) bestThisIter=1327472.16 feasibleAnts=10 noImprove=24 (elapsed 48.7686s)
[RESET] no improvement for30-> reset pheromones
[ITER 110] bestGlobalCost=1326975.85 (feasible=YES) bestThisIter=1329548.13 feasibleAnts=10 noImprove=4 (elapsed 55.9918s)
[ITER 120] bestGlobalCost=1326975.85 (feasible=YES) bestThisIter=1326975.85 feasibleAnts=10 noImprove=14 (elapsed 63.2375s)
112 127 133 136 137 139 165 167 170 173 174 175 176 177 178 179 180 181 182 183 184 185 186 187 188 189 190 191 192 193 194 195 196 197 198 
14 16 17 18 19 20 21 22 23 24 25 26 27 28 29 30 31 32 33 34 35 36 37 38 39 44 45 46 47 52 53 54 61 62 65 66 74 75 76 82 83 88 90 98 
48 49 50 51 63 64 77 78 79 80 81 89 91 92 93 94 95 96 97 101 102 103 104 105 106 107 108 109 110 111 113 114 115 116 117 118 121 122 168 
119 120 123 124 125 126 128 129 130 131 132 134 135 138 140 141 142 143 144 145 146 147 148 149 150 151 152 153 154 155 156 157 158 159 160 161 162 163 164 166 169 171 172 
1 2 3 4 5 6 7 8 9 10 11 12 13 15 40 41 42 43 55 56 57 58 59 60 67 68 69 70 71 72 73 84 85 86 87 99 100 
[SAVELOGS] evolution saved to results/logs/d198_05_2/evolution/d198_05_2
[SAVELOGS] best cost saved to results/logs/d198_05_2/objectives/d198_05_2
[SAVELOGS] best solution saved to results/logs/d198_05_2/solutions/d198_05_2
