[ITER 1] New best cost=2084554.61 (feasible=YES, time 0.570621s)
[ITER 2] New best cost=2027792.33 (feasible=YES, time 1.00656s)
[ITER 4] New best cost=1977632.49 (feasible=YES, time 1.87005s)
[ITER 5] New best cost=1974985.06 (feasible=YES, time 2.42295s)
[ITER 7] New best cost=1969648.13 (feasible=YES, time 3.07593s)
[ITER 10] New best cost=1969343.65 (feasible=YES, time 3.8382s)
[ITER 10] bestGlobalCost=1969343.65 (feasible=YES) bestThisIter=1969648.13 feasibleAnts=10 noImprove=0 (elapsed 3.84209s)
[ITER 11] New best cost=1956408.39 (feasible=YES, time 4.07846s)
[ITER 15] New best cost=1951223.65 (feasible=YES, time 5.03787s)
[ITER 17] New best cost=1943731.54 (feasible=YES, time 5.53771s)
[ITER 20] bestGlobalCost=1943731.54 (feasible=YES) bestThisIter=1946660.13 feasibleAnts=11 noImprove=3 (elapsed 6.3019s)
[ITER 22] New best cost=1942328.64 (feasible=YES, time 6.76908s)
[ITER 24] New best cost=1941330.99 (feasible=YES, time 7.38209s)
[ITER 28] New best cost=1940348.88 (feasible=YES, time 8.88098s)
[ITER 29] New best cost=1933753.41 (feasible=YES, time 9.33883s)
[ITER 30] bestGlobalCost=1933753.41 (feasible=YES) bestThisIter=1934755.54 feasibleAnts=11 noImprove=1 (elapsed 9.80816s)
[ITER 39] New best cost=1929848.27 (feasible=YES, time 13.1116s)
[ITER 40] bestGlobalCost=1929848.27 (feasible=YES) bestThisIter=1933753.41 feasibleAnts=11 noImprove=1 (elapsed 13.5892s)
[ITER 42] New best cost=1922262.98 (feasible=YES, time 14.3114s)
[ITER 50] bestGlobalCost=1922262.98 (feasible=YES) bestThisIter=1941885.24 feasibleAnts=10 noImprove=8 (elapsed 17.3257s)
[ITER 60] bestGlobalCost=1922262.98 (feasible=YES) bestThisIter=2009750.24 feasibleAnts=10 noImprove=18 (elapsed 22.418s)
[ITER 70] bestGlobalCost=1922262.98 (feasible=YES) bestThisIter=1985398.59 feasibleAnts=10 noImprove=28 (elapsed 26.3708s)
[ITER 80] bestGlobalCost=1922262.98 (feasible=YES) bestThisIter=2035528.02 feasibleAnts=10 noImprove=38 (elapsed 31.2382s)
[ITER 90] bestGlobalCost=1922262.98 (feasible=YES) bestThisIter=1992041.21 feasibleAnts=10 noImprove=48 (elapsed 36.53s)
[RESET] no improvement for50-> reset pheromones
[ITER 100] bestGlobalCost=1922262.98 (feasible=YES) bestThisIter=1933107.86 feasibleAnts=10 noImprove=8 (elapsed 41.1017s)
[ITER 110] bestGlobalCost=1922262.98 (feasible=YES) bestThisIter=2021575.09 feasibleAnts=10 noImprove=18 (elapsed 45.5417s)
[ITER 120] bestGlobalCost=1922262.98 (feasible=YES) bestThisIter=2011703.29 feasibleAnts=10 noImprove=28 (elapsed 50.679s)
[ITER 130] bestGlobalCost=1922262.98 (feasible=YES) bestThisIter=2010573.52 feasibleAnts=10 noImprove=38 (elapsed 55.4556s)
[ITER 140] bestGlobalCost=1922262.98 (feasible=YES) bestThisIter=2040655.39 feasibleAnts=10 noImprove=48 (elapsed 60.109s)
[RESET] no improvement for50-> reset pheromones
[ITER 150] bestGlobalCost=1922262.98 (feasible=YES) bestThisIter=1930873.42 feasibleAnts=10 noImprove=8 (elapsed 64.6523s)
[ITER 160] bestGlobalCost=1922262.98 (feasible=YES) bestThisIter=2012233.21 feasibleAnts=10 noImprove=18 (elapsed 69.3317s)
[ITER 170] bestGlobalCost=1922262.98 (feasible=YES) bestThisIter=1997364.00 feasibleAnts=10 noImprove=28 (elapsed 74.0837s)
[ITER 180] bestGlobalCost=1922262.98 (feasible=YES) bestThisIter=1971067.15 feasibleAnts=10 noImprove=38 (elapsed 78.4762s)
[ITER 190] bestGlobalCost=1922262.98 (feasible=YES) bestThisIter=1974235.57 feasibleAnts=10 noImprove=48 (elapsed 83.1829s)
[RESET] no improvement for50-> reset pheromones
[ITER 195] New best cost=1921958.60 (feasible=YES, time 85.2624s)
[ITER 200] bestGlobalCost=1921958.60 (feasible=YES) bestThisIter=1929543.89 feasibleAnts=13 noImprove=5 (elapsed 87.545s)
[ITER 210] bestGlobalCost=1921958.60 (feasible=YES) bestThisIter=1935856.13 feasibleAnts=10 noImprove=15 (elapsed 92.2306s)
[ITER 220] bestGlobalCost=1921958.60 (feasible=YES) bestThisIter=2003099.56 feasibleAnts=10 noImprove=25 (elapsed 96.8244s)
[ITER 230] bestGlobalCost=1921958.60 (feasible=YES) bestThisIter=1966764.13 feasibleAnts=10 noImprove=35 (elapsed 101.083s)
[ITER 240] bestGlobalCost=1921958.60 (feasible=YES) bestThisIter=2009586.89 feasibleAnts=10 noImprove=45 (elapsed 105.755s)
[RESET] no improvement for50-> reset pheromones
[ITER 250] bestGlobalCost=1921958.60 (feasible=YES) bestThisIter=1947462.07 feasibleAnts=10 noImprove=5 (elapsed 110.638s)
[ITER 260] bestGlobalCost=1921958.60 (feasible=YES) bestThisIter=2000085.38 feasibleAnts=10 noImprove=15 (elapsed 115.289s)
[ITER 270] bestGlobalCost=1921958.60 (feasible=YES) bestThisIter=1980987.88 feasibleAnts=10 noImprove=25 (elapsed 120.91s)
[ITER 280] bestGlobalCost=1921958.60 (feasible=YES) bestThisIter=2013161.19 feasibleAnts=10 noImprove=35 (elapsed 125.514s)
[ITER 290] bestGlobalCost=1921958.60 (feasible=YES) bestThisIter=1992658.69 feasibleAnts=10 noImprove=45 (elapsed 129.888s)
[RESET] no improvement for50-> reset pheromones
[ITER 300] bestGlobalCost=1921958.60 (feasible=YES) bestThisIter=1938086.32 feasibleAnts=16 noImprove=5 (elapsed 134.828s)
[ITER 310] bestGlobalCost=1921958.60 (feasible=YES) bestThisIter=1984228.31 feasibleAnts=10 noImprove=15 (elapsed 139.044s)
[ITER 320] bestGlobalCost=1921958.60 (feasible=YES) bestThisIter=1975087.15 feasibleAnts=10 noImprove=25 (elapsed 143.66s)
[ITER 330] bestGlobalCost=1921958.60 (feasible=YES) bestThisIter=1982243.31 feasibleAnts=10 noImprove=35 (elapsed 148.21s)
[ITER 340] bestGlobalCost=1921958.60 (feasible=YES) bestThisIter=2009844.58 feasibleAnts=10 noImprove=45 (elapsed 153.441s)
[RESET] no improvement for50-> reset pheromones
[ITER 350] bestGlobalCost=1921958.60 (feasible=YES) bestThisIter=1939608.60 feasibleAnts=12 noImprove=5 (elapsed 158.196s)
[ITER 360] bestGlobalCost=1921958.60 (feasible=YES) bestThisIter=1950426.55 feasibleAnts=10 noImprove=15 (elapsed 162.897s)
[ITER 370] bestGlobalCost=1921958.60 (feasible=YES) bestThisIter=1986935.62 feasibleAnts=10 noImprove=25 (elapsed 167.313s)
[ITER 380] bestGlobalCost=1921958.60 (feasible=YES) bestThisIter=2015496.33 feasibleAnts=10 noImprove=35 (elapsed 172.762s)
[ITER 390] bestGlobalCost=1921958.60 (feasible=YES) bestThisIter=1991969.34 feasibleAnts=10 noImprove=45 (elapsed 177.781s)
[RESET] no improvement for50-> reset pheromones
[ITER 400] bestGlobalCost=1921958.60 (feasible=YES) bestThisIter=1936273.33 feasibleAnts=13 noImprove=5 (elapsed 183.347s)
[ITER 410] bestGlobalCost=1921958.60 (feasible=YES) bestThisIter=1928786.42 feasibleAnts=10 noImprove=15 (elapsed 187.742s)
[ITER 420] bestGlobalCost=1921958.60 (feasible=YES) bestThisIter=1969845.29 feasibleAnts=10 noImprove=25 (elapsed 192.125s)
[ITER 430] bestGlobalCost=1921958.60 (feasible=YES) bestThisIter=2003393.12 feasibleAnts=10 noImprove=35 (elapsed 197.201s)
[ITER 440] bestGlobalCost=1921958.60 (feasible=YES) bestThisIter=2073017.04 feasibleAnts=10 noImprove=45 (elapsed 201.895s)
[RESET] no improvement for50-> reset pheromones
[ITER 450] bestGlobalCost=1921958.60 (feasible=YES) bestThisIter=1933877.26 feasibleAnts=12 noImprove=5 (elapsed 206.948s)
[ITER 460] bestGlobalCost=1921958.60 (feasible=YES) bestThisIter=1930488.72 feasibleAnts=9 noImprove=15 (elapsed 211.413s)
[ITER 470] bestGlobalCost=1921958.60 (feasible=YES) bestThisIter=1979929.11 feasibleAnts=10 noImprove=25 (elapsed 216.667s)
[ITER 480] bestGlobalCost=1921958.60 (feasible=YES) bestThisIter=2007826.26 feasibleAnts=10 noImprove=35 (elapsed 221.18s)
[ITER 490] bestGlobalCost=1921958.60 (feasible=YES) bestThisIter=2017090.28 feasibleAnts=10 noImprove=45 (elapsed 226.078s)
[RESET] no improvement for50-> reset pheromones
[ITER 500] bestGlobalCost=1921958.60 (feasible=YES) bestThisIter=1932170.81 feasibleAnts=10 noImprove=5 (elapsed 230.406s)
[ITER 510] bestGlobalCost=1921958.60 (feasible=YES) bestThisIter=1977096.44 feasibleAnts=10 noImprove=15 (elapsed 234.479s)
[ITER 520] bestGlobalCost=1921958.60 (feasible=YES) bestThisIter=2047849.33 feasibleAnts=10 noImprove=25 (elapsed 239.599s)
[ITER 530] bestGlobalCost=1921958.60 (feasible=YES) bestThisIter=1985667.04 feasibleAnts=10 noImprove=35 (elapsed 243.749s)
[ITER 540] bestGlobalCost=1921958.60 (feasible=YES) bestThisIter=1972564.54 feasibleAnts=10 noImprove=45 (elapsed 248.837s)
[RESET] no improvement for50-> reset pheromones
[ITER 550] bestGlobalCost=1921958.60 (feasible=YES) bestThisIter=1923690.57 feasibleAnts=10 noImprove=5 (elapsed 253.779s)
[ITER 560] bestGlobalCost=1921958.60 (feasible=YES) bestThisIter=1937207.07 feasibleAnts=10 noImprove=15 (elapsed 257.951s)
[ITER 570] bestGlobalCost=1921958.60 (feasible=YES) bestThisIter=2029611.12 feasibleAnts=10 noImprove=25 (elapsed 262.979s)
[ITER 580] bestGlobalCost=1921958.60 (feasible=YES) bestThisIter=1991676.71 feasibleAnts=10 noImprove=35 (elapsed 267.728s)
[ITER 590] bestGlobalCost=1921958.60 (feasible=YES) bestThisIter=2022267.71 feasibleAnts=10 noImprove=45 (elapsed 272.392s)
[RESET] no improvement for50-> reset pheromones
[ITER 600] bestGlobalCost=1921958.60 (feasible=YES) bestThisIter=1938764.81 feasibleAnts=13 noImprove=5 (elapsed 276.651s)
[ITER 610] bestGlobalCost=1921958.60 (feasible=YES) bestThisIter=1969573.92 feasibleAnts=10 noImprove=15 (elapsed 281.175s)
[ITER 620] bestGlobalCost=1921958.60 (feasible=YES) bestThisIter=2011437.17 feasibleAnts=10 noImprove=25 (elapsed 285.784s)
[ITER 630] bestGlobalCost=1921958.60 (feasible=YES) bestThisIter=1996959.84 feasibleAnts=10 noImprove=35 (elapsed 290.492s)
[ITER 640] bestGlobalCost=1921958.60 (feasible=YES) bestThisIter=2016952.63 feasibleAnts=10 noImprove=45 (elapsed 295.195s)
[RESET] no improvement for50-> reset pheromones
[ITER 650] bestGlobalCost=1921958.60 (feasible=YES) bestThisIter=1928769.69 feasibleAnts=11 noImprove=5 (elapsed 299.21s)
2 3 4 5 6 7 8 10 13 67 70 72 73 76 
23 24 25 26 27 28 29 30 31 32 33 34 35 36 38 45 48 49 
139 140 141 142 143 147 148 149 150 151 152 153 154 157 171 180 
195 198 199 200 201 202 203 204 205 206 207 208 210 213 
111 118 119 120 121 122 123 124 125 126 127 128 129 130 131 132 
155 156 158 159 160 161 162 163 164 165 166 167 168 169 170 
87 89 91 92 93 94 95 97 98 99 101 137 138 144 145 146 
21 22 50 52 53 54 55 56 57 58 59 60 61 62 63 64 
172 173 174 175 176 177 178 179 181 182 183 184 185 187 188 190 
209 211 212 214 215 216 217 218 219 220 221 222 223 224 225 226 
133 134 135 136 186 189 191 192 193 194 196 197 
37 39 40 41 42 43 44 46 47 88 90 96 100 102 
1 69 74 75 77 78 79 80 81 82 83 84 85 86 
103 104 105 106 107 108 109 110 112 113 114 115 116 117 
9 11 12 14 15 16 17 18 19 20 51 65 66 68 71 
[SAVELOGS] evolution saved to results/logs/aco_logs/evolution/pr226_15_2.txt
[SAVELOGS] best cost saved to results/logs/aco_logs/objectives/pr226_15_2.txt
[SAVELOGS] best solution saved to results/logs/aco_logs/solutions/pr226_15_2.txt
