[ITER 1] New best cost=2034764.65 (feasible=YES, time 0.681458s)
[ITER 2] New best cost=1990785.17 (feasible=YES, time 1.17739s)
[ITER 3] New best cost=1989936.37 (feasible=YES, time 1.55948s)
[ITER 4] New best cost=1982650.77 (feasible=YES, time 1.93569s)
[ITER 5] New best cost=1973669.74 (feasible=YES, time 2.36391s)
[ITER 6] New best cost=1939812.19 (feasible=YES, time 2.66039s)
[ITER 9] New best cost=1933710.72 (feasible=YES, time 3.62202s)
[ITER 10] New best cost=1933057.14 (feasible=YES, time 3.87383s)
[ITER 10] bestGlobalCost=1933057.14 (feasible=YES) bestThisIter=1939812.19 feasibleAnts=12 noImprove=0 (elapsed 3.87745s)
[ITER 20] bestGlobalCost=1933057.14 (feasible=YES) bestThisIter=1947481.90 feasibleAnts=10 noImprove=10 (elapsed 7.77775s)
[ITER 30] bestGlobalCost=1933057.14 (feasible=YES) bestThisIter=2008509.93 feasibleAnts=10 noImprove=20 (elapsed 12.4444s)
[ITER 40] bestGlobalCost=1933057.14 (feasible=YES) bestThisIter=1999496.07 feasibleAnts=10 noImprove=30 (elapsed 16.8614s)
[ITER 50] bestGlobalCost=1933057.14 (feasible=YES) bestThisIter=1960791.82 feasibleAnts=10 noImprove=40 (elapsed 21.367s)
[ITER 60] bestGlobalCost=1933057.14 (feasible=YES) bestThisIter=2105552.56 feasibleAnts=10 noImprove=50 (elapsed 26.1631s)
[RESET] no improvement for50-> reset pheromones
[ITER 64] New best cost=1925471.86 (feasible=YES, time 27.7569s)
[ITER 70] bestGlobalCost=1925471.86 (feasible=YES) bestThisIter=1939718.15 feasibleAnts=10 noImprove=6 (elapsed 30.2689s)
[ITER 80] bestGlobalCost=1925471.86 (feasible=YES) bestThisIter=1971602.88 feasibleAnts=10 noImprove=16 (elapsed 35.5349s)
[ITER 90] bestGlobalCost=1925471.86 (feasible=YES) bestThisIter=1975923.84 feasibleAnts=10 noImprove=26 (elapsed 40.1917s)
[ITER 100] bestGlobalCost=1925471.86 (feasible=YES) bestThisIter=2037086.65 feasibleAnts=10 noImprove=36 (elapsed 45.1207s)
[ITER 110] bestGlobalCost=1925471.86 (feasible=YES) bestThisIter=1986367.26 feasibleAnts=10 noImprove=46 (elapsed 49.0822s)
[RESET] no improvement for50-> reset pheromones
[ITER 120] bestGlobalCost=1925471.86 (feasible=YES) bestThisIter=1963196.51 feasibleAnts=10 noImprove=6 (elapsed 53.6896s)
[ITER 130] bestGlobalCost=1925471.86 (feasible=YES) bestThisIter=2003831.62 feasibleAnts=11 noImprove=16 (elapsed 58.8873s)
[ITER 140] bestGlobalCost=1925471.86 (feasible=YES) bestThisIter=1966124.85 feasibleAnts=10 noImprove=26 (elapsed 63.1665s)
[ITER 150] bestGlobalCost=1925471.86 (feasible=YES) bestThisIter=2069440.04 feasibleAnts=10 noImprove=36 (elapsed 68.2976s)
[ITER 160] bestGlobalCost=1925471.86 (feasible=YES) bestThisIter=2000565.04 feasibleAnts=10 noImprove=46 (elapsed 73.4027s)
[RESET] no improvement for50-> reset pheromones
[ITER 170] bestGlobalCost=1925471.86 (feasible=YES) bestThisIter=1959735.64 feasibleAnts=10 noImprove=6 (elapsed 77.8142s)
[ITER 180] bestGlobalCost=1925471.86 (feasible=YES) bestThisIter=2022146.56 feasibleAnts=10 noImprove=16 (elapsed 82.5293s)
[ITER 190] bestGlobalCost=1925471.86 (feasible=YES) bestThisIter=1980860.09 feasibleAnts=10 noImprove=26 (elapsed 86.7221s)
[ITER 200] bestGlobalCost=1925471.86 (feasible=YES) bestThisIter=1995712.57 feasibleAnts=10 noImprove=36 (elapsed 91.6996s)
[ITER 210] bestGlobalCost=1925471.86 (feasible=YES) bestThisIter=1977787.82 feasibleAnts=10 noImprove=46 (elapsed 96.0831s)
[RESET] no improvement for50-> reset pheromones
[ITER 218] New best cost=1924817.13 (feasible=YES, time 99.9599s)
[ITER 220] bestGlobalCost=1924817.13 (feasible=YES) bestThisIter=1925471.86 feasibleAnts=11 noImprove=2 (elapsed 100.971s)
[ITER 222] New best cost=1924623.84 (feasible=YES, time 102s)
[ITER 230] bestGlobalCost=1924623.84 (feasible=YES) bestThisIter=1942118.14 feasibleAnts=11 noImprove=8 (elapsed 105.351s)
[ITER 240] bestGlobalCost=1924623.84 (feasible=YES) bestThisIter=1994773.25 feasibleAnts=10 noImprove=18 (elapsed 110.539s)
[ITER 250] bestGlobalCost=1924623.84 (feasible=YES) bestThisIter=2020038.96 feasibleAnts=10 noImprove=28 (elapsed 115.61s)
[ITER 260] bestGlobalCost=1924623.84 (feasible=YES) bestThisIter=2023970.84 feasibleAnts=10 noImprove=38 (elapsed 119.94s)
[ITER 270] bestGlobalCost=1924623.84 (feasible=YES) bestThisIter=2111314.19 feasibleAnts=10 noImprove=48 (elapsed 125.376s)
[RESET] no improvement for50-> reset pheromones
[ITER 280] bestGlobalCost=1924623.84 (feasible=YES) bestThisIter=1936487.36 feasibleAnts=10 noImprove=8 (elapsed 130.067s)
[ITER 290] bestGlobalCost=1924623.84 (feasible=YES) bestThisIter=1971621.38 feasibleAnts=10 noImprove=18 (elapsed 135.197s)
[ITER 300] bestGlobalCost=1924623.84 (feasible=YES) bestThisIter=2003905.93 feasibleAnts=10 noImprove=28 (elapsed 140.862s)
[ITER 310] bestGlobalCost=1924623.84 (feasible=YES) bestThisIter=1965436.73 feasibleAnts=10 noImprove=38 (elapsed 146.624s)
[ITER 320] bestGlobalCost=1924623.84 (feasible=YES) bestThisIter=1997240.67 feasibleAnts=10 noImprove=48 (elapsed 151.73s)
[RESET] no improvement for50-> reset pheromones
[ITER 330] bestGlobalCost=1924623.84 (feasible=YES) bestThisIter=1948828.48 feasibleAnts=10 noImprove=8 (elapsed 157.273s)
[ITER 340] bestGlobalCost=1924623.84 (feasible=YES) bestThisIter=2033197.86 feasibleAnts=10 noImprove=18 (elapsed 162.228s)
[ITER 350] bestGlobalCost=1924623.84 (feasible=YES) bestThisIter=1972964.29 feasibleAnts=10 noImprove=28 (elapsed 166.234s)
[ITER 360] bestGlobalCost=1924623.84 (feasible=YES) bestThisIter=2048455.96 feasibleAnts=10 noImprove=38 (elapsed 171.289s)
[ITER 370] bestGlobalCost=1924623.84 (feasible=YES) bestThisIter=2003328.97 feasibleAnts=10 noImprove=48 (elapsed 176.254s)
[RESET] no improvement for50-> reset pheromones
[ITER 380] bestGlobalCost=1924623.84 (feasible=YES) bestThisIter=1948966.79 feasibleAnts=10 noImprove=8 (elapsed 180.623s)
[ITER 390] bestGlobalCost=1924623.84 (feasible=YES) bestThisIter=2010558.03 feasibleAnts=10 noImprove=18 (elapsed 185.732s)
[ITER 400] bestGlobalCost=1924623.84 (feasible=YES) bestThisIter=1971507.33 feasibleAnts=10 noImprove=28 (elapsed 191.514s)
[ITER 410] bestGlobalCost=1924623.84 (feasible=YES) bestThisIter=2021828.86 feasibleAnts=10 noImprove=38 (elapsed 196.027s)
[ITER 420] bestGlobalCost=1924623.84 (feasible=YES) bestThisIter=2080141.53 feasibleAnts=10 noImprove=48 (elapsed 201.118s)
[RESET] no improvement for50-> reset pheromones
[ITER 430] bestGlobalCost=1924623.84 (feasible=YES) bestThisIter=1946060.92 feasibleAnts=10 noImprove=8 (elapsed 205.752s)
[ITER 440] bestGlobalCost=1924623.84 (feasible=YES) bestThisIter=1953512.75 feasibleAnts=10 noImprove=18 (elapsed 211.274s)
[ITER 450] bestGlobalCost=1924623.84 (feasible=YES) bestThisIter=1976422.12 feasibleAnts=10 noImprove=28 (elapsed 216.225s)
[ITER 460] bestGlobalCost=1924623.84 (feasible=YES) bestThisIter=1976207.92 feasibleAnts=10 noImprove=38 (elapsed 221.087s)
[ITER 470] bestGlobalCost=1924623.84 (feasible=YES) bestThisIter=2083881.10 feasibleAnts=10 noImprove=48 (elapsed 226.517s)
[RESET] no improvement for50-> reset pheromones
[ITER 480] bestGlobalCost=1924623.84 (feasible=YES) bestThisIter=1947215.32 feasibleAnts=10 noImprove=8 (elapsed 230.958s)
[ITER 490] bestGlobalCost=1924623.84 (feasible=YES) bestThisIter=1948851.41 feasibleAnts=10 noImprove=18 (elapsed 235.728s)
[ITER 500] bestGlobalCost=1924623.84 (feasible=YES) bestThisIter=2004860.66 feasibleAnts=10 noImprove=28 (elapsed 240.836s)
[ITER 510] bestGlobalCost=1924623.84 (feasible=YES) bestThisIter=2061582.60 feasibleAnts=10 noImprove=38 (elapsed 246.265s)
[ITER 520] bestGlobalCost=1924623.84 (feasible=YES) bestThisIter=2040102.94 feasibleAnts=10 noImprove=48 (elapsed 251.468s)
[RESET] no improvement for50-> reset pheromones
[ITER 530] bestGlobalCost=1924623.84 (feasible=YES) bestThisIter=1966162.09 feasibleAnts=10 noImprove=8 (elapsed 256.531s)
[ITER 540] bestGlobalCost=1924623.84 (feasible=YES) bestThisIter=1967790.32 feasibleAnts=10 noImprove=18 (elapsed 261.451s)
[ITER 550] bestGlobalCost=1924623.84 (feasible=YES) bestThisIter=1955772.57 feasibleAnts=10 noImprove=28 (elapsed 266.65s)
[ITER 560] bestGlobalCost=1924623.84 (feasible=YES) bestThisIter=1981223.35 feasibleAnts=10 noImprove=38 (elapsed 271.715s)
[ITER 570] bestGlobalCost=1924623.84 (feasible=YES) bestThisIter=2059737.93 feasibleAnts=10 noImprove=48 (elapsed 275.885s)
[RESET] no improvement for50-> reset pheromones
[ITER 580] bestGlobalCost=1924623.84 (feasible=YES) bestThisIter=1955489.53 feasibleAnts=10 noImprove=8 (elapsed 280.464s)
[ITER 590] bestGlobalCost=1924623.84 (feasible=YES) bestThisIter=1962297.45 feasibleAnts=10 noImprove=18 (elapsed 285.235s)
[ITER 600] bestGlobalCost=1924623.84 (feasible=YES) bestThisIter=2014960.82 feasibleAnts=10 noImprove=28 (elapsed 290.029s)
[ITER 610] bestGlobalCost=1924623.84 (feasible=YES) bestThisIter=2010633.87 feasibleAnts=10 noImprove=38 (elapsed 295.266s)
[ITER 620] bestGlobalCost=1924623.84 (feasible=YES) bestThisIter=1996898.15 feasibleAnts=10 noImprove=48 (elapsed 300.123s)
155 156 158 159 160 161 162 163 164 165 166 167 168 169 170 
11 12 13 17 18 19 20 51 65 66 68 70 73 76 
195 198 199 200 201 202 203 204 205 206 207 208 210 213 
1 69 74 75 77 78 79 80 81 82 83 84 85 86 
23 24 25 26 27 28 29 30 31 32 33 34 35 36 37 48 49 
103 104 105 106 107 108 109 110 112 113 114 115 116 117 
111 118 119 120 121 122 123 124 125 126 127 128 129 130 131 132 
133 134 135 136 186 189 191 192 193 194 196 197 
90 91 92 93 94 95 97 98 99 101 102 137 138 144 145 146 
38 39 40 41 42 43 44 45 46 47 87 88 89 96 100 
21 22 50 52 53 54 55 56 57 58 59 60 61 62 63 64 
172 173 174 175 176 177 178 179 181 182 183 184 185 187 188 190 
209 211 212 214 215 216 217 218 219 220 221 222 223 224 225 226 
2 3 4 5 6 7 8 9 10 14 15 16 67 71 72 
139 140 141 142 143 147 148 149 150 151 152 153 154 157 171 180 
[SAVELOGS] evolution saved to results/logs/aco_logs/evolution/pr226_15_2.txt
[SAVELOGS] best cost saved to results/logs/aco_logs/objectives/pr226_15_2.txt
[SAVELOGS] best solution saved to results/logs/aco_logs/solutions/pr226_15_2.txt
