[ITER 1] New best cost=1750132.65 (feasible=YES, time 0.138905s)
[ITER 2] New best cost=1709967.46 (feasible=YES, time 0.209746s)
[ITER 3] New best cost=1708237.19 (feasible=YES, time 0.303988s)
[ITER 5] New best cost=1694290.04 (feasible=YES, time 0.460369s)
[ITER 7] New best cost=1691378.47 (feasible=YES, time 0.611641s)
[ITER 8] New best cost=1676048.75 (feasible=YES, time 0.692937s)
[ITER 10] bestGlobalCost=1676048.75 (feasible=YES) bestThisIter=1680022.47 feasibleAnts=9 noImprove=2 (elapsed 0.850738s)
[ITER 20] bestGlobalCost=1676048.75 (feasible=YES) bestThisIter=1676048.75 feasibleAnts=9 noImprove=12 (elapsed 7.73709s)
[ITER 30] bestGlobalCost=1676048.75 (feasible=YES) bestThisIter=1676048.75 feasibleAnts=10 noImprove=22 (elapsed 14.7379s)
[RESET] no improvement for30-> reset pheromones
[ITER 40] bestGlobalCost=1676048.75 (feasible=YES) bestThisIter=1700675.04 feasibleAnts=10 noImprove=2 (elapsed 15.4171s)
[ITER 50] bestGlobalCost=1676048.75 (feasible=YES) bestThisIter=1676048.75 feasibleAnts=9 noImprove=12 (elapsed 21.9426s)
[ITER 60] bestGlobalCost=1676048.75 (feasible=YES) bestThisIter=1686229.56 feasibleAnts=9 noImprove=22 (elapsed 28.6366s)
[RESET] no improvement for30-> reset pheromones
[ITER 70] bestGlobalCost=1676048.75 (feasible=YES) bestThisIter=1726469.98 feasibleAnts=10 noImprove=2 (elapsed 29.5497s)
[ITER 80] bestGlobalCost=1676048.75 (feasible=YES) bestThisIter=1688835.97 feasibleAnts=10 noImprove=12 (elapsed 36.6774s)
[ITER 90] bestGlobalCost=1676048.75 (feasible=YES) bestThisIter=1676048.75 feasibleAnts=10 noImprove=22 (elapsed 43.5271s)
[RESET] no improvement for30-> reset pheromones
[ITER 100] bestGlobalCost=1676048.75 (feasible=YES) bestThisIter=1709855.67 feasibleAnts=10 noImprove=2 (elapsed 44.3242s)
[ITER 110] bestGlobalCost=1676048.75 (feasible=YES) bestThisIter=1695691.34 feasibleAnts=10 noImprove=12 (elapsed 51.4723s)
[ITER 120] bestGlobalCost=1676048.75 (feasible=YES) bestThisIter=1684268.24 feasibleAnts=10 noImprove=22 (elapsed 58.2402s)
[RESET] no improvement for30-> reset pheromones
[ITER 130] bestGlobalCost=1676048.75 (feasible=YES) bestThisIter=1689870.40 feasibleAnts=10 noImprove=2 (elapsed 59.1571s)
10 11 15 17 21 23 24 32 36 38 47 59 63 72 74 79 84 91 99 102 104 106 109 111 113 127 134 141 
4 8 16 18 19 22 26 31 42 49 53 56 65 66 70 75 80 88 89 90 92 94 97 118 119 124 129 130 137 139 142 143 
5 13 14 29 30 33 37 39 41 44 48 52 71 73 76 78 82 95 96 100 101 103 107 112 114 116 121 126 132 146 147 
1 2 6 25 28 40 50 51 54 58 61 64 67 68 69 77 81 85 93 98 105 108 110 122 125 131 133 138 144 148 
3 7 9 12 20 27 34 35 43 45 46 55 57 60 62 83 86 87 115 117 120 123 128 135 136 140 145 149 150 
[SAVELOGS] evolution saved to results/logs/kroA150_05_4/evolution/kroA150_05_4
[SAVELOGS] best cost saved to results/logs/kroA150_05_4/objectives/kroA150_05_4
[SAVELOGS] best solution saved to results/logs/kroA150_05_4/solutions/kroA150_05_4
