[ITER 1] New best cost=1751209.26 (feasible=YES, time 0.112068s)
[ITER 3] New best cost=1733719.08 (feasible=YES, time 0.264019s)
[ITER 4] New best cost=1725611.48 (feasible=YES, time 0.361441s)
[ITER 5] New best cost=1719264.78 (feasible=YES, time 0.396167s)
[ITER 7] New best cost=1706280.11 (feasible=YES, time 0.544038s)
[ITER 8] New best cost=1703156.95 (feasible=YES, time 0.622164s)
[ITER 10] New best cost=1700512.32 (feasible=YES, time 0.787904s)
[ITER 10] bestGlobalCost=1700512.32 (feasible=YES) bestThisIter=1700512.32 feasibleAnts=9 noImprove=0 (elapsed 0.791864s)
[ITER 20] bestGlobalCost=1700512.32 (feasible=YES) bestThisIter=1700512.32 feasibleAnts=10 noImprove=10 (elapsed 7.20598s)
[ITER 30] New best cost=1683191.07 (feasible=YES, time 9.26283s)
[ITER 30] bestGlobalCost=1683191.07 (feasible=YES) bestThisIter=1700512.32 feasibleAnts=10 noImprove=0 (elapsed 14.3123s)
[ITER 40] bestGlobalCost=1683191.07 (feasible=YES) bestThisIter=1683191.07 feasibleAnts=9 noImprove=10 (elapsed 15.0736s)
[ITER 49] New best cost=1680379.18 (feasible=YES, time 22.038s)
[ITER 50] bestGlobalCost=1680379.18 (feasible=YES) bestThisIter=1683191.07 feasibleAnts=33 noImprove=1 (elapsed 22.092s)
[ITER 56] New best cost=1679671.42 (feasible=YES, time 22.4544s)
[ITER 60] bestGlobalCost=1679671.42 (feasible=YES) bestThisIter=1679671.42 feasibleAnts=18 noImprove=4 (elapsed 28.3592s)
[ITER 70] bestGlobalCost=1679671.42 (feasible=YES) bestThisIter=1679671.42 feasibleAnts=10 noImprove=14 (elapsed 29.2811s)
[ITER 77] New best cost=1678031.00 (feasible=YES, time 36.0036s)
[ITER 80] bestGlobalCost=1678031.00 (feasible=YES) bestThisIter=1678031.00 feasibleAnts=12 noImprove=3 (elapsed 36.2531s)
[ITER 90] bestGlobalCost=1678031.00 (feasible=YES) bestThisIter=1678031.00 feasibleAnts=10 noImprove=13 (elapsed 43.2901s)
[ITER 100] bestGlobalCost=1678031.00 (feasible=YES) bestThisIter=1691173.48 feasibleAnts=10 noImprove=23 (elapsed 43.8672s)
[RESET] no improvement for30-> reset pheromones
[ITER 110] bestGlobalCost=1678031.00 (feasible=YES) bestThisIter=1691280.35 feasibleAnts=10 noImprove=3 (elapsed 51.0681s)
[ITER 120] bestGlobalCost=1678031.00 (feasible=YES) bestThisIter=1698669.92 feasibleAnts=10 noImprove=13 (elapsed 58.3734s)
[ITER 130] bestGlobalCost=1678031.00 (feasible=YES) bestThisIter=1686619.61 feasibleAnts=10 noImprove=23 (elapsed 58.9924s)
1 4 8 16 18 19 22 26 31 42 49 53 56 65 66 70 79 80 89 92 94 97 106 118 119 124 129 130 134 139 143 
2 6 25 28 40 50 51 54 58 61 64 67 68 69 75 77 81 85 93 105 108 110 122 125 131 133 138 142 144 148 
3 7 9 12 20 27 34 35 43 45 46 55 57 60 62 83 86 87 115 117 120 123 128 135 136 140 145 149 150 
10 11 15 17 21 23 24 32 36 38 47 59 63 72 74 84 88 90 91 98 99 102 104 109 111 113 127 137 141 
5 13 14 29 30 33 37 39 41 44 48 52 71 73 76 78 82 95 96 100 101 103 107 112 114 116 121 126 132 146 147 
[SAVELOGS] evolution saved to results/logs/kroA150_05_4/evolution/kroA150_05_4
[SAVELOGS] best cost saved to results/logs/kroA150_05_4/objectives/kroA150_05_4
[SAVELOGS] best solution saved to results/logs/kroA150_05_4/solutions/kroA150_05_4
