[ITER 1] New best cost=2075113.38 (feasible=YES, time 14.1257s)
[ITER 2] New best cost=2073887.42 (feasible=YES, time 26.8057s)
[ITER 4] New best cost=2071059.67 (feasible=YES, time 50.7563s)
[ITER 6] New best cost=2059515.15 (feasible=YES, time 70.9322s)
[ITER 7] New best cost=2028940.00 (feasible=YES, time 84.146s)
[ITER 10] [TS] New best cost=2026587.96 (feasible=YES, time 120.737s)
[ITER 10] bestGlobalCost=2026587.96 (feasible=YES) bestThisIter=2035284.47 feasibleAnts=10 noImprove=1 (elapsed 129.896s)
[ITER 15] New best cost=2023668.38 (feasible=YES, time 185.326s)
[ITER 18] New best cost=2018141.33 (feasible=YES, time 222.403s)
[ITER 20] bestGlobalCost=2018141.33 (feasible=YES) bestThisIter=2062285.47 feasibleAnts=10 noImprove=2 (elapsed 258.481s)
[ITER 21] New best cost=2009209.90 (feasible=YES, time 269.006s)
[ITER 30] bestGlobalCost=2009209.90 (feasible=YES) bestThisIter=2046025.27 feasibleAnts=10 noImprove=9 (elapsed 379.754s)
[ITER 33] New best cost=2006458.65 (feasible=YES, time 418.807s)
[ITER 34] New best cost=2004510.66 (feasible=YES, time 432.036s)
[ITER 40] bestGlobalCost=2004510.66 (feasible=YES) bestThisIter=2041027.53 feasibleAnts=10 noImprove=6 (elapsed 524.174s)
[ITER 50] bestGlobalCost=2004510.66 (feasible=YES) bestThisIter=2030208.71 feasibleAnts=10 noImprove=16 (elapsed 655.987s)
[ITER 60] bestGlobalCost=2004510.66 (feasible=YES) bestThisIter=2041352.38 feasibleAnts=10 noImprove=26 (elapsed 797.167s)
[RESET] no improvement for30-> reset pheromones
[ITER 70] bestGlobalCost=2004510.66 (feasible=YES) bestThisIter=2031056.17 feasibleAnts=10 noImprove=6 (elapsed 949.027s)
[ITER 80] bestGlobalCost=2004510.66 (feasible=YES) bestThisIter=2018188.69 feasibleAnts=10 noImprove=16 (elapsed 1094.86s)
[ITER 90] bestGlobalCost=2004510.66 (feasible=YES) bestThisIter=2020054.37 feasibleAnts=10 noImprove=26 (elapsed 1235.13s)
[RESET] no improvement for30-> reset pheromones
[ITER 100] bestGlobalCost=2004510.66 (feasible=YES) bestThisIter=2036205.97 feasibleAnts=10 noImprove=6 (elapsed 1376.37s)
22 23 24 25 26 27 55 56 57 58 59 60 61 62 88 89 90 91 93 101 110 111 123 378 
195 219 226 236 261 262 263 264 268 272 303 304 306 410 411 413 416 419 420 422 423 438 
201 214 223 231 248 249 250 251 252 254 290 291 292 314 317 353 402 415 417 418 421 424 425 
191 192 203 204 215 216 217 224 225 232 233 253 255 256 257 258 259 260 404 408 409 412 
285 286 288 309 311 312 313 315 316 339 340 341 343 346 347 348 349 350 351 352 354 433 
15 16 46 47 48 49 50 51 77 78 79 80 81 82 100 105 106 107 118 128 129 439 
116 185 186 227 228 234 235 238 239 240 241 266 269 279 396 399 400 401 405 406 
278 293 294 295 296 297 298 318 319 320 321 322 323 324 355 356 357 358 359 360 430 434 435 
66 114 115 117 126 127 136 137 149 150 151 152 161 162 172 173 174 175 187 387 389 392 441 
122 131 132 133 143 144 145 146 157 158 167 168 169 180 181 182 193 194 196 205 206 207 218 391 
237 307 331 332 333 334 335 336 337 338 368 369 370 371 372 373 374 375 427 432 437 
4 7 8 9 10 11 12 13 14 40 41 42 43 44 45 69 72 75 76 99 119 139 
275 299 300 301 302 305 325 326 327 328 329 330 344 345 361 362 363 364 365 366 367 429 431 
245 267 270 271 273 274 276 277 280 281 282 283 284 287 308 310 342 407 426 428 440 
1 2 3 5 6 34 35 36 37 38 39 67 68 70 71 73 74 102 103 104 386 442 
17 18 19 20 21 52 53 54 83 84 85 86 87 108 109 120 121 381 382 385 388 
130 140 141 142 154 155 156 163 164 165 166 177 178 179 189 190 202 390 394 395 397 398 
138 153 176 188 200 211 212 213 221 222 229 230 242 243 244 246 247 289 393 403 
112 125 134 135 147 148 159 160 170 171 183 184 197 198 199 208 209 210 220 265 380 383 384 414 
28 29 30 31 32 33 63 64 65 92 94 95 96 97 98 113 124 376 377 379 436 
[SAVELOGS] evolution saved to results/logs/aco_logs/evolution/pcb442_20_4.txt
[SAVELOGS] best cost saved to results/logs/aco_logs/objectives/pcb442_20_4.txt
[SAVELOGS] best solution saved to results/logs/aco_logs/solutions/pcb442_20_4.txt
