[ITER 1] New best cost=1332461.14 (feasible=YES, time 2.14329s)
[ITER 2] New best cost=1325587.79 (feasible=YES, time 4.07544s)
[ITER 4] New best cost=1323429.81 (feasible=YES, time 7.19812s)
[ITER 5] New best cost=1321074.62 (feasible=YES, time 8.88985s)
[ITER 6] New best cost=1318428.22 (feasible=YES, time 10.9078s)
[ITER 7] New best cost=1313437.94 (feasible=YES, time 12.8878s)
[ITER 10] bestGlobalCost=1313437.94 (feasible=YES) bestThisIter=1313899.26 feasibleAnts=10 noImprove=3 (elapsed 21.5058s)
[ITER 13] New best cost=1312834.64 (feasible=YES, time 25.6245s)
[ITER 14] New best cost=1311974.64 (feasible=YES, time 27.05s)
[ITER 20] bestGlobalCost=1311974.64 (feasible=YES) bestThisIter=1311974.64 feasibleAnts=11 noImprove=6 (elapsed 39.4875s)
[ITER 24] New best cost=1310795.90 (feasible=YES, time 44.8505s)
[ITER 28] New best cost=1310532.48 (feasible=YES, time 51.6046s)
[ITER 30] bestGlobalCost=1310532.48 (feasible=YES) bestThisIter=1312713.48 feasibleAnts=10 noImprove=2 (elapsed 59.0026s)
[ITER 40] bestGlobalCost=1310532.48 (feasible=YES) bestThisIter=1311895.71 feasibleAnts=10 noImprove=12 (elapsed 80.9009s)
[ITER 50] bestGlobalCost=1310532.48 (feasible=YES) bestThisIter=1310532.48 feasibleAnts=10 noImprove=22 (elapsed 99.6688s)
[RESET] no improvement for30-> reset pheromones
[ITER 60] bestGlobalCost=1310532.48 (feasible=YES) bestThisIter=1317129.88 feasibleAnts=10 noImprove=2 (elapsed 120.154s)
[ITER 70] bestGlobalCost=1310532.48 (feasible=YES) bestThisIter=1313870.84 feasibleAnts=10 noImprove=12 (elapsed 141.229s)
[ITER 80] bestGlobalCost=1310532.48 (feasible=YES) bestThisIter=1310532.48 feasibleAnts=10 noImprove=22 (elapsed 161.411s)
[RESET] no improvement for30-> reset pheromones
[ITER 90] bestGlobalCost=1310532.48 (feasible=YES) bestThisIter=1319772.66 feasibleAnts=10 noImprove=2 (elapsed 183.396s)
[ITER 100] bestGlobalCost=1310532.48 (feasible=YES) bestThisIter=1310532.48 feasibleAnts=10 noImprove=12 (elapsed 203.35s)
[ITER 110] bestGlobalCost=1310532.48 (feasible=YES) bestThisIter=1313384.46 feasibleAnts=10 noImprove=22 (elapsed 222.954s)
[RESET] no improvement for30-> reset pheromones
[ITER 120] bestGlobalCost=1310532.48 (feasible=YES) bestThisIter=1318077.31 feasibleAnts=10 noImprove=2 (elapsed 243.15s)
[ITER 130] bestGlobalCost=1310532.48 (feasible=YES) bestThisIter=1314169.23 feasibleAnts=10 noImprove=12 (elapsed 264.175s)
[ITER 140] bestGlobalCost=1310532.48 (feasible=YES) bestThisIter=1319219.03 feasibleAnts=10 noImprove=22 (elapsed 284.771s)
[RESET] no improvement for30-> reset pheromones
[ITER 150] bestGlobalCost=1310532.48 (feasible=YES) bestThisIter=1321506.23 feasibleAnts=10 noImprove=2 (elapsed 306.996s)
[ITER 160] bestGlobalCost=1310532.48 (feasible=YES) bestThisIter=1317847.95 feasibleAnts=10 noImprove=12 (elapsed 326.757s)
[ITER 166] New best cost=1309128.12 (feasible=YES, time 336.678s)
[ITER 170] bestGlobalCost=1309128.12 (feasible=YES) bestThisIter=1317707.63 feasibleAnts=10 noImprove=4 (elapsed 346.414s)
[ITER 180] bestGlobalCost=1309128.12 (feasible=YES) bestThisIter=1309128.12 feasibleAnts=10 noImprove=14 (elapsed 367.418s)
[ITER 190] bestGlobalCost=1309128.12 (feasible=YES) bestThisIter=1311367.20 feasibleAnts=10 noImprove=24 (elapsed 386.59s)
[RESET] no improvement for30-> reset pheromones
[ITER 200] bestGlobalCost=1309128.12 (feasible=YES) bestThisIter=1315820.67 feasibleAnts=10 noImprove=4 (elapsed 407.161s)
[ITER 210] bestGlobalCost=1309128.12 (feasible=YES) bestThisIter=1309128.12 feasibleAnts=10 noImprove=14 (elapsed 427.924s)
[ITER 220] bestGlobalCost=1309128.12 (feasible=YES) bestThisIter=1309128.12 feasibleAnts=10 noImprove=24 (elapsed 448.847s)
[RESET] no improvement for30-> reset pheromones
[ITER 230] bestGlobalCost=1309128.12 (feasible=YES) bestThisIter=1316556.46 feasibleAnts=10 noImprove=4 (elapsed 471.084s)
[ITER 240] bestGlobalCost=1309128.12 (feasible=YES) bestThisIter=1314855.65 feasibleAnts=10 noImprove=14 (elapsed 492.225s)
[ITER 248] New best cost=1309004.84 (feasible=YES, time 506.451s)
[ITER 250] bestGlobalCost=1309004.84 (feasible=YES) bestThisIter=1314835.23 feasibleAnts=10 noImprove=2 (elapsed 513.391s)
[ITER 260] bestGlobalCost=1309004.84 (feasible=YES) bestThisIter=1309004.84 feasibleAnts=10 noImprove=12 (elapsed 534.642s)
[ITER 262] New best cost=1308768.99 (feasible=YES, time 537.722s)
[ITER 270] bestGlobalCost=1308768.99 (feasible=YES) bestThisIter=1310770.85 feasibleAnts=10 noImprove=8 (elapsed 554.772s)
[ITER 280] bestGlobalCost=1308768.99 (feasible=YES) bestThisIter=1312615.44 feasibleAnts=10 noImprove=18 (elapsed 576.275s)
[ITER 290] bestGlobalCost=1308768.99 (feasible=YES) bestThisIter=1308768.99 feasibleAnts=10 noImprove=28 (elapsed 596.983s)
[RESET] no improvement for30-> reset pheromones
[ITER 298] New best cost=1308617.04 (feasible=YES, time 611.553s)
[ITER 300] bestGlobalCost=1308617.04 (feasible=YES) bestThisIter=1309767.60 feasibleAnts=10 noImprove=2 (elapsed 618.275s)
[ITER 310] bestGlobalCost=1308617.04 (feasible=YES) bestThisIter=1308617.04 feasibleAnts=10 noImprove=12 (elapsed 638.828s)
[ITER 320] bestGlobalCost=1308617.04 (feasible=YES) bestThisIter=1308617.04 feasibleAnts=10 noImprove=22 (elapsed 660.505s)
[RESET] no improvement for30-> reset pheromones
[ITER 330] bestGlobalCost=1308617.04 (feasible=YES) bestThisIter=1322797.57 feasibleAnts=10 noImprove=2 (elapsed 682.539s)
[ITER 340] bestGlobalCost=1308617.04 (feasible=YES) bestThisIter=1311611.06 feasibleAnts=10 noImprove=12 (elapsed 705.745s)
[ITER 350] bestGlobalCost=1308617.04 (feasible=YES) bestThisIter=1308617.04 feasibleAnts=10 noImprove=22 (elapsed 725.666s)
[RESET] no improvement for30-> reset pheromones
[ITER 360] bestGlobalCost=1308617.04 (feasible=YES) bestThisIter=1316159.12 feasibleAnts=10 noImprove=2 (elapsed 749.45s)
[ITER 370] bestGlobalCost=1308617.04 (feasible=YES) bestThisIter=1308768.99 feasibleAnts=10 noImprove=12 (elapsed 770.58s)
[ITER 380] bestGlobalCost=1308617.04 (feasible=YES) bestThisIter=1317319.52 feasibleAnts=10 noImprove=22 (elapsed 792.753s)
[RESET] no improvement for30-> reset pheromones
[ITER 390] bestGlobalCost=1308617.04 (feasible=YES) bestThisIter=1312897.77 feasibleAnts=10 noImprove=2 (elapsed 815.653s)
[ITER 400] bestGlobalCost=1308617.04 (feasible=YES) bestThisIter=1311328.39 feasibleAnts=10 noImprove=12 (elapsed 836.475s)
[ITER 410] bestGlobalCost=1308617.04 (feasible=YES) bestThisIter=1308617.04 feasibleAnts=10 noImprove=22 (elapsed 856.821s)
[RESET] no improvement for30-> reset pheromones
[ITER 420] bestGlobalCost=1308617.04 (feasible=YES) bestThisIter=1320174.72 feasibleAnts=10 noImprove=2 (elapsed 877.739s)
[ITER 430] bestGlobalCost=1308617.04 (feasible=YES) bestThisIter=1308617.04 feasibleAnts=10 noImprove=12 (elapsed 900.895s)
[ITER 440] bestGlobalCost=1308617.04 (feasible=YES) bestThisIter=1308617.04 feasibleAnts=10 noImprove=22 (elapsed 921.265s)
[RESET] no improvement for30-> reset pheromones
[ITER 450] bestGlobalCost=1308617.04 (feasible=YES) bestThisIter=1319139.44 feasibleAnts=10 noImprove=2 (elapsed 942.793s)
[ITER 460] bestGlobalCost=1308617.04 (feasible=YES) bestThisIter=1310897.86 feasibleAnts=10 noImprove=12 (elapsed 964.607s)
[ITER 470] bestGlobalCost=1308617.04 (feasible=YES) bestThisIter=1313280.69 feasibleAnts=10 noImprove=22 (elapsed 986.883s)
[RESET] no improvement for30-> reset pheromones
[ITER 480] bestGlobalCost=1308617.04 (feasible=YES) bestThisIter=1322324.56 feasibleAnts=10 noImprove=2 (elapsed 1009.23s)
[ITER 490] bestGlobalCost=1308617.04 (feasible=YES) bestThisIter=1308617.04 feasibleAnts=10 noImprove=12 (elapsed 1031.63s)
[ITER 500] bestGlobalCost=1308617.04 (feasible=YES) bestThisIter=1308617.04 feasibleAnts=10 noImprove=22 (elapsed 1052.91s)
[RESET] no improvement for30-> reset pheromones
[ITER 510] bestGlobalCost=1308617.04 (feasible=YES) bestThisIter=1310867.71 feasibleAnts=10 noImprove=2 (elapsed 1075.99s)
[ITER 520] bestGlobalCost=1308617.04 (feasible=YES) bestThisIter=1308617.04 feasibleAnts=10 noImprove=12 (elapsed 1098.31s)
[ITER 530] bestGlobalCost=1308617.04 (feasible=YES) bestThisIter=1308617.04 feasibleAnts=11 noImprove=22 (elapsed 1119.84s)
[RESET] no improvement for30-> reset pheromones
[ITER 540] bestGlobalCost=1308617.04 (feasible=YES) bestThisIter=1318210.92 feasibleAnts=10 noImprove=2 (elapsed 1141.66s)
[ITER 550] bestGlobalCost=1308617.04 (feasible=YES) bestThisIter=1314779.68 feasibleAnts=10 noImprove=12 (elapsed 1162.87s)
[ITER 560] bestGlobalCost=1308617.04 (feasible=YES) bestThisIter=1314325.76 feasibleAnts=10 noImprove=22 (elapsed 1184.4s)
[RESET] no improvement for30-> reset pheromones
[ITER 570] bestGlobalCost=1308617.04 (feasible=YES) bestThisIter=1315020.62 feasibleAnts=10 noImprove=2 (elapsed 1207.3s)
[ITER 580] bestGlobalCost=1308617.04 (feasible=YES) bestThisIter=1313351.25 feasibleAnts=11 noImprove=12 (elapsed 1227.68s)
[ITER 590] bestGlobalCost=1308617.04 (feasible=YES) bestThisIter=1310545.01 feasibleAnts=10 noImprove=22 (elapsed 1250.16s)
[RESET] no improvement for30-> reset pheromones
[ITER 600] bestGlobalCost=1308617.04 (feasible=YES) bestThisIter=1319196.75 feasibleAnts=10 noImprove=2 (elapsed 1275.4s)
[ITER 610] bestGlobalCost=1308617.04 (feasible=YES) bestThisIter=1308617.04 feasibleAnts=10 noImprove=12 (elapsed 1298.46s)
[ITER 620] bestGlobalCost=1308617.04 (feasible=YES) bestThisIter=1315658.84 feasibleAnts=10 noImprove=22 (elapsed 1320.67s)
[RESET] no improvement for30-> reset pheromones
[ITER 630] bestGlobalCost=1308617.04 (feasible=YES) bestThisIter=1323428.04 feasibleAnts=10 noImprove=2 (elapsed 1344.89s)
[ITER 640] bestGlobalCost=1308617.04 (feasible=YES) bestThisIter=1308617.04 feasibleAnts=10 noImprove=12 (elapsed 1368.89s)
[ITER 650] bestGlobalCost=1308617.04 (feasible=YES) bestThisIter=1308617.04 feasibleAnts=10 noImprove=22 (elapsed 1390.77s)
[RESET] no improvement for30-> reset pheromones
[ITER 660] bestGlobalCost=1308617.04 (feasible=YES) bestThisIter=1318291.90 feasibleAnts=10 noImprove=2 (elapsed 1413.47s)
[ITER 670] bestGlobalCost=1308617.04 (feasible=YES) bestThisIter=1316709.54 feasibleAnts=10 noImprove=12 (elapsed 1435.15s)
[ITER 680] bestGlobalCost=1308617.04 (feasible=YES) bestThisIter=1311611.06 feasibleAnts=10 noImprove=22 (elapsed 1459.52s)
[RESET] no improvement for30-> reset pheromones
[ITER 690] bestGlobalCost=1308617.04 (feasible=YES) bestThisIter=1319319.37 feasibleAnts=10 noImprove=2 (elapsed 1482.01s)
[ITER 700] bestGlobalCost=1308617.04 (feasible=YES) bestThisIter=1314253.37 feasibleAnts=10 noImprove=12 (elapsed 1502.27s)
25 29 41 53 65 71 84 85 87 95 102 114 127 153 156 159 163 174 187 190 197 200 204 225 243 261 278 287 308 312 315 331 340 343 356 359 366 369 381 389 392 398 
8 18 38 40 44 50 55 74 79 83 91 109 128 140 145 149 152 168 175 180 181 182 192 193 210 217 229 233 239 246 249 259 264 296 305 319 335 349 365 394 399 
9 13 15 17 19 21 24 26 30 39 42 67 89 115 117 120 129 164 167 173 186 202 214 216 222 240 247 268 282 285 295 298 304 306 317 328 336 384 
11 23 32 59 60 62 100 101 110 113 122 124 130 137 139 142 148 157 158 209 224 245 251 254 273 276 293 300 307 311 320 327 329 344 345 350 362 363 390 396 397 
34 45 51 54 77 88 90 121 133 155 161 162 165 178 185 199 205 211 232 234 236 237 238 244 252 256 258 263 284 286 289 309 313 347 348 357 375 383 395 400 
1 2 4 22 56 57 66 92 96 103 106 108 112 147 166 169 179 201 203 212 215 227 257 265 274 275 290 299 337 339 352 354 358 360 367 368 371 385 
6 7 35 36 47 48 49 58 64 68 69 72 76 98 107 118 119 123 136 151 154 160 184 191 196 206 213 230 253 271 279 288 301 316 323 341 342 346 379 391 
3 5 10 14 16 31 52 73 80 93 116 125 132 135 141 146 189 195 207 226 228 242 255 260 266 272 280 281 314 330 332 353 361 373 377 382 387 393 
33 46 61 70 78 81 86 94 97 105 134 138 144 150 171 172 177 183 188 194 198 208 219 235 241 267 277 283 292 294 302 303 322 324 325 333 338 351 364 372 374 380 
12 20 27 28 37 43 63 75 82 99 104 111 126 131 143 170 176 218 220 221 223 231 248 250 262 269 270 291 297 310 318 321 326 334 355 370 376 378 386 388 
[SAVELOGS] evolution saved to results/logs/aco_logs/evolution/rd400_10_3.txt
[SAVELOGS] best cost saved to results/logs/aco_logs/objectives/rd400_10_3.txt
[SAVELOGS] best solution saved to results/logs/aco_logs/solutions/rd400_10_3.txt
