[ITER 1] New best cost=4055756.60 (feasible=YES, time 0.834652s)
[ITER 2] New best cost=4026010.51 (feasible=YES, time 1.44976s)
[ITER 3] New best cost=4020910.49 (feasible=YES, time 2.08513s)
[ITER 5] New best cost=4015925.18 (feasible=YES, time 3.4486s)
[ITER 6] New best cost=3956956.10 (feasible=YES, time 4.0282s)
[ITER 9] New best cost=3922870.65 (feasible=YES, time 5.98991s)
[ITER 10] bestGlobalCost=3922870.65 (feasible=YES) bestThisIter=3944321.70 feasibleAnts=10 noImprove=1 (elapsed 6.48628s)
[ITER 14] New best cost=3919116.15 (feasible=YES, time 8.83298s)
[ITER 17] New best cost=3914195.75 (feasible=YES, time 10.5981s)
[ITER 20] New best cost=3890165.49 (feasible=YES, time 12.0826s)
[ITER 20] bestGlobalCost=3890165.49 (feasible=YES) bestThisIter=3913745.75 feasibleAnts=10 noImprove=0 (elapsed 12.0862s)
[ITER 30] bestGlobalCost=3890165.49 (feasible=YES) bestThisIter=3910697.60 feasibleAnts=10 noImprove=10 (elapsed 18.0075s)
[ITER 40] bestGlobalCost=3890165.49 (feasible=YES) bestThisIter=3967507.05 feasibleAnts=10 noImprove=20 (elapsed 25.4638s)
[ITER 50] bestGlobalCost=3890165.49 (feasible=YES) bestThisIter=3962379.75 feasibleAnts=10 noImprove=30 (elapsed 33.3805s)
[ITER 60] bestGlobalCost=3890165.49 (feasible=YES) bestThisIter=3969422.90 feasibleAnts=10 noImprove=40 (elapsed 41.8973s)
[ITER 70] bestGlobalCost=3890165.49 (feasible=YES) bestThisIter=4013733.30 feasibleAnts=10 noImprove=50 (elapsed 50.6755s)
[RESET] no improvement for50-> reset pheromones
[ITER 80] bestGlobalCost=3890165.49 (feasible=YES) bestThisIter=3911797.63 feasibleAnts=10 noImprove=10 (elapsed 57.1777s)
[ITER 90] bestGlobalCost=3890165.49 (feasible=YES) bestThisIter=3997386.10 feasibleAnts=10 noImprove=20 (elapsed 65.1611s)
[ITER 100] bestGlobalCost=3890165.49 (feasible=YES) bestThisIter=3983539.41 feasibleAnts=10 noImprove=30 (elapsed 73.1622s)
[ITER 110] bestGlobalCost=3890165.49 (feasible=YES) bestThisIter=3989439.26 feasibleAnts=10 noImprove=40 (elapsed 81.1832s)
[ITER 120] bestGlobalCost=3890165.49 (feasible=YES) bestThisIter=4061758.13 feasibleAnts=10 noImprove=50 (elapsed 89.4782s)
[RESET] no improvement for50-> reset pheromones
[ITER 130] bestGlobalCost=3890165.49 (feasible=YES) bestThisIter=3933788.69 feasibleAnts=10 noImprove=10 (elapsed 96.2811s)
[ITER 140] bestGlobalCost=3890165.49 (feasible=YES) bestThisIter=4022392.20 feasibleAnts=10 noImprove=20 (elapsed 103.681s)
[ITER 150] bestGlobalCost=3890165.49 (feasible=YES) bestThisIter=3982868.03 feasibleAnts=10 noImprove=30 (elapsed 111.849s)
[ITER 160] bestGlobalCost=3890165.49 (feasible=YES) bestThisIter=3994311.73 feasibleAnts=10 noImprove=40 (elapsed 120.016s)
[ITER 170] bestGlobalCost=3890165.49 (feasible=YES) bestThisIter=4004257.92 feasibleAnts=10 noImprove=50 (elapsed 128.464s)
[RESET] no improvement for50-> reset pheromones
[ITER 180] bestGlobalCost=3890165.49 (feasible=YES) bestThisIter=3957944.61 feasibleAnts=10 noImprove=10 (elapsed 134.743s)
[ITER 190] bestGlobalCost=3890165.49 (feasible=YES) bestThisIter=3985970.43 feasibleAnts=10 noImprove=20 (elapsed 141.893s)
[ITER 200] bestGlobalCost=3890165.49 (feasible=YES) bestThisIter=4033573.78 feasibleAnts=10 noImprove=30 (elapsed 149.606s)
[ITER 210] bestGlobalCost=3890165.49 (feasible=YES) bestThisIter=3964084.82 feasibleAnts=10 noImprove=40 (elapsed 158.328s)
[ITER 220] bestGlobalCost=3890165.49 (feasible=YES) bestThisIter=3931009.89 feasibleAnts=10 noImprove=50 (elapsed 167.041s)
[RESET] no improvement for50-> reset pheromones
[ITER 230] bestGlobalCost=3890165.49 (feasible=YES) bestThisIter=3916233.45 feasibleAnts=10 noImprove=10 (elapsed 173.082s)
[ITER 240] bestGlobalCost=3890165.49 (feasible=YES) bestThisIter=3952587.04 feasibleAnts=10 noImprove=20 (elapsed 180.39s)
[ITER 250] bestGlobalCost=3890165.49 (feasible=YES) bestThisIter=4043105.88 feasibleAnts=10 noImprove=30 (elapsed 187.549s)
[ITER 260] bestGlobalCost=3890165.49 (feasible=YES) bestThisIter=3976735.80 feasibleAnts=10 noImprove=40 (elapsed 195.97s)
[ITER 270] bestGlobalCost=3890165.49 (feasible=YES) bestThisIter=3985276.91 feasibleAnts=10 noImprove=50 (elapsed 204.33s)
[RESET] no improvement for50-> reset pheromones
[ITER 280] bestGlobalCost=3890165.49 (feasible=YES) bestThisIter=3985971.23 feasibleAnts=10 noImprove=10 (elapsed 210.965s)
[ITER 290] bestGlobalCost=3890165.49 (feasible=YES) bestThisIter=4002601.96 feasibleAnts=10 noImprove=20 (elapsed 217.94s)
[ITER 300] bestGlobalCost=3890165.49 (feasible=YES) bestThisIter=4013957.10 feasibleAnts=10 noImprove=30 (elapsed 226.242s)
[ITER 310] bestGlobalCost=3890165.49 (feasible=YES) bestThisIter=4008160.52 feasibleAnts=10 noImprove=40 (elapsed 235.016s)
[ITER 320] bestGlobalCost=3890165.49 (feasible=YES) bestThisIter=4028696.55 feasibleAnts=10 noImprove=50 (elapsed 243.602s)
[RESET] no improvement for50-> reset pheromones
[ITER 330] bestGlobalCost=3890165.49 (feasible=YES) bestThisIter=3920259.59 feasibleAnts=10 noImprove=10 (elapsed 249.261s)
[ITER 340] bestGlobalCost=3890165.49 (feasible=YES) bestThisIter=3996042.74 feasibleAnts=10 noImprove=20 (elapsed 256.518s)
[ITER 350] bestGlobalCost=3890165.49 (feasible=YES) bestThisIter=4015053.70 feasibleAnts=10 noImprove=30 (elapsed 264.824s)
[ITER 360] bestGlobalCost=3890165.49 (feasible=YES) bestThisIter=4026071.18 feasibleAnts=10 noImprove=40 (elapsed 273.638s)
[ITER 370] bestGlobalCost=3890165.49 (feasible=YES) bestThisIter=4013411.39 feasibleAnts=10 noImprove=50 (elapsed 282.382s)
[RESET] no improvement for50-> reset pheromones
[ITER 380] bestGlobalCost=3890165.49 (feasible=YES) bestThisIter=3919667.43 feasibleAnts=10 noImprove=10 (elapsed 288.59s)
[ITER 390] bestGlobalCost=3890165.49 (feasible=YES) bestThisIter=3960578.06 feasibleAnts=10 noImprove=20 (elapsed 295.681s)
87 88 89 90 91 92 93 94 96 97 98 99 100 101 102 137 138 139 140 141 145 146 147 
23 26 29 30 31 32 33 34 35 36 37 38 39 40 41 42 43 44 45 46 48 49 
3 7 8 9 11 12 13 14 15 16 17 18 19 20 55 65 66 67 68 69 70 71 
122 123 126 130 133 134 135 136 191 192 193 194 195 196 197 198 199 200 201 204 212 
202 203 205 206 207 208 209 210 211 213 214 215 216 217 218 219 220 221 222 223 224 225 226 
142 143 144 149 150 171 174 175 177 178 179 180 181 182 183 184 185 186 187 188 189 190 
104 105 106 107 108 109 110 111 112 113 114 115 116 117 118 119 120 121 124 125 127 128 129 131 132 
1 2 4 5 6 10 72 73 74 75 76 77 78 79 80 81 82 83 84 85 86 103 
148 151 152 153 154 155 156 157 158 159 160 161 162 163 164 165 166 167 168 169 170 172 173 176 
21 22 24 25 27 28 47 50 51 52 53 54 56 57 58 59 60 61 62 63 64 95 
[SAVELOGS] evolution saved to results/logs/aco_logs/evolution/pr226_10_4.txt
[SAVELOGS] best cost saved to results/logs/aco_logs/objectives/pr226_10_4.txt
[SAVELOGS] best solution saved to results/logs/aco_logs/solutions/pr226_10_4.txt
