[ITER 1] New best cost=55920.11 (feasible=YES, time 0.0428451s)
[ITER 2] New best cost=55414.52 (feasible=YES, time 0.0878505s)
[ITER 3] New best cost=55252.45 (feasible=YES, time 0.131246s)
[ITER 4] New best cost=55060.10 (feasible=YES, time 0.181162s)
[ITER 10] bestGlobalCost=55060.10 (feasible=YES) bestThisIter=55060.10 feasibleAnts=10 noImprove=6 (elapsed 0.532787s)
[ITER 20] bestGlobalCost=55060.10 (feasible=YES) bestThisIter=55060.10 feasibleAnts=10 noImprove=16 (elapsed 3.50982s)
[ITER 30] bestGlobalCost=55060.10 (feasible=YES) bestThisIter=55060.10 feasibleAnts=11 noImprove=26 (elapsed 6.44076s)
[RESET] no improvement for30-> reset pheromones
[ITER 40] bestGlobalCost=55060.10 (feasible=YES) bestThisIter=55333.69 feasibleAnts=10 noImprove=6 (elapsed 7.07925s)
[ITER 50] bestGlobalCost=55060.10 (feasible=YES) bestThisIter=55060.10 feasibleAnts=10 noImprove=16 (elapsed 10.2989s)
[ITER 60] bestGlobalCost=55060.10 (feasible=YES) bestThisIter=55060.10 feasibleAnts=10 noImprove=26 (elapsed 13.7058s)
[RESET] no improvement for30-> reset pheromones
[ITER 70] bestGlobalCost=55060.10 (feasible=YES) bestThisIter=55121.44 feasibleAnts=10 noImprove=6 (elapsed 14.2999s)
[ITER 80] bestGlobalCost=55060.10 (feasible=YES) bestThisIter=55060.10 feasibleAnts=11 noImprove=16 (elapsed 17.4614s)
[ITER 90] bestGlobalCost=55060.10 (feasible=YES) bestThisIter=55060.10 feasibleAnts=10 noImprove=26 (elapsed 20.7255s)
[RESET] no improvement for30-> reset pheromones
[ITER 100] bestGlobalCost=55060.10 (feasible=YES) bestThisIter=55238.45 feasibleAnts=10 noImprove=6 (elapsed 21.3227s)
[ITER 110] bestGlobalCost=55060.10 (feasible=YES) bestThisIter=55060.10 feasibleAnts=10 noImprove=16 (elapsed 24.4392s)
[ITER 120] bestGlobalCost=55060.10 (feasible=YES) bestThisIter=55412.34 feasibleAnts=10 noImprove=26 (elapsed 27.2487s)
[RESET] no improvement for30-> reset pheromones
[ITER 130] bestGlobalCost=55060.10 (feasible=YES) bestThisIter=55238.45 feasibleAnts=10 noImprove=6 (elapsed 27.7796s)
[ITER 140] bestGlobalCost=55060.10 (feasible=YES) bestThisIter=55060.10 feasibleAnts=10 noImprove=16 (elapsed 30.8014s)
[ITER 150] bestGlobalCost=55060.10 (feasible=YES) bestThisIter=55060.10 feasibleAnts=9 noImprove=26 (elapsed 33.6206s)
[RESET] no improvement for30-> reset pheromones
[ITER 160] bestGlobalCost=55060.10 (feasible=YES) bestThisIter=55121.44 feasibleAnts=10 noImprove=6 (elapsed 34.2045s)
[ITER 170] bestGlobalCost=55060.10 (feasible=YES) bestThisIter=55060.10 feasibleAnts=11 noImprove=16 (elapsed 37.2217s)
[ITER 180] bestGlobalCost=55060.10 (feasible=YES) bestThisIter=55238.45 feasibleAnts=10 noImprove=26 (elapsed 39.9328s)
[RESET] no improvement for30-> reset pheromones
[ITER 190] bestGlobalCost=55060.10 (feasible=YES) bestThisIter=55268.96 feasibleAnts=10 noImprove=6 (elapsed 40.4386s)
[ITER 200] bestGlobalCost=55060.10 (feasible=YES) bestThisIter=55060.10 feasibleAnts=11 noImprove=16 (elapsed 43.0117s)
[ITER 210] bestGlobalCost=55060.10 (feasible=YES) bestThisIter=55121.44 feasibleAnts=10 noImprove=26 (elapsed 45.5954s)
[RESET] no improvement for30-> reset pheromones
[ITER 220] bestGlobalCost=55060.10 (feasible=YES) bestThisIter=55060.10 feasibleAnts=10 noImprove=6 (elapsed 46.0281s)
[ITER 230] bestGlobalCost=55060.10 (feasible=YES) bestThisIter=55060.10 feasibleAnts=10 noImprove=16 (elapsed 48.8336s)
[ITER 240] bestGlobalCost=55060.10 (feasible=YES) bestThisIter=55060.10 feasibleAnts=10 noImprove=26 (elapsed 51.5415s)
[RESET] no improvement for30-> reset pheromones
[ITER 250] bestGlobalCost=55060.10 (feasible=YES) bestThisIter=55211.61 feasibleAnts=10 noImprove=6 (elapsed 52.0628s)
[ITER 260] bestGlobalCost=55060.10 (feasible=YES) bestThisIter=55060.10 feasibleAnts=10 noImprove=16 (elapsed 54.773s)
[ITER 270] bestGlobalCost=55060.10 (feasible=YES) bestThisIter=55060.10 feasibleAnts=10 noImprove=26 (elapsed 57.4555s)
[RESET] no improvement for30-> reset pheromones
[ITER 280] bestGlobalCost=55060.10 (feasible=YES) bestThisIter=55477.81 feasibleAnts=10 noImprove=6 (elapsed 57.9702s)
1 4 7 8 16 24 26 34 38 40 47 54 56 60 61 70 71 72 89 90 96 105 111 116 119 
6 10 27 35 36 37 39 48 55 57 62 63 67 73 83 84 99 101 104 106 110 112 114 
13 17 18 19 25 31 33 43 52 58 65 66 68 69 79 85 91 98 100 107 108 113 117 118 
2 3 5 9 11 12 21 23 51 53 64 77 80 82 88 93 95 97 102 103 109 115 
14 15 20 22 28 29 30 32 41 42 44 45 46 49 50 59 74 75 76 78 81 86 87 92 94 120 
[SAVELOGS] evolution saved to results/logs/gr120_05_2/evolution/gr120_05_2
[SAVELOGS] best cost saved to results/logs/gr120_05_2/objectives/gr120_05_2
[SAVELOGS] best solution saved to results/logs/gr120_05_2/solutions/gr120_05_2
