[ITER 1] New best cost=3870.10 (feasible=YES, time 0.142694s)
[ITER 2] New best cost=3826.16 (feasible=YES, time 0.278885s)
[ITER 3] New best cost=3793.52 (feasible=YES, time 0.381373s)
[ITER 4] New best cost=3768.55 (feasible=YES, time 0.448203s)
[ITER 6] New best cost=3745.07 (feasible=YES, time 0.654471s)
[ITER 9] New best cost=3713.86 (feasible=YES, time 0.895124s)
[ITER 10] New best cost=3694.15 (feasible=YES, time 0.963875s)
[ITER 10] bestGlobalCost=3694.15 (feasible=YES) bestThisIter=3694.15 feasibleAnts=10 noImprove=0 (elapsed 0.967861s)
[ITER 11] New best cost=3657.97 (feasible=YES, time 1.03743s)
[ITER 15] New best cost=3654.96 (feasible=YES, time 1.96596s)
[ITER 15] New best cost=3640.26 (feasible=YES, time 4.08206s)
[ITER 15] New best cost=3635.88 (feasible=YES, time 4.77259s)
[ITER 18] New best cost=3610.28 (feasible=YES, time 4.95693s)
[ITER 19] New best cost=3604.98 (feasible=YES, time 5.01065s)
[ITER 20] bestGlobalCost=3604.98 (feasible=YES) bestThisIter=3605.65 feasibleAnts=10 noImprove=1 (elapsed 5.06977s)
[ITER 30] New best cost=3575.36 (feasible=YES, time 6.8582s)
[ITER 30] bestGlobalCost=3575.36 (feasible=YES) bestThisIter=3627.19 feasibleAnts=10 noImprove=0 (elapsed 10.0451s)
[ITER 40] bestGlobalCost=3575.36 (feasible=YES) bestThisIter=3575.36 feasibleAnts=10 noImprove=10 (elapsed 10.7625s)
[ITER 50] bestGlobalCost=3575.36 (feasible=YES) bestThisIter=3619.52 feasibleAnts=10 noImprove=20 (elapsed 15.5353s)
[ITER 60] bestGlobalCost=3575.36 (feasible=YES) bestThisIter=3784.59 feasibleAnts=10 noImprove=30 (elapsed 20.3845s)
[RESET] no improvement for30-> reset pheromones
[ITER 70] bestGlobalCost=3575.36 (feasible=YES) bestThisIter=3761.12 feasibleAnts=10 noImprove=10 (elapsed 21.8208s)
[ITER 80] bestGlobalCost=3575.36 (feasible=YES) bestThisIter=3794.98 feasibleAnts=10 noImprove=20 (elapsed 26.9965s)
[ITER 90] bestGlobalCost=3575.36 (feasible=YES) bestThisIter=3575.36 feasibleAnts=10 noImprove=30 (elapsed 31.9573s)
[RESET] no improvement for30-> reset pheromones
[ITER 100] bestGlobalCost=3575.36 (feasible=YES) bestThisIter=3803.70 feasibleAnts=10 noImprove=10 (elapsed 33.4986s)
[ITER 110] bestGlobalCost=3575.36 (feasible=YES) bestThisIter=3819.55 feasibleAnts=10 noImprove=20 (elapsed 38.1112s)
[ITER 120] bestGlobalCost=3575.36 (feasible=YES) bestThisIter=3719.68 feasibleAnts=10 noImprove=30 (elapsed 43.1528s)
[RESET] no improvement for30-> reset pheromones
[ITER 130] bestGlobalCost=3575.36 (feasible=YES) bestThisIter=4019.56 feasibleAnts=10 noImprove=10 (elapsed 44.4476s)
[ITER 140] bestGlobalCost=3575.36 (feasible=YES) bestThisIter=3663.95 feasibleAnts=10 noImprove=20 (elapsed 49.0868s)
[ITER 150] bestGlobalCost=3575.36 (feasible=YES) bestThisIter=3811.61 feasibleAnts=10 noImprove=30 (elapsed 54.311s)
[RESET] no improvement for30-> reset pheromones
[ITER 160] bestGlobalCost=3575.36 (feasible=YES) bestThisIter=3719.83 feasibleAnts=10 noImprove=10 (elapsed 55.5698s)
118 119 120 121 122 123 124 
13 14 15 16 17 45 46 47 
32 33 34 35 38 39 40 55 
23 25 26 27 28 52 53 
105 106 107 114 115 116 
102 103 117 125 126 127 128 
89 90 91 93 94 95 96 
108 109 110 111 112 113 
69 70 71 75 82 87 88 
8 9 10 11 29 30 31 
1 2 3 4 5 6 
7 18 19 20 21 22 24 
63 64 65 66 67 68 92 
44 49 50 51 72 73 76 
12 36 37 41 42 43 48 
129 130 131 132 133 134 135 
74 77 78 79 81 86 
54 56 57 58 59 60 61 62 
97 98 99 100 101 104 
80 83 84 85 136 137 
[SAVELOGS] evolution saved to results/logs/gr137_20_2/evolution/gr137_20_2
[SAVELOGS] best cost saved to results/logs/gr137_20_2/objectives/gr137_20_2
[SAVELOGS] best solution saved to results/logs/gr137_20_2/solutions/gr137_20_2
