[ITER 1] New best cost=7651.38 (feasible=YES, time 0.392926s)
[ITER 2] New best cost=7154.52 (feasible=YES, time 0.640342s)
[ITER 4] New best cost=7004.85 (feasible=YES, time 1.17758s)
[ITER 7] New best cost=6997.45 (feasible=YES, time 1.9557s)
[ITER 10] bestGlobalCost=6997.45 (feasible=YES) bestThisIter=7034.81 feasibleAnts=10 noImprove=3 (elapsed 2.46494s)
[ITER 11] New best cost=6899.83 (feasible=YES, time 2.7025s)
[ITER 12] New best cost=6859.75 (feasible=YES, time 2.8436s)
[ITER 15] New best cost=6776.25 (feasible=YES, time 4.63975s)
[ITER 15] New best cost=6774.78 (feasible=YES, time 9.58281s)
[ITER 15] New best cost=6682.45 (feasible=YES, time 10.9977s)
[ITER 19] New best cost=6667.29 (feasible=YES, time 11.5789s)
[ITER 20] bestGlobalCost=6667.29 (feasible=YES) bestThisIter=6682.45 feasibleAnts=18 noImprove=1 (elapsed 11.7899s)
[ITER 23] New best cost=6649.95 (feasible=YES, time 12.3063s)
[ITER 30] New best cost=6569.38 (feasible=YES, time 14.9847s)
[ITER 30] bestGlobalCost=6569.38 (feasible=YES) bestThisIter=6791.50 feasibleAnts=10 noImprove=0 (elapsed 21.2623s)
[ITER 40] bestGlobalCost=6569.38 (feasible=YES) bestThisIter=6698.66 feasibleAnts=10 noImprove=10 (elapsed 23.0546s)
[ITER 50] bestGlobalCost=6569.38 (feasible=YES) bestThisIter=6822.29 feasibleAnts=10 noImprove=20 (elapsed 33.5833s)
[ITER 60] bestGlobalCost=6569.38 (feasible=YES) bestThisIter=6885.75 feasibleAnts=10 noImprove=30 (elapsed 44.7003s)
[RESET] no improvement for30-> reset pheromones
[ITER 70] bestGlobalCost=6569.38 (feasible=YES) bestThisIter=7712.75 feasibleAnts=10 noImprove=10 (elapsed 48.0469s)
[ITER 80] bestGlobalCost=6569.38 (feasible=YES) bestThisIter=7182.09 feasibleAnts=10 noImprove=20 (elapsed 59.3605s)
12 13 14 15 16 17 43 45 46 48 
10 11 29 30 31 32 36 37 38 41 
27 28 33 34 35 52 54 56 
78 79 80 81 82 83 85 86 87 
64 67 68 70 71 89 91 92 94 
1 2 3 4 5 7 9 18 19 
53 55 57 58 59 60 61 62 63 
90 93 95 96 97 98 99 100 136 137 
50 51 65 69 72 74 75 76 77 88 
102 103 120 121 122 123 124 127 128 
101 104 110 112 116 117 118 119 125 
39 40 42 44 47 49 66 73 
6 8 20 21 22 23 24 25 26 
84 126 129 130 131 132 133 134 135 
105 106 107 108 109 111 113 114 115 
[SAVELOGS] evolution saved to results/logs/gr137_15_5/evolution/gr137_15_5
[SAVELOGS] best cost saved to results/logs/gr137_15_5/objectives/gr137_15_5
[SAVELOGS] best solution saved to results/logs/gr137_15_5/solutions/gr137_15_5
