[ITER 1] New best cost=2759745.62 (feasible=YES, time 0.214167s)
[ITER 2] New best cost=2749055.03 (feasible=YES, time 0.363946s)
[ITER 3] New best cost=2743981.46 (feasible=YES, time 0.52655s)
[ITER 9] New best cost=2742348.39 (feasible=YES, time 1.36267s)
[ITER 10] bestGlobalCost=2742348.39 (feasible=YES) bestThisIter=2743981.46 feasibleAnts=30 noImprove=1 (elapsed 2.10368s)
[ITER 20] New best cost=2740932.68 (feasible=YES, time 4.23377s)
[ITER 20] bestGlobalCost=2740932.68 (feasible=YES) bestThisIter=2742348.39 feasibleAnts=15 noImprove=0 (elapsed 4.23788s)
[ITER 30] bestGlobalCost=2740932.68 (feasible=YES) bestThisIter=2757195.96 feasibleAnts=12 noImprove=10 (elapsed 6.39989s)
[ITER 40] bestGlobalCost=2740932.68 (feasible=YES) bestThisIter=2741920.19 feasibleAnts=11 noImprove=20 (elapsed 8.82177s)
[ITER 50] bestGlobalCost=2740932.68 (feasible=YES) bestThisIter=2740968.53 feasibleAnts=10 noImprove=30 (elapsed 11.0159s)
[ITER 60] bestGlobalCost=2740932.68 (feasible=YES) bestThisIter=2745006.73 feasibleAnts=10 noImprove=40 (elapsed 12.9981s)
[ITER 70] bestGlobalCost=2740932.68 (feasible=YES) bestThisIter=2745006.73 feasibleAnts=11 noImprove=50 (elapsed 15.1571s)
[RESET] no improvement for50-> reset pheromones
[ITER 80] bestGlobalCost=2740932.68 (feasible=YES) bestThisIter=2755901.01 feasibleAnts=17 noImprove=10 (elapsed 17.4724s)
[ITER 90] bestGlobalCost=2740932.68 (feasible=YES) bestThisIter=2744269.99 feasibleAnts=10 noImprove=20 (elapsed 19.6331s)
[ITER 100] bestGlobalCost=2740932.68 (feasible=YES) bestThisIter=2745006.73 feasibleAnts=10 noImprove=30 (elapsed 21.5441s)
[ITER 110] bestGlobalCost=2740932.68 (feasible=YES) bestThisIter=2747419.75 feasibleAnts=10 noImprove=40 (elapsed 23.8398s)
[ITER 111] New best cost=2739885.48 (feasible=YES, time 24.0516s)
[ITER 120] bestGlobalCost=2739885.48 (feasible=YES) bestThisIter=2753766.15 feasibleAnts=16 noImprove=9 (elapsed 25.9671s)
[ITER 130] bestGlobalCost=2739885.48 (feasible=YES) bestThisIter=2749358.86 feasibleAnts=10 noImprove=19 (elapsed 28.0039s)
[ITER 140] bestGlobalCost=2739885.48 (feasible=YES) bestThisIter=2752878.84 feasibleAnts=10 noImprove=29 (elapsed 30.0405s)
[ITER 150] bestGlobalCost=2739885.48 (feasible=YES) bestThisIter=2740968.53 feasibleAnts=10 noImprove=39 (elapsed 32.4853s)
[ITER 160] bestGlobalCost=2739885.48 (feasible=YES) bestThisIter=2741920.19 feasibleAnts=12 noImprove=49 (elapsed 34.7974s)
[RESET] no improvement for50-> reset pheromones
[ITER 170] bestGlobalCost=2739885.48 (feasible=YES) bestThisIter=2749199.86 feasibleAnts=10 noImprove=9 (elapsed 36.7863s)
[ITER 180] bestGlobalCost=2739885.48 (feasible=YES) bestThisIter=2750977.26 feasibleAnts=12 noImprove=19 (elapsed 38.8474s)
[ITER 190] bestGlobalCost=2739885.48 (feasible=YES) bestThisIter=2743835.44 feasibleAnts=11 noImprove=29 (elapsed 41.0917s)
[ITER 200] bestGlobalCost=2739885.48 (feasible=YES) bestThisIter=2745943.54 feasibleAnts=11 noImprove=39 (elapsed 43.395s)
[ITER 210] bestGlobalCost=2739885.48 (feasible=YES) bestThisIter=2740968.53 feasibleAnts=11 noImprove=49 (elapsed 45.5027s)
[RESET] no improvement for50-> reset pheromones
[ITER 220] bestGlobalCost=2739885.48 (feasible=YES) bestThisIter=2743835.44 feasibleAnts=14 noImprove=9 (elapsed 47.6598s)
[ITER 230] bestGlobalCost=2739885.48 (feasible=YES) bestThisIter=2749836.08 feasibleAnts=12 noImprove=19 (elapsed 50.0116s)
[ITER 240] bestGlobalCost=2739885.48 (feasible=YES) bestThisIter=2748701.42 feasibleAnts=10 noImprove=29 (elapsed 52.105s)
[ITER 250] bestGlobalCost=2739885.48 (feasible=YES) bestThisIter=2750602.22 feasibleAnts=10 noImprove=39 (elapsed 54.0527s)
[ITER 260] bestGlobalCost=2739885.48 (feasible=YES) bestThisIter=2754684.60 feasibleAnts=10 noImprove=49 (elapsed 56.3723s)
[RESET] no improvement for50-> reset pheromones
[ITER 270] bestGlobalCost=2739885.48 (feasible=YES) bestThisIter=2752391.95 feasibleAnts=16 noImprove=9 (elapsed 58.6705s)
[ITER 280] bestGlobalCost=2739885.48 (feasible=YES) bestThisIter=2745943.54 feasibleAnts=10 noImprove=19 (elapsed 60.7002s)
[ITER 290] bestGlobalCost=2739885.48 (feasible=YES) bestThisIter=2745943.54 feasibleAnts=10 noImprove=29 (elapsed 62.7818s)
[ITER 300] bestGlobalCost=2739885.48 (feasible=YES) bestThisIter=2741927.37 feasibleAnts=10 noImprove=39 (elapsed 65.2127s)
[ITER 310] bestGlobalCost=2739885.48 (feasible=YES) bestThisIter=2748388.44 feasibleAnts=10 noImprove=49 (elapsed 67.6336s)
[RESET] no improvement for50-> reset pheromones
[ITER 320] bestGlobalCost=2739885.48 (feasible=YES) bestThisIter=2741927.37 feasibleAnts=13 noImprove=9 (elapsed 69.5627s)
[ITER 330] bestGlobalCost=2739885.48 (feasible=YES) bestThisIter=2745943.54 feasibleAnts=10 noImprove=19 (elapsed 71.7231s)
[ITER 340] bestGlobalCost=2739885.48 (feasible=YES) bestThisIter=2743832.81 feasibleAnts=10 noImprove=29 (elapsed 74.1005s)
[ITER 350] bestGlobalCost=2739885.48 (feasible=YES) bestThisIter=2743835.44 feasibleAnts=10 noImprove=39 (elapsed 76.0708s)
[ITER 360] bestGlobalCost=2739885.48 (feasible=YES) bestThisIter=2745943.54 feasibleAnts=10 noImprove=49 (elapsed 78.237s)
[RESET] no improvement for50-> reset pheromones
[ITER 370] bestGlobalCost=2739885.48 (feasible=YES) bestThisIter=2744511.15 feasibleAnts=12 noImprove=9 (elapsed 80.4843s)
[ITER 380] bestGlobalCost=2739885.48 (feasible=YES) bestThisIter=2747494.01 feasibleAnts=11 noImprove=19 (elapsed 82.8124s)
[ITER 390] bestGlobalCost=2739885.48 (feasible=YES) bestThisIter=2747494.01 feasibleAnts=10 noImprove=29 (elapsed 84.9451s)
[ITER 400] bestGlobalCost=2739885.48 (feasible=YES) bestThisIter=2745943.54 feasibleAnts=10 noImprove=39 (elapsed 87.0818s)
[ITER 410] bestGlobalCost=2739885.48 (feasible=YES) bestThisIter=2746004.75 feasibleAnts=12 noImprove=49 (elapsed 89.5723s)
[RESET] no improvement for50-> reset pheromones
[ITER 420] bestGlobalCost=2739885.48 (feasible=YES) bestThisIter=2759887.69 feasibleAnts=10 noImprove=9 (elapsed 91.6863s)
[ITER 430] bestGlobalCost=2739885.48 (feasible=YES) bestThisIter=2749199.86 feasibleAnts=10 noImprove=19 (elapsed 93.7459s)
[ITER 440] bestGlobalCost=2739885.48 (feasible=YES) bestThisIter=2743835.44 feasibleAnts=11 noImprove=29 (elapsed 96.0088s)
[ITER 450] bestGlobalCost=2739885.48 (feasible=YES) bestThisIter=2743832.81 feasibleAnts=10 noImprove=39 (elapsed 98.5681s)
[ITER 460] bestGlobalCost=2739885.48 (feasible=YES) bestThisIter=2743832.81 feasibleAnts=12 noImprove=49 (elapsed 100.628s)
[RESET] no improvement for50-> reset pheromones
[ITER 470] bestGlobalCost=2739885.48 (feasible=YES) bestThisIter=2741927.37 feasibleAnts=21 noImprove=9 (elapsed 102.599s)
[ITER 480] bestGlobalCost=2739885.48 (feasible=YES) bestThisIter=2741927.37 feasibleAnts=13 noImprove=19 (elapsed 104.989s)
[ITER 490] bestGlobalCost=2739885.48 (feasible=YES) bestThisIter=2747330.98 feasibleAnts=10 noImprove=29 (elapsed 107.079s)
[ITER 500] bestGlobalCost=2739885.48 (feasible=YES) bestThisIter=2746062.55 feasibleAnts=10 noImprove=39 (elapsed 109.12s)
[ITER 510] bestGlobalCost=2739885.48 (feasible=YES) bestThisIter=2743835.44 feasibleAnts=10 noImprove=49 (elapsed 111.292s)
[RESET] no improvement for50-> reset pheromones
[ITER 520] bestGlobalCost=2739885.48 (feasible=YES) bestThisIter=2745159.36 feasibleAnts=20 noImprove=9 (elapsed 113.621s)
[ITER 530] bestGlobalCost=2739885.48 (feasible=YES) bestThisIter=2749247.31 feasibleAnts=11 noImprove=19 (elapsed 115.856s)
[ITER 540] bestGlobalCost=2739885.48 (feasible=YES) bestThisIter=2745943.54 feasibleAnts=10 noImprove=29 (elapsed 117.69s)
[ITER 550] bestGlobalCost=2739885.48 (feasible=YES) bestThisIter=2746004.75 feasibleAnts=10 noImprove=39 (elapsed 119.929s)
[ITER 560] bestGlobalCost=2739885.48 (feasible=YES) bestThisIter=2748968.19 feasibleAnts=11 noImprove=49 (elapsed 122.419s)
[RESET] no improvement for50-> reset pheromones
[ITER 570] bestGlobalCost=2739885.48 (feasible=YES) bestThisIter=2749176.79 feasibleAnts=15 noImprove=9 (elapsed 124.299s)
[ITER 580] bestGlobalCost=2739885.48 (feasible=YES) bestThisIter=2747861.87 feasibleAnts=10 noImprove=19 (elapsed 126.111s)
[ITER 590] bestGlobalCost=2739885.48 (feasible=YES) bestThisIter=2752728.12 feasibleAnts=10 noImprove=29 (elapsed 128.339s)
[ITER 600] bestGlobalCost=2739885.48 (feasible=YES) bestThisIter=2740968.53 feasibleAnts=10 noImprove=39 (elapsed 130.722s)
[ITER 610] bestGlobalCost=2739885.48 (feasible=YES) bestThisIter=2743835.44 feasibleAnts=10 noImprove=49 (elapsed 132.707s)
[RESET] no improvement for50-> reset pheromones
[ITER 620] bestGlobalCost=2739885.48 (feasible=YES) bestThisIter=2755060.63 feasibleAnts=15 noImprove=9 (elapsed 134.631s)
[ITER 630] bestGlobalCost=2739885.48 (feasible=YES) bestThisIter=2745166.54 feasibleAnts=12 noImprove=19 (elapsed 136.52s)
[ITER 640] bestGlobalCost=2739885.48 (feasible=YES) bestThisIter=2752894.56 feasibleAnts=10 noImprove=29 (elapsed 138.672s)
[ITER 650] bestGlobalCost=2739885.48 (feasible=YES) bestThisIter=2740968.53 feasibleAnts=10 noImprove=39 (elapsed 141.105s)
[ITER 660] bestGlobalCost=2739885.48 (feasible=YES) bestThisIter=2743832.81 feasibleAnts=10 noImprove=49 (elapsed 143.336s)
[RESET] no improvement for50-> reset pheromones
[ITER 670] bestGlobalCost=2739885.48 (feasible=YES) bestThisIter=2745943.54 feasibleAnts=15 noImprove=9 (elapsed 145.2s)
[ITER 680] bestGlobalCost=2739885.48 (feasible=YES) bestThisIter=2748968.80 feasibleAnts=10 noImprove=19 (elapsed 147.254s)
[ITER 690] bestGlobalCost=2739885.48 (feasible=YES) bestThisIter=2741920.19 feasibleAnts=11 noImprove=29 (elapsed 149.604s)
[ITER 700] bestGlobalCost=2739885.48 (feasible=YES) bestThisIter=2749235.90 feasibleAnts=10 noImprove=39 (elapsed 151.665s)
[ITER 710] bestGlobalCost=2739885.48 (feasible=YES) bestThisIter=2745943.54 feasibleAnts=12 noImprove=49 (elapsed 153.732s)
[RESET] no improvement for50-> reset pheromones
[ITER 720] bestGlobalCost=2739885.48 (feasible=YES) bestThisIter=2770810.32 feasibleAnts=15 noImprove=9 (elapsed 156.04s)
[ITER 730] bestGlobalCost=2739885.48 (feasible=YES) bestThisIter=2743835.44 feasibleAnts=10 noImprove=19 (elapsed 158.409s)
[ITER 740] bestGlobalCost=2739885.48 (feasible=YES) bestThisIter=2745943.54 feasibleAnts=10 noImprove=29 (elapsed 160.429s)
[ITER 750] bestGlobalCost=2739885.48 (feasible=YES) bestThisIter=2740968.53 feasibleAnts=10 noImprove=39 (elapsed 162.603s)
[ITER 760] bestGlobalCost=2739885.48 (feasible=YES) bestThisIter=2745943.54 feasibleAnts=12 noImprove=49 (elapsed 165.141s)
[RESET] no improvement for50-> reset pheromones
[ITER 770] bestGlobalCost=2739885.48 (feasible=YES) bestThisIter=2747184.83 feasibleAnts=16 noImprove=9 (elapsed 167.383s)
[ITER 780] bestGlobalCost=2739885.48 (feasible=YES) bestThisIter=2750977.26 feasibleAnts=12 noImprove=19 (elapsed 169.375s)
[ITER 790] bestGlobalCost=2739885.48 (feasible=YES) bestThisIter=2745171.97 feasibleAnts=10 noImprove=29 (elapsed 171.382s)
[ITER 800] bestGlobalCost=2739885.48 (feasible=YES) bestThisIter=2745943.54 feasibleAnts=10 noImprove=39 (elapsed 173.841s)
[ITER 810] bestGlobalCost=2739885.48 (feasible=YES) bestThisIter=2745943.54 feasibleAnts=10 noImprove=49 (elapsed 176.311s)
[RESET] no improvement for50-> reset pheromones
[ITER 820] bestGlobalCost=2739885.48 (feasible=YES) bestThisIter=2745171.97 feasibleAnts=15 noImprove=9 (elapsed 178.723s)
[ITER 830] bestGlobalCost=2739885.48 (feasible=YES) bestThisIter=2747374.76 feasibleAnts=11 noImprove=19 (elapsed 180.631s)
[ITER 840] bestGlobalCost=2739885.48 (feasible=YES) bestThisIter=2745943.54 feasibleAnts=10 noImprove=29 (elapsed 182.639s)
[ITER 850] bestGlobalCost=2739885.48 (feasible=YES) bestThisIter=2743835.44 feasibleAnts=10 noImprove=39 (elapsed 185.107s)
[ITER 860] bestGlobalCost=2739885.48 (feasible=YES) bestThisIter=2749199.86 feasibleAnts=10 noImprove=49 (elapsed 187.607s)
[RESET] no improvement for50-> reset pheromones
[ITER 870] bestGlobalCost=2739885.48 (feasible=YES) bestThisIter=2749199.86 feasibleAnts=17 noImprove=9 (elapsed 189.914s)
[ITER 880] bestGlobalCost=2739885.48 (feasible=YES) bestThisIter=2743835.44 feasibleAnts=11 noImprove=19 (elapsed 191.935s)
[ITER 890] bestGlobalCost=2739885.48 (feasible=YES) bestThisIter=2747184.83 feasibleAnts=10 noImprove=29 (elapsed 194.075s)
[ITER 900] bestGlobalCost=2739885.48 (feasible=YES) bestThisIter=2747184.83 feasibleAnts=10 noImprove=39 (elapsed 196.46s)
[ITER 910] bestGlobalCost=2739885.48 (feasible=YES) bestThisIter=2747117.33 feasibleAnts=10 noImprove=49 (elapsed 199s)
[RESET] no improvement for50-> reset pheromones
[ITER 920] bestGlobalCost=2739885.48 (feasible=YES) bestThisIter=2742348.39 feasibleAnts=16 noImprove=9 (elapsed 201.029s)
[ITER 930] bestGlobalCost=2739885.48 (feasible=YES) bestThisIter=2752070.08 feasibleAnts=10 noImprove=19 (elapsed 202.959s)
[ITER 940] bestGlobalCost=2739885.48 (feasible=YES) bestThisIter=2743835.44 feasibleAnts=10 noImprove=29 (elapsed 205.38s)
[ITER 950] bestGlobalCost=2739885.48 (feasible=YES) bestThisIter=2747494.01 feasibleAnts=10 noImprove=39 (elapsed 207.449s)
[ITER 960] bestGlobalCost=2739885.48 (feasible=YES) bestThisIter=2745171.97 feasibleAnts=10 noImprove=49 (elapsed 209.546s)
[RESET] no improvement for50-> reset pheromones
[ITER 970] bestGlobalCost=2739885.48 (feasible=YES) bestThisIter=2749836.08 feasibleAnts=18 noImprove=9 (elapsed 211.725s)
[ITER 980] bestGlobalCost=2739885.48 (feasible=YES) bestThisIter=2745943.54 feasibleAnts=10 noImprove=19 (elapsed 214.268s)
[ITER 990] bestGlobalCost=2739885.48 (feasible=YES) bestThisIter=2748846.88 feasibleAnts=10 noImprove=29 (elapsed 216.763s)
[ITER 1000] bestGlobalCost=2739885.48 (feasible=YES) bestThisIter=2749247.31 feasibleAnts=10 noImprove=39 (elapsed 219.107s)
[ITER 1010] bestGlobalCost=2739885.48 (feasible=YES) bestThisIter=2749199.86 feasibleAnts=11 noImprove=49 (elapsed 221.136s)
[RESET] no improvement for50-> reset pheromones
[ITER 1020] bestGlobalCost=2739885.48 (feasible=YES) bestThisIter=2752878.84 feasibleAnts=13 noImprove=9 (elapsed 223.37s)
[ITER 1030] bestGlobalCost=2739885.48 (feasible=YES) bestThisIter=2749199.86 feasibleAnts=10 noImprove=19 (elapsed 225.647s)
[ITER 1040] bestGlobalCost=2739885.48 (feasible=YES) bestThisIter=2745943.54 feasibleAnts=10 noImprove=29 (elapsed 227.707s)
[ITER 1050] bestGlobalCost=2739885.48 (feasible=YES) bestThisIter=2743835.44 feasibleAnts=10 noImprove=39 (elapsed 229.786s)
[ITER 1060] bestGlobalCost=2739885.48 (feasible=YES) bestThisIter=2743835.44 feasibleAnts=11 noImprove=49 (elapsed 232.197s)
[RESET] no improvement for50-> reset pheromones
[ITER 1070] bestGlobalCost=2739885.48 (feasible=YES) bestThisIter=2748846.88 feasibleAnts=11 noImprove=9 (elapsed 234.444s)
[ITER 1080] bestGlobalCost=2739885.48 (feasible=YES) bestThisIter=2745943.54 feasibleAnts=10 noImprove=19 (elapsed 236.42s)
[ITER 1090] bestGlobalCost=2739885.48 (feasible=YES) bestThisIter=2747983.48 feasibleAnts=10 noImprove=29 (elapsed 238.297s)
[ITER 1100] bestGlobalCost=2739885.48 (feasible=YES) bestThisIter=2740968.53 feasibleAnts=10 noImprove=39 (elapsed 240.565s)
[ITER 1110] bestGlobalCost=2739885.48 (feasible=YES) bestThisIter=2746811.09 feasibleAnts=10 noImprove=49 (elapsed 242.879s)
[RESET] no improvement for50-> reset pheromones
[ITER 1120] bestGlobalCost=2739885.48 (feasible=YES) bestThisIter=2745943.54 feasibleAnts=16 noImprove=9 (elapsed 244.972s)
[ITER 1130] bestGlobalCost=2739885.48 (feasible=YES) bestThisIter=2750518.18 feasibleAnts=10 noImprove=19 (elapsed 246.952s)
[ITER 1140] bestGlobalCost=2739885.48 (feasible=YES) bestThisIter=2745166.54 feasibleAnts=10 noImprove=29 (elapsed 249.284s)
[ITER 1150] bestGlobalCost=2739885.48 (feasible=YES) bestThisIter=2745943.54 feasibleAnts=10 noImprove=39 (elapsed 251.413s)
[ITER 1160] bestGlobalCost=2739885.48 (feasible=YES) bestThisIter=2743832.81 feasibleAnts=11 noImprove=49 (elapsed 253.461s)
[RESET] no improvement for50-> reset pheromones
[ITER 1170] bestGlobalCost=2739885.48 (feasible=YES) bestThisIter=2743835.44 feasibleAnts=13 noImprove=9 (elapsed 255.496s)
[ITER 1180] bestGlobalCost=2739885.48 (feasible=YES) bestThisIter=2745943.54 feasibleAnts=12 noImprove=19 (elapsed 257.941s)
[ITER 1190] bestGlobalCost=2739885.48 (feasible=YES) bestThisIter=2745943.54 feasibleAnts=10 noImprove=29 (elapsed 259.959s)
[ITER 1200] bestGlobalCost=2739885.48 (feasible=YES) bestThisIter=2751484.92 feasibleAnts=10 noImprove=39 (elapsed 261.862s)
[ITER 1210] bestGlobalCost=2739885.48 (feasible=YES) bestThisIter=2745171.97 feasibleAnts=10 noImprove=49 (elapsed 264.181s)
[RESET] no improvement for50-> reset pheromones
[ITER 1220] bestGlobalCost=2739885.48 (feasible=YES) bestThisIter=2747184.83 feasibleAnts=17 noImprove=9 (elapsed 266.607s)
[ITER 1230] bestGlobalCost=2739885.48 (feasible=YES) bestThisIter=2747184.83 feasibleAnts=10 noImprove=19 (elapsed 268.563s)
[ITER 1240] bestGlobalCost=2739885.48 (feasible=YES) bestThisIter=2743835.44 feasibleAnts=10 noImprove=29 (elapsed 270.434s)
[ITER 1250] bestGlobalCost=2739885.48 (feasible=YES) bestThisIter=2749199.86 feasibleAnts=10 noImprove=39 (elapsed 273.023s)
[ITER 1260] bestGlobalCost=2739885.48 (feasible=YES) bestThisIter=2741927.37 feasibleAnts=11 noImprove=49 (elapsed 275.366s)
[RESET] no improvement for50-> reset pheromones
[ITER 1270] bestGlobalCost=2739885.48 (feasible=YES) bestThisIter=2745943.54 feasibleAnts=13 noImprove=9 (elapsed 277.215s)
[ITER 1280] bestGlobalCost=2739885.48 (feasible=YES) bestThisIter=2743835.44 feasibleAnts=10 noImprove=19 (elapsed 279.181s)
[ITER 1290] bestGlobalCost=2739885.48 (feasible=YES) bestThisIter=2748421.29 feasibleAnts=10 noImprove=29 (elapsed 281.517s)
[ITER 1300] bestGlobalCost=2739885.48 (feasible=YES) bestThisIter=2740968.53 feasibleAnts=10 noImprove=39 (elapsed 283.539s)
[ITER 1310] bestGlobalCost=2739885.48 (feasible=YES) bestThisIter=2743835.44 feasibleAnts=10 noImprove=49 (elapsed 285.61s)
[RESET] no improvement for50-> reset pheromones
[ITER 1320] bestGlobalCost=2739885.48 (feasible=YES) bestThisIter=2750532.42 feasibleAnts=16 noImprove=9 (elapsed 287.621s)
[ITER 1330] bestGlobalCost=2739885.48 (feasible=YES) bestThisIter=2743835.44 feasibleAnts=12 noImprove=19 (elapsed 289.974s)
[ITER 1340] bestGlobalCost=2739885.48 (feasible=YES) bestThisIter=2749199.86 feasibleAnts=10 noImprove=29 (elapsed 292.032s)
[ITER 1350] bestGlobalCost=2739885.48 (feasible=YES) bestThisIter=2743832.81 feasibleAnts=10 noImprove=39 (elapsed 294.086s)
[ITER 1360] bestGlobalCost=2739885.48 (feasible=YES) bestThisIter=2740932.68 feasibleAnts=11 noImprove=49 (elapsed 296.396s)
[RESET] no improvement for50-> reset pheromones
[ITER 1370] bestGlobalCost=2739885.48 (feasible=YES) bestThisIter=2759057.36 feasibleAnts=14 noImprove=9 (elapsed 298.701s)
[ITER 1380] bestGlobalCost=2739885.48 (feasible=YES) bestThisIter=2747494.01 feasibleAnts=14 noImprove=19 (elapsed 300.661s)
1 3 8 9 10 11 12 21 28 29 32 53 59 68 71 73 76 85 90 91 93 95 97 98 99 107 122 123 129 136 142 146 158 161 167 170 174 175 
7 25 27 34 35 37 46 47 52 54 57 58 60 61 65 72 74 84 94 115 116 131 139 141 145 154 157 163 165 169 172 173 176 178 180 184 186 191 196 199 
2 4 6 13 14 15 16 31 33 42 43 48 51 63 64 66 82 83 87 89 106 109 110 112 114 118 120 121 125 126 128 133 140 147 155 156 168 182 185 187 195 
5 20 26 30 38 39 40 49 56 62 67 69 70 75 79 80 81 86 100 101 108 111 113 117 124 127 132 134 138 149 150 152 166 179 181 188 189 190 194 197 198 
17 18 19 22 23 24 36 41 44 45 50 55 77 78 88 92 96 102 103 104 105 119 130 135 137 143 144 148 151 153 159 160 162 164 171 177 183 192 193 200 
[SAVELOGS] evolution saved to results/logs/aco_logs/evolution/kroB200_05_2.txt
[SAVELOGS] best cost saved to results/logs/aco_logs/objectives/kroB200_05_2.txt
[SAVELOGS] best solution saved to results/logs/aco_logs/solutions/kroB200_05_2.txt
