[ITER 1] New best cost=287848.55 (feasible=YES, time 0.0294159s)
[ITER 2] New best cost=281040.14 (feasible=YES, time 0.077925s)
[ITER 3] New best cost=279534.49 (feasible=YES, time 0.11195s)
[ITER 4] New best cost=277375.22 (feasible=YES, time 0.140757s)
[ITER 10] bestGlobalCost=277375.22 (feasible=YES) bestThisIter=277375.22 feasibleAnts=10 noImprove=6 (elapsed 0.363196s)
[ITER 20] bestGlobalCost=277375.22 (feasible=YES) bestThisIter=277375.22 feasibleAnts=10 noImprove=16 (elapsed 2.99706s)
[ITER 30] bestGlobalCost=277375.22 (feasible=YES) bestThisIter=277375.22 feasibleAnts=10 noImprove=26 (elapsed 5.56866s)
[RESET] no improvement for30-> reset pheromones
[ITER 40] bestGlobalCost=277375.22 (feasible=YES) bestThisIter=277375.22 feasibleAnts=10 noImprove=6 (elapsed 6.0251s)
[ITER 50] bestGlobalCost=277375.22 (feasible=YES) bestThisIter=277375.22 feasibleAnts=10 noImprove=16 (elapsed 8.98163s)
[ITER 60] bestGlobalCost=277375.22 (feasible=YES) bestThisIter=277375.22 feasibleAnts=10 noImprove=26 (elapsed 11.7928s)
[RESET] no improvement for30-> reset pheromones
[ITER 70] bestGlobalCost=277375.22 (feasible=YES) bestThisIter=277375.22 feasibleAnts=10 noImprove=6 (elapsed 12.2381s)
[ITER 80] bestGlobalCost=277375.22 (feasible=YES) bestThisIter=277375.22 feasibleAnts=10 noImprove=16 (elapsed 14.7557s)
[ITER 90] bestGlobalCost=277375.22 (feasible=YES) bestThisIter=277375.22 feasibleAnts=10 noImprove=26 (elapsed 17.7506s)
[RESET] no improvement for30-> reset pheromones
[ITER 100] bestGlobalCost=277375.22 (feasible=YES) bestThisIter=277375.22 feasibleAnts=10 noImprove=6 (elapsed 18.2645s)
[ITER 110] bestGlobalCost=277375.22 (feasible=YES) bestThisIter=277375.22 feasibleAnts=10 noImprove=16 (elapsed 20.8595s)
[ITER 120] bestGlobalCost=277375.22 (feasible=YES) bestThisIter=277375.22 feasibleAnts=10 noImprove=26 (elapsed 23.5039s)
[RESET] no improvement for30-> reset pheromones
[ITER 130] bestGlobalCost=277375.22 (feasible=YES) bestThisIter=277375.22 feasibleAnts=10 noImprove=6 (elapsed 23.9937s)
[ITER 140] bestGlobalCost=277375.22 (feasible=YES) bestThisIter=277375.22 feasibleAnts=10 noImprove=16 (elapsed 26.8899s)
[ITER 150] bestGlobalCost=277375.22 (feasible=YES) bestThisIter=277375.22 feasibleAnts=10 noImprove=26 (elapsed 29.3371s)
[RESET] no improvement for30-> reset pheromones
[ITER 160] bestGlobalCost=277375.22 (feasible=YES) bestThisIter=277375.22 feasibleAnts=10 noImprove=6 (elapsed 29.7583s)
[ITER 170] bestGlobalCost=277375.22 (feasible=YES) bestThisIter=277375.22 feasibleAnts=11 noImprove=16 (elapsed 32.6082s)
[ITER 180] bestGlobalCost=277375.22 (feasible=YES) bestThisIter=277375.22 feasibleAnts=10 noImprove=26 (elapsed 35.464s)
[RESET] no improvement for30-> reset pheromones
[ITER 190] bestGlobalCost=277375.22 (feasible=YES) bestThisIter=277375.22 feasibleAnts=10 noImprove=6 (elapsed 35.9218s)
[ITER 200] bestGlobalCost=277375.22 (feasible=YES) bestThisIter=277375.22 feasibleAnts=11 noImprove=16 (elapsed 38.4565s)
[ITER 210] bestGlobalCost=277375.22 (feasible=YES) bestThisIter=277375.22 feasibleAnts=10 noImprove=26 (elapsed 41.3982s)
[RESET] no improvement for30-> reset pheromones
[ITER 220] bestGlobalCost=277375.22 (feasible=YES) bestThisIter=277375.22 feasibleAnts=10 noImprove=6 (elapsed 41.8644s)
[ITER 230] bestGlobalCost=277375.22 (feasible=YES) bestThisIter=277375.22 feasibleAnts=10 noImprove=16 (elapsed 44.5756s)
[ITER 240] bestGlobalCost=277375.22 (feasible=YES) bestThisIter=277375.22 feasibleAnts=10 noImprove=26 (elapsed 47.2442s)
[RESET] no improvement for30-> reset pheromones
[ITER 250] bestGlobalCost=277375.22 (feasible=YES) bestThisIter=278843.81 feasibleAnts=10 noImprove=6 (elapsed 47.8238s)
[ITER 260] bestGlobalCost=277375.22 (feasible=YES) bestThisIter=277375.22 feasibleAnts=11 noImprove=16 (elapsed 51.1209s)
[ITER 270] bestGlobalCost=277375.22 (feasible=YES) bestThisIter=277375.22 feasibleAnts=10 noImprove=26 (elapsed 54.3827s)
[RESET] no improvement for30-> reset pheromones
[ITER 280] bestGlobalCost=277375.22 (feasible=YES) bestThisIter=277375.22 feasibleAnts=10 noImprove=6 (elapsed 54.9031s)
[ITER 290] bestGlobalCost=277375.22 (feasible=YES) bestThisIter=277375.22 feasibleAnts=10 noImprove=16 (elapsed 58.0432s)
[ITER 300] bestGlobalCost=277375.22 (feasible=YES) bestThisIter=277375.22 feasibleAnts=10 noImprove=26 (elapsed 61.1813s)
15 17 19 24 25 27 29 31 32 34 36 48 54 63 68 84 89 94 95 98 100 104 107 110 113 116 119 
2 3 8 18 20 28 30 33 46 50 59 62 66 71 78 80 83 85 90 108 114 115 117 121 125 126 130 
9 12 38 49 52 53 56 57 58 65 72 73 74 75 77 79 81 82 87 91 92 99 101 103 106 111 123 
1 5 7 11 16 26 39 41 43 45 61 64 69 70 76 86 88 97 105 109 112 124 127 128 129 
4 6 10 13 14 21 22 23 35 37 40 42 44 47 51 55 60 67 93 96 102 118 120 122 
[SAVELOGS] evolution saved to results/logs/ch130_05_2/evolution/ch130_05_2
[SAVELOGS] best cost saved to results/logs/ch130_05_2/objectives/ch130_05_2
[SAVELOGS] best solution saved to results/logs/ch130_05_2/solutions/ch130_05_2
