[ITER 1] New best cost=277940.48 (feasible=YES, time 0.0429176s)
[ITER 3] New best cost=277375.22 (feasible=YES, time 0.129356s)
[ITER 10] bestGlobalCost=277375.22 (feasible=YES) bestThisIter=277375.22 feasibleAnts=10 noImprove=7 (elapsed 0.433626s)
[ITER 20] bestGlobalCost=277375.22 (feasible=YES) bestThisIter=277375.22 feasibleAnts=10 noImprove=17 (elapsed 3.13764s)
[ITER 30] bestGlobalCost=277375.22 (feasible=YES) bestThisIter=277375.22 feasibleAnts=10 noImprove=27 (elapsed 6.20021s)
[RESET] no improvement for30-> reset pheromones
[ITER 40] bestGlobalCost=277375.22 (feasible=YES) bestThisIter=277375.22 feasibleAnts=10 noImprove=7 (elapsed 6.72074s)
[ITER 50] bestGlobalCost=277375.22 (feasible=YES) bestThisIter=277375.22 feasibleAnts=10 noImprove=17 (elapsed 9.61052s)
[ITER 60] bestGlobalCost=277375.22 (feasible=YES) bestThisIter=277375.22 feasibleAnts=10 noImprove=27 (elapsed 12.4112s)
[RESET] no improvement for30-> reset pheromones
[ITER 70] bestGlobalCost=277375.22 (feasible=YES) bestThisIter=277375.22 feasibleAnts=10 noImprove=7 (elapsed 12.9041s)
[ITER 80] bestGlobalCost=277375.22 (feasible=YES) bestThisIter=277375.22 feasibleAnts=10 noImprove=17 (elapsed 15.9687s)
[ITER 90] bestGlobalCost=277375.22 (feasible=YES) bestThisIter=277375.22 feasibleAnts=10 noImprove=27 (elapsed 19.1307s)
[RESET] no improvement for30-> reset pheromones
[ITER 100] bestGlobalCost=277375.22 (feasible=YES) bestThisIter=277375.22 feasibleAnts=10 noImprove=7 (elapsed 19.6163s)
[ITER 110] bestGlobalCost=277375.22 (feasible=YES) bestThisIter=277375.22 feasibleAnts=10 noImprove=17 (elapsed 22.8013s)
[ITER 120] bestGlobalCost=277375.22 (feasible=YES) bestThisIter=277375.22 feasibleAnts=10 noImprove=27 (elapsed 26.0648s)
[RESET] no improvement for30-> reset pheromones
[ITER 130] bestGlobalCost=277375.22 (feasible=YES) bestThisIter=277375.22 feasibleAnts=10 noImprove=7 (elapsed 26.6257s)
[ITER 140] bestGlobalCost=277375.22 (feasible=YES) bestThisIter=277375.22 feasibleAnts=10 noImprove=17 (elapsed 29.5207s)
[ITER 150] bestGlobalCost=277375.22 (feasible=YES) bestThisIter=277375.22 feasibleAnts=10 noImprove=27 (elapsed 32.2757s)
[RESET] no improvement for30-> reset pheromones
[ITER 160] bestGlobalCost=277375.22 (feasible=YES) bestThisIter=277375.22 feasibleAnts=10 noImprove=7 (elapsed 32.7796s)
[ITER 170] bestGlobalCost=277375.22 (feasible=YES) bestThisIter=277375.22 feasibleAnts=10 noImprove=17 (elapsed 35.8042s)
[ITER 180] bestGlobalCost=277375.22 (feasible=YES) bestThisIter=277375.22 feasibleAnts=10 noImprove=27 (elapsed 38.4795s)
[RESET] no improvement for30-> reset pheromones
[ITER 190] bestGlobalCost=277375.22 (feasible=YES) bestThisIter=277375.22 feasibleAnts=10 noImprove=7 (elapsed 38.9299s)
[ITER 200] bestGlobalCost=277375.22 (feasible=YES) bestThisIter=277375.22 feasibleAnts=10 noImprove=17 (elapsed 41.9239s)
[ITER 210] bestGlobalCost=277375.22 (feasible=YES) bestThisIter=277375.22 feasibleAnts=10 noImprove=27 (elapsed 44.9029s)
[RESET] no improvement for30-> reset pheromones
[ITER 220] bestGlobalCost=277375.22 (feasible=YES) bestThisIter=277375.22 feasibleAnts=10 noImprove=7 (elapsed 45.4144s)
[ITER 230] bestGlobalCost=277375.22 (feasible=YES) bestThisIter=277375.22 feasibleAnts=10 noImprove=17 (elapsed 48.223s)
[ITER 240] bestGlobalCost=277375.22 (feasible=YES) bestThisIter=277375.22 feasibleAnts=10 noImprove=27 (elapsed 51.4185s)
[RESET] no improvement for30-> reset pheromones
[ITER 250] bestGlobalCost=277375.22 (feasible=YES) bestThisIter=278843.81 feasibleAnts=10 noImprove=7 (elapsed 51.9228s)
[ITER 260] bestGlobalCost=277375.22 (feasible=YES) bestThisIter=277375.22 feasibleAnts=10 noImprove=17 (elapsed 55.0072s)
[ITER 270] bestGlobalCost=277375.22 (feasible=YES) bestThisIter=277375.22 feasibleAnts=10 noImprove=27 (elapsed 57.9047s)
[RESET] no improvement for30-> reset pheromones
[ITER 280] bestGlobalCost=277375.22 (feasible=YES) bestThisIter=277375.22 feasibleAnts=10 noImprove=7 (elapsed 58.3352s)
1 5 7 11 16 26 39 41 43 45 61 64 69 70 76 86 88 97 105 109 112 124 127 128 129 
15 17 19 24 25 27 29 31 32 34 36 48 54 63 68 84 89 94 95 98 100 104 107 110 113 116 119 
9 12 38 49 52 53 56 57 58 65 72 73 74 75 77 79 81 82 87 91 92 99 101 103 106 111 123 
4 6 10 13 14 21 22 23 35 37 40 42 44 47 51 55 60 67 93 96 102 118 120 122 
2 3 8 18 20 28 30 33 46 50 59 62 66 71 78 80 83 85 90 108 114 115 117 121 125 126 130 
[SAVELOGS] evolution saved to results/logs/ch130_05_2/evolution/ch130_05_2
[SAVELOGS] best cost saved to results/logs/ch130_05_2/objectives/ch130_05_2
[SAVELOGS] best solution saved to results/logs/ch130_05_2/solutions/ch130_05_2
