[ITER 1] New best cost=4809503.16 (feasible=YES, time 0.0996213s)
[ITER 2] New best cost=4780013.38 (feasible=YES, time 0.190753s)
[ITER 5] New best cost=4766847.46 (feasible=YES, time 0.333316s)
[ITER 6] New best cost=4766847.46 (feasible=YES, time 0.379158s)
[ITER 7] New best cost=4734131.76 (feasible=YES, time 0.434955s)
[ITER 9] New best cost=4733421.02 (feasible=YES, time 0.563962s)
[ITER 10] New best cost=4732446.06 (feasible=YES, time 0.628911s)
[ITER 10] bestGlobalCost=4732446.06 (feasible=YES) bestThisIter=4732446.06 feasibleAnts=10 noImprove=0 (elapsed 0.633489s)
[ITER 12] New best cost=4731405.51 (feasible=YES, time 0.777599s)
[ITER 15] New best cost=4722249.98 (feasible=YES, time 5.05087s)
[ITER 17] New best cost=4713934.58 (feasible=YES, time 5.1383s)
[ITER 18] New best cost=4703852.40 (feasible=YES, time 5.1845s)
[ITER 20] bestGlobalCost=4703852.40 (feasible=YES) bestThisIter=4703852.40 feasibleAnts=10 noImprove=2 (elapsed 5.30188s)
[ITER 30] bestGlobalCost=4703852.40 (feasible=YES) bestThisIter=4703852.40 feasibleAnts=10 noImprove=12 (elapsed 9.88722s)
[ITER 40] bestGlobalCost=4703852.40 (feasible=YES) bestThisIter=4780527.22 feasibleAnts=10 noImprove=22 (elapsed 10.407s)
[RESET] no improvement for30-> reset pheromones
[ITER 50] bestGlobalCost=4703852.40 (feasible=YES) bestThisIter=4790162.12 feasibleAnts=10 noImprove=2 (elapsed 15.0487s)
[ITER 60] bestGlobalCost=4703852.40 (feasible=YES) bestThisIter=4821993.00 feasibleAnts=10 noImprove=12 (elapsed 19.9393s)
[ITER 70] bestGlobalCost=4703852.40 (feasible=YES) bestThisIter=4723844.65 feasibleAnts=10 noImprove=22 (elapsed 20.4601s)
[RESET] no improvement for30-> reset pheromones
[ITER 80] bestGlobalCost=4703852.40 (feasible=YES) bestThisIter=4796294.87 feasibleAnts=10 noImprove=2 (elapsed 25.158s)
[ITER 90] bestGlobalCost=4703852.40 (feasible=YES) bestThisIter=4840527.27 feasibleAnts=10 noImprove=12 (elapsed 30.0331s)
[ITER 100] bestGlobalCost=4703852.40 (feasible=YES) bestThisIter=4703852.40 feasibleAnts=10 noImprove=22 (elapsed 30.4702s)
[RESET] no improvement for30-> reset pheromones
[ITER 110] bestGlobalCost=4703852.40 (feasible=YES) bestThisIter=4756136.01 feasibleAnts=10 noImprove=2 (elapsed 35.1829s)
[ITER 120] bestGlobalCost=4703852.40 (feasible=YES) bestThisIter=4814091.42 feasibleAnts=10 noImprove=12 (elapsed 40.0431s)
[ITER 130] bestGlobalCost=4703852.40 (feasible=YES) bestThisIter=4703852.40 feasibleAnts=10 noImprove=22 (elapsed 40.5824s)
[RESET] no improvement for30-> reset pheromones
[ITER 140] bestGlobalCost=4703852.40 (feasible=YES) bestThisIter=4713934.58 feasibleAnts=10 noImprove=2 (elapsed 45.3666s)
[ITER 150] bestGlobalCost=4703852.40 (feasible=YES) bestThisIter=4758085.90 feasibleAnts=10 noImprove=12 (elapsed 50.267s)
[ITER 160] bestGlobalCost=4703852.40 (feasible=YES) bestThisIter=4703852.40 feasibleAnts=10 noImprove=22 (elapsed 50.7285s)
[RESET] no improvement for30-> reset pheromones
[ITER 170] bestGlobalCost=4703852.40 (feasible=YES) bestThisIter=4801354.81 feasibleAnts=10 noImprove=2 (elapsed 55.4302s)
[ITER 180] bestGlobalCost=4703852.40 (feasible=YES) bestThisIter=4739553.16 feasibleAnts=10 noImprove=12 (elapsed 60.3588s)
3 4 9 10 11 12 13 14 21 22 23 24 33 34 35 36 44 45 46 47 48 55 56 57 58 59 68 
74 75 76 83 84 86 87 96 97 98 99 100 105 106 107 108 109 110 117 118 119 120 121 129 130 131 132 136 
1 5 6 7 8 17 18 19 27 28 29 30 31 38 39 40 42 51 52 53 62 63 64 65 72 73 85 
2 15 16 20 25 26 32 37 41 43 49 50 54 60 61 66 67 69 70 71 78 82 88 94 95 135 
77 79 80 81 89 90 91 92 93 101 102 103 104 111 112 113 114 115 116 122 123 124 125 126 127 128 133 134 
[SAVELOGS] evolution saved to results/logs/pr136_05_5/evolution/pr136_05_5
[SAVELOGS] best cost saved to results/logs/pr136_05_5/objectives/pr136_05_5
[SAVELOGS] best solution saved to results/logs/pr136_05_5/solutions/pr136_05_5
