[ITER 1] New best cost=3846072.74 (feasible=YES, time 5.64631s)
[ITER 2] New best cost=3774803.51 (feasible=YES, time 9.25994s)
[ITER 4] New best cost=3748186.33 (feasible=YES, time 18.1912s)
[ITER 5] New best cost=3745678.59 (feasible=YES, time 22.328s)
[ITER 7] New best cost=3742516.28 (feasible=YES, time 29.6397s)
[ITER 10] bestGlobalCost=3742516.28 (feasible=YES) bestThisIter=3753362.23 feasibleAnts=10 noImprove=3 (elapsed 45.6211s)
[ITER 13] New best cost=3735513.27 (feasible=YES, time 58.509s)
[ITER 20] bestGlobalCost=3735513.27 (feasible=YES) bestThisIter=3738852.35 feasibleAnts=10 noImprove=7 (elapsed 86.9942s)
[ITER 22] New best cost=3732172.73 (feasible=YES, time 94.7882s)
[ITER 30] [TS] New best cost=3731432.00 (feasible=YES, time 122.195s)
[ITER 30] bestGlobalCost=3731432.00 (feasible=YES) bestThisIter=3736245.11 feasibleAnts=10 noImprove=1 (elapsed 126.717s)
[ITER 32] New best cost=3730230.86 (feasible=YES, time 133.006s)
[ITER 38] New best cost=3726266.08 (feasible=YES, time 154.544s)
[ITER 40] bestGlobalCost=3726266.08 (feasible=YES) bestThisIter=3748575.75 feasibleAnts=10 noImprove=2 (elapsed 166.364s)
[ITER 42] New best cost=3720540.50 (feasible=YES, time 172.67s)
[ITER 46] New best cost=3715731.04 (feasible=YES, time 187.674s)
[ITER 49] New best cost=3709744.46 (feasible=YES, time 197.201s)
[ITER 50] bestGlobalCost=3709744.46 (feasible=YES) bestThisIter=3727026.45 feasibleAnts=10 noImprove=1 (elapsed 205.475s)
[ITER 60] [TS] New best cost=3708075.83 (feasible=YES, time 249.244s)
[ITER 60] bestGlobalCost=3708075.83 (feasible=YES) bestThisIter=3708075.83 feasibleAnts=10 noImprove=1 (elapsed 254.104s)
[ITER 63] New best cost=3707561.51 (feasible=YES, time 266.546s)
[ITER 65] New best cost=3706409.90 (feasible=YES, time 276.164s)
[ITER 67] New best cost=3705663.33 (feasible=YES, time 284.026s)
[ITER 70] bestGlobalCost=3705663.33 (feasible=YES) bestThisIter=3719291.99 feasibleAnts=10 noImprove=3 (elapsed 303.596s)
[ITER 71] New best cost=3704396.42 (feasible=YES, time 307.542s)
[ITER 72] New best cost=3702807.17 (feasible=YES, time 310.453s)
[ITER 73] New best cost=3699314.70 (feasible=YES, time 316.423s)
[ITER 80] bestGlobalCost=3699314.70 (feasible=YES) bestThisIter=3711596.63 feasibleAnts=10 noImprove=7 (elapsed 356.174s)
[ITER 82] New best cost=3698041.08 (feasible=YES, time 366.946s)
[ITER 88] New best cost=3697430.81 (feasible=YES, time 395.662s)
[ITER 90] [TS] New best cost=3696332.40 (feasible=YES, time 406.019s)
[ITER 90] bestGlobalCost=3696332.40 (feasible=YES) bestThisIter=3703492.81 feasibleAnts=10 noImprove=1 (elapsed 410.664s)
[ITER 100] bestGlobalCost=3696332.40 (feasible=YES) bestThisIter=3715438.72 feasibleAnts=10 noImprove=11 (elapsed 455.861s)
[ITER 108] New best cost=3695419.75 (feasible=YES, time 487.734s)
[ITER 110] bestGlobalCost=3695419.75 (feasible=YES) bestThisIter=3701012.07 feasibleAnts=10 noImprove=2 (elapsed 500.917s)
[ITER 120] bestGlobalCost=3695419.75 (feasible=YES) bestThisIter=3701186.48 feasibleAnts=10 noImprove=12 (elapsed 554.447s)
[ITER 130] bestGlobalCost=3695419.75 (feasible=YES) bestThisIter=3703869.16 feasibleAnts=10 noImprove=22 (elapsed 612.03s)
[RESET] no improvement for30-> reset pheromones
[ITER 140] bestGlobalCost=3695419.75 (feasible=YES) bestThisIter=3725749.90 feasibleAnts=10 noImprove=2 (elapsed 659.602s)
[ITER 150] bestGlobalCost=3695419.75 (feasible=YES) bestThisIter=3702819.20 feasibleAnts=10 noImprove=12 (elapsed 714.147s)
[ITER 160] bestGlobalCost=3695419.75 (feasible=YES) bestThisIter=3709440.55 feasibleAnts=10 noImprove=22 (elapsed 766.045s)
[RESET] no improvement for30-> reset pheromones
[ITER 170] bestGlobalCost=3695419.75 (feasible=YES) bestThisIter=3727377.86 feasibleAnts=10 noImprove=2 (elapsed 815.811s)
[ITER 180] bestGlobalCost=3695419.75 (feasible=YES) bestThisIter=3705264.78 feasibleAnts=10 noImprove=12 (elapsed 865.373s)
[ITER 190] bestGlobalCost=3695419.75 (feasible=YES) bestThisIter=3706276.51 feasibleAnts=10 noImprove=22 (elapsed 917.735s)
[ITER 198] New best cost=3695394.55 (feasible=YES, time 951.057s)
[ITER 200] bestGlobalCost=3695394.55 (feasible=YES) bestThisIter=3699466.14 feasibleAnts=10 noImprove=2 (elapsed 965.125s)
[ITER 210] bestGlobalCost=3695394.55 (feasible=YES) bestThisIter=3706245.12 feasibleAnts=10 noImprove=12 (elapsed 1001.93s)
[ITER 220] bestGlobalCost=3695394.55 (feasible=YES) bestThisIter=3705409.47 feasibleAnts=10 noImprove=22 (elapsed 1040.9s)
[RESET] no improvement for30-> reset pheromones
[ITER 230] bestGlobalCost=3695394.55 (feasible=YES) bestThisIter=3713045.45 feasibleAnts=10 noImprove=2 (elapsed 1083.64s)
[ITER 240] bestGlobalCost=3695394.55 (feasible=YES) bestThisIter=3723703.27 feasibleAnts=10 noImprove=12 (elapsed 1122.94s)
[ITER 250] bestGlobalCost=3695394.55 (feasible=YES) bestThisIter=3710075.25 feasibleAnts=10 noImprove=22 (elapsed 1157.71s)
[RESET] no improvement for30-> reset pheromones
[ITER 260] bestGlobalCost=3695394.55 (feasible=YES) bestThisIter=3714825.60 feasibleAnts=10 noImprove=2 (elapsed 1194.21s)
[ITER 270] bestGlobalCost=3695394.55 (feasible=YES) bestThisIter=3707716.19 feasibleAnts=10 noImprove=12 (elapsed 1234.94s)
[ITER 280] bestGlobalCost=3695394.55 (feasible=YES) bestThisIter=3695394.55 feasibleAnts=10 noImprove=22 (elapsed 1273.48s)
[RESET] no improvement for30-> reset pheromones
[ITER 290] bestGlobalCost=3695394.55 (feasible=YES) bestThisIter=3726474.32 feasibleAnts=10 noImprove=2 (elapsed 1311.92s)
[ITER 297] New best cost=3694635.81 (feasible=YES, time 1333.96s)
[ITER 300] bestGlobalCost=3694635.81 (feasible=YES) bestThisIter=3709086.35 feasibleAnts=10 noImprove=3 (elapsed 1351.44s)
[ITER 310] bestGlobalCost=3694635.81 (feasible=YES) bestThisIter=3703752.19 feasibleAnts=10 noImprove=13 (elapsed 1392.26s)
[ITER 319] New best cost=3691405.13 (feasible=YES, time 1418.15s)
[ITER 320] bestGlobalCost=3691405.13 (feasible=YES) bestThisIter=3694635.81 feasibleAnts=10 noImprove=1 (elapsed 1426.31s)
[ITER 330] bestGlobalCost=3691405.13 (feasible=YES) bestThisIter=3702347.33 feasibleAnts=10 noImprove=11 (elapsed 1468.8s)
239 250 251 252 253 254 260 262 263 264 265 270 274 275 283 284 285 286 287 288 293 294 295 296 300 302 303 307 308 311 312 313 315 316 319 320 324 328 331 332 336 339 340 344 347 351 354 356 361 367 
25 272 276 277 298 317 323 325 326 334 337 341 342 345 352 357 358 364 368 369 370 371 374 382 385 389 390 391 397 398 399 409 411 422 424 425 429 431 432 443 457 458 461 462 463 464 466 467 
335 348 355 362 363 366 372 373 376 379 380 384 387 388 394 395 401 402 403 410 420 421 426 427 428 430 439 441 442 451 454 455 456 474 475 476 477 478 479 480 482 484 485 486 487 488 489 490 491 492 493 
359 375 378 383 386 393 396 400 404 405 406 407 408 412 413 414 415 416 417 418 419 433 434 435 436 437 438 440 444 445 446 447 448 449 450 452 453 459 460 465 468 469 470 471 472 473 481 483 
88 89 90 91 92 93 94 95 97 98 99 100 101 102 103 104 105 107 108 109 110 111 112 113 114 115 117 118 119 120 121 122 123 124 125 126 127 129 130 131 132 133 134 135 136 140 142 144 148 
137 138 139 145 146 147 150 152 154 155 156 159 160 161 162 163 166 167 170 171 173 174 175 176 179 180 181 182 185 186 189 190 194 197 198 201 209 210 215 218 222 224 230 231 236 240 255 268 
141 143 151 153 157 158 164 165 168 169 172 177 178 183 184 187 188 191 192 193 195 196 199 200 202 203 204 205 206 207 208 211 212 213 214 217 219 220 221 223 226 227 229 232 233 237 248 249 
9 11 12 13 14 15 16 17 18 19 20 53 54 55 56 57 58 59 60 61 62 63 64 65 66 67 68 69 70 71 72 73 74 75 76 77 78 79 80 81 82 83 84 85 86 87 96 106 116 128 149 
228 234 238 241 242 243 244 245 246 247 256 257 258 259 261 267 271 273 278 279 280 281 282 289 290 291 292 297 299 304 306 309 310 314 318 321 322 327 329 330 333 338 343 346 349 350 353 360 365 377 381 
1 2 3 4 5 6 7 8 10 21 22 23 24 26 27 28 29 30 31 32 33 34 35 36 37 38 39 40 41 42 43 44 45 46 47 48 49 50 51 52 216 225 235 266 269 301 305 392 423 
[SAVELOGS] evolution saved to results/logs/aco_logs/evolution/d493_10_4.txt
[SAVELOGS] best cost saved to results/logs/aco_logs/objectives/d493_10_4.txt
[SAVELOGS] best solution saved to results/logs/aco_logs/solutions/d493_10_4.txt
