[ITER 1] New best cost=3776398.68 (feasible=YES, time 4.58573s)
[ITER 2] New best cost=3759210.79 (feasible=YES, time 7.9519s)
[ITER 3] New best cost=3756314.06 (feasible=YES, time 11.2846s)
[ITER 4] New best cost=3745513.95 (feasible=YES, time 15.6668s)
[ITER 5] New best cost=3743107.47 (feasible=YES, time 19.7246s)
[ITER 8] New best cost=3728585.25 (feasible=YES, time 32.325s)
[ITER 10] bestGlobalCost=3728585.25 (feasible=YES) bestThisIter=3736456.61 feasibleAnts=10 noImprove=2 (elapsed 47.0264s)
[ITER 17] New best cost=3725060.36 (feasible=YES, time 72.0045s)
[ITER 18] New best cost=3724904.23 (feasible=YES, time 75.2678s)
[ITER 20] bestGlobalCost=3724904.23 (feasible=YES) bestThisIter=3733075.30 feasibleAnts=10 noImprove=2 (elapsed 90.5362s)
[ITER 29] New best cost=3724145.88 (feasible=YES, time 120.477s)
[ITER 30] [TS] New best cost=3714966.25 (feasible=YES, time 124.018s)
[ITER 30] bestGlobalCost=3714966.25 (feasible=YES) bestThisIter=3714966.25 feasibleAnts=10 noImprove=1 (elapsed 128.95s)
[ITER 40] bestGlobalCost=3714966.25 (feasible=YES) bestThisIter=3718813.40 feasibleAnts=10 noImprove=11 (elapsed 174.983s)
[ITER 47] New best cost=3713587.66 (feasible=YES, time 198.775s)
[ITER 50] bestGlobalCost=3713587.66 (feasible=YES) bestThisIter=3726547.94 feasibleAnts=10 noImprove=3 (elapsed 216.468s)
[ITER 51] New best cost=3713450.88 (feasible=YES, time 220.017s)
[ITER 56] New best cost=3712204.72 (feasible=YES, time 235.286s)
[ITER 60] [TS] New best cost=3710698.88 (feasible=YES, time 247.673s)
[ITER 60] bestGlobalCost=3710698.88 (feasible=YES) bestThisIter=3710698.88 feasibleAnts=10 noImprove=1 (elapsed 252.381s)
[ITER 68] New best cost=3709254.21 (feasible=YES, time 276.132s)
[ITER 70] bestGlobalCost=3709254.21 (feasible=YES) bestThisIter=3724440.07 feasibleAnts=10 noImprove=2 (elapsed 289.414s)
[ITER 73] New best cost=3705335.19 (feasible=YES, time 300.014s)
[ITER 80] bestGlobalCost=3705335.19 (feasible=YES) bestThisIter=3715844.60 feasibleAnts=10 noImprove=7 (elapsed 329.99s)
[ITER 85] New best cost=3698689.85 (feasible=YES, time 345.636s)
[ITER 89] New best cost=3698628.84 (feasible=YES, time 360.188s)
[ITER 90] bestGlobalCost=3698628.84 (feasible=YES) bestThisIter=3706316.32 feasibleAnts=10 noImprove=1 (elapsed 369.449s)
[ITER 100] bestGlobalCost=3698628.84 (feasible=YES) bestThisIter=3698628.84 feasibleAnts=10 noImprove=11 (elapsed 411.296s)
[ITER 101] New best cost=3697719.15 (feasible=YES, time 414.375s)
[ITER 103] New best cost=3697550.99 (feasible=YES, time 421.975s)
[ITER 104] New best cost=3696036.71 (feasible=YES, time 425.681s)
[ITER 110] bestGlobalCost=3696036.71 (feasible=YES) bestThisIter=3708504.22 feasibleAnts=10 noImprove=6 (elapsed 452.406s)
[ITER 120] bestGlobalCost=3696036.71 (feasible=YES) bestThisIter=3702814.19 feasibleAnts=10 noImprove=16 (elapsed 488.713s)
[ITER 130] bestGlobalCost=3696036.71 (feasible=YES) bestThisIter=3710930.70 feasibleAnts=10 noImprove=26 (elapsed 529.088s)
[ITER 132] New best cost=3695186.52 (feasible=YES, time 533.59s)
[ITER 140] bestGlobalCost=3695186.52 (feasible=YES) bestThisIter=3697163.13 feasibleAnts=10 noImprove=8 (elapsed 572.177s)
[ITER 150] bestGlobalCost=3695186.52 (feasible=YES) bestThisIter=3703688.97 feasibleAnts=10 noImprove=18 (elapsed 608.52s)
[ITER 160] bestGlobalCost=3695186.52 (feasible=YES) bestThisIter=3701157.46 feasibleAnts=10 noImprove=28 (elapsed 645.222s)
[RESET] no improvement for30-> reset pheromones
[ITER 170] bestGlobalCost=3695186.52 (feasible=YES) bestThisIter=3706965.44 feasibleAnts=10 noImprove=8 (elapsed 686.97s)
[ITER 174] New best cost=3694555.17 (feasible=YES, time 698.565s)
[ITER 175] New best cost=3694468.75 (feasible=YES, time 702.331s)
[ITER 180] bestGlobalCost=3694468.75 (feasible=YES) bestThisIter=3711987.52 feasibleAnts=10 noImprove=5 (elapsed 725.279s)
[ITER 190] bestGlobalCost=3694468.75 (feasible=YES) bestThisIter=3701798.22 feasibleAnts=10 noImprove=15 (elapsed 763.205s)
[ITER 200] bestGlobalCost=3694468.75 (feasible=YES) bestThisIter=3704931.83 feasibleAnts=10 noImprove=25 (elapsed 803.219s)
[RESET] no improvement for30-> reset pheromones
[ITER 210] bestGlobalCost=3694468.75 (feasible=YES) bestThisIter=3709740.44 feasibleAnts=10 noImprove=5 (elapsed 848.958s)
[ITER 220] bestGlobalCost=3694468.75 (feasible=YES) bestThisIter=3714533.00 feasibleAnts=10 noImprove=15 (elapsed 889.245s)
[ITER 230] [TS] New best cost=3694387.22 (feasible=YES, time 923.892s)
[ITER 230] bestGlobalCost=3694387.22 (feasible=YES) bestThisIter=3709296.51 feasibleAnts=10 noImprove=1 (elapsed 926.216s)
[ITER 240] bestGlobalCost=3694387.22 (feasible=YES) bestThisIter=3710935.55 feasibleAnts=10 noImprove=11 (elapsed 968.978s)
[ITER 250] bestGlobalCost=3694387.22 (feasible=YES) bestThisIter=3707040.16 feasibleAnts=10 noImprove=21 (elapsed 1009.12s)
[RESET] no improvement for30-> reset pheromones
[ITER 260] bestGlobalCost=3694387.22 (feasible=YES) bestThisIter=3824896.26 feasibleAnts=10 noImprove=1 (elapsed 1054.41s)
[ITER 270] bestGlobalCost=3694387.22 (feasible=YES) bestThisIter=3704046.48 feasibleAnts=10 noImprove=11 (elapsed 1098.56s)
[ITER 280] bestGlobalCost=3694387.22 (feasible=YES) bestThisIter=3704242.41 feasibleAnts=10 noImprove=21 (elapsed 1139.97s)
[ITER 283] New best cost=3693723.96 (feasible=YES, time 1148.94s)
[ITER 290] bestGlobalCost=3693723.96 (feasible=YES) bestThisIter=3695012.80 feasibleAnts=10 noImprove=7 (elapsed 1177.59s)
[ITER 300] bestGlobalCost=3693723.96 (feasible=YES) bestThisIter=3706480.07 feasibleAnts=10 noImprove=17 (elapsed 1219.69s)
[ITER 301] New best cost=3693359.21 (feasible=YES, time 1223.86s)
[ITER 310] bestGlobalCost=3693359.21 (feasible=YES) bestThisIter=3693359.21 feasibleAnts=10 noImprove=9 (elapsed 1258.12s)
[ITER 311] New best cost=3692245.62 (feasible=YES, time 1261.31s)
[ITER 320] bestGlobalCost=3692245.62 (feasible=YES) bestThisIter=3700932.19 feasibleAnts=10 noImprove=9 (elapsed 1298.34s)
[ITER 330] bestGlobalCost=3692245.62 (feasible=YES) bestThisIter=3700244.94 feasibleAnts=10 noImprove=19 (elapsed 1335.42s)
[ITER 340] bestGlobalCost=3692245.62 (feasible=YES) bestThisIter=3702787.31 feasibleAnts=10 noImprove=29 (elapsed 1377.83s)
[RESET] no improvement for30-> reset pheromones
[ITER 350] bestGlobalCost=3692245.62 (feasible=YES) bestThisIter=3697604.49 feasibleAnts=10 noImprove=9 (elapsed 1417.68s)
[ITER 360] bestGlobalCost=3692245.62 (feasible=YES) bestThisIter=3692245.62 feasibleAnts=10 noImprove=19 (elapsed 1457.77s)
[ITER 370] bestGlobalCost=3692245.62 (feasible=YES) bestThisIter=3719282.25 feasibleAnts=10 noImprove=29 (elapsed 1498.91s)
[RESET] no improvement for30-> reset pheromones
335 339 348 355 362 363 366 372 373 376 379 380 384 388 394 395 401 402 403 410 420 421 426 427 428 430 439 442 451 454 455 456 474 475 476 477 478 479 480 482 484 485 486 487 488 489 490 491 492 493 
129 145 146 147 148 149 150 152 154 155 156 159 160 161 162 163 166 167 170 171 173 174 175 176 179 180 181 182 185 186 189 190 194 197 198 201 209 210 215 218 222 223 224 230 231 236 240 255 
234 238 241 242 243 244 246 247 256 257 258 259 267 271 273 278 279 280 281 282 289 290 291 292 293 297 299 304 306 309 310 314 318 321 322 327 329 330 333 338 343 346 349 350 353 359 360 364 365 378 381 
88 90 91 92 93 94 95 97 98 99 100 101 102 103 104 105 107 108 109 110 111 112 113 114 115 117 118 119 120 121 122 123 124 125 126 127 130 131 132 133 134 135 136 137 138 139 140 142 144 
375 383 386 387 393 400 404 405 406 407 408 412 413 414 415 416 417 418 419 425 433 434 435 436 437 438 440 441 444 445 446 447 448 449 450 452 453 459 460 463 468 469 470 471 472 473 481 483 
1 2 3 4 5 6 7 8 10 21 22 23 24 26 27 28 29 30 31 32 33 34 35 36 37 38 39 40 41 42 43 44 45 46 47 48 49 50 51 52 216 225 235 266 269 301 305 392 423 
25 268 272 276 277 298 317 323 325 326 334 337 341 342 345 352 357 358 368 369 370 371 374 377 382 385 389 390 391 396 397 398 399 409 411 422 424 429 431 432 443 457 458 461 462 464 465 466 467 
141 143 151 153 157 158 164 165 168 169 172 177 178 183 184 187 188 191 192 193 195 196 199 200 202 203 204 205 206 207 208 211 212 213 214 217 219 220 221 226 227 228 229 232 233 237 245 249 
9 11 12 13 14 15 16 17 18 19 20 53 54 55 56 57 58 59 60 61 62 63 64 65 66 67 68 69 70 71 72 73 74 75 76 77 78 79 80 81 82 83 84 85 86 87 89 96 106 116 128 
239 248 250 251 252 253 254 260 261 262 263 264 265 270 274 275 283 284 285 286 287 288 294 295 296 300 302 303 307 308 311 312 313 315 316 319 320 324 328 331 332 336 340 344 347 351 354 356 361 367 
[SAVELOGS] evolution saved to results/logs/aco_logs/evolution/d493_10_4.txt
[SAVELOGS] best cost saved to results/logs/aco_logs/objectives/d493_10_4.txt
[SAVELOGS] best solution saved to results/logs/aco_logs/solutions/d493_10_4.txt
