[ITER 1] New best cost=1897214.82 (feasible=YES, time 0.14436s)
[ITER 2] New best cost=1871687.09 (feasible=YES, time 0.343271s)
[ITER 3] New best cost=1841661.27 (feasible=YES, time 0.458902s)
[ITER 4] New best cost=1831994.52 (feasible=YES, time 0.609392s)
[ITER 5] New best cost=1828008.04 (feasible=YES, time 0.752396s)
[ITER 6] New best cost=1819698.92 (feasible=YES, time 0.861313s)
[ITER 7] New best cost=1816906.97 (feasible=YES, time 0.946239s)
[ITER 9] New best cost=1805194.74 (feasible=YES, time 1.11177s)
[ITER 10] New best cost=1799204.24 (feasible=YES, time 1.18936s)
[ITER 10] bestGlobalCost=1799204.24 (feasible=YES) bestThisIter=1799204.24 feasibleAnts=10 noImprove=0 (elapsed 1.19349s)
[ITER 12] New best cost=1797298.17 (feasible=YES, time 1.38624s)
[ITER 15] New best cost=1796804.47 (feasible=YES, time 2.82895s)
[ITER 20] bestGlobalCost=1796804.47 (feasible=YES) bestThisIter=1796804.47 feasibleAnts=11 noImprove=5 (elapsed 7.28371s)
[ITER 21] New best cost=1788579.83 (feasible=YES, time 7.35606s)
[ITER 30] bestGlobalCost=1788579.83 (feasible=YES) bestThisIter=1788579.83 feasibleAnts=10 noImprove=9 (elapsed 13.5574s)
[ITER 40] bestGlobalCost=1788579.83 (feasible=YES) bestThisIter=1792332.02 feasibleAnts=10 noImprove=19 (elapsed 14.6257s)
[ITER 50] bestGlobalCost=1788579.83 (feasible=YES) bestThisIter=1788579.83 feasibleAnts=10 noImprove=29 (elapsed 20.9558s)
[RESET] no improvement for30-> reset pheromones
[ITER 60] bestGlobalCost=1788579.83 (feasible=YES) bestThisIter=1800630.99 feasibleAnts=10 noImprove=9 (elapsed 27.7056s)
[ITER 70] bestGlobalCost=1788579.83 (feasible=YES) bestThisIter=1788579.83 feasibleAnts=10 noImprove=19 (elapsed 28.8897s)
[ITER 80] bestGlobalCost=1788579.83 (feasible=YES) bestThisIter=1796952.69 feasibleAnts=10 noImprove=29 (elapsed 35.1745s)
[RESET] no improvement for30-> reset pheromones
[ITER 90] bestGlobalCost=1788579.83 (feasible=YES) bestThisIter=1821653.54 feasibleAnts=10 noImprove=9 (elapsed 41.6972s)
[ITER 100] bestGlobalCost=1788579.83 (feasible=YES) bestThisIter=1788579.83 feasibleAnts=10 noImprove=19 (elapsed 42.7546s)
[ITER 110] bestGlobalCost=1788579.83 (feasible=YES) bestThisIter=1802139.92 feasibleAnts=10 noImprove=29 (elapsed 48.9878s)
[RESET] no improvement for30-> reset pheromones
[ITER 120] New best cost=1783721.98 (feasible=YES, time 52.351s)
[ITER 120] New best cost=1783721.98 (feasible=YES, time 55.7216s)
[ITER 120] bestGlobalCost=1783721.98 (feasible=YES) bestThisIter=1794353.27 feasibleAnts=10 noImprove=0 (elapsed 55.726s)
[ITER 130] bestGlobalCost=1783721.98 (feasible=YES) bestThisIter=1783721.98 feasibleAnts=10 noImprove=10 (elapsed 56.8092s)
47 48 49 50 73 74 75 76 77 78 92 93 94 95 115 116 
84 85 86 87 106 107 108 109 110 112 117 139 140 141 
1 2 3 4 14 15 16 28 29 30 31 32 33 34 35 36 37 38 
118 119 120 121 132 133 134 135 136 137 138 142 143 144 145 146 
41 42 43 58 59 60 61 62 63 64 65 82 83 104 105 111 
5 12 13 24 25 26 27 51 55 100 103 
122 123 124 125 126 127 128 129 130 131 147 148 149 150 151 152 
6 7 8 9 10 11 17 18 19 20 21 22 23 39 40 
44 56 57 66 67 68 80 81 88 89 101 102 113 114 
45 46 52 53 54 69 70 71 72 79 90 91 96 97 98 99 
[SAVELOGS] evolution saved to results/logs/pr152_10_2/evolution/pr152_10_2
[SAVELOGS] best cost saved to results/logs/pr152_10_2/objectives/pr152_10_2
[SAVELOGS] best solution saved to results/logs/pr152_10_2/solutions/pr152_10_2
