[ITER 1] New best cost=9861040.20 (feasible=YES, time 0.223236s)
[ITER 2] New best cost=9754417.59 (feasible=YES, time 0.37121s)
[ITER 3] New best cost=9642701.95 (feasible=YES, time 0.592394s)
[ITER 4] New best cost=9618559.63 (feasible=YES, time 0.738335s)
[ITER 6] New best cost=9596674.29 (feasible=YES, time 1.28181s)
[ITER 8] New best cost=9569434.68 (feasible=YES, time 1.72425s)
[ITER 9] New best cost=9520462.95 (feasible=YES, time 1.87222s)
[ITER 10] bestGlobalCost=9520462.95 (feasible=YES) bestThisIter=9580896.52 feasibleAnts=7 noImprove=1 (elapsed 2.35875s)
[ITER 12] New best cost=9461815.61 (feasible=YES, time 2.71527s)
[ITER 13] New best cost=9423339.52 (feasible=YES, time 2.873s)
[ITER 14] New best cost=9423136.32 (feasible=YES, time 3.41788s)
[ITER 15] New best cost=9410237.05 (feasible=YES, time 3.58353s)
[ITER 20] bestGlobalCost=9410237.05 (feasible=YES) bestThisIter=9410237.05 feasibleAnts=18 noImprove=5 (elapsed 4.69865s)
[ITER 24] New best cost=9407848.07 (feasible=YES, time 5.42209s)
[ITER 25] New best cost=9386467.19 (feasible=YES, time 5.62934s)
[ITER 28] New best cost=9380593.46 (feasible=YES, time 6.13195s)
[ITER 30] bestGlobalCost=9380593.46 (feasible=YES) bestThisIter=9380593.46 feasibleAnts=9 noImprove=2 (elapsed 6.54682s)
[ITER 40] New best cost=9379578.37 (feasible=YES, time 8.39072s)
[ITER 40] bestGlobalCost=9379578.37 (feasible=YES) bestThisIter=9379578.37 feasibleAnts=6 noImprove=0 (elapsed 8.39428s)
[ITER 50] bestGlobalCost=9379578.37 (feasible=YES) bestThisIter=9396488.42 feasibleAnts=7 noImprove=10 (elapsed 10.1655s)
[ITER 60] bestGlobalCost=9379578.37 (feasible=YES) bestThisIter=9420489.12 feasibleAnts=7 noImprove=20 (elapsed 12.9171s)
[ITER 70] bestGlobalCost=9379578.37 (feasible=YES) bestThisIter=9440784.77 feasibleAnts=5 noImprove=30 (elapsed 15.2641s)
[ITER 80] bestGlobalCost=9379578.37 (feasible=YES) bestThisIter=9401670.97 feasibleAnts=5 noImprove=40 (elapsed 17.7156s)
[ITER 90] bestGlobalCost=9379578.37 (feasible=YES) bestThisIter=9467594.40 feasibleAnts=6 noImprove=50 (elapsed 20.0711s)
[RESET] no improvement for50-> reset pheromones
[ITER 100] bestGlobalCost=9379578.37 (feasible=YES) bestThisIter=9379578.37 feasibleAnts=5 noImprove=10 (elapsed 22.2954s)
[ITER 106] New best cost=9357274.82 (feasible=YES, time 23.4445s)
[ITER 110] bestGlobalCost=9357274.82 (feasible=YES) bestThisIter=9357274.82 feasibleAnts=6 noImprove=4 (elapsed 24.2558s)
[ITER 120] bestGlobalCost=9357274.82 (feasible=YES) bestThisIter=9416254.17 feasibleAnts=10 noImprove=14 (elapsed 26.3446s)
[ITER 130] bestGlobalCost=9357274.82 (feasible=YES) bestThisIter=9381168.89 feasibleAnts=7 noImprove=24 (elapsed 28.721s)
[ITER 140] bestGlobalCost=9357274.82 (feasible=YES) bestThisIter=9421750.44 feasibleAnts=5 noImprove=34 (elapsed 30.8448s)
[ITER 150] bestGlobalCost=9357274.82 (feasible=YES) bestThisIter=9413046.25 feasibleAnts=6 noImprove=44 (elapsed 33.2987s)
[RESET] no improvement for50-> reset pheromones
[ITER 160] bestGlobalCost=9357274.82 (feasible=YES) bestThisIter=9357274.82 feasibleAnts=19 noImprove=4 (elapsed 35.7597s)
[ITER 170] bestGlobalCost=9357274.82 (feasible=YES) bestThisIter=9359211.97 feasibleAnts=5 noImprove=14 (elapsed 38.1709s)
[ITER 180] bestGlobalCost=9357274.82 (feasible=YES) bestThisIter=9418563.32 feasibleAnts=7 noImprove=24 (elapsed 40.1921s)
[ITER 190] bestGlobalCost=9357274.82 (feasible=YES) bestThisIter=9375579.93 feasibleAnts=5 noImprove=34 (elapsed 42.5219s)
[ITER 200] bestGlobalCost=9357274.82 (feasible=YES) bestThisIter=9402020.25 feasibleAnts=6 noImprove=44 (elapsed 45.0185s)
[RESET] no improvement for50-> reset pheromones
[ITER 210] bestGlobalCost=9357274.82 (feasible=YES) bestThisIter=9357274.82 feasibleAnts=21 noImprove=4 (elapsed 47.2403s)
[ITER 220] bestGlobalCost=9357274.82 (feasible=YES) bestThisIter=9380852.94 feasibleAnts=8 noImprove=14 (elapsed 49.3758s)
[ITER 230] bestGlobalCost=9357274.82 (feasible=YES) bestThisIter=9407323.18 feasibleAnts=7 noImprove=24 (elapsed 51.8995s)
[ITER 240] bestGlobalCost=9357274.82 (feasible=YES) bestThisIter=9451307.18 feasibleAnts=6 noImprove=34 (elapsed 54.3787s)
[ITER 250] bestGlobalCost=9357274.82 (feasible=YES) bestThisIter=9448240.28 feasibleAnts=5 noImprove=44 (elapsed 56.5695s)
[RESET] no improvement for50-> reset pheromones
[ITER 260] bestGlobalCost=9357274.82 (feasible=YES) bestThisIter=9357274.82 feasibleAnts=20 noImprove=4 (elapsed 58.9652s)
[ITER 270] bestGlobalCost=9357274.82 (feasible=YES) bestThisIter=9357274.82 feasibleAnts=7 noImprove=14 (elapsed 61.7076s)
[ITER 280] bestGlobalCost=9357274.82 (feasible=YES) bestThisIter=9432081.16 feasibleAnts=6 noImprove=24 (elapsed 63.9398s)
[ITER 290] bestGlobalCost=9357274.82 (feasible=YES) bestThisIter=9419613.74 feasibleAnts=6 noImprove=34 (elapsed 66.1269s)
[ITER 300] bestGlobalCost=9357274.82 (feasible=YES) bestThisIter=9441783.47 feasibleAnts=5 noImprove=44 (elapsed 68.8544s)
[RESET] no improvement for50-> reset pheromones
[ITER 310] bestGlobalCost=9357274.82 (feasible=YES) bestThisIter=9357274.82 feasibleAnts=16 noImprove=4 (elapsed 71.3342s)
[ITER 320] bestGlobalCost=9357274.82 (feasible=YES) bestThisIter=9425779.75 feasibleAnts=6 noImprove=14 (elapsed 73.471s)
[ITER 330] bestGlobalCost=9357274.82 (feasible=YES) bestThisIter=9359211.97 feasibleAnts=6 noImprove=24 (elapsed 75.7543s)
[ITER 340] bestGlobalCost=9357274.82 (feasible=YES) bestThisIter=9451677.85 feasibleAnts=5 noImprove=34 (elapsed 78.2888s)
[ITER 350] bestGlobalCost=9357274.82 (feasible=YES) bestThisIter=9451122.28 feasibleAnts=5 noImprove=44 (elapsed 80.5895s)
[RESET] no improvement for50-> reset pheromones
[ITER 360] bestGlobalCost=9357274.82 (feasible=YES) bestThisIter=9357274.82 feasibleAnts=14 noImprove=4 (elapsed 83.1469s)
[ITER 370] bestGlobalCost=9357274.82 (feasible=YES) bestThisIter=9378353.54 feasibleAnts=7 noImprove=14 (elapsed 86.1183s)
[ITER 380] bestGlobalCost=9357274.82 (feasible=YES) bestThisIter=9408109.76 feasibleAnts=6 noImprove=24 (elapsed 88.4759s)
[ITER 390] bestGlobalCost=9357274.82 (feasible=YES) bestThisIter=9377154.62 feasibleAnts=5 noImprove=34 (elapsed 91.0129s)
[ITER 400] bestGlobalCost=9357274.82 (feasible=YES) bestThisIter=9447746.52 feasibleAnts=7 noImprove=44 (elapsed 93.9194s)
[RESET] no improvement for50-> reset pheromones
[ITER 410] bestGlobalCost=9357274.82 (feasible=YES) bestThisIter=9357274.82 feasibleAnts=15 noImprove=4 (elapsed 96.0554s)
[ITER 420] bestGlobalCost=9357274.82 (feasible=YES) bestThisIter=9380171.60 feasibleAnts=6 noImprove=14 (elapsed 97.994s)
[ITER 430] bestGlobalCost=9357274.82 (feasible=YES) bestThisIter=9378985.30 feasibleAnts=7 noImprove=24 (elapsed 99.8825s)
[ITER 440] bestGlobalCost=9357274.82 (feasible=YES) bestThisIter=9418266.13 feasibleAnts=6 noImprove=34 (elapsed 101.827s)
[ITER 450] bestGlobalCost=9357274.82 (feasible=YES) bestThisIter=9484276.91 feasibleAnts=6 noImprove=44 (elapsed 104.42s)
[RESET] no improvement for50-> reset pheromones
[ITER 460] bestGlobalCost=9357274.82 (feasible=YES) bestThisIter=9357274.82 feasibleAnts=19 noImprove=4 (elapsed 106.82s)
[ITER 470] bestGlobalCost=9357274.82 (feasible=YES) bestThisIter=9357274.82 feasibleAnts=6 noImprove=14 (elapsed 108.739s)
[ITER 480] bestGlobalCost=9357274.82 (feasible=YES) bestThisIter=9375579.93 feasibleAnts=7 noImprove=24 (elapsed 110.813s)
[ITER 490] bestGlobalCost=9357274.82 (feasible=YES) bestThisIter=9442777.42 feasibleAnts=7 noImprove=34 (elapsed 113.044s)
[ITER 500] bestGlobalCost=9357274.82 (feasible=YES) bestThisIter=9451961.53 feasibleAnts=5 noImprove=44 (elapsed 115.627s)
[RESET] no improvement for50-> reset pheromones
[ITER 510] bestGlobalCost=9357274.82 (feasible=YES) bestThisIter=9357274.82 feasibleAnts=13 noImprove=4 (elapsed 117.892s)
[ITER 520] bestGlobalCost=9357274.82 (feasible=YES) bestThisIter=9465173.37 feasibleAnts=5 noImprove=14 (elapsed 120.047s)
[ITER 530] bestGlobalCost=9357274.82 (feasible=YES) bestThisIter=9400707.56 feasibleAnts=6 noImprove=24 (elapsed 122.336s)
[ITER 540] bestGlobalCost=9357274.82 (feasible=YES) bestThisIter=9380290.69 feasibleAnts=9 noImprove=34 (elapsed 124.398s)
[ITER 550] bestGlobalCost=9357274.82 (feasible=YES) bestThisIter=9431022.30 feasibleAnts=5 noImprove=44 (elapsed 126.826s)
[RESET] no improvement for50-> reset pheromones
[ITER 560] bestGlobalCost=9357274.82 (feasible=YES) bestThisIter=9357274.82 feasibleAnts=13 noImprove=4 (elapsed 128.841s)
[ITER 570] bestGlobalCost=9357274.82 (feasible=YES) bestThisIter=9429727.02 feasibleAnts=10 noImprove=14 (elapsed 130.727s)
[ITER 580] bestGlobalCost=9357274.82 (feasible=YES) bestThisIter=9386538.91 feasibleAnts=7 noImprove=24 (elapsed 133.356s)
[ITER 590] bestGlobalCost=9357274.82 (feasible=YES) bestThisIter=9446998.57 feasibleAnts=7 noImprove=34 (elapsed 135.686s)
[ITER 600] bestGlobalCost=9357274.82 (feasible=YES) bestThisIter=9424900.73 feasibleAnts=8 noImprove=44 (elapsed 137.89s)
[RESET] no improvement for50-> reset pheromones
[ITER 610] bestGlobalCost=9357274.82 (feasible=YES) bestThisIter=9357274.82 feasibleAnts=22 noImprove=4 (elapsed 140.74s)
[ITER 620] bestGlobalCost=9357274.82 (feasible=YES) bestThisIter=9393590.79 feasibleAnts=6 noImprove=14 (elapsed 142.92s)
[ITER 630] bestGlobalCost=9357274.82 (feasible=YES) bestThisIter=9438302.56 feasibleAnts=5 noImprove=24 (elapsed 144.971s)
[ITER 640] bestGlobalCost=9357274.82 (feasible=YES) bestThisIter=9475047.24 feasibleAnts=6 noImprove=34 (elapsed 147.724s)
[ITER 650] bestGlobalCost=9357274.82 (feasible=YES) bestThisIter=9454610.72 feasibleAnts=6 noImprove=44 (elapsed 150.331s)
[RESET] no improvement for50-> reset pheromones
[ITER 660] bestGlobalCost=9357274.82 (feasible=YES) bestThisIter=9357274.82 feasibleAnts=20 noImprove=4 (elapsed 152.479s)
[ITER 670] bestGlobalCost=9357274.82 (feasible=YES) bestThisIter=9411200.86 feasibleAnts=8 noImprove=14 (elapsed 154.717s)
[ITER 680] bestGlobalCost=9357274.82 (feasible=YES) bestThisIter=9389375.88 feasibleAnts=7 noImprove=24 (elapsed 157.595s)
[ITER 690] bestGlobalCost=9357274.82 (feasible=YES) bestThisIter=9435803.99 feasibleAnts=7 noImprove=34 (elapsed 159.5s)
[ITER 700] bestGlobalCost=9357274.82 (feasible=YES) bestThisIter=9412418.67 feasibleAnts=6 noImprove=44 (elapsed 161.542s)
[RESET] no improvement for50-> reset pheromones
[ITER 710] bestGlobalCost=9357274.82 (feasible=YES) bestThisIter=9357274.82 feasibleAnts=19 noImprove=4 (elapsed 163.96s)
[ITER 720] bestGlobalCost=9357274.82 (feasible=YES) bestThisIter=9357906.58 feasibleAnts=8 noImprove=14 (elapsed 166.165s)
[ITER 730] bestGlobalCost=9357274.82 (feasible=YES) bestThisIter=9451455.18 feasibleAnts=6 noImprove=24 (elapsed 168.346s)
[ITER 740] bestGlobalCost=9357274.82 (feasible=YES) bestThisIter=9447537.33 feasibleAnts=8 noImprove=34 (elapsed 171.043s)
[ITER 750] bestGlobalCost=9357274.82 (feasible=YES) bestThisIter=9488534.09 feasibleAnts=6 noImprove=44 (elapsed 173.841s)
[RESET] no improvement for50-> reset pheromones
[ITER 760] bestGlobalCost=9357274.82 (feasible=YES) bestThisIter=9357274.82 feasibleAnts=19 noImprove=4 (elapsed 176.269s)
[ITER 770] bestGlobalCost=9357274.82 (feasible=YES) bestThisIter=9420180.49 feasibleAnts=6 noImprove=14 (elapsed 178.557s)
[ITER 780] bestGlobalCost=9357274.82 (feasible=YES) bestThisIter=9423706.40 feasibleAnts=6 noImprove=24 (elapsed 181.078s)
[ITER 790] bestGlobalCost=9357274.82 (feasible=YES) bestThisIter=9382621.68 feasibleAnts=6 noImprove=34 (elapsed 183.311s)
[ITER 800] bestGlobalCost=9357274.82 (feasible=YES) bestThisIter=9359211.97 feasibleAnts=6 noImprove=44 (elapsed 185.34s)
[RESET] no improvement for50-> reset pheromones
[ITER 810] bestGlobalCost=9357274.82 (feasible=YES) bestThisIter=9357274.82 feasibleAnts=14 noImprove=4 (elapsed 188.215s)
[ITER 820] bestGlobalCost=9357274.82 (feasible=YES) bestThisIter=9359211.97 feasibleAnts=7 noImprove=14 (elapsed 190.743s)
[ITER 830] bestGlobalCost=9357274.82 (feasible=YES) bestThisIter=9383912.07 feasibleAnts=6 noImprove=24 (elapsed 192.825s)
[ITER 840] bestGlobalCost=9357274.82 (feasible=YES) bestThisIter=9357906.58 feasibleAnts=6 noImprove=34 (elapsed 195.181s)
[ITER 850] bestGlobalCost=9357274.82 (feasible=YES) bestThisIter=9439038.68 feasibleAnts=6 noImprove=44 (elapsed 197.905s)
[RESET] no improvement for50-> reset pheromones
[ITER 860] bestGlobalCost=9357274.82 (feasible=YES) bestThisIter=9357274.82 feasibleAnts=19 noImprove=4 (elapsed 199.942s)
[ITER 870] bestGlobalCost=9357274.82 (feasible=YES) bestThisIter=9444966.47 feasibleAnts=6 noImprove=14 (elapsed 201.839s)
[ITER 880] bestGlobalCost=9357274.82 (feasible=YES) bestThisIter=9385577.55 feasibleAnts=5 noImprove=24 (elapsed 204.121s)
[ITER 890] bestGlobalCost=9357274.82 (feasible=YES) bestThisIter=9377154.62 feasibleAnts=5 noImprove=34 (elapsed 206.549s)
[ITER 900] bestGlobalCost=9357274.82 (feasible=YES) bestThisIter=9426226.75 feasibleAnts=5 noImprove=44 (elapsed 208.557s)
[RESET] no improvement for50-> reset pheromones
[ITER 910] bestGlobalCost=9357274.82 (feasible=YES) bestThisIter=9357274.82 feasibleAnts=16 noImprove=4 (elapsed 210.869s)
[ITER 920] bestGlobalCost=9357274.82 (feasible=YES) bestThisIter=9378985.30 feasibleAnts=8 noImprove=14 (elapsed 213.54s)
[ITER 930] bestGlobalCost=9357274.82 (feasible=YES) bestThisIter=9414361.02 feasibleAnts=5 noImprove=24 (elapsed 215.499s)
[ITER 940] bestGlobalCost=9357274.82 (feasible=YES) bestThisIter=9357906.58 feasibleAnts=7 noImprove=34 (elapsed 217.486s)
[ITER 950] bestGlobalCost=9357274.82 (feasible=YES) bestThisIter=9422635.29 feasibleAnts=5 noImprove=44 (elapsed 220.411s)
[RESET] no improvement for50-> reset pheromones
[ITER 960] bestGlobalCost=9357274.82 (feasible=YES) bestThisIter=9357274.82 feasibleAnts=21 noImprove=4 (elapsed 222.819s)
[ITER 970] bestGlobalCost=9357274.82 (feasible=YES) bestThisIter=9398842.24 feasibleAnts=8 noImprove=14 (elapsed 225.167s)
[ITER 980] bestGlobalCost=9357274.82 (feasible=YES) bestThisIter=9408330.02 feasibleAnts=6 noImprove=24 (elapsed 227.317s)
[ITER 990] bestGlobalCost=9357274.82 (feasible=YES) bestThisIter=9404404.12 feasibleAnts=6 noImprove=34 (elapsed 229.916s)
[ITER 1000] bestGlobalCost=9357274.82 (feasible=YES) bestThisIter=9482160.91 feasibleAnts=5 noImprove=44 (elapsed 231.879s)
[RESET] no improvement for50-> reset pheromones
[ITER 1010] bestGlobalCost=9357274.82 (feasible=YES) bestThisIter=9357274.82 feasibleAnts=15 noImprove=4 (elapsed 233.82s)
[ITER 1020] bestGlobalCost=9357274.82 (feasible=YES) bestThisIter=9377154.62 feasibleAnts=6 noImprove=14 (elapsed 236.467s)
[ITER 1030] bestGlobalCost=9357274.82 (feasible=YES) bestThisIter=9380852.94 feasibleAnts=9 noImprove=24 (elapsed 238.773s)
[ITER 1040] bestGlobalCost=9357274.82 (feasible=YES) bestThisIter=9410686.05 feasibleAnts=6 noImprove=34 (elapsed 240.732s)
[ITER 1050] bestGlobalCost=9357274.82 (feasible=YES) bestThisIter=9525414.09 feasibleAnts=6 noImprove=44 (elapsed 242.907s)
[RESET] no improvement for50-> reset pheromones
[ITER 1060] bestGlobalCost=9357274.82 (feasible=YES) bestThisIter=9357274.82 feasibleAnts=14 noImprove=4 (elapsed 244.922s)
[ITER 1070] bestGlobalCost=9357274.82 (feasible=YES) bestThisIter=9357274.82 feasibleAnts=7 noImprove=14 (elapsed 247.49s)
[ITER 1080] bestGlobalCost=9357274.82 (feasible=YES) bestThisIter=9391741.39 feasibleAnts=5 noImprove=24 (elapsed 250.048s)
[ITER 1090] bestGlobalCost=9357274.82 (feasible=YES) bestThisIter=9372869.28 feasibleAnts=5 noImprove=34 (elapsed 252.176s)
[ITER 1100] bestGlobalCost=9357274.82 (feasible=YES) bestThisIter=9446977.29 feasibleAnts=5 noImprove=44 (elapsed 254.551s)
[RESET] no improvement for50-> reset pheromones
[ITER 1110] bestGlobalCost=9357274.82 (feasible=YES) bestThisIter=9357274.82 feasibleAnts=20 noImprove=4 (elapsed 257.109s)
[ITER 1120] bestGlobalCost=9357274.82 (feasible=YES) bestThisIter=9430150.81 feasibleAnts=8 noImprove=14 (elapsed 259.196s)
[ITER 1130] bestGlobalCost=9357274.82 (feasible=YES) bestThisIter=9438493.33 feasibleAnts=5 noImprove=24 (elapsed 261.369s)
[ITER 1140] bestGlobalCost=9357274.82 (feasible=YES) bestThisIter=9433594.42 feasibleAnts=7 noImprove=34 (elapsed 263.826s)
[ITER 1150] bestGlobalCost=9357274.82 (feasible=YES) bestThisIter=9468580.78 feasibleAnts=7 noImprove=44 (elapsed 266.292s)
[RESET] no improvement for50-> reset pheromones
[ITER 1160] bestGlobalCost=9357274.82 (feasible=YES) bestThisIter=9357274.82 feasibleAnts=18 noImprove=4 (elapsed 268.452s)
[ITER 1170] bestGlobalCost=9357274.82 (feasible=YES) bestThisIter=9357906.58 feasibleAnts=6 noImprove=14 (elapsed 270.613s)
[ITER 1180] bestGlobalCost=9357274.82 (feasible=YES) bestThisIter=9398872.94 feasibleAnts=6 noImprove=24 (elapsed 273s)
[ITER 1190] bestGlobalCost=9357274.82 (feasible=YES) bestThisIter=9359211.97 feasibleAnts=8 noImprove=34 (elapsed 275.348s)
[ITER 1200] bestGlobalCost=9357274.82 (feasible=YES) bestThisIter=9486047.98 feasibleAnts=5 noImprove=44 (elapsed 277.459s)
[RESET] no improvement for50-> reset pheromones
[ITER 1210] bestGlobalCost=9357274.82 (feasible=YES) bestThisIter=9357274.82 feasibleAnts=25 noImprove=4 (elapsed 280.185s)
[ITER 1220] bestGlobalCost=9357274.82 (feasible=YES) bestThisIter=9399715.79 feasibleAnts=7 noImprove=14 (elapsed 282.623s)
[ITER 1230] bestGlobalCost=9357274.82 (feasible=YES) bestThisIter=9443248.91 feasibleAnts=5 noImprove=24 (elapsed 284.657s)
[ITER 1240] bestGlobalCost=9357274.82 (feasible=YES) bestThisIter=9359211.97 feasibleAnts=6 noImprove=34 (elapsed 286.705s)
[ITER 1250] bestGlobalCost=9357274.82 (feasible=YES) bestThisIter=9453752.91 feasibleAnts=5 noImprove=44 (elapsed 289.038s)
[RESET] no improvement for50-> reset pheromones
[ITER 1260] bestGlobalCost=9357274.82 (feasible=YES) bestThisIter=9357274.82 feasibleAnts=19 noImprove=4 (elapsed 291.532s)
[ITER 1270] bestGlobalCost=9357274.82 (feasible=YES) bestThisIter=9359211.97 feasibleAnts=6 noImprove=14 (elapsed 294.078s)
[ITER 1280] bestGlobalCost=9357274.82 (feasible=YES) bestThisIter=9380171.60 feasibleAnts=7 noImprove=24 (elapsed 296.44s)
[ITER 1290] bestGlobalCost=9357274.82 (feasible=YES) bestThisIter=9429595.92 feasibleAnts=6 noImprove=34 (elapsed 298.662s)
141 142 143 144 146 148 162 164 165 166 167 168 169 170 172 173 174 175 176 177 178 179 180 181 183 212 215 216 217 218 219 220 221 222 223 224 225 236 238 239 240 241 242 243 244 245 246 247 248 249 250 264 
2 3 4 5 6 7 8 9 10 11 12 13 14 15 16 17 19 20 21 27 74 75 76 77 78 79 80 81 82 83 84 85 86 87 88 89 90 91 92 93 94 95 96 97 98 99 100 105 130 131 132 
133 134 135 136 137 138 139 140 182 184 185 186 187 188 189 190 191 192 193 194 195 196 197 198 199 200 201 202 203 204 205 206 207 208 209 210 211 213 214 251 252 253 254 255 256 257 258 259 260 261 262 263 
37 44 45 49 50 51 52 53 54 55 56 57 58 59 107 116 122 123 124 125 126 127 128 145 147 149 150 151 152 153 154 155 156 157 158 159 160 161 163 171 226 227 228 229 230 231 232 233 234 235 237 
1 18 22 23 24 25 26 28 29 30 31 32 33 34 35 36 38 39 40 41 42 43 46 47 48 60 61 62 63 64 65 66 67 68 69 70 71 72 73 101 102 103 104 106 108 109 110 111 112 113 114 115 117 118 119 120 121 129 
[SAVELOGS] evolution saved to results/logs/aco_logs/evolution/pr264_05_2.txt
[SAVELOGS] best cost saved to results/logs/aco_logs/objectives/pr264_05_2.txt
[SAVELOGS] best solution saved to results/logs/aco_logs/solutions/pr264_05_2.txt
