[ITER 1] New best cost=9635188.14 (feasible=YES, time 0.313432s)
[ITER 2] New best cost=9429634.69 (feasible=YES, time 0.440914s)
[ITER 6] New best cost=9406921.28 (feasible=YES, time 1.08006s)
[ITER 10] bestGlobalCost=9406921.28 (feasible=YES) bestThisIter=9406921.28 feasibleAnts=7 noImprove=4 (elapsed 2.0063s)
[ITER 12] New best cost=9406041.63 (feasible=YES, time 2.51418s)
[ITER 15] New best cost=9388570.66 (feasible=YES, time 3.22615s)
[ITER 16] New best cost=9383912.07 (feasible=YES, time 3.49582s)
[ITER 17] New best cost=9382621.68 (feasible=YES, time 3.72111s)
[ITER 20] bestGlobalCost=9382621.68 (feasible=YES) bestThisIter=9397174.38 feasibleAnts=5 noImprove=3 (elapsed 4.54742s)
[ITER 24] New best cost=9357906.58 (feasible=YES, time 5.38959s)
[ITER 26] New best cost=9357274.82 (feasible=YES, time 5.82373s)
[ITER 30] bestGlobalCost=9357274.82 (feasible=YES) bestThisIter=9357274.82 feasibleAnts=16 noImprove=4 (elapsed 6.74114s)
[ITER 40] bestGlobalCost=9357274.82 (feasible=YES) bestThisIter=9359211.97 feasibleAnts=11 noImprove=14 (elapsed 8.52468s)
[ITER 50] bestGlobalCost=9357274.82 (feasible=YES) bestThisIter=9453010.02 feasibleAnts=9 noImprove=24 (elapsed 10.4793s)
[ITER 60] bestGlobalCost=9357274.82 (feasible=YES) bestThisIter=9465322.55 feasibleAnts=6 noImprove=34 (elapsed 12.4514s)
[ITER 70] bestGlobalCost=9357274.82 (feasible=YES) bestThisIter=9432523.90 feasibleAnts=7 noImprove=44 (elapsed 14.8018s)
[RESET] no improvement for50-> reset pheromones
[ITER 80] bestGlobalCost=9357274.82 (feasible=YES) bestThisIter=9357274.82 feasibleAnts=16 noImprove=4 (elapsed 17.3962s)
[ITER 90] bestGlobalCost=9357274.82 (feasible=YES) bestThisIter=9359211.97 feasibleAnts=6 noImprove=14 (elapsed 19.5092s)
[ITER 100] bestGlobalCost=9357274.82 (feasible=YES) bestThisIter=9398842.24 feasibleAnts=6 noImprove=24 (elapsed 21.5369s)
[ITER 110] bestGlobalCost=9357274.82 (feasible=YES) bestThisIter=9469962.66 feasibleAnts=8 noImprove=34 (elapsed 24.148s)
[ITER 120] bestGlobalCost=9357274.82 (feasible=YES) bestThisIter=9432508.43 feasibleAnts=6 noImprove=44 (elapsed 26.3436s)
[RESET] no improvement for50-> reset pheromones
[ITER 130] bestGlobalCost=9357274.82 (feasible=YES) bestThisIter=9357274.82 feasibleAnts=15 noImprove=4 (elapsed 28.5921s)
[ITER 140] bestGlobalCost=9357274.82 (feasible=YES) bestThisIter=9408161.37 feasibleAnts=6 noImprove=14 (elapsed 30.8446s)
[ITER 150] bestGlobalCost=9357274.82 (feasible=YES) bestThisIter=9372233.55 feasibleAnts=5 noImprove=24 (elapsed 33.1638s)
[ITER 160] bestGlobalCost=9357274.82 (feasible=YES) bestThisIter=9446002.12 feasibleAnts=5 noImprove=34 (elapsed 35.4158s)
[ITER 170] bestGlobalCost=9357274.82 (feasible=YES) bestThisIter=9449689.02 feasibleAnts=5 noImprove=44 (elapsed 37.5034s)
[RESET] no improvement for50-> reset pheromones
[ITER 180] bestGlobalCost=9357274.82 (feasible=YES) bestThisIter=9357274.82 feasibleAnts=18 noImprove=4 (elapsed 40.3877s)
[ITER 190] bestGlobalCost=9357274.82 (feasible=YES) bestThisIter=9357906.58 feasibleAnts=6 noImprove=14 (elapsed 42.8459s)
[ITER 200] bestGlobalCost=9357274.82 (feasible=YES) bestThisIter=9394993.57 feasibleAnts=8 noImprove=24 (elapsed 45.1717s)
[ITER 210] bestGlobalCost=9357274.82 (feasible=YES) bestThisIter=9420515.55 feasibleAnts=7 noImprove=34 (elapsed 47.3138s)
[ITER 220] bestGlobalCost=9357274.82 (feasible=YES) bestThisIter=9428842.05 feasibleAnts=5 noImprove=44 (elapsed 49.4249s)
[RESET] no improvement for50-> reset pheromones
[ITER 230] bestGlobalCost=9357274.82 (feasible=YES) bestThisIter=9357274.82 feasibleAnts=20 noImprove=4 (elapsed 51.6684s)
[ITER 240] bestGlobalCost=9357274.82 (feasible=YES) bestThisIter=9378985.30 feasibleAnts=7 noImprove=14 (elapsed 53.7704s)
[ITER 250] bestGlobalCost=9357274.82 (feasible=YES) bestThisIter=9378353.54 feasibleAnts=8 noImprove=24 (elapsed 55.6647s)
[ITER 260] bestGlobalCost=9357274.82 (feasible=YES) bestThisIter=9425042.27 feasibleAnts=6 noImprove=34 (elapsed 57.7092s)
[ITER 270] bestGlobalCost=9357274.82 (feasible=YES) bestThisIter=9419421.19 feasibleAnts=5 noImprove=44 (elapsed 60.8355s)
[RESET] no improvement for50-> reset pheromones
[ITER 280] bestGlobalCost=9357274.82 (feasible=YES) bestThisIter=9357274.82 feasibleAnts=21 noImprove=4 (elapsed 63.2153s)
[ITER 290] bestGlobalCost=9357274.82 (feasible=YES) bestThisIter=9375579.93 feasibleAnts=7 noImprove=14 (elapsed 65.4726s)
[ITER 300] bestGlobalCost=9357274.82 (feasible=YES) bestThisIter=9442084.73 feasibleAnts=7 noImprove=24 (elapsed 67.7937s)
[ITER 310] bestGlobalCost=9357274.82 (feasible=YES) bestThisIter=9433246.18 feasibleAnts=5 noImprove=34 (elapsed 70.8063s)
[ITER 320] bestGlobalCost=9357274.82 (feasible=YES) bestThisIter=9437433.80 feasibleAnts=6 noImprove=44 (elapsed 73.5185s)
[RESET] no improvement for50-> reset pheromones
[ITER 330] bestGlobalCost=9357274.82 (feasible=YES) bestThisIter=9357274.82 feasibleAnts=13 noImprove=4 (elapsed 75.6623s)
[ITER 340] bestGlobalCost=9357274.82 (feasible=YES) bestThisIter=9382474.28 feasibleAnts=7 noImprove=14 (elapsed 77.4629s)
[ITER 350] bestGlobalCost=9357274.82 (feasible=YES) bestThisIter=9402982.50 feasibleAnts=6 noImprove=24 (elapsed 79.8812s)
[ITER 360] bestGlobalCost=9357274.82 (feasible=YES) bestThisIter=9391029.55 feasibleAnts=5 noImprove=34 (elapsed 82.4729s)
[ITER 370] bestGlobalCost=9357274.82 (feasible=YES) bestThisIter=9433709.38 feasibleAnts=6 noImprove=44 (elapsed 84.6352s)
[RESET] no improvement for50-> reset pheromones
[ITER 380] bestGlobalCost=9357274.82 (feasible=YES) bestThisIter=9357274.82 feasibleAnts=18 noImprove=4 (elapsed 87.2445s)
[ITER 390] bestGlobalCost=9357274.82 (feasible=YES) bestThisIter=9357906.58 feasibleAnts=9 noImprove=14 (elapsed 89.992s)
[ITER 400] bestGlobalCost=9357274.82 (feasible=YES) bestThisIter=9359211.97 feasibleAnts=5 noImprove=24 (elapsed 92.364s)
[ITER 410] bestGlobalCost=9357274.82 (feasible=YES) bestThisIter=9406195.11 feasibleAnts=6 noImprove=34 (elapsed 94.7399s)
[ITER 420] bestGlobalCost=9357274.82 (feasible=YES) bestThisIter=9431867.36 feasibleAnts=5 noImprove=44 (elapsed 97.88s)
[RESET] no improvement for50-> reset pheromones
[ITER 430] bestGlobalCost=9357274.82 (feasible=YES) bestThisIter=9357274.82 feasibleAnts=18 noImprove=4 (elapsed 100.029s)
[ITER 440] bestGlobalCost=9357274.82 (feasible=YES) bestThisIter=9417640.47 feasibleAnts=7 noImprove=14 (elapsed 102.276s)
[ITER 450] bestGlobalCost=9357274.82 (feasible=YES) bestThisIter=9357906.58 feasibleAnts=8 noImprove=24 (elapsed 104.977s)
[ITER 460] bestGlobalCost=9357274.82 (feasible=YES) bestThisIter=9443709.82 feasibleAnts=7 noImprove=34 (elapsed 107.117s)
[ITER 470] bestGlobalCost=9357274.82 (feasible=YES) bestThisIter=9434236.17 feasibleAnts=9 noImprove=44 (elapsed 109.101s)
[RESET] no improvement for50-> reset pheromones
[ITER 480] bestGlobalCost=9357274.82 (feasible=YES) bestThisIter=9357274.82 feasibleAnts=18 noImprove=4 (elapsed 111.658s)
[ITER 490] bestGlobalCost=9357274.82 (feasible=YES) bestThisIter=9359211.97 feasibleAnts=7 noImprove=14 (elapsed 113.93s)
[ITER 500] bestGlobalCost=9357274.82 (feasible=YES) bestThisIter=9392587.64 feasibleAnts=5 noImprove=24 (elapsed 115.902s)
[ITER 510] bestGlobalCost=9357274.82 (feasible=YES) bestThisIter=9446363.09 feasibleAnts=6 noImprove=34 (elapsed 118.032s)
[ITER 520] bestGlobalCost=9357274.82 (feasible=YES) bestThisIter=9411004.02 feasibleAnts=5 noImprove=44 (elapsed 120.849s)
[RESET] no improvement for50-> reset pheromones
[ITER 530] bestGlobalCost=9357274.82 (feasible=YES) bestThisIter=9357274.82 feasibleAnts=17 noImprove=4 (elapsed 122.935s)
[ITER 540] bestGlobalCost=9357274.82 (feasible=YES) bestThisIter=9357274.82 feasibleAnts=8 noImprove=14 (elapsed 125.041s)
[ITER 550] bestGlobalCost=9357274.82 (feasible=YES) bestThisIter=9395289.92 feasibleAnts=5 noImprove=24 (elapsed 127.552s)
[ITER 560] bestGlobalCost=9357274.82 (feasible=YES) bestThisIter=9410791.64 feasibleAnts=5 noImprove=34 (elapsed 130.15s)
[ITER 570] bestGlobalCost=9357274.82 (feasible=YES) bestThisIter=9462455.64 feasibleAnts=5 noImprove=44 (elapsed 132.464s)
[RESET] no improvement for50-> reset pheromones
[ITER 580] bestGlobalCost=9357274.82 (feasible=YES) bestThisIter=9357274.82 feasibleAnts=16 noImprove=4 (elapsed 134.972s)
[ITER 590] bestGlobalCost=9357274.82 (feasible=YES) bestThisIter=9375579.93 feasibleAnts=7 noImprove=14 (elapsed 137.472s)
[ITER 600] bestGlobalCost=9357274.82 (feasible=YES) bestThisIter=9440423.57 feasibleAnts=6 noImprove=24 (elapsed 139.422s)
[ITER 610] bestGlobalCost=9357274.82 (feasible=YES) bestThisIter=9431602.25 feasibleAnts=5 noImprove=34 (elapsed 141.847s)
[ITER 620] bestGlobalCost=9357274.82 (feasible=YES) bestThisIter=9441010.62 feasibleAnts=6 noImprove=44 (elapsed 144.129s)
[RESET] no improvement for50-> reset pheromones
[ITER 630] bestGlobalCost=9357274.82 (feasible=YES) bestThisIter=9357274.82 feasibleAnts=14 noImprove=4 (elapsed 146.451s)
[ITER 640] bestGlobalCost=9357274.82 (feasible=YES) bestThisIter=9396658.65 feasibleAnts=9 noImprove=14 (elapsed 148.579s)
[ITER 650] bestGlobalCost=9357274.82 (feasible=YES) bestThisIter=9458228.00 feasibleAnts=6 noImprove=24 (elapsed 150.984s)
[ITER 660] bestGlobalCost=9357274.82 (feasible=YES) bestThisIter=9434315.47 feasibleAnts=5 noImprove=34 (elapsed 153.443s)
[ITER 670] bestGlobalCost=9357274.82 (feasible=YES) bestThisIter=9473803.34 feasibleAnts=5 noImprove=44 (elapsed 155.693s)
[RESET] no improvement for50-> reset pheromones
[ITER 680] bestGlobalCost=9357274.82 (feasible=YES) bestThisIter=9357274.82 feasibleAnts=18 noImprove=4 (elapsed 158.016s)
[ITER 690] bestGlobalCost=9357274.82 (feasible=YES) bestThisIter=9357274.82 feasibleAnts=7 noImprove=14 (elapsed 160.353s)
[ITER 700] bestGlobalCost=9357274.82 (feasible=YES) bestThisIter=9376988.76 feasibleAnts=9 noImprove=24 (elapsed 162.603s)
[ITER 710] bestGlobalCost=9357274.82 (feasible=YES) bestThisIter=9443413.45 feasibleAnts=7 noImprove=34 (elapsed 164.527s)
[ITER 720] bestGlobalCost=9357274.82 (feasible=YES) bestThisIter=9424264.94 feasibleAnts=6 noImprove=44 (elapsed 166.927s)
[RESET] no improvement for50-> reset pheromones
[ITER 730] bestGlobalCost=9357274.82 (feasible=YES) bestThisIter=9357274.82 feasibleAnts=13 noImprove=4 (elapsed 169.218s)
[ITER 740] bestGlobalCost=9357274.82 (feasible=YES) bestThisIter=9375579.93 feasibleAnts=9 noImprove=14 (elapsed 171.757s)
[ITER 750] bestGlobalCost=9357274.82 (feasible=YES) bestThisIter=9409120.57 feasibleAnts=6 noImprove=24 (elapsed 174.572s)
[ITER 760] bestGlobalCost=9357274.82 (feasible=YES) bestThisIter=9410880.99 feasibleAnts=6 noImprove=34 (elapsed 176.975s)
[ITER 770] bestGlobalCost=9357274.82 (feasible=YES) bestThisIter=9407652.22 feasibleAnts=6 noImprove=44 (elapsed 179.809s)
[RESET] no improvement for50-> reset pheromones
[ITER 780] bestGlobalCost=9357274.82 (feasible=YES) bestThisIter=9357274.82 feasibleAnts=19 noImprove=4 (elapsed 182.273s)
[ITER 790] bestGlobalCost=9357274.82 (feasible=YES) bestThisIter=9377154.62 feasibleAnts=8 noImprove=14 (elapsed 184.448s)
[ITER 800] bestGlobalCost=9357274.82 (feasible=YES) bestThisIter=9387781.37 feasibleAnts=7 noImprove=24 (elapsed 186.73s)
[ITER 810] bestGlobalCost=9357274.82 (feasible=YES) bestThisIter=9403430.97 feasibleAnts=6 noImprove=34 (elapsed 189.135s)
[ITER 820] bestGlobalCost=9357274.82 (feasible=YES) bestThisIter=9414556.32 feasibleAnts=6 noImprove=44 (elapsed 191.242s)
[RESET] no improvement for50-> reset pheromones
[ITER 830] bestGlobalCost=9357274.82 (feasible=YES) bestThisIter=9357274.82 feasibleAnts=20 noImprove=4 (elapsed 194.026s)
[ITER 840] bestGlobalCost=9357274.82 (feasible=YES) bestThisIter=9375579.93 feasibleAnts=6 noImprove=14 (elapsed 196.927s)
[ITER 850] bestGlobalCost=9357274.82 (feasible=YES) bestThisIter=9391029.55 feasibleAnts=7 noImprove=24 (elapsed 199.302s)
[ITER 860] bestGlobalCost=9357274.82 (feasible=YES) bestThisIter=9449514.99 feasibleAnts=5 noImprove=34 (elapsed 201.128s)
[ITER 870] bestGlobalCost=9357274.82 (feasible=YES) bestThisIter=9431347.68 feasibleAnts=5 noImprove=44 (elapsed 203.583s)
[RESET] no improvement for50-> reset pheromones
[ITER 880] bestGlobalCost=9357274.82 (feasible=YES) bestThisIter=9357274.82 feasibleAnts=20 noImprove=4 (elapsed 206.351s)
[ITER 890] bestGlobalCost=9357274.82 (feasible=YES) bestThisIter=9375579.93 feasibleAnts=11 noImprove=14 (elapsed 208.86s)
[ITER 900] bestGlobalCost=9357274.82 (feasible=YES) bestThisIter=9381652.41 feasibleAnts=5 noImprove=24 (elapsed 211.342s)
[ITER 910] bestGlobalCost=9357274.82 (feasible=YES) bestThisIter=9402731.13 feasibleAnts=5 noImprove=34 (elapsed 213.63s)
[ITER 920] bestGlobalCost=9357274.82 (feasible=YES) bestThisIter=9413831.59 feasibleAnts=6 noImprove=44 (elapsed 216.148s)
[RESET] no improvement for50-> reset pheromones
[ITER 930] bestGlobalCost=9357274.82 (feasible=YES) bestThisIter=9357274.82 feasibleAnts=14 noImprove=4 (elapsed 218.609s)
[ITER 940] bestGlobalCost=9357274.82 (feasible=YES) bestThisIter=9404243.68 feasibleAnts=7 noImprove=14 (elapsed 220.747s)
[ITER 950] bestGlobalCost=9357274.82 (feasible=YES) bestThisIter=9425903.78 feasibleAnts=5 noImprove=24 (elapsed 222.994s)
[ITER 960] bestGlobalCost=9357274.82 (feasible=YES) bestThisIter=9421484.29 feasibleAnts=7 noImprove=34 (elapsed 225.885s)
[ITER 970] bestGlobalCost=9357274.82 (feasible=YES) bestThisIter=9411004.02 feasibleAnts=6 noImprove=44 (elapsed 228.064s)
[RESET] no improvement for50-> reset pheromones
[ITER 980] bestGlobalCost=9357274.82 (feasible=YES) bestThisIter=9357274.82 feasibleAnts=21 noImprove=4 (elapsed 230.418s)
[ITER 990] bestGlobalCost=9357274.82 (feasible=YES) bestThisIter=9357274.82 feasibleAnts=6 noImprove=14 (elapsed 232.635s)
[ITER 1000] bestGlobalCost=9357274.82 (feasible=YES) bestThisIter=9407981.92 feasibleAnts=6 noImprove=24 (elapsed 234.994s)
[ITER 1010] bestGlobalCost=9357274.82 (feasible=YES) bestThisIter=9396325.41 feasibleAnts=5 noImprove=34 (elapsed 237.089s)
[ITER 1020] bestGlobalCost=9357274.82 (feasible=YES) bestThisIter=9427222.54 feasibleAnts=5 noImprove=44 (elapsed 239.342s)
[RESET] no improvement for50-> reset pheromones
[ITER 1030] bestGlobalCost=9357274.82 (feasible=YES) bestThisIter=9357274.82 feasibleAnts=17 noImprove=4 (elapsed 241.997s)
[ITER 1040] bestGlobalCost=9357274.82 (feasible=YES) bestThisIter=9380171.60 feasibleAnts=7 noImprove=14 (elapsed 243.903s)
[ITER 1050] bestGlobalCost=9357274.82 (feasible=YES) bestThisIter=9407981.92 feasibleAnts=8 noImprove=24 (elapsed 245.997s)
[ITER 1060] bestGlobalCost=9357274.82 (feasible=YES) bestThisIter=9417075.52 feasibleAnts=5 noImprove=34 (elapsed 248.802s)
[ITER 1070] bestGlobalCost=9357274.82 (feasible=YES) bestThisIter=9469578.19 feasibleAnts=6 noImprove=44 (elapsed 251.143s)
[RESET] no improvement for50-> reset pheromones
[ITER 1080] bestGlobalCost=9357274.82 (feasible=YES) bestThisIter=9357274.82 feasibleAnts=18 noImprove=4 (elapsed 253.264s)
[ITER 1090] bestGlobalCost=9357274.82 (feasible=YES) bestThisIter=9398467.05 feasibleAnts=6 noImprove=14 (elapsed 255.796s)
[ITER 1100] bestGlobalCost=9357274.82 (feasible=YES) bestThisIter=9389738.36 feasibleAnts=5 noImprove=24 (elapsed 258.164s)
[ITER 1110] bestGlobalCost=9357274.82 (feasible=YES) bestThisIter=9439263.16 feasibleAnts=6 noImprove=34 (elapsed 260.141s)
[ITER 1120] bestGlobalCost=9357274.82 (feasible=YES) bestThisIter=9374481.88 feasibleAnts=5 noImprove=44 (elapsed 262.632s)
[RESET] no improvement for50-> reset pheromones
[ITER 1130] bestGlobalCost=9357274.82 (feasible=YES) bestThisIter=9357274.82 feasibleAnts=18 noImprove=4 (elapsed 265.364s)
[ITER 1140] bestGlobalCost=9357274.82 (feasible=YES) bestThisIter=9408478.23 feasibleAnts=5 noImprove=14 (elapsed 267.353s)
[ITER 1150] bestGlobalCost=9357274.82 (feasible=YES) bestThisIter=9453003.73 feasibleAnts=6 noImprove=24 (elapsed 269.601s)
[ITER 1160] bestGlobalCost=9357274.82 (feasible=YES) bestThisIter=9432085.99 feasibleAnts=6 noImprove=34 (elapsed 271.71s)
[ITER 1170] bestGlobalCost=9357274.82 (feasible=YES) bestThisIter=9445676.85 feasibleAnts=6 noImprove=44 (elapsed 273.703s)
[RESET] no improvement for50-> reset pheromones
[ITER 1180] bestGlobalCost=9357274.82 (feasible=YES) bestThisIter=9357274.82 feasibleAnts=20 noImprove=4 (elapsed 276.438s)
[ITER 1190] bestGlobalCost=9357274.82 (feasible=YES) bestThisIter=9377154.62 feasibleAnts=8 noImprove=14 (elapsed 278.851s)
[ITER 1200] bestGlobalCost=9357274.82 (feasible=YES) bestThisIter=9409368.54 feasibleAnts=7 noImprove=24 (elapsed 281.176s)
[ITER 1210] bestGlobalCost=9357274.82 (feasible=YES) bestThisIter=9468377.66 feasibleAnts=5 noImprove=34 (elapsed 283.718s)
[ITER 1220] bestGlobalCost=9357274.82 (feasible=YES) bestThisIter=9454100.18 feasibleAnts=5 noImprove=44 (elapsed 286.201s)
[RESET] no improvement for50-> reset pheromones
[ITER 1230] bestGlobalCost=9357274.82 (feasible=YES) bestThisIter=9357274.82 feasibleAnts=17 noImprove=4 (elapsed 288.239s)
[ITER 1240] bestGlobalCost=9357274.82 (feasible=YES) bestThisIter=9383912.07 feasibleAnts=7 noImprove=14 (elapsed 290.353s)
[ITER 1250] bestGlobalCost=9357274.82 (feasible=YES) bestThisIter=9428937.89 feasibleAnts=7 noImprove=24 (elapsed 292.559s)
[ITER 1260] bestGlobalCost=9357274.82 (feasible=YES) bestThisIter=9432482.20 feasibleAnts=8 noImprove=34 (elapsed 294.697s)
[ITER 1270] bestGlobalCost=9357274.82 (feasible=YES) bestThisIter=9436441.50 feasibleAnts=6 noImprove=44 (elapsed 296.828s)
[RESET] no improvement for50-> reset pheromones
[ITER 1280] bestGlobalCost=9357274.82 (feasible=YES) bestThisIter=9357274.82 feasibleAnts=15 noImprove=4 (elapsed 299.722s)
141 142 143 144 146 148 162 164 165 166 167 168 169 170 172 173 174 175 176 177 178 179 180 181 183 212 215 216 217 218 219 220 221 222 223 224 225 236 238 239 240 241 242 243 244 245 246 247 248 249 250 264 
2 3 4 5 6 7 8 9 10 11 12 13 14 15 16 17 19 20 21 27 74 75 76 77 78 79 80 81 82 83 84 85 86 87 88 89 90 91 92 93 94 95 96 97 98 99 100 105 130 131 132 
37 44 45 49 50 51 52 53 54 55 56 57 58 59 107 116 122 123 124 125 126 127 128 145 147 149 150 151 152 153 154 155 156 157 158 159 160 161 163 171 226 227 228 229 230 231 232 233 234 235 237 
133 134 135 136 137 138 139 140 182 184 185 186 187 188 189 190 191 192 193 194 195 196 197 198 199 200 201 202 203 204 205 206 207 208 209 210 211 213 214 251 252 253 254 255 256 257 258 259 260 261 262 263 
1 18 22 23 24 25 26 28 29 30 31 32 33 34 35 36 38 39 40 41 42 43 46 47 48 60 61 62 63 64 65 66 67 68 69 70 71 72 73 101 102 103 104 106 108 109 110 111 112 113 114 115 117 118 119 120 121 129 
[SAVELOGS] evolution saved to results/logs/aco_logs/evolution/pr264_05_2.txt
[SAVELOGS] best cost saved to results/logs/aco_logs/objectives/pr264_05_2.txt
[SAVELOGS] best solution saved to results/logs/aco_logs/solutions/pr264_05_2.txt
