[ITER 1] New best cost=221411.99 (feasible=YES, time 0.0489642s)
[ITER 2] New best cost=219118.06 (feasible=YES, time 0.090469s)
[ITER 7] New best cost=217747.06 (feasible=YES, time 0.244094s)
[ITER 10] bestGlobalCost=217747.06 (feasible=YES) bestThisIter=217747.06 feasibleAnts=10 noImprove=3 (elapsed 0.347057s)
[ITER 20] bestGlobalCost=217747.06 (feasible=YES) bestThisIter=217747.06 feasibleAnts=10 noImprove=13 (elapsed 1.7263s)
[ITER 30] New best cost=217217.89 (feasible=YES, time 2.50357s)
[ITER 30] bestGlobalCost=217217.89 (feasible=YES) bestThisIter=217747.06 feasibleAnts=10 noImprove=0 (elapsed 3.36164s)
[ITER 38] New best cost=216948.29 (feasible=YES, time 3.55654s)
[ITER 40] bestGlobalCost=216948.29 (feasible=YES) bestThisIter=217217.89 feasibleAnts=11 noImprove=2 (elapsed 3.59451s)
[ITER 50] bestGlobalCost=216948.29 (feasible=YES) bestThisIter=216948.29 feasibleAnts=10 noImprove=12 (elapsed 5.31882s)
[ITER 60] bestGlobalCost=216948.29 (feasible=YES) bestThisIter=216948.29 feasibleAnts=10 noImprove=22 (elapsed 6.80106s)
[RESET] no improvement for30-> reset pheromones
[ITER 70] bestGlobalCost=216948.29 (feasible=YES) bestThisIter=216948.29 feasibleAnts=12 noImprove=2 (elapsed 7.05841s)
[ITER 80] bestGlobalCost=216948.29 (feasible=YES) bestThisIter=218310.55 feasibleAnts=10 noImprove=12 (elapsed 8.5549s)
[ITER 90] bestGlobalCost=216948.29 (feasible=YES) bestThisIter=216948.29 feasibleAnts=10 noImprove=22 (elapsed 9.9986s)
[RESET] no improvement for30-> reset pheromones
[ITER 100] bestGlobalCost=216948.29 (feasible=YES) bestThisIter=217895.57 feasibleAnts=10 noImprove=2 (elapsed 10.3572s)
[ITER 110] bestGlobalCost=216948.29 (feasible=YES) bestThisIter=216948.29 feasibleAnts=10 noImprove=12 (elapsed 12.2217s)
[ITER 120] bestGlobalCost=216948.29 (feasible=YES) bestThisIter=216948.29 feasibleAnts=10 noImprove=22 (elapsed 13.9826s)
[RESET] no improvement for30-> reset pheromones
[ITER 130] bestGlobalCost=216948.29 (feasible=YES) bestThisIter=220017.08 feasibleAnts=10 noImprove=2 (elapsed 14.2242s)
[ITER 140] bestGlobalCost=216948.29 (feasible=YES) bestThisIter=216948.29 feasibleAnts=10 noImprove=12 (elapsed 15.6824s)
[ITER 150] bestGlobalCost=216948.29 (feasible=YES) bestThisIter=216948.29 feasibleAnts=10 noImprove=22 (elapsed 17.1503s)
[RESET] no improvement for30-> reset pheromones
[ITER 160] bestGlobalCost=216948.29 (feasible=YES) bestThisIter=216948.29 feasibleAnts=10 noImprove=2 (elapsed 17.4108s)
[ITER 170] bestGlobalCost=216948.29 (feasible=YES) bestThisIter=217747.06 feasibleAnts=10 noImprove=12 (elapsed 19.1367s)
[ITER 180] bestGlobalCost=216948.29 (feasible=YES) bestThisIter=216948.29 feasibleAnts=10 noImprove=22 (elapsed 20.8438s)
[RESET] no improvement for30-> reset pheromones
[ITER 190] bestGlobalCost=216948.29 (feasible=YES) bestThisIter=216948.29 feasibleAnts=10 noImprove=2 (elapsed 21.1685s)
[ITER 200] bestGlobalCost=216948.29 (feasible=YES) bestThisIter=217502.38 feasibleAnts=10 noImprove=12 (elapsed 22.7875s)
[ITER 210] bestGlobalCost=216948.29 (feasible=YES) bestThisIter=218134.36 feasibleAnts=10 noImprove=22 (elapsed 24.2429s)
[RESET] no improvement for30-> reset pheromones
[ITER 220] bestGlobalCost=216948.29 (feasible=YES) bestThisIter=216948.29 feasibleAnts=10 noImprove=2 (elapsed 24.4963s)
[ITER 230] bestGlobalCost=216948.29 (feasible=YES) bestThisIter=219396.68 feasibleAnts=10 noImprove=12 (elapsed 25.963s)
[ITER 240] bestGlobalCost=216948.29 (feasible=YES) bestThisIter=216948.29 feasibleAnts=10 noImprove=22 (elapsed 27.7169s)
[RESET] no improvement for30-> reset pheromones
[ITER 250] bestGlobalCost=216948.29 (feasible=YES) bestThisIter=216948.29 feasibleAnts=10 noImprove=2 (elapsed 28.0882s)
[ITER 260] bestGlobalCost=216948.29 (feasible=YES) bestThisIter=217895.57 feasibleAnts=10 noImprove=12 (elapsed 29.9344s)
[ITER 270] bestGlobalCost=216948.29 (feasible=YES) bestThisIter=216948.29 feasibleAnts=10 noImprove=22 (elapsed 31.3254s)
[RESET] no improvement for30-> reset pheromones
[ITER 280] bestGlobalCost=216948.29 (feasible=YES) bestThisIter=217232.78 feasibleAnts=10 noImprove=2 (elapsed 31.6051s)
[ITER 290] bestGlobalCost=216948.29 (feasible=YES) bestThisIter=216948.29 feasibleAnts=10 noImprove=12 (elapsed 33.1019s)
[ITER 300] bestGlobalCost=216948.29 (feasible=YES) bestThisIter=216948.29 feasibleAnts=10 noImprove=22 (elapsed 34.6829s)
[RESET] no improvement for30-> reset pheromones
[ITER 310] bestGlobalCost=216948.29 (feasible=YES) bestThisIter=221379.34 feasibleAnts=10 noImprove=2 (elapsed 34.9907s)
[ITER 320] bestGlobalCost=216948.29 (feasible=YES) bestThisIter=216948.29 feasibleAnts=10 noImprove=12 (elapsed 36.8321s)
[ITER 330] bestGlobalCost=216948.29 (feasible=YES) bestThisIter=216948.29 feasibleAnts=10 noImprove=22 (elapsed 38.4327s)
[RESET] no improvement for30-> reset pheromones
[ITER 340] bestGlobalCost=216948.29 (feasible=YES) bestThisIter=221075.86 feasibleAnts=10 noImprove=2 (elapsed 38.6975s)
[ITER 350] bestGlobalCost=216948.29 (feasible=YES) bestThisIter=221949.62 feasibleAnts=10 noImprove=12 (elapsed 40.1869s)
[ITER 360] bestGlobalCost=216948.29 (feasible=YES) bestThisIter=216948.29 feasibleAnts=10 noImprove=22 (elapsed 41.6151s)
[RESET] no improvement for30-> reset pheromones
[ITER 370] bestGlobalCost=216948.29 (feasible=YES) bestThisIter=219875.75 feasibleAnts=10 noImprove=2 (elapsed 41.9083s)
[ITER 380] bestGlobalCost=216948.29 (feasible=YES) bestThisIter=218134.36 feasibleAnts=10 noImprove=12 (elapsed 43.7757s)
[ITER 390] bestGlobalCost=216948.29 (feasible=YES) bestThisIter=219396.68 feasibleAnts=10 noImprove=22 (elapsed 45.53s)
[RESET] no improvement for30-> reset pheromones
[ITER 400] bestGlobalCost=216948.29 (feasible=YES) bestThisIter=216948.29 feasibleAnts=11 noImprove=2 (elapsed 45.8808s)
[ITER 410] bestGlobalCost=216948.29 (feasible=YES) bestThisIter=216948.29 feasibleAnts=10 noImprove=12 (elapsed 47.3136s)
[ITER 420] bestGlobalCost=216948.29 (feasible=YES) bestThisIter=217818.52 feasibleAnts=10 noImprove=22 (elapsed 48.7994s)
[RESET] no improvement for30-> reset pheromones
[ITER 430] bestGlobalCost=216948.29 (feasible=YES) bestThisIter=221043.92 feasibleAnts=10 noImprove=2 (elapsed 49.0731s)
[ITER 440] bestGlobalCost=216948.29 (feasible=YES) bestThisIter=217747.06 feasibleAnts=10 noImprove=12 (elapsed 50.7334s)
[ITER 450] bestGlobalCost=216948.29 (feasible=YES) bestThisIter=217747.06 feasibleAnts=10 noImprove=22 (elapsed 52.4423s)
[RESET] no improvement for30-> reset pheromones
[ITER 460] bestGlobalCost=216948.29 (feasible=YES) bestThisIter=217818.52 feasibleAnts=10 noImprove=2 (elapsed 52.8093s)
[ITER 470] bestGlobalCost=216948.29 (feasible=YES) bestThisIter=217232.78 feasibleAnts=10 noImprove=12 (elapsed 54.4466s)
[ITER 480] bestGlobalCost=216948.29 (feasible=YES) bestThisIter=216948.29 feasibleAnts=10 noImprove=22 (elapsed 55.8788s)
[RESET] no improvement for30-> reset pheromones
[ITER 490] bestGlobalCost=216948.29 (feasible=YES) bestThisIter=217818.52 feasibleAnts=10 noImprove=2 (elapsed 56.1412s)
[ITER 500] bestGlobalCost=216948.29 (feasible=YES) bestThisIter=218678.63 feasibleAnts=10 noImprove=12 (elapsed 57.6129s)
[ITER 510] bestGlobalCost=216948.29 (feasible=YES) bestThisIter=216948.29 feasibleAnts=10 noImprove=22 (elapsed 59.2766s)
[RESET] no improvement for30-> reset pheromones
[ITER 520] bestGlobalCost=216948.29 (feasible=YES) bestThisIter=216948.29 feasibleAnts=10 noImprove=2 (elapsed 59.6333s)
11 44 48 52 63 66 84 87 96 97 
10 14 33 36 45 57 74 81 92 100 
3 30 41 59 60 69 73 77 89 
8 17 20 22 25 34 39 58 88 90 98 
7 9 16 26 32 51 61 78 82 
6 31 42 47 54 55 64 65 67 75 80 
2 21 23 35 68 70 76 83 91 94 95 
5 28 38 43 50 56 62 71 72 86 
1 12 13 15 27 40 53 79 85 
4 18 19 24 29 37 46 49 93 99 
[SAVELOGS] evolution saved to results/logs/kroC100_10_2/evolution/kroC100_10_2
[SAVELOGS] best cost saved to results/logs/kroC100_10_2/objectives/kroC100_10_2
[SAVELOGS] best solution saved to results/logs/kroC100_10_2/solutions/kroC100_10_2
