[ITER 1] New best cost=161431.52 (feasible=YES, time 0.134019s)
[ITER 6] New best cost=160333.72 (feasible=YES, time 0.765147s)
[ITER 7] New best cost=158081.80 (feasible=YES, time 0.869052s)
[ITER 8] New best cost=151084.94 (feasible=YES, time 0.939726s)
[ITER 9] New best cost=149249.56 (feasible=YES, time 1.01622s)
[ITER 10] bestGlobalCost=149249.56 (feasible=YES) bestThisIter=149249.56 feasibleAnts=10 noImprove=1 (elapsed 1.10737s)
[ITER 15] New best cost=148812.59 (feasible=YES, time 3.53556s)
[ITER 20] bestGlobalCost=148812.59 (feasible=YES) bestThisIter=148812.59 feasibleAnts=8 noImprove=5 (elapsed 5.10559s)
[ITER 30] New best cost=146437.84 (feasible=YES, time 6.54747s)
[ITER 30] bestGlobalCost=146437.84 (feasible=YES) bestThisIter=157996.75 feasibleAnts=10 noImprove=0 (elapsed 8.64515s)
[ITER 40] bestGlobalCost=146437.84 (feasible=YES) bestThisIter=146437.84 feasibleAnts=9 noImprove=10 (elapsed 9.73305s)
[ITER 45] New best cost=146128.63 (feasible=YES, time 12.1914s)
[ITER 50] bestGlobalCost=146128.63 (feasible=YES) bestThisIter=146128.63 feasibleAnts=10 noImprove=5 (elapsed 13.6999s)
[ITER 60] New best cost=146108.20 (feasible=YES, time 17.2027s)
[ITER 60] bestGlobalCost=146108.20 (feasible=YES) bestThisIter=155783.41 feasibleAnts=9 noImprove=0 (elapsed 17.2072s)
[ITER 64] New best cost=146034.10 (feasible=YES, time 17.5458s)
[ITER 70] bestGlobalCost=146034.10 (feasible=YES) bestThisIter=146034.10 feasibleAnts=10 noImprove=6 (elapsed 18.0321s)
[ITER 75] New best cost=144894.01 (feasible=YES, time 18.977s)
[ITER 80] bestGlobalCost=144894.01 (feasible=YES) bestThisIter=144894.01 feasibleAnts=10 noImprove=5 (elapsed 21.6815s)
[ITER 90] bestGlobalCost=144894.01 (feasible=YES) bestThisIter=160130.38 feasibleAnts=9 noImprove=15 (elapsed 25.6106s)
[ITER 100] bestGlobalCost=144894.01 (feasible=YES) bestThisIter=157846.70 feasibleAnts=10 noImprove=25 (elapsed 26.6986s)
[ITER 105] New best cost=144527.44 (feasible=YES, time 27.8604s)
[ITER 110] bestGlobalCost=144527.44 (feasible=YES) bestThisIter=144527.44 feasibleAnts=11 noImprove=5 (elapsed 30.7468s)
[ITER 120] bestGlobalCost=144527.44 (feasible=YES) bestThisIter=159503.78 feasibleAnts=10 noImprove=15 (elapsed 34.5833s)
[ITER 130] bestGlobalCost=144527.44 (feasible=YES) bestThisIter=153800.17 feasibleAnts=10 noImprove=25 (elapsed 35.751s)
[RESET] no improvement for30-> reset pheromones
[ITER 140] bestGlobalCost=144527.44 (feasible=YES) bestThisIter=161080.66 feasibleAnts=10 noImprove=5 (elapsed 39.4496s)
[ITER 150] bestGlobalCost=144527.44 (feasible=YES) bestThisIter=167316.14 feasibleAnts=9 noImprove=15 (elapsed 43.9427s)
[ITER 160] bestGlobalCost=144527.44 (feasible=YES) bestThisIter=155118.66 feasibleAnts=10 noImprove=25 (elapsed 45.1466s)
[RESET] no improvement for30-> reset pheromones
[ITER 170] bestGlobalCost=144527.44 (feasible=YES) bestThisIter=168023.49 feasibleAnts=10 noImprove=5 (elapsed 48.9672s)
[ITER 180] bestGlobalCost=144527.44 (feasible=YES) bestThisIter=154379.21 feasibleAnts=10 noImprove=15 (elapsed 53.4765s)
[ITER 190] bestGlobalCost=144527.44 (feasible=YES) bestThisIter=164962.93 feasibleAnts=10 noImprove=25 (elapsed 54.6437s)
[RESET] no improvement for30-> reset pheromones
[ITER 200] bestGlobalCost=144527.44 (feasible=YES) bestThisIter=155961.10 feasibleAnts=10 noImprove=5 (elapsed 58.3584s)
[ITER 210] bestGlobalCost=144527.44 (feasible=YES) bestThisIter=157541.42 feasibleAnts=10 noImprove=15 (elapsed 62.5249s)
31 42 56 69 80 89 97 
2 40 54 61 64 87 
16 22 26 53 66 70 88 
24 36 38 59 74 94 
11 15 17 32 72 99 
3 14 43 46 48 71 100 
7 9 20 27 34 51 55 83 
1 28 44 58 67 81 93 
25 30 50 68 73 85 
10 18 21 79 84 90 
4 6 8 19 49 65 75 92 
12 35 57 60 62 77 86 
29 37 39 41 52 78 96 
5 13 33 76 82 95 
23 45 47 63 91 98 
[SAVELOGS] evolution saved to results/logs/kroA100_15_4/evolution/kroA100_15_4
[SAVELOGS] best cost saved to results/logs/kroA100_15_4/objectives/kroA100_15_4
[SAVELOGS] best solution saved to results/logs/kroA100_15_4/solutions/kroA100_15_4
