[ITER 1] New best cost=2701942.95 (feasible=YES, time 1.5467s)
[ITER 2] New best cost=2669406.37 (feasible=YES, time 3.10889s)
[ITER 4] New best cost=2666008.35 (feasible=YES, time 5.37832s)
[ITER 7] New best cost=2665995.61 (feasible=YES, time 8.31809s)
[TS] New best cost=2661192.22 (feasible=YES, time 14.9351s)
[ITER 10] bestGlobalCost=2661192.22 (feasible=YES) bestThisIter=2672041.44 feasibleAnts=10 noImprove=3 (elapsed 14.9388s)
[ITER 11] New best cost=2656576.49 (feasible=YES, time 16.2444s)
[ITER 19] New best cost=2654336.35 (feasible=YES, time 23.7059s)
[ITER 20] bestGlobalCost=2654336.35 (feasible=YES) bestThisIter=2656576.49 feasibleAnts=15 noImprove=1 (elapsed 28.9349s)
[ITER 23] New best cost=2654126.74 (feasible=YES, time 32.1189s)
[ITER 30] bestGlobalCost=2654126.74 (feasible=YES) bestThisIter=2654126.74 feasibleAnts=10 noImprove=7 (elapsed 43.4248s)
[ITER 40] bestGlobalCost=2654126.74 (feasible=YES) bestThisIter=2686735.15 feasibleAnts=10 noImprove=17 (elapsed 57.5963s)
[ITER 50] bestGlobalCost=2654126.74 (feasible=YES) bestThisIter=2659414.44 feasibleAnts=10 noImprove=27 (elapsed 72.8359s)
[ITER 60] bestGlobalCost=2654126.74 (feasible=YES) bestThisIter=2674573.62 feasibleAnts=10 noImprove=37 (elapsed 86.106s)
[ITER 70] bestGlobalCost=2654126.74 (feasible=YES) bestThisIter=2685168.98 feasibleAnts=10 noImprove=47 (elapsed 99.9419s)
[RESET] no improvement for50-> reset pheromones
[ITER 80] bestGlobalCost=2654126.74 (feasible=YES) bestThisIter=2654126.74 feasibleAnts=9 noImprove=7 (elapsed 112.683s)
[ITER 90] bestGlobalCost=2654126.74 (feasible=YES) bestThisIter=2667217.17 feasibleAnts=10 noImprove=17 (elapsed 127.14s)
[ITER 100] bestGlobalCost=2654126.74 (feasible=YES) bestThisIter=2671070.32 feasibleAnts=10 noImprove=27 (elapsed 140.763s)
[ITER 110] bestGlobalCost=2654126.74 (feasible=YES) bestThisIter=2672913.74 feasibleAnts=10 noImprove=37 (elapsed 154.298s)
[ITER 120] bestGlobalCost=2654126.74 (feasible=YES) bestThisIter=2664499.47 feasibleAnts=10 noImprove=47 (elapsed 168.888s)
[RESET] no improvement for50-> reset pheromones
[ITER 130] bestGlobalCost=2654126.74 (feasible=YES) bestThisIter=2656627.21 feasibleAnts=10 noImprove=7 (elapsed 183.048s)
[ITER 140] bestGlobalCost=2654126.74 (feasible=YES) bestThisIter=2667049.38 feasibleAnts=10 noImprove=17 (elapsed 197.698s)
[ITER 150] bestGlobalCost=2654126.74 (feasible=YES) bestThisIter=2682855.04 feasibleAnts=10 noImprove=27 (elapsed 212.306s)
[ITER 160] bestGlobalCost=2654126.74 (feasible=YES) bestThisIter=2683489.47 feasibleAnts=10 noImprove=37 (elapsed 227.746s)
[ITER 170] bestGlobalCost=2654126.74 (feasible=YES) bestThisIter=2676342.64 feasibleAnts=10 noImprove=47 (elapsed 241.922s)
[RESET] no improvement for50-> reset pheromones
[ITER 180] bestGlobalCost=2654126.74 (feasible=YES) bestThisIter=2662570.81 feasibleAnts=10 noImprove=7 (elapsed 255.07s)
[ITER 190] bestGlobalCost=2654126.74 (feasible=YES) bestThisIter=2668211.45 feasibleAnts=10 noImprove=17 (elapsed 269.088s)
[ITER 200] bestGlobalCost=2654126.74 (feasible=YES) bestThisIter=2660587.10 feasibleAnts=10 noImprove=27 (elapsed 284.034s)
[ITER 210] bestGlobalCost=2654126.74 (feasible=YES) bestThisIter=2671261.43 feasibleAnts=10 noImprove=37 (elapsed 298.014s)
214 215 223 224 227 235 236 244 245 246 247 248 249 250 251 252 253 254 255 256 257 258 259 260 261 262 263 265 266 267 268 269 314 
264 270 271 272 273 274 275 276 278 279 280 282 283 284 285 286 290 291 297 298 299 300 303 304 305 308 309 310 315 318 
65 66 87 94 95 100 172 173 174 176 177 178 181 182 183 184 185 186 187 188 189 190 191 196 197 198 201 202 203 206 207 
109 110 118 119 139 140 211 212 213 216 217 218 219 220 221 222 225 226 228 229 230 231 232 233 234 237 238 239 240 241 242 243 313 
67 68 69 70 71 72 73 74 75 77 78 79 80 81 82 83 84 85 86 89 91 92 93 96 97 98 99 101 102 105 
36 37 38 40 41 42 43 44 45 46 47 48 49 50 51 52 53 54 55 56 57 58 59 60 61 62 63 64 76 88 90 104 316 317 
39 136 138 141 142 143 144 145 146 147 148 149 150 151 152 153 154 155 156 157 158 159 160 161 162 163 164 167 168 169 180 209 210 
165 166 170 171 175 179 192 193 194 195 199 200 204 205 277 281 287 288 289 292 293 294 295 296 301 302 306 307 311 312 
1 2 3 5 6 7 8 9 10 11 12 14 15 16 17 18 19 20 21 22 23 24 25 26 27 28 29 30 31 32 33 103 
4 13 34 35 106 107 108 111 112 113 114 115 116 117 120 121 122 123 124 125 126 127 128 129 130 131 132 133 134 135 137 208 
[SAVELOGS] evolution saved to results/logs/aco_logs/evolution/lin318_10_2.txt
[SAVELOGS] best cost saved to results/logs/aco_logs/objectives/lin318_10_2.txt
[SAVELOGS] best solution saved to results/logs/aco_logs/solutions/lin318_10_2.txt
