[ITER 1] New best cost=151779.82 (feasible=YES, time 0.255887s)
[ITER 2] New best cost=151707.89 (feasible=YES, time 0.40336s)
[ITER 3] New best cost=149194.29 (feasible=YES, time 0.583409s)
[ITER 5] New best cost=148041.43 (feasible=YES, time 0.909209s)
[ITER 7] New best cost=147344.71 (feasible=YES, time 1.23636s)
[ITER 8] New best cost=147101.73 (feasible=YES, time 1.41634s)
[ITER 10] bestGlobalCost=147101.73 (feasible=YES) bestThisIter=148106.43 feasibleAnts=9 noImprove=2 (elapsed 1.75422s)
[ITER 11] New best cost=146812.10 (feasible=YES, time 1.86858s)
[ITER 12] New best cost=144407.19 (feasible=YES, time 2.0468s)
[ITER 14] New best cost=143483.65 (feasible=YES, time 2.35217s)
[ITER 19] New best cost=143145.63 (feasible=YES, time 12.8281s)
[ITER 20] bestGlobalCost=143145.63 (feasible=YES) bestThisIter=143145.63 feasibleAnts=18 noImprove=1 (elapsed 12.9216s)
[ITER 30] New best cost=142963.43 (feasible=YES, time 24.8644s)
[ITER 30] bestGlobalCost=142963.43 (feasible=YES) bestThisIter=146347.61 feasibleAnts=10 noImprove=0 (elapsed 24.8688s)
[ITER 34] New best cost=142915.22 (feasible=YES, time 25.6281s)
[ITER 40] bestGlobalCost=142915.22 (feasible=YES) bestThisIter=142915.22 feasibleAnts=10 noImprove=6 (elapsed 26.3658s)
[ITER 43] New best cost=141701.41 (feasible=YES, time 26.8353s)
[ITER 50] bestGlobalCost=141701.41 (feasible=YES) bestThisIter=141701.41 feasibleAnts=9 noImprove=7 (elapsed 37.5017s)
[ITER 60] New best cost=141289.03 (feasible=YES, time 48.9933s)
[ITER 60] bestGlobalCost=141289.03 (feasible=YES) bestThisIter=146315.68 feasibleAnts=10 noImprove=0 (elapsed 48.9977s)
[ITER 70] bestGlobalCost=141289.03 (feasible=YES) bestThisIter=141551.26 feasibleAnts=10 noImprove=10 (elapsed 50.5811s)
[ITER 75] New best cost=141053.36 (feasible=YES, time 53.3701s)
13 44 45 68 71 74 91 106 112 119 123 128 136 145 
3 4 21 22 62 63 64 88 104 105 113 115 125 149 150 
14 23 27 31 32 38 41 49 72 116 129 131 144 147 
2 6 19 20 29 42 47 70 99 102 108 114 132 135 137 
1 8 10 30 34 48 73 76 84 87 94 96 98 121 
18 26 46 50 55 58 65 75 81 83 85 86 90 141 142 146 
15 16 33 52 54 59 67 77 78 79 80 92 111 122 133 134 138 
11 17 36 39 57 60 66 69 101 117 118 130 140 148 
5 7 35 56 82 89 93 95 97 100 103 107 124 126 143 
9 12 24 25 28 37 40 43 51 53 61 109 110 120 127 139 
[SAVELOGS] evolution saved to results/logs/ch150_10_5/evolution/ch150_10_5
[SAVELOGS] best cost saved to results/logs/ch150_10_5/objectives/ch150_10_5
[SAVELOGS] best solution saved to results/logs/ch150_10_5/solutions/ch150_10_5
