[ITER 1] New best cost=433834.83 (feasible=YES, time 0.256518s)
[ITER 2] New best cost=404458.64 (feasible=YES, time 1.24764s)
[ITER 3] New best cost=392416.29 (feasible=YES, time 1.96972s)
[ITER 4] New best cost=375594.42 (feasible=YES, time 2.97438s)
[ITER 7] New best cost=373140.46 (feasible=YES, time 5.76237s)
[ITER 9] New best cost=369588.70 (feasible=YES, time 7.69287s)
[ITER 10] bestGlobalCost=369588.70 (feasible=YES) bestThisIter=371451.71 feasibleAnts=13 noImprove=1 (elapsed 10.7298s)
[ITER 12] New best cost=365862.23 (feasible=YES, time 12.6613s)
[ITER 14] New best cost=365815.83 (feasible=YES, time 14.5614s)
[ITER 16] New best cost=364137.97 (feasible=YES, time 16.7077s)
[ITER 17] New best cost=363086.88 (feasible=YES, time 17.5031s)
[ITER 18] New best cost=357514.54 (feasible=YES, time 18.6433s)
[ITER 20] bestGlobalCost=357514.54 (feasible=YES) bestThisIter=361426.15 feasibleAnts=10 noImprove=2 (elapsed 22.0979s)
[ITER 21] New best cost=356552.30 (feasible=YES, time 22.9783s)
[ITER 30] bestGlobalCost=356552.30 (feasible=YES) bestThisIter=359343.21 feasibleAnts=9 noImprove=9 (elapsed 32.8903s)
[ITER 33] New best cost=356157.47 (feasible=YES, time 35.3802s)
[ITER 37] New best cost=355734.72 (feasible=YES, time 37.1513s)
[ITER 40] bestGlobalCost=355734.72 (feasible=YES) bestThisIter=364207.85 feasibleAnts=19 noImprove=3 (elapsed 41.004s)
[ITER 50] bestGlobalCost=355734.72 (feasible=YES) bestThisIter=366765.86 feasibleAnts=10 noImprove=13 (elapsed 51.1461s)
[ITER 60] bestGlobalCost=355734.72 (feasible=YES) bestThisIter=387973.75 feasibleAnts=6 noImprove=23 (elapsed 61.1435s)
[ITER 70] bestGlobalCost=355734.72 (feasible=YES) bestThisIter=397576.30 feasibleAnts=4 noImprove=33 (elapsed 69.969s)
[ITER 80] bestGlobalCost=355734.72 (feasible=YES) bestThisIter=384390.08 feasibleAnts=4 noImprove=43 (elapsed 75.0756s)
[RESET] no improvement for50-> reset pheromones
[ITER 90] bestGlobalCost=355734.72 (feasible=YES) bestThisIter=360089.35 feasibleAnts=10 noImprove=3 (elapsed 80.4802s)
[ITER 100] bestGlobalCost=355734.72 (feasible=YES) bestThisIter=372042.38 feasibleAnts=10 noImprove=13 (elapsed 90.7881s)
[ITER 110] bestGlobalCost=355734.72 (feasible=YES) bestThisIter=383353.70 feasibleAnts=6 noImprove=23 (elapsed 102.432s)
[ITER 120] bestGlobalCost=355734.72 (feasible=YES) bestThisIter=387725.38 feasibleAnts=4 noImprove=33 (elapsed 109.72s)
[ITER 130] bestGlobalCost=355734.72 (feasible=YES) bestThisIter=398708.75 feasibleAnts=4 noImprove=43 (elapsed 114.712s)
[RESET] no improvement for50-> reset pheromones
[ITER 140] bestGlobalCost=355734.72 (feasible=YES) bestThisIter=358180.08 feasibleAnts=9 noImprove=3 (elapsed 119.706s)
[ITER 150] bestGlobalCost=355734.72 (feasible=YES) bestThisIter=356452.53 feasibleAnts=9 noImprove=13 (elapsed 130.969s)
[ITER 160] bestGlobalCost=355734.72 (feasible=YES) bestThisIter=383538.20 feasibleAnts=8 noImprove=23 (elapsed 141.253s)
[ITER 170] bestGlobalCost=355734.72 (feasible=YES) bestThisIter=395245.35 feasibleAnts=3 noImprove=33 (elapsed 148.21s)
[ITER 180] bestGlobalCost=355734.72 (feasible=YES) bestThisIter=399552.49 feasibleAnts=4 noImprove=43 (elapsed 153.163s)
[RESET] no improvement for50-> reset pheromones
[ITER 190] bestGlobalCost=355734.72 (feasible=YES) bestThisIter=364767.90 feasibleAnts=10 noImprove=3 (elapsed 157.956s)
[ITER 192] New best cost=355635.64 (feasible=YES, time 159.184s)
[ITER 200] bestGlobalCost=355635.64 (feasible=YES) bestThisIter=363029.52 feasibleAnts=10 noImprove=8 (elapsed 168.012s)
[ITER 210] bestGlobalCost=355635.64 (feasible=YES) bestThisIter=375760.18 feasibleAnts=8 noImprove=18 (elapsed 179.461s)
[ITER 220] bestGlobalCost=355635.64 (feasible=YES) bestThisIter=389413.54 feasibleAnts=5 noImprove=28 (elapsed 188.396s)
[ITER 230] bestGlobalCost=355635.64 (feasible=YES) bestThisIter=427666.26 feasibleAnts=3 noImprove=38 (elapsed 194.226s)
[ITER 240] bestGlobalCost=355635.64 (feasible=YES) bestThisIter=432517.44 feasibleAnts=3 noImprove=48 (elapsed 198.277s)
[RESET] no improvement for50-> reset pheromones
[ITER 248] New best cost=355069.96 (feasible=YES, time 203.002s)
[ITER 250] bestGlobalCost=355069.96 (feasible=YES) bestThisIter=355635.64 feasibleAnts=12 noImprove=2 (elapsed 206.645s)
[ITER 260] bestGlobalCost=355069.96 (feasible=YES) bestThisIter=362779.54 feasibleAnts=8 noImprove=12 (elapsed 216.968s)
[ITER 270] bestGlobalCost=355069.96 (feasible=YES) bestThisIter=387049.90 feasibleAnts=5 noImprove=22 (elapsed 227.07s)
[ITER 280] bestGlobalCost=355069.96 (feasible=YES) bestThisIter=385671.76 feasibleAnts=3 noImprove=32 (elapsed 233.39s)
[ITER 290] bestGlobalCost=355069.96 (feasible=YES) bestThisIter=416301.13 feasibleAnts=3 noImprove=42 (elapsed 237.95s)
[RESET] no improvement for50-> reset pheromones
[ITER 300] bestGlobalCost=355069.96 (feasible=YES) bestThisIter=365697.42 feasibleAnts=10 noImprove=2 (elapsed 242.729s)
[ITER 310] bestGlobalCost=355069.96 (feasible=YES) bestThisIter=362301.17 feasibleAnts=10 noImprove=12 (elapsed 253.338s)
[ITER 320] bestGlobalCost=355069.96 (feasible=YES) bestThisIter=377360.52 feasibleAnts=8 noImprove=22 (elapsed 264.102s)
[ITER 330] bestGlobalCost=355069.96 (feasible=YES) bestThisIter=393154.16 feasibleAnts=3 noImprove=32 (elapsed 271.817s)
[ITER 340] bestGlobalCost=355069.96 (feasible=YES) bestThisIter=424178.04 feasibleAnts=4 noImprove=42 (elapsed 276.41s)
[RESET] no improvement for50-> reset pheromones
[ITER 350] bestGlobalCost=355069.96 (feasible=YES) bestThisIter=358654.33 feasibleAnts=10 noImprove=2 (elapsed 280.184s)
[ITER 360] bestGlobalCost=355069.96 (feasible=YES) bestThisIter=373375.01 feasibleAnts=10 noImprove=12 (elapsed 290.379s)
[ITER 370] bestGlobalCost=355069.96 (feasible=YES) bestThisIter=385020.00 feasibleAnts=9 noImprove=22 (elapsed 300.976s)
17 18 36 41 45 77 96 102 126 148 192 
19 44 92 119 130 135 137 151 153 200 
21 30 38 49 86 108 134 138 146 152 166 181 
60 66 87 94 114 133 145 157 165 168 199 
24 54 105 106 144 154 162 163 164 
47 79 80 81 101 113 124 127 179 
22 23 55 88 104 143 160 171 177 191 193 
5 10 39 53 68 111 123 142 149 
4 6 14 33 42 64 83 89 120 182 
3 11 29 59 73 85 93 97 122 167 
2 13 63 78 82 109 155 156 187 195 
16 43 50 103 118 125 140 159 183 185 
1 12 25 71 90 95 98 107 161 174 175 
8 28 32 76 91 99 129 136 158 
7 34 52 58 74 84 116 169 186 196 
40 67 70 117 170 189 190 194 198 
20 37 65 72 115 139 141 173 184 188 
26 56 62 69 75 100 132 150 197 
15 31 48 51 110 112 121 128 147 
9 27 35 46 57 61 131 172 176 178 180 
[SAVELOGS] evolution saved to results/logs/aco_logs/evolution/kroB200_20_4.txt
[SAVELOGS] best cost saved to results/logs/aco_logs/objectives/kroB200_20_4.txt
[SAVELOGS] best solution saved to results/logs/aco_logs/solutions/kroB200_20_4.txt
