[ITER 1] New best cost=5143.89 (feasible=YES, time 0.453631s)
[ITER 2] New best cost=4707.64 (feasible=YES, time 0.793277s)
[ITER 3] New best cost=4626.87 (feasible=YES, time 1.09881s)
[ITER 10] bestGlobalCost=4626.87 (feasible=YES) bestThisIter=4783.99 feasibleAnts=10 noImprove=7 (elapsed 3.84924s)
[ITER 15] New best cost=4506.36 (feasible=YES, time 7.99835s)
[ITER 15] New best cost=4407.53 (feasible=YES, time 11.0273s)
[ITER 19] New best cost=4404.71 (feasible=YES, time 15.8251s)
[ITER 20] bestGlobalCost=4404.71 (feasible=YES) bestThisIter=4407.53 feasibleAnts=12 noImprove=1 (elapsed 15.9482s)
[ITER 30] New best cost=4402.08 (feasible=YES, time 20.2191s)
[ITER 30] New best cost=4277.97 (feasible=YES, time 23.9113s)
[ITER 30] bestGlobalCost=4277.97 (feasible=YES) bestThisIter=4971.56 feasibleAnts=10 noImprove=0 (elapsed 26.9813s)
[ITER 34] New best cost=4276.36 (feasible=YES, time 27.7833s)
[ITER 36] New best cost=4243.66 (feasible=YES, time 28.1585s)
[ITER 40] bestGlobalCost=4243.66 (feasible=YES) bestThisIter=4247.36 feasibleAnts=9 noImprove=4 (elapsed 28.7515s)
[ITER 45] New best cost=4185.21 (feasible=YES, time 33.22s)
[ITER 50] bestGlobalCost=4185.21 (feasible=YES) bestThisIter=4185.21 feasibleAnts=9 noImprove=5 (elapsed 39.3896s)
[ITER 60] bestGlobalCost=4185.21 (feasible=YES) bestThisIter=4675.85 feasibleAnts=10 noImprove=15 (elapsed 50.9894s)
[ITER 70] bestGlobalCost=4185.21 (feasible=YES) bestThisIter=4799.85 feasibleAnts=10 noImprove=25 (elapsed 56.0119s)
[RESET] no improvement for30-> reset pheromones
29 30 32 33 36 37 38 
84 129 130 132 133 134 135 
18 21 22 23 24 25 26 
27 28 34 52 53 54 
110 111 112 113 114 118 119 
6 7 8 9 10 11 31 
55 63 64 65 66 67 69 
105 107 108 109 115 121 
68 70 71 75 88 92 94 
98 99 100 101 103 104 106 116 
72 74 76 77 82 86 87 
13 14 15 16 17 46 47 
89 90 91 93 95 96 97 
120 122 123 124 127 128 131 
56 57 58 59 60 61 62 
102 117 125 126 136 137 
12 39 41 42 43 45 48 
1 2 3 4 5 19 20 
35 40 44 49 50 51 73 
78 79 80 81 83 85 
[SAVELOGS] evolution saved to results/logs/gr137_20_5/evolution/gr137_20_5
[SAVELOGS] best cost saved to results/logs/gr137_20_5/objectives/gr137_20_5
[SAVELOGS] best solution saved to results/logs/gr137_20_5/solutions/gr137_20_5
