[ITER 1] New best cost=5035.72 (feasible=YES, time 0.469997s)
[ITER 2] New best cost=4967.93 (feasible=YES, time 0.844896s)
[ITER 3] New best cost=4908.42 (feasible=YES, time 1.19267s)
[ITER 4] New best cost=4642.81 (feasible=YES, time 1.60252s)
[ITER 5] New best cost=4503.52 (feasible=YES, time 2.01847s)
[ITER 10] bestGlobalCost=4503.52 (feasible=YES) bestThisIter=4644.59 feasibleAnts=10 noImprove=5 (elapsed 3.92965s)
[ITER 13] New best cost=4483.09 (feasible=YES, time 5.00625s)
[ITER 14] New best cost=4424.91 (feasible=YES, time 5.1585s)
[ITER 15] New best cost=4327.01 (feasible=YES, time 6.89642s)
[ITER 15] New best cost=4296.88 (feasible=YES, time 8.75503s)
[ITER 17] New best cost=4296.48 (feasible=YES, time 13.9548s)
[ITER 20] bestGlobalCost=4296.48 (feasible=YES) bestThisIter=4296.48 feasibleAnts=9 noImprove=3 (elapsed 14.4896s)
[ITER 30] bestGlobalCost=4296.48 (feasible=YES) bestThisIter=4481.43 feasibleAnts=10 noImprove=13 (elapsed 26.2625s)
[ITER 40] bestGlobalCost=4296.48 (feasible=YES) bestThisIter=4703.20 feasibleAnts=10 noImprove=23 (elapsed 30.1805s)
[RESET] no improvement for30-> reset pheromones
[ITER 50] bestGlobalCost=4296.48 (feasible=YES) bestThisIter=4682.87 feasibleAnts=10 noImprove=3 (elapsed 43.331s)
[ITER 60] bestGlobalCost=4296.48 (feasible=YES) bestThisIter=4820.44 feasibleAnts=10 noImprove=13 (elapsed 55.8714s)
[ITER 70] bestGlobalCost=4296.48 (feasible=YES) bestThisIter=4617.13 feasibleAnts=10 noImprove=23 (elapsed 60.2696s)
102 117 125 126 136 137 
98 99 100 101 103 104 106 116 
84 129 130 132 133 134 135 
13 14 15 16 17 45 46 48 
5 18 20 21 22 23 26 
120 122 123 124 127 128 131 
110 111 112 113 114 118 119 
65 68 70 71 72 89 94 
90 91 92 93 95 96 97 
12 30 41 42 43 47 
55 56 57 58 59 60 61 
54 62 63 64 66 67 69 
80 81 83 85 86 87 
1 2 3 4 19 24 
105 107 108 109 115 121 
27 28 33 34 52 53 
6 7 8 9 10 11 25 
51 74 76 77 78 79 82 88 
29 31 32 36 37 38 39 
35 40 44 49 50 73 75 
[SAVELOGS] evolution saved to results/logs/gr137_20_5/evolution/gr137_20_5
[SAVELOGS] best cost saved to results/logs/gr137_20_5/objectives/gr137_20_5
[SAVELOGS] best solution saved to results/logs/gr137_20_5/solutions/gr137_20_5
