[ITER 1] New best cost=682047.08 (feasible=YES, time 0.0341567s)
[ITER 2] New best cost=675675.73 (feasible=YES, time 0.0722257s)
[ITER 3] New best cost=671086.73 (feasible=YES, time 0.104225s)
[ITER 4] New best cost=666400.39 (feasible=YES, time 0.124839s)
[ITER 10] bestGlobalCost=666400.39 (feasible=YES) bestThisIter=666400.39 feasibleAnts=10 noImprove=6 (elapsed 0.259746s)
[ITER 20] bestGlobalCost=666400.39 (feasible=YES) bestThisIter=666400.39 feasibleAnts=12 noImprove=16 (elapsed 2.14946s)
[ITER 30] bestGlobalCost=666400.39 (feasible=YES) bestThisIter=666400.39 feasibleAnts=10 noImprove=26 (elapsed 3.66998s)
[RESET] no improvement for30-> reset pheromones
[ITER 40] bestGlobalCost=666400.39 (feasible=YES) bestThisIter=666400.39 feasibleAnts=10 noImprove=6 (elapsed 3.89269s)
[ITER 50] bestGlobalCost=666400.39 (feasible=YES) bestThisIter=666400.39 feasibleAnts=13 noImprove=16 (elapsed 5.50481s)
[ITER 60] bestGlobalCost=666400.39 (feasible=YES) bestThisIter=666400.39 feasibleAnts=10 noImprove=26 (elapsed 7.19835s)
[RESET] no improvement for30-> reset pheromones
[ITER 70] bestGlobalCost=666400.39 (feasible=YES) bestThisIter=673642.28 feasibleAnts=10 noImprove=6 (elapsed 7.50417s)
[ITER 80] bestGlobalCost=666400.39 (feasible=YES) bestThisIter=666400.39 feasibleAnts=11 noImprove=16 (elapsed 9.41342s)
[ITER 90] bestGlobalCost=666400.39 (feasible=YES) bestThisIter=666400.39 feasibleAnts=10 noImprove=26 (elapsed 11.1036s)
[RESET] no improvement for30-> reset pheromones
[ITER 100] bestGlobalCost=666400.39 (feasible=YES) bestThisIter=666400.39 feasibleAnts=10 noImprove=6 (elapsed 11.3193s)
[ITER 110] bestGlobalCost=666400.39 (feasible=YES) bestThisIter=666400.39 feasibleAnts=10 noImprove=16 (elapsed 12.8977s)
[ITER 120] bestGlobalCost=666400.39 (feasible=YES) bestThisIter=666400.39 feasibleAnts=10 noImprove=26 (elapsed 14.4278s)
[RESET] no improvement for30-> reset pheromones
[ITER 130] bestGlobalCost=666400.39 (feasible=YES) bestThisIter=672843.97 feasibleAnts=10 noImprove=6 (elapsed 14.6779s)
[ITER 140] bestGlobalCost=666400.39 (feasible=YES) bestThisIter=666400.39 feasibleAnts=12 noImprove=16 (elapsed 16.5804s)
[ITER 150] bestGlobalCost=666400.39 (feasible=YES) bestThisIter=666400.39 feasibleAnts=9 noImprove=26 (elapsed 18.4642s)
[RESET] no improvement for30-> reset pheromones
[ITER 160] bestGlobalCost=666400.39 (feasible=YES) bestThisIter=666400.39 feasibleAnts=10 noImprove=6 (elapsed 18.6681s)
[ITER 170] bestGlobalCost=666400.39 (feasible=YES) bestThisIter=666400.39 feasibleAnts=10 noImprove=16 (elapsed 20.2083s)
[ITER 180] bestGlobalCost=666400.39 (feasible=YES) bestThisIter=666400.39 feasibleAnts=11 noImprove=26 (elapsed 21.7397s)
[RESET] no improvement for30-> reset pheromones
[ITER 190] bestGlobalCost=666400.39 (feasible=YES) bestThisIter=672843.97 feasibleAnts=10 noImprove=6 (elapsed 21.9866s)
[ITER 200] bestGlobalCost=666400.39 (feasible=YES) bestThisIter=666400.39 feasibleAnts=12 noImprove=16 (elapsed 23.8238s)
[ITER 210] bestGlobalCost=666400.39 (feasible=YES) bestThisIter=666400.39 feasibleAnts=10 noImprove=26 (elapsed 25.6998s)
[RESET] no improvement for30-> reset pheromones
[ITER 220] bestGlobalCost=666400.39 (feasible=YES) bestThisIter=666400.39 feasibleAnts=10 noImprove=6 (elapsed 25.9525s)
[ITER 230] bestGlobalCost=666400.39 (feasible=YES) bestThisIter=666400.39 feasibleAnts=9 noImprove=16 (elapsed 27.5528s)
[ITER 240] bestGlobalCost=666400.39 (feasible=YES) bestThisIter=666400.39 feasibleAnts=11 noImprove=26 (elapsed 29.2311s)
[RESET] no improvement for30-> reset pheromones
[ITER 250] bestGlobalCost=666400.39 (feasible=YES) bestThisIter=666400.39 feasibleAnts=10 noImprove=6 (elapsed 29.4738s)
[ITER 260] bestGlobalCost=666400.39 (feasible=YES) bestThisIter=666400.39 feasibleAnts=11 noImprove=16 (elapsed 31.2331s)
[ITER 270] bestGlobalCost=666400.39 (feasible=YES) bestThisIter=666400.39 feasibleAnts=10 noImprove=26 (elapsed 33.1086s)
[RESET] no improvement for30-> reset pheromones
[ITER 280] bestGlobalCost=666400.39 (feasible=YES) bestThisIter=666400.39 feasibleAnts=10 noImprove=6 (elapsed 33.3617s)
[ITER 290] bestGlobalCost=666400.39 (feasible=YES) bestThisIter=666400.39 feasibleAnts=11 noImprove=16 (elapsed 35.093s)
[ITER 300] bestGlobalCost=666400.39 (feasible=YES) bestThisIter=666400.39 feasibleAnts=10 noImprove=26 (elapsed 36.6076s)
[RESET] no improvement for30-> reset pheromones
[ITER 310] bestGlobalCost=666400.39 (feasible=YES) bestThisIter=670425.53 feasibleAnts=10 noImprove=6 (elapsed 36.8137s)
[ITER 320] bestGlobalCost=666400.39 (feasible=YES) bestThisIter=666400.39 feasibleAnts=10 noImprove=16 (elapsed 38.3715s)
[ITER 330] bestGlobalCost=666400.39 (feasible=YES) bestThisIter=666400.39 feasibleAnts=10 noImprove=26 (elapsed 39.9051s)
[RESET] no improvement for30-> reset pheromones
[ITER 340] bestGlobalCost=666400.39 (feasible=YES) bestThisIter=666400.39 feasibleAnts=10 noImprove=6 (elapsed 40.1287s)
[ITER 350] bestGlobalCost=666400.39 (feasible=YES) bestThisIter=666400.39 feasibleAnts=10 noImprove=16 (elapsed 41.7075s)
[ITER 360] bestGlobalCost=666400.39 (feasible=YES) bestThisIter=666400.39 feasibleAnts=10 noImprove=26 (elapsed 43.4381s)
[RESET] no improvement for30-> reset pheromones
[ITER 370] bestGlobalCost=666400.39 (feasible=YES) bestThisIter=666400.39 feasibleAnts=10 noImprove=6 (elapsed 43.7039s)
[ITER 380] bestGlobalCost=666400.39 (feasible=YES) bestThisIter=666400.39 feasibleAnts=10 noImprove=16 (elapsed 45.6477s)
[ITER 390] bestGlobalCost=666400.39 (feasible=YES) bestThisIter=666400.39 feasibleAnts=10 noImprove=26 (elapsed 47.3686s)
[RESET] no improvement for30-> reset pheromones
[ITER 400] bestGlobalCost=666400.39 (feasible=YES) bestThisIter=675836.17 feasibleAnts=10 noImprove=6 (elapsed 47.592s)
[ITER 410] bestGlobalCost=666400.39 (feasible=YES) bestThisIter=666400.39 feasibleAnts=10 noImprove=16 (elapsed 49.164s)
[ITER 420] bestGlobalCost=666400.39 (feasible=YES) bestThisIter=666400.39 feasibleAnts=10 noImprove=26 (elapsed 50.7403s)
[RESET] no improvement for30-> reset pheromones
[ITER 430] bestGlobalCost=666400.39 (feasible=YES) bestThisIter=673387.55 feasibleAnts=10 noImprove=6 (elapsed 51.0026s)
[ITER 440] bestGlobalCost=666400.39 (feasible=YES) bestThisIter=666400.39 feasibleAnts=10 noImprove=16 (elapsed 52.9064s)
[ITER 450] bestGlobalCost=666400.39 (feasible=YES) bestThisIter=666400.39 feasibleAnts=10 noImprove=26 (elapsed 54.6864s)
[RESET] no improvement for30-> reset pheromones
[ITER 460] bestGlobalCost=666400.39 (feasible=YES) bestThisIter=666400.39 feasibleAnts=10 noImprove=6 (elapsed 54.9338s)
[ITER 470] bestGlobalCost=666400.39 (feasible=YES) bestThisIter=666400.39 feasibleAnts=10 noImprove=16 (elapsed 56.5213s)
[ITER 480] bestGlobalCost=666400.39 (feasible=YES) bestThisIter=666400.39 feasibleAnts=10 noImprove=26 (elapsed 58.0503s)
[RESET] no improvement for30-> reset pheromones
[ITER 490] bestGlobalCost=666400.39 (feasible=YES) bestThisIter=666400.39 feasibleAnts=10 noImprove=6 (elapsed 58.2471s)
17 18 19 22 23 24 36 41 44 45 50 52 54 55 77 78 88 92 96 
7 9 25 27 34 35 37 46 47 57 58 60 61 65 71 72 74 81 84 86 94 
5 10 20 26 30 38 39 40 49 53 56 62 67 68 69 70 75 79 80 100 
2 4 6 13 14 15 16 31 33 42 43 48 51 63 64 66 82 83 87 89 
1 3 8 11 12 21 28 29 32 59 73 76 85 90 91 93 95 97 98 99 
[SAVELOGS] evolution saved to results/logs/kroB100_05_3/evolution/kroB100_05_3
[SAVELOGS] best cost saved to results/logs/kroB100_05_3/objectives/kroB100_05_3
[SAVELOGS] best solution saved to results/logs/kroB100_05_3/solutions/kroB100_05_3
