[ITER 1] New best cost=70095.39 (feasible=YES, time 0.947734s)
[ITER 3] New best cost=68977.72 (feasible=YES, time 2.26359s)
[ITER 6] New best cost=68707.97 (feasible=YES, time 4.45644s)
[ITER 7] New best cost=67985.55 (feasible=YES, time 5.62973s)
[ITER 9] New best cost=67455.61 (feasible=YES, time 7.76101s)
[ITER 10] bestGlobalCost=67455.61 (feasible=YES) bestThisIter=68821.08 feasibleAnts=5 noImprove=1 (elapsed 12.8489s)
[ITER 17] New best cost=67412.73 (feasible=YES, time 18.8273s)
[ITER 20] bestGlobalCost=67412.73 (feasible=YES) bestThisIter=67887.99 feasibleAnts=5 noImprove=3 (elapsed 25.5407s)
[ITER 21] New best cost=67143.36 (feasible=YES, time 26.2121s)
[ITER 30] bestGlobalCost=67143.36 (feasible=YES) bestThisIter=67920.34 feasibleAnts=5 noImprove=9 (elapsed 38.2993s)
[ITER 40] New best cost=65877.82 (feasible=YES, time 52.4861s)
[ITER 40] bestGlobalCost=65877.82 (feasible=YES) bestThisIter=65877.82 feasibleAnts=5 noImprove=0 (elapsed 52.4901s)
[ITER 49] New best cost=65771.21 (feasible=YES, time 60.3777s)
[ITER 50] bestGlobalCost=65771.21 (feasible=YES) bestThisIter=66253.90 feasibleAnts=5 noImprove=1 (elapsed 65.7291s)
[ITER 53] New best cost=65501.35 (feasible=YES, time 68.2805s)
[ITER 56] New best cost=64958.76 (feasible=YES, time 70.4617s)
[ITER 60] bestGlobalCost=64958.76 (feasible=YES) bestThisIter=65649.88 feasibleAnts=4 noImprove=4 (elapsed 77.7488s)
[ITER 61] New best cost=64349.22 (feasible=YES, time 79.5182s)
[ITER 70] bestGlobalCost=64349.22 (feasible=YES) bestThisIter=64887.05 feasibleAnts=5 noImprove=9 (elapsed 90.9075s)
[ITER 80] bestGlobalCost=64349.22 (feasible=YES) bestThisIter=67905.49 feasibleAnts=5 noImprove=19 (elapsed 105.135s)
[ITER 90] bestGlobalCost=64349.22 (feasible=YES) bestThisIter=68701.94 feasibleAnts=5 noImprove=29 (elapsed 119.693s)
[ITER 100] bestGlobalCost=64349.22 (feasible=YES) bestThisIter=65674.15 feasibleAnts=5 noImprove=39 (elapsed 133.287s)
[ITER 110] bestGlobalCost=64349.22 (feasible=YES) bestThisIter=67128.85 feasibleAnts=5 noImprove=49 (elapsed 146.476s)
[RESET] no improvement for50-> reset pheromones
[ITER 120] bestGlobalCost=64349.22 (feasible=YES) bestThisIter=65975.64 feasibleAnts=5 noImprove=9 (elapsed 159.369s)
[ITER 130] bestGlobalCost=64349.22 (feasible=YES) bestThisIter=67227.65 feasibleAnts=5 noImprove=19 (elapsed 171.432s)
[ITER 140] bestGlobalCost=64349.22 (feasible=YES) bestThisIter=69149.79 feasibleAnts=5 noImprove=29 (elapsed 185.564s)
[ITER 150] bestGlobalCost=64349.22 (feasible=YES) bestThisIter=68150.41 feasibleAnts=5 noImprove=39 (elapsed 197.817s)
[ITER 160] bestGlobalCost=64349.22 (feasible=YES) bestThisIter=67587.50 feasibleAnts=5 noImprove=49 (elapsed 210.51s)
[RESET] no improvement for50-> reset pheromones
[ITER 165] New best cost=64279.25 (feasible=YES, time 214.312s)
[ITER 170] bestGlobalCost=64279.25 (feasible=YES) bestThisIter=64279.25 feasibleAnts=5 noImprove=5 (elapsed 222.16s)
[ITER 180] bestGlobalCost=64279.25 (feasible=YES) bestThisIter=65050.30 feasibleAnts=5 noImprove=15 (elapsed 235.413s)
[ITER 190] bestGlobalCost=64279.25 (feasible=YES) bestThisIter=66885.25 feasibleAnts=5 noImprove=25 (elapsed 248.055s)
[ITER 200] bestGlobalCost=64279.25 (feasible=YES) bestThisIter=68183.84 feasibleAnts=5 noImprove=35 (elapsed 260.881s)
[ITER 210] bestGlobalCost=64279.25 (feasible=YES) bestThisIter=67795.86 feasibleAnts=5 noImprove=45 (elapsed 273.112s)
[RESET] no improvement for50-> reset pheromones
[ITER 220] bestGlobalCost=64279.25 (feasible=YES) bestThisIter=65369.37 feasibleAnts=4 noImprove=5 (elapsed 287.82s)
[ITER 230] bestGlobalCost=64279.25 (feasible=YES) bestThisIter=66832.31 feasibleAnts=5 noImprove=15 (elapsed 300.25s)
1 31 33 68 70 71 139 142 155 202 205 211 221 229 231 232 
11 38 57 69 82 84 122 125 157 177 193 214 223 224 225 235 237 241 242 
21 76 87 99 100 108 115 138 145 154 172 185 186 209 234 244 254 
14 44 45 48 98 107 111 117 128 143 161 174 196 212 236 240 255 
20 29 41 51 60 85 92 105 109 110 120 132 178 210 222 226 227 252 
17 24 32 40 67 78 97 127 134 147 158 159 162 175 201 245 259 
9 13 26 36 64 89 101 106 114 121 131 148 153 167 189 230 253 
15 16 39 52 59 75 102 135 136 146 165 169 171 176 181 219 233 243 
35 50 77 86 88 91 94 119 144 149 151 182 184 192 200 218 247 
22 23 37 46 63 93 152 156 179 180 187 199 208 215 216 246 251 
2 27 58 65 83 137 150 170 173 183 195 204 206 217 220 248 261 
4 7 25 28 34 74 81 95 104 140 141 160 164 188 239 258 260 
5 12 18 19 30 49 53 54 61 72 79 90 124 129 130 133 191 228 257 262 
3 6 8 62 73 96 112 116 118 123 126 163 166 190 198 207 213 250 
10 42 43 47 55 56 66 80 103 113 168 194 197 203 238 249 256 
[SAVELOGS] evolution saved to results/logs/aco_logs/evolution/gil262_15_5.txt
[SAVELOGS] best cost saved to results/logs/aco_logs/objectives/gil262_15_5.txt
[SAVELOGS] best solution saved to results/logs/aco_logs/solutions/gil262_15_5.txt
