[ITER 1] New best cost=507936.93 (feasible=YES, time 0.104139s)
[ITER 7] New best cost=504944.59 (feasible=YES, time 0.681912s)
[ITER 10] bestGlobalCost=504944.59 (feasible=YES) bestThisIter=507475.72 feasibleAnts=10 noImprove=3 (elapsed 0.883536s)
[ITER 11] New best cost=504552.31 (feasible=YES, time 0.967594s)
[ITER 12] New best cost=503588.25 (feasible=YES, time 1.04824s)
[ITER 13] New best cost=502090.64 (feasible=YES, time 1.13026s)
[ITER 20] bestGlobalCost=502090.64 (feasible=YES) bestThisIter=502090.64 feasibleAnts=10 noImprove=7 (elapsed 8.89349s)
[ITER 30] bestGlobalCost=502090.64 (feasible=YES) bestThisIter=504694.39 feasibleAnts=10 noImprove=17 (elapsed 16.8239s)
[ITER 32] New best cost=501634.94 (feasible=YES, time 17.2125s)
[ITER 37] New best cost=501028.94 (feasible=YES, time 17.4038s)
[ITER 40] bestGlobalCost=501028.94 (feasible=YES) bestThisIter=501028.94 feasibleAnts=10 noImprove=3 (elapsed 17.5033s)
[ITER 50] bestGlobalCost=501028.94 (feasible=YES) bestThisIter=507433.74 feasibleAnts=10 noImprove=13 (elapsed 24.536s)
[ITER 60] bestGlobalCost=501028.94 (feasible=YES) bestThisIter=506577.28 feasibleAnts=10 noImprove=23 (elapsed 31.4342s)
[RESET] no improvement for30-> reset pheromones
[ITER 70] bestGlobalCost=501028.94 (feasible=YES) bestThisIter=510713.98 feasibleAnts=10 noImprove=3 (elapsed 32.7139s)
[ITER 80] bestGlobalCost=501028.94 (feasible=YES) bestThisIter=504296.11 feasibleAnts=10 noImprove=13 (elapsed 39.7967s)
[ITER 90] bestGlobalCost=501028.94 (feasible=YES) bestThisIter=505936.86 feasibleAnts=10 noImprove=23 (elapsed 46.5159s)
[RESET] no improvement for30-> reset pheromones
[ITER 100] bestGlobalCost=501028.94 (feasible=YES) bestThisIter=519929.19 feasibleAnts=10 noImprove=3 (elapsed 47.8383s)
[ITER 110] bestGlobalCost=501028.94 (feasible=YES) bestThisIter=503645.50 feasibleAnts=10 noImprove=13 (elapsed 54.8047s)
[ITER 120] bestGlobalCost=501028.94 (feasible=YES) bestThisIter=501634.94 feasibleAnts=10 noImprove=23 (elapsed 61.4181s)
2 6 22 35 47 54 62 68 75 83 104 112 133 134 138 149 
8 17 25 34 58 88 90 98 106 108 109 113 114 145 148 
5 28 38 39 43 50 56 71 72 86 101 119 124 126 
13 15 20 27 31 42 55 64 65 67 79 107 110 130 147 
10 14 33 36 45 57 81 92 97 99 100 105 136 141 143 
1 12 24 32 40 46 49 53 85 117 125 132 137 142 
7 9 16 18 26 29 37 61 63 78 82 120 135 146 
21 23 30 70 76 91 94 95 102 111 121 122 123 129 131 139 
3 4 41 59 60 69 73 74 77 80 89 93 115 116 118 140 
11 19 44 48 51 52 66 84 87 96 103 127 128 144 150 
[SAVELOGS] evolution saved to results/logs/kroB150_10_3/evolution/kroB150_10_3
[SAVELOGS] best cost saved to results/logs/kroB150_10_3/objectives/kroB150_10_3
[SAVELOGS] best solution saved to results/logs/kroB150_10_3/solutions/kroB150_10_3
