[ITER 1] New best cost=234900.43 (feasible=YES, time 0.475161s)
[ITER 2] New best cost=232330.63 (feasible=YES, time 0.781475s)
[ITER 3] New best cost=222929.48 (feasible=YES, time 0.993036s)
[ITER 5] New best cost=214670.00 (feasible=YES, time 1.67223s)
[ITER 10] bestGlobalCost=214670.00 (feasible=YES) bestThisIter=240515.48 feasibleAnts=10 noImprove=5 (elapsed 3.60767s)
[ITER 15] New best cost=202654.42 (feasible=YES, time 8.06296s)
[ITER 20] New best cost=201264.97 (feasible=YES, time 17.2378s)
[ITER 20] bestGlobalCost=201264.97 (feasible=YES) bestThisIter=201264.97 feasibleAnts=10 noImprove=0 (elapsed 17.2408s)
[ITER 30] bestGlobalCost=201264.97 (feasible=YES) bestThisIter=225565.55 feasibleAnts=9 noImprove=10 (elapsed 29.5867s)
[ITER 40] bestGlobalCost=201264.97 (feasible=YES) bestThisIter=220152.94 feasibleAnts=10 noImprove=20 (elapsed 34.0733s)
[ITER 50] bestGlobalCost=201264.97 (feasible=YES) bestThisIter=230081.00 feasibleAnts=10 noImprove=30 (elapsed 48.6331s)
[RESET] no improvement for30-> reset pheromones
[ITER 60] New best cost=201040.88 (feasible=YES, time 55.1549s)
[ITER 60] bestGlobalCost=201040.88 (feasible=YES) bestThisIter=230667.89 feasibleAnts=10 noImprove=0 (elapsed 63.0973s)
13 33 37 76 82 95 103 146 
31 42 80 89 122 133 138 139 
11 17 32 91 98 109 113 
3 29 43 46 115 120 128 
2 40 44 54 64 114 126 144 
1 6 10 23 28 47 131 
19 75 88 97 106 119 134 
15 24 36 99 102 104 111 
14 41 48 71 100 123 136 
58 67 93 105 108 142 148 
5 30 52 78 96 101 107 147 
16 18 22 38 66 70 94 137 
8 49 53 63 79 90 92 130 
25 39 50 68 69 73 116 
4 26 56 65 118 124 129 143 
51 57 61 81 85 87 125 145 
35 45 60 62 77 86 110 150 
21 59 72 74 84 127 141 
7 83 112 117 121 132 135 140 
9 12 20 27 34 55 149 
[SAVELOGS] evolution saved to results/logs/kroA150_20_4/evolution/kroA150_20_4
[SAVELOGS] best cost saved to results/logs/kroA150_20_4/objectives/kroA150_20_4
[SAVELOGS] best solution saved to results/logs/kroA150_20_4/solutions/kroA150_20_4
