[ITER 1] New best cost=3941764.63 (feasible=YES, time 8.41701s)
[ITER 2] New best cost=3913985.43 (feasible=YES, time 15.0489s)
[ITER 3] New best cost=3900300.70 (feasible=YES, time 21.7611s)
[ITER 6] New best cost=3871020.86 (feasible=YES, time 41.2728s)
[ITER 10] [TS] New best cost=3858735.70 (feasible=YES, time 70.0583s)
[ITER 10] bestGlobalCost=3858735.70 (feasible=YES) bestThisIter=3862095.13 feasibleAnts=10 noImprove=1 (elapsed 73.9916s)
[ITER 20] bestGlobalCost=3858735.70 (feasible=YES) bestThisIter=3869298.93 feasibleAnts=10 noImprove=11 (elapsed 154.263s)
[ITER 27] New best cost=3851875.53 (feasible=YES, time 197.505s)
[ITER 30] bestGlobalCost=3851875.53 (feasible=YES) bestThisIter=3856666.64 feasibleAnts=10 noImprove=3 (elapsed 220.385s)
[ITER 40] bestGlobalCost=3851875.53 (feasible=YES) bestThisIter=3876095.80 feasibleAnts=10 noImprove=13 (elapsed 296.449s)
[ITER 50] bestGlobalCost=3851875.53 (feasible=YES) bestThisIter=3878160.48 feasibleAnts=10 noImprove=23 (elapsed 375.308s)
[RESET] no improvement for30-> reset pheromones
[ITER 60] bestGlobalCost=3851875.53 (feasible=YES) bestThisIter=3883108.62 feasibleAnts=10 noImprove=3 (elapsed 453.682s)
[ITER 70] bestGlobalCost=3851875.53 (feasible=YES) bestThisIter=3868719.49 feasibleAnts=10 noImprove=13 (elapsed 530.249s)
[ITER 80] bestGlobalCost=3851875.53 (feasible=YES) bestThisIter=3872419.34 feasibleAnts=9 noImprove=23 (elapsed 605.101s)
[RESET] no improvement for30-> reset pheromones
[ITER 90] bestGlobalCost=3851875.53 (feasible=YES) bestThisIter=3867775.46 feasibleAnts=10 noImprove=3 (elapsed 687.789s)
[ITER 100] bestGlobalCost=3851875.53 (feasible=YES) bestThisIter=3862094.90 feasibleAnts=10 noImprove=13 (elapsed 760.784s)
[ITER 107] New best cost=3849891.47 (feasible=YES, time 811.96s)
[ITER 110] [TS] New best cost=3848292.16 (feasible=YES, time 832.629s)
[ITER 110] bestGlobalCost=3848292.16 (feasible=YES) bestThisIter=3873787.40 feasibleAnts=10 noImprove=1 (elapsed 836.541s)
[ITER 120] bestGlobalCost=3848292.16 (feasible=YES) bestThisIter=3851367.59 feasibleAnts=10 noImprove=11 (elapsed 910.811s)
[ITER 130] [TS] New best cost=3846881.02 (feasible=YES, time 982.155s)
[ITER 130] bestGlobalCost=3846881.02 (feasible=YES) bestThisIter=3846881.02 feasibleAnts=10 noImprove=1 (elapsed 985.899s)
[ITER 140] bestGlobalCost=3846881.02 (feasible=YES) bestThisIter=3847754.22 feasibleAnts=10 noImprove=11 (elapsed 1063.63s)
[ITER 144] New best cost=3841543.10 (feasible=YES, time 1092.4s)
[ITER 150] bestGlobalCost=3841543.10 (feasible=YES) bestThisIter=3852752.85 feasibleAnts=10 noImprove=6 (elapsed 1136.4s)
[ITER 160] bestGlobalCost=3841543.10 (feasible=YES) bestThisIter=3860063.01 feasibleAnts=10 noImprove=16 (elapsed 1210.45s)
[ITER 170] bestGlobalCost=3841543.10 (feasible=YES) bestThisIter=3844943.97 feasibleAnts=10 noImprove=26 (elapsed 1283.26s)
[RESET] no improvement for30-> reset pheromones
[ITER 180] bestGlobalCost=3841543.10 (feasible=YES) bestThisIter=3865916.69 feasibleAnts=10 noImprove=6 (elapsed 1359.96s)
[ITER 190] [TS] New best cost=3839560.39 (feasible=YES, time 1433.4s)
[ITER 190] bestGlobalCost=3839560.39 (feasible=YES) bestThisIter=3860684.93 feasibleAnts=10 noImprove=1 (elapsed 1437.27s)
249 250 251 253 260 262 264 265 270 274 275 284 285 286 287 288 295 296 300 302 303 307 308 311 312 313 315 316 319 320 324 328 331 332 335 336 339 340 344 347 348 351 354 355 361 363 366 367 376 380 387 404 
141 143 151 153 157 158 164 165 168 177 178 183 184 187 188 191 192 193 195 196 199 200 202 203 204 205 206 207 212 213 214 217 219 220 221 226 227 228 229 232 233 237 239 247 252 254 259 261 263 
88 89 90 91 92 93 94 95 97 98 99 100 101 102 103 104 105 106 107 108 109 110 111 112 113 114 115 117 118 119 120 121 123 124 125 126 127 131 132 133 135 136 137 138 144 146 147 148 154 
122 129 130 134 140 142 150 152 155 156 159 160 161 162 166 167 169 171 172 173 174 175 176 179 180 181 182 185 186 189 194 197 198 201 208 209 210 215 218 223 224 225 230 240 255 268 301 
25 26 27 30 31 222 236 272 276 297 298 304 305 317 326 334 341 342 345 352 357 358 364 369 370 371 377 381 382 385 390 391 392 398 399 409 411 422 423 429 431 457 458 461 462 463 464 466 467 
211 231 234 238 241 242 243 244 245 246 248 256 257 258 267 271 273 278 279 280 281 282 283 289 290 291 292 293 294 299 306 309 310 314 318 321 322 323 325 327 329 330 333 337 338 343 346 349 350 359 378 
353 356 360 365 368 374 375 383 386 389 393 396 397 400 405 406 407 408 412 413 414 415 416 417 424 425 432 433 434 435 436 437 439 443 444 445 446 447 448 449 450 459 460 465 468 469 470 471 472 473 483 
1 2 3 4 5 6 7 8 9 10 14 16 21 22 23 24 28 29 32 33 34 35 36 37 38 39 40 41 42 43 44 45 46 47 48 49 50 51 52 53 54 55 58 170 216 235 266 269 277 
11 12 13 15 17 18 19 20 56 57 59 60 61 62 63 64 65 66 67 68 69 70 71 72 73 74 75 76 77 78 79 80 81 82 83 84 85 86 87 96 116 128 139 145 149 163 190 
362 372 373 379 384 388 394 395 401 402 403 410 418 419 420 421 426 427 428 430 438 440 441 442 451 452 453 454 455 456 474 475 476 477 478 479 480 481 482 484 485 486 487 488 489 490 491 492 493 
[SAVELOGS] evolution saved to results/logs/aco_logs/evolution/d493_10_3.txt
[SAVELOGS] best cost saved to results/logs/aco_logs/objectives/d493_10_3.txt
[SAVELOGS] best solution saved to results/logs/aco_logs/solutions/d493_10_3.txt
