[ITER 1] New best cost=3900293.81 (feasible=YES, time 9.82832s)
[ITER 2] New best cost=3870651.77 (feasible=YES, time 18.9787s)
[ITER 3] New best cost=3856216.90 (feasible=YES, time 27.3379s)
[ITER 6] New best cost=3851540.62 (feasible=YES, time 47.0182s)
[ITER 7] New best cost=3847295.38 (feasible=YES, time 55.1242s)
[ITER 10] bestGlobalCost=3847295.38 (feasible=YES) bestThisIter=3863855.45 feasibleAnts=10 noImprove=3 (elapsed 81.9973s)
[ITER 20] bestGlobalCost=3847295.38 (feasible=YES) bestThisIter=3849536.97 feasibleAnts=10 noImprove=13 (elapsed 156.334s)
[ITER 24] New best cost=3833313.23 (feasible=YES, time 183.931s)
[ITER 30] bestGlobalCost=3833313.23 (feasible=YES) bestThisIter=3850371.35 feasibleAnts=10 noImprove=6 (elapsed 230.968s)
[ITER 40] [TS] New best cost=3832558.10 (feasible=YES, time 309.839s)
[ITER 40] bestGlobalCost=3832558.10 (feasible=YES) bestThisIter=3832558.10 feasibleAnts=10 noImprove=1 (elapsed 313.914s)
[ITER 45] New best cost=3829262.69 (feasible=YES, time 351.503s)
[ITER 50] bestGlobalCost=3829262.69 (feasible=YES) bestThisIter=3856871.96 feasibleAnts=10 noImprove=5 (elapsed 394.016s)
[ITER 56] New best cost=3826115.85 (feasible=YES, time 437.286s)
[ITER 57] New best cost=3825190.74 (feasible=YES, time 445.309s)
[ITER 60] bestGlobalCost=3825190.74 (feasible=YES) bestThisIter=3846960.32 feasibleAnts=10 noImprove=3 (elapsed 471.094s)
[ITER 70] bestGlobalCost=3825190.74 (feasible=YES) bestThisIter=3863302.14 feasibleAnts=10 noImprove=13 (elapsed 549.899s)
[ITER 80] bestGlobalCost=3825190.74 (feasible=YES) bestThisIter=3833954.18 feasibleAnts=10 noImprove=23 (elapsed 632.499s)
[RESET] no improvement for30-> reset pheromones
[ITER 90] bestGlobalCost=3825190.74 (feasible=YES) bestThisIter=3836077.85 feasibleAnts=10 noImprove=3 (elapsed 718.649s)
[ITER 95] New best cost=3821986.03 (feasible=YES, time 754.578s)
[ITER 100] bestGlobalCost=3821986.03 (feasible=YES) bestThisIter=3842840.12 feasibleAnts=10 noImprove=5 (elapsed 796.361s)
[ITER 110] bestGlobalCost=3821986.03 (feasible=YES) bestThisIter=3829868.58 feasibleAnts=10 noImprove=15 (elapsed 870.087s)
[ITER 120] bestGlobalCost=3821986.03 (feasible=YES) bestThisIter=3832856.55 feasibleAnts=10 noImprove=25 (elapsed 952.459s)
[RESET] no improvement for30-> reset pheromones
[ITER 130] bestGlobalCost=3821986.03 (feasible=YES) bestThisIter=3839830.97 feasibleAnts=10 noImprove=5 (elapsed 1032.76s)
[ITER 140] bestGlobalCost=3821986.03 (feasible=YES) bestThisIter=3834197.14 feasibleAnts=10 noImprove=15 (elapsed 1109.71s)
[ITER 150] bestGlobalCost=3821986.03 (feasible=YES) bestThisIter=3851307.26 feasibleAnts=10 noImprove=25 (elapsed 1189.54s)
[RESET] no improvement for30-> reset pheromones
[ITER 160] bestGlobalCost=3821986.03 (feasible=YES) bestThisIter=3846415.85 feasibleAnts=10 noImprove=5 (elapsed 1270.04s)
[ITER 170] bestGlobalCost=3821986.03 (feasible=YES) bestThisIter=3863537.65 feasibleAnts=10 noImprove=15 (elapsed 1346.71s)
[ITER 180] bestGlobalCost=3821986.03 (feasible=YES) bestThisIter=3844825.31 feasibleAnts=10 noImprove=25 (elapsed 1424.15s)
[RESET] no improvement for30-> reset pheromones
[ITER 190] bestGlobalCost=3821986.03 (feasible=YES) bestThisIter=3859131.40 feasibleAnts=10 noImprove=5 (elapsed 1496.86s)
55 122 124 129 130 134 140 148 150 152 154 155 156 159 160 161 162 163 166 167 169 170 171 172 173 174 175 176 179 180 181 182 185 186 189 194 198 201 209 215 218 223 224 225 230 236 240 
353 365 375 383 386 393 396 400 404 405 406 407 408 412 413 414 415 416 417 418 424 425 432 433 434 435 436 437 438 439 440 441 444 445 446 447 448 449 450 451 452 459 460 465 468 469 470 471 472 473 483 
211 222 231 234 238 241 242 243 245 246 256 257 258 267 268 271 273 278 279 280 281 289 290 291 292 299 304 306 309 310 313 314 318 321 322 323 325 327 329 330 333 337 338 343 346 349 350 357 359 378 389 
25 27 255 272 276 297 298 305 317 326 334 341 342 345 352 358 360 364 368 369 370 371 374 377 381 382 385 390 391 392 397 398 399 409 411 422 423 429 431 443 457 458 461 462 463 464 466 467 
232 248 249 250 251 253 254 259 260 262 264 265 270 274 275 282 283 284 285 286 287 288 293 294 295 296 300 302 303 307 308 311 312 315 316 319 320 324 328 331 332 336 339 340 344 347 348 351 354 355 356 367 376 
1 2 3 4 5 6 7 8 10 14 16 21 22 23 24 26 28 29 30 31 32 33 34 35 36 37 38 39 40 41 42 43 44 45 46 47 49 50 51 52 53 54 210 216 235 266 269 277 301 
335 361 362 363 366 372 373 379 380 384 387 388 394 395 401 402 403 410 419 420 421 426 427 428 430 442 453 454 455 456 474 475 476 477 478 479 480 481 482 484 485 486 487 488 489 490 491 492 493 
141 143 151 153 157 158 164 165 168 177 178 183 184 187 188 191 192 193 195 196 197 199 200 202 203 204 205 206 207 208 212 213 214 217 219 220 221 226 227 228 229 233 237 239 244 247 252 261 263 
9 11 12 13 15 17 18 19 20 48 56 57 58 59 60 61 62 63 64 65 66 67 68 69 70 71 72 73 74 75 76 77 78 79 80 81 82 83 84 85 86 87 116 121 128 139 149 190 
88 89 90 91 92 93 94 95 96 97 98 99 100 101 102 103 104 105 106 107 108 109 110 111 112 113 114 115 117 118 119 120 123 125 126 127 131 132 133 135 136 137 138 142 144 145 146 147 
[SAVELOGS] evolution saved to results/logs/aco_logs/evolution/d493_10_3.txt
[SAVELOGS] best cost saved to results/logs/aco_logs/objectives/d493_10_3.txt
[SAVELOGS] best solution saved to results/logs/aco_logs/solutions/d493_10_3.txt
