[ITER 1] New best cost=70871.35 (feasible=YES, time 0.247724s)
[ITER 10] bestGlobalCost=70871.35 (feasible=YES) bestThisIter=71287.99 feasibleAnts=10 noImprove=9 (elapsed 2.31079s)
[ITER 15] New best cost=67726.29 (feasible=YES, time 4.5908s)
[ITER 18] New best cost=67050.66 (feasible=YES, time 10.0643s)
[ITER 20] New best cost=66456.14 (feasible=YES, time 10.3408s)
[ITER 20] bestGlobalCost=66456.14 (feasible=YES) bestThisIter=66456.14 feasibleAnts=10 noImprove=0 (elapsed 10.3451s)
[ITER 28] New best cost=66179.26 (feasible=YES, time 11.3717s)
[ITER 30] bestGlobalCost=66179.26 (feasible=YES) bestThisIter=66456.14 feasibleAnts=17 noImprove=2 (elapsed 18.4571s)
[ITER 40] bestGlobalCost=66179.26 (feasible=YES) bestThisIter=66179.26 feasibleAnts=10 noImprove=12 (elapsed 19.4062s)
[ITER 50] bestGlobalCost=66179.26 (feasible=YES) bestThisIter=69101.57 feasibleAnts=10 noImprove=22 (elapsed 28.0379s)
[RESET] no improvement for30-> reset pheromones
[ITER 60] New best cost=66166.72 (feasible=YES, time 32.7324s)
[ITER 60] bestGlobalCost=66166.72 (feasible=YES) bestThisIter=67126.69 feasibleAnts=10 noImprove=0 (elapsed 36.7031s)
[ITER 70] bestGlobalCost=66166.72 (feasible=YES) bestThisIter=66799.06 feasibleAnts=10 noImprove=10 (elapsed 38.6939s)
[ITER 75] New best cost=66162.46 (feasible=YES, time 44.8835s)
[ITER 80] bestGlobalCost=66162.46 (feasible=YES) bestThisIter=66162.46 feasibleAnts=10 noImprove=5 (elapsed 46.7312s)
[ITER 90] bestGlobalCost=66162.46 (feasible=YES) bestThisIter=67953.69 feasibleAnts=10 noImprove=15 (elapsed 54.9171s)
[ITER 100] bestGlobalCost=66162.46 (feasible=YES) bestThisIter=71436.82 feasibleAnts=10 noImprove=25 (elapsed 56.6884s)
[RESET] no improvement for30-> reset pheromones
29 50 70 86 99 102 108 114 135 137 
10 52 62 79 88 94 96 113 121 149 
17 27 39 41 57 60 66 117 130 140 
26 33 35 56 75 93 124 126 142 146 
2 6 9 19 28 37 42 47 120 139 
1 7 30 34 48 63 73 76 87 98 103 
11 36 40 53 61 69 118 127 148 
13 44 64 68 74 91 106 119 128 
18 55 58 65 81 83 85 110 132 
20 25 46 51 54 90 92 109 134 138 141 
31 49 72 112 123 129 136 144 145 147 
12 23 24 32 38 43 67 101 116 131 
5 8 82 84 89 95 97 100 107 143 
3 4 21 22 45 71 104 115 125 150 
14 15 16 59 77 78 80 105 111 122 133 
[SAVELOGS] evolution saved to results/logs/ch150_15_3/evolution/ch150_15_3
[SAVELOGS] best cost saved to results/logs/ch150_15_3/objectives/ch150_15_3
[SAVELOGS] best solution saved to results/logs/ch150_15_3/solutions/ch150_15_3
