[ITER 1] New best cost=4534256.21 (feasible=YES, time 0.0486172s)
[ITER 2] New best cost=4525624.58 (feasible=YES, time 0.0737853s)
[ITER 3] New best cost=4515558.29 (feasible=YES, time 0.106084s)
[ITER 4] New best cost=4504748.38 (feasible=YES, time 0.138523s)
[ITER 7] New best cost=4497667.93 (feasible=YES, time 0.224863s)
[ITER 10] bestGlobalCost=4497667.93 (feasible=YES) bestThisIter=4497667.93 feasibleAnts=12 noImprove=3 (elapsed 0.311841s)
[ITER 12] New best cost=4494365.93 (feasible=YES, time 0.373922s)
[ITER 20] bestGlobalCost=4494365.93 (feasible=YES) bestThisIter=4494365.93 feasibleAnts=17 noImprove=8 (elapsed 3.24974s)
[ITER 30] bestGlobalCost=4494365.93 (feasible=YES) bestThisIter=4494365.93 feasibleAnts=10 noImprove=18 (elapsed 6.26019s)
[ITER 40] bestGlobalCost=4494365.93 (feasible=YES) bestThisIter=4494365.93 feasibleAnts=10 noImprove=28 (elapsed 6.55215s)
[RESET] no improvement for30-> reset pheromones
[ITER 50] bestGlobalCost=4494365.93 (feasible=YES) bestThisIter=4494365.93 feasibleAnts=10 noImprove=8 (elapsed 9.6011s)
[ITER 60] bestGlobalCost=4494365.93 (feasible=YES) bestThisIter=4494365.93 feasibleAnts=10 noImprove=18 (elapsed 12.5983s)
[ITER 70] bestGlobalCost=4494365.93 (feasible=YES) bestThisIter=4494365.93 feasibleAnts=10 noImprove=28 (elapsed 12.9268s)
[RESET] no improvement for30-> reset pheromones
[ITER 80] bestGlobalCost=4494365.93 (feasible=YES) bestThisIter=4528418.66 feasibleAnts=10 noImprove=8 (elapsed 16.0677s)
[ITER 90] bestGlobalCost=4494365.93 (feasible=YES) bestThisIter=4494365.93 feasibleAnts=10 noImprove=18 (elapsed 19.1245s)
[ITER 100] bestGlobalCost=4494365.93 (feasible=YES) bestThisIter=4494365.93 feasibleAnts=10 noImprove=28 (elapsed 19.4167s)
[RESET] no improvement for30-> reset pheromones
[ITER 110] bestGlobalCost=4494365.93 (feasible=YES) bestThisIter=4513285.21 feasibleAnts=10 noImprove=8 (elapsed 22.4905s)
[ITER 120] bestGlobalCost=4494365.93 (feasible=YES) bestThisIter=4494365.93 feasibleAnts=11 noImprove=18 (elapsed 25.4783s)
[ITER 130] bestGlobalCost=4494365.93 (feasible=YES) bestThisIter=4494365.93 feasibleAnts=10 noImprove=28 (elapsed 25.7577s)
[ITER 131] New best cost=4494365.93 (feasible=YES, time 25.7852s)
[ITER 140] bestGlobalCost=4494365.93 (feasible=YES) bestThisIter=4494365.93 feasibleAnts=11 noImprove=9 (elapsed 28.7254s)
[ITER 150] bestGlobalCost=4494365.93 (feasible=YES) bestThisIter=4494365.93 feasibleAnts=10 noImprove=19 (elapsed 31.6832s)
[ITER 160] bestGlobalCost=4494365.93 (feasible=YES) bestThisIter=4494365.93 feasibleAnts=10 noImprove=29 (elapsed 31.9484s)
[RESET] no improvement for30-> reset pheromones
[ITER 170] bestGlobalCost=4494365.93 (feasible=YES) bestThisIter=4497667.93 feasibleAnts=10 noImprove=9 (elapsed 35.0883s)
[ITER 180] bestGlobalCost=4494365.93 (feasible=YES) bestThisIter=4494365.93 feasibleAnts=10 noImprove=19 (elapsed 38.0746s)
[ITER 190] bestGlobalCost=4494365.93 (feasible=YES) bestThisIter=4494365.93 feasibleAnts=10 noImprove=29 (elapsed 38.3793s)
[RESET] no improvement for30-> reset pheromones
[ITER 200] bestGlobalCost=4494365.93 (feasible=YES) bestThisIter=4494365.93 feasibleAnts=10 noImprove=9 (elapsed 41.4614s)
[ITER 210] bestGlobalCost=4494365.93 (feasible=YES) bestThisIter=4494365.93 feasibleAnts=10 noImprove=19 (elapsed 44.4446s)
[ITER 220] bestGlobalCost=4494365.93 (feasible=YES) bestThisIter=4494365.93 feasibleAnts=10 noImprove=29 (elapsed 44.696s)
[RESET] no improvement for30-> reset pheromones
[ITER 230] bestGlobalCost=4494365.93 (feasible=YES) bestThisIter=4494365.93 feasibleAnts=10 noImprove=9 (elapsed 47.8089s)
[ITER 240] bestGlobalCost=4494365.93 (feasible=YES) bestThisIter=4494365.93 feasibleAnts=10 noImprove=19 (elapsed 50.8742s)
[ITER 250] bestGlobalCost=4494365.93 (feasible=YES) bestThisIter=4494365.93 feasibleAnts=10 noImprove=29 (elapsed 51.191s)
[RESET] no improvement for30-> reset pheromones
[ITER 260] bestGlobalCost=4494365.93 (feasible=YES) bestThisIter=4499576.89 feasibleAnts=10 noImprove=9 (elapsed 54.3623s)
[ITER 270] bestGlobalCost=4494365.93 (feasible=YES) bestThisIter=4494365.93 feasibleAnts=10 noImprove=19 (elapsed 57.3732s)
[ITER 280] bestGlobalCost=4494365.93 (feasible=YES) bestThisIter=4494365.93 feasibleAnts=10 noImprove=29 (elapsed 57.671s)
[RESET] no improvement for30-> reset pheromones
3 4 9 10 11 12 13 14 15 21 22 23 24 25 26 33 34 35 36 45 46 47 48 56 57 58 67 68 70 
73 74 75 85 86 95 96 97 98 99 105 106 107 108 109 110 117 118 119 120 121 129 130 131 132 135 136 
1 2 5 6 7 8 17 18 19 20 27 28 29 30 31 38 39 40 41 51 52 53 62 63 64 65 
69 79 80 81 82 89 90 91 92 93 101 102 103 104 111 112 113 114 115 116 123 124 125 126 127 128 133 134 
16 32 37 42 43 44 49 50 54 55 59 60 61 66 71 72 76 77 78 83 84 87 88 94 100 122 
[SAVELOGS] evolution saved to results/logs/pr136_05_3/evolution/pr136_05_3
[SAVELOGS] best cost saved to results/logs/pr136_05_3/objectives/pr136_05_3
[SAVELOGS] best solution saved to results/logs/pr136_05_3/solutions/pr136_05_3
