[ITER 1] New best cost=4510103.37 (feasible=YES, time 0.0301034s)
[ITER 2] New best cost=4504748.38 (feasible=YES, time 0.0632936s)
[ITER 4] New best cost=4494365.93 (feasible=YES, time 0.118531s)
[ITER 10] bestGlobalCost=4494365.93 (feasible=YES) bestThisIter=4494365.93 feasibleAnts=10 noImprove=6 (elapsed 0.27739s)
[ITER 20] bestGlobalCost=4494365.93 (feasible=YES) bestThisIter=4494365.93 feasibleAnts=10 noImprove=16 (elapsed 3.14706s)
[ITER 30] bestGlobalCost=4494365.93 (feasible=YES) bestThisIter=4494365.93 feasibleAnts=10 noImprove=26 (elapsed 5.97627s)
[RESET] no improvement for30-> reset pheromones
[ITER 40] bestGlobalCost=4494365.93 (feasible=YES) bestThisIter=4512968.56 feasibleAnts=10 noImprove=6 (elapsed 6.27834s)
[ITER 50] bestGlobalCost=4494365.93 (feasible=YES) bestThisIter=4494365.93 feasibleAnts=11 noImprove=16 (elapsed 9.18156s)
[ITER 60] bestGlobalCost=4494365.93 (feasible=YES) bestThisIter=4494365.93 feasibleAnts=10 noImprove=26 (elapsed 11.9675s)
[RESET] no improvement for30-> reset pheromones
[ITER 70] bestGlobalCost=4494365.93 (feasible=YES) bestThisIter=4494365.93 feasibleAnts=10 noImprove=6 (elapsed 12.2484s)
[ITER 80] bestGlobalCost=4494365.93 (feasible=YES) bestThisIter=4494365.93 feasibleAnts=10 noImprove=16 (elapsed 15.0755s)
[ITER 90] bestGlobalCost=4494365.93 (feasible=YES) bestThisIter=4513285.21 feasibleAnts=10 noImprove=26 (elapsed 17.8906s)
[RESET] no improvement for30-> reset pheromones
[ITER 100] bestGlobalCost=4494365.93 (feasible=YES) bestThisIter=4512371.02 feasibleAnts=10 noImprove=6 (elapsed 18.1895s)
[ITER 110] bestGlobalCost=4494365.93 (feasible=YES) bestThisIter=4494365.93 feasibleAnts=10 noImprove=16 (elapsed 21.0851s)
[ITER 120] bestGlobalCost=4494365.93 (feasible=YES) bestThisIter=4494365.93 feasibleAnts=10 noImprove=26 (elapsed 23.8827s)
[RESET] no improvement for30-> reset pheromones
[ITER 130] bestGlobalCost=4494365.93 (feasible=YES) bestThisIter=4510103.37 feasibleAnts=10 noImprove=6 (elapsed 24.1449s)
[ITER 140] bestGlobalCost=4494365.93 (feasible=YES) bestThisIter=4494365.93 feasibleAnts=10 noImprove=16 (elapsed 27.0181s)
[ITER 150] bestGlobalCost=4494365.93 (feasible=YES) bestThisIter=4494365.93 feasibleAnts=10 noImprove=26 (elapsed 29.864s)
[RESET] no improvement for30-> reset pheromones
[ITER 160] bestGlobalCost=4494365.93 (feasible=YES) bestThisIter=4513285.21 feasibleAnts=10 noImprove=6 (elapsed 30.1715s)
[ITER 170] bestGlobalCost=4494365.93 (feasible=YES) bestThisIter=4494365.93 feasibleAnts=10 noImprove=16 (elapsed 33.0099s)
[ITER 180] bestGlobalCost=4494365.93 (feasible=YES) bestThisIter=4504748.38 feasibleAnts=10 noImprove=26 (elapsed 35.7766s)
[RESET] no improvement for30-> reset pheromones
[ITER 190] bestGlobalCost=4494365.93 (feasible=YES) bestThisIter=4494365.93 feasibleAnts=10 noImprove=6 (elapsed 36.1059s)
[ITER 200] bestGlobalCost=4494365.93 (feasible=YES) bestThisIter=4494365.93 feasibleAnts=10 noImprove=16 (elapsed 38.9756s)
[ITER 210] bestGlobalCost=4494365.93 (feasible=YES) bestThisIter=4494365.93 feasibleAnts=10 noImprove=26 (elapsed 41.7955s)
[RESET] no improvement for30-> reset pheromones
[ITER 220] bestGlobalCost=4494365.93 (feasible=YES) bestThisIter=4521116.79 feasibleAnts=10 noImprove=6 (elapsed 42.1046s)
[ITER 230] bestGlobalCost=4494365.93 (feasible=YES) bestThisIter=4494365.93 feasibleAnts=10 noImprove=16 (elapsed 44.9524s)
[ITER 240] bestGlobalCost=4494365.93 (feasible=YES) bestThisIter=4494365.93 feasibleAnts=10 noImprove=26 (elapsed 47.7733s)
[RESET] no improvement for30-> reset pheromones
[ITER 250] bestGlobalCost=4494365.93 (feasible=YES) bestThisIter=4494365.93 feasibleAnts=10 noImprove=6 (elapsed 48.1478s)
[ITER 260] bestGlobalCost=4494365.93 (feasible=YES) bestThisIter=4497667.93 feasibleAnts=10 noImprove=16 (elapsed 51.0775s)
[ITER 270] bestGlobalCost=4494365.93 (feasible=YES) bestThisIter=4494365.93 feasibleAnts=10 noImprove=26 (elapsed 53.8908s)
[RESET] no improvement for30-> reset pheromones
[ITER 280] bestGlobalCost=4494365.93 (feasible=YES) bestThisIter=4511262.09 feasibleAnts=10 noImprove=6 (elapsed 54.198s)
[ITER 290] bestGlobalCost=4494365.93 (feasible=YES) bestThisIter=4494365.93 feasibleAnts=10 noImprove=16 (elapsed 57.0572s)
[ITER 300] bestGlobalCost=4494365.93 (feasible=YES) bestThisIter=4494365.93 feasibleAnts=11 noImprove=26 (elapsed 59.8912s)
[RESET] no improvement for30-> reset pheromones
16 32 37 42 43 44 49 50 54 55 59 60 61 66 71 72 76 77 78 83 84 87 88 94 100 122 
3 4 9 10 11 12 13 14 15 21 22 23 24 25 26 33 34 35 36 45 46 47 48 56 57 58 67 68 70 
73 74 75 85 86 95 96 97 98 99 105 106 107 108 109 110 117 118 119 120 121 129 130 131 132 135 136 
1 2 5 6 7 8 17 18 19 20 27 28 29 30 31 38 39 40 41 51 52 53 62 63 64 65 
69 79 80 81 82 89 90 91 92 93 101 102 103 104 111 112 113 114 115 116 123 124 125 126 127 128 133 134 
[SAVELOGS] evolution saved to results/logs/pr136_05_3/evolution/pr136_05_3
[SAVELOGS] best cost saved to results/logs/pr136_05_3/objectives/pr136_05_3
[SAVELOGS] best solution saved to results/logs/pr136_05_3/solutions/pr136_05_3
