[ITER 1] New best cost=904367.74 (feasible=YES, time 0.125232s)
[ITER 2] New best cost=881102.77 (feasible=YES, time 0.242589s)
[ITER 3] New best cost=846671.81 (feasible=YES, time 0.340135s)
[ITER 5] New best cost=834703.80 (feasible=YES, time 0.573935s)
[ITER 7] New best cost=827685.46 (feasible=YES, time 0.733826s)
[ITER 10] bestGlobalCost=827685.46 (feasible=YES) bestThisIter=837483.86 feasibleAnts=10 noImprove=3 (elapsed 0.991561s)
[ITER 14] New best cost=824422.95 (feasible=YES, time 1.35539s)
[ITER 15] New best cost=822509.99 (feasible=YES, time 2.46977s)
[ITER 15] New best cost=818127.81 (feasible=YES, time 4.5521s)
[ITER 20] bestGlobalCost=818127.81 (feasible=YES) bestThisIter=818127.81 feasibleAnts=10 noImprove=5 (elapsed 7.53004s)
[ITER 30] bestGlobalCost=818127.81 (feasible=YES) bestThisIter=831773.57 feasibleAnts=10 noImprove=15 (elapsed 13.7535s)
[ITER 40] bestGlobalCost=818127.81 (feasible=YES) bestThisIter=827092.92 feasibleAnts=10 noImprove=25 (elapsed 15.2035s)
[RESET] no improvement for30-> reset pheromones
[ITER 50] bestGlobalCost=818127.81 (feasible=YES) bestThisIter=867243.34 feasibleAnts=10 noImprove=5 (elapsed 21.7195s)
[ITER 60] New best cost=816676.54 (feasible=YES, time 27.3216s)
[ITER 60] bestGlobalCost=816676.54 (feasible=YES) bestThisIter=855869.14 feasibleAnts=10 noImprove=0 (elapsed 28.3859s)
[ITER 70] bestGlobalCost=816676.54 (feasible=YES) bestThisIter=821210.45 feasibleAnts=10 noImprove=10 (elapsed 29.6965s)
[ITER 80] bestGlobalCost=816676.54 (feasible=YES) bestThisIter=879925.76 feasibleAnts=10 noImprove=20 (elapsed 36.179s)
[ITER 90] bestGlobalCost=816676.54 (feasible=YES) bestThisIter=866031.09 feasibleAnts=10 noImprove=30 (elapsed 42.8004s)
[RESET] no improvement for30-> reset pheromones
[ITER 100] bestGlobalCost=816676.54 (feasible=YES) bestThisIter=882244.27 feasibleAnts=10 noImprove=10 (elapsed 44.1947s)
[ITER 110] bestGlobalCost=816676.54 (feasible=YES) bestThisIter=850052.71 feasibleAnts=10 noImprove=20 (elapsed 50.9788s)
[ITER 120] bestGlobalCost=816676.54 (feasible=YES) bestThisIter=839470.57 feasibleAnts=10 noImprove=30 (elapsed 57.7924s)
[RESET] no improvement for30-> reset pheromones
[ITER 130] bestGlobalCost=816676.54 (feasible=YES) bestThisIter=863344.85 feasibleAnts=10 noImprove=10 (elapsed 59.1767s)
80 81 89 100 102 103 113 114 
7 8 9 10 17 18 19 20 21 40 
107 110 117 118 138 139 140 141 142 143 
78 90 93 94 95 96 97 99 115 116 
6 11 12 22 23 24 26 39 44 
42 43 57 58 61 62 63 64 82 83 104 
122 123 124 125 126 127 128 150 151 152 
112 121 129 130 131 132 147 148 149 
5 13 14 25 27 28 29 30 31 38 
119 120 133 134 135 136 137 144 145 146 
55 56 65 66 67 68 87 88 101 111 
45 46 52 53 54 69 70 71 72 79 98 
47 48 49 50 51 73 74 75 76 77 91 92 
41 59 60 84 85 86 105 106 108 109 
1 2 3 4 15 16 32 33 34 35 36 37 
[SAVELOGS] evolution saved to results/logs/pr152_15_2/evolution/pr152_15_2
[SAVELOGS] best cost saved to results/logs/pr152_15_2/objectives/pr152_15_2
[SAVELOGS] best solution saved to results/logs/pr152_15_2/solutions/pr152_15_2
