[ITER 1] New best cost=3804.76 (feasible=YES, time 0.229167s)
[ITER 2] New best cost=3786.26 (feasible=YES, time 0.381506s)
[ITER 3] New best cost=3643.37 (feasible=YES, time 0.520465s)
[ITER 4] New best cost=3636.64 (feasible=YES, time 0.664496s)
[ITER 7] New best cost=3614.28 (feasible=YES, time 1.07278s)
[ITER 10] bestGlobalCost=3614.28 (feasible=YES) bestThisIter=3649.00 feasibleAnts=10 noImprove=3 (elapsed 1.54173s)
[ITER 11] New best cost=3579.37 (feasible=YES, time 1.69796s)
[ITER 14] New best cost=3558.92 (feasible=YES, time 2.0315s)
[ITER 15] New best cost=3519.90 (feasible=YES, time 2.86739s)
[ITER 15] New best cost=3494.57 (feasible=YES, time 3.60869s)
[ITER 20] bestGlobalCost=3494.57 (feasible=YES) bestThisIter=3494.57 feasibleAnts=10 noImprove=5 (elapsed 5.86921s)
[ITER 25] New best cost=3483.21 (feasible=YES, time 6.40409s)
[ITER 30] New best cost=3475.87 (feasible=YES, time 10.2372s)
[ITER 30] bestGlobalCost=3475.87 (feasible=YES) bestThisIter=3483.21 feasibleAnts=9 noImprove=0 (elapsed 10.2416s)
[ITER 40] bestGlobalCost=3475.87 (feasible=YES) bestThisIter=3514.15 feasibleAnts=10 noImprove=10 (elapsed 11.4415s)
[ITER 45] New best cost=3454.04 (feasible=YES, time 13.4428s)
[ITER 48] New best cost=3441.36 (feasible=YES, time 15.598s)
[ITER 50] bestGlobalCost=3441.36 (feasible=YES) bestThisIter=3441.36 feasibleAnts=19 noImprove=2 (elapsed 15.8391s)
[ITER 60] New best cost=3435.92 (feasible=YES, time 18.5904s)
[ITER 60] bestGlobalCost=3435.92 (feasible=YES) bestThisIter=3664.40 feasibleAnts=10 noImprove=0 (elapsed 20.7051s)
[ITER 70] bestGlobalCost=3435.92 (feasible=YES) bestThisIter=3435.92 feasibleAnts=10 noImprove=10 (elapsed 21.6209s)
[ITER 80] bestGlobalCost=3435.92 (feasible=YES) bestThisIter=3537.12 feasibleAnts=10 noImprove=20 (elapsed 26.3856s)
[ITER 90] bestGlobalCost=3435.92 (feasible=YES) bestThisIter=3632.49 feasibleAnts=10 noImprove=30 (elapsed 31.1559s)
[RESET] no improvement for30-> reset pheromones
[ITER 100] bestGlobalCost=3435.92 (feasible=YES) bestThisIter=3724.93 feasibleAnts=10 noImprove=10 (elapsed 33.0289s)
[ITER 110] bestGlobalCost=3435.92 (feasible=YES) bestThisIter=3665.32 feasibleAnts=10 noImprove=20 (elapsed 37.9352s)
[ITER 120] bestGlobalCost=3435.92 (feasible=YES) bestThisIter=3690.85 feasibleAnts=10 noImprove=30 (elapsed 43.0631s)
[RESET] no improvement for30-> reset pheromones
[ITER 130] bestGlobalCost=3435.92 (feasible=YES) bestThisIter=3816.86 feasibleAnts=10 noImprove=10 (elapsed 44.8646s)
[ITER 140] bestGlobalCost=3435.92 (feasible=YES) bestThisIter=3769.84 feasibleAnts=10 noImprove=20 (elapsed 49.613s)
[ITER 150] bestGlobalCost=3435.92 (feasible=YES) bestThisIter=3671.43 feasibleAnts=10 noImprove=30 (elapsed 54.6383s)
[RESET] no improvement for30-> reset pheromones
[ITER 160] bestGlobalCost=3435.92 (feasible=YES) bestThisIter=3656.28 feasibleAnts=10 noImprove=10 (elapsed 56.4276s)
[ITER 165] New best cost=3422.02 (feasible=YES, time 60.9379s)
24 25 29 68 76 77 80 
5 8 17 45 61 84 86 
20 30 32 35 51 65 66 
13 40 53 58 94 95 101 
2 15 42 43 57 87 97 
1 26 31 50 70 88 
6 18 59 60 89 96 
19 36 46 47 48 49 82 
3 12 27 28 52 69 
22 23 41 56 72 74 75 
7 10 11 62 63 64 90 
4 21 39 54 55 67 73 
14 16 38 44 85 91 100 
9 33 34 71 78 79 81 
37 83 92 93 98 99 
[SAVELOGS] evolution saved to results/logs/eil101_15_5/evolution/eil101_15_5
[SAVELOGS] best cost saved to results/logs/eil101_15_5/objectives/eil101_15_5
[SAVELOGS] best solution saved to results/logs/eil101_15_5/solutions/eil101_15_5
