[ITER 1] New best cost=927151.65 (feasible=YES, time 0.141659s)
[ITER 2] New best cost=894332.39 (feasible=YES, time 0.258896s)
[ITER 3] New best cost=891428.65 (feasible=YES, time 0.39257s)
[ITER 4] New best cost=886989.12 (feasible=YES, time 0.477261s)
[ITER 10] bestGlobalCost=886989.12 (feasible=YES) bestThisIter=901256.89 feasibleAnts=10 noImprove=6 (elapsed 1.1625s)
[ITER 12] New best cost=883663.35 (feasible=YES, time 1.39821s)
[ITER 14] New best cost=883623.86 (feasible=YES, time 1.63219s)
[ITER 15] New best cost=880481.30 (feasible=YES, time 2.60946s)
[ITER 15] New best cost=876419.95 (feasible=YES, time 3.51029s)
[ITER 15] New best cost=875199.88 (feasible=YES, time 4.47727s)
[ITER 15] New best cost=874000.82 (feasible=YES, time 6.07385s)
[ITER 20] bestGlobalCost=874000.82 (feasible=YES) bestThisIter=874000.82 feasibleAnts=10 noImprove=5 (elapsed 6.50422s)
[ITER 30] bestGlobalCost=874000.82 (feasible=YES) bestThisIter=882873.31 feasibleAnts=10 noImprove=15 (elapsed 12.2314s)
[ITER 40] bestGlobalCost=874000.82 (feasible=YES) bestThisIter=878131.12 feasibleAnts=10 noImprove=25 (elapsed 13.6658s)
[RESET] no improvement for30-> reset pheromones
[ITER 50] bestGlobalCost=874000.82 (feasible=YES) bestThisIter=902376.98 feasibleAnts=10 noImprove=5 (elapsed 19.1708s)
[ITER 60] bestGlobalCost=874000.82 (feasible=YES) bestThisIter=880550.66 feasibleAnts=10 noImprove=15 (elapsed 24.8342s)
[ITER 70] bestGlobalCost=874000.82 (feasible=YES) bestThisIter=892401.70 feasibleAnts=10 noImprove=25 (elapsed 26.2039s)
[RESET] no improvement for30-> reset pheromones
[ITER 80] bestGlobalCost=874000.82 (feasible=YES) bestThisIter=911508.55 feasibleAnts=10 noImprove=5 (elapsed 32.1686s)
[ITER 90] bestGlobalCost=874000.82 (feasible=YES) bestThisIter=903210.92 feasibleAnts=10 noImprove=15 (elapsed 38.1623s)
[ITER 100] bestGlobalCost=874000.82 (feasible=YES) bestThisIter=906008.29 feasibleAnts=9 noImprove=25 (elapsed 39.5049s)
[ITER 105] New best cost=871047.59 (feasible=YES, time 40.9538s)
[ITER 110] bestGlobalCost=871047.59 (feasible=YES) bestThisIter=871047.59 feasibleAnts=10 noImprove=5 (elapsed 45.2169s)
[ITER 120] bestGlobalCost=871047.59 (feasible=YES) bestThisIter=883715.22 feasibleAnts=10 noImprove=15 (elapsed 50.2595s)
[ITER 130] bestGlobalCost=871047.59 (feasible=YES) bestThisIter=898362.01 feasibleAnts=10 noImprove=25 (elapsed 51.5548s)
[RESET] no improvement for30-> reset pheromones
[ITER 140] bestGlobalCost=871047.59 (feasible=YES) bestThisIter=890782.83 feasibleAnts=10 noImprove=5 (elapsed 56.9667s)
[ITER 150] bestGlobalCost=871047.59 (feasible=YES) bestThisIter=883784.75 feasibleAnts=10 noImprove=15 (elapsed 62.8704s)
25 26 28 29 32 33 97 122 
6 8 11 15 23 105 106 114 
43 44 93 95 98 107 123 127 
35 36 40 45 54 56 57 103 121 
27 30 34 37 38 39 41 42 51 
63 75 81 82 83 84 101 102 126 
5 47 50 52 55 65 66 124 
4 9 20 21 22 24 72 108 
3 59 60 61 62 90 91 100 116 
18 19 67 68 71 73 74 77 
12 17 31 76 78 79 80 117 
69 70 85 86 87 88 96 109 110 119 
58 64 89 92 99 104 113 125 
46 48 49 53 94 111 112 118 
1 2 7 10 13 14 16 115 120 
[SAVELOGS] evolution saved to results/logs/bier127_15_3/evolution/bier127_15_3
[SAVELOGS] best cost saved to results/logs/bier127_15_3/objectives/bier127_15_3
[SAVELOGS] best solution saved to results/logs/bier127_15_3/solutions/bier127_15_3
