[ITER 1] New best cost=5618340.99 (feasible=YES, time 9.26458s)
[ITER 2] New best cost=5567058.42 (feasible=YES, time 15.1695s)
[ITER 3] New best cost=5552581.25 (feasible=YES, time 23.3967s)
[ITER 5] New best cost=5541118.40 (feasible=YES, time 38.9652s)
[ITER 6] New best cost=5507732.89 (feasible=YES, time 45.3943s)
[ITER 10] bestGlobalCost=5507732.89 (feasible=YES) bestThisIter=5533415.21 feasibleAnts=10 noImprove=4 (elapsed 82.0621s)
[ITER 20] bestGlobalCost=5507732.89 (feasible=YES) bestThisIter=5569046.81 feasibleAnts=10 noImprove=14 (elapsed 153.996s)
[ITER 30] bestGlobalCost=5507732.89 (feasible=YES) bestThisIter=5530117.34 feasibleAnts=10 noImprove=24 (elapsed 228.014s)
[RESET] no improvement for30-> reset pheromones
[ITER 40] [TS] New best cost=5493603.99 (feasible=YES, time 303.425s)
[ITER 40] bestGlobalCost=5493603.99 (feasible=YES) bestThisIter=5522112.47 feasibleAnts=10 noImprove=1 (elapsed 307.55s)
[ITER 50] bestGlobalCost=5493603.99 (feasible=YES) bestThisIter=5521631.67 feasibleAnts=10 noImprove=11 (elapsed 382.164s)
[ITER 60] bestGlobalCost=5493603.99 (feasible=YES) bestThisIter=5527907.58 feasibleAnts=10 noImprove=21 (elapsed 455.527s)
[RESET] no improvement for30-> reset pheromones
[ITER 70] bestGlobalCost=5493603.99 (feasible=YES) bestThisIter=5633052.82 feasibleAnts=10 noImprove=1 (elapsed 527.914s)
[ITER 80] bestGlobalCost=5493603.99 (feasible=YES) bestThisIter=5538804.11 feasibleAnts=10 noImprove=11 (elapsed 605.714s)
[ITER 90] bestGlobalCost=5493603.99 (feasible=YES) bestThisIter=5533730.88 feasibleAnts=10 noImprove=21 (elapsed 677.942s)
[RESET] no improvement for30-> reset pheromones
[ITER 100] bestGlobalCost=5493603.99 (feasible=YES) bestThisIter=5709455.53 feasibleAnts=10 noImprove=1 (elapsed 756.275s)
[ITER 107] New best cost=5492538.61 (feasible=YES, time 806.108s)
[ITER 110] bestGlobalCost=5492538.61 (feasible=YES) bestThisIter=5495050.43 feasibleAnts=10 noImprove=3 (elapsed 832.555s)
[ITER 120] bestGlobalCost=5492538.61 (feasible=YES) bestThisIter=5525072.16 feasibleAnts=10 noImprove=13 (elapsed 909.567s)
[ITER 130] bestGlobalCost=5492538.61 (feasible=YES) bestThisIter=5500926.52 feasibleAnts=10 noImprove=23 (elapsed 980.883s)
[RESET] no improvement for30-> reset pheromones
[ITER 140] bestGlobalCost=5492538.61 (feasible=YES) bestThisIter=5544106.48 feasibleAnts=10 noImprove=3 (elapsed 1056.06s)
[ITER 150] bestGlobalCost=5492538.61 (feasible=YES) bestThisIter=5555739.40 feasibleAnts=10 noImprove=13 (elapsed 1133.28s)
[ITER 160] bestGlobalCost=5492538.61 (feasible=YES) bestThisIter=5509405.82 feasibleAnts=10 noImprove=23 (elapsed 1213.22s)
[RESET] no improvement for30-> reset pheromones
[ITER 170] bestGlobalCost=5492538.61 (feasible=YES) bestThisIter=5523454.19 feasibleAnts=10 noImprove=3 (elapsed 1291.54s)
[ITER 180] bestGlobalCost=5492538.61 (feasible=YES) bestThisIter=5529394.43 feasibleAnts=10 noImprove=13 (elapsed 1360.54s)
[ITER 190] bestGlobalCost=5492538.61 (feasible=YES) bestThisIter=5522150.04 feasibleAnts=10 noImprove=23 (elapsed 1437.37s)
[RESET] no improvement for30-> reset pheromones
146 157 158 159 167 168 169 170 180 181 182 183 184 192 193 194 195 196 197 198 199 204 205 206 207 208 209 216 217 218 219 220 233 236 256 257 259 260 261 394 395 404 408 409 413 422 
26 27 28 29 30 31 32 33 59 60 61 62 63 64 65 89 91 92 93 94 95 96 97 98 101 110 111 112 113 123 124 125 134 135 147 148 160 171 210 376 377 379 380 383 384 436 
142 154 155 164 165 166 176 177 178 179 188 189 190 191 200 201 202 203 212 213 214 215 222 223 224 225 229 230 231 232 244 247 248 249 250 252 393 397 398 402 415 424 425 
1 2 3 4 5 6 7 34 35 36 37 38 39 43 66 67 68 69 70 71 72 73 74 75 102 103 104 114 115 126 127 136 137 150 151 162 172 173 175 187 386 387 389 441 442 
245 246 251 281 282 283 284 285 286 287 288 289 290 291 308 309 310 311 312 313 314 315 316 317 318 319 339 340 341 343 346 347 348 349 350 351 352 353 354 355 421 433 434 440 
253 254 255 258 278 292 293 294 295 296 297 298 299 300 301 302 320 321 322 323 324 325 326 327 328 329 344 356 357 358 359 360 361 362 363 364 366 367 412 417 418 419 429 430 431 435 
17 18 19 20 22 23 24 25 52 53 54 55 56 57 58 83 84 85 86 87 88 90 108 109 120 121 122 130 131 132 133 141 143 144 145 156 378 381 382 385 388 390 391 439 
226 237 262 263 264 265 268 272 275 303 304 305 306 307 330 331 332 333 334 335 336 337 338 345 365 368 369 370 371 372 373 374 375 410 411 414 416 420 423 427 432 437 438 
149 152 161 174 185 186 211 221 227 228 234 235 238 239 240 241 242 243 266 267 269 270 271 273 274 276 277 279 280 342 392 396 399 400 401 403 405 406 407 426 428 
8 9 10 11 12 13 14 15 16 21 40 41 42 44 45 46 47 48 49 50 51 76 77 78 79 80 81 82 99 100 105 106 107 116 117 118 119 128 129 138 139 140 153 163 
[SAVELOGS] evolution saved to results/logs/aco_logs/evolution/pcb442_10_4.txt
[SAVELOGS] best cost saved to results/logs/aco_logs/objectives/pcb442_10_4.txt
[SAVELOGS] best solution saved to results/logs/aco_logs/solutions/pcb442_10_4.txt
