[ITER 1] New best cost=13185563.97 (feasible=YES, time 3.02882s)
[ITER 2] New best cost=12962947.31 (feasible=YES, time 5.08142s)
[ITER 4] New best cost=12943453.28 (feasible=YES, time 8.6473s)
[ITER 7] New best cost=12928352.35 (feasible=YES, time 13.6487s)
[ITER 10] New best cost=12891286.34 (feasible=YES, time 22.778s)
[ITER 10] bestGlobalCost=12891286.34 (feasible=YES) bestThisIter=12923310.68 feasibleAnts=10 noImprove=0 (elapsed 22.7833s)
[ITER 14] New best cost=12884250.83 (feasible=YES, time 30.2355s)
[ITER 16] New best cost=12874863.07 (feasible=YES, time 34.0598s)
[ITER 18] New best cost=12857333.88 (feasible=YES, time 37.6241s)
[ITER 19] New best cost=12833852.97 (feasible=YES, time 39.1753s)
[ITER 20] bestGlobalCost=12833852.97 (feasible=YES) bestThisIter=12839878.84 feasibleAnts=10 noImprove=1 (elapsed 44.5315s)
[ITER 21] New best cost=12814768.69 (feasible=YES, time 45.9285s)
[ITER 27] New best cost=12793876.01 (feasible=YES, time 57.5973s)
[ITER 30] New best cost=12754960.22 (feasible=YES, time 66.4283s)
[ITER 30] bestGlobalCost=12754960.22 (feasible=YES) bestThisIter=12782203.49 feasibleAnts=10 noImprove=0 (elapsed 66.4336s)
[ITER 36] New best cost=12754041.51 (feasible=YES, time 76.6065s)
[ITER 40] bestGlobalCost=12754041.51 (feasible=YES) bestThisIter=12783973.18 feasibleAnts=10 noImprove=4 (elapsed 88.7711s)
[ITER 44] New best cost=12739396.60 (feasible=YES, time 96.1673s)
[ITER 50] bestGlobalCost=12739396.60 (feasible=YES) bestThisIter=12795363.97 feasibleAnts=10 noImprove=6 (elapsed 106.711s)
[ITER 60] bestGlobalCost=12739396.60 (feasible=YES) bestThisIter=12816851.87 feasibleAnts=10 noImprove=16 (elapsed 132.84s)
[ITER 70] bestGlobalCost=12739396.60 (feasible=YES) bestThisIter=12782350.94 feasibleAnts=10 noImprove=26 (elapsed 163.306s)
[ITER 80] bestGlobalCost=12739396.60 (feasible=YES) bestThisIter=12882184.19 feasibleAnts=10 noImprove=36 (elapsed 185.685s)
[ITER 90] bestGlobalCost=12739396.60 (feasible=YES) bestThisIter=12823153.84 feasibleAnts=10 noImprove=46 (elapsed 214.024s)
[RESET] no improvement for50-> reset pheromones
[ITER 100] bestGlobalCost=12739396.60 (feasible=YES) bestThisIter=12776541.19 feasibleAnts=10 noImprove=6 (elapsed 238.499s)
[ITER 110] bestGlobalCost=12739396.60 (feasible=YES) bestThisIter=12774615.39 feasibleAnts=10 noImprove=16 (elapsed 263.176s)
[ITER 120] bestGlobalCost=12739396.60 (feasible=YES) bestThisIter=12830897.26 feasibleAnts=10 noImprove=26 (elapsed 287.857s)
[ITER 130] bestGlobalCost=12739396.60 (feasible=YES) bestThisIter=12822967.44 feasibleAnts=10 noImprove=36 (elapsed 315.792s)
[ITER 140] bestGlobalCost=12739396.60 (feasible=YES) bestThisIter=12859741.02 feasibleAnts=10 noImprove=46 (elapsed 340.762s)
[RESET] no improvement for50-> reset pheromones
[ITER 150] bestGlobalCost=12739396.60 (feasible=YES) bestThisIter=12742718.32 feasibleAnts=10 noImprove=6 (elapsed 360.454s)
[ITER 160] bestGlobalCost=12739396.60 (feasible=YES) bestThisIter=12805402.07 feasibleAnts=10 noImprove=16 (elapsed 382.381s)
[ITER 170] bestGlobalCost=12739396.60 (feasible=YES) bestThisIter=12793457.97 feasibleAnts=10 noImprove=26 (elapsed 409.702s)
[ITER 180] bestGlobalCost=12739396.60 (feasible=YES) bestThisIter=12768079.94 feasibleAnts=10 noImprove=36 (elapsed 435.873s)
[ITER 190] bestGlobalCost=12739396.60 (feasible=YES) bestThisIter=12894067.23 feasibleAnts=10 noImprove=46 (elapsed 460.431s)
[RESET] no improvement for50-> reset pheromones
[ITER 199] New best cost=12734635.35 (feasible=YES, time 477.977s)
[ITER 200] bestGlobalCost=12734635.35 (feasible=YES) bestThisIter=12784549.60 feasibleAnts=10 noImprove=1 (elapsed 482.085s)
[ITER 210] bestGlobalCost=12734635.35 (feasible=YES) bestThisIter=12821548.41 feasibleAnts=10 noImprove=11 (elapsed 499.343s)
[ITER 220] bestGlobalCost=12734635.35 (feasible=YES) bestThisIter=12850033.57 feasibleAnts=10 noImprove=21 (elapsed 524.237s)
[ITER 230] bestGlobalCost=12734635.35 (feasible=YES) bestThisIter=12840816.50 feasibleAnts=10 noImprove=31 (elapsed 553.483s)
[ITER 240] bestGlobalCost=12734635.35 (feasible=YES) bestThisIter=12889152.14 feasibleAnts=10 noImprove=41 (elapsed 580.139s)
[RESET] no improvement for50-> reset pheromones
[ITER 250] bestGlobalCost=12734635.35 (feasible=YES) bestThisIter=13139995.28 feasibleAnts=10 noImprove=1 (elapsed 606.549s)
[ITER 251] New best cost=12732808.79 (feasible=YES, time 609.627s)
[ITER 256] New best cost=12710363.41 (feasible=YES, time 617.231s)
[ITER 259] New best cost=12704936.79 (feasible=YES, time 620.973s)
[ITER 260] New best cost=12695074.76 (feasible=YES, time 625.174s)
[ITER 260] bestGlobalCost=12695074.76 (feasible=YES) bestThisIter=12695581.44 feasibleAnts=10 noImprove=0 (elapsed 625.179s)
[ITER 261] New best cost=12690503.66 (feasible=YES, time 626.195s)
[ITER 264] New best cost=12689141.42 (feasible=YES, time 634.018s)
[ITER 266] New best cost=12685737.05 (feasible=YES, time 637.14s)
[ITER 270] bestGlobalCost=12685737.05 (feasible=YES) bestThisIter=12723044.26 feasibleAnts=9 noImprove=4 (elapsed 645.735s)
[ITER 280] bestGlobalCost=12685737.05 (feasible=YES) bestThisIter=12808200.20 feasibleAnts=10 noImprove=14 (elapsed 664.272s)
[ITER 290] bestGlobalCost=12685737.05 (feasible=YES) bestThisIter=12831557.59 feasibleAnts=10 noImprove=24 (elapsed 686.003s)
[ITER 300] bestGlobalCost=12685737.05 (feasible=YES) bestThisIter=12789165.99 feasibleAnts=10 noImprove=34 (elapsed 713.437s)
[ITER 310] bestGlobalCost=12685737.05 (feasible=YES) bestThisIter=12835155.38 feasibleAnts=10 noImprove=44 (elapsed 741.986s)
[RESET] no improvement for50-> reset pheromones
[ITER 320] bestGlobalCost=12685737.05 (feasible=YES) bestThisIter=12723346.72 feasibleAnts=10 noImprove=4 (elapsed 766.908s)
[ITER 330] bestGlobalCost=12685737.05 (feasible=YES) bestThisIter=12748428.09 feasibleAnts=10 noImprove=14 (elapsed 790.085s)
[ITER 340] bestGlobalCost=12685737.05 (feasible=YES) bestThisIter=12820457.82 feasibleAnts=10 noImprove=24 (elapsed 814.416s)
[ITER 350] bestGlobalCost=12685737.05 (feasible=YES) bestThisIter=12828091.65 feasibleAnts=10 noImprove=34 (elapsed 844.483s)
[ITER 360] bestGlobalCost=12685737.05 (feasible=YES) bestThisIter=12813160.84 feasibleAnts=10 noImprove=44 (elapsed 872.975s)
[RESET] no improvement for50-> reset pheromones
[ITER 370] bestGlobalCost=12685737.05 (feasible=YES) bestThisIter=12726333.87 feasibleAnts=10 noImprove=4 (elapsed 898.38s)
[ITER 380] bestGlobalCost=12685737.05 (feasible=YES) bestThisIter=12748545.58 feasibleAnts=10 noImprove=14 (elapsed 919.634s)
[ITER 390] bestGlobalCost=12685737.05 (feasible=YES) bestThisIter=12863727.91 feasibleAnts=10 noImprove=24 (elapsed 945.661s)
[ITER 400] bestGlobalCost=12685737.05 (feasible=YES) bestThisIter=12843310.05 feasibleAnts=10 noImprove=34 (elapsed 970.1s)
[ITER 410] bestGlobalCost=12685737.05 (feasible=YES) bestThisIter=12843887.40 feasibleAnts=9 noImprove=44 (elapsed 1002.06s)
[RESET] no improvement for50-> reset pheromones
[ITER 420] bestGlobalCost=12685737.05 (feasible=YES) bestThisIter=12783196.55 feasibleAnts=10 noImprove=4 (elapsed 1023.06s)
[ITER 430] bestGlobalCost=12685737.05 (feasible=YES) bestThisIter=12757783.39 feasibleAnts=10 noImprove=14 (elapsed 1050.74s)
[ITER 440] bestGlobalCost=12685737.05 (feasible=YES) bestThisIter=12797063.15 feasibleAnts=10 noImprove=24 (elapsed 1074.74s)
[ITER 450] bestGlobalCost=12685737.05 (feasible=YES) bestThisIter=12815325.98 feasibleAnts=10 noImprove=34 (elapsed 1103.01s)
[ITER 460] bestGlobalCost=12685737.05 (feasible=YES) bestThisIter=12746838.82 feasibleAnts=10 noImprove=44 (elapsed 1128.22s)
[RESET] no improvement for50-> reset pheromones
[ITER 470] bestGlobalCost=12685737.05 (feasible=YES) bestThisIter=12762180.38 feasibleAnts=10 noImprove=4 (elapsed 1157.93s)
[ITER 480] bestGlobalCost=12685737.05 (feasible=YES) bestThisIter=12753341.67 feasibleAnts=10 noImprove=14 (elapsed 1189.04s)
[ITER 490] bestGlobalCost=12685737.05 (feasible=YES) bestThisIter=12829214.27 feasibleAnts=10 noImprove=24 (elapsed 1214.38s)
[ITER 500] bestGlobalCost=12685737.05 (feasible=YES) bestThisIter=12864430.42 feasibleAnts=10 noImprove=34 (elapsed 1244.18s)
[ITER 510] bestGlobalCost=12685737.05 (feasible=YES) bestThisIter=12897673.57 feasibleAnts=10 noImprove=44 (elapsed 1265.86s)
[RESET] no improvement for50-> reset pheromones
[ITER 520] bestGlobalCost=12685737.05 (feasible=YES) bestThisIter=12721336.62 feasibleAnts=10 noImprove=4 (elapsed 1292.9s)
[ITER 530] bestGlobalCost=12685737.05 (feasible=YES) bestThisIter=12725191.32 feasibleAnts=11 noImprove=14 (elapsed 1316.67s)
[ITER 540] bestGlobalCost=12685737.05 (feasible=YES) bestThisIter=12801583.24 feasibleAnts=10 noImprove=24 (elapsed 1342.95s)
[ITER 550] bestGlobalCost=12685737.05 (feasible=YES) bestThisIter=12795035.75 feasibleAnts=10 noImprove=34 (elapsed 1371.09s)
[ITER 560] bestGlobalCost=12685737.05 (feasible=YES) bestThisIter=12866808.62 feasibleAnts=10 noImprove=44 (elapsed 1402.25s)
[RESET] no improvement for50-> reset pheromones
[ITER 570] bestGlobalCost=12685737.05 (feasible=YES) bestThisIter=12727958.71 feasibleAnts=10 noImprove=4 (elapsed 1435.78s)
[ITER 580] bestGlobalCost=12685737.05 (feasible=YES) bestThisIter=12707726.72 feasibleAnts=10 noImprove=14 (elapsed 1466.41s)
[ITER 590] bestGlobalCost=12685737.05 (feasible=YES) bestThisIter=12752982.30 feasibleAnts=10 noImprove=24 (elapsed 1497.77s)
186 187 188 189 225 226 227 229 230 231 232 280 281 282 283 285 286 287 288 289 290 291 292 340 341 342 344 345 346 347 348 349 350 351 352 353 354 357 374 375 376 377 379 380 389 394 
15 16 21 24 25 26 27 28 29 30 31 32 33 34 35 36 58 59 60 61 62 63 64 65 73 74 75 76 77 78 86 87 89 105 108 109 110 111 112 144 145 146 147 
209 210 211 212 213 214 215 242 243 244 245 246 247 248 249 250 252 253 254 255 256 257 258 259 260 261 262 263 264 265 306 307 309 311 312 313 314 315 316 318 319 320 321 322 
119 138 139 142 150 151 153 155 157 158 159 176 177 178 179 180 182 183 184 190 191 192 193 194 195 196 197 198 200 202 216 217 218 219 220 221 234 235 236 237 238 239 240 241 269 271 
1 2 3 4 5 6 7 8 9 10 11 12 13 14 17 37 38 39 40 41 42 43 44 45 46 47 48 49 50 51 52 53 54 55 56 57 79 80 81 82 83 84 85 149 
266 293 305 308 310 317 323 324 325 326 327 328 355 356 358 359 361 362 364 385 386 387 388 390 400 401 402 404 405 414 415 416 417 418 419 428 429 431 
228 284 343 371 372 373 381 382 383 384 391 392 393 395 396 397 398 399 403 406 407 408 409 410 411 412 413 420 421 422 423 424 425 426 427 430 432 433 434 435 436 437 438 439 
222 223 224 233 267 268 270 272 273 274 275 276 277 278 279 294 295 296 297 298 299 300 301 302 303 304 329 330 331 332 333 334 335 336 337 338 339 360 363 365 366 367 368 369 370 378 
99 122 123 124 125 126 127 128 129 130 131 132 133 134 135 136 137 140 160 161 162 163 164 165 166 167 168 169 170 171 172 173 174 175 199 201 203 204 205 206 207 208 251 
18 19 20 22 23 66 67 68 69 70 71 72 88 90 91 92 93 94 95 96 97 98 100 101 102 103 104 106 107 113 114 115 116 117 118 120 121 141 143 148 152 154 156 181 185 
[SAVELOGS] evolution saved to results/logs/aco_logs/evolution/pr439_10_3.txt
[SAVELOGS] best cost saved to results/logs/aco_logs/objectives/pr439_10_3.txt
[SAVELOGS] best solution saved to results/logs/aco_logs/solutions/pr439_10_3.txt
