[ITER 1] New best cost=445072.23 (feasible=YES, time 0.393674s)
[ITER 2] New best cost=427064.34 (feasible=YES, time 0.643375s)
[ITER 3] New best cost=418561.57 (feasible=YES, time 0.826106s)
[ITER 9] New best cost=409900.90 (feasible=YES, time 2.27936s)
[ITER 10] New best cost=401460.53 (feasible=YES, time 2.37462s)
[ITER 10] bestGlobalCost=401460.53 (feasible=YES) bestThisIter=401460.53 feasibleAnts=10 noImprove=0 (elapsed 2.37817s)
[ITER 14] New best cost=401247.43 (feasible=YES, time 2.89197s)
[ITER 15] New best cost=399286.11 (feasible=YES, time 4.47909s)
[ITER 20] bestGlobalCost=399286.11 (feasible=YES) bestThisIter=399286.11 feasibleAnts=10 noImprove=5 (elapsed 11.0511s)
[ITER 30] bestGlobalCost=399286.11 (feasible=YES) bestThisIter=417188.54 feasibleAnts=10 noImprove=15 (elapsed 20.3641s)
[ITER 40] bestGlobalCost=399286.11 (feasible=YES) bestThisIter=430962.15 feasibleAnts=10 noImprove=25 (elapsed 23.1505s)
[RESET] no improvement for30-> reset pheromones
[ITER 50] bestGlobalCost=399286.11 (feasible=YES) bestThisIter=471103.29 feasibleAnts=10 noImprove=5 (elapsed 33.5802s)
[ITER 60] bestGlobalCost=399286.11 (feasible=YES) bestThisIter=433542.24 feasibleAnts=10 noImprove=15 (elapsed 44.3344s)
[ITER 70] bestGlobalCost=399286.11 (feasible=YES) bestThisIter=442435.15 feasibleAnts=10 noImprove=25 (elapsed 47.1734s)
[RESET] no improvement for30-> reset pheromones
[ITER 80] bestGlobalCost=399286.11 (feasible=YES) bestThisIter=463740.68 feasibleAnts=10 noImprove=5 (elapsed 57.5455s)
30 31 32 33 34 57 
137 138 139 140 141 142 143 144 
86 88 104 105 106 107 108 110 
43 44 45 61 66 71 72 
70 78 90 100 101 103 
73 74 75 76 77 91 92 97 
62 63 64 65 67 68 69 
109 111 112 113 114 135 136 
115 126 130 131 132 133 134 
1 2 3 4 5 6 28 29 
22 24 25 26 27 35 36 
102 116 117 118 119 120 123 
79 80 81 82 83 84 85 87 
37 46 47 48 58 59 60 
89 93 94 95 96 98 99 
49 50 51 52 53 54 55 56 
7 8 9 10 11 12 19 20 
21 23 38 39 40 41 
13 14 15 16 17 18 42 
121 122 124 125 127 128 129 
[SAVELOGS] evolution saved to results/logs/pr144_20_3/evolution/pr144_20_3
[SAVELOGS] best cost saved to results/logs/pr144_20_3/objectives/pr144_20_3
[SAVELOGS] best solution saved to results/logs/pr144_20_3/solutions/pr144_20_3
