[ITER 1] New best cost=444388.11 (feasible=YES, time 0.317091s)
[ITER 2] New best cost=431459.64 (feasible=YES, time 0.538905s)
[ITER 3] New best cost=426991.57 (feasible=YES, time 0.800605s)
[ITER 9] New best cost=426857.54 (feasible=YES, time 2.13654s)
[ITER 10] New best cost=416930.88 (feasible=YES, time 2.29378s)
[ITER 10] bestGlobalCost=416930.88 (feasible=YES) bestThisIter=416930.88 feasibleAnts=10 noImprove=0 (elapsed 2.29727s)
[ITER 12] New best cost=409222.54 (feasible=YES, time 2.62951s)
[ITER 14] New best cost=408728.63 (feasible=YES, time 2.98066s)
[ITER 15] New best cost=404049.87 (feasible=YES, time 4.32386s)
[ITER 15] New best cost=401086.97 (feasible=YES, time 5.47962s)
[ITER 15] New best cost=400542.23 (feasible=YES, time 9.50234s)
[ITER 19] New best cost=398830.76 (feasible=YES, time 10.1073s)
[ITER 20] New best cost=397636.53 (feasible=YES, time 10.2292s)
[ITER 20] bestGlobalCost=397636.53 (feasible=YES) bestThisIter=397636.53 feasibleAnts=10 noImprove=0 (elapsed 10.233s)
[ITER 30] New best cost=397405.01 (feasible=YES, time 15.2712s)
[ITER 30] bestGlobalCost=397405.01 (feasible=YES) bestThisIter=414263.29 feasibleAnts=10 noImprove=0 (elapsed 18.1524s)
[ITER 40] bestGlobalCost=397405.01 (feasible=YES) bestThisIter=421516.26 feasibleAnts=10 noImprove=10 (elapsed 19.4134s)
[ITER 50] bestGlobalCost=397405.01 (feasible=YES) bestThisIter=417146.22 feasibleAnts=10 noImprove=20 (elapsed 28.1619s)
[ITER 60] bestGlobalCost=397405.01 (feasible=YES) bestThisIter=401251.93 feasibleAnts=10 noImprove=30 (elapsed 37.0834s)
[RESET] no improvement for30-> reset pheromones
[ITER 70] bestGlobalCost=397405.01 (feasible=YES) bestThisIter=451933.02 feasibleAnts=10 noImprove=10 (elapsed 39.7279s)
[ITER 80] bestGlobalCost=397405.01 (feasible=YES) bestThisIter=428137.58 feasibleAnts=10 noImprove=20 (elapsed 49.0118s)
[ITER 90] bestGlobalCost=397405.01 (feasible=YES) bestThisIter=435863.11 feasibleAnts=10 noImprove=30 (elapsed 58.1267s)
[RESET] no improvement for30-> reset pheromones
97 116 117 118 119 120 121 
62 63 64 65 67 68 69 
73 74 75 76 89 90 93 
18 20 22 23 38 39 40 
49 50 51 52 53 54 55 56 
37 46 47 48 58 59 60 
91 92 94 95 96 98 99 
30 31 32 33 34 57 
122 123 124 125 127 128 129 
1 2 3 4 5 6 28 
70 77 78 100 101 102 103 
86 88 104 105 106 107 108 110 
43 44 45 61 66 71 72 
79 80 81 82 83 84 85 87 
24 25 26 27 29 35 36 
109 111 112 113 114 135 136 
115 126 130 131 132 133 134 
137 138 139 140 141 142 143 144 
7 8 9 10 11 12 13 19 
14 15 16 17 21 41 42 
[SAVELOGS] evolution saved to results/logs/pr144_20_3/evolution/pr144_20_3
[SAVELOGS] best cost saved to results/logs/pr144_20_3/objectives/pr144_20_3
[SAVELOGS] best solution saved to results/logs/pr144_20_3/solutions/pr144_20_3
