[ITER 1] New best cost=1432096.23 (feasible=YES, time 4.24907s)
[ITER 2] New best cost=1403938.93 (feasible=YES, time 8.34508s)
[ITER 3] New best cost=1403663.70 (feasible=YES, time 11.755s)
[ITER 4] New best cost=1402629.24 (feasible=YES, time 14.7125s)
[ITER 6] New best cost=1395516.13 (feasible=YES, time 21.9232s)
[ITER 7] New best cost=1391711.11 (feasible=YES, time 25.0559s)
[ITER 10] [TS] New best cost=1384402.95 (feasible=YES, time 35.5709s)
[ITER 10] bestGlobalCost=1384402.95 (feasible=YES) bestThisIter=1384402.95 feasibleAnts=10 noImprove=1 (elapsed 40.0269s)
[ITER 15] New best cost=1380941.67 (feasible=YES, time 56.8626s)
[ITER 18] New best cost=1380926.73 (feasible=YES, time 68.5117s)
[ITER 20] bestGlobalCost=1380926.73 (feasible=YES) bestThisIter=1385031.63 feasibleAnts=10 noImprove=2 (elapsed 80.1298s)
[ITER 21] New best cost=1378168.98 (feasible=YES, time 83.0281s)
[ITER 22] New best cost=1377513.11 (feasible=YES, time 88.2097s)
[ITER 25] New best cost=1374521.54 (feasible=YES, time 98.1745s)
[ITER 30] bestGlobalCost=1374521.54 (feasible=YES) bestThisIter=1374521.54 feasibleAnts=10 noImprove=5 (elapsed 118.717s)
[ITER 35] New best cost=1373927.44 (feasible=YES, time 132.601s)
[ITER 40] bestGlobalCost=1373927.44 (feasible=YES) bestThisIter=1381219.96 feasibleAnts=10 noImprove=5 (elapsed 151.826s)
[ITER 45] New best cost=1372092.50 (feasible=YES, time 168.281s)
[ITER 50] [TS] New best cost=1369182.94 (feasible=YES, time 184.798s)
[ITER 50] bestGlobalCost=1369182.94 (feasible=YES) bestThisIter=1369182.94 feasibleAnts=10 noImprove=1 (elapsed 189.176s)
[ITER 57] New best cost=1366182.43 (feasible=YES, time 208.05s)
[ITER 60] bestGlobalCost=1366182.43 (feasible=YES) bestThisIter=1377065.06 feasibleAnts=10 noImprove=3 (elapsed 221.326s)
[ITER 70] bestGlobalCost=1366182.43 (feasible=YES) bestThisIter=1370394.46 feasibleAnts=10 noImprove=13 (elapsed 259.348s)
[ITER 80] bestGlobalCost=1366182.43 (feasible=YES) bestThisIter=1373917.53 feasibleAnts=10 noImprove=23 (elapsed 296.99s)
[RESET] no improvement for30-> reset pheromones
[ITER 90] bestGlobalCost=1366182.43 (feasible=YES) bestThisIter=1377916.75 feasibleAnts=10 noImprove=3 (elapsed 332.828s)
[ITER 97] New best cost=1364796.64 (feasible=YES, time 354.71s)
[ITER 100] bestGlobalCost=1364796.64 (feasible=YES) bestThisIter=1372277.38 feasibleAnts=10 noImprove=3 (elapsed 369.268s)
[ITER 110] bestGlobalCost=1364796.64 (feasible=YES) bestThisIter=1375618.67 feasibleAnts=10 noImprove=13 (elapsed 403.968s)
[ITER 120] [TS] New best cost=1364746.03 (feasible=YES, time 437.584s)
[ITER 120] bestGlobalCost=1364746.03 (feasible=YES) bestThisIter=1364746.03 feasibleAnts=10 noImprove=1 (elapsed 441.793s)
[ITER 130] bestGlobalCost=1364746.03 (feasible=YES) bestThisIter=1364746.03 feasibleAnts=10 noImprove=11 (elapsed 480.611s)
[ITER 133] New best cost=1364640.41 (feasible=YES, time 489.139s)
[ITER 140] bestGlobalCost=1364640.41 (feasible=YES) bestThisIter=1379287.86 feasibleAnts=10 noImprove=7 (elapsed 515.031s)
[ITER 150] bestGlobalCost=1364640.41 (feasible=YES) bestThisIter=1366268.36 feasibleAnts=10 noImprove=17 (elapsed 547.295s)
[ITER 160] bestGlobalCost=1364640.41 (feasible=YES) bestThisIter=1371158.18 feasibleAnts=10 noImprove=27 (elapsed 586.095s)
[RESET] no improvement for30-> reset pheromones
[ITER 170] bestGlobalCost=1364640.41 (feasible=YES) bestThisIter=1381411.76 feasibleAnts=10 noImprove=7 (elapsed 621.982s)
[ITER 180] bestGlobalCost=1364640.41 (feasible=YES) bestThisIter=1364640.41 feasibleAnts=10 noImprove=17 (elapsed 654.825s)
[ITER 190] bestGlobalCost=1364640.41 (feasible=YES) bestThisIter=1369590.67 feasibleAnts=10 noImprove=27 (elapsed 688.443s)
[RESET] no improvement for30-> reset pheromones
[ITER 200] bestGlobalCost=1364640.41 (feasible=YES) bestThisIter=1379793.22 feasibleAnts=10 noImprove=7 (elapsed 723.005s)
[ITER 210] bestGlobalCost=1364640.41 (feasible=YES) bestThisIter=1364640.41 feasibleAnts=10 noImprove=17 (elapsed 756.645s)
[ITER 220] bestGlobalCost=1364640.41 (feasible=YES) bestThisIter=1365970.35 feasibleAnts=10 noImprove=27 (elapsed 789.436s)
[RESET] no improvement for30-> reset pheromones
[ITER 230] bestGlobalCost=1364640.41 (feasible=YES) bestThisIter=1364640.41 feasibleAnts=10 noImprove=7 (elapsed 825.126s)
[ITER 240] bestGlobalCost=1364640.41 (feasible=YES) bestThisIter=1372922.21 feasibleAnts=10 noImprove=17 (elapsed 858.887s)
[ITER 250] bestGlobalCost=1364640.41 (feasible=YES) bestThisIter=1381794.35 feasibleAnts=10 noImprove=27 (elapsed 894.787s)
[ITER 252] New best cost=1364590.56 (feasible=YES, time 901.37s)
[ITER 260] bestGlobalCost=1364590.56 (feasible=YES) bestThisIter=1364590.56 feasibleAnts=10 noImprove=8 (elapsed 929.529s)
[ITER 270] bestGlobalCost=1364590.56 (feasible=YES) bestThisIter=1364590.56 feasibleAnts=10 noImprove=18 (elapsed 969.757s)
[ITER 280] bestGlobalCost=1364590.56 (feasible=YES) bestThisIter=1371036.46 feasibleAnts=10 noImprove=28 (elapsed 1005.46s)
[RESET] no improvement for30-> reset pheromones
[ITER 290] bestGlobalCost=1364590.56 (feasible=YES) bestThisIter=1379424.66 feasibleAnts=10 noImprove=8 (elapsed 1040.07s)
[ITER 300] bestGlobalCost=1364590.56 (feasible=YES) bestThisIter=1364590.56 feasibleAnts=11 noImprove=18 (elapsed 1075.71s)
[ITER 310] bestGlobalCost=1364590.56 (feasible=YES) bestThisIter=1364590.56 feasibleAnts=10 noImprove=28 (elapsed 1111.12s)
[RESET] no improvement for30-> reset pheromones
[ITER 320] bestGlobalCost=1364590.56 (feasible=YES) bestThisIter=1367967.55 feasibleAnts=10 noImprove=8 (elapsed 1147.74s)
[ITER 322] New best cost=1364176.71 (feasible=YES, time 1152.6s)
[ITER 330] bestGlobalCost=1364176.71 (feasible=YES) bestThisIter=1364176.71 feasibleAnts=10 noImprove=8 (elapsed 1186.27s)
[ITER 340] bestGlobalCost=1364176.71 (feasible=YES) bestThisIter=1364176.71 feasibleAnts=11 noImprove=18 (elapsed 1221.02s)
[ITER 350] bestGlobalCost=1364176.71 (feasible=YES) bestThisIter=1376382.67 feasibleAnts=10 noImprove=28 (elapsed 1258.15s)
[RESET] no improvement for30-> reset pheromones
[ITER 360] bestGlobalCost=1364176.71 (feasible=YES) bestThisIter=1373534.33 feasibleAnts=10 noImprove=8 (elapsed 1295.03s)
[ITER 368] New best cost=1362952.23 (feasible=YES, time 1323.51s)
[ITER 370] bestGlobalCost=1362952.23 (feasible=YES) bestThisIter=1364176.71 feasibleAnts=10 noImprove=2 (elapsed 1335.14s)
[ITER 380] bestGlobalCost=1362952.23 (feasible=YES) bestThisIter=1362952.23 feasibleAnts=10 noImprove=12 (elapsed 1366.46s)
[ITER 390] bestGlobalCost=1362952.23 (feasible=YES) bestThisIter=1362952.23 feasibleAnts=10 noImprove=22 (elapsed 1400.44s)
[RESET] no improvement for30-> reset pheromones
[ITER 400] bestGlobalCost=1362952.23 (feasible=YES) bestThisIter=1378731.11 feasibleAnts=10 noImprove=2 (elapsed 1436.2s)
[ITER 410] bestGlobalCost=1362952.23 (feasible=YES) bestThisIter=1362952.23 feasibleAnts=10 noImprove=12 (elapsed 1470.16s)
[ITER 420] bestGlobalCost=1362952.23 (feasible=YES) bestThisIter=1366404.73 feasibleAnts=10 noImprove=22 (elapsed 1499.47s)
11 23 32 35 56 59 60 62 100 101 110 113 124 130 132 142 158 191 206 209 224 245 251 254 275 276 293 300 307 311 320 327 329 344 345 350 362 363 396 397 
34 38 51 54 77 79 87 90 102 121 133 155 161 165 169 178 185 211 232 236 237 238 244 249 252 256 258 261 263 264 284 285 286 287 295 309 313 347 349 375 383 
8 18 40 44 50 55 83 91 97 109 128 145 149 152 162 168 175 181 182 192 193 204 210 217 219 229 233 239 246 259 296 319 335 338 365 366 380 394 399 
1 13 17 19 24 26 39 42 67 89 115 117 120 129 164 167 173 186 199 202 205 214 216 222 234 247 268 282 288 298 301 304 306 317 328 336 357 384 395 400 
43 46 61 70 74 78 81 86 94 131 134 138 140 144 150 171 172 177 183 188 198 208 218 235 241 267 277 283 292 294 302 305 321 322 324 325 333 351 364 374 
12 27 28 33 37 63 75 82 99 104 105 106 111 112 126 143 170 176 194 220 221 231 248 250 270 291 297 303 310 318 326 334 355 368 370 372 376 378 386 388 
2 4 9 20 22 45 57 66 73 92 96 103 108 122 137 139 147 148 157 166 179 201 203 215 227 257 273 274 280 290 299 337 339 352 354 358 360 367 371 385 
3 5 10 14 16 31 52 80 93 116 125 135 141 146 189 195 207 212 223 226 228 242 255 260 262 265 266 269 272 281 314 330 332 353 361 373 377 382 387 390 393 
25 29 41 53 65 71 84 85 88 95 114 127 153 156 159 163 174 180 187 190 197 200 225 243 278 289 308 312 315 331 340 343 348 356 359 369 381 389 392 398 
6 7 15 21 30 36 47 48 49 58 64 68 69 72 76 98 107 118 119 123 136 151 154 160 184 196 213 230 240 253 271 279 316 323 341 342 346 379 391 
[SAVELOGS] evolution saved to results/logs/aco_logs/evolution/rd400_10_4.txt
[SAVELOGS] best cost saved to results/logs/aco_logs/objectives/rd400_10_4.txt
[SAVELOGS] best solution saved to results/logs/aco_logs/solutions/rd400_10_4.txt
