[ITER 1] New best cost=1021806.10 (feasible=YES, time 0.803365s)
[ITER 2] New best cost=1005042.12 (feasible=YES, time 1.65261s)
[ITER 4] New best cost=996556.73 (feasible=YES, time 3.37407s)
[ITER 5] New best cost=993713.94 (feasible=YES, time 4.29503s)
[ITER 9] New best cost=986681.50 (feasible=YES, time 7.45172s)
[ITER 10] bestGlobalCost=986681.50 (feasible=YES) bestThisIter=990196.39 feasibleAnts=11 noImprove=1 (elapsed 9.56255s)
[ITER 13] New best cost=986646.43 (feasible=YES, time 11.8417s)
[ITER 14] New best cost=985319.71 (feasible=YES, time 12.5564s)
[ITER 16] New best cost=983401.50 (feasible=YES, time 14.4652s)
[ITER 19] New best cost=982812.92 (feasible=YES, time 16.5224s)
[ITER 20] New best cost=982676.69 (feasible=YES, time 18.8671s)
[ITER 20] bestGlobalCost=982676.69 (feasible=YES) bestThisIter=983038.53 feasibleAnts=10 noImprove=0 (elapsed 18.8719s)
[ITER 30] bestGlobalCost=982676.69 (feasible=YES) bestThisIter=992885.30 feasibleAnts=12 noImprove=10 (elapsed 26.7918s)
[ITER 40] bestGlobalCost=982676.69 (feasible=YES) bestThisIter=999665.47 feasibleAnts=10 noImprove=20 (elapsed 35.5329s)
[ITER 50] bestGlobalCost=982676.69 (feasible=YES) bestThisIter=1009179.01 feasibleAnts=10 noImprove=30 (elapsed 45.2515s)
[ITER 60] bestGlobalCost=982676.69 (feasible=YES) bestThisIter=998743.16 feasibleAnts=9 noImprove=40 (elapsed 56.186s)
[ITER 70] bestGlobalCost=982676.69 (feasible=YES) bestThisIter=1011603.90 feasibleAnts=9 noImprove=50 (elapsed 66.4962s)
[RESET] no improvement for50-> reset pheromones
[ITER 80] bestGlobalCost=982676.69 (feasible=YES) bestThisIter=992889.41 feasibleAnts=11 noImprove=10 (elapsed 74.867s)
[ITER 90] bestGlobalCost=982676.69 (feasible=YES) bestThisIter=990068.70 feasibleAnts=10 noImprove=20 (elapsed 84.0134s)
[ITER 100] bestGlobalCost=982676.69 (feasible=YES) bestThisIter=998052.43 feasibleAnts=10 noImprove=30 (elapsed 94.0953s)
[ITER 110] bestGlobalCost=982676.69 (feasible=YES) bestThisIter=1004155.99 feasibleAnts=10 noImprove=40 (elapsed 104.785s)
[ITER 120] bestGlobalCost=982676.69 (feasible=YES) bestThisIter=1013883.84 feasibleAnts=9 noImprove=50 (elapsed 114.106s)
[RESET] no improvement for50-> reset pheromones
[ITER 122] New best cost=982038.49 (feasible=YES, time 115.28s)
[ITER 130] bestGlobalCost=982038.49 (feasible=YES) bestThisIter=985789.88 feasibleAnts=12 noImprove=8 (elapsed 121.209s)
[ITER 138] New best cost=980703.42 (feasible=YES, time 126.778s)
[ITER 140] bestGlobalCost=980703.42 (feasible=YES) bestThisIter=982038.49 feasibleAnts=19 noImprove=2 (elapsed 128.776s)
[ITER 150] New best cost=975938.39 (feasible=YES, time 135.826s)
[ITER 150] bestGlobalCost=975938.39 (feasible=YES) bestThisIter=989881.42 feasibleAnts=10 noImprove=0 (elapsed 135.83s)
[ITER 160] bestGlobalCost=975938.39 (feasible=YES) bestThisIter=981723.90 feasibleAnts=11 noImprove=10 (elapsed 144.804s)
[ITER 170] bestGlobalCost=975938.39 (feasible=YES) bestThisIter=992577.20 feasibleAnts=10 noImprove=20 (elapsed 155.007s)
[ITER 180] bestGlobalCost=975938.39 (feasible=YES) bestThisIter=983702.56 feasibleAnts=10 noImprove=30 (elapsed 165.633s)
[ITER 190] bestGlobalCost=975938.39 (feasible=YES) bestThisIter=984681.86 feasibleAnts=10 noImprove=40 (elapsed 175.122s)
[ITER 200] bestGlobalCost=975938.39 (feasible=YES) bestThisIter=1000782.37 feasibleAnts=9 noImprove=50 (elapsed 185.212s)
[RESET] no improvement for50-> reset pheromones
[ITER 210] bestGlobalCost=975938.39 (feasible=YES) bestThisIter=989780.86 feasibleAnts=11 noImprove=10 (elapsed 195.331s)
[ITER 220] bestGlobalCost=975938.39 (feasible=YES) bestThisIter=984581.98 feasibleAnts=10 noImprove=20 (elapsed 206.339s)
[ITER 230] bestGlobalCost=975938.39 (feasible=YES) bestThisIter=976615.70 feasibleAnts=10 noImprove=30 (elapsed 217.273s)
[ITER 240] bestGlobalCost=975938.39 (feasible=YES) bestThisIter=1000659.37 feasibleAnts=8 noImprove=40 (elapsed 226.898s)
[ITER 250] bestGlobalCost=975938.39 (feasible=YES) bestThisIter=1012513.03 feasibleAnts=8 noImprove=50 (elapsed 236.573s)
[RESET] no improvement for50-> reset pheromones
[ITER 260] bestGlobalCost=975938.39 (feasible=YES) bestThisIter=986471.34 feasibleAnts=15 noImprove=10 (elapsed 246.334s)
[ITER 270] bestGlobalCost=975938.39 (feasible=YES) bestThisIter=985126.36 feasibleAnts=10 noImprove=20 (elapsed 256.56s)
[ITER 280] bestGlobalCost=975938.39 (feasible=YES) bestThisIter=992451.03 feasibleAnts=9 noImprove=30 (elapsed 266.101s)
[ITER 290] bestGlobalCost=975938.39 (feasible=YES) bestThisIter=1015738.44 feasibleAnts=9 noImprove=40 (elapsed 276.401s)
[ITER 300] bestGlobalCost=975938.39 (feasible=YES) bestThisIter=1003269.29 feasibleAnts=10 noImprove=50 (elapsed 287.225s)
[RESET] no improvement for50-> reset pheromones
[ITER 310] bestGlobalCost=975938.39 (feasible=YES) bestThisIter=999717.45 feasibleAnts=13 noImprove=10 (elapsed 296.755s)
20 30 38 47 56 65 69 75 79 80 81 86 100 113 124 127 179 181 184 188 
8 11 12 28 29 32 59 76 91 93 97 98 99 107 129 136 158 167 175 
60 61 66 74 83 87 94 114 131 133 145 157 165 168 172 176 178 182 196 199 
7 9 25 27 34 35 37 46 54 57 58 71 72 84 115 141 163 169 180 
18 19 36 41 44 45 92 96 102 105 119 130 135 137 148 151 153 162 192 200 
4 6 15 31 33 48 51 63 64 110 112 118 120 121 125 128 147 155 156 187 195 
1 3 10 21 49 68 73 85 90 95 108 122 123 134 138 146 152 161 166 174 
5 26 39 40 53 62 67 70 101 111 117 132 142 149 150 170 189 190 194 197 198 
2 13 14 16 17 24 42 50 77 78 82 103 106 109 126 140 144 159 160 185 
22 23 43 52 55 88 89 104 116 139 143 154 164 171 173 177 183 186 191 193 
[SAVELOGS] evolution saved to results/logs/aco_logs/evolution/kroB200_10_5.txt
[SAVELOGS] best cost saved to results/logs/aco_logs/objectives/kroB200_10_5.txt
[SAVELOGS] best solution saved to results/logs/aco_logs/solutions/kroB200_10_5.txt
