[ITER 1] New best cost=109127.79 (feasible=YES, time 0.0628451s)
[ITER 2] New best cost=107022.29 (feasible=YES, time 0.127386s)
[ITER 3] New best cost=105667.94 (feasible=YES, time 0.170268s)
[ITER 4] New best cost=105232.49 (feasible=YES, time 0.220266s)
[ITER 10] bestGlobalCost=105232.49 (feasible=YES) bestThisIter=105288.48 feasibleAnts=10 noImprove=6 (elapsed 0.47022s)
[ITER 15] New best cost=105090.63 (feasible=YES, time 0.910551s)
[ITER 20] bestGlobalCost=105090.63 (feasible=YES) bestThisIter=105090.63 feasibleAnts=12 noImprove=5 (elapsed 2.20566s)
[ITER 30] New best cost=104896.31 (feasible=YES, time 3.11297s)
[ITER 30] bestGlobalCost=104896.31 (feasible=YES) bestThisIter=105090.63 feasibleAnts=10 noImprove=0 (elapsed 3.94935s)
[ITER 40] bestGlobalCost=104896.31 (feasible=YES) bestThisIter=104896.31 feasibleAnts=11 noImprove=10 (elapsed 4.32477s)
[ITER 50] bestGlobalCost=104896.31 (feasible=YES) bestThisIter=105951.87 feasibleAnts=10 noImprove=20 (elapsed 6.02341s)
[ITER 51] New best cost=104799.12 (feasible=YES, time 6.0816s)
[ITER 60] bestGlobalCost=104799.12 (feasible=YES) bestThisIter=104799.12 feasibleAnts=10 noImprove=9 (elapsed 7.72569s)
[ITER 70] bestGlobalCost=104799.12 (feasible=YES) bestThisIter=105671.60 feasibleAnts=10 noImprove=19 (elapsed 8.11861s)
[ITER 80] bestGlobalCost=104799.12 (feasible=YES) bestThisIter=105112.26 feasibleAnts=10 noImprove=29 (elapsed 10.1919s)
[RESET] no improvement for30-> reset pheromones
[ITER 90] bestGlobalCost=104799.12 (feasible=YES) bestThisIter=108917.45 feasibleAnts=10 noImprove=9 (elapsed 12.3614s)
[ITER 100] bestGlobalCost=104799.12 (feasible=YES) bestThisIter=105671.60 feasibleAnts=10 noImprove=19 (elapsed 12.8105s)
[ITER 110] bestGlobalCost=104799.12 (feasible=YES) bestThisIter=105872.99 feasibleAnts=10 noImprove=29 (elapsed 14.5976s)
[RESET] no improvement for30-> reset pheromones
[ITER 120] bestGlobalCost=104799.12 (feasible=YES) bestThisIter=110808.39 feasibleAnts=10 noImprove=9 (elapsed 16.3924s)
[ITER 130] bestGlobalCost=104799.12 (feasible=YES) bestThisIter=106252.45 feasibleAnts=10 noImprove=19 (elapsed 16.8978s)
[ITER 140] bestGlobalCost=104799.12 (feasible=YES) bestThisIter=104799.12 feasibleAnts=10 noImprove=29 (elapsed 19.0259s)
[RESET] no improvement for30-> reset pheromones
[ITER 150] bestGlobalCost=104799.12 (feasible=YES) bestThisIter=109948.24 feasibleAnts=10 noImprove=9 (elapsed 21.0798s)
[ITER 160] bestGlobalCost=104799.12 (feasible=YES) bestThisIter=105999.10 feasibleAnts=10 noImprove=19 (elapsed 21.504s)
[ITER 170] bestGlobalCost=104799.12 (feasible=YES) bestThisIter=106259.47 feasibleAnts=10 noImprove=29 (elapsed 23.216s)
[RESET] no improvement for30-> reset pheromones
[ITER 180] bestGlobalCost=104799.12 (feasible=YES) bestThisIter=107507.43 feasibleAnts=10 noImprove=9 (elapsed 25.2174s)
[ITER 190] bestGlobalCost=104799.12 (feasible=YES) bestThisIter=104799.12 feasibleAnts=10 noImprove=19 (elapsed 25.7008s)
[ITER 200] bestGlobalCost=104799.12 (feasible=YES) bestThisIter=106047.01 feasibleAnts=10 noImprove=29 (elapsed 27.7841s)
[RESET] no improvement for30-> reset pheromones
[ITER 210] bestGlobalCost=104799.12 (feasible=YES) bestThisIter=109638.22 feasibleAnts=10 noImprove=9 (elapsed 29.6534s)
[ITER 220] bestGlobalCost=104799.12 (feasible=YES) bestThisIter=104799.12 feasibleAnts=10 noImprove=19 (elapsed 30.0668s)
[ITER 230] bestGlobalCost=104799.12 (feasible=YES) bestThisIter=106119.40 feasibleAnts=10 noImprove=29 (elapsed 31.7974s)
[RESET] no improvement for30-> reset pheromones
[ITER 240] bestGlobalCost=104799.12 (feasible=YES) bestThisIter=110925.04 feasibleAnts=10 noImprove=9 (elapsed 33.8351s)
[ITER 250] bestGlobalCost=104799.12 (feasible=YES) bestThisIter=106940.53 feasibleAnts=10 noImprove=19 (elapsed 34.3376s)
[ITER 260] bestGlobalCost=104799.12 (feasible=YES) bestThisIter=105383.62 feasibleAnts=10 noImprove=29 (elapsed 36.4355s)
[RESET] no improvement for30-> reset pheromones
[ITER 270] bestGlobalCost=104799.12 (feasible=YES) bestThisIter=107744.31 feasibleAnts=10 noImprove=9 (elapsed 38.1948s)
[ITER 280] bestGlobalCost=104799.12 (feasible=YES) bestThisIter=106703.91 feasibleAnts=10 noImprove=19 (elapsed 38.6484s)
[ITER 290] bestGlobalCost=104799.12 (feasible=YES) bestThisIter=104799.12 feasibleAnts=10 noImprove=29 (elapsed 40.4429s)
[RESET] no improvement for30-> reset pheromones
[ITER 300] bestGlobalCost=104799.12 (feasible=YES) bestThisIter=105669.84 feasibleAnts=10 noImprove=9 (elapsed 42.2287s)
[ITER 310] bestGlobalCost=104799.12 (feasible=YES) bestThisIter=104799.12 feasibleAnts=10 noImprove=19 (elapsed 42.6703s)
[ITER 320] bestGlobalCost=104799.12 (feasible=YES) bestThisIter=106893.77 feasibleAnts=10 noImprove=29 (elapsed 44.4147s)
[RESET] no improvement for30-> reset pheromones
[ITER 330] bestGlobalCost=104799.12 (feasible=YES) bestThisIter=107790.83 feasibleAnts=10 noImprove=9 (elapsed 46.6909s)
[ITER 340] bestGlobalCost=104799.12 (feasible=YES) bestThisIter=106119.40 feasibleAnts=10 noImprove=19 (elapsed 47.1364s)
[ITER 350] bestGlobalCost=104799.12 (feasible=YES) bestThisIter=105550.50 feasibleAnts=10 noImprove=29 (elapsed 49.0842s)
[RESET] no improvement for30-> reset pheromones
[ITER 360] bestGlobalCost=104799.12 (feasible=YES) bestThisIter=108801.69 feasibleAnts=10 noImprove=9 (elapsed 50.9154s)
[ITER 370] bestGlobalCost=104799.12 (feasible=YES) bestThisIter=105872.71 feasibleAnts=10 noImprove=19 (elapsed 51.3427s)
[ITER 380] bestGlobalCost=104799.12 (feasible=YES) bestThisIter=105288.48 feasibleAnts=10 noImprove=29 (elapsed 53.24s)
[RESET] no improvement for30-> reset pheromones
[ITER 390] bestGlobalCost=104799.12 (feasible=YES) bestThisIter=109483.31 feasibleAnts=10 noImprove=9 (elapsed 55.4759s)
[ITER 400] bestGlobalCost=104799.12 (feasible=YES) bestThisIter=106119.40 feasibleAnts=10 noImprove=19 (elapsed 56.0228s)
[ITER 410] bestGlobalCost=104799.12 (feasible=YES) bestThisIter=106256.11 feasibleAnts=10 noImprove=29 (elapsed 57.8371s)
[RESET] no improvement for30-> reset pheromones
[ITER 420] bestGlobalCost=104799.12 (feasible=YES) bestThisIter=105634.79 feasibleAnts=10 noImprove=9 (elapsed 59.5838s)
17 32 90 94 97 98 
15 39 41 69 73 79 84 
4 43 44 60 71 93 
1 13 24 27 50 88 
6 18 20 25 59 85 
11 22 23 42 49 70 89 
2 30 35 37 48 51 62 100 
12 21 28 47 56 82 95 
3 5 19 40 53 83 
14 33 45 65 68 86 
7 29 36 58 61 67 74 75 
9 10 26 55 87 92 
16 54 63 64 77 91 96 
31 57 72 76 78 80 99 
8 34 38 46 52 66 81 
[SAVELOGS] evolution saved to results/logs/kroD100_15_2/evolution/kroD100_15_2
[SAVELOGS] best cost saved to results/logs/kroD100_15_2/objectives/kroD100_15_2
[SAVELOGS] best solution saved to results/logs/kroD100_15_2/solutions/kroD100_15_2
