[ITER 1] New best cost=106435.21 (feasible=YES, time 0.0510674s)
[ITER 2] New best cost=106190.48 (feasible=YES, time 0.105862s)
[ITER 3] New best cost=105808.27 (feasible=YES, time 0.152567s)
[ITER 4] New best cost=105753.52 (feasible=YES, time 0.179203s)
[ITER 5] New best cost=105585.39 (feasible=YES, time 0.210657s)
[ITER 10] New best cost=105112.26 (feasible=YES, time 0.419782s)
[ITER 10] bestGlobalCost=105112.26 (feasible=YES) bestThisIter=105112.26 feasibleAnts=10 noImprove=0 (elapsed 0.423381s)
[ITER 13] New best cost=104896.31 (feasible=YES, time 0.554612s)
[ITER 15] New best cost=104799.12 (feasible=YES, time 0.962994s)
[ITER 20] bestGlobalCost=104799.12 (feasible=YES) bestThisIter=104799.12 feasibleAnts=10 noImprove=5 (elapsed 2.55885s)
[ITER 30] bestGlobalCost=104799.12 (feasible=YES) bestThisIter=105754.62 feasibleAnts=10 noImprove=15 (elapsed 4.31617s)
[ITER 40] bestGlobalCost=104799.12 (feasible=YES) bestThisIter=105383.62 feasibleAnts=10 noImprove=25 (elapsed 4.70092s)
[RESET] no improvement for30-> reset pheromones
[ITER 50] bestGlobalCost=104799.12 (feasible=YES) bestThisIter=105649.94 feasibleAnts=10 noImprove=5 (elapsed 6.42798s)
[ITER 60] bestGlobalCost=104799.12 (feasible=YES) bestThisIter=105649.94 feasibleAnts=10 noImprove=15 (elapsed 8.53329s)
[ITER 70] bestGlobalCost=104799.12 (feasible=YES) bestThisIter=104799.12 feasibleAnts=10 noImprove=25 (elapsed 8.98085s)
[RESET] no improvement for30-> reset pheromones
[ITER 80] bestGlobalCost=104799.12 (feasible=YES) bestThisIter=108449.76 feasibleAnts=10 noImprove=5 (elapsed 11.0367s)
[ITER 90] bestGlobalCost=104799.12 (feasible=YES) bestThisIter=107210.43 feasibleAnts=10 noImprove=15 (elapsed 12.7927s)
[ITER 100] bestGlobalCost=104799.12 (feasible=YES) bestThisIter=104896.31 feasibleAnts=10 noImprove=25 (elapsed 13.1573s)
[RESET] no improvement for30-> reset pheromones
[ITER 110] bestGlobalCost=104799.12 (feasible=YES) bestThisIter=109147.97 feasibleAnts=10 noImprove=5 (elapsed 15.0215s)
[ITER 120] bestGlobalCost=104799.12 (feasible=YES) bestThisIter=104799.12 feasibleAnts=10 noImprove=15 (elapsed 17.2602s)
[ITER 130] bestGlobalCost=104799.12 (feasible=YES) bestThisIter=106021.91 feasibleAnts=10 noImprove=25 (elapsed 17.7729s)
[RESET] no improvement for30-> reset pheromones
[ITER 140] bestGlobalCost=104799.12 (feasible=YES) bestThisIter=108072.38 feasibleAnts=10 noImprove=5 (elapsed 19.631s)
[ITER 150] bestGlobalCost=104799.12 (feasible=YES) bestThisIter=106696.42 feasibleAnts=10 noImprove=15 (elapsed 21.4734s)
[ITER 160] bestGlobalCost=104799.12 (feasible=YES) bestThisIter=104799.12 feasibleAnts=10 noImprove=25 (elapsed 21.8492s)
[RESET] no improvement for30-> reset pheromones
[ITER 170] bestGlobalCost=104799.12 (feasible=YES) bestThisIter=105696.76 feasibleAnts=10 noImprove=5 (elapsed 23.9049s)
[ITER 180] bestGlobalCost=104799.12 (feasible=YES) bestThisIter=106119.40 feasibleAnts=10 noImprove=15 (elapsed 26.1106s)
[ITER 190] bestGlobalCost=104799.12 (feasible=YES) bestThisIter=104896.31 feasibleAnts=10 noImprove=25 (elapsed 26.564s)
[RESET] no improvement for30-> reset pheromones
[ITER 200] bestGlobalCost=104799.12 (feasible=YES) bestThisIter=110925.41 feasibleAnts=10 noImprove=5 (elapsed 28.3191s)
[ITER 210] bestGlobalCost=104799.12 (feasible=YES) bestThisIter=104799.12 feasibleAnts=10 noImprove=15 (elapsed 30.0974s)
[ITER 220] bestGlobalCost=104799.12 (feasible=YES) bestThisIter=108950.85 feasibleAnts=10 noImprove=25 (elapsed 30.5204s)
[RESET] no improvement for30-> reset pheromones
[ITER 230] bestGlobalCost=104799.12 (feasible=YES) bestThisIter=104799.12 feasibleAnts=10 noImprove=5 (elapsed 32.6603s)
[ITER 240] bestGlobalCost=104799.12 (feasible=YES) bestThisIter=105665.71 feasibleAnts=10 noImprove=15 (elapsed 34.8587s)
[ITER 250] bestGlobalCost=104799.12 (feasible=YES) bestThisIter=105383.62 feasibleAnts=10 noImprove=25 (elapsed 35.2183s)
[RESET] no improvement for30-> reset pheromones
[ITER 260] bestGlobalCost=104799.12 (feasible=YES) bestThisIter=108493.16 feasibleAnts=10 noImprove=5 (elapsed 36.9629s)
[ITER 270] bestGlobalCost=104799.12 (feasible=YES) bestThisIter=104799.12 feasibleAnts=10 noImprove=15 (elapsed 38.8075s)
[ITER 280] bestGlobalCost=104799.12 (feasible=YES) bestThisIter=106859.09 feasibleAnts=10 noImprove=25 (elapsed 39.283s)
[RESET] no improvement for30-> reset pheromones
[ITER 290] bestGlobalCost=104799.12 (feasible=YES) bestThisIter=107749.66 feasibleAnts=10 noImprove=5 (elapsed 41.4578s)
[ITER 300] bestGlobalCost=104799.12 (feasible=YES) bestThisIter=105696.76 feasibleAnts=10 noImprove=15 (elapsed 43.4767s)
[ITER 310] bestGlobalCost=104799.12 (feasible=YES) bestThisIter=106259.47 feasibleAnts=10 noImprove=25 (elapsed 43.8916s)
[RESET] no improvement for30-> reset pheromones
[ITER 320] bestGlobalCost=104799.12 (feasible=YES) bestThisIter=106793.62 feasibleAnts=10 noImprove=5 (elapsed 45.6998s)
[ITER 330] bestGlobalCost=104799.12 (feasible=YES) bestThisIter=105688.27 feasibleAnts=10 noImprove=15 (elapsed 47.7304s)
[ITER 340] bestGlobalCost=104799.12 (feasible=YES) bestThisIter=105288.48 feasibleAnts=10 noImprove=25 (elapsed 48.2698s)
[RESET] no improvement for30-> reset pheromones
[ITER 350] bestGlobalCost=104799.12 (feasible=YES) bestThisIter=108917.12 feasibleAnts=10 noImprove=5 (elapsed 50.4613s)
[ITER 360] bestGlobalCost=104799.12 (feasible=YES) bestThisIter=106119.40 feasibleAnts=10 noImprove=15 (elapsed 52.3094s)
[ITER 370] bestGlobalCost=104799.12 (feasible=YES) bestThisIter=109512.81 feasibleAnts=10 noImprove=25 (elapsed 52.7005s)
[RESET] no improvement for30-> reset pheromones
[ITER 380] bestGlobalCost=104799.12 (feasible=YES) bestThisIter=106822.30 feasibleAnts=10 noImprove=5 (elapsed 54.5697s)
[ITER 390] bestGlobalCost=104799.12 (feasible=YES) bestThisIter=104799.12 feasibleAnts=10 noImprove=15 (elapsed 56.7063s)
[ITER 400] bestGlobalCost=104799.12 (feasible=YES) bestThisIter=105383.62 feasibleAnts=10 noImprove=25 (elapsed 57.2087s)
[RESET] no improvement for30-> reset pheromones
[ITER 410] bestGlobalCost=104799.12 (feasible=YES) bestThisIter=108798.90 feasibleAnts=10 noImprove=5 (elapsed 59.2786s)
[ITER 420] bestGlobalCost=104799.12 (feasible=YES) bestThisIter=104799.12 feasibleAnts=10 noImprove=15 (elapsed 61.2326s)
2 30 35 37 48 51 62 100 
17 32 90 94 97 98 
14 33 45 65 68 86 
1 13 24 27 50 88 
6 18 20 25 59 85 
11 22 23 42 49 70 89 
15 39 41 69 73 79 84 
7 29 36 58 61 67 74 75 
3 5 19 40 53 83 
9 10 26 55 87 92 
4 43 44 60 71 93 
8 34 38 46 52 66 81 
12 21 28 47 56 82 95 
16 54 63 64 77 91 96 
31 57 72 76 78 80 99 
[SAVELOGS] evolution saved to results/logs/kroD100_15_2/evolution/kroD100_15_2
[SAVELOGS] best cost saved to results/logs/kroD100_15_2/objectives/kroD100_15_2
[SAVELOGS] best solution saved to results/logs/kroD100_15_2/solutions/kroD100_15_2
