[ITER 1] New best cost=106902.23 (feasible=YES, time 0.0723698s)
[ITER 2] New best cost=106820.49 (feasible=YES, time 0.104162s)
[ITER 3] New best cost=105470.16 (feasible=YES, time 0.127054s)
[ITER 10] bestGlobalCost=105470.16 (feasible=YES) bestThisIter=105470.16 feasibleAnts=10 noImprove=7 (elapsed 0.360645s)
[ITER 15] New best cost=105443.37 (feasible=YES, time 0.859485s)
[ITER 19] New best cost=105283.50 (feasible=YES, time 2.33101s)
[ITER 20] bestGlobalCost=105283.50 (feasible=YES) bestThisIter=105283.50 feasibleAnts=23 noImprove=1 (elapsed 2.3545s)
[ITER 23] New best cost=105228.76 (feasible=YES, time 2.43731s)
[ITER 30] New best cost=104896.31 (feasible=YES, time 4.21372s)
[ITER 30] bestGlobalCost=104896.31 (feasible=YES) bestThisIter=105228.76 feasibleAnts=10 noImprove=0 (elapsed 4.21841s)
[ITER 40] bestGlobalCost=104896.31 (feasible=YES) bestThisIter=104896.31 feasibleAnts=10 noImprove=10 (elapsed 4.52581s)
[ITER 41] New best cost=104799.12 (feasible=YES, time 4.55991s)
[ITER 50] bestGlobalCost=104799.12 (feasible=YES) bestThisIter=104799.12 feasibleAnts=10 noImprove=9 (elapsed 6.25155s)
[ITER 60] bestGlobalCost=104799.12 (feasible=YES) bestThisIter=107425.00 feasibleAnts=10 noImprove=19 (elapsed 7.93197s)
[ITER 70] bestGlobalCost=104799.12 (feasible=YES) bestThisIter=105288.48 feasibleAnts=10 noImprove=29 (elapsed 8.37679s)
[RESET] no improvement for30-> reset pheromones
[ITER 80] bestGlobalCost=104799.12 (feasible=YES) bestThisIter=105288.48 feasibleAnts=10 noImprove=9 (elapsed 10.5992s)
[ITER 90] bestGlobalCost=104799.12 (feasible=YES) bestThisIter=106314.21 feasibleAnts=10 noImprove=19 (elapsed 12.6606s)
[ITER 100] bestGlobalCost=104799.12 (feasible=YES) bestThisIter=105288.48 feasibleAnts=10 noImprove=29 (elapsed 13.0446s)
[RESET] no improvement for30-> reset pheromones
[ITER 110] bestGlobalCost=104799.12 (feasible=YES) bestThisIter=108989.27 feasibleAnts=10 noImprove=9 (elapsed 14.7979s)
[ITER 120] bestGlobalCost=104799.12 (feasible=YES) bestThisIter=105696.76 feasibleAnts=10 noImprove=19 (elapsed 16.6213s)
[ITER 130] bestGlobalCost=104799.12 (feasible=YES) bestThisIter=104799.12 feasibleAnts=10 noImprove=29 (elapsed 17.1297s)
[RESET] no improvement for30-> reset pheromones
[ITER 140] bestGlobalCost=104799.12 (feasible=YES) bestThisIter=105943.36 feasibleAnts=10 noImprove=9 (elapsed 19.3138s)
[ITER 150] bestGlobalCost=104799.12 (feasible=YES) bestThisIter=104799.12 feasibleAnts=10 noImprove=19 (elapsed 21.181s)
[ITER 160] bestGlobalCost=104799.12 (feasible=YES) bestThisIter=107612.43 feasibleAnts=10 noImprove=29 (elapsed 21.5948s)
[RESET] no improvement for30-> reset pheromones
[ITER 170] bestGlobalCost=104799.12 (feasible=YES) bestThisIter=105963.08 feasibleAnts=10 noImprove=9 (elapsed 23.3874s)
[ITER 180] bestGlobalCost=104799.12 (feasible=YES) bestThisIter=104799.12 feasibleAnts=10 noImprove=19 (elapsed 25.1402s)
[ITER 190] bestGlobalCost=104799.12 (feasible=YES) bestThisIter=105480.82 feasibleAnts=10 noImprove=29 (elapsed 25.5201s)
[RESET] no improvement for30-> reset pheromones
[ITER 200] bestGlobalCost=104799.12 (feasible=YES) bestThisIter=106076.65 feasibleAnts=10 noImprove=9 (elapsed 27.2765s)
[ITER 210] bestGlobalCost=104799.12 (feasible=YES) bestThisIter=106457.21 feasibleAnts=10 noImprove=19 (elapsed 29.2118s)
[ITER 220] bestGlobalCost=104799.12 (feasible=YES) bestThisIter=105112.26 feasibleAnts=10 noImprove=29 (elapsed 29.6704s)
[RESET] no improvement for30-> reset pheromones
[ITER 230] bestGlobalCost=104799.12 (feasible=YES) bestThisIter=106940.53 feasibleAnts=10 noImprove=9 (elapsed 31.9188s)
[ITER 240] bestGlobalCost=104799.12 (feasible=YES) bestThisIter=104799.12 feasibleAnts=10 noImprove=19 (elapsed 33.684s)
[ITER 250] bestGlobalCost=104799.12 (feasible=YES) bestThisIter=105462.51 feasibleAnts=10 noImprove=29 (elapsed 34.1032s)
[RESET] no improvement for30-> reset pheromones
[ITER 260] bestGlobalCost=104799.12 (feasible=YES) bestThisIter=105559.70 feasibleAnts=10 noImprove=9 (elapsed 35.9106s)
[ITER 270] bestGlobalCost=104799.12 (feasible=YES) bestThisIter=105980.04 feasibleAnts=10 noImprove=19 (elapsed 37.6184s)
[ITER 280] bestGlobalCost=104799.12 (feasible=YES) bestThisIter=105462.51 feasibleAnts=10 noImprove=29 (elapsed 38.0247s)
[RESET] no improvement for30-> reset pheromones
[ITER 290] bestGlobalCost=104799.12 (feasible=YES) bestThisIter=106119.80 feasibleAnts=10 noImprove=9 (elapsed 39.8068s)
[ITER 300] bestGlobalCost=104799.12 (feasible=YES) bestThisIter=105633.53 feasibleAnts=10 noImprove=19 (elapsed 41.8552s)
[ITER 310] bestGlobalCost=104799.12 (feasible=YES) bestThisIter=104896.31 feasibleAnts=10 noImprove=29 (elapsed 42.3476s)
[RESET] no improvement for30-> reset pheromones
[ITER 320] bestGlobalCost=104799.12 (feasible=YES) bestThisIter=105649.94 feasibleAnts=10 noImprove=9 (elapsed 44.5418s)
[ITER 330] bestGlobalCost=104799.12 (feasible=YES) bestThisIter=107876.87 feasibleAnts=10 noImprove=19 (elapsed 46.3586s)
[ITER 340] bestGlobalCost=104799.12 (feasible=YES) bestThisIter=104799.12 feasibleAnts=10 noImprove=29 (elapsed 46.7944s)
[RESET] no improvement for30-> reset pheromones
[ITER 350] bestGlobalCost=104799.12 (feasible=YES) bestThisIter=111499.13 feasibleAnts=10 noImprove=9 (elapsed 48.6253s)
[ITER 360] bestGlobalCost=104799.12 (feasible=YES) bestThisIter=106011.43 feasibleAnts=10 noImprove=19 (elapsed 50.3759s)
[ITER 370] bestGlobalCost=104799.12 (feasible=YES) bestThisIter=105480.82 feasibleAnts=10 noImprove=29 (elapsed 50.7781s)
[RESET] no improvement for30-> reset pheromones
[ITER 380] bestGlobalCost=104799.12 (feasible=YES) bestThisIter=105669.84 feasibleAnts=10 noImprove=9 (elapsed 52.6882s)
[ITER 390] bestGlobalCost=104799.12 (feasible=YES) bestThisIter=104896.31 feasibleAnts=10 noImprove=19 (elapsed 54.8529s)
[ITER 400] bestGlobalCost=104799.12 (feasible=YES) bestThisIter=104799.12 feasibleAnts=10 noImprove=29 (elapsed 55.3628s)
[RESET] no improvement for30-> reset pheromones
[ITER 410] bestGlobalCost=104799.12 (feasible=YES) bestThisIter=106883.69 feasibleAnts=10 noImprove=9 (elapsed 57.3519s)
[ITER 420] bestGlobalCost=104799.12 (feasible=YES) bestThisIter=104799.12 feasibleAnts=10 noImprove=19 (elapsed 59.0951s)
[ITER 430] bestGlobalCost=104799.12 (feasible=YES) bestThisIter=104799.12 feasibleAnts=10 noImprove=29 (elapsed 59.5148s)
[RESET] no improvement for30-> reset pheromones
11 22 23 42 49 70 89 
31 57 72 76 78 80 99 
2 30 35 37 48 51 62 100 
6 18 20 25 59 85 
16 54 63 64 77 91 96 
14 33 45 65 68 86 
1 13 24 27 50 88 
15 39 41 69 73 79 84 
3 5 19 40 53 83 
12 21 28 47 56 82 95 
9 10 26 55 87 92 
8 34 38 46 52 66 81 
4 43 44 60 71 93 
7 29 36 58 61 67 74 75 
17 32 90 94 97 98 
[SAVELOGS] evolution saved to results/logs/kroD100_15_2/evolution/kroD100_15_2
[SAVELOGS] best cost saved to results/logs/kroD100_15_2/objectives/kroD100_15_2
[SAVELOGS] best solution saved to results/logs/kroD100_15_2/solutions/kroD100_15_2
