[ITER 1] New best cost=104896.31 (feasible=YES, time 0.042872s)
[ITER 10] bestGlobalCost=104896.31 (feasible=YES) bestThisIter=106077.23 feasibleAnts=10 noImprove=9 (elapsed 0.448759s)
[ITER 20] bestGlobalCost=104896.31 (feasible=YES) bestThisIter=106513.62 feasibleAnts=10 noImprove=19 (elapsed 2.46418s)
[ITER 30] bestGlobalCost=104896.31 (feasible=YES) bestThisIter=104896.31 feasibleAnts=10 noImprove=29 (elapsed 4.71867s)
[RESET] no improvement for30-> reset pheromones
[ITER 40] bestGlobalCost=104896.31 (feasible=YES) bestThisIter=107780.38 feasibleAnts=10 noImprove=9 (elapsed 5.26835s)
[ITER 50] bestGlobalCost=104896.31 (feasible=YES) bestThisIter=104896.31 feasibleAnts=10 noImprove=19 (elapsed 6.98144s)
[ITER 60] bestGlobalCost=104896.31 (feasible=YES) bestThisIter=104896.31 feasibleAnts=10 noImprove=29 (elapsed 8.79034s)
[RESET] no improvement for30-> reset pheromones
[ITER 70] bestGlobalCost=104896.31 (feasible=YES) bestThisIter=105550.50 feasibleAnts=10 noImprove=9 (elapsed 9.2858s)
[ITER 75] New best cost=104799.12 (feasible=YES, time 9.89558s)
[ITER 80] bestGlobalCost=104799.12 (feasible=YES) bestThisIter=104799.12 feasibleAnts=10 noImprove=5 (elapsed 11.4304s)
[ITER 90] bestGlobalCost=104799.12 (feasible=YES) bestThisIter=105383.62 feasibleAnts=10 noImprove=15 (elapsed 13.5426s)
[ITER 100] bestGlobalCost=104799.12 (feasible=YES) bestThisIter=105665.71 feasibleAnts=10 noImprove=25 (elapsed 13.9314s)
[RESET] no improvement for30-> reset pheromones
[ITER 110] bestGlobalCost=104799.12 (feasible=YES) bestThisIter=108823.77 feasibleAnts=10 noImprove=5 (elapsed 15.6971s)
[ITER 120] bestGlobalCost=104799.12 (feasible=YES) bestThisIter=106334.99 feasibleAnts=10 noImprove=15 (elapsed 17.5011s)
[ITER 130] bestGlobalCost=104799.12 (feasible=YES) bestThisIter=105288.48 feasibleAnts=10 noImprove=25 (elapsed 17.8834s)
[RESET] no improvement for30-> reset pheromones
[ITER 140] bestGlobalCost=104799.12 (feasible=YES) bestThisIter=104799.12 feasibleAnts=10 noImprove=5 (elapsed 19.6533s)
[ITER 150] bestGlobalCost=104799.12 (feasible=YES) bestThisIter=104799.12 feasibleAnts=10 noImprove=15 (elapsed 21.4819s)
[ITER 160] bestGlobalCost=104799.12 (feasible=YES) bestThisIter=105462.51 feasibleAnts=10 noImprove=25 (elapsed 21.9851s)
[RESET] no improvement for30-> reset pheromones
[ITER 170] bestGlobalCost=104799.12 (feasible=YES) bestThisIter=105495.75 feasibleAnts=10 noImprove=5 (elapsed 24.2226s)
[ITER 180] bestGlobalCost=104799.12 (feasible=YES) bestThisIter=105383.62 feasibleAnts=10 noImprove=15 (elapsed 26.2192s)
[ITER 190] bestGlobalCost=104799.12 (feasible=YES) bestThisIter=105112.26 feasibleAnts=10 noImprove=25 (elapsed 26.5678s)
[RESET] no improvement for30-> reset pheromones
[ITER 200] bestGlobalCost=104799.12 (feasible=YES) bestThisIter=107144.20 feasibleAnts=10 noImprove=5 (elapsed 28.3486s)
[ITER 210] bestGlobalCost=104799.12 (feasible=YES) bestThisIter=106645.20 feasibleAnts=10 noImprove=15 (elapsed 30.1859s)
[ITER 220] bestGlobalCost=104799.12 (feasible=YES) bestThisIter=104896.31 feasibleAnts=10 noImprove=25 (elapsed 30.596s)
[RESET] no improvement for30-> reset pheromones
[ITER 230] bestGlobalCost=104799.12 (feasible=YES) bestThisIter=105538.43 feasibleAnts=10 noImprove=5 (elapsed 32.3329s)
[ITER 240] bestGlobalCost=104799.12 (feasible=YES) bestThisIter=106956.44 feasibleAnts=10 noImprove=15 (elapsed 34.3466s)
[ITER 250] bestGlobalCost=104799.12 (feasible=YES) bestThisIter=104799.12 feasibleAnts=10 noImprove=25 (elapsed 34.831s)
[RESET] no improvement for30-> reset pheromones
[ITER 260] bestGlobalCost=104799.12 (feasible=YES) bestThisIter=108192.37 feasibleAnts=10 noImprove=5 (elapsed 37.0122s)
[ITER 270] bestGlobalCost=104799.12 (feasible=YES) bestThisIter=105283.50 feasibleAnts=10 noImprove=15 (elapsed 38.8643s)
[ITER 280] bestGlobalCost=104799.12 (feasible=YES) bestThisIter=104896.31 feasibleAnts=10 noImprove=25 (elapsed 39.2473s)
[RESET] no improvement for30-> reset pheromones
[ITER 290] bestGlobalCost=104799.12 (feasible=YES) bestThisIter=105270.33 feasibleAnts=10 noImprove=5 (elapsed 41.0077s)
[ITER 300] bestGlobalCost=104799.12 (feasible=YES) bestThisIter=105649.94 feasibleAnts=10 noImprove=15 (elapsed 43.1494s)
[ITER 310] bestGlobalCost=104799.12 (feasible=YES) bestThisIter=108148.46 feasibleAnts=10 noImprove=25 (elapsed 43.6091s)
[RESET] no improvement for30-> reset pheromones
[ITER 320] bestGlobalCost=104799.12 (feasible=YES) bestThisIter=105872.99 feasibleAnts=10 noImprove=5 (elapsed 45.7036s)
[ITER 330] bestGlobalCost=104799.12 (feasible=YES) bestThisIter=104799.12 feasibleAnts=10 noImprove=15 (elapsed 47.5448s)
[ITER 340] bestGlobalCost=104799.12 (feasible=YES) bestThisIter=105559.70 feasibleAnts=10 noImprove=25 (elapsed 47.9684s)
[RESET] no improvement for30-> reset pheromones
[ITER 350] bestGlobalCost=104799.12 (feasible=YES) bestThisIter=105696.76 feasibleAnts=10 noImprove=5 (elapsed 49.7155s)
[ITER 360] bestGlobalCost=104799.12 (feasible=YES) bestThisIter=104896.31 feasibleAnts=10 noImprove=15 (elapsed 51.5382s)
[ITER 370] bestGlobalCost=104799.12 (feasible=YES) bestThisIter=105462.51 feasibleAnts=10 noImprove=25 (elapsed 51.9561s)
[RESET] no improvement for30-> reset pheromones
[ITER 380] bestGlobalCost=104799.12 (feasible=YES) bestThisIter=107066.66 feasibleAnts=10 noImprove=5 (elapsed 53.8885s)
[ITER 390] bestGlobalCost=104799.12 (feasible=YES) bestThisIter=104799.12 feasibleAnts=10 noImprove=15 (elapsed 56.0998s)
[ITER 400] bestGlobalCost=104799.12 (feasible=YES) bestThisIter=105462.51 feasibleAnts=10 noImprove=25 (elapsed 56.5679s)
[RESET] no improvement for30-> reset pheromones
[ITER 410] bestGlobalCost=104799.12 (feasible=YES) bestThisIter=106583.61 feasibleAnts=10 noImprove=5 (elapsed 58.4324s)
[ITER 420] bestGlobalCost=104799.12 (feasible=YES) bestThisIter=105671.60 feasibleAnts=10 noImprove=15 (elapsed 60.2434s)
4 43 44 60 71 93 
14 33 45 65 68 86 
3 5 19 40 53 83 
11 22 23 42 49 70 89 
17 32 90 94 97 98 
2 30 35 37 48 51 62 100 
9 10 26 55 87 92 
7 29 36 58 61 67 74 75 
12 21 28 47 56 82 95 
15 39 41 69 73 79 84 
31 57 72 76 78 80 99 
16 54 63 64 77 91 96 
1 13 24 27 50 88 
8 34 38 46 52 66 81 
6 18 20 25 59 85 
[SAVELOGS] evolution saved to results/logs/kroD100_15_2/evolution/kroD100_15_2
[SAVELOGS] best cost saved to results/logs/kroD100_15_2/objectives/kroD100_15_2
[SAVELOGS] best solution saved to results/logs/kroD100_15_2/solutions/kroD100_15_2
