[ITER 1] New best cost=86304.55 (feasible=YES, time 0.108425s)
[ITER 3] New best cost=82953.22 (feasible=YES, time 0.304884s)
[ITER 8] New best cost=81031.22 (feasible=YES, time 0.842768s)
[ITER 10] bestGlobalCost=81031.22 (feasible=YES) bestThisIter=82280.35 feasibleAnts=9 noImprove=2 (elapsed 1.03726s)
[ITER 12] New best cost=80385.30 (feasible=YES, time 1.19024s)
[ITER 15] New best cost=79189.88 (feasible=YES, time 1.82865s)
[ITER 19] New best cost=77953.13 (feasible=YES, time 3.82108s)
[ITER 20] New best cost=77269.18 (feasible=YES, time 3.91247s)
[ITER 20] bestGlobalCost=77269.18 (feasible=YES) bestThisIter=77269.18 feasibleAnts=10 noImprove=0 (elapsed 3.9162s)
[ITER 30] New best cost=75885.52 (feasible=YES, time 5.98551s)
[ITER 30] bestGlobalCost=75885.52 (feasible=YES) bestThisIter=77269.18 feasibleAnts=10 noImprove=0 (elapsed 7.52542s)
[ITER 40] bestGlobalCost=75885.52 (feasible=YES) bestThisIter=80000.56 feasibleAnts=10 noImprove=10 (elapsed 8.35226s)
[ITER 50] bestGlobalCost=75885.52 (feasible=YES) bestThisIter=87655.65 feasibleAnts=10 noImprove=20 (elapsed 11.5297s)
[ITER 60] bestGlobalCost=75885.52 (feasible=YES) bestThisIter=82800.30 feasibleAnts=10 noImprove=30 (elapsed 15.5277s)
[RESET] no improvement for30-> reset pheromones
[ITER 70] bestGlobalCost=75885.52 (feasible=YES) bestThisIter=84324.67 feasibleAnts=10 noImprove=10 (elapsed 16.7355s)
[ITER 80] bestGlobalCost=75885.52 (feasible=YES) bestThisIter=84163.89 feasibleAnts=10 noImprove=20 (elapsed 20.0432s)
[ITER 90] bestGlobalCost=75885.52 (feasible=YES) bestThisIter=82458.09 feasibleAnts=10 noImprove=30 (elapsed 23.3748s)
[RESET] no improvement for30-> reset pheromones
[ITER 100] bestGlobalCost=75885.52 (feasible=YES) bestThisIter=83074.66 feasibleAnts=10 noImprove=10 (elapsed 24.8474s)
[ITER 110] bestGlobalCost=75885.52 (feasible=YES) bestThisIter=83065.42 feasibleAnts=10 noImprove=20 (elapsed 28.6322s)
[ITER 120] bestGlobalCost=75885.52 (feasible=YES) bestThisIter=84969.11 feasibleAnts=10 noImprove=30 (elapsed 31.9655s)
[RESET] no improvement for30-> reset pheromones
[ITER 130] bestGlobalCost=75885.52 (feasible=YES) bestThisIter=88978.91 feasibleAnts=10 noImprove=10 (elapsed 33.4524s)
[ITER 140] bestGlobalCost=75885.52 (feasible=YES) bestThisIter=83655.24 feasibleAnts=10 noImprove=20 (elapsed 37.1042s)
[ITER 150] bestGlobalCost=75885.52 (feasible=YES) bestThisIter=85007.77 feasibleAnts=10 noImprove=30 (elapsed 40.5826s)
[RESET] no improvement for30-> reset pheromones
[ITER 160] bestGlobalCost=75885.52 (feasible=YES) bestThisIter=85281.46 feasibleAnts=10 noImprove=10 (elapsed 42.1634s)
[ITER 170] bestGlobalCost=75885.52 (feasible=YES) bestThisIter=81338.46 feasibleAnts=10 noImprove=20 (elapsed 45.7592s)
[ITER 180] bestGlobalCost=75885.52 (feasible=YES) bestThisIter=87151.25 feasibleAnts=10 noImprove=30 (elapsed 49.551s)
[RESET] no improvement for30-> reset pheromones
[ITER 190] bestGlobalCost=75885.52 (feasible=YES) bestThisIter=87032.05 feasibleAnts=10 noImprove=10 (elapsed 51.0547s)
[ITER 200] bestGlobalCost=75885.52 (feasible=YES) bestThisIter=80387.10 feasibleAnts=10 noImprove=20 (elapsed 54.4767s)
[ITER 210] bestGlobalCost=75885.52 (feasible=YES) bestThisIter=84915.44 feasibleAnts=10 noImprove=30 (elapsed 57.7769s)
[RESET] no improvement for30-> reset pheromones
[ITER 220] bestGlobalCost=75885.52 (feasible=YES) bestThisIter=90840.13 feasibleAnts=10 noImprove=10 (elapsed 58.9854s)
2 44 50 68 82 
30 41 71 100 
5 37 39 52 78 
40 54 64 73 
9 12 20 35 57 87 
27 60 62 77 86 
6 19 49 63 75 90 
16 22 70 88 94 
10 18 21 72 84 
28 58 61 67 93 
26 31 56 80 89 
25 51 69 81 85 
13 33 76 95 96 
11 15 45 59 74 
4 53 65 66 97 
3 14 29 43 48 
24 36 38 79 99 
7 34 46 55 83 
17 23 32 91 98 
1 8 42 47 92 
[SAVELOGS] evolution saved to results/logs/kroA100_20_3/evolution/kroA100_20_3
[SAVELOGS] best cost saved to results/logs/kroA100_20_3/objectives/kroA100_20_3
[SAVELOGS] best solution saved to results/logs/kroA100_20_3/solutions/kroA100_20_3
