[ITER 1] New best cost=92146.91 (feasible=YES, time 0.159506s)
[ITER 2] New best cost=86589.34 (feasible=YES, time 0.244298s)
[ITER 3] New best cost=85912.95 (feasible=YES, time 0.329932s)
[ITER 4] New best cost=81187.32 (feasible=YES, time 0.424594s)
[ITER 6] New best cost=81090.62 (feasible=YES, time 0.606559s)
[ITER 7] New best cost=79580.26 (feasible=YES, time 0.683861s)
[ITER 9] New best cost=79399.30 (feasible=YES, time 0.84074s)
[ITER 10] New best cost=78910.46 (feasible=YES, time 0.913358s)
[ITER 10] bestGlobalCost=78910.46 (feasible=YES) bestThisIter=78910.46 feasibleAnts=15 noImprove=0 (elapsed 0.917445s)
[ITER 11] New best cost=78780.36 (feasible=YES, time 0.985227s)
[ITER 14] New best cost=77904.82 (feasible=YES, time 1.20443s)
[ITER 15] New best cost=77152.09 (feasible=YES, time 2.15593s)
[ITER 15] New best cost=76870.18 (feasible=YES, time 3.69188s)
[ITER 20] bestGlobalCost=76870.18 (feasible=YES) bestThisIter=76870.18 feasibleAnts=11 noImprove=5 (elapsed 4.16385s)
[ITER 30] bestGlobalCost=76870.18 (feasible=YES) bestThisIter=76870.18 feasibleAnts=10 noImprove=15 (elapsed 7.58052s)
[ITER 40] bestGlobalCost=76870.18 (feasible=YES) bestThisIter=87224.28 feasibleAnts=10 noImprove=25 (elapsed 8.71506s)
[ITER 45] New best cost=75885.52 (feasible=YES, time 10.2472s)
[ITER 50] bestGlobalCost=75885.52 (feasible=YES) bestThisIter=75885.52 feasibleAnts=10 noImprove=5 (elapsed 12.2783s)
[ITER 60] bestGlobalCost=75885.52 (feasible=YES) bestThisIter=79341.69 feasibleAnts=10 noImprove=15 (elapsed 15.7297s)
[ITER 70] bestGlobalCost=75885.52 (feasible=YES) bestThisIter=78742.01 feasibleAnts=10 noImprove=25 (elapsed 16.8725s)
[RESET] no improvement for30-> reset pheromones
[ITER 80] bestGlobalCost=75885.52 (feasible=YES) bestThisIter=91239.88 feasibleAnts=10 noImprove=5 (elapsed 20.4515s)
[ITER 90] bestGlobalCost=75885.52 (feasible=YES) bestThisIter=81054.75 feasibleAnts=10 noImprove=15 (elapsed 24.1296s)
[ITER 100] bestGlobalCost=75885.52 (feasible=YES) bestThisIter=83117.92 feasibleAnts=10 noImprove=25 (elapsed 25.2677s)
[RESET] no improvement for30-> reset pheromones
[ITER 110] bestGlobalCost=75885.52 (feasible=YES) bestThisIter=83710.19 feasibleAnts=10 noImprove=5 (elapsed 29.1004s)
[ITER 120] bestGlobalCost=75885.52 (feasible=YES) bestThisIter=77653.98 feasibleAnts=10 noImprove=15 (elapsed 32.6066s)
[ITER 130] bestGlobalCost=75885.52 (feasible=YES) bestThisIter=89201.62 feasibleAnts=10 noImprove=25 (elapsed 33.7397s)
[RESET] no improvement for30-> reset pheromones
[ITER 140] bestGlobalCost=75885.52 (feasible=YES) bestThisIter=85183.03 feasibleAnts=10 noImprove=5 (elapsed 37.5222s)
[ITER 150] bestGlobalCost=75885.52 (feasible=YES) bestThisIter=85491.95 feasibleAnts=10 noImprove=15 (elapsed 40.9758s)
[ITER 160] bestGlobalCost=75885.52 (feasible=YES) bestThisIter=83085.79 feasibleAnts=10 noImprove=25 (elapsed 42.0961s)
[RESET] no improvement for30-> reset pheromones
[ITER 170] bestGlobalCost=75885.52 (feasible=YES) bestThisIter=89707.42 feasibleAnts=10 noImprove=5 (elapsed 46.0414s)
[ITER 180] bestGlobalCost=75885.52 (feasible=YES) bestThisIter=82443.32 feasibleAnts=10 noImprove=15 (elapsed 49.4438s)
[ITER 190] bestGlobalCost=75885.52 (feasible=YES) bestThisIter=84282.40 feasibleAnts=10 noImprove=25 (elapsed 50.5902s)
[RESET] no improvement for30-> reset pheromones
[ITER 200] bestGlobalCost=75885.52 (feasible=YES) bestThisIter=88398.48 feasibleAnts=10 noImprove=5 (elapsed 54.5364s)
[ITER 210] bestGlobalCost=75885.52 (feasible=YES) bestThisIter=85032.51 feasibleAnts=10 noImprove=15 (elapsed 57.8093s)
[ITER 220] bestGlobalCost=75885.52 (feasible=YES) bestThisIter=83268.40 feasibleAnts=10 noImprove=25 (elapsed 59.1552s)
[RESET] no improvement for30-> reset pheromones
7 34 46 55 83 
25 51 69 81 85 
17 23 32 91 98 
28 58 61 67 93 
11 15 45 59 74 
30 41 71 100 
40 54 64 73 
2 44 50 68 82 
24 36 38 79 99 
6 19 49 63 75 90 
10 18 21 72 84 
13 33 76 95 96 
4 53 65 66 97 
26 31 56 80 89 
27 60 62 77 86 
3 14 29 43 48 
5 37 39 52 78 
9 12 20 35 57 87 
1 8 42 47 92 
16 22 70 88 94 
[SAVELOGS] evolution saved to results/logs/kroA100_20_3/evolution/kroA100_20_3
[SAVELOGS] best cost saved to results/logs/kroA100_20_3/objectives/kroA100_20_3
[SAVELOGS] best solution saved to results/logs/kroA100_20_3/solutions/kroA100_20_3
