[ITER 1] New best cost=621192.98 (feasible=YES, time 0.085138s)
[ITER 2] New best cost=603002.08 (feasible=YES, time 0.12267s)
[ITER 3] New best cost=586858.43 (feasible=YES, time 0.174507s)
[ITER 10] bestGlobalCost=586858.43 (feasible=YES) bestThisIter=587151.87 feasibleAnts=10 noImprove=7 (elapsed 0.462164s)
[ITER 20] bestGlobalCost=586858.43 (feasible=YES) bestThisIter=586858.43 feasibleAnts=11 noImprove=17 (elapsed 3.31068s)
[ITER 27] New best cost=579925.96 (feasible=YES, time 3.59655s)
[ITER 29] New best cost=578842.04 (feasible=YES, time 3.69067s)
[ITER 30] bestGlobalCost=578842.04 (feasible=YES) bestThisIter=585378.28 feasibleAnts=6 noImprove=1 (elapsed 6.78278s)
[ITER 40] bestGlobalCost=578842.04 (feasible=YES) bestThisIter=578842.04 feasibleAnts=9 noImprove=11 (elapsed 7.20605s)
[ITER 43] New best cost=577041.88 (feasible=YES, time 7.3668s)
[ITER 50] bestGlobalCost=577041.88 (feasible=YES) bestThisIter=577041.88 feasibleAnts=14 noImprove=7 (elapsed 10.2954s)
[ITER 60] bestGlobalCost=577041.88 (feasible=YES) bestThisIter=577041.88 feasibleAnts=10 noImprove=17 (elapsed 13.4166s)
[ITER 70] bestGlobalCost=577041.88 (feasible=YES) bestThisIter=577041.88 feasibleAnts=10 noImprove=27 (elapsed 14.0125s)
[RESET] no improvement for30-> reset pheromones
[ITER 80] bestGlobalCost=577041.88 (feasible=YES) bestThisIter=596947.60 feasibleAnts=10 noImprove=7 (elapsed 17.448s)
[ITER 90] bestGlobalCost=577041.88 (feasible=YES) bestThisIter=577041.88 feasibleAnts=11 noImprove=17 (elapsed 20.4785s)
[ITER 100] bestGlobalCost=577041.88 (feasible=YES) bestThisIter=577041.88 feasibleAnts=10 noImprove=27 (elapsed 20.9868s)
[RESET] no improvement for30-> reset pheromones
[ITER 110] bestGlobalCost=577041.88 (feasible=YES) bestThisIter=593731.26 feasibleAnts=10 noImprove=7 (elapsed 24.7048s)
[ITER 120] bestGlobalCost=577041.88 (feasible=YES) bestThisIter=577041.88 feasibleAnts=10 noImprove=17 (elapsed 27.5117s)
[ITER 124] New best cost=575550.03 (feasible=YES, time 27.6627s)
[ITER 130] bestGlobalCost=575550.03 (feasible=YES) bestThisIter=575550.03 feasibleAnts=14 noImprove=6 (elapsed 27.9314s)
[ITER 140] bestGlobalCost=575550.03 (feasible=YES) bestThisIter=575550.03 feasibleAnts=10 noImprove=16 (elapsed 30.9491s)
[ITER 150] New best cost=572788.86 (feasible=YES, time 33.2793s)
[ITER 150] bestGlobalCost=572788.86 (feasible=YES) bestThisIter=590594.23 feasibleAnts=9 noImprove=0 (elapsed 33.7627s)
[ITER 160] bestGlobalCost=572788.86 (feasible=YES) bestThisIter=572788.86 feasibleAnts=13 noImprove=10 (elapsed 34.3037s)
[ITER 170] bestGlobalCost=572788.86 (feasible=YES) bestThisIter=572788.86 feasibleAnts=10 noImprove=20 (elapsed 37.5307s)
[ITER 180] bestGlobalCost=572788.86 (feasible=YES) bestThisIter=581432.36 feasibleAnts=10 noImprove=30 (elapsed 40.9264s)
[RESET] no improvement for30-> reset pheromones
[ITER 190] bestGlobalCost=572788.86 (feasible=YES) bestThisIter=587113.42 feasibleAnts=10 noImprove=10 (elapsed 41.4422s)
[ITER 200] bestGlobalCost=572788.86 (feasible=YES) bestThisIter=572788.86 feasibleAnts=9 noImprove=20 (elapsed 44.4972s)
[ITER 210] bestGlobalCost=572788.86 (feasible=YES) bestThisIter=572788.86 feasibleAnts=9 noImprove=30 (elapsed 48.1169s)
[RESET] no improvement for30-> reset pheromones
[ITER 220] bestGlobalCost=572788.86 (feasible=YES) bestThisIter=588982.41 feasibleAnts=10 noImprove=10 (elapsed 48.6702s)
[ITER 230] bestGlobalCost=572788.86 (feasible=YES) bestThisIter=572788.86 feasibleAnts=9 noImprove=20 (elapsed 51.6752s)
[ITER 240] bestGlobalCost=572788.86 (feasible=YES) bestThisIter=572788.86 feasibleAnts=10 noImprove=30 (elapsed 55.1877s)
[RESET] no improvement for30-> reset pheromones
[ITER 250] bestGlobalCost=572788.86 (feasible=YES) bestThisIter=597724.47 feasibleAnts=10 noImprove=10 (elapsed 55.9027s)
[ITER 260] bestGlobalCost=572788.86 (feasible=YES) bestThisIter=572788.86 feasibleAnts=10 noImprove=20 (elapsed 58.718s)
[ITER 270] bestGlobalCost=572788.86 (feasible=YES) bestThisIter=572788.86 feasibleAnts=10 noImprove=30 (elapsed 62.2657s)
[RESET] no improvement for30-> reset pheromones
1 2 3 6 7 10 11 12 15 18 20 21 22 23 26 27 28 30 31 32 33 103 
40 41 43 44 45 46 47 48 49 50 51 53 54 55 56 57 58 62 69 80 
59 67 68 71 72 73 76 78 79 82 83 84 85 86 91 92 93 96 97 101 102 
4 5 8 9 13 14 16 17 19 24 25 29 34 35 36 37 38 39 42 60 81 104 
52 61 63 64 65 66 70 74 75 77 87 88 89 90 94 95 98 99 100 105 
[SAVELOGS] evolution saved to results/logs/lin105_05_5/evolution/lin105_05_5
[SAVELOGS] best cost saved to results/logs/lin105_05_5/objectives/lin105_05_5
[SAVELOGS] best solution saved to results/logs/lin105_05_5/solutions/lin105_05_5
