[ITER 1] New best cost=93612.47 (feasible=YES, time 0.269852s)
[ITER 3] New best cost=92261.61 (feasible=YES, time 0.647517s)
[ITER 4] New best cost=89858.33 (feasible=YES, time 0.841624s)
[ITER 5] New best cost=88854.33 (feasible=YES, time 1.01099s)
[ITER 10] New best cost=86067.92 (feasible=YES, time 1.84717s)
[ITER 10] bestGlobalCost=86067.92 (feasible=YES) bestThisIter=86067.92 feasibleAnts=10 noImprove=0 (elapsed 1.85126s)
[ITER 11] New best cost=84847.70 (feasible=YES, time 2.00961s)
[ITER 15] New best cost=84051.74 (feasible=YES, time 3.46474s)
[ITER 15] New best cost=80688.07 (feasible=YES, time 5.09353s)
[ITER 15] New best cost=80451.96 (feasible=YES, time 5.88419s)
[ITER 20] bestGlobalCost=80451.96 (feasible=YES) bestThisIter=84019.39 feasibleAnts=10 noImprove=5 (elapsed 7.1954s)
[ITER 30] New best cost=80244.71 (feasible=YES, time 10.351s)
[ITER 30] bestGlobalCost=80244.71 (feasible=YES) bestThisIter=89736.73 feasibleAnts=10 noImprove=0 (elapsed 12.8671s)
[ITER 32] New best cost=80133.90 (feasible=YES, time 13.2465s)
[ITER 40] bestGlobalCost=80133.90 (feasible=YES) bestThisIter=80133.90 feasibleAnts=10 noImprove=8 (elapsed 14.4708s)
[ITER 50] bestGlobalCost=80133.90 (feasible=YES) bestThisIter=94462.19 feasibleAnts=10 noImprove=18 (elapsed 20.0449s)
[ITER 60] bestGlobalCost=80133.90 (feasible=YES) bestThisIter=92857.68 feasibleAnts=10 noImprove=28 (elapsed 26.1489s)
[RESET] no improvement for30-> reset pheromones
[ITER 70] bestGlobalCost=80133.90 (feasible=YES) bestThisIter=102647.52 feasibleAnts=10 noImprove=8 (elapsed 28.7306s)
[ITER 80] bestGlobalCost=80133.90 (feasible=YES) bestThisIter=101030.95 feasibleAnts=10 noImprove=18 (elapsed 34.5837s)
[ITER 90] bestGlobalCost=80133.90 (feasible=YES) bestThisIter=86978.71 feasibleAnts=10 noImprove=28 (elapsed 40.6727s)
[RESET] no improvement for30-> reset pheromones
[ITER 100] bestGlobalCost=80133.90 (feasible=YES) bestThisIter=93671.26 feasibleAnts=10 noImprove=8 (elapsed 43.2238s)
[ITER 110] bestGlobalCost=80133.90 (feasible=YES) bestThisIter=93451.97 feasibleAnts=10 noImprove=18 (elapsed 49.4059s)
[ITER 120] bestGlobalCost=80133.90 (feasible=YES) bestThisIter=98490.27 feasibleAnts=10 noImprove=28 (elapsed 55.2952s)
[RESET] no improvement for30-> reset pheromones
[ITER 130] bestGlobalCost=80133.90 (feasible=YES) bestThisIter=102722.42 feasibleAnts=10 noImprove=8 (elapsed 57.8822s)
21 23 30 35 41 
4 10 19 99 100 
1 15 40 53 85 
28 62 72 83 
3 59 60 89 
20 27 64 67 79 
14 57 69 73 74 
2 13 68 77 80 
17 22 25 34 58 90 
38 39 71 88 98 
7 26 32 61 78 82 
16 18 29 37 66 
33 36 45 81 97 
8 54 65 75 
5 43 50 56 86 
6 31 42 47 55 
11 52 84 87 92 96 
9 44 48 51 63 
70 76 91 94 95 
12 24 46 49 93 
[SAVELOGS] evolution saved to results/logs/kroC100_20_5/evolution/kroC100_20_5
[SAVELOGS] best cost saved to results/logs/kroC100_20_5/objectives/kroC100_20_5
[SAVELOGS] best solution saved to results/logs/kroC100_20_5/solutions/kroC100_20_5
