[ITER 1] New best cost=3118.37 (feasible=YES, time 0.0078204s)
[ITER 4] New best cost=3081.71 (feasible=YES, time 0.0379836s)
[ITER 10] bestGlobalCost=3081.71 (feasible=YES) bestThisIter=3081.71 feasibleAnts=35 noImprove=6 (elapsed 0.141869s)
[ITER 20] bestGlobalCost=3081.71 (feasible=YES) bestThisIter=3081.71 feasibleAnts=40 noImprove=16 (elapsed 0.325808s)
[ITER 30] bestGlobalCost=3081.71 (feasible=YES) bestThisIter=3081.71 feasibleAnts=40 noImprove=26 (elapsed 0.506587s)
[RESET] no improvement for30-> reset pheromones
[ITER 40] bestGlobalCost=3081.71 (feasible=YES) bestThisIter=3081.71 feasibleAnts=40 noImprove=6 (elapsed 0.621503s)
[ITER 50] bestGlobalCost=3081.71 (feasible=YES) bestThisIter=3081.71 feasibleAnts=35 noImprove=16 (elapsed 0.750132s)
[ITER 60] bestGlobalCost=3081.71 (feasible=YES) bestThisIter=3081.71 feasibleAnts=36 noImprove=26 (elapsed 0.874706s)
[RESET] no improvement for30-> reset pheromones
[ITER 70] bestGlobalCost=3081.71 (feasible=YES) bestThisIter=3081.71 feasibleAnts=40 noImprove=6 (elapsed 0.998167s)
[ITER 80] bestGlobalCost=3081.71 (feasible=YES) bestThisIter=3081.71 feasibleAnts=40 noImprove=16 (elapsed 1.11698s)
[ITER 90] bestGlobalCost=3081.71 (feasible=YES) bestThisIter=3081.71 feasibleAnts=38 noImprove=26 (elapsed 1.23137s)
[RESET] no improvement for30-> reset pheromones
[ITER 100] bestGlobalCost=3081.71 (feasible=YES) bestThisIter=3081.71 feasibleAnts=39 noImprove=6 (elapsed 1.34906s)
[ITER 110] bestGlobalCost=3081.71 (feasible=YES) bestThisIter=3081.71 feasibleAnts=38 noImprove=16 (elapsed 1.47334s)
[ITER 120] bestGlobalCost=3081.71 (feasible=YES) bestThisIter=3081.71 feasibleAnts=36 noImprove=26 (elapsed 1.59443s)
[RESET] no improvement for30-> reset pheromones
[ITER 130] bestGlobalCost=3081.71 (feasible=YES) bestThisIter=3081.71 feasibleAnts=35 noImprove=6 (elapsed 1.71244s)
[ITER 140] bestGlobalCost=3081.71 (feasible=YES) bestThisIter=3081.71 feasibleAnts=40 noImprove=16 (elapsed 1.82666s)
[ITER 150] bestGlobalCost=3081.71 (feasible=YES) bestThisIter=3081.71 feasibleAnts=39 noImprove=26 (elapsed 1.95296s)
[RESET] no improvement for30-> reset pheromones
[ITER 160] bestGlobalCost=3081.71 (feasible=YES) bestThisIter=3081.71 feasibleAnts=40 noImprove=6 (elapsed 2.07043s)
[ITER 170] bestGlobalCost=3081.71 (feasible=YES) bestThisIter=3081.71 feasibleAnts=40 noImprove=16 (elapsed 2.20056s)
[ITER 180] bestGlobalCost=3081.71 (feasible=YES) bestThisIter=3081.71 feasibleAnts=38 noImprove=26 (elapsed 2.31398s)
[RESET] no improvement for30-> reset pheromones
[ITER 190] bestGlobalCost=3081.71 (feasible=YES) bestThisIter=3081.71 feasibleAnts=40 noImprove=6 (elapsed 2.43006s)
[ITER 200] bestGlobalCost=3081.71 (feasible=YES) bestThisIter=3081.71 feasibleAnts=40 noImprove=16 (elapsed 2.54348s)
[ITER 210] bestGlobalCost=3081.71 (feasible=YES) bestThisIter=3081.71 feasibleAnts=34 noImprove=26 (elapsed 2.65689s)
[RESET] no improvement for30-> reset pheromones
[ITER 220] bestGlobalCost=3081.71 (feasible=YES) bestThisIter=3081.71 feasibleAnts=40 noImprove=6 (elapsed 2.79096s)
[ITER 230] bestGlobalCost=3081.71 (feasible=YES) bestThisIter=3081.71 feasibleAnts=37 noImprove=16 (elapsed 2.9091s)
[ITER 240] bestGlobalCost=3081.71 (feasible=YES) bestThisIter=3081.71 feasibleAnts=36 noImprove=26 (elapsed 3.02628s)
[RESET] no improvement for30-> reset pheromones
[ITER 250] bestGlobalCost=3081.71 (feasible=YES) bestThisIter=3081.71 feasibleAnts=38 noImprove=6 (elapsed 3.14551s)
[ITER 260] bestGlobalCost=3081.71 (feasible=YES) bestThisIter=3081.71 feasibleAnts=39 noImprove=16 (elapsed 3.25887s)
[ITER 270] bestGlobalCost=3081.71 (feasible=YES) bestThisIter=3081.71 feasibleAnts=40 noImprove=26 (elapsed 3.3818s)
[RESET] no improvement for30-> reset pheromones
[ITER 280] bestGlobalCost=3081.71 (feasible=YES) bestThisIter=3081.71 feasibleAnts=40 noImprove=6 (elapsed 3.51076s)
[ITER 290] bestGlobalCost=3081.71 (feasible=YES) bestThisIter=3081.71 feasibleAnts=39 noImprove=16 (elapsed 3.6282s)
[ITER 300] bestGlobalCost=3081.71 (feasible=YES) bestThisIter=3081.71 feasibleAnts=39 noImprove=26 (elapsed 3.75164s)
[RESET] no improvement for30-> reset pheromones
[ITER 310] bestGlobalCost=3081.71 (feasible=YES) bestThisIter=3081.71 feasibleAnts=40 noImprove=6 (elapsed 3.86317s)
[ITER 320] bestGlobalCost=3081.71 (feasible=YES) bestThisIter=3081.71 feasibleAnts=40 noImprove=16 (elapsed 3.98151s)
[ITER 330] bestGlobalCost=3081.71 (feasible=YES) bestThisIter=3081.71 feasibleAnts=36 noImprove=26 (elapsed 4.09346s)
[RESET] no improvement for30-> reset pheromones
[ITER 340] bestGlobalCost=3081.71 (feasible=YES) bestThisIter=3081.71 feasibleAnts=38 noImprove=6 (elapsed 4.21109s)
[ITER 350] bestGlobalCost=3081.71 (feasible=YES) bestThisIter=3081.71 feasibleAnts=38 noImprove=16 (elapsed 4.32211s)
[ITER 360] bestGlobalCost=3081.71 (feasible=YES) bestThisIter=3081.71 feasibleAnts=40 noImprove=26 (elapsed 4.43202s)
[RESET] no improvement for30-> reset pheromones
[ITER 370] bestGlobalCost=3081.71 (feasible=YES) bestThisIter=3081.71 feasibleAnts=40 noImprove=6 (elapsed 4.54317s)
[ITER 380] bestGlobalCost=3081.71 (feasible=YES) bestThisIter=3081.71 feasibleAnts=39 noImprove=16 (elapsed 4.65726s)
[ITER 390] bestGlobalCost=3081.71 (feasible=YES) bestThisIter=3081.71 feasibleAnts=40 noImprove=26 (elapsed 4.78231s)
[RESET] no improvement for30-> reset pheromones
[ITER 400] bestGlobalCost=3081.71 (feasible=YES) bestThisIter=3081.71 feasibleAnts=38 noImprove=6 (elapsed 4.89461s)
[ITER 410] bestGlobalCost=3081.71 (feasible=YES) bestThisIter=3081.71 feasibleAnts=40 noImprove=16 (elapsed 5.00499s)
[ITER 420] bestGlobalCost=3081.71 (feasible=YES) bestThisIter=3081.71 feasibleAnts=38 noImprove=26 (elapsed 5.12492s)
[RESET] no improvement for30-> reset pheromones
[ITER 430] bestGlobalCost=3081.71 (feasible=YES) bestThisIter=3081.71 feasibleAnts=38 noImprove=6 (elapsed 5.23912s)
[ITER 440] bestGlobalCost=3081.71 (feasible=YES) bestThisIter=3081.71 feasibleAnts=39 noImprove=16 (elapsed 5.34967s)
[ITER 450] bestGlobalCost=3081.71 (feasible=YES) bestThisIter=3081.71 feasibleAnts=36 noImprove=26 (elapsed 5.46171s)
[RESET] no improvement for30-> reset pheromones
[ITER 460] bestGlobalCost=3081.71 (feasible=YES) bestThisIter=3081.71 feasibleAnts=40 noImprove=6 (elapsed 5.57779s)
[ITER 470] bestGlobalCost=3081.71 (feasible=YES) bestThisIter=3081.71 feasibleAnts=39 noImprove=16 (elapsed 5.69059s)
[ITER 480] bestGlobalCost=3081.71 (feasible=YES) bestThisIter=3081.71 feasibleAnts=38 noImprove=26 (elapsed 5.80392s)
[RESET] no improvement for30-> reset pheromones
[ITER 490] bestGlobalCost=3081.71 (feasible=YES) bestThisIter=3081.71 feasibleAnts=40 noImprove=6 (elapsed 5.92457s)
[ITER 500] bestGlobalCost=3081.71 (feasible=YES) bestThisIter=3081.71 feasibleAnts=38 noImprove=16 (elapsed 6.03417s)
[ITER 510] bestGlobalCost=3081.71 (feasible=YES) bestThisIter=3081.71 feasibleAnts=39 noImprove=26 (elapsed 6.14719s)
[RESET] no improvement for30-> reset pheromones
[ITER 520] bestGlobalCost=3081.71 (feasible=YES) bestThisIter=3081.71 feasibleAnts=40 noImprove=6 (elapsed 6.25988s)
[ITER 530] bestGlobalCost=3081.71 (feasible=YES) bestThisIter=3081.71 feasibleAnts=39 noImprove=16 (elapsed 6.38042s)
[ITER 540] bestGlobalCost=3081.71 (feasible=YES) bestThisIter=3081.71 feasibleAnts=39 noImprove=26 (elapsed 6.49272s)
[RESET] no improvement for30-> reset pheromones
[ITER 550] bestGlobalCost=3081.71 (feasible=YES) bestThisIter=3081.71 feasibleAnts=38 noImprove=6 (elapsed 6.6077s)
[ITER 560] bestGlobalCost=3081.71 (feasible=YES) bestThisIter=3081.71 feasibleAnts=35 noImprove=16 (elapsed 6.7258s)
[ITER 570] bestGlobalCost=3081.71 (feasible=YES) bestThisIter=3081.71 feasibleAnts=38 noImprove=26 (elapsed 6.84313s)
[RESET] no improvement for30-> reset pheromones
[ITER 580] bestGlobalCost=3081.71 (feasible=YES) bestThisIter=3081.71 feasibleAnts=37 noImprove=6 (elapsed 6.96013s)
[ITER 590] bestGlobalCost=3081.71 (feasible=YES) bestThisIter=3081.71 feasibleAnts=40 noImprove=16 (elapsed 7.07236s)
[ITER 600] bestGlobalCost=3081.71 (feasible=YES) bestThisIter=3081.71 feasibleAnts=40 noImprove=26 (elapsed 7.18992s)
[RESET] no improvement for30-> reset pheromones
[ITER 610] bestGlobalCost=3081.71 (feasible=YES) bestThisIter=3081.71 feasibleAnts=40 noImprove=6 (elapsed 7.31513s)
[ITER 620] bestGlobalCost=3081.71 (feasible=YES) bestThisIter=3081.71 feasibleAnts=40 noImprove=16 (elapsed 7.42704s)
[ITER 630] bestGlobalCost=3081.71 (feasible=YES) bestThisIter=3081.71 feasibleAnts=35 noImprove=26 (elapsed 7.53911s)
[RESET] no improvement for30-> reset pheromones
[ITER 640] bestGlobalCost=3081.71 (feasible=YES) bestThisIter=3081.71 feasibleAnts=40 noImprove=6 (elapsed 7.65554s)
[ITER 650] bestGlobalCost=3081.71 (feasible=YES) bestThisIter=3081.71 feasibleAnts=36 noImprove=16 (elapsed 7.76743s)
[ITER 660] bestGlobalCost=3081.71 (feasible=YES) bestThisIter=3081.71 feasibleAnts=40 noImprove=26 (elapsed 7.88618s)
[RESET] no improvement for30-> reset pheromones
[ITER 670] bestGlobalCost=3081.71 (feasible=YES) bestThisIter=3081.71 feasibleAnts=38 noImprove=6 (elapsed 8.00019s)
[ITER 680] bestGlobalCost=3081.71 (feasible=YES) bestThisIter=3081.71 feasibleAnts=40 noImprove=16 (elapsed 8.11132s)
[ITER 690] bestGlobalCost=3081.71 (feasible=YES) bestThisIter=3081.71 feasibleAnts=40 noImprove=26 (elapsed 8.22945s)
[RESET] no improvement for30-> reset pheromones
[ITER 700] bestGlobalCost=3081.71 (feasible=YES) bestThisIter=3081.71 feasibleAnts=40 noImprove=6 (elapsed 8.35161s)
[ITER 710] bestGlobalCost=3081.71 (feasible=YES) bestThisIter=3081.71 feasibleAnts=39 noImprove=16 (elapsed 8.46554s)
[ITER 720] bestGlobalCost=3081.71 (feasible=YES) bestThisIter=3081.71 feasibleAnts=40 noImprove=26 (elapsed 8.58068s)
[RESET] no improvement for30-> reset pheromones
[ITER 730] bestGlobalCost=3081.71 (feasible=YES) bestThisIter=3081.71 feasibleAnts=40 noImprove=6 (elapsed 8.69611s)
[ITER 740] bestGlobalCost=3081.71 (feasible=YES) bestThisIter=3081.71 feasibleAnts=40 noImprove=16 (elapsed 8.80684s)
[ITER 750] bestGlobalCost=3081.71 (feasible=YES) bestThisIter=3081.71 feasibleAnts=39 noImprove=26 (elapsed 8.91853s)
[RESET] no improvement for30-> reset pheromones
[ITER 760] bestGlobalCost=3081.71 (feasible=YES) bestThisIter=3081.71 feasibleAnts=39 noImprove=6 (elapsed 9.03315s)
[ITER 770] bestGlobalCost=3081.71 (feasible=YES) bestThisIter=3081.71 feasibleAnts=39 noImprove=16 (elapsed 9.14653s)
[ITER 780] bestGlobalCost=3081.71 (feasible=YES) bestThisIter=3081.71 feasibleAnts=36 noImprove=26 (elapsed 9.25744s)
[RESET] no improvement for30-> reset pheromones
[ITER 790] bestGlobalCost=3081.71 (feasible=YES) bestThisIter=3081.71 feasibleAnts=39 noImprove=6 (elapsed 9.36995s)
[ITER 800] bestGlobalCost=3081.71 (feasible=YES) bestThisIter=3081.71 feasibleAnts=34 noImprove=16 (elapsed 9.47882s)
[ITER 810] bestGlobalCost=3081.71 (feasible=YES) bestThisIter=3081.71 feasibleAnts=38 noImprove=26 (elapsed 9.59975s)
[RESET] no improvement for30-> reset pheromones
[ITER 820] bestGlobalCost=3081.71 (feasible=YES) bestThisIter=3081.71 feasibleAnts=40 noImprove=6 (elapsed 9.71757s)
[ITER 830] bestGlobalCost=3081.71 (feasible=YES) bestThisIter=3081.71 feasibleAnts=40 noImprove=16 (elapsed 9.82916s)
[ITER 840] bestGlobalCost=3081.71 (feasible=YES) bestThisIter=3081.71 feasibleAnts=37 noImprove=26 (elapsed 9.94189s)
[RESET] no improvement for30-> reset pheromones
[ITER 850] bestGlobalCost=3081.71 (feasible=YES) bestThisIter=3081.71 feasibleAnts=40 noImprove=6 (elapsed 10.0324s)
1 9 15 16 17 24 29 
7 11 12 14 19 22 27 30 
4 5 8 10 23 25 26 28 
2 3 6 13 18 20 21 
[SAVELOGS] evolution saved to results/logs/aco_logs/evolution/muestra3_30_4.txt
[SAVELOGS] best cost saved to results/logs/aco_logs/objectives/muestra3_30_4.txt
[SAVELOGS] best solution saved to results/logs/aco_logs/solutions/muestra3_30_4.txt
