[ITER 1] New best cost=428977.87 (feasible=YES, time 0.239581s)
[ITER 2] New best cost=425961.85 (feasible=YES, time 0.455934s)
[ITER 3] New best cost=421917.53 (feasible=YES, time 0.703353s)
[ITER 6] New best cost=420505.26 (feasible=YES, time 1.26325s)
[ITER 10] bestGlobalCost=420505.26 (feasible=YES) bestThisIter=420640.58 feasibleAnts=10 noImprove=4 (elapsed 1.955s)
[ITER 12] New best cost=420304.45 (feasible=YES, time 2.36776s)
[ITER 15] New best cost=418708.66 (feasible=YES, time 5.42587s)
[ITER 18] New best cost=417676.57 (feasible=YES, time 16.9245s)
[ITER 20] bestGlobalCost=417676.57 (feasible=YES) bestThisIter=417676.57 feasibleAnts=14 noImprove=2 (elapsed 17.299s)
[ITER 26] New best cost=417017.34 (feasible=YES, time 18.7907s)
[ITER 28] New best cost=416961.61 (feasible=YES, time 19.2771s)
[ITER 30] bestGlobalCost=416961.61 (feasible=YES) bestThisIter=418282.17 feasibleAnts=10 noImprove=2 (elapsed 32.3714s)
[ITER 40] bestGlobalCost=416961.61 (feasible=YES) bestThisIter=417504.56 feasibleAnts=10 noImprove=12 (elapsed 35.1029s)
[ITER 50] bestGlobalCost=416961.61 (feasible=YES) bestThisIter=423090.72 feasibleAnts=10 noImprove=22 (elapsed 50.4242s)
[RESET] no improvement for30-> reset pheromones
[ITER 60] bestGlobalCost=416961.61 (feasible=YES) bestThisIter=419861.60 feasibleAnts=10 noImprove=2 (elapsed 65.534s)
127 133 136 137 147 163 164 165 166 170 181 183 186 191 193 
1 2 3 4 5 6 7 8 9 10 11 12 13 40 41 57 100 
35 47 48 49 50 51 63 64 76 77 78 79 80 81 90 91 94 95 96 101 102 
36 38 39 45 46 52 53 54 61 62 65 66 70 74 75 82 83 88 89 97 98 
42 43 44 55 56 58 59 60 67 68 69 71 72 73 84 85 86 87 99 
14 15 16 17 18 19 20 21 22 23 24 25 26 27 28 29 30 31 32 33 34 37 
128 129 130 132 134 135 140 141 142 143 144 145 146 148 149 150 151 152 153 160 161 162 171 172 
92 93 103 104 105 106 107 108 109 110 111 112 113 114 115 117 120 167 168 
173 174 175 176 177 178 179 180 182 184 185 187 188 189 190 192 194 195 196 197 198 
116 118 119 121 122 123 124 125 126 131 138 139 154 155 156 157 158 159 169 
[SAVELOGS] evolution saved to results/logs/d198_10_2/evolution/d198_10_2
[SAVELOGS] best cost saved to results/logs/d198_10_2/objectives/d198_10_2
[SAVELOGS] best solution saved to results/logs/d198_10_2/solutions/d198_10_2
