[ITER 1] New best cost=7227006.89 (feasible=YES, time 3.24518s)
[ITER 2] New best cost=7190710.55 (feasible=YES, time 5.48363s)
[ITER 4] New best cost=7118533.43 (feasible=YES, time 10.0371s)
[ITER 6] New best cost=7079333.61 (feasible=YES, time 15.2122s)
[ITER 8] New best cost=7075279.31 (feasible=YES, time 19.8164s)
[ITER 9] New best cost=7036973.27 (feasible=YES, time 22.8612s)
[ITER 10] bestGlobalCost=7036973.27 (feasible=YES) bestThisIter=7048962.46 feasibleAnts=10 noImprove=1 (elapsed 30.1145s)
[ITER 14] New best cost=7035753.90 (feasible=YES, time 42.4589s)
[ITER 15] New best cost=7013557.92 (feasible=YES, time 46.5304s)
[ITER 19] New best cost=6994122.73 (feasible=YES, time 56.5544s)
[ITER 20] [TS] New best cost=6974043.39 (feasible=YES, time 60.6229s)
[ITER 20] bestGlobalCost=6974043.39 (feasible=YES) bestThisIter=6974043.39 feasibleAnts=10 noImprove=1 (elapsed 64.3623s)
[ITER 22] New best cost=6930843.90 (feasible=YES, time 68.8829s)
[ITER 26] New best cost=6921465.64 (feasible=YES, time 80.9178s)
[ITER 30] bestGlobalCost=6921465.64 (feasible=YES) bestThisIter=6941785.14 feasibleAnts=10 noImprove=4 (elapsed 98.0522s)
[ITER 38] New best cost=6921425.16 (feasible=YES, time 114.557s)
[ITER 40] bestGlobalCost=6921425.16 (feasible=YES) bestThisIter=6962027.20 feasibleAnts=10 noImprove=2 (elapsed 122.805s)
[ITER 50] bestGlobalCost=6921425.16 (feasible=YES) bestThisIter=6991626.76 feasibleAnts=10 noImprove=12 (elapsed 151.141s)
[ITER 60] bestGlobalCost=6921425.16 (feasible=YES) bestThisIter=6944135.41 feasibleAnts=10 noImprove=22 (elapsed 181.806s)
[RESET] no improvement for30-> reset pheromones
[ITER 70] bestGlobalCost=6921425.16 (feasible=YES) bestThisIter=6959119.97 feasibleAnts=10 noImprove=2 (elapsed 214.319s)
[ITER 80] bestGlobalCost=6921425.16 (feasible=YES) bestThisIter=6933762.44 feasibleAnts=10 noImprove=12 (elapsed 245.911s)
[ITER 90] bestGlobalCost=6921425.16 (feasible=YES) bestThisIter=6932414.08 feasibleAnts=10 noImprove=22 (elapsed 278.745s)
[ITER 95] New best cost=6920965.44 (feasible=YES, time 293.882s)
[ITER 100] [TS] New best cost=6907880.03 (feasible=YES, time 310.981s)
[ITER 100] bestGlobalCost=6907880.03 (feasible=YES) bestThisIter=6907880.03 feasibleAnts=10 noImprove=1 (elapsed 314.68s)
[ITER 110] bestGlobalCost=6907880.03 (feasible=YES) bestThisIter=6974428.86 feasibleAnts=10 noImprove=11 (elapsed 344.51s)
[ITER 120] bestGlobalCost=6907880.03 (feasible=YES) bestThisIter=6949069.64 feasibleAnts=10 noImprove=21 (elapsed 373.636s)
[RESET] no improvement for30-> reset pheromones
[ITER 130] bestGlobalCost=6907880.03 (feasible=YES) bestThisIter=7324613.52 feasibleAnts=10 noImprove=1 (elapsed 402.37s)
[ITER 140] [TS] New best cost=6897559.66 (feasible=YES, time 429.248s)
[ITER 140] bestGlobalCost=6897559.66 (feasible=YES) bestThisIter=6897559.66 feasibleAnts=10 noImprove=1 (elapsed 432.953s)
[ITER 150] bestGlobalCost=6897559.66 (feasible=YES) bestThisIter=6934348.65 feasibleAnts=9 noImprove=11 (elapsed 463.87s)
[ITER 160] bestGlobalCost=6897559.66 (feasible=YES) bestThisIter=6949635.40 feasibleAnts=10 noImprove=21 (elapsed 494.142s)
[RESET] no improvement for30-> reset pheromones
[ITER 170] bestGlobalCost=6897559.66 (feasible=YES) bestThisIter=7155413.56 feasibleAnts=10 noImprove=1 (elapsed 526.123s)
[ITER 180] bestGlobalCost=6897559.66 (feasible=YES) bestThisIter=6924703.65 feasibleAnts=10 noImprove=11 (elapsed 558.735s)
[ITER 190] bestGlobalCost=6897559.66 (feasible=YES) bestThisIter=6942232.69 feasibleAnts=10 noImprove=21 (elapsed 588.899s)
[RESET] no improvement for30-> reset pheromones
[ITER 200] bestGlobalCost=6897559.66 (feasible=YES) bestThisIter=7317688.97 feasibleAnts=10 noImprove=1 (elapsed 623.339s)
[ITER 210] bestGlobalCost=6897559.66 (feasible=YES) bestThisIter=6909806.85 feasibleAnts=10 noImprove=11 (elapsed 654.644s)
[ITER 220] bestGlobalCost=6897559.66 (feasible=YES) bestThisIter=6975456.25 feasibleAnts=10 noImprove=21 (elapsed 684.469s)
[RESET] no improvement for30-> reset pheromones
[ITER 230] bestGlobalCost=6897559.66 (feasible=YES) bestThisIter=7260877.49 feasibleAnts=10 noImprove=1 (elapsed 713.997s)
[ITER 237] New best cost=6896911.29 (feasible=YES, time 731.987s)
[ITER 240] bestGlobalCost=6896911.29 (feasible=YES) bestThisIter=6964782.58 feasibleAnts=10 noImprove=3 (elapsed 744.37s)
[ITER 250] bestGlobalCost=6896911.29 (feasible=YES) bestThisIter=6918716.59 feasibleAnts=10 noImprove=13 (elapsed 775.317s)
[ITER 260] bestGlobalCost=6896911.29 (feasible=YES) bestThisIter=6948174.70 feasibleAnts=10 noImprove=23 (elapsed 804.323s)
[ITER 267] New best cost=6890195.43 (feasible=YES, time 823.895s)
[ITER 270] bestGlobalCost=6890195.43 (feasible=YES) bestThisIter=6994686.77 feasibleAnts=10 noImprove=3 (elapsed 836.877s)
[ITER 280] bestGlobalCost=6890195.43 (feasible=YES) bestThisIter=6928710.69 feasibleAnts=10 noImprove=13 (elapsed 870.674s)
[ITER 290] bestGlobalCost=6890195.43 (feasible=YES) bestThisIter=6999900.10 feasibleAnts=10 noImprove=23 (elapsed 899.982s)
[RESET] no improvement for30-> reset pheromones
[ITER 300] bestGlobalCost=6890195.43 (feasible=YES) bestThisIter=6981901.87 feasibleAnts=10 noImprove=3 (elapsed 931.629s)
[ITER 310] bestGlobalCost=6890195.43 (feasible=YES) bestThisIter=6977329.40 feasibleAnts=10 noImprove=13 (elapsed 962.777s)
[ITER 320] bestGlobalCost=6890195.43 (feasible=YES) bestThisIter=6929838.10 feasibleAnts=10 noImprove=23 (elapsed 995.687s)
[RESET] no improvement for30-> reset pheromones
[ITER 330] bestGlobalCost=6890195.43 (feasible=YES) bestThisIter=6967186.16 feasibleAnts=10 noImprove=3 (elapsed 1024.71s)
[ITER 340] bestGlobalCost=6890195.43 (feasible=YES) bestThisIter=7002691.99 feasibleAnts=10 noImprove=13 (elapsed 1057.11s)
[ITER 350] bestGlobalCost=6890195.43 (feasible=YES) bestThisIter=6962075.54 feasibleAnts=10 noImprove=23 (elapsed 1088.64s)
[RESET] no improvement for30-> reset pheromones
[ITER 360] bestGlobalCost=6890195.43 (feasible=YES) bestThisIter=7021520.48 feasibleAnts=10 noImprove=3 (elapsed 1117.69s)
[ITER 370] bestGlobalCost=6890195.43 (feasible=YES) bestThisIter=6940590.16 feasibleAnts=10 noImprove=13 (elapsed 1148.53s)
[ITER 380] bestGlobalCost=6890195.43 (feasible=YES) bestThisIter=6982669.16 feasibleAnts=10 noImprove=23 (elapsed 1177.11s)
[ITER 386] New best cost=6879368.64 (feasible=YES, time 1193.5s)
[ITER 390] bestGlobalCost=6879368.64 (feasible=YES) bestThisIter=6966004.45 feasibleAnts=10 noImprove=4 (elapsed 1208.09s)
[ITER 400] bestGlobalCost=6879368.64 (feasible=YES) bestThisIter=6967528.47 feasibleAnts=10 noImprove=14 (elapsed 1239.57s)
[ITER 410] bestGlobalCost=6879368.64 (feasible=YES) bestThisIter=6974828.85 feasibleAnts=10 noImprove=24 (elapsed 1267.88s)
[RESET] no improvement for30-> reset pheromones
[ITER 420] bestGlobalCost=6879368.64 (feasible=YES) bestThisIter=6947159.26 feasibleAnts=10 noImprove=4 (elapsed 1300.99s)
[ITER 428] New best cost=6869329.64 (feasible=YES, time 1324.61s)
[ITER 430] bestGlobalCost=6869329.64 (feasible=YES) bestThisIter=6923552.87 feasibleAnts=10 noImprove=2 (elapsed 1334.57s)
[ITER 440] bestGlobalCost=6869329.64 (feasible=YES) bestThisIter=6869329.64 feasibleAnts=10 noImprove=12 (elapsed 1364.27s)
[ITER 450] bestGlobalCost=6869329.64 (feasible=YES) bestThisIter=6952093.86 feasibleAnts=10 noImprove=22 (elapsed 1393.04s)
[RESET] no improvement for30-> reset pheromones
[ITER 460] bestGlobalCost=6869329.64 (feasible=YES) bestThisIter=6996157.25 feasibleAnts=10 noImprove=2 (elapsed 1423.2s)
[ITER 466] New best cost=6861289.12 (feasible=YES, time 1441.74s)
[ITER 470] bestGlobalCost=6861289.12 (feasible=YES) bestThisIter=6901653.35 feasibleAnts=10 noImprove=4 (elapsed 1455.68s)
[ITER 480] bestGlobalCost=6861289.12 (feasible=YES) bestThisIter=6940020.11 feasibleAnts=10 noImprove=14 (elapsed 1486.12s)
9 10 11 12 13 14 15 16 17 31 32 33 34 35 36 57 58 59 60 61 75 76 77 78 81 82 86 87 
137 158 159 160 166 175 176 177 178 179 197 198 199 200 201 202 203 204 205 206 208 211 212 213 214 215 216 251 
21 24 25 26 27 28 29 30 62 63 64 65 73 74 88 89 105 106 107 108 109 110 111 112 144 145 146 147 148 
209 210 245 246 247 248 249 250 252 253 254 255 256 257 258 259 260 310 311 312 313 314 315 316 318 319 320 321 322 
279 289 290 291 292 293 294 295 297 335 337 338 339 348 349 353 354 355 356 358 359 360 361 362 363 364 368 369 370 
317 323 324 325 326 327 328 365 366 385 386 387 388 400 401 402 404 405 415 416 417 418 419 428 429 431 
113 116 118 119 120 121 122 138 139 140 141 142 143 150 151 152 153 154 155 156 157 180 181 182 183 184 185 191 192 193 194 195 
190 223 224 233 267 268 270 271 272 273 274 275 276 277 278 296 298 299 300 301 302 303 304 329 330 331 332 333 334 336 367 378 
196 217 218 219 220 221 222 234 235 236 237 238 239 240 241 242 243 244 261 262 263 264 265 266 269 305 306 307 308 309 
18 19 20 22 23 66 67 68 69 70 71 72 90 91 92 93 94 95 96 97 98 100 101 102 103 104 114 115 117 123 
83 84 85 149 186 187 188 189 225 226 227 228 229 230 231 232 280 281 282 283 284 285 286 340 341 342 343 344 
372 384 397 398 399 403 406 407 408 409 410 411 412 413 422 423 424 425 426 427 430 432 433 434 435 436 437 438 439 
287 288 345 346 347 350 351 352 357 371 373 374 375 376 377 379 380 381 382 383 389 390 391 392 393 394 395 396 414 420 421 
1 2 3 4 5 6 7 8 37 38 39 40 41 42 43 44 45 46 47 48 49 50 51 52 53 54 55 56 79 80 
99 124 125 126 127 128 129 130 131 132 133 134 135 136 161 162 163 164 165 167 168 169 170 171 172 173 174 207 
[SAVELOGS] evolution saved to results/logs/aco_logs/evolution/pr439_15_3.txt
[SAVELOGS] best cost saved to results/logs/aco_logs/objectives/pr439_15_3.txt
[SAVELOGS] best solution saved to results/logs/aco_logs/solutions/pr439_15_3.txt
