[ITER 1] New best cost=3758.73 (feasible=YES, time 0.0118994s)
[ITER 10] [TS] New best cost=3752.90 (feasible=YES, time 0.122465s)
[ITER 10] bestGlobalCost=3752.90 (feasible=YES) bestThisIter=3758.73 feasibleAnts=33 noImprove=1 (elapsed 0.127706s)
[ITER 20] bestGlobalCost=3752.90 (feasible=YES) bestThisIter=3752.90 feasibleAnts=35 noImprove=11 (elapsed 0.37084s)
[ITER 30] bestGlobalCost=3752.90 (feasible=YES) bestThisIter=3752.90 feasibleAnts=38 noImprove=21 (elapsed 0.664914s)
[RESET] no improvement for30-> reset pheromones
[ITER 40] bestGlobalCost=3752.90 (feasible=YES) bestThisIter=3752.90 feasibleAnts=14 noImprove=1 (elapsed 0.830307s)
[ITER 50] bestGlobalCost=3752.90 (feasible=YES) bestThisIter=3752.90 feasibleAnts=36 noImprove=11 (elapsed 0.983843s)
[ITER 60] bestGlobalCost=3752.90 (feasible=YES) bestThisIter=3752.90 feasibleAnts=35 noImprove=21 (elapsed 1.13663s)
[RESET] no improvement for30-> reset pheromones
[ITER 70] bestGlobalCost=3752.90 (feasible=YES) bestThisIter=3759.16 feasibleAnts=14 noImprove=1 (elapsed 1.28691s)
[ITER 80] bestGlobalCost=3752.90 (feasible=YES) bestThisIter=3752.90 feasibleAnts=37 noImprove=11 (elapsed 1.46305s)
[ITER 90] bestGlobalCost=3752.90 (feasible=YES) bestThisIter=3752.90 feasibleAnts=35 noImprove=21 (elapsed 1.653s)
[RESET] no improvement for30-> reset pheromones
[ITER 100] bestGlobalCost=3752.90 (feasible=YES) bestThisIter=3752.90 feasibleAnts=12 noImprove=1 (elapsed 1.80466s)
[ITER 110] bestGlobalCost=3752.90 (feasible=YES) bestThisIter=3752.90 feasibleAnts=35 noImprove=11 (elapsed 1.97534s)
[ITER 120] bestGlobalCost=3752.90 (feasible=YES) bestThisIter=3752.90 feasibleAnts=35 noImprove=21 (elapsed 2.17269s)
[RESET] no improvement for30-> reset pheromones
[ITER 130] bestGlobalCost=3752.90 (feasible=YES) bestThisIter=3759.16 feasibleAnts=11 noImprove=1 (elapsed 2.36998s)
[ITER 140] bestGlobalCost=3752.90 (feasible=YES) bestThisIter=3752.90 feasibleAnts=35 noImprove=11 (elapsed 2.56369s)
[ITER 150] bestGlobalCost=3752.90 (feasible=YES) bestThisIter=3752.90 feasibleAnts=32 noImprove=21 (elapsed 2.7544s)
[RESET] no improvement for30-> reset pheromones
[ITER 160] bestGlobalCost=3752.90 (feasible=YES) bestThisIter=3765.15 feasibleAnts=13 noImprove=1 (elapsed 2.95238s)
[ITER 170] bestGlobalCost=3752.90 (feasible=YES) bestThisIter=3752.90 feasibleAnts=33 noImprove=11 (elapsed 3.14573s)
[ITER 180] bestGlobalCost=3752.90 (feasible=YES) bestThisIter=3752.90 feasibleAnts=35 noImprove=21 (elapsed 3.33812s)
[RESET] no improvement for30-> reset pheromones
[ITER 190] bestGlobalCost=3752.90 (feasible=YES) bestThisIter=3759.16 feasibleAnts=10 noImprove=1 (elapsed 3.53956s)
[ITER 200] bestGlobalCost=3752.90 (feasible=YES) bestThisIter=3752.90 feasibleAnts=37 noImprove=11 (elapsed 3.73257s)
[ITER 210] bestGlobalCost=3752.90 (feasible=YES) bestThisIter=3752.90 feasibleAnts=39 noImprove=21 (elapsed 3.92347s)
[RESET] no improvement for30-> reset pheromones
[ITER 220] bestGlobalCost=3752.90 (feasible=YES) bestThisIter=3759.16 feasibleAnts=16 noImprove=1 (elapsed 4.12146s)
[ITER 230] bestGlobalCost=3752.90 (feasible=YES) bestThisIter=3752.90 feasibleAnts=36 noImprove=11 (elapsed 4.31167s)
[ITER 240] bestGlobalCost=3752.90 (feasible=YES) bestThisIter=3752.90 feasibleAnts=34 noImprove=21 (elapsed 4.5051s)
[RESET] no improvement for30-> reset pheromones
[ITER 250] bestGlobalCost=3752.90 (feasible=YES) bestThisIter=3752.90 feasibleAnts=12 noImprove=1 (elapsed 4.70153s)
[ITER 260] bestGlobalCost=3752.90 (feasible=YES) bestThisIter=3752.90 feasibleAnts=35 noImprove=11 (elapsed 4.89094s)
[ITER 270] bestGlobalCost=3752.90 (feasible=YES) bestThisIter=3752.90 feasibleAnts=35 noImprove=21 (elapsed 5.08403s)
[RESET] no improvement for30-> reset pheromones
[ITER 280] bestGlobalCost=3752.90 (feasible=YES) bestThisIter=3758.73 feasibleAnts=14 noImprove=1 (elapsed 5.28322s)
[ITER 290] bestGlobalCost=3752.90 (feasible=YES) bestThisIter=3752.90 feasibleAnts=37 noImprove=11 (elapsed 5.47471s)
[ITER 300] bestGlobalCost=3752.90 (feasible=YES) bestThisIter=3752.90 feasibleAnts=39 noImprove=21 (elapsed 5.67176s)
[RESET] no improvement for30-> reset pheromones
[ITER 310] bestGlobalCost=3752.90 (feasible=YES) bestThisIter=3759.16 feasibleAnts=13 noImprove=1 (elapsed 5.86973s)
[ITER 320] bestGlobalCost=3752.90 (feasible=YES) bestThisIter=3752.90 feasibleAnts=40 noImprove=11 (elapsed 6.02752s)
[ITER 330] bestGlobalCost=3752.90 (feasible=YES) bestThisIter=3752.90 feasibleAnts=33 noImprove=21 (elapsed 6.17296s)
[RESET] no improvement for30-> reset pheromones
[ITER 340] bestGlobalCost=3752.90 (feasible=YES) bestThisIter=3752.90 feasibleAnts=13 noImprove=1 (elapsed 6.32711s)
[ITER 350] bestGlobalCost=3752.90 (feasible=YES) bestThisIter=3752.90 feasibleAnts=36 noImprove=11 (elapsed 6.47822s)
[ITER 360] bestGlobalCost=3752.90 (feasible=YES) bestThisIter=3752.90 feasibleAnts=33 noImprove=21 (elapsed 6.63111s)
[RESET] no improvement for30-> reset pheromones
[ITER 370] bestGlobalCost=3752.90 (feasible=YES) bestThisIter=3774.73 feasibleAnts=11 noImprove=1 (elapsed 6.78692s)
[ITER 380] bestGlobalCost=3752.90 (feasible=YES) bestThisIter=3752.90 feasibleAnts=33 noImprove=11 (elapsed 6.94505s)
[ITER 390] bestGlobalCost=3752.90 (feasible=YES) bestThisIter=3752.90 feasibleAnts=39 noImprove=21 (elapsed 7.09716s)
[RESET] no improvement for30-> reset pheromones
[ITER 400] bestGlobalCost=3752.90 (feasible=YES) bestThisIter=3758.73 feasibleAnts=13 noImprove=1 (elapsed 7.25759s)
[ITER 410] bestGlobalCost=3752.90 (feasible=YES) bestThisIter=3752.90 feasibleAnts=34 noImprove=11 (elapsed 7.40589s)
[ITER 420] bestGlobalCost=3752.90 (feasible=YES) bestThisIter=3752.90 feasibleAnts=34 noImprove=21 (elapsed 7.56132s)
[RESET] no improvement for30-> reset pheromones
[ITER 430] bestGlobalCost=3752.90 (feasible=YES) bestThisIter=3752.90 feasibleAnts=12 noImprove=1 (elapsed 7.7097s)
[ITER 440] bestGlobalCost=3752.90 (feasible=YES) bestThisIter=3752.90 feasibleAnts=40 noImprove=11 (elapsed 7.87002s)
[ITER 450] bestGlobalCost=3752.90 (feasible=YES) bestThisIter=3752.90 feasibleAnts=34 noImprove=21 (elapsed 8.02604s)
[RESET] no improvement for30-> reset pheromones
[ITER 460] bestGlobalCost=3752.90 (feasible=YES) bestThisIter=3752.90 feasibleAnts=11 noImprove=1 (elapsed 8.17783s)
[ITER 470] bestGlobalCost=3752.90 (feasible=YES) bestThisIter=3752.90 feasibleAnts=39 noImprove=11 (elapsed 8.34233s)
[ITER 480] bestGlobalCost=3752.90 (feasible=YES) bestThisIter=3752.90 feasibleAnts=39 noImprove=21 (elapsed 8.49864s)
[RESET] no improvement for30-> reset pheromones
[ITER 490] bestGlobalCost=3752.90 (feasible=YES) bestThisIter=3758.73 feasibleAnts=12 noImprove=1 (elapsed 8.66032s)
[ITER 500] bestGlobalCost=3752.90 (feasible=YES) bestThisIter=3752.90 feasibleAnts=38 noImprove=11 (elapsed 8.80584s)
[ITER 510] bestGlobalCost=3752.90 (feasible=YES) bestThisIter=3752.90 feasibleAnts=37 noImprove=21 (elapsed 8.95539s)
[RESET] no improvement for30-> reset pheromones
[ITER 520] bestGlobalCost=3752.90 (feasible=YES) bestThisIter=3752.90 feasibleAnts=10 noImprove=1 (elapsed 9.11034s)
[ITER 530] bestGlobalCost=3752.90 (feasible=YES) bestThisIter=3752.90 feasibleAnts=35 noImprove=11 (elapsed 9.25881s)
[ITER 540] bestGlobalCost=3752.90 (feasible=YES) bestThisIter=3752.90 feasibleAnts=38 noImprove=21 (elapsed 9.40292s)
[RESET] no improvement for30-> reset pheromones
[ITER 550] bestGlobalCost=3752.90 (feasible=YES) bestThisIter=3759.16 feasibleAnts=13 noImprove=1 (elapsed 9.55726s)
[ITER 560] bestGlobalCost=3752.90 (feasible=YES) bestThisIter=3752.90 feasibleAnts=35 noImprove=11 (elapsed 9.71949s)
[ITER 570] bestGlobalCost=3752.90 (feasible=YES) bestThisIter=3752.90 feasibleAnts=35 noImprove=21 (elapsed 9.86458s)
[RESET] no improvement for30-> reset pheromones
[ITER 580] bestGlobalCost=3752.90 (feasible=YES) bestThisIter=3752.90 feasibleAnts=14 noImprove=1 (elapsed 10.0542s)
7 13 16 23 24 30 32 33 35 
1 2 3 4 9 14 18 21 25 28 40 
10 20 26 34 36 37 38 
5 6 11 15 19 27 39 
8 12 17 22 29 31 
[SAVELOGS] evolution saved to results/logs/aco_logs/evolution/muestra1_40_5.txt
[SAVELOGS] best cost saved to results/logs/aco_logs/objectives/muestra1_40_5.txt
[SAVELOGS] best solution saved to results/logs/aco_logs/solutions/muestra1_40_5.txt
