[ITER 1] New best cost=3758.73 (feasible=YES, time 0.0150578s)
[ITER 10] [TS] New best cost=3752.90 (feasible=YES, time 0.110636s)
[ITER 10] bestGlobalCost=3752.90 (feasible=YES) bestThisIter=3758.73 feasibleAnts=38 noImprove=1 (elapsed 0.201553s)
[ITER 20] bestGlobalCost=3752.90 (feasible=YES) bestThisIter=3752.90 feasibleAnts=38 noImprove=11 (elapsed 0.454845s)
[ITER 30] bestGlobalCost=3752.90 (feasible=YES) bestThisIter=3752.90 feasibleAnts=36 noImprove=21 (elapsed 0.654647s)
[RESET] no improvement for30-> reset pheromones
[ITER 40] bestGlobalCost=3752.90 (feasible=YES) bestThisIter=3752.90 feasibleAnts=12 noImprove=1 (elapsed 0.859539s)
[ITER 50] bestGlobalCost=3752.90 (feasible=YES) bestThisIter=3752.90 feasibleAnts=37 noImprove=11 (elapsed 1.05446s)
[ITER 60] bestGlobalCost=3752.90 (feasible=YES) bestThisIter=3752.90 feasibleAnts=39 noImprove=21 (elapsed 1.26143s)
[RESET] no improvement for30-> reset pheromones
[ITER 70] bestGlobalCost=3752.90 (feasible=YES) bestThisIter=3765.15 feasibleAnts=13 noImprove=1 (elapsed 1.46546s)
[ITER 80] bestGlobalCost=3752.90 (feasible=YES) bestThisIter=3752.90 feasibleAnts=35 noImprove=11 (elapsed 1.66436s)
[ITER 90] bestGlobalCost=3752.90 (feasible=YES) bestThisIter=3752.90 feasibleAnts=32 noImprove=21 (elapsed 1.85875s)
[RESET] no improvement for30-> reset pheromones
[ITER 100] bestGlobalCost=3752.90 (feasible=YES) bestThisIter=3759.16 feasibleAnts=15 noImprove=1 (elapsed 2.05288s)
[ITER 110] bestGlobalCost=3752.90 (feasible=YES) bestThisIter=3752.90 feasibleAnts=32 noImprove=11 (elapsed 2.25166s)
[ITER 120] bestGlobalCost=3752.90 (feasible=YES) bestThisIter=3752.90 feasibleAnts=37 noImprove=21 (elapsed 2.43231s)
[RESET] no improvement for30-> reset pheromones
[ITER 130] bestGlobalCost=3752.90 (feasible=YES) bestThisIter=3752.90 feasibleAnts=14 noImprove=1 (elapsed 2.62544s)
[ITER 140] bestGlobalCost=3752.90 (feasible=YES) bestThisIter=3752.90 feasibleAnts=37 noImprove=11 (elapsed 2.83057s)
[ITER 150] bestGlobalCost=3752.90 (feasible=YES) bestThisIter=3752.90 feasibleAnts=37 noImprove=21 (elapsed 3.02368s)
[RESET] no improvement for30-> reset pheromones
[ITER 160] bestGlobalCost=3752.90 (feasible=YES) bestThisIter=3752.90 feasibleAnts=14 noImprove=1 (elapsed 3.22345s)
[ITER 170] bestGlobalCost=3752.90 (feasible=YES) bestThisIter=3752.90 feasibleAnts=35 noImprove=11 (elapsed 3.41833s)
[ITER 180] bestGlobalCost=3752.90 (feasible=YES) bestThisIter=3752.90 feasibleAnts=37 noImprove=21 (elapsed 3.56419s)
[RESET] no improvement for30-> reset pheromones
[ITER 190] bestGlobalCost=3752.90 (feasible=YES) bestThisIter=3752.90 feasibleAnts=12 noImprove=1 (elapsed 3.71739s)
[ITER 200] bestGlobalCost=3752.90 (feasible=YES) bestThisIter=3752.90 feasibleAnts=30 noImprove=11 (elapsed 3.86288s)
[ITER 210] bestGlobalCost=3752.90 (feasible=YES) bestThisIter=3752.90 feasibleAnts=34 noImprove=21 (elapsed 4.00983s)
[RESET] no improvement for30-> reset pheromones
[ITER 220] bestGlobalCost=3752.90 (feasible=YES) bestThisIter=3759.16 feasibleAnts=12 noImprove=1 (elapsed 4.15696s)
[ITER 230] bestGlobalCost=3752.90 (feasible=YES) bestThisIter=3752.90 feasibleAnts=36 noImprove=11 (elapsed 4.31201s)
[ITER 240] bestGlobalCost=3752.90 (feasible=YES) bestThisIter=3752.90 feasibleAnts=32 noImprove=21 (elapsed 4.45981s)
[RESET] no improvement for30-> reset pheromones
[ITER 250] bestGlobalCost=3752.90 (feasible=YES) bestThisIter=3752.90 feasibleAnts=13 noImprove=1 (elapsed 4.60823s)
[ITER 260] bestGlobalCost=3752.90 (feasible=YES) bestThisIter=3752.90 feasibleAnts=33 noImprove=11 (elapsed 4.75561s)
[ITER 270] bestGlobalCost=3752.90 (feasible=YES) bestThisIter=3752.90 feasibleAnts=35 noImprove=21 (elapsed 4.90305s)
[RESET] no improvement for30-> reset pheromones
[ITER 280] bestGlobalCost=3752.90 (feasible=YES) bestThisIter=3759.16 feasibleAnts=16 noImprove=1 (elapsed 5.0488s)
[ITER 290] bestGlobalCost=3752.90 (feasible=YES) bestThisIter=3752.90 feasibleAnts=32 noImprove=11 (elapsed 5.19742s)
[ITER 300] bestGlobalCost=3752.90 (feasible=YES) bestThisIter=3752.90 feasibleAnts=35 noImprove=21 (elapsed 5.35911s)
[RESET] no improvement for30-> reset pheromones
[ITER 310] bestGlobalCost=3752.90 (feasible=YES) bestThisIter=3759.16 feasibleAnts=12 noImprove=1 (elapsed 5.51082s)
[ITER 320] bestGlobalCost=3752.90 (feasible=YES) bestThisIter=3752.90 feasibleAnts=34 noImprove=11 (elapsed 5.66478s)
[ITER 330] bestGlobalCost=3752.90 (feasible=YES) bestThisIter=3752.90 feasibleAnts=36 noImprove=21 (elapsed 5.82175s)
[RESET] no improvement for30-> reset pheromones
[ITER 340] bestGlobalCost=3752.90 (feasible=YES) bestThisIter=3752.90 feasibleAnts=12 noImprove=1 (elapsed 5.98085s)
[ITER 350] bestGlobalCost=3752.90 (feasible=YES) bestThisIter=3752.90 feasibleAnts=36 noImprove=11 (elapsed 6.12977s)
[ITER 360] bestGlobalCost=3752.90 (feasible=YES) bestThisIter=3752.90 feasibleAnts=38 noImprove=21 (elapsed 6.28583s)
[RESET] no improvement for30-> reset pheromones
[ITER 370] bestGlobalCost=3752.90 (feasible=YES) bestThisIter=3759.16 feasibleAnts=14 noImprove=1 (elapsed 6.43422s)
[ITER 380] bestGlobalCost=3752.90 (feasible=YES) bestThisIter=3752.90 feasibleAnts=34 noImprove=11 (elapsed 6.59036s)
[ITER 390] bestGlobalCost=3752.90 (feasible=YES) bestThisIter=3752.90 feasibleAnts=37 noImprove=21 (elapsed 6.73916s)
[RESET] no improvement for30-> reset pheromones
[ITER 400] bestGlobalCost=3752.90 (feasible=YES) bestThisIter=3752.90 feasibleAnts=15 noImprove=1 (elapsed 6.89257s)
[ITER 410] bestGlobalCost=3752.90 (feasible=YES) bestThisIter=3752.90 feasibleAnts=34 noImprove=11 (elapsed 7.04635s)
[ITER 420] bestGlobalCost=3752.90 (feasible=YES) bestThisIter=3752.90 feasibleAnts=36 noImprove=21 (elapsed 7.20008s)
[RESET] no improvement for30-> reset pheromones
[ITER 430] bestGlobalCost=3752.90 (feasible=YES) bestThisIter=3752.90 feasibleAnts=11 noImprove=1 (elapsed 7.34913s)
[ITER 440] bestGlobalCost=3752.90 (feasible=YES) bestThisIter=3752.90 feasibleAnts=33 noImprove=11 (elapsed 7.53405s)
[ITER 450] bestGlobalCost=3752.90 (feasible=YES) bestThisIter=3752.90 feasibleAnts=35 noImprove=21 (elapsed 7.7283s)
[RESET] no improvement for30-> reset pheromones
[ITER 460] bestGlobalCost=3752.90 (feasible=YES) bestThisIter=3752.90 feasibleAnts=11 noImprove=1 (elapsed 7.9263s)
[ITER 470] bestGlobalCost=3752.90 (feasible=YES) bestThisIter=3752.90 feasibleAnts=38 noImprove=11 (elapsed 8.12117s)
[ITER 480] bestGlobalCost=3752.90 (feasible=YES) bestThisIter=3752.90 feasibleAnts=36 noImprove=21 (elapsed 8.32048s)
[RESET] no improvement for30-> reset pheromones
[ITER 490] bestGlobalCost=3752.90 (feasible=YES) bestThisIter=3752.90 feasibleAnts=12 noImprove=1 (elapsed 8.51964s)
[ITER 500] bestGlobalCost=3752.90 (feasible=YES) bestThisIter=3752.90 feasibleAnts=36 noImprove=11 (elapsed 8.71665s)
[ITER 510] bestGlobalCost=3752.90 (feasible=YES) bestThisIter=3752.90 feasibleAnts=35 noImprove=21 (elapsed 8.90944s)
[RESET] no improvement for30-> reset pheromones
[ITER 520] bestGlobalCost=3752.90 (feasible=YES) bestThisIter=3759.16 feasibleAnts=12 noImprove=1 (elapsed 9.10102s)
[ITER 530] bestGlobalCost=3752.90 (feasible=YES) bestThisIter=3752.90 feasibleAnts=36 noImprove=11 (elapsed 9.29485s)
[ITER 540] bestGlobalCost=3752.90 (feasible=YES) bestThisIter=3752.90 feasibleAnts=36 noImprove=21 (elapsed 9.48762s)
[RESET] no improvement for30-> reset pheromones
[ITER 550] bestGlobalCost=3752.90 (feasible=YES) bestThisIter=3758.73 feasibleAnts=12 noImprove=1 (elapsed 9.68773s)
[ITER 560] bestGlobalCost=3752.90 (feasible=YES) bestThisIter=3752.90 feasibleAnts=37 noImprove=11 (elapsed 9.87979s)
[ITER 570] bestGlobalCost=3752.90 (feasible=YES) bestThisIter=3752.90 feasibleAnts=35 noImprove=21 (elapsed 10.078s)
8 12 17 22 29 31 
1 2 3 4 9 14 18 21 25 28 40 
7 13 16 23 24 30 32 33 35 
5 6 11 15 19 27 39 
10 20 26 34 36 37 38 
[SAVELOGS] evolution saved to results/logs/aco_logs/evolution/muestra1_40_5.txt
[SAVELOGS] best cost saved to results/logs/aco_logs/objectives/muestra1_40_5.txt
[SAVELOGS] best solution saved to results/logs/aco_logs/solutions/muestra1_40_5.txt
