[ITER 1] New best cost=1442494.98 (feasible=YES, time 0.0808023s)
[ITER 2] New best cost=1440464.41 (feasible=YES, time 0.147201s)
[ITER 4] New best cost=1438145.35 (feasible=YES, time 0.292305s)
[ITER 5] New best cost=1423296.25 (feasible=YES, time 0.357203s)
[ITER 10] New best cost=1423169.36 (feasible=YES, time 0.673362s)
[ITER 10] bestGlobalCost=1423169.36 (feasible=YES) bestThisIter=1423169.36 feasibleAnts=10 noImprove=0 (elapsed 0.676439s)
[ITER 11] New best cost=1420645.71 (feasible=YES, time 0.735658s)
[ITER 15] New best cost=1418957.10 (feasible=YES, time 1.70337s)
[ITER 15] New best cost=1415554.81 (feasible=YES, time 2.46227s)
[ITER 15] New best cost=1410795.14 (feasible=YES, time 3.23285s)
[ITER 20] bestGlobalCost=1410795.14 (feasible=YES) bestThisIter=1413358.92 feasibleAnts=10 noImprove=5 (elapsed 5.36742s)
[ITER 30] bestGlobalCost=1410795.14 (feasible=YES) bestThisIter=1410795.14 feasibleAnts=10 noImprove=15 (elapsed 10.1193s)
[ITER 40] bestGlobalCost=1410795.14 (feasible=YES) bestThisIter=1416673.87 feasibleAnts=10 noImprove=25 (elapsed 10.6443s)
[RESET] no improvement for30-> reset pheromones
[ITER 50] bestGlobalCost=1410795.14 (feasible=YES) bestThisIter=1435151.84 feasibleAnts=10 noImprove=5 (elapsed 15.7793s)
[ITER 60] bestGlobalCost=1410795.14 (feasible=YES) bestThisIter=1413531.79 feasibleAnts=10 noImprove=15 (elapsed 20.4508s)
[ITER 70] bestGlobalCost=1410795.14 (feasible=YES) bestThisIter=1429160.07 feasibleAnts=10 noImprove=25 (elapsed 21.1948s)
[RESET] no improvement for30-> reset pheromones
[ITER 80] bestGlobalCost=1410795.14 (feasible=YES) bestThisIter=1416673.87 feasibleAnts=10 noImprove=5 (elapsed 25.9019s)
[ITER 90] bestGlobalCost=1410795.14 (feasible=YES) bestThisIter=1441534.21 feasibleAnts=10 noImprove=15 (elapsed 31.0846s)
[ITER 100] bestGlobalCost=1410795.14 (feasible=YES) bestThisIter=1431282.43 feasibleAnts=10 noImprove=25 (elapsed 31.6533s)
[RESET] no improvement for30-> reset pheromones
[ITER 110] bestGlobalCost=1410795.14 (feasible=YES) bestThisIter=1437197.89 feasibleAnts=10 noImprove=5 (elapsed 36.3241s)
[ITER 120] New best cost=1404153.99 (feasible=YES, time 40.3865s)
[ITER 120] bestGlobalCost=1404153.99 (feasible=YES) bestThisIter=1431537.81 feasibleAnts=10 noImprove=0 (elapsed 41.1726s)
[ITER 130] bestGlobalCost=1404153.99 (feasible=YES) bestThisIter=1416673.87 feasibleAnts=10 noImprove=10 (elapsed 41.5903s)
[ITER 140] bestGlobalCost=1404153.99 (feasible=YES) bestThisIter=1422837.35 feasibleAnts=10 noImprove=20 (elapsed 46.5118s)
[ITER 150] bestGlobalCost=1404153.99 (feasible=YES) bestThisIter=1419304.18 feasibleAnts=10 noImprove=30 (elapsed 50.9253s)
[RESET] no improvement for30-> reset pheromones
[ITER 160] bestGlobalCost=1404153.99 (feasible=YES) bestThisIter=1474043.25 feasibleAnts=10 noImprove=10 (elapsed 51.8103s)
[ITER 170] bestGlobalCost=1404153.99 (feasible=YES) bestThisIter=1446654.62 feasibleAnts=10 noImprove=20 (elapsed 56.7871s)
[ITER 180] bestGlobalCost=1404153.99 (feasible=YES) bestThisIter=1413531.79 feasibleAnts=10 noImprove=30 (elapsed 61.5833s)
[RESET] no improvement for30-> reset pheromones
48 49 50 51 52 53 54 55 56 57 58 60 81 83 84 
43 44 45 61 62 63 64 65 66 67 68 70 71 72 
8 9 10 11 12 13 14 15 16 17 18 19 20 41 42 
111 115 131 132 133 134 135 136 137 138 139 140 142 144 
73 74 75 76 77 78 89 90 91 92 93 94 95 96 97 
69 79 80 82 87 88 98 99 100 101 102 103 
116 117 118 119 120 121 122 123 124 125 126 127 128 129 130 
1 2 3 4 5 6 25 27 28 29 30 31 32 33 34 35 36 
85 86 104 105 106 107 108 109 110 112 113 114 141 143 
7 21 22 23 24 26 37 38 39 40 46 47 59 
[SAVELOGS] evolution saved to results/logs/pr144_10_2/evolution/pr144_10_2
[SAVELOGS] best cost saved to results/logs/pr144_10_2/objectives/pr144_10_2
[SAVELOGS] best solution saved to results/logs/pr144_10_2/solutions/pr144_10_2
