[ITER 1] New best cost=6879866.12 (feasible=YES, time 0.099159s)
[ITER 3] New best cost=6839182.97 (feasible=YES, time 0.215464s)
[ITER 10] bestGlobalCost=6839182.97 (feasible=YES) bestThisIter=6840889.87 feasibleAnts=10 noImprove=7 (elapsed 0.699827s)
[ITER 15] New best cost=6728157.51 (feasible=YES, time 2.30685s)
[ITER 15] New best cost=6726193.52 (feasible=YES, time 7.01486s)
[ITER 18] New best cost=6642884.24 (feasible=YES, time 7.14674s)
[ITER 19] New best cost=6630035.41 (feasible=YES, time 7.22498s)
[ITER 20] New best cost=6621350.36 (feasible=YES, time 7.29302s)
[ITER 20] bestGlobalCost=6621350.36 (feasible=YES) bestThisIter=6621350.36 feasibleAnts=10 noImprove=0 (elapsed 7.29698s)
[ITER 21] New best cost=6619863.68 (feasible=YES, time 7.38985s)
[ITER 24] New best cost=6611332.40 (feasible=YES, time 7.57645s)
[ITER 30] bestGlobalCost=6611332.40 (feasible=YES) bestThisIter=6611332.40 feasibleAnts=14 noImprove=6 (elapsed 13.8456s)
[ITER 40] bestGlobalCost=6611332.40 (feasible=YES) bestThisIter=6633736.63 feasibleAnts=10 noImprove=16 (elapsed 14.3781s)
[ITER 50] bestGlobalCost=6611332.40 (feasible=YES) bestThisIter=6667111.80 feasibleAnts=10 noImprove=26 (elapsed 20.9618s)
[RESET] no improvement for30-> reset pheromones
[ITER 60] bestGlobalCost=6611332.40 (feasible=YES) bestThisIter=6646416.23 feasibleAnts=10 noImprove=6 (elapsed 27.5001s)
[ITER 70] bestGlobalCost=6611332.40 (feasible=YES) bestThisIter=6611332.40 feasibleAnts=10 noImprove=16 (elapsed 28.3285s)
[ITER 74] New best cost=6603079.30 (feasible=YES, time 28.6127s)
[ITER 77] New best cost=6603079.30 (feasible=YES, time 34.4203s)
[ITER 80] bestGlobalCost=6603079.30 (feasible=YES) bestThisIter=6603079.30 feasibleAnts=15 noImprove=3 (elapsed 34.5268s)
[ITER 90] bestGlobalCost=6603079.30 (feasible=YES) bestThisIter=6603079.30 feasibleAnts=10 noImprove=13 (elapsed 40.675s)
[ITER 100] bestGlobalCost=6603079.30 (feasible=YES) bestThisIter=6625242.41 feasibleAnts=10 noImprove=23 (elapsed 41.3038s)
[RESET] no improvement for30-> reset pheromones
[ITER 110] bestGlobalCost=6603079.30 (feasible=YES) bestThisIter=6671989.61 feasibleAnts=10 noImprove=3 (elapsed 47.9127s)
[ITER 120] bestGlobalCost=6603079.30 (feasible=YES) bestThisIter=6631618.11 feasibleAnts=10 noImprove=13 (elapsed 54.5266s)
[ITER 130] bestGlobalCost=6603079.30 (feasible=YES) bestThisIter=6676145.27 feasibleAnts=10 noImprove=23 (elapsed 55.2791s)
46 47 48 49 50 51 70 71 72 73 74 75 76 77 78 79 91 92 93 94 95 96 97 98 115 116 124 125 126 151 152 
4 7 8 9 17 18 20 21 22 39 40 41 42 43 59 60 61 62 63 64 83 84 85 86 104 105 106 108 109 110 
1 2 3 5 6 10 11 12 13 14 15 16 19 23 24 25 26 27 28 29 30 31 32 33 34 35 36 37 38 
44 45 52 53 54 55 56 57 58 65 66 67 68 69 80 81 82 87 88 89 90 99 100 101 102 103 107 111 112 113 114 
117 118 119 120 121 122 123 127 128 129 130 131 132 133 134 135 136 137 138 139 140 141 142 143 144 145 146 147 148 149 150 
[SAVELOGS] evolution saved to results/logs/pr152_05_4/evolution/pr152_05_4
[SAVELOGS] best cost saved to results/logs/pr152_05_4/objectives/pr152_05_4
[SAVELOGS] best solution saved to results/logs/pr152_05_4/solutions/pr152_05_4
