[ITER 1] New best cost=6804694.11 (feasible=YES, time 0.0953569s)
[ITER 2] New best cost=6740967.59 (feasible=YES, time 0.160227s)
[ITER 4] New best cost=6642400.69 (feasible=YES, time 0.300687s)
[ITER 8] New best cost=6626015.34 (feasible=YES, time 0.550723s)
[ITER 10] bestGlobalCost=6626015.34 (feasible=YES) bestThisIter=6630617.95 feasibleAnts=11 noImprove=2 (elapsed 0.619763s)
[ITER 11] New best cost=6626015.34 (feasible=YES, time 0.666145s)
[ITER 16] New best cost=6623992.10 (feasible=YES, time 6.76399s)
[ITER 19] New best cost=6623992.10 (feasible=YES, time 6.85566s)
[ITER 20] bestGlobalCost=6623992.10 (feasible=YES) bestThisIter=6623992.10 feasibleAnts=24 noImprove=1 (elapsed 6.87039s)
[ITER 30] bestGlobalCost=6623992.10 (feasible=YES) bestThisIter=6623992.10 feasibleAnts=12 noImprove=11 (elapsed 13.1023s)
[ITER 40] bestGlobalCost=6623992.10 (feasible=YES) bestThisIter=6623992.10 feasibleAnts=10 noImprove=21 (elapsed 13.6688s)
[RESET] no improvement for30-> reset pheromones
[ITER 50] bestGlobalCost=6623992.10 (feasible=YES) bestThisIter=6805198.99 feasibleAnts=10 noImprove=1 (elapsed 19.823s)
[ITER 60] bestGlobalCost=6623992.10 (feasible=YES) bestThisIter=6632642.11 feasibleAnts=10 noImprove=11 (elapsed 26.3702s)
[ITER 70] bestGlobalCost=6623992.10 (feasible=YES) bestThisIter=6623992.10 feasibleAnts=10 noImprove=21 (elapsed 27.0923s)
[RESET] no improvement for30-> reset pheromones
[ITER 80] bestGlobalCost=6623992.10 (feasible=YES) bestThisIter=7016418.49 feasibleAnts=10 noImprove=1 (elapsed 33.354s)
[ITER 90] New best cost=6619863.68 (feasible=YES, time 35.38s)
[ITER 90] bestGlobalCost=6619863.68 (feasible=YES) bestThisIter=6619863.68 feasibleAnts=10 noImprove=0 (elapsed 40.0152s)
[ITER 93] New best cost=6619863.68 (feasible=YES, time 40.136s)
[ITER 94] New best cost=6619863.68 (feasible=YES, time 40.233s)
[ITER 100] bestGlobalCost=6619863.68 (feasible=YES) bestThisIter=6619863.68 feasibleAnts=14 noImprove=6 (elapsed 40.6924s)
[ITER 102] New best cost=6611332.40 (feasible=YES, time 40.82s)
[ITER 105] New best cost=6611332.40 (feasible=YES, time 42.0703s)
[ITER 110] bestGlobalCost=6611332.40 (feasible=YES) bestThisIter=6611332.40 feasibleAnts=18 noImprove=5 (elapsed 47.1267s)
[ITER 120] bestGlobalCost=6611332.40 (feasible=YES) bestThisIter=6621350.36 feasibleAnts=10 noImprove=15 (elapsed 53.4888s)
[ITER 130] bestGlobalCost=6611332.40 (feasible=YES) bestThisIter=6621350.36 feasibleAnts=10 noImprove=25 (elapsed 54.0698s)
[RESET] no improvement for30-> reset pheromones
46 47 48 49 50 51 53 54 70 71 72 73 74 75 76 77 78 79 91 92 93 94 95 96 97 115 116 124 125 126 151 152 
4 7 8 9 17 18 20 21 22 39 40 41 42 57 59 60 61 62 63 64 84 85 86 104 105 107 108 109 110 
43 44 45 52 55 56 58 65 66 67 68 69 80 81 82 83 87 88 89 90 98 99 100 101 102 103 106 111 112 113 114 
117 118 119 120 121 122 123 127 128 129 130 131 132 133 134 135 136 137 138 139 140 141 142 143 144 145 146 147 148 149 150 
1 2 3 5 6 10 11 12 13 14 15 16 19 23 24 25 26 27 28 29 30 31 32 33 34 35 36 37 38 
[SAVELOGS] evolution saved to results/logs/pr152_05_4/evolution/pr152_05_4
[SAVELOGS] best cost saved to results/logs/pr152_05_4/objectives/pr152_05_4
[SAVELOGS] best solution saved to results/logs/pr152_05_4/solutions/pr152_05_4
