[ITER 1] New best cost=6316.41 (feasible=YES, time 0.155404s)
[ITER 2] New best cost=6041.75 (feasible=YES, time 0.265886s)
[ITER 3] New best cost=6020.56 (feasible=YES, time 0.336243s)
[ITER 4] New best cost=6014.08 (feasible=YES, time 0.395358s)
[ITER 5] New best cost=5994.72 (feasible=YES, time 0.453193s)
[ITER 8] New best cost=5991.85 (feasible=YES, time 0.613792s)
[ITER 10] bestGlobalCost=5991.85 (feasible=YES) bestThisIter=6012.04 feasibleAnts=10 noImprove=2 (elapsed 0.717153s)
[ITER 12] New best cost=5980.72 (feasible=YES, time 0.791635s)
[ITER 15] New best cost=5979.98 (feasible=YES, time 1.53613s)
[ITER 15] New best cost=5977.98 (feasible=YES, time 2.16899s)
[ITER 18] New best cost=5976.39 (feasible=YES, time 4.32537s)
[ITER 20] bestGlobalCost=5976.39 (feasible=YES) bestThisIter=5979.98 feasibleAnts=11 noImprove=2 (elapsed 4.50629s)
[ITER 22] New best cost=5973.33 (feasible=YES, time 4.69338s)
[ITER 25] New best cost=5964.48 (feasible=YES, time 4.90739s)
[ITER 30] New best cost=5947.28 (feasible=YES, time 6.19829s)
[ITER 30] bestGlobalCost=5947.28 (feasible=YES) bestThisIter=5964.48 feasibleAnts=10 noImprove=0 (elapsed 9.25156s)
[ITER 34] New best cost=5937.81 (feasible=YES, time 9.49619s)
[ITER 40] bestGlobalCost=5937.81 (feasible=YES) bestThisIter=5937.81 feasibleAnts=10 noImprove=6 (elapsed 9.69954s)
[ITER 50] bestGlobalCost=5937.81 (feasible=YES) bestThisIter=5977.32 feasibleAnts=10 noImprove=16 (elapsed 13.9006s)
[ITER 60] New best cost=5912.74 (feasible=YES, time 16.4533s)
[ITER 60] bestGlobalCost=5912.74 (feasible=YES) bestThisIter=6091.96 feasibleAnts=10 noImprove=0 (elapsed 18.3978s)
[ITER 64] New best cost=5896.18 (feasible=YES, time 18.5693s)
[ITER 67] New best cost=5886.99 (feasible=YES, time 18.6677s)
[ITER 70] bestGlobalCost=5886.99 (feasible=YES) bestThisIter=5886.99 feasibleAnts=11 noImprove=3 (elapsed 18.777s)
[ITER 80] bestGlobalCost=5886.99 (feasible=YES) bestThisIter=5979.21 feasibleAnts=10 noImprove=13 (elapsed 23.2206s)
[ITER 90] bestGlobalCost=5886.99 (feasible=YES) bestThisIter=5960.98 feasibleAnts=10 noImprove=23 (elapsed 27.5146s)
[RESET] no improvement for30-> reset pheromones
[ITER 100] bestGlobalCost=5886.99 (feasible=YES) bestThisIter=6032.13 feasibleAnts=10 noImprove=3 (elapsed 28.3878s)
[ITER 110] bestGlobalCost=5886.99 (feasible=YES) bestThisIter=6005.71 feasibleAnts=10 noImprove=13 (elapsed 32.6077s)
[ITER 120] bestGlobalCost=5886.99 (feasible=YES) bestThisIter=6034.53 feasibleAnts=10 noImprove=23 (elapsed 37.3635s)
[RESET] no improvement for30-> reset pheromones
[ITER 130] bestGlobalCost=5886.99 (feasible=YES) bestThisIter=5966.92 feasibleAnts=10 noImprove=3 (elapsed 38.2016s)
[ITER 140] bestGlobalCost=5886.99 (feasible=YES) bestThisIter=6054.63 feasibleAnts=10 noImprove=13 (elapsed 43.0823s)
[ITER 150] bestGlobalCost=5886.99 (feasible=YES) bestThisIter=6007.01 feasibleAnts=10 noImprove=23 (elapsed 47.4513s)
[RESET] no improvement for30-> reset pheromones
[ITER 160] bestGlobalCost=5886.99 (feasible=YES) bestThisIter=6054.77 feasibleAnts=10 noImprove=3 (elapsed 48.3803s)
[ITER 170] bestGlobalCost=5886.99 (feasible=YES) bestThisIter=5984.14 feasibleAnts=10 noImprove=13 (elapsed 53.4762s)
[ITER 180] bestGlobalCost=5886.99 (feasible=YES) bestThisIter=5969.76 feasibleAnts=10 noImprove=23 (elapsed 57.8275s)
[RESET] no improvement for30-> reset pheromones
[ITER 190] bestGlobalCost=5886.99 (feasible=YES) bestThisIter=6000.53 feasibleAnts=10 noImprove=3 (elapsed 58.8049s)
34 35 52 53 54 55 56 57 58 60 61 
69 70 71 82 86 87 88 89 
12 13 14 15 16 17 45 46 47 48 
80 81 83 84 85 135 136 137 
123 124 127 128 129 130 131 132 133 134 
8 9 10 11 26 29 31 32 33 
111 113 117 118 119 120 121 122 125 
105 106 107 108 109 110 112 114 115 
99 100 101 102 103 104 116 126 
90 91 92 93 94 95 96 97 98 
30 36 37 38 39 40 41 42 43 44 
59 62 63 64 65 66 67 68 72 
1 2 3 4 5 6 7 21 
18 19 20 22 23 24 25 27 28 
49 50 51 73 74 75 76 77 78 79 
[SAVELOGS] evolution saved to results/logs/gr137_15_2/evolution/gr137_15_2
[SAVELOGS] best cost saved to results/logs/gr137_15_2/objectives/gr137_15_2
[SAVELOGS] best solution saved to results/logs/gr137_15_2/solutions/gr137_15_2
