[ITER 1] New best cost=6092.57 (feasible=YES, time 0.124786s)
[ITER 2] New best cost=6080.69 (feasible=YES, time 0.206568s)
[ITER 3] New best cost=5957.54 (feasible=YES, time 0.304096s)
[ITER 4] New best cost=5927.66 (feasible=YES, time 0.386873s)
[ITER 6] New best cost=5903.55 (feasible=YES, time 0.569756s)
[ITER 10] bestGlobalCost=5903.55 (feasible=YES) bestThisIter=5903.55 feasibleAnts=10 noImprove=4 (elapsed 0.932564s)
[ITER 20] bestGlobalCost=5903.55 (feasible=YES) bestThisIter=5970.02 feasibleAnts=10 noImprove=14 (elapsed 5.13569s)
[ITER 30] bestGlobalCost=5903.55 (feasible=YES) bestThisIter=6026.07 feasibleAnts=10 noImprove=24 (elapsed 9.10449s)
[RESET] no improvement for30-> reset pheromones
[ITER 40] bestGlobalCost=5903.55 (feasible=YES) bestThisIter=5955.31 feasibleAnts=10 noImprove=4 (elapsed 9.97435s)
[ITER 50] bestGlobalCost=5903.55 (feasible=YES) bestThisIter=5966.07 feasibleAnts=10 noImprove=14 (elapsed 14.9432s)
[ITER 60] bestGlobalCost=5903.55 (feasible=YES) bestThisIter=6047.64 feasibleAnts=10 noImprove=24 (elapsed 19.0767s)
[RESET] no improvement for30-> reset pheromones
[ITER 70] bestGlobalCost=5903.55 (feasible=YES) bestThisIter=6152.30 feasibleAnts=10 noImprove=4 (elapsed 20.0888s)
[ITER 75] New best cost=5896.18 (feasible=YES, time 23.0258s)
[ITER 80] bestGlobalCost=5896.18 (feasible=YES) bestThisIter=5896.18 feasibleAnts=10 noImprove=5 (elapsed 24.5728s)
[ITER 90] bestGlobalCost=5896.18 (feasible=YES) bestThisIter=5896.18 feasibleAnts=10 noImprove=15 (elapsed 28.8776s)
[ITER 100] bestGlobalCost=5896.18 (feasible=YES) bestThisIter=6139.89 feasibleAnts=10 noImprove=25 (elapsed 29.8101s)
[RESET] no improvement for30-> reset pheromones
[ITER 110] bestGlobalCost=5896.18 (feasible=YES) bestThisIter=6170.11 feasibleAnts=10 noImprove=5 (elapsed 34.0159s)
[ITER 120] bestGlobalCost=5896.18 (feasible=YES) bestThisIter=5985.22 feasibleAnts=10 noImprove=15 (elapsed 38.2353s)
[ITER 128] New best cost=5886.99 (feasible=YES, time 39.0794s)
[ITER 130] bestGlobalCost=5886.99 (feasible=YES) bestThisIter=5886.99 feasibleAnts=10 noImprove=2 (elapsed 39.1852s)
[ITER 140] bestGlobalCost=5886.99 (feasible=YES) bestThisIter=5970.90 feasibleAnts=10 noImprove=12 (elapsed 43.5973s)
[ITER 150] bestGlobalCost=5886.99 (feasible=YES) bestThisIter=5950.11 feasibleAnts=10 noImprove=22 (elapsed 47.5435s)
[RESET] no improvement for30-> reset pheromones
[ITER 160] bestGlobalCost=5886.99 (feasible=YES) bestThisIter=6016.37 feasibleAnts=10 noImprove=2 (elapsed 48.2766s)
[ITER 170] bestGlobalCost=5886.99 (feasible=YES) bestThisIter=5980.74 feasibleAnts=10 noImprove=12 (elapsed 53.0458s)
[ITER 180] bestGlobalCost=5886.99 (feasible=YES) bestThisIter=5996.77 feasibleAnts=10 noImprove=22 (elapsed 57.2866s)
[RESET] no improvement for30-> reset pheromones
[ITER 190] bestGlobalCost=5886.99 (feasible=YES) bestThisIter=6082.95 feasibleAnts=10 noImprove=2 (elapsed 58.0064s)
90 91 92 93 94 95 96 97 98 
99 100 101 102 103 104 116 126 
59 62 63 64 65 66 67 68 72 
80 81 83 84 85 135 136 137 
105 106 107 108 109 110 112 114 115 
8 9 10 11 26 29 31 32 33 
30 36 37 38 39 40 41 42 43 44 
34 35 52 53 54 55 56 57 58 60 61 
1 2 3 4 5 6 7 21 
18 19 20 22 23 24 25 27 28 
111 113 117 118 119 120 121 122 125 
49 50 51 73 74 75 76 77 78 79 
123 124 127 128 129 130 131 132 133 134 
69 70 71 82 86 87 88 89 
12 13 14 15 16 17 45 46 47 48 
[SAVELOGS] evolution saved to results/logs/gr137_15_2/evolution/gr137_15_2
[SAVELOGS] best cost saved to results/logs/gr137_15_2/objectives/gr137_15_2
[SAVELOGS] best solution saved to results/logs/gr137_15_2/solutions/gr137_15_2
