[ITER 1] New best cost=557011.00 (feasible=YES, time 0.107268s)
[ITER 2] New best cost=521362.37 (feasible=YES, time 0.184835s)
[ITER 6] New best cost=514716.74 (feasible=YES, time 0.487767s)
[ITER 7] New best cost=510728.32 (feasible=YES, time 0.54201s)
[ITER 8] New best cost=504309.30 (feasible=YES, time 0.60501s)
[ITER 9] New best cost=498678.63 (feasible=YES, time 0.66651s)
[ITER 10] New best cost=497277.31 (feasible=YES, time 0.739261s)
[ITER 10] bestGlobalCost=497277.31 (feasible=YES) bestThisIter=497277.31 feasibleAnts=10 noImprove=0 (elapsed 0.743195s)
[ITER 13] New best cost=494942.20 (feasible=YES, time 0.973927s)
[ITER 15] New best cost=489167.73 (feasible=YES, time 2.85459s)
[ITER 20] bestGlobalCost=489167.73 (feasible=YES) bestThisIter=489167.73 feasibleAnts=11 noImprove=5 (elapsed 4.47811s)
[ITER 28] New best cost=488058.37 (feasible=YES, time 5.07194s)
[ITER 30] bestGlobalCost=488058.37 (feasible=YES) bestThisIter=489167.73 feasibleAnts=19 noImprove=2 (elapsed 7.73599s)
[ITER 40] bestGlobalCost=488058.37 (feasible=YES) bestThisIter=488137.73 feasibleAnts=10 noImprove=12 (elapsed 8.38997s)
[ITER 50] bestGlobalCost=488058.37 (feasible=YES) bestThisIter=501568.54 feasibleAnts=10 noImprove=22 (elapsed 12.1921s)
[RESET] no improvement for30-> reset pheromones
[ITER 60] bestGlobalCost=488058.37 (feasible=YES) bestThisIter=518640.78 feasibleAnts=10 noImprove=2 (elapsed 15.7846s)
[ITER 70] bestGlobalCost=488058.37 (feasible=YES) bestThisIter=538223.44 feasibleAnts=10 noImprove=12 (elapsed 16.6968s)
[ITER 80] bestGlobalCost=488058.37 (feasible=YES) bestThisIter=516478.16 feasibleAnts=10 noImprove=22 (elapsed 20.4989s)
[RESET] no improvement for30-> reset pheromones
[ITER 90] bestGlobalCost=488058.37 (feasible=YES) bestThisIter=527030.49 feasibleAnts=10 noImprove=2 (elapsed 24.0248s)
[ITER 100] bestGlobalCost=488058.37 (feasible=YES) bestThisIter=511608.43 feasibleAnts=10 noImprove=12 (elapsed 24.9219s)
[ITER 110] bestGlobalCost=488058.37 (feasible=YES) bestThisIter=494838.94 feasibleAnts=10 noImprove=22 (elapsed 28.7896s)
[RESET] no improvement for30-> reset pheromones
[ITER 120] bestGlobalCost=488058.37 (feasible=YES) bestThisIter=514505.73 feasibleAnts=10 noImprove=2 (elapsed 32.2456s)
[ITER 130] bestGlobalCost=488058.37 (feasible=YES) bestThisIter=507393.42 feasibleAnts=10 noImprove=12 (elapsed 33.1656s)
[ITER 140] bestGlobalCost=488058.37 (feasible=YES) bestThisIter=526873.53 feasibleAnts=10 noImprove=22 (elapsed 37.1893s)
[RESET] no improvement for30-> reset pheromones
[ITER 150] bestGlobalCost=488058.37 (feasible=YES) bestThisIter=495212.98 feasibleAnts=10 noImprove=2 (elapsed 40.5619s)
[ITER 160] bestGlobalCost=488058.37 (feasible=YES) bestThisIter=523611.22 feasibleAnts=10 noImprove=12 (elapsed 41.5338s)
[ITER 170] bestGlobalCost=488058.37 (feasible=YES) bestThisIter=500806.93 feasibleAnts=10 noImprove=22 (elapsed 45.5693s)
[RESET] no improvement for30-> reset pheromones
[ITER 180] bestGlobalCost=488058.37 (feasible=YES) bestThisIter=522840.61 feasibleAnts=10 noImprove=2 (elapsed 48.8107s)
[ITER 190] bestGlobalCost=488058.37 (feasible=YES) bestThisIter=508103.14 feasibleAnts=10 noImprove=12 (elapsed 49.7681s)
[ITER 200] bestGlobalCost=488058.37 (feasible=YES) bestThisIter=507926.50 feasibleAnts=10 noImprove=22 (elapsed 53.6871s)
[RESET] no improvement for30-> reset pheromones
[ITER 210] bestGlobalCost=488058.37 (feasible=YES) bestThisIter=513363.22 feasibleAnts=10 noImprove=2 (elapsed 57.0144s)
[ITER 220] bestGlobalCost=488058.37 (feasible=YES) bestThisIter=530298.38 feasibleAnts=10 noImprove=12 (elapsed 58.0357s)
11 12 13 14 49 50 51 
22 23 25 26 36 37 38 39 
89 91 101 102 103 108 113 114 
5 6 28 30 31 32 33 34 35 
76 77 78 79 80 92 93 96 
55 56 57 58 59 60 61 62 
104 105 106 107 109 110 111 112 
1 2 3 4 7 8 24 27 29 
9 10 15 16 17 18 19 46 48 
63 64 68 69 70 71 72 73 74 
115 116 117 118 119 120 121 123 124 
65 66 67 75 81 82 83 84 
94 95 97 98 99 100 122 
47 52 53 85 86 87 88 90 
20 21 40 41 42 43 44 45 54 
[SAVELOGS] evolution saved to results/logs/pr124_15_2/evolution/pr124_15_2
[SAVELOGS] best cost saved to results/logs/pr124_15_2/objectives/pr124_15_2
[SAVELOGS] best solution saved to results/logs/pr124_15_2/solutions/pr124_15_2
