[ITER 1] New best cost=3342057.42 (feasible=NO, time 0.510508s)
[ITER 1] New best cost=3440967.29 (feasible=YES, time 0.515452s)
[ITER 2] New best cost=3399952.28 (feasible=YES, time 0.766842s)
[ITER 3] New best cost=3289259.01 (feasible=YES, time 1.07666s)
[ITER 5] New best cost=3255839.97 (feasible=YES, time 2.73764s)
[ITER 6] New best cost=3255047.09 (feasible=YES, time 2.93458s)
[ITER 7] New best cost=3248820.56 (feasible=YES, time 3.10427s)
[ITER 8] New best cost=3244638.50 (feasible=YES, time 3.29172s)
[ITER 10] bestGlobalCost=3244638.50 (feasible=YES) bestThisIter=3253413.94 feasibleAnts=6 noImprove=2 (elapsed 4.89933s)
[ITER 12] New best cost=3240878.18 (feasible=YES, time 5.24206s)
[ITER 20] bestGlobalCost=3240878.18 (feasible=YES) bestThisIter=3239132.02 feasibleAnts=7 noImprove=8 (elapsed 8.56071s)
[ITER 24] New best cost=3236839.40 (feasible=YES, time 9.24235s)
[ITER 30] New best cost=3233780.85 (feasible=YES, time 12.421s)
[ITER 30] bestGlobalCost=3233780.85 (feasible=YES) bestThisIter=3235546.75 feasibleAnts=13 noImprove=0 (elapsed 12.4254s)
[ITER 40] bestGlobalCost=3233780.85 (feasible=YES) bestThisIter=3259874.80 feasibleAnts=7 noImprove=10 (elapsed 15.9681s)
[ITER 50] bestGlobalCost=3233780.85 (feasible=YES) bestThisIter=3250207.40 feasibleAnts=4 noImprove=20 (elapsed 20.2397s)
[ITER 53] New best cost=3222699.43 (feasible=YES, time 20.8591s)
[ITER 58] New best cost=3183822.71 (feasible=YES, time 22.6875s)
[ITER 60] New best cost=3179342.68 (feasible=YES, time 24.306s)
[ITER 60] bestGlobalCost=3179342.68 (feasible=YES) bestThisIter=3180800.10 feasibleAnts=6 noImprove=0 (elapsed 24.3104s)
[ITER 62] New best cost=3177825.86 (feasible=YES, time 24.6965s)
[ITER 63] New best cost=3176056.12 (feasible=YES, time 24.8393s)
[ITER 70] bestGlobalCost=3176056.12 (feasible=YES) bestThisIter=3191900.12 feasibleAnts=11 noImprove=7 (elapsed 28.0509s)
[ITER 80] bestGlobalCost=3176056.12 (feasible=YES) bestThisIter=3182444.29 feasibleAnts=6 noImprove=17 (elapsed 32.1077s)
[ITER 90] bestGlobalCost=3176056.12 (feasible=YES) bestThisIter=3188125.47 feasibleAnts=5 noImprove=27 (elapsed 36.4977s)
[ITER 100] bestGlobalCost=3176056.12 (feasible=YES) bestThisIter=3241488.34 feasibleAnts=4 noImprove=37 (elapsed 41.3102s)
[ITER 110] bestGlobalCost=3176056.12 (feasible=YES) bestThisIter=3266648.62 feasibleAnts=3 noImprove=47 (elapsed 46.3674s)
[RESET] no improvement for50-> reset pheromones
[ITER 120] bestGlobalCost=3176056.12 (feasible=YES) bestThisIter=3211317.19 feasibleAnts=4 noImprove=7 (elapsed 51.3615s)
[ITER 130] bestGlobalCost=3176056.12 (feasible=YES) bestThisIter=3224315.38 feasibleAnts=6 noImprove=17 (elapsed 55.8129s)
[ITER 140] bestGlobalCost=3176056.12 (feasible=YES) bestThisIter=3209657.80 feasibleAnts=4 noImprove=27 (elapsed 60.5919s)
[ITER 150] bestGlobalCost=3176056.12 (feasible=YES) bestThisIter=3265235.76 feasibleAnts=3 noImprove=37 (elapsed 65.6949s)
[ITER 160] bestGlobalCost=3176056.12 (feasible=YES) bestThisIter=3218762.71 feasibleAnts=1 noImprove=47 (elapsed 70.9684s)
[RESET] no improvement for50-> reset pheromones
[ITER 170] bestGlobalCost=3176056.12 (feasible=YES) bestThisIter=3209236.29 feasibleAnts=5 noImprove=7 (elapsed 76.0615s)
[ITER 180] bestGlobalCost=3176056.12 (feasible=YES) bestThisIter=3242272.85 feasibleAnts=4 noImprove=17 (elapsed 80.5377s)
[ITER 190] bestGlobalCost=3176056.12 (feasible=YES) bestThisIter=3210700.71 feasibleAnts=2 noImprove=27 (elapsed 85.2474s)
[ITER 200] bestGlobalCost=3176056.12 (feasible=YES) bestThisIter=3232754.45 feasibleAnts=4 noImprove=37 (elapsed 90.3712s)
[ITER 210] bestGlobalCost=3176056.12 (feasible=YES) bestThisIter=3279569.59 feasibleAnts=3 noImprove=47 (elapsed 95.7439s)
[RESET] no improvement for50-> reset pheromones
[ITER 220] bestGlobalCost=3176056.12 (feasible=YES) bestThisIter=3200592.45 feasibleAnts=9 noImprove=7 (elapsed 100.822s)
[ITER 230] bestGlobalCost=3176056.12 (feasible=YES) bestThisIter=3200493.00 feasibleAnts=5 noImprove=17 (elapsed 105.357s)
[ITER 240] bestGlobalCost=3176056.12 (feasible=YES) bestThisIter=3231639.12 feasibleAnts=5 noImprove=27 (elapsed 110.234s)
[ITER 250] bestGlobalCost=3176056.12 (feasible=YES) bestThisIter=3234876.42 feasibleAnts=5 noImprove=37 (elapsed 115.338s)
[ITER 260] bestGlobalCost=3176056.12 (feasible=YES) bestThisIter=3233060.38 feasibleAnts=5 noImprove=47 (elapsed 120.741s)
[RESET] no improvement for50-> reset pheromones
[ITER 270] bestGlobalCost=3176056.12 (feasible=YES) bestThisIter=3200161.56 feasibleAnts=5 noImprove=7 (elapsed 125.888s)
[ITER 280] bestGlobalCost=3176056.12 (feasible=YES) bestThisIter=3194300.32 feasibleAnts=4 noImprove=17 (elapsed 130.298s)
[ITER 290] bestGlobalCost=3176056.12 (feasible=YES) bestThisIter=3247805.39 feasibleAnts=6 noImprove=27 (elapsed 135.179s)
[ITER 300] bestGlobalCost=3176056.12 (feasible=YES) bestThisIter=3225994.72 feasibleAnts=2 noImprove=37 (elapsed 140.323s)
[ITER 310] bestGlobalCost=3176056.12 (feasible=YES) bestThisIter=3253654.41 feasibleAnts=7 noImprove=47 (elapsed 145.635s)
[RESET] no improvement for50-> reset pheromones
[ITER 320] bestGlobalCost=3176056.12 (feasible=YES) bestThisIter=3205811.32 feasibleAnts=2 noImprove=7 (elapsed 150.764s)
[ITER 330] bestGlobalCost=3176056.12 (feasible=YES) bestThisIter=3181400.65 feasibleAnts=4 noImprove=17 (elapsed 155.17s)
[ITER 340] bestGlobalCost=3176056.12 (feasible=YES) bestThisIter=3200551.21 feasibleAnts=5 noImprove=27 (elapsed 160.041s)
[ITER 350] bestGlobalCost=3176056.12 (feasible=YES) bestThisIter=3252011.25 feasibleAnts=3 noImprove=37 (elapsed 165.087s)
[ITER 360] bestGlobalCost=3176056.12 (feasible=YES) bestThisIter=3254634.83 feasibleAnts=3 noImprove=47 (elapsed 170.517s)
[RESET] no improvement for50-> reset pheromones
[ITER 370] bestGlobalCost=3176056.12 (feasible=YES) bestThisIter=3196210.99 feasibleAnts=8 noImprove=7 (elapsed 175.763s)
[ITER 380] bestGlobalCost=3176056.12 (feasible=YES) bestThisIter=3252786.88 feasibleAnts=5 noImprove=17 (elapsed 180.33s)
[ITER 390] bestGlobalCost=3176056.12 (feasible=YES) bestThisIter=3207250.36 feasibleAnts=4 noImprove=27 (elapsed 185.18s)
[ITER 400] bestGlobalCost=3176056.12 (feasible=YES) bestThisIter=3224011.46 feasibleAnts=3 noImprove=37 (elapsed 190.212s)
[ITER 410] bestGlobalCost=3176056.12 (feasible=YES) bestThisIter=3269486.82 feasibleAnts=4 noImprove=47 (elapsed 195.619s)
[RESET] no improvement for50-> reset pheromones
[ITER 420] bestGlobalCost=3176056.12 (feasible=YES) bestThisIter=3203877.51 feasibleAnts=4 noImprove=7 (elapsed 200.687s)
[ITER 430] bestGlobalCost=3176056.12 (feasible=YES) bestThisIter=3195818.18 feasibleAnts=5 noImprove=17 (elapsed 205.15s)
[ITER 440] bestGlobalCost=3176056.12 (feasible=YES) bestThisIter=3251623.73 feasibleAnts=4 noImprove=27 (elapsed 209.884s)
[ITER 450] bestGlobalCost=3176056.12 (feasible=YES) bestThisIter=3260155.74 feasibleAnts=3 noImprove=37 (elapsed 215.093s)
[ITER 460] bestGlobalCost=3176056.12 (feasible=YES) bestThisIter=3290993.29 feasibleAnts=4 noImprove=47 (elapsed 220.56s)
[RESET] no improvement for50-> reset pheromones
[ITER 470] bestGlobalCost=3176056.12 (feasible=YES) bestThisIter=3190986.23 feasibleAnts=7 noImprove=7 (elapsed 225.818s)
[ITER 480] bestGlobalCost=3176056.12 (feasible=YES) bestThisIter=3204155.77 feasibleAnts=5 noImprove=17 (elapsed 230.199s)
[ITER 490] bestGlobalCost=3176056.12 (feasible=YES) bestThisIter=3218046.45 feasibleAnts=4 noImprove=27 (elapsed 235.027s)
[ITER 500] bestGlobalCost=3176056.12 (feasible=YES) bestThisIter=3223307.57 feasibleAnts=4 noImprove=37 (elapsed 240.092s)
[ITER 510] bestGlobalCost=3176056.12 (feasible=YES) bestThisIter=3211852.61 feasibleAnts=6 noImprove=47 (elapsed 245.616s)
[RESET] no improvement for50-> reset pheromones
[ITER 520] bestGlobalCost=3176056.12 (feasible=YES) bestThisIter=3188970.90 feasibleAnts=4 noImprove=7 (elapsed 250.74s)
[ITER 530] bestGlobalCost=3176056.12 (feasible=YES) bestThisIter=3195503.80 feasibleAnts=6 noImprove=17 (elapsed 255.146s)
[ITER 540] bestGlobalCost=3176056.12 (feasible=YES) bestThisIter=3226141.97 feasibleAnts=3 noImprove=27 (elapsed 259.787s)
[ITER 550] bestGlobalCost=3176056.12 (feasible=YES) bestThisIter=3254303.55 feasibleAnts=3 noImprove=37 (elapsed 264.994s)
[ITER 560] bestGlobalCost=3176056.12 (feasible=YES) bestThisIter=3248507.63 feasibleAnts=5 noImprove=47 (elapsed 270.326s)
[RESET] no improvement for50-> reset pheromones
[ITER 570] bestGlobalCost=3176056.12 (feasible=YES) bestThisIter=3185024.28 feasibleAnts=8 noImprove=7 (elapsed 275.441s)
[ITER 580] bestGlobalCost=3176056.12 (feasible=YES) bestThisIter=3211992.77 feasibleAnts=6 noImprove=17 (elapsed 279.972s)
[ITER 588] New best cost=3165794.69 (feasible=YES, time 283.207s)
[ITER 590] bestGlobalCost=3165794.69 (feasible=YES) bestThisIter=3176056.12 feasibleAnts=31 noImprove=2 (elapsed 284.559s)
[ITER 600] bestGlobalCost=3165794.69 (feasible=YES) bestThisIter=3183883.05 feasibleAnts=6 noImprove=12 (elapsed 288.537s)
[ITER 608] New best cost=3164372.53 (feasible=YES, time 291.087s)
[ITER 610] bestGlobalCost=3164372.53 (feasible=YES) bestThisIter=3165794.69 feasibleAnts=29 noImprove=2 (elapsed 292.405s)
[ITER 612] New best cost=3163655.37 (feasible=YES, time 292.607s)
[ITER 613] New best cost=3146169.79 (feasible=YES, time 292.714s)
[ITER 618] New best cost=3143876.78 (feasible=YES, time 294.386s)
[ITER 620] bestGlobalCost=3143876.78 (feasible=YES) bestThisIter=3146169.79 feasibleAnts=10 noImprove=2 (elapsed 295.909s)
[ITER 630] bestGlobalCost=3143876.78 (feasible=YES) bestThisIter=3167031.51 feasibleAnts=5 noImprove=12 (elapsed 299.787s)
1 2 3 4 5 6 7 8 9 10 11 12 13 14 16 85 88 89 90 91 92 93 94 96 97 140 141 142 143 159 
109 128 169 173 189 190 191 192 193 194 195 196 236 238 239 240 241 242 243 244 245 246 247 248 249 250 251 269 270 271 272 273 
15 17 18 19 20 21 22 23 24 25 75 76 79 80 81 82 83 84 86 87 95 98 99 100 101 102 133 137 139 161 
26 27 28 29 30 31 33 34 64 67 68 69 70 71 72 73 74 77 78 103 104 129 130 132 135 136 167 197 237 
158 160 204 205 206 207 208 209 210 211 212 213 216 219 220 221 222 223 224 226 227 228 280 283 285 286 287 299 
144 145 146 147 148 149 150 151 152 153 154 155 156 157 214 215 217 218 284 288 289 290 291 292 293 294 295 296 297 298 
117 119 176 178 180 181 182 183 184 185 186 188 252 253 254 255 256 257 258 259 260 261 262 263 264 265 266 267 268 
47 49 53 54 55 56 61 111 113 114 115 116 118 120 121 122 123 124 125 126 127 170 171 172 174 175 177 179 187 
32 35 36 37 38 39 40 41 42 43 44 45 46 48 50 51 52 57 58 59 60 62 63 65 66 105 106 107 108 110 112 
131 134 138 162 163 164 165 166 168 198 199 200 201 202 203 225 229 230 231 232 233 234 235 274 275 276 277 278 279 281 282 
[SAVELOGS] evolution saved to results/logs/aco_logs/evolution/pr299_10_5.txt
[SAVELOGS] best cost saved to results/logs/aco_logs/objectives/pr299_10_5.txt
[SAVELOGS] best solution saved to results/logs/aco_logs/solutions/pr299_10_5.txt
