[ITER 1] New best cost=11465.68 (feasible=YES, time 0.183978s)
[ITER 10] bestGlobalCost=11465.68 (feasible=YES) bestThisIter=12081.72 feasibleAnts=10 noImprove=9 (elapsed 2.28994s)
[ITER 15] New best cost=11131.00 (feasible=YES, time 4.28137s)
[ITER 19] New best cost=11086.46 (feasible=YES, time 8.1402s)
[ITER 20] bestGlobalCost=11086.46 (feasible=YES) bestThisIter=11130.03 feasibleAnts=10 noImprove=1 (elapsed 8.19352s)
[ITER 22] New best cost=11058.72 (feasible=YES, time 8.36738s)
[ITER 24] New best cost=10934.78 (feasible=YES, time 8.53586s)
[ITER 28] New best cost=10907.03 (feasible=YES, time 8.93186s)
[ITER 30] bestGlobalCost=10907.03 (feasible=YES) bestThisIter=10907.03 feasibleAnts=20 noImprove=2 (elapsed 13.4414s)
[ITER 40] bestGlobalCost=10907.03 (feasible=YES) bestThisIter=11074.05 feasibleAnts=10 noImprove=12 (elapsed 14.5573s)
[ITER 50] bestGlobalCost=10907.03 (feasible=YES) bestThisIter=11993.39 feasibleAnts=10 noImprove=22 (elapsed 21.0385s)
[RESET] no improvement for30-> reset pheromones
[ITER 60] bestGlobalCost=10907.03 (feasible=YES) bestThisIter=11532.25 feasibleAnts=10 noImprove=2 (elapsed 27.3575s)
[ITER 70] bestGlobalCost=10907.03 (feasible=YES) bestThisIter=11377.75 feasibleAnts=10 noImprove=12 (elapsed 29.5739s)
[ITER 80] bestGlobalCost=10907.03 (feasible=YES) bestThisIter=11285.31 feasibleAnts=10 noImprove=22 (elapsed 36.1483s)
[RESET] no improvement for30-> reset pheromones
[ITER 90] bestGlobalCost=10907.03 (feasible=YES) bestThisIter=11214.24 feasibleAnts=10 noImprove=2 (elapsed 42.3436s)
[ITER 100] bestGlobalCost=10907.03 (feasible=YES) bestThisIter=11878.40 feasibleAnts=10 noImprove=12 (elapsed 44.6896s)
[ITER 110] bestGlobalCost=10907.03 (feasible=YES) bestThisIter=11367.19 feasibleAnts=10 noImprove=22 (elapsed 50.9389s)
[RESET] no improvement for30-> reset pheromones
[ITER 120] New best cost=10891.56 (feasible=YES, time 56.2511s)
[ITER 120] bestGlobalCost=10891.56 (feasible=YES) bestThisIter=11284.53 feasibleAnts=10 noImprove=0 (elapsed 57.1157s)
[ITER 130] bestGlobalCost=10891.56 (feasible=YES) bestThisIter=11488.54 feasibleAnts=10 noImprove=10 (elapsed 58.913s)
[ITER 135] New best cost=10884.48 (feasible=YES, time 60.548s)
[ITER 135] New best cost=10827.16 (feasible=YES, time 61.4259s)
14 28 45 74 78 92 94 120 
4 7 34 38 40 72 105 119 
47 48 71 80 101 102 110 112 114 
18 41 44 56 75 86 87 113 
1 16 29 30 32 59 60 61 76 
8 24 26 54 70 96 111 116 
15 19 22 31 66 81 85 117 
2 12 21 53 64 88 93 109 
10 37 62 67 73 83 104 106 
13 20 43 65 68 69 108 
3 9 11 23 27 51 82 103 115 
17 42 46 49 50 98 107 118 
25 33 52 58 79 91 100 
5 39 57 63 77 95 97 
6 35 36 55 84 89 90 99 
[SAVELOGS] evolution saved to results/logs/gr120_15_4/evolution/gr120_15_4
[SAVELOGS] best cost saved to results/logs/gr120_15_4/objectives/gr120_15_4
[SAVELOGS] best solution saved to results/logs/gr120_15_4/solutions/gr120_15_4
