[ITER 1] New best cost=11806.90 (feasible=YES, time 0.172838s)
[ITER 2] New best cost=11336.58 (feasible=YES, time 0.343742s)
[ITER 3] New best cost=11329.79 (feasible=YES, time 0.509026s)
[ITER 10] bestGlobalCost=11329.79 (feasible=YES) bestThisIter=11891.48 feasibleAnts=10 noImprove=7 (elapsed 2.01836s)
[ITER 11] New best cost=11325.67 (feasible=YES, time 2.27833s)
[ITER 15] New best cost=11208.80 (feasible=YES, time 3.93365s)
[ITER 15] New best cost=11186.24 (feasible=YES, time 4.92928s)
[ITER 15] New best cost=11124.96 (feasible=YES, time 5.8255s)
[ITER 15] New best cost=11067.35 (feasible=YES, time 6.68908s)
[ITER 15] New best cost=11048.88 (feasible=YES, time 7.538s)
[ITER 19] New best cost=10975.24 (feasible=YES, time 7.96373s)
[ITER 20] New best cost=10962.01 (feasible=YES, time 8.06234s)
[ITER 20] bestGlobalCost=10962.01 (feasible=YES) bestThisIter=10962.01 feasibleAnts=19 noImprove=0 (elapsed 8.06626s)
[ITER 22] New best cost=10941.89 (feasible=YES, time 8.26647s)
[ITER 27] New best cost=10892.05 (feasible=YES, time 8.71825s)
[ITER 30] bestGlobalCost=10892.05 (feasible=YES) bestThisIter=10892.05 feasibleAnts=12 noImprove=3 (elapsed 13.2635s)
[ITER 40] bestGlobalCost=10892.05 (feasible=YES) bestThisIter=11691.08 feasibleAnts=10 noImprove=13 (elapsed 14.3792s)
[ITER 50] bestGlobalCost=10892.05 (feasible=YES) bestThisIter=11382.99 feasibleAnts=10 noImprove=23 (elapsed 20.1884s)
[RESET] no improvement for30-> reset pheromones
[ITER 60] bestGlobalCost=10892.05 (feasible=YES) bestThisIter=11610.71 feasibleAnts=10 noImprove=3 (elapsed 26.2282s)
[ITER 70] bestGlobalCost=10892.05 (feasible=YES) bestThisIter=11732.46 feasibleAnts=10 noImprove=13 (elapsed 28.2174s)
[ITER 80] bestGlobalCost=10892.05 (feasible=YES) bestThisIter=11472.26 feasibleAnts=10 noImprove=23 (elapsed 34.5093s)
[RESET] no improvement for30-> reset pheromones
[ITER 90] bestGlobalCost=10892.05 (feasible=YES) bestThisIter=11175.92 feasibleAnts=10 noImprove=3 (elapsed 41.1843s)
[ITER 100] bestGlobalCost=10892.05 (feasible=YES) bestThisIter=11289.89 feasibleAnts=10 noImprove=13 (elapsed 43.6882s)
[ITER 110] bestGlobalCost=10892.05 (feasible=YES) bestThisIter=11681.40 feasibleAnts=10 noImprove=23 (elapsed 49.8082s)
[RESET] no improvement for30-> reset pheromones
[ITER 120] bestGlobalCost=10892.05 (feasible=YES) bestThisIter=12006.35 feasibleAnts=10 noImprove=3 (elapsed 56.0965s)
[ITER 130] bestGlobalCost=10892.05 (feasible=YES) bestThisIter=11517.38 feasibleAnts=10 noImprove=13 (elapsed 58.0603s)
38 41 42 46 56 74 87 
13 17 44 49 50 69 98 118 
14 15 28 45 78 92 94 120 
6 10 35 36 84 89 104 112 
25 33 52 58 79 91 100 
37 39 62 67 83 99 106 114 
2 7 9 11 23 27 51 82 103 
4 26 34 40 60 72 105 119 
1 16 29 30 32 59 61 76 81 
8 24 54 70 90 96 111 116 
12 21 64 88 93 97 109 115 
20 43 65 68 107 108 113 
3 47 48 55 71 80 101 102 110 
18 19 22 31 66 75 85 86 117 
5 53 57 63 73 77 95 
[SAVELOGS] evolution saved to results/logs/gr120_15_4/evolution/gr120_15_4
[SAVELOGS] best cost saved to results/logs/gr120_15_4/objectives/gr120_15_4
[SAVELOGS] best solution saved to results/logs/gr120_15_4/solutions/gr120_15_4
