[ITER 1] New best cost=1635997.97 (feasible=YES, time 0.0634838s)
[ITER 2] New best cost=1607168.78 (feasible=YES, time 0.10333s)
[ITER 5] New best cost=1605690.64 (feasible=YES, time 0.224154s)
[ITER 7] New best cost=1603208.17 (feasible=YES, time 0.32199s)
[ITER 10] bestGlobalCost=1603208.17 (feasible=YES) bestThisIter=1603208.17 feasibleAnts=10 noImprove=3 (elapsed 0.480144s)
[ITER 11] New best cost=1599980.52 (feasible=YES, time 0.523948s)
[ITER 12] New best cost=1598427.14 (feasible=YES, time 0.576736s)
[ITER 20] bestGlobalCost=1598427.14 (feasible=YES) bestThisIter=1598427.14 feasibleAnts=10 noImprove=8 (elapsed 5.96374s)
[ITER 30] bestGlobalCost=1598427.14 (feasible=YES) bestThisIter=1616826.76 feasibleAnts=10 noImprove=18 (elapsed 10.8652s)
[ITER 40] bestGlobalCost=1598427.14 (feasible=YES) bestThisIter=1598427.14 feasibleAnts=10 noImprove=28 (elapsed 11.5051s)
[RESET] no improvement for30-> reset pheromones
[ITER 50] bestGlobalCost=1598427.14 (feasible=YES) bestThisIter=1608285.12 feasibleAnts=10 noImprove=8 (elapsed 16.8507s)
[ITER 60] bestGlobalCost=1598427.14 (feasible=YES) bestThisIter=1598427.14 feasibleAnts=10 noImprove=18 (elapsed 22.2918s)
[ITER 70] bestGlobalCost=1598427.14 (feasible=YES) bestThisIter=1598427.14 feasibleAnts=10 noImprove=28 (elapsed 22.8439s)
[RESET] no improvement for30-> reset pheromones
[ITER 80] bestGlobalCost=1598427.14 (feasible=YES) bestThisIter=1620794.27 feasibleAnts=10 noImprove=8 (elapsed 27.9694s)
[ITER 90] bestGlobalCost=1598427.14 (feasible=YES) bestThisIter=1598427.14 feasibleAnts=10 noImprove=18 (elapsed 33.1175s)
[ITER 100] bestGlobalCost=1598427.14 (feasible=YES) bestThisIter=1598427.14 feasibleAnts=10 noImprove=28 (elapsed 33.6192s)
[RESET] no improvement for30-> reset pheromones
[ITER 110] bestGlobalCost=1598427.14 (feasible=YES) bestThisIter=1606283.69 feasibleAnts=10 noImprove=8 (elapsed 39.2019s)
[ITER 120] bestGlobalCost=1598427.14 (feasible=YES) bestThisIter=1598427.14 feasibleAnts=10 noImprove=18 (elapsed 44.2387s)
[ITER 130] bestGlobalCost=1598427.14 (feasible=YES) bestThisIter=1598427.14 feasibleAnts=10 noImprove=28 (elapsed 44.9135s)
[RESET] no improvement for30-> reset pheromones
[ITER 140] bestGlobalCost=1598427.14 (feasible=YES) bestThisIter=1611967.87 feasibleAnts=10 noImprove=8 (elapsed 50.0396s)
[ITER 150] bestGlobalCost=1598427.14 (feasible=YES) bestThisIter=1598427.14 feasibleAnts=11 noImprove=18 (elapsed 55.6012s)
[ITER 160] bestGlobalCost=1598427.14 (feasible=YES) bestThisIter=1598427.14 feasibleAnts=10 noImprove=28 (elapsed 56.0506s)
[RESET] no improvement for30-> reset pheromones
3 7 9 12 27 29 34 35 41 43 46 48 55 57 71 83 86 100 112 115 117 120 121 123 128 132 135 136 140 149 
6 10 15 16 17 18 21 22 24 36 38 49 53 59 70 72 74 79 84 88 94 99 102 104 106 111 113 127 137 141 
2 5 13 14 30 33 37 39 40 44 50 52 54 64 68 73 76 78 82 85 95 96 101 103 107 114 116 126 144 146 147 
11 20 23 25 32 45 47 51 58 60 61 62 69 77 81 87 91 93 98 105 108 109 110 125 130 131 142 145 148 150 
1 4 8 19 26 28 31 42 56 63 65 66 67 75 80 89 90 92 97 118 119 122 124 129 133 134 138 139 143 
[SAVELOGS] evolution saved to results/logs/kroA150_05_3/evolution/kroA150_05_3
[SAVELOGS] best cost saved to results/logs/kroA150_05_3/objectives/kroA150_05_3
[SAVELOGS] best solution saved to results/logs/kroA150_05_3/solutions/kroA150_05_3
