[ITER 1] New best cost=3324.67 (feasible=YES, time 0.0088085s)
[ITER 10] bestGlobalCost=3324.67 (feasible=YES) bestThisIter=3324.67 feasibleAnts=40 noImprove=9 (elapsed 0.124991s)
[ITER 20] bestGlobalCost=3324.67 (feasible=YES) bestThisIter=3324.67 feasibleAnts=40 noImprove=19 (elapsed 0.349097s)
[ITER 30] bestGlobalCost=3324.67 (feasible=YES) bestThisIter=3324.67 feasibleAnts=40 noImprove=29 (elapsed 0.460989s)
[RESET] no improvement for30-> reset pheromones
[ITER 40] bestGlobalCost=3324.67 (feasible=YES) bestThisIter=3324.67 feasibleAnts=36 noImprove=9 (elapsed 0.598074s)
[ITER 50] bestGlobalCost=3324.67 (feasible=YES) bestThisIter=3324.67 feasibleAnts=37 noImprove=19 (elapsed 0.707794s)
[ITER 60] bestGlobalCost=3324.67 (feasible=YES) bestThisIter=3324.67 feasibleAnts=40 noImprove=29 (elapsed 0.828482s)
[RESET] no improvement for30-> reset pheromones
[ITER 70] bestGlobalCost=3324.67 (feasible=YES) bestThisIter=3324.67 feasibleAnts=40 noImprove=9 (elapsed 0.961367s)
[ITER 80] bestGlobalCost=3324.67 (feasible=YES) bestThisIter=3324.67 feasibleAnts=40 noImprove=19 (elapsed 1.06287s)
[ITER 90] bestGlobalCost=3324.67 (feasible=YES) bestThisIter=3324.67 feasibleAnts=37 noImprove=29 (elapsed 1.1545s)
[RESET] no improvement for30-> reset pheromones
[ITER 100] bestGlobalCost=3324.67 (feasible=YES) bestThisIter=3324.67 feasibleAnts=36 noImprove=9 (elapsed 1.28513s)
[ITER 110] bestGlobalCost=3324.67 (feasible=YES) bestThisIter=3324.67 feasibleAnts=39 noImprove=19 (elapsed 1.3994s)
[ITER 120] bestGlobalCost=3324.67 (feasible=YES) bestThisIter=3324.67 feasibleAnts=40 noImprove=29 (elapsed 1.53546s)
[RESET] no improvement for30-> reset pheromones
[ITER 130] bestGlobalCost=3324.67 (feasible=YES) bestThisIter=3324.67 feasibleAnts=40 noImprove=9 (elapsed 1.65935s)
[ITER 140] bestGlobalCost=3324.67 (feasible=YES) bestThisIter=3324.67 feasibleAnts=40 noImprove=19 (elapsed 1.78122s)
[ITER 150] bestGlobalCost=3324.67 (feasible=YES) bestThisIter=3324.67 feasibleAnts=40 noImprove=29 (elapsed 1.8845s)
[RESET] no improvement for30-> reset pheromones
[ITER 160] bestGlobalCost=3324.67 (feasible=YES) bestThisIter=3324.67 feasibleAnts=39 noImprove=9 (elapsed 2.01427s)
[ITER 170] bestGlobalCost=3324.67 (feasible=YES) bestThisIter=3324.67 feasibleAnts=39 noImprove=19 (elapsed 2.1178s)
[ITER 180] bestGlobalCost=3324.67 (feasible=YES) bestThisIter=3324.67 feasibleAnts=38 noImprove=29 (elapsed 2.23077s)
[RESET] no improvement for30-> reset pheromones
[ITER 190] bestGlobalCost=3324.67 (feasible=YES) bestThisIter=3324.67 feasibleAnts=40 noImprove=9 (elapsed 2.35564s)
[ITER 200] bestGlobalCost=3324.67 (feasible=YES) bestThisIter=3324.67 feasibleAnts=40 noImprove=19 (elapsed 2.47104s)
[ITER 210] bestGlobalCost=3324.67 (feasible=YES) bestThisIter=3324.67 feasibleAnts=40 noImprove=29 (elapsed 2.58925s)
[RESET] no improvement for30-> reset pheromones
[ITER 220] bestGlobalCost=3324.67 (feasible=YES) bestThisIter=3324.67 feasibleAnts=40 noImprove=9 (elapsed 2.71871s)
[ITER 230] bestGlobalCost=3324.67 (feasible=YES) bestThisIter=3324.67 feasibleAnts=40 noImprove=19 (elapsed 2.83018s)
[ITER 240] bestGlobalCost=3324.67 (feasible=YES) bestThisIter=3324.67 feasibleAnts=33 noImprove=29 (elapsed 2.91903s)
[RESET] no improvement for30-> reset pheromones
[ITER 250] bestGlobalCost=3324.67 (feasible=YES) bestThisIter=3324.67 feasibleAnts=38 noImprove=9 (elapsed 3.04279s)
[ITER 260] bestGlobalCost=3324.67 (feasible=YES) bestThisIter=3324.67 feasibleAnts=40 noImprove=19 (elapsed 3.15734s)
[ITER 270] bestGlobalCost=3324.67 (feasible=YES) bestThisIter=3324.67 feasibleAnts=40 noImprove=29 (elapsed 3.24538s)
[RESET] no improvement for30-> reset pheromones
[ITER 280] bestGlobalCost=3324.67 (feasible=YES) bestThisIter=3324.67 feasibleAnts=40 noImprove=9 (elapsed 3.36828s)
[ITER 290] bestGlobalCost=3324.67 (feasible=YES) bestThisIter=3324.67 feasibleAnts=39 noImprove=19 (elapsed 3.46947s)
[ITER 300] bestGlobalCost=3324.67 (feasible=YES) bestThisIter=3324.67 feasibleAnts=37 noImprove=29 (elapsed 3.59507s)
[RESET] no improvement for30-> reset pheromones
[ITER 310] bestGlobalCost=3324.67 (feasible=YES) bestThisIter=3324.67 feasibleAnts=40 noImprove=9 (elapsed 3.71757s)
[ITER 320] bestGlobalCost=3324.67 (feasible=YES) bestThisIter=3324.67 feasibleAnts=40 noImprove=19 (elapsed 3.84809s)
[ITER 330] bestGlobalCost=3324.67 (feasible=YES) bestThisIter=3324.67 feasibleAnts=37 noImprove=29 (elapsed 3.95268s)
[RESET] no improvement for30-> reset pheromones
[ITER 340] bestGlobalCost=3324.67 (feasible=YES) bestThisIter=3324.67 feasibleAnts=40 noImprove=9 (elapsed 4.08081s)
[ITER 350] bestGlobalCost=3324.67 (feasible=YES) bestThisIter=3324.67 feasibleAnts=38 noImprove=19 (elapsed 4.1828s)
[ITER 360] bestGlobalCost=3324.67 (feasible=YES) bestThisIter=3324.67 feasibleAnts=37 noImprove=29 (elapsed 4.31316s)
[RESET] no improvement for30-> reset pheromones
[ITER 370] bestGlobalCost=3324.67 (feasible=YES) bestThisIter=3324.67 feasibleAnts=40 noImprove=9 (elapsed 4.43921s)
[ITER 380] bestGlobalCost=3324.67 (feasible=YES) bestThisIter=3324.67 feasibleAnts=38 noImprove=19 (elapsed 4.56029s)
[ITER 390] bestGlobalCost=3324.67 (feasible=YES) bestThisIter=3324.67 feasibleAnts=40 noImprove=29 (elapsed 4.67541s)
[RESET] no improvement for30-> reset pheromones
[ITER 400] bestGlobalCost=3324.67 (feasible=YES) bestThisIter=3324.67 feasibleAnts=40 noImprove=9 (elapsed 4.7779s)
[ITER 410] bestGlobalCost=3324.67 (feasible=YES) bestThisIter=3324.67 feasibleAnts=40 noImprove=19 (elapsed 4.87797s)
[ITER 420] bestGlobalCost=3324.67 (feasible=YES) bestThisIter=3324.67 feasibleAnts=40 noImprove=29 (elapsed 4.97511s)
[RESET] no improvement for30-> reset pheromones
[ITER 430] bestGlobalCost=3324.67 (feasible=YES) bestThisIter=3324.67 feasibleAnts=39 noImprove=9 (elapsed 5.0763s)
[ITER 440] bestGlobalCost=3324.67 (feasible=YES) bestThisIter=3324.67 feasibleAnts=39 noImprove=19 (elapsed 5.16687s)
[ITER 450] bestGlobalCost=3324.67 (feasible=YES) bestThisIter=3324.67 feasibleAnts=38 noImprove=29 (elapsed 5.24853s)
[RESET] no improvement for30-> reset pheromones
[ITER 460] bestGlobalCost=3324.67 (feasible=YES) bestThisIter=3324.67 feasibleAnts=37 noImprove=9 (elapsed 5.34455s)
[ITER 470] bestGlobalCost=3324.67 (feasible=YES) bestThisIter=3324.67 feasibleAnts=40 noImprove=19 (elapsed 5.43483s)
[ITER 480] bestGlobalCost=3324.67 (feasible=YES) bestThisIter=3324.67 feasibleAnts=40 noImprove=29 (elapsed 5.53543s)
[RESET] no improvement for30-> reset pheromones
[ITER 490] bestGlobalCost=3324.67 (feasible=YES) bestThisIter=3324.67 feasibleAnts=40 noImprove=9 (elapsed 5.63541s)
[ITER 500] bestGlobalCost=3324.67 (feasible=YES) bestThisIter=3324.67 feasibleAnts=40 noImprove=19 (elapsed 5.71377s)
[ITER 510] bestGlobalCost=3324.67 (feasible=YES) bestThisIter=3324.67 feasibleAnts=37 noImprove=29 (elapsed 5.80698s)
[RESET] no improvement for30-> reset pheromones
[ITER 520] bestGlobalCost=3324.67 (feasible=YES) bestThisIter=3324.67 feasibleAnts=40 noImprove=9 (elapsed 5.91599s)
[ITER 530] bestGlobalCost=3324.67 (feasible=YES) bestThisIter=3324.67 feasibleAnts=40 noImprove=19 (elapsed 6.01784s)
[ITER 540] bestGlobalCost=3324.67 (feasible=YES) bestThisIter=3324.67 feasibleAnts=40 noImprove=29 (elapsed 6.11993s)
[RESET] no improvement for30-> reset pheromones
[ITER 550] bestGlobalCost=3324.67 (feasible=YES) bestThisIter=3324.67 feasibleAnts=40 noImprove=9 (elapsed 6.2147s)
[ITER 560] bestGlobalCost=3324.67 (feasible=YES) bestThisIter=3324.67 feasibleAnts=40 noImprove=19 (elapsed 6.293s)
[ITER 570] bestGlobalCost=3324.67 (feasible=YES) bestThisIter=3324.67 feasibleAnts=40 noImprove=29 (elapsed 6.39623s)
[RESET] no improvement for30-> reset pheromones
[ITER 580] bestGlobalCost=3324.67 (feasible=YES) bestThisIter=3324.67 feasibleAnts=37 noImprove=9 (elapsed 6.49383s)
[ITER 590] bestGlobalCost=3324.67 (feasible=YES) bestThisIter=3324.67 feasibleAnts=37 noImprove=19 (elapsed 6.60068s)
[ITER 600] bestGlobalCost=3324.67 (feasible=YES) bestThisIter=3324.67 feasibleAnts=38 noImprove=29 (elapsed 6.6757s)
[RESET] no improvement for30-> reset pheromones
[ITER 610] bestGlobalCost=3324.67 (feasible=YES) bestThisIter=3324.67 feasibleAnts=37 noImprove=9 (elapsed 6.77095s)
[ITER 620] bestGlobalCost=3324.67 (feasible=YES) bestThisIter=3324.67 feasibleAnts=39 noImprove=19 (elapsed 6.85503s)
[ITER 630] bestGlobalCost=3324.67 (feasible=YES) bestThisIter=3324.67 feasibleAnts=39 noImprove=29 (elapsed 6.94714s)
[RESET] no improvement for30-> reset pheromones
[ITER 640] bestGlobalCost=3324.67 (feasible=YES) bestThisIter=3324.67 feasibleAnts=38 noImprove=9 (elapsed 7.05871s)
[ITER 650] bestGlobalCost=3324.67 (feasible=YES) bestThisIter=3324.67 feasibleAnts=40 noImprove=19 (elapsed 7.16144s)
[ITER 660] bestGlobalCost=3324.67 (feasible=YES) bestThisIter=3324.67 feasibleAnts=35 noImprove=29 (elapsed 7.2509s)
[RESET] no improvement for30-> reset pheromones
[ITER 670] bestGlobalCost=3324.67 (feasible=YES) bestThisIter=3324.67 feasibleAnts=40 noImprove=9 (elapsed 7.34573s)
[ITER 680] bestGlobalCost=3324.67 (feasible=YES) bestThisIter=3324.67 feasibleAnts=40 noImprove=19 (elapsed 7.43885s)
[ITER 690] bestGlobalCost=3324.67 (feasible=YES) bestThisIter=3324.67 feasibleAnts=40 noImprove=29 (elapsed 7.51751s)
[RESET] no improvement for30-> reset pheromones
[ITER 700] bestGlobalCost=3324.67 (feasible=YES) bestThisIter=3324.67 feasibleAnts=40 noImprove=9 (elapsed 7.62258s)
[ITER 710] bestGlobalCost=3324.67 (feasible=YES) bestThisIter=3324.67 feasibleAnts=40 noImprove=19 (elapsed 7.7229s)
[ITER 720] bestGlobalCost=3324.67 (feasible=YES) bestThisIter=3324.67 feasibleAnts=40 noImprove=29 (elapsed 7.82588s)
[RESET] no improvement for30-> reset pheromones
[ITER 730] bestGlobalCost=3324.67 (feasible=YES) bestThisIter=3324.67 feasibleAnts=37 noImprove=9 (elapsed 7.92589s)
[ITER 740] bestGlobalCost=3324.67 (feasible=YES) bestThisIter=3324.67 feasibleAnts=37 noImprove=19 (elapsed 7.99754s)
[ITER 750] bestGlobalCost=3324.67 (feasible=YES) bestThisIter=3324.67 feasibleAnts=38 noImprove=29 (elapsed 8.09332s)
[RESET] no improvement for30-> reset pheromones
[ITER 760] bestGlobalCost=3324.67 (feasible=YES) bestThisIter=3324.67 feasibleAnts=40 noImprove=9 (elapsed 8.20356s)
[ITER 770] bestGlobalCost=3324.67 (feasible=YES) bestThisIter=3324.67 feasibleAnts=40 noImprove=19 (elapsed 8.30389s)
[ITER 780] bestGlobalCost=3324.67 (feasible=YES) bestThisIter=3324.67 feasibleAnts=40 noImprove=29 (elapsed 8.39366s)
[RESET] no improvement for30-> reset pheromones
[ITER 790] bestGlobalCost=3324.67 (feasible=YES) bestThisIter=3324.67 feasibleAnts=40 noImprove=9 (elapsed 8.48952s)
[ITER 800] bestGlobalCost=3324.67 (feasible=YES) bestThisIter=3324.67 feasibleAnts=38 noImprove=19 (elapsed 8.57958s)
[ITER 810] bestGlobalCost=3324.67 (feasible=YES) bestThisIter=3324.67 feasibleAnts=37 noImprove=29 (elapsed 8.67817s)
[RESET] no improvement for30-> reset pheromones
[ITER 820] bestGlobalCost=3324.67 (feasible=YES) bestThisIter=3324.67 feasibleAnts=39 noImprove=9 (elapsed 8.80269s)
[ITER 830] bestGlobalCost=3324.67 (feasible=YES) bestThisIter=3324.67 feasibleAnts=40 noImprove=19 (elapsed 8.91412s)
[ITER 840] bestGlobalCost=3324.67 (feasible=YES) bestThisIter=3324.67 feasibleAnts=39 noImprove=29 (elapsed 9.03643s)
[RESET] no improvement for30-> reset pheromones
[ITER 850] bestGlobalCost=3324.67 (feasible=YES) bestThisIter=3324.67 feasibleAnts=37 noImprove=9 (elapsed 9.16919s)
[ITER 860] bestGlobalCost=3324.67 (feasible=YES) bestThisIter=3324.67 feasibleAnts=36 noImprove=19 (elapsed 9.27223s)
[ITER 870] bestGlobalCost=3324.67 (feasible=YES) bestThisIter=3324.67 feasibleAnts=38 noImprove=29 (elapsed 9.37844s)
[RESET] no improvement for30-> reset pheromones
[ITER 880] bestGlobalCost=3324.67 (feasible=YES) bestThisIter=3324.67 feasibleAnts=40 noImprove=9 (elapsed 9.50345s)
[ITER 890] bestGlobalCost=3324.67 (feasible=YES) bestThisIter=3324.67 feasibleAnts=38 noImprove=19 (elapsed 9.61783s)
[ITER 900] bestGlobalCost=3324.67 (feasible=YES) bestThisIter=3324.67 feasibleAnts=39 noImprove=29 (elapsed 9.72711s)
[RESET] no improvement for30-> reset pheromones
[ITER 910] bestGlobalCost=3324.67 (feasible=YES) bestThisIter=3324.67 feasibleAnts=40 noImprove=9 (elapsed 9.84927s)
[ITER 920] bestGlobalCost=3324.67 (feasible=YES) bestThisIter=3324.67 feasibleAnts=37 noImprove=19 (elapsed 9.93766s)
5 7 9 12 14 15 16 20 21 
1 8 18 24 26 27 29 
3 4 6 10 11 22 28 30 
2 13 17 19 23 25 
[SAVELOGS] evolution saved to results/logs/aco_logs/evolution/muestra1_30_4.txt
[SAVELOGS] best cost saved to results/logs/aco_logs/objectives/muestra1_30_4.txt
[SAVELOGS] best solution saved to results/logs/aco_logs/solutions/muestra1_30_4.txt
