[ITER 1] New best cost=99081.03 (feasible=YES, time 3.40553s)
[ITER 2] New best cost=97078.30 (feasible=YES, time 7.81902s)
[ITER 3] New best cost=96717.87 (feasible=YES, time 12.6737s)
[ITER 5] New best cost=96338.06 (feasible=YES, time 20.9914s)
[ITER 7] New best cost=95924.84 (feasible=YES, time 29.4992s)
[ITER 10] [TS] New best cost=95792.84 (feasible=YES, time 42.51s)
[ITER 10] [TS] New best cost=95773.47 (feasible=YES, time 43.9108s)
[ITER 10] bestGlobalCost=95773.47 (feasible=YES) bestThisIter=95875.46 feasibleAnts=10 noImprove=1 (elapsed 45.3065s)
[ITER 13] New best cost=95762.61 (feasible=YES, time 58.6396s)
[ITER 14] New best cost=95528.57 (feasible=YES, time 63.3924s)
[ITER 15] New best cost=95500.81 (feasible=YES, time 67.5151s)
[ITER 16] New best cost=95499.25 (feasible=YES, time 71.6443s)
[ITER 17] New best cost=95378.36 (feasible=YES, time 75.5184s)
[ITER 18] New best cost=95303.34 (feasible=YES, time 79.7555s)
[ITER 20] [TS] New best cost=95285.97 (feasible=YES, time 88.9271s)
[ITER 20] [TS] New best cost=95224.24 (feasible=YES, time 90.2755s)
[ITER 20] bestGlobalCost=95224.24 (feasible=YES) bestThisIter=95559.31 feasibleAnts=10 noImprove=1 (elapsed 91.5908s)
[ITER 26] New best cost=95165.39 (feasible=YES, time 116.481s)
[ITER 30] [TS] New best cost=95096.88 (feasible=YES, time 130.987s)
[ITER 30] [TS] New best cost=95058.81 (feasible=YES, time 132.234s)
[ITER 30] bestGlobalCost=95058.81 (feasible=YES) bestThisIter=95179.61 feasibleAnts=10 noImprove=1 (elapsed 133.609s)
[ITER 40] [TS] New best cost=95028.33 (feasible=YES, time 170.346s)
[ITER 40] bestGlobalCost=95028.33 (feasible=YES) bestThisIter=95261.45 feasibleAnts=10 noImprove=1 (elapsed 171.663s)
[ITER 43] New best cost=95022.04 (feasible=YES, time 181.989s)
[ITER 50] [TS] New best cost=94965.47 (feasible=YES, time 206.966s)
[ITER 50] bestGlobalCost=94965.47 (feasible=YES) bestThisIter=95259.94 feasibleAnts=10 noImprove=1 (elapsed 208.787s)
[ITER 60] bestGlobalCost=94965.47 (feasible=YES) bestThisIter=95541.03 feasibleAnts=10 noImprove=11 (elapsed 246.538s)
[ITER 67] New best cost=94959.09 (feasible=YES, time 275.014s)
[ITER 69] New best cost=94909.70 (feasible=YES, time 282.611s)
[ITER 70] [TS] New best cost=94895.38 (feasible=YES, time 287.115s)
[ITER 70] bestGlobalCost=94895.38 (feasible=YES) bestThisIter=94954.37 feasibleAnts=10 noImprove=1 (elapsed 288.986s)
[ITER 78] New best cost=94864.92 (feasible=YES, time 319.993s)
[ITER 80] bestGlobalCost=94864.92 (feasible=YES) bestThisIter=95597.78 feasibleAnts=10 noImprove=2 (elapsed 330.266s)
[ITER 90] bestGlobalCost=94864.92 (feasible=YES) bestThisIter=95049.23 feasibleAnts=10 noImprove=12 (elapsed 372.703s)
[ITER 100] bestGlobalCost=94864.92 (feasible=YES) bestThisIter=95107.91 feasibleAnts=10 noImprove=22 (elapsed 414.454s)
[RESET] no improvement for30-> reset pheromones
[ITER 110] bestGlobalCost=94864.92 (feasible=YES) bestThisIter=95483.73 feasibleAnts=10 noImprove=2 (elapsed 457.601s)
[ITER 120] bestGlobalCost=94864.92 (feasible=YES) bestThisIter=95589.26 feasibleAnts=10 noImprove=12 (elapsed 496.753s)
[ITER 130] bestGlobalCost=94864.92 (feasible=YES) bestThisIter=95379.02 feasibleAnts=10 noImprove=22 (elapsed 538.976s)
[RESET] no improvement for30-> reset pheromones
[ITER 140] bestGlobalCost=94864.92 (feasible=YES) bestThisIter=95564.45 feasibleAnts=10 noImprove=2 (elapsed 578.747s)
[ITER 143] New best cost=94853.69 (feasible=YES, time 589.645s)
[ITER 150] bestGlobalCost=94853.69 (feasible=YES) bestThisIter=95260.79 feasibleAnts=10 noImprove=7 (elapsed 619.202s)
[ITER 160] bestGlobalCost=94853.69 (feasible=YES) bestThisIter=95272.61 feasibleAnts=10 noImprove=17 (elapsed 657.56s)
[ITER 170] bestGlobalCost=94853.69 (feasible=YES) bestThisIter=95116.81 feasibleAnts=10 noImprove=27 (elapsed 695.591s)
[ITER 173] New best cost=94836.47 (feasible=YES, time 705.831s)
[ITER 180] bestGlobalCost=94836.47 (feasible=YES) bestThisIter=95063.87 feasibleAnts=10 noImprove=7 (elapsed 735.353s)
[ITER 190] bestGlobalCost=94836.47 (feasible=YES) bestThisIter=95118.44 feasibleAnts=10 noImprove=17 (elapsed 774.706s)
[ITER 196] New best cost=94757.72 (feasible=YES, time 796.235s)
[ITER 200] bestGlobalCost=94757.72 (feasible=YES) bestThisIter=95680.31 feasibleAnts=10 noImprove=4 (elapsed 820.276s)
[ITER 210] bestGlobalCost=94757.72 (feasible=YES) bestThisIter=94981.74 feasibleAnts=10 noImprove=14 (elapsed 861.462s)
[ITER 220] bestGlobalCost=94757.72 (feasible=YES) bestThisIter=95469.51 feasibleAnts=10 noImprove=24 (elapsed 902.696s)
[RESET] no improvement for30-> reset pheromones
[ITER 230] bestGlobalCost=94757.72 (feasible=YES) bestThisIter=95369.72 feasibleAnts=10 noImprove=4 (elapsed 947.012s)
[ITER 240] bestGlobalCost=94757.72 (feasible=YES) bestThisIter=95034.78 feasibleAnts=10 noImprove=14 (elapsed 1003.63s)
[ITER 250] bestGlobalCost=94757.72 (feasible=YES) bestThisIter=95404.18 feasibleAnts=10 noImprove=24 (elapsed 1051s)
[RESET] no improvement for30-> reset pheromones
[ITER 260] bestGlobalCost=94757.72 (feasible=YES) bestThisIter=95011.54 feasibleAnts=10 noImprove=4 (elapsed 1097.41s)
[ITER 270] bestGlobalCost=94757.72 (feasible=YES) bestThisIter=94834.76 feasibleAnts=10 noImprove=14 (elapsed 1143.15s)
[ITER 280] bestGlobalCost=94757.72 (feasible=YES) bestThisIter=95617.49 feasibleAnts=10 noImprove=24 (elapsed 1192.67s)
[RESET] no improvement for30-> reset pheromones
[ITER 290] bestGlobalCost=94757.72 (feasible=YES) bestThisIter=95153.21 feasibleAnts=10 noImprove=4 (elapsed 1240.28s)
[ITER 300] bestGlobalCost=94757.72 (feasible=YES) bestThisIter=95252.99 feasibleAnts=10 noImprove=14 (elapsed 1281.59s)
[ITER 308] New best cost=94751.85 (feasible=YES, time 1328.34s)
[ITER 310] bestGlobalCost=94751.85 (feasible=YES) bestThisIter=95563.20 feasibleAnts=10 noImprove=2 (elapsed 1340.84s)
[ITER 320] bestGlobalCost=94751.85 (feasible=YES) bestThisIter=95370.03 feasibleAnts=10 noImprove=12 (elapsed 1397.7s)
[ITER 330] bestGlobalCost=94751.85 (feasible=YES) bestThisIter=95102.74 feasibleAnts=10 noImprove=22 (elapsed 1447.77s)
[RESET] no improvement for30-> reset pheromones
[ITER 340] bestGlobalCost=94751.85 (feasible=YES) bestThisIter=95504.03 feasibleAnts=10 noImprove=2 (elapsed 1493.59s)
349 351 352 356 357 358 359 360 402 403 404 405 406 407 408 409 410 411 412 413 414 415 416 417 418 421 422 423 424 425 
136 139 140 141 143 145 147 148 149 150 151 152 153 154 155 173 175 176 177 178 180 184 185 186 187 188 189 190 191 197 200 
239 296 297 298 299 300 301 302 303 304 305 306 307 308 309 310 311 312 314 315 316 317 318 320 321 322 324 325 326 327 368 
2 3 4 6 7 9 10 11 12 14 15 16 17 18 19 20 21 22 23 24 25 27 28 29 32 33 137 138 142 144 146 
35 36 37 38 39 40 41 42 46 47 48 49 50 99 103 104 105 106 107 108 109 110 111 118 119 120 122 124 128 129 130 131 
26 30 31 34 43 45 51 52 53 54 56 57 58 60 61 62 63 64 65 66 67 69 70 71 72 73 74 83 84 85 86 
77 78 79 80 81 82 89 90 91 157 158 160 161 162 163 164 165 166 169 172 174 206 207 208 209 210 211 212 
87 88 92 93 94 95 96 97 98 101 102 113 114 115 116 117 121 123 125 126 132 134 135 156 159 167 168 170 171 
269 270 271 272 273 274 275 276 277 278 279 280 281 282 283 284 285 287 288 289 290 291 292 293 294 295 
244 245 246 247 248 249 250 251 252 378 380 384 385 386 387 388 389 390 391 392 393 394 395 396 397 398 399 400 
1 5 8 13 44 55 59 68 75 76 100 112 127 133 419 420 426 427 428 429 430 431 
234 236 240 241 242 243 333 335 363 365 366 367 369 370 371 372 373 374 375 376 377 379 381 382 383 401 
179 181 182 183 192 193 194 195 196 198 199 201 202 213 220 221 253 254 255 256 258 259 260 261 262 263 264 265 266 267 268 
313 319 323 328 329 330 331 332 334 336 337 338 339 340 341 342 343 344 345 346 347 348 350 353 354 355 361 362 364 
203 204 205 214 215 216 217 218 219 222 223 224 225 226 227 228 229 230 231 232 233 235 237 238 257 286 
[SAVELOGS] evolution saved to results/logs/aco_logs/evolution/gr431_15_2.txt
[SAVELOGS] best cost saved to results/logs/aco_logs/objectives/gr431_15_2.txt
[SAVELOGS] best solution saved to results/logs/aco_logs/solutions/gr431_15_2.txt
