[ITER 1] New best cost=16033121.09 (feasible=YES, time 7.94143s)
[ITER 2] New best cost=15982813.73 (feasible=YES, time 15.0432s)
[ITER 4] New best cost=15978446.93 (feasible=YES, time 27.6206s)
[ITER 6] New best cost=15962488.72 (feasible=YES, time 40.0516s)
[ITER 10] [TS] New best cost=15962159.25 (feasible=YES, time 68.3168s)
[ITER 10] bestGlobalCost=15962159.25 (feasible=YES) bestThisIter=15962159.25 feasibleAnts=10 noImprove=1 (elapsed 71.2426s)
[ITER 15] New best cost=15959490.11 (feasible=YES, time 102.279s)
[ITER 20] bestGlobalCost=15959490.11 (feasible=YES) bestThisIter=15981219.20 feasibleAnts=10 noImprove=5 (elapsed 139.871s)
[ITER 30] bestGlobalCost=15959490.11 (feasible=YES) bestThisIter=15967012.62 feasibleAnts=10 noImprove=15 (elapsed 206.549s)
[ITER 35] New best cost=15955025.81 (feasible=YES, time 240.145s)
[ITER 36] New best cost=15949692.56 (feasible=YES, time 246.645s)
[ITER 40] bestGlobalCost=15949692.56 (feasible=YES) bestThisIter=15949692.56 feasibleAnts=10 noImprove=4 (elapsed 275.949s)
[ITER 48] New best cost=15938298.59 (feasible=YES, time 332.069s)
[ITER 50] bestGlobalCost=15938298.59 (feasible=YES) bestThisIter=15999875.62 feasibleAnts=10 noImprove=2 (elapsed 348.302s)
[ITER 60] bestGlobalCost=15938298.59 (feasible=YES) bestThisIter=15982605.31 feasibleAnts=10 noImprove=12 (elapsed 418.343s)
[ITER 70] bestGlobalCost=15938298.59 (feasible=YES) bestThisIter=15984543.66 feasibleAnts=10 noImprove=22 (elapsed 486.663s)
[RESET] no improvement for30-> reset pheromones
[ITER 80] bestGlobalCost=15938298.59 (feasible=YES) bestThisIter=15970025.05 feasibleAnts=10 noImprove=2 (elapsed 555.974s)
[ITER 90] bestGlobalCost=15938298.59 (feasible=YES) bestThisIter=15961354.65 feasibleAnts=10 noImprove=12 (elapsed 625.239s)
[ITER 100] bestGlobalCost=15938298.59 (feasible=YES) bestThisIter=16000992.22 feasibleAnts=10 noImprove=22 (elapsed 692.699s)
[RESET] no improvement for30-> reset pheromones
[ITER 110] bestGlobalCost=15938298.59 (feasible=YES) bestThisIter=16008218.08 feasibleAnts=10 noImprove=2 (elapsed 765.92s)
[ITER 120] bestGlobalCost=15938298.59 (feasible=YES) bestThisIter=15938298.59 feasibleAnts=10 noImprove=12 (elapsed 835.123s)
[ITER 130] bestGlobalCost=15938298.59 (feasible=YES) bestThisIter=15938298.59 feasibleAnts=10 noImprove=22 (elapsed 905.771s)
[RESET] no improvement for30-> reset pheromones
[ITER 140] bestGlobalCost=15938298.59 (feasible=YES) bestThisIter=15967116.32 feasibleAnts=10 noImprove=2 (elapsed 973.332s)
[ITER 150] bestGlobalCost=15938298.59 (feasible=YES) bestThisIter=15951191.24 feasibleAnts=10 noImprove=12 (elapsed 1045.74s)
[ITER 160] bestGlobalCost=15938298.59 (feasible=YES) bestThisIter=15938298.59 feasibleAnts=10 noImprove=22 (elapsed 1111.52s)
[RESET] no improvement for30-> reset pheromones
[ITER 170] bestGlobalCost=15938298.59 (feasible=YES) bestThisIter=15976400.34 feasibleAnts=10 noImprove=2 (elapsed 1183.52s)
[ITER 180] bestGlobalCost=15938298.59 (feasible=YES) bestThisIter=15938298.59 feasibleAnts=10 noImprove=12 (elapsed 1250.13s)
[ITER 190] bestGlobalCost=15938298.59 (feasible=YES) bestThisIter=15955750.45 feasibleAnts=10 noImprove=22 (elapsed 1319.84s)
[RESET] no improvement for30-> reset pheromones
[ITER 200] bestGlobalCost=15938298.59 (feasible=YES) bestThisIter=15993954.19 feasibleAnts=10 noImprove=2 (elapsed 1391.01s)
[ITER 210] bestGlobalCost=15938298.59 (feasible=YES) bestThisIter=15949692.56 feasibleAnts=10 noImprove=12 (elapsed 1454.41s)
1 2 3 4 5 6 7 8 9 10 12 34 35 36 37 38 39 40 41 42 43 46 66 67 68 69 70 71 72 73 74 76 77 102 103 104 106 114 115 116 117 126 127 136 137 138 139 149 150 151 152 161 162 163 172 173 174 175 185 186 187 188 200 211 212 221 227 228 235 241 243 244 245 266 269 270 273 386 387 389 392 396 399 400 401 403 405 406 407 441 442 
219 220 225 226 233 236 237 256 257 258 259 260 261 262 263 264 265 268 272 275 297 298 299 300 301 302 303 304 305 306 307 323 324 325 326 327 328 329 330 331 332 333 334 335 336 337 338 344 345 357 359 360 361 362 363 364 365 366 367 368 369 370 371 372 373 374 375 408 409 410 411 412 413 414 416 419 420 422 423 427 429 430 431 432 437 438 
11 13 14 15 16 17 18 19 20 21 22 44 45 47 48 49 50 51 52 53 75 78 79 80 81 82 83 84 85 86 99 100 105 107 108 109 118 119 121 128 129 130 131 140 141 142 143 144 153 154 155 156 164 165 166 167 168 176 177 178 179 180 189 190 191 192 193 194 195 201 202 203 204 214 215 216 217 231 232 251 252 381 388 390 393 394 395 397 398 402 439 
23 24 25 26 27 28 29 30 31 32 33 54 55 56 57 58 59 60 61 62 63 64 65 87 88 89 90 91 92 93 94 95 96 97 98 101 110 111 112 113 120 122 123 124 125 132 133 134 135 145 146 147 148 157 158 159 160 169 170 171 181 182 183 184 196 197 198 199 205 206 207 208 209 210 218 376 377 378 379 380 382 383 384 385 391 404 436 
213 222 223 224 229 230 234 238 239 240 242 246 247 248 249 250 253 254 255 267 271 274 276 277 278 279 280 281 282 283 284 285 286 287 288 289 290 291 292 293 294 295 296 308 309 310 311 312 313 314 315 316 317 318 319 320 321 322 339 340 341 342 343 346 347 348 349 350 351 352 353 354 355 356 358 415 417 418 421 424 425 426 428 433 434 435 440 
[SAVELOGS] evolution saved to results/logs/aco_logs/evolution/pcb442_05_5.txt
[SAVELOGS] best cost saved to results/logs/aco_logs/objectives/pcb442_05_5.txt
[SAVELOGS] best solution saved to results/logs/aco_logs/solutions/pcb442_05_5.txt
