[ITER 1] New best cost=6731.81 (feasible=YES, time 0.131328s)
[ITER 2] New best cost=6677.61 (feasible=YES, time 0.221004s)
[ITER 3] New best cost=6338.41 (feasible=YES, time 0.308449s)
[ITER 10] bestGlobalCost=6338.41 (feasible=YES) bestThisIter=6554.44 feasibleAnts=10 noImprove=7 (elapsed 1.13684s)
[ITER 15] New best cost=6232.52 (feasible=YES, time 3.55441s)
[ITER 19] New best cost=6138.29 (feasible=YES, time 4.90545s)
[ITER 20] bestGlobalCost=6138.29 (feasible=YES) bestThisIter=6138.29 feasibleAnts=10 noImprove=1 (elapsed 4.96032s)
[ITER 23] New best cost=6135.99 (feasible=YES, time 5.09611s)
[ITER 25] New best cost=6089.42 (feasible=YES, time 5.18352s)
[ITER 30] bestGlobalCost=6089.42 (feasible=YES) bestThisIter=6089.42 feasibleAnts=17 noImprove=5 (elapsed 8.2161s)
[ITER 40] bestGlobalCost=6089.42 (feasible=YES) bestThisIter=6089.42 feasibleAnts=10 noImprove=15 (elapsed 8.90375s)
[ITER 50] bestGlobalCost=6089.42 (feasible=YES) bestThisIter=6089.42 feasibleAnts=10 noImprove=25 (elapsed 12.787s)
[RESET] no improvement for30-> reset pheromones
[ITER 60] bestGlobalCost=6089.42 (feasible=YES) bestThisIter=6322.83 feasibleAnts=10 noImprove=5 (elapsed 16.5055s)
[ITER 70] bestGlobalCost=6089.42 (feasible=YES) bestThisIter=6089.42 feasibleAnts=10 noImprove=15 (elapsed 17.5569s)
[ITER 80] bestGlobalCost=6089.42 (feasible=YES) bestThisIter=6292.05 feasibleAnts=10 noImprove=25 (elapsed 21.3098s)
[RESET] no improvement for30-> reset pheromones
[ITER 90] bestGlobalCost=6089.42 (feasible=YES) bestThisIter=6278.55 feasibleAnts=10 noImprove=5 (elapsed 25.0537s)
[ITER 100] bestGlobalCost=6089.42 (feasible=YES) bestThisIter=6089.42 feasibleAnts=10 noImprove=15 (elapsed 26.201s)
[ITER 110] bestGlobalCost=6089.42 (feasible=YES) bestThisIter=6174.59 feasibleAnts=10 noImprove=25 (elapsed 29.8216s)
[RESET] no improvement for30-> reset pheromones
[ITER 120] bestGlobalCost=6089.42 (feasible=YES) bestThisIter=6474.19 feasibleAnts=10 noImprove=5 (elapsed 33.394s)
[ITER 130] bestGlobalCost=6089.42 (feasible=YES) bestThisIter=6089.42 feasibleAnts=9 noImprove=15 (elapsed 34.3659s)
[ITER 140] bestGlobalCost=6089.42 (feasible=YES) bestThisIter=6161.11 feasibleAnts=9 noImprove=25 (elapsed 38.4231s)
[RESET] no improvement for30-> reset pheromones
[ITER 150] bestGlobalCost=6089.42 (feasible=YES) bestThisIter=6380.22 feasibleAnts=10 noImprove=5 (elapsed 42.1238s)
[ITER 160] bestGlobalCost=6089.42 (feasible=YES) bestThisIter=6089.42 feasibleAnts=10 noImprove=15 (elapsed 43.0953s)
[ITER 170] bestGlobalCost=6089.42 (feasible=YES) bestThisIter=6243.26 feasibleAnts=10 noImprove=25 (elapsed 47.0991s)
[RESET] no improvement for30-> reset pheromones
[ITER 180] bestGlobalCost=6089.42 (feasible=YES) bestThisIter=6363.72 feasibleAnts=10 noImprove=5 (elapsed 50.7285s)
[ITER 190] bestGlobalCost=6089.42 (feasible=YES) bestThisIter=6244.13 feasibleAnts=10 noImprove=15 (elapsed 51.7415s)
[ITER 200] bestGlobalCost=6089.42 (feasible=YES) bestThisIter=6098.43 feasibleAnts=10 noImprove=25 (elapsed 55.8756s)
[RESET] no improvement for30-> reset pheromones
[ITER 210] bestGlobalCost=6089.42 (feasible=YES) bestThisIter=6388.39 feasibleAnts=10 noImprove=5 (elapsed 59.4079s)
2 12 26 27 28 53 58 76 101 
4 24 25 39 54 55 67 68 77 80 
14 15 16 38 43 44 61 86 87 91 
1 3 9 29 33 34 50 78 79 81 
7 10 11 19 31 36 49 62 63 64 90 
37 42 59 85 92 93 95 97 98 100 
8 17 45 46 47 48 82 83 84 88 
5 6 13 18 52 60 89 94 96 99 
20 30 32 35 51 65 66 69 70 71 
21 22 23 40 41 56 57 72 73 74 75 
[SAVELOGS] evolution saved to results/logs/eil101_10_5/evolution/eil101_10_5
[SAVELOGS] best cost saved to results/logs/eil101_10_5/objectives/eil101_10_5
[SAVELOGS] best solution saved to results/logs/eil101_10_5/solutions/eil101_10_5
