[ITER 1] [TS] New best cost=23268.01 (feasible=YES, time 0.687316s)
[ITER 2] [TS] New best cost=22988.69 (feasible=YES, time 4.10227s)
[ITER 2] [TS] New best cost=22770.95 (feasible=YES, time 5.45193s)
[ITER 4] [TS] New best cost=22395.37 (feasible=YES, time 11.3477s)
[ITER 4] [TS] New best cost=22327.21 (feasible=YES, time 12.662s)
[ITER 6] [TS] New best cost=22306.34 (feasible=YES, time 17.4858s)
[ITER 6] [TS] New best cost=22237.23 (feasible=YES, time 18.8378s)
[ITER 8] [TS] New best cost=21846.06 (feasible=YES, time 24.9431s)
[ITER 9] [TS] New best cost=21762.82 (feasible=YES, time 30.3688s)
[ITER 10] bestGlobalCost=21762.82 (feasible=YES) bestThisIter=24897.88 feasibleAnts=0 noImprove=2 (elapsed 33.7183s)
[ITER 14] [TS] New best cost=21744.24 (feasible=YES, time 44.4482s)
[ITER 15] [TS] New best cost=21624.82 (feasible=YES, time 48.5351s)
[ITER 20] bestGlobalCost=21624.82 (feasible=YES) bestThisIter=21624.82 feasibleAnts=3 noImprove=6 (elapsed 67.1759s)
[ITER 24] [TS] New best cost=21620.85 (feasible=YES, time 79.8394s)
[ITER 26] [TS] New best cost=21552.99 (feasible=YES, time 86.8236s)
[ITER 30] bestGlobalCost=21552.99 (feasible=YES) bestThisIter=22571.53 feasibleAnts=1 noImprove=5 (elapsed 101.05s)
[ITER 31] [TS] New best cost=21497.47 (feasible=YES, time 101.709s)
[ITER 37] [TS] New best cost=21491.73 (feasible=YES, time 121.747s)
[ITER 40] [TS] New best cost=21358.36 (feasible=YES, time 131.649s)
[ITER 40] bestGlobalCost=21358.36 (feasible=YES) bestThisIter=22103.29 feasibleAnts=0 noImprove=1 (elapsed 134.285s)
[ITER 50] bestGlobalCost=21358.36 (feasible=YES) bestThisIter=21358.36 feasibleAnts=2 noImprove=11 (elapsed 167.448s)
[ITER 60] bestGlobalCost=21358.36 (feasible=YES) bestThisIter=22385.94 feasibleAnts=2 noImprove=21 (elapsed 200.996s)
[ITER 66] [TS] New best cost=21325.90 (feasible=YES, time 220.577s)
[ITER 70] bestGlobalCost=21325.90 (feasible=YES) bestThisIter=22856.03 feasibleAnts=0 noImprove=5 (elapsed 237.775s)
[ITER 80] bestGlobalCost=21325.90 (feasible=YES) bestThisIter=22583.53 feasibleAnts=1 noImprove=15 (elapsed 275.088s)
53 54 55 58 59 60 61 62 63 64 66 81 
129 130 131 132 133 134 136 137 138 139 160 163 
164 165 172 173 174 175 178 179 180 181 182 185 
159 176 198 199 200 201 202 203 216 219 221 223 
112 113 114 115 116 118 119 120 121 122 123 142 
205 206 207 208 209 210 211 213 214 215 220 222 
22 23 24 25 57 80 82 83 84 85 86 87 89 
41 42 43 44 45 47 49 50 183 184 189 197 
27 28 29 30 31 32 33 34 38 
67 68 69 70 71 72 74 75 77 79 88 
104 105 108 109 110 111 117 124 125 126 127 
1 3 4 5 7 8 9 11 12 19 51 
39 40 128 135 166 167 168 169 170 171 177 
140 141 143 144 145 146 147 148 152 153 
2 10 13 14 15 16 17 18 20 21 26 56 
35 73 76 78 90 91 92 93 94 100 102 103 
46 48 186 187 188 190 191 192 193 194 195 196 
149 150 151 154 155 156 157 158 161 162 204 212 
6 52 65 217 218 224 225 226 227 228 229 
36 37 95 96 97 98 99 101 106 107 
[SAVELOGS] evolution saved to results/logs/aco_logs/evolution/gr229_20_3.txt
[SAVELOGS] best cost saved to results/logs/aco_logs/objectives/gr229_20_3.txt
[SAVELOGS] best solution saved to results/logs/aco_logs/solutions/gr229_20_3.txt
